JAVA_HOME=/usr/lib/jvm/java-8-openjdk-amd64
COMMAND=mvn -B clean install -DskipTests -U -pl hutool-core -am -Ddependency-check.skip=true -Dgpg.skip=true -DfailIfNoTests=false -Dskip.installnodenpm=true -Dskip.npm=true -Dskip.yarn=true -Dlicense.skip=true -Dcheckstyle.skip=true -Drat.skip=true -Denforcer.skip=true -Danimal.sniffer.skip=true -Dmaven.javadoc.skip=true -Dfindbugs.skip=true -Dspotbugs.skip=true -Dwarbucks.skip=true -Dmodernizer.skip=true -Dimpsort.skip=true -Dmdep.analyze.skip=true -Dpgpverify.skip=true -Dxml.skip=true -Dcobertura.skip=true

[INFO] Scanning for projects...
[INFO] ------------------------------------------------------------------------
[INFO] Reactor Build Order:
[INFO] 
[INFO] hutool                                                             [pom]
[INFO] hutool-core                                                        [jar]
[INFO] 
[INFO] ----------------------< cn.hutool:hutool-parent >-----------------------
[INFO] Building hutool 5.8.9                                              [1/2]
[INFO] --------------------------------[ pom ]---------------------------------
[INFO] Downloading from central: https://repo.maven.apache.org/maven2/org/apache/maven/plugins/maven-javadoc-plugin/3.4.0/maven-javadoc-plugin-3.4.0.pom
[INFO] Downloaded from central: https://repo.maven.apache.org/maven2/org/apache/maven/plugins/maven-javadoc-plugin/3.4.0/maven-javadoc-plugin-3.4.0.pom (22 kB at 86 kB/s)
[INFO] Downloading from central: https://repo.maven.apache.org/maven2/org/apache/maven/plugins/maven-javadoc-plugin/3.4.0/maven-javadoc-plugin-3.4.0.jar
[INFO] Downloaded from central: https://repo.maven.apache.org/maven2/org/apache/maven/plugins/maven-javadoc-plugin/3.4.0/maven-javadoc-plugin-3.4.0.jar (521 kB at 8.8 MB/s)
[INFO] Downloading from central: https://repo.maven.apache.org/maven2/org/projectlombok/lombok/1.18.24/lombok-1.18.24.pom
[INFO] Downloaded from central: https://repo.maven.apache.org/maven2/org/projectlombok/lombok/1.18.24/lombok-1.18.24.pom (1.5 kB at 45 kB/s)
[INFO] 
[INFO] --- maven-clean-plugin:2.5:clean (default-clean) @ hutool-parent ---
[INFO] 
[INFO] --- maven-javadoc-plugin:3.4.0:jar (default) @ hutool-parent ---
[INFO] Skipping javadoc generation
[INFO] 
[INFO] --- maven-install-plugin:2.4:install (default-install) @ hutool-parent ---
[INFO] Installing /home/srafi/after-cam-ready/compare_/compile_repair_output/work/6f7d727dd2d7/pom.xml to /home/srafi/.m2/repository/cn/hutool/hutool-parent/5.8.9/hutool-parent-5.8.9.pom
[INFO] 
[INFO] -----------------------< cn.hutool:hutool-core >------------------------
[INFO] Building hutool-core 5.8.9                                         [2/2]
[INFO] --------------------------------[ jar ]---------------------------------
[INFO] Downloading from central: https://repo.maven.apache.org/maven2/org/projectlombok/lombok/1.18.24/lombok-1.18.24.jar
[INFO] Downloaded from central: https://repo.maven.apache.org/maven2/org/projectlombok/lombok/1.18.24/lombok-1.18.24.jar (2.0 MB at 26 MB/s)
[INFO] 
[INFO] --- maven-clean-plugin:2.5:clean (default-clean) @ hutool-core ---
[INFO] 
[INFO] --- maven-resources-plugin:2.6:resources (default-resources) @ hutool-core ---
[INFO] Using 'utf-8' encoding to copy filtered resources.
[INFO] skip non existing resourceDirectory /home/srafi/after-cam-ready/compare_/compile_repair_output/work/6f7d727dd2d7/hutool-core/src/main/resources
[INFO] 
[INFO] --- maven-compiler-plugin:3.8.1:compile (default-compile) @ hutool-core ---
[INFO] Changes detected - recompiling the module!
[INFO] Compiling 679 source files to /home/srafi/after-cam-ready/compare_/compile_repair_output/work/6f7d727dd2d7/hutool-core/target/classes
[WARNING] /home/srafi/after-cam-ready/compare_/compile_repair_output/work/6f7d727dd2d7/hutool-core/src/main/java/cn/hutool/core/annotation/AnnotationProxy.java:[35,65] unchecked cast
  required: java.lang.Class<T>
  found:    java.lang.Class<capture#1 of ? extends java.lang.annotation.Annotation>
[WARNING] /home/srafi/after-cam-ready/compare_/compile_repair_output/work/6f7d727dd2d7/hutool-core/src/main/java/cn/hutool/core/map/ReferenceConcurrentMap.java:[83,47] unchecked cast
  required: K
  found:    java.lang.Object
[WARNING] /home/srafi/after-cam-ready/compare_/compile_repair_output/work/6f7d727dd2d7/hutool-core/src/main/java/cn/hutool/core/map/ReferenceConcurrentMap.java:[90,55] unchecked cast
  required: K
  found:    java.lang.Object
[WARNING] /home/srafi/after-cam-ready/compare_/compile_repair_output/work/6f7d727dd2d7/hutool-core/src/main/java/cn/hutool/core/map/ReferenceConcurrentMap.java:[161,50] unchecked cast
  required: K
  found:    java.lang.Object
[WARNING] /home/srafi/after-cam-ready/compare_/compile_repair_output/work/6f7d727dd2d7/hutool-core/src/main/java/cn/hutool/core/map/ReferenceConcurrentMap.java:[168,50] unchecked cast
  required: K
  found:    java.lang.Object
[WARNING] /home/srafi/after-cam-ready/compare_/compile_repair_output/work/6f7d727dd2d7/hutool-core/src/main/java/cn/hutool/core/map/FuncMap.java:[62,28] unchecked cast
  required: K
  found:    java.lang.Object
[WARNING] /home/srafi/after-cam-ready/compare_/compile_repair_output/work/6f7d727dd2d7/hutool-core/src/main/java/cn/hutool/core/map/FuncMap.java:[71,28] unchecked cast
  required: V
  found:    java.lang.Object
[WARNING] /home/srafi/after-cam-ready/compare_/compile_repair_output/work/6f7d727dd2d7/hutool-core/src/main/java/cn/hutool/core/map/multi/AbsTable.java:[75,50] unchecked cast
  required: V
  found:    java.lang.Object
[WARNING] /home/srafi/after-cam-ready/compare_/compile_repair_output/work/6f7d727dd2d7/hutool-core/src/main/java/cn/hutool/core/bean/copier/BeanCopier.java:[72,54] unchecked cast
  required: cn.hutool.core.lang.copier.Copier<T>
  found:    cn.hutool.core.bean.copier.MapToMapCopier
[WARNING] /home/srafi/after-cam-ready/compare_/compile_repair_output/work/6f7d727dd2d7/hutool-core/src/main/java/cn/hutool/core/bean/copier/BeanCopier.java:[78,90] unchecked cast
  required: cn.hutool.core.bean.copier.ValueProvider<java.lang.String>
  found:    java.lang.Object
[WARNING] /home/srafi/after-cam-ready/compare_/compile_repair_output/work/6f7d727dd2d7/hutool-core/src/main/java/cn/hutool/core/bean/copier/BeanCopier.java:[82,54] unchecked cast
  required: cn.hutool.core.lang.copier.Copier<T>
  found:    cn.hutool.core.bean.copier.BeanToMapCopier
[WARNING] /home/srafi/after-cam-ready/compare_/compile_repair_output/work/6f7d727dd2d7/hutool-core/src/main/java/cn/hutool/core/map/CustomKeyMap.java:[30,27] unchecked cast
  required: V
  found:    java.lang.Object
[WARNING] /home/srafi/after-cam-ready/compare_/compile_repair_output/work/6f7d727dd2d7/hutool-core/src/main/java/cn/hutool/core/map/FuncKeyMap.java:[46,27] unchecked cast
  required: K
  found:    java.lang.Object
[WARNING] /home/srafi/after-cam-ready/compare_/compile_repair_output/work/6f7d727dd2d7/hutool-core/src/main/java/cn/hutool/core/map/CaseInsensitiveMap.java:[83,36] unchecked cast
  required: K
  found:    java.lang.Object
[WARNING] /home/srafi/after-cam-ready/compare_/compile_repair_output/work/6f7d727dd2d7/hutool-core/src/main/java/cn/hutool/core/annotation/AnnotationUtil.java:[138,52] unchecked cast
  required: T
  found:    java.lang.annotation.Annotation
[WARNING] /home/srafi/after-cam-ready/compare_/compile_repair_output/work/6f7d727dd2d7/hutool-core/src/main/java/cn/hutool/core/collection/UniqueKeySet.java:[121,71] unchecked cast
  required: V
  found:    java.lang.Object
[WARNING] /home/srafi/after-cam-ready/compare_/compile_repair_output/work/6f7d727dd2d7/hutool-core/src/main/java/cn/hutool/core/collection/UniqueKeySet.java:[157,74] unchecked cast
  required: V
  found:    java.lang.Object
[WARNING] /home/srafi/after-cam-ready/compare_/compile_repair_output/work/6f7d727dd2d7/hutool-core/src/main/java/cn/hutool/core/map/CamelCaseMap.java:[83,36] unchecked cast
  required: K
  found:    java.lang.Object
[WARNING] /home/srafi/after-cam-ready/compare_/compile_repair_output/work/6f7d727dd2d7/hutool-core/src/main/java/cn/hutool/core/io/IoUtil.java:[620,49] unchecked cast
  required: T
  found:    java.lang.Object
[WARNING] /home/srafi/after-cam-ready/compare_/compile_repair_output/work/6f7d727dd2d7/hutool-core/src/main/java/cn/hutool/core/bean/copier/BeanToMapCopier.java:[77,43] unchecked call to put(K,V) as a member of the raw type java.util.Map
[INFO] 
[INFO] --- maven-resources-plugin:2.6:testResources (default-testResources) @ hutool-core ---
[INFO] Using 'utf-8' encoding to copy filtered resources.
[INFO] Copying 17 resources
[INFO] 
[INFO] --- maven-compiler-plugin:3.8.1:testCompile (default-testCompile) @ hutool-core ---
[INFO] Changes detected - recompiling the module!
[INFO] Compiling 239 source files to /home/srafi/after-cam-ready/compare_/compile_repair_output/work/6f7d727dd2d7/hutool-core/target/test-classes
[INFO] /home/srafi/after-cam-ready/compare_/compile_repair_output/work/6f7d727dd2d7/hutool-core/src/test/java/cn/hutool/core/date/DateUtilTest.java: /home/srafi/after-cam-ready/compare_/compile_repair_output/work/6f7d727dd2d7/hutool-core/src/test/java/cn/hutool/core/date/DateUtilTest.java uses or overrides a deprecated API.
[INFO] /home/srafi/after-cam-ready/compare_/compile_repair_output/work/6f7d727dd2d7/hutool-core/src/test/java/cn/hutool/core/date/DateUtilTest.java: Recompile with -Xlint:deprecation for details.
[INFO] 
[INFO] --- maven-surefire-plugin:3.0.0-M8-SNAPSHOT:test (default-test) @ hutool-core ---
[INFO] Downloading from apache.snapshots: https://repository.apache.org/snapshots/org/apache/maven/surefire/maven-surefire-common/3.0.0-M8-SNAPSHOT/maven-metadata.xml
[INFO] Downloading from apache.snapshots: https://repository.apache.org/snapshots/org/apache/maven/surefire/surefire-api/3.0.0-M8-SNAPSHOT/maven-metadata.xml
[INFO] Downloading from apache.snapshots: https://repository.apache.org/snapshots/org/apache/maven/surefire/surefire-logger-api/3.0.0-M8-SNAPSHOT/maven-metadata.xml
[INFO] Downloading from apache.snapshots: https://repository.apache.org/snapshots/org/apache/maven/surefire/surefire-shared-utils/3.0.0-M8-SNAPSHOT/maven-metadata.xml
[INFO] Downloading from apache.snapshots: https://repository.apache.org/snapshots/org/apache/maven/surefire/surefire-extensions-api/3.0.0-M8-SNAPSHOT/maven-metadata.xml
[INFO] Downloading from apache.snapshots: https://repository.apache.org/snapshots/org/apache/maven/surefire/surefire-booter/3.0.0-M8-SNAPSHOT/maven-metadata.xml
[INFO] Downloading from apache.snapshots: https://repository.apache.org/snapshots/org/apache/maven/surefire/surefire-extensions-spi/3.0.0-M8-SNAPSHOT/maven-metadata.xml
[INFO] Tests are skipped.
[INFO] 
[INFO] --- maven-jar-plugin:2.4:jar (default-jar) @ hutool-core ---
[INFO] Building jar: /home/srafi/after-cam-ready/compare_/compile_repair_output/work/6f7d727dd2d7/hutool-core/target/hutool-core-5.8.9.jar
[INFO] 
[INFO] --- maven-javadoc-plugin:3.4.0:jar (default) @ hutool-core ---
[INFO] Skipping javadoc generation
[INFO] 
[INFO] --- maven-install-plugin:2.4:install (default-install) @ hutool-core ---
[INFO] Installing /home/srafi/after-cam-ready/compare_/compile_repair_output/work/6f7d727dd2d7/hutool-core/target/hutool-core-5.8.9.jar to /home/srafi/.m2/repository/cn/hutool/hutool-core/5.8.9/hutool-core-5.8.9.jar
[INFO] Installing /home/srafi/after-cam-ready/compare_/compile_repair_output/work/6f7d727dd2d7/hutool-core/pom.xml to /home/srafi/.m2/repository/cn/hutool/hutool-core/5.8.9/hutool-core-5.8.9.pom
[INFO] ------------------------------------------------------------------------
[INFO] Reactor Summary for hutool 5.8.9:
[INFO] 
[INFO] hutool ............................................. SUCCESS [  1.060 s]
[INFO] hutool-core ........................................ SUCCESS [  8.388 s]
[INFO] ------------------------------------------------------------------------
[INFO] BUILD SUCCESS
[INFO] ------------------------------------------------------------------------
[INFO] Total time:  9.546 s
[INFO] Finished at: 2026-08-15T16:15:20-04:00
[INFO] ------------------------------------------------------------------------
