JAVA_HOME=/usr/lib/jvm/java-8-openjdk-amd64
COMMAND=mvn -B clean install -DskipTests -U -pl registry -am -Ddependency-check.skip=true -Dgpg.skip=true -DfailIfNoTests=false -Dskip.installnodenpm=true -Dskip.npm=true -Dskip.yarn=true -Dlicense.skip=true -Dcheckstyle.skip=true -Drat.skip=true -Denforcer.skip=true -Danimal.sniffer.skip=true -Dmaven.javadoc.skip=true -Dfindbugs.skip=true -Dspotbugs.skip=true -Dwarbucks.skip=true -Dmodernizer.skip=true -Dimpsort.skip=true -Dmdep.analyze.skip=true -Dpgpverify.skip=true -Dxml.skip=true -Dcobertura.skip=true

[INFO] Scanning for projects...
Warning: KebabPizza disabling incompatible org.jacoco:jacoco-maven-plugin from light-4j
Warning: KebabPizza disabling incompatible org.jacoco:jacoco-maven-plugin from decryptor
Warning: KebabPizza disabling incompatible org.jacoco:jacoco-maven-plugin from config
Warning: KebabPizza disabling incompatible org.jacoco:jacoco-maven-plugin from utility
Warning: KebabPizza disabling incompatible org.jacoco:jacoco-maven-plugin from service
Warning: KebabPizza disabling incompatible org.jacoco:jacoco-maven-plugin from status
Warning: KebabPizza disabling incompatible org.jacoco:jacoco-maven-plugin from switcher
Warning: KebabPizza disabling incompatible org.jacoco:jacoco-maven-plugin from registry
[INFO] Inspecting build with total of 8 modules...
[INFO] Installing Nexus Staging features:
[INFO]   ... total of 8 executions of maven-deploy-plugin replaced with nexus-staging-maven-plugin
[INFO] ------------------------------------------------------------------------
[INFO] Reactor Build Order:
[INFO] 
[INFO] Parent POM                                                         [pom]
[INFO] decryptor                                                          [jar]
[INFO] config                                                             [jar]
[INFO] utility                                                            [jar]
[INFO] service                                                            [jar]
[INFO] status                                                             [jar]
[INFO] switcher                                                           [jar]
[INFO] registry                                                           [jar]
[INFO] 
[INFO] -----------------------< com.networknt:light-4j >-----------------------
[INFO] Building Parent POM 1.6.37-SNAPSHOT                                [1/8]
[INFO] --------------------------------[ pom ]---------------------------------
[INFO] 
[INFO] --- maven-clean-plugin:2.5:clean (default-clean) @ light-4j ---
[INFO] 
[INFO] --- build-helper-maven-plugin:3.0.0:add-test-source (add-test-source) @ light-4j ---
[INFO] Test Source directory: /home/srafi/after-cam-ready/compare_/compile_repair_output/work/0d742b99cd58/src/integration/java added.
[INFO] 
[INFO] --- build-helper-maven-plugin:3.0.0:add-test-resource (add-test-resource) @ light-4j ---
[INFO] 
[INFO] >>> maven-source-plugin:3.0.1:jar (attach-sources) > generate-sources @ light-4j >>>
[INFO] 
[INFO] <<< maven-source-plugin:3.0.1:jar (attach-sources) < generate-sources @ light-4j <<<
[INFO] 
[INFO] 
[INFO] --- maven-source-plugin:3.0.1:jar (attach-sources) @ light-4j ---
[INFO] 
[INFO] --- maven-javadoc-plugin:3.1.0:jar (attach-javadocs) @ light-4j ---
[INFO] Skipping javadoc generation
[INFO] 
[INFO] --- maven-install-plugin:2.4:install (default-install) @ light-4j ---
[INFO] Installing /home/srafi/after-cam-ready/compare_/compile_repair_output/work/0d742b99cd58/pom.xml to /home/srafi/.m2/repository/com/networknt/light-4j/1.6.37-SNAPSHOT/light-4j-1.6.37-SNAPSHOT.pom
[INFO] 
[INFO] ----------------------< com.networknt:decryptor >-----------------------
[INFO] Building decryptor 1.6.37-SNAPSHOT                                 [2/8]
[INFO] --------------------------------[ jar ]---------------------------------
[INFO] 
[INFO] --- maven-clean-plugin:2.5:clean (default-clean) @ decryptor ---
[INFO] 
[INFO] --- maven-resources-plugin:2.6:resources (default-resources) @ decryptor ---
[INFO] Using 'UTF-8' encoding to copy filtered resources.
[INFO] skip non existing resourceDirectory /home/srafi/after-cam-ready/compare_/compile_repair_output/work/0d742b99cd58/decryptor/src/main/resources
[INFO] 
[INFO] --- maven-compiler-plugin:3.8.0:compile (default-compile) @ decryptor ---
[INFO] Changes detected - recompiling the module!
[INFO] Compiling 4 source files to /home/srafi/after-cam-ready/compare_/compile_repair_output/work/0d742b99cd58/decryptor/target/classes
[INFO] 
[INFO] --- build-helper-maven-plugin:3.0.0:add-test-source (add-test-source) @ decryptor ---
[INFO] Test Source directory: /home/srafi/after-cam-ready/compare_/compile_repair_output/work/0d742b99cd58/decryptor/src/integration/java added.
[INFO] 
[INFO] --- build-helper-maven-plugin:3.0.0:add-test-resource (add-test-resource) @ decryptor ---
[INFO] 
[INFO] --- maven-resources-plugin:2.6:testResources (default-testResources) @ decryptor ---
[INFO] Using 'UTF-8' encoding to copy filtered resources.
[INFO] skip non existing resourceDirectory /home/srafi/after-cam-ready/compare_/compile_repair_output/work/0d742b99cd58/decryptor/src/test/resources
[INFO] skip non existing resourceDirectory /home/srafi/after-cam-ready/compare_/compile_repair_output/work/0d742b99cd58/decryptor\src\integration\resources
[INFO] 
[INFO] --- maven-compiler-plugin:3.8.0:testCompile (default-testCompile) @ decryptor ---
[INFO] Changes detected - recompiling the module!
[INFO] Compiling 1 source file to /home/srafi/after-cam-ready/compare_/compile_repair_output/work/0d742b99cd58/decryptor/target/test-classes
[INFO] 
[INFO] --- maven-surefire-plugin:3.0.0-M8-SNAPSHOT:test (default-test) @ decryptor ---
[INFO] Downloading from apache.snapshots: https://repository.apache.org/snapshots/org/apache/maven/surefire/maven-surefire-common/3.0.0-M8-SNAPSHOT/maven-metadata.xml
[INFO] Downloading from apache.snapshots: https://repository.apache.org/snapshots/org/apache/maven/surefire/surefire-api/3.0.0-M8-SNAPSHOT/maven-metadata.xml
[INFO] Downloading from apache.snapshots: https://repository.apache.org/snapshots/org/apache/maven/surefire/surefire-logger-api/3.0.0-M8-SNAPSHOT/maven-metadata.xml
[INFO] Downloading from apache.snapshots: https://repository.apache.org/snapshots/org/apache/maven/surefire/surefire-shared-utils/3.0.0-M8-SNAPSHOT/maven-metadata.xml
[INFO] Downloading from apache.snapshots: https://repository.apache.org/snapshots/org/apache/maven/surefire/surefire-extensions-api/3.0.0-M8-SNAPSHOT/maven-metadata.xml
[INFO] Downloading from apache.snapshots: https://repository.apache.org/snapshots/org/apache/maven/surefire/surefire-booter/3.0.0-M8-SNAPSHOT/maven-metadata.xml
[INFO] Downloading from apache.snapshots: https://repository.apache.org/snapshots/org/apache/maven/surefire/surefire-extensions-spi/3.0.0-M8-SNAPSHOT/maven-metadata.xml
[INFO] Tests are skipped.
[INFO] 
[INFO] --- maven-jar-plugin:2.4:jar (default-jar) @ decryptor ---
[INFO] Building jar: /home/srafi/after-cam-ready/compare_/compile_repair_output/work/0d742b99cd58/decryptor/target/decryptor-1.6.37-SNAPSHOT.jar
[INFO] 
[INFO] >>> maven-source-plugin:3.0.1:jar (attach-sources) > generate-sources @ decryptor >>>
[INFO] 
[INFO] <<< maven-source-plugin:3.0.1:jar (attach-sources) < generate-sources @ decryptor <<<
[INFO] 
[INFO] 
[INFO] --- maven-source-plugin:3.0.1:jar (attach-sources) @ decryptor ---
[INFO] Building jar: /home/srafi/after-cam-ready/compare_/compile_repair_output/work/0d742b99cd58/decryptor/target/decryptor-1.6.37-SNAPSHOT-sources.jar
[INFO] 
[INFO] --- maven-javadoc-plugin:3.1.0:jar (attach-javadocs) @ decryptor ---
[INFO] Skipping javadoc generation
[INFO] 
[INFO] --- maven-install-plugin:2.4:install (default-install) @ decryptor ---
[INFO] Installing /home/srafi/after-cam-ready/compare_/compile_repair_output/work/0d742b99cd58/decryptor/target/decryptor-1.6.37-SNAPSHOT.jar to /home/srafi/.m2/repository/com/networknt/decryptor/1.6.37-SNAPSHOT/decryptor-1.6.37-SNAPSHOT.jar
[INFO] Installing /home/srafi/after-cam-ready/compare_/compile_repair_output/work/0d742b99cd58/decryptor/pom.xml to /home/srafi/.m2/repository/com/networknt/decryptor/1.6.37-SNAPSHOT/decryptor-1.6.37-SNAPSHOT.pom
[INFO] Installing /home/srafi/after-cam-ready/compare_/compile_repair_output/work/0d742b99cd58/decryptor/target/decryptor-1.6.37-SNAPSHOT-sources.jar to /home/srafi/.m2/repository/com/networknt/decryptor/1.6.37-SNAPSHOT/decryptor-1.6.37-SNAPSHOT-sources.jar
[INFO] 
[INFO] ------------------------< com.networknt:config >------------------------
[INFO] Building config 1.6.37-SNAPSHOT                                    [3/8]
[INFO] --------------------------------[ jar ]---------------------------------
[INFO] 
[INFO] --- maven-clean-plugin:2.5:clean (default-clean) @ config ---
[INFO] 
[INFO] --- maven-resources-plugin:2.6:resources (default-resources) @ config ---
[INFO] Using 'UTF-8' encoding to copy filtered resources.
[INFO] Copying 1 resource
[INFO] 
[INFO] --- maven-compiler-plugin:3.8.0:compile (default-compile) @ config ---
[INFO] Changes detected - recompiling the module!
[INFO] Compiling 9 source files to /home/srafi/after-cam-ready/compare_/compile_repair_output/work/0d742b99cd58/config/target/classes
[INFO] 
[INFO] --- build-helper-maven-plugin:3.0.0:add-test-source (add-test-source) @ config ---
[INFO] Test Source directory: /home/srafi/after-cam-ready/compare_/compile_repair_output/work/0d742b99cd58/config/src/integration/java added.
[INFO] 
[INFO] --- build-helper-maven-plugin:3.0.0:add-test-resource (add-test-resource) @ config ---
[INFO] 
[INFO] --- maven-resources-plugin:2.6:testResources (default-testResources) @ config ---
[INFO] Using 'UTF-8' encoding to copy filtered resources.
[INFO] Copying 16 resources
[INFO] skip non existing resourceDirectory /home/srafi/after-cam-ready/compare_/compile_repair_output/work/0d742b99cd58/config\src\integration\resources
[INFO] 
[INFO] --- maven-compiler-plugin:3.8.0:testCompile (default-testCompile) @ config ---
[INFO] Changes detected - recompiling the module!
[INFO] Compiling 21 source files to /home/srafi/after-cam-ready/compare_/compile_repair_output/work/0d742b99cd58/config/target/test-classes
[INFO] 
[INFO] --- maven-surefire-plugin:3.0.0-M8-SNAPSHOT:test (default-test) @ config ---
[INFO] Tests are skipped.
[INFO] 
[INFO] --- maven-jar-plugin:2.4:jar (default-jar) @ config ---
[INFO] Building jar: /home/srafi/after-cam-ready/compare_/compile_repair_output/work/0d742b99cd58/config/target/config-1.6.37-SNAPSHOT.jar
[INFO] 
[INFO] >>> maven-source-plugin:3.0.1:jar (attach-sources) > generate-sources @ config >>>
[INFO] 
[INFO] <<< maven-source-plugin:3.0.1:jar (attach-sources) < generate-sources @ config <<<
[INFO] 
[INFO] 
[INFO] --- maven-source-plugin:3.0.1:jar (attach-sources) @ config ---
[INFO] Building jar: /home/srafi/after-cam-ready/compare_/compile_repair_output/work/0d742b99cd58/config/target/config-1.6.37-SNAPSHOT-sources.jar
[INFO] 
[INFO] --- maven-javadoc-plugin:3.1.0:jar (attach-javadocs) @ config ---
[INFO] Skipping javadoc generation
[INFO] 
[INFO] --- maven-install-plugin:2.4:install (default-install) @ config ---
[INFO] Installing /home/srafi/after-cam-ready/compare_/compile_repair_output/work/0d742b99cd58/config/target/config-1.6.37-SNAPSHOT.jar to /home/srafi/.m2/repository/com/networknt/config/1.6.37-SNAPSHOT/config-1.6.37-SNAPSHOT.jar
[INFO] Installing /home/srafi/after-cam-ready/compare_/compile_repair_output/work/0d742b99cd58/config/pom.xml to /home/srafi/.m2/repository/com/networknt/config/1.6.37-SNAPSHOT/config-1.6.37-SNAPSHOT.pom
[INFO] Installing /home/srafi/after-cam-ready/compare_/compile_repair_output/work/0d742b99cd58/config/target/config-1.6.37-SNAPSHOT-sources.jar to /home/srafi/.m2/repository/com/networknt/config/1.6.37-SNAPSHOT/config-1.6.37-SNAPSHOT-sources.jar
[INFO] 
[INFO] -----------------------< com.networknt:utility >------------------------
[INFO] Building utility 1.6.37-SNAPSHOT                                   [4/8]
[INFO] --------------------------------[ jar ]---------------------------------
[INFO] 
[INFO] --- maven-clean-plugin:2.5:clean (default-clean) @ utility ---
[INFO] 
[INFO] --- maven-resources-plugin:2.6:resources (default-resources) @ utility ---
[INFO] Using 'UTF-8' encoding to copy filtered resources.
[INFO] skip non existing resourceDirectory /home/srafi/after-cam-ready/compare_/compile_repair_output/work/0d742b99cd58/utility/src/main/resources
[INFO] 
[INFO] --- maven-compiler-plugin:3.8.0:compile (default-compile) @ utility ---
[INFO] Changes detected - recompiling the module!
[INFO] Compiling 17 source files to /home/srafi/after-cam-ready/compare_/compile_repair_output/work/0d742b99cd58/utility/target/classes
[INFO] 
[INFO] --- build-helper-maven-plugin:3.0.0:add-test-source (add-test-source) @ utility ---
[INFO] Test Source directory: /home/srafi/after-cam-ready/compare_/compile_repair_output/work/0d742b99cd58/utility/src/integration/java added.
[INFO] 
[INFO] --- build-helper-maven-plugin:3.0.0:add-test-resource (add-test-resource) @ utility ---
[INFO] 
[INFO] --- maven-resources-plugin:2.6:testResources (default-testResources) @ utility ---
[INFO] Using 'UTF-8' encoding to copy filtered resources.
[INFO] Copying 5 resources
[INFO] skip non existing resourceDirectory /home/srafi/after-cam-ready/compare_/compile_repair_output/work/0d742b99cd58/utility\src\integration\resources
[INFO] 
[INFO] --- maven-compiler-plugin:3.8.0:testCompile (default-testCompile) @ utility ---
[INFO] Changes detected - recompiling the module!
[INFO] Compiling 8 source files to /home/srafi/after-cam-ready/compare_/compile_repair_output/work/0d742b99cd58/utility/target/test-classes
[INFO] 
[INFO] --- maven-surefire-plugin:3.0.0-M8-SNAPSHOT:test (default-test) @ utility ---
[INFO] Tests are skipped.
[INFO] 
[INFO] --- maven-jar-plugin:2.4:jar (default-jar) @ utility ---
[INFO] Building jar: /home/srafi/after-cam-ready/compare_/compile_repair_output/work/0d742b99cd58/utility/target/utility-1.6.37-SNAPSHOT.jar
[INFO] 
[INFO] >>> maven-source-plugin:3.0.1:jar (attach-sources) > generate-sources @ utility >>>
[INFO] 
[INFO] <<< maven-source-plugin:3.0.1:jar (attach-sources) < generate-sources @ utility <<<
[INFO] 
[INFO] 
[INFO] --- maven-source-plugin:3.0.1:jar (attach-sources) @ utility ---
[INFO] Building jar: /home/srafi/after-cam-ready/compare_/compile_repair_output/work/0d742b99cd58/utility/target/utility-1.6.37-SNAPSHOT-sources.jar
[INFO] 
[INFO] --- maven-javadoc-plugin:3.1.0:jar (attach-javadocs) @ utility ---
[INFO] Skipping javadoc generation
[INFO] 
[INFO] --- maven-install-plugin:2.4:install (default-install) @ utility ---
[INFO] Installing /home/srafi/after-cam-ready/compare_/compile_repair_output/work/0d742b99cd58/utility/target/utility-1.6.37-SNAPSHOT.jar to /home/srafi/.m2/repository/com/networknt/utility/1.6.37-SNAPSHOT/utility-1.6.37-SNAPSHOT.jar
[INFO] Installing /home/srafi/after-cam-ready/compare_/compile_repair_output/work/0d742b99cd58/utility/pom.xml to /home/srafi/.m2/repository/com/networknt/utility/1.6.37-SNAPSHOT/utility-1.6.37-SNAPSHOT.pom
[INFO] Installing /home/srafi/after-cam-ready/compare_/compile_repair_output/work/0d742b99cd58/utility/target/utility-1.6.37-SNAPSHOT-sources.jar to /home/srafi/.m2/repository/com/networknt/utility/1.6.37-SNAPSHOT/utility-1.6.37-SNAPSHOT-sources.jar
[INFO] 
[INFO] -----------------------< com.networknt:service >------------------------
[INFO] Building service 1.6.37-SNAPSHOT                                   [5/8]
[INFO] --------------------------------[ jar ]---------------------------------
[INFO] 
[INFO] --- maven-clean-plugin:2.5:clean (default-clean) @ service ---
[INFO] 
[INFO] --- maven-resources-plugin:2.6:resources (default-resources) @ service ---
[INFO] Using 'UTF-8' encoding to copy filtered resources.
[INFO] skip non existing resourceDirectory /home/srafi/after-cam-ready/compare_/compile_repair_output/work/0d742b99cd58/service/src/main/resources
[INFO] 
[INFO] --- maven-compiler-plugin:3.8.0:compile (default-compile) @ service ---
[INFO] Changes detected - recompiling the module!
[INFO] Compiling 3 source files to /home/srafi/after-cam-ready/compare_/compile_repair_output/work/0d742b99cd58/service/target/classes
[INFO] 
[INFO] --- build-helper-maven-plugin:3.0.0:add-test-source (add-test-source) @ service ---
[INFO] Test Source directory: /home/srafi/after-cam-ready/compare_/compile_repair_output/work/0d742b99cd58/service/src/integration/java added.
[INFO] 
[INFO] --- build-helper-maven-plugin:3.0.0:add-test-resource (add-test-resource) @ service ---
[INFO] 
[INFO] --- maven-resources-plugin:2.6:testResources (default-testResources) @ service ---
[INFO] Using 'UTF-8' encoding to copy filtered resources.
[INFO] Copying 2 resources
[INFO] skip non existing resourceDirectory /home/srafi/after-cam-ready/compare_/compile_repair_output/work/0d742b99cd58/service\src\integration\resources
[INFO] 
[INFO] --- maven-compiler-plugin:3.8.0:testCompile (default-testCompile) @ service ---
[INFO] Changes detected - recompiling the module!
[INFO] Compiling 49 source files to /home/srafi/after-cam-ready/compare_/compile_repair_output/work/0d742b99cd58/service/target/test-classes
[INFO] 
[INFO] --- maven-surefire-plugin:3.0.0-M8-SNAPSHOT:test (default-test) @ service ---
[INFO] Tests are skipped.
[INFO] 
[INFO] --- maven-jar-plugin:2.4:jar (default-jar) @ service ---
[INFO] Building jar: /home/srafi/after-cam-ready/compare_/compile_repair_output/work/0d742b99cd58/service/target/service-1.6.37-SNAPSHOT.jar
[INFO] 
[INFO] >>> maven-source-plugin:3.0.1:jar (attach-sources) > generate-sources @ service >>>
[INFO] 
[INFO] <<< maven-source-plugin:3.0.1:jar (attach-sources) < generate-sources @ service <<<
[INFO] 
[INFO] 
[INFO] --- maven-source-plugin:3.0.1:jar (attach-sources) @ service ---
[INFO] Building jar: /home/srafi/after-cam-ready/compare_/compile_repair_output/work/0d742b99cd58/service/target/service-1.6.37-SNAPSHOT-sources.jar
[INFO] 
[INFO] --- maven-javadoc-plugin:3.1.0:jar (attach-javadocs) @ service ---
[INFO] Skipping javadoc generation
[INFO] 
[INFO] --- maven-install-plugin:2.4:install (default-install) @ service ---
[INFO] Installing /home/srafi/after-cam-ready/compare_/compile_repair_output/work/0d742b99cd58/service/target/service-1.6.37-SNAPSHOT.jar to /home/srafi/.m2/repository/com/networknt/service/1.6.37-SNAPSHOT/service-1.6.37-SNAPSHOT.jar
[INFO] Installing /home/srafi/after-cam-ready/compare_/compile_repair_output/work/0d742b99cd58/service/pom.xml to /home/srafi/.m2/repository/com/networknt/service/1.6.37-SNAPSHOT/service-1.6.37-SNAPSHOT.pom
[INFO] Installing /home/srafi/after-cam-ready/compare_/compile_repair_output/work/0d742b99cd58/service/target/service-1.6.37-SNAPSHOT-sources.jar to /home/srafi/.m2/repository/com/networknt/service/1.6.37-SNAPSHOT/service-1.6.37-SNAPSHOT-sources.jar
[INFO] 
[INFO] ------------------------< com.networknt:status >------------------------
[INFO] Building status 1.6.37-SNAPSHOT                                    [6/8]
[INFO] --------------------------------[ jar ]---------------------------------
[INFO] 
[INFO] --- maven-clean-plugin:2.5:clean (default-clean) @ status ---
[INFO] 
[INFO] --- maven-resources-plugin:2.6:resources (default-resources) @ status ---
[INFO] Using 'UTF-8' encoding to copy filtered resources.
[INFO] Copying 1 resource
[INFO] 
[INFO] --- maven-compiler-plugin:3.8.0:compile (default-compile) @ status ---
[INFO] Changes detected - recompiling the module!
[INFO] Compiling 8 source files to /home/srafi/after-cam-ready/compare_/compile_repair_output/work/0d742b99cd58/status/target/classes
[INFO] 
[INFO] --- build-helper-maven-plugin:3.0.0:add-test-source (add-test-source) @ status ---
[INFO] Test Source directory: /home/srafi/after-cam-ready/compare_/compile_repair_output/work/0d742b99cd58/status/src/integration/java added.
[INFO] 
[INFO] --- build-helper-maven-plugin:3.0.0:add-test-resource (add-test-resource) @ status ---
[INFO] 
[INFO] --- maven-resources-plugin:2.6:testResources (default-testResources) @ status ---
[INFO] Using 'UTF-8' encoding to copy filtered resources.
[INFO] Copying 1 resource
[INFO] skip non existing resourceDirectory /home/srafi/after-cam-ready/compare_/compile_repair_output/work/0d742b99cd58/status\src\integration\resources
[INFO] 
[INFO] --- maven-compiler-plugin:3.8.0:testCompile (default-testCompile) @ status ---
[INFO] Changes detected - recompiling the module!
[INFO] Compiling 7 source files to /home/srafi/after-cam-ready/compare_/compile_repair_output/work/0d742b99cd58/status/target/test-classes
[INFO] 
[INFO] --- maven-surefire-plugin:3.0.0-M8-SNAPSHOT:test (default-test) @ status ---
[INFO] Tests are skipped.
[INFO] 
[INFO] --- maven-jar-plugin:2.4:jar (default-jar) @ status ---
[INFO] Building jar: /home/srafi/after-cam-ready/compare_/compile_repair_output/work/0d742b99cd58/status/target/status-1.6.37-SNAPSHOT.jar
[INFO] 
[INFO] >>> maven-source-plugin:3.0.1:jar (attach-sources) > generate-sources @ status >>>
[INFO] 
[INFO] <<< maven-source-plugin:3.0.1:jar (attach-sources) < generate-sources @ status <<<
[INFO] 
[INFO] 
[INFO] --- maven-source-plugin:3.0.1:jar (attach-sources) @ status ---
[INFO] Building jar: /home/srafi/after-cam-ready/compare_/compile_repair_output/work/0d742b99cd58/status/target/status-1.6.37-SNAPSHOT-sources.jar
[INFO] 
[INFO] --- maven-javadoc-plugin:3.1.0:jar (attach-javadocs) @ status ---
[INFO] Skipping javadoc generation
[INFO] 
[INFO] --- maven-install-plugin:2.4:install (default-install) @ status ---
[INFO] Installing /home/srafi/after-cam-ready/compare_/compile_repair_output/work/0d742b99cd58/status/target/status-1.6.37-SNAPSHOT.jar to /home/srafi/.m2/repository/com/networknt/status/1.6.37-SNAPSHOT/status-1.6.37-SNAPSHOT.jar
[INFO] Installing /home/srafi/after-cam-ready/compare_/compile_repair_output/work/0d742b99cd58/status/pom.xml to /home/srafi/.m2/repository/com/networknt/status/1.6.37-SNAPSHOT/status-1.6.37-SNAPSHOT.pom
[INFO] Installing /home/srafi/after-cam-ready/compare_/compile_repair_output/work/0d742b99cd58/status/target/status-1.6.37-SNAPSHOT-sources.jar to /home/srafi/.m2/repository/com/networknt/status/1.6.37-SNAPSHOT/status-1.6.37-SNAPSHOT-sources.jar
[INFO] 
[INFO] -----------------------< com.networknt:switcher >-----------------------
[INFO] Building switcher 1.6.37-SNAPSHOT                                  [7/8]
[INFO] --------------------------------[ jar ]---------------------------------
[INFO] 
[INFO] --- maven-clean-plugin:2.5:clean (default-clean) @ switcher ---
[INFO] 
[INFO] --- maven-resources-plugin:2.6:resources (default-resources) @ switcher ---
[INFO] Using 'UTF-8' encoding to copy filtered resources.
[INFO] skip non existing resourceDirectory /home/srafi/after-cam-ready/compare_/compile_repair_output/work/0d742b99cd58/switcher/src/main/resources
[INFO] 
[INFO] --- maven-compiler-plugin:3.8.0:compile (default-compile) @ switcher ---
[INFO] Changes detected - recompiling the module!
[INFO] Compiling 5 source files to /home/srafi/after-cam-ready/compare_/compile_repair_output/work/0d742b99cd58/switcher/target/classes
[INFO] 
[INFO] --- build-helper-maven-plugin:3.0.0:add-test-source (add-test-source) @ switcher ---
[INFO] Test Source directory: /home/srafi/after-cam-ready/compare_/compile_repair_output/work/0d742b99cd58/switcher/src/integration/java added.
[INFO] 
[INFO] --- build-helper-maven-plugin:3.0.0:add-test-resource (add-test-resource) @ switcher ---
[INFO] 
[INFO] --- maven-resources-plugin:2.6:testResources (default-testResources) @ switcher ---
[INFO] Using 'UTF-8' encoding to copy filtered resources.
[INFO] Copying 1 resource
[INFO] skip non existing resourceDirectory /home/srafi/after-cam-ready/compare_/compile_repair_output/work/0d742b99cd58/switcher\src\integration\resources
[INFO] 
[INFO] --- maven-compiler-plugin:3.8.0:testCompile (default-testCompile) @ switcher ---
[INFO] Changes detected - recompiling the module!
[INFO] Compiling 1 source file to /home/srafi/after-cam-ready/compare_/compile_repair_output/work/0d742b99cd58/switcher/target/test-classes
[INFO] 
[INFO] --- maven-surefire-plugin:3.0.0-M8-SNAPSHOT:test (default-test) @ switcher ---
[INFO] Tests are skipped.
[INFO] 
[INFO] --- maven-jar-plugin:2.4:jar (default-jar) @ switcher ---
[INFO] Building jar: /home/srafi/after-cam-ready/compare_/compile_repair_output/work/0d742b99cd58/switcher/target/switcher-1.6.37-SNAPSHOT.jar
[INFO] 
[INFO] >>> maven-source-plugin:3.0.1:jar (attach-sources) > generate-sources @ switcher >>>
[INFO] 
[INFO] <<< maven-source-plugin:3.0.1:jar (attach-sources) < generate-sources @ switcher <<<
[INFO] 
[INFO] 
[INFO] --- maven-source-plugin:3.0.1:jar (attach-sources) @ switcher ---
[INFO] Building jar: /home/srafi/after-cam-ready/compare_/compile_repair_output/work/0d742b99cd58/switcher/target/switcher-1.6.37-SNAPSHOT-sources.jar
[INFO] 
[INFO] --- maven-javadoc-plugin:3.1.0:jar (attach-javadocs) @ switcher ---
[INFO] Skipping javadoc generation
[INFO] 
[INFO] --- maven-install-plugin:2.4:install (default-install) @ switcher ---
[INFO] Installing /home/srafi/after-cam-ready/compare_/compile_repair_output/work/0d742b99cd58/switcher/target/switcher-1.6.37-SNAPSHOT.jar to /home/srafi/.m2/repository/com/networknt/switcher/1.6.37-SNAPSHOT/switcher-1.6.37-SNAPSHOT.jar
[INFO] Installing /home/srafi/after-cam-ready/compare_/compile_repair_output/work/0d742b99cd58/switcher/pom.xml to /home/srafi/.m2/repository/com/networknt/switcher/1.6.37-SNAPSHOT/switcher-1.6.37-SNAPSHOT.pom
[INFO] Installing /home/srafi/after-cam-ready/compare_/compile_repair_output/work/0d742b99cd58/switcher/target/switcher-1.6.37-SNAPSHOT-sources.jar to /home/srafi/.m2/repository/com/networknt/switcher/1.6.37-SNAPSHOT/switcher-1.6.37-SNAPSHOT-sources.jar
[INFO] 
[INFO] -----------------------< com.networknt:registry >-----------------------
[INFO] Building registry 1.6.37-SNAPSHOT                                  [8/8]
[INFO] --------------------------------[ jar ]---------------------------------
[INFO] 
[INFO] --- maven-clean-plugin:2.5:clean (default-clean) @ registry ---
[INFO] 
[INFO] --- maven-resources-plugin:2.6:resources (default-resources) @ registry ---
[INFO] Using 'UTF-8' encoding to copy filtered resources.
[INFO] skip non existing resourceDirectory /home/srafi/after-cam-ready/compare_/compile_repair_output/work/0d742b99cd58/registry/src/main/resources
[INFO] 
[INFO] --- maven-compiler-plugin:3.8.0:compile (default-compile) @ registry ---
[INFO] Changes detected - recompiling the module!
[INFO] Compiling 15 source files to /home/srafi/after-cam-ready/compare_/compile_repair_output/work/0d742b99cd58/registry/target/classes
[INFO] 
[INFO] --- build-helper-maven-plugin:3.0.0:add-test-source (add-test-source) @ registry ---
[INFO] Test Source directory: /home/srafi/after-cam-ready/compare_/compile_repair_output/work/0d742b99cd58/registry/src/integration/java added.
[INFO] 
[INFO] --- build-helper-maven-plugin:3.0.0:add-test-resource (add-test-resource) @ registry ---
[INFO] 
[INFO] --- maven-resources-plugin:2.6:testResources (default-testResources) @ registry ---
[INFO] Using 'UTF-8' encoding to copy filtered resources.
[INFO] Copying 3 resources
[INFO] skip non existing resourceDirectory /home/srafi/after-cam-ready/compare_/compile_repair_output/work/0d742b99cd58/registry\src\integration\resources
[INFO] 
[INFO] --- maven-compiler-plugin:3.8.0:testCompile (default-testCompile) @ registry ---
[INFO] Changes detected - recompiling the module!
[INFO] Compiling 2 source files to /home/srafi/after-cam-ready/compare_/compile_repair_output/work/0d742b99cd58/registry/target/test-classes
[INFO] 
[INFO] --- maven-surefire-plugin:3.0.0-M8-SNAPSHOT:test (default-test) @ registry ---
[INFO] Tests are skipped.
[INFO] 
[INFO] --- maven-jar-plugin:2.4:jar (default-jar) @ registry ---
[INFO] Building jar: /home/srafi/after-cam-ready/compare_/compile_repair_output/work/0d742b99cd58/registry/target/registry-1.6.37-SNAPSHOT.jar
[INFO] 
[INFO] >>> maven-source-plugin:3.0.1:jar (attach-sources) > generate-sources @ registry >>>
[INFO] 
[INFO] <<< maven-source-plugin:3.0.1:jar (attach-sources) < generate-sources @ registry <<<
[INFO] 
[INFO] 
[INFO] --- maven-source-plugin:3.0.1:jar (attach-sources) @ registry ---
[INFO] Building jar: /home/srafi/after-cam-ready/compare_/compile_repair_output/work/0d742b99cd58/registry/target/registry-1.6.37-SNAPSHOT-sources.jar
[INFO] 
[INFO] --- maven-javadoc-plugin:3.1.0:jar (attach-javadocs) @ registry ---
[INFO] Skipping javadoc generation
[INFO] 
[INFO] --- maven-install-plugin:2.4:install (default-install) @ registry ---
[INFO] Installing /home/srafi/after-cam-ready/compare_/compile_repair_output/work/0d742b99cd58/registry/target/registry-1.6.37-SNAPSHOT.jar to /home/srafi/.m2/repository/com/networknt/registry/1.6.37-SNAPSHOT/registry-1.6.37-SNAPSHOT.jar
[INFO] Installing /home/srafi/after-cam-ready/compare_/compile_repair_output/work/0d742b99cd58/registry/pom.xml to /home/srafi/.m2/repository/com/networknt/registry/1.6.37-SNAPSHOT/registry-1.6.37-SNAPSHOT.pom
[INFO] Installing /home/srafi/after-cam-ready/compare_/compile_repair_output/work/0d742b99cd58/registry/target/registry-1.6.37-SNAPSHOT-sources.jar to /home/srafi/.m2/repository/com/networknt/registry/1.6.37-SNAPSHOT/registry-1.6.37-SNAPSHOT-sources.jar
[INFO] ------------------------------------------------------------------------
[INFO] Reactor Summary for Parent POM 1.6.37-SNAPSHOT:
[INFO] 
[INFO] Parent POM ......................................... SUCCESS [  0.544 s]
[INFO] decryptor .......................................... SUCCESS [  4.930 s]
[INFO] config ............................................. SUCCESS [  2.891 s]
[INFO] utility ............................................ SUCCESS [  2.616 s]
[INFO] service ............................................ SUCCESS [  2.277 s]
[INFO] status ............................................. SUCCESS [  2.183 s]
[INFO] switcher ........................................... SUCCESS [  1.724 s]
[INFO] registry ........................................... SUCCESS [  2.503 s]
[INFO] ------------------------------------------------------------------------
[INFO] BUILD SUCCESS
[INFO] ------------------------------------------------------------------------
[INFO] Total time:  20.094 s
[INFO] Finished at: 2026-08-15T16:35:07-04:00
[INFO] ------------------------------------------------------------------------
