JAVA_HOME=/usr/lib/jvm/java-8-openjdk-amd64
COMMAND=mvn -B clean install -DskipTests -U -pl lang/java/avro -am -Ddependency-check.skip=true -Dgpg.skip=true -DfailIfNoTests=false -Dskip.installnodenpm=true -Dskip.npm=true -Dskip.yarn=true -Dlicense.skip=true -Dcheckstyle.skip=true -Drat.skip=true -Denforcer.skip=true -Danimal.sniffer.skip=true -Dmaven.javadoc.skip=true -Dfindbugs.skip=true -Dspotbugs.skip=true -Dwarbucks.skip=true -Dmodernizer.skip=true -Dimpsort.skip=true -Dmdep.analyze.skip=true -Dpgpverify.skip=true -Dxml.skip=true -Dcobertura.skip=true

[INFO] Scanning for projects...
[INFO] Downloading from central: https://repo.maven.apache.org/maven2/org/apache/maven/plugins/maven-archetype-plugin/3.0.1/maven-archetype-plugin-3.0.1.pom
[INFO] Downloaded from central: https://repo.maven.apache.org/maven2/org/apache/maven/plugins/maven-archetype-plugin/3.0.1/maven-archetype-plugin-3.0.1.pom (10 kB at 47 kB/s)
[INFO] Downloading from central: https://repo.maven.apache.org/maven2/org/apache/maven/archetype/archetype-catalog/3.0.1/archetype-catalog-3.0.1.pom
[INFO] Downloaded from central: https://repo.maven.apache.org/maven2/org/apache/maven/archetype/archetype-catalog/3.0.1/archetype-catalog-3.0.1.pom (2.0 kB at 52 kB/s)
[INFO] Downloading from central: https://repo.maven.apache.org/maven2/org/apache/maven/archetype/archetype-models/3.0.1/archetype-models-3.0.1.pom
[INFO] Downloaded from central: https://repo.maven.apache.org/maven2/org/apache/maven/archetype/archetype-models/3.0.1/archetype-models-3.0.1.pom (2.8 kB at 85 kB/s)
[INFO] Downloading from central: https://repo.maven.apache.org/maven2/org/apache/maven/archetype/archetype-descriptor/3.0.1/archetype-descriptor-3.0.1.pom
[INFO] Downloaded from central: https://repo.maven.apache.org/maven2/org/apache/maven/archetype/archetype-descriptor/3.0.1/archetype-descriptor-3.0.1.pom (2.0 kB at 58 kB/s)
[INFO] Downloading from central: https://repo.maven.apache.org/maven2/org/apache/maven/archetype/archetype-common/3.0.1/archetype-common-3.0.1.pom
[INFO] Downloaded from central: https://repo.maven.apache.org/maven2/org/apache/maven/archetype/archetype-common/3.0.1/archetype-common-3.0.1.pom (19 kB at 561 kB/s)
[INFO] Downloading from central: https://repo.maven.apache.org/maven2/net/sourceforge/jchardet/jchardet/1.0/jchardet-1.0.pom
[INFO] Downloaded from central: https://repo.maven.apache.org/maven2/net/sourceforge/jchardet/jchardet/1.0/jchardet-1.0.pom (1.3 kB at 39 kB/s)
[INFO] Downloading from central: https://repo.maven.apache.org/maven2/org/codehaus/groovy/groovy/1.8.3/groovy-1.8.3.pom
[INFO] Downloaded from central: https://repo.maven.apache.org/maven2/org/codehaus/groovy/groovy/1.8.3/groovy-1.8.3.pom (32 kB at 816 kB/s)
[INFO] Downloading from central: https://repo.maven.apache.org/maven2/org/apache/maven/shared/maven-script-interpreter/1.0/maven-script-interpreter-1.0.pom
[INFO] Downloaded from central: https://repo.maven.apache.org/maven2/org/apache/maven/shared/maven-script-interpreter/1.0/maven-script-interpreter-1.0.pom (3.8 kB at 101 kB/s)
[INFO] Downloading from central: https://repo.maven.apache.org/maven2/org/apache/maven/plugins/maven-archetype-plugin/3.0.1/maven-archetype-plugin-3.0.1.jar
[INFO] Downloading from central: https://repo.maven.apache.org/maven2/org/apache/maven/archetype/archetype-catalog/3.0.1/archetype-catalog-3.0.1.jar
[INFO] Downloading from central: https://repo.maven.apache.org/maven2/org/apache/maven/archetype/archetype-descriptor/3.0.1/archetype-descriptor-3.0.1.jar
[INFO] Downloading from central: https://repo.maven.apache.org/maven2/net/sourceforge/jchardet/jchardet/1.0/jchardet-1.0.jar
[INFO] Downloading from central: https://repo.maven.apache.org/maven2/org/apache/maven/archetype/archetype-common/3.0.1/archetype-common-3.0.1.jar
[INFO] Downloaded from central: https://repo.maven.apache.org/maven2/org/apache/maven/plugins/maven-archetype-plugin/3.0.1/maven-archetype-plugin-3.0.1.jar (96 kB at 2.7 MB/s)
[INFO] Downloading from central: https://repo.maven.apache.org/maven2/org/codehaus/groovy/groovy/1.8.3/groovy-1.8.3.jar
[INFO] Downloaded from central: https://repo.maven.apache.org/maven2/org/apache/maven/archetype/archetype-descriptor/3.0.1/archetype-descriptor-3.0.1.jar (24 kB at 344 kB/s)
[INFO] Downloading from central: https://repo.maven.apache.org/maven2/org/apache/maven/shared/maven-script-interpreter/1.0/maven-script-interpreter-1.0.jar
[INFO] Downloaded from central: https://repo.maven.apache.org/maven2/net/sourceforge/jchardet/jchardet/1.0/jchardet-1.0.jar (27 kB at 375 kB/s)
[INFO] Downloaded from central: https://repo.maven.apache.org/maven2/org/apache/maven/archetype/archetype-common/3.0.1/archetype-common-3.0.1.jar (331 kB at 4.4 MB/s)
[INFO] Downloaded from central: https://repo.maven.apache.org/maven2/org/apache/maven/archetype/archetype-catalog/3.0.1/archetype-catalog-3.0.1.jar (19 kB at 250 kB/s)
[INFO] Downloaded from central: https://repo.maven.apache.org/maven2/org/apache/maven/shared/maven-script-interpreter/1.0/maven-script-interpreter-1.0.jar (21 kB at 210 kB/s)
[INFO] Downloaded from central: https://repo.maven.apache.org/maven2/org/codehaus/groovy/groovy/1.8.3/groovy-1.8.3.jar (5.5 MB at 28 MB/s)
Warning: KebabPizza disabling incompatible org.apache.maven.plugins:maven-enforcer-plugin from avro-toplevel
Warning: KebabPizza disabling incompatible org.apache.rat:apache-rat-plugin from avro-toplevel
Warning: KebabPizza disabling incompatible org.apache.maven.plugins:maven-enforcer-plugin from avro-parent
Warning: KebabPizza disabling incompatible org.apache.rat:apache-rat-plugin from avro-parent
Warning: KebabPizza disabling incompatible org.apache.maven.plugins:maven-enforcer-plugin from avro
Warning: KebabPizza disabling incompatible org.apache.rat:apache-rat-plugin from avro
[INFO] ------------------------------------------------------------------------
[INFO] Reactor Build Order:
[INFO] 
[INFO] Apache Avro Toplevel                                               [pom]
[INFO] Apache Avro Java                                                   [pom]
[INFO] Apache Avro                                                     [bundle]
[INFO] 
[INFO] -------------------< org.apache.avro:avro-toplevel >--------------------
[INFO] Building Apache Avro Toplevel 1.10.0-SNAPSHOT                      [1/3]
[INFO] --------------------------------[ pom ]---------------------------------
[INFO] 
[INFO] --- maven-clean-plugin:3.1.0:clean (default-clean) @ avro-toplevel ---
[INFO] 
[INFO] --- maven-remote-resources-plugin:1.5:process (process-resource-bundles) @ avro-toplevel ---
[INFO] 
[INFO] --- maven-site-plugin:3.7.1:attach-descriptor (attach-descriptor) @ avro-toplevel ---
[INFO] No site descriptor found: nothing to attach.
[INFO] 
[INFO] --- maven-install-plugin:2.5.2:install (default-install) @ avro-toplevel ---
[INFO] Installing /home/srafi/after-cam-ready/compare_/compile_repair_output/work/445dd00c411d/pom.xml to /home/srafi/.m2/repository/org/apache/avro/avro-toplevel/1.10.0-SNAPSHOT/avro-toplevel-1.10.0-SNAPSHOT.pom
[INFO] 
[INFO] --------------------< org.apache.avro:avro-parent >---------------------
[INFO] Building Apache Avro Java 1.10.0-SNAPSHOT                          [2/3]
[INFO] --------------------------------[ pom ]---------------------------------
[INFO] Downloading from central: https://repo.maven.apache.org/maven2/com/diffplug/spotless/spotless-maven-plugin/1.24.1/spotless-maven-plugin-1.24.1.pom
[INFO] Downloaded from central: https://repo.maven.apache.org/maven2/com/diffplug/spotless/spotless-maven-plugin/1.24.1/spotless-maven-plugin-1.24.1.pom (2.4 kB at 75 kB/s)
[INFO] Downloading from central: https://repo.maven.apache.org/maven2/com/diffplug/spotless/spotless-maven-plugin/1.24.1/spotless-maven-plugin-1.24.1.jar
[INFO] Downloaded from central: https://repo.maven.apache.org/maven2/com/diffplug/spotless/spotless-maven-plugin/1.24.1/spotless-maven-plugin-1.24.1.jar (47 kB at 1.4 MB/s)
[INFO] 
[INFO] --- maven-clean-plugin:3.1.0:clean (default-clean) @ avro-parent ---
[INFO] 
[INFO] --- maven-remote-resources-plugin:1.5:process (process-resource-bundles) @ avro-parent ---
[INFO] 
[INFO] --- spotless-maven-plugin:1.24.1:check (spotless-check) @ avro-parent ---
[INFO] Downloading from central: https://repo.maven.apache.org/maven2/com/diffplug/spotless/spotless-lib/1.24.1/spotless-lib-1.24.1.pom
[INFO] Downloaded from central: https://repo.maven.apache.org/maven2/com/diffplug/spotless/spotless-lib/1.24.1/spotless-lib-1.24.1.pom (1.2 kB at 37 kB/s)
[INFO] Downloading from central: https://repo.maven.apache.org/maven2/com/diffplug/spotless/spotless-lib-extra/1.24.1/spotless-lib-extra-1.24.1.pom
[INFO] Downloaded from central: https://repo.maven.apache.org/maven2/com/diffplug/spotless/spotless-lib-extra/1.24.1/spotless-lib-extra-1.24.1.pom (2.4 kB at 67 kB/s)
[INFO] Downloading from central: https://repo.maven.apache.org/maven2/org/eclipse/jgit/org.eclipse.jgit/5.3.2.201906051522-r/org.eclipse.jgit-5.3.2.201906051522-r.pom
[INFO] Downloaded from central: https://repo.maven.apache.org/maven2/org/eclipse/jgit/org.eclipse.jgit/5.3.2.201906051522-r/org.eclipse.jgit-5.3.2.201906051522-r.pom (9.7 kB at 206 kB/s)
[INFO] Downloading from central: https://repo.maven.apache.org/maven2/org/eclipse/jgit/org.eclipse.jgit-parent/5.3.2.201906051522-r/org.eclipse.jgit-parent-5.3.2.201906051522-r.pom
[INFO] Downloaded from central: https://repo.maven.apache.org/maven2/org/eclipse/jgit/org.eclipse.jgit-parent/5.3.2.201906051522-r/org.eclipse.jgit-parent-5.3.2.201906051522-r.pom (35 kB at 1.1 MB/s)
[INFO] Downloading from central: https://repo.maven.apache.org/maven2/org/bouncycastle/bcpg-jdk15on/1.60/bcpg-jdk15on-1.60.pom
[INFO] Downloaded from central: https://repo.maven.apache.org/maven2/org/bouncycastle/bcpg-jdk15on/1.60/bcpg-jdk15on-1.60.pom (1.6 kB at 44 kB/s)
[INFO] Downloading from central: https://repo.maven.apache.org/maven2/com/diffplug/spotless/spotless-lib/1.24.1/spotless-lib-1.24.1.jar
[INFO] Downloading from central: https://repo.maven.apache.org/maven2/com/diffplug/spotless/spotless-lib-extra/1.24.1/spotless-lib-extra-1.24.1.jar
[INFO] Downloading from central: https://repo.maven.apache.org/maven2/org/bouncycastle/bcpg-jdk15on/1.60/bcpg-jdk15on-1.60.jar
[INFO] Downloading from central: https://repo.maven.apache.org/maven2/org/eclipse/jgit/org.eclipse.jgit/5.3.2.201906051522-r/org.eclipse.jgit-5.3.2.201906051522-r.jar
[INFO] Downloaded from central: https://repo.maven.apache.org/maven2/com/diffplug/spotless/spotless-lib-extra/1.24.1/spotless-lib-extra-1.24.1.jar (53 kB at 1.5 MB/s)
[INFO] Downloaded from central: https://repo.maven.apache.org/maven2/com/diffplug/spotless/spotless-lib/1.24.1/spotless-lib-1.24.1.jar (198 kB at 5.2 MB/s)
[INFO] Downloaded from central: https://repo.maven.apache.org/maven2/org/bouncycastle/bcpg-jdk15on/1.60/bcpg-jdk15on-1.60.jar (320 kB at 5.0 MB/s)
[INFO] Downloaded from central: https://repo.maven.apache.org/maven2/org/eclipse/jgit/org.eclipse.jgit/5.3.2.201906051522-r/org.eclipse.jgit-5.3.2.201906051522-r.jar (2.8 MB at 32 MB/s)
[INFO] 
[INFO] --- maven-bundle-plugin:4.1.0:manifest (bundle-manifest) @ avro-parent ---
[WARNING] Ignoring project type pom - supportedProjectTypes = [bundle]
[INFO] 
[INFO] --- maven-checkstyle-plugin:3.1.0:check (checkstyle-check) @ avro-parent ---
[INFO] 
[INFO] --- maven-site-plugin:3.7.1:attach-descriptor (attach-descriptor) @ avro-parent ---
[INFO] No site descriptor found: nothing to attach.
[INFO] 
[INFO] --- maven-install-plugin:2.5.2:install (default-install) @ avro-parent ---
[INFO] Installing /home/srafi/after-cam-ready/compare_/compile_repair_output/work/445dd00c411d/lang/java/pom.xml to /home/srafi/.m2/repository/org/apache/avro/avro-parent/1.10.0-SNAPSHOT/avro-parent-1.10.0-SNAPSHOT.pom
[INFO] 
[INFO] ------------------------< org.apache.avro:avro >------------------------
[INFO] Building Apache Avro 1.10.0-SNAPSHOT                               [3/3]
[INFO] -------------------------------[ bundle ]-------------------------------
[INFO] Downloading from central: https://repo.maven.apache.org/maven2/org/xerial/snappy/snappy-java/1.1.7.3/snappy-java-1.1.7.3.pom
[INFO] Downloaded from central: https://repo.maven.apache.org/maven2/org/xerial/snappy/snappy-java/1.1.7.3/snappy-java-1.1.7.3.pom (4.0 kB at 111 kB/s)
[INFO] Downloading from central: https://repo.maven.apache.org/maven2/com/github/luben/zstd-jni/1.4.3-1/zstd-jni-1.4.3-1.pom
[INFO] Downloaded from central: https://repo.maven.apache.org/maven2/com/github/luben/zstd-jni/1.4.3-1/zstd-jni-1.4.3-1.pom (1.9 kB at 61 kB/s)
[INFO] Downloading from central: https://repo.maven.apache.org/maven2/org/hamcrest/hamcrest-library/2.1/hamcrest-library-2.1.pom
[INFO] Downloaded from central: https://repo.maven.apache.org/maven2/org/hamcrest/hamcrest-library/2.1/hamcrest-library-2.1.pom (1.4 kB at 44 kB/s)
[INFO] Downloading from central: https://repo.maven.apache.org/maven2/org/hamcrest/hamcrest-core/2.1/hamcrest-core-2.1.pom
[INFO] Downloaded from central: https://repo.maven.apache.org/maven2/org/hamcrest/hamcrest-core/2.1/hamcrest-core-2.1.pom (1.4 kB at 47 kB/s)
[INFO] Downloading from central: https://repo.maven.apache.org/maven2/com/fasterxml/jackson/core/jackson-databind/2.9.10/jackson-databind-2.9.10.jar
[INFO] Downloading from central: https://repo.maven.apache.org/maven2/org/xerial/snappy/snappy-java/1.1.7.3/snappy-java-1.1.7.3.jar
[INFO] Downloading from central: https://repo.maven.apache.org/maven2/com/github/luben/zstd-jni/1.4.3-1/zstd-jni-1.4.3-1.jar
[INFO] Downloading from central: https://repo.maven.apache.org/maven2/org/hamcrest/hamcrest-library/2.1/hamcrest-library-2.1.jar
[INFO] Downloading from central: https://repo.maven.apache.org/maven2/org/hamcrest/hamcrest-core/2.1/hamcrest-core-2.1.jar
[INFO] Downloaded from central: https://repo.maven.apache.org/maven2/org/hamcrest/hamcrest-library/2.1/hamcrest-library-2.1.jar (1.2 kB at 32 kB/s)
[INFO] Downloaded from central: https://repo.maven.apache.org/maven2/org/hamcrest/hamcrest-core/2.1/hamcrest-core-2.1.jar (1.2 kB at 24 kB/s)
[INFO] Downloaded from central: https://repo.maven.apache.org/maven2/org/xerial/snappy/snappy-java/1.1.7.3/snappy-java-1.1.7.3.jar (2.0 MB at 31 MB/s)
[INFO] Downloaded from central: https://repo.maven.apache.org/maven2/com/fasterxml/jackson/core/jackson-databind/2.9.10/jackson-databind-2.9.10.jar (1.3 MB at 16 MB/s)
[INFO] Downloaded from central: https://repo.maven.apache.org/maven2/com/github/luben/zstd-jni/1.4.3-1/zstd-jni-1.4.3-1.jar (4.1 MB at 38 MB/s)
[INFO] 
[INFO] --- maven-clean-plugin:3.1.0:clean (default-clean) @ avro ---
[INFO] 
[INFO] --- maven-remote-resources-plugin:1.5:process (process-resource-bundles) @ avro ---
[INFO] 
[INFO] --- maven-resources-plugin:3.1.0:resources (default-resources) @ avro ---
[INFO] Using 'UTF-8' encoding to copy filtered resources.
[INFO] Copying 1 resource
[INFO] Copying 3 resources
[INFO] 
[INFO] --- maven-compiler-plugin:3.8.1:compile (default-compile) @ avro ---
[INFO] Changes detected - recompiling the module!
[INFO] Compiling 147 source files to /home/srafi/after-cam-ready/compare_/compile_repair_output/work/445dd00c411d/lang/java/avro/target/classes
[WARNING] /home/srafi/after-cam-ready/compare_/compile_repair_output/work/445dd00c411d/lang/java/avro/src/main/java/org/apache/avro/reflect/FieldAccessUnsafe.java:[27,16] sun.misc.Unsafe is internal proprietary API and may be removed in a future release
[WARNING] /home/srafi/after-cam-ready/compare_/compile_repair_output/work/445dd00c411d/lang/java/avro/src/main/java/org/apache/avro/Protocol.java:[602,28] createRecord(java.util.List<org.apache.avro.Schema.Field>) in org.apache.avro.Schema has been deprecated
[WARNING] /home/srafi/after-cam-ready/compare_/compile_repair_output/work/445dd00c411d/lang/java/avro/src/main/java/org/apache/avro/io/parsing/ResolvingGrammarGenerator.java:[174,25] IntCheckAction(int) in org.apache.avro.io.parsing.Symbol.IntCheckAction has been deprecated
[WARNING] /home/srafi/after-cam-ready/compare_/compile_repair_output/work/445dd00c411d/lang/java/avro/src/main/java/org/apache/avro/reflect/FieldAccessUnsafe.java:[32,24] sun.misc.Unsafe is internal proprietary API and may be removed in a future release
[WARNING] /home/srafi/after-cam-ready/compare_/compile_repair_output/work/445dd00c411d/lang/java/avro/src/main/java/org/apache/avro/reflect/FieldAccessUnsafe.java:[36,25] sun.misc.Unsafe is internal proprietary API and may be removed in a future release
[WARNING] /home/srafi/after-cam-ready/compare_/compile_repair_output/work/445dd00c411d/lang/java/avro/src/main/java/org/apache/avro/reflect/FieldAccessUnsafe.java:[38,17] sun.misc.Unsafe is internal proprietary API and may be removed in a future release
[WARNING] /home/srafi/after-cam-ready/compare_/compile_repair_output/work/445dd00c411d/lang/java/avro/src/main/java/org/apache/avro/file/ZstandardLoader.java:[41,12] ZstdOutputStream(java.io.OutputStream,int,boolean,boolean) in com.github.luben.zstd.ZstdOutputStream has been deprecated
[WARNING] /home/srafi/after-cam-ready/compare_/compile_repair_output/work/445dd00c411d/lang/java/avro/src/main/java/org/apache/avro/reflect/ReflectData.java:[815,28] createRecord(java.util.List<org.apache.avro.Schema.Field>) in org.apache.avro.Schema has been deprecated
[INFO] /home/srafi/after-cam-ready/compare_/compile_repair_output/work/445dd00c411d/lang/java/avro/src/main/java/org/apache/avro/Schema.java: Some input files use unchecked or unsafe operations.
[INFO] /home/srafi/after-cam-ready/compare_/compile_repair_output/work/445dd00c411d/lang/java/avro/src/main/java/org/apache/avro/Schema.java: Recompile with -Xlint:unchecked for details.
[INFO] 
[INFO] --- spotless-maven-plugin:1.24.1:check (spotless-check) @ avro ---
[INFO] Downloading from central: https://repo.maven.apache.org/maven2/com/diffplug/spotless/spotless-eclipse-jdt/4.8.0/spotless-eclipse-jdt-4.8.0.pom
[INFO] Downloaded from central: https://repo.maven.apache.org/maven2/com/diffplug/spotless/spotless-eclipse-jdt/4.8.0/spotless-eclipse-jdt-4.8.0.pom (2.2 kB at 68 kB/s)
[INFO] Downloading from central: https://repo.maven.apache.org/maven2/com/diffplug/spotless/spotless-eclipse-base/3.1.1/spotless-eclipse-base-3.1.1.pom
[INFO] Downloaded from central: https://repo.maven.apache.org/maven2/com/diffplug/spotless/spotless-eclipse-base/3.1.1/spotless-eclipse-base-3.1.1.pom (2.1 kB at 62 kB/s)
[INFO] Downloading from central: https://repo.maven.apache.org/maven2/org/eclipse/jdt/org.eclipse.jdt.core/3.16.0/org.eclipse.jdt.core-3.16.0.pom
[INFO] Downloaded from central: https://repo.maven.apache.org/maven2/org/eclipse/jdt/org.eclipse.jdt.core/3.16.0/org.eclipse.jdt.core-3.16.0.pom (2.7 kB at 76 kB/s)
[INFO] Downloading from central: https://repo.maven.apache.org/maven2/com/diffplug/spotless/spotless-eclipse-jdt/4.8.0/spotless-eclipse-jdt-4.8.0.jar
[INFO] Downloading from central: https://repo.maven.apache.org/maven2/com/diffplug/spotless/spotless-eclipse-base/3.1.1/spotless-eclipse-base-3.1.1.jar
[INFO] Downloading from central: https://repo.maven.apache.org/maven2/org/eclipse/jdt/org.eclipse.jdt.core/3.16.0/org.eclipse.jdt.core-3.16.0.jar
[INFO] Downloading from central: https://repo.maven.apache.org/maven2/org/eclipse/platform/org.eclipse.core.commands/3.9.100/org.eclipse.core.commands-3.9.100.jar
[INFO] Downloading from central: https://repo.maven.apache.org/maven2/org/eclipse/platform/org.eclipse.core.contenttype/3.7.0/org.eclipse.core.contenttype-3.7.0.jar
[INFO] Downloaded from central: https://repo.maven.apache.org/maven2/org/eclipse/platform/org.eclipse.core.contenttype/3.7.0/org.eclipse.core.contenttype-3.7.0.jar (106 kB at 2.9 MB/s)
[INFO] Downloading from central: https://repo.maven.apache.org/maven2/org/eclipse/platform/org.eclipse.core.jobs/3.10.0/org.eclipse.core.jobs-3.10.0.jar
[INFO] Downloaded from central: https://repo.maven.apache.org/maven2/com/diffplug/spotless/spotless-eclipse-base/3.1.1/spotless-eclipse-base-3.1.1.jar (55 kB at 1.2 MB/s)
[INFO] Downloading from central: https://repo.maven.apache.org/maven2/org/eclipse/platform/org.eclipse.core.resources/3.13.0/org.eclipse.core.resources-3.13.0.jar
[INFO] Downloaded from central: https://repo.maven.apache.org/maven2/com/diffplug/spotless/spotless-eclipse-jdt/4.8.0/spotless-eclipse-jdt-4.8.0.jar (2.9 kB at 59 kB/s)
[INFO] Downloading from central: https://repo.maven.apache.org/maven2/org/eclipse/platform/org.eclipse.core.runtime/3.14.0/org.eclipse.core.runtime-3.14.0.jar
[INFO] Downloaded from central: https://repo.maven.apache.org/maven2/org/eclipse/platform/org.eclipse.core.commands/3.9.100/org.eclipse.core.commands-3.9.100.jar (116 kB at 1.6 MB/s)
[INFO] Downloading from central: https://repo.maven.apache.org/maven2/org/eclipse/platform/org.eclipse.equinox.app/1.3.500/org.eclipse.equinox.app-1.3.500.jar
[INFO] Downloaded from central: https://repo.maven.apache.org/maven2/org/eclipse/platform/org.eclipse.core.jobs/3.10.0/org.eclipse.core.jobs-3.10.0.jar (108 kB at 1.3 MB/s)
[INFO] Downloading from central: https://repo.maven.apache.org/maven2/org/eclipse/platform/org.eclipse.equinox.common/3.10.0/org.eclipse.equinox.common-3.10.0.jar
[INFO] Downloaded from central: https://repo.maven.apache.org/maven2/org/eclipse/platform/org.eclipse.core.resources/3.13.0/org.eclipse.core.resources-3.13.0.jar (890 kB at 8.7 MB/s)
[INFO] Downloading from central: https://repo.maven.apache.org/maven2/org/eclipse/platform/org.eclipse.equinox.preferences/3.7.100/org.eclipse.equinox.preferences-3.7.100.jar
[INFO] Downloaded from central: https://repo.maven.apache.org/maven2/org/eclipse/platform/org.eclipse.equinox.app/1.3.500/org.eclipse.equinox.app-1.3.500.jar (88 kB at 797 kB/s)
[INFO] Downloading from central: https://repo.maven.apache.org/maven2/org/eclipse/platform/org.eclipse.equinox.registry/3.8.0/org.eclipse.equinox.registry-3.8.0.jar
[INFO] Downloaded from central: https://repo.maven.apache.org/maven2/org/eclipse/jdt/org.eclipse.jdt.core/3.16.0/org.eclipse.jdt.core-3.16.0.jar (6.9 MB at 60 MB/s)
[INFO] Downloading from central: https://repo.maven.apache.org/maven2/org/eclipse/platform/org.eclipse.osgi/3.13.0/org.eclipse.osgi-3.13.0.jar
[INFO] Downloaded from central: https://repo.maven.apache.org/maven2/org/eclipse/platform/org.eclipse.core.runtime/3.14.0/org.eclipse.core.runtime-3.14.0.jar (75 kB at 622 kB/s)
[INFO] Downloading from central: https://repo.maven.apache.org/maven2/org/eclipse/platform/org.eclipse.text/3.6.300/org.eclipse.text-3.6.300.jar
[INFO] Downloaded from central: https://repo.maven.apache.org/maven2/org/eclipse/platform/org.eclipse.equinox.preferences/3.7.100/org.eclipse.equinox.preferences-3.7.100.jar (133 kB at 974 kB/s)
[INFO] Downloaded from central: https://repo.maven.apache.org/maven2/org/eclipse/platform/org.eclipse.equinox.registry/3.8.0/org.eclipse.equinox.registry-3.8.0.jar (196 kB at 1.3 MB/s)
[INFO] Downloaded from central: https://repo.maven.apache.org/maven2/org/eclipse/platform/org.eclipse.equinox.common/3.10.0/org.eclipse.equinox.common-3.10.0.jar (122 kB at 819 kB/s)
[INFO] Downloaded from central: https://repo.maven.apache.org/maven2/org/eclipse/platform/org.eclipse.osgi/3.13.0/org.eclipse.osgi-3.13.0.jar (1.4 MB at 8.7 MB/s)
[INFO] Downloaded from central: https://repo.maven.apache.org/maven2/org/eclipse/platform/org.eclipse.text/3.6.300/org.eclipse.text-3.6.300.jar (270 kB at 1.4 MB/s)
[INFO] Downloading from central: https://repo.maven.apache.org/maven2/com/google/googlejavaformat/google-java-format/1.7/google-java-format-1.7.pom
[INFO] Downloaded from central: https://repo.maven.apache.org/maven2/com/google/googlejavaformat/google-java-format/1.7/google-java-format-1.7.pom (8.2 kB at 171 kB/s)
[INFO] Downloading from central: https://repo.maven.apache.org/maven2/com/google/googlejavaformat/google-java-format-parent/1.7/google-java-format-parent-1.7.pom
[INFO] Downloaded from central: https://repo.maven.apache.org/maven2/com/google/googlejavaformat/google-java-format-parent/1.7/google-java-format-parent-1.7.pom (8.4 kB at 158 kB/s)
[INFO] Downloading from central: https://repo.maven.apache.org/maven2/com/google/errorprone/javac-shaded/9+181-r4173-1/javac-shaded-9+181-r4173-1.pom
[INFO] Downloaded from central: https://repo.maven.apache.org/maven2/com/google/errorprone/javac-shaded/9+181-r4173-1/javac-shaded-9+181-r4173-1.pom (1.2 kB at 12 kB/s)
[INFO] Downloading from central: https://repo.maven.apache.org/maven2/com/google/googlejavaformat/google-java-format/1.7/google-java-format-1.7.jar
[INFO] Downloading from central: https://repo.maven.apache.org/maven2/com/google/errorprone/javac-shaded/9+181-r4173-1/javac-shaded-9+181-r4173-1.jar
[INFO] Downloaded from central: https://repo.maven.apache.org/maven2/com/google/errorprone/javac-shaded/9+181-r4173-1/javac-shaded-9+181-r4173-1.jar (2.9 MB at 44 MB/s)
[INFO] Downloaded from central: https://repo.maven.apache.org/maven2/com/google/googlejavaformat/google-java-format/1.7/google-java-format-1.7.jar (225 kB at 3.2 MB/s)
[INFO] 
[INFO] --- maven-bundle-plugin:4.1.0:manifest (bundle-manifest) @ avro ---
[INFO] 
[INFO] --- maven-resources-plugin:3.1.0:testResources (default-testResources) @ avro ---
[INFO] Using 'UTF-8' encoding to copy filtered resources.
[INFO] Copying 2 resources
[INFO] Copying 3 resources
[INFO] 
[INFO] --- maven-compiler-plugin:3.8.1:testCompile (default-testCompile) @ avro ---
[INFO] Changes detected - recompiling the module!
[INFO] Compiling 79 source files to /home/srafi/after-cam-ready/compare_/compile_repair_output/work/445dd00c411d/lang/java/avro/target/test-classes
[WARNING] /home/srafi/after-cam-ready/compare_/compile_repair_output/work/445dd00c411d/lang/java/avro/src/test/java/org/apache/avro/TestSchemaCompatibility.java:[42,53] createRecord(java.util.List<org.apache.avro.Schema.Field>) in org.apache.avro.Schema has been deprecated
[WARNING] /home/srafi/after-cam-ready/compare_/compile_repair_output/work/445dd00c411d/lang/java/avro/src/test/java/org/apache/avro/TestSchemaCompatibility.java:[48,33] createRecord(java.util.List<org.apache.avro.Schema.Field>) in org.apache.avro.Schema has been deprecated
[WARNING] /home/srafi/after-cam-ready/compare_/compile_repair_output/work/445dd00c411d/lang/java/avro/src/test/java/org/apache/avro/TestSchemaCompatibility.java:[60,33] createRecord(java.util.List<org.apache.avro.Schema.Field>) in org.apache.avro.Schema has been deprecated
[WARNING] /home/srafi/after-cam-ready/compare_/compile_repair_output/work/445dd00c411d/lang/java/avro/src/test/java/org/apache/avro/TestSchemaCompatibility.java:[73,33] createRecord(java.util.List<org.apache.avro.Schema.Field>) in org.apache.avro.Schema has been deprecated
[WARNING] /home/srafi/after-cam-ready/compare_/compile_repair_output/work/445dd00c411d/lang/java/avro/src/test/java/org/apache/avro/TestSchemaCompatibility.java:[86,33] createRecord(java.util.List<org.apache.avro.Schema.Field>) in org.apache.avro.Schema has been deprecated
[WARNING] /home/srafi/after-cam-ready/compare_/compile_repair_output/work/445dd00c411d/lang/java/avro/src/test/java/org/apache/avro/TestSchemaCompatibility.java:[99,33] createRecord(java.util.List<org.apache.avro.Schema.Field>) in org.apache.avro.Schema has been deprecated
[WARNING] /home/srafi/after-cam-ready/compare_/compile_repair_output/work/445dd00c411d/lang/java/avro/src/test/java/org/apache/avro/generic/TestGenericData.java:[166,27] createRecord(java.util.List<org.apache.avro.Schema.Field>) in org.apache.avro.Schema has been deprecated
[INFO] /home/srafi/after-cam-ready/compare_/compile_repair_output/work/445dd00c411d/lang/java/avro/src/test/java/org/apache/avro/TestSchemas.java: Some input files use unchecked or unsafe operations.
[INFO] /home/srafi/after-cam-ready/compare_/compile_repair_output/work/445dd00c411d/lang/java/avro/src/test/java/org/apache/avro/TestSchemas.java: Recompile with -Xlint:unchecked for details.
[INFO] 
[INFO] --- maven-surefire-plugin:3.0.0-M8-SNAPSHOT:test (default-test) @ avro ---
[INFO] Downloading from apache.snapshots: https://repository.apache.org/snapshots/org/apache/maven/surefire/maven-surefire-common/3.0.0-M8-SNAPSHOT/maven-metadata.xml
[INFO] Downloading from apache.snapshots: https://repository.apache.org/snapshots/org/apache/maven/surefire/surefire-api/3.0.0-M8-SNAPSHOT/maven-metadata.xml
[INFO] Downloading from apache.snapshots: https://repository.apache.org/snapshots/org/apache/maven/surefire/surefire-logger-api/3.0.0-M8-SNAPSHOT/maven-metadata.xml
[INFO] Downloading from apache.snapshots: https://repository.apache.org/snapshots/org/apache/maven/surefire/surefire-shared-utils/3.0.0-M8-SNAPSHOT/maven-metadata.xml
[INFO] Downloading from apache.snapshots: https://repository.apache.org/snapshots/org/apache/maven/surefire/surefire-extensions-api/3.0.0-M8-SNAPSHOT/maven-metadata.xml
[INFO] Downloading from apache.snapshots: https://repository.apache.org/snapshots/org/apache/maven/surefire/surefire-booter/3.0.0-M8-SNAPSHOT/maven-metadata.xml
[INFO] Downloading from apache.snapshots: https://repository.apache.org/snapshots/org/apache/maven/surefire/surefire-extensions-spi/3.0.0-M8-SNAPSHOT/maven-metadata.xml
[INFO] Tests are skipped.
[INFO] 
[INFO] --- maven-checkstyle-plugin:3.1.0:check (checkstyle-check) @ avro ---
[INFO] 
[INFO] --- maven-surefire-plugin:3.0.0-M8-SNAPSHOT:test (test-with-custom-coders) @ avro ---
[INFO] Tests are skipped.
[INFO] 
[INFO] --- maven-bundle-plugin:4.1.0:bundle (default-bundle) @ avro ---
[INFO] 
[INFO] --- maven-site-plugin:3.7.1:attach-descriptor (attach-descriptor) @ avro ---
[INFO] Skipping because packaging 'bundle' is not pom.
[INFO] 
[INFO] --- maven-jar-plugin:3.1.2:test-jar (default) @ avro ---
[INFO] Building jar: /home/srafi/after-cam-ready/compare_/compile_repair_output/work/445dd00c411d/lang/java/avro/target/avro-1.10.0-SNAPSHOT-tests.jar
[INFO] 
[INFO] --- maven-install-plugin:2.5.2:install (default-install) @ avro ---
[INFO] Installing /home/srafi/after-cam-ready/compare_/compile_repair_output/work/445dd00c411d/lang/java/avro/target/avro-1.10.0-SNAPSHOT.jar to /home/srafi/.m2/repository/org/apache/avro/avro/1.10.0-SNAPSHOT/avro-1.10.0-SNAPSHOT.jar
[INFO] Installing /home/srafi/after-cam-ready/compare_/compile_repair_output/work/445dd00c411d/lang/java/avro/pom.xml to /home/srafi/.m2/repository/org/apache/avro/avro/1.10.0-SNAPSHOT/avro-1.10.0-SNAPSHOT.pom
[INFO] Installing /home/srafi/after-cam-ready/compare_/compile_repair_output/work/445dd00c411d/lang/java/avro/target/avro-1.10.0-SNAPSHOT-tests.jar to /home/srafi/.m2/repository/org/apache/avro/avro/1.10.0-SNAPSHOT/avro-1.10.0-SNAPSHOT-tests.jar
[INFO] 
[INFO] --- maven-bundle-plugin:4.1.0:install (default-install) @ avro ---
[INFO] Installing org/apache/avro/avro/1.10.0-SNAPSHOT/avro-1.10.0-SNAPSHOT.jar
[INFO] Writing OBR metadata
[INFO] ------------------------------------------------------------------------
[INFO] Reactor Summary for Apache Avro Toplevel 1.10.0-SNAPSHOT:
[INFO] 
[INFO] Apache Avro Toplevel ............................... SUCCESS [  0.511 s]
[INFO] Apache Avro Java ................................... SUCCESS [  0.869 s]
[INFO] Apache Avro ........................................ SUCCESS [  8.964 s]
[INFO] ------------------------------------------------------------------------
[INFO] BUILD SUCCESS
[INFO] ------------------------------------------------------------------------
[INFO] Total time:  11.854 s
[INFO] Finished at: 2026-08-15T14:13:35-04:00
[INFO] ------------------------------------------------------------------------
