JAVA_HOME=/usr/lib/jvm/java-8-openjdk-amd64
COMMAND=mvn -B clean install -DskipTests -U -pl libraries/bot-connector -am -Ddependency-check.skip=true -Dgpg.skip=true -DfailIfNoTests=false -Dskip.installnodenpm=true -Dskip.npm=true -Dskip.yarn=true -Dlicense.skip=true -Dcheckstyle.skip=true -Drat.skip=true -Denforcer.skip=true -Danimal.sniffer.skip=true -Dmaven.javadoc.skip=true -Dfindbugs.skip=true -Dspotbugs.skip=true -Dwarbucks.skip=true -Dmodernizer.skip=true -Dimpsort.skip=true -Dmdep.analyze.skip=true -Dpgpverify.skip=true -Dxml.skip=true -Dcobertura.skip=true

[INFO] Scanning for projects...
Warning: KebabPizza disabling incompatible org.jacoco:jacoco-maven-plugin from bot-java
Warning: KebabPizza disabling incompatible org.jacoco:jacoco-maven-plugin from bot-schema
Warning: KebabPizza disabling incompatible org.jacoco:jacoco-maven-plugin from bot-connector
[INFO] ------------------------------------------------------------------------
[INFO] Reactor Build Order:
[INFO] 
[INFO] Microsoft BotBuilder Java SDK Parent                               [pom]
[INFO] com.microsoft.bot:bot-schema                                       [jar]
[INFO] com.microsoft.bot:bot-connector                                    [jar]
[INFO] 
[INFO] ---------------------< com.microsoft.bot:bot-java >---------------------
[INFO] Building Microsoft BotBuilder Java SDK Parent 4.15.0-SNAPSHOT      [1/3]
[INFO] --------------------------------[ pom ]---------------------------------
[INFO] 
[INFO] --- maven-clean-plugin:2.5:clean (default-clean) @ bot-java ---
[INFO] 
[INFO] >>> maven-pmd-plugin:3.14.0:check (default) > :pmd @ bot-java >>>
[INFO] 
[INFO] --- maven-pmd-plugin:3.14.0:pmd (pmd) @ bot-java ---
[INFO] 
[INFO] <<< maven-pmd-plugin:3.14.0:check (default) < :pmd @ bot-java <<<
[INFO] 
[INFO] 
[INFO] --- maven-pmd-plugin:3.14.0:check (default) @ bot-java ---
[INFO] PMD version: 6.29.0
[INFO] 
[INFO] --- maven-checkstyle-plugin:3.1.2:check (validate) @ bot-java ---
[INFO] 
[INFO] >>> maven-source-plugin:3.1.0:jar (attach-sources) > generate-sources @ bot-java >>>
[INFO] 
[INFO] >>> maven-pmd-plugin:3.14.0:check (default) > :pmd @ bot-java >>>
[INFO] 
[INFO] --- maven-pmd-plugin:3.14.0:pmd (pmd) @ bot-java ---
[INFO] 
[INFO] <<< maven-pmd-plugin:3.14.0:check (default) < :pmd @ bot-java <<<
[INFO] 
[INFO] 
[INFO] --- maven-pmd-plugin:3.14.0:check (default) @ bot-java ---
[INFO] PMD version: 6.29.0
[INFO] 
[INFO] --- maven-checkstyle-plugin:3.1.2:check (validate) @ bot-java ---
[INFO] 
[INFO] <<< maven-source-plugin:3.1.0:jar (attach-sources) < generate-sources @ bot-java <<<
[INFO] 
[INFO] 
[INFO] --- maven-source-plugin:3.1.0:jar (attach-sources) @ bot-java ---
[INFO] 
[INFO] --- maven-install-plugin:2.4:install (default-install) @ bot-java ---
[INFO] Installing /home/srafi/after-cam-ready/compare_/compile_repair_output/work/28ca63d34a2c/pom.xml to /home/srafi/.m2/repository/com/microsoft/bot/bot-java/4.15.0-SNAPSHOT/bot-java-4.15.0-SNAPSHOT.pom
[INFO] 
[INFO] --------------------< com.microsoft.bot:bot-schema >--------------------
[INFO] Building com.microsoft.bot:bot-schema 4.15.0-SNAPSHOT              [2/3]
[INFO] --------------------------------[ jar ]---------------------------------
[INFO] Downloading from central: https://repo.maven.apache.org/maven2/org/apache/maven/plugins/maven-jar-plugin/2.1/maven-jar-plugin-2.1.pom
[INFO] Downloaded from central: https://repo.maven.apache.org/maven2/org/apache/maven/plugins/maven-jar-plugin/2.1/maven-jar-plugin-2.1.pom (2.1 kB at 9.6 kB/s)
[INFO] Downloading from central: https://repo.maven.apache.org/maven2/org/apache/maven/plugins/maven-plugins/3/maven-plugins-3.pom
[INFO] Downloaded from central: https://repo.maven.apache.org/maven2/org/apache/maven/plugins/maven-plugins/3/maven-plugins-3.pom (6.5 kB at 158 kB/s)
[INFO] Downloading from central: https://repo.maven.apache.org/maven2/org/apache/maven/plugins/maven-jar-plugin/2.1/maven-jar-plugin-2.1.jar
[INFO] Downloaded from central: https://repo.maven.apache.org/maven2/org/apache/maven/plugins/maven-jar-plugin/2.1/maven-jar-plugin-2.1.jar (19 kB at 444 kB/s)
[INFO] Downloading from central: https://repo.maven.apache.org/maven2/com/fasterxml/jackson/module/jackson-module-parameter-names/2.12.1/jackson-module-parameter-names-2.12.1.pom
[INFO] Downloaded from central: https://repo.maven.apache.org/maven2/com/fasterxml/jackson/module/jackson-module-parameter-names/2.12.1/jackson-module-parameter-names-2.12.1.pom (4.4 kB at 99 kB/s)
[INFO] Downloading from central: https://repo.maven.apache.org/maven2/com/fasterxml/jackson/datatype/jackson-datatype-jdk8/2.12.1/jackson-datatype-jdk8-2.12.1.pom
[INFO] Downloaded from central: https://repo.maven.apache.org/maven2/com/fasterxml/jackson/datatype/jackson-datatype-jdk8/2.12.1/jackson-datatype-jdk8-2.12.1.pom (2.6 kB at 54 kB/s)
[INFO] Downloading from central: https://repo.maven.apache.org/maven2/com/fasterxml/jackson/module/jackson-module-parameter-names/2.12.1/jackson-module-parameter-names-2.12.1.jar
[INFO] Downloading from central: https://repo.maven.apache.org/maven2/com/fasterxml/jackson/datatype/jackson-datatype-jdk8/2.12.1/jackson-datatype-jdk8-2.12.1.jar
[INFO] Downloading from central: https://repo.maven.apache.org/maven2/com/fasterxml/jackson/datatype/jackson-datatype-jsr310/2.12.1/jackson-datatype-jsr310-2.12.1.jar
[INFO] Downloaded from central: https://repo.maven.apache.org/maven2/com/fasterxml/jackson/module/jackson-module-parameter-names/2.12.1/jackson-module-parameter-names-2.12.1.jar (9.4 kB at 193 kB/s)
[INFO] Downloaded from central: https://repo.maven.apache.org/maven2/com/fasterxml/jackson/datatype/jackson-datatype-jdk8/2.12.1/jackson-datatype-jdk8-2.12.1.jar (34 kB at 689 kB/s)
[INFO] Downloaded from central: https://repo.maven.apache.org/maven2/com/fasterxml/jackson/datatype/jackson-datatype-jsr310/2.12.1/jackson-datatype-jsr310-2.12.1.jar (120 kB at 2.0 MB/s)
[INFO] 
[INFO] --- maven-clean-plugin:2.5:clean (default-clean) @ bot-schema ---
[INFO] 
[INFO] >>> maven-pmd-plugin:3.14.0:check (default) > :pmd @ bot-schema >>>
[INFO] 
[INFO] --- maven-pmd-plugin:3.14.0:pmd (pmd) @ bot-schema ---
[INFO] 
[INFO] <<< maven-pmd-plugin:3.14.0:check (default) < :pmd @ bot-schema <<<
[INFO] 
[INFO] 
[INFO] --- maven-pmd-plugin:3.14.0:check (default) @ bot-schema ---
[INFO] PMD version: 6.29.0
[INFO] 
[INFO] 
[INFO] --- maven-checkstyle-plugin:3.1.2:check (validate) @ bot-schema ---
[INFO] 
[INFO] --- maven-resources-plugin:2.6:resources (default-resources) @ bot-schema ---
[INFO] Using 'UTF-8' encoding to copy filtered resources.
[INFO] skip non existing resourceDirectory /home/srafi/after-cam-ready/compare_/compile_repair_output/work/28ca63d34a2c/libraries/bot-schema/src/main/resources
[INFO] 
[INFO] --- maven-compiler-plugin:3.7.0:compile (default-compile) @ bot-schema ---
[INFO] Changes detected - recompiling the module!
[INFO] Compiling 165 source files to /home/srafi/after-cam-ready/compare_/compile_repair_output/work/28ca63d34a2c/libraries/bot-schema/target/classes
[INFO] /home/srafi/after-cam-ready/compare_/compile_repair_output/work/28ca63d34a2c/libraries/bot-schema/src/main/java/com/microsoft/bot/schema/Activity.java: /home/srafi/after-cam-ready/compare_/compile_repair_output/work/28ca63d34a2c/libraries/bot-schema/src/main/java/com/microsoft/bot/schema/Activity.java uses unchecked or unsafe operations.
[INFO] /home/srafi/after-cam-ready/compare_/compile_repair_output/work/28ca63d34a2c/libraries/bot-schema/src/main/java/com/microsoft/bot/schema/Activity.java: Recompile with -Xlint:unchecked for details.
[INFO] 
[INFO] --- maven-resources-plugin:2.6:testResources (default-testResources) @ bot-schema ---
[INFO] Using 'UTF-8' encoding to copy filtered resources.
[INFO] skip non existing resourceDirectory /home/srafi/after-cam-ready/compare_/compile_repair_output/work/28ca63d34a2c/libraries/bot-schema/src/test/resources
[INFO] 
[INFO] --- maven-compiler-plugin:3.7.0:testCompile (default-testCompile) @ bot-schema ---
[INFO] Changes detected - recompiling the module!
[INFO] Compiling 14 source files to /home/srafi/after-cam-ready/compare_/compile_repair_output/work/28ca63d34a2c/libraries/bot-schema/target/test-classes
[INFO] 
[INFO] --- maven-surefire-plugin:3.0.0-M8-SNAPSHOT:test (default-test) @ bot-schema ---
[INFO] Downloading from apache.snapshots: https://repository.apache.org/snapshots/org/apache/maven/surefire/maven-surefire-common/3.0.0-M8-SNAPSHOT/maven-metadata.xml
[INFO] Downloading from apache.snapshots: https://repository.apache.org/snapshots/org/apache/maven/surefire/surefire-api/3.0.0-M8-SNAPSHOT/maven-metadata.xml
[INFO] Downloading from apache.snapshots: https://repository.apache.org/snapshots/org/apache/maven/surefire/surefire-logger-api/3.0.0-M8-SNAPSHOT/maven-metadata.xml
[INFO] Downloading from apache.snapshots: https://repository.apache.org/snapshots/org/apache/maven/surefire/surefire-shared-utils/3.0.0-M8-SNAPSHOT/maven-metadata.xml
[INFO] Downloading from apache.snapshots: https://repository.apache.org/snapshots/org/apache/maven/surefire/surefire-extensions-api/3.0.0-M8-SNAPSHOT/maven-metadata.xml
[INFO] Downloading from apache.snapshots: https://repository.apache.org/snapshots/org/apache/maven/surefire/surefire-booter/3.0.0-M8-SNAPSHOT/maven-metadata.xml
[INFO] Downloading from apache.snapshots: https://repository.apache.org/snapshots/org/apache/maven/surefire/surefire-extensions-spi/3.0.0-M8-SNAPSHOT/maven-metadata.xml
[INFO] Tests are skipped.
[INFO] 
[INFO] --- maven-jar-plugin:2.1:jar (default-jar) @ bot-schema ---
[INFO] Building jar: /home/srafi/after-cam-ready/compare_/compile_repair_output/work/28ca63d34a2c/libraries/bot-schema/target/bot-schema-4.15.0-SNAPSHOT.jar
[INFO] 
[INFO] >>> maven-source-plugin:3.1.0:jar (attach-sources) > generate-sources @ bot-schema >>>
[INFO] 
[INFO] >>> maven-pmd-plugin:3.14.0:check (default) > :pmd @ bot-schema >>>
[INFO] 
[INFO] --- maven-pmd-plugin:3.14.0:pmd (pmd) @ bot-schema ---
[INFO] 
[INFO] <<< maven-pmd-plugin:3.14.0:check (default) < :pmd @ bot-schema <<<
[INFO] 
[INFO] 
[INFO] --- maven-pmd-plugin:3.14.0:check (default) @ bot-schema ---
[INFO] PMD version: 6.29.0
[INFO] 
[INFO] 
[INFO] --- maven-checkstyle-plugin:3.1.2:check (validate) @ bot-schema ---
[INFO] 
[INFO] <<< maven-source-plugin:3.1.0:jar (attach-sources) < generate-sources @ bot-schema <<<
[INFO] 
[INFO] 
[INFO] --- maven-source-plugin:3.1.0:jar (attach-sources) @ bot-schema ---
[INFO] Building jar: /home/srafi/after-cam-ready/compare_/compile_repair_output/work/28ca63d34a2c/libraries/bot-schema/target/bot-schema-4.15.0-SNAPSHOT-sources.jar
[INFO] 
[INFO] --- maven-install-plugin:2.4:install (default-install) @ bot-schema ---
[INFO] Installing /home/srafi/after-cam-ready/compare_/compile_repair_output/work/28ca63d34a2c/libraries/bot-schema/target/bot-schema-4.15.0-SNAPSHOT.jar to /home/srafi/.m2/repository/com/microsoft/bot/bot-schema/4.15.0-SNAPSHOT/bot-schema-4.15.0-SNAPSHOT.jar
[INFO] Installing /home/srafi/after-cam-ready/compare_/compile_repair_output/work/28ca63d34a2c/libraries/bot-schema/pom.xml to /home/srafi/.m2/repository/com/microsoft/bot/bot-schema/4.15.0-SNAPSHOT/bot-schema-4.15.0-SNAPSHOT.pom
[INFO] Installing /home/srafi/after-cam-ready/compare_/compile_repair_output/work/28ca63d34a2c/libraries/bot-schema/target/bot-schema-4.15.0-SNAPSHOT-sources.jar to /home/srafi/.m2/repository/com/microsoft/bot/bot-schema/4.15.0-SNAPSHOT/bot-schema-4.15.0-SNAPSHOT-sources.jar
[INFO] 
[INFO] ------------------< com.microsoft.bot:bot-connector >-------------------
[INFO] Building com.microsoft.bot:bot-connector 4.15.0-SNAPSHOT           [3/3]
[INFO] --------------------------------[ jar ]---------------------------------
[INFO] Downloading from central: https://repo.maven.apache.org/maven2/com/squareup/okhttp3/logging-interceptor/3.12.2/logging-interceptor-3.12.2.pom
[INFO] Downloaded from central: https://repo.maven.apache.org/maven2/com/squareup/okhttp3/logging-interceptor/3.12.2/logging-interceptor-3.12.2.pom (2.0 kB at 60 kB/s)
[INFO] Downloading from central: https://repo.maven.apache.org/maven2/com/squareup/okhttp3/okhttp-urlconnection/3.12.2/okhttp-urlconnection-3.12.2.pom
[INFO] Downloaded from central: https://repo.maven.apache.org/maven2/com/squareup/okhttp3/okhttp-urlconnection/3.12.2/okhttp-urlconnection-3.12.2.pom (2.7 kB at 89 kB/s)
[INFO] Downloading from central: https://repo.maven.apache.org/maven2/com/microsoft/azure/azure-annotations/1.7.0/azure-annotations-1.7.0.pom
[INFO] Downloaded from central: https://repo.maven.apache.org/maven2/com/microsoft/azure/azure-annotations/1.7.0/azure-annotations-1.7.0.pom (2.2 kB at 68 kB/s)
[INFO] Downloading from central: https://repo.maven.apache.org/maven2/com/auth0/java-jwt/3.13.0/java-jwt-3.13.0.pom
[INFO] Downloaded from central: https://repo.maven.apache.org/maven2/com/auth0/java-jwt/3.13.0/java-jwt-3.13.0.pom (1.8 kB at 54 kB/s)
[INFO] Downloading from central: https://repo.maven.apache.org/maven2/com/auth0/jwks-rsa/0.15.0/jwks-rsa-0.15.0.pom
[INFO] Downloaded from central: https://repo.maven.apache.org/maven2/com/auth0/jwks-rsa/0.15.0/jwks-rsa-0.15.0.pom (2.0 kB at 45 kB/s)
[INFO] Downloading from central: https://repo.maven.apache.org/maven2/com/squareup/okhttp3/logging-interceptor/3.12.2/logging-interceptor-3.12.2.jar
[INFO] Downloading from central: https://repo.maven.apache.org/maven2/com/squareup/okhttp3/okhttp-urlconnection/3.12.2/okhttp-urlconnection-3.12.2.jar
[INFO] Downloading from central: https://repo.maven.apache.org/maven2/com/auth0/java-jwt/3.13.0/java-jwt-3.13.0.jar
[INFO] Downloading from central: https://repo.maven.apache.org/maven2/com/microsoft/azure/azure-annotations/1.7.0/azure-annotations-1.7.0.jar
[INFO] Downloading from central: https://repo.maven.apache.org/maven2/com/auth0/jwks-rsa/0.15.0/jwks-rsa-0.15.0.jar
[INFO] Downloaded from central: https://repo.maven.apache.org/maven2/com/squareup/okhttp3/logging-interceptor/3.12.2/logging-interceptor-3.12.2.jar (12 kB at 347 kB/s)
[INFO] Downloaded from central: https://repo.maven.apache.org/maven2/com/auth0/java-jwt/3.13.0/java-jwt-3.13.0.jar (56 kB at 1.6 MB/s)
[INFO] Downloaded from central: https://repo.maven.apache.org/maven2/com/squareup/okhttp3/okhttp-urlconnection/3.12.2/okhttp-urlconnection-3.12.2.jar (34 kB at 643 kB/s)
[INFO] Downloaded from central: https://repo.maven.apache.org/maven2/com/microsoft/azure/azure-annotations/1.7.0/azure-annotations-1.7.0.jar (18 kB at 324 kB/s)
[INFO] Downloaded from central: https://repo.maven.apache.org/maven2/com/auth0/jwks-rsa/0.15.0/jwks-rsa-0.15.0.jar (16 kB at 284 kB/s)
[INFO] 
[INFO] --- maven-clean-plugin:2.5:clean (default-clean) @ bot-connector ---
[INFO] 
[INFO] >>> maven-pmd-plugin:3.14.0:check (default) > :pmd @ bot-connector >>>
[INFO] 
[INFO] --- maven-pmd-plugin:3.14.0:pmd (pmd) @ bot-connector ---
[WARNING] Auxclasspath entry file:/home/srafi/after-cam-ready/compare_/compile_repair_output/work/28ca63d34a2c/libraries/bot-connector/target/classes doesn't exist, ignoring it
[INFO] Analysis cache created
[INFO] 
[INFO] <<< maven-pmd-plugin:3.14.0:check (default) < :pmd @ bot-connector <<<
[INFO] 
[INFO] 
[INFO] --- maven-pmd-plugin:3.14.0:check (default) @ bot-connector ---
[INFO] PMD version: 6.29.0
[INFO] 
[INFO] 
[INFO] --- maven-checkstyle-plugin:3.1.2:check (validate) @ bot-connector ---
[INFO] 
[INFO] --- maven-resources-plugin:2.6:resources (default-resources) @ bot-connector ---
[INFO] Using 'UTF-8' encoding to copy filtered resources.
[INFO] Copying 1 resource
[INFO] 
[INFO] --- maven-compiler-plugin:3.7.0:compile (default-compile) @ bot-connector ---
[INFO] Changes detected - recompiling the module!
[INFO] Compiling 113 source files to /home/srafi/after-cam-ready/compare_/compile_repair_output/work/28ca63d34a2c/libraries/bot-connector/target/classes
[INFO] /home/srafi/after-cam-ready/compare_/compile_repair_output/work/28ca63d34a2c/libraries/bot-connector/src/main/java/com/microsoft/bot/restclient/serializer/JacksonAdapter.java: Some input files use or override a deprecated API.
[INFO] /home/srafi/after-cam-ready/compare_/compile_repair_output/work/28ca63d34a2c/libraries/bot-connector/src/main/java/com/microsoft/bot/restclient/serializer/JacksonAdapter.java: Recompile with -Xlint:deprecation for details.
[INFO] 
[INFO] --- maven-resources-plugin:2.6:testResources (default-testResources) @ bot-connector ---
[INFO] Using 'UTF-8' encoding to copy filtered resources.
[INFO] Copying 57 resources
[INFO] 
[INFO] --- maven-compiler-plugin:3.7.0:testCompile (default-testCompile) @ bot-connector ---
[INFO] Changes detected - recompiling the module!
[INFO] Compiling 45 source files to /home/srafi/after-cam-ready/compare_/compile_repair_output/work/28ca63d34a2c/libraries/bot-connector/target/test-classes
[INFO] 
[INFO] --- maven-surefire-plugin:3.0.0-M8-SNAPSHOT:test (default-test) @ bot-connector ---
[INFO] Tests are skipped.
[INFO] 
[INFO] --- maven-jar-plugin:2.1:jar (default-jar) @ bot-connector ---
[INFO] Building jar: /home/srafi/after-cam-ready/compare_/compile_repair_output/work/28ca63d34a2c/libraries/bot-connector/target/bot-connector-4.15.0-SNAPSHOT.jar
[INFO] 
[INFO] >>> maven-source-plugin:3.1.0:jar (attach-sources) > generate-sources @ bot-connector >>>
[INFO] 
[INFO] >>> maven-pmd-plugin:3.14.0:check (default) > :pmd @ bot-connector >>>
[INFO] 
[INFO] --- maven-pmd-plugin:3.14.0:pmd (pmd) @ bot-connector ---
[INFO] Analysis cache loaded
[INFO] Analysis cache invalidated, auxclasspath changed.
[INFO] Analysis cache updated
[INFO] 
[INFO] <<< maven-pmd-plugin:3.14.0:check (default) < :pmd @ bot-connector <<<
[INFO] 
[INFO] 
[INFO] --- maven-pmd-plugin:3.14.0:check (default) @ bot-connector ---
[INFO] PMD version: 6.29.0
[INFO] 
[INFO] 
[INFO] --- maven-checkstyle-plugin:3.1.2:check (validate) @ bot-connector ---
[INFO] 
[INFO] <<< maven-source-plugin:3.1.0:jar (attach-sources) < generate-sources @ bot-connector <<<
[INFO] 
[INFO] 
[INFO] --- maven-source-plugin:3.1.0:jar (attach-sources) @ bot-connector ---
[INFO] Building jar: /home/srafi/after-cam-ready/compare_/compile_repair_output/work/28ca63d34a2c/libraries/bot-connector/target/bot-connector-4.15.0-SNAPSHOT-sources.jar
[INFO] 
[INFO] --- maven-install-plugin:2.4:install (default-install) @ bot-connector ---
[INFO] Installing /home/srafi/after-cam-ready/compare_/compile_repair_output/work/28ca63d34a2c/libraries/bot-connector/target/bot-connector-4.15.0-SNAPSHOT.jar to /home/srafi/.m2/repository/com/microsoft/bot/bot-connector/4.15.0-SNAPSHOT/bot-connector-4.15.0-SNAPSHOT.jar
[INFO] Installing /home/srafi/after-cam-ready/compare_/compile_repair_output/work/28ca63d34a2c/libraries/bot-connector/pom.xml to /home/srafi/.m2/repository/com/microsoft/bot/bot-connector/4.15.0-SNAPSHOT/bot-connector-4.15.0-SNAPSHOT.pom
[INFO] Installing /home/srafi/after-cam-ready/compare_/compile_repair_output/work/28ca63d34a2c/libraries/bot-connector/target/bot-connector-4.15.0-SNAPSHOT-sources.jar to /home/srafi/.m2/repository/com/microsoft/bot/bot-connector/4.15.0-SNAPSHOT/bot-connector-4.15.0-SNAPSHOT-sources.jar
[INFO] ------------------------------------------------------------------------
[INFO] Reactor Summary for Microsoft BotBuilder Java SDK Parent 4.15.0-SNAPSHOT:
[INFO] 
[INFO] Microsoft BotBuilder Java SDK Parent ............... SUCCESS [  0.757 s]
[INFO] com.microsoft.bot:bot-schema ....................... SUCCESS [  6.158 s]
[INFO] com.microsoft.bot:bot-connector .................... SUCCESS [  2.738 s]
[INFO] ------------------------------------------------------------------------
[INFO] BUILD SUCCESS
[INFO] ------------------------------------------------------------------------
[INFO] Total time:  9.740 s
[INFO] Finished at: 2026-08-15T16:31:32-04:00
[INFO] ------------------------------------------------------------------------
