JAVA_HOME=/usr/lib/jvm/java-8-openjdk-amd64
COMMAND=mvn -B clean install -DskipTests -U -pl h2gis-functions -am -Ddependency-check.skip=true -Dgpg.skip=true -DfailIfNoTests=false -Dskip.installnodenpm=true -Dskip.npm=true -Dskip.yarn=true -Dlicense.skip=true -Dcheckstyle.skip=true -Drat.skip=true -Denforcer.skip=true -Danimal.sniffer.skip=true -Dmaven.javadoc.skip=true -Dfindbugs.skip=true -Dspotbugs.skip=true -Dwarbucks.skip=true -Dmodernizer.skip=true -Dimpsort.skip=true -Dmdep.analyze.skip=true -Dpgpverify.skip=true -Dxml.skip=true -Dcobertura.skip=true

[INFO] Scanning for projects...
[INFO] Downloading from orbisgis-snapshot: http://nexus-ng.orbisgis.org/repository/orbisgis-snapshot/org/orbisgis/orbisparent/1.0.3-SNAPSHOT/maven-metadata.xml
[WARNING] Could not transfer metadata org.orbisgis:orbisparent:1.0.3-SNAPSHOT/maven-metadata.xml from/to orbisgis-snapshot (http://nexus-ng.orbisgis.org/repository/orbisgis-snapshot): Transfer failed for http://nexus-ng.orbisgis.org/repository/orbisgis-snapshot/org/orbisgis/orbisparent/1.0.3-SNAPSHOT/maven-metadata.xml
[INFO] Downloading from orbisgis-snapshot: http://nexus-ng.orbisgis.org/repository/orbisgis-snapshot/org/orbisgis/orbisparent/1.0.3-SNAPSHOT/orbisparent-1.0.3-SNAPSHOT.pom
[ERROR] [ERROR] Some problems were encountered while processing the POMs:
[FATAL] Non-resolvable parent POM for org.orbisgis:h2gis-parent:2.0.0-SNAPSHOT: Could not transfer artifact org.orbisgis:orbisparent:pom:1.0.3-SNAPSHOT from/to orbisgis-snapshot (http://nexus-ng.orbisgis.org/repository/orbisgis-snapshot): Transfer failed for http://nexus-ng.orbisgis.org/repository/orbisgis-snapshot/org/orbisgis/orbisparent/1.0.3-SNAPSHOT/orbisparent-1.0.3-SNAPSHOT.pom and 'parent.relativePath' points at wrong local POM @ line 8, column 13
 @ 
[ERROR] The build could not read 1 project -> [Help 1]
[ERROR]   
[ERROR]   The project org.orbisgis:h2gis-parent:2.0.0-SNAPSHOT (/home/srafi/after-cam-ready/compare_/compile_repair_output/work/957b98c11aea/pom.xml) has 1 error
[ERROR]     Non-resolvable parent POM for org.orbisgis:h2gis-parent:2.0.0-SNAPSHOT: Could not transfer artifact org.orbisgis:orbisparent:pom:1.0.3-SNAPSHOT from/to orbisgis-snapshot (http://nexus-ng.orbisgis.org/repository/orbisgis-snapshot): Transfer failed for http://nexus-ng.orbisgis.org/repository/orbisgis-snapshot/org/orbisgis/orbisparent/1.0.3-SNAPSHOT/orbisparent-1.0.3-SNAPSHOT.pom and 'parent.relativePath' points at wrong local POM @ line 8, column 13: Unknown host nexus-ng.orbisgis.org -> [Help 2]
[ERROR] 
[ERROR] To see the full stack trace of the errors, re-run Maven with the -e switch.
[ERROR] Re-run Maven using the -X switch to enable full debug logging.
[ERROR] 
[ERROR] For more information about the errors and possible solutions, please read the following articles:
[ERROR] [Help 1] http://cwiki.apache.org/confluence/display/MAVEN/ProjectBuildingException
[ERROR] [Help 2] http://cwiki.apache.org/confluence/display/MAVEN/UnresolvableModelException
