JAVA_HOME=/usr/lib/jvm/java-8-openjdk-amd64
COMMAND=mvn -B clean install -DskipTests -U -pl h2gis-functions -am -Ddependency-check.skip=true -Dgpg.skip=true -DfailIfNoTests=false -Dskip.installnodenpm=true -Dskip.npm=true -Dskip.yarn=true -Dlicense.skip=true -Dcheckstyle.skip=true -Drat.skip=true -Denforcer.skip=true -Danimal.sniffer.skip=true -Dmaven.javadoc.skip=true -Dfindbugs.skip=true -Dspotbugs.skip=true -Dwarbucks.skip=true -Dmodernizer.skip=true -Dimpsort.skip=true -Dmdep.analyze.skip=true -Dpgpverify.skip=true -Dxml.skip=true -Dcobertura.skip=true

[INFO] Scanning for projects...
[INFO] Downloading from orbisgis-release: http://nexus-ng.orbisgis.org/repository/orbisgis-release/org/orbisgis/orbisparent/1.0.3/orbisparent-1.0.3.pom
[INFO] Downloading from central: https://repo.maven.apache.org/maven2/org/orbisgis/orbisparent/1.0.3/orbisparent-1.0.3.pom
[INFO] Downloaded from central: https://repo.maven.apache.org/maven2/org/orbisgis/orbisparent/1.0.3/orbisparent-1.0.3.pom (24 kB at 36 kB/s)
[INFO] Downloading from oss-sonatype: https://oss.sonatype.org/content/repositories/snapshots/org/apache/maven/archetype/archetype-packaging/3.1.2/archetype-packaging-3.1.2.pom
[INFO] Downloading from apache-snapshots: https://repository.apache.org/snapshots/org/apache/maven/archetype/archetype-packaging/3.1.2/archetype-packaging-3.1.2.pom
[INFO] Downloading from central: https://repo.maven.apache.org/maven2/org/apache/maven/archetype/archetype-packaging/3.1.2/archetype-packaging-3.1.2.pom
[INFO] Downloaded from central: https://repo.maven.apache.org/maven2/org/apache/maven/archetype/archetype-packaging/3.1.2/archetype-packaging-3.1.2.pom (1.4 kB at 33 kB/s)
[INFO] Downloading from oss-sonatype: https://oss.sonatype.org/content/repositories/snapshots/org/apache/maven/archetype/maven-archetype/3.1.2/maven-archetype-3.1.2.pom
[INFO] Downloading from apache-snapshots: https://repository.apache.org/snapshots/org/apache/maven/archetype/maven-archetype/3.1.2/maven-archetype-3.1.2.pom
[INFO] Downloading from central: https://repo.maven.apache.org/maven2/org/apache/maven/archetype/maven-archetype/3.1.2/maven-archetype-3.1.2.pom
[INFO] Downloaded from central: https://repo.maven.apache.org/maven2/org/apache/maven/archetype/maven-archetype/3.1.2/maven-archetype-3.1.2.pom (12 kB at 283 kB/s)
[INFO] Downloading from oss-sonatype: https://oss.sonatype.org/content/repositories/snapshots/org/apache/maven/archetype/archetype-packaging/3.1.2/archetype-packaging-3.1.2.jar
[INFO] Downloading from apache-snapshots: https://repository.apache.org/snapshots/org/apache/maven/archetype/archetype-packaging/3.1.2/archetype-packaging-3.1.2.jar
[INFO] Downloading from central: https://repo.maven.apache.org/maven2/org/apache/maven/archetype/archetype-packaging/3.1.2/archetype-packaging-3.1.2.jar
[INFO] Downloaded from central: https://repo.maven.apache.org/maven2/org/apache/maven/archetype/archetype-packaging/3.1.2/archetype-packaging-3.1.2.jar (7.5 kB at 179 kB/s)
[ERROR] [ERROR] Some problems were encountered while processing the POMs:
[WARNING] 'build.plugins.plugin.version' for org.apache.maven.plugins:maven-resources-plugin is missing. @ org.orbisgis:h2gis-parent:2.0.0, /home/srafi/after-cam-ready/compare_/compile_repair_output/work/957b98c11aea/pom.xml, line 75, column 21
[WARNING] 'build.plugins.plugin.version' for org.apache.maven.plugins:maven-resources-plugin is missing. @ org.orbisgis:h2gis-parent:2.0.0, /home/srafi/after-cam-ready/compare_/compile_repair_output/work/957b98c11aea/pom.xml, line 75, column 21
[ERROR] 'dependencies.dependency.version' for org.orbisgis:cts:jar is missing. @ line 62, column 21
[WARNING] 'build.plugins.plugin.version' for org.apache.maven.plugins:maven-resources-plugin is missing. @ org.orbisgis:h2gis-parent:2.0.0, /home/srafi/after-cam-ready/compare_/compile_repair_output/work/957b98c11aea/pom.xml, line 75, column 21
[WARNING] 'build.plugins.plugin.version' for org.apache.maven.plugins:maven-resources-plugin is missing. @ org.orbisgis:h2gis-parent:2.0.0, /home/srafi/after-cam-ready/compare_/compile_repair_output/work/957b98c11aea/pom.xml, line 75, column 21
[ERROR] 'dependencies.dependency.version' for org.orbisgis:cts:jar is missing. @ line 46, column 21
[ERROR] 'dependencies.dependency.version' for org.orbisgis:poly2tri-core:jar is missing. @ line 62, column 21
[ERROR] 'dependencies.dependency.version' for org.orbisgis:postgis-jts-osgi:jar is missing. @ line 116, column 21
[WARNING] 'build.plugins.plugin.version' for org.apache.maven.plugins:maven-resources-plugin is missing. @ org.orbisgis:h2gis-parent:2.0.0, /home/srafi/after-cam-ready/compare_/compile_repair_output/work/957b98c11aea/pom.xml, line 75, column 21
[ERROR] 'dependencies.dependency.version' for org.orbisgis:java-network-analyzer:jar is missing. @ line 60, column 21
[WARNING] 'build.plugins.plugin.version' for org.apache.maven.plugins:maven-resources-plugin is missing. @ org.orbisgis:h2gis-parent:2.0.0, /home/srafi/after-cam-ready/compare_/compile_repair_output/work/957b98c11aea/pom.xml, line 75, column 21
[WARNING] 'build.plugins.plugin.version' for org.apache.maven.plugins:maven-resources-plugin is missing. @ org.orbisgis:h2gis-parent:2.0.0, /home/srafi/after-cam-ready/compare_/compile_repair_output/work/957b98c11aea/pom.xml, line 75, column 21
[WARNING] 'build.plugins.plugin.version' for org.apache.maven.plugins:maven-resources-plugin is missing. @ org.orbisgis:h2gis-parent:2.0.0, /home/srafi/after-cam-ready/compare_/compile_repair_output/work/957b98c11aea/pom.xml, line 75, column 21
[WARNING] 'build.plugins.plugin.version' for org.apache.maven.plugins:maven-resources-plugin is missing. @ line 75, column 21
 @ 
[ERROR] The build could not read 3 projects -> [Help 1]
[ERROR]   
[ERROR]   The project org.orbisgis:h2gis-utilities:2.0.0 (/home/srafi/after-cam-ready/compare_/compile_repair_output/work/957b98c11aea/h2gis-utilities/pom.xml) has 1 error
[ERROR]     'dependencies.dependency.version' for org.orbisgis:cts:jar is missing. @ line 62, column 21
[ERROR]   
[ERROR]   The project org.orbisgis:h2gis:2.0.0 (/home/srafi/after-cam-ready/compare_/compile_repair_output/work/957b98c11aea/h2gis-functions/pom.xml) has 3 errors
[ERROR]     'dependencies.dependency.version' for org.orbisgis:cts:jar is missing. @ line 46, column 21
[ERROR]     'dependencies.dependency.version' for org.orbisgis:poly2tri-core:jar is missing. @ line 62, column 21
[ERROR]     'dependencies.dependency.version' for org.orbisgis:postgis-jts-osgi:jar is missing. @ line 116, column 21
[ERROR]   
[ERROR]   The project org.orbisgis:h2gis-network:2.0.0 (/home/srafi/after-cam-ready/compare_/compile_repair_output/work/957b98c11aea/h2gis-network/pom.xml) has 1 error
[ERROR]     'dependencies.dependency.version' for org.orbisgis:java-network-analyzer:jar is missing. @ line 60, column 21
[ERROR] 
[ERROR] To see the full stack trace of the errors, re-run Maven with the -e switch.
[ERROR] Re-run Maven using the -X switch to enable full debug logging.
[ERROR] 
[ERROR] For more information about the errors and possible solutions, please read the following articles:
[ERROR] [Help 1] http://cwiki.apache.org/confluence/display/MAVEN/ProjectBuildingException
