JAVA_HOME=/usr/lib/jvm/java-17-openjdk-amd64
COMMAND=mvn -B clean install -DskipTests -U -pl flink-connectors/flink-connector-hive -am -Ddependency-check.skip=true -Dgpg.skip=true -DfailIfNoTests=false -Dskip.installnodenpm=true -Dskip.npm=true -Dskip.yarn=true -Dlicense.skip=true -Dcheckstyle.skip=true -Drat.skip=true -Denforcer.skip=true -Danimal.sniffer.skip=true -Dmaven.javadoc.skip=true -Dfindbugs.skip=true -Dspotbugs.skip=true -Dwarbucks.skip=true -Dmodernizer.skip=true -Dimpsort.skip=true -Dmdep.analyze.skip=true -Dpgpverify.skip=true -Dxml.skip=true -Dcobertura.skip=true

[INFO] Scanning for projects...
[WARNING] 
[WARNING] Some problems were encountered while building the effective model for org.apache.flink:flink-scala_2.11:jar:1.10
[WARNING] 'artifactId' contains an expression but should be a constant. @ org.apache.flink:flink-scala_${scala.binary.version}:1.10, /home/srafi/after-cam-ready/compare_/compile_repair_output/work/30336dd5caab/flink-scala/pom.xml, line 31, column 14
[WARNING] 'build.plugins.plugin.version' for org.codehaus.mojo:build-helper-maven-plugin is missing. @ org.apache.flink:flink-scala_${scala.binary.version}:1.10, /home/srafi/after-cam-ready/compare_/compile_repair_output/work/30336dd5caab/flink-scala/pom.xml, line 215, column 12
[WARNING] 
[WARNING] Some problems were encountered while building the effective model for org.apache.flink:flink-runtime_2.11:jar:1.10
[WARNING] 'artifactId' contains an expression but should be a constant. @ org.apache.flink:flink-runtime_${scala.binary.version}:1.10, /home/srafi/after-cam-ready/compare_/compile_repair_output/work/30336dd5caab/flink-runtime/pom.xml, line 32, column 14
[WARNING] 'build.plugins.plugin.version' for org.codehaus.mojo:build-helper-maven-plugin is missing. @ org.apache.flink:flink-runtime_${scala.binary.version}:1.10, /home/srafi/after-cam-ready/compare_/compile_repair_output/work/30336dd5caab/flink-runtime/pom.xml, line 424, column 12
[WARNING] 
[WARNING] Some problems were encountered while building the effective model for org.apache.flink:flink-runtime-web_2.11:jar:1.10
[WARNING] 'artifactId' contains an expression but should be a constant. @ org.apache.flink:flink-runtime-web_${scala.binary.version}:1.10, /home/srafi/after-cam-ready/compare_/compile_repair_output/work/30336dd5caab/flink-runtime-web/pom.xml, line 32, column 14
[WARNING] 
[WARNING] Some problems were encountered while building the effective model for org.apache.flink:flink-optimizer_2.11:jar:1.10
[WARNING] 'artifactId' contains an expression but should be a constant. @ org.apache.flink:flink-optimizer_${scala.binary.version}:1.10, /home/srafi/after-cam-ready/compare_/compile_repair_output/work/30336dd5caab/flink-optimizer/pom.xml, line 32, column 14
[WARNING] 
[WARNING] Some problems were encountered while building the effective model for org.apache.flink:flink-streaming-java_2.11:jar:1.10
[WARNING] 'artifactId' contains an expression but should be a constant. @ org.apache.flink:flink-streaming-java_${scala.binary.version}:1.10, /home/srafi/after-cam-ready/compare_/compile_repair_output/work/30336dd5caab/flink-streaming-java/pom.xml, line 32, column 14
[WARNING] 
[WARNING] Some problems were encountered while building the effective model for org.apache.flink:flink-streaming-scala_2.11:jar:1.10
[WARNING] 'artifactId' contains an expression but should be a constant. @ org.apache.flink:flink-streaming-scala_${scala.binary.version}:1.10, /home/srafi/after-cam-ready/compare_/compile_repair_output/work/30336dd5caab/flink-streaming-scala/pom.xml, line 31, column 14
[WARNING] 'build.plugins.plugin.version' for org.codehaus.mojo:build-helper-maven-plugin is missing. @ org.apache.flink:flink-streaming-scala_${scala.binary.version}:1.10, /home/srafi/after-cam-ready/compare_/compile_repair_output/work/30336dd5caab/flink-streaming-scala/pom.xml, line 200, column 12
[WARNING] 
[WARNING] Some problems were encountered while building the effective model for org.apache.flink:flink-orc_2.11:jar:1.10
[WARNING] 'artifactId' contains an expression but should be a constant. @ org.apache.flink:flink-orc_${scala.binary.version}:1.10, /home/srafi/after-cam-ready/compare_/compile_repair_output/work/30336dd5caab/flink-connectors/flink-orc/pom.xml, line 32, column 14
[WARNING] 
[WARNING] Some problems were encountered while building the effective model for org.apache.flink:flink-jdbc_2.11:jar:1.10
[WARNING] 'artifactId' contains an expression but should be a constant. @ org.apache.flink:flink-jdbc_${scala.binary.version}:1.10, /home/srafi/after-cam-ready/compare_/compile_repair_output/work/30336dd5caab/flink-connectors/flink-jdbc/pom.xml, line 33, column 14
[WARNING] 
[WARNING] Some problems were encountered while building the effective model for org.apache.flink:flink-hadoop-compatibility_2.11:jar:1.10
[WARNING] 'artifactId' contains an expression but should be a constant. @ org.apache.flink:flink-hadoop-compatibility_${scala.binary.version}:1.10, /home/srafi/after-cam-ready/compare_/compile_repair_output/work/30336dd5caab/flink-connectors/flink-hadoop-compatibility/pom.xml, line 32, column 14
[WARNING] 'build.plugins.plugin.version' for org.codehaus.mojo:build-helper-maven-plugin is missing. @ org.apache.flink:flink-hadoop-compatibility_${scala.binary.version}:1.10, /home/srafi/after-cam-ready/compare_/compile_repair_output/work/30336dd5caab/flink-connectors/flink-hadoop-compatibility/pom.xml, line 149, column 12
[WARNING] 
[WARNING] Some problems were encountered while building the effective model for org.apache.flink:flink-hbase_2.11:jar:1.10
[WARNING] 'artifactId' contains an expression but should be a constant. @ org.apache.flink:flink-hbase_${scala.binary.version}:1.10, /home/srafi/after-cam-ready/compare_/compile_repair_output/work/30336dd5caab/flink-connectors/flink-hbase/pom.xml, line 32, column 14
[WARNING] 
[WARNING] Some problems were encountered while building the effective model for org.apache.flink:flink-hcatalog_2.11:jar:1.10
[WARNING] 'artifactId' contains an expression but should be a constant. @ org.apache.flink:flink-hcatalog_${scala.binary.version}:1.10, /home/srafi/after-cam-ready/compare_/compile_repair_output/work/30336dd5caab/flink-connectors/flink-hcatalog/pom.xml, line 32, column 14
[WARNING] 'build.plugins.plugin.version' for org.codehaus.mojo:build-helper-maven-plugin is missing. @ org.apache.flink:flink-hcatalog_${scala.binary.version}:1.10, /home/srafi/after-cam-ready/compare_/compile_repair_output/work/30336dd5caab/flink-connectors/flink-hcatalog/pom.xml, line 143, column 12
[WARNING] 
[WARNING] Some problems were encountered while building the effective model for org.apache.flink:flink-connector-kafka-base_2.11:jar:1.10
[WARNING] 'artifactId' contains an expression but should be a constant. @ org.apache.flink:flink-connector-kafka-base_${scala.binary.version}:1.10, /home/srafi/after-cam-ready/compare_/compile_repair_output/work/30336dd5caab/flink-connectors/flink-connector-kafka-base/pom.xml, line 33, column 14
[WARNING] 
[WARNING] Some problems were encountered while building the effective model for org.apache.flink:flink-connector-kafka-0.9_2.11:jar:1.10
[WARNING] 'artifactId' contains an expression but should be a constant. @ org.apache.flink:flink-connector-kafka-0.9_${scala.binary.version}:1.10, /home/srafi/after-cam-ready/compare_/compile_repair_output/work/30336dd5caab/flink-connectors/flink-connector-kafka-0.9/pom.xml, line 33, column 14
[WARNING] 
[WARNING] Some problems were encountered while building the effective model for org.apache.flink:flink-connector-kafka-0.10_2.11:jar:1.10
[WARNING] 'artifactId' contains an expression but should be a constant. @ org.apache.flink:flink-connector-kafka-0.10_${scala.binary.version}:1.10, /home/srafi/after-cam-ready/compare_/compile_repair_output/work/30336dd5caab/flink-connectors/flink-connector-kafka-0.10/pom.xml, line 33, column 14
[WARNING] 
[WARNING] Some problems were encountered while building the effective model for org.apache.flink:flink-connector-kafka-0.11_2.11:jar:1.10
[WARNING] 'artifactId' contains an expression but should be a constant. @ org.apache.flink:flink-connector-kafka-0.11_${scala.binary.version}:1.10, /home/srafi/after-cam-ready/compare_/compile_repair_output/work/30336dd5caab/flink-connectors/flink-connector-kafka-0.11/pom.xml, line 33, column 14
[WARNING] 
[WARNING] Some problems were encountered while building the effective model for org.apache.flink:flink-connector-elasticsearch-base_2.11:jar:1.10
[WARNING] 'artifactId' contains an expression but should be a constant. @ org.apache.flink:flink-connector-elasticsearch-base_${scala.binary.version}:1.10, /home/srafi/after-cam-ready/compare_/compile_repair_output/work/30336dd5caab/flink-connectors/flink-connector-elasticsearch-base/pom.xml, line 33, column 14
[WARNING] 
[WARNING] Some problems were encountered while building the effective model for org.apache.flink:flink-connector-elasticsearch2_2.11:jar:1.10
[WARNING] 'artifactId' contains an expression but should be a constant. @ org.apache.flink:flink-connector-elasticsearch2_${scala.binary.version}:1.10, /home/srafi/after-cam-ready/compare_/compile_repair_output/work/30336dd5caab/flink-connectors/flink-connector-elasticsearch2/pom.xml, line 33, column 14
[WARNING] 
[WARNING] Some problems were encountered while building the effective model for org.apache.flink:flink-connector-elasticsearch5_2.11:jar:1.10
[WARNING] 'artifactId' contains an expression but should be a constant. @ org.apache.flink:flink-connector-elasticsearch5_${scala.binary.version}:1.10, /home/srafi/after-cam-ready/compare_/compile_repair_output/work/30336dd5caab/flink-connectors/flink-connector-elasticsearch5/pom.xml, line 33, column 14
[WARNING] 
[WARNING] Some problems were encountered while building the effective model for org.apache.flink:flink-connector-elasticsearch6_2.11:jar:1.10
[WARNING] 'artifactId' contains an expression but should be a constant. @ org.apache.flink:flink-connector-elasticsearch6_${scala.binary.version}:1.10, /home/srafi/after-cam-ready/compare_/compile_repair_output/work/30336dd5caab/flink-connectors/flink-connector-elasticsearch6/pom.xml, line 33, column 14
[WARNING] 
[WARNING] Some problems were encountered while building the effective model for org.apache.flink:flink-connector-elasticsearch7_2.11:jar:1.10
[WARNING] 'artifactId' contains an expression but should be a constant. @ org.apache.flink:flink-connector-elasticsearch7_${scala.binary.version}:1.10, /home/srafi/after-cam-ready/compare_/compile_repair_output/work/30336dd5caab/flink-connectors/flink-connector-elasticsearch7/pom.xml, line 33, column 14
[WARNING] 
[WARNING] Some problems were encountered while building the effective model for org.apache.flink:flink-connector-hive_2.11:jar:1.10
[WARNING] 'artifactId' contains an expression but should be a constant. @ org.apache.flink:flink-connector-hive_${scala.binary.version}:1.10, /home/srafi/after-cam-ready/compare_/compile_repair_output/work/30336dd5caab/flink-connectors/flink-connector-hive/pom.xml, line 33, column 14
[WARNING] 
[WARNING] Some problems were encountered while building the effective model for org.apache.flink:flink-connector-rabbitmq_2.11:jar:1.10
[WARNING] 'artifactId' contains an expression but should be a constant. @ org.apache.flink:flink-connector-rabbitmq_${scala.binary.version}:1.10, /home/srafi/after-cam-ready/compare_/compile_repair_output/work/30336dd5caab/flink-connectors/flink-connector-rabbitmq/pom.xml, line 33, column 14
[WARNING] 
[WARNING] Some problems were encountered while building the effective model for org.apache.flink:flink-connector-twitter_2.11:jar:1.10
[WARNING] 'artifactId' contains an expression but should be a constant. @ org.apache.flink:flink-connector-twitter_${scala.binary.version}:1.10, /home/srafi/after-cam-ready/compare_/compile_repair_output/work/30336dd5caab/flink-connectors/flink-connector-twitter/pom.xml, line 33, column 14
[WARNING] 
[WARNING] Some problems were encountered while building the effective model for org.apache.flink:flink-connector-nifi_2.11:jar:1.10
[WARNING] 'artifactId' contains an expression but should be a constant. @ org.apache.flink:flink-connector-nifi_${scala.binary.version}:1.10, /home/srafi/after-cam-ready/compare_/compile_repair_output/work/30336dd5caab/flink-connectors/flink-connector-nifi/pom.xml, line 33, column 14
[WARNING] 
[WARNING] Some problems were encountered while building the effective model for org.apache.flink:flink-connector-cassandra_2.11:jar:1.10
[WARNING] 'artifactId' contains an expression but should be a constant. @ org.apache.flink:flink-connector-cassandra_${scala.binary.version}:1.10, /home/srafi/after-cam-ready/compare_/compile_repair_output/work/30336dd5caab/flink-connectors/flink-connector-cassandra/pom.xml, line 33, column 14
[WARNING] 
[WARNING] Some problems were encountered while building the effective model for org.apache.flink:flink-connector-filesystem_2.11:jar:1.10
[WARNING] 'artifactId' contains an expression but should be a constant. @ org.apache.flink:flink-connector-filesystem_${scala.binary.version}:1.10, /home/srafi/after-cam-ready/compare_/compile_repair_output/work/30336dd5caab/flink-connectors/flink-connector-filesystem/pom.xml, line 33, column 14
[WARNING] 
[WARNING] Some problems were encountered while building the effective model for org.apache.flink:flink-connector-kafka_2.11:jar:1.10
[WARNING] 'artifactId' contains an expression but should be a constant. @ org.apache.flink:flink-connector-kafka_${scala.binary.version}:1.10, /home/srafi/after-cam-ready/compare_/compile_repair_output/work/30336dd5caab/flink-connectors/flink-connector-kafka/pom.xml, line 33, column 14
[WARNING] 
[WARNING] Some problems were encountered while building the effective model for org.apache.flink:flink-connector-gcp-pubsub_2.11:jar:1.10
[WARNING] 'artifactId' contains an expression but should be a constant. @ org.apache.flink:flink-connector-gcp-pubsub_${scala.binary.version}:1.10, /home/srafi/after-cam-ready/compare_/compile_repair_output/work/30336dd5caab/flink-connectors/flink-connector-gcp-pubsub/pom.xml, line 33, column 14
[WARNING] 
[WARNING] Some problems were encountered while building the effective model for org.apache.flink:flink-connector-kinesis_2.11:jar:1.10
[WARNING] 'artifactId' contains an expression but should be a constant. @ org.apache.flink:flink-connector-kinesis_${scala.binary.version}:1.10, /home/srafi/after-cam-ready/compare_/compile_repair_output/work/30336dd5caab/flink-connectors/flink-connector-kinesis/pom.xml, line 33, column 14
[WARNING] 
[WARNING] Some problems were encountered while building the effective model for org.apache.flink:flink-sql-connector-elasticsearch7_2.11:jar:1.10
[WARNING] 'artifactId' contains an expression but should be a constant. @ org.apache.flink:flink-sql-connector-elasticsearch7_${scala.binary.version}:1.10, /home/srafi/after-cam-ready/compare_/compile_repair_output/work/30336dd5caab/flink-connectors/flink-sql-connector-elasticsearch7/pom.xml, line 33, column 14
[WARNING] 
[WARNING] Some problems were encountered while building the effective model for org.apache.flink:flink-sql-connector-elasticsearch6_2.11:jar:1.10
[WARNING] 'artifactId' contains an expression but should be a constant. @ org.apache.flink:flink-sql-connector-elasticsearch6_${scala.binary.version}:1.10, /home/srafi/after-cam-ready/compare_/compile_repair_output/work/30336dd5caab/flink-connectors/flink-sql-connector-elasticsearch6/pom.xml, line 33, column 14
[WARNING] 
[WARNING] Some problems were encountered while building the effective model for org.apache.flink:flink-sql-connector-kafka-0.9_2.11:jar:1.10
[WARNING] 'artifactId' contains an expression but should be a constant. @ org.apache.flink:flink-sql-connector-kafka-0.9_${scala.binary.version}:1.10, /home/srafi/after-cam-ready/compare_/compile_repair_output/work/30336dd5caab/flink-connectors/flink-sql-connector-kafka-0.9/pom.xml, line 33, column 14
[WARNING] 
[WARNING] Some problems were encountered while building the effective model for org.apache.flink:flink-sql-connector-kafka-0.10_2.11:jar:1.10
[WARNING] 'artifactId' contains an expression but should be a constant. @ org.apache.flink:flink-sql-connector-kafka-0.10_${scala.binary.version}:1.10, /home/srafi/after-cam-ready/compare_/compile_repair_output/work/30336dd5caab/flink-connectors/flink-sql-connector-kafka-0.10/pom.xml, line 33, column 14
[WARNING] 
[WARNING] Some problems were encountered while building the effective model for org.apache.flink:flink-sql-connector-kafka-0.11_2.11:jar:1.10
[WARNING] 'artifactId' contains an expression but should be a constant. @ org.apache.flink:flink-sql-connector-kafka-0.11_${scala.binary.version}:1.10, /home/srafi/after-cam-ready/compare_/compile_repair_output/work/30336dd5caab/flink-connectors/flink-sql-connector-kafka-0.11/pom.xml, line 33, column 14
[WARNING] 
[WARNING] Some problems were encountered while building the effective model for org.apache.flink:flink-sql-connector-kafka_2.11:jar:1.10
[WARNING] 'artifactId' contains an expression but should be a constant. @ org.apache.flink:flink-sql-connector-kafka_${scala.binary.version}:1.10, /home/srafi/after-cam-ready/compare_/compile_repair_output/work/30336dd5caab/flink-connectors/flink-sql-connector-kafka/pom.xml, line 33, column 14
[WARNING] 
[WARNING] Some problems were encountered while building the effective model for org.apache.flink:flink-connector-kafka-0.8_2.11:jar:1.10
[WARNING] 'artifactId' contains an expression but should be a constant. @ org.apache.flink:flink-connector-kafka-0.8_${scala.binary.version}:1.10, /home/srafi/after-cam-ready/compare_/compile_repair_output/work/30336dd5caab/flink-connectors/flink-connector-kafka-0.8/pom.xml, line 33, column 14
[WARNING] 
[WARNING] Some problems were encountered while building the effective model for org.apache.flink:flink-parquet_2.11:jar:1.10
[WARNING] 'artifactId' contains an expression but should be a constant. @ org.apache.flink:flink-parquet_${scala.binary.version}:1.10, /home/srafi/after-cam-ready/compare_/compile_repair_output/work/30336dd5caab/flink-formats/flink-parquet/pom.xml, line 32, column 14
[WARNING] 
[WARNING] Some problems were encountered while building the effective model for org.apache.flink:flink-examples-batch_2.11:jar:1.10
[WARNING] 'artifactId' contains an expression but should be a constant. @ org.apache.flink:flink-examples-batch_${scala.binary.version}:1.10, /home/srafi/after-cam-ready/compare_/compile_repair_output/work/30336dd5caab/flink-examples/flink-examples-batch/pom.xml, line 31, column 14
[WARNING] 'build.plugins.plugin.version' for org.codehaus.mojo:build-helper-maven-plugin is missing. @ org.apache.flink:flink-examples-batch_${scala.binary.version}:1.10, /home/srafi/after-cam-ready/compare_/compile_repair_output/work/30336dd5caab/flink-examples/flink-examples-batch/pom.xml, line 112, column 12
[WARNING] 
[WARNING] Some problems were encountered while building the effective model for org.apache.flink:flink-examples-streaming_2.11:jar:1.10
[WARNING] 'artifactId' contains an expression but should be a constant. @ org.apache.flink:flink-examples-streaming_${scala.binary.version}:1.10, /home/srafi/after-cam-ready/compare_/compile_repair_output/work/30336dd5caab/flink-examples/flink-examples-streaming/pom.xml, line 32, column 14
[WARNING] 'build.plugins.plugin.version' for org.codehaus.mojo:build-helper-maven-plugin is missing. @ org.apache.flink:flink-examples-streaming_${scala.binary.version}:1.10, /home/srafi/after-cam-ready/compare_/compile_repair_output/work/30336dd5caab/flink-examples/flink-examples-streaming/pom.xml, line 435, column 12
[WARNING] 
[WARNING] Some problems were encountered while building the effective model for org.apache.flink:flink-examples-table_2.11:jar:1.10
[WARNING] 'artifactId' contains an expression but should be a constant. @ org.apache.flink:flink-examples-table_${scala.binary.version}:1.10, /home/srafi/after-cam-ready/compare_/compile_repair_output/work/30336dd5caab/flink-examples/flink-examples-table/pom.xml, line 33, column 14
[WARNING] 
[WARNING] Some problems were encountered while building the effective model for org.apache.flink:flink-examples-streaming-twitter_2.11:jar:1.10
[WARNING] 'artifactId' contains an expression but should be a constant. @ org.apache.flink:flink-examples-streaming-twitter_${scala.binary.version}:1.10, /home/srafi/after-cam-ready/compare_/compile_repair_output/work/30336dd5caab/flink-examples/flink-examples-build-helper/flink-examples-streaming-twitter/pom.xml, line 31, column 14
[WARNING] 
[WARNING] Some problems were encountered while building the effective model for org.apache.flink:flink-examples-streaming-state-machine_2.11:jar:1.10
[WARNING] 'artifactId' contains an expression but should be a constant. @ org.apache.flink:flink-examples-streaming-state-machine_${scala.binary.version}:1.10, /home/srafi/after-cam-ready/compare_/compile_repair_output/work/30336dd5caab/flink-examples/flink-examples-build-helper/flink-examples-streaming-state-machine/pom.xml, line 31, column 14
[WARNING] 
[WARNING] Some problems were encountered while building the effective model for org.apache.flink:flink-examples-streaming-gcp-pubsub_2.11:jar:1.10
[WARNING] 'artifactId' contains an expression but should be a constant. @ org.apache.flink:flink-examples-streaming-gcp-pubsub_${scala.binary.version}:1.10, /home/srafi/after-cam-ready/compare_/compile_repair_output/work/30336dd5caab/flink-examples/flink-examples-build-helper/flink-examples-streaming-gcp-pubsub/pom.xml, line 31, column 14
[WARNING] 
[WARNING] Some problems were encountered while building the effective model for org.apache.flink:flink-clients_2.11:jar:1.10
[WARNING] 'artifactId' contains an expression but should be a constant. @ org.apache.flink:flink-clients_${scala.binary.version}:1.10, /home/srafi/after-cam-ready/compare_/compile_repair_output/work/30336dd5caab/flink-clients/pom.xml, line 33, column 14
[WARNING] 
[WARNING] Some problems were encountered while building the effective model for org.apache.flink:flink-container_2.11:jar:1.10
[WARNING] 'artifactId' contains an expression but should be a constant. @ org.apache.flink:flink-container_${scala.binary.version}:1.10, /home/srafi/after-cam-ready/compare_/compile_repair_output/work/30336dd5caab/flink-container/pom.xml, line 31, column 14
[WARNING] 
[WARNING] Some problems were encountered while building the effective model for org.apache.flink:flink-queryable-state-runtime_2.11:jar:1.10
[WARNING] 'artifactId' contains an expression but should be a constant. @ org.apache.flink:flink-queryable-state-runtime_${scala.binary.version}:1.10, /home/srafi/after-cam-ready/compare_/compile_repair_output/work/30336dd5caab/flink-queryable-state/flink-queryable-state-runtime/pom.xml, line 33, column 14
[WARNING] 
[WARNING] Some problems were encountered while building the effective model for org.apache.flink:flink-tests:jar:1.10
[WARNING] 'build.plugins.plugin.version' for org.codehaus.mojo:build-helper-maven-plugin is missing. @ line 329, column 12
[WARNING] 
[WARNING] Some problems were encountered while building the effective model for org.apache.flink:flink-cli-test_2.11:jar:1.10
[WARNING] 'artifactId' contains an expression but should be a constant. @ org.apache.flink:flink-cli-test_${scala.binary.version}:1.10, /home/srafi/after-cam-ready/compare_/compile_repair_output/work/30336dd5caab/flink-end-to-end-tests/flink-cli-test/pom.xml, line 33, column 14
[WARNING] 
[WARNING] Some problems were encountered while building the effective model for org.apache.flink:flink-parent-child-classloading-test-program_2.11:jar:1.10
[WARNING] 'artifactId' contains an expression but should be a constant. @ org.apache.flink:flink-parent-child-classloading-test-program_${scala.binary.version}:1.10, /home/srafi/after-cam-ready/compare_/compile_repair_output/work/30336dd5caab/flink-end-to-end-tests/flink-parent-child-classloading-test-program/pom.xml, line 38, column 14
[WARNING] 
[WARNING] Some problems were encountered while building the effective model for org.apache.flink:flink-parent-child-classloading-test-lib-package_2.11:jar:1.10
[WARNING] 'artifactId' contains an expression but should be a constant. @ org.apache.flink:flink-parent-child-classloading-test-lib-package_${scala.binary.version}:1.10, /home/srafi/after-cam-ready/compare_/compile_repair_output/work/30336dd5caab/flink-end-to-end-tests/flink-parent-child-classloading-test-lib-package/pom.xml, line 38, column 14
[WARNING] 
[WARNING] Some problems were encountered while building the effective model for org.apache.flink:flink-batch-sql-test_2.11:jar:1.10
[WARNING] 'artifactId' contains an expression but should be a constant. @ org.apache.flink:flink-batch-sql-test_${scala.binary.version}:1.10, /home/srafi/after-cam-ready/compare_/compile_repair_output/work/30336dd5caab/flink-end-to-end-tests/flink-batch-sql-test/pom.xml, line 33, column 14
[WARNING] 
[WARNING] Some problems were encountered while building the effective model for org.apache.flink:flink-stream-sql-test_2.11:jar:1.10
[WARNING] 'artifactId' contains an expression but should be a constant. @ org.apache.flink:flink-stream-sql-test_${scala.binary.version}:1.10, /home/srafi/after-cam-ready/compare_/compile_repair_output/work/30336dd5caab/flink-end-to-end-tests/flink-stream-sql-test/pom.xml, line 33, column 14
[WARNING] 
[WARNING] Some problems were encountered while building the effective model for org.apache.flink:flink-distributed-cache-via-blob-test_2.11:jar:1.10
[WARNING] 'artifactId' contains an expression but should be a constant. @ org.apache.flink:flink-distributed-cache-via-blob-test_${scala.binary.version}:1.10, /home/srafi/after-cam-ready/compare_/compile_repair_output/work/30336dd5caab/flink-end-to-end-tests/flink-distributed-cache-via-blob-test/pom.xml, line 33, column 14
[WARNING] 
[WARNING] Some problems were encountered while building the effective model for org.apache.flink:flink-queryable-state-test_2.11:jar:1.10
[WARNING] 'artifactId' contains an expression but should be a constant. @ org.apache.flink:flink-queryable-state-test_${scala.binary.version}:1.10, /home/srafi/after-cam-ready/compare_/compile_repair_output/work/30336dd5caab/flink-end-to-end-tests/flink-queryable-state-test/pom.xml, line 30, column 14
[WARNING] 
[WARNING] Some problems were encountered while building the effective model for org.apache.flink:flink-streaming-kafka-test-base_2.11:jar:1.10
[WARNING] 'artifactId' contains an expression but should be a constant. @ org.apache.flink:flink-streaming-kafka-test-base_${scala.binary.version}:1.10, /home/srafi/after-cam-ready/compare_/compile_repair_output/work/30336dd5caab/flink-end-to-end-tests/flink-streaming-kafka-test-base/pom.xml, line 31, column 14
[WARNING] 
[WARNING] Some problems were encountered while building the effective model for org.apache.flink:flink-streaming-kafka-test_2.11:jar:1.10
[WARNING] 'artifactId' contains an expression but should be a constant. @ org.apache.flink:flink-streaming-kafka-test_${scala.binary.version}:1.10, /home/srafi/after-cam-ready/compare_/compile_repair_output/work/30336dd5caab/flink-end-to-end-tests/flink-streaming-kafka-test/pom.xml, line 31, column 14
[WARNING] 
[WARNING] Some problems were encountered while building the effective model for org.apache.flink:flink-streaming-kafka011-test_2.11:jar:1.10
[WARNING] 'artifactId' contains an expression but should be a constant. @ org.apache.flink:flink-streaming-kafka011-test_${scala.binary.version}:1.10, /home/srafi/after-cam-ready/compare_/compile_repair_output/work/30336dd5caab/flink-end-to-end-tests/flink-streaming-kafka011-test/pom.xml, line 31, column 14
[WARNING] 
[WARNING] Some problems were encountered while building the effective model for org.apache.flink:flink-streaming-kafka010-test_2.11:jar:1.10
[WARNING] 'artifactId' contains an expression but should be a constant. @ org.apache.flink:flink-streaming-kafka010-test_${scala.binary.version}:1.10, /home/srafi/after-cam-ready/compare_/compile_repair_output/work/30336dd5caab/flink-end-to-end-tests/flink-streaming-kafka010-test/pom.xml, line 31, column 14
[WARNING] 
[WARNING] Some problems were encountered while building the effective model for org.apache.flink:flink-streaming-kinesis-test_2.11:jar:1.10
[WARNING] 'artifactId' contains an expression but should be a constant. @ org.apache.flink:flink-streaming-kinesis-test_${scala.binary.version}:1.10, /home/srafi/after-cam-ready/compare_/compile_repair_output/work/30336dd5caab/flink-end-to-end-tests/flink-streaming-kinesis-test/pom.xml, line 31, column 14
[WARNING] 
[WARNING] Some problems were encountered while building the effective model for org.apache.flink:flink-test-utils_2.11:jar:1.10
[WARNING] 'artifactId' contains an expression but should be a constant. @ org.apache.flink:flink-test-utils_${scala.binary.version}:1.10, /home/srafi/after-cam-ready/compare_/compile_repair_output/work/30336dd5caab/flink-test-utils-parent/flink-test-utils/pom.xml, line 32, column 14
[WARNING] 
[WARNING] Some problems were encountered while building the effective model for org.apache.flink:flink-statebackend-rocksdb_2.11:jar:1.10
[WARNING] 'artifactId' contains an expression but should be a constant. @ org.apache.flink:flink-statebackend-rocksdb_${scala.binary.version}:1.10, /home/srafi/after-cam-ready/compare_/compile_repair_output/work/30336dd5caab/flink-state-backends/flink-statebackend-rocksdb/pom.xml, line 34, column 14
[WARNING] 
[WARNING] Some problems were encountered while building the effective model for org.apache.flink:flink-statebackend-heap-spillable_2.11:jar:1.10
[WARNING] 'artifactId' contains an expression but should be a constant. @ org.apache.flink:flink-statebackend-heap-spillable_${scala.binary.version}:1.10, /home/srafi/after-cam-ready/compare_/compile_repair_output/work/30336dd5caab/flink-state-backends/flink-statebackend-heap-spillable/pom.xml, line 34, column 14
[WARNING] 
[WARNING] Some problems were encountered while building the effective model for org.apache.flink:flink-gelly_2.11:jar:1.10
[WARNING] 'artifactId' contains an expression but should be a constant. @ org.apache.flink:flink-gelly_${scala.binary.version}:1.10, /home/srafi/after-cam-ready/compare_/compile_repair_output/work/30336dd5caab/flink-libraries/flink-gelly/pom.xml, line 32, column 14
[WARNING] 
[WARNING] Some problems were encountered while building the effective model for org.apache.flink:flink-gelly-scala_2.11:jar:1.10
[WARNING] 'artifactId' contains an expression but should be a constant. @ org.apache.flink:flink-gelly-scala_${scala.binary.version}:1.10, /home/srafi/after-cam-ready/compare_/compile_repair_output/work/30336dd5caab/flink-libraries/flink-gelly-scala/pom.xml, line 31, column 17
[WARNING] 'build.plugins.plugin.version' for org.codehaus.mojo:build-helper-maven-plugin is missing. @ org.apache.flink:flink-gelly-scala_${scala.binary.version}:1.10, /home/srafi/after-cam-ready/compare_/compile_repair_output/work/30336dd5caab/flink-libraries/flink-gelly-scala/pom.xml, line 169, column 21
[WARNING] 
[WARNING] Some problems were encountered while building the effective model for org.apache.flink:flink-gelly-examples_2.11:jar:1.10
[WARNING] 'artifactId' contains an expression but should be a constant. @ org.apache.flink:flink-gelly-examples_${scala.binary.version}:1.10, /home/srafi/after-cam-ready/compare_/compile_repair_output/work/30336dd5caab/flink-libraries/flink-gelly-examples/pom.xml, line 30, column 14
[WARNING] 'build.plugins.plugin.version' for org.codehaus.mojo:build-helper-maven-plugin is missing. @ org.apache.flink:flink-gelly-examples_${scala.binary.version}:1.10, /home/srafi/after-cam-ready/compare_/compile_repair_output/work/30336dd5caab/flink-libraries/flink-gelly-examples/pom.xml, line 208, column 12
[WARNING] 
[WARNING] Some problems were encountered while building the effective model for org.apache.flink:flink-cep_2.11:jar:1.10
[WARNING] 'artifactId' contains an expression but should be a constant. @ org.apache.flink:flink-cep_${scala.binary.version}:1.10, /home/srafi/after-cam-ready/compare_/compile_repair_output/work/30336dd5caab/flink-libraries/flink-cep/pom.xml, line 33, column 17
[WARNING] 
[WARNING] Some problems were encountered while building the effective model for org.apache.flink:flink-cep-scala_2.11:jar:1.10
[WARNING] 'artifactId' contains an expression but should be a constant. @ org.apache.flink:flink-cep-scala_${scala.binary.version}:1.10, /home/srafi/after-cam-ready/compare_/compile_repair_output/work/30336dd5caab/flink-libraries/flink-cep-scala/pom.xml, line 33, column 17
[WARNING] 'build.plugins.plugin.version' for org.codehaus.mojo:build-helper-maven-plugin is missing. @ org.apache.flink:flink-cep-scala_${scala.binary.version}:1.10, /home/srafi/after-cam-ready/compare_/compile_repair_output/work/30336dd5caab/flink-libraries/flink-cep-scala/pom.xml, line 136, column 12
[WARNING] 
[WARNING] Some problems were encountered while building the effective model for org.apache.flink:flink-state-processor-api_2.11:jar:1.10
[WARNING] 'artifactId' contains an expression but should be a constant. @ org.apache.flink:flink-state-processor-api_${scala.binary.version}:1.10, /home/srafi/after-cam-ready/compare_/compile_repair_output/work/30336dd5caab/flink-libraries/flink-state-processing-api/pom.xml, line 33, column 14
[WARNING] 
[WARNING] Some problems were encountered while building the effective model for org.apache.flink:flink-table-api-scala_2.11:jar:1.10
[WARNING] 'artifactId' contains an expression but should be a constant. @ org.apache.flink:flink-table-api-scala_${scala.binary.version}:1.10, /home/srafi/after-cam-ready/compare_/compile_repair_output/work/30336dd5caab/flink-table/flink-table-api-scala/pom.xml, line 30, column 14
[WARNING] 
[WARNING] Some problems were encountered while building the effective model for org.apache.flink:flink-table-api-java-bridge_2.11:jar:1.10
[WARNING] 'artifactId' contains an expression but should be a constant. @ org.apache.flink:flink-table-api-java-bridge_${scala.binary.version}:1.10, /home/srafi/after-cam-ready/compare_/compile_repair_output/work/30336dd5caab/flink-table/flink-table-api-java-bridge/pom.xml, line 30, column 14
[WARNING] 
[WARNING] Some problems were encountered while building the effective model for org.apache.flink:flink-table-api-scala-bridge_2.11:jar:1.10
[WARNING] 'artifactId' contains an expression but should be a constant. @ org.apache.flink:flink-table-api-scala-bridge_${scala.binary.version}:1.10, /home/srafi/after-cam-ready/compare_/compile_repair_output/work/30336dd5caab/flink-table/flink-table-api-scala-bridge/pom.xml, line 30, column 14
[WARNING] 
[WARNING] Some problems were encountered while building the effective model for org.apache.flink:flink-table-planner_2.11:jar:1.10
[WARNING] 'artifactId' contains an expression but should be a constant. @ org.apache.flink:flink-table-planner_${scala.binary.version}:1.10, /home/srafi/after-cam-ready/compare_/compile_repair_output/work/30336dd5caab/flink-table/flink-table-planner/pom.xml, line 30, column 14
[WARNING] 
[WARNING] Some problems were encountered while building the effective model for org.apache.flink:flink-table-planner-blink_2.11:jar:1.10
[WARNING] 'artifactId' contains an expression but should be a constant. @ org.apache.flink:flink-table-planner-blink_${scala.binary.version}:1.10, /home/srafi/after-cam-ready/compare_/compile_repair_output/work/30336dd5caab/flink-table/flink-table-planner-blink/pom.xml, line 30, column 14
[WARNING] 
[WARNING] Some problems were encountered while building the effective model for org.apache.flink:flink-table-runtime-blink_2.11:jar:1.10
[WARNING] 'artifactId' contains an expression but should be a constant. @ org.apache.flink:flink-table-runtime-blink_${scala.binary.version}:1.10, /home/srafi/after-cam-ready/compare_/compile_repair_output/work/30336dd5caab/flink-table/flink-table-runtime-blink/pom.xml, line 30, column 14
[WARNING] 
[WARNING] Some problems were encountered while building the effective model for org.apache.flink:flink-table-uber_2.11:jar:1.10
[WARNING] 'artifactId' contains an expression but should be a constant. @ org.apache.flink:flink-table-uber_${scala.binary.version}:1.10, /home/srafi/after-cam-ready/compare_/compile_repair_output/work/30336dd5caab/flink-table/flink-table-uber/pom.xml, line 30, column 14
[WARNING] 
[WARNING] Some problems were encountered while building the effective model for org.apache.flink:flink-table-uber-blink_2.11:jar:1.10
[WARNING] 'artifactId' contains an expression but should be a constant. @ org.apache.flink:flink-table-uber-blink_${scala.binary.version}:1.10, /home/srafi/after-cam-ready/compare_/compile_repair_output/work/30336dd5caab/flink-table/flink-table-uber-blink/pom.xml, line 30, column 14
[WARNING] 
[WARNING] Some problems were encountered while building the effective model for org.apache.flink:flink-sql-client_2.11:jar:1.10
[WARNING] 'artifactId' contains an expression but should be a constant. @ org.apache.flink:flink-sql-client_${scala.binary.version}:1.10, /home/srafi/after-cam-ready/compare_/compile_repair_output/work/30336dd5caab/flink-table/flink-sql-client/pom.xml, line 30, column 14
[WARNING] 
[WARNING] Some problems were encountered while building the effective model for org.apache.flink:flink-connector-wikiedits_2.11:jar:1.10
[WARNING] 'artifactId' contains an expression but should be a constant. @ org.apache.flink:flink-connector-wikiedits_${scala.binary.version}:1.10, /home/srafi/after-cam-ready/compare_/compile_repair_output/work/30336dd5caab/flink-contrib/flink-connector-wikiedits/pom.xml, line 32, column 14
[WARNING] 
[WARNING] Some problems were encountered while building the effective model for org.apache.flink:flink-dist_2.11:jar:1.10
[WARNING] 'artifactId' contains an expression but should be a constant. @ org.apache.flink:flink-dist_${scala.binary.version}:1.10, /home/srafi/after-cam-ready/compare_/compile_repair_output/work/30336dd5caab/flink-dist/pom.xml, line 32, column 14
[WARNING] 
[WARNING] Some problems were encountered while building the effective model for org.apache.flink:flink-mesos_2.11:jar:1.10
[WARNING] 'artifactId' contains an expression but should be a constant. @ org.apache.flink:flink-mesos_${scala.binary.version}:1.10, /home/srafi/after-cam-ready/compare_/compile_repair_output/work/30336dd5caab/flink-mesos/pom.xml, line 30, column 14
[WARNING] 'build.plugins.plugin.version' for org.codehaus.mojo:build-helper-maven-plugin is missing. @ org.apache.flink:flink-mesos_${scala.binary.version}:1.10, /home/srafi/after-cam-ready/compare_/compile_repair_output/work/30336dd5caab/flink-mesos/pom.xml, line 216, column 12
[WARNING] 
[WARNING] Some problems were encountered while building the effective model for org.apache.flink:flink-metrics-influxdb_2.11:jar:1.10
[WARNING] 'artifactId' contains an expression but should be a constant. @ org.apache.flink:flink-metrics-influxdb_${scala.binary.version}:1.10, /home/srafi/after-cam-ready/compare_/compile_repair_output/work/30336dd5caab/flink-metrics/flink-metrics-influxdb/pom.xml, line 32, column 14
[WARNING] 
[WARNING] Some problems were encountered while building the effective model for org.apache.flink:flink-metrics-jmx_2.11:jar:1.10
[WARNING] 'artifactId' contains an expression but should be a constant. @ org.apache.flink:flink-metrics-jmx_${scala.binary.version}:1.10, /home/srafi/after-cam-ready/compare_/compile_repair_output/work/30336dd5caab/flink-metrics/flink-metrics-jmx/pom.xml, line 32, column 14
[WARNING] 
[WARNING] Some problems were encountered while building the effective model for org.apache.flink:flink-metrics-prometheus_2.11:jar:1.10
[WARNING] 'artifactId' contains an expression but should be a constant. @ org.apache.flink:flink-metrics-prometheus_${scala.binary.version}:1.10, /home/srafi/after-cam-ready/compare_/compile_repair_output/work/30336dd5caab/flink-metrics/flink-metrics-prometheus/pom.xml, line 32, column 14
[WARNING] 
[WARNING] Some problems were encountered while building the effective model for org.apache.flink:flink-yarn_2.11:jar:1.10
[WARNING] 'artifactId' contains an expression but should be a constant. @ org.apache.flink:flink-yarn_${scala.binary.version}:1.10, /home/srafi/after-cam-ready/compare_/compile_repair_output/work/30336dd5caab/flink-yarn/pom.xml, line 30, column 14
[WARNING] 
[WARNING] Some problems were encountered while building the effective model for org.apache.flink:flink-yarn-tests:jar:1.10
[WARNING] 'build.plugins.plugin.version' for org.codehaus.mojo:build-helper-maven-plugin is missing. @ line 302, column 12
[WARNING] 
[WARNING] Some problems were encountered while building the effective model for org.apache.flink:flink-python_2.11:jar:1.10
[WARNING] 'artifactId' contains an expression but should be a constant. @ org.apache.flink:flink-python_${scala.binary.version}:1.10, /home/srafi/after-cam-ready/compare_/compile_repair_output/work/30336dd5caab/flink-python/pom.xml, line 32, column 14
[WARNING] 
[WARNING] Some problems were encountered while building the effective model for org.apache.flink:flink-ml-lib_2.11:jar:1.10
[WARNING] 'artifactId' contains an expression but should be a constant. @ org.apache.flink:flink-ml-lib_${scala.binary.version}:1.10, /home/srafi/after-cam-ready/compare_/compile_repair_output/work/30336dd5caab/flink-ml-parent/flink-ml-lib/pom.xml, line 29, column 14
[WARNING] 
[WARNING] Some problems were encountered while building the effective model for org.apache.flink:flink-walkthrough-common_2.11:jar:1.10
[WARNING] 'artifactId' contains an expression but should be a constant. @ org.apache.flink:flink-walkthrough-common_${scala.binary.version}:1.10, /home/srafi/after-cam-ready/compare_/compile_repair_output/work/30336dd5caab/flink-walkthroughs/flink-walkthrough-common/pom.xml, line 34, column 14
[WARNING] 
[WARNING] Some problems were encountered while building the effective model for org.apache.flink:flink-scala-shell_2.11:jar:1.10
[WARNING] 'artifactId' contains an expression but should be a constant. @ org.apache.flink:flink-scala-shell_${scala.binary.version}:1.10, /home/srafi/after-cam-ready/compare_/compile_repair_output/work/30336dd5caab/flink-scala-shell/pom.xml, line 30, column 14
[WARNING] 'build.plugins.plugin.version' for org.codehaus.mojo:build-helper-maven-plugin is missing. @ org.apache.flink:flink-scala-shell_${scala.binary.version}:1.10, /home/srafi/after-cam-ready/compare_/compile_repair_output/work/30336dd5caab/flink-scala-shell/pom.xml, line 178, column 12
[WARNING] 
[WARNING] It is highly recommended to fix these problems because they threaten the stability of your build.
[WARNING] 
[WARNING] For this reason, future Maven versions might no longer support building such malformed projects.
[WARNING] 
Warning: KebabPizza disabling incompatible org.apache.rat:apache-rat-plugin from flink-parent
Warning: KebabPizza disabling incompatible org.apache.maven.plugins:maven-enforcer-plugin from flink-parent
Warning: KebabPizza disabling incompatible org.apache.rat:apache-rat-plugin from flink-annotations
Warning: KebabPizza disabling incompatible org.apache.maven.plugins:maven-enforcer-plugin from flink-annotations
Warning: KebabPizza disabling incompatible org.apache.rat:apache-rat-plugin from flink-shaded-curator
Warning: KebabPizza disabling incompatible org.apache.maven.plugins:maven-enforcer-plugin from flink-shaded-curator
Warning: KebabPizza disabling incompatible org.apache.rat:apache-rat-plugin from flink-test-utils-parent
Warning: KebabPizza disabling incompatible org.apache.maven.plugins:maven-enforcer-plugin from flink-test-utils-parent
Warning: KebabPizza disabling incompatible org.apache.rat:apache-rat-plugin from flink-test-utils-junit
Warning: KebabPizza disabling incompatible org.apache.maven.plugins:maven-enforcer-plugin from flink-test-utils-junit
Warning: KebabPizza disabling incompatible org.apache.rat:apache-rat-plugin from flink-metrics
Warning: KebabPizza disabling incompatible org.apache.maven.plugins:maven-enforcer-plugin from flink-metrics
Warning: KebabPizza disabling incompatible org.apache.rat:apache-rat-plugin from flink-metrics-core
Warning: KebabPizza disabling incompatible org.apache.maven.plugins:maven-enforcer-plugin from flink-metrics-core
Warning: KebabPizza disabling incompatible org.apache.rat:apache-rat-plugin from flink-core
Warning: KebabPizza disabling incompatible org.apache.maven.plugins:maven-enforcer-plugin from flink-core
Warning: KebabPizza disabling incompatible org.apache.rat:apache-rat-plugin from flink-java
Warning: KebabPizza disabling incompatible org.apache.maven.plugins:maven-enforcer-plugin from flink-java
Warning: KebabPizza disabling incompatible org.apache.rat:apache-rat-plugin from flink-queryable-state
Warning: KebabPizza disabling incompatible org.apache.maven.plugins:maven-enforcer-plugin from flink-queryable-state
Warning: KebabPizza disabling incompatible org.apache.rat:apache-rat-plugin from flink-queryable-state-client-java
Warning: KebabPizza disabling incompatible org.apache.maven.plugins:maven-enforcer-plugin from flink-queryable-state-client-java
Warning: KebabPizza disabling incompatible org.apache.rat:apache-rat-plugin from flink-filesystems
Warning: KebabPizza disabling incompatible org.apache.maven.plugins:maven-enforcer-plugin from flink-filesystems
Warning: KebabPizza disabling incompatible org.apache.rat:apache-rat-plugin from flink-hadoop-fs
Warning: KebabPizza disabling incompatible org.apache.maven.plugins:maven-enforcer-plugin from flink-hadoop-fs
Warning: KebabPizza disabling incompatible org.apache.rat:apache-rat-plugin from flink-runtime_2.11
Warning: KebabPizza disabling incompatible org.apache.maven.plugins:maven-enforcer-plugin from flink-runtime_2.11
Warning: KebabPizza disabling incompatible org.apache.rat:apache-rat-plugin from flink-scala_2.11
Warning: KebabPizza disabling incompatible org.apache.maven.plugins:maven-enforcer-plugin from flink-scala_2.11
Warning: KebabPizza disabling incompatible org.apache.rat:apache-rat-plugin from flink-optimizer_2.11
Warning: KebabPizza disabling incompatible org.apache.maven.plugins:maven-enforcer-plugin from flink-optimizer_2.11
Warning: KebabPizza disabling incompatible org.apache.rat:apache-rat-plugin from flink-clients_2.11
Warning: KebabPizza disabling incompatible org.apache.maven.plugins:maven-enforcer-plugin from flink-clients_2.11
Warning: KebabPizza disabling incompatible org.apache.rat:apache-rat-plugin from flink-streaming-java_2.11
Warning: KebabPizza disabling incompatible org.apache.maven.plugins:maven-enforcer-plugin from flink-streaming-java_2.11
Warning: KebabPizza disabling incompatible org.apache.rat:apache-rat-plugin from flink-test-utils_2.11
Warning: KebabPizza disabling incompatible org.apache.maven.plugins:maven-enforcer-plugin from flink-test-utils_2.11
Warning: KebabPizza disabling incompatible org.apache.rat:apache-rat-plugin from flink-runtime-web_2.11
Warning: KebabPizza disabling incompatible org.apache.maven.plugins:maven-enforcer-plugin from flink-runtime-web_2.11
Warning: KebabPizza disabling incompatible org.apache.rat:apache-rat-plugin from flink-examples
Warning: KebabPizza disabling incompatible org.apache.maven.plugins:maven-enforcer-plugin from flink-examples
Warning: KebabPizza disabling incompatible org.apache.rat:apache-rat-plugin from flink-examples-batch_2.11
Warning: KebabPizza disabling incompatible org.apache.maven.plugins:maven-enforcer-plugin from flink-examples-batch_2.11
Warning: KebabPizza disabling incompatible org.apache.rat:apache-rat-plugin from flink-connectors
Warning: KebabPizza disabling incompatible org.apache.maven.plugins:maven-enforcer-plugin from flink-connectors
Warning: KebabPizza disabling incompatible org.apache.rat:apache-rat-plugin from flink-hadoop-compatibility_2.11
Warning: KebabPizza disabling incompatible org.apache.maven.plugins:maven-enforcer-plugin from flink-hadoop-compatibility_2.11
Warning: KebabPizza disabling incompatible org.apache.rat:apache-rat-plugin from flink-state-backends
Warning: KebabPizza disabling incompatible org.apache.maven.plugins:maven-enforcer-plugin from flink-state-backends
Warning: KebabPizza disabling incompatible org.apache.rat:apache-rat-plugin from flink-statebackend-rocksdb_2.11
Warning: KebabPizza disabling incompatible org.apache.maven.plugins:maven-enforcer-plugin from flink-statebackend-rocksdb_2.11
Warning: KebabPizza disabling incompatible org.apache.rat:apache-rat-plugin from flink-tests
Warning: KebabPizza disabling incompatible org.apache.maven.plugins:maven-enforcer-plugin from flink-tests
Warning: KebabPizza disabling incompatible org.apache.rat:apache-rat-plugin from flink-streaming-scala_2.11
Warning: KebabPizza disabling incompatible org.apache.maven.plugins:maven-enforcer-plugin from flink-streaming-scala_2.11
Warning: KebabPizza disabling incompatible org.apache.rat:apache-rat-plugin from flink-table
Warning: KebabPizza disabling incompatible org.apache.maven.plugins:maven-enforcer-plugin from flink-table
Warning: KebabPizza disabling incompatible org.apache.rat:apache-rat-plugin from flink-table-common
Warning: KebabPizza disabling incompatible org.apache.maven.plugins:maven-enforcer-plugin from flink-table-common
Warning: KebabPizza disabling incompatible org.apache.rat:apache-rat-plugin from flink-table-api-java
Warning: KebabPizza disabling incompatible org.apache.maven.plugins:maven-enforcer-plugin from flink-table-api-java
Warning: KebabPizza disabling incompatible org.apache.rat:apache-rat-plugin from flink-table-api-java-bridge_2.11
Warning: KebabPizza disabling incompatible org.apache.maven.plugins:maven-enforcer-plugin from flink-table-api-java-bridge_2.11
Warning: KebabPizza disabling incompatible org.apache.rat:apache-rat-plugin from flink-table-api-scala_2.11
Warning: KebabPizza disabling incompatible org.apache.maven.plugins:maven-enforcer-plugin from flink-table-api-scala_2.11
Warning: KebabPizza disabling incompatible org.apache.rat:apache-rat-plugin from flink-table-api-scala-bridge_2.11
Warning: KebabPizza disabling incompatible org.apache.maven.plugins:maven-enforcer-plugin from flink-table-api-scala-bridge_2.11
Warning: KebabPizza disabling incompatible org.apache.rat:apache-rat-plugin from flink-sql-parser
Warning: KebabPizza disabling incompatible org.apache.maven.plugins:maven-enforcer-plugin from flink-sql-parser
Warning: KebabPizza disabling incompatible org.apache.rat:apache-rat-plugin from flink-libraries
Warning: KebabPizza disabling incompatible org.apache.maven.plugins:maven-enforcer-plugin from flink-libraries
Warning: KebabPizza disabling incompatible org.apache.rat:apache-rat-plugin from flink-cep_2.11
Warning: KebabPizza disabling incompatible org.apache.maven.plugins:maven-enforcer-plugin from flink-cep_2.11
Warning: KebabPizza disabling incompatible org.apache.rat:apache-rat-plugin from flink-table-planner_2.11
Warning: KebabPizza disabling incompatible org.apache.maven.plugins:maven-enforcer-plugin from flink-table-planner_2.11
Warning: KebabPizza disabling incompatible org.apache.rat:apache-rat-plugin from flink-table-runtime-blink_2.11
Warning: KebabPizza disabling incompatible org.apache.maven.plugins:maven-enforcer-plugin from flink-table-runtime-blink_2.11
Warning: KebabPizza disabling incompatible org.apache.rat:apache-rat-plugin from flink-table-planner-blink_2.11
Warning: KebabPizza disabling incompatible org.apache.maven.plugins:maven-enforcer-plugin from flink-table-planner-blink_2.11
Warning: KebabPizza disabling incompatible org.apache.rat:apache-rat-plugin from flink-formats
Warning: KebabPizza disabling incompatible org.apache.maven.plugins:maven-enforcer-plugin from flink-formats
Warning: KebabPizza disabling incompatible org.apache.rat:apache-rat-plugin from flink-csv
Warning: KebabPizza disabling incompatible org.apache.maven.plugins:maven-enforcer-plugin from flink-csv
Warning: KebabPizza disabling incompatible org.apache.rat:apache-rat-plugin from flink-connector-hive_2.11
Warning: KebabPizza disabling incompatible org.apache.maven.plugins:maven-enforcer-plugin from flink-connector-hive_2.11
[INFO] ------------------------------------------------------------------------
[INFO] Reactor Build Order:
[INFO] 
[INFO] force-shading                                                      [jar]
[INFO] flink                                                              [pom]
[INFO] flink-annotations                                                  [jar]
[INFO] flink-shaded-curator                                               [jar]
[INFO] flink-test-utils-parent                                            [pom]
[INFO] flink-test-utils-junit                                             [jar]
[INFO] flink-metrics                                                      [pom]
[INFO] flink-metrics-core                                                 [jar]
[INFO] flink-core                                                         [jar]
[INFO] flink-java                                                         [jar]
[INFO] flink-queryable-state                                              [pom]
[INFO] flink-queryable-state-client-java                                  [jar]
[INFO] flink-filesystems                                                  [pom]
[INFO] flink-hadoop-fs                                                    [jar]
[INFO] flink-runtime                                                      [jar]
[INFO] flink-scala                                                        [jar]
[INFO] flink-optimizer                                                    [jar]
[INFO] flink-clients                                                      [jar]
[INFO] flink-streaming-java                                               [jar]
[INFO] flink-test-utils                                                   [jar]
[INFO] flink-runtime-web                                                  [jar]
[INFO] flink-examples                                                     [pom]
[INFO] flink-examples-batch                                               [jar]
[INFO] flink-connectors                                                   [pom]
[INFO] flink-hadoop-compatibility                                         [jar]
[INFO] flink-state-backends                                               [pom]
[INFO] flink-statebackend-rocksdb                                         [jar]
[INFO] flink-tests                                                        [jar]
[INFO] flink-streaming-scala                                              [jar]
[INFO] flink-table                                                        [pom]
[INFO] flink-table-common                                                 [jar]
[INFO] flink-table-api-java                                               [jar]
[INFO] flink-table-api-java-bridge                                        [jar]
[INFO] flink-table-api-scala                                              [jar]
[INFO] flink-table-api-scala-bridge                                       [jar]
[INFO] flink-sql-parser                                                   [jar]
[INFO] flink-libraries                                                    [pom]
[INFO] flink-cep                                                          [jar]
[INFO] flink-table-planner                                                [jar]
[INFO] flink-table-runtime-blink                                          [jar]
[INFO] flink-table-planner-blink                                          [jar]
[INFO] flink-formats                                                      [pom]
[INFO] flink-csv                                                          [jar]
[INFO] flink-connector-hive                                               [jar]
[INFO] 
[INFO] -------------------< org.apache.flink:force-shading >-------------------
[INFO] Building force-shading 1.10                                       [1/44]
[INFO] --------------------------------[ jar ]---------------------------------
[INFO] 
[INFO] --- maven-clean-plugin:3.0.0:clean (default-clean) @ force-shading ---
[INFO] 
[INFO] --- maven-remote-resources-plugin:1.5:process (process-resource-bundles) @ force-shading ---
[INFO] 
[INFO] --- maven-resources-plugin:2.7:resources (default-resources) @ force-shading ---
[INFO] Using 'UTF-8' encoding to copy filtered resources.
[INFO] skip non existing resourceDirectory /home/srafi/after-cam-ready/compare_/compile_repair_output/work/30336dd5caab/tools/force-shading/src/main/resources
[INFO] Copying 3 resources
[INFO] 
[INFO] --- maven-compiler-plugin:3.5.1:compile (default-compile) @ force-shading ---
[INFO] No sources to compile
[INFO] 
[INFO] --- maven-resources-plugin:2.7:testResources (default-testResources) @ force-shading ---
[INFO] Using 'UTF-8' encoding to copy filtered resources.
[INFO] skip non existing resourceDirectory /home/srafi/after-cam-ready/compare_/compile_repair_output/work/30336dd5caab/tools/force-shading/src/test/resources
[INFO] Copying 3 resources
[INFO] 
[INFO] --- maven-compiler-plugin:3.5.1:testCompile (default-testCompile) @ force-shading ---
[INFO] No sources to compile
[INFO] 
[INFO] --- maven-surefire-plugin:3.0.0-M8-SNAPSHOT:test (default-test) @ force-shading ---
[INFO] Downloading from apache.snapshots: https://repository.apache.org/snapshots/org/apache/maven/surefire/maven-surefire-common/3.0.0-M8-SNAPSHOT/maven-metadata.xml
[INFO] Downloading from apache.snapshots: https://repository.apache.org/snapshots/org/apache/maven/surefire/surefire-api/3.0.0-M8-SNAPSHOT/maven-metadata.xml
[INFO] Downloading from apache.snapshots: https://repository.apache.org/snapshots/org/apache/maven/surefire/surefire-logger-api/3.0.0-M8-SNAPSHOT/maven-metadata.xml
[INFO] Downloading from apache.snapshots: https://repository.apache.org/snapshots/org/apache/maven/surefire/surefire-shared-utils/3.0.0-M8-SNAPSHOT/maven-metadata.xml
[INFO] Downloading from apache.snapshots: https://repository.apache.org/snapshots/org/apache/maven/surefire/surefire-extensions-api/3.0.0-M8-SNAPSHOT/maven-metadata.xml
[INFO] Downloading from apache.snapshots: https://repository.apache.org/snapshots/org/apache/maven/surefire/surefire-booter/3.0.0-M8-SNAPSHOT/maven-metadata.xml
[INFO] Downloading from apache.snapshots: https://repository.apache.org/snapshots/org/apache/maven/surefire/surefire-extensions-spi/3.0.0-M8-SNAPSHOT/maven-metadata.xml
[INFO] Tests are skipped.
[INFO] 
[INFO] --- maven-jar-plugin:3.0.0:jar (default-jar) @ force-shading ---
[INFO] Building jar: /home/srafi/after-cam-ready/compare_/compile_repair_output/work/30336dd5caab/tools/force-shading/target/force-shading-1.10.jar
[INFO] 
[INFO] --- maven-site-plugin:3.5.1:attach-descriptor (attach-descriptor) @ force-shading ---
[INFO] 
[INFO] --- maven-install-plugin:2.5.2:install (default-install) @ force-shading ---
[INFO] Installing /home/srafi/after-cam-ready/compare_/compile_repair_output/work/30336dd5caab/tools/force-shading/target/force-shading-1.10.jar to /home/srafi/.m2/repository/org/apache/flink/force-shading/1.10/force-shading-1.10.jar
[INFO] Installing /home/srafi/after-cam-ready/compare_/compile_repair_output/work/30336dd5caab/tools/force-shading/pom.xml to /home/srafi/.m2/repository/org/apache/flink/force-shading/1.10/force-shading-1.10.pom
[INFO] 
[INFO] -------------------< org.apache.flink:flink-parent >--------------------
[INFO] Building flink 1.10                                               [2/44]
[INFO] --------------------------------[ pom ]---------------------------------
[INFO] 
[INFO] --- maven-clean-plugin:3.1.0:clean (default-clean) @ flink-parent ---
[INFO] 
[INFO] --- maven-checkstyle-plugin:2.17:check (validate) @ flink-parent ---
[INFO] 
[INFO] --- directory-maven-plugin:0.1:highest-basedir (directories) @ flink-parent ---
[INFO] Highest basedir set to: /home/srafi/after-cam-ready/compare_/compile_repair_output/work/30336dd5caab
[INFO] 
[INFO] --- maven-remote-resources-plugin:1.5:process (process-resource-bundles) @ flink-parent ---
[INFO] 
[INFO] --- maven-surefire-plugin:3.0.0-M8-SNAPSHOT:test (default-test) @ flink-parent ---
[INFO] Tests are skipped.
[INFO] 
[INFO] --- maven-site-plugin:3.7.1:attach-descriptor (attach-descriptor) @ flink-parent ---
[INFO] No site descriptor found: nothing to attach.
[INFO] 
[INFO] --- maven-shade-plugin:3.1.1:shade (shade-flink) @ flink-parent ---
[INFO] Including org.apache.flink:force-shading:jar:1.10 in the shaded jar.
[INFO] Excluding org.slf4j:slf4j-api:jar:1.7.15 from the shaded jar.
[INFO] Excluding com.google.code.findbugs:jsr305:jar:1.3.9 from the shaded jar.
[INFO] No artifact matching filter io.netty:netty
[INFO] Replacing original artifact with shaded artifact.
[INFO] 
[INFO] --- maven-surefire-plugin:3.0.0-M8-SNAPSHOT:test (integration-tests) @ flink-parent ---
[INFO] Tests are skipped.
[INFO] 
[INFO] --- maven-install-plugin:2.5.2:install (default-install) @ flink-parent ---
[INFO] Installing /home/srafi/after-cam-ready/compare_/compile_repair_output/work/30336dd5caab/pom.xml to /home/srafi/.m2/repository/org/apache/flink/flink-parent/1.10/flink-parent-1.10.pom
[INFO] 
[INFO] -----------------< org.apache.flink:flink-annotations >-----------------
[INFO] Building flink-annotations 1.10                                   [3/44]
[INFO] --------------------------------[ jar ]---------------------------------
[INFO] 
[INFO] --- maven-clean-plugin:3.1.0:clean (default-clean) @ flink-annotations ---
[INFO] 
[INFO] --- maven-checkstyle-plugin:2.17:check (validate) @ flink-annotations ---
[INFO] 
[INFO] --- directory-maven-plugin:0.1:highest-basedir (directories) @ flink-annotations ---
[INFO] Highest basedir set to: /home/srafi/after-cam-ready/compare_/compile_repair_output/work/30336dd5caab
[INFO] 
[INFO] --- maven-remote-resources-plugin:1.5:process (process-resource-bundles) @ flink-annotations ---
[INFO] 
[INFO] --- maven-resources-plugin:3.1.0:resources (default-resources) @ flink-annotations ---
[INFO] Using 'UTF-8' encoding to copy filtered resources.
[INFO] skip non existing resourceDirectory /home/srafi/after-cam-ready/compare_/compile_repair_output/work/30336dd5caab/flink-annotations/src/main/resources
[INFO] Copying 3 resources
[INFO] 
[INFO] --- maven-compiler-plugin:3.8.0:compile (default-compile) @ flink-annotations ---
[INFO] Compiling 8 source files to /home/srafi/after-cam-ready/compare_/compile_repair_output/work/30336dd5caab/flink-annotations/target/classes
[INFO] 
[INFO] --- maven-resources-plugin:3.1.0:testResources (default-testResources) @ flink-annotations ---
[INFO] Using 'UTF-8' encoding to copy filtered resources.
[INFO] skip non existing resourceDirectory /home/srafi/after-cam-ready/compare_/compile_repair_output/work/30336dd5caab/flink-annotations/src/test/resources
[INFO] Copying 3 resources
[INFO] 
[INFO] --- maven-compiler-plugin:3.8.0:testCompile (default-testCompile) @ flink-annotations ---
[INFO] No sources to compile
[INFO] 
[INFO] --- maven-surefire-plugin:3.0.0-M8-SNAPSHOT:test (default-test) @ flink-annotations ---
[INFO] Tests are skipped.
[INFO] 
[INFO] --- maven-jar-plugin:2.4:jar (default-jar) @ flink-annotations ---
[INFO] Building jar: /home/srafi/after-cam-ready/compare_/compile_repair_output/work/30336dd5caab/flink-annotations/target/flink-annotations-1.10.jar
[INFO] 
[INFO] --- maven-site-plugin:3.7.1:attach-descriptor (attach-descriptor) @ flink-annotations ---
[INFO] Skipping because packaging 'jar' is not pom.
[INFO] 
[INFO] --- maven-shade-plugin:3.1.1:shade (shade-flink) @ flink-annotations ---
[INFO] Including org.apache.flink:force-shading:jar:1.10 in the shaded jar.
[INFO] Excluding org.slf4j:slf4j-api:jar:1.7.15 from the shaded jar.
[INFO] Excluding com.google.code.findbugs:jsr305:jar:1.3.9 from the shaded jar.
[INFO] No artifact matching filter io.netty:netty
[INFO] Replacing original artifact with shaded artifact.
[INFO] Replacing /home/srafi/after-cam-ready/compare_/compile_repair_output/work/30336dd5caab/flink-annotations/target/flink-annotations-1.10.jar with /home/srafi/after-cam-ready/compare_/compile_repair_output/work/30336dd5caab/flink-annotations/target/flink-annotations-1.10-shaded.jar
[INFO] Replacing original test artifact with shaded test artifact.
[INFO] Replacing /home/srafi/after-cam-ready/compare_/compile_repair_output/work/30336dd5caab/flink-annotations/target/flink-annotations-1.10-tests.jar with /home/srafi/after-cam-ready/compare_/compile_repair_output/work/30336dd5caab/flink-annotations/target/flink-annotations-1.10-shaded-tests.jar
[INFO] Dependency-reduced POM written at: /home/srafi/after-cam-ready/compare_/compile_repair_output/work/30336dd5caab/flink-annotations/target/dependency-reduced-pom.xml
[INFO] 
[INFO] --- maven-surefire-plugin:3.0.0-M8-SNAPSHOT:test (integration-tests) @ flink-annotations ---
[INFO] Tests are skipped.
[INFO] 
[INFO] --- maven-install-plugin:2.5.2:install (default-install) @ flink-annotations ---
[INFO] Installing /home/srafi/after-cam-ready/compare_/compile_repair_output/work/30336dd5caab/flink-annotations/target/flink-annotations-1.10.jar to /home/srafi/.m2/repository/org/apache/flink/flink-annotations/1.10/flink-annotations-1.10.jar
[INFO] Installing /home/srafi/after-cam-ready/compare_/compile_repair_output/work/30336dd5caab/flink-annotations/target/dependency-reduced-pom.xml to /home/srafi/.m2/repository/org/apache/flink/flink-annotations/1.10/flink-annotations-1.10.pom
[INFO] Installing /home/srafi/after-cam-ready/compare_/compile_repair_output/work/30336dd5caab/flink-annotations/target/flink-annotations-1.10-tests.jar to /home/srafi/.m2/repository/org/apache/flink/flink-annotations/1.10/flink-annotations-1.10-tests.jar
[INFO] 
[INFO] ---------------< org.apache.flink:flink-shaded-curator >----------------
[INFO] Building flink-shaded-curator 1.10                                [4/44]
[INFO] --------------------------------[ jar ]---------------------------------
[INFO] 
[INFO] --- maven-clean-plugin:3.1.0:clean (default-clean) @ flink-shaded-curator ---
[INFO] 
[INFO] --- maven-checkstyle-plugin:2.17:check (validate) @ flink-shaded-curator ---
[INFO] 
[INFO] --- directory-maven-plugin:0.1:highest-basedir (directories) @ flink-shaded-curator ---
[INFO] Highest basedir set to: /home/srafi/after-cam-ready/compare_/compile_repair_output/work/30336dd5caab
[INFO] 
[INFO] --- maven-remote-resources-plugin:1.5:process (process-resource-bundles) @ flink-shaded-curator ---
[INFO] 
[INFO] --- maven-resources-plugin:3.1.0:resources (default-resources) @ flink-shaded-curator ---
[INFO] Using 'UTF-8' encoding to copy filtered resources.
[INFO] Copying 0 resource
[INFO] Copying 3 resources
[INFO] 
[INFO] --- maven-compiler-plugin:3.8.0:compile (default-compile) @ flink-shaded-curator ---
[INFO] No sources to compile
[INFO] 
[INFO] --- maven-resources-plugin:3.1.0:testResources (default-testResources) @ flink-shaded-curator ---
[INFO] Using 'UTF-8' encoding to copy filtered resources.
[INFO] skip non existing resourceDirectory /home/srafi/after-cam-ready/compare_/compile_repair_output/work/30336dd5caab/flink-shaded-curator/src/test/resources
[INFO] Copying 3 resources
[INFO] 
[INFO] --- maven-compiler-plugin:3.8.0:testCompile (default-testCompile) @ flink-shaded-curator ---
[INFO] No sources to compile
[INFO] 
[INFO] --- maven-surefire-plugin:3.0.0-M8-SNAPSHOT:test (default-test) @ flink-shaded-curator ---
[INFO] Tests are skipped.
[INFO] 
[INFO] --- maven-jar-plugin:2.4:jar (default-jar) @ flink-shaded-curator ---
[INFO] Building jar: /home/srafi/after-cam-ready/compare_/compile_repair_output/work/30336dd5caab/flink-shaded-curator/target/flink-shaded-curator-1.10.jar
[INFO] 
[INFO] --- maven-site-plugin:3.7.1:attach-descriptor (attach-descriptor) @ flink-shaded-curator ---
[INFO] Skipping because packaging 'jar' is not pom.
[INFO] 
[INFO] --- maven-shade-plugin:3.1.1:shade (shade-flink) @ flink-shaded-curator ---
[INFO] Including org.apache.curator:curator-recipes:jar:2.12.0 in the shaded jar.
[INFO] Including org.apache.curator:curator-framework:jar:2.12.0 in the shaded jar.
[INFO] Including org.apache.curator:curator-client:jar:2.12.0 in the shaded jar.
[INFO] Excluding org.apache.zookeeper:zookeeper:jar:3.4.10 from the shaded jar.
[INFO] Including com.google.guava:guava:jar:16.0.1 in the shaded jar.
[INFO] Excluding org.apache.flink:force-shading:jar:1.10 from the shaded jar.
[INFO] Excluding org.slf4j:slf4j-api:jar:1.7.15 from the shaded jar.
[INFO] Excluding com.google.code.findbugs:jsr305:jar:1.3.9 from the shaded jar.
[INFO] No artifact matching filter io.netty:netty
[INFO] Replacing original artifact with shaded artifact.
[INFO] Replacing /home/srafi/after-cam-ready/compare_/compile_repair_output/work/30336dd5caab/flink-shaded-curator/target/flink-shaded-curator-1.10.jar with /home/srafi/after-cam-ready/compare_/compile_repair_output/work/30336dd5caab/flink-shaded-curator/target/flink-shaded-curator-1.10-shaded.jar
[INFO] Replacing original test artifact with shaded test artifact.
[INFO] Replacing /home/srafi/after-cam-ready/compare_/compile_repair_output/work/30336dd5caab/flink-shaded-curator/target/flink-shaded-curator-1.10-tests.jar with /home/srafi/after-cam-ready/compare_/compile_repair_output/work/30336dd5caab/flink-shaded-curator/target/flink-shaded-curator-1.10-shaded-tests.jar
[INFO] Dependency-reduced POM written at: /home/srafi/after-cam-ready/compare_/compile_repair_output/work/30336dd5caab/flink-shaded-curator/target/dependency-reduced-pom.xml
[INFO] 
[INFO] --- maven-surefire-plugin:3.0.0-M8-SNAPSHOT:test (integration-tests) @ flink-shaded-curator ---
[INFO] Tests are skipped.
[INFO] 
[INFO] --- maven-install-plugin:2.5.2:install (default-install) @ flink-shaded-curator ---
[INFO] Installing /home/srafi/after-cam-ready/compare_/compile_repair_output/work/30336dd5caab/flink-shaded-curator/target/flink-shaded-curator-1.10.jar to /home/srafi/.m2/repository/org/apache/flink/flink-shaded-curator/1.10/flink-shaded-curator-1.10.jar
[INFO] Installing /home/srafi/after-cam-ready/compare_/compile_repair_output/work/30336dd5caab/flink-shaded-curator/target/dependency-reduced-pom.xml to /home/srafi/.m2/repository/org/apache/flink/flink-shaded-curator/1.10/flink-shaded-curator-1.10.pom
[INFO] Installing /home/srafi/after-cam-ready/compare_/compile_repair_output/work/30336dd5caab/flink-shaded-curator/target/flink-shaded-curator-1.10-tests.jar to /home/srafi/.m2/repository/org/apache/flink/flink-shaded-curator/1.10/flink-shaded-curator-1.10-tests.jar
[INFO] 
[INFO] --------------< org.apache.flink:flink-test-utils-parent >--------------
[INFO] Building flink-test-utils-parent 1.10                             [5/44]
[INFO] --------------------------------[ pom ]---------------------------------
[INFO] 
[INFO] --- maven-clean-plugin:3.1.0:clean (default-clean) @ flink-test-utils-parent ---
[INFO] 
[INFO] --- maven-checkstyle-plugin:2.17:check (validate) @ flink-test-utils-parent ---
[INFO] 
[INFO] --- directory-maven-plugin:0.1:highest-basedir (directories) @ flink-test-utils-parent ---
[INFO] Highest basedir set to: /home/srafi/after-cam-ready/compare_/compile_repair_output/work/30336dd5caab
[INFO] 
[INFO] --- maven-remote-resources-plugin:1.5:process (process-resource-bundles) @ flink-test-utils-parent ---
[INFO] 
[INFO] --- maven-surefire-plugin:3.0.0-M8-SNAPSHOT:test (default-test) @ flink-test-utils-parent ---
[INFO] Tests are skipped.
[INFO] 
[INFO] --- maven-site-plugin:3.7.1:attach-descriptor (attach-descriptor) @ flink-test-utils-parent ---
[INFO] No site descriptor found: nothing to attach.
[INFO] 
[INFO] --- maven-shade-plugin:3.1.1:shade (shade-flink) @ flink-test-utils-parent ---
[INFO] Including org.apache.flink:force-shading:jar:1.10 in the shaded jar.
[INFO] Excluding org.slf4j:slf4j-api:jar:1.7.15 from the shaded jar.
[INFO] Excluding com.google.code.findbugs:jsr305:jar:1.3.9 from the shaded jar.
[INFO] No artifact matching filter io.netty:netty
[INFO] Replacing original artifact with shaded artifact.
[INFO] 
[INFO] --- maven-surefire-plugin:3.0.0-M8-SNAPSHOT:test (integration-tests) @ flink-test-utils-parent ---
[INFO] Tests are skipped.
[INFO] 
[INFO] --- maven-install-plugin:2.5.2:install (default-install) @ flink-test-utils-parent ---
[INFO] Installing /home/srafi/after-cam-ready/compare_/compile_repair_output/work/30336dd5caab/flink-test-utils-parent/pom.xml to /home/srafi/.m2/repository/org/apache/flink/flink-test-utils-parent/1.10/flink-test-utils-parent-1.10.pom
[INFO] 
[INFO] --------------< org.apache.flink:flink-test-utils-junit >---------------
[INFO] Building flink-test-utils-junit 1.10                              [6/44]
[INFO] --------------------------------[ jar ]---------------------------------
[INFO] 
[INFO] --- maven-clean-plugin:3.1.0:clean (default-clean) @ flink-test-utils-junit ---
[INFO] 
[INFO] --- maven-checkstyle-plugin:2.17:check (validate) @ flink-test-utils-junit ---
[INFO] 
[INFO] --- directory-maven-plugin:0.1:highest-basedir (directories) @ flink-test-utils-junit ---
[INFO] Highest basedir set to: /home/srafi/after-cam-ready/compare_/compile_repair_output/work/30336dd5caab
[INFO] 
[INFO] --- maven-remote-resources-plugin:1.5:process (process-resource-bundles) @ flink-test-utils-junit ---
[INFO] 
[INFO] --- maven-resources-plugin:3.1.0:resources (default-resources) @ flink-test-utils-junit ---
[INFO] Using 'UTF-8' encoding to copy filtered resources.
[INFO] skip non existing resourceDirectory /home/srafi/after-cam-ready/compare_/compile_repair_output/work/30336dd5caab/flink-test-utils-parent/flink-test-utils-junit/src/main/resources
[INFO] Copying 3 resources
[INFO] 
[INFO] --- maven-compiler-plugin:3.8.0:compile (default-compile) @ flink-test-utils-junit ---
[INFO] Compiling 16 source files to /home/srafi/after-cam-ready/compare_/compile_repair_output/work/30336dd5caab/flink-test-utils-parent/flink-test-utils-junit/target/classes
[INFO] 
[INFO] --- maven-resources-plugin:3.1.0:testResources (default-testResources) @ flink-test-utils-junit ---
[INFO] Using 'UTF-8' encoding to copy filtered resources.
[INFO] Copying 1 resource
[INFO] Copying 3 resources
[INFO] 
[INFO] --- maven-compiler-plugin:3.8.0:testCompile (default-testCompile) @ flink-test-utils-junit ---
[INFO] Compiling 3 source files to /home/srafi/after-cam-ready/compare_/compile_repair_output/work/30336dd5caab/flink-test-utils-parent/flink-test-utils-junit/target/test-classes
[INFO] 
[INFO] --- maven-surefire-plugin:3.0.0-M8-SNAPSHOT:test (default-test) @ flink-test-utils-junit ---
[INFO] Tests are skipped.
[INFO] 
[INFO] --- maven-jar-plugin:2.4:jar (default-jar) @ flink-test-utils-junit ---
[INFO] Building jar: /home/srafi/after-cam-ready/compare_/compile_repair_output/work/30336dd5caab/flink-test-utils-parent/flink-test-utils-junit/target/flink-test-utils-junit-1.10.jar
[INFO] 
[INFO] --- maven-site-plugin:3.7.1:attach-descriptor (attach-descriptor) @ flink-test-utils-junit ---
[INFO] Skipping because packaging 'jar' is not pom.
[INFO] 
[INFO] --- maven-shade-plugin:3.1.1:shade (shade-flink) @ flink-test-utils-junit ---
[INFO] Excluding junit:junit:jar:4.12 from the shaded jar.
[INFO] Excluding org.hamcrest:hamcrest-core:jar:1.3 from the shaded jar.
[INFO] Including org.apache.flink:force-shading:jar:1.10 in the shaded jar.
[INFO] Excluding org.slf4j:slf4j-api:jar:1.7.15 from the shaded jar.
[INFO] Excluding com.google.code.findbugs:jsr305:jar:1.3.9 from the shaded jar.
[INFO] No artifact matching filter io.netty:netty
[INFO] Replacing original artifact with shaded artifact.
[INFO] Replacing /home/srafi/after-cam-ready/compare_/compile_repair_output/work/30336dd5caab/flink-test-utils-parent/flink-test-utils-junit/target/flink-test-utils-junit-1.10.jar with /home/srafi/after-cam-ready/compare_/compile_repair_output/work/30336dd5caab/flink-test-utils-parent/flink-test-utils-junit/target/flink-test-utils-junit-1.10-shaded.jar
[INFO] Replacing original test artifact with shaded test artifact.
[INFO] Replacing /home/srafi/after-cam-ready/compare_/compile_repair_output/work/30336dd5caab/flink-test-utils-parent/flink-test-utils-junit/target/flink-test-utils-junit-1.10-tests.jar with /home/srafi/after-cam-ready/compare_/compile_repair_output/work/30336dd5caab/flink-test-utils-parent/flink-test-utils-junit/target/flink-test-utils-junit-1.10-shaded-tests.jar
[INFO] Dependency-reduced POM written at: /home/srafi/after-cam-ready/compare_/compile_repair_output/work/30336dd5caab/flink-test-utils-parent/flink-test-utils-junit/target/dependency-reduced-pom.xml
[INFO] 
[INFO] --- maven-surefire-plugin:3.0.0-M8-SNAPSHOT:test (integration-tests) @ flink-test-utils-junit ---
[INFO] Tests are skipped.
[INFO] 
[INFO] --- maven-install-plugin:2.5.2:install (default-install) @ flink-test-utils-junit ---
[INFO] Installing /home/srafi/after-cam-ready/compare_/compile_repair_output/work/30336dd5caab/flink-test-utils-parent/flink-test-utils-junit/target/flink-test-utils-junit-1.10.jar to /home/srafi/.m2/repository/org/apache/flink/flink-test-utils-junit/1.10/flink-test-utils-junit-1.10.jar
[INFO] Installing /home/srafi/after-cam-ready/compare_/compile_repair_output/work/30336dd5caab/flink-test-utils-parent/flink-test-utils-junit/target/dependency-reduced-pom.xml to /home/srafi/.m2/repository/org/apache/flink/flink-test-utils-junit/1.10/flink-test-utils-junit-1.10.pom
[INFO] Installing /home/srafi/after-cam-ready/compare_/compile_repair_output/work/30336dd5caab/flink-test-utils-parent/flink-test-utils-junit/target/flink-test-utils-junit-1.10-tests.jar to /home/srafi/.m2/repository/org/apache/flink/flink-test-utils-junit/1.10/flink-test-utils-junit-1.10-tests.jar
[INFO] 
[INFO] -------------------< org.apache.flink:flink-metrics >-------------------
[INFO] Building flink-metrics 1.10                                       [7/44]
[INFO] --------------------------------[ pom ]---------------------------------
[INFO] 
[INFO] --- maven-clean-plugin:3.1.0:clean (default-clean) @ flink-metrics ---
[INFO] 
[INFO] --- maven-checkstyle-plugin:2.17:check (validate) @ flink-metrics ---
[INFO] 
[INFO] --- directory-maven-plugin:0.1:highest-basedir (directories) @ flink-metrics ---
[INFO] Highest basedir set to: /home/srafi/after-cam-ready/compare_/compile_repair_output/work/30336dd5caab
[INFO] 
[INFO] --- maven-remote-resources-plugin:1.5:process (process-resource-bundles) @ flink-metrics ---
[INFO] 
[INFO] --- maven-surefire-plugin:3.0.0-M8-SNAPSHOT:test (default-test) @ flink-metrics ---
[INFO] Tests are skipped.
[INFO] 
[INFO] --- maven-site-plugin:3.7.1:attach-descriptor (attach-descriptor) @ flink-metrics ---
[INFO] No site descriptor found: nothing to attach.
[INFO] 
[INFO] --- maven-shade-plugin:3.1.1:shade (shade-flink) @ flink-metrics ---
[INFO] Including org.apache.flink:force-shading:jar:1.10 in the shaded jar.
[INFO] No artifact matching filter io.netty:netty
[INFO] Replacing original artifact with shaded artifact.
[INFO] 
[INFO] --- maven-surefire-plugin:3.0.0-M8-SNAPSHOT:test (integration-tests) @ flink-metrics ---
[INFO] Tests are skipped.
[INFO] 
[INFO] --- maven-install-plugin:2.5.2:install (default-install) @ flink-metrics ---
[INFO] Installing /home/srafi/after-cam-ready/compare_/compile_repair_output/work/30336dd5caab/flink-metrics/pom.xml to /home/srafi/.m2/repository/org/apache/flink/flink-metrics/1.10/flink-metrics-1.10.pom
[INFO] 
[INFO] ----------------< org.apache.flink:flink-metrics-core >-----------------
[INFO] Building flink-metrics-core 1.10                                  [8/44]
[INFO] --------------------------------[ jar ]---------------------------------
[INFO] 
[INFO] --- maven-clean-plugin:3.1.0:clean (default-clean) @ flink-metrics-core ---
[INFO] 
[INFO] --- maven-checkstyle-plugin:2.17:check (validate) @ flink-metrics-core ---
[INFO] 
[INFO] --- directory-maven-plugin:0.1:highest-basedir (directories) @ flink-metrics-core ---
[INFO] Highest basedir set to: /home/srafi/after-cam-ready/compare_/compile_repair_output/work/30336dd5caab
[INFO] 
[INFO] --- maven-remote-resources-plugin:1.5:process (process-resource-bundles) @ flink-metrics-core ---
[INFO] 
[INFO] --- maven-resources-plugin:3.1.0:resources (default-resources) @ flink-metrics-core ---
[INFO] Using 'UTF-8' encoding to copy filtered resources.
[INFO] skip non existing resourceDirectory /home/srafi/after-cam-ready/compare_/compile_repair_output/work/30336dd5caab/flink-metrics/flink-metrics-core/src/main/resources
[INFO] Copying 3 resources
[INFO] 
[INFO] --- maven-compiler-plugin:3.8.0:compile (default-compile) @ flink-metrics-core ---
[INFO] Compiling 18 source files to /home/srafi/after-cam-ready/compare_/compile_repair_output/work/30336dd5caab/flink-metrics/flink-metrics-core/target/classes
[INFO] 
[INFO] --- maven-resources-plugin:3.1.0:testResources (default-testResources) @ flink-metrics-core ---
[INFO] Using 'UTF-8' encoding to copy filtered resources.
[INFO] skip non existing resourceDirectory /home/srafi/after-cam-ready/compare_/compile_repair_output/work/30336dd5caab/flink-metrics/flink-metrics-core/src/test/resources
[INFO] Copying 3 resources
[INFO] 
[INFO] --- maven-compiler-plugin:3.8.0:testCompile (default-testCompile) @ flink-metrics-core ---
[INFO] Compiling 5 source files to /home/srafi/after-cam-ready/compare_/compile_repair_output/work/30336dd5caab/flink-metrics/flink-metrics-core/target/test-classes
[INFO] 
[INFO] --- maven-surefire-plugin:3.0.0-M8-SNAPSHOT:test (default-test) @ flink-metrics-core ---
[INFO] Tests are skipped.
[INFO] 
[INFO] --- maven-jar-plugin:2.4:jar (default-jar) @ flink-metrics-core ---
[INFO] Building jar: /home/srafi/after-cam-ready/compare_/compile_repair_output/work/30336dd5caab/flink-metrics/flink-metrics-core/target/flink-metrics-core-1.10.jar
[INFO] 
[INFO] --- maven-jar-plugin:2.4:test-jar (default) @ flink-metrics-core ---
[INFO] Building jar: /home/srafi/after-cam-ready/compare_/compile_repair_output/work/30336dd5caab/flink-metrics/flink-metrics-core/target/flink-metrics-core-1.10-tests.jar
[INFO] 
[INFO] --- maven-site-plugin:3.7.1:attach-descriptor (attach-descriptor) @ flink-metrics-core ---
[INFO] Skipping because packaging 'jar' is not pom.
[INFO] 
[INFO] --- maven-shade-plugin:3.1.1:shade (shade-flink) @ flink-metrics-core ---
[INFO] Including org.apache.flink:force-shading:jar:1.10 in the shaded jar.
[INFO] No artifact matching filter io.netty:netty
[INFO] Replacing original artifact with shaded artifact.
[INFO] Replacing /home/srafi/after-cam-ready/compare_/compile_repair_output/work/30336dd5caab/flink-metrics/flink-metrics-core/target/flink-metrics-core-1.10.jar with /home/srafi/after-cam-ready/compare_/compile_repair_output/work/30336dd5caab/flink-metrics/flink-metrics-core/target/flink-metrics-core-1.10-shaded.jar
[INFO] Replacing original test artifact with shaded test artifact.
[INFO] Replacing /home/srafi/after-cam-ready/compare_/compile_repair_output/work/30336dd5caab/flink-metrics/flink-metrics-core/target/flink-metrics-core-1.10-tests.jar with /home/srafi/after-cam-ready/compare_/compile_repair_output/work/30336dd5caab/flink-metrics/flink-metrics-core/target/flink-metrics-core-1.10-shaded-tests.jar
[INFO] Dependency-reduced POM written at: /home/srafi/after-cam-ready/compare_/compile_repair_output/work/30336dd5caab/flink-metrics/flink-metrics-core/target/dependency-reduced-pom.xml
[INFO] 
[INFO] --- maven-surefire-plugin:3.0.0-M8-SNAPSHOT:test (integration-tests) @ flink-metrics-core ---
[INFO] Tests are skipped.
[INFO] 
[INFO] --- japicmp-maven-plugin:0.11.0:cmp (default) @ flink-metrics-core ---
[INFO] Written file '/home/srafi/after-cam-ready/compare_/compile_repair_output/work/30336dd5caab/tools/japicmp-output/flink-metrics-core/japicmp/japicmp.diff'.
[INFO] ------------------------------------------------------------------------
[INFO] Reactor Summary for flink 1.10:
[INFO] 
[INFO] force-shading ...................................... SUCCESS [  3.551 s]
[INFO] flink .............................................. SUCCESS [  0.604 s]
[INFO] flink-annotations .................................. SUCCESS [  0.570 s]
[INFO] flink-shaded-curator ............................... SUCCESS [  0.767 s]
[INFO] flink-test-utils-parent ............................ SUCCESS [  0.023 s]
[INFO] flink-test-utils-junit ............................. SUCCESS [  0.323 s]
[INFO] flink-metrics ...................................... SUCCESS [  0.023 s]
[INFO] flink-metrics-core ................................. FAILURE [  0.304 s]
[INFO] flink-core ......................................... SKIPPED
[INFO] flink-java ......................................... SKIPPED
[INFO] flink-queryable-state .............................. SKIPPED
[INFO] flink-queryable-state-client-java .................. SKIPPED
[INFO] flink-filesystems .................................. SKIPPED
[INFO] flink-hadoop-fs .................................... SKIPPED
[INFO] flink-runtime ...................................... SKIPPED
[INFO] flink-scala ........................................ SKIPPED
[INFO] flink-optimizer .................................... SKIPPED
[INFO] flink-clients ...................................... SKIPPED
[INFO] flink-streaming-java ............................... SKIPPED
[INFO] flink-test-utils ................................... SKIPPED
[INFO] flink-runtime-web .................................. SKIPPED
[INFO] flink-examples ..................................... SKIPPED
[INFO] flink-examples-batch ............................... SKIPPED
[INFO] flink-connectors ................................... SKIPPED
[INFO] flink-hadoop-compatibility ......................... SKIPPED
[INFO] flink-state-backends ............................... SKIPPED
[INFO] flink-statebackend-rocksdb ......................... SKIPPED
[INFO] flink-tests ........................................ SKIPPED
[INFO] flink-streaming-scala .............................. SKIPPED
[INFO] flink-table ........................................ SKIPPED
[INFO] flink-table-common ................................. SKIPPED
[INFO] flink-table-api-java ............................... SKIPPED
[INFO] flink-table-api-java-bridge ........................ SKIPPED
[INFO] flink-table-api-scala .............................. SKIPPED
[INFO] flink-table-api-scala-bridge ....................... SKIPPED
[INFO] flink-sql-parser ................................... SKIPPED
[INFO] flink-libraries .................................... SKIPPED
[INFO] flink-cep .......................................... SKIPPED
[INFO] flink-table-planner ................................ SKIPPED
[INFO] flink-table-runtime-blink .......................... SKIPPED
[INFO] flink-table-planner-blink .......................... SKIPPED
[INFO] flink-formats ...................................... SKIPPED
[INFO] flink-csv .......................................... SKIPPED
[INFO] flink-connector-hive ............................... SKIPPED
[INFO] ------------------------------------------------------------------------
[INFO] BUILD FAILURE
[INFO] ------------------------------------------------------------------------
[INFO] Total time:  7.019 s
[INFO] Finished at: 2026-08-15T15:07:24-04:00
[INFO] ------------------------------------------------------------------------
[ERROR] Failed to execute goal com.github.siom79.japicmp:japicmp-maven-plugin:0.11.0:cmp (default) on project flink-metrics-core: Execution default of goal com.github.siom79.japicmp:japicmp-maven-plugin:0.11.0:cmp failed: A required class was missing while executing com.github.siom79.japicmp:japicmp-maven-plugin:0.11.0:cmp: javax/xml/bind/JAXBException
[ERROR] -----------------------------------------------------
[ERROR] realm =    plugin>com.github.siom79.japicmp:japicmp-maven-plugin:0.11.0
[ERROR] strategy = org.codehaus.plexus.classworlds.strategy.SelfFirstStrategy
[ERROR] urls[0] = file:/home/srafi/.m2/repository/com/github/siom79/japicmp/japicmp-maven-plugin/0.11.0/japicmp-maven-plugin-0.11.0.jar
[ERROR] urls[1] = file:/home/srafi/.m2/repository/org/sonatype/aether/aether-util/1.11/aether-util-1.11.jar
[ERROR] urls[2] = file:/home/srafi/.m2/repository/org/sonatype/sisu/sisu-inject-bean/2.1.1/sisu-inject-bean-2.1.1.jar
[ERROR] urls[3] = file:/home/srafi/.m2/repository/org/sonatype/sisu/sisu-guice/2.9.4/sisu-guice-2.9.4-no_aop.jar
[ERROR] urls[4] = file:/home/srafi/.m2/repository/org/codehaus/plexus/plexus-interpolation/1.14/plexus-interpolation-1.14.jar
[ERROR] urls[5] = file:/home/srafi/.m2/repository/org/codehaus/plexus/plexus-utils/2.0.6/plexus-utils-2.0.6.jar
[ERROR] urls[6] = file:/home/srafi/.m2/repository/org/codehaus/plexus/plexus-component-annotations/1.5.5/plexus-component-annotations-1.5.5.jar
[ERROR] urls[7] = file:/home/srafi/.m2/repository/org/sonatype/plexus/plexus-sec-dispatcher/1.3/plexus-sec-dispatcher-1.3.jar
[ERROR] urls[8] = file:/home/srafi/.m2/repository/org/sonatype/plexus/plexus-cipher/1.4/plexus-cipher-1.4.jar
[ERROR] urls[9] = file:/home/srafi/.m2/repository/com/github/siom79/japicmp/japicmp/0.11.0/japicmp-0.11.0.jar
[ERROR] urls[10] = file:/home/srafi/.m2/repository/org/javassist/javassist/3.22.0-GA/javassist-3.22.0-GA.jar
[ERROR] urls[11] = file:/home/srafi/.m2/repository/com/google/guava/guava/18.0/guava-18.0.jar
[ERROR] urls[12] = file:/home/srafi/.m2/repository/org/apache/maven/reporting/maven-reporting-impl/2.3/maven-reporting-impl-2.3.jar
[ERROR] urls[13] = file:/home/srafi/.m2/repository/backport-util-concurrent/backport-util-concurrent/3.1/backport-util-concurrent-3.1.jar
[ERROR] urls[14] = file:/home/srafi/.m2/repository/junit/junit/3.8.1/junit-3.8.1.jar
[ERROR] urls[15] = file:/home/srafi/.m2/repository/org/apache/maven/shared/maven-shared-utils/0.6/maven-shared-utils-0.6.jar
[ERROR] urls[16] = file:/home/srafi/.m2/repository/com/google/code/findbugs/jsr305/2.0.1/jsr305-2.0.1.jar
[ERROR] urls[17] = file:/home/srafi/.m2/repository/org/apache/maven/doxia/doxia-sink-api/1.2/doxia-sink-api-1.2.jar
[ERROR] urls[18] = file:/home/srafi/.m2/repository/org/apache/maven/doxia/doxia-core/1.2/doxia-core-1.2.jar
[ERROR] urls[19] = file:/home/srafi/.m2/repository/commons-lang/commons-lang/2.4/commons-lang-2.4.jar
[ERROR] urls[20] = file:/home/srafi/.m2/repository/org/apache/httpcomponents/httpclient/4.0.2/httpclient-4.0.2.jar
[ERROR] urls[21] = file:/home/srafi/.m2/repository/org/apache/httpcomponents/httpcore/4.0.1/httpcore-4.0.1.jar
[ERROR] urls[22] = file:/home/srafi/.m2/repository/commons-codec/commons-codec/1.3/commons-codec-1.3.jar
[ERROR] urls[23] = file:/home/srafi/.m2/repository/org/apache/maven/doxia/doxia-site-renderer/1.2/doxia-site-renderer-1.2.jar
[ERROR] urls[24] = file:/home/srafi/.m2/repository/org/apache/maven/doxia/doxia-decoration-model/1.2/doxia-decoration-model-1.2.jar
[ERROR] urls[25] = file:/home/srafi/.m2/repository/org/apache/maven/doxia/doxia-module-xhtml/1.2/doxia-module-xhtml-1.2.jar
[ERROR] urls[26] = file:/home/srafi/.m2/repository/org/apache/maven/doxia/doxia-module-fml/1.2/doxia-module-fml-1.2.jar
[ERROR] urls[27] = file:/home/srafi/.m2/repository/org/codehaus/plexus/plexus-i18n/1.0-beta-7/plexus-i18n-1.0-beta-7.jar
[ERROR] urls[28] = file:/home/srafi/.m2/repository/org/codehaus/plexus/plexus-velocity/1.1.7/plexus-velocity-1.1.7.jar
[ERROR] urls[29] = file:/home/srafi/.m2/repository/org/apache/velocity/velocity/1.5/velocity-1.5.jar
[ERROR] urls[30] = file:/home/srafi/.m2/repository/oro/oro/2.0.8/oro-2.0.8.jar
[ERROR] urls[31] = file:/home/srafi/.m2/repository/commons-collections/commons-collections/3.2.1/commons-collections-3.2.1.jar
[ERROR] urls[32] = file:/home/srafi/.m2/repository/commons-validator/commons-validator/1.3.1/commons-validator-1.3.1.jar
[ERROR] urls[33] = file:/home/srafi/.m2/repository/commons-beanutils/commons-beanutils/1.7.0/commons-beanutils-1.7.0.jar
[ERROR] urls[34] = file:/home/srafi/.m2/repository/commons-digester/commons-digester/1.6/commons-digester-1.6.jar
[ERROR] urls[35] = file:/home/srafi/.m2/repository/xml-apis/xml-apis/1.0.b2/xml-apis-1.0.b2.jar
[ERROR] urls[36] = file:/home/srafi/.m2/repository/commons-logging/commons-logging/1.0.4/commons-logging-1.0.4.jar
[ERROR] urls[37] = file:/home/srafi/.m2/repository/org/apache/maven/reporting/maven-reporting-api/2.2.1/maven-reporting-api-2.2.1.jar
[ERROR] urls[38] = file:/home/srafi/.m2/repository/org/apache/maven/doxia/doxia-logging-api/1.1/doxia-logging-api-1.1.jar
[ERROR] urls[39] = file:/home/srafi/.m2/repository/org/codehaus/groovy/groovy-jsr223/2.4.6/groovy-jsr223-2.4.6.jar
[ERROR] urls[40] = file:/home/srafi/.m2/repository/org/codehaus/groovy/groovy/2.4.6/groovy-2.4.6.jar
[ERROR] Number of foreign imports: 1
[ERROR] import: Entry[import  from realm ClassRealm[project>org.apache.flink:flink-parent:1.10, parent: ClassRealm[maven.api, parent: null]]]
[ERROR] 
[ERROR] -----------------------------------------------------: javax.xml.bind.JAXBException
[ERROR] -> [Help 1]
[ERROR] 
[ERROR] To see the full stack trace of the errors, re-run Maven with the -e switch.
[ERROR] Re-run Maven using the -X switch to enable full debug logging.
[ERROR] 
[ERROR] For more information about the errors and possible solutions, please read the following articles:
[ERROR] [Help 1] http://cwiki.apache.org/confluence/display/MAVEN/PluginContainerException
[ERROR] 
[ERROR] After correcting the problems, you can resume the build with the command
[ERROR]   mvn <args> -rf :flink-metrics-core
