JAVA_HOME=/usr/lib/jvm/java-8-openjdk-amd64
COMMAND=mvn -B clean install -DskipTests -U -pl dddplus-test -am -Ddependency-check.skip=true -Dgpg.skip=true -DfailIfNoTests=false -Dskip.installnodenpm=true -Dskip.npm=true -Dskip.yarn=true -Dlicense.skip=true -Dcheckstyle.skip=true -Drat.skip=true -Denforcer.skip=true -Danimal.sniffer.skip=true -Dmaven.javadoc.skip=true -Dfindbugs.skip=true -Dspotbugs.skip=true -Dwarbucks.skip=true -Dmodernizer.skip=true -Dimpsort.skip=true -Dmdep.analyze.skip=true -Dpgpverify.skip=true -Dxml.skip=true -Dcobertura.skip=true

[INFO] Scanning for projects...
Warning: KebabPizza disabling incompatible org.jacoco:jacoco-maven-plugin from dddplus
Warning: KebabPizza disabling incompatible org.jacoco:jacoco-maven-plugin from dddplus-spec
Warning: KebabPizza disabling incompatible org.jacoco:jacoco-maven-plugin from dddplus-runtime
Warning: KebabPizza disabling incompatible org.jacoco:jacoco-maven-plugin from dddplus-plugin
Warning: KebabPizza disabling incompatible org.jacoco:jacoco-maven-plugin from dddplus-enforce
Warning: KebabPizza disabling incompatible org.jacoco:jacoco-maven-plugin from dddplus-unit
Warning: KebabPizza disabling incompatible org.jacoco:jacoco-maven-plugin from dddplus-test
[INFO] ------------------------------------------------------------------------
[INFO] Reactor Build Order:
[INFO] 
[INFO] DDDplus Framework                                                  [pom]
[INFO] DDDplus :: Spec                                                    [jar]
[INFO] DDDplus :: Runtime                                                 [jar]
[INFO] DDDplus :: Plugin                                                  [jar]
[INFO] DDDplus :: Enforce                                                 [jar]
[INFO] DDDplus :: Unit                                                    [jar]
[INFO] DDDplus :: Test                                                    [jar]
[INFO] 
[INFO] ---------------------< io.github.dddplus:dddplus >----------------------
[INFO] Building DDDplus Framework 1.1.1-SNAPSHOT                          [1/7]
[INFO] --------------------------------[ pom ]---------------------------------
[INFO] Downloading from central: https://repo.maven.apache.org/maven2/org/projectlombok/lombok/1.18.8/lombok-1.18.8.pom
[INFO] Downloaded from central: https://repo.maven.apache.org/maven2/org/projectlombok/lombok/1.18.8/lombok-1.18.8.pom (1.5 kB at 5.9 kB/s)
[INFO] Downloading from central: https://repo.maven.apache.org/maven2/org/projectlombok/lombok/1.18.8/lombok-1.18.8.jar
[INFO] Downloaded from central: https://repo.maven.apache.org/maven2/org/projectlombok/lombok/1.18.8/lombok-1.18.8.jar (1.7 MB at 13 MB/s)
[INFO] 
[INFO] --- maven-clean-plugin:2.5:clean (default-clean) @ dddplus ---
[INFO] 
[INFO] --- maven-javadoc-plugin:2.10.4:jar (attach-javadocs) @ dddplus ---
[INFO] Skipping javadoc generation
[INFO] 
[INFO] --- maven-install-plugin:2.4:install (default-install) @ dddplus ---
[INFO] Installing /home/srafi/after-cam-ready/compare_/compile_repair_output/work/b195ea630fd5/pom.xml to /home/srafi/.m2/repository/io/github/dddplus/dddplus/1.1.1-SNAPSHOT/dddplus-1.1.1-SNAPSHOT.pom
[INFO] 
[INFO] -------------------< io.github.dddplus:dddplus-spec >-------------------
[INFO] Building DDDplus :: Spec 1.1.1-SNAPSHOT                            [2/7]
[INFO] --------------------------------[ jar ]---------------------------------
[INFO] 
[INFO] --- maven-clean-plugin:2.5:clean (default-clean) @ dddplus-spec ---
[INFO] 
[INFO] --- maven-resources-plugin:2.6:resources (default-resources) @ dddplus-spec ---
[INFO] Using 'UTF-8' encoding to copy filtered resources.
[INFO] skip non existing resourceDirectory /home/srafi/after-cam-ready/compare_/compile_repair_output/work/b195ea630fd5/dddplus-spec/src/main/resources
[INFO] 
[INFO] --- maven-compiler-plugin:3.8.1:compile (default-compile) @ dddplus-spec ---
[INFO] Changes detected - recompiling the module!
[INFO] Compiling 28 source files to /home/srafi/after-cam-ready/compare_/compile_repair_output/work/b195ea630fd5/dddplus-spec/target/classes
[INFO] 
[INFO] --- maven-resources-plugin:2.6:testResources (default-testResources) @ dddplus-spec ---
[INFO] Using 'UTF-8' encoding to copy filtered resources.
[INFO] skip non existing resourceDirectory /home/srafi/after-cam-ready/compare_/compile_repair_output/work/b195ea630fd5/dddplus-spec/src/test/resources
[INFO] 
[INFO] --- maven-compiler-plugin:3.8.1:testCompile (default-testCompile) @ dddplus-spec ---
[INFO] No sources to compile
[INFO] 
[INFO] --- maven-surefire-plugin:3.0.0-M8-SNAPSHOT:test (default-test) @ dddplus-spec ---
[INFO] Downloading from apache.snapshots: https://repository.apache.org/snapshots/org/apache/maven/surefire/maven-surefire-common/3.0.0-M8-SNAPSHOT/maven-metadata.xml
[INFO] Downloading from apache.snapshots: https://repository.apache.org/snapshots/org/apache/maven/surefire/surefire-api/3.0.0-M8-SNAPSHOT/maven-metadata.xml
[INFO] Downloading from apache.snapshots: https://repository.apache.org/snapshots/org/apache/maven/surefire/surefire-logger-api/3.0.0-M8-SNAPSHOT/maven-metadata.xml
[INFO] Downloading from apache.snapshots: https://repository.apache.org/snapshots/org/apache/maven/surefire/surefire-shared-utils/3.0.0-M8-SNAPSHOT/maven-metadata.xml
[INFO] Downloading from apache.snapshots: https://repository.apache.org/snapshots/org/apache/maven/surefire/surefire-extensions-api/3.0.0-M8-SNAPSHOT/maven-metadata.xml
[INFO] Downloading from apache.snapshots: https://repository.apache.org/snapshots/org/apache/maven/surefire/surefire-booter/3.0.0-M8-SNAPSHOT/maven-metadata.xml
[INFO] Downloading from apache.snapshots: https://repository.apache.org/snapshots/org/apache/maven/surefire/surefire-extensions-spi/3.0.0-M8-SNAPSHOT/maven-metadata.xml
[INFO] No tests to run.
[INFO] ------------------------------------------------------------------------
[INFO] Reactor Summary for DDDplus Framework 1.1.1-SNAPSHOT:
[INFO] 
[INFO] DDDplus Framework .................................. SUCCESS [  1.009 s]
[INFO] DDDplus :: Spec .................................... FAILURE [  3.368 s]
[INFO] DDDplus :: Runtime ................................. SKIPPED
[INFO] DDDplus :: Plugin .................................. SKIPPED
[INFO] DDDplus :: Enforce ................................. SKIPPED
[INFO] DDDplus :: Unit .................................... SKIPPED
[INFO] DDDplus :: Test .................................... SKIPPED
[INFO] ------------------------------------------------------------------------
[INFO] BUILD FAILURE
[INFO] ------------------------------------------------------------------------
[INFO] Total time:  4.455 s
[INFO] Finished at: 2026-08-15T16:23:51-04:00
[INFO] ------------------------------------------------------------------------
[ERROR] Failed to execute goal org.apache.maven.plugins:maven-surefire-plugin:3.0.0-M8-SNAPSHOT:test (default-test) on project dddplus-spec: Execution default-test of goal org.apache.maven.plugins:maven-surefire-plugin:3.0.0-M8-SNAPSHOT:test failed. NullPointerException -> [Help 1]
[ERROR] 
[ERROR] To see the full stack trace of the errors, re-run Maven with the -e switch.
[ERROR] Re-run Maven using the -X switch to enable full debug logging.
[ERROR] 
[ERROR] For more information about the errors and possible solutions, please read the following articles:
[ERROR] [Help 1] http://cwiki.apache.org/confluence/display/MAVEN/PluginExecutionException
[ERROR] 
[ERROR] After correcting the problems, you can resume the build with the command
[ERROR]   mvn <args> -rf :dddplus-spec
