JAVA_HOME=/usr/lib/jvm/java-8-openjdk-amd64
COMMAND=mvn -B clean install -DskipTests -U -pl pinot-core -am -Ddependency-check.skip=true -Dgpg.skip=true -DfailIfNoTests=false -Dskip.installnodenpm=true -Dskip.npm=true -Dskip.yarn=true -Dlicense.skip=true -Dcheckstyle.skip=true -Drat.skip=true -Denforcer.skip=true -Danimal.sniffer.skip=true -Dmaven.javadoc.skip=true -Dfindbugs.skip=true -Dspotbugs.skip=true -Dwarbucks.skip=true -Dmodernizer.skip=true -Dimpsort.skip=true -Dmdep.analyze.skip=true -Dpgpverify.skip=true -Dxml.skip=true -Dcobertura.skip=true

[INFO] Scanning for projects...
Warning: KebabPizza disabling incompatible org.jacoco:jacoco-maven-plugin from pinot
Warning: KebabPizza disabling incompatible com.mycila:license-maven-plugin from pinot
Warning: KebabPizza disabling incompatible org.apache.rat:apache-rat-plugin from pinot
Warning: KebabPizza disabling incompatible org.apache.maven.plugins:maven-enforcer-plugin from pinot
Warning: KebabPizza disabling incompatible org.jacoco:jacoco-maven-plugin from pinot-spi
Warning: KebabPizza disabling incompatible com.mycila:license-maven-plugin from pinot-spi
Warning: KebabPizza disabling incompatible org.apache.rat:apache-rat-plugin from pinot-spi
Warning: KebabPizza disabling incompatible org.apache.maven.plugins:maven-enforcer-plugin from pinot-spi
Warning: KebabPizza disabling incompatible org.jacoco:jacoco-maven-plugin from pinot-segment-spi
Warning: KebabPizza disabling incompatible com.mycila:license-maven-plugin from pinot-segment-spi
Warning: KebabPizza disabling incompatible org.apache.rat:apache-rat-plugin from pinot-segment-spi
Warning: KebabPizza disabling incompatible org.apache.maven.plugins:maven-enforcer-plugin from pinot-segment-spi
Warning: KebabPizza disabling incompatible org.jacoco:jacoco-maven-plugin from pinot-plugins
Warning: KebabPizza disabling incompatible com.mycila:license-maven-plugin from pinot-plugins
Warning: KebabPizza disabling incompatible org.apache.rat:apache-rat-plugin from pinot-plugins
Warning: KebabPizza disabling incompatible org.apache.maven.plugins:maven-enforcer-plugin from pinot-plugins
Warning: KebabPizza disabling incompatible org.jacoco:jacoco-maven-plugin from pinot-metrics
Warning: KebabPizza disabling incompatible com.mycila:license-maven-plugin from pinot-metrics
Warning: KebabPizza disabling incompatible org.apache.rat:apache-rat-plugin from pinot-metrics
Warning: KebabPizza disabling incompatible org.apache.maven.plugins:maven-enforcer-plugin from pinot-metrics
Warning: KebabPizza disabling incompatible org.jacoco:jacoco-maven-plugin from pinot-yammer
Warning: KebabPizza disabling incompatible com.mycila:license-maven-plugin from pinot-yammer
Warning: KebabPizza disabling incompatible org.apache.rat:apache-rat-plugin from pinot-yammer
Warning: KebabPizza disabling incompatible org.apache.maven.plugins:maven-enforcer-plugin from pinot-yammer
Warning: KebabPizza disabling incompatible org.jacoco:jacoco-maven-plugin from pinot-fmpp-maven-plugin
Warning: KebabPizza disabling incompatible com.mycila:license-maven-plugin from pinot-fmpp-maven-plugin
Warning: KebabPizza disabling incompatible org.apache.rat:apache-rat-plugin from pinot-fmpp-maven-plugin
Warning: KebabPizza disabling incompatible org.apache.maven.plugins:maven-enforcer-plugin from pinot-fmpp-maven-plugin
Warning: KebabPizza disabling incompatible org.jacoco:jacoco-maven-plugin from pinot-common
Warning: KebabPizza disabling incompatible com.mycila:license-maven-plugin from pinot-common
Warning: KebabPizza disabling incompatible org.apache.rat:apache-rat-plugin from pinot-common
Warning: KebabPizza disabling incompatible org.apache.maven.plugins:maven-enforcer-plugin from pinot-common
Warning: KebabPizza disabling incompatible org.jacoco:jacoco-maven-plugin from pinot-input-format
Warning: KebabPizza disabling incompatible com.mycila:license-maven-plugin from pinot-input-format
Warning: KebabPizza disabling incompatible org.apache.rat:apache-rat-plugin from pinot-input-format
Warning: KebabPizza disabling incompatible org.apache.maven.plugins:maven-enforcer-plugin from pinot-input-format
Warning: KebabPizza disabling incompatible org.jacoco:jacoco-maven-plugin from pinot-avro-base
Warning: KebabPizza disabling incompatible com.mycila:license-maven-plugin from pinot-avro-base
Warning: KebabPizza disabling incompatible org.apache.rat:apache-rat-plugin from pinot-avro-base
Warning: KebabPizza disabling incompatible org.apache.maven.plugins:maven-enforcer-plugin from pinot-avro-base
Warning: KebabPizza disabling incompatible org.jacoco:jacoco-maven-plugin from pinot-avro
Warning: KebabPizza disabling incompatible com.mycila:license-maven-plugin from pinot-avro
Warning: KebabPizza disabling incompatible org.apache.rat:apache-rat-plugin from pinot-avro
Warning: KebabPizza disabling incompatible org.apache.maven.plugins:maven-enforcer-plugin from pinot-avro
Warning: KebabPizza disabling incompatible org.jacoco:jacoco-maven-plugin from pinot-csv
Warning: KebabPizza disabling incompatible com.mycila:license-maven-plugin from pinot-csv
Warning: KebabPizza disabling incompatible org.apache.rat:apache-rat-plugin from pinot-csv
Warning: KebabPizza disabling incompatible org.apache.maven.plugins:maven-enforcer-plugin from pinot-csv
Warning: KebabPizza disabling incompatible org.jacoco:jacoco-maven-plugin from pinot-json
Warning: KebabPizza disabling incompatible com.mycila:license-maven-plugin from pinot-json
Warning: KebabPizza disabling incompatible org.apache.rat:apache-rat-plugin from pinot-json
Warning: KebabPizza disabling incompatible org.apache.maven.plugins:maven-enforcer-plugin from pinot-json
Warning: KebabPizza disabling incompatible org.jacoco:jacoco-maven-plugin from pinot-segment-local
Warning: KebabPizza disabling incompatible com.mycila:license-maven-plugin from pinot-segment-local
Warning: KebabPizza disabling incompatible org.apache.rat:apache-rat-plugin from pinot-segment-local
Warning: KebabPizza disabling incompatible org.apache.maven.plugins:maven-enforcer-plugin from pinot-segment-local
Warning: KebabPizza disabling incompatible org.jacoco:jacoco-maven-plugin from pinot-core
Warning: KebabPizza disabling incompatible com.mycila:license-maven-plugin from pinot-core
Warning: KebabPizza disabling incompatible org.apache.rat:apache-rat-plugin from pinot-core
Warning: KebabPizza disabling incompatible org.apache.maven.plugins:maven-enforcer-plugin from pinot-core
[INFO] ------------------------------------------------------------------------
[INFO] Detecting the operating system and CPU architecture
[INFO] ------------------------------------------------------------------------
[INFO] os.detected.name: linux
[INFO] os.detected.arch: x86_64
[INFO] os.detected.version: 6.8
[INFO] os.detected.version.major: 6
[INFO] os.detected.version.minor: 8
[INFO] os.detected.release: ubuntu
[INFO] os.detected.release.version: 22.04
[INFO] os.detected.release.like.ubuntu: true
[INFO] os.detected.release.like.debian: true
[INFO] os.detected.classifier: linux-x86_64
[INFO] ------------------------------------------------------------------------
[INFO] Reactor Build Order:
[INFO] 
[INFO] Pinot                                                              [pom]
[INFO] Pinot Service Provider Interface                                   [jar]
[INFO] Pinot Segment Service Provider Interface                           [jar]
[INFO] Pinot Plugins                                                      [pom]
[INFO] Pinot Metrics                                                      [pom]
[INFO] Pinot Yammer Metrics                                               [jar]
[INFO] Pinot FMPP plugin                                         [maven-plugin]
[INFO] Pinot Common                                                       [jar]
[INFO] Pinot Input Format                                                 [pom]
[INFO] Pinot Avro Base                                                    [jar]
[INFO] Pinot Avro                                                         [jar]
[INFO] Pinot Csv                                                          [jar]
[INFO] Pinot JSON                                                         [jar]
[INFO] Pinot local segment implementations                                [jar]
[INFO] Pinot Core                                                         [jar]
[INFO] 
[INFO] -----------------------< org.apache.pinot:pinot >-----------------------
[INFO] Building Pinot 0.12.0-SNAPSHOT                                    [1/15]
[INFO] --------------------------------[ pom ]---------------------------------
[INFO] 
[INFO] --- maven-clean-plugin:3.1.0:clean (default-clean) @ pinot ---
[INFO] 
[INFO] --- maven-checkstyle-plugin:3.1.2:check (checkstyle) @ pinot ---
[INFO] 
[INFO] --- buildnumber-maven-plugin:1.3:create (default) @ pinot ---
[INFO] Executing: /bin/sh -c cd /home/srafi/after-cam-ready/compare_/compile_repair_output/work/4b0a56842621 && git rev-parse --verify HEAD
[INFO] Working directory: /home/srafi/after-cam-ready/compare_/compile_repair_output/work/4b0a56842621
[INFO] Storing buildNumber: ecf41be2ecd007853c2db19e1c6a038cf356cb9e at timestamp: 1786823814983
[WARNING] Cannot get the branch information from the git repository: 
Detecting the current branch failed: fatal: ref HEAD is not a symbolic ref

[INFO] Executing: /bin/sh -c cd /home/srafi/after-cam-ready/compare_/compile_repair_output/work/4b0a56842621 && git rev-parse --verify HEAD
[INFO] Working directory: /home/srafi/after-cam-ready/compare_/compile_repair_output/work/4b0a56842621
[INFO] Storing buildScmBranch: UNKNOWN
[INFO] 
[INFO] --- maven-remote-resources-plugin:1.6.0:process (process-resource-bundles) @ pinot ---
[INFO] Preparing remote bundle org.apache:apache-jar-resource-bundle:1.4
[INFO] Copying 3 resources from 1 bundle.
[INFO] 
[INFO] --- maven-remote-resources-plugin:1.6.0:process (default) @ pinot ---
[INFO] Preparing remote bundle org.apache:apache-jar-resource-bundle:1.4
[INFO] Copying 3 resources from 1 bundle.
[INFO] 
[INFO] --- maven-site-plugin:3.7.1:attach-descriptor (attach-descriptor) @ pinot ---
[INFO] No site descriptor found: nothing to attach.
[INFO] 
[INFO] --- maven-surefire-plugin:3.0.0-M8-SNAPSHOT:test (integration-tests) @ pinot ---
[INFO] Downloading from apache.snapshots: https://repository.apache.org/snapshots/org/apache/maven/surefire/maven-surefire-common/3.0.0-M8-SNAPSHOT/maven-metadata.xml
[INFO] Downloading from apache.snapshots: https://repository.apache.org/snapshots/org/apache/maven/surefire/surefire-api/3.0.0-M8-SNAPSHOT/maven-metadata.xml
[INFO] Downloading from apache.snapshots: https://repository.apache.org/snapshots/org/apache/maven/surefire/surefire-logger-api/3.0.0-M8-SNAPSHOT/maven-metadata.xml
[INFO] Downloading from apache.snapshots: https://repository.apache.org/snapshots/org/apache/maven/surefire/surefire-shared-utils/3.0.0-M8-SNAPSHOT/maven-metadata.xml
[INFO] Downloading from apache.snapshots: https://repository.apache.org/snapshots/org/apache/maven/surefire/surefire-extensions-api/3.0.0-M8-SNAPSHOT/maven-metadata.xml
[INFO] Downloading from apache.snapshots: https://repository.apache.org/snapshots/org/apache/maven/surefire/surefire-booter/3.0.0-M8-SNAPSHOT/maven-metadata.xml
[INFO] Downloading from apache.snapshots: https://repository.apache.org/snapshots/org/apache/maven/surefire/surefire-extensions-spi/3.0.0-M8-SNAPSHOT/maven-metadata.xml
[INFO] Tests are skipped.
[INFO] 
[INFO] --- spotless-maven-plugin:2.28.0:check (default) @ pinot ---
[INFO] 
[INFO] --- maven-install-plugin:2.5.2:install (default-install) @ pinot ---
[INFO] Installing /home/srafi/after-cam-ready/compare_/compile_repair_output/work/4b0a56842621/pom.xml to /home/srafi/.m2/repository/org/apache/pinot/pinot/0.12.0-SNAPSHOT/pinot-0.12.0-SNAPSHOT.pom
[INFO] 
[INFO] ---------------------< org.apache.pinot:pinot-spi >---------------------
[INFO] Building Pinot Service Provider Interface 0.12.0-SNAPSHOT         [2/15]
[INFO] --------------------------------[ jar ]---------------------------------
[INFO] 
[INFO] --- maven-clean-plugin:3.1.0:clean (default-clean) @ pinot-spi ---
[INFO] 
[INFO] --- maven-checkstyle-plugin:3.1.2:check (checkstyle) @ pinot-spi ---
[INFO] 
[INFO] --- buildnumber-maven-plugin:1.3:create (default) @ pinot-spi ---
[INFO] Executing: /bin/sh -c cd /home/srafi/after-cam-ready/compare_/compile_repair_output/work/4b0a56842621/pinot-spi && git rev-parse --verify HEAD
[INFO] Working directory: /home/srafi/after-cam-ready/compare_/compile_repair_output/work/4b0a56842621/pinot-spi
[INFO] Storing buildNumber: ecf41be2ecd007853c2db19e1c6a038cf356cb9e at timestamp: 1786823818550
[WARNING] Cannot get the branch information from the git repository: 
Detecting the current branch failed: fatal: ref HEAD is not a symbolic ref

[INFO] Executing: /bin/sh -c cd /home/srafi/after-cam-ready/compare_/compile_repair_output/work/4b0a56842621/pinot-spi && git rev-parse --verify HEAD
[INFO] Working directory: /home/srafi/after-cam-ready/compare_/compile_repair_output/work/4b0a56842621/pinot-spi
[INFO] Storing buildScmBranch: UNKNOWN
[INFO] 
[INFO] --- maven-remote-resources-plugin:1.6.0:process (process-resource-bundles) @ pinot-spi ---
[INFO] Preparing remote bundle org.apache:apache-jar-resource-bundle:1.4
[INFO] Copying 3 resources from 1 bundle.
[INFO] 
[INFO] --- maven-remote-resources-plugin:1.6.0:process (default) @ pinot-spi ---
[INFO] Preparing remote bundle org.apache:apache-jar-resource-bundle:1.4
[INFO] Copying 3 resources from 1 bundle.
[INFO] 
[INFO] --- maven-resources-plugin:2.6:resources (default-resources) @ pinot-spi ---
[INFO] Using 'UTF-8' encoding to copy filtered resources.
[INFO] skip non existing resourceDirectory /home/srafi/after-cam-ready/compare_/compile_repair_output/work/4b0a56842621/pinot-spi/src/main/resources
[INFO] Copying 3 resources
[INFO] Copying 3 resources
[INFO] 
[INFO] --- maven-compiler-plugin:3.8.0:compile (default-compile) @ pinot-spi ---
[INFO] Changes detected - recompiling the module!
[INFO] Compiling 241 source files to /home/srafi/after-cam-ready/compare_/compile_repair_output/work/4b0a56842621/pinot-spi/target/classes
[INFO] -------------------------------------------------------------
[ERROR] COMPILATION ERROR : 
[INFO] -------------------------------------------------------------
[ERROR] javac: invalid flag: --release
Usage: javac <options> <source files>
use -help for a list of possible options

[INFO] 1 error
[INFO] -------------------------------------------------------------
[INFO] ------------------------------------------------------------------------
[INFO] Reactor Summary for Pinot 0.12.0-SNAPSHOT:
[INFO] 
[INFO] Pinot .............................................. SUCCESS [  3.912 s]
[INFO] Pinot Service Provider Interface ................... FAILURE [  0.587 s]
[INFO] Pinot Segment Service Provider Interface ........... SKIPPED
[INFO] Pinot Plugins ...................................... SKIPPED
[INFO] Pinot Metrics ...................................... SKIPPED
[INFO] Pinot Yammer Metrics ............................... SKIPPED
[INFO] Pinot FMPP plugin .................................. SKIPPED
[INFO] Pinot Common ....................................... SKIPPED
[INFO] Pinot Input Format ................................. SKIPPED
[INFO] Pinot Avro Base .................................... SKIPPED
[INFO] Pinot Avro ......................................... SKIPPED
[INFO] Pinot Csv .......................................... SKIPPED
[INFO] Pinot JSON ......................................... SKIPPED
[INFO] Pinot local segment implementations ................ SKIPPED
[INFO] Pinot Core ......................................... SKIPPED
[INFO] ------------------------------------------------------------------------
[INFO] BUILD FAILURE
[INFO] ------------------------------------------------------------------------
[INFO] Total time:  4.890 s
[INFO] Finished at: 2026-08-15T15:56:59-04:00
[INFO] ------------------------------------------------------------------------
[ERROR] Failed to execute goal org.apache.maven.plugins:maven-compiler-plugin:3.8.0:compile (default-compile) on project pinot-spi: Compilation failure
[ERROR] javac: invalid flag: --release
[ERROR] Usage: javac <options> <source files>
[ERROR] use -help for a list of possible options
[ERROR] -> [Help 1]
[ERROR] 
[ERROR] To see the full stack trace of the errors, re-run Maven with the -e switch.
[ERROR] Re-run Maven using the -X switch to enable full debug logging.
[ERROR] 
[ERROR] For more information about the errors and possible solutions, please read the following articles:
[ERROR] [Help 1] http://cwiki.apache.org/confluence/display/MAVEN/MojoFailureException
[ERROR] 
[ERROR] After correcting the problems, you can resume the build with the command
[ERROR]   mvn <args> -rf :pinot-spi
