JAVA_HOME=/usr/lib/jvm/java-8-openjdk-amd64
COMMAND=mvn -B clean install -DskipTests -U -Ddependency-check.skip=true -Dgpg.skip=true -DfailIfNoTests=false -Dskip.installnodenpm=true -Dskip.npm=true -Dskip.yarn=true -Dlicense.skip=true -Dcheckstyle.skip=true -Drat.skip=true -Denforcer.skip=true -Danimal.sniffer.skip=true -Dmaven.javadoc.skip=true -Dfindbugs.skip=true -Dspotbugs.skip=true -Dwarbucks.skip=true -Dmodernizer.skip=true -Dimpsort.skip=true -Dmdep.analyze.skip=true -Dpgpverify.skip=true -Dxml.skip=true -Dcobertura.skip=true

[INFO] Scanning for projects...
Warning: KebabPizza disabling incompatible org.apache.maven.plugins:maven-enforcer-plugin from jboss-ejb-client
[INFO] 
[INFO] ---------------------< org.jboss:jboss-ejb-client >---------------------
[INFO] Building JBoss EJB client 4.1.0.Final-SNAPSHOT
[INFO] --------------------------------[ jar ]---------------------------------
[INFO] Downloading from central: https://repo.maven.apache.org/maven2/org/jboss/bridger/bridger/1.4.Final/bridger-1.4.Final.pom
[INFO] Downloaded from central: https://repo.maven.apache.org/maven2/org/jboss/bridger/bridger/1.4.Final/bridger-1.4.Final.pom (7.0 kB at 11 kB/s)
[INFO] Downloading from central: https://repo.maven.apache.org/maven2/org/jboss/bridger/bridger/1.4.Final/bridger-1.4.Final.jar
[INFO] Downloaded from central: https://repo.maven.apache.org/maven2/org/jboss/bridger/bridger/1.4.Final/bridger-1.4.Final.jar (20 kB at 52 kB/s)
[INFO] Downloading from central: https://repo.maven.apache.org/maven2/org/jboss/invocation/jboss-invocation/1.5.0.Final/jboss-invocation-1.5.0.Final.pom
[INFO] Downloaded from central: https://repo.maven.apache.org/maven2/org/jboss/invocation/jboss-invocation/1.5.0.Final/jboss-invocation-1.5.0.Final.pom (6.3 kB at 65 kB/s)
[INFO] Downloading from central: https://repo.maven.apache.org/maven2/org/jboss/marshalling/jboss-marshalling/2.0.6.Final/jboss-marshalling-2.0.6.Final.pom
[INFO] Downloaded from central: https://repo.maven.apache.org/maven2/org/jboss/marshalling/jboss-marshalling/2.0.6.Final/jboss-marshalling-2.0.6.Final.pom (0 B at 0 B/s)
[INFO] Downloading from central: https://repo.maven.apache.org/maven2/org/jboss/marshalling/jboss-marshalling-parent/2.0.6.Final/jboss-marshalling-parent-2.0.6.Final.pom
[INFO] Downloaded from central: https://repo.maven.apache.org/maven2/org/jboss/marshalling/jboss-marshalling-parent/2.0.6.Final/jboss-marshalling-parent-2.0.6.Final.pom (0 B at 0 B/s)
[INFO] Downloading from central: https://repo.maven.apache.org/maven2/org/jboss/modules/jboss-modules/1.6.0.Final/jboss-modules-1.6.0.Final.pom
[INFO] Downloaded from central: https://repo.maven.apache.org/maven2/org/jboss/modules/jboss-modules/1.6.0.Final/jboss-modules-1.6.0.Final.pom (8.6 kB at 252 kB/s)
[INFO] Downloading from central: https://repo.maven.apache.org/maven2/org/jboss/marshalling/jboss-marshalling-river/2.0.6.Final/jboss-marshalling-river-2.0.6.Final.pom
[INFO] Downloaded from central: https://repo.maven.apache.org/maven2/org/jboss/marshalling/jboss-marshalling-river/2.0.6.Final/jboss-marshalling-river-2.0.6.Final.pom (0 B at 0 B/s)
[INFO] Downloading from central: https://repo.maven.apache.org/maven2/org/jboss/xnio/xnio-api/3.8.2.Final/xnio-api-3.8.2.Final.pom
[INFO] Downloaded from central: https://repo.maven.apache.org/maven2/org/jboss/xnio/xnio-api/3.8.2.Final/xnio-api-3.8.2.Final.pom (8.8 kB at 257 kB/s)
[INFO] Downloading from central: https://repo.maven.apache.org/maven2/org/jboss/xnio/xnio-all/3.8.2.Final/xnio-all-3.8.2.Final.pom
[INFO] Downloaded from central: https://repo.maven.apache.org/maven2/org/jboss/xnio/xnio-all/3.8.2.Final/xnio-all-3.8.2.Final.pom (6.9 kB at 191 kB/s)
[INFO] Downloading from central: https://repo.maven.apache.org/maven2/org/wildfly/common/wildfly-common/1.3.0.Final/wildfly-common-1.3.0.Final.pom
[INFO] Downloaded from central: https://repo.maven.apache.org/maven2/org/wildfly/common/wildfly-common/1.3.0.Final/wildfly-common-1.3.0.Final.pom (7.4 kB at 218 kB/s)
[INFO] Downloading from central: https://repo.maven.apache.org/maven2/org/jboss/xnio/xnio-nio/3.8.2.Final/xnio-nio-3.8.2.Final.pom
[INFO] Downloaded from central: https://repo.maven.apache.org/maven2/org/jboss/xnio/xnio-nio/3.8.2.Final/xnio-nio-3.8.2.Final.pom (8.2 kB at 221 kB/s)
[INFO] Downloading from central: https://repo.maven.apache.org/maven2/org/jboss/remoting/jboss-remoting/5.0.17.Final/jboss-remoting-5.0.17.Final.pom
[INFO] Downloaded from central: https://repo.maven.apache.org/maven2/org/jboss/remoting/jboss-remoting/5.0.17.Final/jboss-remoting-5.0.17.Final.pom (14 kB at 407 kB/s)
[INFO] Downloading from central: https://repo.maven.apache.org/maven2/org/jboss/logging/jboss-logging/3.4.0.Final/jboss-logging-3.4.0.Final.pom
[INFO] Downloaded from central: https://repo.maven.apache.org/maven2/org/jboss/logging/jboss-logging/3.4.0.Final/jboss-logging-3.4.0.Final.pom (5.0 kB at 135 kB/s)
[INFO] Downloading from central: https://repo.maven.apache.org/maven2/org/jboss/xnio/xnio-api/3.7.2.Final/xnio-api-3.7.2.Final.pom
[INFO] Downloaded from central: https://repo.maven.apache.org/maven2/org/jboss/xnio/xnio-api/3.7.2.Final/xnio-api-3.7.2.Final.pom (8.8 kB at 274 kB/s)
[INFO] Downloading from central: https://repo.maven.apache.org/maven2/org/jboss/xnio/xnio-all/3.7.2.Final/xnio-all-3.7.2.Final.pom
[INFO] Downloaded from central: https://repo.maven.apache.org/maven2/org/jboss/xnio/xnio-all/3.7.2.Final/xnio-all-3.7.2.Final.pom (6.9 kB at 221 kB/s)
[INFO] Downloading from central: https://repo.maven.apache.org/maven2/org/wildfly/client/wildfly-client-config/1.0.0.Final/wildfly-client-config-1.0.0.Final.pom
[INFO] Downloaded from central: https://repo.maven.apache.org/maven2/org/wildfly/client/wildfly-client-config/1.0.0.Final/wildfly-client-config-1.0.0.Final.pom (7.2 kB at 205 kB/s)
[INFO] Downloading from central: https://repo.maven.apache.org/maven2/org/jboss/threads/jboss-threads/2.3.0.Beta2/jboss-threads-2.3.0.Beta2.pom
[INFO] Downloaded from central: https://repo.maven.apache.org/maven2/org/jboss/threads/jboss-threads/2.3.0.Beta2/jboss-threads-2.3.0.Beta2.pom (4.6 kB at 149 kB/s)
[INFO] Downloading from central: https://repo.maven.apache.org/maven2/org/wildfly/common/wildfly-common/1.3.0.Beta1/wildfly-common-1.3.0.Beta1.pom
[INFO] Downloaded from central: https://repo.maven.apache.org/maven2/org/wildfly/common/wildfly-common/1.3.0.Beta1/wildfly-common-1.3.0.Beta1.pom (5.4 kB at 164 kB/s)
[INFO] Downloading from central: https://repo.maven.apache.org/maven2/org/wildfly/common/wildfly-common/1.5.1.Final/wildfly-common-1.5.1.Final.pom
[INFO] Downloaded from central: https://repo.maven.apache.org/maven2/org/wildfly/common/wildfly-common/1.5.1.Final/wildfly-common-1.5.1.Final.pom (7.3 kB at 243 kB/s)
[INFO] Downloading from central: https://repo.maven.apache.org/maven2/org/wildfly/client/wildfly-client-config/1.0.0.CR2/wildfly-client-config-1.0.0.CR2.pom
[INFO] Downloaded from central: https://repo.maven.apache.org/maven2/org/wildfly/client/wildfly-client-config/1.0.0.CR2/wildfly-client-config-1.0.0.CR2.pom (7.4 kB at 256 kB/s)
[INFO] Downloading from central: https://repo.maven.apache.org/maven2/org/wildfly/common/wildfly-common/1.2.0.CR1/wildfly-common-1.2.0.CR1.pom
[INFO] Downloaded from central: https://repo.maven.apache.org/maven2/org/wildfly/common/wildfly-common/1.2.0.CR1/wildfly-common-1.2.0.CR1.pom (4.7 kB at 133 kB/s)
[INFO] Downloading from central: https://repo.maven.apache.org/maven2/org/wildfly/security/wildfly-elytron/1.1.0.Final/wildfly-elytron-1.1.0.Final.pom
[INFO] Downloaded from central: https://repo.maven.apache.org/maven2/org/wildfly/security/wildfly-elytron/1.1.0.Final/wildfly-elytron-1.1.0.Final.pom (21 kB at 628 kB/s)
[INFO] Downloading from central: https://repo.maven.apache.org/maven2/org/jboss/logging/jboss-logging-processor/2.1.0.Final/jboss-logging-processor-2.1.0.Final.pom
[INFO] Downloaded from central: https://repo.maven.apache.org/maven2/org/jboss/logging/jboss-logging-processor/2.1.0.Final/jboss-logging-processor-2.1.0.Final.pom (0 B at 0 B/s)
[INFO] Downloading from central: https://repo.maven.apache.org/maven2/org/jboss/logging/jboss-logging-tools-parent/2.1.0.Final/jboss-logging-tools-parent-2.1.0.Final.pom
[INFO] Downloaded from central: https://repo.maven.apache.org/maven2/org/jboss/logging/jboss-logging-tools-parent/2.1.0.Final/jboss-logging-tools-parent-2.1.0.Final.pom (0 B at 0 B/s)
[INFO] Downloading from central: https://repo.maven.apache.org/maven2/org/jboss/logging/jboss-logging-annotations/2.1.0.Final/jboss-logging-annotations-2.1.0.Final.pom
[INFO] Downloaded from central: https://repo.maven.apache.org/maven2/org/jboss/logging/jboss-logging-annotations/2.1.0.Final/jboss-logging-annotations-2.1.0.Final.pom (0 B at 0 B/s)
[INFO] Downloading from central: https://repo.maven.apache.org/maven2/org/jboss/jdeparser/jdeparser/2.0.2.Final/jdeparser-2.0.2.Final.pom
[INFO] Downloaded from central: https://repo.maven.apache.org/maven2/org/jboss/jdeparser/jdeparser/2.0.2.Final/jdeparser-2.0.2.Final.pom (0 B at 0 B/s)
[INFO] Downloading from central: https://repo.maven.apache.org/maven2/org/jboss/jboss-parent/14/jboss-parent-14.pom
[INFO] Downloaded from central: https://repo.maven.apache.org/maven2/org/jboss/jboss-parent/14/jboss-parent-14.pom (0 B at 0 B/s)
[INFO] Downloading from central: https://repo.maven.apache.org/maven2/org/jboss/spec/javax/ejb/jboss-ejb-api_3.2_spec/1.0.0.Final/jboss-ejb-api_3.2_spec-1.0.0.Final.pom
[INFO] Downloaded from central: https://repo.maven.apache.org/maven2/org/jboss/spec/javax/ejb/jboss-ejb-api_3.2_spec/1.0.0.Final/jboss-ejb-api_3.2_spec-1.0.0.Final.pom (5.2 kB at 164 kB/s)
[INFO] Downloading from central: https://repo.maven.apache.org/maven2/org/kohsuke/metainf-services/metainf-services/1.7/metainf-services-1.7.pom
[INFO] Downloaded from central: https://repo.maven.apache.org/maven2/org/kohsuke/metainf-services/metainf-services/1.7/metainf-services-1.7.pom (2.6 kB at 66 kB/s)
[INFO] Downloading from central: https://repo.maven.apache.org/maven2/org/wildfly/discovery/wildfly-discovery-client/1.2.1.Final/wildfly-discovery-client-1.2.1.Final.pom
[INFO] Downloaded from central: https://repo.maven.apache.org/maven2/org/wildfly/discovery/wildfly-discovery-client/1.2.1.Final/wildfly-discovery-client-1.2.1.Final.pom (4.0 kB at 88 kB/s)
[INFO] Downloading from central: https://repo.maven.apache.org/maven2/org/wildfly/security/wildfly-elytron-auth/1.17.0.Final/wildfly-elytron-auth-1.17.0.Final.pom
[INFO] Downloaded from central: https://repo.maven.apache.org/maven2/org/wildfly/security/wildfly-elytron-auth/1.17.0.Final/wildfly-elytron-auth-1.17.0.Final.pom (1.8 kB at 8.3 kB/s)
[INFO] Downloading from central: https://repo.maven.apache.org/maven2/org/wildfly/security/wildfly-elytron-parent/1.17.0.Final/wildfly-elytron-parent-1.17.0.Final.pom
[INFO] Downloaded from central: https://repo.maven.apache.org/maven2/org/wildfly/security/wildfly-elytron-parent/1.17.0.Final/wildfly-elytron-parent-1.17.0.Final.pom (69 kB at 217 kB/s)
[INFO] Downloading from central: https://repo.maven.apache.org/maven2/org/wildfly/security/wildfly-elytron-util/1.17.0.Final/wildfly-elytron-util-1.17.0.Final.pom
[INFO] Downloaded from central: https://repo.maven.apache.org/maven2/org/wildfly/security/wildfly-elytron-util/1.17.0.Final/wildfly-elytron-util-1.17.0.Final.pom (2.8 kB at 55 kB/s)
[INFO] Downloading from central: https://repo.maven.apache.org/maven2/org/wildfly/security/wildfly-elytron-asn1/1.17.0.Final/wildfly-elytron-asn1-1.17.0.Final.pom
[INFO] Downloaded from central: https://repo.maven.apache.org/maven2/org/wildfly/security/wildfly-elytron-asn1/1.17.0.Final/wildfly-elytron-asn1-1.17.0.Final.pom (2.5 kB at 11 kB/s)
[INFO] Downloading from central: https://repo.maven.apache.org/maven2/org/wildfly/security/wildfly-elytron-base/1.17.0.Final/wildfly-elytron-base-1.17.0.Final.pom
[INFO] Downloaded from central: https://repo.maven.apache.org/maven2/org/wildfly/security/wildfly-elytron-base/1.17.0.Final/wildfly-elytron-base-1.17.0.Final.pom (2.4 kB at 11 kB/s)
[INFO] Downloading from central: https://repo.maven.apache.org/maven2/org/wildfly/security/wildfly-elytron-auth-server/1.17.0.Final/wildfly-elytron-auth-server-1.17.0.Final.pom
[INFO] Downloaded from central: https://repo.maven.apache.org/maven2/org/wildfly/security/wildfly-elytron-auth-server/1.17.0.Final/wildfly-elytron-auth-server-1.17.0.Final.pom (3.9 kB at 61 kB/s)
[INFO] Downloading from central: https://repo.maven.apache.org/maven2/org/wildfly/security/wildfly-elytron-credential/1.17.0.Final/wildfly-elytron-credential-1.17.0.Final.pom
[INFO] Downloaded from central: https://repo.maven.apache.org/maven2/org/wildfly/security/wildfly-elytron-credential/1.17.0.Final/wildfly-elytron-credential-1.17.0.Final.pom (4.1 kB at 18 kB/s)
[INFO] Downloading from central: https://repo.maven.apache.org/maven2/org/wildfly/security/wildfly-elytron-keystore/1.17.0.Final/wildfly-elytron-keystore-1.17.0.Final.pom
[INFO] Downloaded from central: https://repo.maven.apache.org/maven2/org/wildfly/security/wildfly-elytron-keystore/1.17.0.Final/wildfly-elytron-keystore-1.17.0.Final.pom (3.7 kB at 15 kB/s)
[INFO] Downloading from central: https://repo.maven.apache.org/maven2/org/wildfly/security/wildfly-elytron-provider-util/1.17.0.Final/wildfly-elytron-provider-util-1.17.0.Final.pom
[INFO] Downloaded from central: https://repo.maven.apache.org/maven2/org/wildfly/security/wildfly-elytron-provider-util/1.17.0.Final/wildfly-elytron-provider-util-1.17.0.Final.pom (2.2 kB at 35 kB/s)
[INFO] Downloading from central: https://repo.maven.apache.org/maven2/org/wildfly/security/wildfly-elytron-x500/1.17.0.Final/wildfly-elytron-x500-1.17.0.Final.pom
[INFO] Downloaded from central: https://repo.maven.apache.org/maven2/org/wildfly/security/wildfly-elytron-x500/1.17.0.Final/wildfly-elytron-x500-1.17.0.Final.pom (2.7 kB at 14 kB/s)
[INFO] Downloading from central: https://repo.maven.apache.org/maven2/org/wildfly/security/wildfly-elytron-permission/1.17.0.Final/wildfly-elytron-permission-1.17.0.Final.pom
[INFO] Downloaded from central: https://repo.maven.apache.org/maven2/org/wildfly/security/wildfly-elytron-permission/1.17.0.Final/wildfly-elytron-permission-1.17.0.Final.pom (2.5 kB at 42 kB/s)
[INFO] Downloading from central: https://repo.maven.apache.org/maven2/org/wildfly/security/wildfly-elytron-client/1.17.0.Final/wildfly-elytron-client-1.17.0.Final.pom
[INFO] Downloaded from central: https://repo.maven.apache.org/maven2/org/wildfly/security/wildfly-elytron-client/1.17.0.Final/wildfly-elytron-client-1.17.0.Final.pom (6.0 kB at 33 kB/s)
[INFO] Downloading from central: https://repo.maven.apache.org/maven2/org/wildfly/security/wildfly-elytron-auth-util/1.17.0.Final/wildfly-elytron-auth-util-1.17.0.Final.pom
[INFO] Downloaded from central: https://repo.maven.apache.org/maven2/org/wildfly/security/wildfly-elytron-auth-util/1.17.0.Final/wildfly-elytron-auth-util-1.17.0.Final.pom (3.3 kB at 26 kB/s)
[INFO] Downloading from central: https://repo.maven.apache.org/maven2/org/wildfly/security/wildfly-elytron-mechanism-gssapi/1.17.0.Final/wildfly-elytron-mechanism-gssapi-1.17.0.Final.pom
[INFO] Downloaded from central: https://repo.maven.apache.org/maven2/org/wildfly/security/wildfly-elytron-mechanism-gssapi/1.17.0.Final/wildfly-elytron-mechanism-gssapi-1.17.0.Final.pom (2.9 kB at 51 kB/s)
[INFO] Downloading from central: https://repo.maven.apache.org/maven2/org/wildfly/security/wildfly-elytron-security-manager-action/1.17.0.Final/wildfly-elytron-security-manager-action-1.17.0.Final.pom
[INFO] Downloaded from central: https://repo.maven.apache.org/maven2/org/wildfly/security/wildfly-elytron-security-manager-action/1.17.0.Final/wildfly-elytron-security-manager-action-1.17.0.Final.pom (1.7 kB at 7.8 kB/s)
[INFO] Downloading from central: https://repo.maven.apache.org/maven2/org/apache/sshd/sshd-common/2.3.0/sshd-common-2.3.0.pom
[INFO] Downloaded from central: https://repo.maven.apache.org/maven2/org/apache/sshd/sshd-common/2.3.0/sshd-common-2.3.0.pom (4.7 kB at 130 kB/s)
[INFO] Downloading from central: https://repo.maven.apache.org/maven2/org/apache/sshd/sshd/2.3.0/sshd-2.3.0.pom
[INFO] Downloaded from central: https://repo.maven.apache.org/maven2/org/apache/sshd/sshd/2.3.0/sshd-2.3.0.pom (66 kB at 1.7 MB/s)
[INFO] Downloading from central: https://repo.maven.apache.org/maven2/org/springframework/spring-framework-bom/5.1.7.RELEASE/spring-framework-bom-5.1.7.RELEASE.pom
[INFO] Downloaded from central: https://repo.maven.apache.org/maven2/org/springframework/spring-framework-bom/5.1.7.RELEASE/spring-framework-bom-5.1.7.RELEASE.pom (5.3 kB at 136 kB/s)
[INFO] Downloading from central: https://repo.maven.apache.org/maven2/org/wildfly/security/wildfly-elytron-credential-source-impl/1.17.0.Final/wildfly-elytron-credential-source-impl-1.17.0.Final.pom
[INFO] Downloaded from central: https://repo.maven.apache.org/maven2/org/wildfly/security/wildfly-elytron-credential-source-impl/1.17.0.Final/wildfly-elytron-credential-source-impl-1.17.0.Final.pom (3.2 kB at 49 kB/s)
[INFO] Downloading from central: https://repo.maven.apache.org/maven2/org/wildfly/security/wildfly-elytron-credential-store/1.17.0.Final/wildfly-elytron-credential-store-1.17.0.Final.pom
[INFO] Downloaded from central: https://repo.maven.apache.org/maven2/org/wildfly/security/wildfly-elytron-credential-store/1.17.0.Final/wildfly-elytron-credential-store-1.17.0.Final.pom (4.2 kB at 72 kB/s)
[INFO] Downloading from central: https://repo.maven.apache.org/maven2/org/wildfly/security/wildfly-elytron-encryption/1.17.0.Final/wildfly-elytron-encryption-1.17.0.Final.pom
[INFO] Downloaded from central: https://repo.maven.apache.org/maven2/org/wildfly/security/wildfly-elytron-encryption/1.17.0.Final/wildfly-elytron-encryption-1.17.0.Final.pom (2.3 kB at 10 kB/s)
[INFO] Downloading from central: https://repo.maven.apache.org/maven2/org/wildfly/security/wildfly-elytron-mechanism/1.17.0.Final/wildfly-elytron-mechanism-1.17.0.Final.pom
[INFO] Downloaded from central: https://repo.maven.apache.org/maven2/org/wildfly/security/wildfly-elytron-mechanism/1.17.0.Final/wildfly-elytron-mechanism-1.17.0.Final.pom (2.7 kB at 41 kB/s)
[INFO] Downloading from central: https://repo.maven.apache.org/maven2/org/wildfly/security/wildfly-elytron-http/1.17.0.Final/wildfly-elytron-http-1.17.0.Final.pom
[INFO] Downloaded from central: https://repo.maven.apache.org/maven2/org/wildfly/security/wildfly-elytron-http/1.17.0.Final/wildfly-elytron-http-1.17.0.Final.pom (2.7 kB at 46 kB/s)
[INFO] Downloading from central: https://repo.maven.apache.org/maven2/org/wildfly/security/wildfly-elytron-password-impl/1.17.0.Final/wildfly-elytron-password-impl-1.17.0.Final.pom
[INFO] Downloaded from central: https://repo.maven.apache.org/maven2/org/wildfly/security/wildfly-elytron-password-impl/1.17.0.Final/wildfly-elytron-password-impl-1.17.0.Final.pom (2.9 kB at 47 kB/s)
[INFO] Downloading from central: https://repo.maven.apache.org/maven2/org/wildfly/security/wildfly-elytron-sasl/1.17.0.Final/wildfly-elytron-sasl-1.17.0.Final.pom
[INFO] Downloaded from central: https://repo.maven.apache.org/maven2/org/wildfly/security/wildfly-elytron-sasl/1.17.0.Final/wildfly-elytron-sasl-1.17.0.Final.pom (3.8 kB at 16 kB/s)
[INFO] Downloading from central: https://repo.maven.apache.org/maven2/org/wildfly/security/wildfly-elytron-ssl/1.17.0.Final/wildfly-elytron-ssl-1.17.0.Final.pom
[INFO] Downloaded from central: https://repo.maven.apache.org/maven2/org/wildfly/security/wildfly-elytron-ssl/1.17.0.Final/wildfly-elytron-ssl-1.17.0.Final.pom (6.3 kB at 100 kB/s)
[INFO] Downloading from central: https://repo.maven.apache.org/maven2/org/wildfly/security/wildfly-elytron-x500-cert/1.17.0.Final/wildfly-elytron-x500-cert-1.17.0.Final.pom
[INFO] Downloaded from central: https://repo.maven.apache.org/maven2/org/wildfly/security/wildfly-elytron-x500-cert/1.17.0.Final/wildfly-elytron-x500-cert-1.17.0.Final.pom (3.2 kB at 75 kB/s)
[INFO] Downloading from central: https://repo.maven.apache.org/maven2/org/wildfly/security/wildfly-elytron-x500-cert-util/1.17.0.Final/wildfly-elytron-x500-cert-util-1.17.0.Final.pom
[INFO] Downloaded from central: https://repo.maven.apache.org/maven2/org/wildfly/security/wildfly-elytron-x500-cert-util/1.17.0.Final/wildfly-elytron-x500-cert-util-1.17.0.Final.pom (2.3 kB at 9.5 kB/s)
[INFO] Downloading from central: https://repo.maven.apache.org/maven2/org/wildfly/security/wildfly-elytron-security-manager/1.17.0.Final/wildfly-elytron-security-manager-1.17.0.Final.pom
[INFO] Downloaded from central: https://repo.maven.apache.org/maven2/org/wildfly/security/wildfly-elytron-security-manager/1.17.0.Final/wildfly-elytron-security-manager-1.17.0.Final.pom (6.3 kB at 26 kB/s)
[INFO] Downloading from central: https://repo.maven.apache.org/maven2/org/wildfly/security/wildfly-elytron-realm/1.17.0.Final/wildfly-elytron-realm-1.17.0.Final.pom
[INFO] Downloaded from central: https://repo.maven.apache.org/maven2/org/wildfly/security/wildfly-elytron-realm/1.17.0.Final/wildfly-elytron-realm-1.17.0.Final.pom (4.3 kB at 62 kB/s)
[INFO] Downloading from central: https://repo.maven.apache.org/maven2/org/wildfly/security/wildfly-elytron-sasl-localuser/1.17.0.Final/wildfly-elytron-sasl-localuser-1.17.0.Final.pom
[INFO] Downloaded from central: https://repo.maven.apache.org/maven2/org/wildfly/security/wildfly-elytron-sasl-localuser/1.17.0.Final/wildfly-elytron-sasl-localuser-1.17.0.Final.pom (2.5 kB at 12 kB/s)
[INFO] Downloading from central: https://repo.maven.apache.org/maven2/org/wildfly/security/wildfly-elytron-http-sso/1.17.0.Final/wildfly-elytron-http-sso-1.17.0.Final.pom
[INFO] Downloaded from central: https://repo.maven.apache.org/maven2/org/wildfly/security/wildfly-elytron-http-sso/1.17.0.Final/wildfly-elytron-http-sso-1.17.0.Final.pom (2.8 kB at 12 kB/s)
[INFO] Downloading from central: https://repo.maven.apache.org/maven2/org/wildfly/security/wildfly-elytron-http-util/1.17.0.Final/wildfly-elytron-http-util-1.17.0.Final.pom
[INFO] Downloaded from central: https://repo.maven.apache.org/maven2/org/wildfly/security/wildfly-elytron-http-util/1.17.0.Final/wildfly-elytron-http-util-1.17.0.Final.pom (2.6 kB at 14 kB/s)
[INFO] Downloading from central: https://repo.maven.apache.org/maven2/org/wildfly/transaction/wildfly-transaction-client/1.1.14.Final/wildfly-transaction-client-1.1.14.Final.pom
[INFO] Downloaded from central: https://repo.maven.apache.org/maven2/org/wildfly/transaction/wildfly-transaction-client/1.1.14.Final/wildfly-transaction-client-1.1.14.Final.pom (7.3 kB at 209 kB/s)
[INFO] Downloading from central: https://repo.maven.apache.org/maven2/org/wildfly/wildfly-naming-client/1.0.14.Final/wildfly-naming-client-1.0.14.Final.pom
[INFO] Downloaded from central: https://repo.maven.apache.org/maven2/org/wildfly/wildfly-naming-client/1.0.14.Final/wildfly-naming-client-1.0.14.Final.pom (5.6 kB at 157 kB/s)
[INFO] Downloading from central: https://repo.maven.apache.org/maven2/org/jboss/marshalling/jboss-marshalling/2.0.0.Final/jboss-marshalling-2.0.0.Final.pom
[INFO] Downloaded from central: https://repo.maven.apache.org/maven2/org/jboss/marshalling/jboss-marshalling/2.0.0.Final/jboss-marshalling-2.0.0.Final.pom (4.3 kB at 105 kB/s)
[INFO] Downloading from central: https://repo.maven.apache.org/maven2/org/jboss/marshalling/jboss-marshalling-parent/2.0.0.Final/jboss-marshalling-parent-2.0.0.Final.pom
[INFO] Downloaded from central: https://repo.maven.apache.org/maven2/org/jboss/marshalling/jboss-marshalling-parent/2.0.0.Final/jboss-marshalling-parent-2.0.0.Final.pom (6.6 kB at 188 kB/s)
[INFO] Downloading from central: https://repo.maven.apache.org/maven2/org/jboss/marshalling/jboss-marshalling-river/2.0.0.Final/jboss-marshalling-river-2.0.0.Final.pom
[INFO] Downloaded from central: https://repo.maven.apache.org/maven2/org/jboss/marshalling/jboss-marshalling-river/2.0.0.Final/jboss-marshalling-river-2.0.0.Final.pom (1.6 kB at 42 kB/s)
[INFO] Downloading from central: https://repo.maven.apache.org/maven2/org/jboss/remoting/jboss-remoting/5.0.0.Final/jboss-remoting-5.0.0.Final.pom
[INFO] Downloaded from central: https://repo.maven.apache.org/maven2/org/jboss/remoting/jboss-remoting/5.0.0.Final/jboss-remoting-5.0.0.Final.pom (14 kB at 327 kB/s)
[INFO] Downloading from central: https://repo.maven.apache.org/maven2/org/jboss/xnio/xnio-api/3.5.1.Final/xnio-api-3.5.1.Final.pom
[INFO] Downloaded from central: https://repo.maven.apache.org/maven2/org/jboss/xnio/xnio-api/3.5.1.Final/xnio-api-3.5.1.Final.pom (8.5 kB at 190 kB/s)
[INFO] Downloading from central: https://repo.maven.apache.org/maven2/org/jboss/xnio/xnio-all/3.5.1.Final/xnio-all-3.5.1.Final.pom
[INFO] Downloaded from central: https://repo.maven.apache.org/maven2/org/jboss/xnio/xnio-all/3.5.1.Final/xnio-all-3.5.1.Final.pom (6.6 kB at 168 kB/s)
[INFO] Downloading from central: https://repo.maven.apache.org/maven2/org/jboss/xnio/xnio-nio/3.5.1.Final/xnio-nio-3.5.1.Final.pom
[INFO] Downloaded from central: https://repo.maven.apache.org/maven2/org/jboss/xnio/xnio-nio/3.5.1.Final/xnio-nio-3.5.1.Final.pom (7.8 kB at 217 kB/s)
[INFO] Downloading from central: https://repo.maven.apache.org/maven2/org/jboss/threads/jboss-threads/2.2.1.Final/jboss-threads-2.2.1.Final.pom
[INFO] Downloaded from central: https://repo.maven.apache.org/maven2/org/jboss/threads/jboss-threads/2.2.1.Final/jboss-threads-2.2.1.Final.pom (0 B at 0 B/s)
[INFO] Downloading from central: https://repo.maven.apache.org/maven2/org/jboss/jboss-parent/13/jboss-parent-13.pom
[INFO] Downloaded from central: https://repo.maven.apache.org/maven2/org/jboss/jboss-parent/13/jboss-parent-13.pom (0 B at 0 B/s)
[INFO] Downloading from central: https://repo.maven.apache.org/maven2/org/jboss/logmanager/jboss-logmanager/2.1.10.Final/jboss-logmanager-2.1.10.Final.pom
[INFO] Downloaded from central: https://repo.maven.apache.org/maven2/org/jboss/logmanager/jboss-logmanager/2.1.10.Final/jboss-logmanager-2.1.10.Final.pom (14 kB at 394 kB/s)
[INFO] Downloading from central: https://repo.maven.apache.org/maven2/org/jboss/ironjacamar/ironjacamar-spec-api/1.4.4.Final/ironjacamar-spec-api-1.4.4.Final.pom
[INFO] Downloaded from central: https://repo.maven.apache.org/maven2/org/jboss/ironjacamar/ironjacamar-spec-api/1.4.4.Final/ironjacamar-spec-api-1.4.4.Final.pom (3.0 kB at 10.0 kB/s)
[INFO] Downloading from central: https://repo.maven.apache.org/maven2/org/jboss/narayana/jta/narayana-jta/5.5.30.Final/narayana-jta-5.5.30.Final.pom
[INFO] Downloaded from central: https://repo.maven.apache.org/maven2/org/jboss/narayana/jta/narayana-jta/5.5.30.Final/narayana-jta-5.5.30.Final.pom (9.2 kB at 25 kB/s)
[INFO] Downloading from central: https://repo.maven.apache.org/maven2/org/jboss/narayana/jta/narayana-jta-all/5.5.30.Final/narayana-jta-all-5.5.30.Final.pom
[INFO] Downloaded from central: https://repo.maven.apache.org/maven2/org/jboss/narayana/jta/narayana-jta-all/5.5.30.Final/narayana-jta-all-5.5.30.Final.pom (2.7 kB at 23 kB/s)
[INFO] Downloading from central: https://repo.maven.apache.org/maven2/org/jboss/narayana/narayana-all/5.5.30.Final/narayana-all-5.5.30.Final.pom
[INFO] Downloaded from central: https://repo.maven.apache.org/maven2/org/jboss/narayana/narayana-all/5.5.30.Final/narayana-all-5.5.30.Final.pom (30 kB at 270 kB/s)
[INFO] Downloading from central: https://repo.maven.apache.org/maven2/org/jboss/narayana/jts/narayana-jts-integration/5.5.30.Final/narayana-jts-integration-5.5.30.Final.pom
[INFO] Downloaded from central: https://repo.maven.apache.org/maven2/org/jboss/narayana/jts/narayana-jts-integration/5.5.30.Final/narayana-jts-integration-5.5.30.Final.pom (7.9 kB at 66 kB/s)
[INFO] Downloading from central: https://repo.maven.apache.org/maven2/org/jboss/narayana/jts/narayana-jts-all/5.5.30.Final/narayana-jts-all-5.5.30.Final.pom
[INFO] Downloaded from central: https://repo.maven.apache.org/maven2/org/jboss/narayana/jts/narayana-jts-all/5.5.30.Final/narayana-jts-all-5.5.30.Final.pom (8.4 kB at 65 kB/s)
[INFO] Downloading from central: https://repo.maven.apache.org/maven2/org/jboss/byteman/byteman/4.0.7/byteman-4.0.7.pom
[INFO] Downloaded from central: https://repo.maven.apache.org/maven2/org/jboss/byteman/byteman/4.0.7/byteman-4.0.7.pom (4.5 kB at 14 kB/s)
[INFO] Downloading from central: https://repo.maven.apache.org/maven2/org/jboss/byteman/byteman-root/4.0.7/byteman-root-4.0.7.pom
[INFO] Downloaded from central: https://repo.maven.apache.org/maven2/org/jboss/byteman/byteman-root/4.0.7/byteman-root-4.0.7.pom (22 kB at 78 kB/s)
[INFO] Downloading from central: https://repo.maven.apache.org/maven2/org/jboss/byteman/byteman-bmunit/4.0.7/byteman-bmunit-4.0.7.pom
[INFO] Downloaded from central: https://repo.maven.apache.org/maven2/org/jboss/byteman/byteman-bmunit/4.0.7/byteman-bmunit-4.0.7.pom (8.1 kB at 25 kB/s)
[INFO] Downloading from central: https://repo.maven.apache.org/maven2/org/jboss/byteman/byteman-submit/4.0.7/byteman-submit-4.0.7.pom
[INFO] Downloaded from central: https://repo.maven.apache.org/maven2/org/jboss/byteman/byteman-submit/4.0.7/byteman-submit-4.0.7.pom (2.3 kB at 7.9 kB/s)
[INFO] Downloading from central: https://repo.maven.apache.org/maven2/org/jboss/byteman/byteman-install/4.0.7/byteman-install-4.0.7.pom
[INFO] Downloaded from central: https://repo.maven.apache.org/maven2/org/jboss/byteman/byteman-install/4.0.7/byteman-install-4.0.7.pom (3.0 kB at 8.1 kB/s)
[INFO] Downloading from central: https://repo.maven.apache.org/maven2/org/jboss/invocation/jboss-invocation/1.5.0.Final/jboss-invocation-1.5.0.Final.jar
[INFO] Downloading from central: https://repo.maven.apache.org/maven2/org/jboss/marshalling/jboss-marshalling/2.0.6.Final/jboss-marshalling-2.0.6.Final.jar
[INFO] Downloading from central: https://repo.maven.apache.org/maven2/org/jboss/modules/jboss-modules/1.6.0.Final/jboss-modules-1.6.0.Final.jar
[INFO] Downloading from central: https://repo.maven.apache.org/maven2/org/jboss/xnio/xnio-api/3.8.2.Final/xnio-api-3.8.2.Final.jar
[INFO] Downloading from central: https://repo.maven.apache.org/maven2/org/jboss/marshalling/jboss-marshalling-river/2.0.6.Final/jboss-marshalling-river-2.0.6.Final.jar
[INFO] Downloaded from central: https://repo.maven.apache.org/maven2/org/jboss/marshalling/jboss-marshalling/2.0.6.Final/jboss-marshalling-2.0.6.Final.jar (0 B at 0 B/s)
[INFO] Downloading from central: https://repo.maven.apache.org/maven2/org/jboss/xnio/xnio-nio/3.8.2.Final/xnio-nio-3.8.2.Final.jar
[INFO] Downloaded from central: https://repo.maven.apache.org/maven2/org/jboss/marshalling/jboss-marshalling-river/2.0.6.Final/jboss-marshalling-river-2.0.6.Final.jar (0 B at 0 B/s)
[INFO] Downloading from central: https://repo.maven.apache.org/maven2/org/jboss/remoting/jboss-remoting/5.0.17.Final/jboss-remoting-5.0.17.Final.jar
[INFO] Downloaded from central: https://repo.maven.apache.org/maven2/org/jboss/xnio/xnio-nio/3.8.2.Final/xnio-nio-3.8.2.Final.jar (112 kB at 2.3 MB/s)
[INFO] Downloading from central: https://repo.maven.apache.org/maven2/org/wildfly/security/wildfly-elytron/1.1.0.Final/wildfly-elytron-1.1.0.Final.jar
[INFO] Downloaded from central: https://repo.maven.apache.org/maven2/org/jboss/modules/jboss-modules/1.6.0.Final/jboss-modules-1.6.0.Final.jar (400 kB at 4.4 MB/s)
[INFO] Downloading from central: https://repo.maven.apache.org/maven2/org/jboss/logging/jboss-logging/3.4.0.Final/jboss-logging-3.4.0.Final.jar
[INFO] Downloaded from central: https://repo.maven.apache.org/maven2/org/jboss/xnio/xnio-api/3.8.2.Final/xnio-api-3.8.2.Final.jar (588 kB at 6.1 MB/s)
[INFO] Downloading from central: https://repo.maven.apache.org/maven2/org/jboss/logging/jboss-logging-processor/2.1.0.Final/jboss-logging-processor-2.1.0.Final.jar
[INFO] Downloaded from central: https://repo.maven.apache.org/maven2/org/jboss/logging/jboss-logging-processor/2.1.0.Final/jboss-logging-processor-2.1.0.Final.jar (0 B at 0 B/s)
[INFO] Downloading from central: https://repo.maven.apache.org/maven2/org/jboss/jdeparser/jdeparser/2.0.2.Final/jdeparser-2.0.2.Final.jar
[INFO] Downloaded from central: https://repo.maven.apache.org/maven2/org/wildfly/security/wildfly-elytron/1.1.0.Final/wildfly-elytron-1.1.0.Final.jar (2.0 MB at 16 MB/s)
[INFO] Downloading from central: https://repo.maven.apache.org/maven2/org/jboss/logging/jboss-logging-annotations/2.1.0.Final/jboss-logging-annotations-2.1.0.Final.jar
[INFO] Downloaded from central: https://repo.maven.apache.org/maven2/org/jboss/logging/jboss-logging/3.4.0.Final/jboss-logging-3.4.0.Final.jar (60 kB at 485 kB/s)
[INFO] Downloading from central: https://repo.maven.apache.org/maven2/org/jboss/spec/javax/ejb/jboss-ejb-api_3.2_spec/1.0.0.Final/jboss-ejb-api_3.2_spec-1.0.0.Final.jar
[INFO] Downloaded from central: https://repo.maven.apache.org/maven2/org/jboss/invocation/jboss-invocation/1.5.0.Final/jboss-invocation-1.5.0.Final.jar (75 kB at 569 kB/s)
[INFO] Downloading from central: https://repo.maven.apache.org/maven2/org/kohsuke/metainf-services/metainf-services/1.7/metainf-services-1.7.jar
[INFO] Downloaded from central: https://repo.maven.apache.org/maven2/org/jboss/jdeparser/jdeparser/2.0.2.Final/jdeparser-2.0.2.Final.jar (0 B at 0 B/s)
[INFO] Downloading from central: https://repo.maven.apache.org/maven2/org/wildfly/common/wildfly-common/1.5.1.Final/wildfly-common-1.5.1.Final.jar
[INFO] Downloaded from central: https://repo.maven.apache.org/maven2/org/jboss/logging/jboss-logging-annotations/2.1.0.Final/jboss-logging-annotations-2.1.0.Final.jar (0 B at 0 B/s)
[INFO] Downloading from central: https://repo.maven.apache.org/maven2/org/wildfly/discovery/wildfly-discovery-client/1.2.1.Final/wildfly-discovery-client-1.2.1.Final.jar
[INFO] Downloaded from central: https://repo.maven.apache.org/maven2/org/jboss/remoting/jboss-remoting/5.0.17.Final/jboss-remoting-5.0.17.Final.jar (325 kB at 2.0 MB/s)
[INFO] Downloading from central: https://repo.maven.apache.org/maven2/org/wildfly/security/wildfly-elytron-auth/1.17.0.Final/wildfly-elytron-auth-1.17.0.Final.jar
[INFO] Downloaded from central: https://repo.maven.apache.org/maven2/org/jboss/spec/javax/ejb/jboss-ejb-api_3.2_spec/1.0.0.Final/jboss-ejb-api_3.2_spec-1.0.0.Final.jar (51 kB at 314 kB/s)
[INFO] Downloading from central: https://repo.maven.apache.org/maven2/org/wildfly/security/wildfly-elytron-auth-server/1.17.0.Final/wildfly-elytron-auth-server-1.17.0.Final.jar
[INFO] Downloaded from central: https://repo.maven.apache.org/maven2/org/wildfly/common/wildfly-common/1.5.1.Final/wildfly-common-1.5.1.Final.jar (284 kB at 1.7 MB/s)
[INFO] Downloading from central: https://repo.maven.apache.org/maven2/org/wildfly/security/wildfly-elytron-base/1.17.0.Final/wildfly-elytron-base-1.17.0.Final.jar
[INFO] Downloaded from central: https://repo.maven.apache.org/maven2/org/kohsuke/metainf-services/metainf-services/1.7/metainf-services-1.7.jar (7.7 kB at 45 kB/s)
[INFO] Downloading from central: https://repo.maven.apache.org/maven2/org/wildfly/security/wildfly-elytron-x500/1.17.0.Final/wildfly-elytron-x500-1.17.0.Final.jar
[INFO] Downloaded from central: https://repo.maven.apache.org/maven2/org/wildfly/discovery/wildfly-discovery-client/1.2.1.Final/wildfly-discovery-client-1.2.1.Final.jar (85 kB at 468 kB/s)
[INFO] Downloading from central: https://repo.maven.apache.org/maven2/org/wildfly/security/wildfly-elytron-credential/1.17.0.Final/wildfly-elytron-credential-1.17.0.Final.jar
[INFO] Downloaded from central: https://repo.maven.apache.org/maven2/org/wildfly/security/wildfly-elytron-x500/1.17.0.Final/wildfly-elytron-x500-1.17.0.Final.jar (36 kB at 156 kB/s)
[INFO] Downloaded from central: https://repo.maven.apache.org/maven2/org/wildfly/security/wildfly-elytron-auth/1.17.0.Final/wildfly-elytron-auth-1.17.0.Final.jar (13 kB at 54 kB/s)
[INFO] Downloading from central: https://repo.maven.apache.org/maven2/org/wildfly/security/wildfly-elytron-keystore/1.17.0.Final/wildfly-elytron-keystore-1.17.0.Final.jar
[INFO] Downloading from central: https://repo.maven.apache.org/maven2/org/wildfly/security/wildfly-elytron-asn1/1.17.0.Final/wildfly-elytron-asn1-1.17.0.Final.jar
[INFO] Downloaded from central: https://repo.maven.apache.org/maven2/org/wildfly/security/wildfly-elytron-asn1/1.17.0.Final/wildfly-elytron-asn1-1.17.0.Final.jar (38 kB at 132 kB/s)
[INFO] Downloading from central: https://repo.maven.apache.org/maven2/org/wildfly/security/wildfly-elytron-provider-util/1.17.0.Final/wildfly-elytron-provider-util-1.17.0.Final.jar
[INFO] Downloaded from central: https://repo.maven.apache.org/maven2/org/wildfly/security/wildfly-elytron-keystore/1.17.0.Final/wildfly-elytron-keystore-1.17.0.Final.jar (47 kB at 166 kB/s)
[INFO] Downloading from central: https://repo.maven.apache.org/maven2/org/wildfly/security/wildfly-elytron-client/1.17.0.Final/wildfly-elytron-client-1.17.0.Final.jar
[INFO] Downloaded from central: https://repo.maven.apache.org/maven2/org/wildfly/security/wildfly-elytron-provider-util/1.17.0.Final/wildfly-elytron-provider-util-1.17.0.Final.jar (16 kB at 45 kB/s)
[INFO] Downloading from central: https://repo.maven.apache.org/maven2/org/wildfly/security/wildfly-elytron-auth-util/1.17.0.Final/wildfly-elytron-auth-util-1.17.0.Final.jar
[INFO] Downloaded from central: https://repo.maven.apache.org/maven2/org/wildfly/security/wildfly-elytron-auth-util/1.17.0.Final/wildfly-elytron-auth-util-1.17.0.Final.jar (25 kB at 60 kB/s)
[INFO] Downloading from central: https://repo.maven.apache.org/maven2/org/wildfly/security/wildfly-elytron-mechanism-gssapi/1.17.0.Final/wildfly-elytron-mechanism-gssapi-1.17.0.Final.jar
[INFO] Downloaded from central: https://repo.maven.apache.org/maven2/org/wildfly/security/wildfly-elytron-base/1.17.0.Final/wildfly-elytron-base-1.17.0.Final.jar (32 kB at 78 kB/s)
[INFO] Downloading from central: https://repo.maven.apache.org/maven2/org/apache/sshd/sshd-common/2.3.0/sshd-common-2.3.0.jar
[INFO] Downloaded from central: https://repo.maven.apache.org/maven2/org/apache/sshd/sshd-common/2.3.0/sshd-common-2.3.0.jar (741 kB at 1.6 MB/s)
[INFO] Downloading from central: https://repo.maven.apache.org/maven2/org/wildfly/security/wildfly-elytron-credential-source-impl/1.17.0.Final/wildfly-elytron-credential-source-impl-1.17.0.Final.jar
[INFO] Downloaded from central: https://repo.maven.apache.org/maven2/org/wildfly/security/wildfly-elytron-auth-server/1.17.0.Final/wildfly-elytron-auth-server-1.17.0.Final.jar (275 kB at 565 kB/s)
[INFO] Downloading from central: https://repo.maven.apache.org/maven2/org/wildfly/security/wildfly-elytron-credential-store/1.17.0.Final/wildfly-elytron-credential-store-1.17.0.Final.jar
[INFO] Downloaded from central: https://repo.maven.apache.org/maven2/org/wildfly/security/wildfly-elytron-credential/1.17.0.Final/wildfly-elytron-credential-1.17.0.Final.jar (139 kB at 272 kB/s)
[INFO] Downloading from central: https://repo.maven.apache.org/maven2/org/wildfly/security/wildfly-elytron-encryption/1.17.0.Final/wildfly-elytron-encryption-1.17.0.Final.jar
[INFO] Downloaded from central: https://repo.maven.apache.org/maven2/org/wildfly/security/wildfly-elytron-client/1.17.0.Final/wildfly-elytron-client-1.17.0.Final.jar (219 kB at 406 kB/s)
[INFO] Downloading from central: https://repo.maven.apache.org/maven2/org/wildfly/security/wildfly-elytron-mechanism/1.17.0.Final/wildfly-elytron-mechanism-1.17.0.Final.jar
[INFO] Downloaded from central: https://repo.maven.apache.org/maven2/org/wildfly/security/wildfly-elytron-credential-store/1.17.0.Final/wildfly-elytron-credential-store-1.17.0.Final.jar (69 kB at 126 kB/s)
[INFO] Downloading from central: https://repo.maven.apache.org/maven2/org/wildfly/security/wildfly-elytron-password-impl/1.17.0.Final/wildfly-elytron-password-impl-1.17.0.Final.jar
[INFO] Downloaded from central: https://repo.maven.apache.org/maven2/org/wildfly/security/wildfly-elytron-password-impl/1.17.0.Final/wildfly-elytron-password-impl-1.17.0.Final.jar (100 kB at 164 kB/s)
[INFO] Downloading from central: https://repo.maven.apache.org/maven2/org/wildfly/security/wildfly-elytron-x500-cert/1.17.0.Final/wildfly-elytron-x500-cert-1.17.0.Final.jar
[INFO] Downloaded from central: https://repo.maven.apache.org/maven2/org/wildfly/security/wildfly-elytron-mechanism-gssapi/1.17.0.Final/wildfly-elytron-mechanism-gssapi-1.17.0.Final.jar (17 kB at 27 kB/s)
[INFO] Downloading from central: https://repo.maven.apache.org/maven2/org/wildfly/security/wildfly-elytron-x500-cert-util/1.17.0.Final/wildfly-elytron-x500-cert-util-1.17.0.Final.jar
[INFO] Downloaded from central: https://repo.maven.apache.org/maven2/org/wildfly/security/wildfly-elytron-x500-cert-util/1.17.0.Final/wildfly-elytron-x500-cert-util-1.17.0.Final.jar (8.1 kB at 12 kB/s)
[INFO] Downloading from central: https://repo.maven.apache.org/maven2/org/wildfly/security/wildfly-elytron-security-manager/1.17.0.Final/wildfly-elytron-security-manager-1.17.0.Final.jar
[INFO] Downloaded from central: https://repo.maven.apache.org/maven2/org/wildfly/security/wildfly-elytron-x500-cert/1.17.0.Final/wildfly-elytron-x500-cert-1.17.0.Final.jar (71 kB at 103 kB/s)
[INFO] Downloading from central: https://repo.maven.apache.org/maven2/org/wildfly/security/wildfly-elytron-security-manager-action/1.17.0.Final/wildfly-elytron-security-manager-action-1.17.0.Final.jar
[INFO] Downloaded from central: https://repo.maven.apache.org/maven2/org/wildfly/security/wildfly-elytron-encryption/1.17.0.Final/wildfly-elytron-encryption-1.17.0.Final.jar (11 kB at 15 kB/s)
[INFO] Downloading from central: https://repo.maven.apache.org/maven2/org/wildfly/security/wildfly-elytron-permission/1.17.0.Final/wildfly-elytron-permission-1.17.0.Final.jar
[INFO] Downloaded from central: https://repo.maven.apache.org/maven2/org/wildfly/security/wildfly-elytron-security-manager-action/1.17.0.Final/wildfly-elytron-security-manager-action-1.17.0.Final.jar (20 kB at 27 kB/s)
[INFO] Downloading from central: https://repo.maven.apache.org/maven2/org/wildfly/security/wildfly-elytron-sasl/1.17.0.Final/wildfly-elytron-sasl-1.17.0.Final.jar
[INFO] Downloaded from central: https://repo.maven.apache.org/maven2/org/wildfly/security/wildfly-elytron-mechanism/1.17.0.Final/wildfly-elytron-mechanism-1.17.0.Final.jar (39 kB at 50 kB/s)
[INFO] Downloading from central: https://repo.maven.apache.org/maven2/org/wildfly/security/wildfly-elytron-ssl/1.17.0.Final/wildfly-elytron-ssl-1.17.0.Final.jar
[INFO] Downloaded from central: https://repo.maven.apache.org/maven2/org/wildfly/security/wildfly-elytron-permission/1.17.0.Final/wildfly-elytron-permission-1.17.0.Final.jar (63 kB at 79 kB/s)
[INFO] Downloading from central: https://repo.maven.apache.org/maven2/org/wildfly/security/wildfly-elytron-realm/1.17.0.Final/wildfly-elytron-realm-1.17.0.Final.jar
[INFO] Downloaded from central: https://repo.maven.apache.org/maven2/org/wildfly/security/wildfly-elytron-credential-source-impl/1.17.0.Final/wildfly-elytron-credential-source-impl-1.17.0.Final.jar (24 kB at 29 kB/s)
[INFO] Downloading from central: https://repo.maven.apache.org/maven2/org/wildfly/security/wildfly-elytron-sasl-localuser/1.17.0.Final/wildfly-elytron-sasl-localuser-1.17.0.Final.jar
[INFO] Downloaded from central: https://repo.maven.apache.org/maven2/org/wildfly/security/wildfly-elytron-sasl/1.17.0.Final/wildfly-elytron-sasl-1.17.0.Final.jar (163 kB at 199 kB/s)
[INFO] Downloading from central: https://repo.maven.apache.org/maven2/org/wildfly/security/wildfly-elytron-http-sso/1.17.0.Final/wildfly-elytron-http-sso-1.17.0.Final.jar
[INFO] Downloaded from central: https://repo.maven.apache.org/maven2/org/wildfly/security/wildfly-elytron-ssl/1.17.0.Final/wildfly-elytron-ssl-1.17.0.Final.jar (179 kB at 214 kB/s)
[INFO] Downloading from central: https://repo.maven.apache.org/maven2/org/wildfly/security/wildfly-elytron-http/1.17.0.Final/wildfly-elytron-http-1.17.0.Final.jar
[INFO] Downloaded from central: https://repo.maven.apache.org/maven2/org/wildfly/security/wildfly-elytron-security-manager/1.17.0.Final/wildfly-elytron-security-manager-1.17.0.Final.jar (34 kB at 37 kB/s)
[INFO] Downloading from central: https://repo.maven.apache.org/maven2/org/wildfly/security/wildfly-elytron-http-util/1.17.0.Final/wildfly-elytron-http-util-1.17.0.Final.jar
[INFO] Downloaded from central: https://repo.maven.apache.org/maven2/org/wildfly/security/wildfly-elytron-sasl-localuser/1.17.0.Final/wildfly-elytron-sasl-localuser-1.17.0.Final.jar (15 kB at 15 kB/s)
[INFO] Downloading from central: https://repo.maven.apache.org/maven2/org/wildfly/security/wildfly-elytron-util/1.17.0.Final/wildfly-elytron-util-1.17.0.Final.jar
[INFO] Downloaded from central: https://repo.maven.apache.org/maven2/org/wildfly/security/wildfly-elytron-realm/1.17.0.Final/wildfly-elytron-realm-1.17.0.Final.jar (98 kB at 95 kB/s)
[INFO] Downloading from central: https://repo.maven.apache.org/maven2/org/wildfly/transaction/wildfly-transaction-client/1.1.14.Final/wildfly-transaction-client-1.1.14.Final.jar
[INFO] Downloaded from central: https://repo.maven.apache.org/maven2/org/wildfly/transaction/wildfly-transaction-client/1.1.14.Final/wildfly-transaction-client-1.1.14.Final.jar (190 kB at 178 kB/s)
[INFO] Downloading from central: https://repo.maven.apache.org/maven2/org/wildfly/wildfly-naming-client/1.0.14.Final/wildfly-naming-client-1.0.14.Final.jar
[INFO] Downloaded from central: https://repo.maven.apache.org/maven2/org/wildfly/security/wildfly-elytron-http-sso/1.17.0.Final/wildfly-elytron-http-sso-1.17.0.Final.jar (39 kB at 36 kB/s)
[INFO] Downloading from central: https://repo.maven.apache.org/maven2/org/jboss/logmanager/jboss-logmanager/2.1.10.Final/jboss-logmanager-2.1.10.Final.jar
[INFO] Downloaded from central: https://repo.maven.apache.org/maven2/org/wildfly/wildfly-naming-client/1.0.14.Final/wildfly-naming-client-1.0.14.Final.jar (143 kB at 130 kB/s)
[INFO] Downloading from central: https://repo.maven.apache.org/maven2/org/jboss/threads/jboss-threads/2.3.3.Final/jboss-threads-2.3.3.Final.jar
[INFO] Downloaded from central: https://repo.maven.apache.org/maven2/org/jboss/logmanager/jboss-logmanager/2.1.10.Final/jboss-logmanager-2.1.10.Final.jar (420 kB at 376 kB/s)
[INFO] Downloading from central: https://repo.maven.apache.org/maven2/org/jboss/ironjacamar/ironjacamar-spec-api/1.4.4.Final/ironjacamar-spec-api-1.4.4.Final.jar
[INFO] Downloaded from central: https://repo.maven.apache.org/maven2/org/jboss/threads/jboss-threads/2.3.3.Final/jboss-threads-2.3.3.Final.jar (167 kB at 147 kB/s)
[INFO] Downloading from central: https://repo.maven.apache.org/maven2/org/jboss/narayana/jta/narayana-jta/5.5.30.Final/narayana-jta-5.5.30.Final.jar
[INFO] Downloaded from central: https://repo.maven.apache.org/maven2/org/wildfly/security/wildfly-elytron-http/1.17.0.Final/wildfly-elytron-http-1.17.0.Final.jar (33 kB at 29 kB/s)
[INFO] Downloading from central: https://repo.maven.apache.org/maven2/org/jboss/narayana/jts/narayana-jts-integration/5.5.30.Final/narayana-jts-integration-5.5.30.Final.jar
[INFO] Downloaded from central: https://repo.maven.apache.org/maven2/org/wildfly/security/wildfly-elytron-http-util/1.17.0.Final/wildfly-elytron-http-util-1.17.0.Final.jar (30 kB at 24 kB/s)
[INFO] Downloading from central: https://repo.maven.apache.org/maven2/org/jboss/byteman/byteman/4.0.7/byteman-4.0.7.jar
[INFO] Downloaded from central: https://repo.maven.apache.org/maven2/org/wildfly/security/wildfly-elytron-util/1.17.0.Final/wildfly-elytron-util-1.17.0.Final.jar (34 kB at 27 kB/s)
[INFO] Downloading from central: https://repo.maven.apache.org/maven2/org/jboss/byteman/byteman-bmunit/4.0.7/byteman-bmunit-4.0.7.jar
[INFO] Downloaded from central: https://repo.maven.apache.org/maven2/org/jboss/narayana/jts/narayana-jts-integration/5.5.30.Final/narayana-jts-integration-5.5.30.Final.jar (49 kB at 35 kB/s)
[INFO] Downloading from central: https://repo.maven.apache.org/maven2/org/jboss/byteman/byteman-submit/4.0.7/byteman-submit-4.0.7.jar
[INFO] Downloaded from central: https://repo.maven.apache.org/maven2/org/jboss/ironjacamar/ironjacamar-spec-api/1.4.4.Final/ironjacamar-spec-api-1.4.4.Final.jar (62 kB at 43 kB/s)
[INFO] Downloading from central: https://repo.maven.apache.org/maven2/org/jboss/byteman/byteman-install/4.0.7/byteman-install-4.0.7.jar
[INFO] Downloaded from central: https://repo.maven.apache.org/maven2/org/jboss/narayana/jta/narayana-jta/5.5.30.Final/narayana-jta-5.5.30.Final.jar (852 kB at 566 kB/s)
[INFO] Downloaded from central: https://repo.maven.apache.org/maven2/org/jboss/byteman/byteman/4.0.7/byteman-4.0.7.jar (832 kB at 544 kB/s)
[INFO] Downloaded from central: https://repo.maven.apache.org/maven2/org/jboss/byteman/byteman-bmunit/4.0.7/byteman-bmunit-4.0.7.jar (41 kB at 25 kB/s)
[INFO] Downloaded from central: https://repo.maven.apache.org/maven2/org/jboss/byteman/byteman-submit/4.0.7/byteman-submit-4.0.7.jar (16 kB at 9.4 kB/s)
[INFO] Downloaded from central: https://repo.maven.apache.org/maven2/org/jboss/byteman/byteman-install/4.0.7/byteman-install-4.0.7.jar (11 kB at 6.4 kB/s)
[INFO] 
[INFO] --- maven-clean-plugin:3.0.0:clean (default-clean) @ jboss-ejb-client ---
[INFO] 
[INFO] --- buildnumber-maven-plugin:1.4:create (get-scm-revision) @ jboss-ejb-client ---
[INFO] Executing: /bin/sh -c cd '/home/srafi/after-cam-ready/compare_/compile_repair_output/work/76598bd8cfb3' && 'git' 'rev-parse' '--verify' 'HEAD'
[INFO] Working directory: /home/srafi/after-cam-ready/compare_/compile_repair_output/work/76598bd8cfb3
[INFO] Storing buildNumber: 21ba139c3d49b0d5231372f80511e7f732414ca9 at timestamp: 1786828147643
[WARNING] Cannot get the branch information from the git repository: 
Detecting the current branch failed: fatal: ref HEAD is not a symbolic ref

[INFO] Executing: /bin/sh -c cd '/home/srafi/after-cam-ready/compare_/compile_repair_output/work/76598bd8cfb3' && 'git' 'rev-parse' '--verify' 'HEAD'
[INFO] Working directory: /home/srafi/after-cam-ready/compare_/compile_repair_output/work/76598bd8cfb3
[INFO] Storing buildScmBranch: UNKNOWN
[INFO] 
[INFO] --- maven-resources-plugin:3.0.2:resources (default-resources) @ jboss-ejb-client ---
[INFO] Using 'UTF-8' encoding to copy filtered resources.
[INFO] Copying 0 resource
[INFO] Copying 4 resources
[INFO] 
[INFO] --- maven-compiler-plugin:3.6.1:compile (default-compile) @ jboss-ejb-client ---
[INFO] Changes detected - recompiling the module!
[INFO] Compiling 132 source files to /home/srafi/after-cam-ready/compare_/compile_repair_output/work/76598bd8cfb3/target/classes
[WARNING] /home/srafi/after-cam-ready/compare_/compile_repair_output/work/76598bd8cfb3/src/main/java/org/jboss/ejb/protocol/remote/EJBServerChannel.java:[69,28] org.jboss.ejb.client.TransactionID in org.jboss.ejb.client has been deprecated
[WARNING] /home/srafi/after-cam-ready/compare_/compile_repair_output/work/76598bd8cfb3/src/main/java/org/jboss/ejb/protocol/remote/EJBServerChannel.java:[70,28] org.jboss.ejb.client.UserTransactionID in org.jboss.ejb.client has been deprecated
[WARNING] /home/srafi/after-cam-ready/compare_/compile_repair_output/work/76598bd8cfb3/src/main/java/org/jboss/ejb/protocol/remote/EJBServerChannel.java:[71,28] org.jboss.ejb.client.XidTransactionID in org.jboss.ejb.client has been deprecated
[WARNING] /home/srafi/after-cam-ready/compare_/compile_repair_output/work/76598bd8cfb3/src/main/java/org/jboss/ejb/protocol/remote/EJBClientChannel.java:[82,28] org.jboss.ejb.client.TransactionID in org.jboss.ejb.client has been deprecated
[WARNING] /home/srafi/after-cam-ready/compare_/compile_repair_output/work/76598bd8cfb3/src/main/java/org/jboss/ejb/protocol/remote/EJBClientChannel.java:[83,28] org.jboss.ejb.client.UserTransactionID in org.jboss.ejb.client has been deprecated
[WARNING] /home/srafi/after-cam-ready/compare_/compile_repair_output/work/76598bd8cfb3/src/main/java/org/jboss/ejb/protocol/remote/EJBClientChannel.java:[84,28] org.jboss.ejb.client.XidTransactionID in org.jboss.ejb.client has been deprecated
[WARNING] /home/srafi/after-cam-ready/compare_/compile_repair_output/work/76598bd8cfb3/src/main/java/org/jboss/ejb/protocol/remote/ProtocolV1ObjectTable.java:[24,28] org.jboss.ejb.client.TransactionID in org.jboss.ejb.client has been deprecated
[WARNING] /home/srafi/after-cam-ready/compare_/compile_repair_output/work/76598bd8cfb3/src/main/java/org/jboss/ejb/client/ConfigurationBasedEJBClientContextSelector.java:[24,25] org.jboss.modules.ModuleIdentifier in org.jboss.modules has been deprecated
[WARNING] /home/srafi/after-cam-ready/compare_/compile_repair_output/work/76598bd8cfb3/src/main/java/org/jboss/ejb/protocol/remote/ProtocolV1ClassTable.java:[29,28] org.jboss.ejb.client.TransactionID in org.jboss.ejb.client has been deprecated
[WARNING] /home/srafi/after-cam-ready/compare_/compile_repair_output/work/76598bd8cfb3/src/main/java/org/jboss/ejb/protocol/remote/ProtocolV1ClassTable.java:[31,28] org.jboss.ejb.client.UserTransactionID in org.jboss.ejb.client has been deprecated
[WARNING] /home/srafi/after-cam-ready/compare_/compile_repair_output/work/76598bd8cfb3/src/main/java/org/jboss/ejb/protocol/remote/ProtocolV1ClassTable.java:[32,28] org.jboss.ejb.client.XidTransactionID in org.jboss.ejb.client has been deprecated
[WARNING] /home/srafi/after-cam-ready/compare_/compile_repair_output/work/76598bd8cfb3/src/main/java/org/jboss/ejb/protocol/remote/EJBSimpleTransactionControl.java:[28,28] org.jboss.ejb.client.UserTransactionID in org.jboss.ejb.client has been deprecated
[WARNING] /home/srafi/after-cam-ready/compare_/compile_repair_output/work/76598bd8cfb3/src/main/java/org/jboss/ejb/protocol/remote/EJBTransactionOperations.java:[29,28] org.jboss.ejb.client.TransactionID in org.jboss.ejb.client has been deprecated
[WARNING] /home/srafi/after-cam-ready/compare_/compile_repair_output/work/76598bd8cfb3/src/main/java/org/jboss/ejb/protocol/remote/EJBTransactionOperations.java:[30,28] org.jboss.ejb.client.XidTransactionID in org.jboss.ejb.client has been deprecated
[WARNING] /home/srafi/after-cam-ready/compare_/compile_repair_output/work/76598bd8cfb3/src/main/java/org/jboss/ejb/protocol/remote/ProtocolV3ObjectTable.java:[78,28] org.jboss.ejb.client.TransactionID in org.jboss.ejb.client has been deprecated
[WARNING] /home/srafi/after-cam-ready/compare_/compile_repair_output/work/76598bd8cfb3/src/main/java/org/jboss/ejb/protocol/remote/ProtocolV3ObjectTable.java:[81,28] org.jboss.ejb.client.UserTransactionID in org.jboss.ejb.client has been deprecated
[WARNING] /home/srafi/after-cam-ready/compare_/compile_repair_output/work/76598bd8cfb3/src/main/java/org/jboss/ejb/protocol/remote/ProtocolV3ObjectTable.java:[82,28] org.jboss.ejb.client.XidTransactionID in org.jboss.ejb.client has been deprecated
[WARNING] /home/srafi/after-cam-ready/compare_/compile_repair_output/work/76598bd8cfb3/src/main/java/org/jboss/ejb/protocol/remote/ProtocolV1ObjectResolver.java:[25,28] org.jboss.ejb.client.EJBMetaDataImpl in org.jboss.ejb.client has been deprecated
[INFO] Writing META-INF/services/org.jboss.ejb.client.EJBTransportProvider
[INFO] Writing META-INF/services/org.jboss.remoting3.spi.EndpointConfigurator
[INFO] Writing META-INF/services/org.wildfly.security.auth.client.LegacyConfiguration
[INFO] Writing META-INF/services/org.wildfly.naming.client.NamingContextFactory
[INFO] Writing META-INF/services/org.wildfly.naming.client.MarshallingCompatibilityHelper
[INFO] Writing META-INF/services/org.wildfly.transaction.client.provider.remoting.RemotingFallbackPeerProvider
[INFO] Writing META-INF/services/org.wildfly.discovery.spi.ExternalDiscoveryConfigurator
[WARNING] /home/srafi/after-cam-ready/compare_/compile_repair_output/work/76598bd8cfb3/src/main/java/org/jboss/ejb/protocol/remote/EJBServerChannel.java:[69,28] org.jboss.ejb.client.TransactionID in org.jboss.ejb.client has been deprecated
[WARNING] /home/srafi/after-cam-ready/compare_/compile_repair_output/work/76598bd8cfb3/src/main/java/org/jboss/ejb/protocol/remote/EJBServerChannel.java:[70,28] org.jboss.ejb.client.UserTransactionID in org.jboss.ejb.client has been deprecated
[WARNING] /home/srafi/after-cam-ready/compare_/compile_repair_output/work/76598bd8cfb3/src/main/java/org/jboss/ejb/protocol/remote/EJBServerChannel.java:[71,28] org.jboss.ejb.client.XidTransactionID in org.jboss.ejb.client has been deprecated
[WARNING] /home/srafi/after-cam-ready/compare_/compile_repair_output/work/76598bd8cfb3/src/main/java/org/jboss/ejb/protocol/remote/EJBClientChannel.java:[82,28] org.jboss.ejb.client.TransactionID in org.jboss.ejb.client has been deprecated
[WARNING] /home/srafi/after-cam-ready/compare_/compile_repair_output/work/76598bd8cfb3/src/main/java/org/jboss/ejb/protocol/remote/EJBClientChannel.java:[83,28] org.jboss.ejb.client.UserTransactionID in org.jboss.ejb.client has been deprecated
[WARNING] /home/srafi/after-cam-ready/compare_/compile_repair_output/work/76598bd8cfb3/src/main/java/org/jboss/ejb/protocol/remote/EJBClientChannel.java:[84,28] org.jboss.ejb.client.XidTransactionID in org.jboss.ejb.client has been deprecated
[WARNING] /home/srafi/after-cam-ready/compare_/compile_repair_output/work/76598bd8cfb3/src/main/java/org/jboss/ejb/protocol/remote/ProtocolV1ObjectTable.java:[24,28] org.jboss.ejb.client.TransactionID in org.jboss.ejb.client has been deprecated
[WARNING] /home/srafi/after-cam-ready/compare_/compile_repair_output/work/76598bd8cfb3/src/main/java/org/jboss/ejb/client/ConfigurationBasedEJBClientContextSelector.java:[24,25] org.jboss.modules.ModuleIdentifier in org.jboss.modules has been deprecated
[WARNING] /home/srafi/after-cam-ready/compare_/compile_repair_output/work/76598bd8cfb3/src/main/java/org/jboss/ejb/protocol/remote/ProtocolV1ClassTable.java:[29,28] org.jboss.ejb.client.TransactionID in org.jboss.ejb.client has been deprecated
[WARNING] /home/srafi/after-cam-ready/compare_/compile_repair_output/work/76598bd8cfb3/src/main/java/org/jboss/ejb/protocol/remote/ProtocolV1ClassTable.java:[31,28] org.jboss.ejb.client.UserTransactionID in org.jboss.ejb.client has been deprecated
[WARNING] /home/srafi/after-cam-ready/compare_/compile_repair_output/work/76598bd8cfb3/src/main/java/org/jboss/ejb/protocol/remote/ProtocolV1ClassTable.java:[32,28] org.jboss.ejb.client.XidTransactionID in org.jboss.ejb.client has been deprecated
[WARNING] /home/srafi/after-cam-ready/compare_/compile_repair_output/work/76598bd8cfb3/src/main/java/org/jboss/ejb/protocol/remote/EJBSimpleTransactionControl.java:[28,28] org.jboss.ejb.client.UserTransactionID in org.jboss.ejb.client has been deprecated
[WARNING] /home/srafi/after-cam-ready/compare_/compile_repair_output/work/76598bd8cfb3/src/main/java/org/jboss/ejb/protocol/remote/EJBTransactionOperations.java:[29,28] org.jboss.ejb.client.TransactionID in org.jboss.ejb.client has been deprecated
[WARNING] /home/srafi/after-cam-ready/compare_/compile_repair_output/work/76598bd8cfb3/src/main/java/org/jboss/ejb/protocol/remote/EJBTransactionOperations.java:[30,28] org.jboss.ejb.client.XidTransactionID in org.jboss.ejb.client has been deprecated
[WARNING] /home/srafi/after-cam-ready/compare_/compile_repair_output/work/76598bd8cfb3/src/main/java/org/jboss/ejb/protocol/remote/ProtocolV3ObjectTable.java:[78,28] org.jboss.ejb.client.TransactionID in org.jboss.ejb.client has been deprecated
[WARNING] /home/srafi/after-cam-ready/compare_/compile_repair_output/work/76598bd8cfb3/src/main/java/org/jboss/ejb/protocol/remote/ProtocolV3ObjectTable.java:[81,28] org.jboss.ejb.client.UserTransactionID in org.jboss.ejb.client has been deprecated
[WARNING] /home/srafi/after-cam-ready/compare_/compile_repair_output/work/76598bd8cfb3/src/main/java/org/jboss/ejb/protocol/remote/ProtocolV3ObjectTable.java:[82,28] org.jboss.ejb.client.XidTransactionID in org.jboss.ejb.client has been deprecated
[WARNING] /home/srafi/after-cam-ready/compare_/compile_repair_output/work/76598bd8cfb3/src/main/java/org/jboss/ejb/protocol/remote/ProtocolV1ObjectResolver.java:[25,28] org.jboss.ejb.client.EJBMetaDataImpl in org.jboss.ejb.client has been deprecated
[WARNING] /home/srafi/after-cam-ready/compare_/compile_repair_output/work/76598bd8cfb3/src/main/java/org/jboss/ejb/protocol/remote/EJBServerChannel.java:[69,28] org.jboss.ejb.client.TransactionID in org.jboss.ejb.client has been deprecated
[WARNING] /home/srafi/after-cam-ready/compare_/compile_repair_output/work/76598bd8cfb3/src/main/java/org/jboss/ejb/protocol/remote/EJBServerChannel.java:[70,28] org.jboss.ejb.client.UserTransactionID in org.jboss.ejb.client has been deprecated
[WARNING] /home/srafi/after-cam-ready/compare_/compile_repair_output/work/76598bd8cfb3/src/main/java/org/jboss/ejb/protocol/remote/EJBServerChannel.java:[71,28] org.jboss.ejb.client.XidTransactionID in org.jboss.ejb.client has been deprecated
[WARNING] /home/srafi/after-cam-ready/compare_/compile_repair_output/work/76598bd8cfb3/src/main/java/org/jboss/ejb/protocol/remote/EJBClientChannel.java:[82,28] org.jboss.ejb.client.TransactionID in org.jboss.ejb.client has been deprecated
[WARNING] /home/srafi/after-cam-ready/compare_/compile_repair_output/work/76598bd8cfb3/src/main/java/org/jboss/ejb/protocol/remote/EJBClientChannel.java:[83,28] org.jboss.ejb.client.UserTransactionID in org.jboss.ejb.client has been deprecated
[WARNING] /home/srafi/after-cam-ready/compare_/compile_repair_output/work/76598bd8cfb3/src/main/java/org/jboss/ejb/protocol/remote/EJBClientChannel.java:[84,28] org.jboss.ejb.client.XidTransactionID in org.jboss.ejb.client has been deprecated
[WARNING] /home/srafi/after-cam-ready/compare_/compile_repair_output/work/76598bd8cfb3/src/main/java/org/jboss/ejb/protocol/remote/ProtocolV1ObjectTable.java:[24,28] org.jboss.ejb.client.TransactionID in org.jboss.ejb.client has been deprecated
[WARNING] /home/srafi/after-cam-ready/compare_/compile_repair_output/work/76598bd8cfb3/src/main/java/org/jboss/ejb/client/ConfigurationBasedEJBClientContextSelector.java:[24,25] org.jboss.modules.ModuleIdentifier in org.jboss.modules has been deprecated
[WARNING] /home/srafi/after-cam-ready/compare_/compile_repair_output/work/76598bd8cfb3/src/main/java/org/jboss/ejb/protocol/remote/ProtocolV1ClassTable.java:[29,28] org.jboss.ejb.client.TransactionID in org.jboss.ejb.client has been deprecated
[WARNING] /home/srafi/after-cam-ready/compare_/compile_repair_output/work/76598bd8cfb3/src/main/java/org/jboss/ejb/protocol/remote/ProtocolV1ClassTable.java:[31,28] org.jboss.ejb.client.UserTransactionID in org.jboss.ejb.client has been deprecated
[WARNING] /home/srafi/after-cam-ready/compare_/compile_repair_output/work/76598bd8cfb3/src/main/java/org/jboss/ejb/protocol/remote/ProtocolV1ClassTable.java:[32,28] org.jboss.ejb.client.XidTransactionID in org.jboss.ejb.client has been deprecated
[WARNING] /home/srafi/after-cam-ready/compare_/compile_repair_output/work/76598bd8cfb3/src/main/java/org/jboss/ejb/protocol/remote/EJBSimpleTransactionControl.java:[28,28] org.jboss.ejb.client.UserTransactionID in org.jboss.ejb.client has been deprecated
[WARNING] /home/srafi/after-cam-ready/compare_/compile_repair_output/work/76598bd8cfb3/src/main/java/org/jboss/ejb/protocol/remote/EJBTransactionOperations.java:[29,28] org.jboss.ejb.client.TransactionID in org.jboss.ejb.client has been deprecated
[WARNING] /home/srafi/after-cam-ready/compare_/compile_repair_output/work/76598bd8cfb3/src/main/java/org/jboss/ejb/protocol/remote/EJBTransactionOperations.java:[30,28] org.jboss.ejb.client.XidTransactionID in org.jboss.ejb.client has been deprecated
[WARNING] /home/srafi/after-cam-ready/compare_/compile_repair_output/work/76598bd8cfb3/src/main/java/org/jboss/ejb/protocol/remote/ProtocolV3ObjectTable.java:[78,28] org.jboss.ejb.client.TransactionID in org.jboss.ejb.client has been deprecated
[WARNING] /home/srafi/after-cam-ready/compare_/compile_repair_output/work/76598bd8cfb3/src/main/java/org/jboss/ejb/protocol/remote/ProtocolV3ObjectTable.java:[81,28] org.jboss.ejb.client.UserTransactionID in org.jboss.ejb.client has been deprecated
[WARNING] /home/srafi/after-cam-ready/compare_/compile_repair_output/work/76598bd8cfb3/src/main/java/org/jboss/ejb/protocol/remote/ProtocolV3ObjectTable.java:[82,28] org.jboss.ejb.client.XidTransactionID in org.jboss.ejb.client has been deprecated
[WARNING] /home/srafi/after-cam-ready/compare_/compile_repair_output/work/76598bd8cfb3/src/main/java/org/jboss/ejb/protocol/remote/ProtocolV1ObjectResolver.java:[25,28] org.jboss.ejb.client.EJBMetaDataImpl in org.jboss.ejb.client has been deprecated
[WARNING] /home/srafi/after-cam-ready/compare_/compile_repair_output/work/76598bd8cfb3/src/main/java/org/jboss/ejb/protocol/remote/EJBServerChannel.java:[69,28] org.jboss.ejb.client.TransactionID in org.jboss.ejb.client has been deprecated
[WARNING] /home/srafi/after-cam-ready/compare_/compile_repair_output/work/76598bd8cfb3/src/main/java/org/jboss/ejb/protocol/remote/EJBServerChannel.java:[70,28] org.jboss.ejb.client.UserTransactionID in org.jboss.ejb.client has been deprecated
[WARNING] /home/srafi/after-cam-ready/compare_/compile_repair_output/work/76598bd8cfb3/src/main/java/org/jboss/ejb/protocol/remote/EJBServerChannel.java:[71,28] org.jboss.ejb.client.XidTransactionID in org.jboss.ejb.client has been deprecated
[WARNING] /home/srafi/after-cam-ready/compare_/compile_repair_output/work/76598bd8cfb3/src/main/java/org/jboss/ejb/protocol/remote/EJBClientChannel.java:[82,28] org.jboss.ejb.client.TransactionID in org.jboss.ejb.client has been deprecated
[WARNING] /home/srafi/after-cam-ready/compare_/compile_repair_output/work/76598bd8cfb3/src/main/java/org/jboss/ejb/protocol/remote/EJBClientChannel.java:[83,28] org.jboss.ejb.client.UserTransactionID in org.jboss.ejb.client has been deprecated
[WARNING] /home/srafi/after-cam-ready/compare_/compile_repair_output/work/76598bd8cfb3/src/main/java/org/jboss/ejb/protocol/remote/EJBClientChannel.java:[84,28] org.jboss.ejb.client.XidTransactionID in org.jboss.ejb.client has been deprecated
[WARNING] /home/srafi/after-cam-ready/compare_/compile_repair_output/work/76598bd8cfb3/src/main/java/org/jboss/ejb/protocol/remote/ProtocolV1ObjectTable.java:[24,28] org.jboss.ejb.client.TransactionID in org.jboss.ejb.client has been deprecated
[WARNING] /home/srafi/after-cam-ready/compare_/compile_repair_output/work/76598bd8cfb3/src/main/java/org/jboss/ejb/client/ConfigurationBasedEJBClientContextSelector.java:[24,25] org.jboss.modules.ModuleIdentifier in org.jboss.modules has been deprecated
[WARNING] /home/srafi/after-cam-ready/compare_/compile_repair_output/work/76598bd8cfb3/src/main/java/org/jboss/ejb/protocol/remote/ProtocolV1ClassTable.java:[29,28] org.jboss.ejb.client.TransactionID in org.jboss.ejb.client has been deprecated
[WARNING] /home/srafi/after-cam-ready/compare_/compile_repair_output/work/76598bd8cfb3/src/main/java/org/jboss/ejb/protocol/remote/ProtocolV1ClassTable.java:[31,28] org.jboss.ejb.client.UserTransactionID in org.jboss.ejb.client has been deprecated
[WARNING] /home/srafi/after-cam-ready/compare_/compile_repair_output/work/76598bd8cfb3/src/main/java/org/jboss/ejb/protocol/remote/ProtocolV1ClassTable.java:[32,28] org.jboss.ejb.client.XidTransactionID in org.jboss.ejb.client has been deprecated
[WARNING] /home/srafi/after-cam-ready/compare_/compile_repair_output/work/76598bd8cfb3/src/main/java/org/jboss/ejb/protocol/remote/EJBSimpleTransactionControl.java:[28,28] org.jboss.ejb.client.UserTransactionID in org.jboss.ejb.client has been deprecated
[WARNING] /home/srafi/after-cam-ready/compare_/compile_repair_output/work/76598bd8cfb3/src/main/java/org/jboss/ejb/protocol/remote/EJBTransactionOperations.java:[29,28] org.jboss.ejb.client.TransactionID in org.jboss.ejb.client has been deprecated
[WARNING] /home/srafi/after-cam-ready/compare_/compile_repair_output/work/76598bd8cfb3/src/main/java/org/jboss/ejb/protocol/remote/EJBTransactionOperations.java:[30,28] org.jboss.ejb.client.XidTransactionID in org.jboss.ejb.client has been deprecated
[WARNING] /home/srafi/after-cam-ready/compare_/compile_repair_output/work/76598bd8cfb3/src/main/java/org/jboss/ejb/protocol/remote/ProtocolV3ObjectTable.java:[78,28] org.jboss.ejb.client.TransactionID in org.jboss.ejb.client has been deprecated
[WARNING] /home/srafi/after-cam-ready/compare_/compile_repair_output/work/76598bd8cfb3/src/main/java/org/jboss/ejb/protocol/remote/ProtocolV3ObjectTable.java:[81,28] org.jboss.ejb.client.UserTransactionID in org.jboss.ejb.client has been deprecated
[WARNING] /home/srafi/after-cam-ready/compare_/compile_repair_output/work/76598bd8cfb3/src/main/java/org/jboss/ejb/protocol/remote/ProtocolV3ObjectTable.java:[82,28] org.jboss.ejb.client.XidTransactionID in org.jboss.ejb.client has been deprecated
[WARNING] /home/srafi/after-cam-ready/compare_/compile_repair_output/work/76598bd8cfb3/src/main/java/org/jboss/ejb/protocol/remote/ProtocolV1ObjectResolver.java:[25,28] org.jboss.ejb.client.EJBMetaDataImpl in org.jboss.ejb.client has been deprecated
[WARNING] /home/srafi/after-cam-ready/compare_/compile_repair_output/work/76598bd8cfb3/src/main/java/org/jboss/ejb/client/EJBClientContext.java:[76,46] org.jboss.ejb.client.EJBClientInterceptor.Registration in org.jboss.ejb.client.EJBClientInterceptor has been deprecated
[WARNING] /home/srafi/after-cam-ready/compare_/compile_repair_output/work/76598bd8cfb3/src/main/java/org/jboss/ejb/client/EJBClientContext.java:[76,104] org.jboss.ejb.client.EJBClientInterceptor.Registration in org.jboss.ejb.client.EJBClientInterceptor has been deprecated
[WARNING] /home/srafi/after-cam-ready/compare_/compile_repair_output/work/76598bd8cfb3/src/main/java/org/jboss/ejb/client/EJBClientContext.java:[77,92] org.jboss.ejb.client.EJBClientInterceptor.Registration in org.jboss.ejb.client.EJBClientInterceptor has been deprecated
[WARNING] /home/srafi/after-cam-ready/compare_/compile_repair_output/work/76598bd8cfb3/src/main/java/org/jboss/ejb/client/EJBClientContext.java:[77,215] org.jboss.ejb.client.EJBClientInterceptor.Registration in org.jboss.ejb.client.EJBClientInterceptor has been deprecated
[WARNING] /home/srafi/after-cam-ready/compare_/compile_repair_output/work/76598bd8cfb3/src/main/java/org/jboss/ejb/client/EJBClientContext.java:[78,42] org.jboss.ejb.client.EJBClientInterceptor.Registration in org.jboss.ejb.client.EJBClientInterceptor has been deprecated
[WARNING] /home/srafi/after-cam-ready/compare_/compile_repair_output/work/76598bd8cfb3/src/main/java/org/jboss/ejb/client/EJBClientContext.java:[946,35] org.jboss.ejb.client.EJBClientInterceptor.Registration in org.jboss.ejb.client.EJBClientInterceptor has been deprecated
[WARNING] /home/srafi/after-cam-ready/compare_/compile_repair_output/work/76598bd8cfb3/src/main/java/org/jboss/ejb/client/EJBClientContext.java:[948,34] org.jboss.ejb.client.EJBClientInterceptor.Registration in org.jboss.ejb.client.EJBClientInterceptor has been deprecated
[WARNING] /home/srafi/after-cam-ready/compare_/compile_repair_output/work/76598bd8cfb3/src/main/java/org/jboss/ejb/client/EJBClientInvocationContext.java:[148,42] unchecked cast
  required: java.util.Set<java.lang.String>
  found:    java.lang.Object
[WARNING] /home/srafi/after-cam-ready/compare_/compile_repair_output/work/76598bd8cfb3/src/main/java/org/jboss/ejb/protocol/remote/ProtocolV1ObjectTable.java:[45,13] org.jboss.ejb.client.TransactionID in org.jboss.ejb.client has been deprecated
[WARNING] /home/srafi/after-cam-ready/compare_/compile_repair_output/work/76598bd8cfb3/src/main/java/org/jboss/ejb/protocol/remote/ProtocolV1ObjectTable.java:[49,27] TRANSACTION_ID_KEY in org.jboss.ejb.client.AttachmentKeys has been deprecated
[WARNING] /home/srafi/after-cam-ready/compare_/compile_repair_output/work/76598bd8cfb3/src/main/java/org/jboss/ejb/protocol/remote/ProtocolV1ObjectTable.java:[51,27] COMPRESS_RESPONSE in org.jboss.ejb.client.AttachmentKeys has been deprecated
[WARNING] /home/srafi/after-cam-ready/compare_/compile_repair_output/work/76598bd8cfb3/src/main/java/org/jboss/ejb/protocol/remote/ProtocolV1ObjectTable.java:[52,27] RESPONSE_COMPRESSION_LEVEL in org.jboss.ejb.client.AttachmentKeys has been deprecated
[WARNING] /home/srafi/after-cam-ready/compare_/compile_repair_output/work/76598bd8cfb3/src/main/java/org/jboss/ejb/client/ConfigurationBasedEJBClientContextSelector.java:[276,63] org.jboss.modules.ModuleIdentifier in org.jboss.modules has been deprecated
[WARNING] /home/srafi/after-cam-ready/compare_/compile_repair_output/work/76598bd8cfb3/src/main/java/org/jboss/ejb/client/ConfigurationBasedEJBClientContextSelector.java:[276,30] getModuleFromCallerModuleLoader(org.jboss.modules.ModuleIdentifier) in org.jboss.modules.Module has been deprecated
[WARNING] /home/srafi/after-cam-ready/compare_/compile_repair_output/work/76598bd8cfb3/src/main/java/org/jboss/ejb/protocol/remote/ProtocolV1ClassTable.java:[91,13] org.jboss.ejb.client.UserTransactionID in org.jboss.ejb.client has been deprecated
[WARNING] /home/srafi/after-cam-ready/compare_/compile_repair_output/work/76598bd8cfb3/src/main/java/org/jboss/ejb/protocol/remote/ProtocolV1ClassTable.java:[92,13] org.jboss.ejb.client.XidTransactionID in org.jboss.ejb.client has been deprecated
[WARNING] /home/srafi/after-cam-ready/compare_/compile_repair_output/work/76598bd8cfb3/src/main/java/org/jboss/ejb/protocol/remote/ProtocolV1ClassTable.java:[122,13] org.jboss.ejb.client.TransactionID in org.jboss.ejb.client has been deprecated
[WARNING] /home/srafi/after-cam-ready/compare_/compile_repair_output/work/76598bd8cfb3/src/main/java/org/jboss/ejb/protocol/remote/ProtocolV1ClassTable.java:[123,13] org.jboss.ejb.client.TransactionID in org.jboss.ejb.client has been deprecated
[WARNING] /home/srafi/after-cam-ready/compare_/compile_repair_output/work/76598bd8cfb3/src/main/java/org/jboss/ejb/protocol/remote/EJBSimpleTransactionControl.java:[44,19] org.jboss.ejb.client.UserTransactionID in org.jboss.ejb.client has been deprecated
[WARNING] /home/srafi/after-cam-ready/compare_/compile_repair_output/work/76598bd8cfb3/src/main/java/org/jboss/ejb/protocol/remote/EJBSimpleTransactionControl.java:[49,15] org.jboss.ejb.client.UserTransactionID in org.jboss.ejb.client has been deprecated
[WARNING] /home/srafi/after-cam-ready/compare_/compile_repair_output/work/76598bd8cfb3/src/main/java/org/jboss/ejb/client/legacy/ElytronLegacyConfiguration.java:[66,77] EMPTY in org.wildfly.security.auth.client.AuthenticationConfiguration has been deprecated
[WARNING] /home/srafi/after-cam-ready/compare_/compile_repair_output/work/76598bd8cfb3/src/main/java/org/jboss/ejb/client/legacy/ElytronLegacyConfiguration.java:[92,84] EMPTY in org.wildfly.security.auth.client.AuthenticationConfiguration has been deprecated
[WARNING] /home/srafi/after-cam-ready/compare_/compile_repair_output/work/76598bd8cfb3/src/main/java/org/jboss/ejb/client/legacy/ElytronLegacyConfiguration.java:[108,85] EMPTY in org.wildfly.security.auth.client.AuthenticationConfiguration has been deprecated
[WARNING] /home/srafi/after-cam-ready/compare_/compile_repair_output/work/76598bd8cfb3/src/main/java/org/jboss/ejb/protocol/remote/EJBTransactionOperations.java:[61,37] org.jboss.ejb.client.XidTransactionID in org.jboss.ejb.client has been deprecated
[WARNING] /home/srafi/after-cam-ready/compare_/compile_repair_output/work/76598bd8cfb3/src/main/java/org/jboss/ejb/protocol/remote/EJBTransactionOperations.java:[71,37] org.jboss.ejb.client.XidTransactionID in org.jboss.ejb.client has been deprecated
[WARNING] /home/srafi/after-cam-ready/compare_/compile_repair_output/work/76598bd8cfb3/src/main/java/org/jboss/ejb/protocol/remote/EJBTransactionOperations.java:[76,44] org.jboss.ejb.client.XidTransactionID in org.jboss.ejb.client has been deprecated
[WARNING] /home/srafi/after-cam-ready/compare_/compile_repair_output/work/76598bd8cfb3/src/main/java/org/jboss/ejb/protocol/remote/EJBTransactionOperations.java:[81,37] org.jboss.ejb.client.XidTransactionID in org.jboss.ejb.client has been deprecated
[WARNING] /home/srafi/after-cam-ready/compare_/compile_repair_output/work/76598bd8cfb3/src/main/java/org/jboss/ejb/protocol/remote/EJBTransactionOperations.java:[86,37] org.jboss.ejb.client.XidTransactionID in org.jboss.ejb.client has been deprecated
[INFO] /home/srafi/after-cam-ready/compare_/compile_repair_output/work/76598bd8cfb3/src/main/java/org/jboss/ejb/protocol/remote/EJBTransactionOperations.java: Some input files additionally use or override a deprecated API.
[INFO] 
[INFO] --- bridger:1.4.Final:transform (weave) @ jboss-ejb-client ---
[INFO] Translated 1 methods and 1 method calls

[INFO] 
[INFO] --- maven-resources-plugin:3.0.2:testResources (default-testResources) @ jboss-ejb-client ---
[INFO] Using 'UTF-8' encoding to copy filtered resources.
[INFO] Copying 15 resources
[INFO] 
[INFO] --- maven-compiler-plugin:3.6.1:testCompile (default-testCompile) @ jboss-ejb-client ---
[INFO] Changes detected - recompiling the module!
[INFO] Compiling 44 source files to /home/srafi/after-cam-ready/compare_/compile_repair_output/work/76598bd8cfb3/target/test-classes
[WARNING] /home/srafi/after-cam-ready/compare_/compile_repair_output/work/76598bd8cfb3/src/test/java/org/jboss/ejb/client/test/byteman/MixedModeTestHelper.java:[26,59] unchecked cast
  required: java.util.List<org.wildfly.discovery.ServiceURL>
  found:    java.lang.Object
[WARNING] /home/srafi/after-cam-ready/compare_/compile_repair_output/work/76598bd8cfb3/src/test/java/org/jboss/ejb/client/test/TransactionTestCase.java:[96,16] setXATerminator(javax.resource.spi.XATerminator) in org.wildfly.transaction.client.provider.jboss.JBossLocalTransactionProvider.Builder has been deprecated
[WARNING] /home/srafi/after-cam-ready/compare_/compile_repair_output/work/76598bd8cfb3/src/test/java/org/jboss/ejb/client/test/TransactionTestCase.java:[98,16] setTransactionSynchronizationRegistry(javax.transaction.TransactionSynchronizationRegistry) in org.wildfly.transaction.client.provider.jboss.JBossLocalTransactionProvider.Builder has been deprecated
[INFO] 
[INFO] --- maven-surefire-plugin:3.0.0-M8-SNAPSHOT:test (tests-all) @ jboss-ejb-client ---
[INFO] Downloading from apache.snapshots: https://repository.apache.org/snapshots/org/apache/maven/surefire/maven-surefire-common/3.0.0-M8-SNAPSHOT/maven-metadata.xml
[INFO] Downloading from apache.snapshots: https://repository.apache.org/snapshots/org/apache/maven/surefire/surefire-api/3.0.0-M8-SNAPSHOT/maven-metadata.xml
[INFO] Downloading from apache.snapshots: https://repository.apache.org/snapshots/org/apache/maven/surefire/surefire-logger-api/3.0.0-M8-SNAPSHOT/maven-metadata.xml
[INFO] Downloading from apache.snapshots: https://repository.apache.org/snapshots/org/apache/maven/surefire/surefire-shared-utils/3.0.0-M8-SNAPSHOT/maven-metadata.xml
[INFO] Downloading from apache.snapshots: https://repository.apache.org/snapshots/org/apache/maven/surefire/surefire-extensions-api/3.0.0-M8-SNAPSHOT/maven-metadata.xml
[INFO] Downloading from apache.snapshots: https://repository.apache.org/snapshots/org/apache/maven/surefire/surefire-booter/3.0.0-M8-SNAPSHOT/maven-metadata.xml
[INFO] Downloading from apache.snapshots: https://repository.apache.org/snapshots/org/apache/maven/surefire/surefire-extensions-spi/3.0.0-M8-SNAPSHOT/maven-metadata.xml
[INFO] Tests are skipped.
[INFO] 
[INFO] --- maven-surefire-plugin:3.0.0-M8-SNAPSHOT:test (tests-byteman) @ jboss-ejb-client ---
[INFO] Tests are skipped.
[INFO] 
[INFO] --- maven-jar-plugin:3.0.2:jar (default-jar) @ jboss-ejb-client ---
[INFO] Building jar: /home/srafi/after-cam-ready/compare_/compile_repair_output/work/76598bd8cfb3/target/jboss-ejb-client-4.1.0.Final-SNAPSHOT.jar
[INFO] 
[INFO] --- maven-source-plugin:3.0.1:jar-no-fork (attach-sources) @ jboss-ejb-client ---
[INFO] Building jar: /home/srafi/after-cam-ready/compare_/compile_repair_output/work/76598bd8cfb3/target/jboss-ejb-client-4.1.0.Final-SNAPSHOT-sources.jar
[INFO] 
[INFO] --- maven-install-plugin:2.5.2:install (default-install) @ jboss-ejb-client ---
[INFO] Installing /home/srafi/after-cam-ready/compare_/compile_repair_output/work/76598bd8cfb3/target/jboss-ejb-client-4.1.0.Final-SNAPSHOT.jar to /home/srafi/.m2/repository/org/jboss/jboss-ejb-client/4.1.0.Final-SNAPSHOT/jboss-ejb-client-4.1.0.Final-SNAPSHOT.jar
[INFO] Installing /home/srafi/after-cam-ready/compare_/compile_repair_output/work/76598bd8cfb3/pom.xml to /home/srafi/.m2/repository/org/jboss/jboss-ejb-client/4.1.0.Final-SNAPSHOT/jboss-ejb-client-4.1.0.Final-SNAPSHOT.pom
[INFO] Installing /home/srafi/after-cam-ready/compare_/compile_repair_output/work/76598bd8cfb3/target/jboss-ejb-client-4.1.0.Final-SNAPSHOT-sources.jar to /home/srafi/.m2/repository/org/jboss/jboss-ejb-client/4.1.0.Final-SNAPSHOT/jboss-ejb-client-4.1.0.Final-SNAPSHOT-sources.jar
[INFO] ------------------------------------------------------------------------
[INFO] BUILD SUCCESS
[INFO] ------------------------------------------------------------------------
[INFO] Total time:  17.634 s
[INFO] Finished at: 2026-08-15T17:09:12-04:00
[INFO] ------------------------------------------------------------------------
