JAVA_HOME=/usr/lib/jvm/java-8-openjdk-amd64
COMMAND=mvn -B clean install -DskipTests -U -Ddependency-check.skip=true -Dgpg.skip=true -DfailIfNoTests=false -Dskip.installnodenpm=true -Dskip.npm=true -Dskip.yarn=true -Dlicense.skip=true -Dcheckstyle.skip=true -Drat.skip=true -Denforcer.skip=true -Danimal.sniffer.skip=true -Dmaven.javadoc.skip=true -Dfindbugs.skip=true -Dspotbugs.skip=true -Dwarbucks.skip=true -Dmodernizer.skip=true -Dimpsort.skip=true -Dmdep.analyze.skip=true -Dpgpverify.skip=true -Dxml.skip=true -Dcobertura.skip=true

[INFO] Scanning for projects...
[INFO] Inspecting build with total of 1 modules...
[INFO] Installing Nexus Staging features:
[INFO]   ... total of 1 executions of maven-deploy-plugin replaced with nexus-staging-maven-plugin
[INFO] 
[INFO] --------------------< com.cedarsoftware:java-util >---------------------
[INFO] Building java-util 2.4.0
[INFO] --------------------------------[ jar ]---------------------------------
[INFO] Downloading from central: https://repo.maven.apache.org/maven2/com/cedarsoftware/json-io/4.16.0/json-io-4.16.0.pom
[INFO] Downloaded from central: https://repo.maven.apache.org/maven2/com/cedarsoftware/json-io/4.16.0/json-io-4.16.0.pom (14 kB at 18 kB/s)
[INFO] Downloading from central: https://repo.maven.apache.org/maven2/org/agrona/agrona/1.19.2/agrona-1.19.2.pom
[INFO] Downloaded from central: https://repo.maven.apache.org/maven2/org/agrona/agrona/1.19.2/agrona-1.19.2.pom (2.4 kB at 13 kB/s)
[INFO] Downloading from central: https://repo.maven.apache.org/maven2/com/cedarsoftware/json-io/4.16.0/json-io-4.16.0.jar
[INFO] Downloading from central: https://repo.maven.apache.org/maven2/org/agrona/agrona/1.19.2/agrona-1.19.2.jar
[INFO] Downloaded from central: https://repo.maven.apache.org/maven2/org/agrona/agrona/1.19.2/agrona-1.19.2.jar (488 kB at 2.0 MB/s)
[INFO] Downloaded from central: https://repo.maven.apache.org/maven2/com/cedarsoftware/json-io/4.16.0/json-io-4.16.0.jar (227 kB at 415 kB/s)
[INFO] 
[INFO] --- maven-clean-plugin:2.5:clean (default-clean) @ java-util ---
[INFO] 
[INFO] --- maven-resources-plugin:2.6:resources (default-resources) @ java-util ---
[INFO] Using 'UTF-8' encoding to copy filtered resources.
[INFO] skip non existing resourceDirectory /home/srafi/after-cam-ready/compare_/compile_repair_output/work/b4e289c710cb/src/main/resources
[INFO] 
[INFO] --- maven-compiler-plugin:3.11.0:compile (default-compile) @ java-util ---
[INFO] Changes detected - recompiling the module! :source
[INFO] Compiling 42 source files with javac [debug target 1.8] to target/classes
[INFO] 
[INFO] --- maven-bundle-plugin:5.1.9:manifest (bundle-manifest) @ java-util ---
[INFO] No MANIFEST.MF file found, generating manifest.
[INFO] Writing manifest: /home/srafi/after-cam-ready/compare_/compile_repair_output/work/b4e289c710cb/target/classes/META-INF/MANIFEST.MF
[INFO] 
[INFO] --- maven-resources-plugin:2.6:testResources (default-testResources) @ java-util ---
[INFO] Using 'UTF-8' encoding to copy filtered resources.
[INFO] Copying 8 resources
[INFO] 
[INFO] --- maven-compiler-plugin:3.11.0:testCompile (default-testCompile) @ java-util ---
[INFO] Changes detected - recompiling the module! :dependency
[INFO] Compiling 32 source files with javac [debug target 1.8] to target/test-classes
[INFO] /home/srafi/after-cam-ready/compare_/compile_repair_output/work/b4e289c710cb/src/test/java/com/cedarsoftware/util/TestGraphComparator.java: /home/srafi/after-cam-ready/compare_/compile_repair_output/work/b4e289c710cb/src/test/java/com/cedarsoftware/util/TestGraphComparator.java uses or overrides a deprecated API.
[INFO] /home/srafi/after-cam-ready/compare_/compile_repair_output/work/b4e289c710cb/src/test/java/com/cedarsoftware/util/TestGraphComparator.java: Recompile with -Xlint:deprecation for details.
[INFO] /home/srafi/after-cam-ready/compare_/compile_repair_output/work/b4e289c710cb/src/test/java/com/cedarsoftware/util/TestCompactSet.java: Some input files use unchecked or unsafe operations.
[INFO] /home/srafi/after-cam-ready/compare_/compile_repair_output/work/b4e289c710cb/src/test/java/com/cedarsoftware/util/TestCompactSet.java: Recompile with -Xlint:unchecked for details.
[INFO] 
[INFO] --- maven-surefire-plugin:3.0.0-M8-SNAPSHOT:test (default-test) @ java-util ---
[INFO] Downloading from apache.snapshots: https://repository.apache.org/snapshots/org/apache/maven/surefire/maven-surefire-common/3.0.0-M8-SNAPSHOT/maven-metadata.xml
[INFO] Downloading from apache.snapshots: https://repository.apache.org/snapshots/org/apache/maven/surefire/surefire-api/3.0.0-M8-SNAPSHOT/maven-metadata.xml
[INFO] Downloading from apache.snapshots: https://repository.apache.org/snapshots/org/apache/maven/surefire/surefire-logger-api/3.0.0-M8-SNAPSHOT/maven-metadata.xml
[INFO] Downloading from apache.snapshots: https://repository.apache.org/snapshots/org/apache/maven/surefire/surefire-shared-utils/3.0.0-M8-SNAPSHOT/maven-metadata.xml
[INFO] Downloading from apache.snapshots: https://repository.apache.org/snapshots/org/apache/maven/surefire/surefire-extensions-api/3.0.0-M8-SNAPSHOT/maven-metadata.xml
[INFO] Downloading from apache.snapshots: https://repository.apache.org/snapshots/org/apache/maven/surefire/surefire-booter/3.0.0-M8-SNAPSHOT/maven-metadata.xml
[INFO] Downloading from apache.snapshots: https://repository.apache.org/snapshots/org/apache/maven/surefire/surefire-extensions-spi/3.0.0-M8-SNAPSHOT/maven-metadata.xml
[INFO] Tests are skipped.
[INFO] 
[INFO] --- maven-jar-plugin:2.4:jar (default-jar) @ java-util ---
[INFO] Building jar: /home/srafi/after-cam-ready/compare_/compile_repair_output/work/b4e289c710cb/target/java-util-2.4.0.jar
[INFO] 
[INFO] --- maven-source-plugin:3.3.0:jar-no-fork (attach-sources) @ java-util ---
[INFO] Building jar: /home/srafi/after-cam-ready/compare_/compile_repair_output/work/b4e289c710cb/target/java-util-2.4.0-sources.jar
[INFO] 
[INFO] --- maven-javadoc-plugin:3.6.2:jar (attach-javadocs) @ java-util ---
[INFO] Skipping javadoc generation
[INFO] 
[INFO] --- maven-install-plugin:2.4:install (default-install) @ java-util ---
[INFO] Installing /home/srafi/after-cam-ready/compare_/compile_repair_output/work/b4e289c710cb/target/java-util-2.4.0.jar to /home/srafi/.m2/repository/com/cedarsoftware/java-util/2.4.0/java-util-2.4.0.jar
[INFO] Installing /home/srafi/after-cam-ready/compare_/compile_repair_output/work/b4e289c710cb/pom.xml to /home/srafi/.m2/repository/com/cedarsoftware/java-util/2.4.0/java-util-2.4.0.pom
[INFO] Installing /home/srafi/after-cam-ready/compare_/compile_repair_output/work/b4e289c710cb/target/java-util-2.4.0-sources.jar to /home/srafi/.m2/repository/com/cedarsoftware/java-util/2.4.0/java-util-2.4.0-sources.jar
[INFO] ------------------------------------------------------------------------
[INFO] BUILD SUCCESS
[INFO] ------------------------------------------------------------------------
[INFO] Total time:  7.610 s
[INFO] Finished at: 2026-08-15T16:28:42-04:00
[INFO] ------------------------------------------------------------------------
