JAVA_HOME=/usr/lib/jvm/java-8-openjdk-amd64
COMMAND=mvn -B clean install -DskipTests -U -pl clients/config-center-client -am -Ddependency-check.skip=true -Dgpg.skip=true -DfailIfNoTests=false -Dskip.installnodenpm=true -Dskip.npm=true -Dskip.yarn=true -Dlicense.skip=true -Dcheckstyle.skip=true -Drat.skip=true -Denforcer.skip=true -Danimal.sniffer.skip=true -Dmaven.javadoc.skip=true -Dfindbugs.skip=true -Dspotbugs.skip=true -Dwarbucks.skip=true -Dmodernizer.skip=true -Dimpsort.skip=true -Dmdep.analyze.skip=true -Dpgpverify.skip=true -Dxml.skip=true -Dcobertura.skip=true

[INFO] Scanning for projects...
[INFO] Downloading from central: https://repo.maven.apache.org/maven2/io/micrometer/micrometer-bom/1.10.1/micrometer-bom-1.10.1.pom
[INFO] Downloaded from central: https://repo.maven.apache.org/maven2/io/micrometer/micrometer-bom/1.10.1/micrometer-bom-1.10.1.pom (7.8 kB at 26 kB/s)
Warning: KebabPizza disabling incompatible org.apache.maven.plugins:maven-enforcer-plugin from java-chassis
Warning: KebabPizza disabling incompatible org.codehaus.mojo:license-maven-plugin from java-chassis
Warning: KebabPizza disabling incompatible org.apache.rat:apache-rat-plugin from java-chassis
Warning: KebabPizza disabling incompatible org.apache.maven.plugins:maven-enforcer-plugin from java-chassis-dependencies-parent
Warning: KebabPizza disabling incompatible org.codehaus.mojo:license-maven-plugin from java-chassis-dependencies-parent
Warning: KebabPizza disabling incompatible org.apache.rat:apache-rat-plugin from java-chassis-dependencies-parent
Warning: KebabPizza disabling incompatible org.apache.maven.plugins:maven-enforcer-plugin from java-chassis-dependencies
Warning: KebabPizza disabling incompatible org.codehaus.mojo:license-maven-plugin from java-chassis-dependencies
Warning: KebabPizza disabling incompatible org.apache.rat:apache-rat-plugin from java-chassis-dependencies
Warning: KebabPizza disabling incompatible org.apache.maven.plugins:maven-enforcer-plugin from java-chassis-parent
Warning: KebabPizza disabling incompatible org.codehaus.mojo:license-maven-plugin from java-chassis-parent
Warning: KebabPizza disabling incompatible org.apache.rat:apache-rat-plugin from java-chassis-parent
Warning: KebabPizza disabling incompatible org.apache.maven.plugins:maven-enforcer-plugin from foundations
Warning: KebabPizza disabling incompatible org.codehaus.mojo:license-maven-plugin from foundations
Warning: KebabPizza disabling incompatible org.apache.rat:apache-rat-plugin from foundations
Warning: KebabPizza disabling incompatible org.apache.maven.plugins:maven-enforcer-plugin from foundation-spi
Warning: KebabPizza disabling incompatible org.codehaus.mojo:license-maven-plugin from foundation-spi
Warning: KebabPizza disabling incompatible org.apache.rat:apache-rat-plugin from foundation-spi
Warning: KebabPizza disabling incompatible org.apache.maven.plugins:maven-enforcer-plugin from foundation-test-scaffolding
Warning: KebabPizza disabling incompatible org.codehaus.mojo:license-maven-plugin from foundation-test-scaffolding
Warning: KebabPizza disabling incompatible org.apache.rat:apache-rat-plugin from foundation-test-scaffolding
Warning: KebabPizza disabling incompatible org.apache.maven.plugins:maven-enforcer-plugin from foundation-common
Warning: KebabPizza disabling incompatible org.codehaus.mojo:license-maven-plugin from foundation-common
Warning: KebabPizza disabling incompatible org.apache.rat:apache-rat-plugin from foundation-common
Warning: KebabPizza disabling incompatible org.apache.maven.plugins:maven-enforcer-plugin from foundation-config
Warning: KebabPizza disabling incompatible org.codehaus.mojo:license-maven-plugin from foundation-config
Warning: KebabPizza disabling incompatible org.apache.rat:apache-rat-plugin from foundation-config
Warning: KebabPizza disabling incompatible org.apache.maven.plugins:maven-enforcer-plugin from foundation-ssl
Warning: KebabPizza disabling incompatible org.codehaus.mojo:license-maven-plugin from foundation-ssl
Warning: KebabPizza disabling incompatible org.apache.rat:apache-rat-plugin from foundation-ssl
Warning: KebabPizza disabling incompatible org.apache.maven.plugins:maven-enforcer-plugin from clients
Warning: KebabPizza disabling incompatible org.codehaus.mojo:license-maven-plugin from clients
Warning: KebabPizza disabling incompatible org.apache.rat:apache-rat-plugin from clients
Warning: KebabPizza disabling incompatible org.apache.maven.plugins:maven-enforcer-plugin from http-client-common
Warning: KebabPizza disabling incompatible org.codehaus.mojo:license-maven-plugin from http-client-common
Warning: KebabPizza disabling incompatible org.apache.rat:apache-rat-plugin from http-client-common
Warning: KebabPizza disabling incompatible org.apache.maven.plugins:maven-enforcer-plugin from config-clients-common
Warning: KebabPizza disabling incompatible org.codehaus.mojo:license-maven-plugin from config-clients-common
Warning: KebabPizza disabling incompatible org.apache.rat:apache-rat-plugin from config-clients-common
Warning: KebabPizza disabling incompatible org.apache.maven.plugins:maven-enforcer-plugin from config-center-client
Warning: KebabPizza disabling incompatible org.codehaus.mojo:license-maven-plugin from config-center-client
Warning: KebabPizza disabling incompatible org.apache.rat:apache-rat-plugin from config-center-client
[INFO] ------------------------------------------------------------------------
[INFO] Detecting the operating system and CPU architecture
[INFO] ------------------------------------------------------------------------
[INFO] os.detected.name: linux
[INFO] os.detected.arch: x86_64
[INFO] os.detected.bitness: 64
[INFO] os.detected.version: 6.8
[INFO] os.detected.version.major: 6
[INFO] os.detected.version.minor: 8
[INFO] os.detected.release: ubuntu
[INFO] os.detected.release.version: 22.04
[INFO] os.detected.release.like.ubuntu: true
[INFO] os.detected.release.like.debian: true
[INFO] os.detected.classifier: linux-x86_64
[INFO] ------------------------------------------------------------------------
[INFO] Reactor Build Order:
[INFO] 
[INFO] ServiceComb Java Chassis                                           [pom]
[INFO] Java Chassis::Dependencies                                         [pom]
[INFO] Java Chassis::Dependencies::Default                                [pom]
[INFO] Java Chassis::Parent::Default                                      [pom]
[INFO] Java Chassis::Foundations                                          [pom]
[INFO] Java Chassis::Foundations::SSL                                     [jar]
[INFO] Java Chassis::Foundations::Test Scaffolding                        [jar]
[INFO] Java Chassis::Foundations::Common                                  [jar]
[INFO] Java Chassis::Foundations::Config                                  [jar]
[INFO] Java Chassis::Foundations::SSL                                     [jar]
[INFO] ServiceComb::Client                                                [pom]
[INFO] ServiceComb::Clients::HTTP Client Common                           [jar]
[INFO] ServiceComb::Clients::Config Common                                [jar]
[INFO] ServiceComb::Clients::Config Center Client                         [jar]
[INFO] 
[INFO] ----------------< org.apache.servicecomb:java-chassis >-----------------
[INFO] Building ServiceComb Java Chassis 2.9.0-SNAPSHOT                  [1/14]
[INFO] --------------------------------[ pom ]---------------------------------
[INFO] 
[INFO] --- maven-clean-plugin:3.2.0:clean (default-clean) @ java-chassis ---
[INFO] 
[INFO] --- maven-remote-resources-plugin:3.0.0:process (process-resource-bundles) @ java-chassis ---
[INFO] Skipping remote resources execution.
[INFO] 
[INFO] --- maven-site-plugin:3.12.1:attach-descriptor (attach-descriptor) @ java-chassis ---
[INFO] No site descriptor found: nothing to attach.
[INFO] 
[INFO] >>> spotbugs-maven-plugin:4.7.3.0:check (default) > :spotbugs @ java-chassis >>>
[INFO] 
[INFO] --- spotbugs-maven-plugin:4.7.3.0:spotbugs (spotbugs) @ java-chassis ---
[INFO] 
[INFO] <<< spotbugs-maven-plugin:4.7.3.0:check (default) < :spotbugs @ java-chassis <<<
[INFO] 
[INFO] 
[INFO] --- spotbugs-maven-plugin:4.7.3.0:check (default) @ java-chassis ---
[INFO] 
[INFO] --- maven-install-plugin:3.0.1:install (default-install) @ java-chassis ---
[INFO] Installing /home/srafi/after-cam-ready/compare_/compile_repair_output/work/4ac7dfe6a37d/pom.xml to /home/srafi/.m2/repository/org/apache/servicecomb/java-chassis/2.9.0-SNAPSHOT/java-chassis-2.9.0-SNAPSHOT.pom
[INFO] 
[INFO] ------< org.apache.servicecomb:java-chassis-dependencies-parent >-------
[INFO] Building Java Chassis::Dependencies 2.9.0-SNAPSHOT                [2/14]
[INFO] --------------------------------[ pom ]---------------------------------
[INFO] 
[INFO] --- maven-clean-plugin:3.2.0:clean (default-clean) @ java-chassis-dependencies-parent ---
[INFO] 
[INFO] --- maven-remote-resources-plugin:3.0.0:process (process-resource-bundles) @ java-chassis-dependencies-parent ---
[INFO] Skipping remote resources execution.
[INFO] 
[INFO] --- maven-site-plugin:3.12.1:attach-descriptor (attach-descriptor) @ java-chassis-dependencies-parent ---
[INFO] No site descriptor found: nothing to attach.
[INFO] 
[INFO] >>> spotbugs-maven-plugin:4.7.3.0:check (default) > :spotbugs @ java-chassis-dependencies-parent >>>
[INFO] 
[INFO] --- spotbugs-maven-plugin:4.7.3.0:spotbugs (spotbugs) @ java-chassis-dependencies-parent ---
[INFO] 
[INFO] <<< spotbugs-maven-plugin:4.7.3.0:check (default) < :spotbugs @ java-chassis-dependencies-parent <<<
[INFO] 
[INFO] 
[INFO] --- spotbugs-maven-plugin:4.7.3.0:check (default) @ java-chassis-dependencies-parent ---
[INFO] 
[INFO] --- maven-install-plugin:3.0.1:install (default-install) @ java-chassis-dependencies-parent ---
[INFO] Installing /home/srafi/after-cam-ready/compare_/compile_repair_output/work/4ac7dfe6a37d/dependencies/pom.xml to /home/srafi/.m2/repository/org/apache/servicecomb/java-chassis-dependencies-parent/2.9.0-SNAPSHOT/java-chassis-dependencies-parent-2.9.0-SNAPSHOT.pom
[INFO] 
[INFO] ----------< org.apache.servicecomb:java-chassis-dependencies >----------
[INFO] Building Java Chassis::Dependencies::Default 2.9.0-SNAPSHOT       [3/14]
[INFO] --------------------------------[ pom ]---------------------------------
[INFO] 
[INFO] --- maven-clean-plugin:3.2.0:clean (default-clean) @ java-chassis-dependencies ---
[INFO] 
[INFO] --- maven-remote-resources-plugin:3.0.0:process (process-resource-bundles) @ java-chassis-dependencies ---
[INFO] Skipping remote resources execution.
[INFO] 
[INFO] --- maven-site-plugin:3.12.1:attach-descriptor (attach-descriptor) @ java-chassis-dependencies ---
[INFO] No site descriptor found: nothing to attach.
[INFO] 
[INFO] >>> spotbugs-maven-plugin:4.7.3.0:check (default) > :spotbugs @ java-chassis-dependencies >>>
[INFO] 
[INFO] --- spotbugs-maven-plugin:4.7.3.0:spotbugs (spotbugs) @ java-chassis-dependencies ---
[INFO] 
[INFO] <<< spotbugs-maven-plugin:4.7.3.0:check (default) < :spotbugs @ java-chassis-dependencies <<<
[INFO] 
[INFO] 
[INFO] --- spotbugs-maven-plugin:4.7.3.0:check (default) @ java-chassis-dependencies ---
[INFO] 
[INFO] --- maven-install-plugin:3.0.1:install (default-install) @ java-chassis-dependencies ---
[INFO] Installing /home/srafi/after-cam-ready/compare_/compile_repair_output/work/4ac7dfe6a37d/dependencies/default/pom.xml to /home/srafi/.m2/repository/org/apache/servicecomb/java-chassis-dependencies/2.9.0-SNAPSHOT/java-chassis-dependencies-2.9.0-SNAPSHOT.pom
[INFO] 
[INFO] -------------< org.apache.servicecomb:java-chassis-parent >-------------
[INFO] Building Java Chassis::Parent::Default 2.9.0-SNAPSHOT             [4/14]
[INFO] --------------------------------[ pom ]---------------------------------
[INFO] 
[INFO] --- maven-clean-plugin:3.2.0:clean (default-clean) @ java-chassis-parent ---
[INFO] 
[INFO] --- maven-remote-resources-plugin:3.0.0:process (process-resource-bundles) @ java-chassis-parent ---
[INFO] Skipping remote resources execution.
[INFO] 
[INFO] --- maven-site-plugin:3.12.1:attach-descriptor (attach-descriptor) @ java-chassis-parent ---
[INFO] No site descriptor found: nothing to attach.
[INFO] 
[INFO] >>> maven-source-plugin:3.2.1:jar (attach-sources) > generate-sources @ java-chassis-parent >>>
[INFO] 
[INFO] <<< maven-source-plugin:3.2.1:jar (attach-sources) < generate-sources @ java-chassis-parent <<<
[INFO] 
[INFO] 
[INFO] --- maven-source-plugin:3.2.1:jar (attach-sources) @ java-chassis-parent ---
[INFO] 
[INFO] >>> spotbugs-maven-plugin:4.7.3.0:check (default) > :spotbugs @ java-chassis-parent >>>
[INFO] 
[INFO] --- spotbugs-maven-plugin:4.7.3.0:spotbugs (spotbugs) @ java-chassis-parent ---
[INFO] 
[INFO] <<< spotbugs-maven-plugin:4.7.3.0:check (default) < :spotbugs @ java-chassis-parent <<<
[INFO] 
[INFO] 
[INFO] --- spotbugs-maven-plugin:4.7.3.0:check (default) @ java-chassis-parent ---
[INFO] 
[INFO] --- maven-install-plugin:3.0.1:install (default-install) @ java-chassis-parent ---
[INFO] Installing /home/srafi/after-cam-ready/compare_/compile_repair_output/work/4ac7dfe6a37d/parents/default/pom.xml to /home/srafi/.m2/repository/org/apache/servicecomb/java-chassis-parent/2.9.0-SNAPSHOT/java-chassis-parent-2.9.0-SNAPSHOT.pom
[INFO] 
[INFO] -----------------< org.apache.servicecomb:foundations >-----------------
[INFO] Building Java Chassis::Foundations 2.9.0-SNAPSHOT                 [5/14]
[INFO] --------------------------------[ pom ]---------------------------------
[INFO] 
[INFO] --- maven-clean-plugin:3.2.0:clean (default-clean) @ foundations ---
[INFO] 
[INFO] --- maven-remote-resources-plugin:3.0.0:process (process-resource-bundles) @ foundations ---
[INFO] Skipping remote resources execution.
[INFO] 
[INFO] --- maven-site-plugin:3.12.1:attach-descriptor (attach-descriptor) @ foundations ---
[INFO] No site descriptor found: nothing to attach.
[INFO] 
[INFO] >>> maven-source-plugin:3.2.1:jar (attach-sources) > generate-sources @ foundations >>>
[INFO] 
[INFO] <<< maven-source-plugin:3.2.1:jar (attach-sources) < generate-sources @ foundations <<<
[INFO] 
[INFO] 
[INFO] --- maven-source-plugin:3.2.1:jar (attach-sources) @ foundations ---
[INFO] 
[INFO] >>> spotbugs-maven-plugin:4.7.3.0:check (default) > :spotbugs @ foundations >>>
[INFO] 
[INFO] --- spotbugs-maven-plugin:4.7.3.0:spotbugs (spotbugs) @ foundations ---
[INFO] 
[INFO] <<< spotbugs-maven-plugin:4.7.3.0:check (default) < :spotbugs @ foundations <<<
[INFO] 
[INFO] 
[INFO] --- spotbugs-maven-plugin:4.7.3.0:check (default) @ foundations ---
[INFO] 
[INFO] --- maven-install-plugin:3.0.1:install (default-install) @ foundations ---
[INFO] Installing /home/srafi/after-cam-ready/compare_/compile_repair_output/work/4ac7dfe6a37d/foundations/pom.xml to /home/srafi/.m2/repository/org/apache/servicecomb/foundations/2.9.0-SNAPSHOT/foundations-2.9.0-SNAPSHOT.pom
[INFO] 
[INFO] ---------------< org.apache.servicecomb:foundation-spi >----------------
[INFO] Building Java Chassis::Foundations::SSL 2.9.0-SNAPSHOT            [6/14]
[INFO] --------------------------------[ jar ]---------------------------------
[INFO] Downloading from apache.snapshots: https://repository.apache.org/snapshots/org/apache/maven/plugins/maven-surefire-plugin/3.0.0-M8-SNAPSHOT/maven-metadata.xml
[INFO] Downloading from apache.snapshots: https://repository.apache.org/snapshots/org/apache/maven/surefire/surefire/3.0.0-M8-SNAPSHOT/maven-metadata.xml
[INFO] 
[INFO] --- maven-clean-plugin:3.2.0:clean (default-clean) @ foundation-spi ---
[INFO] 
[INFO] --- maven-remote-resources-plugin:3.0.0:process (process-resource-bundles) @ foundation-spi ---
[INFO] Skipping remote resources execution.
[INFO] 
[INFO] --- maven-resources-plugin:3.3.0:resources (default-resources) @ foundation-spi ---
[INFO] skip non existing resourceDirectory /home/srafi/after-cam-ready/compare_/compile_repair_output/work/4ac7dfe6a37d/foundations/foundation-spi/src/main/resources
[INFO] 
[INFO] --- maven-compiler-plugin:3.10.1:compile (default-compile) @ foundation-spi ---
[INFO] Changes detected - recompiling the module!
[INFO] Compiling 7 source files to /home/srafi/after-cam-ready/compare_/compile_repair_output/work/4ac7dfe6a37d/foundations/foundation-spi/target/classes
[INFO] 
[INFO] --- maven-resources-plugin:3.3.0:testResources (default-testResources) @ foundation-spi ---
[INFO] Copying 1 resource
[INFO] 
[INFO] --- maven-compiler-plugin:3.10.1:testCompile (default-testCompile) @ foundation-spi ---
[INFO] Changes detected - recompiling the module!
[INFO] Compiling 5 source files to /home/srafi/after-cam-ready/compare_/compile_repair_output/work/4ac7dfe6a37d/foundations/foundation-spi/target/test-classes
[INFO] 
[INFO] --- maven-surefire-plugin:3.0.0-M8-SNAPSHOT:test (default-test) @ foundation-spi ---
[INFO] Downloading from apache.snapshots: https://repository.apache.org/snapshots/org/apache/maven/surefire/maven-surefire-common/3.0.0-M8-SNAPSHOT/maven-metadata.xml
[INFO] Downloading from apache.snapshots: https://repository.apache.org/snapshots/org/apache/maven/surefire/surefire-api/3.0.0-M8-SNAPSHOT/maven-metadata.xml
[INFO] Downloading from apache.snapshots: https://repository.apache.org/snapshots/org/apache/maven/surefire/surefire-logger-api/3.0.0-M8-SNAPSHOT/maven-metadata.xml
[INFO] Downloading from apache.snapshots: https://repository.apache.org/snapshots/org/apache/maven/surefire/surefire-shared-utils/3.0.0-M8-SNAPSHOT/maven-metadata.xml
[INFO] Downloading from apache.snapshots: https://repository.apache.org/snapshots/org/apache/maven/surefire/surefire-extensions-api/3.0.0-M8-SNAPSHOT/maven-metadata.xml
[INFO] Downloading from apache.snapshots: https://repository.apache.org/snapshots/org/apache/maven/surefire/surefire-booter/3.0.0-M8-SNAPSHOT/maven-metadata.xml
[INFO] Downloading from apache.snapshots: https://repository.apache.org/snapshots/org/apache/maven/surefire/surefire-extensions-spi/3.0.0-M8-SNAPSHOT/maven-metadata.xml
[INFO] Tests are skipped.
[INFO] 
[INFO] --- maven-jar-plugin:3.3.0:jar (default-jar) @ foundation-spi ---
[INFO] Building jar: /home/srafi/after-cam-ready/compare_/compile_repair_output/work/4ac7dfe6a37d/foundations/foundation-spi/target/foundation-spi-2.9.0-SNAPSHOT.jar
[INFO] 
[INFO] --- maven-site-plugin:3.12.1:attach-descriptor (attach-descriptor) @ foundation-spi ---
[INFO] Skipping because packaging 'jar' is not pom.
[INFO] 
[INFO] >>> maven-source-plugin:3.2.1:jar (attach-sources) > generate-sources @ foundation-spi >>>
[INFO] 
[INFO] <<< maven-source-plugin:3.2.1:jar (attach-sources) < generate-sources @ foundation-spi <<<
[INFO] 
[INFO] 
[INFO] --- maven-source-plugin:3.2.1:jar (attach-sources) @ foundation-spi ---
[INFO] Building jar: /home/srafi/after-cam-ready/compare_/compile_repair_output/work/4ac7dfe6a37d/foundations/foundation-spi/target/foundation-spi-2.9.0-SNAPSHOT-sources.jar
[INFO] 
[INFO] >>> spotbugs-maven-plugin:4.7.3.0:check (default) > :spotbugs @ foundation-spi >>>
[INFO] 
[INFO] --- spotbugs-maven-plugin:4.7.3.0:spotbugs (spotbugs) @ foundation-spi ---
[INFO] 
[INFO] <<< spotbugs-maven-plugin:4.7.3.0:check (default) < :spotbugs @ foundation-spi <<<
[INFO] 
[INFO] 
[INFO] --- spotbugs-maven-plugin:4.7.3.0:check (default) @ foundation-spi ---
[INFO] 
[INFO] --- maven-install-plugin:3.0.1:install (default-install) @ foundation-spi ---
[INFO] Installing /home/srafi/after-cam-ready/compare_/compile_repair_output/work/4ac7dfe6a37d/foundations/foundation-spi/pom.xml to /home/srafi/.m2/repository/org/apache/servicecomb/foundation-spi/2.9.0-SNAPSHOT/foundation-spi-2.9.0-SNAPSHOT.pom
[INFO] Installing /home/srafi/after-cam-ready/compare_/compile_repair_output/work/4ac7dfe6a37d/foundations/foundation-spi/target/foundation-spi-2.9.0-SNAPSHOT.jar to /home/srafi/.m2/repository/org/apache/servicecomb/foundation-spi/2.9.0-SNAPSHOT/foundation-spi-2.9.0-SNAPSHOT.jar
[INFO] Installing /home/srafi/after-cam-ready/compare_/compile_repair_output/work/4ac7dfe6a37d/foundations/foundation-spi/target/foundation-spi-2.9.0-SNAPSHOT-sources.jar to /home/srafi/.m2/repository/org/apache/servicecomb/foundation-spi/2.9.0-SNAPSHOT/foundation-spi-2.9.0-SNAPSHOT-sources.jar
[INFO] 
[INFO] ---------< org.apache.servicecomb:foundation-test-scaffolding >---------
[INFO] Building Java Chassis::Foundations::Test Scaffolding 2.9.0-SNAPSHOT [7/14]
[INFO] --------------------------------[ jar ]---------------------------------
[INFO] 
[INFO] --- maven-clean-plugin:3.2.0:clean (default-clean) @ foundation-test-scaffolding ---
[INFO] 
[INFO] --- maven-remote-resources-plugin:3.0.0:process (process-resource-bundles) @ foundation-test-scaffolding ---
[INFO] Skipping remote resources execution.
[INFO] 
[INFO] --- maven-resources-plugin:3.3.0:resources (default-resources) @ foundation-test-scaffolding ---
[INFO] Copying 1 resource
[INFO] 
[INFO] --- maven-compiler-plugin:3.10.1:compile (default-compile) @ foundation-test-scaffolding ---
[INFO] Changes detected - recompiling the module!
[INFO] Compiling 14 source files to /home/srafi/after-cam-ready/compare_/compile_repair_output/work/4ac7dfe6a37d/foundations/foundation-test-scaffolding/target/classes
[INFO] 
[INFO] --- maven-resources-plugin:3.3.0:testResources (default-testResources) @ foundation-test-scaffolding ---
[INFO] skip non existing resourceDirectory /home/srafi/after-cam-ready/compare_/compile_repair_output/work/4ac7dfe6a37d/foundations/foundation-test-scaffolding/src/test/resources
[INFO] 
[INFO] --- maven-compiler-plugin:3.10.1:testCompile (default-testCompile) @ foundation-test-scaffolding ---
[INFO] No sources to compile
[INFO] 
[INFO] --- maven-surefire-plugin:3.0.0-M8-SNAPSHOT:test (default-test) @ foundation-test-scaffolding ---
[INFO] Tests are skipped.
[INFO] 
[INFO] --- maven-jar-plugin:3.3.0:jar (default-jar) @ foundation-test-scaffolding ---
[INFO] Building jar: /home/srafi/after-cam-ready/compare_/compile_repair_output/work/4ac7dfe6a37d/foundations/foundation-test-scaffolding/target/foundation-test-scaffolding-2.9.0-SNAPSHOT.jar
[INFO] 
[INFO] --- maven-site-plugin:3.12.1:attach-descriptor (attach-descriptor) @ foundation-test-scaffolding ---
[INFO] Skipping because packaging 'jar' is not pom.
[INFO] 
[INFO] >>> maven-source-plugin:3.2.1:jar (attach-sources) > generate-sources @ foundation-test-scaffolding >>>
[INFO] 
[INFO] <<< maven-source-plugin:3.2.1:jar (attach-sources) < generate-sources @ foundation-test-scaffolding <<<
[INFO] 
[INFO] 
[INFO] --- maven-source-plugin:3.2.1:jar (attach-sources) @ foundation-test-scaffolding ---
[INFO] Building jar: /home/srafi/after-cam-ready/compare_/compile_repair_output/work/4ac7dfe6a37d/foundations/foundation-test-scaffolding/target/foundation-test-scaffolding-2.9.0-SNAPSHOT-sources.jar
[INFO] 
[INFO] >>> spotbugs-maven-plugin:4.7.3.0:check (default) > :spotbugs @ foundation-test-scaffolding >>>
[INFO] 
[INFO] --- spotbugs-maven-plugin:4.7.3.0:spotbugs (spotbugs) @ foundation-test-scaffolding ---
[INFO] 
[INFO] <<< spotbugs-maven-plugin:4.7.3.0:check (default) < :spotbugs @ foundation-test-scaffolding <<<
[INFO] 
[INFO] 
[INFO] --- spotbugs-maven-plugin:4.7.3.0:check (default) @ foundation-test-scaffolding ---
[INFO] 
[INFO] --- maven-install-plugin:3.0.1:install (default-install) @ foundation-test-scaffolding ---
[INFO] Installing /home/srafi/after-cam-ready/compare_/compile_repair_output/work/4ac7dfe6a37d/foundations/foundation-test-scaffolding/pom.xml to /home/srafi/.m2/repository/org/apache/servicecomb/foundation-test-scaffolding/2.9.0-SNAPSHOT/foundation-test-scaffolding-2.9.0-SNAPSHOT.pom
[INFO] Installing /home/srafi/after-cam-ready/compare_/compile_repair_output/work/4ac7dfe6a37d/foundations/foundation-test-scaffolding/target/foundation-test-scaffolding-2.9.0-SNAPSHOT.jar to /home/srafi/.m2/repository/org/apache/servicecomb/foundation-test-scaffolding/2.9.0-SNAPSHOT/foundation-test-scaffolding-2.9.0-SNAPSHOT.jar
[INFO] Installing /home/srafi/after-cam-ready/compare_/compile_repair_output/work/4ac7dfe6a37d/foundations/foundation-test-scaffolding/target/foundation-test-scaffolding-2.9.0-SNAPSHOT-sources.jar to /home/srafi/.m2/repository/org/apache/servicecomb/foundation-test-scaffolding/2.9.0-SNAPSHOT/foundation-test-scaffolding-2.9.0-SNAPSHOT-sources.jar
[INFO] 
[INFO] --------------< org.apache.servicecomb:foundation-common >--------------
[INFO] Building Java Chassis::Foundations::Common 2.9.0-SNAPSHOT         [8/14]
[INFO] --------------------------------[ jar ]---------------------------------
[WARNING] The artifact org.slf4j:slf4j-log4j12:jar:1.7.36 has been relocated to org.slf4j:slf4j-reload4j:jar:1.7.36
[INFO] 
[INFO] --- maven-clean-plugin:3.2.0:clean (default-clean) @ foundation-common ---
[INFO] 
[INFO] --- maven-remote-resources-plugin:3.0.0:process (process-resource-bundles) @ foundation-common ---
[INFO] Skipping remote resources execution.
[INFO] 
[INFO] --- maven-resources-plugin:3.3.0:resources (default-resources) @ foundation-common ---
[INFO] Copying 3 resources
[INFO] 
[INFO] --- maven-compiler-plugin:3.10.1:compile (default-compile) @ foundation-common ---
[INFO] Changes detected - recompiling the module!
[INFO] Compiling 102 source files to /home/srafi/after-cam-ready/compare_/compile_repair_output/work/4ac7dfe6a37d/foundations/foundation-common/target/classes
[INFO] 
[INFO] --- maven-resources-plugin:3.3.0:testResources (default-testResources) @ foundation-common ---
[INFO] Copying 3 resources
[INFO] 
[INFO] --- maven-compiler-plugin:3.10.1:testCompile (default-testCompile) @ foundation-common ---
[INFO] Changes detected - recompiling the module!
[INFO] Compiling 38 source files to /home/srafi/after-cam-ready/compare_/compile_repair_output/work/4ac7dfe6a37d/foundations/foundation-common/target/test-classes
[INFO] 
[INFO] --- maven-surefire-plugin:3.0.0-M8-SNAPSHOT:test (default-test) @ foundation-common ---
[INFO] Tests are skipped.
[INFO] 
[INFO] --- maven-jar-plugin:3.3.0:jar (default-jar) @ foundation-common ---
[INFO] Building jar: /home/srafi/after-cam-ready/compare_/compile_repair_output/work/4ac7dfe6a37d/foundations/foundation-common/target/foundation-common-2.9.0-SNAPSHOT.jar
[INFO] 
[INFO] --- maven-site-plugin:3.12.1:attach-descriptor (attach-descriptor) @ foundation-common ---
[INFO] Skipping because packaging 'jar' is not pom.
[INFO] 
[INFO] >>> maven-source-plugin:3.2.1:jar (attach-sources) > generate-sources @ foundation-common >>>
[INFO] 
[INFO] <<< maven-source-plugin:3.2.1:jar (attach-sources) < generate-sources @ foundation-common <<<
[INFO] 
[INFO] 
[INFO] --- maven-source-plugin:3.2.1:jar (attach-sources) @ foundation-common ---
[INFO] Building jar: /home/srafi/after-cam-ready/compare_/compile_repair_output/work/4ac7dfe6a37d/foundations/foundation-common/target/foundation-common-2.9.0-SNAPSHOT-sources.jar
[INFO] 
[INFO] >>> spotbugs-maven-plugin:4.7.3.0:check (default) > :spotbugs @ foundation-common >>>
[INFO] 
[INFO] --- spotbugs-maven-plugin:4.7.3.0:spotbugs (spotbugs) @ foundation-common ---
[INFO] 
[INFO] <<< spotbugs-maven-plugin:4.7.3.0:check (default) < :spotbugs @ foundation-common <<<
[INFO] 
[INFO] 
[INFO] --- spotbugs-maven-plugin:4.7.3.0:check (default) @ foundation-common ---
[INFO] 
[INFO] --- maven-install-plugin:3.0.1:install (default-install) @ foundation-common ---
[INFO] Installing /home/srafi/after-cam-ready/compare_/compile_repair_output/work/4ac7dfe6a37d/foundations/foundation-common/pom.xml to /home/srafi/.m2/repository/org/apache/servicecomb/foundation-common/2.9.0-SNAPSHOT/foundation-common-2.9.0-SNAPSHOT.pom
[INFO] Installing /home/srafi/after-cam-ready/compare_/compile_repair_output/work/4ac7dfe6a37d/foundations/foundation-common/target/foundation-common-2.9.0-SNAPSHOT.jar to /home/srafi/.m2/repository/org/apache/servicecomb/foundation-common/2.9.0-SNAPSHOT/foundation-common-2.9.0-SNAPSHOT.jar
[INFO] Installing /home/srafi/after-cam-ready/compare_/compile_repair_output/work/4ac7dfe6a37d/foundations/foundation-common/target/foundation-common-2.9.0-SNAPSHOT-sources.jar to /home/srafi/.m2/repository/org/apache/servicecomb/foundation-common/2.9.0-SNAPSHOT/foundation-common-2.9.0-SNAPSHOT-sources.jar
[INFO] 
[INFO] --------------< org.apache.servicecomb:foundation-config >--------------
[INFO] Building Java Chassis::Foundations::Config 2.9.0-SNAPSHOT         [9/14]
[INFO] --------------------------------[ jar ]---------------------------------
[WARNING] The artifact org.slf4j:slf4j-log4j12:jar:1.7.36 has been relocated to org.slf4j:slf4j-reload4j:jar:1.7.36
[INFO] 
[INFO] --- maven-clean-plugin:3.2.0:clean (default-clean) @ foundation-config ---
[INFO] 
[INFO] --- maven-remote-resources-plugin:3.0.0:process (process-resource-bundles) @ foundation-config ---
[INFO] Skipping remote resources execution.
[INFO] 
[INFO] --- maven-resources-plugin:3.3.0:resources (default-resources) @ foundation-config ---
[INFO] Copying 1 resource
[INFO] 
[INFO] --- maven-compiler-plugin:3.10.1:compile (default-compile) @ foundation-config ---
[INFO] Changes detected - recompiling the module!
[INFO] Compiling 36 source files to /home/srafi/after-cam-ready/compare_/compile_repair_output/work/4ac7dfe6a37d/foundations/foundation-config/target/classes
[INFO] 
[INFO] --- maven-resources-plugin:3.3.0:testResources (default-testResources) @ foundation-config ---
[INFO] Copying 8 resources
[INFO] 
[INFO] --- maven-compiler-plugin:3.10.1:testCompile (default-testCompile) @ foundation-config ---
[INFO] Changes detected - recompiling the module!
[INFO] Compiling 16 source files to /home/srafi/after-cam-ready/compare_/compile_repair_output/work/4ac7dfe6a37d/foundations/foundation-config/target/test-classes
[INFO] 
[INFO] --- maven-surefire-plugin:3.0.0-M8-SNAPSHOT:test (default-test) @ foundation-config ---
[INFO] Tests are skipped.
[INFO] 
[INFO] --- maven-jar-plugin:3.3.0:jar (default-jar) @ foundation-config ---
[INFO] Building jar: /home/srafi/after-cam-ready/compare_/compile_repair_output/work/4ac7dfe6a37d/foundations/foundation-config/target/foundation-config-2.9.0-SNAPSHOT.jar
[INFO] 
[INFO] --- maven-site-plugin:3.12.1:attach-descriptor (attach-descriptor) @ foundation-config ---
[INFO] Skipping because packaging 'jar' is not pom.
[INFO] 
[INFO] >>> maven-source-plugin:3.2.1:jar (attach-sources) > generate-sources @ foundation-config >>>
[INFO] 
[INFO] <<< maven-source-plugin:3.2.1:jar (attach-sources) < generate-sources @ foundation-config <<<
[INFO] 
[INFO] 
[INFO] --- maven-source-plugin:3.2.1:jar (attach-sources) @ foundation-config ---
[INFO] Building jar: /home/srafi/after-cam-ready/compare_/compile_repair_output/work/4ac7dfe6a37d/foundations/foundation-config/target/foundation-config-2.9.0-SNAPSHOT-sources.jar
[INFO] 
[INFO] >>> spotbugs-maven-plugin:4.7.3.0:check (default) > :spotbugs @ foundation-config >>>
[INFO] 
[INFO] --- spotbugs-maven-plugin:4.7.3.0:spotbugs (spotbugs) @ foundation-config ---
[INFO] 
[INFO] <<< spotbugs-maven-plugin:4.7.3.0:check (default) < :spotbugs @ foundation-config <<<
[INFO] 
[INFO] 
[INFO] --- spotbugs-maven-plugin:4.7.3.0:check (default) @ foundation-config ---
[INFO] 
[INFO] --- maven-install-plugin:3.0.1:install (default-install) @ foundation-config ---
[INFO] Installing /home/srafi/after-cam-ready/compare_/compile_repair_output/work/4ac7dfe6a37d/foundations/foundation-config/pom.xml to /home/srafi/.m2/repository/org/apache/servicecomb/foundation-config/2.9.0-SNAPSHOT/foundation-config-2.9.0-SNAPSHOT.pom
[INFO] Installing /home/srafi/after-cam-ready/compare_/compile_repair_output/work/4ac7dfe6a37d/foundations/foundation-config/target/foundation-config-2.9.0-SNAPSHOT.jar to /home/srafi/.m2/repository/org/apache/servicecomb/foundation-config/2.9.0-SNAPSHOT/foundation-config-2.9.0-SNAPSHOT.jar
[INFO] Installing /home/srafi/after-cam-ready/compare_/compile_repair_output/work/4ac7dfe6a37d/foundations/foundation-config/target/foundation-config-2.9.0-SNAPSHOT-sources.jar to /home/srafi/.m2/repository/org/apache/servicecomb/foundation-config/2.9.0-SNAPSHOT/foundation-config-2.9.0-SNAPSHOT-sources.jar
[INFO] 
[INFO] ---------------< org.apache.servicecomb:foundation-ssl >----------------
[INFO] Building Java Chassis::Foundations::SSL 2.9.0-SNAPSHOT           [10/14]
[INFO] --------------------------------[ jar ]---------------------------------
[WARNING] The artifact org.slf4j:slf4j-log4j12:jar:1.7.36 has been relocated to org.slf4j:slf4j-reload4j:jar:1.7.36
[INFO] 
[INFO] --- maven-clean-plugin:3.2.0:clean (default-clean) @ foundation-ssl ---
[INFO] 
[INFO] --- maven-remote-resources-plugin:3.0.0:process (process-resource-bundles) @ foundation-ssl ---
[INFO] Skipping remote resources execution.
[INFO] 
[INFO] --- maven-resources-plugin:3.3.0:resources (default-resources) @ foundation-ssl ---
[INFO] skip non existing resourceDirectory /home/srafi/after-cam-ready/compare_/compile_repair_output/work/4ac7dfe6a37d/foundations/foundation-ssl/src/main/resources
[INFO] 
[INFO] --- maven-compiler-plugin:3.10.1:compile (default-compile) @ foundation-ssl ---
[INFO] Changes detected - recompiling the module!
[INFO] Compiling 10 source files to /home/srafi/after-cam-ready/compare_/compile_repair_output/work/4ac7dfe6a37d/foundations/foundation-ssl/target/classes
[INFO] 
[INFO] --- maven-resources-plugin:3.3.0:testResources (default-testResources) @ foundation-ssl ---
[INFO] Copying 10 resources
[INFO] 
[INFO] --- maven-compiler-plugin:3.10.1:testCompile (default-testCompile) @ foundation-ssl ---
[INFO] Changes detected - recompiling the module!
[INFO] Compiling 9 source files to /home/srafi/after-cam-ready/compare_/compile_repair_output/work/4ac7dfe6a37d/foundations/foundation-ssl/target/test-classes
[INFO] 
[INFO] --- maven-surefire-plugin:3.0.0-M8-SNAPSHOT:test (default-test) @ foundation-ssl ---
[INFO] Tests are skipped.
[INFO] 
[INFO] --- maven-jar-plugin:3.3.0:jar (default-jar) @ foundation-ssl ---
[INFO] Building jar: /home/srafi/after-cam-ready/compare_/compile_repair_output/work/4ac7dfe6a37d/foundations/foundation-ssl/target/foundation-ssl-2.9.0-SNAPSHOT.jar
[INFO] 
[INFO] --- maven-site-plugin:3.12.1:attach-descriptor (attach-descriptor) @ foundation-ssl ---
[INFO] Skipping because packaging 'jar' is not pom.
[INFO] 
[INFO] >>> maven-source-plugin:3.2.1:jar (attach-sources) > generate-sources @ foundation-ssl >>>
[INFO] 
[INFO] <<< maven-source-plugin:3.2.1:jar (attach-sources) < generate-sources @ foundation-ssl <<<
[INFO] 
[INFO] 
[INFO] --- maven-source-plugin:3.2.1:jar (attach-sources) @ foundation-ssl ---
[INFO] Building jar: /home/srafi/after-cam-ready/compare_/compile_repair_output/work/4ac7dfe6a37d/foundations/foundation-ssl/target/foundation-ssl-2.9.0-SNAPSHOT-sources.jar
[INFO] 
[INFO] >>> spotbugs-maven-plugin:4.7.3.0:check (default) > :spotbugs @ foundation-ssl >>>
[INFO] 
[INFO] --- spotbugs-maven-plugin:4.7.3.0:spotbugs (spotbugs) @ foundation-ssl ---
[INFO] 
[INFO] <<< spotbugs-maven-plugin:4.7.3.0:check (default) < :spotbugs @ foundation-ssl <<<
[INFO] 
[INFO] 
[INFO] --- spotbugs-maven-plugin:4.7.3.0:check (default) @ foundation-ssl ---
[INFO] 
[INFO] --- maven-install-plugin:3.0.1:install (default-install) @ foundation-ssl ---
[INFO] Installing /home/srafi/after-cam-ready/compare_/compile_repair_output/work/4ac7dfe6a37d/foundations/foundation-ssl/pom.xml to /home/srafi/.m2/repository/org/apache/servicecomb/foundation-ssl/2.9.0-SNAPSHOT/foundation-ssl-2.9.0-SNAPSHOT.pom
[INFO] Installing /home/srafi/after-cam-ready/compare_/compile_repair_output/work/4ac7dfe6a37d/foundations/foundation-ssl/target/foundation-ssl-2.9.0-SNAPSHOT.jar to /home/srafi/.m2/repository/org/apache/servicecomb/foundation-ssl/2.9.0-SNAPSHOT/foundation-ssl-2.9.0-SNAPSHOT.jar
[INFO] Installing /home/srafi/after-cam-ready/compare_/compile_repair_output/work/4ac7dfe6a37d/foundations/foundation-ssl/target/foundation-ssl-2.9.0-SNAPSHOT-sources.jar to /home/srafi/.m2/repository/org/apache/servicecomb/foundation-ssl/2.9.0-SNAPSHOT/foundation-ssl-2.9.0-SNAPSHOT-sources.jar
[INFO] 
[INFO] -------------------< org.apache.servicecomb:clients >-------------------
[INFO] Building ServiceComb::Client 2.9.0-SNAPSHOT                      [11/14]
[INFO] --------------------------------[ pom ]---------------------------------
[INFO] 
[INFO] --- maven-clean-plugin:3.2.0:clean (default-clean) @ clients ---
[INFO] 
[INFO] --- maven-remote-resources-plugin:3.0.0:process (process-resource-bundles) @ clients ---
[INFO] Skipping remote resources execution.
[INFO] 
[INFO] --- maven-site-plugin:3.12.1:attach-descriptor (attach-descriptor) @ clients ---
[INFO] No site descriptor found: nothing to attach.
[INFO] 
[INFO] >>> maven-source-plugin:3.2.1:jar (attach-sources) > generate-sources @ clients >>>
[INFO] 
[INFO] <<< maven-source-plugin:3.2.1:jar (attach-sources) < generate-sources @ clients <<<
[INFO] 
[INFO] 
[INFO] --- maven-source-plugin:3.2.1:jar (attach-sources) @ clients ---
[INFO] 
[INFO] >>> spotbugs-maven-plugin:4.7.3.0:check (default) > :spotbugs @ clients >>>
[INFO] 
[INFO] --- spotbugs-maven-plugin:4.7.3.0:spotbugs (spotbugs) @ clients ---
[INFO] 
[INFO] <<< spotbugs-maven-plugin:4.7.3.0:check (default) < :spotbugs @ clients <<<
[INFO] 
[INFO] 
[INFO] --- spotbugs-maven-plugin:4.7.3.0:check (default) @ clients ---
[INFO] 
[INFO] --- maven-install-plugin:3.0.1:install (default-install) @ clients ---
[INFO] Installing /home/srafi/after-cam-ready/compare_/compile_repair_output/work/4ac7dfe6a37d/clients/pom.xml to /home/srafi/.m2/repository/org/apache/servicecomb/clients/2.9.0-SNAPSHOT/clients-2.9.0-SNAPSHOT.pom
[INFO] 
[INFO] -------------< org.apache.servicecomb:http-client-common >--------------
[INFO] Building ServiceComb::Clients::HTTP Client Common 2.9.0-SNAPSHOT [12/14]
[INFO] --------------------------------[ jar ]---------------------------------
[INFO] Downloading from central: https://repo.maven.apache.org/maven2/org/java-websocket/Java-WebSocket/1.5.3/Java-WebSocket-1.5.3.pom
[INFO] Downloaded from central: https://repo.maven.apache.org/maven2/org/java-websocket/Java-WebSocket/1.5.3/Java-WebSocket-1.5.3.pom (16 kB at 490 kB/s)
[INFO] Downloading from central: https://repo.maven.apache.org/maven2/org/java-websocket/Java-WebSocket/1.5.3/Java-WebSocket-1.5.3.jar
[INFO] Downloaded from central: https://repo.maven.apache.org/maven2/org/java-websocket/Java-WebSocket/1.5.3/Java-WebSocket-1.5.3.jar (134 kB at 3.7 MB/s)
[INFO] 
[INFO] --- maven-clean-plugin:3.2.0:clean (default-clean) @ http-client-common ---
[INFO] 
[INFO] --- maven-remote-resources-plugin:3.0.0:process (process-resource-bundles) @ http-client-common ---
[INFO] Skipping remote resources execution.
[INFO] 
[INFO] --- maven-resources-plugin:3.3.0:resources (default-resources) @ http-client-common ---
[INFO] skip non existing resourceDirectory /home/srafi/after-cam-ready/compare_/compile_repair_output/work/4ac7dfe6a37d/clients/http-client-common/src/main/resources
[INFO] 
[INFO] --- maven-compiler-plugin:3.10.1:compile (default-compile) @ http-client-common ---
[INFO] Changes detected - recompiling the module!
[INFO] Compiling 18 source files to /home/srafi/after-cam-ready/compare_/compile_repair_output/work/4ac7dfe6a37d/clients/http-client-common/target/classes
[INFO] 
[INFO] --- maven-resources-plugin:3.3.0:testResources (default-testResources) @ http-client-common ---
[INFO] Copying 2 resources
[INFO] 
[INFO] --- maven-compiler-plugin:3.10.1:testCompile (default-testCompile) @ http-client-common ---
[INFO] Changes detected - recompiling the module!
[INFO] Compiling 2 source files to /home/srafi/after-cam-ready/compare_/compile_repair_output/work/4ac7dfe6a37d/clients/http-client-common/target/test-classes
[INFO] 
[INFO] --- maven-surefire-plugin:3.0.0-M8-SNAPSHOT:test (default-test) @ http-client-common ---
[INFO] Tests are skipped.
[INFO] 
[INFO] --- maven-jar-plugin:3.3.0:jar (default-jar) @ http-client-common ---
[INFO] Building jar: /home/srafi/after-cam-ready/compare_/compile_repair_output/work/4ac7dfe6a37d/clients/http-client-common/target/http-client-common-2.9.0-SNAPSHOT.jar
[INFO] 
[INFO] --- maven-site-plugin:3.12.1:attach-descriptor (attach-descriptor) @ http-client-common ---
[INFO] Skipping because packaging 'jar' is not pom.
[INFO] 
[INFO] >>> maven-source-plugin:3.2.1:jar (attach-sources) > generate-sources @ http-client-common >>>
[INFO] 
[INFO] <<< maven-source-plugin:3.2.1:jar (attach-sources) < generate-sources @ http-client-common <<<
[INFO] 
[INFO] 
[INFO] --- maven-source-plugin:3.2.1:jar (attach-sources) @ http-client-common ---
[INFO] Building jar: /home/srafi/after-cam-ready/compare_/compile_repair_output/work/4ac7dfe6a37d/clients/http-client-common/target/http-client-common-2.9.0-SNAPSHOT-sources.jar
[INFO] 
[INFO] >>> spotbugs-maven-plugin:4.7.3.0:check (default) > :spotbugs @ http-client-common >>>
[INFO] 
[INFO] --- spotbugs-maven-plugin:4.7.3.0:spotbugs (spotbugs) @ http-client-common ---
[INFO] 
[INFO] <<< spotbugs-maven-plugin:4.7.3.0:check (default) < :spotbugs @ http-client-common <<<
[INFO] 
[INFO] 
[INFO] --- spotbugs-maven-plugin:4.7.3.0:check (default) @ http-client-common ---
[INFO] 
[INFO] --- maven-install-plugin:3.0.1:install (default-install) @ http-client-common ---
[INFO] Installing /home/srafi/after-cam-ready/compare_/compile_repair_output/work/4ac7dfe6a37d/clients/http-client-common/pom.xml to /home/srafi/.m2/repository/org/apache/servicecomb/http-client-common/2.9.0-SNAPSHOT/http-client-common-2.9.0-SNAPSHOT.pom
[INFO] Installing /home/srafi/after-cam-ready/compare_/compile_repair_output/work/4ac7dfe6a37d/clients/http-client-common/target/http-client-common-2.9.0-SNAPSHOT.jar to /home/srafi/.m2/repository/org/apache/servicecomb/http-client-common/2.9.0-SNAPSHOT/http-client-common-2.9.0-SNAPSHOT.jar
[INFO] Installing /home/srafi/after-cam-ready/compare_/compile_repair_output/work/4ac7dfe6a37d/clients/http-client-common/target/http-client-common-2.9.0-SNAPSHOT-sources.jar to /home/srafi/.m2/repository/org/apache/servicecomb/http-client-common/2.9.0-SNAPSHOT/http-client-common-2.9.0-SNAPSHOT-sources.jar
[INFO] 
[INFO] ------------< org.apache.servicecomb:config-clients-common >------------
[INFO] Building ServiceComb::Clients::Config Common 2.9.0-SNAPSHOT      [13/14]
[INFO] --------------------------------[ jar ]---------------------------------
[INFO] 
[INFO] --- maven-clean-plugin:3.2.0:clean (default-clean) @ config-clients-common ---
[INFO] 
[INFO] --- maven-remote-resources-plugin:3.0.0:process (process-resource-bundles) @ config-clients-common ---
[INFO] Skipping remote resources execution.
[INFO] 
[INFO] --- maven-resources-plugin:3.3.0:resources (default-resources) @ config-clients-common ---
[INFO] skip non existing resourceDirectory /home/srafi/after-cam-ready/compare_/compile_repair_output/work/4ac7dfe6a37d/clients/config-common/src/main/resources
[INFO] 
[INFO] --- maven-compiler-plugin:3.10.1:compile (default-compile) @ config-clients-common ---
[INFO] Changes detected - recompiling the module!
[INFO] Compiling 3 source files to /home/srafi/after-cam-ready/compare_/compile_repair_output/work/4ac7dfe6a37d/clients/config-common/target/classes
[INFO] 
[INFO] --- maven-resources-plugin:3.3.0:testResources (default-testResources) @ config-clients-common ---
[INFO] skip non existing resourceDirectory /home/srafi/after-cam-ready/compare_/compile_repair_output/work/4ac7dfe6a37d/clients/config-common/src/test/resources
[INFO] 
[INFO] --- maven-compiler-plugin:3.10.1:testCompile (default-testCompile) @ config-clients-common ---
[INFO] Changes detected - recompiling the module!
[INFO] Compiling 1 source file to /home/srafi/after-cam-ready/compare_/compile_repair_output/work/4ac7dfe6a37d/clients/config-common/target/test-classes
[INFO] 
[INFO] --- maven-surefire-plugin:3.0.0-M8-SNAPSHOT:test (default-test) @ config-clients-common ---
[INFO] Tests are skipped.
[INFO] 
[INFO] --- maven-jar-plugin:3.3.0:jar (default-jar) @ config-clients-common ---
[INFO] Building jar: /home/srafi/after-cam-ready/compare_/compile_repair_output/work/4ac7dfe6a37d/clients/config-common/target/config-clients-common-2.9.0-SNAPSHOT.jar
[INFO] 
[INFO] --- maven-site-plugin:3.12.1:attach-descriptor (attach-descriptor) @ config-clients-common ---
[INFO] Skipping because packaging 'jar' is not pom.
[INFO] 
[INFO] >>> maven-source-plugin:3.2.1:jar (attach-sources) > generate-sources @ config-clients-common >>>
[INFO] 
[INFO] <<< maven-source-plugin:3.2.1:jar (attach-sources) < generate-sources @ config-clients-common <<<
[INFO] 
[INFO] 
[INFO] --- maven-source-plugin:3.2.1:jar (attach-sources) @ config-clients-common ---
[INFO] Building jar: /home/srafi/after-cam-ready/compare_/compile_repair_output/work/4ac7dfe6a37d/clients/config-common/target/config-clients-common-2.9.0-SNAPSHOT-sources.jar
[INFO] 
[INFO] >>> spotbugs-maven-plugin:4.7.3.0:check (default) > :spotbugs @ config-clients-common >>>
[INFO] 
[INFO] --- spotbugs-maven-plugin:4.7.3.0:spotbugs (spotbugs) @ config-clients-common ---
[INFO] 
[INFO] <<< spotbugs-maven-plugin:4.7.3.0:check (default) < :spotbugs @ config-clients-common <<<
[INFO] 
[INFO] 
[INFO] --- spotbugs-maven-plugin:4.7.3.0:check (default) @ config-clients-common ---
[INFO] 
[INFO] --- maven-install-plugin:3.0.1:install (default-install) @ config-clients-common ---
[INFO] Installing /home/srafi/after-cam-ready/compare_/compile_repair_output/work/4ac7dfe6a37d/clients/config-common/pom.xml to /home/srafi/.m2/repository/org/apache/servicecomb/config-clients-common/2.9.0-SNAPSHOT/config-clients-common-2.9.0-SNAPSHOT.pom
[INFO] Installing /home/srafi/after-cam-ready/compare_/compile_repair_output/work/4ac7dfe6a37d/clients/config-common/target/config-clients-common-2.9.0-SNAPSHOT.jar to /home/srafi/.m2/repository/org/apache/servicecomb/config-clients-common/2.9.0-SNAPSHOT/config-clients-common-2.9.0-SNAPSHOT.jar
[INFO] Installing /home/srafi/after-cam-ready/compare_/compile_repair_output/work/4ac7dfe6a37d/clients/config-common/target/config-clients-common-2.9.0-SNAPSHOT-sources.jar to /home/srafi/.m2/repository/org/apache/servicecomb/config-clients-common/2.9.0-SNAPSHOT/config-clients-common-2.9.0-SNAPSHOT-sources.jar
[INFO] 
[INFO] ------------< org.apache.servicecomb:config-center-client >-------------
[INFO] Building ServiceComb::Clients::Config Center Client 2.9.0-SNAPSHOT [14/14]
[INFO] --------------------------------[ jar ]---------------------------------
[INFO] 
[INFO] --- maven-clean-plugin:3.2.0:clean (default-clean) @ config-center-client ---
[INFO] 
[INFO] --- maven-remote-resources-plugin:3.0.0:process (process-resource-bundles) @ config-center-client ---
[INFO] Skipping remote resources execution.
[INFO] 
[INFO] --- maven-resources-plugin:3.3.0:resources (default-resources) @ config-center-client ---
[INFO] skip non existing resourceDirectory /home/srafi/after-cam-ready/compare_/compile_repair_output/work/4ac7dfe6a37d/clients/config-center-client/src/main/resources
[INFO] 
[INFO] --- maven-compiler-plugin:3.10.1:compile (default-compile) @ config-center-client ---
[INFO] Changes detected - recompiling the module!
[INFO] Compiling 7 source files to /home/srafi/after-cam-ready/compare_/compile_repair_output/work/4ac7dfe6a37d/clients/config-center-client/target/classes
[INFO] 
[INFO] --- maven-resources-plugin:3.3.0:testResources (default-testResources) @ config-center-client ---
[INFO] skip non existing resourceDirectory /home/srafi/after-cam-ready/compare_/compile_repair_output/work/4ac7dfe6a37d/clients/config-center-client/src/test/resources
[INFO] 
[INFO] --- maven-compiler-plugin:3.10.1:testCompile (default-testCompile) @ config-center-client ---
[INFO] No sources to compile
[INFO] 
[INFO] --- maven-surefire-plugin:3.0.0-M8-SNAPSHOT:test (default-test) @ config-center-client ---
[INFO] Tests are skipped.
[INFO] 
[INFO] --- maven-jar-plugin:3.3.0:jar (default-jar) @ config-center-client ---
[INFO] Building jar: /home/srafi/after-cam-ready/compare_/compile_repair_output/work/4ac7dfe6a37d/clients/config-center-client/target/config-center-client-2.9.0-SNAPSHOT.jar
[INFO] 
[INFO] --- maven-site-plugin:3.12.1:attach-descriptor (attach-descriptor) @ config-center-client ---
[INFO] Skipping because packaging 'jar' is not pom.
[INFO] 
[INFO] >>> maven-source-plugin:3.2.1:jar (attach-sources) > generate-sources @ config-center-client >>>
[INFO] 
[INFO] <<< maven-source-plugin:3.2.1:jar (attach-sources) < generate-sources @ config-center-client <<<
[INFO] 
[INFO] 
[INFO] --- maven-source-plugin:3.2.1:jar (attach-sources) @ config-center-client ---
[INFO] Building jar: /home/srafi/after-cam-ready/compare_/compile_repair_output/work/4ac7dfe6a37d/clients/config-center-client/target/config-center-client-2.9.0-SNAPSHOT-sources.jar
[INFO] 
[INFO] >>> spotbugs-maven-plugin:4.7.3.0:check (default) > :spotbugs @ config-center-client >>>
[INFO] 
[INFO] --- spotbugs-maven-plugin:4.7.3.0:spotbugs (spotbugs) @ config-center-client ---
[INFO] 
[INFO] <<< spotbugs-maven-plugin:4.7.3.0:check (default) < :spotbugs @ config-center-client <<<
[INFO] 
[INFO] 
[INFO] --- spotbugs-maven-plugin:4.7.3.0:check (default) @ config-center-client ---
[INFO] 
[INFO] --- maven-install-plugin:3.0.1:install (default-install) @ config-center-client ---
[INFO] Installing /home/srafi/after-cam-ready/compare_/compile_repair_output/work/4ac7dfe6a37d/clients/config-center-client/pom.xml to /home/srafi/.m2/repository/org/apache/servicecomb/config-center-client/2.9.0-SNAPSHOT/config-center-client-2.9.0-SNAPSHOT.pom
[INFO] Installing /home/srafi/after-cam-ready/compare_/compile_repair_output/work/4ac7dfe6a37d/clients/config-center-client/target/config-center-client-2.9.0-SNAPSHOT.jar to /home/srafi/.m2/repository/org/apache/servicecomb/config-center-client/2.9.0-SNAPSHOT/config-center-client-2.9.0-SNAPSHOT.jar
[INFO] Installing /home/srafi/after-cam-ready/compare_/compile_repair_output/work/4ac7dfe6a37d/clients/config-center-client/target/config-center-client-2.9.0-SNAPSHOT-sources.jar to /home/srafi/.m2/repository/org/apache/servicecomb/config-center-client/2.9.0-SNAPSHOT/config-center-client-2.9.0-SNAPSHOT-sources.jar
[INFO] ------------------------------------------------------------------------
[INFO] Reactor Summary for ServiceComb Java Chassis 2.9.0-SNAPSHOT:
[INFO] 
[INFO] ServiceComb Java Chassis ........................... SUCCESS [  1.217 s]
[INFO] Java Chassis::Dependencies ......................... SUCCESS [  0.011 s]
[INFO] Java Chassis::Dependencies::Default ................ SUCCESS [  0.011 s]
[INFO] Java Chassis::Parent::Default ...................... SUCCESS [  0.107 s]
[INFO] Java Chassis::Foundations .......................... SUCCESS [  0.012 s]
[INFO] Java Chassis::Foundations::SSL ..................... SUCCESS [  3.826 s]
[INFO] Java Chassis::Foundations::Test Scaffolding ........ SUCCESS [  0.263 s]
[INFO] Java Chassis::Foundations::Common .................. SUCCESS [  0.893 s]
[INFO] Java Chassis::Foundations::Config .................. SUCCESS [  0.330 s]
[INFO] Java Chassis::Foundations::SSL ..................... SUCCESS [  0.169 s]
[INFO] ServiceComb::Client ................................ SUCCESS [  0.010 s]
[INFO] ServiceComb::Clients::HTTP Client Common ........... SUCCESS [  0.242 s]
[INFO] ServiceComb::Clients::Config Common ................ SUCCESS [  0.060 s]
[INFO] ServiceComb::Clients::Config Center Client ......... SUCCESS [  0.050 s]
[INFO] ------------------------------------------------------------------------
[INFO] BUILD SUCCESS
[INFO] ------------------------------------------------------------------------
[INFO] Total time:  8.202 s
[INFO] Finished at: 2026-08-15T16:01:38-04:00
[INFO] ------------------------------------------------------------------------
