JAVA_HOME=/usr/lib/jvm/java-8-openjdk-amd64
COMMAND=mvn -B clean install -DskipTests -U -pl cloudslang-runtime -am -Ddependency-check.skip=true -Dgpg.skip=true -DfailIfNoTests=false -Dskip.installnodenpm=true -Dskip.npm=true -Dskip.yarn=true -Dlicense.skip=true -Dcheckstyle.skip=true -Drat.skip=true -Denforcer.skip=true -Danimal.sniffer.skip=true -Dmaven.javadoc.skip=true -Dfindbugs.skip=true -Dspotbugs.skip=true -Dwarbucks.skip=true -Dmodernizer.skip=true -Dimpsort.skip=true -Dmdep.analyze.skip=true -Dpgpverify.skip=true -Dxml.skip=true -Dcobertura.skip=true

[INFO] Scanning for projects...
[WARNING] 
[WARNING] Some problems were encountered while building the effective model for io.cloudslang.lang:cloudslang-spi:jar:2.0.31-SNAPSHOT
[WARNING] 'build.plugins.plugin.version' for org.owasp:dependency-check-maven is missing. @ line 59, column 21
[WARNING] 
[WARNING] Some problems were encountered while building the effective model for io.cloudslang.lang:cloudslang-runtime:jar:2.0.31-SNAPSHOT
[WARNING] 'build.plugins.plugin.version' for org.owasp:dependency-check-maven is missing. @ line 198, column 21
[WARNING] The expression ${parent.version} is deprecated. Please use ${project.parent.version} instead.
[WARNING] 
[WARNING] Some problems were encountered while building the effective model for io.cloudslang.lang:cloudslang-compiler:jar:2.0.31-SNAPSHOT
[WARNING] 'build.plugins.plugin.version' for org.owasp:dependency-check-maven is missing. @ line 166, column 21
[WARNING] 
[WARNING] Some problems were encountered while building the effective model for io.cloudslang.lang:cloudslang-entities:jar:2.0.31-SNAPSHOT
[WARNING] 'build.plugins.plugin.version' for org.owasp:dependency-check-maven is missing. @ line 152, column 21
[WARNING] 
[WARNING] Some problems were encountered while building the effective model for io.cloudslang.lang:cloudslang-all:jar:2.0.31-SNAPSHOT
[WARNING] 'build.plugins.plugin.version' for org.owasp:dependency-check-maven is missing. @ line 128, column 21
[WARNING] 
[WARNING] Some problems were encountered while building the effective model for io.cloudslang.lang:cloudslang-content-verifier:jar:2.0.31-SNAPSHOT
[WARNING] 'build.plugins.plugin.version' for org.owasp:dependency-check-maven is missing. @ line 295, column 21
[WARNING] 
[WARNING] Some problems were encountered while building the effective model for io.cloudslang.lang:cloudslang-content-maven-compiler:jar:2.0.31-SNAPSHOT
[WARNING] 'build.plugins.plugin.version' for org.codehaus.plexus:plexus-component-metadata is missing. @ line 78, column 21
[WARNING] 'build.plugins.plugin.version' for org.owasp:dependency-check-maven is missing. @ line 137, column 21
[WARNING] 
[WARNING] Some problems were encountered while building the effective model for io.cloudslang.lang:cloudslang-api-commons:jar:2.0.31-SNAPSHOT
[WARNING] 'build.plugins.plugin.version' for org.owasp:dependency-check-maven is missing. @ line 120, column 21
[WARNING] 
[WARNING] Some problems were encountered while building the effective model for io.cloudslang.lang:cloudslang-commons:jar:2.0.31-SNAPSHOT
[WARNING] 'build.plugins.plugin.version' for org.owasp:dependency-check-maven is missing. @ line 84, column 21
[WARNING] 
[WARNING] Some problems were encountered while building the effective model for io.cloudslang.lang:cloudslang-enforcer:jar:2.0.31-SNAPSHOT
[WARNING] 'dependencies.dependency.(groupId:artifactId:type:classifier)' must be unique: commons-io:commons-io:jar -> duplicate declaration of version (?) @ line 123, column 21
[WARNING] 
[WARNING] It is highly recommended to fix these problems because they threaten the stability of your build.
[WARNING] 
[WARNING] For this reason, future Maven versions might no longer support building such malformed projects.
[WARNING] 
Warning: KebabPizza disabling incompatible org.apache.maven.plugins:maven-enforcer-plugin from cloudslang
Warning: KebabPizza disabling incompatible org.apache.maven.plugins:maven-enforcer-plugin from cloudslang-enforcer
Warning: KebabPizza disabling incompatible com.mycila:license-maven-plugin from cloudslang-enforcer
Warning: KebabPizza disabling incompatible com.mycila:license-maven-plugin from cloudslang-spi
Warning: KebabPizza disabling incompatible org.apache.maven.plugins:maven-enforcer-plugin from cloudslang-spi
Warning: KebabPizza disabling incompatible com.mycila:license-maven-plugin from cloudslang-entities
Warning: KebabPizza disabling incompatible org.apache.maven.plugins:maven-enforcer-plugin from cloudslang-entities
Warning: KebabPizza disabling incompatible org.apache.maven.plugins:maven-enforcer-plugin from cloudslang-commons
Warning: KebabPizza disabling incompatible com.mycila:license-maven-plugin from cloudslang-commons
Warning: KebabPizza disabling incompatible com.mycila:license-maven-plugin from cloudslang-compiler
Warning: KebabPizza disabling incompatible org.apache.maven.plugins:maven-enforcer-plugin from cloudslang-compiler
Warning: KebabPizza disabling incompatible org.apache.maven.plugins:maven-enforcer-plugin from cloudslang-runtime
Warning: KebabPizza disabling incompatible com.mycila:license-maven-plugin from cloudslang-runtime
[INFO] ------------------------------------------------------------------------
[INFO] Reactor Build Order:
[INFO] 
[INFO] io.cloudslang.lang:cloudslang                                      [pom]
[INFO] cloudslang-enforcer                                                [jar]
[INFO] cloudslang-spi                                                     [jar]
[INFO] cloudslang-entities                                                [jar]
[INFO] cloudslang-commons                                                 [jar]
[INFO] cloudslang-compiler                                                [jar]
[INFO] cloudslang-runtime                                                 [jar]
[INFO] 
[INFO] -------------------< io.cloudslang.lang:cloudslang >--------------------
[INFO] Building io.cloudslang.lang:cloudslang 2.0.31-SNAPSHOT             [1/7]
[INFO] --------------------------------[ pom ]---------------------------------
[INFO] 
[INFO] --- maven-clean-plugin:3.1.0:clean (default-clean) @ cloudslang ---
[INFO] 
[INFO] --- maven-install-plugin:3.0.0-M1:install (default-install) @ cloudslang ---
[INFO] Installing /home/srafi/after-cam-ready/compare_/compile_repair_output/work/70537dbed066/pom.xml to /home/srafi/.m2/repository/io/cloudslang/lang/cloudslang/2.0.31-SNAPSHOT/cloudslang-2.0.31-SNAPSHOT.pom
[INFO] 
[INFO] ---------------< io.cloudslang.lang:cloudslang-enforcer >---------------
[INFO] Building cloudslang-enforcer 2.0.31-SNAPSHOT                       [2/7]
[INFO] --------------------------------[ jar ]---------------------------------
[INFO] 
[INFO] --- maven-clean-plugin:3.1.0:clean (default-clean) @ cloudslang-enforcer ---
[INFO] 
[INFO] --- maven-checkstyle-plugin:2.17:check (checkstyle-for-java-sources) @ cloudslang-enforcer ---
[INFO] 
[INFO] --- maven-resources-plugin:3.2.0:resources (default-resources) @ cloudslang-enforcer ---
[INFO] Using 'UTF-8' encoding to copy filtered resources.
[INFO] Using 'UTF-8' encoding to copy filtered properties files.
[INFO] skip non existing resourceDirectory /home/srafi/after-cam-ready/compare_/compile_repair_output/work/70537dbed066/cloudslang-enforcer/src/main/resources
[INFO] 
[INFO] --- maven-compiler-plugin:3.8.1:compile (default-compile) @ cloudslang-enforcer ---
[INFO] Changes detected - recompiling the module!
[INFO] Compiling 1 source file to /home/srafi/after-cam-ready/compare_/compile_repair_output/work/70537dbed066/cloudslang-enforcer/target/classes
[INFO] 
[INFO] --- maven-resources-plugin:3.2.0:testResources (default-testResources) @ cloudslang-enforcer ---
[INFO] Using 'UTF-8' encoding to copy filtered resources.
[INFO] Using 'UTF-8' encoding to copy filtered properties files.
[INFO] skip non existing resourceDirectory /home/srafi/after-cam-ready/compare_/compile_repair_output/work/70537dbed066/cloudslang-enforcer/src/test/resources
[INFO] 
[INFO] --- maven-compiler-plugin:3.8.1:testCompile (default-testCompile) @ cloudslang-enforcer ---
[INFO] No sources to compile
[INFO] 
[INFO] --- maven-surefire-plugin:3.0.0-M8-SNAPSHOT:test (default-test) @ cloudslang-enforcer ---
[INFO] Downloading from apache.snapshots: https://repository.apache.org/snapshots/org/apache/maven/surefire/maven-surefire-common/3.0.0-M8-SNAPSHOT/maven-metadata.xml
[INFO] Downloading from apache.snapshots: https://repository.apache.org/snapshots/org/apache/maven/surefire/surefire-api/3.0.0-M8-SNAPSHOT/maven-metadata.xml
[INFO] Downloading from apache.snapshots: https://repository.apache.org/snapshots/org/apache/maven/surefire/surefire-logger-api/3.0.0-M8-SNAPSHOT/maven-metadata.xml
[INFO] Downloading from apache.snapshots: https://repository.apache.org/snapshots/org/apache/maven/surefire/surefire-shared-utils/3.0.0-M8-SNAPSHOT/maven-metadata.xml
[INFO] Downloading from apache.snapshots: https://repository.apache.org/snapshots/org/apache/maven/surefire/surefire-extensions-api/3.0.0-M8-SNAPSHOT/maven-metadata.xml
[INFO] Downloading from apache.snapshots: https://repository.apache.org/snapshots/org/apache/maven/surefire/surefire-booter/3.0.0-M8-SNAPSHOT/maven-metadata.xml
[INFO] Downloading from apache.snapshots: https://repository.apache.org/snapshots/org/apache/maven/surefire/surefire-extensions-spi/3.0.0-M8-SNAPSHOT/maven-metadata.xml
[INFO] Tests are skipped.
[INFO] 
[INFO] --- maven-jar-plugin:3.2.0:jar (default-jar) @ cloudslang-enforcer ---
[INFO] Building jar: /home/srafi/after-cam-ready/compare_/compile_repair_output/work/70537dbed066/cloudslang-enforcer/target/cloudslang-enforcer-2.0.31-SNAPSHOT.jar
[INFO] 
[INFO] --- maven-javadoc-plugin:3.2.0:jar (attach-javadocs) @ cloudslang-enforcer ---
[INFO] Skipping javadoc generation
[INFO] 
[INFO] --- maven-source-plugin:3.2.0:jar-no-fork (attach-sources) @ cloudslang-enforcer ---
[INFO] Building jar: /home/srafi/after-cam-ready/compare_/compile_repair_output/work/70537dbed066/cloudslang-enforcer/target/cloudslang-enforcer-2.0.31-SNAPSHOT-sources.jar
[INFO] 
[INFO] --- maven-dependency-plugin:3.1.2:analyze-only (analyze dependencies) @ cloudslang-enforcer ---
[INFO] Skipping plugin execution
[INFO] 
[INFO] --- maven-install-plugin:3.0.0-M1:install (default-install) @ cloudslang-enforcer ---
[INFO] Installing /home/srafi/after-cam-ready/compare_/compile_repair_output/work/70537dbed066/cloudslang-enforcer/target/cloudslang-enforcer-2.0.31-SNAPSHOT.jar to /home/srafi/.m2/repository/io/cloudslang/lang/cloudslang-enforcer/2.0.31-SNAPSHOT/cloudslang-enforcer-2.0.31-SNAPSHOT.jar
[INFO] Installing /home/srafi/after-cam-ready/compare_/compile_repair_output/work/70537dbed066/cloudslang-enforcer/pom.xml to /home/srafi/.m2/repository/io/cloudslang/lang/cloudslang-enforcer/2.0.31-SNAPSHOT/cloudslang-enforcer-2.0.31-SNAPSHOT.pom
[INFO] Installing /home/srafi/after-cam-ready/compare_/compile_repair_output/work/70537dbed066/cloudslang-enforcer/target/cloudslang-enforcer-2.0.31-SNAPSHOT-sources.jar to /home/srafi/.m2/repository/io/cloudslang/lang/cloudslang-enforcer/2.0.31-SNAPSHOT/cloudslang-enforcer-2.0.31-SNAPSHOT-sources.jar
[INFO] 
[INFO] -----------------< io.cloudslang.lang:cloudslang-spi >------------------
[INFO] Building cloudslang-spi 2.0.31-SNAPSHOT                            [3/7]
[INFO] --------------------------------[ jar ]---------------------------------
[INFO] Downloading from central: https://repo.maven.apache.org/maven2/org/owasp/dependency-check-maven/maven-metadata.xml
[INFO] Downloaded from central: https://repo.maven.apache.org/maven2/org/owasp/dependency-check-maven/maven-metadata.xml (5.6 kB at 63 kB/s)
[INFO] Downloading from central: https://repo.maven.apache.org/maven2/org/owasp/dependency-check-maven/13.0.0/dependency-check-maven-13.0.0.pom
[INFO] Downloaded from central: https://repo.maven.apache.org/maven2/org/owasp/dependency-check-maven/13.0.0/dependency-check-maven-13.0.0.pom (13 kB at 381 kB/s)
[INFO] Downloading from central: https://repo.maven.apache.org/maven2/org/owasp/dependency-check-parent/13.0.0/dependency-check-parent-13.0.0.pom
[INFO] Downloaded from central: https://repo.maven.apache.org/maven2/org/owasp/dependency-check-parent/13.0.0/dependency-check-parent-13.0.0.pom (59 kB at 1.9 MB/s)
[INFO] Downloading from central: https://repo.maven.apache.org/maven2/org/junit/junit-bom/5.14.4/junit-bom-5.14.4.pom
[INFO] Downloaded from central: https://repo.maven.apache.org/maven2/org/junit/junit-bom/5.14.4/junit-bom-5.14.4.pom (5.7 kB at 189 kB/s)
[INFO] Downloading from central: https://repo.maven.apache.org/maven2/org/owasp/dependency-check-maven/13.0.0/dependency-check-maven-13.0.0.jar
[INFO] Downloaded from central: https://repo.maven.apache.org/maven2/org/owasp/dependency-check-maven/13.0.0/dependency-check-maven-13.0.0.jar (128 kB at 3.2 MB/s)
[INFO] Downloading from central: https://repo.maven.apache.org/maven2/org/owasp/dependency-check-maven/12.2.2/dependency-check-maven-12.2.2.pom
[INFO] Downloaded from central: https://repo.maven.apache.org/maven2/org/owasp/dependency-check-maven/12.2.2/dependency-check-maven-12.2.2.pom (14 kB at 416 kB/s)
[INFO] Downloading from central: https://repo.maven.apache.org/maven2/org/owasp/dependency-check-parent/12.2.2/dependency-check-parent-12.2.2.pom
[INFO] Downloaded from central: https://repo.maven.apache.org/maven2/org/owasp/dependency-check-parent/12.2.2/dependency-check-parent-12.2.2.pom (59 kB at 1.9 MB/s)
[INFO] Downloading from central: https://repo.maven.apache.org/maven2/org/owasp/dependency-check-maven/12.2.2/dependency-check-maven-12.2.2.jar
[INFO] Downloaded from central: https://repo.maven.apache.org/maven2/org/owasp/dependency-check-maven/12.2.2/dependency-check-maven-12.2.2.jar (130 kB at 4.0 MB/s)
[INFO] 
[INFO] --- maven-clean-plugin:3.1.0:clean (default-clean) @ cloudslang-spi ---
[INFO] 
[INFO] --- maven-checkstyle-plugin:2.17:check (checkstyle-for-java-sources) @ cloudslang-spi ---
[INFO] 
[INFO] --- maven-resources-plugin:3.2.0:resources (default-resources) @ cloudslang-spi ---
[INFO] Using 'UTF-8' encoding to copy filtered resources.
[INFO] Using 'UTF-8' encoding to copy filtered properties files.
[INFO] skip non existing resourceDirectory /home/srafi/after-cam-ready/compare_/compile_repair_output/work/70537dbed066/cloudslang-spi/src/main/resources
[INFO] 
[INFO] --- maven-compiler-plugin:3.8.1:compile (default-compile) @ cloudslang-spi ---
[INFO] Changes detected - recompiling the module!
[INFO] Compiling 1 source file to /home/srafi/after-cam-ready/compare_/compile_repair_output/work/70537dbed066/cloudslang-spi/target/classes
[INFO] 
[INFO] --- maven-resources-plugin:3.2.0:testResources (default-testResources) @ cloudslang-spi ---
[INFO] Using 'UTF-8' encoding to copy filtered resources.
[INFO] Using 'UTF-8' encoding to copy filtered properties files.
[INFO] skip non existing resourceDirectory /home/srafi/after-cam-ready/compare_/compile_repair_output/work/70537dbed066/cloudslang-spi/src/test/resources
[INFO] 
[INFO] --- maven-compiler-plugin:3.8.1:testCompile (default-testCompile) @ cloudslang-spi ---
[INFO] No sources to compile
[INFO] 
[INFO] --- maven-surefire-plugin:3.0.0-M8-SNAPSHOT:test (default-test) @ cloudslang-spi ---
[INFO] Tests are skipped.
[INFO] 
[INFO] --- maven-jar-plugin:3.2.0:jar (default-jar) @ cloudslang-spi ---
[INFO] Building jar: /home/srafi/after-cam-ready/compare_/compile_repair_output/work/70537dbed066/cloudslang-spi/target/cloudslang-spi-2.0.31-SNAPSHOT.jar
[INFO] 
[INFO] --- maven-javadoc-plugin:3.2.0:jar (attach-javadocs) @ cloudslang-spi ---
[INFO] Skipping javadoc generation
[INFO] 
[INFO] --- maven-source-plugin:3.2.0:jar-no-fork (attach-sources) @ cloudslang-spi ---
[INFO] Building jar: /home/srafi/after-cam-ready/compare_/compile_repair_output/work/70537dbed066/cloudslang-spi/target/cloudslang-spi-2.0.31-SNAPSHOT-sources.jar
[INFO] 
[INFO] --- maven-dependency-plugin:3.1.2:analyze-only (analyze dependencies) @ cloudslang-spi ---
[INFO] Skipping plugin execution
[INFO] 
[INFO] --- maven-install-plugin:3.0.0-M1:install (default-install) @ cloudslang-spi ---
[INFO] Installing /home/srafi/after-cam-ready/compare_/compile_repair_output/work/70537dbed066/cloudslang-spi/target/cloudslang-spi-2.0.31-SNAPSHOT.jar to /home/srafi/.m2/repository/io/cloudslang/lang/cloudslang-spi/2.0.31-SNAPSHOT/cloudslang-spi-2.0.31-SNAPSHOT.jar
[INFO] Installing /home/srafi/after-cam-ready/compare_/compile_repair_output/work/70537dbed066/cloudslang-spi/pom.xml to /home/srafi/.m2/repository/io/cloudslang/lang/cloudslang-spi/2.0.31-SNAPSHOT/cloudslang-spi-2.0.31-SNAPSHOT.pom
[INFO] Installing /home/srafi/after-cam-ready/compare_/compile_repair_output/work/70537dbed066/cloudslang-spi/target/cloudslang-spi-2.0.31-SNAPSHOT-sources.jar to /home/srafi/.m2/repository/io/cloudslang/lang/cloudslang-spi/2.0.31-SNAPSHOT/cloudslang-spi-2.0.31-SNAPSHOT-sources.jar
[INFO] 
[INFO] ---------------< io.cloudslang.lang:cloudslang-entities >---------------
[INFO] Building cloudslang-entities 2.0.31-SNAPSHOT                       [4/7]
[INFO] --------------------------------[ jar ]---------------------------------
[INFO] Downloading from central: https://repo.maven.apache.org/maven2/io/cloudslang/score-api/0.3.262/score-api-0.3.262.pom
[INFO] Downloaded from central: https://repo.maven.apache.org/maven2/io/cloudslang/score-api/0.3.262/score-api-0.3.262.pom (2.0 kB at 4.2 kB/s)
[INFO] Downloading from central: https://repo.maven.apache.org/maven2/io/cloudslang/score-parent/0.3.262/score-parent-0.3.262.pom
[INFO] Downloaded from central: https://repo.maven.apache.org/maven2/io/cloudslang/score-parent/0.3.262/score-parent-0.3.262.pom (27 kB at 56 kB/s)
[INFO] Downloading from central: https://repo.maven.apache.org/maven2/io/cloudslang/score-api/0.3.262/score-api-0.3.262.jar
[INFO] Downloaded from central: https://repo.maven.apache.org/maven2/io/cloudslang/score-api/0.3.262/score-api-0.3.262.jar (35 kB at 73 kB/s)
[INFO] 
[INFO] --- maven-clean-plugin:3.1.0:clean (default-clean) @ cloudslang-entities ---
[INFO] 
[INFO] --- maven-checkstyle-plugin:2.17:check (checkstyle-for-java-sources) @ cloudslang-entities ---
[INFO] 
[INFO] --- maven-resources-plugin:3.2.0:resources (default-resources) @ cloudslang-entities ---
[INFO] Using 'UTF-8' encoding to copy filtered resources.
[INFO] Using 'UTF-8' encoding to copy filtered properties files.
[INFO] skip non existing resourceDirectory /home/srafi/after-cam-ready/compare_/compile_repair_output/work/70537dbed066/cloudslang-entities/src/main/resources
[INFO] 
[INFO] --- maven-compiler-plugin:3.8.1:compile (default-compile) @ cloudslang-entities ---
[INFO] Changes detected - recompiling the module!
[INFO] Compiling 47 source files to /home/srafi/after-cam-ready/compare_/compile_repair_output/work/70537dbed066/cloudslang-entities/target/classes
[INFO] 
[INFO] --- maven-resources-plugin:3.2.0:testResources (default-testResources) @ cloudslang-entities ---
[INFO] Using 'UTF-8' encoding to copy filtered resources.
[INFO] Using 'UTF-8' encoding to copy filtered properties files.
[INFO] skip non existing resourceDirectory /home/srafi/after-cam-ready/compare_/compile_repair_output/work/70537dbed066/cloudslang-entities/src/test/resources
[INFO] 
[INFO] --- maven-compiler-plugin:3.8.1:testCompile (default-testCompile) @ cloudslang-entities ---
[INFO] Changes detected - recompiling the module!
[INFO] Compiling 7 source files to /home/srafi/after-cam-ready/compare_/compile_repair_output/work/70537dbed066/cloudslang-entities/target/test-classes
[INFO] /home/srafi/after-cam-ready/compare_/compile_repair_output/work/70537dbed066/cloudslang-entities/src/test/java/io/cloudslang/lang/entities/utils/SetUtilsTest.java: Some input files use or override a deprecated API.
[INFO] /home/srafi/after-cam-ready/compare_/compile_repair_output/work/70537dbed066/cloudslang-entities/src/test/java/io/cloudslang/lang/entities/utils/SetUtilsTest.java: Recompile with -Xlint:deprecation for details.
[INFO] 
[INFO] --- maven-surefire-plugin:3.0.0-M8-SNAPSHOT:test (default-test) @ cloudslang-entities ---
[INFO] Tests are skipped.
[INFO] 
[INFO] --- maven-jar-plugin:3.2.0:jar (default-jar) @ cloudslang-entities ---
[INFO] Building jar: /home/srafi/after-cam-ready/compare_/compile_repair_output/work/70537dbed066/cloudslang-entities/target/cloudslang-entities-2.0.31-SNAPSHOT.jar
[INFO] 
[INFO] --- maven-javadoc-plugin:3.2.0:jar (attach-javadocs) @ cloudslang-entities ---
[INFO] Skipping javadoc generation
[INFO] 
[INFO] --- maven-source-plugin:3.2.0:jar-no-fork (attach-sources) @ cloudslang-entities ---
[INFO] Building jar: /home/srafi/after-cam-ready/compare_/compile_repair_output/work/70537dbed066/cloudslang-entities/target/cloudslang-entities-2.0.31-SNAPSHOT-sources.jar
[INFO] 
[INFO] --- maven-dependency-plugin:3.1.2:analyze-only (analyze dependencies) @ cloudslang-entities ---
[INFO] Skipping plugin execution
[INFO] 
[INFO] --- maven-install-plugin:3.0.0-M1:install (default-install) @ cloudslang-entities ---
[INFO] Installing /home/srafi/after-cam-ready/compare_/compile_repair_output/work/70537dbed066/cloudslang-entities/target/cloudslang-entities-2.0.31-SNAPSHOT.jar to /home/srafi/.m2/repository/io/cloudslang/lang/cloudslang-entities/2.0.31-SNAPSHOT/cloudslang-entities-2.0.31-SNAPSHOT.jar
[INFO] Installing /home/srafi/after-cam-ready/compare_/compile_repair_output/work/70537dbed066/cloudslang-entities/pom.xml to /home/srafi/.m2/repository/io/cloudslang/lang/cloudslang-entities/2.0.31-SNAPSHOT/cloudslang-entities-2.0.31-SNAPSHOT.pom
[INFO] Installing /home/srafi/after-cam-ready/compare_/compile_repair_output/work/70537dbed066/cloudslang-entities/target/cloudslang-entities-2.0.31-SNAPSHOT-sources.jar to /home/srafi/.m2/repository/io/cloudslang/lang/cloudslang-entities/2.0.31-SNAPSHOT/cloudslang-entities-2.0.31-SNAPSHOT-sources.jar
[INFO] 
[INFO] ---------------< io.cloudslang.lang:cloudslang-commons >----------------
[INFO] Building cloudslang-commons 2.0.31-SNAPSHOT                        [5/7]
[INFO] --------------------------------[ jar ]---------------------------------
[INFO] 
[INFO] --- maven-clean-plugin:3.1.0:clean (default-clean) @ cloudslang-commons ---
[INFO] 
[INFO] --- maven-checkstyle-plugin:2.17:check (checkstyle-for-java-sources) @ cloudslang-commons ---
[INFO] 
[INFO] --- maven-resources-plugin:3.2.0:resources (default-resources) @ cloudslang-commons ---
[INFO] Using 'UTF-8' encoding to copy filtered resources.
[INFO] Using 'UTF-8' encoding to copy filtered properties files.
[INFO] skip non existing resourceDirectory /home/srafi/after-cam-ready/compare_/compile_repair_output/work/70537dbed066/cloudslang-commons/src/main/resources
[INFO] 
[INFO] --- maven-compiler-plugin:3.8.1:compile (default-compile) @ cloudslang-commons ---
[INFO] Changes detected - recompiling the module!
[INFO] Compiling 3 source files to /home/srafi/after-cam-ready/compare_/compile_repair_output/work/70537dbed066/cloudslang-commons/target/classes
[INFO] 
[INFO] --- maven-resources-plugin:3.2.0:testResources (default-testResources) @ cloudslang-commons ---
[INFO] Using 'UTF-8' encoding to copy filtered resources.
[INFO] Using 'UTF-8' encoding to copy filtered properties files.
[INFO] skip non existing resourceDirectory /home/srafi/after-cam-ready/compare_/compile_repair_output/work/70537dbed066/cloudslang-commons/src/test/resources
[INFO] 
[INFO] --- maven-compiler-plugin:3.8.1:testCompile (default-testCompile) @ cloudslang-commons ---
[INFO] Changes detected - recompiling the module!
[INFO] Compiling 2 source files to /home/srafi/after-cam-ready/compare_/compile_repair_output/work/70537dbed066/cloudslang-commons/target/test-classes
[INFO] 
[INFO] --- maven-surefire-plugin:3.0.0-M8-SNAPSHOT:test (default-test) @ cloudslang-commons ---
[INFO] Tests are skipped.
[INFO] 
[INFO] --- maven-jar-plugin:3.2.0:jar (default-jar) @ cloudslang-commons ---
[INFO] Building jar: /home/srafi/after-cam-ready/compare_/compile_repair_output/work/70537dbed066/cloudslang-commons/target/cloudslang-commons-2.0.31-SNAPSHOT.jar
[INFO] 
[INFO] --- maven-jar-plugin:3.2.0:test-jar (default) @ cloudslang-commons ---
[INFO] Building jar: /home/srafi/after-cam-ready/compare_/compile_repair_output/work/70537dbed066/cloudslang-commons/target/cloudslang-commons-2.0.31-SNAPSHOT-tests.jar
[INFO] 
[INFO] --- maven-javadoc-plugin:3.2.0:jar (attach-javadocs) @ cloudslang-commons ---
[INFO] Skipping javadoc generation
[INFO] 
[INFO] --- maven-source-plugin:3.2.0:jar-no-fork (attach-sources) @ cloudslang-commons ---
[INFO] Building jar: /home/srafi/after-cam-ready/compare_/compile_repair_output/work/70537dbed066/cloudslang-commons/target/cloudslang-commons-2.0.31-SNAPSHOT-sources.jar
[INFO] 
[INFO] --- maven-dependency-plugin:3.1.2:analyze-only (analyze dependencies) @ cloudslang-commons ---
[INFO] Skipping plugin execution
[INFO] 
[INFO] --- maven-install-plugin:3.0.0-M1:install (default-install) @ cloudslang-commons ---
[INFO] Installing /home/srafi/after-cam-ready/compare_/compile_repair_output/work/70537dbed066/cloudslang-commons/target/cloudslang-commons-2.0.31-SNAPSHOT.jar to /home/srafi/.m2/repository/io/cloudslang/lang/cloudslang-commons/2.0.31-SNAPSHOT/cloudslang-commons-2.0.31-SNAPSHOT.jar
[INFO] Installing /home/srafi/after-cam-ready/compare_/compile_repair_output/work/70537dbed066/cloudslang-commons/pom.xml to /home/srafi/.m2/repository/io/cloudslang/lang/cloudslang-commons/2.0.31-SNAPSHOT/cloudslang-commons-2.0.31-SNAPSHOT.pom
[INFO] Installing /home/srafi/after-cam-ready/compare_/compile_repair_output/work/70537dbed066/cloudslang-commons/target/cloudslang-commons-2.0.31-SNAPSHOT-tests.jar to /home/srafi/.m2/repository/io/cloudslang/lang/cloudslang-commons/2.0.31-SNAPSHOT/cloudslang-commons-2.0.31-SNAPSHOT-tests.jar
[INFO] Installing /home/srafi/after-cam-ready/compare_/compile_repair_output/work/70537dbed066/cloudslang-commons/target/cloudslang-commons-2.0.31-SNAPSHOT-sources.jar to /home/srafi/.m2/repository/io/cloudslang/lang/cloudslang-commons/2.0.31-SNAPSHOT/cloudslang-commons-2.0.31-SNAPSHOT-sources.jar
[INFO] 
[INFO] ---------------< io.cloudslang.lang:cloudslang-compiler >---------------
[INFO] Building cloudslang-compiler 2.0.31-SNAPSHOT                       [6/7]
[INFO] --------------------------------[ jar ]---------------------------------
[INFO] 
[INFO] --- maven-clean-plugin:3.1.0:clean (default-clean) @ cloudslang-compiler ---
[INFO] 
[INFO] --- maven-checkstyle-plugin:2.17:check (checkstyle-for-java-sources) @ cloudslang-compiler ---
[INFO] 
[INFO] --- maven-resources-plugin:3.2.0:resources (default-resources) @ cloudslang-compiler ---
[INFO] Using 'UTF-8' encoding to copy filtered resources.
[INFO] Using 'UTF-8' encoding to copy filtered properties files.
[INFO] skip non existing resourceDirectory /home/srafi/after-cam-ready/compare_/compile_repair_output/work/70537dbed066/cloudslang-compiler/src/main/resources
[INFO] 
[INFO] --- maven-compiler-plugin:3.8.1:compile (default-compile) @ cloudslang-compiler ---
[INFO] Changes detected - recompiling the module!
[INFO] Compiling 109 source files to /home/srafi/after-cam-ready/compare_/compile_repair_output/work/70537dbed066/cloudslang-compiler/target/classes
[INFO] /home/srafi/after-cam-ready/compare_/compile_repair_output/work/70537dbed066/cloudslang-compiler/src/main/java/io/cloudslang/lang/compiler/modeller/transformers/DoTransformer.java: Some input files use unchecked or unsafe operations.
[INFO] /home/srafi/after-cam-ready/compare_/compile_repair_output/work/70537dbed066/cloudslang-compiler/src/main/java/io/cloudslang/lang/compiler/modeller/transformers/DoTransformer.java: Recompile with -Xlint:unchecked for details.
[INFO] 
[INFO] --- maven-resources-plugin:3.2.0:testResources (default-testResources) @ cloudslang-compiler ---
[INFO] Using 'UTF-8' encoding to copy filtered resources.
[INFO] Using 'UTF-8' encoding to copy filtered properties files.
[INFO] Copying 309 resources
[INFO] 
[INFO] --- maven-compiler-plugin:3.8.1:testCompile (default-testCompile) @ cloudslang-compiler ---
[INFO] Changes detected - recompiling the module!
[INFO] Compiling 56 source files to /home/srafi/after-cam-ready/compare_/compile_repair_output/work/70537dbed066/cloudslang-compiler/target/test-classes
[INFO] /home/srafi/after-cam-ready/compare_/compile_repair_output/work/70537dbed066/cloudslang-compiler/src/test/java/io/cloudslang/lang/compiler/SystemPropertiesHelperTest.java: Some input files use or override a deprecated API.
[INFO] /home/srafi/after-cam-ready/compare_/compile_repair_output/work/70537dbed066/cloudslang-compiler/src/test/java/io/cloudslang/lang/compiler/SystemPropertiesHelperTest.java: Recompile with -Xlint:deprecation for details.
[INFO] /home/srafi/after-cam-ready/compare_/compile_repair_output/work/70537dbed066/cloudslang-compiler/src/test/java/io/cloudslang/lang/compiler/SystemPropertiesHelperTest.java: Some input files use unchecked or unsafe operations.
[INFO] /home/srafi/after-cam-ready/compare_/compile_repair_output/work/70537dbed066/cloudslang-compiler/src/test/java/io/cloudslang/lang/compiler/SystemPropertiesHelperTest.java: Recompile with -Xlint:unchecked for details.
[INFO] 
[INFO] --- maven-surefire-plugin:3.0.0-M8-SNAPSHOT:test (default-test) @ cloudslang-compiler ---
[INFO] Tests are skipped.
[INFO] 
[INFO] --- maven-jar-plugin:3.2.0:jar (default-jar) @ cloudslang-compiler ---
[INFO] Building jar: /home/srafi/after-cam-ready/compare_/compile_repair_output/work/70537dbed066/cloudslang-compiler/target/cloudslang-compiler-2.0.31-SNAPSHOT.jar
[INFO] 
[INFO] --- maven-javadoc-plugin:3.2.0:jar (attach-javadocs) @ cloudslang-compiler ---
[INFO] Skipping javadoc generation
[INFO] 
[INFO] --- maven-source-plugin:3.2.0:jar-no-fork (attach-sources) @ cloudslang-compiler ---
[INFO] Building jar: /home/srafi/after-cam-ready/compare_/compile_repair_output/work/70537dbed066/cloudslang-compiler/target/cloudslang-compiler-2.0.31-SNAPSHOT-sources.jar
[INFO] 
[INFO] --- maven-dependency-plugin:3.1.2:analyze-only (analyze dependencies) @ cloudslang-compiler ---
[INFO] Skipping plugin execution
[INFO] 
[INFO] --- maven-install-plugin:3.0.0-M1:install (default-install) @ cloudslang-compiler ---
[INFO] Installing /home/srafi/after-cam-ready/compare_/compile_repair_output/work/70537dbed066/cloudslang-compiler/target/cloudslang-compiler-2.0.31-SNAPSHOT.jar to /home/srafi/.m2/repository/io/cloudslang/lang/cloudslang-compiler/2.0.31-SNAPSHOT/cloudslang-compiler-2.0.31-SNAPSHOT.jar
[INFO] Installing /home/srafi/after-cam-ready/compare_/compile_repair_output/work/70537dbed066/cloudslang-compiler/pom.xml to /home/srafi/.m2/repository/io/cloudslang/lang/cloudslang-compiler/2.0.31-SNAPSHOT/cloudslang-compiler-2.0.31-SNAPSHOT.pom
[INFO] Installing /home/srafi/after-cam-ready/compare_/compile_repair_output/work/70537dbed066/cloudslang-compiler/target/cloudslang-compiler-2.0.31-SNAPSHOT-sources.jar to /home/srafi/.m2/repository/io/cloudslang/lang/cloudslang-compiler/2.0.31-SNAPSHOT/cloudslang-compiler-2.0.31-SNAPSHOT-sources.jar
[INFO] 
[INFO] ---------------< io.cloudslang.lang:cloudslang-runtime >----------------
[INFO] Building cloudslang-runtime 2.0.31-SNAPSHOT                        [7/7]
[INFO] --------------------------------[ jar ]---------------------------------
[INFO] Downloading from central: https://repo.maven.apache.org/maven2/io/cloudslang/runtime-management-api/0.3.262/runtime-management-api-0.3.262.pom
[INFO] Downloaded from central: https://repo.maven.apache.org/maven2/io/cloudslang/runtime-management-api/0.3.262/runtime-management-api-0.3.262.pom (1.7 kB at 3.8 kB/s)
[INFO] Downloading from central: https://repo.maven.apache.org/maven2/io/cloudslang/runtime-management/0.3.262/runtime-management-0.3.262.pom
[INFO] Downloaded from central: https://repo.maven.apache.org/maven2/io/cloudslang/runtime-management/0.3.262/runtime-management-0.3.262.pom (1.3 kB at 3.5 kB/s)
[INFO] Downloading from central: https://repo.maven.apache.org/maven2/io/cloudslang/runtime-management-impl/0.3.262/runtime-management-impl-0.3.262.pom
[INFO] Downloaded from central: https://repo.maven.apache.org/maven2/io/cloudslang/runtime-management-impl/0.3.262/runtime-management-impl-0.3.262.pom (4.3 kB at 9.4 kB/s)
[INFO] Downloading from central: https://repo.maven.apache.org/maven2/io/cloudslang/dependency-management-api/0.3.262/dependency-management-api-0.3.262.pom
[INFO] Downloaded from central: https://repo.maven.apache.org/maven2/io/cloudslang/dependency-management-api/0.3.262/dependency-management-api-0.3.262.pom (1.6 kB at 3.5 kB/s)
[INFO] Downloading from central: https://repo.maven.apache.org/maven2/io/cloudslang/dependency-management/0.3.262/dependency-management-0.3.262.pom
[INFO] Downloaded from central: https://repo.maven.apache.org/maven2/io/cloudslang/dependency-management/0.3.262/dependency-management-0.3.262.pom (1.3 kB at 3.7 kB/s)
[INFO] Downloading from central: https://repo.maven.apache.org/maven2/io/cloudslang/dependency-management-impl/0.3.262/dependency-management-impl-0.3.262.pom
[INFO] Downloaded from central: https://repo.maven.apache.org/maven2/io/cloudslang/dependency-management-impl/0.3.262/dependency-management-impl-0.3.262.pom (2.9 kB at 6.7 kB/s)
[INFO] Downloading from central: https://repo.maven.apache.org/maven2/io/cloudslang/runtime-management-api/0.3.262/runtime-management-api-0.3.262.jar
[INFO] Downloading from central: https://repo.maven.apache.org/maven2/io/cloudslang/runtime-management-impl/0.3.262/runtime-management-impl-0.3.262.jar
[INFO] Downloading from central: https://repo.maven.apache.org/maven2/io/cloudslang/dependency-management-api/0.3.262/dependency-management-api-0.3.262.jar
[INFO] Downloading from central: https://repo.maven.apache.org/maven2/io/cloudslang/dependency-management-impl/0.3.262/dependency-management-impl-0.3.262.jar
[INFO] Downloaded from central: https://repo.maven.apache.org/maven2/io/cloudslang/dependency-management-api/0.3.262/dependency-management-api-0.3.262.jar (4.0 kB at 9.4 kB/s)
[INFO] Downloaded from central: https://repo.maven.apache.org/maven2/io/cloudslang/dependency-management-impl/0.3.262/dependency-management-impl-0.3.262.jar (16 kB at 37 kB/s)
[INFO] Downloaded from central: https://repo.maven.apache.org/maven2/io/cloudslang/runtime-management-impl/0.3.262/runtime-management-impl-0.3.262.jar (84 kB at 182 kB/s)
[INFO] Downloaded from central: https://repo.maven.apache.org/maven2/io/cloudslang/runtime-management-api/0.3.262/runtime-management-api-0.3.262.jar (6.9 kB at 12 kB/s)
[INFO] 
[INFO] --- maven-clean-plugin:3.1.0:clean (default-clean) @ cloudslang-runtime ---
[INFO] 
[INFO] --- maven-checkstyle-plugin:2.17:check (checkstyle-for-java-sources) @ cloudslang-runtime ---
[INFO] 
[INFO] --- maven-resources-plugin:3.2.0:resources (default-resources) @ cloudslang-runtime ---
[INFO] Using 'UTF-8' encoding to copy filtered resources.
[INFO] Using 'UTF-8' encoding to copy filtered properties files.
[INFO] Copying 12 resources
[INFO] 
[INFO] --- maven-compiler-plugin:3.8.1:compile (default-compile) @ cloudslang-runtime ---
[INFO] Changes detected - recompiling the module!
[INFO] Compiling 40 source files to /home/srafi/after-cam-ready/compare_/compile_repair_output/work/70537dbed066/cloudslang-runtime/target/classes
[INFO] /home/srafi/after-cam-ready/compare_/compile_repair_output/work/70537dbed066/cloudslang-runtime/src/main/java/io/cloudslang/lang/runtime/bindings/AbstractBinding.java: Some input files use unchecked or unsafe operations.
[INFO] /home/srafi/after-cam-ready/compare_/compile_repair_output/work/70537dbed066/cloudslang-runtime/src/main/java/io/cloudslang/lang/runtime/bindings/AbstractBinding.java: Recompile with -Xlint:unchecked for details.
[INFO] 
[INFO] --- maven-resources-plugin:3.2.0:testResources (default-testResources) @ cloudslang-runtime ---
[INFO] Using 'UTF-8' encoding to copy filtered resources.
[INFO] Using 'UTF-8' encoding to copy filtered properties files.
[INFO] Copying 3 resources
[INFO] 
[INFO] --- maven-compiler-plugin:3.8.1:testCompile (default-testCompile) @ cloudslang-runtime ---
[INFO] Changes detected - recompiling the module!
[INFO] Compiling 17 source files to /home/srafi/after-cam-ready/compare_/compile_repair_output/work/70537dbed066/cloudslang-runtime/target/test-classes
[INFO] /home/srafi/after-cam-ready/compare_/compile_repair_output/work/70537dbed066/cloudslang-runtime/src/test/java/io/cloudslang/lang/runtime/bindings/OutputsBindingTest.java: Some input files use or override a deprecated API.
[INFO] /home/srafi/after-cam-ready/compare_/compile_repair_output/work/70537dbed066/cloudslang-runtime/src/test/java/io/cloudslang/lang/runtime/bindings/OutputsBindingTest.java: Recompile with -Xlint:deprecation for details.
[INFO] /home/srafi/after-cam-ready/compare_/compile_repair_output/work/70537dbed066/cloudslang-runtime/src/test/java/io/cloudslang/lang/runtime/bindings/OutputsBindingTest.java: Some input files use unchecked or unsafe operations.
[INFO] /home/srafi/after-cam-ready/compare_/compile_repair_output/work/70537dbed066/cloudslang-runtime/src/test/java/io/cloudslang/lang/runtime/bindings/OutputsBindingTest.java: Recompile with -Xlint:unchecked for details.
[INFO] 
[INFO] --- maven-surefire-plugin:3.0.0-M8-SNAPSHOT:test (default-test) @ cloudslang-runtime ---
[INFO] Tests are skipped.
[INFO] 
[INFO] --- maven-jar-plugin:3.2.0:jar (default-jar) @ cloudslang-runtime ---
[INFO] Building jar: /home/srafi/after-cam-ready/compare_/compile_repair_output/work/70537dbed066/cloudslang-runtime/target/cloudslang-runtime-2.0.31-SNAPSHOT.jar
[INFO] 
[INFO] --- maven-javadoc-plugin:3.2.0:jar (attach-javadocs) @ cloudslang-runtime ---
[INFO] Skipping javadoc generation
[INFO] 
[INFO] --- maven-source-plugin:3.2.0:jar-no-fork (attach-sources) @ cloudslang-runtime ---
[INFO] Building jar: /home/srafi/after-cam-ready/compare_/compile_repair_output/work/70537dbed066/cloudslang-runtime/target/cloudslang-runtime-2.0.31-SNAPSHOT-sources.jar
[INFO] 
[INFO] --- maven-dependency-plugin:3.1.2:analyze-only (analyze dependencies) @ cloudslang-runtime ---
[INFO] Skipping plugin execution
[INFO] 
[INFO] --- maven-install-plugin:3.0.0-M1:install (default-install) @ cloudslang-runtime ---
[INFO] Installing /home/srafi/after-cam-ready/compare_/compile_repair_output/work/70537dbed066/cloudslang-runtime/target/cloudslang-runtime-2.0.31-SNAPSHOT.jar to /home/srafi/.m2/repository/io/cloudslang/lang/cloudslang-runtime/2.0.31-SNAPSHOT/cloudslang-runtime-2.0.31-SNAPSHOT.jar
[INFO] Installing /home/srafi/after-cam-ready/compare_/compile_repair_output/work/70537dbed066/cloudslang-runtime/pom.xml to /home/srafi/.m2/repository/io/cloudslang/lang/cloudslang-runtime/2.0.31-SNAPSHOT/cloudslang-runtime-2.0.31-SNAPSHOT.pom
[INFO] Installing /home/srafi/after-cam-ready/compare_/compile_repair_output/work/70537dbed066/cloudslang-runtime/target/cloudslang-runtime-2.0.31-SNAPSHOT-sources.jar to /home/srafi/.m2/repository/io/cloudslang/lang/cloudslang-runtime/2.0.31-SNAPSHOT/cloudslang-runtime-2.0.31-SNAPSHOT-sources.jar
[INFO] ------------------------------------------------------------------------
[INFO] Reactor Summary for io.cloudslang.lang:cloudslang 2.0.31-SNAPSHOT:
[INFO] 
[INFO] io.cloudslang.lang:cloudslang ...................... SUCCESS [  0.217 s]
[INFO] cloudslang-enforcer ................................ SUCCESS [  4.321 s]
[INFO] cloudslang-spi ..................................... SUCCESS [  0.392 s]
[INFO] cloudslang-entities ................................ SUCCESS [  1.955 s]
[INFO] cloudslang-commons ................................. SUCCESS [  0.100 s]
[INFO] cloudslang-compiler ................................ SUCCESS [  1.102 s]
[INFO] cloudslang-runtime ................................. SUCCESS [  3.737 s]
[INFO] ------------------------------------------------------------------------
[INFO] BUILD SUCCESS
[INFO] ------------------------------------------------------------------------
[INFO] Total time:  11.933 s
[INFO] Finished at: 2026-08-15T16:12:36-04:00
[INFO] ------------------------------------------------------------------------
