JAVA_HOME=/usr/lib/jvm/java-8-openjdk-amd64
COMMAND=mvn -B clean install -DskipTests -U -pl bookkeeper-slogger/api -am -Ddependency-check.skip=true -Dgpg.skip=true -DfailIfNoTests=false -Dskip.installnodenpm=true -Dskip.npm=true -Dskip.yarn=true -Dlicense.skip=true -Dcheckstyle.skip=true -Drat.skip=true -Denforcer.skip=true -Danimal.sniffer.skip=true -Dmaven.javadoc.skip=true -Dfindbugs.skip=true -Dspotbugs.skip=true -Dwarbucks.skip=true -Dmodernizer.skip=true -Dimpsort.skip=true -Dmdep.analyze.skip=true -Dpgpverify.skip=true -Dxml.skip=true -Dcobertura.skip=true

[INFO] Scanning for projects...
Warning: KebabPizza disabling incompatible org.apache.maven.plugins:maven-enforcer-plugin from bookkeeper
Warning: KebabPizza disabling incompatible org.apache.rat:apache-rat-plugin from bookkeeper
Warning: KebabPizza disabling incompatible org.apache.maven.plugins:maven-enforcer-plugin from bookkeeper-slogger-parent
Warning: KebabPizza disabling incompatible org.apache.rat:apache-rat-plugin from bookkeeper-slogger-parent
Warning: KebabPizza disabling incompatible org.apache.maven.plugins:maven-enforcer-plugin from bookkeeper-slogger-api
Warning: KebabPizza disabling incompatible org.apache.rat:apache-rat-plugin from bookkeeper-slogger-api
[INFO] ------------------------------------------------------------------------
[INFO] Detecting the operating system and CPU architecture
[INFO] ------------------------------------------------------------------------
[INFO] os.detected.name: linux
[INFO] os.detected.arch: x86_64
[INFO] os.detected.release: ubuntu
[INFO] os.detected.release.version: 22.04
[INFO] os.detected.release.like.ubuntu: true
[INFO] os.detected.release.like.debian: true
[INFO] os.detected.classifier: linux-x86_64
[INFO] ------------------------------------------------------------------------
[INFO] Reactor Build Order:
[INFO] 
[INFO] Apache BookKeeper :: Parent                                        [pom]
[INFO] Apache BookKeeper :: Structured Logger :: Parent                   [pom]
[INFO] Apache BookKeeper :: Structured Logger :: API                      [jar]
[INFO] 
[INFO] ------------------< org.apache.bookkeeper:bookkeeper >------------------
[INFO] Building Apache BookKeeper :: Parent 4.16.0-SNAPSHOT               [1/3]
[INFO] --------------------------------[ pom ]---------------------------------
[INFO] 
[INFO] --- maven-clean-plugin:3.2.0:clean (default-clean) @ bookkeeper ---
[INFO] 
[INFO] --- maven-remote-resources-plugin:1.7.0:process (process-resource-bundles) @ bookkeeper ---
[INFO] Preparing remote bundle org.apache:apache-jar-resource-bundle:1.4
[INFO] Copying 3 resources from 1 bundle.
[INFO] 
[INFO] --- maven-site-plugin:3.11.0:attach-descriptor (attach-descriptor) @ bookkeeper ---
[INFO] No site descriptor found: nothing to attach.
[INFO] 
[INFO] >>> maven-source-plugin:3.2.1:jar (attach-sources) > generate-sources @ bookkeeper >>>
[INFO] 
[INFO] <<< maven-source-plugin:3.2.1:jar (attach-sources) < generate-sources @ bookkeeper <<<
[INFO] 
[INFO] 
[INFO] --- maven-source-plugin:3.2.1:jar (attach-sources) @ bookkeeper ---
[INFO] 
[INFO] --- maven-install-plugin:2.5.2:install (default-install) @ bookkeeper ---
[INFO] Installing /home/srafi/after-cam-ready/compare_/compile_repair_output/work/d44e4e7c5bc2/pom.xml to /home/srafi/.m2/repository/org/apache/bookkeeper/bookkeeper/4.16.0-SNAPSHOT/bookkeeper-4.16.0-SNAPSHOT.pom
[INFO] 
[INFO] ----------< org.apache.bookkeeper:bookkeeper-slogger-parent >-----------
[INFO] Building Apache BookKeeper :: Structured Logger :: Parent 4.16.0-SNAPSHOT [2/3]
[INFO] --------------------------------[ pom ]---------------------------------
[INFO] 
[INFO] --- maven-clean-plugin:3.2.0:clean (default-clean) @ bookkeeper-slogger-parent ---
[INFO] 
[INFO] --- maven-remote-resources-plugin:1.7.0:process (process-resource-bundles) @ bookkeeper-slogger-parent ---
[INFO] Preparing remote bundle org.apache:apache-jar-resource-bundle:1.4
[INFO] Copying 3 resources from 1 bundle.
[INFO] 
[INFO] --- maven-site-plugin:3.11.0:attach-descriptor (attach-descriptor) @ bookkeeper-slogger-parent ---
[INFO] No site descriptor found: nothing to attach.
[INFO] 
[INFO] >>> maven-source-plugin:3.2.1:jar (attach-sources) > generate-sources @ bookkeeper-slogger-parent >>>
[INFO] 
[INFO] <<< maven-source-plugin:3.2.1:jar (attach-sources) < generate-sources @ bookkeeper-slogger-parent <<<
[INFO] 
[INFO] 
[INFO] --- maven-source-plugin:3.2.1:jar (attach-sources) @ bookkeeper-slogger-parent ---
[INFO] 
[INFO] --- maven-install-plugin:2.5.2:install (default-install) @ bookkeeper-slogger-parent ---
[INFO] Installing /home/srafi/after-cam-ready/compare_/compile_repair_output/work/d44e4e7c5bc2/bookkeeper-slogger/pom.xml to /home/srafi/.m2/repository/org/apache/bookkeeper/bookkeeper-slogger-parent/4.16.0-SNAPSHOT/bookkeeper-slogger-parent-4.16.0-SNAPSHOT.pom
[INFO] 
[INFO] ------------< org.apache.bookkeeper:bookkeeper-slogger-api >------------
[INFO] Building Apache BookKeeper :: Structured Logger :: API 4.16.0-SNAPSHOT [3/3]
[INFO] --------------------------------[ jar ]---------------------------------
[INFO] Downloading from apache.snapshots: https://repository.apache.org/snapshots/org/apache/maven/plugins/maven-surefire-plugin/3.0.0-M8-SNAPSHOT/maven-metadata.xml
[INFO] Downloading from apache.snapshots: https://repository.apache.org/snapshots/org/apache/maven/surefire/surefire/3.0.0-M8-SNAPSHOT/maven-metadata.xml
[INFO] 
[INFO] --- maven-clean-plugin:3.2.0:clean (default-clean) @ bookkeeper-slogger-api ---
[INFO] 
[INFO] --- maven-remote-resources-plugin:1.7.0:process (process-resource-bundles) @ bookkeeper-slogger-api ---
[INFO] Preparing remote bundle org.apache:apache-jar-resource-bundle:1.4
[INFO] Copying 3 resources from 1 bundle.
[INFO] 
[INFO] --- maven-resources-plugin:3.2.0:resources (default-resources) @ bookkeeper-slogger-api ---
[INFO] Using 'UTF-8' encoding to copy filtered resources.
[INFO] Using 'UTF-8' encoding to copy filtered properties files.
[INFO] skip non existing resourceDirectory /home/srafi/after-cam-ready/compare_/compile_repair_output/work/d44e4e7c5bc2/bookkeeper-slogger/api/src/main/resources
[INFO] Copying 3 resources
[INFO] 
[INFO] --- maven-compiler-plugin:3.10.1:compile (default-compile) @ bookkeeper-slogger-api ---
[INFO] Changes detected - recompiling the module!
[INFO] Compiling 7 source files to /home/srafi/after-cam-ready/compare_/compile_repair_output/work/d44e4e7c5bc2/bookkeeper-slogger/api/target/classes
[INFO] 
[INFO] --- maven-resources-plugin:3.2.0:testResources (default-testResources) @ bookkeeper-slogger-api ---
[INFO] Using 'UTF-8' encoding to copy filtered resources.
[INFO] Using 'UTF-8' encoding to copy filtered properties files.
[INFO] skip non existing resourceDirectory /home/srafi/after-cam-ready/compare_/compile_repair_output/work/d44e4e7c5bc2/bookkeeper-slogger/api/src/test/resources
[INFO] Copying 3 resources
[INFO] 
[INFO] --- maven-compiler-plugin:3.10.1:testCompile (default-testCompile) @ bookkeeper-slogger-api ---
[INFO] Changes detected - recompiling the module!
[INFO] Compiling 4 source files to /home/srafi/after-cam-ready/compare_/compile_repair_output/work/d44e4e7c5bc2/bookkeeper-slogger/api/target/test-classes
[INFO] 
[INFO] --- maven-surefire-plugin:3.0.0-M8-SNAPSHOT:test (default-test) @ bookkeeper-slogger-api ---
[INFO] Downloading from apache.snapshots: https://repository.apache.org/snapshots/org/apache/maven/surefire/maven-surefire-common/3.0.0-M8-SNAPSHOT/maven-metadata.xml
[INFO] Downloading from apache.snapshots: https://repository.apache.org/snapshots/org/apache/maven/surefire/surefire-api/3.0.0-M8-SNAPSHOT/maven-metadata.xml
[INFO] Downloading from apache.snapshots: https://repository.apache.org/snapshots/org/apache/maven/surefire/surefire-logger-api/3.0.0-M8-SNAPSHOT/maven-metadata.xml
[INFO] Downloading from apache.snapshots: https://repository.apache.org/snapshots/org/apache/maven/surefire/surefire-shared-utils/3.0.0-M8-SNAPSHOT/maven-metadata.xml
[INFO] Downloading from apache.snapshots: https://repository.apache.org/snapshots/org/apache/maven/surefire/surefire-extensions-api/3.0.0-M8-SNAPSHOT/maven-metadata.xml
[INFO] Downloading from apache.snapshots: https://repository.apache.org/snapshots/org/apache/maven/surefire/surefire-booter/3.0.0-M8-SNAPSHOT/maven-metadata.xml
[INFO] Downloading from apache.snapshots: https://repository.apache.org/snapshots/org/apache/maven/surefire/surefire-extensions-spi/3.0.0-M8-SNAPSHOT/maven-metadata.xml
[INFO] Tests are skipped.
[INFO] 
[INFO] --- maven-jar-plugin:3.2.2:jar (default-jar) @ bookkeeper-slogger-api ---
[INFO] Building jar: /home/srafi/after-cam-ready/compare_/compile_repair_output/work/d44e4e7c5bc2/bookkeeper-slogger/api/target/bookkeeper-slogger-api-4.16.0-SNAPSHOT.jar
[INFO] 
[INFO] --- maven-site-plugin:3.11.0:attach-descriptor (attach-descriptor) @ bookkeeper-slogger-api ---
[INFO] Skipping because packaging 'jar' is not pom.
[INFO] 
[INFO] >>> maven-source-plugin:3.2.1:jar (attach-sources) > generate-sources @ bookkeeper-slogger-api >>>
[INFO] 
[INFO] <<< maven-source-plugin:3.2.1:jar (attach-sources) < generate-sources @ bookkeeper-slogger-api <<<
[INFO] 
[INFO] 
[INFO] --- maven-source-plugin:3.2.1:jar (attach-sources) @ bookkeeper-slogger-api ---
[INFO] Building jar: /home/srafi/after-cam-ready/compare_/compile_repair_output/work/d44e4e7c5bc2/bookkeeper-slogger/api/target/bookkeeper-slogger-api-4.16.0-SNAPSHOT-sources.jar
[INFO] 
[INFO] --- maven-install-plugin:2.5.2:install (default-install) @ bookkeeper-slogger-api ---
[INFO] Installing /home/srafi/after-cam-ready/compare_/compile_repair_output/work/d44e4e7c5bc2/bookkeeper-slogger/api/target/bookkeeper-slogger-api-4.16.0-SNAPSHOT.jar to /home/srafi/.m2/repository/org/apache/bookkeeper/bookkeeper-slogger-api/4.16.0-SNAPSHOT/bookkeeper-slogger-api-4.16.0-SNAPSHOT.jar
[INFO] Installing /home/srafi/after-cam-ready/compare_/compile_repair_output/work/d44e4e7c5bc2/bookkeeper-slogger/api/pom.xml to /home/srafi/.m2/repository/org/apache/bookkeeper/bookkeeper-slogger-api/4.16.0-SNAPSHOT/bookkeeper-slogger-api-4.16.0-SNAPSHOT.pom
[INFO] Installing /home/srafi/after-cam-ready/compare_/compile_repair_output/work/d44e4e7c5bc2/bookkeeper-slogger/api/target/bookkeeper-slogger-api-4.16.0-SNAPSHOT-sources.jar to /home/srafi/.m2/repository/org/apache/bookkeeper/bookkeeper-slogger-api/4.16.0-SNAPSHOT/bookkeeper-slogger-api-4.16.0-SNAPSHOT-sources.jar
[INFO] ------------------------------------------------------------------------
[INFO] Reactor Summary for Apache BookKeeper :: Parent 4.16.0-SNAPSHOT:
[INFO] 
[INFO] Apache BookKeeper :: Parent ........................ SUCCESS [  1.026 s]
[INFO] Apache BookKeeper :: Structured Logger :: Parent ... SUCCESS [  0.044 s]
[INFO] Apache BookKeeper :: Structured Logger :: API ...... SUCCESS [  5.002 s]
[INFO] ------------------------------------------------------------------------
[INFO] BUILD SUCCESS
[INFO] ------------------------------------------------------------------------
[INFO] Total time:  6.782 s
[INFO] Finished at: 2026-08-15T14:13:52-04:00
[INFO] ------------------------------------------------------------------------
