JAVA_HOME=/usr/lib/jvm/java-8-openjdk-amd64
COMMAND=mvn -B clean install -DskipTests -U -Ddependency-check.skip=true -Dgpg.skip=true -DfailIfNoTests=false -Dskip.installnodenpm=true -Dskip.npm=true -Dskip.yarn=true -Dlicense.skip=true -Dcheckstyle.skip=true -Drat.skip=true -Denforcer.skip=true -Danimal.sniffer.skip=true -Dmaven.javadoc.skip=true -Dfindbugs.skip=true -Dspotbugs.skip=true -Dwarbucks.skip=true -Dmodernizer.skip=true -Dimpsort.skip=true -Dmdep.analyze.skip=true -Dpgpverify.skip=true -Dxml.skip=true -Dcobertura.skip=true

[INFO] Scanning for projects...
[WARNING] 
[WARNING] Some problems were encountered while building the effective model for com.alibaba:fastjson:jar:1.2.51_preview_09
[WARNING] 'build.plugins.plugin.version' for org.apache.maven.plugins:maven-gpg-plugin is missing. @ line 160, column 12
[WARNING] 'build.plugins.plugin.version' for org.apache.maven.plugins:maven-surefire-plugin is missing. @ line 128, column 12
[WARNING] 'build.plugins.plugin.version' for org.apache.maven.plugins:maven-source-plugin is missing. @ line 112, column 12
[WARNING] 'build.plugins.plugin.version' for org.apache.maven.plugins:maven-javadoc-plugin is missing. @ line 138, column 12
[WARNING] 
[WARNING] It is highly recommended to fix these problems because they threaten the stability of your build.
[WARNING] 
[WARNING] For this reason, future Maven versions might no longer support building such malformed projects.
[WARNING] 
[INFO] 
[INFO] ------------------------< com.alibaba:fastjson >------------------------
[INFO] Building fastjson 1.2.51_preview_09
[INFO] --------------------------------[ jar ]---------------------------------
[INFO] Downloading from central: https://repo.maven.apache.org/maven2/org/apache/maven/plugins/maven-source-plugin/maven-metadata.xml
[INFO] Downloaded from central: https://repo.maven.apache.org/maven2/org/apache/maven/plugins/maven-source-plugin/maven-metadata.xml (1.1 kB at 4.1 kB/s)
[INFO] Downloading from central: https://repo.maven.apache.org/maven2/org/apache/maven/plugins/maven-javadoc-plugin/maven-metadata.xml
[INFO] Downloaded from central: https://repo.maven.apache.org/maven2/org/apache/maven/plugins/maven-javadoc-plugin/maven-metadata.xml (1.7 kB at 57 kB/s)
[INFO] Downloading from central: https://repo.maven.apache.org/maven2/org/apache/maven/plugins/maven-gpg-plugin/maven-metadata.xml
[INFO] Downloaded from central: https://repo.maven.apache.org/maven2/org/apache/maven/plugins/maven-gpg-plugin/maven-metadata.xml (971 B at 5.5 kB/s)
[INFO] 
[INFO] --- maven-clean-plugin:2.5:clean (default-clean) @ fastjson ---
[INFO] 
[INFO] --- maven-resources-plugin:2.6:resources (default-resources) @ fastjson ---
[INFO] Using 'UTF-8' encoding to copy filtered resources.
[INFO] Copying 6 resources
[INFO] 
[INFO] --- maven-compiler-plugin:3.5.1:compile (default-compile) @ fastjson ---
[INFO] Changes detected - recompiling the module!
[INFO] Compiling 172 source files to /home/srafi/after-cam-ready/compare_/compile_repair_output/work/2d1c157150f1/target/classes
[WARNING] /home/srafi/after-cam-ready/compare_/compile_repair_output/work/2d1c157150f1/src/main/java/com/alibaba/fastjson/JSON.java:[44,30] sun.reflect.annotation.AnnotationType is internal proprietary API and may be removed in a future release
[WARNING] /home/srafi/after-cam-ready/compare_/compile_repair_output/work/2d1c157150f1/src/main/java/com/alibaba/fastjson/serializer/AnnotationSerializer.java:[5,30] sun.reflect.annotation.AnnotationType is internal proprietary API and may be removed in a future release
[WARNING] /home/srafi/after-cam-ready/compare_/compile_repair_output/work/2d1c157150f1/src/main/java/com/alibaba/fastjson/JSON.java:[44,30] sun.reflect.annotation.AnnotationType is internal proprietary API and may be removed in a future release
[WARNING] /home/srafi/after-cam-ready/compare_/compile_repair_output/work/2d1c157150f1/src/main/java/com/alibaba/fastjson/serializer/AnnotationSerializer.java:[5,30] sun.reflect.annotation.AnnotationType is internal proprietary API and may be removed in a future release
[WARNING] /home/srafi/after-cam-ready/compare_/compile_repair_output/work/2d1c157150f1/src/main/java/com/alibaba/fastjson/JSON.java:[44,30] sun.reflect.annotation.AnnotationType is internal proprietary API and may be removed in a future release
[WARNING] /home/srafi/after-cam-ready/compare_/compile_repair_output/work/2d1c157150f1/src/main/java/com/alibaba/fastjson/serializer/AnnotationSerializer.java:[5,30] sun.reflect.annotation.AnnotationType is internal proprietary API and may be removed in a future release
[WARNING] /home/srafi/after-cam-ready/compare_/compile_repair_output/work/2d1c157150f1/src/main/java/com/alibaba/fastjson/serializer/AnnotationSerializer.java:[25,13] sun.reflect.annotation.AnnotationType is internal proprietary API and may be removed in a future release
[WARNING] /home/srafi/after-cam-ready/compare_/compile_repair_output/work/2d1c157150f1/src/main/java/com/alibaba/fastjson/serializer/AnnotationSerializer.java:[25,35] sun.reflect.annotation.AnnotationType is internal proprietary API and may be removed in a future release
[INFO] /home/srafi/after-cam-ready/compare_/compile_repair_output/work/2d1c157150f1/src/main/java/com/alibaba/fastjson/JSON.java: Some input files use or override a deprecated API.
[INFO] /home/srafi/after-cam-ready/compare_/compile_repair_output/work/2d1c157150f1/src/main/java/com/alibaba/fastjson/JSON.java: Recompile with -Xlint:deprecation for details.
[INFO] /home/srafi/after-cam-ready/compare_/compile_repair_output/work/2d1c157150f1/src/main/java/com/alibaba/fastjson/parser/ParserConfig.java: Some input files use unchecked or unsafe operations.
[INFO] /home/srafi/after-cam-ready/compare_/compile_repair_output/work/2d1c157150f1/src/main/java/com/alibaba/fastjson/parser/ParserConfig.java: Recompile with -Xlint:unchecked for details.
[INFO] 
[INFO] --- maven-resources-plugin:2.6:testResources (default-testResources) @ fastjson ---
[INFO] Using 'UTF-8' encoding to copy filtered resources.
[INFO] Copying 94 resources
[INFO] 
[INFO] --- maven-compiler-plugin:3.5.1:testCompile (default-testCompile) @ fastjson ---
[INFO] Changes detected - recompiling the module!
[INFO] Compiling 2496 source files to /home/srafi/after-cam-ready/compare_/compile_repair_output/work/2d1c157150f1/target/test-classes
[WARNING] /home/srafi/after-cam-ready/compare_/compile_repair_output/work/2d1c157150f1/src/test/java/com/alibaba/fastjson/parser/JSONScannerTest.java:[26,25] sun.util.calendar.ZoneInfo is internal proprietary API and may be removed in a future release
[WARNING] /home/srafi/after-cam-ready/compare_/compile_repair_output/work/2d1c157150f1/src/test/java/com/alibaba/fastjson/parser/JSONScannerTest.java:[26,25] sun.util.calendar.ZoneInfo is internal proprietary API and may be removed in a future release
[WARNING] /home/srafi/after-cam-ready/compare_/compile_repair_output/work/2d1c157150f1/src/test/java/com/alibaba/fastjson/parser/JSONScannerTest.java:[26,25] sun.util.calendar.ZoneInfo is internal proprietary API and may be removed in a future release
[WARNING] /home/srafi/after-cam-ready/compare_/compile_repair_output/work/2d1c157150f1/src/test/java/com/alibaba/fastjson/parser/JSONScannerTest.java:[26,25] sun.util.calendar.ZoneInfo is internal proprietary API and may be removed in a future release
[WARNING] /home/srafi/after-cam-ready/compare_/compile_repair_output/work/2d1c157150f1/src/test/java/com/alibaba/fastjson/parser/JSONScannerTest.java:[26,25] sun.util.calendar.ZoneInfo is internal proprietary API and may be removed in a future release
[INFO] /home/srafi/after-cam-ready/compare_/compile_repair_output/work/2d1c157150f1/src/test/java/com/alibaba/json/bvt/DeprecatedClassTest.java: Some input files use or override a deprecated API.
[INFO] /home/srafi/after-cam-ready/compare_/compile_repair_output/work/2d1c157150f1/src/test/java/com/alibaba/json/bvt/DeprecatedClassTest.java: Recompile with -Xlint:deprecation for details.
[INFO] /home/srafi/after-cam-ready/compare_/compile_repair_output/work/2d1c157150f1/src/test/java/com/alibaba/json/bvt/kotlin/Issue1483.java: Some input files use unchecked or unsafe operations.
[INFO] /home/srafi/after-cam-ready/compare_/compile_repair_output/work/2d1c157150f1/src/test/java/com/alibaba/json/bvt/kotlin/Issue1483.java: Recompile with -Xlint:unchecked for details.
[INFO] 
[INFO] --- maven-surefire-plugin:3.0.0-M8-SNAPSHOT:test (default-test) @ fastjson ---
[INFO] Downloading from apache.snapshots: https://repository.apache.org/snapshots/org/apache/maven/surefire/maven-surefire-common/3.0.0-M8-SNAPSHOT/maven-metadata.xml
[INFO] Downloading from apache.snapshots: https://repository.apache.org/snapshots/org/apache/maven/surefire/surefire-api/3.0.0-M8-SNAPSHOT/maven-metadata.xml
[INFO] Downloading from apache.snapshots: https://repository.apache.org/snapshots/org/apache/maven/surefire/surefire-logger-api/3.0.0-M8-SNAPSHOT/maven-metadata.xml
[INFO] Downloading from apache.snapshots: https://repository.apache.org/snapshots/org/apache/maven/surefire/surefire-shared-utils/3.0.0-M8-SNAPSHOT/maven-metadata.xml
[INFO] Downloading from apache.snapshots: https://repository.apache.org/snapshots/org/apache/maven/surefire/surefire-extensions-api/3.0.0-M8-SNAPSHOT/maven-metadata.xml
[INFO] Downloading from apache.snapshots: https://repository.apache.org/snapshots/org/apache/maven/surefire/surefire-booter/3.0.0-M8-SNAPSHOT/maven-metadata.xml
[INFO] Downloading from apache.snapshots: https://repository.apache.org/snapshots/org/apache/maven/surefire/surefire-extensions-spi/3.0.0-M8-SNAPSHOT/maven-metadata.xml
[INFO] Tests are skipped.
[INFO] 
[INFO] --- maven-jar-plugin:2.4:jar (default-jar) @ fastjson ---
[INFO] Building jar: /home/srafi/after-cam-ready/compare_/compile_repair_output/work/2d1c157150f1/target/fastjson-1.2.51_preview_09.jar
[INFO] 
[INFO] --- maven-source-plugin:3.4.0:jar-no-fork (attach-sources) @ fastjson ---
[INFO] Building jar: /home/srafi/after-cam-ready/compare_/compile_repair_output/work/2d1c157150f1/target/fastjson-1.2.51_preview_09-sources.jar
[INFO] 
[INFO] --- maven-javadoc-plugin:3.12.0:jar (attach-javadoc) @ fastjson ---
[INFO] 
Loading source files for package com.alibaba.fastjson...
Loading source files for package com.alibaba.fastjson.parser...
Loading source files for package com.alibaba.fastjson.parser.deserializer...
Loading source files for package com.alibaba.fastjson.util...
Loading source files for package com.alibaba.fastjson.annotation...
Loading source files for package com.alibaba.fastjson.serializer...
Loading source files for package com.alibaba.fastjson.support.hsf...
Loading source files for package com.alibaba.fastjson.support.retrofit...
Loading source files for package com.alibaba.fastjson.support.jaxrs...
Loading source files for package com.alibaba.fastjson.support.springfox...
Loading source files for package com.alibaba.fastjson.support.spring...
Loading source files for package com.alibaba.fastjson.support.spring.messaging...
Loading source files for package com.alibaba.fastjson.support.spring.annotation...
Loading source files for package com.alibaba.fastjson.support.config...
Loading source files for package com.alibaba.fastjson.asm...
Constructing Javadoc information...
Standard Doclet version 1.8.0_462
Building tree for all the packages and classes...
Generating /home/srafi/after-cam-ready/compare_/compile_repair_output/work/2d1c157150f1/target/reports/apidocs/com/alibaba/fastjson/JSON.html...
Generating /home/srafi/after-cam-ready/compare_/compile_repair_output/work/2d1c157150f1/target/reports/apidocs/com/alibaba/fastjson/JSONArray.html...
Generating /home/srafi/after-cam-ready/compare_/compile_repair_output/work/2d1c157150f1/target/reports/apidocs/com/alibaba/fastjson/JSONAware.html...
Generating /home/srafi/after-cam-ready/compare_/compile_repair_output/work/2d1c157150f1/target/reports/apidocs/com/alibaba/fastjson/JSONException.html...
Generating /home/srafi/after-cam-ready/compare_/compile_repair_output/work/2d1c157150f1/target/reports/apidocs/com/alibaba/fastjson/JSONObject.html...
Generating /home/srafi/after-cam-ready/compare_/compile_repair_output/work/2d1c157150f1/target/reports/apidocs/com/alibaba/fastjson/JSONPath.html...
Generating /home/srafi/after-cam-ready/compare_/compile_repair_output/work/2d1c157150f1/target/reports/apidocs/com/alibaba/fastjson/JSONPath.FilterSegement.html...
Generating /home/srafi/after-cam-ready/compare_/compile_repair_output/work/2d1c157150f1/target/reports/apidocs/com/alibaba/fastjson/JSONPathException.html...
Generating /home/srafi/after-cam-ready/compare_/compile_repair_output/work/2d1c157150f1/target/reports/apidocs/com/alibaba/fastjson/JSONPObject.html...
Generating /home/srafi/after-cam-ready/compare_/compile_repair_output/work/2d1c157150f1/target/reports/apidocs/com/alibaba/fastjson/JSONReader.html...
Generating /home/srafi/after-cam-ready/compare_/compile_repair_output/work/2d1c157150f1/target/reports/apidocs/com/alibaba/fastjson/JSONStreamAware.html...
Generating /home/srafi/after-cam-ready/compare_/compile_repair_output/work/2d1c157150f1/target/reports/apidocs/com/alibaba/fastjson/JSONWriter.html...
Generating /home/srafi/after-cam-ready/compare_/compile_repair_output/work/2d1c157150f1/target/reports/apidocs/com/alibaba/fastjson/PropertyNamingStrategy.html...
Generating /home/srafi/after-cam-ready/compare_/compile_repair_output/work/2d1c157150f1/target/reports/apidocs/com/alibaba/fastjson/TypeReference.html...
Generating /home/srafi/after-cam-ready/compare_/compile_repair_output/work/2d1c157150f1/target/reports/apidocs/com/alibaba/fastjson/parser/DefaultExtJSONParser.html...
Generating /home/srafi/after-cam-ready/compare_/compile_repair_output/work/2d1c157150f1/target/reports/apidocs/com/alibaba/fastjson/parser/DefaultJSONParser.html...
Generating /home/srafi/after-cam-ready/compare_/compile_repair_output/work/2d1c157150f1/target/reports/apidocs/com/alibaba/fastjson/parser/DefaultJSONParser.ResolveTask.html...
Generating /home/srafi/after-cam-ready/compare_/compile_repair_output/work/2d1c157150f1/target/reports/apidocs/com/alibaba/fastjson/parser/Feature.html...
Generating /home/srafi/after-cam-ready/compare_/compile_repair_output/work/2d1c157150f1/target/reports/apidocs/com/alibaba/fastjson/parser/JSONLexer.html...
Generating /home/srafi/after-cam-ready/compare_/compile_repair_output/work/2d1c157150f1/target/reports/apidocs/com/alibaba/fastjson/parser/JSONLexerBase.html...
Generating /home/srafi/after-cam-ready/compare_/compile_repair_output/work/2d1c157150f1/target/reports/apidocs/com/alibaba/fastjson/parser/JSONReaderScanner.html...
Generating /home/srafi/after-cam-ready/compare_/compile_repair_output/work/2d1c157150f1/target/reports/apidocs/com/alibaba/fastjson/parser/JSONScanner.html...
Generating /home/srafi/after-cam-ready/compare_/compile_repair_output/work/2d1c157150f1/target/reports/apidocs/com/alibaba/fastjson/parser/JSONToken.html...
Generating /home/srafi/after-cam-ready/compare_/compile_repair_output/work/2d1c157150f1/target/reports/apidocs/com/alibaba/fastjson/parser/ParseContext.html...
Generating /home/srafi/after-cam-ready/compare_/compile_repair_output/work/2d1c157150f1/target/reports/apidocs/com/alibaba/fastjson/parser/ParserConfig.html...
Generating /home/srafi/after-cam-ready/compare_/compile_repair_output/work/2d1c157150f1/target/reports/apidocs/com/alibaba/fastjson/parser/SymbolTable.html...
Generating /home/srafi/after-cam-ready/compare_/compile_repair_output/work/2d1c157150f1/target/reports/apidocs/com/alibaba/fastjson/parser/deserializer/AbstractDateDeserializer.html...
Generating /home/srafi/after-cam-ready/compare_/compile_repair_output/work/2d1c157150f1/target/reports/apidocs/com/alibaba/fastjson/parser/deserializer/ArrayListTypeFieldDeserializer.html...
Generating /home/srafi/after-cam-ready/compare_/compile_repair_output/work/2d1c157150f1/target/reports/apidocs/com/alibaba/fastjson/parser/deserializer/ASMDeserializerFactory.html...
Generating /home/srafi/after-cam-ready/compare_/compile_repair_output/work/2d1c157150f1/target/reports/apidocs/com/alibaba/fastjson/parser/deserializer/AutowiredObjectDeserializer.html...
Generating /home/srafi/after-cam-ready/compare_/compile_repair_output/work/2d1c157150f1/target/reports/apidocs/com/alibaba/fastjson/parser/deserializer/ContextObjectDeserializer.html...
Generating /home/srafi/after-cam-ready/compare_/compile_repair_output/work/2d1c157150f1/target/reports/apidocs/com/alibaba/fastjson/parser/deserializer/DefaultFieldDeserializer.html...
Generating /home/srafi/after-cam-ready/compare_/compile_repair_output/work/2d1c157150f1/target/reports/apidocs/com/alibaba/fastjson/parser/deserializer/EnumDeserializer.html...
Generating /home/srafi/after-cam-ready/compare_/compile_repair_output/work/2d1c157150f1/target/reports/apidocs/com/alibaba/fastjson/parser/deserializer/ExtraProcessable.html...
Generating /home/srafi/after-cam-ready/compare_/compile_repair_output/work/2d1c157150f1/target/reports/apidocs/com/alibaba/fastjson/parser/deserializer/ExtraProcessor.html...
Generating /home/srafi/after-cam-ready/compare_/compile_repair_output/work/2d1c157150f1/target/reports/apidocs/com/alibaba/fastjson/parser/deserializer/ExtraTypeProvider.html...
Generating /home/srafi/after-cam-ready/compare_/compile_repair_output/work/2d1c157150f1/target/reports/apidocs/com/alibaba/fastjson/parser/deserializer/FieldDeserializer.html...
Generating /home/srafi/after-cam-ready/compare_/compile_repair_output/work/2d1c157150f1/target/reports/apidocs/com/alibaba/fastjson/parser/deserializer/FieldTypeResolver.html...
Generating /home/srafi/after-cam-ready/compare_/compile_repair_output/work/2d1c157150f1/target/reports/apidocs/com/alibaba/fastjson/parser/deserializer/JavaBeanDeserializer.html...
Generating /home/srafi/after-cam-ready/compare_/compile_repair_output/work/2d1c157150f1/target/reports/apidocs/com/alibaba/fastjson/parser/deserializer/JavaObjectDeserializer.html...
Generating /home/srafi/after-cam-ready/compare_/compile_repair_output/work/2d1c157150f1/target/reports/apidocs/com/alibaba/fastjson/parser/deserializer/Jdk8DateCodec.html...
Generating /home/srafi/after-cam-ready/compare_/compile_repair_output/work/2d1c157150f1/target/reports/apidocs/com/alibaba/fastjson/parser/deserializer/JSONPDeserializer.html...
Generating /home/srafi/after-cam-ready/compare_/compile_repair_output/work/2d1c157150f1/target/reports/apidocs/com/alibaba/fastjson/parser/deserializer/MapDeserializer.html...
Generating /home/srafi/after-cam-ready/compare_/compile_repair_output/work/2d1c157150f1/target/reports/apidocs/com/alibaba/fastjson/parser/deserializer/NumberDeserializer.html...
Generating /home/srafi/after-cam-ready/compare_/compile_repair_output/work/2d1c157150f1/target/reports/apidocs/com/alibaba/fastjson/parser/deserializer/ObjectDeserializer.html...
Generating /home/srafi/after-cam-ready/compare_/compile_repair_output/work/2d1c157150f1/target/reports/apidocs/com/alibaba/fastjson/parser/deserializer/OptionalCodec.html...
Generating /home/srafi/after-cam-ready/compare_/compile_repair_output/work/2d1c157150f1/target/reports/apidocs/com/alibaba/fastjson/parser/deserializer/ParseProcess.html...
Generating /home/srafi/after-cam-ready/compare_/compile_repair_output/work/2d1c157150f1/target/reports/apidocs/com/alibaba/fastjson/parser/deserializer/PropertyProcessable.html...
Generating /home/srafi/after-cam-ready/compare_/compile_repair_output/work/2d1c157150f1/target/reports/apidocs/com/alibaba/fastjson/parser/deserializer/PropertyProcessableDeserializer.html...
Generating /home/srafi/after-cam-ready/compare_/compile_repair_output/work/2d1c157150f1/target/reports/apidocs/com/alibaba/fastjson/parser/deserializer/ResolveFieldDeserializer.html...
Generating /home/srafi/after-cam-ready/compare_/compile_repair_output/work/2d1c157150f1/target/reports/apidocs/com/alibaba/fastjson/parser/deserializer/SqlDateDeserializer.html...
Generating /home/srafi/after-cam-ready/compare_/compile_repair_output/work/2d1c157150f1/target/reports/apidocs/com/alibaba/fastjson/parser/deserializer/StackTraceElementDeserializer.html...
Generating /home/srafi/after-cam-ready/compare_/compile_repair_output/work/2d1c157150f1/target/reports/apidocs/com/alibaba/fastjson/parser/deserializer/ThrowableDeserializer.html...
Generating /home/srafi/after-cam-ready/compare_/compile_repair_output/work/2d1c157150f1/target/reports/apidocs/com/alibaba/fastjson/parser/deserializer/TimeDeserializer.html...
Generating /home/srafi/after-cam-ready/compare_/compile_repair_output/work/2d1c157150f1/target/reports/apidocs/com/alibaba/fastjson/util/AntiCollisionHashMap.html...
Generating /home/srafi/after-cam-ready/compare_/compile_repair_output/work/2d1c157150f1/target/reports/apidocs/com/alibaba/fastjson/util/ASMClassLoader.html...
Generating /home/srafi/after-cam-ready/compare_/compile_repair_output/work/2d1c157150f1/target/reports/apidocs/com/alibaba/fastjson/util/ASMUtils.html...
Generating /home/srafi/after-cam-ready/compare_/compile_repair_output/work/2d1c157150f1/target/reports/apidocs/com/alibaba/fastjson/util/Base64.html...
Generating /home/srafi/after-cam-ready/compare_/compile_repair_output/work/2d1c157150f1/target/reports/apidocs/com/alibaba/fastjson/util/FieldInfo.html...
Generating /home/srafi/after-cam-ready/compare_/compile_repair_output/work/2d1c157150f1/target/reports/apidocs/com/alibaba/fastjson/util/IdentityHashMap.html...
Generating /home/srafi/after-cam-ready/compare_/compile_repair_output/work/2d1c157150f1/target/reports/apidocs/com/alibaba/fastjson/util/IOUtils.html...
Generating /home/srafi/after-cam-ready/compare_/compile_repair_output/work/2d1c157150f1/target/reports/apidocs/com/alibaba/fastjson/util/JavaBeanInfo.html...
Generating /home/srafi/after-cam-ready/compare_/compile_repair_output/work/2d1c157150f1/target/reports/apidocs/com/alibaba/fastjson/util/ParameterizedTypeImpl.html...
Generating /home/srafi/after-cam-ready/compare_/compile_repair_output/work/2d1c157150f1/target/reports/apidocs/com/alibaba/fastjson/util/RyuDouble.html...
Generating /home/srafi/after-cam-ready/compare_/compile_repair_output/work/2d1c157150f1/target/reports/apidocs/com/alibaba/fastjson/util/RyuFloat.html...
Generating /home/srafi/after-cam-ready/compare_/compile_repair_output/work/2d1c157150f1/target/reports/apidocs/com/alibaba/fastjson/util/ServiceLoader.html...
Generating /home/srafi/after-cam-ready/compare_/compile_repair_output/work/2d1c157150f1/target/reports/apidocs/com/alibaba/fastjson/util/ThreadLocalCache.html...
Generating /home/srafi/after-cam-ready/compare_/compile_repair_output/work/2d1c157150f1/target/reports/apidocs/com/alibaba/fastjson/util/TypeUtils.html...
Generating /home/srafi/after-cam-ready/compare_/compile_repair_output/work/2d1c157150f1/target/reports/apidocs/com/alibaba/fastjson/util/UTF8Decoder.html...
Generating /home/srafi/after-cam-ready/compare_/compile_repair_output/work/2d1c157150f1/target/reports/apidocs/com/alibaba/fastjson/annotation/JSONCreator.html...
Generating /home/srafi/after-cam-ready/compare_/compile_repair_output/work/2d1c157150f1/target/reports/apidocs/com/alibaba/fastjson/annotation/JSONField.html...
Generating /home/srafi/after-cam-ready/compare_/compile_repair_output/work/2d1c157150f1/target/reports/apidocs/com/alibaba/fastjson/annotation/JSONPOJOBuilder.html...
Generating /home/srafi/after-cam-ready/compare_/compile_repair_output/work/2d1c157150f1/target/reports/apidocs/com/alibaba/fastjson/annotation/JSONType.html...
Generating /home/srafi/after-cam-ready/compare_/compile_repair_output/work/2d1c157150f1/target/reports/apidocs/com/alibaba/fastjson/serializer/AdderSerializer.html...
Generating /home/srafi/after-cam-ready/compare_/compile_repair_output/work/2d1c157150f1/target/reports/apidocs/com/alibaba/fastjson/serializer/AfterFilter.html...
Generating /home/srafi/after-cam-ready/compare_/compile_repair_output/work/2d1c157150f1/target/reports/apidocs/com/alibaba/fastjson/serializer/AnnotationSerializer.html...
Generating /home/srafi/after-cam-ready/compare_/compile_repair_output/work/2d1c157150f1/target/reports/apidocs/com/alibaba/fastjson/serializer/AppendableSerializer.html...
Generating /home/srafi/after-cam-ready/compare_/compile_repair_output/work/2d1c157150f1/target/reports/apidocs/com/alibaba/fastjson/serializer/ArraySerializer.html...
Generating /home/srafi/after-cam-ready/compare_/compile_repair_output/work/2d1c157150f1/target/reports/apidocs/com/alibaba/fastjson/serializer/ASMSerializerFactory.html...
Generating /home/srafi/after-cam-ready/compare_/compile_repair_output/work/2d1c157150f1/target/reports/apidocs/com/alibaba/fastjson/serializer/AtomicCodec.html...
Generating /home/srafi/after-cam-ready/compare_/compile_repair_output/work/2d1c157150f1/target/reports/apidocs/com/alibaba/fastjson/serializer/AutowiredObjectSerializer.html...
Generating /home/srafi/after-cam-ready/compare_/compile_repair_output/work/2d1c157150f1/target/reports/apidocs/com/alibaba/fastjson/serializer/AwtCodec.html...
Generating /home/srafi/after-cam-ready/compare_/compile_repair_output/work/2d1c157150f1/target/reports/apidocs/com/alibaba/fastjson/serializer/BeanContext.html...
Generating /home/srafi/after-cam-ready/compare_/compile_repair_output/work/2d1c157150f1/target/reports/apidocs/com/alibaba/fastjson/serializer/BeforeFilter.html...
Generating /home/srafi/after-cam-ready/compare_/compile_repair_output/work/2d1c157150f1/target/reports/apidocs/com/alibaba/fastjson/serializer/BigDecimalCodec.html...
Generating /home/srafi/after-cam-ready/compare_/compile_repair_output/work/2d1c157150f1/target/reports/apidocs/com/alibaba/fastjson/serializer/BigIntegerCodec.html...
Generating /home/srafi/after-cam-ready/compare_/compile_repair_output/work/2d1c157150f1/target/reports/apidocs/com/alibaba/fastjson/serializer/BooleanCodec.html...
Generating /home/srafi/after-cam-ready/compare_/compile_repair_output/work/2d1c157150f1/target/reports/apidocs/com/alibaba/fastjson/serializer/CalendarCodec.html...
Generating /home/srafi/after-cam-ready/compare_/compile_repair_output/work/2d1c157150f1/target/reports/apidocs/com/alibaba/fastjson/serializer/CharacterCodec.html...
Generating /home/srafi/after-cam-ready/compare_/compile_repair_output/work/2d1c157150f1/target/reports/apidocs/com/alibaba/fastjson/serializer/CharArrayCodec.html...
Generating /home/srafi/after-cam-ready/compare_/compile_repair_output/work/2d1c157150f1/target/reports/apidocs/com/alibaba/fastjson/serializer/ClobSeriliazer.html...
Generating /home/srafi/after-cam-ready/compare_/compile_repair_output/work/2d1c157150f1/target/reports/apidocs/com/alibaba/fastjson/serializer/CollectionCodec.html...
Generating /home/srafi/after-cam-ready/compare_/compile_repair_output/work/2d1c157150f1/target/reports/apidocs/com/alibaba/fastjson/serializer/ContextObjectSerializer.html...
Generating /home/srafi/after-cam-ready/compare_/compile_repair_output/work/2d1c157150f1/target/reports/apidocs/com/alibaba/fastjson/serializer/ContextValueFilter.html...
Generating /home/srafi/after-cam-ready/compare_/compile_repair_output/work/2d1c157150f1/target/reports/apidocs/com/alibaba/fastjson/serializer/DateCodec.html...
Generating /home/srafi/after-cam-ready/compare_/compile_repair_output/work/2d1c157150f1/target/reports/apidocs/com/alibaba/fastjson/serializer/DoubleSerializer.html...
Generating /home/srafi/after-cam-ready/compare_/compile_repair_output/work/2d1c157150f1/target/reports/apidocs/com/alibaba/fastjson/serializer/EnumerationSerializer.html...
Generating /home/srafi/after-cam-ready/compare_/compile_repair_output/work/2d1c157150f1/target/reports/apidocs/com/alibaba/fastjson/serializer/EnumSerializer.html...
Generating /home/srafi/after-cam-ready/compare_/compile_repair_output/work/2d1c157150f1/target/reports/apidocs/com/alibaba/fastjson/serializer/FieldSerializer.html...
Generating /home/srafi/after-cam-ready/compare_/compile_repair_output/work/2d1c157150f1/target/reports/apidocs/com/alibaba/fastjson/serializer/FloatCodec.html...
Generating /home/srafi/after-cam-ready/compare_/compile_repair_output/work/2d1c157150f1/target/reports/apidocs/com/alibaba/fastjson/serializer/GuavaCodec.html...
Generating /home/srafi/after-cam-ready/compare_/compile_repair_output/work/2d1c157150f1/target/reports/apidocs/com/alibaba/fastjson/serializer/IntegerCodec.html...
Generating /home/srafi/after-cam-ready/compare_/compile_repair_output/work/2d1c157150f1/target/reports/apidocs/com/alibaba/fastjson/serializer/JavaBeanSerializer.html...
Generating /home/srafi/after-cam-ready/compare_/compile_repair_output/work/2d1c157150f1/target/reports/apidocs/com/alibaba/fastjson/serializer/JodaCodec.html...
Generating /home/srafi/after-cam-ready/compare_/compile_repair_output/work/2d1c157150f1/target/reports/apidocs/com/alibaba/fastjson/serializer/JSONAwareSerializer.html...
Generating /home/srafi/after-cam-ready/compare_/compile_repair_output/work/2d1c157150f1/target/reports/apidocs/com/alibaba/fastjson/serializer/JSONLibDataFormatSerializer.html...
Generating /home/srafi/after-cam-ready/compare_/compile_repair_output/work/2d1c157150f1/target/reports/apidocs/com/alibaba/fastjson/serializer/JSONSerializable.html...
Generating /home/srafi/after-cam-ready/compare_/compile_repair_output/work/2d1c157150f1/target/reports/apidocs/com/alibaba/fastjson/serializer/JSONSerializableSerializer.html...
Generating /home/srafi/after-cam-ready/compare_/compile_repair_output/work/2d1c157150f1/target/reports/apidocs/com/alibaba/fastjson/serializer/JSONSerializer.html...
Generating /home/srafi/after-cam-ready/compare_/compile_repair_output/work/2d1c157150f1/target/reports/apidocs/com/alibaba/fastjson/serializer/JSONSerializerMap.html...
Generating /home/srafi/after-cam-ready/compare_/compile_repair_output/work/2d1c157150f1/target/reports/apidocs/com/alibaba/fastjson/serializer/LabelFilter.html...
Generating /home/srafi/after-cam-ready/compare_/compile_repair_output/work/2d1c157150f1/target/reports/apidocs/com/alibaba/fastjson/serializer/Labels.html...
Generating /home/srafi/after-cam-ready/compare_/compile_repair_output/work/2d1c157150f1/target/reports/apidocs/com/alibaba/fastjson/serializer/ListSerializer.html...
Generating /home/srafi/after-cam-ready/compare_/compile_repair_output/work/2d1c157150f1/target/reports/apidocs/com/alibaba/fastjson/serializer/LongCodec.html...
Generating /home/srafi/after-cam-ready/compare_/compile_repair_output/work/2d1c157150f1/target/reports/apidocs/com/alibaba/fastjson/serializer/MapSerializer.html...
Generating /home/srafi/after-cam-ready/compare_/compile_repair_output/work/2d1c157150f1/target/reports/apidocs/com/alibaba/fastjson/serializer/MiscCodec.html...
Generating /home/srafi/after-cam-ready/compare_/compile_repair_output/work/2d1c157150f1/target/reports/apidocs/com/alibaba/fastjson/serializer/NameFilter.html...
Generating /home/srafi/after-cam-ready/compare_/compile_repair_output/work/2d1c157150f1/target/reports/apidocs/com/alibaba/fastjson/serializer/ObjectArrayCodec.html...
Generating /home/srafi/after-cam-ready/compare_/compile_repair_output/work/2d1c157150f1/target/reports/apidocs/com/alibaba/fastjson/serializer/ObjectSerializer.html...
Generating /home/srafi/after-cam-ready/compare_/compile_repair_output/work/2d1c157150f1/target/reports/apidocs/com/alibaba/fastjson/serializer/PascalNameFilter.html...
Generating /home/srafi/after-cam-ready/compare_/compile_repair_output/work/2d1c157150f1/target/reports/apidocs/com/alibaba/fastjson/serializer/PrimitiveArraySerializer.html...
Generating /home/srafi/after-cam-ready/compare_/compile_repair_output/work/2d1c157150f1/target/reports/apidocs/com/alibaba/fastjson/serializer/PropertyFilter.html...
Generating /home/srafi/after-cam-ready/compare_/compile_repair_output/work/2d1c157150f1/target/reports/apidocs/com/alibaba/fastjson/serializer/PropertyPreFilter.html...
Generating /home/srafi/after-cam-ready/compare_/compile_repair_output/work/2d1c157150f1/target/reports/apidocs/com/alibaba/fastjson/serializer/ReferenceCodec.html...
Generating /home/srafi/after-cam-ready/compare_/compile_repair_output/work/2d1c157150f1/target/reports/apidocs/com/alibaba/fastjson/serializer/SerialContext.html...
Generating /home/srafi/after-cam-ready/compare_/compile_repair_output/work/2d1c157150f1/target/reports/apidocs/com/alibaba/fastjson/serializer/SerializeBeanInfo.html...
Generating /home/srafi/after-cam-ready/compare_/compile_repair_output/work/2d1c157150f1/target/reports/apidocs/com/alibaba/fastjson/serializer/SerializeConfig.html...
Generating /home/srafi/after-cam-ready/compare_/compile_repair_output/work/2d1c157150f1/target/reports/apidocs/com/alibaba/fastjson/serializer/SerializeFilter.html...
Generating /home/srafi/after-cam-ready/compare_/compile_repair_output/work/2d1c157150f1/target/reports/apidocs/com/alibaba/fastjson/serializer/SerializeFilterable.html...
Generating /home/srafi/after-cam-ready/compare_/compile_repair_output/work/2d1c157150f1/target/reports/apidocs/com/alibaba/fastjson/serializer/SerializerFeature.html...
Generating /home/srafi/after-cam-ready/compare_/compile_repair_output/work/2d1c157150f1/target/reports/apidocs/com/alibaba/fastjson/serializer/SerializeWriter.html...
Generating /home/srafi/after-cam-ready/compare_/compile_repair_output/work/2d1c157150f1/target/reports/apidocs/com/alibaba/fastjson/serializer/SimpleDateFormatSerializer.html...
Generating /home/srafi/after-cam-ready/compare_/compile_repair_output/work/2d1c157150f1/target/reports/apidocs/com/alibaba/fastjson/serializer/SimplePropertyPreFilter.html...
Generating /home/srafi/after-cam-ready/compare_/compile_repair_output/work/2d1c157150f1/target/reports/apidocs/com/alibaba/fastjson/serializer/StringCodec.html...
Generating /home/srafi/after-cam-ready/compare_/compile_repair_output/work/2d1c157150f1/target/reports/apidocs/com/alibaba/fastjson/serializer/ToStringSerializer.html...
Generating /home/srafi/after-cam-ready/compare_/compile_repair_output/work/2d1c157150f1/target/reports/apidocs/com/alibaba/fastjson/serializer/ValueFilter.html...
Generating /home/srafi/after-cam-ready/compare_/compile_repair_output/work/2d1c157150f1/target/reports/apidocs/com/alibaba/fastjson/support/hsf/HSFJSONUtils.html...
Generating /home/srafi/after-cam-ready/compare_/compile_repair_output/work/2d1c157150f1/target/reports/apidocs/com/alibaba/fastjson/support/hsf/MethodLocator.html...
Generating /home/srafi/after-cam-ready/compare_/compile_repair_output/work/2d1c157150f1/target/reports/apidocs/com/alibaba/fastjson/support/retrofit/Retrofit2ConverterFactory.html...
Generating /home/srafi/after-cam-ready/compare_/compile_repair_output/work/2d1c157150f1/target/reports/apidocs/com/alibaba/fastjson/support/jaxrs/FastJsonAutoDiscoverable.html...
Generating /home/srafi/after-cam-ready/compare_/compile_repair_output/work/2d1c157150f1/target/reports/apidocs/com/alibaba/fastjson/support/jaxrs/FastJsonFeature.html...
Generating /home/srafi/after-cam-ready/compare_/compile_repair_output/work/2d1c157150f1/target/reports/apidocs/com/alibaba/fastjson/support/jaxrs/FastJsonProvider.html...
Generating /home/srafi/after-cam-ready/compare_/compile_repair_output/work/2d1c157150f1/target/reports/apidocs/com/alibaba/fastjson/support/springfox/SwaggerJsonSerializer.html...
Generating /home/srafi/after-cam-ready/compare_/compile_repair_output/work/2d1c157150f1/target/reports/apidocs/com/alibaba/fastjson/support/spring/FastJsonContainer.html...
Generating /home/srafi/after-cam-ready/compare_/compile_repair_output/work/2d1c157150f1/target/reports/apidocs/com/alibaba/fastjson/support/spring/FastJsonHttpMessageConverter.html...
Generating /home/srafi/after-cam-ready/compare_/compile_repair_output/work/2d1c157150f1/target/reports/apidocs/com/alibaba/fastjson/support/spring/FastJsonHttpMessageConverter4.html...
Generating /home/srafi/after-cam-ready/compare_/compile_repair_output/work/2d1c157150f1/target/reports/apidocs/com/alibaba/fastjson/support/spring/FastJsonJsonView.html...
Generating /home/srafi/after-cam-ready/compare_/compile_repair_output/work/2d1c157150f1/target/reports/apidocs/com/alibaba/fastjson/support/spring/FastJsonpHttpMessageConverter4.html...
Generating /home/srafi/after-cam-ready/compare_/compile_repair_output/work/2d1c157150f1/target/reports/apidocs/com/alibaba/fastjson/support/spring/FastJsonpResponseBodyAdvice.html...
Generating /home/srafi/after-cam-ready/compare_/compile_repair_output/work/2d1c157150f1/target/reports/apidocs/com/alibaba/fastjson/support/spring/FastJsonRedisSerializer.html...
Generating /home/srafi/after-cam-ready/compare_/compile_repair_output/work/2d1c157150f1/target/reports/apidocs/com/alibaba/fastjson/support/spring/FastjsonSockJsMessageCodec.html...
Generating /home/srafi/after-cam-ready/compare_/compile_repair_output/work/2d1c157150f1/target/reports/apidocs/com/alibaba/fastjson/support/spring/FastJsonViewResponseBodyAdvice.html...
Generating /home/srafi/after-cam-ready/compare_/compile_repair_output/work/2d1c157150f1/target/reports/apidocs/com/alibaba/fastjson/support/spring/GenericFastJsonRedisSerializer.html...
Generating /home/srafi/after-cam-ready/compare_/compile_repair_output/work/2d1c157150f1/target/reports/apidocs/com/alibaba/fastjson/support/spring/JSONPResponseBodyAdvice.html...
Generating /home/srafi/after-cam-ready/compare_/compile_repair_output/work/2d1c157150f1/target/reports/apidocs/com/alibaba/fastjson/support/spring/MappingFastJsonValue.html...
Generating /home/srafi/after-cam-ready/compare_/compile_repair_output/work/2d1c157150f1/target/reports/apidocs/com/alibaba/fastjson/support/spring/PropertyPreFilters.html...
Generating /home/srafi/after-cam-ready/compare_/compile_repair_output/work/2d1c157150f1/target/reports/apidocs/com/alibaba/fastjson/support/spring/PropertyPreFilters.MySimplePropertyPreFilter.html...
Generating /home/srafi/after-cam-ready/compare_/compile_repair_output/work/2d1c157150f1/target/reports/apidocs/com/alibaba/fastjson/support/spring/messaging/MappingFastJsonMessageConverter.html...
Generating /home/srafi/after-cam-ready/compare_/compile_repair_output/work/2d1c157150f1/target/reports/apidocs/com/alibaba/fastjson/support/spring/annotation/FastJsonFilter.html...
Generating /home/srafi/after-cam-ready/compare_/compile_repair_output/work/2d1c157150f1/target/reports/apidocs/com/alibaba/fastjson/support/spring/annotation/FastJsonView.html...
Generating /home/srafi/after-cam-ready/compare_/compile_repair_output/work/2d1c157150f1/target/reports/apidocs/com/alibaba/fastjson/support/spring/annotation/ResponseJSONP.html...
Generating /home/srafi/after-cam-ready/compare_/compile_repair_output/work/2d1c157150f1/target/reports/apidocs/com/alibaba/fastjson/support/config/FastJsonConfig.html...
Generating /home/srafi/after-cam-ready/compare_/compile_repair_output/work/2d1c157150f1/target/reports/apidocs/com/alibaba/fastjson/asm/ByteVector.html...
Generating /home/srafi/after-cam-ready/compare_/compile_repair_output/work/2d1c157150f1/target/reports/apidocs/com/alibaba/fastjson/asm/ClassReader.html...
Generating /home/srafi/after-cam-ready/compare_/compile_repair_output/work/2d1c157150f1/target/reports/apidocs/com/alibaba/fastjson/asm/ClassWriter.html...
Generating /home/srafi/after-cam-ready/compare_/compile_repair_output/work/2d1c157150f1/target/reports/apidocs/com/alibaba/fastjson/asm/FieldWriter.html...
Generating /home/srafi/after-cam-ready/compare_/compile_repair_output/work/2d1c157150f1/target/reports/apidocs/com/alibaba/fastjson/asm/Label.html...
Generating /home/srafi/after-cam-ready/compare_/compile_repair_output/work/2d1c157150f1/target/reports/apidocs/com/alibaba/fastjson/asm/MethodCollector.html...
Generating /home/srafi/after-cam-ready/compare_/compile_repair_output/work/2d1c157150f1/target/reports/apidocs/com/alibaba/fastjson/asm/MethodVisitor.html...
Generating /home/srafi/after-cam-ready/compare_/compile_repair_output/work/2d1c157150f1/target/reports/apidocs/com/alibaba/fastjson/asm/MethodWriter.html...
Generating /home/srafi/after-cam-ready/compare_/compile_repair_output/work/2d1c157150f1/target/reports/apidocs/com/alibaba/fastjson/asm/Opcodes.html...
Generating /home/srafi/after-cam-ready/compare_/compile_repair_output/work/2d1c157150f1/target/reports/apidocs/com/alibaba/fastjson/asm/Type.html...
Generating /home/srafi/after-cam-ready/compare_/compile_repair_output/work/2d1c157150f1/target/reports/apidocs/com/alibaba/fastjson/asm/TypeCollector.html...
Generating /home/srafi/after-cam-ready/compare_/compile_repair_output/work/2d1c157150f1/target/reports/apidocs/overview-frame.html...
Generating /home/srafi/after-cam-ready/compare_/compile_repair_output/work/2d1c157150f1/target/reports/apidocs/com/alibaba/fastjson/package-frame.html...
Generating /home/srafi/after-cam-ready/compare_/compile_repair_output/work/2d1c157150f1/target/reports/apidocs/com/alibaba/fastjson/package-summary.html...
Generating /home/srafi/after-cam-ready/compare_/compile_repair_output/work/2d1c157150f1/target/reports/apidocs/com/alibaba/fastjson/package-tree.html...
Generating /home/srafi/after-cam-ready/compare_/compile_repair_output/work/2d1c157150f1/target/reports/apidocs/com/alibaba/fastjson/annotation/package-frame.html...
Generating /home/srafi/after-cam-ready/compare_/compile_repair_output/work/2d1c157150f1/target/reports/apidocs/com/alibaba/fastjson/annotation/package-summary.html...
Generating /home/srafi/after-cam-ready/compare_/compile_repair_output/work/2d1c157150f1/target/reports/apidocs/com/alibaba/fastjson/annotation/package-tree.html...
Generating /home/srafi/after-cam-ready/compare_/compile_repair_output/work/2d1c157150f1/target/reports/apidocs/com/alibaba/fastjson/asm/package-frame.html...
Generating /home/srafi/after-cam-ready/compare_/compile_repair_output/work/2d1c157150f1/target/reports/apidocs/com/alibaba/fastjson/asm/package-summary.html...
Generating /home/srafi/after-cam-ready/compare_/compile_repair_output/work/2d1c157150f1/target/reports/apidocs/com/alibaba/fastjson/asm/package-tree.html...
Generating /home/srafi/after-cam-ready/compare_/compile_repair_output/work/2d1c157150f1/target/reports/apidocs/com/alibaba/fastjson/parser/package-frame.html...
Generating /home/srafi/after-cam-ready/compare_/compile_repair_output/work/2d1c157150f1/target/reports/apidocs/com/alibaba/fastjson/parser/package-summary.html...
Generating /home/srafi/after-cam-ready/compare_/compile_repair_output/work/2d1c157150f1/target/reports/apidocs/com/alibaba/fastjson/parser/package-tree.html...
Generating /home/srafi/after-cam-ready/compare_/compile_repair_output/work/2d1c157150f1/target/reports/apidocs/com/alibaba/fastjson/parser/deserializer/package-frame.html...
Generating /home/srafi/after-cam-ready/compare_/compile_repair_output/work/2d1c157150f1/target/reports/apidocs/com/alibaba/fastjson/parser/deserializer/package-summary.html...
Generating /home/srafi/after-cam-ready/compare_/compile_repair_output/work/2d1c157150f1/target/reports/apidocs/com/alibaba/fastjson/parser/deserializer/package-tree.html...
Generating /home/srafi/after-cam-ready/compare_/compile_repair_output/work/2d1c157150f1/target/reports/apidocs/com/alibaba/fastjson/serializer/package-frame.html...
Generating /home/srafi/after-cam-ready/compare_/compile_repair_output/work/2d1c157150f1/target/reports/apidocs/com/alibaba/fastjson/serializer/package-summary.html...
Generating /home/srafi/after-cam-ready/compare_/compile_repair_output/work/2d1c157150f1/target/reports/apidocs/com/alibaba/fastjson/serializer/package-tree.html...
Generating /home/srafi/after-cam-ready/compare_/compile_repair_output/work/2d1c157150f1/target/reports/apidocs/com/alibaba/fastjson/support/config/package-frame.html...
Generating /home/srafi/after-cam-ready/compare_/compile_repair_output/work/2d1c157150f1/target/reports/apidocs/com/alibaba/fastjson/support/config/package-summary.html...
Generating /home/srafi/after-cam-ready/compare_/compile_repair_output/work/2d1c157150f1/target/reports/apidocs/com/alibaba/fastjson/support/config/package-tree.html...
Generating /home/srafi/after-cam-ready/compare_/compile_repair_output/work/2d1c157150f1/target/reports/apidocs/com/alibaba/fastjson/support/hsf/package-frame.html...
Generating /home/srafi/after-cam-ready/compare_/compile_repair_output/work/2d1c157150f1/target/reports/apidocs/com/alibaba/fastjson/support/hsf/package-summary.html...
Generating /home/srafi/after-cam-ready/compare_/compile_repair_output/work/2d1c157150f1/target/reports/apidocs/com/alibaba/fastjson/support/hsf/package-tree.html...
Generating /home/srafi/after-cam-ready/compare_/compile_repair_output/work/2d1c157150f1/target/reports/apidocs/com/alibaba/fastjson/support/jaxrs/package-frame.html...
Generating /home/srafi/after-cam-ready/compare_/compile_repair_output/work/2d1c157150f1/target/reports/apidocs/com/alibaba/fastjson/support/jaxrs/package-summary.html...
Generating /home/srafi/after-cam-ready/compare_/compile_repair_output/work/2d1c157150f1/target/reports/apidocs/com/alibaba/fastjson/support/jaxrs/package-tree.html...
Generating /home/srafi/after-cam-ready/compare_/compile_repair_output/work/2d1c157150f1/target/reports/apidocs/com/alibaba/fastjson/support/retrofit/package-frame.html...
Generating /home/srafi/after-cam-ready/compare_/compile_repair_output/work/2d1c157150f1/target/reports/apidocs/com/alibaba/fastjson/support/retrofit/package-summary.html...
Generating /home/srafi/after-cam-ready/compare_/compile_repair_output/work/2d1c157150f1/target/reports/apidocs/com/alibaba/fastjson/support/retrofit/package-tree.html...
Generating /home/srafi/after-cam-ready/compare_/compile_repair_output/work/2d1c157150f1/target/reports/apidocs/com/alibaba/fastjson/support/spring/package-frame.html...
Generating /home/srafi/after-cam-ready/compare_/compile_repair_output/work/2d1c157150f1/target/reports/apidocs/com/alibaba/fastjson/support/spring/package-summary.html...
Generating /home/srafi/after-cam-ready/compare_/compile_repair_output/work/2d1c157150f1/target/reports/apidocs/com/alibaba/fastjson/support/spring/package-tree.html...
Generating /home/srafi/after-cam-ready/compare_/compile_repair_output/work/2d1c157150f1/target/reports/apidocs/com/alibaba/fastjson/support/spring/annotation/package-frame.html...
Generating /home/srafi/after-cam-ready/compare_/compile_repair_output/work/2d1c157150f1/target/reports/apidocs/com/alibaba/fastjson/support/spring/annotation/package-summary.html...
Generating /home/srafi/after-cam-ready/compare_/compile_repair_output/work/2d1c157150f1/target/reports/apidocs/com/alibaba/fastjson/support/spring/annotation/package-tree.html...
Generating /home/srafi/after-cam-ready/compare_/compile_repair_output/work/2d1c157150f1/target/reports/apidocs/com/alibaba/fastjson/support/spring/messaging/package-frame.html...
Generating /home/srafi/after-cam-ready/compare_/compile_repair_output/work/2d1c157150f1/target/reports/apidocs/com/alibaba/fastjson/support/spring/messaging/package-summary.html...
Generating /home/srafi/after-cam-ready/compare_/compile_repair_output/work/2d1c157150f1/target/reports/apidocs/com/alibaba/fastjson/support/spring/messaging/package-tree.html...
Generating /home/srafi/after-cam-ready/compare_/compile_repair_output/work/2d1c157150f1/target/reports/apidocs/com/alibaba/fastjson/support/springfox/package-frame.html...
Generating /home/srafi/after-cam-ready/compare_/compile_repair_output/work/2d1c157150f1/target/reports/apidocs/com/alibaba/fastjson/support/springfox/package-summary.html...
Generating /home/srafi/after-cam-ready/compare_/compile_repair_output/work/2d1c157150f1/target/reports/apidocs/com/alibaba/fastjson/support/springfox/package-tree.html...
Generating /home/srafi/after-cam-ready/compare_/compile_repair_output/work/2d1c157150f1/target/reports/apidocs/com/alibaba/fastjson/util/package-frame.html...
Generating /home/srafi/after-cam-ready/compare_/compile_repair_output/work/2d1c157150f1/target/reports/apidocs/com/alibaba/fastjson/util/package-summary.html...
Generating /home/srafi/after-cam-ready/compare_/compile_repair_output/work/2d1c157150f1/target/reports/apidocs/com/alibaba/fastjson/util/package-tree.html...
Generating /home/srafi/after-cam-ready/compare_/compile_repair_output/work/2d1c157150f1/target/reports/apidocs/constant-values.html...
Generating /home/srafi/after-cam-ready/compare_/compile_repair_output/work/2d1c157150f1/target/reports/apidocs/serialized-form.html...
Generating /home/srafi/after-cam-ready/compare_/compile_repair_output/work/2d1c157150f1/target/reports/apidocs/com/alibaba/fastjson/class-use/JSONReader.html...
Generating /home/srafi/after-cam-ready/compare_/compile_repair_output/work/2d1c157150f1/target/reports/apidocs/com/alibaba/fastjson/class-use/PropertyNamingStrategy.html...
Generating /home/srafi/after-cam-ready/compare_/compile_repair_output/work/2d1c157150f1/target/reports/apidocs/com/alibaba/fastjson/class-use/JSON.html...
Generating /home/srafi/after-cam-ready/compare_/compile_repair_output/work/2d1c157150f1/target/reports/apidocs/com/alibaba/fastjson/class-use/JSONPObject.html...
Generating /home/srafi/after-cam-ready/compare_/compile_repair_output/work/2d1c157150f1/target/reports/apidocs/com/alibaba/fastjson/class-use/JSONWriter.html...
Generating /home/srafi/after-cam-ready/compare_/compile_repair_output/work/2d1c157150f1/target/reports/apidocs/com/alibaba/fastjson/class-use/JSONPathException.html...
Generating /home/srafi/after-cam-ready/compare_/compile_repair_output/work/2d1c157150f1/target/reports/apidocs/com/alibaba/fastjson/class-use/TypeReference.html...
Generating /home/srafi/after-cam-ready/compare_/compile_repair_output/work/2d1c157150f1/target/reports/apidocs/com/alibaba/fastjson/class-use/JSONStreamAware.html...
Generating /home/srafi/after-cam-ready/compare_/compile_repair_output/work/2d1c157150f1/target/reports/apidocs/com/alibaba/fastjson/class-use/JSONException.html...
Generating /home/srafi/after-cam-ready/compare_/compile_repair_output/work/2d1c157150f1/target/reports/apidocs/com/alibaba/fastjson/class-use/JSONArray.html...
Generating /home/srafi/after-cam-ready/compare_/compile_repair_output/work/2d1c157150f1/target/reports/apidocs/com/alibaba/fastjson/class-use/JSONPath.html...
Generating /home/srafi/after-cam-ready/compare_/compile_repair_output/work/2d1c157150f1/target/reports/apidocs/com/alibaba/fastjson/class-use/JSONPath.FilterSegement.html...
Generating /home/srafi/after-cam-ready/compare_/compile_repair_output/work/2d1c157150f1/target/reports/apidocs/com/alibaba/fastjson/class-use/JSONAware.html...
Generating /home/srafi/after-cam-ready/compare_/compile_repair_output/work/2d1c157150f1/target/reports/apidocs/com/alibaba/fastjson/class-use/JSONObject.html...
Generating /home/srafi/after-cam-ready/compare_/compile_repair_output/work/2d1c157150f1/target/reports/apidocs/com/alibaba/fastjson/parser/class-use/ParseContext.html...
Generating /home/srafi/after-cam-ready/compare_/compile_repair_output/work/2d1c157150f1/target/reports/apidocs/com/alibaba/fastjson/parser/class-use/DefaultExtJSONParser.html...
Generating /home/srafi/after-cam-ready/compare_/compile_repair_output/work/2d1c157150f1/target/reports/apidocs/com/alibaba/fastjson/parser/class-use/JSONReaderScanner.html...
Generating /home/srafi/after-cam-ready/compare_/compile_repair_output/work/2d1c157150f1/target/reports/apidocs/com/alibaba/fastjson/parser/class-use/ParserConfig.html...
Generating /home/srafi/after-cam-ready/compare_/compile_repair_output/work/2d1c157150f1/target/reports/apidocs/com/alibaba/fastjson/parser/class-use/JSONLexer.html...
Generating /home/srafi/after-cam-ready/compare_/compile_repair_output/work/2d1c157150f1/target/reports/apidocs/com/alibaba/fastjson/parser/class-use/JSONToken.html...
Generating /home/srafi/after-cam-ready/compare_/compile_repair_output/work/2d1c157150f1/target/reports/apidocs/com/alibaba/fastjson/parser/class-use/JSONLexerBase.html...
Generating /home/srafi/after-cam-ready/compare_/compile_repair_output/work/2d1c157150f1/target/reports/apidocs/com/alibaba/fastjson/parser/class-use/Feature.html...
Generating /home/srafi/after-cam-ready/compare_/compile_repair_output/work/2d1c157150f1/target/reports/apidocs/com/alibaba/fastjson/parser/class-use/JSONScanner.html...
Generating /home/srafi/after-cam-ready/compare_/compile_repair_output/work/2d1c157150f1/target/reports/apidocs/com/alibaba/fastjson/parser/class-use/SymbolTable.html...
Generating /home/srafi/after-cam-ready/compare_/compile_repair_output/work/2d1c157150f1/target/reports/apidocs/com/alibaba/fastjson/parser/class-use/DefaultJSONParser.html...
Generating /home/srafi/after-cam-ready/compare_/compile_repair_output/work/2d1c157150f1/target/reports/apidocs/com/alibaba/fastjson/parser/class-use/DefaultJSONParser.ResolveTask.html...
Generating /home/srafi/after-cam-ready/compare_/compile_repair_output/work/2d1c157150f1/target/reports/apidocs/com/alibaba/fastjson/parser/deserializer/class-use/ExtraProcessor.html...
Generating /home/srafi/after-cam-ready/compare_/compile_repair_output/work/2d1c157150f1/target/reports/apidocs/com/alibaba/fastjson/parser/deserializer/class-use/EnumDeserializer.html...
Generating /home/srafi/after-cam-ready/compare_/compile_repair_output/work/2d1c157150f1/target/reports/apidocs/com/alibaba/fastjson/parser/deserializer/class-use/ThrowableDeserializer.html...
Generating /home/srafi/after-cam-ready/compare_/compile_repair_output/work/2d1c157150f1/target/reports/apidocs/com/alibaba/fastjson/parser/deserializer/class-use/TimeDeserializer.html...
Generating /home/srafi/after-cam-ready/compare_/compile_repair_output/work/2d1c157150f1/target/reports/apidocs/com/alibaba/fastjson/parser/deserializer/class-use/ResolveFieldDeserializer.html...
Generating /home/srafi/after-cam-ready/compare_/compile_repair_output/work/2d1c157150f1/target/reports/apidocs/com/alibaba/fastjson/parser/deserializer/class-use/NumberDeserializer.html...
Generating /home/srafi/after-cam-ready/compare_/compile_repair_output/work/2d1c157150f1/target/reports/apidocs/com/alibaba/fastjson/parser/deserializer/class-use/MapDeserializer.html...
Generating /home/srafi/after-cam-ready/compare_/compile_repair_output/work/2d1c157150f1/target/reports/apidocs/com/alibaba/fastjson/parser/deserializer/class-use/ExtraTypeProvider.html...
Generating /home/srafi/after-cam-ready/compare_/compile_repair_output/work/2d1c157150f1/target/reports/apidocs/com/alibaba/fastjson/parser/deserializer/class-use/JSONPDeserializer.html...
Generating /home/srafi/after-cam-ready/compare_/compile_repair_output/work/2d1c157150f1/target/reports/apidocs/com/alibaba/fastjson/parser/deserializer/class-use/PropertyProcessable.html...
Generating /home/srafi/after-cam-ready/compare_/compile_repair_output/work/2d1c157150f1/target/reports/apidocs/com/alibaba/fastjson/parser/deserializer/class-use/FieldTypeResolver.html...
Generating /home/srafi/after-cam-ready/compare_/compile_repair_output/work/2d1c157150f1/target/reports/apidocs/com/alibaba/fastjson/parser/deserializer/class-use/AbstractDateDeserializer.html...
Generating /home/srafi/after-cam-ready/compare_/compile_repair_output/work/2d1c157150f1/target/reports/apidocs/com/alibaba/fastjson/parser/deserializer/class-use/ObjectDeserializer.html...
Generating /home/srafi/after-cam-ready/compare_/compile_repair_output/work/2d1c157150f1/target/reports/apidocs/com/alibaba/fastjson/parser/deserializer/class-use/ParseProcess.html...
Generating /home/srafi/after-cam-ready/compare_/compile_repair_output/work/2d1c157150f1/target/reports/apidocs/com/alibaba/fastjson/parser/deserializer/class-use/ArrayListTypeFieldDeserializer.html...
Generating /home/srafi/after-cam-ready/compare_/compile_repair_output/work/2d1c157150f1/target/reports/apidocs/com/alibaba/fastjson/parser/deserializer/class-use/JavaObjectDeserializer.html...
Generating /home/srafi/after-cam-ready/compare_/compile_repair_output/work/2d1c157150f1/target/reports/apidocs/com/alibaba/fastjson/parser/deserializer/class-use/OptionalCodec.html...
Generating /home/srafi/after-cam-ready/compare_/compile_repair_output/work/2d1c157150f1/target/reports/apidocs/com/alibaba/fastjson/parser/deserializer/class-use/JavaBeanDeserializer.html...
Generating /home/srafi/after-cam-ready/compare_/compile_repair_output/work/2d1c157150f1/target/reports/apidocs/com/alibaba/fastjson/parser/deserializer/class-use/StackTraceElementDeserializer.html...
Generating /home/srafi/after-cam-ready/compare_/compile_repair_output/work/2d1c157150f1/target/reports/apidocs/com/alibaba/fastjson/parser/deserializer/class-use/PropertyProcessableDeserializer.html...
Generating /home/srafi/after-cam-ready/compare_/compile_repair_output/work/2d1c157150f1/target/reports/apidocs/com/alibaba/fastjson/parser/deserializer/class-use/ContextObjectDeserializer.html...
Generating /home/srafi/after-cam-ready/compare_/compile_repair_output/work/2d1c157150f1/target/reports/apidocs/com/alibaba/fastjson/parser/deserializer/class-use/ASMDeserializerFactory.html...
Generating /home/srafi/after-cam-ready/compare_/compile_repair_output/work/2d1c157150f1/target/reports/apidocs/com/alibaba/fastjson/parser/deserializer/class-use/Jdk8DateCodec.html...
Generating /home/srafi/after-cam-ready/compare_/compile_repair_output/work/2d1c157150f1/target/reports/apidocs/com/alibaba/fastjson/parser/deserializer/class-use/SqlDateDeserializer.html...
Generating /home/srafi/after-cam-ready/compare_/compile_repair_output/work/2d1c157150f1/target/reports/apidocs/com/alibaba/fastjson/parser/deserializer/class-use/FieldDeserializer.html...
Generating /home/srafi/after-cam-ready/compare_/compile_repair_output/work/2d1c157150f1/target/reports/apidocs/com/alibaba/fastjson/parser/deserializer/class-use/DefaultFieldDeserializer.html...
Generating /home/srafi/after-cam-ready/compare_/compile_repair_output/work/2d1c157150f1/target/reports/apidocs/com/alibaba/fastjson/parser/deserializer/class-use/ExtraProcessable.html...
Generating /home/srafi/after-cam-ready/compare_/compile_repair_output/work/2d1c157150f1/target/reports/apidocs/com/alibaba/fastjson/parser/deserializer/class-use/AutowiredObjectDeserializer.html...
Generating /home/srafi/after-cam-ready/compare_/compile_repair_output/work/2d1c157150f1/target/reports/apidocs/com/alibaba/fastjson/util/class-use/JavaBeanInfo.html...
Generating /home/srafi/after-cam-ready/compare_/compile_repair_output/work/2d1c157150f1/target/reports/apidocs/com/alibaba/fastjson/util/class-use/ParameterizedTypeImpl.html...
Generating /home/srafi/after-cam-ready/compare_/compile_repair_output/work/2d1c157150f1/target/reports/apidocs/com/alibaba/fastjson/util/class-use/ASMClassLoader.html...
Generating /home/srafi/after-cam-ready/compare_/compile_repair_output/work/2d1c157150f1/target/reports/apidocs/com/alibaba/fastjson/util/class-use/RyuFloat.html...
Generating /home/srafi/after-cam-ready/compare_/compile_repair_output/work/2d1c157150f1/target/reports/apidocs/com/alibaba/fastjson/util/class-use/UTF8Decoder.html...
Generating /home/srafi/after-cam-ready/compare_/compile_repair_output/work/2d1c157150f1/target/reports/apidocs/com/alibaba/fastjson/util/class-use/AntiCollisionHashMap.html...
Generating /home/srafi/after-cam-ready/compare_/compile_repair_output/work/2d1c157150f1/target/reports/apidocs/com/alibaba/fastjson/util/class-use/IOUtils.html...
Generating /home/srafi/after-cam-ready/compare_/compile_repair_output/work/2d1c157150f1/target/reports/apidocs/com/alibaba/fastjson/util/class-use/FieldInfo.html...
Generating /home/srafi/after-cam-ready/compare_/compile_repair_output/work/2d1c157150f1/target/reports/apidocs/com/alibaba/fastjson/util/class-use/Base64.html...
Generating /home/srafi/after-cam-ready/compare_/compile_repair_output/work/2d1c157150f1/target/reports/apidocs/com/alibaba/fastjson/util/class-use/ServiceLoader.html...
Generating /home/srafi/after-cam-ready/compare_/compile_repair_output/work/2d1c157150f1/target/reports/apidocs/com/alibaba/fastjson/util/class-use/TypeUtils.html...
Generating /home/srafi/after-cam-ready/compare_/compile_repair_output/work/2d1c157150f1/target/reports/apidocs/com/alibaba/fastjson/util/class-use/RyuDouble.html...
Generating /home/srafi/after-cam-ready/compare_/compile_repair_output/work/2d1c157150f1/target/reports/apidocs/com/alibaba/fastjson/util/class-use/ASMUtils.html...
Generating /home/srafi/after-cam-ready/compare_/compile_repair_output/work/2d1c157150f1/target/reports/apidocs/com/alibaba/fastjson/util/class-use/IdentityHashMap.html...
Generating /home/srafi/after-cam-ready/compare_/compile_repair_output/work/2d1c157150f1/target/reports/apidocs/com/alibaba/fastjson/util/class-use/ThreadLocalCache.html...
Generating /home/srafi/after-cam-ready/compare_/compile_repair_output/work/2d1c157150f1/target/reports/apidocs/com/alibaba/fastjson/annotation/class-use/JSONCreator.html...
Generating /home/srafi/after-cam-ready/compare_/compile_repair_output/work/2d1c157150f1/target/reports/apidocs/com/alibaba/fastjson/annotation/class-use/JSONPOJOBuilder.html...
Generating /home/srafi/after-cam-ready/compare_/compile_repair_output/work/2d1c157150f1/target/reports/apidocs/com/alibaba/fastjson/annotation/class-use/JSONField.html...
Generating /home/srafi/after-cam-ready/compare_/compile_repair_output/work/2d1c157150f1/target/reports/apidocs/com/alibaba/fastjson/annotation/class-use/JSONType.html...
Generating /home/srafi/after-cam-ready/compare_/compile_repair_output/work/2d1c157150f1/target/reports/apidocs/com/alibaba/fastjson/serializer/class-use/ClobSeriliazer.html...
Generating /home/srafi/after-cam-ready/compare_/compile_repair_output/work/2d1c157150f1/target/reports/apidocs/com/alibaba/fastjson/serializer/class-use/FieldSerializer.html...
Generating /home/srafi/after-cam-ready/compare_/compile_repair_output/work/2d1c157150f1/target/reports/apidocs/com/alibaba/fastjson/serializer/class-use/PropertyPreFilter.html...
Generating /home/srafi/after-cam-ready/compare_/compile_repair_output/work/2d1c157150f1/target/reports/apidocs/com/alibaba/fastjson/serializer/class-use/BigDecimalCodec.html...
Generating /home/srafi/after-cam-ready/compare_/compile_repair_output/work/2d1c157150f1/target/reports/apidocs/com/alibaba/fastjson/serializer/class-use/ObjectArrayCodec.html...
Generating /home/srafi/after-cam-ready/compare_/compile_repair_output/work/2d1c157150f1/target/reports/apidocs/com/alibaba/fastjson/serializer/class-use/StringCodec.html...
Generating /home/srafi/after-cam-ready/compare_/compile_repair_output/work/2d1c157150f1/target/reports/apidocs/com/alibaba/fastjson/serializer/class-use/PropertyFilter.html...
Generating /home/srafi/after-cam-ready/compare_/compile_repair_output/work/2d1c157150f1/target/reports/apidocs/com/alibaba/fastjson/serializer/class-use/AwtCodec.html...
Generating /home/srafi/after-cam-ready/compare_/compile_repair_output/work/2d1c157150f1/target/reports/apidocs/com/alibaba/fastjson/serializer/class-use/ListSerializer.html...
Generating /home/srafi/after-cam-ready/compare_/compile_repair_output/work/2d1c157150f1/target/reports/apidocs/com/alibaba/fastjson/serializer/class-use/CalendarCodec.html...
Generating /home/srafi/after-cam-ready/compare_/compile_repair_output/work/2d1c157150f1/target/reports/apidocs/com/alibaba/fastjson/serializer/class-use/AppendableSerializer.html...
Generating /home/srafi/after-cam-ready/compare_/compile_repair_output/work/2d1c157150f1/target/reports/apidocs/com/alibaba/fastjson/serializer/class-use/AfterFilter.html...
Generating /home/srafi/after-cam-ready/compare_/compile_repair_output/work/2d1c157150f1/target/reports/apidocs/com/alibaba/fastjson/serializer/class-use/ToStringSerializer.html...
Generating /home/srafi/after-cam-ready/compare_/compile_repair_output/work/2d1c157150f1/target/reports/apidocs/com/alibaba/fastjson/serializer/class-use/SerializeBeanInfo.html...
Generating /home/srafi/after-cam-ready/compare_/compile_repair_output/work/2d1c157150f1/target/reports/apidocs/com/alibaba/fastjson/serializer/class-use/JodaCodec.html...
Generating /home/srafi/after-cam-ready/compare_/compile_repair_output/work/2d1c157150f1/target/reports/apidocs/com/alibaba/fastjson/serializer/class-use/SerializeWriter.html...
Generating /home/srafi/after-cam-ready/compare_/compile_repair_output/work/2d1c157150f1/target/reports/apidocs/com/alibaba/fastjson/serializer/class-use/DateCodec.html...
Generating /home/srafi/after-cam-ready/compare_/compile_repair_output/work/2d1c157150f1/target/reports/apidocs/com/alibaba/fastjson/serializer/class-use/FloatCodec.html...
Generating /home/srafi/after-cam-ready/compare_/compile_repair_output/work/2d1c157150f1/target/reports/apidocs/com/alibaba/fastjson/serializer/class-use/SerializeFilterable.html...
Generating /home/srafi/after-cam-ready/compare_/compile_repair_output/work/2d1c157150f1/target/reports/apidocs/com/alibaba/fastjson/serializer/class-use/LongCodec.html...
Generating /home/srafi/after-cam-ready/compare_/compile_repair_output/work/2d1c157150f1/target/reports/apidocs/com/alibaba/fastjson/serializer/class-use/DoubleSerializer.html...
Generating /home/srafi/after-cam-ready/compare_/compile_repair_output/work/2d1c157150f1/target/reports/apidocs/com/alibaba/fastjson/serializer/class-use/PrimitiveArraySerializer.html...
Generating /home/srafi/after-cam-ready/compare_/compile_repair_output/work/2d1c157150f1/target/reports/apidocs/com/alibaba/fastjson/serializer/class-use/ReferenceCodec.html...
Generating /home/srafi/after-cam-ready/compare_/compile_repair_output/work/2d1c157150f1/target/reports/apidocs/com/alibaba/fastjson/serializer/class-use/AtomicCodec.html...
Generating /home/srafi/after-cam-ready/compare_/compile_repair_output/work/2d1c157150f1/target/reports/apidocs/com/alibaba/fastjson/serializer/class-use/PascalNameFilter.html...
Generating /home/srafi/after-cam-ready/compare_/compile_repair_output/work/2d1c157150f1/target/reports/apidocs/com/alibaba/fastjson/serializer/class-use/SimplePropertyPreFilter.html...
Generating /home/srafi/after-cam-ready/compare_/compile_repair_output/work/2d1c157150f1/target/reports/apidocs/com/alibaba/fastjson/serializer/class-use/ContextValueFilter.html...
Generating /home/srafi/after-cam-ready/compare_/compile_repair_output/work/2d1c157150f1/target/reports/apidocs/com/alibaba/fastjson/serializer/class-use/AnnotationSerializer.html...
Generating /home/srafi/after-cam-ready/compare_/compile_repair_output/work/2d1c157150f1/target/reports/apidocs/com/alibaba/fastjson/serializer/class-use/MapSerializer.html...
Generating /home/srafi/after-cam-ready/compare_/compile_repair_output/work/2d1c157150f1/target/reports/apidocs/com/alibaba/fastjson/serializer/class-use/ObjectSerializer.html...
Generating /home/srafi/after-cam-ready/compare_/compile_repair_output/work/2d1c157150f1/target/reports/apidocs/com/alibaba/fastjson/serializer/class-use/ContextObjectSerializer.html...
Generating /home/srafi/after-cam-ready/compare_/compile_repair_output/work/2d1c157150f1/target/reports/apidocs/com/alibaba/fastjson/serializer/class-use/SerialContext.html...
Generating /home/srafi/after-cam-ready/compare_/compile_repair_output/work/2d1c157150f1/target/reports/apidocs/com/alibaba/fastjson/serializer/class-use/BeanContext.html...
Generating /home/srafi/after-cam-ready/compare_/compile_repair_output/work/2d1c157150f1/target/reports/apidocs/com/alibaba/fastjson/serializer/class-use/BeforeFilter.html...
Generating /home/srafi/after-cam-ready/compare_/compile_repair_output/work/2d1c157150f1/target/reports/apidocs/com/alibaba/fastjson/serializer/class-use/LabelFilter.html...
Generating /home/srafi/after-cam-ready/compare_/compile_repair_output/work/2d1c157150f1/target/reports/apidocs/com/alibaba/fastjson/serializer/class-use/EnumSerializer.html...
Generating /home/srafi/after-cam-ready/compare_/compile_repair_output/work/2d1c157150f1/target/reports/apidocs/com/alibaba/fastjson/serializer/class-use/NameFilter.html...
Generating /home/srafi/after-cam-ready/compare_/compile_repair_output/work/2d1c157150f1/target/reports/apidocs/com/alibaba/fastjson/serializer/class-use/EnumerationSerializer.html...
Generating /home/srafi/after-cam-ready/compare_/compile_repair_output/work/2d1c157150f1/target/reports/apidocs/com/alibaba/fastjson/serializer/class-use/CharArrayCodec.html...
Generating /home/srafi/after-cam-ready/compare_/compile_repair_output/work/2d1c157150f1/target/reports/apidocs/com/alibaba/fastjson/serializer/class-use/ASMSerializerFactory.html...
Generating /home/srafi/after-cam-ready/compare_/compile_repair_output/work/2d1c157150f1/target/reports/apidocs/com/alibaba/fastjson/serializer/class-use/BigIntegerCodec.html...
Generating /home/srafi/after-cam-ready/compare_/compile_repair_output/work/2d1c157150f1/target/reports/apidocs/com/alibaba/fastjson/serializer/class-use/ArraySerializer.html...
Generating /home/srafi/after-cam-ready/compare_/compile_repair_output/work/2d1c157150f1/target/reports/apidocs/com/alibaba/fastjson/serializer/class-use/CollectionCodec.html...
Generating /home/srafi/after-cam-ready/compare_/compile_repair_output/work/2d1c157150f1/target/reports/apidocs/com/alibaba/fastjson/serializer/class-use/JSONAwareSerializer.html...
Generating /home/srafi/after-cam-ready/compare_/compile_repair_output/work/2d1c157150f1/target/reports/apidocs/com/alibaba/fastjson/serializer/class-use/BooleanCodec.html...
Generating /home/srafi/after-cam-ready/compare_/compile_repair_output/work/2d1c157150f1/target/reports/apidocs/com/alibaba/fastjson/serializer/class-use/AutowiredObjectSerializer.html...
Generating /home/srafi/after-cam-ready/compare_/compile_repair_output/work/2d1c157150f1/target/reports/apidocs/com/alibaba/fastjson/serializer/class-use/JSONSerializableSerializer.html...
Generating /home/srafi/after-cam-ready/compare_/compile_repair_output/work/2d1c157150f1/target/reports/apidocs/com/alibaba/fastjson/serializer/class-use/IntegerCodec.html...
Generating /home/srafi/after-cam-ready/compare_/compile_repair_output/work/2d1c157150f1/target/reports/apidocs/com/alibaba/fastjson/serializer/class-use/GuavaCodec.html...
Generating /home/srafi/after-cam-ready/compare_/compile_repair_output/work/2d1c157150f1/target/reports/apidocs/com/alibaba/fastjson/serializer/class-use/ValueFilter.html...
Generating /home/srafi/after-cam-ready/compare_/compile_repair_output/work/2d1c157150f1/target/reports/apidocs/com/alibaba/fastjson/serializer/class-use/SerializerFeature.html...
Generating /home/srafi/after-cam-ready/compare_/compile_repair_output/work/2d1c157150f1/target/reports/apidocs/com/alibaba/fastjson/serializer/class-use/SimpleDateFormatSerializer.html...
Generating /home/srafi/after-cam-ready/compare_/compile_repair_output/work/2d1c157150f1/target/reports/apidocs/com/alibaba/fastjson/serializer/class-use/SerializeFilter.html...
Generating /home/srafi/after-cam-ready/compare_/compile_repair_output/work/2d1c157150f1/target/reports/apidocs/com/alibaba/fastjson/serializer/class-use/Labels.html...
Generating /home/srafi/after-cam-ready/compare_/compile_repair_output/work/2d1c157150f1/target/reports/apidocs/com/alibaba/fastjson/serializer/class-use/JSONSerializerMap.html...
Generating /home/srafi/after-cam-ready/compare_/compile_repair_output/work/2d1c157150f1/target/reports/apidocs/com/alibaba/fastjson/serializer/class-use/JavaBeanSerializer.html...
Generating /home/srafi/after-cam-ready/compare_/compile_repair_output/work/2d1c157150f1/target/reports/apidocs/com/alibaba/fastjson/serializer/class-use/JSONSerializer.html...
Generating /home/srafi/after-cam-ready/compare_/compile_repair_output/work/2d1c157150f1/target/reports/apidocs/com/alibaba/fastjson/serializer/class-use/JSONSerializable.html...
Generating /home/srafi/after-cam-ready/compare_/compile_repair_output/work/2d1c157150f1/target/reports/apidocs/com/alibaba/fastjson/serializer/class-use/CharacterCodec.html...
Generating /home/srafi/after-cam-ready/compare_/compile_repair_output/work/2d1c157150f1/target/reports/apidocs/com/alibaba/fastjson/serializer/class-use/JSONLibDataFormatSerializer.html...
Generating /home/srafi/after-cam-ready/compare_/compile_repair_output/work/2d1c157150f1/target/reports/apidocs/com/alibaba/fastjson/serializer/class-use/MiscCodec.html...
Generating /home/srafi/after-cam-ready/compare_/compile_repair_output/work/2d1c157150f1/target/reports/apidocs/com/alibaba/fastjson/serializer/class-use/SerializeConfig.html...
Generating /home/srafi/after-cam-ready/compare_/compile_repair_output/work/2d1c157150f1/target/reports/apidocs/com/alibaba/fastjson/serializer/class-use/AdderSerializer.html...
Generating /home/srafi/after-cam-ready/compare_/compile_repair_output/work/2d1c157150f1/target/reports/apidocs/com/alibaba/fastjson/support/hsf/class-use/MethodLocator.html...
Generating /home/srafi/after-cam-ready/compare_/compile_repair_output/work/2d1c157150f1/target/reports/apidocs/com/alibaba/fastjson/support/hsf/class-use/HSFJSONUtils.html...
Generating /home/srafi/after-cam-ready/compare_/compile_repair_output/work/2d1c157150f1/target/reports/apidocs/com/alibaba/fastjson/support/retrofit/class-use/Retrofit2ConverterFactory.html...
Generating /home/srafi/after-cam-ready/compare_/compile_repair_output/work/2d1c157150f1/target/reports/apidocs/com/alibaba/fastjson/support/jaxrs/class-use/FastJsonFeature.html...
Generating /home/srafi/after-cam-ready/compare_/compile_repair_output/work/2d1c157150f1/target/reports/apidocs/com/alibaba/fastjson/support/jaxrs/class-use/FastJsonProvider.html...
Generating /home/srafi/after-cam-ready/compare_/compile_repair_output/work/2d1c157150f1/target/reports/apidocs/com/alibaba/fastjson/support/jaxrs/class-use/FastJsonAutoDiscoverable.html...
Generating /home/srafi/after-cam-ready/compare_/compile_repair_output/work/2d1c157150f1/target/reports/apidocs/com/alibaba/fastjson/support/springfox/class-use/SwaggerJsonSerializer.html...
Generating /home/srafi/after-cam-ready/compare_/compile_repair_output/work/2d1c157150f1/target/reports/apidocs/com/alibaba/fastjson/support/spring/class-use/FastJsonViewResponseBodyAdvice.html...
Generating /home/srafi/after-cam-ready/compare_/compile_repair_output/work/2d1c157150f1/target/reports/apidocs/com/alibaba/fastjson/support/spring/class-use/MappingFastJsonValue.html...
Generating /home/srafi/after-cam-ready/compare_/compile_repair_output/work/2d1c157150f1/target/reports/apidocs/com/alibaba/fastjson/support/spring/class-use/FastJsonpHttpMessageConverter4.html...
Generating /home/srafi/after-cam-ready/compare_/compile_repair_output/work/2d1c157150f1/target/reports/apidocs/com/alibaba/fastjson/support/spring/class-use/FastJsonpResponseBodyAdvice.html...
Generating /home/srafi/after-cam-ready/compare_/compile_repair_output/work/2d1c157150f1/target/reports/apidocs/com/alibaba/fastjson/support/spring/class-use/JSONPResponseBodyAdvice.html...
Generating /home/srafi/after-cam-ready/compare_/compile_repair_output/work/2d1c157150f1/target/reports/apidocs/com/alibaba/fastjson/support/spring/class-use/FastJsonHttpMessageConverter.html...
Generating /home/srafi/after-cam-ready/compare_/compile_repair_output/work/2d1c157150f1/target/reports/apidocs/com/alibaba/fastjson/support/spring/class-use/GenericFastJsonRedisSerializer.html...
Generating /home/srafi/after-cam-ready/compare_/compile_repair_output/work/2d1c157150f1/target/reports/apidocs/com/alibaba/fastjson/support/spring/class-use/FastJsonContainer.html...
Generating /home/srafi/after-cam-ready/compare_/compile_repair_output/work/2d1c157150f1/target/reports/apidocs/com/alibaba/fastjson/support/spring/class-use/FastjsonSockJsMessageCodec.html...
Generating /home/srafi/after-cam-ready/compare_/compile_repair_output/work/2d1c157150f1/target/reports/apidocs/com/alibaba/fastjson/support/spring/class-use/FastJsonJsonView.html...
Generating /home/srafi/after-cam-ready/compare_/compile_repair_output/work/2d1c157150f1/target/reports/apidocs/com/alibaba/fastjson/support/spring/class-use/FastJsonHttpMessageConverter4.html...
Generating /home/srafi/after-cam-ready/compare_/compile_repair_output/work/2d1c157150f1/target/reports/apidocs/com/alibaba/fastjson/support/spring/class-use/PropertyPreFilters.html...
Generating /home/srafi/after-cam-ready/compare_/compile_repair_output/work/2d1c157150f1/target/reports/apidocs/com/alibaba/fastjson/support/spring/class-use/PropertyPreFilters.MySimplePropertyPreFilter.html...
Generating /home/srafi/after-cam-ready/compare_/compile_repair_output/work/2d1c157150f1/target/reports/apidocs/com/alibaba/fastjson/support/spring/class-use/FastJsonRedisSerializer.html...
Generating /home/srafi/after-cam-ready/compare_/compile_repair_output/work/2d1c157150f1/target/reports/apidocs/com/alibaba/fastjson/support/spring/messaging/class-use/MappingFastJsonMessageConverter.html...
Generating /home/srafi/after-cam-ready/compare_/compile_repair_output/work/2d1c157150f1/target/reports/apidocs/com/alibaba/fastjson/support/spring/annotation/class-use/FastJsonFilter.html...
Generating /home/srafi/after-cam-ready/compare_/compile_repair_output/work/2d1c157150f1/target/reports/apidocs/com/alibaba/fastjson/support/spring/annotation/class-use/FastJsonView.html...
Generating /home/srafi/after-cam-ready/compare_/compile_repair_output/work/2d1c157150f1/target/reports/apidocs/com/alibaba/fastjson/support/spring/annotation/class-use/ResponseJSONP.html...
Generating /home/srafi/after-cam-ready/compare_/compile_repair_output/work/2d1c157150f1/target/reports/apidocs/com/alibaba/fastjson/support/config/class-use/FastJsonConfig.html...
Generating /home/srafi/after-cam-ready/compare_/compile_repair_output/work/2d1c157150f1/target/reports/apidocs/com/alibaba/fastjson/asm/class-use/Type.html...
Generating /home/srafi/after-cam-ready/compare_/compile_repair_output/work/2d1c157150f1/target/reports/apidocs/com/alibaba/fastjson/asm/class-use/MethodWriter.html...
Generating /home/srafi/after-cam-ready/compare_/compile_repair_output/work/2d1c157150f1/target/reports/apidocs/com/alibaba/fastjson/asm/class-use/TypeCollector.html...
Generating /home/srafi/after-cam-ready/compare_/compile_repair_output/work/2d1c157150f1/target/reports/apidocs/com/alibaba/fastjson/asm/class-use/MethodVisitor.html...
Generating /home/srafi/after-cam-ready/compare_/compile_repair_output/work/2d1c157150f1/target/reports/apidocs/com/alibaba/fastjson/asm/class-use/Opcodes.html...
Generating /home/srafi/after-cam-ready/compare_/compile_repair_output/work/2d1c157150f1/target/reports/apidocs/com/alibaba/fastjson/asm/class-use/FieldWriter.html...
Generating /home/srafi/after-cam-ready/compare_/compile_repair_output/work/2d1c157150f1/target/reports/apidocs/com/alibaba/fastjson/asm/class-use/ClassReader.html...
Generating /home/srafi/after-cam-ready/compare_/compile_repair_output/work/2d1c157150f1/target/reports/apidocs/com/alibaba/fastjson/asm/class-use/ClassWriter.html...
Generating /home/srafi/after-cam-ready/compare_/compile_repair_output/work/2d1c157150f1/target/reports/apidocs/com/alibaba/fastjson/asm/class-use/MethodCollector.html...
Generating /home/srafi/after-cam-ready/compare_/compile_repair_output/work/2d1c157150f1/target/reports/apidocs/com/alibaba/fastjson/asm/class-use/ByteVector.html...
Generating /home/srafi/after-cam-ready/compare_/compile_repair_output/work/2d1c157150f1/target/reports/apidocs/com/alibaba/fastjson/asm/class-use/Label.html...
Generating /home/srafi/after-cam-ready/compare_/compile_repair_output/work/2d1c157150f1/target/reports/apidocs/com/alibaba/fastjson/package-use.html...
Generating /home/srafi/after-cam-ready/compare_/compile_repair_output/work/2d1c157150f1/target/reports/apidocs/com/alibaba/fastjson/annotation/package-use.html...
Generating /home/srafi/after-cam-ready/compare_/compile_repair_output/work/2d1c157150f1/target/reports/apidocs/com/alibaba/fastjson/asm/package-use.html...
Generating /home/srafi/after-cam-ready/compare_/compile_repair_output/work/2d1c157150f1/target/reports/apidocs/com/alibaba/fastjson/parser/package-use.html...
Generating /home/srafi/after-cam-ready/compare_/compile_repair_output/work/2d1c157150f1/target/reports/apidocs/com/alibaba/fastjson/parser/deserializer/package-use.html...
Generating /home/srafi/after-cam-ready/compare_/compile_repair_output/work/2d1c157150f1/target/reports/apidocs/com/alibaba/fastjson/serializer/package-use.html...
Generating /home/srafi/after-cam-ready/compare_/compile_repair_output/work/2d1c157150f1/target/reports/apidocs/com/alibaba/fastjson/support/config/package-use.html...
Generating /home/srafi/after-cam-ready/compare_/compile_repair_output/work/2d1c157150f1/target/reports/apidocs/com/alibaba/fastjson/support/hsf/package-use.html...
Generating /home/srafi/after-cam-ready/compare_/compile_repair_output/work/2d1c157150f1/target/reports/apidocs/com/alibaba/fastjson/support/jaxrs/package-use.html...
Generating /home/srafi/after-cam-ready/compare_/compile_repair_output/work/2d1c157150f1/target/reports/apidocs/com/alibaba/fastjson/support/retrofit/package-use.html...
Generating /home/srafi/after-cam-ready/compare_/compile_repair_output/work/2d1c157150f1/target/reports/apidocs/com/alibaba/fastjson/support/spring/package-use.html...
Generating /home/srafi/after-cam-ready/compare_/compile_repair_output/work/2d1c157150f1/target/reports/apidocs/com/alibaba/fastjson/support/spring/annotation/package-use.html...
Generating /home/srafi/after-cam-ready/compare_/compile_repair_output/work/2d1c157150f1/target/reports/apidocs/com/alibaba/fastjson/support/spring/messaging/package-use.html...
Generating /home/srafi/after-cam-ready/compare_/compile_repair_output/work/2d1c157150f1/target/reports/apidocs/com/alibaba/fastjson/support/springfox/package-use.html...
Generating /home/srafi/after-cam-ready/compare_/compile_repair_output/work/2d1c157150f1/target/reports/apidocs/com/alibaba/fastjson/util/package-use.html...
Building index for all the packages and classes...
Generating /home/srafi/after-cam-ready/compare_/compile_repair_output/work/2d1c157150f1/target/reports/apidocs/overview-tree.html...
Generating /home/srafi/after-cam-ready/compare_/compile_repair_output/work/2d1c157150f1/target/reports/apidocs/index-all.html...
Generating /home/srafi/after-cam-ready/compare_/compile_repair_output/work/2d1c157150f1/target/reports/apidocs/deprecated-list.html...
Building index for all classes...
Generating /home/srafi/after-cam-ready/compare_/compile_repair_output/work/2d1c157150f1/target/reports/apidocs/allclasses-frame.html...
Generating /home/srafi/after-cam-ready/compare_/compile_repair_output/work/2d1c157150f1/target/reports/apidocs/allclasses-noframe.html...
Generating /home/srafi/after-cam-ready/compare_/compile_repair_output/work/2d1c157150f1/target/reports/apidocs/index.html...
Generating /home/srafi/after-cam-ready/compare_/compile_repair_output/work/2d1c157150f1/target/reports/apidocs/overview-summary.html...
Generating /home/srafi/after-cam-ready/compare_/compile_repair_output/work/2d1c157150f1/target/reports/apidocs/help-doc.html...
11 warnings
[WARNING] Javadoc Warnings
[WARNING] /home/srafi/after-cam-ready/compare_/compile_repair_output/work/2d1c157150f1/src/main/java/com/alibaba/fastjson/JSON.java:249: warning - @return tag has no arguments.
[WARNING] /home/srafi/after-cam-ready/compare_/compile_repair_output/work/2d1c157150f1/src/main/java/com/alibaba/fastjson/JSON.java:654: warning - @return tag has no arguments.
[WARNING] /home/srafi/after-cam-ready/compare_/compile_repair_output/work/2d1c157150f1/src/main/java/com/alibaba/fastjson/JSONArray.java:70: warning - @return tag has no arguments.
[WARNING] /home/srafi/after-cam-ready/compare_/compile_repair_output/work/2d1c157150f1/src/main/java/com/alibaba/fastjson/JSONPath.java:506: warning - @return tag has no arguments.
[WARNING] /home/srafi/after-cam-ready/compare_/compile_repair_output/work/2d1c157150f1/src/main/java/com/alibaba/fastjson/JSONPath.java:523: warning - @return tag has no arguments.
[WARNING] /home/srafi/after-cam-ready/compare_/compile_repair_output/work/2d1c157150f1/src/main/java/com/alibaba/fastjson/parser/JSONLexerBase.java:5136: warning - @return tag has no arguments.
[WARNING] /home/srafi/after-cam-ready/compare_/compile_repair_output/work/2d1c157150f1/src/main/java/com/alibaba/fastjson/annotation/JSONField.java:37: warning - @return tag has no arguments.
[WARNING] /home/srafi/after-cam-ready/compare_/compile_repair_output/work/2d1c157150f1/src/main/java/com/alibaba/fastjson/serializer/SerializeWriter.java:395: warning - @return tag has no arguments.
[WARNING] /home/srafi/after-cam-ready/compare_/compile_repair_output/work/2d1c157150f1/src/main/java/com/alibaba/fastjson/support/spring/annotation/FastJsonView.java:19: warning - Tag @link: reference not found: org.springframework.stereotype.Controller Controller
[WARNING] /home/srafi/after-cam-ready/compare_/compile_repair_output/work/2d1c157150f1/src/main/java/com/alibaba/fastjson/support/spring/annotation/FastJsonView.java:19: warning - Tag @link: reference not found: org.springframework.stereotype.Controller Controller
[WARNING] /home/srafi/after-cam-ready/compare_/compile_repair_output/work/2d1c157150f1/src/main/java/com/alibaba/fastjson/support/spring/annotation/FastJsonView.java:19: warning - Tag @link: reference not found: org.springframework.stereotype.Controller Controller
[INFO] Building jar: /home/srafi/after-cam-ready/compare_/compile_repair_output/work/2d1c157150f1/target/fastjson-1.2.51_preview_09-javadoc.jar
[INFO] 
[INFO] --- maven-gpg-plugin:3.2.8:sign (sign-artifacts) @ fastjson ---
[INFO] Downloading from central: https://repo.maven.apache.org/maven2/org/bouncycastle/bcprov-jdk18on/maven-metadata.xml
[INFO] Downloaded from central: https://repo.maven.apache.org/maven2/org/bouncycastle/bcprov-jdk18on/maven-metadata.xml (918 B at 24 kB/s)
[INFO] Downloading from central: https://repo.maven.apache.org/maven2/org/bouncycastle/bcprov-jdk18on/1.81.1/bcprov-jdk18on-1.81.1.pom
[INFO] Downloaded from central: https://repo.maven.apache.org/maven2/org/bouncycastle/bcprov-jdk18on/1.81.1/bcprov-jdk18on-1.81.1.pom (1.2 kB at 26 kB/s)
[INFO] Downloading from central: https://repo.maven.apache.org/maven2/org/bouncycastle/bcutil-jdk18on/maven-metadata.xml
[INFO] Downloaded from central: https://repo.maven.apache.org/maven2/org/bouncycastle/bcutil-jdk18on/maven-metadata.xml (882 B at 27 kB/s)
[INFO] Downloading from central: https://repo.maven.apache.org/maven2/org/bouncycastle/bcutil-jdk18on/1.81.1/bcutil-jdk18on-1.81.1.pom
[INFO] Downloaded from central: https://repo.maven.apache.org/maven2/org/bouncycastle/bcutil-jdk18on/1.81.1/bcutil-jdk18on-1.81.1.pom (1.3 kB at 35 kB/s)
[INFO] 
[INFO] --- maven-install-plugin:2.4:install (default-install) @ fastjson ---
[INFO] Installing /home/srafi/after-cam-ready/compare_/compile_repair_output/work/2d1c157150f1/target/fastjson-1.2.51_preview_09.jar to /home/srafi/.m2/repository/com/alibaba/fastjson/1.2.51_preview_09/fastjson-1.2.51_preview_09.jar
[INFO] Installing /home/srafi/after-cam-ready/compare_/compile_repair_output/work/2d1c157150f1/pom.xml to /home/srafi/.m2/repository/com/alibaba/fastjson/1.2.51_preview_09/fastjson-1.2.51_preview_09.pom
[INFO] Installing /home/srafi/after-cam-ready/compare_/compile_repair_output/work/2d1c157150f1/target/fastjson-1.2.51_preview_09-sources.jar to /home/srafi/.m2/repository/com/alibaba/fastjson/1.2.51_preview_09/fastjson-1.2.51_preview_09-sources.jar
[INFO] Installing /home/srafi/after-cam-ready/compare_/compile_repair_output/work/2d1c157150f1/target/fastjson-1.2.51_preview_09-javadoc.jar to /home/srafi/.m2/repository/com/alibaba/fastjson/1.2.51_preview_09/fastjson-1.2.51_preview_09-javadoc.jar
[INFO] ------------------------------------------------------------------------
[INFO] BUILD SUCCESS
[INFO] ------------------------------------------------------------------------
[INFO] Total time:  14.596 s
[INFO] Finished at: 2026-08-15T14:11:11-04:00
[INFO] ------------------------------------------------------------------------
