JAVA_HOME=/usr/lib/jvm/java-8-openjdk-amd64
COMMAND=bash /home/srafi/after-cam-ready/compare_/compile_repair_output/work/5c9bf1548f45/mvnw -B clean install -DskipTests -U -pl dubbo-common -am -Ddependency-check.skip=true -Dgpg.skip=true -DfailIfNoTests=false -Dskip.installnodenpm=true -Dskip.npm=true -Dskip.yarn=true -Dlicense.skip=true -Dcheckstyle.skip=true -Drat.skip=true -Denforcer.skip=true -Danimal.sniffer.skip=true -Dmaven.javadoc.skip=true -Dfindbugs.skip=true -Dspotbugs.skip=true -Dwarbucks.skip=true -Dmodernizer.skip=true -Dimpsort.skip=true -Dmdep.analyze.skip=true -Dpgpverify.skip=true -Dxml.skip=true -Dcobertura.skip=true

Downloading https://repo1.maven.org/maven2/org/apache/maven/apache-maven/3.8.1/apache-maven-3.8.1-bin.zip
.................................................................................................................................................................................................................................................................................................................................................................................................................................................................................................
Unzipping /home/srafi/.m2/wrapper/dists/apache-maven-3.8.1-bin/5jr7905sp869ck60ofuug4vpod/apache-maven-3.8.1-bin.zip to /home/srafi/.m2/wrapper/dists/apache-maven-3.8.1-bin/5jr7905sp869ck60ofuug4vpod
Set executable permissions for: /home/srafi/.m2/wrapper/dists/apache-maven-3.8.1-bin/5jr7905sp869ck60ofuug4vpod/apache-maven-3.8.1/bin/mvn
[INFO] Scanning for projects...
[INFO] ------------------------------------------------------------------------
[INFO] Reactor Build Order:
[INFO] 
[INFO] dubbo-build-tools                                                  [jar]
[INFO] dubbo-parent                                                       [pom]
[INFO] dubbo-common                                                       [jar]
[INFO] 
[INFO] -----------------< org.apache.dubbo:dubbo-build-tools >-----------------
[INFO] Building dubbo-build-tools 1.0.0                                   [1/3]
[INFO] --------------------------------[ jar ]---------------------------------
[INFO] 
[INFO] --- maven-clean-plugin:2.5:clean (default-clean) @ dubbo-build-tools ---
[INFO] 
[INFO] --- maven-resources-plugin:2.6:resources (default-resources) @ dubbo-build-tools ---
[WARNING] Using platform encoding (UTF-8 actually) to copy filtered resources, i.e. build is platform dependent!
[INFO] Copying 1 resource
[INFO] 
[INFO] --- maven-compiler-plugin:3.1:compile (default-compile) @ dubbo-build-tools ---
[INFO] No sources to compile
[INFO] 
[INFO] --- maven-resources-plugin:2.6:testResources (default-testResources) @ dubbo-build-tools ---
[WARNING] Using platform encoding (UTF-8 actually) to copy filtered resources, i.e. build is platform dependent!
[INFO] skip non existing resourceDirectory /home/srafi/after-cam-ready/compare_/compile_repair_output/work/5c9bf1548f45/dubbo-build-tools/src/test/resources
[INFO] 
[INFO] --- maven-compiler-plugin:3.1:testCompile (default-testCompile) @ dubbo-build-tools ---
[INFO] No sources to compile
[INFO] 
[INFO] --- maven-surefire-plugin:2.12.4:test (default-test) @ dubbo-build-tools ---
[INFO] Tests are skipped.
[INFO] 
[INFO] --- maven-jar-plugin:2.4:jar (default-jar) @ dubbo-build-tools ---
[INFO] Building jar: /home/srafi/after-cam-ready/compare_/compile_repair_output/work/5c9bf1548f45/dubbo-build-tools/target/dubbo-build-tools-1.0.0.jar
[INFO] 
[INFO] --- apache-rat-plugin:0.13:check (verify.rat) @ dubbo-build-tools ---
[INFO] RAT will not execute since it is configured to be skipped via system property 'rat.skip'.
[INFO] 
[INFO] --- maven-install-plugin:2.4:install (default-install) @ dubbo-build-tools ---
[INFO] Installing /home/srafi/after-cam-ready/compare_/compile_repair_output/work/5c9bf1548f45/dubbo-build-tools/target/dubbo-build-tools-1.0.0.jar to /home/srafi/.m2/repository/org/apache/dubbo/dubbo-build-tools/1.0.0/dubbo-build-tools-1.0.0.jar
[INFO] Installing /home/srafi/after-cam-ready/compare_/compile_repair_output/work/5c9bf1548f45/dubbo-build-tools/pom.xml to /home/srafi/.m2/repository/org/apache/dubbo/dubbo-build-tools/1.0.0/dubbo-build-tools-1.0.0.pom
[INFO] 
[INFO] -------------------< org.apache.dubbo:dubbo-parent >--------------------
[INFO] Building dubbo-parent 3.0.5-SNAPSHOT                               [2/3]
[INFO] --------------------------------[ pom ]---------------------------------
[INFO] 
[INFO] --- maven-clean-plugin:3.1.0:clean (default-clean) @ dubbo-parent ---
[INFO] 
[INFO] --- flatten-maven-plugin:1.2.5:clean (flatten.clean) @ dubbo-parent ---
[INFO] 
[INFO] --- maven-enforcer-plugin:1.4.1:enforce (enforce-maven-version) @ dubbo-parent ---
[INFO] Skipping Rule Enforcement.
[INFO] 
[INFO] --- apache-rat-plugin:0.13:check (rat-validate) @ dubbo-parent ---
[INFO] RAT will not execute since it is configured to be skipped via system property 'rat.skip'.
[INFO] 
[INFO] --- maven-checkstyle-plugin:3.1.2:check (checkstyle-validation) @ dubbo-parent ---
[INFO] 
[INFO] --- maven-checkstyle-plugin:3.1.2:check (checkstyle-unix-validation) @ dubbo-parent ---
[INFO] 
[INFO] --- jacoco-maven-plugin:0.8.6:prepare-agent (jacoco-initialize) @ dubbo-parent ---
[INFO] Skipping JaCoCo execution because property jacoco.skip is set.
[INFO] jacocoArgLine set to empty
[INFO] 
[INFO] --- maven-remote-resources-plugin:1.7.0:process (process-resource-bundles) @ dubbo-parent ---
[INFO] Preparing remote bundle org.apache:apache-jar-resource-bundle:1.4
[INFO] Copying 3 resources from 1 bundle.
[INFO] 
[INFO] --- flatten-maven-plugin:1.2.5:flatten (flatten) @ dubbo-parent ---
[INFO] Generating flattened POM of project org.apache.dubbo:dubbo-parent:pom:3.0.5-SNAPSHOT...
[INFO] 
[INFO] --- maven-site-plugin:3.7.1:attach-descriptor (attach-descriptor) @ dubbo-parent ---
[INFO] No site descriptor found: nothing to attach.
[INFO] 
[INFO] --- jacoco-maven-plugin:0.8.6:report-aggregate (report-aggregate) @ dubbo-parent ---
[INFO] Skipping JaCoCo execution because property jacoco.skip is set.
[INFO] 
[INFO] --- maven-install-plugin:2.5.2:install (default-install) @ dubbo-parent ---
[INFO] Installing /home/srafi/after-cam-ready/compare_/compile_repair_output/work/5c9bf1548f45/.flattened-pom.xml to /home/srafi/.m2/repository/org/apache/dubbo/dubbo-parent/3.0.5-SNAPSHOT/dubbo-parent-3.0.5-SNAPSHOT.pom
[INFO] 
[INFO] -------------------< org.apache.dubbo:dubbo-common >--------------------
[INFO] Building dubbo-common 3.0.5-SNAPSHOT                               [3/3]
[INFO] --------------------------------[ jar ]---------------------------------
[INFO] Downloading from central: https://repo.maven.apache.org/maven2/io/reactivex/rxjava2/rxjava/2.2.21/rxjava-2.2.21.jar
[INFO] Downloaded from central: https://repo.maven.apache.org/maven2/io/reactivex/rxjava2/rxjava/2.2.21/rxjava-2.2.21.jar (2.4 MB at 13 MB/s)
[INFO] 
[INFO] --- maven-clean-plugin:3.1.0:clean (default-clean) @ dubbo-common ---
[INFO] 
[INFO] --- flatten-maven-plugin:1.2.5:clean (flatten.clean) @ dubbo-common ---
[INFO] 
[INFO] --- maven-enforcer-plugin:1.4.1:enforce (enforce-maven-version) @ dubbo-common ---
[INFO] Skipping Rule Enforcement.
[INFO] 
[INFO] --- apache-rat-plugin:0.13:check (rat-validate) @ dubbo-common ---
[INFO] RAT will not execute since it is configured to be skipped via system property 'rat.skip'.
[INFO] 
[INFO] --- maven-checkstyle-plugin:3.1.2:check (checkstyle-validation) @ dubbo-common ---
[INFO] 
[INFO] --- maven-checkstyle-plugin:3.1.2:check (checkstyle-unix-validation) @ dubbo-common ---
[INFO] 
[INFO] --- jacoco-maven-plugin:0.8.6:prepare-agent (jacoco-initialize) @ dubbo-common ---
[INFO] Skipping JaCoCo execution because property jacoco.skip is set.
[INFO] jacocoArgLine set to empty
[INFO] 
[INFO] --- maven-remote-resources-plugin:1.7.0:process (process-resource-bundles) @ dubbo-common ---
[INFO] Preparing remote bundle org.apache:apache-jar-resource-bundle:1.4
[INFO] Copying 3 resources from 1 bundle.
[INFO] 
[INFO] --- maven-resources-plugin:3.1.0:resources (default-resources) @ dubbo-common ---
[INFO] Using 'UTF-8' encoding to copy filtered resources.
[INFO] Copying 18 resources
[INFO] Copying 2 resources to META-INF/
[INFO] Copying 3 resources
[INFO] 
[INFO] --- flatten-maven-plugin:1.2.5:flatten (flatten) @ dubbo-common ---
[INFO] Generating flattened POM of project org.apache.dubbo:dubbo-common:jar:3.0.5-SNAPSHOT...
[INFO] 
[INFO] --- maven-compiler-plugin:3.8.1:compile (default-compile) @ dubbo-common ---
[INFO] Changes detected - recompiling the module!
[INFO] Compiling 348 source files to /home/srafi/after-cam-ready/compare_/compile_repair_output/work/5c9bf1548f45/dubbo-common/target/classes
[INFO] 
[INFO] --- maven-resources-plugin:3.1.0:testResources (default-testResources) @ dubbo-common ---
[INFO] Using 'UTF-8' encoding to copy filtered resources.
[INFO] Copying 50 resources
[INFO] Copying 3 resources
[INFO] 
[INFO] --- maven-compiler-plugin:3.8.1:testCompile (default-testCompile) @ dubbo-common ---
[INFO] Changes detected - recompiling the module!
[INFO] Compiling 322 source files to /home/srafi/after-cam-ready/compare_/compile_repair_output/work/5c9bf1548f45/dubbo-common/target/test-classes
[INFO] 
[INFO] --- maven-surefire-plugin:3.0.0-M5:test (default-test) @ dubbo-common ---
[INFO] Tests are skipped.
[INFO] 
[INFO] --- maven-jar-plugin:3.2.0:jar (default-jar) @ dubbo-common ---
[INFO] Building jar: /home/srafi/after-cam-ready/compare_/compile_repair_output/work/5c9bf1548f45/dubbo-common/target/dubbo-common-3.0.5-SNAPSHOT.jar
[INFO] 
[INFO] --- maven-site-plugin:3.7.1:attach-descriptor (attach-descriptor) @ dubbo-common ---
[INFO] Skipping because packaging 'jar' is not pom.
[INFO] 
[INFO] --- jacoco-maven-plugin:0.8.6:report-aggregate (report-aggregate) @ dubbo-common ---
[INFO] Skipping JaCoCo execution because property jacoco.skip is set.
[INFO] 
[INFO] --- maven-install-plugin:2.5.2:install (default-install) @ dubbo-common ---
[INFO] Installing /home/srafi/after-cam-ready/compare_/compile_repair_output/work/5c9bf1548f45/dubbo-common/target/dubbo-common-3.0.5-SNAPSHOT.jar to /home/srafi/.m2/repository/org/apache/dubbo/dubbo-common/3.0.5-SNAPSHOT/dubbo-common-3.0.5-SNAPSHOT.jar
[INFO] Installing /home/srafi/after-cam-ready/compare_/compile_repair_output/work/5c9bf1548f45/dubbo-common/.flattened-pom.xml to /home/srafi/.m2/repository/org/apache/dubbo/dubbo-common/3.0.5-SNAPSHOT/dubbo-common-3.0.5-SNAPSHOT.pom
[INFO] ------------------------------------------------------------------------
[INFO] Reactor Summary:
[INFO] 
[INFO] dubbo-build-tools 1.0.0 ............................ SUCCESS [  0.412 s]
[INFO] dubbo-parent 3.0.5-SNAPSHOT ........................ SUCCESS [  0.948 s]
[INFO] dubbo-common 3.0.5-SNAPSHOT ........................ SUCCESS [  5.254 s]
[INFO] ------------------------------------------------------------------------
[INFO] BUILD SUCCESS
[INFO] ------------------------------------------------------------------------
[INFO] Total time:  7.054 s
[INFO] Finished at: 2026-08-15T14:25:28-04:00
[INFO] ------------------------------------------------------------------------
