JAVA_HOME=/usr/lib/jvm/java-8-openjdk-amd64
COMMAND=mvn -B clean install -DskipTests -U -pl hutool-core -am -Ddependency-check.skip=true -Dgpg.skip=true -DfailIfNoTests=false -Dskip.installnodenpm=true -Dskip.npm=true -Dskip.yarn=true -Dlicense.skip=true -Dcheckstyle.skip=true -Drat.skip=true -Denforcer.skip=true -Danimal.sniffer.skip=true -Dmaven.javadoc.skip=true -Dfindbugs.skip=true -Dspotbugs.skip=true -Dwarbucks.skip=true -Dmodernizer.skip=true -Dimpsort.skip=true -Dmdep.analyze.skip=true -Dpgpverify.skip=true -Dxml.skip=true -Dcobertura.skip=true

[INFO] Scanning for projects...
[INFO] ------------------------------------------------------------------------
[INFO] Reactor Build Order:
[INFO] 
[INFO] hutool                                                             [pom]
[INFO] hutool-core                                                        [jar]
[INFO] 
[INFO] ----------------------< cn.hutool:hutool-parent >-----------------------
[INFO] Building hutool 5.7.14-SNAPSHOT                                    [1/2]
[INFO] --------------------------------[ pom ]---------------------------------
[INFO] 
[INFO] --- maven-clean-plugin:2.5:clean (default-clean) @ hutool-parent ---
[INFO] 
[INFO] --- maven-javadoc-plugin:3.1.1:jar (default) @ hutool-parent ---
[INFO] Skipping javadoc generation
[INFO] 
[INFO] --- maven-install-plugin:2.4:install (default-install) @ hutool-parent ---
[INFO] Installing /home/srafi/after-cam-ready/compare_/compile_repair_output/work/80968c5590f2/pom.xml to /home/srafi/.m2/repository/cn/hutool/hutool-parent/5.7.14-SNAPSHOT/hutool-parent-5.7.14-SNAPSHOT.pom
[INFO] 
[INFO] -----------------------< cn.hutool:hutool-core >------------------------
[INFO] Building hutool-core 5.7.14-SNAPSHOT                               [2/2]
[INFO] --------------------------------[ jar ]---------------------------------
[INFO] 
[INFO] --- maven-clean-plugin:2.5:clean (default-clean) @ hutool-core ---
[INFO] 
[INFO] --- maven-resources-plugin:2.6:resources (default-resources) @ hutool-core ---
[INFO] Using 'utf-8' encoding to copy filtered resources.
[INFO] skip non existing resourceDirectory /home/srafi/after-cam-ready/compare_/compile_repair_output/work/80968c5590f2/hutool-core/src/main/resources
[INFO] 
[INFO] --- maven-compiler-plugin:3.8.1:compile (default-compile) @ hutool-core ---
[INFO] Changes detected - recompiling the module!
[INFO] Compiling 562 source files to /home/srafi/after-cam-ready/compare_/compile_repair_output/work/80968c5590f2/hutool-core/target/classes
[INFO] /home/srafi/after-cam-ready/compare_/compile_repair_output/work/80968c5590f2/hutool-core/src/main/java/cn/hutool/core/util/XmlUtil.java: /home/srafi/after-cam-ready/compare_/compile_repair_output/work/80968c5590f2/hutool-core/src/main/java/cn/hutool/core/util/XmlUtil.java uses or overrides a deprecated API.
[INFO] /home/srafi/after-cam-ready/compare_/compile_repair_output/work/80968c5590f2/hutool-core/src/main/java/cn/hutool/core/util/XmlUtil.java: Recompile with -Xlint:deprecation for details.
[INFO] /home/srafi/after-cam-ready/compare_/compile_repair_output/work/80968c5590f2/hutool-core/src/main/java/cn/hutool/core/map/CustomKeyMap.java: Some input files use unchecked or unsafe operations.
[INFO] /home/srafi/after-cam-ready/compare_/compile_repair_output/work/80968c5590f2/hutool-core/src/main/java/cn/hutool/core/map/CustomKeyMap.java: Recompile with -Xlint:unchecked for details.
[INFO] 
[INFO] --- maven-resources-plugin:2.6:testResources (default-testResources) @ hutool-core ---
[INFO] Using 'utf-8' encoding to copy filtered resources.
[INFO] Copying 14 resources
[INFO] 
[INFO] --- maven-compiler-plugin:3.8.1:testCompile (default-testCompile) @ hutool-core ---
[INFO] Changes detected - recompiling the module!
[INFO] Compiling 177 source files to /home/srafi/after-cam-ready/compare_/compile_repair_output/work/80968c5590f2/hutool-core/target/test-classes
[INFO] /home/srafi/after-cam-ready/compare_/compile_repair_output/work/80968c5590f2/hutool-core/src/test/java/cn/hutool/core/date/DateUtilTest.java: /home/srafi/after-cam-ready/compare_/compile_repair_output/work/80968c5590f2/hutool-core/src/test/java/cn/hutool/core/date/DateUtilTest.java uses or overrides a deprecated API.
[INFO] /home/srafi/after-cam-ready/compare_/compile_repair_output/work/80968c5590f2/hutool-core/src/test/java/cn/hutool/core/date/DateUtilTest.java: Recompile with -Xlint:deprecation for details.
[INFO] 
[INFO] --- maven-surefire-plugin:3.0.0-M8-SNAPSHOT:test (default-test) @ hutool-core ---
[INFO] Downloading from apache.snapshots: https://repository.apache.org/snapshots/org/apache/maven/surefire/maven-surefire-common/3.0.0-M8-SNAPSHOT/maven-metadata.xml
[INFO] Downloading from apache.snapshots: https://repository.apache.org/snapshots/org/apache/maven/surefire/surefire-api/3.0.0-M8-SNAPSHOT/maven-metadata.xml
[INFO] Downloading from apache.snapshots: https://repository.apache.org/snapshots/org/apache/maven/surefire/surefire-logger-api/3.0.0-M8-SNAPSHOT/maven-metadata.xml
[INFO] Downloading from apache.snapshots: https://repository.apache.org/snapshots/org/apache/maven/surefire/surefire-shared-utils/3.0.0-M8-SNAPSHOT/maven-metadata.xml
[INFO] Downloading from apache.snapshots: https://repository.apache.org/snapshots/org/apache/maven/surefire/surefire-extensions-api/3.0.0-M8-SNAPSHOT/maven-metadata.xml
[INFO] Downloading from apache.snapshots: https://repository.apache.org/snapshots/org/apache/maven/surefire/surefire-booter/3.0.0-M8-SNAPSHOT/maven-metadata.xml
[INFO] Downloading from apache.snapshots: https://repository.apache.org/snapshots/org/apache/maven/surefire/surefire-extensions-spi/3.0.0-M8-SNAPSHOT/maven-metadata.xml
[INFO] Tests are skipped.
[INFO] 
[INFO] --- maven-jar-plugin:2.4:jar (default-jar) @ hutool-core ---
[INFO] Building jar: /home/srafi/after-cam-ready/compare_/compile_repair_output/work/80968c5590f2/hutool-core/target/hutool-core-5.7.14-SNAPSHOT.jar
[INFO] 
[INFO] --- maven-javadoc-plugin:3.1.1:jar (default) @ hutool-core ---
[INFO] Skipping javadoc generation
[INFO] 
[INFO] --- maven-install-plugin:2.4:install (default-install) @ hutool-core ---
[INFO] Installing /home/srafi/after-cam-ready/compare_/compile_repair_output/work/80968c5590f2/hutool-core/target/hutool-core-5.7.14-SNAPSHOT.jar to /home/srafi/.m2/repository/cn/hutool/hutool-core/5.7.14-SNAPSHOT/hutool-core-5.7.14-SNAPSHOT.jar
[INFO] Installing /home/srafi/after-cam-ready/compare_/compile_repair_output/work/80968c5590f2/hutool-core/pom.xml to /home/srafi/.m2/repository/cn/hutool/hutool-core/5.7.14-SNAPSHOT/hutool-core-5.7.14-SNAPSHOT.pom
[INFO] ------------------------------------------------------------------------
[INFO] Reactor Summary for hutool 5.7.14-SNAPSHOT:
[INFO] 
[INFO] hutool ............................................. SUCCESS [  0.567 s]
[INFO] hutool-core ........................................ SUCCESS [  7.277 s]
[INFO] ------------------------------------------------------------------------
[INFO] BUILD SUCCESS
[INFO] ------------------------------------------------------------------------
[INFO] Total time:  7.939 s
[INFO] Finished at: 2026-08-15T16:15:00-04:00
[INFO] ------------------------------------------------------------------------
