JAVA_HOME=/usr/lib/jvm/java-8-openjdk-amd64
COMMAND=mvn -B clean install -DskipTests -U -pl processing -am -Ddependency-check.skip=true -Dgpg.skip=true -DfailIfNoTests=false -Dskip.installnodenpm=true -Dskip.npm=true -Dskip.yarn=true -Dlicense.skip=true -Dcheckstyle.skip=true -Drat.skip=true -Denforcer.skip=true -Danimal.sniffer.skip=true -Dmaven.javadoc.skip=true -Dfindbugs.skip=true -Dspotbugs.skip=true -Dwarbucks.skip=true -Dmodernizer.skip=true -Dimpsort.skip=true -Dmdep.analyze.skip=true -Dpgpverify.skip=true -Dxml.skip=true -Dcobertura.skip=true

[INFO] Scanning for projects...
[INFO] Downloading from maven.org: https://repo1.maven.org/maven2/com/fasterxml/jackson/jackson-bom/2.12.7/jackson-bom-2.12.7.pom
[INFO] Downloaded from maven.org: https://repo1.maven.org/maven2/com/fasterxml/jackson/jackson-bom/2.12.7/jackson-bom-2.12.7.pom (17 kB at 49 kB/s)
[INFO] Downloading from maven.org: https://repo1.maven.org/maven2/com/github/docker-java/docker-java-bom/3.2.13/docker-java-bom-3.2.13.pom
[INFO] Downloaded from maven.org: https://repo1.maven.org/maven2/com/github/docker-java/docker-java-bom/3.2.13/docker-java-bom-3.2.13.pom (2.3 kB at 48 kB/s)
[INFO] Downloading from maven.org: https://repo1.maven.org/maven2/io/opentelemetry/opentelemetry-bom/1.7.0/opentelemetry-bom-1.7.0.pom
[INFO] Downloaded from maven.org: https://repo1.maven.org/maven2/io/opentelemetry/opentelemetry-bom/1.7.0/opentelemetry-bom-1.7.0.pom (6.0 kB at 163 kB/s)
[INFO] Downloading from maven.org: https://repo1.maven.org/maven2/io/opentelemetry/opentelemetry-bom-alpha/1.7.0-alpha/opentelemetry-bom-alpha-1.7.0-alpha.pom
[INFO] Downloaded from maven.org: https://repo1.maven.org/maven2/io/opentelemetry/opentelemetry-bom-alpha/1.7.0-alpha/opentelemetry-bom-alpha-1.7.0-alpha.pom (5.5 kB at 166 kB/s)
Warning: KebabPizza disabling incompatible org.jacoco:jacoco-maven-plugin from druid
Warning: KebabPizza disabling incompatible org.apache.maven.plugins:maven-enforcer-plugin from druid
Warning: KebabPizza disabling incompatible org.jacoco:jacoco-maven-plugin from druid-processing
Warning: KebabPizza disabling incompatible org.apache.maven.plugins:maven-enforcer-plugin from druid-processing
[INFO] ------------------------------------------------------------------------
[INFO] Reactor Build Order:
[INFO] 
[INFO] Druid                                                              [pom]
[INFO] druid-processing                                                   [jar]
[INFO] 
[INFO] -----------------------< org.apache.druid:druid >-----------------------
[INFO] Building Druid 29.0.0-SNAPSHOT                                     [1/2]
[INFO] --------------------------------[ pom ]---------------------------------
[INFO] Downloading from maven.org: https://repo1.maven.org/maven2/pl/project13/maven/git-commit-id-plugin/4.9.10/git-commit-id-plugin-4.9.10.pom
[INFO] Downloaded from maven.org: https://repo1.maven.org/maven2/pl/project13/maven/git-commit-id-plugin/4.9.10/git-commit-id-plugin-4.9.10.pom (12 kB at 333 kB/s)
[INFO] Downloading from maven.org: https://repo1.maven.org/maven2/pl/project13/maven/git-commit-id-plugin-parent/4.9.10/git-commit-id-plugin-parent-4.9.10.pom
[INFO] Downloaded from maven.org: https://repo1.maven.org/maven2/pl/project13/maven/git-commit-id-plugin-parent/4.9.10/git-commit-id-plugin-parent-4.9.10.pom (12 kB at 352 kB/s)
[INFO] Downloading from maven.org: https://repo1.maven.org/maven2/pl/project13/maven/git-commit-id-plugin/4.9.10/git-commit-id-plugin-4.9.10.jar
[INFO] Downloaded from maven.org: https://repo1.maven.org/maven2/pl/project13/maven/git-commit-id-plugin/4.9.10/git-commit-id-plugin-4.9.10.jar (40 kB at 1.3 MB/s)
[INFO] Downloading from maven.org: https://repo1.maven.org/maven2/org/apache/maven/plugins/maven-pmd-plugin/3.16.0/maven-pmd-plugin-3.16.0.pom
[INFO] Downloaded from maven.org: https://repo1.maven.org/maven2/org/apache/maven/plugins/maven-pmd-plugin/3.16.0/maven-pmd-plugin-3.16.0.pom (13 kB at 445 kB/s)
[INFO] Downloading from maven.org: https://repo1.maven.org/maven2/org/apache/maven/plugins/maven-pmd-plugin/3.16.0/maven-pmd-plugin-3.16.0.jar
[INFO] Downloaded from maven.org: https://repo1.maven.org/maven2/org/apache/maven/plugins/maven-pmd-plugin/3.16.0/maven-pmd-plugin-3.16.0.jar (151 kB at 3.8 MB/s)
[INFO] Downloading from maven.org: https://repo1.maven.org/maven2/de/thetaphi/forbiddenapis/3.2/forbiddenapis-3.2.pom
[INFO] Downloaded from maven.org: https://repo1.maven.org/maven2/de/thetaphi/forbiddenapis/3.2/forbiddenapis-3.2.pom (2.9 kB at 87 kB/s)
[INFO] Downloading from maven.org: https://repo1.maven.org/maven2/de/thetaphi/forbiddenapis/3.2/forbiddenapis-3.2.jar
[INFO] Downloaded from maven.org: https://repo1.maven.org/maven2/de/thetaphi/forbiddenapis/3.2/forbiddenapis-3.2.jar (376 kB at 9.4 MB/s)
[INFO] Downloading from maven.org: https://repo1.maven.org/maven2/org/codehaus/mojo/animal-sniffer-maven-plugin/1.23/animal-sniffer-maven-plugin-1.23.pom
[INFO] Downloaded from maven.org: https://repo1.maven.org/maven2/org/codehaus/mojo/animal-sniffer-maven-plugin/1.23/animal-sniffer-maven-plugin-1.23.pom (4.9 kB at 144 kB/s)
[INFO] Downloading from maven.org: https://repo1.maven.org/maven2/org/codehaus/mojo/animal-sniffer-parent/1.23/animal-sniffer-parent-1.23.pom
[INFO] Downloaded from maven.org: https://repo1.maven.org/maven2/org/codehaus/mojo/animal-sniffer-parent/1.23/animal-sniffer-parent-1.23.pom (5.9 kB at 205 kB/s)
[INFO] Downloading from maven.org: https://repo1.maven.org/maven2/org/codehaus/mojo/animal-sniffer-maven-plugin/1.23/animal-sniffer-maven-plugin-1.23.jar
[INFO] Downloaded from maven.org: https://repo1.maven.org/maven2/org/codehaus/mojo/animal-sniffer-maven-plugin/1.23/animal-sniffer-maven-plugin-1.23.jar (35 kB at 1.2 MB/s)
[INFO] Downloading from maven.org: https://repo1.maven.org/maven2/org/cyclonedx/cyclonedx-maven-plugin/2.7.9/cyclonedx-maven-plugin-2.7.9.pom
[INFO] Downloaded from maven.org: https://repo1.maven.org/maven2/org/cyclonedx/cyclonedx-maven-plugin/2.7.9/cyclonedx-maven-plugin-2.7.9.pom (17 kB at 551 kB/s)
[INFO] Downloading from maven.org: https://repo1.maven.org/maven2/org/cyclonedx/cyclonedx-maven-plugin/2.7.9/cyclonedx-maven-plugin-2.7.9.jar
[INFO] Downloaded from maven.org: https://repo1.maven.org/maven2/org/cyclonedx/cyclonedx-maven-plugin/2.7.9/cyclonedx-maven-plugin-2.7.9.jar (45 kB at 1.4 MB/s)
[INFO] 
[INFO] --- maven-clean-plugin:2.5:clean (default-clean) @ druid ---
[INFO] 
[INFO] --- maven-checkstyle-plugin:3.0.0:check (validate) @ druid ---
[INFO] Downloading from maven.org: https://repo1.maven.org/maven2/com/puppycrawl/tools/checkstyle/8.21/checkstyle-8.21.pom
[INFO] Downloaded from maven.org: https://repo1.maven.org/maven2/com/puppycrawl/tools/checkstyle/8.21/checkstyle-8.21.pom (125 kB at 3.1 MB/s)
[INFO] Downloading from maven.org: https://repo1.maven.org/maven2/info/picocli/picocli/3.9.6/picocli-3.9.6.pom
[INFO] Downloaded from maven.org: https://repo1.maven.org/maven2/info/picocli/picocli/3.9.6/picocli-3.9.6.pom (1.4 kB at 42 kB/s)
[INFO] Downloading from maven.org: https://repo1.maven.org/maven2/com/puppycrawl/tools/checkstyle/8.21/checkstyle-8.21.jar
[INFO] Downloading from maven.org: https://repo1.maven.org/maven2/info/picocli/picocli/3.9.6/picocli-3.9.6.jar
[INFO] Downloaded from maven.org: https://repo1.maven.org/maven2/info/picocli/picocli/3.9.6/picocli-3.9.6.jar (265 kB at 4.1 MB/s)
[INFO] Downloaded from maven.org: https://repo1.maven.org/maven2/com/puppycrawl/tools/checkstyle/8.21/checkstyle-8.21.jar (1.3 MB at 20 MB/s)
[INFO] 
[INFO] >>> maven-pmd-plugin:3.16.0:check (validate) > :pmd @ druid >>>
[INFO] 
[INFO] --- maven-pmd-plugin:3.16.0:pmd (pmd) @ druid ---
[INFO] Downloading from maven.org: https://repo1.maven.org/maven2/net/sourceforge/pmd/pmd-core/6.42.0/pmd-core-6.42.0.pom
[INFO] Downloaded from maven.org: https://repo1.maven.org/maven2/net/sourceforge/pmd/pmd-core/6.42.0/pmd-core-6.42.0.pom (8.8 kB at 252 kB/s)
[INFO] Downloading from maven.org: https://repo1.maven.org/maven2/net/sourceforge/pmd/pmd/6.42.0/pmd-6.42.0.pom
[INFO] Downloaded from maven.org: https://repo1.maven.org/maven2/net/sourceforge/pmd/pmd/6.42.0/pmd-6.42.0.pom (48 kB at 1.5 MB/s)
[INFO] Downloading from maven.org: https://repo1.maven.org/maven2/net/sourceforge/pmd/pmd-java/6.42.0/pmd-java-6.42.0.pom
[INFO] Downloaded from maven.org: https://repo1.maven.org/maven2/net/sourceforge/pmd/pmd-java/6.42.0/pmd-java-6.42.0.pom (8.9 kB at 271 kB/s)
[INFO] Downloading from maven.org: https://repo1.maven.org/maven2/net/sourceforge/pmd/pmd-javascript/6.42.0/pmd-javascript-6.42.0.pom
[INFO] Downloaded from maven.org: https://repo1.maven.org/maven2/net/sourceforge/pmd/pmd-javascript/6.42.0/pmd-javascript-6.42.0.pom (4.0 kB at 130 kB/s)
[INFO] Downloading from maven.org: https://repo1.maven.org/maven2/org/mozilla/rhino/1.7.14/rhino-1.7.14.pom
[INFO] Downloaded from maven.org: https://repo1.maven.org/maven2/org/mozilla/rhino/1.7.14/rhino-1.7.14.pom (1.3 kB at 43 kB/s)
[INFO] Downloading from maven.org: https://repo1.maven.org/maven2/net/sourceforge/pmd/pmd-jsp/6.42.0/pmd-jsp-6.42.0.pom
[INFO] Downloaded from maven.org: https://repo1.maven.org/maven2/net/sourceforge/pmd/pmd-jsp/6.42.0/pmd-jsp-6.42.0.pom (3.7 kB at 116 kB/s)
[INFO] Downloading from maven.org: https://repo1.maven.org/maven2/net/sourceforge/pmd/pmd-core/6.42.0/pmd-core-6.42.0.jar
[INFO] Downloading from maven.org: https://repo1.maven.org/maven2/net/sourceforge/pmd/pmd-javascript/6.42.0/pmd-javascript-6.42.0.jar
[INFO] Downloading from maven.org: https://repo1.maven.org/maven2/net/sourceforge/pmd/pmd-java/6.42.0/pmd-java-6.42.0.jar
[INFO] Downloading from maven.org: https://repo1.maven.org/maven2/org/mozilla/rhino/1.7.14/rhino-1.7.14.jar
[INFO] Downloading from maven.org: https://repo1.maven.org/maven2/net/sourceforge/pmd/pmd-jsp/6.42.0/pmd-jsp-6.42.0.jar
[INFO] Downloaded from maven.org: https://repo1.maven.org/maven2/net/sourceforge/pmd/pmd-javascript/6.42.0/pmd-javascript-6.42.0.jar (145 kB at 3.4 MB/s)
[INFO] Downloaded from maven.org: https://repo1.maven.org/maven2/net/sourceforge/pmd/pmd-core/6.42.0/pmd-core-6.42.0.jar (1.3 MB at 20 MB/s)
[INFO] Downloaded from maven.org: https://repo1.maven.org/maven2/net/sourceforge/pmd/pmd-jsp/6.42.0/pmd-jsp-6.42.0.jar (101 kB at 1.2 MB/s)
[INFO] Downloaded from maven.org: https://repo1.maven.org/maven2/net/sourceforge/pmd/pmd-java/6.42.0/pmd-java-6.42.0.jar (1.2 MB at 14 MB/s)
[INFO] Downloaded from maven.org: https://repo1.maven.org/maven2/org/mozilla/rhino/1.7.14/rhino-1.7.14.jar (1.4 MB at 14 MB/s)
[INFO] 
[INFO] <<< maven-pmd-plugin:3.16.0:check (validate) < :pmd @ druid <<<
[INFO] 
[INFO] 
[INFO] --- maven-pmd-plugin:3.16.0:check (validate) @ druid ---
[INFO] 
[INFO] --- git-commit-id-plugin:4.9.10:revision (default) @ druid ---
[INFO] Downloading from maven.org: https://repo1.maven.org/maven2/pl/project13/maven/git-commit-id-plugin-core/4.9.10/git-commit-id-plugin-core-4.9.10.pom
[INFO] Downloaded from maven.org: https://repo1.maven.org/maven2/pl/project13/maven/git-commit-id-plugin-core/4.9.10/git-commit-id-plugin-core-4.9.10.pom (4.4 kB at 125 kB/s)
[INFO] Downloading from maven.org: https://repo1.maven.org/maven2/org/eclipse/jgit/org.eclipse.jgit/5.12.0.202106070339-r/org.eclipse.jgit-5.12.0.202106070339-r.pom
[INFO] Downloaded from maven.org: https://repo1.maven.org/maven2/org/eclipse/jgit/org.eclipse.jgit/5.12.0.202106070339-r/org.eclipse.jgit-5.12.0.202106070339-r.pom (7.6 kB at 216 kB/s)
[INFO] Downloading from maven.org: https://repo1.maven.org/maven2/org/eclipse/jgit/org.eclipse.jgit-parent/5.12.0.202106070339-r/org.eclipse.jgit-parent-5.12.0.202106070339-r.pom
[INFO] Downloaded from maven.org: https://repo1.maven.org/maven2/org/eclipse/jgit/org.eclipse.jgit-parent/5.12.0.202106070339-r/org.eclipse.jgit-parent-5.12.0.202106070339-r.pom (34 kB at 1.0 MB/s)
[INFO] Downloading from maven.org: https://repo1.maven.org/maven2/com/googlecode/javaewah/JavaEWAH/1.1.7/JavaEWAH-1.1.7.pom
[INFO] Downloaded from maven.org: https://repo1.maven.org/maven2/com/googlecode/javaewah/JavaEWAH/1.1.7/JavaEWAH-1.1.7.pom (4.9 kB at 144 kB/s)
[INFO] Downloading from maven.org: https://repo1.maven.org/maven2/org/eclipse/jgit/org.eclipse.jgit.ssh.jsch/5.12.0.202106070339-r/org.eclipse.jgit.ssh.jsch-5.12.0.202106070339-r.pom
[INFO] Downloaded from maven.org: https://repo1.maven.org/maven2/org/eclipse/jgit/org.eclipse.jgit.ssh.jsch/5.12.0.202106070339-r/org.eclipse.jgit.ssh.jsch-5.12.0.202106070339-r.pom (7.2 kB at 219 kB/s)
[INFO] Downloading from maven.org: https://repo1.maven.org/maven2/nu/studer/java-ordered-properties/1.0.4/java-ordered-properties-1.0.4.pom
[INFO] Downloaded from maven.org: https://repo1.maven.org/maven2/nu/studer/java-ordered-properties/1.0.4/java-ordered-properties-1.0.4.pom (1.4 kB at 32 kB/s)
[INFO] Downloading from maven.org: https://repo1.maven.org/maven2/javax/json/javax.json-api/1.1.4/javax.json-api-1.1.4.pom
[INFO] Downloaded from maven.org: https://repo1.maven.org/maven2/javax/json/javax.json-api/1.1.4/javax.json-api-1.1.4.pom (6.7 kB at 159 kB/s)
[INFO] Downloading from maven.org: https://repo1.maven.org/maven2/pl/project13/maven/git-commit-id-plugin-core/4.9.10/git-commit-id-plugin-core-4.9.10.jar
[INFO] Downloading from maven.org: https://repo1.maven.org/maven2/com/googlecode/javaewah/JavaEWAH/1.1.7/JavaEWAH-1.1.7.jar
[INFO] Downloading from maven.org: https://repo1.maven.org/maven2/nu/studer/java-ordered-properties/1.0.4/java-ordered-properties-1.0.4.jar
[INFO] Downloading from maven.org: https://repo1.maven.org/maven2/org/eclipse/jgit/org.eclipse.jgit/5.12.0.202106070339-r/org.eclipse.jgit-5.12.0.202106070339-r.jar
[INFO] Downloading from maven.org: https://repo1.maven.org/maven2/org/eclipse/jgit/org.eclipse.jgit.ssh.jsch/5.12.0.202106070339-r/org.eclipse.jgit.ssh.jsch-5.12.0.202106070339-r.jar
[INFO] Downloaded from maven.org: https://repo1.maven.org/maven2/pl/project13/maven/git-commit-id-plugin-core/4.9.10/git-commit-id-plugin-core-4.9.10.jar (92 kB at 1.8 MB/s)
[INFO] Downloading from maven.org: https://repo1.maven.org/maven2/javax/json/javax.json-api/1.1.4/javax.json-api-1.1.4.jar
[INFO] Downloaded from maven.org: https://repo1.maven.org/maven2/com/googlecode/javaewah/JavaEWAH/1.1.7/JavaEWAH-1.1.7.jar (166 kB at 3.0 MB/s)
[INFO] Downloaded from maven.org: https://repo1.maven.org/maven2/org/eclipse/jgit/org.eclipse.jgit.ssh.jsch/5.12.0.202106070339-r/org.eclipse.jgit.ssh.jsch-5.12.0.202106070339-r.jar (38 kB at 770 kB/s)
[INFO] Downloaded from maven.org: https://repo1.maven.org/maven2/nu/studer/java-ordered-properties/1.0.4/java-ordered-properties-1.0.4.jar (8.9 kB at 158 kB/s)
[INFO] Downloaded from maven.org: https://repo1.maven.org/maven2/javax/json/javax.json-api/1.1.4/javax.json-api-1.1.4.jar (31 kB at 438 kB/s)
[INFO] Downloaded from maven.org: https://repo1.maven.org/maven2/org/eclipse/jgit/org.eclipse.jgit/5.12.0.202106070339-r/org.eclipse.jgit-5.12.0.202106070339-r.jar (2.8 MB at 27 MB/s)
[INFO] 
[INFO] --- maven-remote-resources-plugin:1.7.0:process (process-resource-bundles) @ druid ---
[INFO] Preparing remote bundle org.apache.apache.resources:apache-jar-resource-bundle:1.5
[INFO] Copying 3 resources from 1 bundle.
[INFO] 
[INFO] --- forbiddenapis:3.2:check (compile) @ druid ---
[INFO] Skipping execution for packaging "pom"
[INFO] 
[INFO] --- forbiddenapis:3.2:testCheck (testCompile) @ druid ---
[INFO] Skipping execution for packaging "pom"
[INFO] 
[INFO] --- animal-sniffer-maven-plugin:1.23:check (check-java-api) @ druid ---
[INFO] Downloading from maven.org: https://repo1.maven.org/maven2/org/codehaus/mojo/animal-sniffer/1.23/animal-sniffer-1.23.pom
[INFO] Downloaded from maven.org: https://repo1.maven.org/maven2/org/codehaus/mojo/animal-sniffer/1.23/animal-sniffer-1.23.pom (2.5 kB at 75 kB/s)
[INFO] Downloading from maven.org: https://repo1.maven.org/maven2/org/codehaus/mojo/animal-sniffer-annotations/1.23/animal-sniffer-annotations-1.23.pom
[INFO] Downloaded from maven.org: https://repo1.maven.org/maven2/org/codehaus/mojo/animal-sniffer-annotations/1.23/animal-sniffer-annotations-1.23.pom (1.7 kB at 55 kB/s)
[INFO] Downloading from maven.org: https://repo1.maven.org/maven2/org/codehaus/mojo/java-boot-classpath-detector/1.23/java-boot-classpath-detector-1.23.pom
[INFO] Downloaded from maven.org: https://repo1.maven.org/maven2/org/codehaus/mojo/java-boot-classpath-detector/1.23/java-boot-classpath-detector-1.23.pom (2.2 kB at 72 kB/s)
[INFO] Downloading from maven.org: https://repo1.maven.org/maven2/org/codehaus/mojo/animal-sniffer/1.23/animal-sniffer-1.23.jar
[INFO] Downloading from maven.org: https://repo1.maven.org/maven2/org/codehaus/mojo/animal-sniffer-annotations/1.23/animal-sniffer-annotations-1.23.jar
[INFO] Downloading from maven.org: https://repo1.maven.org/maven2/org/codehaus/mojo/java-boot-classpath-detector/1.23/java-boot-classpath-detector-1.23.jar
[INFO] Downloaded from maven.org: https://repo1.maven.org/maven2/org/codehaus/mojo/animal-sniffer/1.23/animal-sniffer-1.23.jar (39 kB at 1.3 MB/s)
[INFO] Downloaded from maven.org: https://repo1.maven.org/maven2/org/codehaus/mojo/animal-sniffer-annotations/1.23/animal-sniffer-annotations-1.23.jar (3.1 kB at 97 kB/s)
[INFO] Downloaded from maven.org: https://repo1.maven.org/maven2/org/codehaus/mojo/java-boot-classpath-detector/1.23/java-boot-classpath-detector-1.23.jar (4.9 kB at 89 kB/s)
[INFO] Signature checking is skipped.
[INFO] 
[INFO] --- maven-site-plugin:3.11.0:attach-descriptor (attach-descriptor) @ druid ---
[INFO] No site descriptor found: nothing to attach.
[INFO] 
[INFO] --- cyclonedx-maven-plugin:2.7.9:makeBom (default) @ druid ---
[INFO] Downloading from maven.org: https://repo1.maven.org/maven2/org/cyclonedx/cyclonedx-core-java/7.3.2/cyclonedx-core-java-7.3.2.pom
[INFO] Downloaded from maven.org: https://repo1.maven.org/maven2/org/cyclonedx/cyclonedx-core-java/7.3.2/cyclonedx-core-java-7.3.2.pom (13 kB at 298 kB/s)
[INFO] Downloading from maven.org: https://repo1.maven.org/maven2/com/fasterxml/jackson/dataformat/jackson-dataformat-xml/2.14.2/jackson-dataformat-xml-2.14.2.pom
[INFO] Downloaded from maven.org: https://repo1.maven.org/maven2/com/fasterxml/jackson/dataformat/jackson-dataformat-xml/2.14.2/jackson-dataformat-xml-2.14.2.pom (7.2 kB at 145 kB/s)
[INFO] Downloading from maven.org: https://repo1.maven.org/maven2/com/fasterxml/jackson/core/jackson-core/2.14.2/jackson-core-2.14.2.pom
[INFO] Downloaded from maven.org: https://repo1.maven.org/maven2/com/fasterxml/jackson/core/jackson-core/2.14.2/jackson-core-2.14.2.pom (7.0 kB at 163 kB/s)
[INFO] Downloading from maven.org: https://repo1.maven.org/maven2/com/fasterxml/jackson/core/jackson-annotations/2.14.2/jackson-annotations-2.14.2.pom
[INFO] Downloaded from maven.org: https://repo1.maven.org/maven2/com/fasterxml/jackson/core/jackson-annotations/2.14.2/jackson-annotations-2.14.2.pom (6.2 kB at 135 kB/s)
[INFO] Downloading from maven.org: https://repo1.maven.org/maven2/com/fasterxml/woodstox/woodstox-core/6.5.0/woodstox-core-6.5.0.pom
[INFO] Downloaded from maven.org: https://repo1.maven.org/maven2/com/fasterxml/woodstox/woodstox-core/6.5.0/woodstox-core-6.5.0.pom (9.0 kB at 215 kB/s)
[INFO] Downloading from maven.org: https://repo1.maven.org/maven2/com/fasterxml/oss-parent/49/oss-parent-49.pom
[INFO] Downloaded from maven.org: https://repo1.maven.org/maven2/com/fasterxml/oss-parent/49/oss-parent-49.pom (24 kB at 516 kB/s)
[INFO] Downloading from maven.org: https://repo1.maven.org/maven2/com/networknt/json-schema-validator/1.0.77/json-schema-validator-1.0.77.pom
[INFO] Downloaded from maven.org: https://repo1.maven.org/maven2/com/networknt/json-schema-validator/1.0.77/json-schema-validator-1.0.77.pom (15 kB at 309 kB/s)
[INFO] Downloading from maven.org: https://repo1.maven.org/maven2/org/apache/maven/shared/maven-dependency-analyzer/1.13.2/maven-dependency-analyzer-1.13.2.pom
[INFO] Downloaded from maven.org: https://repo1.maven.org/maven2/org/apache/maven/shared/maven-dependency-analyzer/1.13.2/maven-dependency-analyzer-1.13.2.pom (6.4 kB at 143 kB/s)
[INFO] Downloading from maven.org: https://repo1.maven.org/maven2/org/cyclonedx/cyclonedx-core-java/7.3.2/cyclonedx-core-java-7.3.2.jar
[INFO] Downloading from maven.org: https://repo1.maven.org/maven2/com/fasterxml/jackson/dataformat/jackson-dataformat-xml/2.14.2/jackson-dataformat-xml-2.14.2.jar
[INFO] Downloading from maven.org: https://repo1.maven.org/maven2/com/fasterxml/woodstox/woodstox-core/6.5.0/woodstox-core-6.5.0.jar
[INFO] Downloading from maven.org: https://repo1.maven.org/maven2/com/fasterxml/jackson/core/jackson-annotations/2.14.2/jackson-annotations-2.14.2.jar
[INFO] Downloading from maven.org: https://repo1.maven.org/maven2/com/fasterxml/jackson/core/jackson-core/2.14.2/jackson-core-2.14.2.jar
[INFO] Downloaded from maven.org: https://repo1.maven.org/maven2/com/fasterxml/jackson/core/jackson-core/2.14.2/jackson-core-2.14.2.jar (459 kB at 10 MB/s)
[INFO] Downloading from maven.org: https://repo1.maven.org/maven2/com/networknt/json-schema-validator/1.0.77/json-schema-validator-1.0.77.jar
[INFO] Downloaded from maven.org: https://repo1.maven.org/maven2/com/fasterxml/jackson/dataformat/jackson-dataformat-xml/2.14.2/jackson-dataformat-xml-2.14.2.jar (130 kB at 2.9 MB/s)
[INFO] Downloading from maven.org: https://repo1.maven.org/maven2/org/apache/maven/shared/maven-dependency-analyzer/1.13.2/maven-dependency-analyzer-1.13.2.jar
[INFO] Downloaded from maven.org: https://repo1.maven.org/maven2/com/fasterxml/jackson/core/jackson-annotations/2.14.2/jackson-annotations-2.14.2.jar (77 kB at 1.6 MB/s)
[INFO] Downloaded from maven.org: https://repo1.maven.org/maven2/org/cyclonedx/cyclonedx-core-java/7.3.2/cyclonedx-core-java-7.3.2.jar (1.8 MB at 25 MB/s)
[INFO] Downloaded from maven.org: https://repo1.maven.org/maven2/org/apache/maven/shared/maven-dependency-analyzer/1.13.2/maven-dependency-analyzer-1.13.2.jar (39 kB at 532 kB/s)
[INFO] Downloaded from maven.org: https://repo1.maven.org/maven2/com/fasterxml/woodstox/woodstox-core/6.5.0/woodstox-core-6.5.0.jar (1.6 MB at 21 MB/s)
[INFO] Downloaded from maven.org: https://repo1.maven.org/maven2/com/networknt/json-schema-validator/1.0.77/json-schema-validator-1.0.77.jar (255 kB at 3.2 MB/s)
[INFO] CycloneDX: Resolving Dependencies
[INFO] CycloneDX: Creating BOM version 1.4 with 0 component(s)
[INFO] CycloneDX: Writing and validating BOM (XML): /home/srafi/after-cam-ready/compare_/compile_repair_output/work/4ae196d629cd/target/bom.xml
[INFO]            attaching as druid-29.0.0-SNAPSHOT-cyclonedx.xml
[INFO] CycloneDX: Writing and validating BOM (JSON): /home/srafi/after-cam-ready/compare_/compile_repair_output/work/4ae196d629cd/target/bom.json
[WARNING] Unknown keyword additionalItems - you should define your own Meta Schema. If the keyword is irrelevant for validation, just use a NonValidationKeyword
[INFO]            attaching as druid-29.0.0-SNAPSHOT-cyclonedx.json
[INFO] 
[INFO] --- maven-install-plugin:2.3.1:install (default) @ druid ---
[INFO] Installing /home/srafi/after-cam-ready/compare_/compile_repair_output/work/4ae196d629cd/pom.xml to /home/srafi/.m2/repository/org/apache/druid/druid/29.0.0-SNAPSHOT/druid-29.0.0-SNAPSHOT.pom
[INFO] Installing /home/srafi/after-cam-ready/compare_/compile_repair_output/work/4ae196d629cd/target/bom.xml to /home/srafi/.m2/repository/org/apache/druid/druid/29.0.0-SNAPSHOT/druid-29.0.0-SNAPSHOT-cyclonedx.xml
[INFO] Installing /home/srafi/after-cam-ready/compare_/compile_repair_output/work/4ae196d629cd/target/bom.json to /home/srafi/.m2/repository/org/apache/druid/druid/29.0.0-SNAPSHOT/druid-29.0.0-SNAPSHOT-cyclonedx.json
[INFO] 
[INFO] --- maven-install-plugin:2.3.1:install (default-install) @ druid ---
[INFO] Installing /home/srafi/after-cam-ready/compare_/compile_repair_output/work/4ae196d629cd/pom.xml to /home/srafi/.m2/repository/org/apache/druid/druid/29.0.0-SNAPSHOT/druid-29.0.0-SNAPSHOT.pom
[INFO] Installing /home/srafi/after-cam-ready/compare_/compile_repair_output/work/4ae196d629cd/target/bom.xml to /home/srafi/.m2/repository/org/apache/druid/druid/29.0.0-SNAPSHOT/druid-29.0.0-SNAPSHOT-cyclonedx.xml
[INFO] Installing /home/srafi/after-cam-ready/compare_/compile_repair_output/work/4ae196d629cd/target/bom.json to /home/srafi/.m2/repository/org/apache/druid/druid/29.0.0-SNAPSHOT/druid-29.0.0-SNAPSHOT-cyclonedx.json
[INFO] 
[INFO] -----------------< org.apache.druid:druid-processing >------------------
[INFO] Building druid-processing 29.0.0-SNAPSHOT                          [2/2]
[INFO] --------------------------------[ jar ]---------------------------------
[INFO] Downloading from maven.org: https://repo1.maven.org/maven2/org/antlr/antlr4-maven-plugin/4.5.3/antlr4-maven-plugin-4.5.3.pom
[INFO] Downloaded from maven.org: https://repo1.maven.org/maven2/org/antlr/antlr4-maven-plugin/4.5.3/antlr4-maven-plugin-4.5.3.pom (5.7 kB at 168 kB/s)
[INFO] Downloading from maven.org: https://repo1.maven.org/maven2/org/antlr/antlr4-maven-plugin/4.5.3/antlr4-maven-plugin-4.5.3.jar
[INFO] Downloaded from maven.org: https://repo1.maven.org/maven2/org/antlr/antlr4-maven-plugin/4.5.3/antlr4-maven-plugin-4.5.3.jar (23 kB at 806 kB/s)
[INFO] Downloading from apache.snapshots: https://repository.apache.org/snapshots/org/apache/maven/plugins/maven-surefire-plugin/3.0.0-M8-SNAPSHOT/maven-metadata.xml
[INFO] Downloading from apache.snapshots: https://repository.apache.org/snapshots/org/apache/maven/surefire/surefire/3.0.0-M8-SNAPSHOT/maven-metadata.xml
[INFO] Downloading from maven.org: https://repo1.maven.org/maven2/com/fasterxml/jackson/core/jackson-annotations/2.12.7/jackson-annotations-2.12.7.pom
[INFO] Downloaded from maven.org: https://repo1.maven.org/maven2/com/fasterxml/jackson/core/jackson-annotations/2.12.7/jackson-annotations-2.12.7.pom (6.0 kB at 163 kB/s)
[INFO] Downloading from maven.org: https://repo1.maven.org/maven2/com/fasterxml/jackson/core/jackson-core/2.12.7/jackson-core-2.12.7.pom
[INFO] Downloaded from maven.org: https://repo1.maven.org/maven2/com/fasterxml/jackson/core/jackson-core/2.12.7/jackson-core-2.12.7.pom (5.5 kB at 173 kB/s)
[INFO] Downloading from maven.org: https://repo1.maven.org/maven2/com/fasterxml/jackson/jackson-base/2.12.7/jackson-base-2.12.7.pom
[INFO] Downloaded from maven.org: https://repo1.maven.org/maven2/com/fasterxml/jackson/jackson-base/2.12.7/jackson-base-2.12.7.pom (9.3 kB at 232 kB/s)
[INFO] Downloading from maven.org: https://repo1.maven.org/maven2/com/fasterxml/jackson/core/jackson-databind/2.12.7/jackson-databind-2.12.7.pom
[INFO] Downloaded from maven.org: https://repo1.maven.org/maven2/com/fasterxml/jackson/core/jackson-databind/2.12.7/jackson-databind-2.12.7.pom (15 kB at 454 kB/s)
[INFO] Downloading from maven.org: https://repo1.maven.org/maven2/com/fasterxml/jackson/datatype/jackson-datatype-guava/2.12.7/jackson-datatype-guava-2.12.7.pom
[INFO] Downloaded from maven.org: https://repo1.maven.org/maven2/com/fasterxml/jackson/datatype/jackson-datatype-guava/2.12.7/jackson-datatype-guava-2.12.7.pom (3.0 kB at 78 kB/s)
[INFO] Downloading from maven.org: https://repo1.maven.org/maven2/com/fasterxml/jackson/datatype/jackson-datatypes-collections/2.12.7/jackson-datatypes-collections-2.12.7.pom
[INFO] Downloaded from maven.org: https://repo1.maven.org/maven2/com/fasterxml/jackson/datatype/jackson-datatypes-collections/2.12.7/jackson-datatypes-collections-2.12.7.pom (3.2 kB at 90 kB/s)
[INFO] Downloading from maven.org: https://repo1.maven.org/maven2/com/google/errorprone/error_prone_annotations/2.20.0/error_prone_annotations-2.20.0.pom
[INFO] Downloaded from maven.org: https://repo1.maven.org/maven2/com/google/errorprone/error_prone_annotations/2.20.0/error_prone_annotations-2.20.0.pom (1.8 kB at 50 kB/s)
[INFO] Downloading from maven.org: https://repo1.maven.org/maven2/com/google/errorprone/error_prone_parent/2.20.0/error_prone_parent-2.20.0.pom
[INFO] Downloaded from maven.org: https://repo1.maven.org/maven2/com/google/errorprone/error_prone_parent/2.20.0/error_prone_parent-2.20.0.pom (13 kB at 305 kB/s)
[INFO] Downloading from maven.org: https://repo1.maven.org/maven2/com/fasterxml/jackson/datatype/jackson-datatype-joda/2.12.7/jackson-datatype-joda-2.12.7.pom
[INFO] Downloaded from maven.org: https://repo1.maven.org/maven2/com/fasterxml/jackson/datatype/jackson-datatype-joda/2.12.7/jackson-datatype-joda-2.12.7.pom (4.4 kB at 122 kB/s)
[INFO] Downloading from maven.org: https://repo1.maven.org/maven2/com/fasterxml/jackson/dataformat/jackson-dataformat-smile/2.12.7/jackson-dataformat-smile-2.12.7.pom
[INFO] Downloaded from maven.org: https://repo1.maven.org/maven2/com/fasterxml/jackson/dataformat/jackson-dataformat-smile/2.12.7/jackson-dataformat-smile-2.12.7.pom (2.6 kB at 82 kB/s)
[INFO] Downloading from maven.org: https://repo1.maven.org/maven2/com/fasterxml/jackson/dataformat/jackson-dataformats-binary/2.12.7/jackson-dataformats-binary-2.12.7.pom
[INFO] Downloaded from maven.org: https://repo1.maven.org/maven2/com/fasterxml/jackson/dataformat/jackson-dataformats-binary/2.12.7/jackson-dataformats-binary-2.12.7.pom (3.5 kB at 92 kB/s)
[INFO] Downloading from maven.org: https://repo1.maven.org/maven2/org/skife/config/config-magic/0.9/config-magic-0.9.pom
[INFO] Downloaded from maven.org: https://repo1.maven.org/maven2/org/skife/config/config-magic/0.9/config-magic-0.9.pom (6.5 kB at 145 kB/s)
[INFO] Downloading from maven.org: https://repo1.maven.org/maven2/jakarta/inject/jakarta.inject-api/1.0.3/jakarta.inject-api-1.0.3.pom
[INFO] Downloaded from maven.org: https://repo1.maven.org/maven2/jakarta/inject/jakarta.inject-api/1.0.3/jakarta.inject-api-1.0.3.pom (5.2 kB at 78 kB/s)
[INFO] Downloading from maven.org: https://repo1.maven.org/maven2/org/checkerframework/checker-qual/2.5.7/checker-qual-2.5.7.pom
[INFO] Downloaded from maven.org: https://repo1.maven.org/maven2/org/checkerframework/checker-qual/2.5.7/checker-qual-2.5.7.pom (2.5 kB at 64 kB/s)
[INFO] Downloading from maven.org: https://repo1.maven.org/maven2/org/glassfish/jakarta.el/3.0.4/jakarta.el-3.0.4.pom
[INFO] Downloaded from maven.org: https://repo1.maven.org/maven2/org/glassfish/jakarta.el/3.0.4/jakarta.el-3.0.4.pom (14 kB at 341 kB/s)
[INFO] Downloading from maven.org: https://repo1.maven.org/maven2/org/jdbi/jdbi/2.63.1/jdbi-2.63.1.pom
[INFO] Downloaded from maven.org: https://repo1.maven.org/maven2/org/jdbi/jdbi/2.63.1/jdbi-2.63.1.pom (12 kB at 304 kB/s)
[INFO] Downloading from maven.org: https://repo1.maven.org/maven2/org/basepom/basepom-standard-oss/11/basepom-standard-oss-11.pom
[INFO] Downloaded from maven.org: https://repo1.maven.org/maven2/org/basepom/basepom-standard-oss/11/basepom-standard-oss-11.pom (10.0 kB at 232 kB/s)
[INFO] Downloading from maven.org: https://repo1.maven.org/maven2/org/basepom/basepom-standard/11/basepom-standard-11.pom
[INFO] Downloaded from maven.org: https://repo1.maven.org/maven2/org/basepom/basepom-standard/11/basepom-standard-11.pom (43 kB at 1.2 MB/s)
[INFO] Downloading from maven.org: https://repo1.maven.org/maven2/org/basepom/basepom-foundation/11/basepom-foundation-11.pom
[INFO] Downloaded from maven.org: https://repo1.maven.org/maven2/org/basepom/basepom-foundation/11/basepom-foundation-11.pom (47 kB at 1.3 MB/s)
[INFO] Downloading from maven.org: https://repo1.maven.org/maven2/org/apache/logging/log4j/log4j-jul/2.18.0/log4j-jul-2.18.0.pom
[INFO] Downloaded from maven.org: https://repo1.maven.org/maven2/org/apache/logging/log4j/log4j-jul/2.18.0/log4j-jul-2.18.0.pom (8.8 kB at 231 kB/s)
[INFO] Downloading from maven.org: https://repo1.maven.org/maven2/org/apache/logging/log4j/log4j-1.2-api/2.18.0/log4j-1.2-api-2.18.0.pom
[INFO] Downloaded from maven.org: https://repo1.maven.org/maven2/org/apache/logging/log4j/log4j-1.2-api/2.18.0/log4j-1.2-api-2.18.0.pom (8.8 kB at 199 kB/s)
[INFO] Downloading from maven.org: https://repo1.maven.org/maven2/com/github/rvesse/airline/2.8.4/airline-2.8.4.pom
[INFO] Downloaded from maven.org: https://repo1.maven.org/maven2/com/github/rvesse/airline/2.8.4/airline-2.8.4.pom (1.7 kB at 42 kB/s)
[INFO] Downloading from maven.org: https://repo1.maven.org/maven2/com/github/rvesse/airline-parent/2.8.4/airline-parent-2.8.4.pom
[INFO] Downloaded from maven.org: https://repo1.maven.org/maven2/com/github/rvesse/airline-parent/2.8.4/airline-parent-2.8.4.pom (21 kB at 543 kB/s)
[INFO] Downloading from maven.org: https://repo1.maven.org/maven2/com/github/rvesse/airline-io/2.8.4/airline-io-2.8.4.pom
[INFO] Downloaded from maven.org: https://repo1.maven.org/maven2/com/github/rvesse/airline-io/2.8.4/airline-io-2.8.4.pom (1.1 kB at 35 kB/s)
[INFO] Downloading from maven.org: https://repo1.maven.org/maven2/org/hibernate/hibernate-validator/6.2.5.Final/hibernate-validator-6.2.5.Final.pom
[INFO] Downloaded from maven.org: https://repo1.maven.org/maven2/org/hibernate/hibernate-validator/6.2.5.Final/hibernate-validator-6.2.5.Final.pom (1.0 kB at 24 kB/s)
[INFO] Downloading from maven.org: https://repo1.maven.org/maven2/org/hibernate/validator/hibernate-validator-relocation/6.2.5.Final/hibernate-validator-relocation-6.2.5.Final.pom
[INFO] Downloaded from maven.org: https://repo1.maven.org/maven2/org/hibernate/validator/hibernate-validator-relocation/6.2.5.Final/hibernate-validator-relocation-6.2.5.Final.pom (1.0 kB at 27 kB/s)
[INFO] Downloading from maven.org: https://repo1.maven.org/maven2/org/roaringbitmap/RoaringBitmap/0.9.49/RoaringBitmap-0.9.49.pom
[INFO] Downloaded from maven.org: https://repo1.maven.org/maven2/org/roaringbitmap/RoaringBitmap/0.9.49/RoaringBitmap-0.9.49.pom (2.3 kB at 61 kB/s)
[INFO] Downloading from maven.org: https://repo1.maven.org/maven2/org/roaringbitmap/shims/0.9.49/shims-0.9.49.pom
[INFO] Downloaded from maven.org: https://repo1.maven.org/maven2/org/roaringbitmap/shims/0.9.49/shims-0.9.49.pom (2.1 kB at 58 kB/s)
[INFO] Downloading from maven.org: https://repo1.maven.org/maven2/it/unimi/dsi/fastutil/8.5.4/fastutil-8.5.4.pom
[INFO] Downloaded from maven.org: https://repo1.maven.org/maven2/it/unimi/dsi/fastutil/8.5.4/fastutil-8.5.4.pom (1.7 kB at 42 kB/s)
[INFO] Downloading from maven.org: https://repo1.maven.org/maven2/it/unimi/dsi/fastutil-extra/8.5.4/fastutil-extra-8.5.4.pom
[INFO] Downloaded from maven.org: https://repo1.maven.org/maven2/it/unimi/dsi/fastutil-extra/8.5.4/fastutil-extra-8.5.4.pom (1.7 kB at 49 kB/s)
[INFO] Downloading from maven.org: https://repo1.maven.org/maven2/it/unimi/dsi/fastutil-core/8.5.4/fastutil-core-8.5.4.pom
[INFO] Downloaded from maven.org: https://repo1.maven.org/maven2/it/unimi/dsi/fastutil-core/8.5.4/fastutil-core-8.5.4.pom (1.5 kB at 40 kB/s)
[INFO] Downloading from maven.org: https://repo1.maven.org/maven2/com/ibm/icu/icu4j/73.2/icu4j-73.2.pom
[INFO] Downloaded from maven.org: https://repo1.maven.org/maven2/com/ibm/icu/icu4j/73.2/icu4j-73.2.pom (4.9 kB at 141 kB/s)
[INFO] Downloading from maven.org: https://repo1.maven.org/maven2/com/ning/compress-lzf/1.0.4/compress-lzf-1.0.4.pom
[INFO] Downloaded from maven.org: https://repo1.maven.org/maven2/com/ning/compress-lzf/1.0.4/compress-lzf-1.0.4.pom (8.9 kB at 279 kB/s)
[INFO] Downloading from maven.org: https://repo1.maven.org/maven2/com/github/luben/zstd-jni/1.5.2-3/zstd-jni-1.5.2-3.pom
[INFO] Downloaded from maven.org: https://repo1.maven.org/maven2/com/github/luben/zstd-jni/1.5.2-3/zstd-jni-1.5.2-3.pom (1.9 kB at 61 kB/s)
[INFO] Downloading from maven.org: https://repo1.maven.org/maven2/org/apache/datasketches/datasketches-java/4.1.0/datasketches-java-4.1.0.pom
[INFO] Downloaded from maven.org: https://repo1.maven.org/maven2/org/apache/datasketches/datasketches-java/4.1.0/datasketches-java-4.1.0.pom (27 kB at 754 kB/s)
[INFO] Downloading from maven.org: https://repo1.maven.org/maven2/org/apache/datasketches/datasketches-memory/2.2.0/datasketches-memory-2.2.0.pom
[INFO] Downloaded from maven.org: https://repo1.maven.org/maven2/org/apache/datasketches/datasketches-memory/2.2.0/datasketches-memory-2.2.0.pom (20 kB at 658 kB/s)
[INFO] Downloading from maven.org: https://repo1.maven.org/maven2/com/github/seancfoley/ipaddress/5.3.4/ipaddress-5.3.4.pom
[INFO] Downloaded from maven.org: https://repo1.maven.org/maven2/com/github/seancfoley/ipaddress/5.3.4/ipaddress-5.3.4.pom (1.7 kB at 55 kB/s)
[INFO] Downloading from maven.org: https://repo1.maven.org/maven2/com/opencsv/opencsv/4.6/opencsv-4.6.pom
[INFO] Downloaded from maven.org: https://repo1.maven.org/maven2/com/opencsv/opencsv/4.6/opencsv-4.6.pom (23 kB at 713 kB/s)
[INFO] Downloading from maven.org: https://repo1.maven.org/maven2/net/thisptr/jackson-jq/0.0.10/jackson-jq-0.0.10.pom
[INFO] Downloaded from maven.org: https://repo1.maven.org/maven2/net/thisptr/jackson-jq/0.0.10/jackson-jq-0.0.10.pom (1.5 kB at 40 kB/s)
[INFO] Downloading from maven.org: https://repo1.maven.org/maven2/net/thisptr/jackson-jq-parent/0.0.10/jackson-jq-parent-0.0.10.pom
[INFO] Downloaded from maven.org: https://repo1.maven.org/maven2/net/thisptr/jackson-jq-parent/0.0.10/jackson-jq-parent-0.0.10.pom (8.0 kB at 259 kB/s)
[INFO] Downloading from maven.org: https://repo1.maven.org/maven2/org/jruby/joni/joni/2.1.27/joni-2.1.27.pom
[INFO] Downloaded from maven.org: https://repo1.maven.org/maven2/org/jruby/joni/joni/2.1.27/joni-2.1.27.pom (7.0 kB at 206 kB/s)
[INFO] Downloading from maven.org: https://repo1.maven.org/maven2/org/jruby/jcodings/jcodings/1.0.43/jcodings-1.0.43.pom
[INFO] Downloaded from maven.org: https://repo1.maven.org/maven2/org/jruby/jcodings/jcodings/1.0.43/jcodings-1.0.43.pom (5.1 kB at 147 kB/s)
[INFO] Downloading from maven.org: https://repo1.maven.org/maven2/net/minidev/json-smart/2.4.11/json-smart-2.4.11.pom
[INFO] Downloaded from maven.org: https://repo1.maven.org/maven2/net/minidev/json-smart/2.4.11/json-smart-2.4.11.pom (9.2 kB at 235 kB/s)
[INFO] Downloading from maven.org: https://repo1.maven.org/maven2/net/minidev/accessors-smart/2.4.11/accessors-smart-2.4.11.pom
[INFO] Downloaded from maven.org: https://repo1.maven.org/maven2/net/minidev/accessors-smart/2.4.11/accessors-smart-2.4.11.pom (11 kB at 330 kB/s)
[INFO] Downloading from maven.org: https://repo1.maven.org/maven2/io/timeandspace/cron-scheduler/0.1/cron-scheduler-0.1.pom
[INFO] Downloaded from maven.org: https://repo1.maven.org/maven2/io/timeandspace/cron-scheduler/0.1/cron-scheduler-0.1.pom (1.8 kB at 46 kB/s)
[INFO] Downloading from maven.org: https://repo1.maven.org/maven2/org/asynchttpclient/async-http-client/2.5.3/async-http-client-2.5.3.pom
[INFO] Downloaded from maven.org: https://repo1.maven.org/maven2/org/asynchttpclient/async-http-client/2.5.3/async-http-client-2.5.3.pom (2.4 kB at 65 kB/s)
[INFO] Downloading from maven.org: https://repo1.maven.org/maven2/org/asynchttpclient/async-http-client-project/2.5.3/async-http-client-project-2.5.3.pom
[INFO] Downloaded from maven.org: https://repo1.maven.org/maven2/org/asynchttpclient/async-http-client-project/2.5.3/async-http-client-project-2.5.3.pom (14 kB at 385 kB/s)
[INFO] Downloading from maven.org: https://repo1.maven.org/maven2/org/asynchttpclient/async-http-client-netty-utils/2.5.3/async-http-client-netty-utils-2.5.3.pom
[INFO] Downloaded from maven.org: https://repo1.maven.org/maven2/org/asynchttpclient/async-http-client-netty-utils/2.5.3/async-http-client-netty-utils-2.5.3.pom (661 B at 20 kB/s)
[INFO] Downloading from maven.org: https://repo1.maven.org/maven2/io/netty/netty-transport-native-epoll/4.1.100.Final/netty-transport-native-epoll-4.1.100.Final.pom
[INFO] Downloaded from maven.org: https://repo1.maven.org/maven2/io/netty/netty-transport-native-epoll/4.1.100.Final/netty-transport-native-epoll-4.1.100.Final.pom (19 kB at 569 kB/s)
[INFO] Downloading from maven.org: https://repo1.maven.org/maven2/io/netty/netty-transport-classes-epoll/4.1.100.Final/netty-transport-classes-epoll-4.1.100.Final.pom
[INFO] Downloaded from maven.org: https://repo1.maven.org/maven2/io/netty/netty-transport-classes-epoll/4.1.100.Final/netty-transport-classes-epoll-4.1.100.Final.pom (2.1 kB at 53 kB/s)
[INFO] Downloading from maven.org: https://repo1.maven.org/maven2/org/hyperic/sigar/1.6.5.132/sigar-1.6.5.132.pom
[INFO] Downloading from sigar: https://repository.mulesoft.org/nexus/content/repositories/public/org/hyperic/sigar/1.6.5.132/sigar-1.6.5.132.pom
[INFO] Downloaded from sigar: https://repository.mulesoft.org/nexus/content/repositories/public/org/hyperic/sigar/1.6.5.132/sigar-1.6.5.132.pom (1.5 kB at 6.1 kB/s)
[INFO] Downloading from maven.org: https://repo1.maven.org/maven2/org/hyperic/sigar-dist/1.6.5.132/sigar-dist-1.6.5.132.pom
[INFO] Downloading from sigar: https://repository.mulesoft.org/nexus/content/repositories/public/org/hyperic/sigar-dist/1.6.5.132/sigar-dist-1.6.5.132.pom
[INFO] Downloaded from sigar: https://repository.mulesoft.org/nexus/content/repositories/public/org/hyperic/sigar-dist/1.6.5.132/sigar-dist-1.6.5.132.pom (1.5 kB at 14 kB/s)
[INFO] Downloading from maven.org: https://repo1.maven.org/maven2/com/github/oshi/oshi-core/6.4.4/oshi-core-6.4.4.pom
[INFO] Downloaded from maven.org: https://repo1.maven.org/maven2/com/github/oshi/oshi-core/6.4.4/oshi-core-6.4.4.pom (2.8 kB at 73 kB/s)
[INFO] Downloading from maven.org: https://repo1.maven.org/maven2/com/github/oshi/oshi-parent/6.4.4/oshi-parent-6.4.4.pom
[INFO] Downloaded from maven.org: https://repo1.maven.org/maven2/com/github/oshi/oshi-parent/6.4.4/oshi-parent-6.4.4.pom (53 kB at 1.4 MB/s)
[INFO] Downloading from maven.org: https://repo1.maven.org/maven2/net/java/dev/jna/jna-platform/5.13.0/jna-platform-5.13.0.pom
[INFO] Downloaded from maven.org: https://repo1.maven.org/maven2/net/java/dev/jna/jna-platform/5.13.0/jna-platform-5.13.0.pom (2.3 kB at 78 kB/s)
[INFO] Downloading from maven.org: https://repo1.maven.org/maven2/com/carrotsearch/junit-benchmarks/0.7.2/junit-benchmarks-0.7.2.pom
[INFO] Downloaded from maven.org: https://repo1.maven.org/maven2/com/carrotsearch/junit-benchmarks/0.7.2/junit-benchmarks-0.7.2.pom (19 kB at 568 kB/s)
[INFO] Downloading from maven.org: https://repo1.maven.org/maven2/org/easymock/easymock/5.2.0/easymock-5.2.0.pom
[INFO] Downloaded from maven.org: https://repo1.maven.org/maven2/org/easymock/easymock/5.2.0/easymock-5.2.0.pom (8.4 kB at 240 kB/s)
[INFO] Downloading from maven.org: https://repo1.maven.org/maven2/org/easymock/easymock-parent/5.2.0/easymock-parent-5.2.0.pom
[INFO] Downloaded from maven.org: https://repo1.maven.org/maven2/org/easymock/easymock-parent/5.2.0/easymock-parent-5.2.0.pom (19 kB at 535 kB/s)
[INFO] Downloading from maven.org: https://repo1.maven.org/maven2/com/google/caliper/caliper/0.5-rc1/caliper-0.5-rc1.pom
[INFO] Downloaded from maven.org: https://repo1.maven.org/maven2/com/google/caliper/caliper/0.5-rc1/caliper-0.5-rc1.pom (4.3 kB at 91 kB/s)
[INFO] Downloading from maven.org: https://repo1.maven.org/maven2/com/google/code/gson/gson/1.7.1/gson-1.7.1.pom
[INFO] Downloaded from maven.org: https://repo1.maven.org/maven2/com/google/code/gson/gson/1.7.1/gson-1.7.1.pom (10 kB at 246 kB/s)
[INFO] Downloading from maven.org: https://repo1.maven.org/maven2/com/google/code/java-allocation-instrumenter/java-allocation-instrumenter/2.0/java-allocation-instrumenter-2.0.pom
[INFO] Downloaded from maven.org: https://repo1.maven.org/maven2/com/google/code/java-allocation-instrumenter/java-allocation-instrumenter/2.0/java-allocation-instrumenter-2.0.pom (5.2 kB at 130 kB/s)
[INFO] Downloading from maven.org: https://repo1.maven.org/maven2/nl/jqno/equalsverifier/equalsverifier/3.15.1/equalsverifier-3.15.1.pom
[INFO] Downloaded from maven.org: https://repo1.maven.org/maven2/nl/jqno/equalsverifier/equalsverifier/3.15.1/equalsverifier-3.15.1.pom (2.9 kB at 79 kB/s)
[INFO] Downloading from maven.org: https://repo1.maven.org/maven2/net/bytebuddy/byte-buddy/1.14.5/byte-buddy-1.14.5.pom
[INFO] Downloaded from maven.org: https://repo1.maven.org/maven2/net/bytebuddy/byte-buddy/1.14.5/byte-buddy-1.14.5.pom (16 kB at 440 kB/s)
[INFO] Downloading from maven.org: https://repo1.maven.org/maven2/net/bytebuddy/byte-buddy-parent/1.14.5/byte-buddy-parent-1.14.5.pom
[INFO] Downloaded from maven.org: https://repo1.maven.org/maven2/net/bytebuddy/byte-buddy-parent/1.14.5/byte-buddy-parent-1.14.5.pom (58 kB at 1.5 MB/s)
[INFO] Downloading from maven.org: https://repo1.maven.org/maven2/org/slf4j/slf4j-simple/1.7.36/slf4j-simple-1.7.36.pom
[INFO] Downloaded from maven.org: https://repo1.maven.org/maven2/org/slf4j/slf4j-simple/1.7.36/slf4j-simple-1.7.36.pom (1.0 kB at 35 kB/s)
[INFO] Downloading from maven.org: https://repo1.maven.org/maven2/org/eclipse/jetty/jetty-server/9.4.53.v20231009/jetty-server-9.4.53.v20231009.pom
[INFO] Downloaded from maven.org: https://repo1.maven.org/maven2/org/eclipse/jetty/jetty-server/9.4.53.v20231009/jetty-server-9.4.53.v20231009.pom (3.4 kB at 114 kB/s)
[INFO] Downloading from maven.org: https://repo1.maven.org/maven2/org/eclipse/jetty/jetty-project/9.4.53.v20231009/jetty-project-9.4.53.v20231009.pom
[INFO] Downloaded from maven.org: https://repo1.maven.org/maven2/org/eclipse/jetty/jetty-project/9.4.53.v20231009/jetty-project-9.4.53.v20231009.pom (73 kB at 2.2 MB/s)
[INFO] Downloading from maven.org: https://repo1.maven.org/maven2/org/infinispan/infinispan-bom/11.0.17.Final/infinispan-bom-11.0.17.Final.pom
[INFO] Downloaded from maven.org: https://repo1.maven.org/maven2/org/infinispan/infinispan-bom/11.0.17.Final/infinispan-bom-11.0.17.Final.pom (18 kB at 525 kB/s)
[INFO] Downloading from maven.org: https://repo1.maven.org/maven2/org/infinispan/infinispan-build-configuration-parent/11.0.17.Final/infinispan-build-configuration-parent-11.0.17.Final.pom
[INFO] Downloaded from maven.org: https://repo1.maven.org/maven2/org/infinispan/infinispan-build-configuration-parent/11.0.17.Final/infinispan-build-configuration-parent-11.0.17.Final.pom (16 kB at 501 kB/s)
[INFO] Downloading from maven.org: https://repo1.maven.org/maven2/org/eclipse/jetty/jetty-http/9.4.53.v20231009/jetty-http-9.4.53.v20231009.pom
[INFO] Downloaded from maven.org: https://repo1.maven.org/maven2/org/eclipse/jetty/jetty-http/9.4.53.v20231009/jetty-http-9.4.53.v20231009.pom (4.0 kB at 130 kB/s)
[INFO] Downloading from maven.org: https://repo1.maven.org/maven2/org/eclipse/jetty/jetty-util/9.4.53.v20231009/jetty-util-9.4.53.v20231009.pom
[INFO] Downloaded from maven.org: https://repo1.maven.org/maven2/org/eclipse/jetty/jetty-util/9.4.53.v20231009/jetty-util-9.4.53.v20231009.pom (4.0 kB at 109 kB/s)
[INFO] Downloading from maven.org: https://repo1.maven.org/maven2/org/eclipse/jetty/jetty-io/9.4.53.v20231009/jetty-io-9.4.53.v20231009.pom
[INFO] Downloaded from maven.org: https://repo1.maven.org/maven2/org/eclipse/jetty/jetty-io/9.4.53.v20231009/jetty-io-9.4.53.v20231009.pom (1.2 kB at 33 kB/s)
[INFO] Downloading from maven.org: https://repo1.maven.org/maven2/org/eclipse/jetty/jetty-servlet/9.4.53.v20231009/jetty-servlet-9.4.53.v20231009.pom
[INFO] Downloaded from maven.org: https://repo1.maven.org/maven2/org/eclipse/jetty/jetty-servlet/9.4.53.v20231009/jetty-servlet-9.4.53.v20231009.pom (2.3 kB at 65 kB/s)
[INFO] Downloading from maven.org: https://repo1.maven.org/maven2/org/eclipse/jetty/jetty-security/9.4.53.v20231009/jetty-security-9.4.53.v20231009.pom
[INFO] Downloaded from maven.org: https://repo1.maven.org/maven2/org/eclipse/jetty/jetty-security/9.4.53.v20231009/jetty-security-9.4.53.v20231009.pom (2.1 kB at 62 kB/s)
[INFO] Downloading from maven.org: https://repo1.maven.org/maven2/org/eclipse/jetty/jetty-util-ajax/9.4.53.v20231009/jetty-util-ajax-9.4.53.v20231009.pom
[INFO] Downloaded from maven.org: https://repo1.maven.org/maven2/org/eclipse/jetty/jetty-util-ajax/9.4.53.v20231009/jetty-util-ajax-9.4.53.v20231009.pom (1.3 kB at 37 kB/s)
[INFO] Downloading from maven.org: https://repo1.maven.org/maven2/org/mariadb/jdbc/mariadb-java-client/2.7.3/mariadb-java-client-2.7.3.pom
[INFO] Downloaded from maven.org: https://repo1.maven.org/maven2/org/mariadb/jdbc/mariadb-java-client/2.7.3/mariadb-java-client-2.7.3.pom (14 kB at 375 kB/s)
[INFO] Downloading from maven.org: https://repo1.maven.org/maven2/org/postgresql/postgresql/42.6.0/postgresql-42.6.0.pom
[INFO] Downloaded from maven.org: https://repo1.maven.org/maven2/org/postgresql/postgresql/42.6.0/postgresql-42.6.0.pom (2.7 kB at 81 kB/s)
[INFO] Downloading from maven.org: https://repo1.maven.org/maven2/org/checkerframework/checker-qual/3.31.0/checker-qual-3.31.0.pom
[INFO] Downloaded from maven.org: https://repo1.maven.org/maven2/org/checkerframework/checker-qual/3.31.0/checker-qual-3.31.0.pom (2.1 kB at 62 kB/s)
[INFO] Downloading from maven.org: https://repo1.maven.org/maven2/junit/junit-dep/maven-metadata.xml
[INFO] Downloading from central: https://repo.maven.apache.org/maven2/junit/junit-dep/maven-metadata.xml
[INFO] Downloading from sigar: https://repository.mulesoft.org/nexus/content/repositories/public/junit/junit-dep/maven-metadata.xml
[INFO] Downloading from apache.snapshots: https://repository.apache.org/snapshots/junit/junit-dep/maven-metadata.xml
[INFO] Downloaded from maven.org: https://repo1.maven.org/maven2/junit/junit-dep/maven-metadata.xml (563 B at 14 kB/s)
[INFO] Downloaded from sigar: https://repository.mulesoft.org/nexus/content/repositories/public/junit/junit-dep/maven-metadata.xml (610 B at 7.8 kB/s)
[INFO] Downloaded from central: https://repo.maven.apache.org/maven2/junit/junit-dep/maven-metadata.xml (563 B at 6.5 kB/s)
[WARNING] The artifact org.hibernate:hibernate-validator:jar:6.2.5.Final has been relocated to org.hibernate.validator:hibernate-validator:jar:6.2.5.Final
[INFO] Downloading from maven.org: https://repo1.maven.org/maven2/com/fasterxml/jackson/core/jackson-annotations/2.12.7/jackson-annotations-2.12.7.jar
[INFO] Downloading from maven.org: https://repo1.maven.org/maven2/com/fasterxml/jackson/core/jackson-core/2.12.7/jackson-core-2.12.7.jar
[INFO] Downloading from maven.org: https://repo1.maven.org/maven2/com/fasterxml/jackson/datatype/jackson-datatype-guava/2.12.7/jackson-datatype-guava-2.12.7.jar
[INFO] Downloading from maven.org: https://repo1.maven.org/maven2/com/fasterxml/jackson/core/jackson-databind/2.12.7/jackson-databind-2.12.7.jar
[INFO] Downloading from maven.org: https://repo1.maven.org/maven2/com/fasterxml/jackson/datatype/jackson-datatype-joda/2.12.7/jackson-datatype-joda-2.12.7.jar
[INFO] Downloaded from maven.org: https://repo1.maven.org/maven2/com/fasterxml/jackson/core/jackson-annotations/2.12.7/jackson-annotations-2.12.7.jar (76 kB at 2.3 MB/s)
[INFO] Downloading from maven.org: https://repo1.maven.org/maven2/com/fasterxml/jackson/dataformat/jackson-dataformat-smile/2.12.7/jackson-dataformat-smile-2.12.7.jar
[INFO] Downloaded from maven.org: https://repo1.maven.org/maven2/com/fasterxml/jackson/datatype/jackson-datatype-guava/2.12.7/jackson-datatype-guava-2.12.7.jar (86 kB at 2.4 MB/s)
[INFO] Downloading from maven.org: https://repo1.maven.org/maven2/org/skife/config/config-magic/0.9/config-magic-0.9.jar
[INFO] Downloaded from maven.org: https://repo1.maven.org/maven2/com/fasterxml/jackson/datatype/jackson-datatype-joda/2.12.7/jackson-datatype-joda-2.12.7.jar (76 kB at 1.4 MB/s)
[INFO] Downloading from maven.org: https://repo1.maven.org/maven2/com/google/errorprone/error_prone_annotations/2.20.0/error_prone_annotations-2.20.0.jar
[INFO] Downloaded from maven.org: https://repo1.maven.org/maven2/com/fasterxml/jackson/core/jackson-core/2.12.7/jackson-core-2.12.7.jar (366 kB at 6.8 MB/s)
[INFO] Downloading from maven.org: https://repo1.maven.org/maven2/jakarta/inject/jakarta.inject-api/1.0.3/jakarta.inject-api-1.0.3.jar
[INFO] Downloaded from maven.org: https://repo1.maven.org/maven2/org/skife/config/config-magic/0.9/config-magic-0.9.jar (425 kB at 5.2 MB/s)
[INFO] Downloading from maven.org: https://repo1.maven.org/maven2/org/checkerframework/checker-qual/2.5.7/checker-qual-2.5.7.jar
[INFO] Downloaded from maven.org: https://repo1.maven.org/maven2/com/fasterxml/jackson/dataformat/jackson-dataformat-smile/2.12.7/jackson-dataformat-smile-2.12.7.jar (94 kB at 1.1 MB/s)
[INFO] Downloading from maven.org: https://repo1.maven.org/maven2/javax/el/javax.el-api/3.0.0/javax.el-api-3.0.0.jar
[INFO] Downloaded from maven.org: https://repo1.maven.org/maven2/jakarta/inject/jakarta.inject-api/1.0.3/jakarta.inject-api-1.0.3.jar (10.0 kB at 114 kB/s)
[INFO] Downloading from maven.org: https://repo1.maven.org/maven2/org/glassfish/jakarta.el/3.0.4/jakarta.el-3.0.4.jar
[INFO] Downloaded from maven.org: https://repo1.maven.org/maven2/com/fasterxml/jackson/core/jackson-databind/2.12.7/jackson-databind-2.12.7.jar (1.5 MB at 17 MB/s)
[INFO] Downloading from maven.org: https://repo1.maven.org/maven2/org/jdbi/jdbi/2.63.1/jdbi-2.63.1.jar
[INFO] Downloaded from maven.org: https://repo1.maven.org/maven2/com/google/errorprone/error_prone_annotations/2.20.0/error_prone_annotations-2.20.0.jar (17 kB at 153 kB/s)
[INFO] Downloading from maven.org: https://repo1.maven.org/maven2/org/apache/logging/log4j/log4j-jul/2.18.0/log4j-jul-2.18.0.jar
[INFO] Downloaded from maven.org: https://repo1.maven.org/maven2/javax/el/javax.el-api/3.0.0/javax.el-api-3.0.0.jar (73 kB at 566 kB/s)
[INFO] Downloading from maven.org: https://repo1.maven.org/maven2/org/apache/logging/log4j/log4j-1.2-api/2.18.0/log4j-1.2-api-2.18.0.jar
[INFO] Downloaded from maven.org: https://repo1.maven.org/maven2/org/checkerframework/checker-qual/2.5.7/checker-qual-2.5.7.jar (194 kB at 1.5 MB/s)
[INFO] Downloading from maven.org: https://repo1.maven.org/maven2/com/github/rvesse/airline/2.8.4/airline-2.8.4.jar
[INFO] Downloaded from maven.org: https://repo1.maven.org/maven2/org/glassfish/jakarta.el/3.0.4/jakarta.el-3.0.4.jar (238 kB at 1.6 MB/s)
[INFO] Downloading from maven.org: https://repo1.maven.org/maven2/com/github/rvesse/airline-io/2.8.4/airline-io-2.8.4.jar
[INFO] Downloaded from maven.org: https://repo1.maven.org/maven2/org/apache/logging/log4j/log4j-jul/2.18.0/log4j-jul-2.18.0.jar (31 kB at 189 kB/s)
[INFO] Downloading from maven.org: https://repo1.maven.org/maven2/joda-time/joda-time/2.12.5/joda-time-2.12.5.jar
[INFO] Downloaded from maven.org: https://repo1.maven.org/maven2/com/github/rvesse/airline/2.8.4/airline-2.8.4.jar (376 kB at 2.2 MB/s)
[INFO] Downloading from maven.org: https://repo1.maven.org/maven2/org/roaringbitmap/RoaringBitmap/0.9.49/RoaringBitmap-0.9.49.jar
[INFO] Downloaded from maven.org: https://repo1.maven.org/maven2/org/apache/logging/log4j/log4j-1.2-api/2.18.0/log4j-1.2-api-2.18.0.jar (350 kB at 2.0 MB/s)
[INFO] Downloading from maven.org: https://repo1.maven.org/maven2/org/roaringbitmap/shims/0.9.49/shims-0.9.49.jar
[INFO] Downloaded from maven.org: https://repo1.maven.org/maven2/org/jdbi/jdbi/2.63.1/jdbi-2.63.1.jar (963 kB at 5.5 MB/s)
[INFO] Downloading from maven.org: https://repo1.maven.org/maven2/it/unimi/dsi/fastutil/8.5.4/fastutil-8.5.4.jar
[INFO] Downloaded from maven.org: https://repo1.maven.org/maven2/com/github/rvesse/airline-io/2.8.4/airline-io-2.8.4.jar (40 kB at 202 kB/s)
[INFO] Downloading from maven.org: https://repo1.maven.org/maven2/it/unimi/dsi/fastutil-core/8.5.4/fastutil-core-8.5.4.jar
[INFO] Downloaded from maven.org: https://repo1.maven.org/maven2/org/roaringbitmap/shims/0.9.49/shims-0.9.49.jar (2.6 kB at 12 kB/s)
[INFO] Downloading from maven.org: https://repo1.maven.org/maven2/it/unimi/dsi/fastutil-extra/8.5.4/fastutil-extra-8.5.4.jar
[INFO] Downloaded from maven.org: https://repo1.maven.org/maven2/org/roaringbitmap/RoaringBitmap/0.9.49/RoaringBitmap-0.9.49.jar (445 kB at 2.0 MB/s)
[INFO] Downloading from maven.org: https://repo1.maven.org/maven2/com/ibm/icu/icu4j/73.2/icu4j-73.2.jar
[INFO] Downloaded from maven.org: https://repo1.maven.org/maven2/joda-time/joda-time/2.12.5/joda-time-2.12.5.jar (638 kB at 2.8 MB/s)
[INFO] Downloading from maven.org: https://repo1.maven.org/maven2/com/ning/compress-lzf/1.0.4/compress-lzf-1.0.4.jar
[INFO] Downloaded from maven.org: https://repo1.maven.org/maven2/com/ning/compress-lzf/1.0.4/compress-lzf-1.0.4.jar (80 kB at 258 kB/s)
[INFO] Downloading from maven.org: https://repo1.maven.org/maven2/com/github/luben/zstd-jni/1.5.2-3/zstd-jni-1.5.2-3.jar
[INFO] Downloaded from maven.org: https://repo1.maven.org/maven2/it/unimi/dsi/fastutil/8.5.4/fastutil-8.5.4.jar (9.8 MB at 22 MB/s)
[INFO] Downloading from maven.org: https://repo1.maven.org/maven2/org/apache/datasketches/datasketches-java/4.1.0/datasketches-java-4.1.0.jar
[INFO] Downloaded from maven.org: https://repo1.maven.org/maven2/it/unimi/dsi/fastutil-core/8.5.4/fastutil-core-8.5.4.jar (5.6 MB at 12 MB/s)
[INFO] Downloading from maven.org: https://repo1.maven.org/maven2/org/apache/datasketches/datasketches-memory/2.2.0/datasketches-memory-2.2.0.jar
[INFO] Downloaded from maven.org: https://repo1.maven.org/maven2/org/apache/datasketches/datasketches-java/4.1.0/datasketches-java-4.1.0.jar (894 kB at 1.7 MB/s)
[INFO] Downloading from maven.org: https://repo1.maven.org/maven2/com/github/seancfoley/ipaddress/5.3.4/ipaddress-5.3.4.jar
[INFO] Downloaded from maven.org: https://repo1.maven.org/maven2/com/github/luben/zstd-jni/1.5.2-3/zstd-jni-1.5.2-3.jar (5.4 MB at 10 MB/s)
[INFO] Downloading from maven.org: https://repo1.maven.org/maven2/com/opencsv/opencsv/4.6/opencsv-4.6.jar
[INFO] Downloaded from maven.org: https://repo1.maven.org/maven2/it/unimi/dsi/fastutil-extra/8.5.4/fastutil-extra-8.5.4.jar (7.8 MB at 15 MB/s)
[INFO] Downloading from maven.org: https://repo1.maven.org/maven2/net/thisptr/jackson-jq/0.0.10/jackson-jq-0.0.10.jar
[INFO] Downloaded from maven.org: https://repo1.maven.org/maven2/org/apache/datasketches/datasketches-memory/2.2.0/datasketches-memory-2.2.0.jar (131 kB at 243 kB/s)
[INFO] Downloading from maven.org: https://repo1.maven.org/maven2/org/jruby/joni/joni/2.1.27/joni-2.1.27.jar
[INFO] Downloaded from maven.org: https://repo1.maven.org/maven2/com/github/seancfoley/ipaddress/5.3.4/ipaddress-5.3.4.jar (873 kB at 1.5 MB/s)
[INFO] Downloading from maven.org: https://repo1.maven.org/maven2/org/jruby/jcodings/jcodings/1.0.43/jcodings-1.0.43.jar
[INFO] Downloaded from maven.org: https://repo1.maven.org/maven2/com/opencsv/opencsv/4.6/opencsv-4.6.jar (170 kB at 297 kB/s)
[INFO] Downloading from maven.org: https://repo1.maven.org/maven2/net/minidev/json-smart/2.4.11/json-smart-2.4.11.jar
[INFO] Downloaded from maven.org: https://repo1.maven.org/maven2/net/thisptr/jackson-jq/0.0.10/jackson-jq-0.0.10.jar (263 kB at 457 kB/s)
[INFO] Downloading from maven.org: https://repo1.maven.org/maven2/net/minidev/accessors-smart/2.4.11/accessors-smart-2.4.11.jar
[INFO] Downloaded from maven.org: https://repo1.maven.org/maven2/org/jruby/joni/joni/2.1.27/joni-2.1.27.jar (215 kB at 357 kB/s)
[INFO] Downloading from maven.org: https://repo1.maven.org/maven2/io/timeandspace/cron-scheduler/0.1/cron-scheduler-0.1.jar
[INFO] Downloaded from maven.org: https://repo1.maven.org/maven2/net/minidev/accessors-smart/2.4.11/accessors-smart-2.4.11.jar (30 kB at 49 kB/s)
[INFO] Downloading from maven.org: https://repo1.maven.org/maven2/org/asynchttpclient/async-http-client/2.5.3/async-http-client-2.5.3.jar
[INFO] Downloaded from maven.org: https://repo1.maven.org/maven2/net/minidev/json-smart/2.4.11/json-smart-2.4.11.jar (120 kB at 190 kB/s)
[INFO] Downloading from maven.org: https://repo1.maven.org/maven2/org/asynchttpclient/async-http-client-netty-utils/2.5.3/async-http-client-netty-utils-2.5.3.jar
[INFO] Downloaded from maven.org: https://repo1.maven.org/maven2/org/jruby/jcodings/jcodings/1.0.43/jcodings-1.0.43.jar (1.7 MB at 2.6 MB/s)
[INFO] Downloading from maven.org: https://repo1.maven.org/maven2/io/netty/netty-transport-native-epoll/4.1.100.Final/netty-transport-native-epoll-4.1.100.Final-linux-x86_64.jar
[INFO] Downloaded from maven.org: https://repo1.maven.org/maven2/io/timeandspace/cron-scheduler/0.1/cron-scheduler-0.1.jar (41 kB at 63 kB/s)
[INFO] Downloading from maven.org: https://repo1.maven.org/maven2/io/netty/netty-transport-classes-epoll/4.1.100.Final/netty-transport-classes-epoll-4.1.100.Final.jar
[INFO] Downloaded from maven.org: https://repo1.maven.org/maven2/org/asynchttpclient/async-http-client/2.5.3/async-http-client-2.5.3.jar (429 kB at 652 kB/s)
[INFO] Downloading from maven.org: https://repo1.maven.org/maven2/org/hyperic/sigar/1.6.5.132/sigar-1.6.5.132.jar
[INFO] Downloaded from maven.org: https://repo1.maven.org/maven2/com/ibm/icu/icu4j/73.2/icu4j-73.2.jar (15 MB at 22 MB/s)
[INFO] Downloading from maven.org: https://repo1.maven.org/maven2/org/hyperic/sigar-dist/1.6.5.132/sigar-dist-1.6.5.132.zip
[INFO] Downloading from maven.org: https://repo1.maven.org/maven2/com/github/oshi/oshi-core/6.4.4/oshi-core-6.4.4.jar
[INFO] Downloaded from maven.org: https://repo1.maven.org/maven2/io/netty/netty-transport-classes-epoll/4.1.100.Final/netty-transport-classes-epoll-4.1.100.Final.jar (147 kB at 216 kB/s)
[INFO] Downloading from maven.org: https://repo1.maven.org/maven2/net/java/dev/jna/jna-platform/5.13.0/jna-platform-5.13.0.jar
[INFO] Downloading from maven.org: https://repo1.maven.org/maven2/com/carrotsearch/junit-benchmarks/0.7.2/junit-benchmarks-0.7.2.jar
[INFO] Downloaded from maven.org: https://repo1.maven.org/maven2/org/asynchttpclient/async-http-client-netty-utils/2.5.3/async-http-client-netty-utils-2.5.3.jar (9.3 kB at 14 kB/s)
[INFO] Downloading from maven.org: https://repo1.maven.org/maven2/org/easymock/easymock/5.2.0/easymock-5.2.0.jar
[INFO] Downloaded from maven.org: https://repo1.maven.org/maven2/io/netty/netty-transport-native-epoll/4.1.100.Final/netty-transport-native-epoll-4.1.100.Final-linux-x86_64.jar (39 kB at 57 kB/s)
[INFO] Downloading from maven.org: https://repo1.maven.org/maven2/com/google/caliper/caliper/0.5-rc1/caliper-0.5-rc1.jar
[INFO] Downloaded from maven.org: https://repo1.maven.org/maven2/com/google/caliper/caliper/0.5-rc1/caliper-0.5-rc1.jar (122 kB at 169 kB/s)
[INFO] Downloading from maven.org: https://repo1.maven.org/maven2/com/google/code/gson/gson/1.7.1/gson-1.7.1.jar
[INFO] Downloaded from maven.org: https://repo1.maven.org/maven2/com/carrotsearch/junit-benchmarks/0.7.2/junit-benchmarks-0.7.2.jar (79 kB at 108 kB/s)
[INFO] Downloading from maven.org: https://repo1.maven.org/maven2/com/google/code/java-allocation-instrumenter/java-allocation-instrumenter/2.0/java-allocation-instrumenter-2.0.jar
[INFO] Downloaded from maven.org: https://repo1.maven.org/maven2/net/java/dev/jna/jna-platform/5.13.0/jna-platform-5.13.0.jar (1.4 MB at 1.9 MB/s)
[INFO] Downloading from maven.org: https://repo1.maven.org/maven2/nl/jqno/equalsverifier/equalsverifier/3.15.1/equalsverifier-3.15.1.jar
[INFO] Downloaded from maven.org: https://repo1.maven.org/maven2/com/github/oshi/oshi-core/6.4.4/oshi-core-6.4.4.jar (970 kB at 1.3 MB/s)
[INFO] Downloading from maven.org: https://repo1.maven.org/maven2/org/slf4j/slf4j-simple/1.7.36/slf4j-simple-1.7.36.jar
[INFO] Downloaded from maven.org: https://repo1.maven.org/maven2/com/google/code/gson/gson/1.7.1/gson-1.7.1.jar (174 kB at 231 kB/s)
[INFO] Downloading from maven.org: https://repo1.maven.org/maven2/org/eclipse/jetty/jetty-server/9.4.53.v20231009/jetty-server-9.4.53.v20231009.jar
[INFO] Downloaded from maven.org: https://repo1.maven.org/maven2/com/google/code/java-allocation-instrumenter/java-allocation-instrumenter/2.0/java-allocation-instrumenter-2.0.jar (21 kB at 27 kB/s)
[INFO] Downloading from maven.org: https://repo1.maven.org/maven2/org/eclipse/jetty/jetty-http/9.4.53.v20231009/jetty-http-9.4.53.v20231009.jar
[INFO] Downloaded from maven.org: https://repo1.maven.org/maven2/org/slf4j/slf4j-simple/1.7.36/slf4j-simple-1.7.36.jar (15 kB at 20 kB/s)
[INFO] Downloading from maven.org: https://repo1.maven.org/maven2/org/eclipse/jetty/jetty-io/9.4.53.v20231009/jetty-io-9.4.53.v20231009.jar
[INFO] Downloaded from maven.org: https://repo1.maven.org/maven2/nl/jqno/equalsverifier/equalsverifier/3.15.1/equalsverifier-3.15.1.jar (227 kB at 292 kB/s)
[INFO] Downloading from maven.org: https://repo1.maven.org/maven2/org/eclipse/jetty/jetty-servlet/9.4.53.v20231009/jetty-servlet-9.4.53.v20231009.jar
[INFO] Downloaded from maven.org: https://repo1.maven.org/maven2/org/eclipse/jetty/jetty-http/9.4.53.v20231009/jetty-http-9.4.53.v20231009.jar (249 kB at 310 kB/s)
[INFO] Downloading from maven.org: https://repo1.maven.org/maven2/org/eclipse/jetty/jetty-security/9.4.53.v20231009/jetty-security-9.4.53.v20231009.jar
[INFO] Downloaded from maven.org: https://repo1.maven.org/maven2/org/easymock/easymock/5.2.0/easymock-5.2.0.jar (4.6 MB at 5.7 MB/s)
[INFO] Downloading from maven.org: https://repo1.maven.org/maven2/org/eclipse/jetty/jetty-util-ajax/9.4.53.v20231009/jetty-util-ajax-9.4.53.v20231009.jar
[INFO] Downloaded from maven.org: https://repo1.maven.org/maven2/org/eclipse/jetty/jetty-io/9.4.53.v20231009/jetty-io-9.4.53.v20231009.jar (183 kB at 227 kB/s)
[INFO] Downloading from maven.org: https://repo1.maven.org/maven2/org/eclipse/jetty/jetty-util/9.4.53.v20231009/jetty-util-9.4.53.v20231009.jar
[INFO] Downloaded from maven.org: https://repo1.maven.org/maven2/org/eclipse/jetty/jetty-servlet/9.4.53.v20231009/jetty-servlet-9.4.53.v20231009.jar (146 kB at 180 kB/s)
[INFO] Downloading from maven.org: https://repo1.maven.org/maven2/org/mariadb/jdbc/mariadb-java-client/2.7.3/mariadb-java-client-2.7.3.jar
[INFO] Downloaded from maven.org: https://repo1.maven.org/maven2/org/eclipse/jetty/jetty-server/9.4.53.v20231009/jetty-server-9.4.53.v20231009.jar (737 kB at 896 kB/s)
[INFO] Downloading from maven.org: https://repo1.maven.org/maven2/org/postgresql/postgresql/42.6.0/postgresql-42.6.0.jar
[INFO] Downloaded from maven.org: https://repo1.maven.org/maven2/org/eclipse/jetty/jetty-security/9.4.53.v20231009/jetty-security-9.4.53.v20231009.jar (118 kB at 141 kB/s)
[INFO] Downloaded from maven.org: https://repo1.maven.org/maven2/org/eclipse/jetty/jetty-util-ajax/9.4.53.v20231009/jetty-util-ajax-9.4.53.v20231009.jar (67 kB at 78 kB/s)
[INFO] Downloaded from maven.org: https://repo1.maven.org/maven2/org/eclipse/jetty/jetty-util/9.4.53.v20231009/jetty-util-9.4.53.v20231009.jar (589 kB at 684 kB/s)
[INFO] Downloaded from maven.org: https://repo1.maven.org/maven2/org/mariadb/jdbc/mariadb-java-client/2.7.3/mariadb-java-client-2.7.3.jar (622 kB at 712 kB/s)
[INFO] Downloaded from maven.org: https://repo1.maven.org/maven2/org/postgresql/postgresql/42.6.0/postgresql-42.6.0.jar (1.1 MB at 1.2 MB/s)
[INFO] Downloading from sigar: https://repository.mulesoft.org/nexus/content/repositories/public/org/hyperic/sigar/1.6.5.132/sigar-1.6.5.132.jar
[INFO] Downloading from sigar: https://repository.mulesoft.org/nexus/content/repositories/public/org/hyperic/sigar-dist/1.6.5.132/sigar-dist-1.6.5.132.zip
[INFO] Downloaded from sigar: https://repository.mulesoft.org/nexus/content/repositories/public/org/hyperic/sigar/1.6.5.132/sigar-1.6.5.132.jar (429 kB at 4.1 MB/s)
[INFO] Downloaded from sigar: https://repository.mulesoft.org/nexus/content/repositories/public/org/hyperic/sigar-dist/1.6.5.132/sigar-dist-1.6.5.132.zip (3.5 MB at 22 MB/s)
[INFO] 
[INFO] --- maven-clean-plugin:2.5:clean (default-clean) @ druid-processing ---
[INFO] 
[INFO] --- maven-checkstyle-plugin:3.0.0:check (validate) @ druid-processing ---
[INFO] 
[INFO] >>> maven-pmd-plugin:3.16.0:check (validate) > :pmd @ druid-processing >>>
[INFO] 
[INFO] --- maven-pmd-plugin:3.16.0:pmd (pmd) @ druid-processing ---
[INFO] PMD version: 6.42.0
[WARNING] There are 1 PMD processing errors:
[WARNING] /home/srafi/after-cam-ready/compare_/compile_repair_output/work/4ae196d629cd/processing/src/main/java/org/apache/druid/query/aggregation/JavaScriptAggregatorFactory.java: PMDException: Error while parsing /home/srafi/after-cam-ready/compare_/compile_repair_output/work/4ae196d629cd/processing/src/main/java/org/apache/druid/query/aggregation/JavaScriptAggregatorFactory.java
[INFO] 
[INFO] <<< maven-pmd-plugin:3.16.0:check (validate) < :pmd @ druid-processing <<<
[INFO] 
[INFO] 
[INFO] --- maven-pmd-plugin:3.16.0:check (validate) @ druid-processing ---
[INFO] PMD version: 6.42.0
[INFO] 
[INFO] 
[INFO] --- git-commit-id-plugin:4.9.10:revision (default) @ druid-processing ---
[INFO] 
[INFO] --- antlr4-maven-plugin:4.5.3:antlr4 (default) @ druid-processing ---
[INFO] Downloading from maven.org: https://repo1.maven.org/maven2/org/antlr/antlr4/4.5.3/antlr4-4.5.3.pom
[INFO] Downloaded from maven.org: https://repo1.maven.org/maven2/org/antlr/antlr4/4.5.3/antlr4-4.5.3.pom (4.7 kB at 140 kB/s)
[INFO] Downloading from maven.org: https://repo1.maven.org/maven2/org/antlr/antlr4/4.5.3/antlr4-4.5.3.jar
[INFO] Downloaded from maven.org: https://repo1.maven.org/maven2/org/antlr/antlr4/4.5.3/antlr4-4.5.3.jar (1.5 MB at 36 MB/s)
[INFO] ANTLR 4: Processing source directory /home/srafi/after-cam-ready/compare_/compile_repair_output/work/4ae196d629cd/processing/src/main/antlr4
[INFO] Processing grammar: org/apache/druid/math/expr/antlr/Expr.g4
[INFO] 
[INFO] --- maven-remote-resources-plugin:1.7.0:process (process-resource-bundles) @ druid-processing ---
[INFO] Preparing remote bundle org.apache.apache.resources:apache-jar-resource-bundle:1.5
[INFO] Copying 3 resources from 1 bundle.
[WARNING] While downloading org.hibernate:hibernate-validator:6.2.5.Final
  This artifact has been relocated to org.hibernate.validator:hibernate-validator:6.2.5.Final.


[INFO] artifact junit:junit-dep: checking for updates from maven.org
[INFO] artifact junit:junit-dep: checking for updates from sigar
[INFO] artifact junit:junit-dep: checking for updates from central
[INFO] artifact junit:junit: checking for updates from maven.org
[INFO] artifact junit:junit: checking for updates from sigar
[INFO] artifact junit:junit: checking for updates from central
[INFO] 
[INFO] --- maven-dependency-plugin:3.1.1:unpack-dependencies (copy-sigar-lib-to-resources) @ druid-processing ---
[INFO] Unpacking /home/srafi/.m2/repository/org/hyperic/sigar-dist/1.6.5.132/sigar-dist-1.6.5.132.zip to /home/srafi/after-cam-ready/compare_/compile_repair_output/work/4ae196d629cd/processing/target with includes "**/sigar-bin/lib/*" and excludes "**/sigar-bin/lib/*jar"
[INFO] 
[INFO] --- maven-resources-plugin:3.2.0:resources (default-resources) @ druid-processing ---
[INFO] Using 'UTF-8' encoding to copy filtered resources.
[INFO] Using 'UTF-8' encoding to copy filtered properties files.
[INFO] Copying 23 resources
[INFO] Copying 3 resources
[INFO] 
[INFO] --- maven-compiler-plugin:3.11.0:compile (default-compile) @ druid-processing ---
[INFO] Changes detected - recompiling the module! :dependency
[INFO] Compiling 2199 source files with javac [debug target 1.8] to target/classes
[INFO] /home/srafi/after-cam-ready/compare_/compile_repair_output/work/4ae196d629cd/processing/src/main/java/org/apache/druid/segment/incremental/IncrementalIndex.java: Some input files use or override a deprecated API.
[INFO] /home/srafi/after-cam-ready/compare_/compile_repair_output/work/4ae196d629cd/processing/src/main/java/org/apache/druid/segment/incremental/IncrementalIndex.java: Recompile with -Xlint:deprecation for details.
[INFO] /home/srafi/after-cam-ready/compare_/compile_repair_output/work/4ae196d629cd/processing/src/main/java/org/apache/druid/segment/column/TypeSignature.java: Some input files use unchecked or unsafe operations.
[INFO] /home/srafi/after-cam-ready/compare_/compile_repair_output/work/4ae196d629cd/processing/src/main/java/org/apache/druid/segment/column/TypeSignature.java: Recompile with -Xlint:unchecked for details.
[INFO] 
[INFO] --- forbiddenapis:3.2:check (compile) @ druid-processing ---
[INFO] Scanning for classes to check...
[INFO] Reading bundled API signatures: jdk-unsafe-1.8
[INFO] Reading bundled API signatures: jdk-system-out
[INFO] Reading API signatures: /home/srafi/after-cam-ready/compare_/compile_repair_output/work/4ae196d629cd/codestyle/joda-time-forbidden-apis.txt
[INFO] Reading API signatures: /home/srafi/after-cam-ready/compare_/compile_repair_output/work/4ae196d629cd/codestyle/druid-forbidden-apis.txt
[INFO] Loading classes to check...
[INFO] Scanning classes for violations...
[INFO] Scanned 4268 class file(s) for forbidden API invocations (in 1.24s), 0 error(s).
[INFO] 
[INFO] --- maven-resources-plugin:3.2.0:testResources (default-testResources) @ druid-processing ---
[INFO] Using 'UTF-8' encoding to copy filtered resources.
[INFO] Using 'UTF-8' encoding to copy filtered properties files.
[INFO] Copying 58 resources
[INFO] Copying 3 resources
[INFO] 
[INFO] --- maven-compiler-plugin:3.11.0:testCompile (default-testCompile) @ druid-processing ---
[INFO] Changes detected - recompiling the module! :dependency
[INFO] Compiling 1014 source files with javac [debug target 1.8] to target/test-classes
[INFO] /home/srafi/after-cam-ready/compare_/compile_repair_output/work/4ae196d629cd/processing/src/test/java/org/apache/druid/segment/transform/TransformSpecTest.java: Some input files use or override a deprecated API.
[INFO] /home/srafi/after-cam-ready/compare_/compile_repair_output/work/4ae196d629cd/processing/src/test/java/org/apache/druid/segment/transform/TransformSpecTest.java: Recompile with -Xlint:deprecation for details.
[INFO] /home/srafi/after-cam-ready/compare_/compile_repair_output/work/4ae196d629cd/processing/src/test/java/org/apache/druid/collections/SerializablePairTest.java: Some input files use unchecked or unsafe operations.
[INFO] /home/srafi/after-cam-ready/compare_/compile_repair_output/work/4ae196d629cd/processing/src/test/java/org/apache/druid/collections/SerializablePairTest.java: Recompile with -Xlint:unchecked for details.
[INFO] 
[INFO] --- forbiddenapis:3.2:testCheck (testCompile) @ druid-processing ---
[INFO] Scanning for classes to check...
[INFO] Reading bundled API signatures: jdk-unsafe-1.8
[INFO] Reading API signatures: /home/srafi/after-cam-ready/compare_/compile_repair_output/work/4ae196d629cd/codestyle/joda-time-forbidden-apis.txt
[INFO] Reading API signatures: /home/srafi/after-cam-ready/compare_/compile_repair_output/work/4ae196d629cd/codestyle/druid-forbidden-apis.txt
[INFO] Loading classes to check...
[INFO] Scanning classes for violations...
[INFO] Scanned 1858 class file(s) for forbidden API invocations (in 0.53s), 0 error(s).
[INFO] 
[INFO] --- maven-surefire-plugin:3.0.0-M8-SNAPSHOT:test (default-test) @ druid-processing ---
[INFO] Downloading from apache.snapshots: https://repository.apache.org/snapshots/org/apache/maven/surefire/maven-surefire-common/3.0.0-M8-SNAPSHOT/maven-metadata.xml
[INFO] Downloading from apache.snapshots: https://repository.apache.org/snapshots/org/apache/maven/surefire/surefire-api/3.0.0-M8-SNAPSHOT/maven-metadata.xml
[INFO] Downloading from apache.snapshots: https://repository.apache.org/snapshots/org/apache/maven/surefire/surefire-logger-api/3.0.0-M8-SNAPSHOT/maven-metadata.xml
[INFO] Downloading from apache.snapshots: https://repository.apache.org/snapshots/org/apache/maven/surefire/surefire-shared-utils/3.0.0-M8-SNAPSHOT/maven-metadata.xml
[INFO] Downloading from apache.snapshots: https://repository.apache.org/snapshots/org/apache/maven/surefire/surefire-extensions-api/3.0.0-M8-SNAPSHOT/maven-metadata.xml
[INFO] Downloading from apache.snapshots: https://repository.apache.org/snapshots/org/apache/maven/surefire/surefire-booter/3.0.0-M8-SNAPSHOT/maven-metadata.xml
[INFO] Downloading from apache.snapshots: https://repository.apache.org/snapshots/org/apache/maven/surefire/surefire-extensions-spi/3.0.0-M8-SNAPSHOT/maven-metadata.xml
[INFO] Tests are skipped.
[INFO] 
[INFO] --- animal-sniffer-maven-plugin:1.23:check (check-java-api) @ druid-processing ---
[INFO] Signature checking is skipped.
[INFO] 
[INFO] --- maven-jar-plugin:3.2.2:jar (default-jar) @ druid-processing ---
[INFO] Building jar: /home/srafi/after-cam-ready/compare_/compile_repair_output/work/4ae196d629cd/processing/target/druid-processing-29.0.0-SNAPSHOT.jar
[INFO] 
[INFO] --- maven-jar-plugin:3.2.2:test-jar (default) @ druid-processing ---
[INFO] Building jar: /home/srafi/after-cam-ready/compare_/compile_repair_output/work/4ae196d629cd/processing/target/druid-processing-29.0.0-SNAPSHOT-tests.jar
[INFO] 
[INFO] --- maven-site-plugin:3.11.0:attach-descriptor (attach-descriptor) @ druid-processing ---
[INFO] Skipping because packaging 'jar' is not pom.
[INFO] 
[INFO] --- cyclonedx-maven-plugin:2.7.9:makeBom (default) @ druid-processing ---
[INFO] CycloneDX: Resolving Dependencies
[INFO] Downloading from maven.org: https://repo1.maven.org/maven2/net/bytebuddy/byte-buddy/1.14.5/byte-buddy-1.14.5.jar
[INFO] Downloaded from maven.org: https://repo1.maven.org/maven2/net/bytebuddy/byte-buddy/1.14.5/byte-buddy-1.14.5.jar (4.2 MB at 48 MB/s)
[INFO] Downloading from maven.org: https://repo1.maven.org/maven2/org/checkerframework/checker-qual/3.31.0/checker-qual-3.31.0.jar
[INFO] Downloaded from maven.org: https://repo1.maven.org/maven2/org/checkerframework/checker-qual/3.31.0/checker-qual-3.31.0.jar (224 kB at 7.0 MB/s)
[INFO] Downloading from maven.org: https://repo1.maven.org/maven2/junit/junit-dep/4.9/junit-dep-4.9.jar
[INFO] Downloaded from maven.org: https://repo1.maven.org/maven2/junit/junit-dep/4.9/junit-dep-4.9.jar (249 kB at 7.3 MB/s)
[INFO] CycloneDX: Creating BOM version 1.4 with 102 component(s)
[INFO] CycloneDX: Writing and validating BOM (XML): /home/srafi/after-cam-ready/compare_/compile_repair_output/work/4ae196d629cd/processing/target/bom.xml
[INFO]            attaching as druid-processing-29.0.0-SNAPSHOT-cyclonedx.xml
[INFO] CycloneDX: Writing and validating BOM (JSON): /home/srafi/after-cam-ready/compare_/compile_repair_output/work/4ae196d629cd/processing/target/bom.json
[INFO]            attaching as druid-processing-29.0.0-SNAPSHOT-cyclonedx.json
[INFO] 
[INFO] --- maven-install-plugin:2.3.1:install (default) @ druid-processing ---
[INFO] Installing /home/srafi/after-cam-ready/compare_/compile_repair_output/work/4ae196d629cd/processing/target/druid-processing-29.0.0-SNAPSHOT.jar to /home/srafi/.m2/repository/org/apache/druid/druid-processing/29.0.0-SNAPSHOT/druid-processing-29.0.0-SNAPSHOT.jar
[INFO] Installing /home/srafi/after-cam-ready/compare_/compile_repair_output/work/4ae196d629cd/processing/pom.xml to /home/srafi/.m2/repository/org/apache/druid/druid-processing/29.0.0-SNAPSHOT/druid-processing-29.0.0-SNAPSHOT.pom
[INFO] Installing /home/srafi/after-cam-ready/compare_/compile_repair_output/work/4ae196d629cd/processing/target/druid-processing-29.0.0-SNAPSHOT-tests.jar to /home/srafi/.m2/repository/org/apache/druid/druid-processing/29.0.0-SNAPSHOT/druid-processing-29.0.0-SNAPSHOT-tests.jar
[INFO] Installing /home/srafi/after-cam-ready/compare_/compile_repair_output/work/4ae196d629cd/processing/target/bom.xml to /home/srafi/.m2/repository/org/apache/druid/druid-processing/29.0.0-SNAPSHOT/druid-processing-29.0.0-SNAPSHOT-cyclonedx.xml
[INFO] Installing /home/srafi/after-cam-ready/compare_/compile_repair_output/work/4ae196d629cd/processing/target/bom.json to /home/srafi/.m2/repository/org/apache/druid/druid-processing/29.0.0-SNAPSHOT/druid-processing-29.0.0-SNAPSHOT-cyclonedx.json
[INFO] 
[INFO] --- maven-install-plugin:2.3.1:install (default-install) @ druid-processing ---
[INFO] Installing /home/srafi/after-cam-ready/compare_/compile_repair_output/work/4ae196d629cd/processing/target/druid-processing-29.0.0-SNAPSHOT.jar to /home/srafi/.m2/repository/org/apache/druid/druid-processing/29.0.0-SNAPSHOT/druid-processing-29.0.0-SNAPSHOT.jar
[INFO] Installing /home/srafi/after-cam-ready/compare_/compile_repair_output/work/4ae196d629cd/processing/pom.xml to /home/srafi/.m2/repository/org/apache/druid/druid-processing/29.0.0-SNAPSHOT/druid-processing-29.0.0-SNAPSHOT.pom
[INFO] Installing /home/srafi/after-cam-ready/compare_/compile_repair_output/work/4ae196d629cd/processing/target/druid-processing-29.0.0-SNAPSHOT-tests.jar to /home/srafi/.m2/repository/org/apache/druid/druid-processing/29.0.0-SNAPSHOT/druid-processing-29.0.0-SNAPSHOT-tests.jar
[INFO] Installing /home/srafi/after-cam-ready/compare_/compile_repair_output/work/4ae196d629cd/processing/target/bom.xml to /home/srafi/.m2/repository/org/apache/druid/druid-processing/29.0.0-SNAPSHOT/druid-processing-29.0.0-SNAPSHOT-cyclonedx.xml
[INFO] Installing /home/srafi/after-cam-ready/compare_/compile_repair_output/work/4ae196d629cd/processing/target/bom.json to /home/srafi/.m2/repository/org/apache/druid/druid-processing/29.0.0-SNAPSHOT/druid-processing-29.0.0-SNAPSHOT-cyclonedx.json
[INFO] ------------------------------------------------------------------------
[INFO] Reactor Summary for Druid 29.0.0-SNAPSHOT:
[INFO] 
[INFO] Druid .............................................. SUCCESS [  3.936 s]
[INFO] druid-processing ................................... SUCCESS [ 33.877 s]
[INFO] ------------------------------------------------------------------------
[INFO] BUILD SUCCESS
[INFO] ------------------------------------------------------------------------
[INFO] Total time:  38.753 s
[INFO] Finished at: 2026-08-15T14:21:53-04:00
[INFO] ------------------------------------------------------------------------
