JAVA_HOME=/usr/lib/jvm/java-8-openjdk-amd64
COMMAND=bash /home/srafi/after-cam-ready/compare_/compile_repair_output/work/57b19bd5b309/mvnw -B clean install -DskipTests -U -pl linkis-commons -am -Ddependency-check.skip=true -Dgpg.skip=true -DfailIfNoTests=false -Dskip.installnodenpm=true -Dskip.npm=true -Dskip.yarn=true -Dlicense.skip=true -Dcheckstyle.skip=true -Drat.skip=true -Denforcer.skip=true -Danimal.sniffer.skip=true -Dmaven.javadoc.skip=true -Dfindbugs.skip=true -Dspotbugs.skip=true -Dwarbucks.skip=true -Dmodernizer.skip=true -Dimpsort.skip=true -Dmdep.analyze.skip=true -Dpgpverify.skip=true -Dxml.skip=true -Dcobertura.skip=true

[INFO] Scanning for projects...
[INFO] Downloading from central: https://repo.maven.apache.org/maven2/org/springframework/spring-framework-bom/5.2.23.RELEASE/spring-framework-bom-5.2.23.RELEASE.pom
[INFO] Downloaded from central: https://repo.maven.apache.org/maven2/org/springframework/spring-framework-bom/5.2.23.RELEASE/spring-framework-bom-5.2.23.RELEASE.pom (5.3 kB at 53 kB/s)
[INFO] Downloading from central: https://repo.maven.apache.org/maven2/org/springframework/cloud/spring-cloud-dependencies/Hoxton.SR12/spring-cloud-dependencies-Hoxton.SR12.pom
[INFO] Downloaded from central: https://repo.maven.apache.org/maven2/org/springframework/cloud/spring-cloud-dependencies/Hoxton.SR12/spring-cloud-dependencies-Hoxton.SR12.pom (12 kB at 375 kB/s)
[INFO] Downloading from central: https://repo.maven.apache.org/maven2/org/springframework/cloud/spring-cloud-dependencies-parent/2.3.5.RELEASE/spring-cloud-dependencies-parent-2.3.5.RELEASE.pom
[INFO] Downloaded from central: https://repo.maven.apache.org/maven2/org/springframework/cloud/spring-cloud-dependencies-parent/2.3.5.RELEASE/spring-cloud-dependencies-parent-2.3.5.RELEASE.pom (8.2 kB at 317 kB/s)
[INFO] Downloading from central: https://repo.maven.apache.org/maven2/org/springframework/cloud/spring-cloud-commons-dependencies/2.2.9.RELEASE/spring-cloud-commons-dependencies-2.2.9.RELEASE.pom
[INFO] Downloaded from central: https://repo.maven.apache.org/maven2/org/springframework/cloud/spring-cloud-commons-dependencies/2.2.9.RELEASE/spring-cloud-commons-dependencies-2.2.9.RELEASE.pom (7.0 kB at 188 kB/s)
[INFO] Downloading from central: https://repo.maven.apache.org/maven2/org/springframework/cloud/spring-cloud-netflix-dependencies/2.2.9.RELEASE/spring-cloud-netflix-dependencies-2.2.9.RELEASE.pom
[INFO] Downloaded from central: https://repo.maven.apache.org/maven2/org/springframework/cloud/spring-cloud-netflix-dependencies/2.2.9.RELEASE/spring-cloud-netflix-dependencies-2.2.9.RELEASE.pom (18 kB at 437 kB/s)
[INFO] Downloading from central: https://repo.maven.apache.org/maven2/org/springframework/cloud/spring-cloud-stream-dependencies/Horsham.SR13/spring-cloud-stream-dependencies-Horsham.SR13.pom
[INFO] Downloaded from central: https://repo.maven.apache.org/maven2/org/springframework/cloud/spring-cloud-stream-dependencies/Horsham.SR13/spring-cloud-stream-dependencies-Horsham.SR13.pom (9.3 kB at 358 kB/s)
[INFO] Downloading from central: https://repo.maven.apache.org/maven2/org/springframework/cloud/spring-cloud-task-dependencies/2.2.5.RELEASE/spring-cloud-task-dependencies-2.2.5.RELEASE.pom
[INFO] Downloaded from central: https://repo.maven.apache.org/maven2/org/springframework/cloud/spring-cloud-task-dependencies/2.2.5.RELEASE/spring-cloud-task-dependencies-2.2.5.RELEASE.pom (2.8 kB at 60 kB/s)
[INFO] Downloading from central: https://repo.maven.apache.org/maven2/org/springframework/cloud/spring-cloud-dependencies-parent/2.2.3.RELEASE/spring-cloud-dependencies-parent-2.2.3.RELEASE.pom
[INFO] Downloaded from central: https://repo.maven.apache.org/maven2/org/springframework/cloud/spring-cloud-dependencies-parent/2.2.3.RELEASE/spring-cloud-dependencies-parent-2.2.3.RELEASE.pom (8.3 kB at 258 kB/s)
[INFO] Downloading from central: https://repo.maven.apache.org/maven2/org/springframework/cloud/spring-cloud-circuitbreaker-dependencies/1.0.6.RELEASE/spring-cloud-circuitbreaker-dependencies-1.0.6.RELEASE.pom
[INFO] Downloaded from central: https://repo.maven.apache.org/maven2/org/springframework/cloud/spring-cloud-circuitbreaker-dependencies/1.0.6.RELEASE/spring-cloud-circuitbreaker-dependencies-1.0.6.RELEASE.pom (6.6 kB at 146 kB/s)
[INFO] Downloading from central: https://repo.maven.apache.org/maven2/org/springframework/cloud/spring-cloud-config-dependencies/2.2.8.RELEASE/spring-cloud-config-dependencies-2.2.8.RELEASE.pom
[INFO] Downloaded from central: https://repo.maven.apache.org/maven2/org/springframework/cloud/spring-cloud-config-dependencies/2.2.8.RELEASE/spring-cloud-config-dependencies-2.2.8.RELEASE.pom (7.6 kB at 189 kB/s)
[INFO] Downloading from central: https://repo.maven.apache.org/maven2/org/springframework/cloud/spring-cloud-dependencies-parent/2.3.4.RELEASE/spring-cloud-dependencies-parent-2.3.4.RELEASE.pom
[INFO] Downloaded from central: https://repo.maven.apache.org/maven2/org/springframework/cloud/spring-cloud-dependencies-parent/2.3.4.RELEASE/spring-cloud-dependencies-parent-2.3.4.RELEASE.pom (8.2 kB at 222 kB/s)
[INFO] Downloading from central: https://repo.maven.apache.org/maven2/org/springframework/cloud/spring-cloud-function-dependencies/3.0.14.RELEASE/spring-cloud-function-dependencies-3.0.14.RELEASE.pom
[INFO] Downloaded from central: https://repo.maven.apache.org/maven2/org/springframework/cloud/spring-cloud-function-dependencies/3.0.14.RELEASE/spring-cloud-function-dependencies-3.0.14.RELEASE.pom (6.5 kB at 170 kB/s)
[INFO] Downloading from central: https://repo.maven.apache.org/maven2/org/springframework/cloud/spring-cloud-gateway-dependencies/2.2.9.RELEASE/spring-cloud-gateway-dependencies-2.2.9.RELEASE.pom
[INFO] Downloaded from central: https://repo.maven.apache.org/maven2/org/springframework/cloud/spring-cloud-gateway-dependencies/2.2.9.RELEASE/spring-cloud-gateway-dependencies-2.2.9.RELEASE.pom (6.3 kB at 129 kB/s)
[INFO] Downloading from central: https://repo.maven.apache.org/maven2/org/springframework/cloud/spring-cloud-consul-dependencies/2.2.8.RELEASE/spring-cloud-consul-dependencies-2.2.8.RELEASE.pom
[INFO] Downloaded from central: https://repo.maven.apache.org/maven2/org/springframework/cloud/spring-cloud-consul-dependencies/2.2.8.RELEASE/spring-cloud-consul-dependencies-2.2.8.RELEASE.pom (7.6 kB at 291 kB/s)
[INFO] Downloading from central: https://repo.maven.apache.org/maven2/org/springframework/cloud/spring-cloud-sleuth-dependencies/2.2.8.RELEASE/spring-cloud-sleuth-dependencies-2.2.8.RELEASE.pom
[INFO] Downloaded from central: https://repo.maven.apache.org/maven2/org/springframework/cloud/spring-cloud-sleuth-dependencies/2.2.8.RELEASE/spring-cloud-sleuth-dependencies-2.2.8.RELEASE.pom (7.7 kB at 368 kB/s)
[INFO] Downloading from central: https://repo.maven.apache.org/maven2/io/zipkin/brave/brave-bom/5.12.7/brave-bom-5.12.7.pom
[INFO] Downloaded from central: https://repo.maven.apache.org/maven2/io/zipkin/brave/brave-bom/5.12.7/brave-bom-5.12.7.pom (11 kB at 379 kB/s)
[INFO] Downloading from central: https://repo.maven.apache.org/maven2/io/zipkin/reporter2/zipkin-reporter-bom/2.15.2/zipkin-reporter-bom-2.15.2.pom
[INFO] Downloaded from central: https://repo.maven.apache.org/maven2/io/zipkin/reporter2/zipkin-reporter-bom/2.15.2/zipkin-reporter-bom-2.15.2.pom (6.3 kB at 171 kB/s)
[INFO] Downloading from central: https://repo.maven.apache.org/maven2/org/springframework/cloud/spring-cloud-vault-dependencies/2.2.7.RELEASE/spring-cloud-vault-dependencies-2.2.7.RELEASE.pom
[INFO] Downloaded from central: https://repo.maven.apache.org/maven2/org/springframework/cloud/spring-cloud-vault-dependencies/2.2.7.RELEASE/spring-cloud-vault-dependencies-2.2.7.RELEASE.pom (6.3 kB at 275 kB/s)
[INFO] Downloading from central: https://repo.maven.apache.org/maven2/org/springframework/cloud/spring-cloud-dependencies-parent/2.3.2.RELEASE/spring-cloud-dependencies-parent-2.3.2.RELEASE.pom
[INFO] Downloaded from central: https://repo.maven.apache.org/maven2/org/springframework/cloud/spring-cloud-dependencies-parent/2.3.2.RELEASE/spring-cloud-dependencies-parent-2.3.2.RELEASE.pom (8.3 kB at 306 kB/s)
[INFO] Downloading from central: https://repo.maven.apache.org/maven2/org/springframework/cloud/spring-cloud-zookeeper-dependencies/2.2.5.RELEASE/spring-cloud-zookeeper-dependencies-2.2.5.RELEASE.pom
[INFO] Downloaded from central: https://repo.maven.apache.org/maven2/org/springframework/cloud/spring-cloud-zookeeper-dependencies/2.2.5.RELEASE/spring-cloud-zookeeper-dependencies-2.2.5.RELEASE.pom (9.1 kB at 378 kB/s)
[INFO] Downloading from central: https://repo.maven.apache.org/maven2/org/springframework/cloud/spring-cloud-security-dependencies/2.2.5.RELEASE/spring-cloud-security-dependencies-2.2.5.RELEASE.pom
[INFO] Downloaded from central: https://repo.maven.apache.org/maven2/org/springframework/cloud/spring-cloud-security-dependencies/2.2.5.RELEASE/spring-cloud-security-dependencies-2.2.5.RELEASE.pom (6.3 kB at 243 kB/s)
[INFO] Downloading from central: https://repo.maven.apache.org/maven2/org/springframework/cloud/spring-cloud-cloudfoundry-dependencies/2.2.3.RELEASE/spring-cloud-cloudfoundry-dependencies-2.2.3.RELEASE.pom
[INFO] Downloaded from central: https://repo.maven.apache.org/maven2/org/springframework/cloud/spring-cloud-cloudfoundry-dependencies/2.2.3.RELEASE/spring-cloud-cloudfoundry-dependencies-2.2.3.RELEASE.pom (6.4 kB at 228 kB/s)
[INFO] Downloading from central: https://repo.maven.apache.org/maven2/org/springframework/cloud/spring-cloud-dependencies-parent/2.3.1.RELEASE/spring-cloud-dependencies-parent-2.3.1.RELEASE.pom
[INFO] Downloaded from central: https://repo.maven.apache.org/maven2/org/springframework/cloud/spring-cloud-dependencies-parent/2.3.1.RELEASE/spring-cloud-dependencies-parent-2.3.1.RELEASE.pom (8.3 kB at 295 kB/s)
[INFO] Downloading from central: https://repo.maven.apache.org/maven2/org/springframework/cloud/spring-cloud-bus-dependencies/2.2.4.RELEASE/spring-cloud-bus-dependencies-2.2.4.RELEASE.pom
[INFO] Downloaded from central: https://repo.maven.apache.org/maven2/org/springframework/cloud/spring-cloud-bus-dependencies/2.2.4.RELEASE/spring-cloud-bus-dependencies-2.2.4.RELEASE.pom (5.9 kB at 178 kB/s)
[INFO] Downloading from central: https://repo.maven.apache.org/maven2/org/springframework/cloud/spring-cloud-contract-dependencies/2.2.8.RELEASE/spring-cloud-contract-dependencies-2.2.8.RELEASE.pom
[INFO] Downloaded from central: https://repo.maven.apache.org/maven2/org/springframework/cloud/spring-cloud-contract-dependencies/2.2.8.RELEASE/spring-cloud-contract-dependencies-2.2.8.RELEASE.pom (9.3 kB at 344 kB/s)
[INFO] Downloading from central: https://repo.maven.apache.org/maven2/org/springframework/cloud/spring-cloud-aws-dependencies/2.2.6.RELEASE/spring-cloud-aws-dependencies-2.2.6.RELEASE.pom
[INFO] Downloaded from central: https://repo.maven.apache.org/maven2/org/springframework/cloud/spring-cloud-aws-dependencies/2.2.6.RELEASE/spring-cloud-aws-dependencies-2.2.6.RELEASE.pom (10 kB at 329 kB/s)
[INFO] Downloading from central: https://repo.maven.apache.org/maven2/com/amazonaws/aws-java-sdk-bom/1.11.792/aws-java-sdk-bom-1.11.792.pom
[INFO] Downloaded from central: https://repo.maven.apache.org/maven2/com/amazonaws/aws-java-sdk-bom/1.11.792/aws-java-sdk-bom-1.11.792.pom (48 kB at 1.6 MB/s)
[INFO] Downloading from central: https://repo.maven.apache.org/maven2/com/amazonaws/aws-java-sdk-pom/1.11.792/aws-java-sdk-pom-1.11.792.pom
[INFO] Downloaded from central: https://repo.maven.apache.org/maven2/com/amazonaws/aws-java-sdk-pom/1.11.792/aws-java-sdk-pom-1.11.792.pom (20 kB at 591 kB/s)
[INFO] Downloading from central: https://repo.maven.apache.org/maven2/org/springframework/cloud/spring-cloud-openfeign-dependencies/2.2.9.RELEASE/spring-cloud-openfeign-dependencies-2.2.9.RELEASE.pom
[INFO] Downloaded from central: https://repo.maven.apache.org/maven2/org/springframework/cloud/spring-cloud-openfeign-dependencies/2.2.9.RELEASE/spring-cloud-openfeign-dependencies-2.2.9.RELEASE.pom (6.3 kB at 196 kB/s)
[INFO] Downloading from central: https://repo.maven.apache.org/maven2/io/github/openfeign/feign-bom/10.12/feign-bom-10.12.pom
[INFO] Downloaded from central: https://repo.maven.apache.org/maven2/io/github/openfeign/feign-bom/10.12/feign-bom-10.12.pom (6.0 kB at 187 kB/s)
[INFO] Downloading from central: https://repo.maven.apache.org/maven2/org/springframework/cloud/spring-cloud-kubernetes-dependencies/1.1.10.RELEASE/spring-cloud-kubernetes-dependencies-1.1.10.RELEASE.pom
[INFO] Downloaded from central: https://repo.maven.apache.org/maven2/org/springframework/cloud/spring-cloud-kubernetes-dependencies/1.1.10.RELEASE/spring-cloud-kubernetes-dependencies-1.1.10.RELEASE.pom (12 kB at 336 kB/s)
[INFO] Downloading from central: https://repo.maven.apache.org/maven2/io/fabric8/kubernetes-client-bom/4.13.2/kubernetes-client-bom-4.13.2.pom
[INFO] Downloaded from central: https://repo.maven.apache.org/maven2/io/fabric8/kubernetes-client-bom/4.13.2/kubernetes-client-bom-4.13.2.pom (14 kB at 361 kB/s)
[INFO] Downloading from central: https://repo.maven.apache.org/maven2/org/springframework/cloud/spring-cloud-gcp-dependencies/1.2.8.RELEASE/spring-cloud-gcp-dependencies-1.2.8.RELEASE.pom
[INFO] Downloaded from central: https://repo.maven.apache.org/maven2/org/springframework/cloud/spring-cloud-gcp-dependencies/1.2.8.RELEASE/spring-cloud-gcp-dependencies-1.2.8.RELEASE.pom (13 kB at 510 kB/s)
[INFO] Downloading from central: https://repo.maven.apache.org/maven2/com/google/guava/guava-bom/30.0-jre/guava-bom-30.0-jre.pom
[INFO] Downloaded from central: https://repo.maven.apache.org/maven2/com/google/guava/guava-bom/30.0-jre/guava-bom-30.0-jre.pom (1.7 kB at 67 kB/s)
[INFO] Downloading from central: https://repo.maven.apache.org/maven2/com/google/cloud/libraries-bom/16.2.0/libraries-bom-16.2.0.pom
[INFO] Downloaded from central: https://repo.maven.apache.org/maven2/com/google/cloud/libraries-bom/16.2.0/libraries-bom-16.2.0.pom (9.7 kB at 360 kB/s)
[INFO] Downloading from central: https://repo.maven.apache.org/maven2/com/google/cloud/google-cloud-bom/0.146.0/google-cloud-bom-0.146.0.pom
[INFO] Downloaded from central: https://repo.maven.apache.org/maven2/com/google/cloud/google-cloud-bom/0.146.0/google-cloud-bom-0.146.0.pom (24 kB at 874 kB/s)
[INFO] Downloading from central: https://repo.maven.apache.org/maven2/com/google/cloud/google-cloud-accessapproval-bom/1.0.7/google-cloud-accessapproval-bom-1.0.7.pom
[INFO] Downloaded from central: https://repo.maven.apache.org/maven2/com/google/cloud/google-cloud-accessapproval-bom/1.0.7/google-cloud-accessapproval-bom-1.0.7.pom (3.1 kB at 157 kB/s)
[INFO] Downloading from central: https://repo.maven.apache.org/maven2/com/google/cloud/google-cloud-asset-bom/2.2.0/google-cloud-asset-bom-2.2.0.pom
[INFO] Downloaded from central: https://repo.maven.apache.org/maven2/com/google/cloud/google-cloud-asset-bom/2.2.0/google-cloud-asset-bom-2.2.0.pom (5.6 kB at 223 kB/s)
[INFO] Downloading from central: https://repo.maven.apache.org/maven2/com/google/cloud/google-cloud-automl-bom/1.3.2/google-cloud-automl-bom-1.3.2.pom
[INFO] Downloaded from central: https://repo.maven.apache.org/maven2/com/google/cloud/google-cloud-automl-bom/1.3.2/google-cloud-automl-bom-1.3.2.pom (3.5 kB at 161 kB/s)
[INFO] Downloading from central: https://repo.maven.apache.org/maven2/com/google/cloud/google-cloud-bigquerydatatransfer-bom/1.0.22/google-cloud-bigquerydatatransfer-bom-1.0.22.pom
[INFO] Downloaded from central: https://repo.maven.apache.org/maven2/com/google/cloud/google-cloud-bigquerydatatransfer-bom/1.0.22/google-cloud-bigquerydatatransfer-bom-1.0.22.pom (3.2 kB at 129 kB/s)
[INFO] Downloading from central: https://repo.maven.apache.org/maven2/com/google/cloud/google-cloud-bigquerystorage-bom/1.7.0/google-cloud-bigquerystorage-bom-1.7.0.pom
[INFO] Downloaded from central: https://repo.maven.apache.org/maven2/com/google/cloud/google-cloud-bigquerystorage-bom/1.7.0/google-cloud-bigquerystorage-bom-1.7.0.pom (4.8 kB at 228 kB/s)
[INFO] Downloading from central: https://repo.maven.apache.org/maven2/com/google/cloud/google-cloud-bigqueryconnection-bom/1.0.4/google-cloud-bigqueryconnection-bom-1.0.4.pom
[INFO] Downloaded from central: https://repo.maven.apache.org/maven2/com/google/cloud/google-cloud-bigqueryconnection-bom/1.0.4/google-cloud-bigqueryconnection-bom-1.0.4.pom (3.8 kB at 156 kB/s)
[INFO] Downloading from central: https://repo.maven.apache.org/maven2/com/google/cloud/google-cloud-bigqueryreservation-bom/1.0.4/google-cloud-bigqueryreservation-bom-1.0.4.pom
[INFO] Downloaded from central: https://repo.maven.apache.org/maven2/com/google/cloud/google-cloud-bigqueryreservation-bom/1.0.4/google-cloud-bigqueryreservation-bom-1.0.4.pom (3.2 kB at 140 kB/s)
[INFO] Downloading from central: https://repo.maven.apache.org/maven2/com/google/cloud/google-cloud-bigtable-bom/1.19.0/google-cloud-bigtable-bom-1.19.0.pom
[INFO] Downloaded from central: https://repo.maven.apache.org/maven2/com/google/cloud/google-cloud-bigtable-bom/1.19.0/google-cloud-bigtable-bom-1.19.0.pom (5.0 kB at 218 kB/s)
[INFO] Downloading from central: https://repo.maven.apache.org/maven2/com/google/cloud/google-cloud-billing-bom/1.1.9/google-cloud-billing-bom-1.1.9.pom
[INFO] Downloaded from central: https://repo.maven.apache.org/maven2/com/google/cloud/google-cloud-billing-bom/1.1.9/google-cloud-billing-bom-1.1.9.pom (3.0 kB at 127 kB/s)
[INFO] Downloading from central: https://repo.maven.apache.org/maven2/com/google/cloud/google-cloud-billingbudgets-bom/1.0.1/google-cloud-billingbudgets-bom-1.0.1.pom
[INFO] Downloaded from central: https://repo.maven.apache.org/maven2/com/google/cloud/google-cloud-billingbudgets-bom/1.0.1/google-cloud-billingbudgets-bom-1.0.1.pom (3.7 kB at 147 kB/s)
[INFO] Downloading from central: https://repo.maven.apache.org/maven2/com/google/cloud/google-cloud-build-bom/2.1.7/google-cloud-build-bom-2.1.7.pom
[INFO] Downloaded from central: https://repo.maven.apache.org/maven2/com/google/cloud/google-cloud-build-bom/2.1.7/google-cloud-build-bom-2.1.7.pom (3.0 kB at 126 kB/s)
[INFO] Downloading from central: https://repo.maven.apache.org/maven2/com/google/cloud/google-cloud-container-bom/1.2.1/google-cloud-container-bom-1.2.1.pom
[INFO] Downloaded from central: https://repo.maven.apache.org/maven2/com/google/cloud/google-cloud-container-bom/1.2.1/google-cloud-container-bom-1.2.1.pom (3.1 kB at 123 kB/s)
[INFO] Downloading from central: https://repo.maven.apache.org/maven2/com/google/cloud/google-cloud-containeranalysis-bom/1.2.7/google-cloud-containeranalysis-bom-1.2.7.pom
[INFO] Downloaded from central: https://repo.maven.apache.org/maven2/com/google/cloud/google-cloud-containeranalysis-bom/1.2.7/google-cloud-containeranalysis-bom-1.2.7.pom (3.7 kB at 125 kB/s)
[INFO] Downloading from central: https://repo.maven.apache.org/maven2/com/google/cloud/google-cloud-datacatalog-bom/1.0.10/google-cloud-datacatalog-bom-1.0.10.pom
[INFO] Downloaded from central: https://repo.maven.apache.org/maven2/com/google/cloud/google-cloud-datacatalog-bom/1.0.10/google-cloud-datacatalog-bom-1.0.10.pom (3.6 kB at 146 kB/s)
[INFO] Downloading from central: https://repo.maven.apache.org/maven2/com/google/cloud/google-cloud-datalabeling-bom/0.119.7/google-cloud-datalabeling-bom-0.119.7.pom
[INFO] Downloaded from central: https://repo.maven.apache.org/maven2/com/google/cloud/google-cloud-datalabeling-bom/0.119.7/google-cloud-datalabeling-bom-0.119.7.pom (3.1 kB at 92 kB/s)
[INFO] Downloading from central: https://repo.maven.apache.org/maven2/com/google/cloud/google-cloud-dataproc-bom/1.1.8/google-cloud-dataproc-bom-1.1.8.pom
[INFO] Downloaded from central: https://repo.maven.apache.org/maven2/com/google/cloud/google-cloud-dataproc-bom/1.1.8/google-cloud-dataproc-bom-1.1.8.pom (3.6 kB at 123 kB/s)
[INFO] Downloading from central: https://repo.maven.apache.org/maven2/com/google/cloud/google-cloud-datastore-bom/1.105.3/google-cloud-datastore-bom-1.105.3.pom
[INFO] Downloaded from central: https://repo.maven.apache.org/maven2/com/google/cloud/google-cloud-datastore-bom/1.105.3/google-cloud-datastore-bom-1.105.3.pom (2.8 kB at 118 kB/s)
[INFO] Downloading from central: https://repo.maven.apache.org/maven2/com/google/cloud/google-cloud-dlp-bom/2.2.3/google-cloud-dlp-bom-2.2.3.pom
[INFO] Downloaded from central: https://repo.maven.apache.org/maven2/com/google/cloud/google-cloud-dlp-bom/2.2.3/google-cloud-dlp-bom-2.2.3.pom (3.0 kB at 103 kB/s)
[INFO] Downloading from central: https://repo.maven.apache.org/maven2/com/google/cloud/google-cloud-dialogflow-bom/2.4.3/google-cloud-dialogflow-bom-2.4.3.pom
[INFO] Downloaded from central: https://repo.maven.apache.org/maven2/com/google/cloud/google-cloud-dialogflow-bom/2.4.3/google-cloud-dialogflow-bom-2.4.3.pom (3.6 kB at 139 kB/s)
[INFO] Downloading from central: https://repo.maven.apache.org/maven2/com/google/cloud/google-cloud-document-ai-bom/0.3.6/google-cloud-document-ai-bom-0.3.6.pom
[INFO] Downloaded from central: https://repo.maven.apache.org/maven2/com/google/cloud/google-cloud-document-ai-bom/0.3.6/google-cloud-document-ai-bom-0.3.6.pom (4.2 kB at 175 kB/s)
[INFO] Downloading from central: https://repo.maven.apache.org/maven2/com/google/cloud/google-cloud-errorreporting-bom/0.120.9-beta/google-cloud-errorreporting-bom-0.120.9-beta.pom
[INFO] Downloaded from central: https://repo.maven.apache.org/maven2/com/google/cloud/google-cloud-errorreporting-bom/0.120.9-beta/google-cloud-errorreporting-bom-0.120.9-beta.pom (3.2 kB at 145 kB/s)
[INFO] Downloading from central: https://repo.maven.apache.org/maven2/com/google/cloud/google-cloud-functions-bom/1.0.3/google-cloud-functions-bom-1.0.3.pom
[INFO] Downloaded from central: https://repo.maven.apache.org/maven2/com/google/cloud/google-cloud-functions-bom/1.0.3/google-cloud-functions-bom-1.0.3.pom (3.1 kB at 137 kB/s)
[INFO] Downloading from central: https://repo.maven.apache.org/maven2/com/google/cloud/google-cloud-game-servers-bom/1.0.3/google-cloud-game-servers-bom-1.0.3.pom
[INFO] Downloaded from central: https://repo.maven.apache.org/maven2/com/google/cloud/google-cloud-game-servers-bom/1.0.3/google-cloud-game-servers-bom-1.0.3.pom (3.6 kB at 130 kB/s)
[INFO] Downloading from central: https://repo.maven.apache.org/maven2/com/google/cloud/google-cloud-iamcredentials-bom/1.1.7/google-cloud-iamcredentials-bom-1.1.7.pom
[INFO] Downloaded from central: https://repo.maven.apache.org/maven2/com/google/cloud/google-cloud-iamcredentials-bom/1.1.7/google-cloud-iamcredentials-bom-1.1.7.pom (3.2 kB at 158 kB/s)
[INFO] Downloading from central: https://repo.maven.apache.org/maven2/com/google/cloud/google-cloud-iot-bom/1.1.8/google-cloud-iot-bom-1.1.8.pom
[INFO] Downloaded from central: https://repo.maven.apache.org/maven2/com/google/cloud/google-cloud-iot-bom/1.1.8/google-cloud-iot-bom-1.1.8.pom (3.0 kB at 143 kB/s)
[INFO] Downloading from central: https://repo.maven.apache.org/maven2/com/google/cloud/google-cloud-kms-bom/1.40.3/google-cloud-kms-bom-1.40.3.pom
[INFO] Downloaded from central: https://repo.maven.apache.org/maven2/com/google/cloud/google-cloud-kms-bom/1.40.3/google-cloud-kms-bom-1.40.3.pom (3.0 kB at 150 kB/s)
[INFO] Downloading from central: https://repo.maven.apache.org/maven2/com/google/cloud/google-cloud-language-bom/1.101.7/google-cloud-language-bom-1.101.7.pom
[INFO] Downloaded from central: https://repo.maven.apache.org/maven2/com/google/cloud/google-cloud-language-bom/1.101.7/google-cloud-language-bom-1.101.7.pom (3.6 kB at 144 kB/s)
[INFO] Downloading from central: https://repo.maven.apache.org/maven2/com/google/cloud/google-cloud-logging-bom/2.1.0/google-cloud-logging-bom-2.1.0.pom
[INFO] Downloaded from central: https://repo.maven.apache.org/maven2/com/google/cloud/google-cloud-logging-bom/2.1.0/google-cloud-logging-bom-2.1.0.pom (3.0 kB at 105 kB/s)
[INFO] Downloading from central: https://repo.maven.apache.org/maven2/com/google/cloud/google-cloud-mediatranslation-bom/0.2.7/google-cloud-mediatranslation-bom-0.2.7.pom
[INFO] Downloaded from central: https://repo.maven.apache.org/maven2/com/google/cloud/google-cloud-mediatranslation-bom/0.2.7/google-cloud-mediatranslation-bom-0.2.7.pom (3.2 kB at 133 kB/s)
[INFO] Downloading from central: https://repo.maven.apache.org/maven2/com/google/cloud/google-cloud-memcache-bom/0.2.8/google-cloud-memcache-bom-0.2.8.pom
[INFO] Downloaded from central: https://repo.maven.apache.org/maven2/com/google/cloud/google-cloud-memcache-bom/0.2.8/google-cloud-memcache-bom-0.2.8.pom (3.2 kB at 144 kB/s)
[INFO] Downloading from central: https://repo.maven.apache.org/maven2/com/google/cloud/google-cloud-monitoring-bom/2.0.9/google-cloud-monitoring-bom-2.0.9.pom
[INFO] Downloaded from central: https://repo.maven.apache.org/maven2/com/google/cloud/google-cloud-monitoring-bom/2.0.9/google-cloud-monitoring-bom-2.0.9.pom (3.1 kB at 147 kB/s)
[INFO] Downloading from central: https://repo.maven.apache.org/maven2/com/google/cloud/google-cloud-monitoring-dashboard-bom/1.0.5/google-cloud-monitoring-dashboard-bom-1.0.5.pom
[INFO] Downloaded from central: https://repo.maven.apache.org/maven2/com/google/cloud/google-cloud-monitoring-dashboard-bom/1.0.5/google-cloud-monitoring-dashboard-bom-1.0.5.pom (3.2 kB at 120 kB/s)
[INFO] Downloading from central: https://repo.maven.apache.org/maven2/com/google/cloud/google-cloud-os-config-bom/1.1.1/google-cloud-os-config-bom-1.1.1.pom
[INFO] Downloaded from central: https://repo.maven.apache.org/maven2/com/google/cloud/google-cloud-os-config-bom/1.1.1/google-cloud-os-config-bom-1.1.1.pom (3.1 kB at 102 kB/s)
[INFO] Downloading from central: https://repo.maven.apache.org/maven2/com/google/cloud/google-cloud-os-login-bom/1.1.4/google-cloud-os-login-bom-1.1.4.pom
[INFO] Downloaded from central: https://repo.maven.apache.org/maven2/com/google/cloud/google-cloud-os-login-bom/1.1.4/google-cloud-os-login-bom-1.1.4.pom (3.1 kB at 122 kB/s)
[INFO] Downloading from central: https://repo.maven.apache.org/maven2/com/google/cloud/google-cloud-phishingprotection-bom/0.29.9/google-cloud-phishingprotection-bom-0.29.9.pom
[INFO] Downloaded from central: https://repo.maven.apache.org/maven2/com/google/cloud/google-cloud-phishingprotection-bom/0.29.9/google-cloud-phishingprotection-bom-0.29.9.pom (3.2 kB at 85 kB/s)
[INFO] Downloading from central: https://repo.maven.apache.org/maven2/com/google/cloud/google-cloud-pubsub-bom/1.110.1/google-cloud-pubsub-bom-1.110.1.pom
[INFO] Downloaded from central: https://repo.maven.apache.org/maven2/com/google/cloud/google-cloud-pubsub-bom/1.110.1/google-cloud-pubsub-bom-1.110.1.pom (3.0 kB at 101 kB/s)
[INFO] Downloading from central: https://repo.maven.apache.org/maven2/com/google/cloud/google-cloud-recaptchaenterprise-bom/1.0.7/google-cloud-recaptchaenterprise-bom-1.0.7.pom
[INFO] Downloaded from central: https://repo.maven.apache.org/maven2/com/google/cloud/google-cloud-recaptchaenterprise-bom/1.0.7/google-cloud-recaptchaenterprise-bom-1.0.7.pom (3.8 kB at 97 kB/s)
[INFO] Downloading from central: https://repo.maven.apache.org/maven2/com/google/cloud/google-cloud-recommender-bom/1.2.7/google-cloud-recommender-bom-1.2.7.pom
[INFO] Downloaded from central: https://repo.maven.apache.org/maven2/com/google/cloud/google-cloud-recommender-bom/1.2.7/google-cloud-recommender-bom-1.2.7.pom (3.6 kB at 145 kB/s)
[INFO] Downloading from central: https://repo.maven.apache.org/maven2/com/google/cloud/google-cloud-redis-bom/1.1.6/google-cloud-redis-bom-1.1.6.pom
[INFO] Downloaded from central: https://repo.maven.apache.org/maven2/com/google/cloud/google-cloud-redis-bom/1.1.6/google-cloud-redis-bom-1.1.6.pom (3.5 kB at 107 kB/s)
[INFO] Downloading from central: https://repo.maven.apache.org/maven2/com/google/cloud/google-cloud-scheduler-bom/1.23.4/google-cloud-scheduler-bom-1.23.4.pom
[INFO] Downloaded from central: https://repo.maven.apache.org/maven2/com/google/cloud/google-cloud-scheduler-bom/1.23.4/google-cloud-scheduler-bom-1.23.4.pom (3.6 kB at 133 kB/s)
[INFO] Downloading from central: https://repo.maven.apache.org/maven2/com/google/cloud/google-cloud-secretmanager-bom/1.2.6/google-cloud-secretmanager-bom-1.2.6.pom
[INFO] Downloaded from central: https://repo.maven.apache.org/maven2/com/google/cloud/google-cloud-secretmanager-bom/1.2.6/google-cloud-secretmanager-bom-1.2.6.pom (3.7 kB at 159 kB/s)
[INFO] Downloading from central: https://repo.maven.apache.org/maven2/com/google/cloud/google-cloud-securitycenter-bom/1.3.3/google-cloud-securitycenter-bom-1.3.3.pom
[INFO] Downloaded from central: https://repo.maven.apache.org/maven2/com/google/cloud/google-cloud-securitycenter-bom/1.3.3/google-cloud-securitycenter-bom-1.3.3.pom (4.3 kB at 133 kB/s)
[INFO] Downloading from central: https://repo.maven.apache.org/maven2/com/google/cloud/google-cloud-servicedirectory-bom/1.0.0/google-cloud-servicedirectory-bom-1.0.0.pom
[INFO] Downloaded from central: https://repo.maven.apache.org/maven2/com/google/cloud/google-cloud-servicedirectory-bom/1.0.0/google-cloud-servicedirectory-bom-1.0.0.pom (3.7 kB at 79 kB/s)
[INFO] Downloading from central: https://repo.maven.apache.org/maven2/com/google/cloud/google-cloud-spanner-bom/3.1.1/google-cloud-spanner-bom-3.1.1.pom
[INFO] Downloaded from central: https://repo.maven.apache.org/maven2/com/google/cloud/google-cloud-spanner-bom/3.1.1/google-cloud-spanner-bom-3.1.1.pom (4.4 kB at 130 kB/s)
[INFO] Downloading from central: https://repo.maven.apache.org/maven2/com/google/cloud/google-cloud-speech-bom/1.24.8/google-cloud-speech-bom-1.24.8.pom
[INFO] Downloaded from central: https://repo.maven.apache.org/maven2/com/google/cloud/google-cloud-speech-bom/1.24.8/google-cloud-speech-bom-1.24.8.pom (4.1 kB at 131 kB/s)
[INFO] Downloading from central: https://repo.maven.apache.org/maven2/com/google/cloud/google-cloud-talent-bom/1.0.3/google-cloud-talent-bom-1.0.3.pom
[INFO] Downloaded from central: https://repo.maven.apache.org/maven2/com/google/cloud/google-cloud-talent-bom/1.0.3/google-cloud-talent-bom-1.0.3.pom (3.6 kB at 99 kB/s)
[INFO] Downloading from central: https://repo.maven.apache.org/maven2/com/google/cloud/google-cloud-tasks-bom/1.30.9/google-cloud-tasks-bom-1.30.9.pom
[INFO] Downloaded from central: https://repo.maven.apache.org/maven2/com/google/cloud/google-cloud-tasks-bom/1.30.9/google-cloud-tasks-bom-1.30.9.pom (4.0 kB at 122 kB/s)
[INFO] Downloading from central: https://repo.maven.apache.org/maven2/com/google/cloud/google-cloud-texttospeech-bom/1.2.5/google-cloud-texttospeech-bom-1.2.5.pom
[INFO] Downloaded from central: https://repo.maven.apache.org/maven2/com/google/cloud/google-cloud-texttospeech-bom/1.2.5/google-cloud-texttospeech-bom-1.2.5.pom (3.7 kB at 122 kB/s)
[INFO] Downloading from central: https://repo.maven.apache.org/maven2/com/google/cloud/google-cloud-trace-bom/1.2.8/google-cloud-trace-bom-1.2.8.pom
[INFO] Downloaded from central: https://repo.maven.apache.org/maven2/com/google/cloud/google-cloud-trace-bom/1.2.8/google-cloud-trace-bom-1.2.8.pom (3.7 kB at 156 kB/s)
[INFO] Downloading from central: https://repo.maven.apache.org/maven2/com/google/cloud/google-cloud-translate-bom/1.95.5/google-cloud-translate-bom-1.95.5.pom
[INFO] Downloaded from central: https://repo.maven.apache.org/maven2/com/google/cloud/google-cloud-translate-bom/1.95.5/google-cloud-translate-bom-1.95.5.pom (3.6 kB at 164 kB/s)
[INFO] Downloading from central: https://repo.maven.apache.org/maven2/com/google/cloud/google-cloud-video-intelligence-bom/1.5.6/google-cloud-video-intelligence-bom-1.5.6.pom
[INFO] Downloaded from central: https://repo.maven.apache.org/maven2/com/google/cloud/google-cloud-video-intelligence-bom/1.5.6/google-cloud-video-intelligence-bom-1.5.6.pom (5.5 kB at 237 kB/s)
[INFO] Downloading from central: https://repo.maven.apache.org/maven2/com/google/cloud/google-cloud-vision-bom/1.100.8/google-cloud-vision-bom-1.100.8.pom
[INFO] Downloaded from central: https://repo.maven.apache.org/maven2/com/google/cloud/google-cloud-vision-bom/1.100.8/google-cloud-vision-bom-1.100.8.pom (5.1 kB at 222 kB/s)
[INFO] Downloading from central: https://repo.maven.apache.org/maven2/com/google/cloud/google-cloud-websecurityscanner-bom/1.0.7/google-cloud-websecurityscanner-bom-1.0.7.pom
[INFO] Downloaded from central: https://repo.maven.apache.org/maven2/com/google/cloud/google-cloud-websecurityscanner-bom/1.0.7/google-cloud-websecurityscanner-bom-1.0.7.pom (4.3 kB at 154 kB/s)
[INFO] Downloading from central: https://repo.maven.apache.org/maven2/com/google/cloud/google-cloud-webrisk-bom/1.1.5/google-cloud-webrisk-bom-1.1.5.pom
[INFO] Downloaded from central: https://repo.maven.apache.org/maven2/com/google/cloud/google-cloud-webrisk-bom/1.1.5/google-cloud-webrisk-bom-1.1.5.pom (3.6 kB at 142 kB/s)
[INFO] Downloading from central: https://repo.maven.apache.org/maven2/com/google/auth/google-auth-library-bom/0.22.1/google-auth-library-bom-0.22.1.pom
[INFO] Downloaded from central: https://repo.maven.apache.org/maven2/com/google/auth/google-auth-library-bom/0.22.1/google-auth-library-bom-0.22.1.pom (4.8 kB at 178 kB/s)
[INFO] ------------------------------------------------------------------------
[INFO] Reactor Build Order:
[INFO] 
[INFO] Linkis Project Parent POM                                          [pom]
[INFO] linkis-commons                                                     [pom]
[INFO] 
[INFO] ----------------------< org.apache.linkis:linkis >----------------------
[INFO] Building Linkis Project Parent POM 1.5.0-SNAPSHOT                  [1/2]
[INFO]   from pom.xml
[INFO] --------------------------------[ pom ]---------------------------------
[INFO] Downloading from central: https://repo.maven.apache.org/maven2/org/codehaus/mojo/flatten-maven-plugin/1.3.0/flatten-maven-plugin-1.3.0.pom
[INFO] Downloaded from central: https://repo.maven.apache.org/maven2/org/codehaus/mojo/flatten-maven-plugin/1.3.0/flatten-maven-plugin-1.3.0.pom (9.7 kB at 421 kB/s)
[INFO] Downloading from central: https://repo.maven.apache.org/maven2/org/codehaus/mojo/flatten-maven-plugin/1.3.0/flatten-maven-plugin-1.3.0.jar
[INFO] Downloaded from central: https://repo.maven.apache.org/maven2/org/codehaus/mojo/flatten-maven-plugin/1.3.0/flatten-maven-plugin-1.3.0.jar (118 kB at 5.6 MB/s)
[INFO] Downloading from central: https://repo.maven.apache.org/maven2/com/diffplug/spotless/spotless-maven-plugin/2.24.1/spotless-maven-plugin-2.24.1.pom
[INFO] Downloaded from central: https://repo.maven.apache.org/maven2/com/diffplug/spotless/spotless-maven-plugin/2.24.1/spotless-maven-plugin-2.24.1.pom (2.9 kB at 102 kB/s)
[INFO] Downloading from central: https://repo.maven.apache.org/maven2/com/diffplug/spotless/spotless-maven-plugin/2.24.1/spotless-maven-plugin-2.24.1.jar
[INFO] Downloaded from central: https://repo.maven.apache.org/maven2/com/diffplug/spotless/spotless-maven-plugin/2.24.1/spotless-maven-plugin-2.24.1.jar (90 kB at 3.8 MB/s)
[INFO] Downloading from central: https://repo.maven.apache.org/maven2/org/junit/platform/junit-platform-launcher/1.7.2/junit-platform-launcher-1.7.2.pom
[INFO] Downloaded from central: https://repo.maven.apache.org/maven2/org/junit/platform/junit-platform-launcher/1.7.2/junit-platform-launcher-1.7.2.pom (3.0 kB at 116 kB/s)
[INFO] Downloading from central: https://repo.maven.apache.org/maven2/org/springframework/spring-core/5.2.23.RELEASE/spring-core-5.2.23.RELEASE.pom
[INFO] Downloaded from central: https://repo.maven.apache.org/maven2/org/springframework/spring-core/5.2.23.RELEASE/spring-core-5.2.23.RELEASE.pom (1.7 kB at 67 kB/s)
[INFO] Downloading from central: https://repo.maven.apache.org/maven2/org/springframework/spring-jcl/5.2.23.RELEASE/spring-jcl-5.2.23.RELEASE.pom
[INFO] Downloaded from central: https://repo.maven.apache.org/maven2/org/springframework/spring-jcl/5.2.23.RELEASE/spring-jcl-5.2.23.RELEASE.pom (1.5 kB at 74 kB/s)
[INFO] Downloading from central: https://repo.maven.apache.org/maven2/org/springframework/spring-context/5.2.23.RELEASE/spring-context-5.2.23.RELEASE.pom
[INFO] Downloaded from central: https://repo.maven.apache.org/maven2/org/springframework/spring-context/5.2.23.RELEASE/spring-context-5.2.23.RELEASE.pom (2.3 kB at 73 kB/s)
[INFO] Downloading from central: https://repo.maven.apache.org/maven2/org/springframework/spring-aop/5.2.23.RELEASE/spring-aop-5.2.23.RELEASE.pom
[INFO] Downloaded from central: https://repo.maven.apache.org/maven2/org/springframework/spring-aop/5.2.23.RELEASE/spring-aop-5.2.23.RELEASE.pom (1.9 kB at 69 kB/s)
[INFO] Downloading from central: https://repo.maven.apache.org/maven2/org/springframework/spring-beans/5.2.23.RELEASE/spring-beans-5.2.23.RELEASE.pom
[INFO] Downloaded from central: https://repo.maven.apache.org/maven2/org/springframework/spring-beans/5.2.23.RELEASE/spring-beans-5.2.23.RELEASE.pom (1.7 kB at 48 kB/s)
[INFO] Downloading from central: https://repo.maven.apache.org/maven2/org/springframework/spring-expression/5.2.23.RELEASE/spring-expression-5.2.23.RELEASE.pom
[INFO] Downloaded from central: https://repo.maven.apache.org/maven2/org/springframework/spring-expression/5.2.23.RELEASE/spring-expression-5.2.23.RELEASE.pom (1.7 kB at 64 kB/s)
[INFO] Downloading from central: https://repo.maven.apache.org/maven2/org/springframework/spring-test/5.2.23.RELEASE/spring-test-5.2.23.RELEASE.pom
[INFO] Downloaded from central: https://repo.maven.apache.org/maven2/org/springframework/spring-test/5.2.23.RELEASE/spring-test-5.2.23.RELEASE.pom (1.7 kB at 34 kB/s)
[INFO] Downloading from central: https://repo.maven.apache.org/maven2/org/postgresql/postgresql/42.3.8/postgresql-42.3.8.pom
[INFO] Downloaded from central: https://repo.maven.apache.org/maven2/org/postgresql/postgresql/42.3.8/postgresql-42.3.8.pom (2.7 kB at 58 kB/s)
[INFO] 
[INFO] --- clean:3.1.0:clean (default-clean) @ linkis ---
[INFO] 
[INFO] --- flatten:1.3.0:clean (flatten.clean) @ linkis ---
[INFO] 
[INFO] --- enforcer:3.0.0:enforce (enforce-versions) @ linkis ---
[INFO] Skipping Rule Enforcement.
[INFO] 
[INFO] --- enforcer:3.0.0:enforce (enforce-maven-version) @ linkis ---
[INFO] Skipping Rule Enforcement.
[INFO] 
[INFO] --- spotless:2.24.1:apply (spotless-apply) @ linkis ---
[INFO] Downloading from central: https://repo.maven.apache.org/maven2/com/diffplug/spotless/spotless-lib/2.28.1/spotless-lib-2.28.1.pom
[INFO] Downloaded from central: https://repo.maven.apache.org/maven2/com/diffplug/spotless/spotless-lib/2.28.1/spotless-lib-2.28.1.pom (1.5 kB at 67 kB/s)
[INFO] Downloading from central: https://repo.maven.apache.org/maven2/com/diffplug/spotless/spotless-lib-extra/2.28.1/spotless-lib-extra-2.28.1.pom
[INFO] Downloaded from central: https://repo.maven.apache.org/maven2/com/diffplug/spotless/spotless-lib-extra/2.28.1/spotless-lib-extra-2.28.1.pom (2.7 kB at 105 kB/s)
[INFO] Downloading from central: https://repo.maven.apache.org/maven2/org/eclipse/jgit/org.eclipse.jgit/5.13.0.202109080827-r/org.eclipse.jgit-5.13.0.202109080827-r.pom
[INFO] Downloaded from central: https://repo.maven.apache.org/maven2/org/eclipse/jgit/org.eclipse.jgit/5.13.0.202109080827-r/org.eclipse.jgit-5.13.0.202109080827-r.pom (7.6 kB at 189 kB/s)
[INFO] Downloading from central: https://repo.maven.apache.org/maven2/org/eclipse/jgit/org.eclipse.jgit-parent/5.13.0.202109080827-r/org.eclipse.jgit-parent-5.13.0.202109080827-r.pom
[INFO] Downloaded from central: https://repo.maven.apache.org/maven2/org/eclipse/jgit/org.eclipse.jgit-parent/5.13.0.202109080827-r/org.eclipse.jgit-parent-5.13.0.202109080827-r.pom (34 kB at 932 kB/s)
[INFO] Downloading from central: https://repo.maven.apache.org/maven2/com/googlecode/javaewah/JavaEWAH/1.1.12/JavaEWAH-1.1.12.pom
[INFO] Downloaded from central: https://repo.maven.apache.org/maven2/com/googlecode/javaewah/JavaEWAH/1.1.12/JavaEWAH-1.1.12.pom (5.0 kB at 209 kB/s)
[INFO] Downloading from central: https://repo.maven.apache.org/maven2/com/diffplug/spotless/spotless-lib/2.28.1/spotless-lib-2.28.1.jar
[INFO] Downloaded from central: https://repo.maven.apache.org/maven2/com/diffplug/spotless/spotless-lib/2.28.1/spotless-lib-2.28.1.jar (326 kB at 9.9 MB/s)
[INFO] Downloading from central: https://repo.maven.apache.org/maven2/com/diffplug/spotless/spotless-lib-extra/2.28.1/spotless-lib-extra-2.28.1.jar
[INFO] Downloading from central: https://repo.maven.apache.org/maven2/org/eclipse/jgit/org.eclipse.jgit/5.13.0.202109080827-r/org.eclipse.jgit-5.13.0.202109080827-r.jar
[INFO] Downloading from central: https://repo.maven.apache.org/maven2/com/googlecode/javaewah/JavaEWAH/1.1.12/JavaEWAH-1.1.12.jar
[INFO] Downloaded from central: https://repo.maven.apache.org/maven2/com/diffplug/spotless/spotless-lib-extra/2.28.1/spotless-lib-extra-2.28.1.jar (84 kB at 1.8 MB/s)
[INFO] Downloaded from central: https://repo.maven.apache.org/maven2/com/googlecode/javaewah/JavaEWAH/1.1.12/JavaEWAH-1.1.12.jar (167 kB at 3.4 MB/s)
[INFO] Downloaded from central: https://repo.maven.apache.org/maven2/org/eclipse/jgit/org.eclipse.jgit/5.13.0.202109080827-r/org.eclipse.jgit-5.13.0.202109080827-r.jar (2.8 MB at 49 MB/s)
[INFO] Downloading from central: https://repo.maven.apache.org/maven2/org/scalameta/scalafmt-core_2.13/3.0.8/scalafmt-core_2.13-3.0.8.pom
[INFO] Downloaded from central: https://repo.maven.apache.org/maven2/org/scalameta/scalafmt-core_2.13/3.0.8/scalafmt-core_2.13-3.0.8.pom (3.4 kB at 90 kB/s)
[INFO] Downloading from central: https://repo.maven.apache.org/maven2/org/scala-lang/scala-library/2.13.6/scala-library-2.13.6.pom
[INFO] Downloaded from central: https://repo.maven.apache.org/maven2/org/scala-lang/scala-library/2.13.6/scala-library-2.13.6.pom (1.6 kB at 36 kB/s)
[INFO] Downloading from central: https://repo.maven.apache.org/maven2/com/geirsson/metaconfig-core_2.13/0.9.15/metaconfig-core_2.13-0.9.15.pom
[INFO] Downloaded from central: https://repo.maven.apache.org/maven2/com/geirsson/metaconfig-core_2.13/0.9.15/metaconfig-core_2.13-0.9.15.pom (2.5 kB at 79 kB/s)
[INFO] Downloading from central: https://repo.maven.apache.org/maven2/org/typelevel/paiges-core_2.13/0.4.2/paiges-core_2.13-0.4.2.pom
[INFO] Downloaded from central: https://repo.maven.apache.org/maven2/org/typelevel/paiges-core_2.13/0.4.2/paiges-core_2.13-0.4.2.pom (2.2 kB at 72 kB/s)
[INFO] Downloading from central: https://repo.maven.apache.org/maven2/org/scala-lang/modules/scala-collection-compat_2.13/2.5.0/scala-collection-compat_2.13-2.5.0.pom
[INFO] Downloaded from central: https://repo.maven.apache.org/maven2/org/scala-lang/modules/scala-collection-compat_2.13/2.5.0/scala-collection-compat_2.13-2.5.0.pom (2.1 kB at 87 kB/s)
[INFO] Downloading from central: https://repo.maven.apache.org/maven2/com/lihaoyi/pprint_2.13/0.6.6/pprint_2.13-0.6.6.pom
[INFO] Downloaded from central: https://repo.maven.apache.org/maven2/com/lihaoyi/pprint_2.13/0.6.6/pprint_2.13-0.6.6.pom (1.9 kB at 53 kB/s)
[INFO] Downloading from central: https://repo.maven.apache.org/maven2/com/lihaoyi/fansi_2.13/0.2.14/fansi_2.13-0.2.14.pom
[INFO] Downloaded from central: https://repo.maven.apache.org/maven2/com/lihaoyi/fansi_2.13/0.2.14/fansi_2.13-0.2.14.pom (1.3 kB at 42 kB/s)
[INFO] Downloading from central: https://repo.maven.apache.org/maven2/com/lihaoyi/sourcecode_2.13/0.2.7/sourcecode_2.13-0.2.7.pom
[INFO] Downloaded from central: https://repo.maven.apache.org/maven2/com/lihaoyi/sourcecode_2.13/0.2.7/sourcecode_2.13-0.2.7.pom (1.6 kB at 72 kB/s)
[INFO] Downloading from central: https://repo.maven.apache.org/maven2/org/scala-lang/scala-reflect/2.13.6/scala-reflect-2.13.6.pom
[INFO] Downloaded from central: https://repo.maven.apache.org/maven2/org/scala-lang/scala-reflect/2.13.6/scala-reflect-2.13.6.pom (1.8 kB at 76 kB/s)
[INFO] Downloading from central: https://repo.maven.apache.org/maven2/org/scalameta/scalameta_2.13/4.4.29/scalameta_2.13-4.4.29.pom
[INFO] Downloaded from central: https://repo.maven.apache.org/maven2/org/scalameta/scalameta_2.13/4.4.29/scalameta_2.13-4.4.29.pom (3.2 kB at 161 kB/s)
[INFO] Downloading from central: https://repo.maven.apache.org/maven2/org/scalameta/parsers_2.13/4.4.29/parsers_2.13-4.4.29.pom
[INFO] Downloaded from central: https://repo.maven.apache.org/maven2/org/scalameta/parsers_2.13/4.4.29/parsers_2.13-4.4.29.pom (3.5 kB at 158 kB/s)
[INFO] Downloading from central: https://repo.maven.apache.org/maven2/org/scalameta/trees_2.13/4.4.29/trees_2.13-4.4.29.pom
[INFO] Downloaded from central: https://repo.maven.apache.org/maven2/org/scalameta/trees_2.13/4.4.29/trees_2.13-4.4.29.pom (3.6 kB at 172 kB/s)
[INFO] Downloading from central: https://repo.maven.apache.org/maven2/org/scalameta/common_2.13/4.4.29/common_2.13-4.4.29.pom
[INFO] Downloaded from central: https://repo.maven.apache.org/maven2/org/scalameta/common_2.13/4.4.29/common_2.13-4.4.29.pom (3.5 kB at 157 kB/s)
[INFO] Downloading from central: https://repo.maven.apache.org/maven2/org/scalameta/fastparse-v2_2.13/2.3.1/fastparse-v2_2.13-2.3.1.pom
[INFO] Downloaded from central: https://repo.maven.apache.org/maven2/org/scalameta/fastparse-v2_2.13/2.3.1/fastparse-v2_2.13-2.3.1.pom (1.7 kB at 78 kB/s)
[INFO] Downloading from central: https://repo.maven.apache.org/maven2/com/lihaoyi/sourcecode_2.13/0.2.3/sourcecode_2.13-0.2.3.pom
[INFO] Downloaded from central: https://repo.maven.apache.org/maven2/com/lihaoyi/sourcecode_2.13/0.2.3/sourcecode_2.13-0.2.3.pom (1.6 kB at 69 kB/s)
[INFO] Downloading from central: https://repo.maven.apache.org/maven2/com/lihaoyi/geny_2.13/0.6.5/geny_2.13-0.6.5.pom
[INFO] Downloaded from central: https://repo.maven.apache.org/maven2/com/lihaoyi/geny_2.13/0.6.5/geny_2.13-0.6.5.pom (1.1 kB at 53 kB/s)
[INFO] Downloading from central: https://repo.maven.apache.org/maven2/org/scala-lang/scalap/2.13.6/scalap-2.13.6.pom
[INFO] Downloaded from central: https://repo.maven.apache.org/maven2/org/scala-lang/scalap/2.13.6/scalap-2.13.6.pom (1.7 kB at 62 kB/s)
[INFO] Downloading from central: https://repo.maven.apache.org/maven2/org/scala-lang/scala-compiler/2.13.6/scala-compiler-2.13.6.pom
[INFO] Downloaded from central: https://repo.maven.apache.org/maven2/org/scala-lang/scala-compiler/2.13.6/scala-compiler-2.13.6.pom (2.3 kB at 97 kB/s)
[INFO] Downloading from central: https://repo.maven.apache.org/maven2/org/jline/jline/3.19.0/jline-3.19.0.pom
[INFO] Downloaded from central: https://repo.maven.apache.org/maven2/org/jline/jline/3.19.0/jline-3.19.0.pom (18 kB at 677 kB/s)
[INFO] Downloading from central: https://repo.maven.apache.org/maven2/org/jline/jline-parent/3.19.0/jline-parent-3.19.0.pom
[INFO] Downloaded from central: https://repo.maven.apache.org/maven2/org/jline/jline-parent/3.19.0/jline-parent-3.19.0.pom (24 kB at 981 kB/s)
[INFO] Downloading from central: https://repo.maven.apache.org/maven2/net/java/dev/jna/jna/5.3.1/jna-5.3.1.pom
[INFO] Downloaded from central: https://repo.maven.apache.org/maven2/net/java/dev/jna/jna/5.3.1/jna-5.3.1.pom (1.6 kB at 66 kB/s)
[INFO] Downloading from central: https://repo.maven.apache.org/maven2/org/scala-lang/modules/scala-parallel-collections_2.13/1.0.4/scala-parallel-collections_2.13-1.0.4.pom
[INFO] Downloaded from central: https://repo.maven.apache.org/maven2/org/scala-lang/modules/scala-parallel-collections_2.13/1.0.4/scala-parallel-collections_2.13-1.0.4.pom (1.9 kB at 105 kB/s)
[INFO] Downloading from central: https://repo.maven.apache.org/maven2/com/geirsson/metaconfig-typesafe-config_2.13/0.9.15/metaconfig-typesafe-config_2.13-0.9.15.pom
[INFO] Downloaded from central: https://repo.maven.apache.org/maven2/com/geirsson/metaconfig-typesafe-config_2.13/0.9.15/metaconfig-typesafe-config_2.13-0.9.15.pom (2.1 kB at 82 kB/s)
[INFO] Downloading from central: https://repo.maven.apache.org/maven2/org/scalameta/scalafmt-core_2.13/3.0.8/scalafmt-core_2.13-3.0.8.jar
[INFO] Downloaded from central: https://repo.maven.apache.org/maven2/org/scalameta/scalafmt-core_2.13/3.0.8/scalafmt-core_2.13-3.0.8.jar (2.0 MB at 48 MB/s)
[INFO] Downloading from central: https://repo.maven.apache.org/maven2/org/scala-lang/scala-library/2.13.6/scala-library-2.13.6.jar
[INFO] Downloading from central: https://repo.maven.apache.org/maven2/com/geirsson/metaconfig-core_2.13/0.9.15/metaconfig-core_2.13-0.9.15.jar
[INFO] Downloading from central: https://repo.maven.apache.org/maven2/org/typelevel/paiges-core_2.13/0.4.2/paiges-core_2.13-0.4.2.jar
[INFO] Downloading from central: https://repo.maven.apache.org/maven2/org/scala-lang/modules/scala-collection-compat_2.13/2.5.0/scala-collection-compat_2.13-2.5.0.jar
[INFO] Downloading from central: https://repo.maven.apache.org/maven2/com/lihaoyi/pprint_2.13/0.6.6/pprint_2.13-0.6.6.jar
[INFO] Downloaded from central: https://repo.maven.apache.org/maven2/org/typelevel/paiges-core_2.13/0.4.2/paiges-core_2.13-0.4.2.jar (121 kB at 4.7 MB/s)
[INFO] Downloading from central: https://repo.maven.apache.org/maven2/com/lihaoyi/fansi_2.13/0.2.14/fansi_2.13-0.2.14.jar
[INFO] Downloaded from central: https://repo.maven.apache.org/maven2/com/geirsson/metaconfig-core_2.13/0.9.15/metaconfig-core_2.13-0.9.15.jar (524 kB at 14 MB/s)
[INFO] Downloading from central: https://repo.maven.apache.org/maven2/com/lihaoyi/sourcecode_2.13/0.2.7/sourcecode_2.13-0.2.7.jar
[INFO] Downloaded from central: https://repo.maven.apache.org/maven2/org/scala-lang/modules/scala-collection-compat_2.13/2.5.0/scala-collection-compat_2.13-2.5.0.jar (5.6 kB at 140 kB/s)
[INFO] Downloading from central: https://repo.maven.apache.org/maven2/org/scalameta/scalameta_2.13/4.4.29/scalameta_2.13-4.4.29.jar
[INFO] Downloaded from central: https://repo.maven.apache.org/maven2/com/lihaoyi/fansi_2.13/0.2.14/fansi_2.13-0.2.14.jar (65 kB at 1.3 MB/s)
[INFO] Downloading from central: https://repo.maven.apache.org/maven2/org/scalameta/parsers_2.13/4.4.29/parsers_2.13-4.4.29.jar
[INFO] Downloaded from central: https://repo.maven.apache.org/maven2/com/lihaoyi/pprint_2.13/0.6.6/pprint_2.13-0.6.6.jar (165 kB at 2.5 MB/s)
[INFO] Downloading from central: https://repo.maven.apache.org/maven2/org/scalameta/trees_2.13/4.4.29/trees_2.13-4.4.29.jar
[INFO] Downloaded from central: https://repo.maven.apache.org/maven2/com/lihaoyi/sourcecode_2.13/0.2.7/sourcecode_2.13-0.2.7.jar (119 kB at 1.8 MB/s)
[INFO] Downloading from central: https://repo.maven.apache.org/maven2/org/scalameta/common_2.13/4.4.29/common_2.13-4.4.29.jar
[INFO] Downloaded from central: https://repo.maven.apache.org/maven2/org/scalameta/scalameta_2.13/4.4.29/scalameta_2.13-4.4.29.jar (792 kB at 8.9 MB/s)
[INFO] Downloading from central: https://repo.maven.apache.org/maven2/org/scalameta/fastparse-v2_2.13/2.3.1/fastparse-v2_2.13-2.3.1.jar
[INFO] Downloaded from central: https://repo.maven.apache.org/maven2/org/scala-lang/scala-library/2.13.6/scala-library-2.13.6.jar (6.0 MB at 54 MB/s)
[INFO] Downloading from central: https://repo.maven.apache.org/maven2/com/lihaoyi/geny_2.13/0.6.5/geny_2.13-0.6.5.jar
[INFO] Downloaded from central: https://repo.maven.apache.org/maven2/org/scalameta/fastparse-v2_2.13/2.3.1/fastparse-v2_2.13-2.3.1.jar (321 kB at 2.7 MB/s)
[INFO] Downloading from central: https://repo.maven.apache.org/maven2/org/scala-lang/scalap/2.13.6/scalap-2.13.6.jar
[INFO] Downloaded from central: https://repo.maven.apache.org/maven2/org/scalameta/parsers_2.13/4.4.29/parsers_2.13-4.4.29.jar (1.4 MB at 11 MB/s)
[INFO] Downloading from central: https://repo.maven.apache.org/maven2/org/scala-lang/scala-compiler/2.13.6/scala-compiler-2.13.6.jar
[INFO] Downloaded from central: https://repo.maven.apache.org/maven2/com/lihaoyi/geny_2.13/0.6.5/geny_2.13-0.6.5.jar (85 kB at 628 kB/s)
[INFO] Downloading from central: https://repo.maven.apache.org/maven2/org/jline/jline/3.19.0/jline-3.19.0.jar
[INFO] Downloaded from central: https://repo.maven.apache.org/maven2/org/scala-lang/scalap/2.13.6/scalap-2.13.6.jar (531 kB at 3.5 MB/s)
[INFO] Downloading from central: https://repo.maven.apache.org/maven2/net/java/dev/jna/jna/5.3.1/jna-5.3.1.jar
[INFO] Downloaded from central: https://repo.maven.apache.org/maven2/org/scalameta/common_2.13/4.4.29/common_2.13-4.4.29.jar (2.3 MB at 15 MB/s)
[INFO] Downloading from central: https://repo.maven.apache.org/maven2/org/scala-lang/scala-reflect/2.13.6/scala-reflect-2.13.6.jar
[INFO] Downloaded from central: https://repo.maven.apache.org/maven2/org/jline/jline/3.19.0/jline-3.19.0.jar (987 kB at 5.6 MB/s)
[INFO] Downloading from central: https://repo.maven.apache.org/maven2/org/scala-lang/modules/scala-parallel-collections_2.13/1.0.4/scala-parallel-collections_2.13-1.0.4.jar
[INFO] Downloaded from central: https://repo.maven.apache.org/maven2/org/scalameta/trees_2.13/4.4.29/trees_2.13-4.4.29.jar (4.3 MB at 22 MB/s)
[INFO] Downloading from central: https://repo.maven.apache.org/maven2/com/geirsson/metaconfig-typesafe-config_2.13/0.9.15/metaconfig-typesafe-config_2.13-0.9.15.jar
[INFO] Downloaded from central: https://repo.maven.apache.org/maven2/net/java/dev/jna/jna/5.3.1/jna-5.3.1.jar (1.5 MB at 6.8 MB/s)
[INFO] Downloaded from central: https://repo.maven.apache.org/maven2/com/geirsson/metaconfig-typesafe-config_2.13/0.9.15/metaconfig-typesafe-config_2.13-0.9.15.jar (17 kB at 78 kB/s)
[INFO] Downloaded from central: https://repo.maven.apache.org/maven2/org/scala-lang/scala-reflect/2.13.6/scala-reflect-2.13.6.jar (3.8 MB at 14 MB/s)
[INFO] Downloaded from central: https://repo.maven.apache.org/maven2/org/scala-lang/modules/scala-parallel-collections_2.13/1.0.4/scala-parallel-collections_2.13-1.0.4.jar (1.1 MB at 4.2 MB/s)
[INFO] Downloaded from central: https://repo.maven.apache.org/maven2/org/scala-lang/scala-compiler/2.13.6/scala-compiler-2.13.6.jar (12 MB at 35 MB/s)
[INFO] Sorting file /tmp/pom4708709796787106366.xml
[INFO] Pom file is already sorted, exiting
[INFO] 
[INFO] --- jacoco:0.8.8:prepare-agent (default) @ linkis ---
[INFO] argLine set to -javaagent:/home/srafi/.m2/repository/org/jacoco/org.jacoco.agent/0.8.8/org.jacoco.agent-0.8.8-runtime.jar=destfile=/home/srafi/after-cam-ready/compare_/compile_repair_output/work/57b19bd5b309/target/jacoco.exec
[INFO] 
[INFO] --- remote-resources:1.7.0:process (process-resource-bundles) @ linkis ---
[WARNING] Parameter 'localRepository' is deprecated core expression; Avoid use of ArtifactRepository type. If you need access to local repository, switch to '${repositorySystemSession}' expression and get LRM from it instead.
[INFO] Preparing remote bundle org.apache:apache-jar-resource-bundle:1.4
[INFO] Copying 3 resources from 1 bundle.
[INFO] 
[INFO] --- flatten:1.3.0:flatten (flatten) @ linkis ---
[WARNING] Parameter 'localRepository' is deprecated core expression; Avoid use of ArtifactRepository type. If you need access to local repository, switch to '${repositorySystemSession}' expression and get LRM from it instead.
[INFO] Generating flattened POM of project org.apache.linkis:linkis:pom:1.5.0-SNAPSHOT...
[INFO] 
[INFO] --- jacoco:0.8.8:report (report) @ linkis ---
[INFO] Skipping JaCoCo execution due to missing execution data file.
[INFO] 
[INFO] --- site:3.12.1:attach-descriptor (attach-descriptor) @ linkis ---
[WARNING] Parameter 'localRepository' is deprecated core expression; Avoid use of ArtifactRepository type. If you need access to local repository, switch to '${repositorySystemSession}' expression and get LRM from it instead.
[INFO] No site descriptor found: nothing to attach.
[INFO] 
[INFO] --- install:2.5.2:install (default-install) @ linkis ---
[INFO] Installing /home/srafi/after-cam-ready/compare_/compile_repair_output/work/57b19bd5b309/.flattened-pom.xml to /home/srafi/.m2/repository/org/apache/linkis/linkis/1.5.0-SNAPSHOT/linkis-1.5.0-SNAPSHOT.pom
[INFO] 
[INFO] ------------------< org.apache.linkis:linkis-commons >------------------
[INFO] Building linkis-commons 1.5.0-SNAPSHOT                             [2/2]
[INFO]   from linkis-commons/pom.xml
[INFO] --------------------------------[ pom ]---------------------------------
[INFO] 
[INFO] --- clean:3.1.0:clean (default-clean) @ linkis-commons ---
[INFO] 
[INFO] --- flatten:1.3.0:clean (flatten.clean) @ linkis-commons ---
[INFO] 
[INFO] --- enforcer:3.0.0:enforce (enforce-versions) @ linkis-commons ---
[INFO] Skipping Rule Enforcement.
[INFO] 
[INFO] --- enforcer:3.0.0:enforce (enforce-maven-version) @ linkis-commons ---
[INFO] Skipping Rule Enforcement.
[INFO] 
[INFO] --- spotless:2.24.1:apply (spotless-apply) @ linkis-commons ---
[INFO] Sorting file /tmp/pom4619568598638281804.xml
[INFO] Pom file is already sorted, exiting
[INFO] 
[INFO] --- jacoco:0.8.8:prepare-agent (default) @ linkis-commons ---
[INFO] argLine set to -javaagent:/home/srafi/.m2/repository/org/jacoco/org.jacoco.agent/0.8.8/org.jacoco.agent-0.8.8-runtime.jar=destfile=/home/srafi/after-cam-ready/compare_/compile_repair_output/work/57b19bd5b309/linkis-commons/target/jacoco.exec
[INFO] 
[INFO] --- remote-resources:1.7.0:process (process-resource-bundles) @ linkis-commons ---
[WARNING] Parameter 'localRepository' is deprecated core expression; Avoid use of ArtifactRepository type. If you need access to local repository, switch to '${repositorySystemSession}' expression and get LRM from it instead.
[INFO] Preparing remote bundle org.apache:apache-jar-resource-bundle:1.4
[INFO] Copying 3 resources from 1 bundle.
[INFO] 
[INFO] --- flatten:1.3.0:flatten (flatten) @ linkis-commons ---
[WARNING] Parameter 'localRepository' is deprecated core expression; Avoid use of ArtifactRepository type. If you need access to local repository, switch to '${repositorySystemSession}' expression and get LRM from it instead.
[INFO] Generating flattened POM of project org.apache.linkis:linkis-commons:pom:1.5.0-SNAPSHOT...
[INFO] 
[INFO] --- jacoco:0.8.8:report (report) @ linkis-commons ---
[INFO] Skipping JaCoCo execution due to missing execution data file.
[INFO] 
[INFO] --- site:3.12.1:attach-descriptor (attach-descriptor) @ linkis-commons ---
[WARNING] Parameter 'localRepository' is deprecated core expression; Avoid use of ArtifactRepository type. If you need access to local repository, switch to '${repositorySystemSession}' expression and get LRM from it instead.
[INFO] No site descriptor found: nothing to attach.
[INFO] 
[INFO] --- install:2.5.2:install (default-install) @ linkis-commons ---
[INFO] Installing /home/srafi/after-cam-ready/compare_/compile_repair_output/work/57b19bd5b309/linkis-commons/.flattened-pom.xml to /home/srafi/.m2/repository/org/apache/linkis/linkis-commons/1.5.0-SNAPSHOT/linkis-commons-1.5.0-SNAPSHOT.pom
[INFO] ------------------------------------------------------------------------
[INFO] Reactor Summary for Linkis Project Parent POM 1.5.0-SNAPSHOT:
[INFO] 
[INFO] Linkis Project Parent POM .......................... SUCCESS [  3.474 s]
[INFO] linkis-commons ..................................... SUCCESS [  0.150 s]
[INFO] ------------------------------------------------------------------------
[INFO] BUILD SUCCESS
[INFO] ------------------------------------------------------------------------
[INFO] Total time:  7.237 s
[INFO] Finished at: 2026-08-15T15:38:56-04:00
[INFO] ------------------------------------------------------------------------
