JAVA_HOME=/usr/lib/jvm/java-8-openjdk-amd64
COMMAND=mvn -B clean install -DskipTests -U -Ddependency-check.skip=true -Dgpg.skip=true -DfailIfNoTests=false -Dskip.installnodenpm=true -Dskip.npm=true -Dskip.yarn=true -Dlicense.skip=true -Dcheckstyle.skip=true -Drat.skip=true -Denforcer.skip=true -Danimal.sniffer.skip=true -Dmaven.javadoc.skip=true -Dfindbugs.skip=true -Dspotbugs.skip=true -Dwarbucks.skip=true -Dmodernizer.skip=true -Dimpsort.skip=true -Dmdep.analyze.skip=true -Dpgpverify.skip=true -Dxml.skip=true -Dcobertura.skip=true

[INFO] Scanning for projects...
[INFO] Downloading from jcenter: https://jcenter.bintray.com/org/openhab/addons/org.openhab.addons.reactor/2.5.11/org.openhab.addons.reactor-2.5.11.pom
[INFO] Downloading from openhab-artifactory-release: https://openhab.jfrog.io/openhab/libs-release/org/openhab/addons/org.openhab.addons.reactor/2.5.11/org.openhab.addons.reactor-2.5.11.pom
[INFO] Downloading from central: https://repo.maven.apache.org/maven2/org/openhab/addons/org.openhab.addons.reactor/2.5.11/org.openhab.addons.reactor-2.5.11.pom
[ERROR] [ERROR] Some problems were encountered while processing the POMs:
[FATAL] Non-resolvable parent POM for org.openhab.addons.bundles:org.openhab.binding.zwave:2.5.11: Could not find artifact org.openhab.addons:org.openhab.addons.reactor:pom:2.5.11 in jcenter (https://jcenter.bintray.com) and 'parent.relativePath' points at no local POM @ line 4, column 11
 @ 
[ERROR] The build could not read 1 project -> [Help 1]
[ERROR]   
[ERROR]   The project org.openhab.addons.bundles:org.openhab.binding.zwave:2.5.11 (/home/srafi/after-cam-ready/compare_/compile_repair_output/work/3b20846f4adf/pom.xml) has 1 error
[ERROR]     Non-resolvable parent POM for org.openhab.addons.bundles:org.openhab.binding.zwave:2.5.11: Could not find artifact org.openhab.addons:org.openhab.addons.reactor:pom:2.5.11 in jcenter (https://jcenter.bintray.com) and 'parent.relativePath' points at no local POM @ line 4, column 11 -> [Help 2]
[ERROR] 
[ERROR] To see the full stack trace of the errors, re-run Maven with the -e switch.
[ERROR] Re-run Maven using the -X switch to enable full debug logging.
[ERROR] 
[ERROR] For more information about the errors and possible solutions, please read the following articles:
[ERROR] [Help 1] http://cwiki.apache.org/confluence/display/MAVEN/ProjectBuildingException
[ERROR] [Help 2] http://cwiki.apache.org/confluence/display/MAVEN/UnresolvableModelException
