JAVA_HOME=/usr/lib/jvm/java-17-openjdk-amd64
COMMAND=mvn -B clean install -DskipTests -U -Ddependency-check.skip=true -Dgpg.skip=true -DfailIfNoTests=false -Dskip.installnodenpm=true -Dskip.npm=true -Dskip.yarn=true -Dlicense.skip=true -Dcheckstyle.skip=true -Drat.skip=true -Denforcer.skip=true -Danimal.sniffer.skip=true -Dmaven.javadoc.skip=true -Dfindbugs.skip=true -Dspotbugs.skip=true -Dwarbucks.skip=true -Dmodernizer.skip=true -Dimpsort.skip=true -Dmdep.analyze.skip=true -Dpgpverify.skip=true -Dxml.skip=true -Dcobertura.skip=true

[INFO] Scanning for projects...
Warning: KebabPizza disabling incompatible org.apache.maven.plugins:maven-enforcer-plugin from karaf
Warning: KebabPizza disabling incompatible org.apache.maven.plugins:maven-enforcer-plugin from jaas
Warning: KebabPizza disabling incompatible org.apache.maven.plugins:maven-enforcer-plugin from org.apache.karaf.jaas.boot
Warning: KebabPizza disabling incompatible org.apache.maven.plugins:maven-enforcer-plugin from org.apache.karaf.util
Warning: KebabPizza disabling incompatible org.apache.maven.plugins:maven-enforcer-plugin from org.apache.karaf.main
Warning: KebabPizza disabling incompatible org.apache.maven.plugins:maven-enforcer-plugin from features
Warning: KebabPizza disabling incompatible org.apache.maven.plugins:maven-enforcer-plugin from org.apache.karaf.features.extension
Warning: KebabPizza disabling incompatible org.apache.maven.plugins:maven-enforcer-plugin from service
Warning: KebabPizza disabling incompatible org.apache.maven.plugins:maven-enforcer-plugin from org.apache.karaf.service.guard
Warning: KebabPizza disabling incompatible org.apache.maven.plugins:maven-enforcer-plugin from shell
Warning: KebabPizza disabling incompatible org.apache.maven.plugins:maven-enforcer-plugin from org.apache.karaf.shell.core
Warning: KebabPizza disabling incompatible org.apache.maven.plugins:maven-enforcer-plugin from tooling
Warning: KebabPizza disabling incompatible org.apache.maven.plugins:maven-enforcer-plugin from karaf-services-maven-plugin
Warning: KebabPizza disabling incompatible org.apache.maven.plugins:maven-enforcer-plugin from org.apache.karaf.features.core
Warning: KebabPizza disabling incompatible org.apache.maven.plugins:maven-enforcer-plugin from org.apache.karaf.features.command
Warning: KebabPizza disabling incompatible org.apache.maven.plugins:maven-enforcer-plugin from org.apache.karaf.kar.core
Warning: KebabPizza disabling incompatible org.apache.maven.plugins:maven-enforcer-plugin from org.apache.karaf.jaas.config
Warning: KebabPizza disabling incompatible org.apache.maven.plugins:maven-enforcer-plugin from org.apache.karaf.jaas.modules
Warning: KebabPizza disabling incompatible org.apache.maven.plugins:maven-enforcer-plugin from bundle
Warning: KebabPizza disabling incompatible org.apache.maven.plugins:maven-enforcer-plugin from org.apache.karaf.bundle.core
Warning: KebabPizza disabling incompatible org.apache.maven.plugins:maven-enforcer-plugin from org.apache.karaf.bundle.blueprintstate
Warning: KebabPizza disabling incompatible org.apache.maven.plugins:maven-enforcer-plugin from org.apache.karaf.bundle.springstate
Warning: KebabPizza disabling incompatible org.apache.maven.plugins:maven-enforcer-plugin from org.apache.karaf.config.core
Warning: KebabPizza disabling incompatible org.apache.maven.plugins:maven-enforcer-plugin from org.apache.karaf.tools.utils
Warning: KebabPizza disabling incompatible org.apache.maven.plugins:maven-enforcer-plugin from deployer
Warning: KebabPizza disabling incompatible org.apache.maven.plugins:maven-enforcer-plugin from org.apache.karaf.deployer.blueprint
Warning: KebabPizza disabling incompatible org.apache.maven.plugins:maven-enforcer-plugin from org.apache.karaf.deployer.spring
Warning: KebabPizza disabling incompatible org.apache.maven.plugins:maven-enforcer-plugin from org.apache.karaf.profile.core
Warning: KebabPizza disabling incompatible org.apache.maven.plugins:maven-enforcer-plugin from org.apache.karaf.instance.core
Warning: KebabPizza disabling incompatible org.apache.maven.plugins:maven-enforcer-plugin from org.apache.karaf.package.core
Warning: KebabPizza disabling incompatible org.apache.maven.plugins:maven-enforcer-plugin from org.apache.karaf.http.core
Warning: KebabPizza disabling incompatible org.apache.maven.plugins:maven-enforcer-plugin from org.apache.karaf.service.core
Warning: KebabPizza disabling incompatible org.apache.maven.plugins:maven-enforcer-plugin from org.apache.karaf.log.core
Warning: KebabPizza disabling incompatible org.apache.maven.plugins:maven-enforcer-plugin from org.apache.karaf.deployer.features
Warning: KebabPizza disabling incompatible org.apache.maven.plugins:maven-enforcer-plugin from org.apache.karaf.deployer.kar
Warning: KebabPizza disabling incompatible org.apache.maven.plugins:maven-enforcer-plugin from org.apache.karaf.deployer.wrap
Warning: KebabPizza disabling incompatible org.apache.maven.plugins:maven-enforcer-plugin from org.apache.karaf.shell.commands
Warning: KebabPizza disabling incompatible org.apache.maven.plugins:maven-enforcer-plugin from org.apache.karaf.shell.console
Warning: KebabPizza disabling incompatible org.apache.maven.plugins:maven-enforcer-plugin from org.apache.karaf.shell.table
Warning: KebabPizza disabling incompatible org.apache.maven.plugins:maven-enforcer-plugin from org.apache.karaf.shell.ssh
Warning: KebabPizza disabling incompatible org.apache.maven.plugins:maven-enforcer-plugin from org.apache.karaf.jaas.jasypt
Warning: KebabPizza disabling incompatible org.apache.maven.plugins:maven-enforcer-plugin from org.apache.karaf.jaas.command
Warning: KebabPizza disabling incompatible org.apache.maven.plugins:maven-enforcer-plugin from blueprint
Warning: KebabPizza disabling incompatible org.apache.maven.plugins:maven-enforcer-plugin from org.apache.karaf.jaas.blueprint.config
Warning: KebabPizza disabling incompatible org.apache.maven.plugins:maven-enforcer-plugin from org.apache.karaf.jaas.blueprint.jasypt
Warning: KebabPizza disabling incompatible org.apache.maven.plugins:maven-enforcer-plugin from org.apache.karaf.client
Warning: KebabPizza disabling incompatible org.apache.maven.plugins:maven-enforcer-plugin from management
Warning: KebabPizza disabling incompatible org.apache.maven.plugins:maven-enforcer-plugin from org.apache.karaf.management.server
Warning: KebabPizza disabling incompatible org.apache.maven.plugins:maven-enforcer-plugin from org.apache.karaf.system.core
Warning: KebabPizza disabling incompatible org.apache.maven.plugins:maven-enforcer-plugin from org.apache.karaf.web.core
Warning: KebabPizza disabling incompatible org.apache.maven.plugins:maven-enforcer-plugin from org.apache.karaf.wrapper.core
Warning: KebabPizza disabling incompatible org.apache.maven.plugins:maven-enforcer-plugin from webconsole
Warning: KebabPizza disabling incompatible org.apache.maven.plugins:maven-enforcer-plugin from org.apache.karaf.webconsole.console
Warning: KebabPizza disabling incompatible org.apache.maven.plugins:maven-enforcer-plugin from org.apache.karaf.webconsole.features
Warning: KebabPizza disabling incompatible org.apache.maven.plugins:maven-enforcer-plugin from org.apache.karaf.webconsole.gogo
Warning: KebabPizza disabling incompatible org.apache.maven.plugins:maven-enforcer-plugin from org.apache.karaf.webconsole.http
Warning: KebabPizza disabling incompatible org.apache.maven.plugins:maven-enforcer-plugin from org.apache.karaf.webconsole.instance
Warning: KebabPizza disabling incompatible org.apache.maven.plugins:maven-enforcer-plugin from org.apache.karaf.scheduler.core
Warning: KebabPizza disabling incompatible org.apache.maven.plugins:maven-enforcer-plugin from scr
Warning: KebabPizza disabling incompatible org.apache.maven.plugins:maven-enforcer-plugin from org.apache.karaf.scr.management
Warning: KebabPizza disabling incompatible org.apache.maven.plugins:maven-enforcer-plugin from org.apache.karaf.scr.state
Warning: KebabPizza disabling incompatible org.apache.maven.plugins:maven-enforcer-plugin from org.apache.karaf.scr.examples
Warning: KebabPizza disabling incompatible org.apache.maven.plugins:maven-enforcer-plugin from org.apache.karaf.scr.examples.service
Warning: KebabPizza disabling incompatible org.apache.maven.plugins:maven-enforcer-plugin from org.apache.karaf.scr.examples.managed.service
Warning: KebabPizza disabling incompatible org.apache.maven.plugins:maven-enforcer-plugin from org.apache.karaf.scr.examples.component.factories
Warning: KebabPizza disabling incompatible org.apache.maven.plugins:maven-enforcer-plugin from diagnostic
Warning: KebabPizza disabling incompatible org.apache.maven.plugins:maven-enforcer-plugin from org.apache.karaf.diagnostic.boot
Warning: KebabPizza disabling incompatible org.apache.maven.plugins:maven-enforcer-plugin from org.apache.karaf.diagnostic.core
Warning: KebabPizza disabling incompatible org.apache.maven.plugins:maven-enforcer-plugin from org.apache.karaf.obr.core
Warning: KebabPizza disabling incompatible org.apache.maven.plugins:maven-enforcer-plugin from org.apache.karaf.docker.core
Warning: KebabPizza disabling incompatible org.apache.maven.plugins:maven-enforcer-plugin from org.apache.karaf.jndi.core
Warning: KebabPizza disabling incompatible org.apache.maven.plugins:maven-enforcer-plugin from org.apache.karaf.jdbc.core
Warning: KebabPizza disabling incompatible org.apache.maven.plugins:maven-enforcer-plugin from org.apache.karaf.jms.core
Warning: KebabPizza disabling incompatible org.apache.maven.plugins:maven-enforcer-plugin from jpa-parent
Warning: KebabPizza disabling incompatible org.apache.maven.plugins:maven-enforcer-plugin from hibernate
Warning: KebabPizza disabling incompatible org.apache.maven.plugins:maven-enforcer-plugin from org.apache.karaf.maven.core
Warning: KebabPizza disabling incompatible org.apache.maven.plugins:maven-enforcer-plugin from maven-parent
Warning: KebabPizza disabling incompatible org.apache.maven.plugins:maven-enforcer-plugin from org.apache.karaf.services.coordinator
Warning: KebabPizza disabling incompatible org.apache.maven.plugins:maven-enforcer-plugin from org.apache.karaf.services.eventadmin
Warning: KebabPizza disabling incompatible org.apache.maven.plugins:maven-enforcer-plugin from org.apache.karaf.services.staticcm
Warning: KebabPizza disabling incompatible org.apache.maven.plugins:maven-enforcer-plugin from services
Warning: KebabPizza disabling incompatible org.apache.maven.plugins:maven-enforcer-plugin from org.apache.karaf.audit.core
Warning: KebabPizza disabling incompatible org.apache.maven.plugins:maven-enforcer-plugin from org.apache.karaf.subsystem.core
Warning: KebabPizza disabling incompatible org.apache.maven.plugins:maven-enforcer-plugin from org.apache.karaf.event
Warning: KebabPizza disabling incompatible org.apache.maven.plugins:maven-enforcer-plugin from karaf-maven-plugin
Warning: KebabPizza disabling incompatible org.jacoco:jacoco-maven-plugin from karaf-maven-plugin
Warning: KebabPizza disabling incompatible org.apache.maven.plugins:maven-enforcer-plugin from manual
Warning: KebabPizza disabling incompatible org.apache.maven.plugins:maven-enforcer-plugin from specs
Warning: KebabPizza disabling incompatible org.apache.maven.plugins:maven-enforcer-plugin from org.apache.karaf.specs.locator
Warning: KebabPizza disabling incompatible org.apache.maven.plugins:maven-enforcer-plugin from org.apache.karaf.specs.activator
Warning: KebabPizza disabling incompatible org.apache.maven.plugins:maven-enforcer-plugin from org.apache.karaf.specs.java.xml
Warning: KebabPizza disabling incompatible org.apache.maven.plugins:maven-enforcer-plugin from org.apache.karaf.specs.java.xml.ws
Warning: KebabPizza disabling incompatible org.apache.maven.plugins:maven-enforcer-plugin from assemblies
Warning: KebabPizza disabling incompatible org.apache.maven.plugins:maven-enforcer-plugin from features
Warning: KebabPizza disabling incompatible org.apache.maven.plugins:maven-enforcer-plugin from base
Warning: KebabPizza disabling incompatible org.apache.maven.plugins:maven-enforcer-plugin from framework
Warning: KebabPizza disabling incompatible org.apache.maven.plugins:maven-enforcer-plugin from static
Warning: KebabPizza disabling incompatible org.apache.maven.plugins:maven-enforcer-plugin from standard
Warning: KebabPizza disabling incompatible org.apache.maven.plugins:maven-enforcer-plugin from spring
Warning: KebabPizza disabling incompatible org.apache.maven.plugins:maven-enforcer-plugin from spring-legacy
Warning: KebabPizza disabling incompatible org.apache.maven.plugins:maven-enforcer-plugin from enterprise
Warning: KebabPizza disabling incompatible org.apache.maven.plugins:maven-enforcer-plugin from enterprise-legacy
Warning: KebabPizza disabling incompatible org.apache.maven.plugins:maven-enforcer-plugin from apache-karaf-minimal
Warning: KebabPizza disabling incompatible org.apache.maven.plugins:maven-enforcer-plugin from apache-karaf
Warning: KebabPizza disabling incompatible org.apache.maven.plugins:maven-enforcer-plugin from apache-karaf-examples
Warning: KebabPizza disabling incompatible org.apache.maven.plugins:maven-enforcer-plugin from karaf-blueprint-example
Warning: KebabPizza disabling incompatible org.apache.maven.plugins:maven-enforcer-plugin from karaf-blueprint-example-common
Warning: KebabPizza disabling incompatible org.apache.maven.plugins:maven-enforcer-plugin from karaf-blueprint-example-provider
Warning: KebabPizza disabling incompatible org.apache.maven.plugins:maven-enforcer-plugin from karaf-blueprint-example-client
Warning: KebabPizza disabling incompatible org.apache.maven.plugins:maven-enforcer-plugin from karaf-blueprint-example-features
Warning: KebabPizza disabling incompatible org.apache.maven.plugins:maven-enforcer-plugin from karaf-branding-example
Warning: KebabPizza disabling incompatible org.apache.maven.plugins:maven-enforcer-plugin from karaf-bundle-example
Warning: KebabPizza disabling incompatible org.apache.maven.plugins:maven-enforcer-plugin from karaf-bundle-example-common
Warning: KebabPizza disabling incompatible org.apache.maven.plugins:maven-enforcer-plugin from karaf-bundle-example-provider
Warning: KebabPizza disabling incompatible org.apache.maven.plugins:maven-enforcer-plugin from karaf-bundle-example-client
Warning: KebabPizza disabling incompatible org.apache.maven.plugins:maven-enforcer-plugin from karaf-bundle-example-features
Warning: KebabPizza disabling incompatible org.apache.maven.plugins:maven-enforcer-plugin from karaf-camel-example
Warning: KebabPizza disabling incompatible org.apache.maven.plugins:maven-enforcer-plugin from karaf-camel-example-java
Warning: KebabPizza disabling incompatible org.apache.maven.plugins:maven-enforcer-plugin from karaf-camel-example-blueprint
Warning: KebabPizza disabling incompatible org.apache.maven.plugins:maven-enforcer-plugin from karaf-camel-example-features
Warning: KebabPizza disabling incompatible org.apache.maven.plugins:maven-enforcer-plugin from karaf-command-example
Warning: KebabPizza disabling incompatible org.apache.maven.plugins:maven-enforcer-plugin from karaf-command-example-api
Warning: KebabPizza disabling incompatible org.apache.maven.plugins:maven-enforcer-plugin from karaf-command-example-provider
Warning: KebabPizza disabling incompatible org.apache.maven.plugins:maven-enforcer-plugin from karaf-command-example-command
Warning: KebabPizza disabling incompatible org.apache.maven.plugins:maven-enforcer-plugin from karaf-command-example-features
Warning: KebabPizza disabling incompatible org.apache.maven.plugins:maven-enforcer-plugin from karaf-config-example
Warning: KebabPizza disabling incompatible org.apache.maven.plugins:maven-enforcer-plugin from karaf-config-example-static
Warning: KebabPizza disabling incompatible org.apache.maven.plugins:maven-enforcer-plugin from karaf-config-example-managed
Warning: KebabPizza disabling incompatible org.apache.maven.plugins:maven-enforcer-plugin from karaf-config-example-managed-factory
Warning: KebabPizza disabling incompatible org.apache.maven.plugins:maven-enforcer-plugin from karaf-config-example-listener
Warning: KebabPizza disabling incompatible org.apache.maven.plugins:maven-enforcer-plugin from karaf-config-example-blueprint
Warning: KebabPizza disabling incompatible org.apache.maven.plugins:maven-enforcer-plugin from karaf-config-example-scr
Warning: KebabPizza disabling incompatible org.apache.maven.plugins:maven-enforcer-plugin from karaf-config-example-features
Warning: KebabPizza disabling incompatible org.apache.maven.plugins:maven-enforcer-plugin from karaf-deployer-example
Warning: KebabPizza disabling incompatible org.apache.maven.plugins:maven-enforcer-plugin from karaf-dump-example
Warning: KebabPizza disabling incompatible org.apache.maven.plugins:maven-enforcer-plugin from karaf-http-resource-example
Warning: KebabPizza disabling incompatible org.apache.maven.plugins:maven-enforcer-plugin from karaf-http-resource-example-whiteboard
Warning: KebabPizza disabling incompatible org.apache.maven.plugins:maven-enforcer-plugin from karaf-http-resource-example-features
Warning: KebabPizza disabling incompatible org.apache.maven.plugins:maven-enforcer-plugin from karaf-log-appender-example
Warning: KebabPizza disabling incompatible org.apache.maven.plugins:maven-enforcer-plugin from karaf-log-appender-example-core
Warning: KebabPizza disabling incompatible org.apache.maven.plugins:maven-enforcer-plugin from karaf-log-appender-example-features
Warning: KebabPizza disabling incompatible org.apache.maven.plugins:maven-enforcer-plugin from karaf-jdbc-example
Warning: KebabPizza disabling incompatible org.apache.maven.plugins:maven-enforcer-plugin from karaf-jdbc-example-api
Warning: KebabPizza disabling incompatible org.apache.maven.plugins:maven-enforcer-plugin from karaf-jdbc-example-provider
Warning: KebabPizza disabling incompatible org.apache.maven.plugins:maven-enforcer-plugin from karaf-jdbc-example-command
Warning: KebabPizza disabling incompatible org.apache.maven.plugins:maven-enforcer-plugin from karaf-jdbc-example-features
Warning: KebabPizza disabling incompatible org.apache.maven.plugins:maven-enforcer-plugin from karaf-jms-example
Warning: KebabPizza disabling incompatible org.apache.maven.plugins:maven-enforcer-plugin from karaf-jms-example-command
Warning: KebabPizza disabling incompatible org.apache.maven.plugins:maven-enforcer-plugin from karaf-jms-example-features
Warning: KebabPizza disabling incompatible org.apache.maven.plugins:maven-enforcer-plugin from karaf-jpa-example
Warning: KebabPizza disabling incompatible org.apache.maven.plugins:maven-enforcer-plugin from karaf-jpa-example-provider
Warning: KebabPizza disabling incompatible org.apache.maven.plugins:maven-enforcer-plugin from karaf-jpa-example-provider-api
Warning: KebabPizza disabling incompatible org.apache.maven.plugins:maven-enforcer-plugin from karaf-jpa-example-provider-ds
Warning: KebabPizza disabling incompatible org.apache.maven.plugins:maven-enforcer-plugin from karaf-jpa-example-provider-ds-eclipselink
Warning: KebabPizza disabling incompatible org.apache.maven.plugins:maven-enforcer-plugin from karaf-jpa-example-provider-ds-hibernate
Warning: KebabPizza disabling incompatible org.apache.maven.plugins:maven-enforcer-plugin from karaf-jpa-example-provider-ds-openjpa
Warning: KebabPizza disabling incompatible org.apache.maven.plugins:maven-enforcer-plugin from karaf-jpa-example-provider-blueprint
Warning: KebabPizza disabling incompatible org.apache.maven.plugins:maven-enforcer-plugin from karaf-jpa-example-provider-blueprint-eclipselink
Warning: KebabPizza disabling incompatible org.apache.maven.plugins:maven-enforcer-plugin from karaf-jpa-example-provider-blueprint-hibernate
Warning: KebabPizza disabling incompatible org.apache.maven.plugins:maven-enforcer-plugin from karaf-jpa-example-provider-blueprint-openjpa
Warning: KebabPizza disabling incompatible org.apache.maven.plugins:maven-enforcer-plugin from karaf-jpa-example-command
Warning: KebabPizza disabling incompatible org.apache.maven.plugins:maven-enforcer-plugin from karaf-jpa-example-features
Warning: KebabPizza disabling incompatible org.apache.maven.plugins:maven-enforcer-plugin from itests
Warning: KebabPizza disabling incompatible org.apache.maven.plugins:maven-enforcer-plugin from common
Warning: KebabPizza disabling incompatible org.apache.maven.plugins:maven-enforcer-plugin from karaf-itest-example
Warning: KebabPizza disabling incompatible org.apache.maven.plugins:maven-enforcer-plugin from karaf-maven-example
Warning: KebabPizza disabling incompatible org.apache.maven.plugins:maven-enforcer-plugin from karaf-maven-example-run
Warning: KebabPizza disabling incompatible org.apache.maven.plugins:maven-enforcer-plugin from karaf-maven-example-run-bundle
Warning: KebabPizza disabling incompatible org.apache.maven.plugins:maven-enforcer-plugin from karaf-mbean-example
Warning: KebabPizza disabling incompatible org.apache.maven.plugins:maven-enforcer-plugin from karaf-mbean-example-api
Warning: KebabPizza disabling incompatible org.apache.maven.plugins:maven-enforcer-plugin from karaf-mbean-example-provider
Warning: KebabPizza disabling incompatible org.apache.maven.plugins:maven-enforcer-plugin from karaf-mbean-example-simple
Warning: KebabPizza disabling incompatible org.apache.maven.plugins:maven-enforcer-plugin from karaf-mbean-example-blueprint
Warning: KebabPizza disabling incompatible org.apache.maven.plugins:maven-enforcer-plugin from karaf-mbean-example-scr
Warning: KebabPizza disabling incompatible org.apache.maven.plugins:maven-enforcer-plugin from karaf-mbean-example-features
Warning: KebabPizza disabling incompatible org.apache.maven.plugins:maven-enforcer-plugin from karaf-profile-example
Warning: KebabPizza disabling incompatible org.apache.maven.plugins:maven-enforcer-plugin from karaf-profile-example-registry
Warning: KebabPizza disabling incompatible org.apache.maven.plugins:maven-enforcer-plugin from karaf-profile-example-dynamic
Warning: KebabPizza disabling incompatible org.apache.maven.plugins:maven-enforcer-plugin from karaf-profile-example-static
Warning: KebabPizza disabling incompatible org.apache.maven.plugins:maven-enforcer-plugin from karaf-url-namespace-handler-example
Warning: KebabPizza disabling incompatible org.apache.maven.plugins:maven-enforcer-plugin from karaf-url-namespace-handler-example-core
Warning: KebabPizza disabling incompatible org.apache.maven.plugins:maven-enforcer-plugin from karaf-url-namespace-handler-example-features
Warning: KebabPizza disabling incompatible org.apache.maven.plugins:maven-enforcer-plugin from karaf-rest-example
Warning: KebabPizza disabling incompatible org.apache.maven.plugins:maven-enforcer-plugin from karaf-rest-example-api
Warning: KebabPizza disabling incompatible org.apache.maven.plugins:maven-enforcer-plugin from karaf-rest-example-provider
Warning: KebabPizza disabling incompatible org.apache.maven.plugins:maven-enforcer-plugin from karaf-rest-example-client
Warning: KebabPizza disabling incompatible org.apache.maven.plugins:maven-enforcer-plugin from karaf-rest-example-client-cxf
Warning: KebabPizza disabling incompatible org.apache.maven.plugins:maven-enforcer-plugin from karaf-rest-example-client-http
Warning: KebabPizza disabling incompatible org.apache.maven.plugins:maven-enforcer-plugin from karaf-rest-example-features
Warning: KebabPizza disabling incompatible org.apache.maven.plugins:maven-enforcer-plugin from karaf-rest-example-whiteboard
Warning: KebabPizza disabling incompatible org.apache.maven.plugins:maven-enforcer-plugin from karaf-servlet-example
Warning: KebabPizza disabling incompatible org.apache.maven.plugins:maven-enforcer-plugin from karaf-servlet-example-annotation
Warning: KebabPizza disabling incompatible org.apache.maven.plugins:maven-enforcer-plugin from karaf-servlet-example-registration
Warning: KebabPizza disabling incompatible org.apache.maven.plugins:maven-enforcer-plugin from karaf-servlet-example-blueprint
Warning: KebabPizza disabling incompatible org.apache.maven.plugins:maven-enforcer-plugin from karaf-servlet-example-scr
Warning: KebabPizza disabling incompatible org.apache.maven.plugins:maven-enforcer-plugin from karaf-servlet-example-features
Warning: KebabPizza disabling incompatible org.apache.maven.plugins:maven-enforcer-plugin from karaf-scheduler-example
Warning: KebabPizza disabling incompatible org.apache.maven.plugins:maven-enforcer-plugin from karaf-scheduler-example-runnable
Warning: KebabPizza disabling incompatible org.apache.maven.plugins:maven-enforcer-plugin from karaf-scheduler-example-features
Warning: KebabPizza disabling incompatible org.apache.maven.plugins:maven-enforcer-plugin from karaf-scr-example
Warning: KebabPizza disabling incompatible org.apache.maven.plugins:maven-enforcer-plugin from karaf-scr-example-api
Warning: KebabPizza disabling incompatible org.apache.maven.plugins:maven-enforcer-plugin from karaf-scr-example-provider
Warning: KebabPizza disabling incompatible org.apache.maven.plugins:maven-enforcer-plugin from karaf-scr-example-client
Warning: KebabPizza disabling incompatible org.apache.maven.plugins:maven-enforcer-plugin from karaf-scr-example-features
Warning: KebabPizza disabling incompatible org.apache.maven.plugins:maven-enforcer-plugin from karaf-soap-example
Warning: KebabPizza disabling incompatible org.apache.maven.plugins:maven-enforcer-plugin from karaf-soap-example-api
Warning: KebabPizza disabling incompatible org.apache.maven.plugins:maven-enforcer-plugin from karaf-soap-example-provider
Warning: KebabPizza disabling incompatible org.apache.maven.plugins:maven-enforcer-plugin from karaf-soap-example-client
Warning: KebabPizza disabling incompatible org.apache.maven.plugins:maven-enforcer-plugin from karaf-soap-example-features
Warning: KebabPizza disabling incompatible org.apache.maven.plugins:maven-enforcer-plugin from karaf-websocket-example
Warning: KebabPizza disabling incompatible org.apache.maven.plugins:maven-enforcer-plugin from karaf-war-example
Warning: KebabPizza disabling incompatible org.apache.maven.plugins:maven-enforcer-plugin from karaf-war-example-webapp
Warning: KebabPizza disabling incompatible org.apache.maven.plugins:maven-enforcer-plugin from karaf-war-example-features
Warning: KebabPizza disabling incompatible org.apache.maven.plugins:maven-enforcer-plugin from archetypes
Warning: KebabPizza disabling incompatible org.apache.maven.plugins:maven-enforcer-plugin from karaf-assembly-archetype
Warning: KebabPizza disabling incompatible org.apache.maven.plugins:maven-enforcer-plugin from karaf-command-archetype
Warning: KebabPizza disabling incompatible org.apache.maven.plugins:maven-enforcer-plugin from karaf-feature-archetype
Warning: KebabPizza disabling incompatible org.apache.maven.plugins:maven-enforcer-plugin from karaf-kar-archetype
Warning: KebabPizza disabling incompatible org.apache.maven.plugins:maven-enforcer-plugin from karaf-bundle-archetype
Warning: KebabPizza disabling incompatible org.apache.maven.plugins:maven-enforcer-plugin from karaf-blueprint-archetype
Warning: KebabPizza disabling incompatible org.apache.maven.plugins:maven-enforcer-plugin from tests
[WARNING] The project org.apache.karaf:karaf:pom:4.2.3 uses prerequisites which is only intended for maven-plugin projects but not for non maven-plugin projects. For such purposes you should use the maven-enforcer-plugin. See https://maven.apache.org/enforcer/enforcer-rules/requireMavenVersion.html
[INFO] ------------------------------------------------------------------------
[INFO] Reactor Build Order:
[INFO] 
[INFO] Apache Karaf                                                       [pom]
[INFO] Apache Karaf :: JAAS                                               [pom]
[INFO] Apache Karaf :: JAAS :: Boot                                    [bundle]
[INFO] Apache Karaf :: Util                                               [jar]
[INFO] Apache Karaf :: Main                                            [bundle]
[INFO] Apache Karaf :: Features                                           [pom]
[INFO] Apache Karaf :: Features :: Extension                           [bundle]
[INFO] Apache Karaf :: Service                                            [pom]
[INFO] Apache Karaf :: Service :: Guard                                [bundle]
[INFO] Apache Karaf :: Shell                                              [pom]
[INFO] Apache Karaf :: Shell :: Core                                   [bundle]
[INFO] Apache Karaf :: Tooling                                            [pom]
[INFO] Apache Karaf :: Tooling :: Maven Karaf Plugin for Services Metadata [maven-plugin]
[INFO] Apache Karaf :: Features :: Core                                [bundle]
[INFO] Apache Karaf :: Features :: Command                             [bundle]
[INFO] Apache Karaf :: KAR :: Core                                     [bundle]
[INFO] Apache Karaf :: JAAS :: Config                                  [bundle]
[INFO] Apache Karaf :: JAAS :: Modules                                 [bundle]
[INFO] Apache Karaf :: Bundle                                             [pom]
[INFO] Apache Karaf :: Bundle :: Core                                  [bundle]
[INFO] Apache Karaf :: Bundle :: BlueprintStateService                 [bundle]
[INFO] Apache Karaf :: Bundle :: SpringStateService                    [bundle]
[INFO] Apache Karaf :: ConfigAdmin :: Core                             [bundle]
[INFO] Apache Karaf :: Tooling :: Utils                                [bundle]
[INFO] Apache Karaf :: Deployer                                           [pom]
[INFO] Apache Karaf :: Deployer :: Blueprint                           [bundle]
[INFO] Apache Karaf :: Deployer :: Spring                              [bundle]
[INFO] Apache Karaf :: Profile :: Core                                 [bundle]
[INFO] Apache Karaf :: Instance :: Core                                [bundle]
[INFO] Apache Karaf :: Package :: Core                                 [bundle]
[INFO] Apache Karaf :: HTTP :: Core                                    [bundle]
[INFO] Apache Karaf :: Service :: Core                                 [bundle]
[INFO] Apache Karaf :: Log :: Core                                     [bundle]
[INFO] Apache Karaf :: Deployer :: Features                            [bundle]
[INFO] Apache Karaf :: Deployer :: Karaf Archive (.kar)                [bundle]
[INFO] Apache Karaf :: Deployer :: Wrap Non OSGi Jar                   [bundle]
[INFO] Apache Karaf :: Shell :: Various Commands                       [bundle]
[INFO] Apache Karaf :: Shell :: Console                                [bundle]
[INFO] Apache Karaf :: Shell :: Table                                  [bundle]
[INFO] Apache Karaf :: Shell :: SSH                                    [bundle]
[INFO] Apache Karaf :: JAAS :: Jasypt Encryption                       [bundle]
[INFO] Apache Karaf :: JAAS :: Command                                 [bundle]
[INFO] Apache Karaf :: JAAS :: Blueprint                                  [pom]
[INFO] Apache Karaf :: JAAS :: Blueprint :: Config                     [bundle]
[INFO] Apache Karaf :: JAAS :: Blueprint :: Jasypt                     [bundle]
[INFO] Apache Karaf :: Client                                          [bundle]
[INFO] Apache Karaf :: Management                                         [pom]
[INFO] Apache Karaf :: Management                                      [bundle]
[INFO] Apache Karaf :: System :: Core                                  [bundle]
[INFO] Apache Karaf :: Web :: Core                                     [bundle]
[INFO] Apache Karaf :: Wrapper :: Core                                 [bundle]
[INFO] Apache Karaf :: Web Console                                        [pom]
[INFO] Apache Karaf :: Web Console :: Console                          [bundle]
[INFO] Apache Karaf :: Web Console :: Features Plugin                  [bundle]
[INFO] Apache Karaf :: Web Console :: Gogo Plugin                      [bundle]
[INFO] Apache Karaf :: Web Console :: HTTP Plugin                      [bundle]
[INFO] Apache Karaf :: Web Console :: Instance Plugin                  [bundle]
[INFO] Apache Karaf :: Scheduler :: Core                               [bundle]
[INFO] Apache Karaf :: Declarative Services (DS)                          [pom]
[INFO] Apache Karaf :: SCR :: Management MBeans                        [bundle]
[INFO] Apache Karaf :: SCR :: Bundle State                             [bundle]
[INFO] Apache Karaf :: SCR :: Examples                                    [pom]
[INFO] Apache Karaf :: SCR :: Examples :: Basic Service                [bundle]
[INFO] Apache Karaf :: SCR :: Examples :: Managed Services             [bundle]
[INFO] Apache Karaf :: SCR :: Examples :: Component Factories          [bundle]
[INFO] Apache Karaf :: Diagnostic                                         [pom]
[INFO] Apache Karaf :: Diagnostic :: Boot                              [bundle]
[INFO] Apache Karaf :: Diagnostic :: Core                              [bundle]
[INFO] Apache Karaf :: OBR :: Core                                     [bundle]
[INFO] Apache Karaf :: Docker :: Core                                  [bundle]
[INFO] Apache Karaf :: JNDI :: Core                                    [bundle]
[INFO] Apache Karaf :: JDBC :: Core                                    [bundle]
[INFO] Apache Karaf :: JMS :: Core                                     [bundle]
[INFO] Apache Karaf :: JPA :: Parent                                      [pom]
[INFO] Apache Karaf :: JPA :: Hibernate                                [bundle]
[INFO] Apache Karaf :: Maven :: Core                                   [bundle]
[INFO] Apache Karaf :: Maven                                              [pom]
[INFO] Apache Karaf :: OSGi Services :: Coordinator                    [bundle]
[INFO] Apache Karaf :: OSGi Services :: EventAdmin                     [bundle]
[INFO] Apache Karaf :: OSGi Services :: Static ConfigAdmin             [bundle]
[INFO] Apache Karaf :: OSGi Services                                      [pom]
[INFO] Apache Karaf :: Audit :: Core                                   [bundle]
[INFO] Apache Karaf :: Subsystem :: Core                               [bundle]
[INFO] Apache Karaf :: OSGi Services :: Event                          [bundle]
[INFO] Apache Karaf :: Tooling :: Maven Karaf Plugin             [maven-plugin]
[INFO] Apache Karaf :: Manual                                          [bundle]
[INFO] Apache Karaf :: Specs                                              [pom]
[INFO] Apache Karaf :: Specs :: Locator                                   [jar]
[INFO] Apache Karaf :: Specs :: Activator                                 [jar]
[INFO] Apache Karaf :: Specs :: Java Xml                                  [jar]
[INFO] Apache Karaf :: Specs :: Java Xml WS                               [jar]
[INFO] Apache Karaf :: Assemblies                                         [pom]
[INFO] Apache Karaf :: Assemblies :: Features                             [pom]
[INFO] Apache Karaf :: Assemblies :: Features :: Base                     [jar]
[INFO] Apache Karaf :: Assemblies :: Features :: Framework                [pom]
[INFO] Apache Karaf :: Assemblies :: Features :: Static                   [pom]
[INFO] Apache Karaf :: Assemblies :: Features :: Standard                 [pom]
[INFO] Apache Karaf :: Assemblies :: Features :: Spring                   [pom]
[INFO] Apache Karaf :: Assemblies :: Features :: Spring Legacy            [pom]
[INFO] Apache Karaf :: Assemblies :: Features :: Enterprise               [pom]
[INFO] Apache Karaf :: Assemblies :: Features :: Enterprise Legacy        [pom]
[INFO] Apache Karaf :: Assemblies :: Minimal Distribution                 [pom]
[INFO] Apache Karaf :: Assemblies :: Default Distribution                 [pom]
[INFO] Apache Karaf :: Examples                                           [pom]
[INFO] Apache Karaf :: Examples :: Blueprint                              [pom]
[INFO] Apache Karaf :: Examples :: Blueprint :: Common                 [bundle]
[INFO] Apache Karaf :: Examples :: Blueprint :: Provider               [bundle]
[INFO] Apache Karaf :: Examples :: Blueprint :: Client                 [bundle]
[INFO] Apache Karaf :: Examples :: Blueprint :: Features                  [pom]
[INFO] Apache Karaf :: Examples :: Branding                            [bundle]
[INFO] Apache Karaf :: Examples :: Bundle                                 [pom]
[INFO] Apache Karaf :: Examples :: Bundle :: Common                    [bundle]
[INFO] Apache Karaf :: Examples :: Bundle :: Provider                  [bundle]
[INFO] Apache Karaf :: Examples :: Bundle :: Client                    [bundle]
[INFO] Apache Karaf :: Examples :: Bundle :: Features                     [pom]
[INFO] Apache Karaf :: Examples :: Camel                                  [pom]
[INFO] Apache Karaf :: Examples :: Camel :: Java DSL                   [bundle]
[INFO] Apache Karaf :: Examples :: Camel :: Blueprint DSL                 [pom]
[INFO] Apache Karaf :: Examples :: Camel :: Features                      [pom]
[INFO] Apache Karaf :: Examples :: Shell Command                          [pom]
[INFO] Apache Karaf :: Examples :: Shell Command :: API                [bundle]
[INFO] Apache Karaf :: Examples :: Shell Command :: Service Provider   [bundle]
[INFO] Apache Karaf :: Examples :: Shell Command :: Command            [bundle]
[INFO] Apache Karaf :: Examples :: Shell Command :: Features              [pom]
[INFO] Apache Karaf :: Examples :: Configuration                          [pom]
[INFO] Apache Karaf :: Examples :: Configuration :: Static             [bundle]
[INFO] Apache Karaf :: Examples :: Configuration :: Managed            [bundle]
[INFO] Apache Karaf :: Examples :: Configuration :: Managed Factory    [bundle]
[INFO] Apache Karaf :: Examples :: Configuration :: Listener           [bundle]
[INFO] Apache Karaf :: Examples :: Configuration :: Blueprint          [bundle]
[INFO] Apache Karaf :: Examples :: Configuration :: SCR                [bundle]
[INFO] Apache Karaf :: Examples :: Configuration :: Features              [pom]
[INFO] Apache Karaf :: Examples :: Deployer                            [bundle]
[INFO] Apache Karaf :: Examples :: Dump                                [bundle]
[INFO] Apache Karaf :: Examples :: HTTP Resource                          [pom]
[INFO] Apache Karaf :: Examples :: HTTP Resource :: Whiteboard         [bundle]
[INFO] Apache Karaf :: Examples :: HTTP Resource :: Features              [pom]
[INFO] Apache Karaf :: Examples :: Log Appender                           [pom]
[INFO] Apache Karaf :: Examples :: Log Appender :: Core                [bundle]
[INFO] Apache Karaf :: Examples :: Log Appender :: Features               [pom]
[INFO] Apache Karaf :: Examples :: JDBC                                   [pom]
[INFO] Apache Karaf :: Examples :: JDBC :: API                         [bundle]
[INFO] Apache Karaf :: Examples :: JDBC :: Service Provider            [bundle]
[INFO] Apache Karaf :: Examples :: JDBC :: Command                     [bundle]
[INFO] Apache Karaf :: Examples :: JDBC :: Features                       [pom]
[INFO] Apache Karaf :: Examples :: JMS                                    [pom]
[INFO] Apache Karaf :: Examples :: JMS :: Command                      [bundle]
[INFO] Apache Karaf :: Examples :: JMS :: Features                        [pom]
[INFO] Apache Karaf :: Examples :: JPA                                    [pom]
[INFO] Apache Karaf :: Examples :: JPA :: Provider                        [pom]
[INFO] Apache Karaf :: Examples :: JPA :: Provider :: API              [bundle]
[INFO] Apache Karaf :: Examples :: JPA :: Provider :: Declarative Service [pom]
[INFO] Apache Karaf :: Examples :: JPA :: Provider :: Declarative Service :: EclipseLink [bundle]
[INFO] Apache Karaf :: Examples :: JPA :: Provider :: Declarative Service :: Hibernate [bundle]
[INFO] Apache Karaf :: Examples :: JPA :: Provider :: Declarative Service :: OpenJPA [bundle]
[INFO] Apache Karaf :: Examples :: JPA :: Provider :: Blueprint           [pom]
[INFO] Apache Karaf :: Examples :: JPA :: Provider :: Blueprint :: EclipseLink [bundle]
[INFO] Apache Karaf :: Examples :: JPA :: Provider :: Blueprint :: Hibernate [bundle]
[INFO] Apache Karaf :: Examples :: JPA :: Provider :: Blueprint :: OpenJPA [bundle]
[INFO] Apache Karaf :: Examples :: JPA :: Command                      [bundle]
[INFO] Apache Karaf :: Examples :: JPA :: Features                        [pom]
[INFO] Apache Karaf :: Integration Tests                                  [pom]
[INFO] Apache Karaf :: Integration Tests :: Common                     [bundle]
[INFO] Apache Karaf :: Examples :: Integration Tests                      [jar]
[INFO] Apache Karaf :: Examples :: Maven                                  [pom]
[INFO] Apache Karaf :: Examples :: Maven :: Run                           [pom]
[INFO] Apache Karaf :: Examples :: Maven :: Run Bundle                 [bundle]
[INFO] Apache Karaf :: Examples :: MBean                                  [pom]
[INFO] Apache Karaf :: Examples :: MBean :: API                        [bundle]
[INFO] Apache Karaf :: Examples :: MBean :: Service Provider           [bundle]
[INFO] Apache Karaf :: Examples :: MBean :: Simple                     [bundle]
[INFO] Apache Karaf :: Examples :: MBean :: Blueprint                  [bundle]
[INFO] Apache Karaf :: Examples :: MBean :: SCR                        [bundle]
[INFO] Apache Karaf :: Examples :: MBean :: Features                      [pom]
[INFO] Apache Karaf :: Examples :: Profile                                [pom]
[INFO] Apache Karaf :: Examples :: Profile :: Registry                    [jar]
[INFO] Apache Karaf :: Examples :: Profile :: Dynamic Assembly            [jar]
[INFO] Apache Karaf :: Examples :: Profile :: Static Assembly             [pom]
[INFO] Apache Karaf :: Examples :: URL Namespace Handler                  [pom]
[INFO] Apache Karaf :: Examples :: URL Namespace Handler :: Core       [bundle]
[INFO] Apache Karaf :: Examples :: URL Namespace Handler :: Features      [pom]
[INFO] Apache Karaf :: Examples :: REST                                   [pom]
[INFO] Apache Karaf :: Examples :: REST :: API                         [bundle]
[INFO] Apache Karaf :: Examples :: REST :: Provider                    [bundle]
[INFO] Apache Karaf :: Examples :: REST :: Client                         [pom]
[INFO] Apache Karaf :: Examples :: REST :: Client :: Apache CXF        [bundle]
[INFO] Apache Karaf :: Examples :: REST :: Client :: Java HTTP         [bundle]
[INFO] Apache Karaf :: Examples :: REST :: Features                       [pom]
[INFO] Apache Karaf :: Examples :: REST :: Whiteboard                  [bundle]
[INFO] Apache Karaf :: Examples :: Servlet                                [pom]
[INFO] Apache Karaf :: Examples :: Servlet :: Annotation               [bundle]
[INFO] Apache Karaf :: Examples :: Servlet :: Registration             [bundle]
[INFO] Apache Karaf :: Examples :: Servlet :: Blueprint                [bundle]
[INFO] Apache Karaf :: Examples :: Servlet :: SCR                      [bundle]
[INFO] Apache Karaf :: Examples :: Servlet :: Features                    [pom]
[INFO] Apache Karaf :: Examples :: Scheduler                              [pom]
[INFO] Apache Karaf :: Examples :: Scheduler :: Runnable               [bundle]
[INFO] Apache Karaf :: Examples :: Scheduler :: Features                  [pom]
[INFO] Apache Karaf :: Examples :: SCR                                    [pom]
[INFO] Apache Karaf :: Examples :: SCR :: API                          [bundle]
[INFO] Apache Karaf :: Examples :: SCR :: Service Provider             [bundle]
[INFO] Apache Karaf :: Examples :: SCR :: Client                       [bundle]
[INFO] Apache Karaf :: Examples :: SCR :: Features                        [pom]
[INFO] Apache Karaf :: Examples :: SOAP                                   [pom]
[INFO] Apache Karaf :: Examples :: SOAP :: API                         [bundle]
[INFO] Apache Karaf :: Examples :: SOAP :: Provider                    [bundle]
[INFO] Apache Karaf :: Examples :: SOAP :: Client                      [bundle]
[INFO] Apache Karaf :: Examples :: SOAP :: Features                       [pom]
[INFO] Apache Karaf :: Examples :: Websocket                           [bundle]
[INFO] Apache Karaf :: Examples :: WAR                                    [pom]
[INFO] Apache Karaf :: Examples :: WAR :: WebApp                          [war]
[INFO] Apache Karaf :: Examples :: WAR :: Features                        [pom]
[INFO] Apache Karaf :: Archetypes                                         [pom]
[INFO] Apache Karaf :: Archetypes :: Assembly Archetype       [maven-archetype]
[INFO] Apache Karaf :: Archetypes :: Command Archetype        [maven-archetype]
[INFO] Apache Karaf :: Archetypes :: Feature Archetype        [maven-archetype]
[INFO] Apache Karaf :: Archetypes :: Kar Archetype            [maven-archetype]
[INFO] Apache Karaf :: Archetypes :: Bundle Archetype         [maven-archetype]
[INFO] Apache Karaf :: Archetypes :: Blueprint Archetype      [maven-archetype]
[INFO] Apache Karaf :: Integration Tests :: Tests                         [jar]
[INFO] 
[INFO] -----------------------< org.apache.karaf:karaf >-----------------------
[INFO] Building Apache Karaf 4.2.3                                      [1/220]
[INFO] --------------------------------[ pom ]---------------------------------
[INFO] 
[INFO] --- maven-clean-plugin:3.1.0:clean (default-clean) @ karaf ---
[INFO] 
[INFO] --- maven-bundle-plugin:4.1.0:cleanVersions (cleanVersions) @ karaf ---
[INFO] 
[INFO] --- maven-remote-resources-plugin:1.5:process (process-resource-bundles) @ karaf ---
[INFO] 
[INFO] --- maven-remote-resources-plugin:1.5:process (default) @ karaf ---
[INFO] 
[INFO] --- maven-site-plugin:3.7.1:attach-descriptor (attach-descriptor) @ karaf ---
[INFO] No site descriptor found: nothing to attach.
[INFO] 
[INFO] --- maven-install-plugin:3.0.0-M1:install (default-install) @ karaf ---
[INFO] Installing /home/srafi/after-cam-ready/compare_/compile_repair_output/work/f8c14d8531fc/pom.xml to /home/srafi/.m2/repository/org/apache/karaf/karaf/4.2.3/karaf-4.2.3.pom
[INFO] 
[INFO] ---------------------< org.apache.karaf.jaas:jaas >---------------------
[INFO] Building Apache Karaf :: JAAS 4.2.3                              [2/220]
[INFO] --------------------------------[ pom ]---------------------------------
[INFO] 
[INFO] --- maven-clean-plugin:3.1.0:clean (default-clean) @ jaas ---
[INFO] 
[INFO] --- maven-bundle-plugin:4.1.0:cleanVersions (cleanVersions) @ jaas ---
[INFO] 
[INFO] --- maven-remote-resources-plugin:1.5:process (process-resource-bundles) @ jaas ---
[INFO] 
[INFO] --- maven-remote-resources-plugin:1.5:process (default) @ jaas ---
[INFO] 
[INFO] --- maven-site-plugin:3.7.1:attach-descriptor (attach-descriptor) @ jaas ---
[INFO] No site descriptor found: nothing to attach.
[INFO] 
[INFO] --- maven-install-plugin:3.0.0-M1:install (default-install) @ jaas ---
[INFO] Installing /home/srafi/after-cam-ready/compare_/compile_repair_output/work/f8c14d8531fc/jaas/pom.xml to /home/srafi/.m2/repository/org/apache/karaf/jaas/jaas/4.2.3/jaas-4.2.3.pom
[INFO] 
[INFO] ----------< org.apache.karaf.jaas:org.apache.karaf.jaas.boot >----------
[INFO] Building Apache Karaf :: JAAS :: Boot 4.2.3                      [3/220]
[INFO] -------------------------------[ bundle ]-------------------------------
[INFO] Downloading from apache-snapshots: http://repository.apache.org/content/groups/snapshots-group/org/apache/maven/plugins/maven-surefire-plugin/3.0.0-M8-SNAPSHOT/maven-metadata.xml
[INFO] Downloading from apache-snapshots: http://repository.apache.org/content/groups/snapshots-group/org/apache/maven/surefire/surefire/3.0.0-M8-SNAPSHOT/maven-metadata.xml
[INFO] 
[INFO] --- maven-clean-plugin:3.1.0:clean (default-clean) @ org.apache.karaf.jaas.boot ---
[INFO] 
[INFO] --- maven-bundle-plugin:4.1.0:cleanVersions (cleanVersions) @ org.apache.karaf.jaas.boot ---
[INFO] 
[INFO] --- maven-remote-resources-plugin:1.5:process (process-resource-bundles) @ org.apache.karaf.jaas.boot ---
[INFO] 
[INFO] --- maven-remote-resources-plugin:1.5:process (default) @ org.apache.karaf.jaas.boot ---
[INFO] 
[INFO] --- maven-resources-plugin:3.1.0:resources (default-resources) @ org.apache.karaf.jaas.boot ---
[INFO] Using 'UTF-8' encoding to copy filtered resources.
[INFO] Copying 1 resource
[INFO] Copying 1 resource
[INFO] Copying 3 resources
[INFO] Copying 3 resources
[INFO] 
[INFO] --- maven-compiler-plugin:3.8.0:compile (default-compile) @ org.apache.karaf.jaas.boot ---
[INFO] Changes detected - recompiling the module!
[INFO] Compiling 7 source files to /home/srafi/after-cam-ready/compare_/compile_repair_output/work/f8c14d8531fc/jaas/boot/target/classes
[INFO] /home/srafi/after-cam-ready/compare_/compile_repair_output/work/f8c14d8531fc/jaas/boot/src/main/java/org/apache/karaf/jaas/boot/ProxyLoginModule.java: /home/srafi/after-cam-ready/compare_/compile_repair_output/work/f8c14d8531fc/jaas/boot/src/main/java/org/apache/karaf/jaas/boot/ProxyLoginModule.java uses or overrides a deprecated API.
[INFO] /home/srafi/after-cam-ready/compare_/compile_repair_output/work/f8c14d8531fc/jaas/boot/src/main/java/org/apache/karaf/jaas/boot/ProxyLoginModule.java: Recompile with -Xlint:deprecation for details.
[INFO] 
[INFO] --- maven-resources-plugin:3.1.0:testResources (default-testResources) @ org.apache.karaf.jaas.boot ---
[INFO] Using 'UTF-8' encoding to copy filtered resources.
[INFO] skip non existing resourceDirectory /home/srafi/after-cam-ready/compare_/compile_repair_output/work/f8c14d8531fc/jaas/boot/src/test/resources
[INFO] Copying 3 resources
[INFO] Copying 3 resources
[INFO] 
[INFO] --- maven-compiler-plugin:3.8.0:testCompile (default-testCompile) @ org.apache.karaf.jaas.boot ---
[INFO] No sources to compile
[INFO] 
[INFO] --- maven-surefire-plugin:3.0.0-M8-SNAPSHOT:test (default-test) @ org.apache.karaf.jaas.boot ---
[INFO] Downloading from apache-snapshots: http://repository.apache.org/content/groups/snapshots-group/org/apache/maven/surefire/maven-surefire-common/3.0.0-M8-SNAPSHOT/maven-metadata.xml
[INFO] Downloading from apache.snapshots: https://repository.apache.org/snapshots/org/apache/maven/surefire/maven-surefire-common/3.0.0-M8-SNAPSHOT/maven-metadata.xml
[INFO] Downloading from apache-snapshots: http://repository.apache.org/content/groups/snapshots-group/org/apache/maven/surefire/surefire-api/3.0.0-M8-SNAPSHOT/maven-metadata.xml
[INFO] Downloading from apache.snapshots: https://repository.apache.org/snapshots/org/apache/maven/surefire/surefire-api/3.0.0-M8-SNAPSHOT/maven-metadata.xml
[INFO] Downloading from apache-snapshots: http://repository.apache.org/content/groups/snapshots-group/org/apache/maven/surefire/surefire-logger-api/3.0.0-M8-SNAPSHOT/maven-metadata.xml
[INFO] Downloading from apache.snapshots: https://repository.apache.org/snapshots/org/apache/maven/surefire/surefire-logger-api/3.0.0-M8-SNAPSHOT/maven-metadata.xml
[INFO] Downloading from apache.snapshots: https://repository.apache.org/snapshots/org/apache/maven/surefire/surefire-shared-utils/3.0.0-M8-SNAPSHOT/maven-metadata.xml
[INFO] Downloading from apache-snapshots: http://repository.apache.org/content/groups/snapshots-group/org/apache/maven/surefire/surefire-shared-utils/3.0.0-M8-SNAPSHOT/maven-metadata.xml
[INFO] Downloading from apache-snapshots: http://repository.apache.org/content/groups/snapshots-group/org/apache/maven/surefire/surefire-extensions-api/3.0.0-M8-SNAPSHOT/maven-metadata.xml
[INFO] Downloading from apache.snapshots: https://repository.apache.org/snapshots/org/apache/maven/surefire/surefire-extensions-api/3.0.0-M8-SNAPSHOT/maven-metadata.xml
[INFO] Downloading from apache-snapshots: http://repository.apache.org/content/groups/snapshots-group/org/apache/maven/surefire/surefire-booter/3.0.0-M8-SNAPSHOT/maven-metadata.xml
[INFO] Downloading from apache.snapshots: https://repository.apache.org/snapshots/org/apache/maven/surefire/surefire-booter/3.0.0-M8-SNAPSHOT/maven-metadata.xml
[INFO] Downloading from apache-snapshots: http://repository.apache.org/content/groups/snapshots-group/org/apache/maven/surefire/surefire-extensions-spi/3.0.0-M8-SNAPSHOT/maven-metadata.xml
[INFO] Downloading from apache.snapshots: https://repository.apache.org/snapshots/org/apache/maven/surefire/surefire-extensions-spi/3.0.0-M8-SNAPSHOT/maven-metadata.xml
[INFO] Tests are skipped.
[INFO] 
[INFO] --- maven-bundle-plugin:4.1.0:bundle (default-bundle) @ org.apache.karaf.jaas.boot ---
[INFO] ------------------------------------------------------------------------
[INFO] Reactor Summary for Apache Karaf 4.2.3:
[INFO] 
[INFO] Apache Karaf ....................................... SUCCESS [  0.509 s]
[INFO] Apache Karaf :: JAAS ............................... SUCCESS [  0.029 s]
[INFO] Apache Karaf :: JAAS :: Boot ....................... FAILURE [  3.785 s]
[INFO] Apache Karaf :: Util ............................... SKIPPED
[INFO] Apache Karaf :: Main ............................... SKIPPED
[INFO] Apache Karaf :: Features ........................... SKIPPED
[INFO] Apache Karaf :: Features :: Extension .............. SKIPPED
[INFO] Apache Karaf :: Service ............................ SKIPPED
[INFO] Apache Karaf :: Service :: Guard ................... SKIPPED
[INFO] Apache Karaf :: Shell .............................. SKIPPED
[INFO] Apache Karaf :: Shell :: Core ...................... SKIPPED
[INFO] Apache Karaf :: Tooling ............................ SKIPPED
[INFO] Apache Karaf :: Tooling :: Maven Karaf Plugin for Services Metadata SKIPPED
[INFO] Apache Karaf :: Features :: Core ................... SKIPPED
[INFO] Apache Karaf :: Features :: Command ................ SKIPPED
[INFO] Apache Karaf :: KAR :: Core ........................ SKIPPED
[INFO] Apache Karaf :: JAAS :: Config ..................... SKIPPED
[INFO] Apache Karaf :: JAAS :: Modules .................... SKIPPED
[INFO] Apache Karaf :: Bundle ............................. SKIPPED
[INFO] Apache Karaf :: Bundle :: Core ..................... SKIPPED
[INFO] Apache Karaf :: Bundle :: BlueprintStateService .... SKIPPED
[INFO] Apache Karaf :: Bundle :: SpringStateService ....... SKIPPED
[INFO] Apache Karaf :: ConfigAdmin :: Core ................ SKIPPED
[INFO] Apache Karaf :: Tooling :: Utils ................... SKIPPED
[INFO] Apache Karaf :: Deployer ........................... SKIPPED
[INFO] Apache Karaf :: Deployer :: Blueprint .............. SKIPPED
[INFO] Apache Karaf :: Deployer :: Spring ................. SKIPPED
[INFO] Apache Karaf :: Profile :: Core .................... SKIPPED
[INFO] Apache Karaf :: Instance :: Core ................... SKIPPED
[INFO] Apache Karaf :: Package :: Core .................... SKIPPED
[INFO] Apache Karaf :: HTTP :: Core ....................... SKIPPED
[INFO] Apache Karaf :: Service :: Core .................... SKIPPED
[INFO] Apache Karaf :: Log :: Core ........................ SKIPPED
[INFO] Apache Karaf :: Deployer :: Features ............... SKIPPED
[INFO] Apache Karaf :: Deployer :: Karaf Archive (.kar) ... SKIPPED
[INFO] Apache Karaf :: Deployer :: Wrap Non OSGi Jar ...... SKIPPED
[INFO] Apache Karaf :: Shell :: Various Commands .......... SKIPPED
[INFO] Apache Karaf :: Shell :: Console ................... SKIPPED
[INFO] Apache Karaf :: Shell :: Table ..................... SKIPPED
[INFO] Apache Karaf :: Shell :: SSH ....................... SKIPPED
[INFO] Apache Karaf :: JAAS :: Jasypt Encryption .......... SKIPPED
[INFO] Apache Karaf :: JAAS :: Command .................... SKIPPED
[INFO] Apache Karaf :: JAAS :: Blueprint .................. SKIPPED
[INFO] Apache Karaf :: JAAS :: Blueprint :: Config ........ SKIPPED
[INFO] Apache Karaf :: JAAS :: Blueprint :: Jasypt ........ SKIPPED
[INFO] Apache Karaf :: Client ............................. SKIPPED
[INFO] Apache Karaf :: Management ......................... SKIPPED
[INFO] Apache Karaf :: Management ......................... SKIPPED
[INFO] Apache Karaf :: System :: Core ..................... SKIPPED
[INFO] Apache Karaf :: Web :: Core ........................ SKIPPED
[INFO] Apache Karaf :: Wrapper :: Core .................... SKIPPED
[INFO] Apache Karaf :: Web Console ........................ SKIPPED
[INFO] Apache Karaf :: Web Console :: Console ............. SKIPPED
[INFO] Apache Karaf :: Web Console :: Features Plugin ..... SKIPPED
[INFO] Apache Karaf :: Web Console :: Gogo Plugin ......... SKIPPED
[INFO] Apache Karaf :: Web Console :: HTTP Plugin ......... SKIPPED
[INFO] Apache Karaf :: Web Console :: Instance Plugin ..... SKIPPED
[INFO] Apache Karaf :: Scheduler :: Core .................. SKIPPED
[INFO] Apache Karaf :: Declarative Services (DS) .......... SKIPPED
[INFO] Apache Karaf :: SCR :: Management MBeans ........... SKIPPED
[INFO] Apache Karaf :: SCR :: Bundle State ................ SKIPPED
[INFO] Apache Karaf :: SCR :: Examples .................... SKIPPED
[INFO] Apache Karaf :: SCR :: Examples :: Basic Service ... SKIPPED
[INFO] Apache Karaf :: SCR :: Examples :: Managed Services  SKIPPED
[INFO] Apache Karaf :: SCR :: Examples :: Component Factories SKIPPED
[INFO] Apache Karaf :: Diagnostic ......................... SKIPPED
[INFO] Apache Karaf :: Diagnostic :: Boot ................. SKIPPED
[INFO] Apache Karaf :: Diagnostic :: Core ................. SKIPPED
[INFO] Apache Karaf :: OBR :: Core ........................ SKIPPED
[INFO] Apache Karaf :: Docker :: Core ..................... SKIPPED
[INFO] Apache Karaf :: JNDI :: Core ....................... SKIPPED
[INFO] Apache Karaf :: JDBC :: Core ....................... SKIPPED
[INFO] Apache Karaf :: JMS :: Core ........................ SKIPPED
[INFO] Apache Karaf :: JPA :: Parent ...................... SKIPPED
[INFO] Apache Karaf :: JPA :: Hibernate ................... SKIPPED
[INFO] Apache Karaf :: Maven :: Core ...................... SKIPPED
[INFO] Apache Karaf :: Maven .............................. SKIPPED
[INFO] Apache Karaf :: OSGi Services :: Coordinator ....... SKIPPED
[INFO] Apache Karaf :: OSGi Services :: EventAdmin ........ SKIPPED
[INFO] Apache Karaf :: OSGi Services :: Static ConfigAdmin  SKIPPED
[INFO] Apache Karaf :: OSGi Services ...................... SKIPPED
[INFO] Apache Karaf :: Audit :: Core ...................... SKIPPED
[INFO] Apache Karaf :: Subsystem :: Core .................. SKIPPED
[INFO] Apache Karaf :: OSGi Services :: Event ............. SKIPPED
[INFO] Apache Karaf :: Tooling :: Maven Karaf Plugin ...... SKIPPED
[INFO] Apache Karaf :: Manual ............................. SKIPPED
[INFO] Apache Karaf :: Specs .............................. SKIPPED
[INFO] Apache Karaf :: Specs :: Locator ................... SKIPPED
[INFO] Apache Karaf :: Specs :: Activator ................. SKIPPED
[INFO] Apache Karaf :: Specs :: Java Xml .................. SKIPPED
[INFO] Apache Karaf :: Specs :: Java Xml WS ............... SKIPPED
[INFO] Apache Karaf :: Assemblies ......................... SKIPPED
[INFO] Apache Karaf :: Assemblies :: Features ............. SKIPPED
[INFO] Apache Karaf :: Assemblies :: Features :: Base ..... SKIPPED
[INFO] Apache Karaf :: Assemblies :: Features :: Framework  SKIPPED
[INFO] Apache Karaf :: Assemblies :: Features :: Static ... SKIPPED
[INFO] Apache Karaf :: Assemblies :: Features :: Standard . SKIPPED
[INFO] Apache Karaf :: Assemblies :: Features :: Spring ... SKIPPED
[INFO] Apache Karaf :: Assemblies :: Features :: Spring Legacy SKIPPED
[INFO] Apache Karaf :: Assemblies :: Features :: Enterprise SKIPPED
[INFO] Apache Karaf :: Assemblies :: Features :: Enterprise Legacy SKIPPED
[INFO] Apache Karaf :: Assemblies :: Minimal Distribution . SKIPPED
[INFO] Apache Karaf :: Assemblies :: Default Distribution . SKIPPED
[INFO] Apache Karaf :: Examples ........................... SKIPPED
[INFO] Apache Karaf :: Examples :: Blueprint .............. SKIPPED
[INFO] Apache Karaf :: Examples :: Blueprint :: Common .... SKIPPED
[INFO] Apache Karaf :: Examples :: Blueprint :: Provider .. SKIPPED
[INFO] Apache Karaf :: Examples :: Blueprint :: Client .... SKIPPED
[INFO] Apache Karaf :: Examples :: Blueprint :: Features .. SKIPPED
[INFO] Apache Karaf :: Examples :: Branding ............... SKIPPED
[INFO] Apache Karaf :: Examples :: Bundle ................. SKIPPED
[INFO] Apache Karaf :: Examples :: Bundle :: Common ....... SKIPPED
[INFO] Apache Karaf :: Examples :: Bundle :: Provider ..... SKIPPED
[INFO] Apache Karaf :: Examples :: Bundle :: Client ....... SKIPPED
[INFO] Apache Karaf :: Examples :: Bundle :: Features ..... SKIPPED
[INFO] Apache Karaf :: Examples :: Camel .................. SKIPPED
[INFO] Apache Karaf :: Examples :: Camel :: Java DSL ...... SKIPPED
[INFO] Apache Karaf :: Examples :: Camel :: Blueprint DSL . SKIPPED
[INFO] Apache Karaf :: Examples :: Camel :: Features ...... SKIPPED
[INFO] Apache Karaf :: Examples :: Shell Command .......... SKIPPED
[INFO] Apache Karaf :: Examples :: Shell Command :: API ... SKIPPED
[INFO] Apache Karaf :: Examples :: Shell Command :: Service Provider SKIPPED
[INFO] Apache Karaf :: Examples :: Shell Command :: Command SKIPPED
[INFO] Apache Karaf :: Examples :: Shell Command :: Features SKIPPED
[INFO] Apache Karaf :: Examples :: Configuration .......... SKIPPED
[INFO] Apache Karaf :: Examples :: Configuration :: Static  SKIPPED
[INFO] Apache Karaf :: Examples :: Configuration :: Managed SKIPPED
[INFO] Apache Karaf :: Examples :: Configuration :: Managed Factory SKIPPED
[INFO] Apache Karaf :: Examples :: Configuration :: Listener SKIPPED
[INFO] Apache Karaf :: Examples :: Configuration :: Blueprint SKIPPED
[INFO] Apache Karaf :: Examples :: Configuration :: SCR ... SKIPPED
[INFO] Apache Karaf :: Examples :: Configuration :: Features SKIPPED
[INFO] Apache Karaf :: Examples :: Deployer ............... SKIPPED
[INFO] Apache Karaf :: Examples :: Dump ................... SKIPPED
[INFO] Apache Karaf :: Examples :: HTTP Resource .......... SKIPPED
[INFO] Apache Karaf :: Examples :: HTTP Resource :: Whiteboard SKIPPED
[INFO] Apache Karaf :: Examples :: HTTP Resource :: Features SKIPPED
[INFO] Apache Karaf :: Examples :: Log Appender ........... SKIPPED
[INFO] Apache Karaf :: Examples :: Log Appender :: Core ... SKIPPED
[INFO] Apache Karaf :: Examples :: Log Appender :: Features SKIPPED
[INFO] Apache Karaf :: Examples :: JDBC ................... SKIPPED
[INFO] Apache Karaf :: Examples :: JDBC :: API ............ SKIPPED
[INFO] Apache Karaf :: Examples :: JDBC :: Service Provider SKIPPED
[INFO] Apache Karaf :: Examples :: JDBC :: Command ........ SKIPPED
[INFO] Apache Karaf :: Examples :: JDBC :: Features ....... SKIPPED
[INFO] Apache Karaf :: Examples :: JMS .................... SKIPPED
[INFO] Apache Karaf :: Examples :: JMS :: Command ......... SKIPPED
[INFO] Apache Karaf :: Examples :: JMS :: Features ........ SKIPPED
[INFO] Apache Karaf :: Examples :: JPA .................... SKIPPED
[INFO] Apache Karaf :: Examples :: JPA :: Provider ........ SKIPPED
[INFO] Apache Karaf :: Examples :: JPA :: Provider :: API . SKIPPED
[INFO] Apache Karaf :: Examples :: JPA :: Provider :: Declarative Service SKIPPED
[INFO] Apache Karaf :: Examples :: JPA :: Provider :: Declarative Service :: EclipseLink SKIPPED
[INFO] Apache Karaf :: Examples :: JPA :: Provider :: Declarative Service :: Hibernate SKIPPED
[INFO] Apache Karaf :: Examples :: JPA :: Provider :: Declarative Service :: OpenJPA SKIPPED
[INFO] Apache Karaf :: Examples :: JPA :: Provider :: Blueprint SKIPPED
[INFO] Apache Karaf :: Examples :: JPA :: Provider :: Blueprint :: EclipseLink SKIPPED
[INFO] Apache Karaf :: Examples :: JPA :: Provider :: Blueprint :: Hibernate SKIPPED
[INFO] Apache Karaf :: Examples :: JPA :: Provider :: Blueprint :: OpenJPA SKIPPED
[INFO] Apache Karaf :: Examples :: JPA :: Command ......... SKIPPED
[INFO] Apache Karaf :: Examples :: JPA :: Features ........ SKIPPED
[INFO] Apache Karaf :: Integration Tests .................. SKIPPED
[INFO] Apache Karaf :: Integration Tests :: Common ........ SKIPPED
[INFO] Apache Karaf :: Examples :: Integration Tests ...... SKIPPED
[INFO] Apache Karaf :: Examples :: Maven .................. SKIPPED
[INFO] Apache Karaf :: Examples :: Maven :: Run ........... SKIPPED
[INFO] Apache Karaf :: Examples :: Maven :: Run Bundle .... SKIPPED
[INFO] Apache Karaf :: Examples :: MBean .................. SKIPPED
[INFO] Apache Karaf :: Examples :: MBean :: API ........... SKIPPED
[INFO] Apache Karaf :: Examples :: MBean :: Service Provider SKIPPED
[INFO] Apache Karaf :: Examples :: MBean :: Simple ........ SKIPPED
[INFO] Apache Karaf :: Examples :: MBean :: Blueprint ..... SKIPPED
[INFO] Apache Karaf :: Examples :: MBean :: SCR ........... SKIPPED
[INFO] Apache Karaf :: Examples :: MBean :: Features ...... SKIPPED
[INFO] Apache Karaf :: Examples :: Profile ................ SKIPPED
[INFO] Apache Karaf :: Examples :: Profile :: Registry .... SKIPPED
[INFO] Apache Karaf :: Examples :: Profile :: Dynamic Assembly SKIPPED
[INFO] Apache Karaf :: Examples :: Profile :: Static Assembly SKIPPED
[INFO] Apache Karaf :: Examples :: URL Namespace Handler .. SKIPPED
[INFO] Apache Karaf :: Examples :: URL Namespace Handler :: Core SKIPPED
[INFO] Apache Karaf :: Examples :: URL Namespace Handler :: Features SKIPPED
[INFO] Apache Karaf :: Examples :: REST ................... SKIPPED
[INFO] Apache Karaf :: Examples :: REST :: API ............ SKIPPED
[INFO] Apache Karaf :: Examples :: REST :: Provider ....... SKIPPED
[INFO] Apache Karaf :: Examples :: REST :: Client ......... SKIPPED
[INFO] Apache Karaf :: Examples :: REST :: Client :: Apache CXF SKIPPED
[INFO] Apache Karaf :: Examples :: REST :: Client :: Java HTTP SKIPPED
[INFO] Apache Karaf :: Examples :: REST :: Features ....... SKIPPED
[INFO] Apache Karaf :: Examples :: REST :: Whiteboard ..... SKIPPED
[INFO] Apache Karaf :: Examples :: Servlet ................ SKIPPED
[INFO] Apache Karaf :: Examples :: Servlet :: Annotation .. SKIPPED
[INFO] Apache Karaf :: Examples :: Servlet :: Registration  SKIPPED
[INFO] Apache Karaf :: Examples :: Servlet :: Blueprint ... SKIPPED
[INFO] Apache Karaf :: Examples :: Servlet :: SCR ......... SKIPPED
[INFO] Apache Karaf :: Examples :: Servlet :: Features .... SKIPPED
[INFO] Apache Karaf :: Examples :: Scheduler .............. SKIPPED
[INFO] Apache Karaf :: Examples :: Scheduler :: Runnable .. SKIPPED
[INFO] Apache Karaf :: Examples :: Scheduler :: Features .. SKIPPED
[INFO] Apache Karaf :: Examples :: SCR .................... SKIPPED
[INFO] Apache Karaf :: Examples :: SCR :: API ............. SKIPPED
[INFO] Apache Karaf :: Examples :: SCR :: Service Provider  SKIPPED
[INFO] Apache Karaf :: Examples :: SCR :: Client .......... SKIPPED
[INFO] Apache Karaf :: Examples :: SCR :: Features ........ SKIPPED
[INFO] Apache Karaf :: Examples :: SOAP ................... SKIPPED
[INFO] Apache Karaf :: Examples :: SOAP :: API ............ SKIPPED
[INFO] Apache Karaf :: Examples :: SOAP :: Provider ....... SKIPPED
[INFO] Apache Karaf :: Examples :: SOAP :: Client ......... SKIPPED
[INFO] Apache Karaf :: Examples :: SOAP :: Features ....... SKIPPED
[INFO] Apache Karaf :: Examples :: Websocket .............. SKIPPED
[INFO] Apache Karaf :: Examples :: WAR .................... SKIPPED
[INFO] Apache Karaf :: Examples :: WAR :: WebApp .......... SKIPPED
[INFO] Apache Karaf :: Examples :: WAR :: Features ........ SKIPPED
[INFO] Apache Karaf :: Archetypes ......................... SKIPPED
[INFO] Apache Karaf :: Archetypes :: Assembly Archetype ... SKIPPED
[INFO] Apache Karaf :: Archetypes :: Command Archetype .... SKIPPED
[INFO] Apache Karaf :: Archetypes :: Feature Archetype .... SKIPPED
[INFO] Apache Karaf :: Archetypes :: Kar Archetype ........ SKIPPED
[INFO] Apache Karaf :: Archetypes :: Bundle Archetype ..... SKIPPED
[INFO] Apache Karaf :: Archetypes :: Blueprint Archetype .. SKIPPED
[INFO] Apache Karaf :: Integration Tests :: Tests ......... SKIPPED
[INFO] ------------------------------------------------------------------------
[INFO] BUILD FAILURE
[INFO] ------------------------------------------------------------------------
[INFO] Total time:  5.493 s
[INFO] Finished at: 2026-08-15T15:28:42-04:00
[INFO] ------------------------------------------------------------------------
[ERROR] Failed to execute goal org.apache.felix:maven-bundle-plugin:4.1.0:bundle (default-bundle) on project org.apache.karaf.jaas.boot: Execution default-bundle of goal org.apache.felix:maven-bundle-plugin:4.1.0:bundle failed. ConcurrentModificationException -> [Help 1]
[ERROR] 
[ERROR] To see the full stack trace of the errors, re-run Maven with the -e switch.
[ERROR] Re-run Maven using the -X switch to enable full debug logging.
[ERROR] 
[ERROR] For more information about the errors and possible solutions, please read the following articles:
[ERROR] [Help 1] http://cwiki.apache.org/confluence/display/MAVEN/PluginExecutionException
[ERROR] 
[ERROR] After correcting the problems, you can resume the build with the command
[ERROR]   mvn <args> -rf :org.apache.karaf.jaas.boot
