JAVA_HOME=/usr/lib/jvm/java-8-openjdk-amd64
COMMAND=mvn -B clean install -DskipTests -U -pl sharding-core/sharding-core-common -am -Ddependency-check.skip=true -Dgpg.skip=true -DfailIfNoTests=false -Dskip.installnodenpm=true -Dskip.npm=true -Dskip.yarn=true -Dlicense.skip=true -Dcheckstyle.skip=true -Drat.skip=true -Denforcer.skip=true -Danimal.sniffer.skip=true -Dmaven.javadoc.skip=true -Dfindbugs.skip=true -Dspotbugs.skip=true -Dwarbucks.skip=true -Dmodernizer.skip=true -Dimpsort.skip=true -Dmdep.analyze.skip=true -Dpgpverify.skip=true -Dxml.skip=true -Dcobertura.skip=true

OpenJDK 64-Bit Server VM warning: ignoring option MaxPermSize=256m; support was removed in 8.0
[INFO] Scanning for projects...
[INFO] Downloading from central: https://repo.maven.apache.org/maven2/org/springframework/boot/spring-boot-dependencies/1.5.21.RELEASE/spring-boot-dependencies-1.5.21.RELEASE.pom
[INFO] Downloaded from central: https://repo.maven.apache.org/maven2/org/springframework/boot/spring-boot-dependencies/1.5.21.RELEASE/spring-boot-dependencies-1.5.21.RELEASE.pom (110 kB at 286 kB/s)
[INFO] Downloading from central: https://repo.maven.apache.org/maven2/org/springframework/spring-framework-bom/4.3.24.RELEASE/spring-framework-bom-4.3.24.RELEASE.pom
[INFO] Downloaded from central: https://repo.maven.apache.org/maven2/org/springframework/spring-framework-bom/4.3.24.RELEASE/spring-framework-bom-4.3.24.RELEASE.pom (5.1 kB at 90 kB/s)
[INFO] Downloading from central: https://repo.maven.apache.org/maven2/org/springframework/data/spring-data-releasetrain/Ingalls-SR22/spring-data-releasetrain-Ingalls-SR22.pom
[INFO] Downloaded from central: https://repo.maven.apache.org/maven2/org/springframework/data/spring-data-releasetrain/Ingalls-SR22/spring-data-releasetrain-Ingalls-SR22.pom (4.6 kB at 81 kB/s)
[INFO] Downloading from central: https://repo.maven.apache.org/maven2/org/springframework/data/build/spring-data-build/1.9.22.RELEASE/spring-data-build-1.9.22.RELEASE.pom
[INFO] Downloaded from central: https://repo.maven.apache.org/maven2/org/springframework/data/build/spring-data-build/1.9.22.RELEASE/spring-data-build-1.9.22.RELEASE.pom (6.6 kB at 113 kB/s)
[INFO] Downloading from central: https://repo.maven.apache.org/maven2/org/springframework/integration/spring-integration-bom/4.3.20.RELEASE/spring-integration-bom-4.3.20.RELEASE.pom
[INFO] Downloaded from central: https://repo.maven.apache.org/maven2/org/springframework/integration/spring-integration-bom/4.3.20.RELEASE/spring-integration-bom-4.3.20.RELEASE.pom (8.5 kB at 152 kB/s)
[INFO] Downloading from central: https://repo.maven.apache.org/maven2/org/springframework/security/spring-security-bom/4.2.12.RELEASE/spring-security-bom-4.2.12.RELEASE.pom
[INFO] Downloaded from central: https://repo.maven.apache.org/maven2/org/springframework/security/spring-security-bom/4.2.12.RELEASE/spring-security-bom-4.2.12.RELEASE.pom (4.4 kB at 81 kB/s)
Warning: KebabPizza disabling incompatible org.apache.maven.plugins:maven-enforcer-plugin from shardingsphere
Warning: KebabPizza disabling incompatible org.codehaus.mojo:cobertura-maven-plugin from shardingsphere
Warning: KebabPizza disabling incompatible org.jacoco:jacoco-maven-plugin from shardingsphere
Warning: KebabPizza disabling incompatible org.apache.rat:apache-rat-plugin from shardingsphere
Warning: KebabPizza disabling incompatible org.apache.maven.plugins:maven-enforcer-plugin from sharding-core
Warning: KebabPizza disabling incompatible org.codehaus.mojo:cobertura-maven-plugin from sharding-core
Warning: KebabPizza disabling incompatible org.jacoco:jacoco-maven-plugin from sharding-core
Warning: KebabPizza disabling incompatible org.apache.rat:apache-rat-plugin from sharding-core
Warning: KebabPizza disabling incompatible org.apache.maven.plugins:maven-enforcer-plugin from sharding-core-api
Warning: KebabPizza disabling incompatible org.codehaus.mojo:cobertura-maven-plugin from sharding-core-api
Warning: KebabPizza disabling incompatible org.jacoco:jacoco-maven-plugin from sharding-core-api
Warning: KebabPizza disabling incompatible org.apache.rat:apache-rat-plugin from sharding-core-api
Warning: KebabPizza disabling incompatible org.apache.maven.plugins:maven-enforcer-plugin from sharding-core-common
Warning: KebabPizza disabling incompatible org.codehaus.mojo:cobertura-maven-plugin from sharding-core-common
Warning: KebabPizza disabling incompatible org.jacoco:jacoco-maven-plugin from sharding-core-common
Warning: KebabPizza disabling incompatible org.apache.rat:apache-rat-plugin from sharding-core-common
[INFO] ------------------------------------------------------------------------
[INFO] Detecting the operating system and CPU architecture
[INFO] ------------------------------------------------------------------------
[INFO] os.detected.name: linux
[INFO] os.detected.arch: x86_64
[INFO] os.detected.version: 6.8
[INFO] os.detected.version.major: 6
[INFO] os.detected.version.minor: 8
[INFO] os.detected.release: ubuntu
[INFO] os.detected.release.version: 22.04
[INFO] os.detected.release.like.ubuntu: true
[INFO] os.detected.release.like.debian: true
[INFO] os.detected.classifier: linux-x86_64
[INFO] ------------------------------------------------------------------------
[INFO] Reactor Build Order:
[INFO] 
[INFO] shardingsphere                                                     [pom]
[INFO] sharding-core                                                      [pom]
[INFO] sharding-core-api                                                  [jar]
[INFO] sharding-core-common                                               [jar]
[INFO] 
[INFO] --------------< org.apache.shardingsphere:shardingsphere >--------------
[INFO] Building shardingsphere 4.0.0-RC3-SNAPSHOT                         [1/4]
[INFO] --------------------------------[ pom ]---------------------------------
[INFO] Downloading from central: https://repo.maven.apache.org/maven2/ch/qos/logback/logback-classic/1.2.0/logback-classic-1.2.0.pom
[INFO] Downloaded from central: https://repo.maven.apache.org/maven2/ch/qos/logback/logback-classic/1.2.0/logback-classic-1.2.0.pom (13 kB at 237 kB/s)
[INFO] Downloading from central: https://repo.maven.apache.org/maven2/ch/qos/logback/logback-parent/1.2.0/logback-parent-1.2.0.pom
[INFO] Downloaded from central: https://repo.maven.apache.org/maven2/ch/qos/logback/logback-parent/1.2.0/logback-parent-1.2.0.pom (18 kB at 408 kB/s)
[INFO] Downloading from central: https://repo.maven.apache.org/maven2/ch/qos/logback/logback-core/1.2.0/logback-core-1.2.0.pom
[INFO] Downloaded from central: https://repo.maven.apache.org/maven2/ch/qos/logback/logback-core/1.2.0/logback-core-1.2.0.pom (4.4 kB at 89 kB/s)
[INFO] 
[INFO] --- maven-clean-plugin:3.1.0:clean (default-clean) @ shardingsphere ---
[INFO] 
[INFO] --- maven-remote-resources-plugin:1.5:process (process-resource-bundles) @ shardingsphere ---
[INFO] 
[INFO] --- maven-javadoc-plugin:2.10.3:jar (attach-javadocs) @ shardingsphere ---
[INFO] Skipping javadoc generation
[INFO] 
[INFO] --- maven-site-plugin:3.4:attach-descriptor (attach-descriptor) @ shardingsphere ---
[INFO] 
[INFO] --- maven-source-plugin:2.4:jar-no-fork (attach-sources) @ shardingsphere ---
[INFO] 
[INFO] --- maven-install-plugin:2.5.2:install (default-install) @ shardingsphere ---
[INFO] Installing /home/srafi/after-cam-ready/compare_/compile_repair_output/work/5329b9395ff8/pom.xml to /home/srafi/.m2/repository/org/apache/shardingsphere/shardingsphere/4.0.0-RC3-SNAPSHOT/shardingsphere-4.0.0-RC3-SNAPSHOT.pom
[INFO] 
[INFO] --------------< org.apache.shardingsphere:sharding-core >---------------
[INFO] Building sharding-core 4.0.0-RC3-SNAPSHOT                          [2/4]
[INFO] --------------------------------[ pom ]---------------------------------
[INFO] 
[INFO] --- maven-clean-plugin:3.1.0:clean (default-clean) @ sharding-core ---
[INFO] 
[INFO] --- maven-remote-resources-plugin:1.5:process (process-resource-bundles) @ sharding-core ---
[INFO] 
[INFO] --- maven-javadoc-plugin:2.10.3:jar (attach-javadocs) @ sharding-core ---
[INFO] Skipping javadoc generation
[INFO] 
[INFO] --- maven-site-plugin:3.4:attach-descriptor (attach-descriptor) @ sharding-core ---
[INFO] 
[INFO] --- maven-source-plugin:2.4:jar-no-fork (attach-sources) @ sharding-core ---
[INFO] 
[INFO] --- maven-install-plugin:2.5.2:install (default-install) @ sharding-core ---
[INFO] Installing /home/srafi/after-cam-ready/compare_/compile_repair_output/work/5329b9395ff8/sharding-core/pom.xml to /home/srafi/.m2/repository/org/apache/shardingsphere/sharding-core/4.0.0-RC3-SNAPSHOT/sharding-core-4.0.0-RC3-SNAPSHOT.pom
[INFO] 
[INFO] ------------< org.apache.shardingsphere:sharding-core-api >-------------
[INFO] Building sharding-core-api 4.0.0-RC3-SNAPSHOT                      [3/4]
[INFO] --------------------------------[ jar ]---------------------------------
[INFO] Downloading from central: https://repo.maven.apache.org/maven2/ch/qos/logback/logback-classic/1.2.0/logback-classic-1.2.0.jar
[INFO] Downloading from central: https://repo.maven.apache.org/maven2/ch/qos/logback/logback-core/1.2.0/logback-core-1.2.0.jar
[INFO] Downloaded from central: https://repo.maven.apache.org/maven2/ch/qos/logback/logback-classic/1.2.0/logback-classic-1.2.0.jar (310 kB at 5.3 MB/s)
[INFO] Downloaded from central: https://repo.maven.apache.org/maven2/ch/qos/logback/logback-core/1.2.0/logback-core-1.2.0.jar (473 kB at 3.5 MB/s)
[INFO] 
[INFO] --- maven-clean-plugin:3.1.0:clean (default-clean) @ sharding-core-api ---
[INFO] 
[INFO] --- maven-remote-resources-plugin:1.5:process (process-resource-bundles) @ sharding-core-api ---
[INFO] 
[INFO] --- maven-resources-plugin:2.7:resources (default-resources) @ sharding-core-api ---
[INFO] Using 'UTF-8' encoding to copy filtered resources.
[INFO] skip non existing resourceDirectory /home/srafi/after-cam-ready/compare_/compile_repair_output/work/5329b9395ff8/sharding-core/sharding-core-api/src/main/resources
[INFO] Copying 3 resources
[INFO] 
[INFO] --- maven-compiler-plugin:3.3:compile (default-compile) @ sharding-core-api ---
[INFO] Changes detected - recompiling the module!
[INFO] Compiling 38 source files to /home/srafi/after-cam-ready/compare_/compile_repair_output/work/5329b9395ff8/sharding-core/sharding-core-api/target/classes
[INFO] 
[INFO] --- maven-resources-plugin:2.7:testResources (default-testResources) @ sharding-core-api ---
[INFO] Using 'UTF-8' encoding to copy filtered resources.
[INFO] skip non existing resourceDirectory /home/srafi/after-cam-ready/compare_/compile_repair_output/work/5329b9395ff8/sharding-core/sharding-core-api/src/test/resources
[INFO] Copying 3 resources
[INFO] 
[INFO] --- maven-compiler-plugin:3.3:testCompile (default-testCompile) @ sharding-core-api ---
[INFO] Changes detected - recompiling the module!
[INFO] Compiling 9 source files to /home/srafi/after-cam-ready/compare_/compile_repair_output/work/5329b9395ff8/sharding-core/sharding-core-api/target/test-classes
[INFO] 
[INFO] --- maven-surefire-plugin:3.0.0-M8-SNAPSHOT:test (default-test) @ sharding-core-api ---
[INFO] Downloading from apache.snapshots: https://repository.apache.org/snapshots/org/apache/maven/surefire/maven-surefire-common/3.0.0-M8-SNAPSHOT/maven-metadata.xml
[INFO] Downloading from apache.snapshots: https://repository.apache.org/snapshots/org/apache/maven/surefire/surefire-api/3.0.0-M8-SNAPSHOT/maven-metadata.xml
[INFO] Downloading from apache.snapshots: https://repository.apache.org/snapshots/org/apache/maven/surefire/surefire-logger-api/3.0.0-M8-SNAPSHOT/maven-metadata.xml
[INFO] Downloading from apache.snapshots: https://repository.apache.org/snapshots/org/apache/maven/surefire/surefire-shared-utils/3.0.0-M8-SNAPSHOT/maven-metadata.xml
[INFO] Downloading from apache.snapshots: https://repository.apache.org/snapshots/org/apache/maven/surefire/surefire-extensions-api/3.0.0-M8-SNAPSHOT/maven-metadata.xml
[INFO] Downloading from apache.snapshots: https://repository.apache.org/snapshots/org/apache/maven/surefire/surefire-booter/3.0.0-M8-SNAPSHOT/maven-metadata.xml
[INFO] Downloading from apache.snapshots: https://repository.apache.org/snapshots/org/apache/maven/surefire/surefire-extensions-spi/3.0.0-M8-SNAPSHOT/maven-metadata.xml
[INFO] Tests are skipped.
[INFO] 
[INFO] --- maven-jar-plugin:2.6:jar (default-jar) @ sharding-core-api ---
[INFO] Building jar: /home/srafi/after-cam-ready/compare_/compile_repair_output/work/5329b9395ff8/sharding-core/sharding-core-api/target/apache-shardingsphere-incubating-4.0.0-RC3-SNAPSHOT.jar
[INFO] 
[INFO] --- maven-javadoc-plugin:2.10.3:jar (attach-javadocs) @ sharding-core-api ---
[INFO] Skipping javadoc generation
[INFO] 
[INFO] --- maven-site-plugin:3.4:attach-descriptor (attach-descriptor) @ sharding-core-api ---
[INFO] 
[INFO] --- maven-source-plugin:2.4:jar-no-fork (attach-sources) @ sharding-core-api ---
[INFO] Building jar: /home/srafi/after-cam-ready/compare_/compile_repair_output/work/5329b9395ff8/sharding-core/sharding-core-api/target/apache-shardingsphere-incubating-4.0.0-RC3-SNAPSHOT-sources.jar
[INFO] 
[INFO] --- maven-install-plugin:2.5.2:install (default-install) @ sharding-core-api ---
[INFO] Installing /home/srafi/after-cam-ready/compare_/compile_repair_output/work/5329b9395ff8/sharding-core/sharding-core-api/target/apache-shardingsphere-incubating-4.0.0-RC3-SNAPSHOT.jar to /home/srafi/.m2/repository/org/apache/shardingsphere/sharding-core-api/4.0.0-RC3-SNAPSHOT/sharding-core-api-4.0.0-RC3-SNAPSHOT.jar
[INFO] Installing /home/srafi/after-cam-ready/compare_/compile_repair_output/work/5329b9395ff8/sharding-core/sharding-core-api/pom.xml to /home/srafi/.m2/repository/org/apache/shardingsphere/sharding-core-api/4.0.0-RC3-SNAPSHOT/sharding-core-api-4.0.0-RC3-SNAPSHOT.pom
[INFO] Installing /home/srafi/after-cam-ready/compare_/compile_repair_output/work/5329b9395ff8/sharding-core/sharding-core-api/target/apache-shardingsphere-incubating-4.0.0-RC3-SNAPSHOT-sources.jar to /home/srafi/.m2/repository/org/apache/shardingsphere/sharding-core-api/4.0.0-RC3-SNAPSHOT/sharding-core-api-4.0.0-RC3-SNAPSHOT-sources.jar
[INFO] 
[INFO] -----------< org.apache.shardingsphere:sharding-core-common >-----------
[INFO] Building sharding-core-common 4.0.0-RC3-SNAPSHOT                   [4/4]
[INFO] --------------------------------[ jar ]---------------------------------
[INFO] Downloading from central: https://repo.maven.apache.org/maven2/org/codehaus/groovy/groovy/2.4.5/groovy-2.4.5.pom
[INFO] Downloaded from central: https://repo.maven.apache.org/maven2/org/codehaus/groovy/groovy/2.4.5/groovy-2.4.5.pom (17 kB at 282 kB/s)
[INFO] Downloading from central: https://repo.maven.apache.org/maven2/com/zaxxer/HikariCP-java7/2.4.11/HikariCP-java7-2.4.11.pom
[INFO] Downloaded from central: https://repo.maven.apache.org/maven2/com/zaxxer/HikariCP-java7/2.4.11/HikariCP-java7-2.4.11.pom (18 kB at 319 kB/s)
[INFO] Downloading from central: https://repo.maven.apache.org/maven2/org/codehaus/groovy/groovy/2.4.5/groovy-2.4.5-indy.jar
[INFO] Downloading from central: https://repo.maven.apache.org/maven2/com/zaxxer/HikariCP-java7/2.4.11/HikariCP-java7-2.4.11.jar
[INFO] Downloaded from central: https://repo.maven.apache.org/maven2/com/zaxxer/HikariCP-java7/2.4.11/HikariCP-java7-2.4.11.jar (133 kB at 2.3 MB/s)
[INFO] Downloaded from central: https://repo.maven.apache.org/maven2/org/codehaus/groovy/groovy/2.4.5/groovy-2.4.5-indy.jar (4.5 MB at 32 MB/s)
[INFO] 
[INFO] --- maven-clean-plugin:3.1.0:clean (default-clean) @ sharding-core-common ---
[INFO] 
[INFO] --- maven-remote-resources-plugin:1.5:process (process-resource-bundles) @ sharding-core-common ---
[INFO] 
[INFO] --- maven-resources-plugin:2.7:resources (default-resources) @ sharding-core-common ---
[INFO] Using 'UTF-8' encoding to copy filtered resources.
[INFO] Copying 4 resources
[INFO] Copying 3 resources
[INFO] 
[INFO] --- maven-compiler-plugin:3.3:compile (default-compile) @ sharding-core-common ---
[INFO] Changes detected - recompiling the module!
[INFO] Compiling 104 source files to /home/srafi/after-cam-ready/compare_/compile_repair_output/work/5329b9395ff8/sharding-core/sharding-core-common/target/classes
[INFO] 
[INFO] --- maven-resources-plugin:2.7:testResources (default-testResources) @ sharding-core-common ---
[INFO] Using 'UTF-8' encoding to copy filtered resources.
[INFO] Copying 6 resources
[INFO] Copying 3 resources
[INFO] 
[INFO] --- maven-compiler-plugin:3.3:testCompile (default-testCompile) @ sharding-core-common ---
[INFO] Changes detected - recompiling the module!
[INFO] Compiling 60 source files to /home/srafi/after-cam-ready/compare_/compile_repair_output/work/5329b9395ff8/sharding-core/sharding-core-common/target/test-classes
[INFO] 
[INFO] --- maven-surefire-plugin:3.0.0-M8-SNAPSHOT:test (default-test) @ sharding-core-common ---
[INFO] Tests are skipped.
[INFO] 
[INFO] --- maven-jar-plugin:2.6:jar (default-jar) @ sharding-core-common ---
[INFO] Building jar: /home/srafi/after-cam-ready/compare_/compile_repair_output/work/5329b9395ff8/sharding-core/sharding-core-common/target/apache-shardingsphere-incubating-4.0.0-RC3-SNAPSHOT.jar
[INFO] 
[INFO] --- maven-javadoc-plugin:2.10.3:jar (attach-javadocs) @ sharding-core-common ---
[INFO] Skipping javadoc generation
[INFO] 
[INFO] --- maven-site-plugin:3.4:attach-descriptor (attach-descriptor) @ sharding-core-common ---
[INFO] 
[INFO] --- maven-source-plugin:2.4:jar-no-fork (attach-sources) @ sharding-core-common ---
[INFO] Building jar: /home/srafi/after-cam-ready/compare_/compile_repair_output/work/5329b9395ff8/sharding-core/sharding-core-common/target/apache-shardingsphere-incubating-4.0.0-RC3-SNAPSHOT-sources.jar
[INFO] 
[INFO] --- maven-install-plugin:2.5.2:install (default-install) @ sharding-core-common ---
[INFO] Installing /home/srafi/after-cam-ready/compare_/compile_repair_output/work/5329b9395ff8/sharding-core/sharding-core-common/target/apache-shardingsphere-incubating-4.0.0-RC3-SNAPSHOT.jar to /home/srafi/.m2/repository/org/apache/shardingsphere/sharding-core-common/4.0.0-RC3-SNAPSHOT/sharding-core-common-4.0.0-RC3-SNAPSHOT.jar
[INFO] Installing /home/srafi/after-cam-ready/compare_/compile_repair_output/work/5329b9395ff8/sharding-core/sharding-core-common/pom.xml to /home/srafi/.m2/repository/org/apache/shardingsphere/sharding-core-common/4.0.0-RC3-SNAPSHOT/sharding-core-common-4.0.0-RC3-SNAPSHOT.pom
[INFO] Installing /home/srafi/after-cam-ready/compare_/compile_repair_output/work/5329b9395ff8/sharding-core/sharding-core-common/target/apache-shardingsphere-incubating-4.0.0-RC3-SNAPSHOT-sources.jar to /home/srafi/.m2/repository/org/apache/shardingsphere/sharding-core-common/4.0.0-RC3-SNAPSHOT/sharding-core-common-4.0.0-RC3-SNAPSHOT-sources.jar
[INFO] ------------------------------------------------------------------------
[INFO] Reactor Summary for shardingsphere 4.0.0-RC3-SNAPSHOT:
[INFO] 
[INFO] shardingsphere ..................................... SUCCESS [  0.973 s]
[INFO] sharding-core ...................................... SUCCESS [  0.048 s]
[INFO] sharding-core-api .................................. SUCCESS [  3.690 s]
[INFO] sharding-core-common ............................... SUCCESS [  1.431 s]
[INFO] ------------------------------------------------------------------------
[INFO] BUILD SUCCESS
[INFO] ------------------------------------------------------------------------
[INFO] Total time:  7.342 s
[INFO] Finished at: 2026-08-15T15:21:10-04:00
[INFO] ------------------------------------------------------------------------
