I0314 19:33:46.888245 49958 slave.cpp:1480] Launching task 2d338dad-d913-48f1-8ad5-82fb66715b44 for framework dbfcd71c-47c4-4b7a-bdff-6335751ecebe-0000
I0314 19:33:46.888312 49958 resources.cpp:572] Parsing resources as JSON failed: cpus:0.1;mem:32
Trying semicolon-delimited string format instead
I0314 19:33:46.888664 49958 paths.cpp:528] Trying to chown '/tmp/MemoryPressureMesosTest_CGROUPS_ROOT_Statistics_rUXQlo/slaves/dbfcd71c-47c4-4b7a-bdff-6335751ecebe-S0/frameworks/dbfcd71c-47c4-4b7a-bdff-6335751ecebe-0000/executors/2d338dad-d913-48f1-8ad5-82fb66715b44/runs/c31eb40d-4df7-49d8-be9f-5173ef1410f6' to user 'root'
I0314 19:33:46.891252 49958 slave.cpp:5367] Launching executor 2d338dad-d913-48f1-8ad5-82fb66715b44 of framework dbfcd71c-47c4-4b7a-bdff-6335751ecebe-0000 with resources cpus(*):0.1; mem(*):32 in work directory '/tmp/MemoryPressureMesosTest_CGROUPS_ROOT_Statistics_rUXQlo/slaves/dbfcd71c-47c4-4b7a-bdff-6335751ecebe-S0/frameworks/dbfcd71c-47c4-4b7a-bdff-6335751ecebe-0000/executors/2d338dad-d913-48f1-8ad5-82fb66715b44/runs/c31eb40d-4df7-49d8-be9f-5173ef1410f6'
I0314 19:33:46.891402 49956 process.cpp:2494] Resuming files@172.31.14.224:50909 at 2016-03-14 19:33:46.891373056+00:00
I0314 19:33:46.891535 49957 process.cpp:2494] Resuming (5478)@172.31.14.224:50909 at 2016-03-14 19:33:46.891504896+00:00
I0314 19:33:46.891616 49958 slave.cpp:1698] Queuing task '2d338dad-d913-48f1-8ad5-82fb66715b44' for executor '2d338dad-d913-48f1-8ad5-82fb66715b44' of framework dbfcd71c-47c4-4b7a-bdff-6335751ecebe-0000
I0314 19:33:46.891620 49957 containerizer.cpp:666] Starting container 'c31eb40d-4df7-49d8-be9f-5173ef1410f6' for executor '2d338dad-d913-48f1-8ad5-82fb66715b44' of framework 'dbfcd71c-47c4-4b7a-bdff-6335751ecebe-0000'
I0314 19:33:46.891721 49958 slave.cpp:749] Successfully attached file '/tmp/MemoryPressureMesosTest_CGROUPS_ROOT_Statistics_rUXQlo/slaves/dbfcd71c-47c4-4b7a-bdff-6335751ecebe-S0/frameworks/dbfcd71c-47c4-4b7a-bdff-6335751ecebe-0000/executors/2d338dad-d913-48f1-8ad5-82fb66715b44/runs/c31eb40d-4df7-49d8-be9f-5173ef1410f6'
I0314 19:33:46.891754 49957 process.cpp:2484] Spawned process (5488)@172.31.14.224:50909
I0314 19:33:46.891773 49955 process.cpp:2494] Resuming (5488)@172.31.14.224:50909 at 2016-03-14 19:33:46.891744000+00:00
I0314 19:33:46.892262 49958 process.cpp:2494] Resuming (5477)@172.31.14.224:50909 at 2016-03-14 19:33:46.892254976+00:00
I0314 19:33:46.892719 49951 process.cpp:2494] Resuming (5476)@172.31.14.224:50909 at 2016-03-14 19:33:46.892701952+00:00
I0314 19:33:46.900365 49951 process.cpp:2484] Spawned process (5489)@172.31.14.224:50909
I0314 19:33:46.900388 49949 process.cpp:2494] Resuming __gc__@172.31.14.224:50909 at 2016-03-14 19:33:46.900370944+00:00
I0314 19:33:46.900394 49956 process.cpp:2494] Resuming (5489)@172.31.14.224:50909 at 2016-03-14 19:33:46.900385024+00:00
I0314 19:33:46.900454 49951 mem.cpp:602] Started listening for OOM events for container c31eb40d-4df7-49d8-be9f-5173ef1410f6
I0314 19:33:46.901129 49951 process.cpp:2484] Spawned process (5490)@172.31.14.224:50909
I0314 19:33:46.901160 49962 process.cpp:2494] Resuming (5490)@172.31.14.224:50909 at 2016-03-14 19:33:46.901135872+00:00
I0314 19:33:46.901166 49951 mem.cpp:722] Started listening on low memory pressure events for container c31eb40d-4df7-49d8-be9f-5173ef1410f6
I0314 19:33:46.901224 49962 process.cpp:2484] Spawned process (5491)@172.31.14.224:50909
I0314 19:33:46.901262 49952 process.cpp:2494] Resuming (5491)@172.31.14.224:50909 at 2016-03-14 19:33:46.901242880+00:00
I0314 19:33:46.901842 49951 process.cpp:2484] Spawned process (5492)@172.31.14.224:50909
I0314 19:33:46.901864 49961 process.cpp:2494] Resuming (5492)@172.31.14.224:50909 at 2016-03-14 19:33:46.901850112+00:00
I0314 19:33:46.901887 49951 mem.cpp:722] Started listening on medium memory pressure events for container c31eb40d-4df7-49d8-be9f-5173ef1410f6
I0314 19:33:46.901933 49961 process.cpp:2484] Spawned process (5493)@172.31.14.224:50909
I0314 19:33:46.901950 49959 process.cpp:2494] Resuming (5493)@172.31.14.224:50909 at 2016-03-14 19:33:46.901934080+00:00
I0314 19:33:46.902546 49951 process.cpp:2484] Spawned process (5494)@172.31.14.224:50909
I0314 19:33:46.902570 49958 process.cpp:2494] Resuming (5494)@172.31.14.224:50909 at 2016-03-14 19:33:46.902558976+00:00
I0314 19:33:46.902585 49951 mem.cpp:722] Started listening on critical memory pressure events for container c31eb40d-4df7-49d8-be9f-5173ef1410f6
I0314 19:33:46.902628 49958 process.cpp:2484] Spawned process (5495)@172.31.14.224:50909
I0314 19:33:46.902647 49953 process.cpp:2494] Resuming (5495)@172.31.14.224:50909 at 2016-03-14 19:33:46.902626048+00:00
I0314 19:33:46.902971 49954 process.cpp:2494] Resuming slave(79)@172.31.14.224:50909 at 2016-03-14 19:33:46.902957056+00:00
I0314 19:33:46.903354 49951 mem.cpp:353] Updated 'memory.soft_limit_in_bytes' to 288MB for container c31eb40d-4df7-49d8-be9f-5173ef1410f6
I0314 19:33:46.904392 49951 mem.cpp:388] Updated 'memory.limit_in_bytes' to 288MB for container c31eb40d-4df7-49d8-be9f-5173ef1410f6
I0314 19:33:46.904639 49962 process.cpp:2494] Resuming (5478)@172.31.14.224:50909 at 2016-03-14 19:33:46.904630016+00:00
I0314 19:33:46.904953 49948 process.cpp:2494] Resuming (5466)@172.31.14.224:50909 at 2016-03-14 19:33:46.904935936+00:00
I0314 19:33:46.905225 49961 process.cpp:2494] Resuming (5478)@172.31.14.224:50909 at 2016-03-14 19:33:46.905217024+00:00
I0314 19:33:46.906824 49961 linux_launcher.cpp:304] Cloning child process with flags =
I0314 19:33:46.907634 49952 process.cpp:2494] Resuming reaper(1)@172.31.14.224:50909 at 2016-03-14 19:33:46.907554048+00:00
I0314 19:33:46.908700 49958 process.cpp:2494] Resuming reaper(1)@172.31.14.224:50909 at 2016-03-14 19:33:46.908595968+00:00
I0314 19:33:46.908843 49958 process.cpp:2494] Resuming (5477)@172.31.14.224:50909 at 2016-03-14 19:33:46.908830976+00:00
I0314 19:33:46.908905 49959 process.cpp:2494] Resuming (5476)@172.31.14.224:50909 at 2016-03-14 19:33:46.908892928+00:00
I0314 19:33:46.908996 49958 process.cpp:2494] Resuming __gc__@172.31.14.224:50909 at 2016-03-14 19:33:46.908989952+00:00
I0314 19:33:46.909046 49961 process.cpp:2484] Spawned process (5496)@172.31.14.224:50909
I0314 19:33:46.909044 49962 process.cpp:2494] Resuming (5496)@172.31.14.224:50909 at 2016-03-14 19:33:46.909015040+00:00
I0314 19:33:46.909781 49959 process.cpp:2494] Resuming (5496)@172.31.14.224:50909 at 2016-03-14 19:33:46.909775104+00:00
I0314 19:33:46.909929 49962 process.cpp:2494] Resuming (5478)@172.31.14.224:50909 at 2016-03-14 19:33:46.909915904+00:00
I0314 19:33:46.909997 49959 process.cpp:2599] Cleaning up (5496)@172.31.14.224:50909
I0314 19:33:46.910106 49948 process.cpp:2494] Resuming help@172.31.14.224:50909 at 2016-03-14 19:33:46.910087936+00:00
I0314 19:33:46.910171 49957 process.cpp:2494] Resuming __gc__@172.31.14.224:50909 at 2016-03-14 19:33:46.910140928+00:00
I0314 19:33:46.910249 49960 process.cpp:2494] Resuming slave(79)@172.31.14.224:50909 at 2016-03-14 19:33:46.910228992+00:00
I0314 19:33:46.910409 49952 process.cpp:2494] Resuming (5478)@172.31.14.224:50909 at 2016-03-14 19:33:46.910400000+00:00
I0314 19:33:46.969312 49961 process.cpp:2494] Resuming reaper(1)@172.31.14.224:50909 at 2016-03-14 19:33:46.969289984+00:00
WARNING: Logging before InitGoogleLogging() is written to STDERR
I0314 19:33:46.997565 54411 process.cpp:2484] Spawned process __gc__@172.31.14.224:59163
I0314 19:33:46.997727 54425 process.cpp:2494] Resuming __gc__@172.31.14.224:59163 at 2016-03-14 19:33:46.997571072+00:00
I0314 19:33:46.997848 54411 process.cpp:2484] Spawned process help@172.31.14.224:59163
I0314 19:33:46.997879 54426 process.cpp:2494] Resuming __gc__@172.31.14.224:59163 at 2016-03-14 19:33:46.997851904+00:00
I0314 19:33:46.997905 54427 process.cpp:2494] Resuming help@172.31.14.224:59163 at 2016-03-14 19:33:46.997878016+00:00
I0314 19:33:46.997987 54411 process.cpp:2484] Spawned process logging@172.31.14.224:59163
I0314 19:33:46.998052 54434 process.cpp:2494] Resuming logging@172.31.14.224:59163 at 2016-03-14 19:33:46.997968896+00:00
I0314 19:33:46.998147 54411 process.cpp:2484] Spawned process profiler@172.31.14.224:59163
I0314 19:33:46.998172 54428 process.cpp:2494] Resuming profiler@172.31.14.224:59163 at 2016-03-14 19:33:46.998149120+00:00
I0314 19:33:46.998318 54438 process.cpp:2494] Resuming help@172.31.14.224:59163 at 2016-03-14 19:33:46.998189056+00:00
I0314 19:33:46.998420 54411 process.cpp:2484] Spawned process system@172.31.14.224:59163
I0314 19:33:46.998494 54433 process.cpp:2494] Resuming system@172.31.14.224:59163 at 2016-03-14 19:33:46.998432000+00:00
I0314 19:33:46.998642 54411 process.cpp:2484] Spawned process AuthenticationRouter(1)@172.31.14.224:59163
I0314 19:33:46.998651 54426 process.cpp:2494] Resuming AuthenticationRouter(1)@172.31.14.224:59163 at 2016-03-14 19:33:46.998642944+00:00
I0314 19:33:46.998663 54437 process.cpp:2494] Resuming metrics@172.31.14.224:59163 at 2016-03-14 19:33:46.998637056+00:00
I0314 19:33:46.998639 54433 process.cpp:2484] Spawned process metrics@172.31.14.224:59163
I0314 19:33:46.998855 54437 process.cpp:2494] Resuming help@172.31.14.224:59163 at 2016-03-14 19:33:46.998845952+00:00
I0314 19:33:46.998884 54438 process.cpp:2494] Resuming metrics@172.31.14.224:59163 at 2016-03-14 19:33:46.998875904+00:00
I0314 19:33:46.998992 54411 process.cpp:2484] Spawned process __processes__@172.31.14.224:59163
I0314 19:33:46.999032 54411 process.cpp:986] libprocess is initialized on 172.31.14.224:59163 for 16 cpus
I0314 19:33:46.999028 54429 process.cpp:2494] Resuming __processes__@172.31.14.224:59163 at 2016-03-14 19:33:46.999003904+00:00
I0314 19:33:46.999130 54411 process.cpp:2484] Spawned process (1)@172.31.14.224:59163
I0314 19:33:46.999125 54428 process.cpp:2494] Resuming (1)@172.31.14.224:59163 at 2016-03-14 19:33:46.999116032+00:00
I0314 19:33:46.999220 54431 process.cpp:2494] Resuming help@172.31.14.224:59163 at 2016-03-14 19:33:46.999086080+00:00
I0314 19:33:46.999519 54411 process.cpp:2484] Spawned process __latch__(1)@172.31.14.224:59163
I0314 19:33:46.999519 54438 process.cpp:2494] Resuming __gc__@172.31.14.224:59163 at 2016-03-14 19:33:46.999512064+00:00
I0314 19:33:46.999567 54411 logging.cpp:193] Logging to STDERR
I0314 19:33:46.999547 54430 process.cpp:2494] Resuming __latch__(1)@172.31.14.224:59163 at 2016-03-14 19:33:46.999525120+00:00
I0314 19:33:46.999632 54411 process.cpp:2484] Spawned process version@172.31.14.224:59163
I0314 19:33:46.999645 54429 process.cpp:2494] Resuming version@172.31.14.224:59163 at 2016-03-14 19:33:46.999635968+00:00
I0314 19:33:46.999722 54411 pid.cpp:93] Attempting to parse 'slave(79)@172.31.14.224:50909' into a PID
I0314 19:33:46.999788 54429 process.cpp:2494] Resuming help@172.31.14.224:59163 at 2016-03-14 19:33:46.999781888+00:00
I0314 19:33:47.001066 54411 exec.cpp:143] Version: 0.28.0
I0314 19:33:47.006434 54411 process.cpp:2484] Spawned process executor(1)@172.31.14.224:59163
I0314 19:33:47.006454 54434 process.cpp:2494] Resuming executor(1)@172.31.14.224:59163 at 2016-03-14 19:33:47.006446080+00:00
I0314 19:33:47.006489 54434 exec.cpp:193] Executor started at: executor(1)@172.31.14.224:59163 with pid 54411
I0314 19:33:47.007832 49963 pid.cpp:93] Attempting to parse 'executor(1)@172.31.14.224:59163' into a PID
I0314 19:33:47.007889 49963 process.cpp:612] Parsed message name 'mesos.internal.RegisterExecutorMessage' for slave(79)@172.31.14.224:50909 from executor(1)@172.31.14.224:59163
I0314 19:33:47.007983 49956 process.cpp:2494] Resuming slave(79)@172.31.14.224:50909 at 2016-03-14 19:33:47.007962880+00:00
I0314 19:33:47.008035 49963 process.cpp:2484] Spawned process __http__(79)@172.31.14.224:50909
I0314 19:33:47.008056 49948 process.cpp:2494] Resuming __http__(79)@172.31.14.224:50909 at 2016-03-14 19:33:47.008045056+00:00
I0314 19:33:47.008054 49951 process.cpp:2494] Resuming __gc__@172.31.14.224:50909 at 2016-03-14 19:33:47.008029952+00:00
I0314 19:33:47.008105 49956 slave.cpp:2643] Got registration for executor '2d338dad-d913-48f1-8ad5-82fb66715b44' of framework dbfcd71c-47c4-4b7a-bdff-6335751ecebe-0000 from executor(1)@172.31.14.224:59163
I0314 19:33:47.008169 49948 process.cpp:2484] Spawned process (5497)@172.31.14.224:50909
I0314 19:33:47.008203 49958 process.cpp:2494] Resuming (5497)@172.31.14.224:50909 at 2016-03-14 19:33:47.008189952+00:00
I0314 19:33:47.009093 49962 process.cpp:2494] Resuming (5478)@172.31.14.224:50909 at 2016-03-14 19:33:47.009079040+00:00
I0314 19:33:47.009176 54441 pid.cpp:93] Attempting to parse 'slave(79)@172.31.14.224:50909' into a PID
I0314 19:33:47.009238 54441 process.cpp:612] Parsed message name 'mesos.internal.ExecutorRegisteredMessage' for executor(1)@172.31.14.224:59163 from slave(79)@172.31.14.224:50909
I0314 19:33:47.009265 49953 process.cpp:2494] Resuming (5477)@172.31.14.224:50909 at 2016-03-14 19:33:47.009251072+00:00
II0314 19:33:47.009356 49949 process.cpp:2494] Resuming (5476)@172.31.14.224:50909 at 2016-03-14 19:33:47.009337088+00:00
0314 19:33:47.009373 54435 process.cpp:2494] Resuming executor(1)@172.31.14.224:59163 at 2016-03-14 19:33:47.009344000+00:00
I0314 19:33:47.009418 49960 process.cpp:2494] Resuming __gc__@172.31.14.224:50909 at 2016-03-14 19:33:47.009406976+00:00
I0314 19:33:47.009431 49962 process.cpp:2484] Spawned process (5498)@172.31.14.224:50909
I0314 19:33:47.009449 49957 process.cpp:2494] Resuming (5498)@172.31.14.224:50909 at 2016-03-14 19:33:47.009436928+00:00
I0314 19:33:47.009506 54441 process.cpp:2484] Spawned process __http__(1)@172.31.14.224:59163
I0314 19:33:47.009510 54430 process.cpp:2494] Resuming __http__(1)@172.31.14.224:59163 at 2016-03-14 19:33:47.009499904+00:00
I0314 19:33:47.009565 54436 process.cpp:2494] Resuming __gc__@172.31.14.224:59163 at 2016-03-14 19:33:47.009486080+00:00
I0314 19:33:47.009665 54430 process.cpp:2484] Spawned process (2)@172.31.14.224:59163
I0314 19:33:47.009749 54435 exec.cpp:217] Executor registered on slave dbfcd71c-47c4-4b7a-bdff-6335751ecebe-S0
I0314 19:33:47.009831 54432 process.cpp:2494] Resuming (2)@172.31.14.224:59163 at 2016-03-14 19:33:47.009807872+00:00
I0314 19:33:47.010257 49949 mem.cpp:353] Updated 'memory.soft_limit_in_bytes' to 288MB for container c31eb40d-4df7-49d8-be9f-5173ef1410f6
I0314 19:33:47.010890 49956 process.cpp:2494] Resuming (5498)@172.31.14.224:50909 at 2016-03-14 19:33:47.010875904+00:00
I0314 19:33:47.011078 49954 process.cpp:2494] Resuming slave(79)@172.31.14.224:50909 at 2016-03-14 19:33:47.011060992+00:00
I0314 19:33:47.011152 49956 process.cpp:2599] Cleaning up (5498)@172.31.14.224:50909
I0314 19:33:47.011168 54435 exec.cpp:229] Executor::registered took 230156ns
I0314 19:33:47.011183 54428 process.cpp:2494] Resuming (1)@172.31.14.224:59163 at 2016-03-14 19:33:47.011156992+00:00
I0314 19:33:47.011239 49957 process.cpp:2494] Resuming help@172.31.14.224:50909 at 2016-03-14 19:33:47.011226880+00:00
I0314 19:33:47.011258 49954 slave.cpp:1863] Sending queued task '2d338dad-d913-48f1-8ad5-82fb66715b44' to executor '2d338dad-d913-48f1-8ad5-82fb66715b44' of framework dbfcd71c-47c4-4b7a-bdff-6335751ecebe-0000 at executor(1)@172.31.14.224:59163
Registered executor on ip-172-31-14-224.us-west-1.compute.internal
I0314 19:33:47.011315 49960 process.cpp:2494] Resuming __gc__@172.31.14.224:50909 at 2016-03-14 19:33:47.011307008+00:00
I0314 19:33:47.011745 54441 pid.cpp:93] Attempting to parse 'slave(79)@172.31.14.224:50909' into a PID
I0314 19:33:47.011792 54441 process.cpp:612] Parsed message name 'mesos.internal.RunTaskMessage' for executor(1)@172.31.14.224:59163 from slave(79)@172.31.14.224:50909
I0314 19:33:47.011869 54436 process.cpp:2494] Resuming executor(1)@172.31.14.224:59163 at 2016-03-14 19:33:47.011860992+00:00
I0314 19:33:47.012091 54436 exec.cpp:304] Executor asked to run task '2d338dad-d913-48f1-8ad5-82fb66715b44'
I0314 19:33:47.012198 54436 exec.cpp:313] Executor::launchTask took 70033ns
I0314 19:33:47.012207 54438 process.cpp:2494] Resuming (1)@172.31.14.224:59163 at 2016-03-14 19:33:47.012198912+00:00
Starting task 2d338dad-d913-48f1-8ad5-82fb66715b44
Forked command at 54442
sh -c 'while true; do dd count=512 bs=1M if=/dev/zero of=./temp; done'
I0314 19:33:47.013175 54438 process.cpp:2484] Spawned process reaper(1)@172.31.14.224:59163
I0314 19:33:47.013203 54430 process.cpp:2494] Resuming reaper(1)@172.31.14.224:59163 at 2016-03-14 19:33:47.013192960+00:00
I0314 19:33:47.013514 54431 process.cpp:2494] Resuming executor(1)@172.31.14.224:59163 at 2016-03-14 19:33:47.013502976+00:00
I0314 19:33:47.014701 54431 exec.cpp:526] Executor sending status update TASK_RUNNING (UUID: a9675e8c-e6f3-45a4-ad5b-50bf49938661) for task 2d338dad-d913-48f1-8ad5-82fb66715b44 of framework dbfcd71c-47c4-4b7a-bdff-6335751ecebe-0000
I0314 19:33:47.015219 49963 pid.cpp:93] Attempting to parse 'executor(1)@172.31.14.224:59163' into a PID
I0314 19:33:47.015281 49963 process.cpp:612] Parsed message name 'mesos.internal.StatusUpdateMessage' for slave(79)@172.31.14.224:50909 from executor(1)@172.31.14.224:59163
I0314 19:33:47.015395 49947 process.cpp:2494] Resuming slave(79)@172.31.14.224:50909 at 2016-03-14 19:33:47.015363072+00:00
I0314 19:33:47.015506 49947 pid.cpp:93] Attempting to parse 'executor(1)@172.31.14.224:59163' into a PID
I0314 19:33:47.015578 49947 slave.cpp:3002] Handling status update TASK_RUNNING (UUID: a9675e8c-e6f3-45a4-ad5b-50bf49938661) for task 2d338dad-d913-48f1-8ad5-82fb66715b44 of framework dbfcd71c-47c4-4b7a-bdff-6335751ecebe-0000 from executor(1)@172.31.14.224:59163
I0314 19:33:47.015820 49948 process.cpp:2494] Resuming (5478)@172.31.14.224:50909 at 2016-03-14 19:33:47.015811072+00:00
I0314 19:33:47.015924 49951 process.cpp:2494] Resuming (5477)@172.31.14.224:50909 at 2016-03-14 19:33:47.015916032+00:00
I0314 19:33:47.015964 49948 containerizer.cpp:1367] Serializing status request for container: c31eb40d-4df7-49d8-be9f-5173ef1410f6
I0314 19:33:47.015966 49952 process.cpp:2494] Resuming (5476)@172.31.14.224:50909 at 2016-03-14 19:33:47.015956992+00:00
I0314 19:33:47.016039 49957 process.cpp:2494] Resuming (5488)@172.31.14.224:50909 at 2016-03-14 19:33:47.016028928+00:00
I0314 19:33:47.016228 49957 process.cpp:2484] Spawned process (5499)@172.31.14.224:50909
I0314 19:33:47.016243 49951 process.cpp:2494] Resuming __gc__@172.31.14.224:50909 at 2016-03-14 19:33:47.016236032+00:00
I0314 19:33:47.016270 49958 process.cpp:2494] Resuming (5499)@172.31.14.224:50909 at 2016-03-14 19:33:47.016260096+00:00
I0314 19:33:47.016490 49958 containerizer.cpp:1344] Aggregating status for container: c31eb40d-4df7-49d8-be9f-5173ef1410f6
I0314 19:33:47.016660 49950 process.cpp:2494] Resuming slave(79)@172.31.14.224:50909 at 2016-03-14 19:33:47.016641024+00:00
I0314 19:33:47.016685 49958 process.cpp:2599] Cleaning up (5499)@172.31.14.224:50909
I0314 19:33:47.016752 49961 process.cpp:2494] Resuming help@172.31.14.224:50909 at 2016-03-14 19:33:47.016741888+00:00
I0314 19:33:47.016793 49955 process.cpp:2494] Resuming __gc__@172.31.14.224:50909 at 2016-03-14 19:33:47.016775936+00:00
I0314 19:33:47.016978 49959 process.cpp:2494] Resuming (5480)@172.31.14.224:50909 at 2016-03-14 19:33:47.016966912+00:00
I0314 19:33:47.017026 49959 status_update_manager.cpp:320] Received status update TASK_RUNNING (UUID: a9675e8c-e6f3-45a4-ad5b-50bf49938661) for task 2d338dad-d913-48f1-8ad5-82fb66715b44 of framework dbfcd71c-47c4-4b7a-bdff-6335751ecebe-0000
I0314 19:33:47.017068 49959 status_update_manager.cpp:497] Creating StatusUpdate stream for task 2d338dad-d913-48f1-8ad5-82fb66715b44 of framework dbfcd71c-47c4-4b7a-bdff-6335751ecebe-0000
I0314 19:33:47.017396 49959 status_update_manager.cpp:374] Forwarding update TASK_RUNNING (UUID: a9675e8c-e6f3-45a4-ad5b-50bf49938661) for task 2d338dad-d913-48f1-8ad5-82fb66715b44 of framework dbfcd71c-47c4-4b7a-bdff-6335751ecebe-0000 to the slave
I0314 19:33:47.017556 49956 process.cpp:2494] Resuming slave(79)@172.31.14.224:50909 at 2016-03-14 19:33:47.017545984+00:00
I0314 19:33:47.017659 49956 slave.cpp:3400] Forwarding the update TASK_RUNNING (UUID: a9675e8c-e6f3-45a4-ad5b-50bf49938661) for task 2d338dad-d913-48f1-8ad5-82fb66715b44 of framework dbfcd71c-47c4-4b7a-bdff-6335751ecebe-0000 to master@172.31.14.224:50909
I0314 19:33:47.017814 49957 process.cpp:2494] Resuming master@172.31.14.224:50909 at 2016-03-14 19:33:47.017804032+00:00
I0314 19:33:47.017832 49956 slave.cpp:3294] Status update manager successfully handled status update TASK_RUNNING (UUID: a9675e8c-e6f3-45a4-ad5b-50bf49938661) for task 2d338dad-d913-48f1-8ad5-82fb66715b44 of framework dbfcd71c-47c4-4b7a-bdff-6335751ecebe-0000
I0314 19:33:47.017875 49956 slave.cpp:3310] Sending acknowledgement for status update TASK_RUNNING (UUID: a9675e8c-e6f3-45a4-ad5b-50bf49938661) for task 2d338dad-d913-48f1-8ad5-82fb66715b44 of framework dbfcd71c-47c4-4b7a-bdff-6335751ecebe-0000 to executor(1)@172.31.14.224:59163
I0314 19:33:47.017922 49957 pid.cpp:93] Attempting to parse 'slave(79)@172.31.14.224:50909' into a PID
I0314 19:33:47.018012 49957 master.cpp:4763] Status update TASK_RUNNING (UUID: a9675e8c-e6f3-45a4-ad5b-50bf49938661) for task 2d338dad-d913-48f1-8ad5-82fb66715b44 of framework dbfcd71c-47c4-4b7a-bdff-6335751ecebe-0000 from slave dbfcd71c-47c4-4b7a-bdff-6335751ecebe-S0 at slave(79)@172.31.14.224:50909 (ip-172-31-14-224.us-west-1.compute.internal)
I0314 19:33:47.018059 49957 master.cpp:4811] Forwarding status update TASK_RUNNING (UUID: a9675e8c-e6f3-45a4-ad5b-50bf49938661) for task 2d338dad-d913-48f1-8ad5-82fb66715b44 of framework dbfcd71c-47c4-4b7a-bdff-6335751ecebe-0000
I0314 19:33:47.018165 54441 pid.cpp:93] Attempting to parse 'slave(79)@172.31.14.224:50909' into a PID
I0314 19:33:47.018177 49952 process.cpp:2494] Resuming scheduler-dd4dfebb-e14f-4a77-adef-b9fc081c293e@172.31.14.224:50909 at 2016-03-14 19:33:47.018169088+00:00
I0314 19:33:47.018200 49957 master.cpp:6421] Updating the state of task 2d338dad-d913-48f1-8ad5-82fb66715b44 of framework dbfcd71c-47c4-4b7a-bdff-6335751ecebe-0000 (latest state: TASK_RUNNING, status update state: TASK_RUNNING)
I0314 19:33:47.018226 54441 process.cpp:612] Parsed message name 'mesos.internal.StatusUpdateAcknowledgementMessage' for executor(1)@172.31.14.224:59163 from slave(79)@172.31.14.224:50909
I0314 19:33:47.018281 49952 pid.cpp:93] Attempting to parse 'slave(79)@172.31.14.224:50909' into a PID
I0314 19:33:47.018302 54426 process.cpp:2494] Resuming executor(1)@172.31.14.224:59163 at 2016-03-14 19:33:47.018291968+00:00
I0314 19:33:47.018326 49952 pid.cpp:93] Attempting to parse 'master@172.31.14.224:50909' into a PID
I0314 19:33:47.018347 49952 sched.cpp:942] Received status update TASK_RUNNING (UUID: a9675e8c-e6f3-45a4-ad5b-50bf49938661) for task 2d338dad-d913-48f1-8ad5-82fb66715b44 of framework dbfcd71c-47c4-4b7a-bdff-6335751ecebe-0000 from slave(79)@172.31.14.224:50909
I0314 19:33:47.018400 54426 exec.cpp:350] Executor received status update acknowledgement a9675e8c-e6f3-45a4-ad5b-50bf49938661 for task 2d338dad-d913-48f1-8ad5-82fb66715b44 of framework dbfcd71c-47c4-4b7a-bdff-6335751ecebe-0000
I0314 19:33:47.018519 49952 sched.cpp:981] Scheduler::statusUpdate took 106976ns
I0314 19:33:47.018543 49950 process.cpp:2494] Resuming __latch__(1956)@172.31.14.224:50909 at 2016-03-14 19:33:47.018530048+00:00
I0314 19:33:47.018550 49952 sched.cpp:1000] Sending ACK for status update TASK_RUNNING (UUID: a9675e8c-e6f3-45a4-ad5b-50bf49938661) for task 2d338dad-d913-48f1-8ad5-82fb66715b44 of framework dbfcd71c-47c4-4b7a-bdff-6335751ecebe-0000 to master@172.31.14.224:50909
I0314 19:33:47.018580 49950 process.cpp:2599] Cleaning up __latch__(1956)@172.31.14.224:50909
I0314 19:33:47.018612 49952 pid.cpp:93] Attempting to parse 'master@172.31.14.224:50909' into a PID
I0314 19:33:47.018676 49958 process.cpp:2494] Resuming help@172.31.14.224:50909 at 2016-03-14 19:33:47.018667008+00:00
I0314 19:33:47.018702 49947 process.cpp:2494] Resuming master@172.31.14.224:50909 at 2016-03-14 19:33:47.018691072+00:00
I0314 19:33:47.018745 49956 process.cpp:2494] Resuming __waiter__(807)@172.31.14.224:50909 at 2016-03-14 19:33:47.018734080+00:00
I0314 19:33:47.018821 49947 master.cpp:3918] Processing ACKNOWLEDGE call a9675e8c-e6f3-45a4-ad5b-50bf49938661 for task 2d338dad-d913-48f1-8ad5-82fb66715b44 of framework dbfcd71c-47c4-4b7a-bdff-6335751ecebe-0000 (default) at scheduler-dd4dfebb-e14f-4a77-adef-b9fc081c293e@172.31.14.224:50909 on slave dbfcd71c-47c4-4b7a-bdff-6335751ecebe-S0
I0314 19:33:47.018959 49955 process.cpp:2494] Resuming __gc__@172.31.14.224:50909 at 2016-03-14 19:33:47.018949120+00:00
I0314 19:33:47.019037 49956 process.cpp:2599] Cleaning up __waiter__(807)@172.31.14.224:50909
I0314 19:33:47.019047 49955 process.cpp:2494] Resuming slave(79)@172.31.14.224:50909 at 2016-03-14 19:33:47.019041024+00:00
I0314 19:33:47.019124 49948 process.cpp:2494] Resuming help@172.31.14.224:50909 at 2016-03-14 19:33:47.019113984+00:00
I0314 19:33:47.019307 49954 process.cpp:2494] Resuming (5480)@172.31.14.224:50909 at 2016-03-14 19:33:47.019297024+00:00
I0314 19:33:47.019330 49951 process.cpp:2494] Resuming __gc__@172.31.14.224:50909 at 2016-03-14 19:33:47.019320064+00:00
I0314 19:33:47.019304 49949 process.cpp:2494] Resuming (5478)@172.31.14.224:50909 at 2016-03-14 19:33:47.019293952+00:00
I0314 19:33:47.019376 49954 status_update_manager.cpp:392] Received status update acknowledgement (UUID: a9675e8c-e6f3-45a4-ad5b-50bf49938661) for task 2d338dad-d913-48f1-8ad5-82fb66715b44 of framework dbfcd71c-47c4-4b7a-bdff-6335751ecebe-0000
I0314 19:33:47.019371 49961 process.cpp:2494] Resuming __latch__(1957)@172.31.14.224:50909 at 2016-03-14 19:33:47.019363072+00:00
I0314 19:33:47.019642 49960 process.cpp:2494] Resuming slave(79)@172.31.14.224:50909 at 2016-03-14 19:33:47.019630080+00:00
I0314 19:33:47.019364 49933 process.cpp:2484] Spawned process __latch__(1957)@172.31.14.224:50909
I0314 19:33:47.019717 49960 slave.cpp:2412] Status update manager successfully handled status update acknowledgement (UUID: a9675e8c-e6f3-45a4-ad5b-50bf49938661) for task 2d338dad-d913-48f1-8ad5-82fb66715b44 of framework dbfcd71c-47c4-4b7a-bdff-6335751ecebe-0000
I0314 19:33:47.019807 49954 process.cpp:2494] Resuming __latch__(1957)@172.31.14.224:50909 at 2016-03-14 19:33:47.019761920+00:00
I0314 19:33:47.019809 49949 process.cpp:2494] Resuming (5478)@172.31.14.224:50909 at 2016-03-14 19:33:47.019801088+00:00
...
....
...
I0314 19:33:47.333453 49959 process.cpp:2494] Resuming help@172.31.14.224:50909 at 2016-03-14 19:33:47.333444096+00:00
I0314 19:33:47.333483 49955 process.cpp:2494] Resuming __gc__@172.31.14.224:50909 at 2016-03-14 19:33:47.333474048+00:00
I0314 19:33:47.333602 49955 process.cpp:2494] Resuming __waiter__(811)@172.31.14.224:50909 at 2016-03-14 19:33:47.333595904+00:00
I0314 19:33:47.333659 49955 process.cpp:2599] Cleaning up __waiter__(811)@172.31.14.224:50909
I0314 19:33:47.333724 49949 process.cpp:2494] Resuming help@172.31.14.224:50909 at 2016-03-14 19:33:47.333715968+00:00
I0314 19:33:47.333797 49933 clock.cpp:331] Clock paused at 0x3e84f40
I0314 19:33:47.344027 49957 process.cpp:2494] Resuming scheduler-dd4dfebb-e14f-4a77-adef-b9fc081c293e@172.31.14.224:50909 at 2016-03-14 19:33:47.333786880+00:00
I0314 19:33:47.344110 49957 pid.cpp:93] Attempting to parse 'master@172.31.14.224:50909' into a PID
I0314 19:33:47.344218 49953 process.cpp:2494] Resuming master@172.31.14.224:50909 at 2016-03-14 19:33:47.333786880+00:00
I0314 19:33:47.344411 49953 master.cpp:3826] Telling slave dbfcd71c-47c4-4b7a-bdff-6335751ecebe-S0 at slave(79)@172.31.14.224:50909 (ip-172-31-14-224.us-west-1.compute.internal) to kill task 2d338dad-d913-48f1-8ad5-82fb66715b44 of framework dbfcd71c-47c4-4b7a-bdff-6335751ecebe-0000 (default) at scheduler-dd4dfebb-e14f-4a77-adef-b9fc081c293e@172.31.14.224:50909
I0314 19:33:47.344516 49961 process.cpp:2494] Resuming slave(79)@172.31.14.224:50909 at 2016-03-14 19:33:47.333786880+00:00
I0314 19:33:47.344602 49961 slave.cpp:1891] Asked to kill task 2d338dad-d913-48f1-8ad5-82fb66715b44 of framework dbfcd71c-47c4-4b7a-bdff-6335751ecebe-0000
I0314 19:33:47.345041 54441 pid.cpp:93] Attempting to parse 'slave(79)@172.31.14.224:50909' into a PID
I0314 19:33:47.345093 54441 process.cpp:612] Parsed message name 'mesos.internal.KillTaskMessage' for executor(1)@172.31.14.224:59163 from slave(79)@172.31.14.224:50909
I0314 19:33:47.345180 54436 process.cpp:2494] Resuming executor(1)@172.31.14.224:59163 at 2016-03-14 19:33:47.345161984+00:00
I0314 19:33:47.345288 54436 exec.cpp:324] Executor asked to kill task '2d338dad-d913-48f1-8ad5-82fb66715b44'
I0314 19:33:47.345358 54436 exec.cpp:333] Executor::killTask took 40465ns
I0314 19:33:47.345376 54425 process.cpp:2494] Resuming (1)@172.31.14.224:59163 at 2016-03-14 19:33:47.345362944+00:00
Received killTask
Shutting down
Sending SIGTERM to process tree at pid 54442
Sent SIGTERM to the following process trees:
[
-+- 54442 sh -c while true; do dd count=512 bs=1M if=/dev/zero of=./temp; done
 \--- 54443 dd count=512 bs=1M if=/dev/zero of=./temp
]
I0314 19:33:47.416590 54433 process.cpp:2494] Resuming reaper(1)@172.31.14.224:59163 at 2016-03-14 19:33:47.416573952+00:00
I0314 19:33:47.416932 54440 process.cpp:2494] Resuming (1)@172.31.14.224:59163 at 2016-03-14 19:33:47.416908032+00:00
Command terminated with signal Terminated (pid: 54442)
I0314 19:33:47.417114 54435 process.cpp:2494] Resuming executor(1)@172.31.14.224:59163 at 2016-03-14 19:33:47.417103872+00:00
I0314 19:33:47.417201 54435 exec.cpp:526] Executor sending status update TASK_KILLED (UUID: bdeb417f-be4d-4577-98cf-c1ab7639269d) for task 2d338dad-d913-48f1-8ad5-82fb66715b44 of framework dbfcd71c-47c4-4b7a-bdff-6335751ecebe-0000
I0314 19:33:47.417579 49963 pid.cpp:93] Attempting to parse 'executor(1)@172.31.14.224:59163' into a PID
I0314 19:33:47.417623 49963 process.cpp:612] Parsed message name 'mesos.internal.StatusUpdateMessage' for slave(79)@172.31.14.224:50909 from executor(1)@172.31.14.224:59163
I0314 19:33:47.417700 49953 process.cpp:2494] Resuming slave(79)@172.31.14.224:50909 at 2016-03-14 19:33:47.333786880+00:00
I0314 19:33:47.417794 49953 pid.cpp:93] Attempting to parse 'executor(1)@172.31.14.224:59163' into a PID
I0314 19:33:47.417852 49953 slave.cpp:3002] Handling status update TASK_KILLED (UUID: bdeb417f-be4d-4577-98cf-c1ab7639269d) for task 2d338dad-d913-48f1-8ad5-82fb66715b44 of framework dbfcd71c-47c4-4b7a-bdff-6335751ecebe-0000 from executor(1)@172.31.14.224:59163
I0314 19:33:47.418040 49957 process.cpp:2494] Resuming (5478)@172.31.14.224:50909 at 2016-03-14 19:33:47.333786880+00:00
I0314 19:33:47.418165 49958 process.cpp:2494] Resuming (5477)@172.31.14.224:50909 at 2016-03-14 19:33:47.333786880+00:00
I0314 19:33:47.418192 49957 containerizer.cpp:1367] Serializing status request for container: c31eb40d-4df7-49d8-be9f-5173ef1410f6
I0314 19:33:47.418187 49962 process.cpp:2494] Resuming (5476)@172.31.14.224:50909 at 2016-03-14 19:33:47.333786880+00:00
I0314 19:33:47.418277 49947 process.cpp:2494] Resuming (5488)@172.31.14.224:50909 at 2016-03-14 19:33:47.333786880+00:00
I0314 19:33:47.418480 49947 clock.cpp:435] Clock of (5508)@172.31.14.224:50909 updated to 2016-03-14 19:33:47.333786880+00:00
I0314 19:33:47.418573 49947 process.cpp:2484] Spawned process (5508)@172.31.14.224:50909
I0314 19:33:47.418591 49952 process.cpp:2494] Resuming __gc__@172.31.14.224:50909 at 2016-03-14 19:33:47.333786880+00:00
I0314 19:33:47.418603 49950 process.cpp:2494] Resuming (5508)@172.31.14.224:50909 at 2016-03-14 19:33:47.333786880+00:00
I0314 19:33:47.418789 49950 containerizer.cpp:1344] Aggregating status for container: c31eb40d-4df7-49d8-be9f-5173ef1410f6
I0314 19:33:47.418949 49953 process.cpp:2494] Resuming slave(79)@172.31.14.224:50909 at 2016-03-14 19:33:47.333786880+00:00
I0314 19:33:47.419003 49950 process.cpp:2599] Cleaning up (5508)@172.31.14.224:50909
I0314 19:33:47.419073 49953 slave.cpp:5677] Terminating task 2d338dad-d913-48f1-8ad5-82fb66715b44
I0314 19:33:47.419106 49958 process.cpp:2494] Resuming help@172.31.14.224:50909 at 2016-03-14 19:33:47.333786880+00:00
I0314 19:33:47.419131 49954 process.cpp:2494] Resuming __gc__@172.31.14.224:50909 at 2016-03-14 19:33:47.333786880+00:00
I0314 19:33:47.419329 49954 process.cpp:2494] Resuming (5478)@172.31.14.224:50909 at 2016-03-14 19:33:47.333786880+00:00
I0314 19:33:47.419476 49957 process.cpp:2494] Resuming (5477)@172.31.14.224:50909 at 2016-03-14 19:33:47.333786880+00:00
I0314 19:33:47.419577 49960 process.cpp:2494] Resuming (5476)@172.31.14.224:50909 at 2016-03-14 19:33:47.333786880+00:00
I0314 19:33:47.419649 49954 clock.cpp:435] Clock of (5509)@172.31.14.224:50909 updated to 2016-03-14 19:33:47.333786880+00:00
I0314 19:33:47.419724 49954 process.cpp:2484] Spawned process (5509)@172.31.14.224:50909
I0314 19:33:47.419741 49959 process.cpp:2494] Resuming __gc__@172.31.14.224:50909 at 2016-03-14 19:33:47.333786880+00:00
I0314 19:33:47.419769 49952 process.cpp:2494] Resuming (5509)@172.31.14.224:50909 at 2016-03-14 19:33:47.333786880+00:00
I0314 19:33:47.420367 49960 mem.cpp:353] Updated 'memory.soft_limit_in_bytes' to 32MB for container c31eb40d-4df7-49d8-be9f-5173ef1410f6
I0314 19:33:47.420971 49960 process.cpp:2494] Resuming (5509)@172.31.14.224:50909 at 2016-03-14 19:33:47.333786880+00:00
I0314 19:33:47.421181 49957 process.cpp:2494] Resuming slave(79)@172.31.14.224:50909 at 2016-03-14 19:33:47.333786880+00:00
I0314 19:33:47.421205 49960 process.cpp:2599] Cleaning up (5509)@172.31.14.224:50909
I0314 19:33:47.421304 49961 process.cpp:2494] Resuming help@172.31.14.224:50909 at 2016-03-14 19:33:47.333786880+00:00
I0314 19:33:47.421330 49948 process.cpp:2494] Resuming __gc__@172.31.14.224:50909 at 2016-03-14 19:33:47.333786880+00:00
I0314 19:33:47.421381 49961 process.cpp:2494] Resuming (5480)@172.31.14.224:50909 at 2016-03-14 19:33:47.333786880+00:00
I0314 19:33:47.421437 49961 status_update_manager.cpp:320] Received status update TASK_KILLED (UUID: bdeb417f-be4d-4577-98cf-c1ab7639269d) for task 2d338dad-d913-48f1-8ad5-82fb66715b44 of framework dbfcd71c-47c4-4b7a-bdff-6335751ecebe-0000
I0314 19:33:47.421602 49961 status_update_manager.cpp:374] Forwarding update TASK_KILLED (UUID: bdeb417f-be4d-4577-98cf-c1ab7639269d) for task 2d338dad-d913-48f1-8ad5-82fb66715b44 of framework dbfcd71c-47c4-4b7a-bdff-6335751ecebe-0000 to the slave
I0314 19:33:47.421777 49954 process.cpp:2494] Resuming slave(79)@172.31.14.224:50909 at 2016-03-14 19:33:47.333786880+00:00
I0314 19:33:47.421869 49954 slave.cpp:3400] Forwarding the update TASK_KILLED (UUID: bdeb417f-be4d-4577-98cf-c1ab7639269d) for task 2d338dad-d913-48f1-8ad5-82fb66715b44 of framework dbfcd71c-47c4-4b7a-bdff-6335751ecebe-0000 to master@172.31.14.224:50909
I0314 19:33:47.422022 49948 process.cpp:2494] Resuming master@172.31.14.224:50909 at 2016-03-14 19:33:47.333786880+00:00
I0314 19:33:47.422034 49954 slave.cpp:3294] Status update manager successfully handled status update TASK_KILLED (UUID: bdeb417f-be4d-4577-98cf-c1ab7639269d) for task 2d338dad-d913-48f1-8ad5-82fb66715b44 of framework dbfcd71c-47c4-4b7a-bdff-6335751ecebe-0000
I0314 19:33:47.422096 49954 slave.cpp:3310] Sending acknowledgement for status update TASK_KILLED (UUID: bdeb417f-be4d-4577-98cf-c1ab7639269d) for task 2d338dad-d913-48f1-8ad5-82fb66715b44 of framework dbfcd71c-47c4-4b7a-bdff-6335751ecebe-0000 to executor(1)@172.31.14.224:59163
I0314 19:33:47.422142 49948 pid.cpp:93] Attempting to parse 'slave(79)@172.31.14.224:50909' into a PID
I0314 19:33:47.422211 49948 master.cpp:4763] Status update TASK_KILLED (UUID: bdeb417f-be4d-4577-98cf-c1ab7639269d) for task 2d338dad-d913-48f1-8ad5-82fb66715b44 of framework dbfcd71c-47c4-4b7a-bdff-6335751ecebe-0000 from slave dbfcd71c-47c4-4b7a-bdff-6335751ecebe-S0 at slave(79)@172.31.14.224:50909 (ip-172-31-14-224.us-west-1.compute.internal)
I0314 19:33:47.422255 49948 master.cpp:4811] Forwarding status update TASK_KILLED (UUID: bdeb417f-be4d-4577-98cf-c1ab7639269d) for task 2d338dad-d913-48f1-8ad5-82fb66715b44 of framework dbfcd71c-47c4-4b7a-bdff-6335751ecebe-0000
I0314 19:33:47.422389 49947 process.cpp:2494] Resuming scheduler-dd4dfebb-e14f-4a77-adef-b9fc081c293e@172.31.14.224:50909 at 2016-03-14 19:33:47.333786880+00:00
I0314 19:33:47.422396 54441 pid.cpp:93] Attempting to parse 'slave(79)@172.31.14.224:50909' into a PID
I0314 19:33:47.422399 49948 master.cpp:6421] Updating the state of task 2d338dad-d913-48f1-8ad5-82fb66715b44 of framework dbfcd71c-47c4-4b7a-bdff-6335751ecebe-0000 (latest state: TASK_KILLED, status update state: TASK_KILLED)
I0314 19:33:47.422479 54441 process.cpp:612] Parsed message name 'mesos.internal.StatusUpdateAcknowledgementMessage' for executor(1)@172.31.14.224:59163 from slave(79)@172.31.14.224:50909
I0314 19:33:47.422528 49947 pid.cpp:93] Attempting to parse 'slave(79)@172.31.14.224:50909' into a PID
I0314 19:33:47.422562 49957 process.cpp:2494] Resuming (5455)@172.31.14.224:50909 at 2016-03-14 19:33:47.333786880+00:00
I0314 19:33:47.422587 54425 process.cpp:2494] Resuming executor(1)@172.31.14.224:59163 at 2016-03-14 19:33:47.422571008+00:00
I0314 19:33:47.422581 49947 pid.cpp:93] Attempting to parse 'master@172.31.14.224:50909' into a PID
I0314 19:33:47.422653 54425 exec.cpp:350] Executor received status update acknowledgement bdeb417f-be4d-4577-98cf-c1ab7639269d for task 2d338dad-d913-48f1-8ad5-82fb66715b44 of framework dbfcd71c-47c4-4b7a-bdff-6335751ecebe-0000
I0314 19:33:47.422652 49947 sched.cpp:942] Received status update TASK_KILLED (UUID: bdeb417f-be4d-4577-98cf-c1ab7639269d) for task 2d338dad-d913-48f1-8ad5-82fb66715b44 of framework dbfcd71c-47c4-4b7a-bdff-6335751ecebe-0000 from slave(79)@172.31.14.224:50909
I0314 19:33:47.422812 49947 sched.cpp:981] Scheduler::statusUpdate took 83855ns
I0314 19:33:47.422843 49947 sched.cpp:1000] Sending ACK for status update TASK_KILLED (UUID: bdeb417f-be4d-4577-98cf-c1ab7639269d) for task 2d338dad-d913-48f1-8ad5-82fb66715b44 of framework dbfcd71c-47c4-4b7a-bdff-6335751ecebe-0000 to master@172.31.14.224:50909
I0314 19:33:47.422885 49947 pid.cpp:93] Attempting to parse 'master@172.31.14.224:50909' into a PID
I0314 19:33:47.422914 49957 hierarchical.cpp:890] Recovered cpus(*):1; mem(*):256; disk(*):1024 (total: cpus(*):2; mem(*):1024; disk(*):1024; ports(*):[31000-32000], allocated: ) on slave dbfcd71c-47c4-4b7a-bdff-6335751ecebe-S0 from framework dbfcd71c-47c4-4b7a-bdff-6335751ecebe-0000
I0314 19:33:47.422971 49947 process.cpp:2494] Resuming master@172.31.14.224:50909 at 2016-03-14 19:33:47.333786880+00:00
I0314 19:33:47.423082 49947 master.cpp:3918] Processing ACKNOWLEDGE call bdeb417f-be4d-4577-98cf-c1ab7639269d for task 2d338dad-d913-48f1-8ad5-82fb66715b44 of framework dbfcd71c-47c4-4b7a-bdff-6335751ecebe-0000 (default) at scheduler-dd4dfebb-e14f-4a77-adef-b9fc081c293e@172.31.14.224:50909 on slave dbfcd71c-47c4-4b7a-bdff-6335751ecebe-S0
I0314 19:33:47.423141 49947 master.cpp:6487] Removing task 2d338dad-d913-48f1-8ad5-82fb66715b44 with resources cpus(*):1; mem(*):256; disk(*):1024 of framework dbfcd71c-47c4-4b7a-bdff-6335751ecebe-0000 on slave dbfcd71c-47c4-4b7a-bdff-6335751ecebe-S0 at slave(79)@172.31.14.224:50909 (ip-172-31-14-224.us-west-1.compute.internal)
I0314 19:33:47.423351 49962 process.cpp:2494] Resuming slave(79)@172.31.14.224:50909 at 2016-03-14 19:33:47.333786880+00:00
I0314 19:33:47.423498 49947 process.cpp:2494] Resuming (5480)@172.31.14.224:50909 at 2016-03-14 19:33:47.333786880+00:00
I0314 19:33:47.423547 49947 status_update_manager.cpp:392] Received status update acknowledgement (UUID: bdeb417f-be4d-4577-98cf-c1ab7639269d) for task 2d338dad-d913-48f1-8ad5-82fb66715b44 of framework dbfcd71c-47c4-4b7a-bdff-6335751ecebe-0000
I0314 19:33:47.423665 49947 status_update_manager.cpp:528] Cleaning up status update stream for task 2d338dad-d913-48f1-8ad5-82fb66715b44 of framework dbfcd71c-47c4-4b7a-bdff-6335751ecebe-0000
I0314 19:33:47.423915 49952 process.cpp:2494] Resuming slave(79)@172.31.14.224:50909 at 2016-03-14 19:33:47.333786880+00:00
I0314 19:33:47.423964 49952 slave.cpp:2412] Status update manager successfully handled status update acknowledgement (UUID: bdeb417f-be4d-4577-98cf-c1ab7639269d) for task 2d338dad-d913-48f1-8ad5-82fb66715b44 of framework dbfcd71c-47c4-4b7a-bdff-6335751ecebe-0000
I0314 19:33:47.424008 49952 slave.cpp:5718] Completing task 2d338dad-d913-48f1-8ad5-82fb66715b44
I0314 19:33:47.425010 49948 process.cpp:2494] Resuming (5478)@172.31.14.224:50909 at 2016-03-14 19:33:47.333786880+00:00
I0314 19:33:47.425137 49947 process.cpp:2494] Resuming (5477)@172.31.14.224:50909 at 2016-03-14 19:33:47.333786880+00:00
I0314 19:33:47.425163 49961 process.cpp:2494] Resuming (5476)@172.31.14.224:50909 at 2016-03-14 19:33:47.333786880+00:00
I0314 19:33:47.425214 49948 clock.cpp:435] Clock of (5510)@172.31.14.224:50909 updated to 2016-03-14 19:33:47.333786880+00:00
I0314 19:33:47.425292 49948 process.cpp:2484] Spawned process (5510)@172.31.14.224:50909
I0314 19:33:47.425300 49951 process.cpp:2494] Resuming (5510)@172.31.14.224:50909 at 2016-03-14 19:33:47.333786880+00:00
I0314 19:33:47.425386 49956 process.cpp:2494] Resuming __gc__@172.31.14.224:50909 at 2016-03-14 19:33:47.333786880+00:00
I0314 19:33:47.426619 49962 process.cpp:2494] Resuming (5494)@172.31.14.224:50909 at 2016-03-14 19:33:47.333786880+00:00
I0314 19:33:47.426664 49959 process.cpp:2494] Resuming (5492)@172.31.14.224:50909 at 2016-03-14 19:33:47.333786880+00:00
I0314 19:33:47.426702 49950 process.cpp:2494] Resuming (5490)@172.31.14.224:50909 at 2016-03-14 19:33:47.333786880+00:00
I0314 19:33:47.426806 49961 clock.cpp:435] Clock of (5511)@172.31.14.224:50909 updated to 2016-03-14 19:33:47.333786880+00:00
I0314 19:33:47.426909 49961 process.cpp:2484] Spawned process (5511)@172.31.14.224:50909
I0314 19:33:47.426906 49954 process.cpp:2494] Resuming __gc__@172.31.14.224:50909 at 2016-03-14 19:33:47.333786880+00:00
I0314 19:33:47.426923 49953 process.cpp:2494] Resuming (5511)@172.31.14.224:50909 at 2016-03-14 19:33:47.333786880+00:00
I0314 19:33:47.427196 49960 process.cpp:2494] Resuming (5476)@172.31.14.224:50909 at 2016-03-14 19:33:47.333786880+00:00
I0314 19:33:47.427284 49953 process.cpp:2599] Cleaning up (5511)@172.31.14.224:50909
I0314 19:33:47.427369 49954 process.cpp:2494] Resuming help@172.31.14.224:50909 at 2016-03-14 19:33:47.333786880+00:00
I0314 19:33:47.427409 49948 process.cpp:2494] Resuming (5510)@172.31.14.224:50909 at 2016-03-14 19:33:47.333786880+00:00
I0314 19:33:47.427467 49955 process.cpp:2494] Resuming __gc__@172.31.14.224:50909 at 2016-03-14 19:33:47.333786880+00:00
I0314 19:33:47.427626 49948 process.cpp:2599] Cleaning up (5510)@172.31.14.224:50909
I0314 19:33:47.427723 49957 process.cpp:2494] Resuming help@172.31.14.224:50909 at 2016-03-14 19:33:47.333786880+00:00
I0314 19:33:47.427753 49962 process.cpp:2494] Resuming __gc__@172.31.14.224:50909 at 2016-03-14 19:33:47.333786880+00:00
I0314 19:33:47.435119 49933 clock.cpp:361] Clock resumed at 0x3e6dce0
I0314 19:33:47.435175 49933 sched.cpp:1903] Asked to stop the driver
I0314 19:33:47.435263 49960 process.cpp:2494] Resuming scheduler-dd4dfebb-e14f-4a77-adef-b9fc081c293e@172.31.14.224:50909 at 2016-03-14 19:33:47.435254016+00:00
I0314 19:33:47.435267 49958 process.cpp:2494] Resuming reaper(1)@172.31.14.224:50909 at 2016-03-14 19:33:47.435258880+00:00
I0314 19:33:47.435325 49960 sched.cpp:1143] Stopping framework 'dbfcd71c-47c4-4b7a-bdff-6335751ecebe-0000'
I0314 19:33:47.435375 49960 pid.cpp:93] Attempting to parse 'master@172.31.14.224:50909' into a PID
I0314 19:33:47.435444 49956 process.cpp:2494] Resuming master@172.31.14.224:50909 at 2016-03-14 19:33:47.435435008+00:00
I0314 19:33:47.435559 49948 process.cpp:2494] Resuming __latch__(1953)@172.31.14.224:50909 at 2016-03-14 19:33:47.435549952+00:00
I0314 19:33:47.435571 49960 process.cpp:2599] Cleaning up scheduler-dd4dfebb-e14f-4a77-adef-b9fc081c293e@172.31.14.224:50909
I0314 19:33:47.435607 49956 master.cpp:5897] Processing TEARDOWN call for framework dbfcd71c-47c4-4b7a-bdff-6335751ecebe-0000 (default) at scheduler-dd4dfebb-e14f-4a77-adef-b9fc081c293e@172.31.14.224:50909
I0314 19:33:47.435600 49948 process.cpp:2599] Cleaning up __latch__(1953)@172.31.14.224:50909
I0314 19:33:47.435663 49962 process.cpp:2494] Resuming help@172.31.14.224:50909 at 2016-03-14 19:33:47.435653888+00:00
I0314 19:33:47.435650 49956 master.cpp:5909] Removing framework dbfcd71c-47c4-4b7a-bdff-6335751ecebe-0000 (default) at scheduler-dd4dfebb-e14f-4a77-adef-b9fc081c293e@172.31.14.224:50909
I0314 19:33:47.435807 49950 process.cpp:2494] Resuming help@172.31.14.224:50909 at 2016-03-14 19:33:47.435800064+00:00
I0314 19:33:47.435820 49960 process.cpp:2494] Resuming (5455)@172.31.14.224:50909 at 2016-03-14 19:33:47.435811072+00:00
I0314 19:33:47.435865 49957 process.cpp:2494] Resuming __gc__@172.31.14.224:50909 at 2016-03-14 19:33:47.435856896+00:00
I0314 19:33:47.435897 49960 hierarchical.cpp:375] Deactivated framework dbfcd71c-47c4-4b7a-bdff-6335751ecebe-0000
I0314 19:33:47.435968 49957 process.cpp:2494] Resuming slave(79)@172.31.14.224:50909 at 2016-03-14 19:33:47.435961088+00:00
I0314 19:33:47.435974 49962 process.cpp:2494] Resuming AuthenticationRouter(1)@172.31.14.224:50909 at 2016-03-14 19:33:47.435965952+00:00
I0314 19:33:47.436100 49949 process.cpp:2494] Resuming (5459)@172.31.14.224:50909 at 2016-03-14 19:33:47.436091904+00:00
I0314 19:33:47.436116 49957 slave.cpp:2079] Asked to shut down framework dbfcd71c-47c4-4b7a-bdff-6335751ecebe-0000 by master@172.31.14.224:50909
I0314 19:33:47.436184 49957 slave.cpp:2104] Shutting down framework dbfcd71c-47c4-4b7a-bdff-6335751ecebe-0000
I0314 19:33:47.436188 49949 process.cpp:2599] Cleaning up (5459)@172.31.14.224:50909
I0314 19:33:47.436259 49957 slave.cpp:4198] Shutting down executor '2d338dad-d913-48f1-8ad5-82fb66715b44' of framework dbfcd71c-47c4-4b7a-bdff-6335751ecebe-0000 at executor(1)@172.31.14.224:59163
I0314 19:33:47.436285 49952 process.cpp:2494] Resuming metrics@172.31.14.224:50909 at 2016-03-14 19:33:47.436275968+00:00
I0314 19:33:47.436295 49960 process.cpp:2494] Resuming help@172.31.14.224:50909 at 2016-03-14 19:33:47.436286976+00:00
I0314 19:33:47.436310 49948 process.cpp:2494] Resuming (5455)@172.31.14.224:50909 at 2016-03-14 19:33:47.436300032+00:00
I0314 19:33:47.436316 49956 master.cpp:1026] Master terminating
I0314 19:33:47.436511 49948 hierarchical.cpp:326] Removed framework dbfcd71c-47c4-4b7a-bdff-6335751ecebe-0000
I0314 19:33:47.436528 54441 pid.cpp:93] Attempting to parse 'slave(79)@172.31.14.224:50909' into a PID
I0314 19:33:47.436522 49957 process.cpp:2494] Resuming slave-observer(79)@172.31.14.224:50909 at 2016-03-14 19:33:47.436514048+00:00
I0314 19:33:47.436566 54441 process.cpp:612] Parsed message name 'mesos.internal.ShutdownExecutorMessage' for executor(1)@172.31.14.224:59163 from slave(79)@172.31.14.224:50909
I0314 19:33:47.436574 49957 process.cpp:2599] Cleaning up slave-observer(79)@172.31.14.224:50909
II0314 19:33:47.436636 49959 process.cpp:2494] Resuming help@172.31.14.224:50909 at 2016-03-14 19:33:47.436626944+00:00
0314 19:33:47.436636 54433 process.cpp:2494] Resuming executor(1)@172.31.14.224:59163 at 2016-03-14 19:33:47.436627968+00:00
I0314 19:33:47.436718 54433 exec.cpp:390] Executor asked to shutdown
I0314 19:33:47.436826 49948 hierarchical.cpp:505] Removed slave dbfcd71c-47c4-4b7a-bdff-6335751ecebe-S0
I0314 19:33:47.436823 54438 process.cpp:2494] Resuming __gc__@172.31.14.224:59163 at 2016-03-14 19:33:47.436813056+00:00
I0314 19:33:47.436823 54433 process.cpp:2484] Spawned process (3)@172.31.14.224:59163
I0314 19:33:47.436868 49961 process.cpp:2494] Resuming whitelist(79)@172.31.14.224:50909 at 2016-03-14 19:33:47.436854016+00:00
I0314 19:33:47.436843 54436 process.cpp:2494] Resuming (3)@172.31.14.224:59163 at 2016-03-14 19:33:47.436834048+00:00
I0314 19:33:47.436910 49961 process.cpp:2599] Cleaning up whitelist(79)@172.31.14.224:50909
I0314 19:33:47.436920 54433 exec.cpp:405] Executor::shutdown took 15256ns
I0314 19:33:47.436926 54436 exec.cpp:87] Scheduling shutdown of the executor in 5secs
I0314 19:33:47.436977 49960 process.cpp:2494] Resuming help@172.31.14.224:50909 at 2016-03-14 19:33:47.436966912+00:00
I0314 19:33:47.437053 49951 process.cpp:2494] Resuming crammd5_authenticator(79)@172.31.14.224:50909 at 2016-03-14 19:33:47.437046016+00:00
I0314 19:33:47.437094 49951 process.cpp:2599] Cleaning up crammd5_authenticator(79)@172.31.14.224:50909
I0314 19:33:47.437157 49952 process.cpp:2494] Resuming help@172.31.14.224:50909 at 2016-03-14 19:33:47.437148928+00:00
I0314 19:33:47.437216 49956 process.cpp:2599] Cleaning up master@172.31.14.224:50909
I0314 19:33:47.437319 49950 process.cpp:2494] Resuming help@172.31.14.224:50909 at 2016-03-14 19:33:47.437312000+00:00
I0314 19:33:47.437393 49949 process.cpp:2494] Resuming slave(79)@172.31.14.224:50909 at 2016-03-14 19:33:47.437380096+00:00
I0314 19:33:47.437445 49949 slave.cpp:3528] master@172.31.14.224:50909 exited
W0314 19:33:47.437471 49949 slave.cpp:3531] Master disconnected! Waiting for a new master to be elected
I0314 19:33:47.437470 49954 process.cpp:2494] Resuming metrics@172.31.14.224:50909 at 2016-03-14 19:33:47.437458944+00:00
I0314 19:33:47.438294 49958 process.cpp:2494] Resuming (5455)@172.31.14.224:50909 at 2016-03-14 19:33:47.438283008+00:00
I0314 19:33:47.438347 49958 process.cpp:2599] Cleaning up (5455)@172.31.14.224:50909
I0314 19:33:47.438423 49962 process.cpp:2494] Resuming help@172.31.14.224:50909 at 2016-03-14 19:33:47.438415104+00:00
I0314 19:33:47.438526 49961 process.cpp:2494] Resuming authorizer(79)@172.31.14.224:50909 at 2016-03-14 19:33:47.438518016+00:00

....
....
....
I0314 19:34:02.317438 49961 process.cpp:2494] Resuming reaper(1)@172.31.14.224:50909 at 2016-03-14 19:34:02.317424896+00:00
I0314 19:34:02.331591 49963 process.cpp:2451] Dropping event for process __waiter__(811)@172.31.14.224:50909
I0314 19:34:02.331672 49949 process.cpp:2494] Resuming (5517)@172.31.14.224:50909 at 2016-03-14 19:34:02.331662080+00:00
