I0707 18:06:59.534988 31536 leveldb.cpp:341] Persisting action (524 bytes) to leveldb took 70.884462ms
I0707 18:06:59.535076 31536 replica.cpp:712] Persisted action at 5
I0707 18:06:59.535125 31536 replica.cpp:697] Replica learned APPEND action at position 5
I0707 18:06:59.540696 31533 registrar.cpp:509] Successfully updated the 'registry' in 195.819008ms
I0707 18:06:59.541802 31533 log.cpp:596] Attempting to truncate the log to 5
I0707 18:06:59.544545 31533 coordinator.cpp:348] Coordinator attempting to write TRUNCATE action at position 6
I0707 18:06:59.545786 31536 master.cpp:4745] Registered agent 7892fbb2-1ac1-450f-8576-10c1df35f765-S1 at slave(3)@172.17.0.7:39581 (753c2ae3a486) with cpus(*):16; mem(*):47270; disk(*):3.70122e+06; ports(*):[31000-32000]
I0707 18:06:59.546710 31536 hierarchical.cpp:478] Added agent 7892fbb2-1ac1-450f-8576-10c1df35f765-S1 (753c2ae3a486) with cpus(*):16; mem(*):47270; disk(*):3.70122e+06; ports(*):[31000-32000] (allocated: )
I0707 18:06:59.547562 31536 hierarchical.cpp:1537] No allocations performed
I0707 18:06:59.547972 31536 hierarchical.cpp:1195] Performed allocation for agent 7892fbb2-1ac1-450f-8576-10c1df35f765-S1 in 540048ns
I0707 18:06:59.547883 31533 slave.cpp:1169] Registered with master master@172.17.0.7:39581; given agent ID 7892fbb2-1ac1-450f-8576-10c1df35f765-S1
I0707 18:06:59.549479 31533 fetcher.cpp:86] Clearing fetcher cache
I0707 18:06:59.549988 31533 slave.cpp:1192] Checkpointing SlaveInfo to '/tmp/mesos-IFR4rG/2/meta/slaves/7892fbb2-1ac1-450f-8576-10c1df35f765-S1/slave.info'
I0707 18:06:59.550889 31533 slave.cpp:1229] Forwarding total oversubscribed resources 
I0707 18:06:59.551502 31533 slave.cpp:3760] Received ping from slave-observer(2)@172.17.0.7:39581
I0707 18:06:59.550431 31536 replica.cpp:537] Replica received write request for position 6 from (56)@172.17.0.7:39581
I0707 18:06:59.551846 31533 status_update_manager.cpp:181] Resuming sending status updates
I0707 18:06:59.552496 31533 master.cpp:5128] Received update of agent 7892fbb2-1ac1-450f-8576-10c1df35f765-S1 at slave(3)@172.17.0.7:39581 (753c2ae3a486) with total oversubscribed resources 
I0707 18:06:59.552784 31533 hierarchical.cpp:542] Agent 7892fbb2-1ac1-450f-8576-10c1df35f765-S1 (753c2ae3a486) updated with oversubscribed resources  (total: cpus(*):16; mem(*):47270; disk(*):3.70122e+06; ports(*):[31000-32000], allocated: )
I0707 18:06:59.553241 31533 hierarchical.cpp:1537] No allocations performed
I0707 18:06:59.553311 31533 hierarchical.cpp:1195] Performed allocation for agent 7892fbb2-1ac1-450f-8576-10c1df35f765-S1 in 481606ns
I0707 18:06:59.586164 31536 leveldb.cpp:341] Persisting action (16 bytes) to leveldb took 34.414546ms
I0707 18:06:59.586247 31536 replica.cpp:712] Persisted action at 6
I0707 18:06:59.587699 31536 replica.cpp:691] Replica received learned notice for position 6 from @0.0.0.0:0
I0707 18:06:59.619674 31536 leveldb.cpp:341] Persisting action (18 bytes) to leveldb took 31.87307ms
I0707 18:06:59.619837 31536 leveldb.cpp:399] Deleting ~2 keys from leveldb took 82424ns
I0707 18:06:59.619864 31536 replica.cpp:712] Persisted action at 6
I0707 18:06:59.619913 31536 replica.cpp:697] Replica learned TRUNCATE action at position 6
I0707 18:07:00.026949 31524 slave.cpp:1529] Will retry registration in 2.762006963secs if necessary
I0707 18:07:00.027307 31524 master.cpp:4676] Registering agent at slave(1)@172.17.0.7:39581 (753c2ae3a486) with id 7892fbb2-1ac1-450f-8576-10c1df35f765-S2
I0707 18:07:00.028275 31525 registrar.cpp:464] Applied 1 operations in 158666ns; attempting to update the 'registry'
I0707 18:07:00.032213 31524 log.cpp:577] Attempting to append 669 bytes to the log
I0707 18:07:00.032482 31525 coordinator.cpp:348] Coordinator attempting to write APPEND action at position 7
I0707 18:07:00.034119 31525 replica.cpp:537] Replica received write request for position 7 from (57)@172.17.0.7:39581
I0707 18:07:00.048461 31525 leveldb.cpp:341] Persisting action (688 bytes) to leveldb took 14.18893ms
I0707 18:07:00.048629 31525 replica.cpp:712] Persisted action at 7
I0707 18:07:00.050050 31530 replica.cpp:691] Replica received learned notice for position 7 from @0.0.0.0:0
I0707 18:07:00.113382 31530 leveldb.cpp:341] Persisting action (690 bytes) to leveldb took 63.230657ms
I0707 18:07:00.113576 31530 replica.cpp:712] Persisted action at 7
I0707 18:07:00.113853 31530 replica.cpp:697] Replica learned APPEND action at position 7
I0707 18:07:00.117030 31526 registrar.cpp:509] Successfully updated the 'registry' in 88.66816ms
I0707 18:07:00.117674 31530 log.cpp:596] Attempting to truncate the log to 7
I0707 18:07:00.117910 31528 coordinator.cpp:348] Coordinator attempting to write TRUNCATE action at position 8
I0707 18:07:00.118896 31526 master.cpp:4745] Registered agent 7892fbb2-1ac1-450f-8576-10c1df35f765-S2 at slave(1)@172.17.0.7:39581 (753c2ae3a486) with cpus(*):16; mem(*):47270; disk(*):3.70122e+06; ports(*):[31000-32000]
I0707 18:07:00.119174 31526 replica.cpp:537] Replica received write request for position 8 from (58)@172.17.0.7:39581
I0707 18:07:00.119213 31531 slave.cpp:1169] Registered with master master@172.17.0.7:39581; given agent ID 7892fbb2-1ac1-450f-8576-10c1df35f765-S2
I0707 18:07:00.119254 31531 fetcher.cpp:86] Clearing fetcher cache
I0707 18:07:00.119482 31527 status_update_manager.cpp:181] Resuming sending status updates
I0707 18:07:00.119736 31531 slave.cpp:1192] Checkpointing SlaveInfo to '/tmp/mesos-IFR4rG/0/meta/slaves/7892fbb2-1ac1-450f-8576-10c1df35f765-S2/slave.info'
I0707 18:07:00.120182 31531 slave.cpp:1229] Forwarding total oversubscribed resources 
I0707 18:07:00.120273 31531 slave.cpp:3760] Received ping from slave-observer(3)@172.17.0.7:39581
I0707 18:07:00.120461 31531 master.cpp:5128] Received update of agent 7892fbb2-1ac1-450f-8576-10c1df35f765-S2 at slave(1)@172.17.0.7:39581 (753c2ae3a486) with total oversubscribed resources 
I0707 18:07:00.120740 31539 hierarchical.cpp:478] Added agent 7892fbb2-1ac1-450f-8576-10c1df35f765-S2 (753c2ae3a486) with cpus(*):16; mem(*):47270; disk(*):3.70122e+06; ports(*):[31000-32000] (allocated: )
I0707 18:07:00.120904 31539 hierarchical.cpp:1537] No allocations performed
I0707 18:07:00.121006 31539 hierarchical.cpp:1195] Performed allocation for agent 7892fbb2-1ac1-450f-8576-10c1df35f765-S2 in 222368ns
I0707 18:07:00.121196 31539 hierarchical.cpp:542] Agent 7892fbb2-1ac1-450f-8576-10c1df35f765-S2 (753c2ae3a486) updated with oversubscribed resources  (total: cpus(*):16; mem(*):47270; disk(*):3.70122e+06; ports(*):[31000-32000], allocated: )
I0707 18:07:00.121511 31539 hierarchical.cpp:1537] No allocations performed
I0707 18:07:00.121609 31539 hierarchical.cpp:1195] Performed allocation for agent 7892fbb2-1ac1-450f-8576-10c1df35f765-S2 in 178299ns
I0707 18:07:00.168759 31526 leveldb.cpp:341] Persisting action (16 bytes) to leveldb took 49.379822ms
I0707 18:07:00.168941 31526 replica.cpp:712] Persisted action at 8
I0707 18:07:00.173840 31535 replica.cpp:691] Replica received learned notice for position 8 from @0.0.0.0:0
I0707 18:07:00.227267 31535 leveldb.cpp:341] Persisting action (18 bytes) to leveldb took 53.368171ms
I0707 18:07:00.227453 31535 leveldb.cpp:399] Deleting ~2 keys from leveldb took 98129ns
I0707 18:07:00.227483 31535 replica.cpp:712] Persisted action at 8
I0707 18:07:00.227536 31535 replica.cpp:697] Replica learned TRUNCATE action at position 8
I0707 18:07:00.264490 31537 hierarchical.cpp:1537] No allocations performed
I0707 18:07:00.264606 31537 hierarchical.cpp:1172] Performed allocation for 3 agents in 410062ns
I0707 18:07:00.606685 31537 sched.cpp:820] Sending SUBSCRIBE call to master@172.17.0.7:39581
I0707 18:07:00.606863 31537 sched.cpp:853] Will retry registration in 3.19389747secs if necessary
I0707 18:07:00.607161 31537 master.cpp:2550] Received SUBSCRIBE call for framework 'Dynamic Reservation Framework (C++)' at scheduler-c51aa6e6-f5b6-4bfc-982c-9a71ea56a862@172.17.0.7:39581
I0707 18:07:00.607316 31537 master.cpp:2012] Authorizing framework principal 'test' to receive offers for role 'test'
I0707 18:07:00.608633 31537 master.cpp:2626] Subscribing framework Dynamic Reservation Framework (C++) with checkpointing disabled and capabilities [  ]
I0707 18:07:00.610199 31535 hierarchical.cpp:271] Added framework 7892fbb2-1ac1-450f-8576-10c1df35f765-0000
I0707 18:07:00.611109 31537 sched.cpp:743] Framework registered with 7892fbb2-1ac1-450f-8576-10c1df35f765-0000
I0707 18:07:00.611136 31537 dynamic_reservation_framework.cpp:73] Registered!
I0707 18:07:00.611152 31537 sched.cpp:757] Scheduler::registered took 18259ns
I0707 18:07:00.613695 31535 hierarchical.cpp:1632] No inverse offers to send out!
I0707 18:07:00.613819 31535 hierarchical.cpp:1172] Performed allocation for 3 agents in 3.590355ms
I0707 18:07:00.615160 31535 master.cpp:5835] Sending 3 offers to framework 7892fbb2-1ac1-450f-8576-10c1df35f765-0000 (Dynamic Reservation Framework (C++)) at scheduler-c51aa6e6-f5b6-4bfc-982c-9a71ea56a862@172.17.0.7:39581
I0707 18:07:00.616071 31535 dynamic_reservation_framework.cpp:84] Received offer 7892fbb2-1ac1-450f-8576-10c1df35f765-O0 with cpus(*):16; mem(*):47270; disk(*):3.70122e+06; ports(*):[31000-32000]
I0707 18:07:00.616686 31535 dynamic_reservation_framework.cpp:84] Received offer 7892fbb2-1ac1-450f-8576-10c1df35f765-O1 with cpus(*):16; mem(*):47270; disk(*):3.70122e+06; ports(*):[31000-32000]
I0707 18:07:00.617288 31535 dynamic_reservation_framework.cpp:84] Received offer 7892fbb2-1ac1-450f-8576-10c1df35f765-O2 with cpus(*):16; mem(*):47270; disk(*):3.70122e+06; ports(*):[31000-32000]
I0707 18:07:00.617588 31535 sched.cpp:917] Scheduler::resourceOffers took 1.516257ms
I0707 18:07:00.619355 31531 master.cpp:3468] Processing ACCEPT call for offers: [ 7892fbb2-1ac1-450f-8576-10c1df35f765-O0 ] on agent 7892fbb2-1ac1-450f-8576-10c1df35f765-S2 at slave(1)@172.17.0.7:39581 (753c2ae3a486) for framework 7892fbb2-1ac1-450f-8576-10c1df35f765-0000 (Dynamic Reservation Framework (C++)) at scheduler-c51aa6e6-f5b6-4bfc-982c-9a71ea56a862@172.17.0.7:39581
I0707 18:07:00.619647 31531 master.cpp:3144] Authorizing principal 'test' to reserve resources 'cpus(test, test):1; mem(test, test):128'
I0707 18:07:00.621302 31531 master.cpp:3468] Processing ACCEPT call for offers: [ 7892fbb2-1ac1-450f-8576-10c1df35f765-O1 ] on agent 7892fbb2-1ac1-450f-8576-10c1df35f765-S1 at slave(3)@172.17.0.7:39581 (753c2ae3a486) for framework 7892fbb2-1ac1-450f-8576-10c1df35f765-0000 (Dynamic Reservation Framework (C++)) at scheduler-c51aa6e6-f5b6-4bfc-982c-9a71ea56a862@172.17.0.7:39581
I0707 18:07:00.621472 31531 master.cpp:3144] Authorizing principal 'test' to reserve resources 'cpus(test, test):1; mem(test, test):128'
I0707 18:07:00.622601 31531 master.cpp:3468] Processing ACCEPT call for offers: [ 7892fbb2-1ac1-450f-8576-10c1df35f765-O2 ] on agent 7892fbb2-1ac1-450f-8576-10c1df35f765-S0 at slave(2)@172.17.0.7:39581 (753c2ae3a486) for framework 7892fbb2-1ac1-450f-8576-10c1df35f765-0000 (Dynamic Reservation Framework (C++)) at scheduler-c51aa6e6-f5b6-4bfc-982c-9a71ea56a862@172.17.0.7:39581
I0707 18:07:00.622714 31531 master.cpp:3144] Authorizing principal 'test' to reserve resources 'cpus(test, test):1; mem(test, test):128'
I0707 18:07:00.623579 31531 master.cpp:3695] Applying RESERVE operation for resources cpus(test, test):1; mem(test, test):128 from framework 7892fbb2-1ac1-450f-8576-10c1df35f765-0000 (Dynamic Reservation Framework (C++)) at scheduler-c51aa6e6-f5b6-4bfc-982c-9a71ea56a862@172.17.0.7:39581 to agent 7892fbb2-1ac1-450f-8576-10c1df35f765-S2 at slave(1)@172.17.0.7:39581 (753c2ae3a486)
I0707 18:07:00.624171 31531 master.cpp:7098] Sending checkpointed resources cpus(test, test):1; mem(test, test):128 to agent 7892fbb2-1ac1-450f-8576-10c1df35f765-S2 at slave(1)@172.17.0.7:39581 (753c2ae3a486)
I0707 18:07:00.624826 31531 master.cpp:3695] Applying RESERVE operation for resources cpus(test, test):1; mem(test, test):128 from framework 7892fbb2-1ac1-450f-8576-10c1df35f765-0000 (Dynamic Reservation Framework (C++)) at scheduler-c51aa6e6-f5b6-4bfc-982c-9a71ea56a862@172.17.0.7:39581 to agent 7892fbb2-1ac1-450f-8576-10c1df35f765-S1 at slave(3)@172.17.0.7:39581 (753c2ae3a486)
I0707 18:07:00.625102 31524 slave.cpp:2600] Updated checkpointed resources from  to cpus(test, test):1; mem(test, test):128
I0707 18:07:00.625347 31531 master.cpp:7098] Sending checkpointed resources cpus(test, test):1; mem(test, test):128 to agent 7892fbb2-1ac1-450f-8576-10c1df35f765-S1 at slave(3)@172.17.0.7:39581 (753c2ae3a486)
I0707 18:07:00.625932 31531 master.cpp:3695] Applying RESERVE operation for resources cpus(test, test):1; mem(test, test):128 from framework 7892fbb2-1ac1-450f-8576-10c1df35f765-0000 (Dynamic Reservation Framework (C++)) at scheduler-c51aa6e6-f5b6-4bfc-982c-9a71ea56a862@172.17.0.7:39581 to agent 7892fbb2-1ac1-450f-8576-10c1df35f765-S0 at slave(2)@172.17.0.7:39581 (753c2ae3a486)
I0707 18:07:00.626421 31531 master.cpp:7098] Sending checkpointed resources cpus(test, test):1; mem(test, test):128 to agent 7892fbb2-1ac1-450f-8576-10c1df35f765-S0 at slave(2)@172.17.0.7:39581 (753c2ae3a486)
I0707 18:07:00.626845 31537 slave.cpp:2600] Updated checkpointed resources from  to cpus(test, test):1; mem(test, test):128
I0707 18:07:00.627255 31538 hierarchical.cpp:683] Updated allocation of framework 7892fbb2-1ac1-450f-8576-10c1df35f765-0000 on agent 7892fbb2-1ac1-450f-8576-10c1df35f765-S2 from cpus(*):16; mem(*):47270; disk(*):3.70122e+06; ports(*):[31000-32000] to cpus(*):15; mem(*):47142; disk(*):3.70122e+06; ports(*):[31000-32000]; cpus(test, test):1; mem(test, test):128
I0707 18:07:00.627341 31531 slave.cpp:2600] Updated checkpointed resources from  to cpus(test, test):1; mem(test, test):128
I0707 18:07:00.628175 31538 hierarchical.cpp:924] Recovered cpus(*):15; mem(*):47142; disk(*):3.70122e+06; ports(*):[31000-32000]; cpus(test, test):1; mem(test, test):128 (total: cpus(*):15; mem(*):47142; disk(*):3.70122e+06; ports(*):[31000-32000]; cpus(test, test):1; mem(test, test):128, allocated: ) on agent 7892fbb2-1ac1-450f-8576-10c1df35f765-S2 from framework 7892fbb2-1ac1-450f-8576-10c1df35f765-0000
I0707 18:07:00.630285 31538 hierarchical.cpp:683] Updated allocation of framework 7892fbb2-1ac1-450f-8576-10c1df35f765-0000 on agent 7892fbb2-1ac1-450f-8576-10c1df35f765-S1 from cpus(*):16; mem(*):47270; disk(*):3.70122e+06; ports(*):[31000-32000] to cpus(*):15; mem(*):47142; disk(*):3.70122e+06; ports(*):[31000-32000]; cpus(test, test):1; mem(test, test):128
I0707 18:07:00.631186 31538 hierarchical.cpp:924] Recovered cpus(*):15; mem(*):47142; disk(*):3.70122e+06; ports(*):[31000-32000]; cpus(test, test):1; mem(test, test):128 (total: cpus(*):15; mem(*):47142; disk(*):3.70122e+06; ports(*):[31000-32000]; cpus(test, test):1; mem(test, test):128, allocated: ) on agent 7892fbb2-1ac1-450f-8576-10c1df35f765-S1 from framework 7892fbb2-1ac1-450f-8576-10c1df35f765-0000
I0707 18:07:00.633533 31538 hierarchical.cpp:683] Updated allocation of framework 7892fbb2-1ac1-450f-8576-10c1df35f765-0000 on agent 7892fbb2-1ac1-450f-8576-10c1df35f765-S0 from cpus(*):16; mem(*):47270; disk(*):3.70122e+06; ports(*):[31000-32000] to cpus(*):15; mem(*):47142; disk(*):3.70122e+06; ports(*):[31000-32000]; cpus(test, test):1; mem(test, test):128
I0707 18:07:00.634449 31538 hierarchical.cpp:924] Recovered cpus(*):15; mem(*):47142; disk(*):3.70122e+06; ports(*):[31000-32000]; cpus(test, test):1; mem(test, test):128 (total: cpus(*):15; mem(*):47142; disk(*):3.70122e+06; ports(*):[31000-32000]; cpus(test, test):1; mem(test, test):128, allocated: ) on agent 7892fbb2-1ac1-450f-8576-10c1df35f765-S0 from framework 7892fbb2-1ac1-450f-8576-10c1df35f765-0000
I0707 18:07:01.268144 31537 hierarchical.cpp:1632] No inverse offers to send out!
I0707 18:07:01.268594 31537 hierarchical.cpp:1172] Performed allocation for 3 agents in 3.471848ms
I0707 18:07:01.269795 31532 master.cpp:5835] Sending 3 offers to framework 7892fbb2-1ac1-450f-8576-10c1df35f765-0000 (Dynamic Reservation Framework (C++)) at scheduler-c51aa6e6-f5b6-4bfc-982c-9a71ea56a862@172.17.0.7:39581
I0707 18:07:01.272722 31532 dynamic_reservation_framework.cpp:84] Received offer 7892fbb2-1ac1-450f-8576-10c1df35f765-O3 with cpus(test, test):1; mem(test, test):128; cpus(*):15; mem(*):47142; disk(*):3.70122e+06; ports(*):[31000-32000]
I0707 18:07:01.273185 31532 dynamic_reservation_framework.cpp:150] Launching task 0 using offer 7892fbb2-1ac1-450f-8576-10c1df35f765-O3
I0707 18:07:01.274802 31532 dynamic_reservation_framework.cpp:84] Received offer 7892fbb2-1ac1-450f-8576-10c1df35f765-O4 with cpus(test, test):1; mem(test, test):128; cpus(*):15; mem(*):47142; disk(*):3.70122e+06; ports(*):[31000-32000]
I0707 18:07:01.275229 31532 dynamic_reservation_framework.cpp:150] Launching task 1 using offer 7892fbb2-1ac1-450f-8576-10c1df35f765-O4
I0707 18:07:01.275583 31532 dynamic_reservation_framework.cpp:84] Received offer 7892fbb2-1ac1-450f-8576-10c1df35f765-O5 with cpus(test, test):1; mem(test, test):128; cpus(*):15; mem(*):47142; disk(*):3.70122e+06; ports(*):[31000-32000]
I0707 18:07:01.276630 31532 dynamic_reservation_framework.cpp:150] Launching task 2 using offer 7892fbb2-1ac1-450f-8576-10c1df35f765-O5
I0707 18:07:01.277556 31532 sched.cpp:917] Scheduler::resourceOffers took 4.841343ms
I0707 18:07:01.279577 31529 master.cpp:3468] Processing ACCEPT call for offers: [ 7892fbb2-1ac1-450f-8576-10c1df35f765-O3 ] on agent 7892fbb2-1ac1-450f-8576-10c1df35f765-S0 at slave(2)@172.17.0.7:39581 (753c2ae3a486) for framework 7892fbb2-1ac1-450f-8576-10c1df35f765-0000 (Dynamic Reservation Framework (C++)) at scheduler-c51aa6e6-f5b6-4bfc-982c-9a71ea56a862@172.17.0.7:39581
I0707 18:07:01.279718 31529 master.cpp:3106] Authorizing framework principal 'test' to launch task 0
I0707 18:07:01.282876 31529 master.cpp:3468] Processing ACCEPT call for offers: [ 7892fbb2-1ac1-450f-8576-10c1df35f765-O4 ] on agent 7892fbb2-1ac1-450f-8576-10c1df35f765-S1 at slave(3)@172.17.0.7:39581 (753c2ae3a486) for framework 7892fbb2-1ac1-450f-8576-10c1df35f765-0000 (Dynamic Reservation Framework (C++)) at scheduler-c51aa6e6-f5b6-4bfc-982c-9a71ea56a862@172.17.0.7:39581
I0707 18:07:01.282953 31529 master.cpp:3106] Authorizing framework principal 'test' to launch task 1
I0707 18:07:01.287205 31529 master.cpp:3468] Processing ACCEPT call for offers: [ 7892fbb2-1ac1-450f-8576-10c1df35f765-O5 ] on agent 7892fbb2-1ac1-450f-8576-10c1df35f765-S2 at slave(1)@172.17.0.7:39581 (753c2ae3a486) for framework 7892fbb2-1ac1-450f-8576-10c1df35f765-0000 (Dynamic Reservation Framework (C++)) at scheduler-c51aa6e6-f5b6-4bfc-982c-9a71ea56a862@172.17.0.7:39581
I0707 18:07:01.287295 31529 master.cpp:3106] Authorizing framework principal 'test' to launch task 2
I0707 18:07:01.292567 31529 master.cpp:7565] Adding task 0 with resources cpus(test, test):1; mem(test, test):128 on agent 7892fbb2-1ac1-450f-8576-10c1df35f765-S0 (753c2ae3a486)
I0707 18:07:01.292743 31529 master.cpp:3957] Launching task 0 of framework 7892fbb2-1ac1-450f-8576-10c1df35f765-0000 (Dynamic Reservation Framework (C++)) at scheduler-c51aa6e6-f5b6-4bfc-982c-9a71ea56a862@172.17.0.7:39581 with resources cpus(test, test):1; mem(test, test):128 on agent 7892fbb2-1ac1-450f-8576-10c1df35f765-S0 at slave(2)@172.17.0.7:39581 (753c2ae3a486)
I0707 18:07:01.294683 31539 slave.cpp:1569] Got assigned task 0 for framework 7892fbb2-1ac1-450f-8576-10c1df35f765-0000
I0707 18:07:01.295222 31539 resources.cpp:572] Parsing resources as JSON failed: cpus:0.1;mem:32
Trying semicolon-delimited string format instead
I0707 18:07:01.297250 31532 hierarchical.cpp:924] Recovered ports(*):[31000-32000]; disk(*):3.70122e+06; cpus(*):15; mem(*):47142 (total: cpus(*):15; mem(*):47142; disk(*):3.70122e+06; ports(*):[31000-32000]; cpus(test, test):1; mem(test, test):128, allocated: cpus(test, test):1; mem(test, test):128) on agent 7892fbb2-1ac1-450f-8576-10c1df35f765-S0 from framework 7892fbb2-1ac1-450f-8576-10c1df35f765-0000
I0707 18:07:01.298192 31539 slave.cpp:1688] Launching task 0 for framework 7892fbb2-1ac1-450f-8576-10c1df35f765-0000
I0707 18:07:01.298318 31539 resources.cpp:572] Parsing resources as JSON failed: cpus:0.1;mem:32
Trying semicolon-delimited string format instead
I0707 18:07:01.302230 31529 master.cpp:7565] Adding task 1 with resources cpus(test, test):1; mem(test, test):128 on agent 7892fbb2-1ac1-450f-8576-10c1df35f765-S1 (753c2ae3a486)
I0707 18:07:01.303160 31539 paths.cpp:528] Trying to chown '/tmp/mesos-IFR4rG/1/slaves/7892fbb2-1ac1-450f-8576-10c1df35f765-S0/frameworks/7892fbb2-1ac1-450f-8576-10c1df35f765-0000/executors/0/runs/bdca1a15-bdb1-45bb-b19e-df07fb74e5db' to user 'mesos'
I0707 18:07:01.302377 31529 master.cpp:3957] Launching task 1 of framework 7892fbb2-1ac1-450f-8576-10c1df35f765-0000 (Dynamic Reservation Framework (C++)) at scheduler-c51aa6e6-f5b6-4bfc-982c-9a71ea56a862@172.17.0.7:39581 with resources cpus(test, test):1; mem(test, test):128 on agent 7892fbb2-1ac1-450f-8576-10c1df35f765-S1 at slave(3)@172.17.0.7:39581 (753c2ae3a486)
I0707 18:07:01.304913 31527 slave.cpp:1569] Got assigned task 1 for framework 7892fbb2-1ac1-450f-8576-10c1df35f765-0000
I0707 18:07:01.305199 31527 resources.cpp:572] Parsing resources as JSON failed: cpus:0.1;mem:32
Trying semicolon-delimited string format instead
I0707 18:07:01.307775 31539 slave.cpp:5748] Launching executor 0 of framework 7892fbb2-1ac1-450f-8576-10c1df35f765-0000 with resources cpus(*):0.1; mem(*):32 in work directory '/tmp/mesos-IFR4rG/1/slaves/7892fbb2-1ac1-450f-8576-10c1df35f765-S0/frameworks/7892fbb2-1ac1-450f-8576-10c1df35f765-0000/executors/0/runs/bdca1a15-bdb1-45bb-b19e-df07fb74e5db'
I0707 18:07:01.309219 31527 slave.cpp:1688] Launching task 1 for framework 7892fbb2-1ac1-450f-8576-10c1df35f765-0000
I0707 18:07:01.309334 31527 resources.cpp:572] Parsing resources as JSON failed: cpus:0.1;mem:32
Trying semicolon-delimited string format instead
I0707 18:07:01.309659 31536 containerizer.cpp:781] Starting container 'bdca1a15-bdb1-45bb-b19e-df07fb74e5db' for executor '0' of framework '7892fbb2-1ac1-450f-8576-10c1df35f765-0000'
I0707 18:07:01.312726 31539 slave.cpp:1914] Queuing task '0' for executor '0' of framework 7892fbb2-1ac1-450f-8576-10c1df35f765-0000
I0707 18:07:01.312937 31539 slave.cpp:922] Successfully attached file '/tmp/mesos-IFR4rG/1/slaves/7892fbb2-1ac1-450f-8576-10c1df35f765-S0/frameworks/7892fbb2-1ac1-450f-8576-10c1df35f765-0000/executors/0/runs/bdca1a15-bdb1-45bb-b19e-df07fb74e5db'
I0707 18:07:01.317831 31528 hierarchical.cpp:924] Recovered ports(*):[31000-32000]; disk(*):3.70122e+06; cpus(*):15; mem(*):47142 (total: cpus(*):15; mem(*):47142; disk(*):3.70122e+06; ports(*):[31000-32000]; cpus(test, test):1; mem(test, test):128, allocated: cpus(test, test):1; mem(test, test):128) on agent 7892fbb2-1ac1-450f-8576-10c1df35f765-S1 from framework 7892fbb2-1ac1-450f-8576-10c1df35f765-0000
I0707 18:07:01.319255 31529 master.cpp:7565] Adding task 2 with resources cpus(test, test):1; mem(test, test):128 on agent 7892fbb2-1ac1-450f-8576-10c1df35f765-S2 (753c2ae3a486)
I0707 18:07:01.319463 31529 master.cpp:3957] Launching task 2 of framework 7892fbb2-1ac1-450f-8576-10c1df35f765-0000 (Dynamic Reservation Framework (C++)) at scheduler-c51aa6e6-f5b6-4bfc-982c-9a71ea56a862@172.17.0.7:39581 with resources cpus(test, test):1; mem(test, test):128 on agent 7892fbb2-1ac1-450f-8576-10c1df35f765-S2 at slave(1)@172.17.0.7:39581 (753c2ae3a486)
I0707 18:07:01.319934 31526 slave.cpp:1569] Got assigned task 2 for framework 7892fbb2-1ac1-450f-8576-10c1df35f765-0000
I0707 18:07:01.320222 31526 resources.cpp:572] Parsing resources as JSON failed: cpus:0.1;mem:32
Trying semicolon-delimited string format instead
I0707 18:07:01.320818 31526 slave.cpp:1688] Launching task 2 for framework 7892fbb2-1ac1-450f-8576-10c1df35f765-0000
I0707 18:07:01.320926 31526 resources.cpp:572] Parsing resources as JSON failed: cpus:0.1;mem:32
Trying semicolon-delimited string format instead
I0707 18:07:01.322808 31524 containerizer.cpp:1284] Launching 'mesos-containerizer' with flags '--command="{"arguments":["mesos-executor","--launcher_dir=\/mesos\/mesos-1.0.0\/_build\/src"],"shell":false,"value":"\/mesos\/mesos-1.0.0\/_build\/src\/mesos-executor"}" --help="false" --pipe_read="12" --pipe_write="13" --pre_exec_commands="[]" --unshare_namespace_mnt="false" --user="mesos" --working_directory="/tmp/mesos-IFR4rG/1/slaves/7892fbb2-1ac1-450f-8576-10c1df35f765-S0/frameworks/7892fbb2-1ac1-450f-8576-10c1df35f765-0000/executors/0/runs/bdca1a15-bdb1-45bb-b19e-df07fb74e5db"'
I0707 18:07:01.325748 31524 launcher.cpp:126] Forked child with pid '31544' for container 'bdca1a15-bdb1-45bb-b19e-df07fb74e5db'
I0707 18:07:01.328867 31533 hierarchical.cpp:924] Recovered ports(*):[31000-32000]; disk(*):3.70122e+06; cpus(*):15; mem(*):47142 (total: cpus(*):15; mem(*):47142; disk(*):3.70122e+06; ports(*):[31000-32000]; cpus(test, test):1; mem(test, test):128, allocated: cpus(test, test):1; mem(test, test):128) on agent 7892fbb2-1ac1-450f-8576-10c1df35f765-S2 from framework 7892fbb2-1ac1-450f-8576-10c1df35f765-0000
I0707 18:07:01.351835 31526 paths.cpp:528] Trying to chown '/tmp/mesos-IFR4rG/0/slaves/7892fbb2-1ac1-450f-8576-10c1df35f765-S2/frameworks/7892fbb2-1ac1-450f-8576-10c1df35f765-0000/executors/2/runs/cffaea8f-effc-4388-902d-1ae39d1e5bfb' to user 'mesos'
I0707 18:07:01.353647 31527 paths.cpp:528] Trying to chown '/tmp/mesos-IFR4rG/2/slaves/7892fbb2-1ac1-450f-8576-10c1df35f765-S1/frameworks/7892fbb2-1ac1-450f-8576-10c1df35f765-0000/executors/1/runs/cde8072a-fc80-426d-833f-57e3cf50f368' to user 'mesos'
I0707 18:07:01.360844 31526 slave.cpp:5748] Launching executor 2 of framework 7892fbb2-1ac1-450f-8576-10c1df35f765-0000 with resources cpus(*):0.1; mem(*):32 in work directory '/tmp/mesos-IFR4rG/0/slaves/7892fbb2-1ac1-450f-8576-10c1df35f765-S2/frameworks/7892fbb2-1ac1-450f-8576-10c1df35f765-0000/executors/2/runs/cffaea8f-effc-4388-902d-1ae39d1e5bfb'
I0707 18:07:01.362640 31525 containerizer.cpp:781] Starting container 'cffaea8f-effc-4388-902d-1ae39d1e5bfb' for executor '2' of framework '7892fbb2-1ac1-450f-8576-10c1df35f765-0000'
I0707 18:07:01.370136 31525 containerizer.cpp:1284] Launching 'mesos-containerizer' with flags '--command="{"arguments":["mesos-executor","--launcher_dir=\/mesos\/mesos-1.0.0\/_build\/src"],"shell":false,"value":"\/mesos\/mesos-1.0.0\/_build\/src\/mesos-executor"}" --help="false" --pipe_read="9" --pipe_write="12" --pre_exec_commands="[]" --unshare_namespace_mnt="false" --user="mesos" --working_directory="/tmp/mesos-IFR4rG/0/slaves/7892fbb2-1ac1-450f-8576-10c1df35f765-S2/frameworks/7892fbb2-1ac1-450f-8576-10c1df35f765-0000/executors/2/runs/cffaea8f-effc-4388-902d-1ae39d1e5bfb"'
I0707 18:07:01.370545 31526 slave.cpp:1914] Queuing task '2' for executor '2' of framework 7892fbb2-1ac1-450f-8576-10c1df35f765-0000
I0707 18:07:01.370671 31526 slave.cpp:922] Successfully attached file '/tmp/mesos-IFR4rG/0/slaves/7892fbb2-1ac1-450f-8576-10c1df35f765-S2/frameworks/7892fbb2-1ac1-450f-8576-10c1df35f765-0000/executors/2/runs/cffaea8f-effc-4388-902d-1ae39d1e5bfb'
I0707 18:07:01.372215 31525 launcher.cpp:126] Forked child with pid '31562' for container 'cffaea8f-effc-4388-902d-1ae39d1e5bfb'
I0707 18:07:01.385299 31527 slave.cpp:5748] Launching executor 1 of framework 7892fbb2-1ac1-450f-8576-10c1df35f765-0000 with resources cpus(*):0.1; mem(*):32 in work directory '/tmp/mesos-IFR4rG/2/slaves/7892fbb2-1ac1-450f-8576-10c1df35f765-S1/frameworks/7892fbb2-1ac1-450f-8576-10c1df35f765-0000/executors/1/runs/cde8072a-fc80-426d-833f-57e3cf50f368'
I0707 18:07:01.386274 31527 slave.cpp:1914] Queuing task '1' for executor '1' of framework 7892fbb2-1ac1-450f-8576-10c1df35f765-0000
I0707 18:07:01.387212 31527 slave.cpp:922] Successfully attached file '/tmp/mesos-IFR4rG/2/slaves/7892fbb2-1ac1-450f-8576-10c1df35f765-S1/frameworks/7892fbb2-1ac1-450f-8576-10c1df35f765-0000/executors/1/runs/cde8072a-fc80-426d-833f-57e3cf50f368'
I0707 18:07:01.386729 31536 containerizer.cpp:781] Starting container 'cde8072a-fc80-426d-833f-57e3cf50f368' for executor '1' of framework '7892fbb2-1ac1-450f-8576-10c1df35f765-0000'
I0707 18:07:01.393424 31530 containerizer.cpp:1284] Launching 'mesos-containerizer' with flags '--command="{"arguments":["mesos-executor","--launcher_dir=\/mesos\/mesos-1.0.0\/_build\/src"],"shell":false,"value":"\/mesos\/mesos-1.0.0\/_build\/src\/mesos-executor"}" --help="false" --pipe_read="9" --pipe_write="12" --pre_exec_commands="[]" --unshare_namespace_mnt="false" --user="mesos" --working_directory="/tmp/mesos-IFR4rG/2/slaves/7892fbb2-1ac1-450f-8576-10c1df35f765-S1/frameworks/7892fbb2-1ac1-450f-8576-10c1df35f765-0000/executors/1/runs/cde8072a-fc80-426d-833f-57e3cf50f368"'
I0707 18:07:01.395277 31530 launcher.cpp:126] Forked child with pid '31567' for container 'cde8072a-fc80-426d-833f-57e3cf50f368'
I0707 18:07:01.597575 31544 exec.cpp:161] Version: 1.0.0
I0707 18:07:01.603597 31530 slave.cpp:2902] Got registration for executor '0' of framework 7892fbb2-1ac1-450f-8576-10c1df35f765-0000 from executor(1)@172.17.0.7:59475
I0707 18:07:01.610890 31530 slave.cpp:2079] Sending queued task '0' to executor '0' of framework 7892fbb2-1ac1-450f-8576-10c1df35f765-0000 at executor(1)@172.17.0.7:59475
I0707 18:07:01.610896 31623 exec.cpp:236] Executor registered on agent 7892fbb2-1ac1-450f-8576-10c1df35f765-S0
Received SUBSCRIBED event
Subscribed executor on 753c2ae3a486
Received LAUNCH event
Starting task 0
/mesos/mesos-1.0.0/_build/src/mesos-containerizer launch --command="{"shell":true,"value":"echo hello"}" --help="false" --unshare_namespace_mnt="false"
Forked command at 31646
I0707 18:07:01.638350 31527 slave.cpp:3285] Handling status update TASK_RUNNING (UUID: 24b1f98c-f325-4ecc-b839-07580dcccd52) for task 0 of framework 7892fbb2-1ac1-450f-8576-10c1df35f765-0000 from executor(1)@172.17.0.7:59475
I0707 18:07:01.643460 31532 status_update_manager.cpp:320] Received status update TASK_RUNNING (UUID: 24b1f98c-f325-4ecc-b839-07580dcccd52) for task 0 of framework 7892fbb2-1ac1-450f-8576-10c1df35f765-0000
I0707 18:07:01.643530 31532 status_update_manager.cpp:497] Creating StatusUpdate stream for task 0 of framework 7892fbb2-1ac1-450f-8576-10c1df35f765-0000
I0707 18:07:01.644738 31532 status_update_manager.cpp:374] Forwarding update TASK_RUNNING (UUID: 24b1f98c-f325-4ecc-b839-07580dcccd52) for task 0 of framework 7892fbb2-1ac1-450f-8576-10c1df35f765-0000 to the agent
I0707 18:07:01.646585 31527 slave.cpp:3678] Forwarding the update TASK_RUNNING (UUID: 24b1f98c-f325-4ecc-b839-07580dcccd52) for task 0 of framework 7892fbb2-1ac1-450f-8576-10c1df35f765-0000 to master@172.17.0.7:39581
I0707 18:07:01.646842 31527 slave.cpp:3572] Status update manager successfully handled status update TASK_RUNNING (UUID: 24b1f98c-f325-4ecc-b839-07580dcccd52) for task 0 of framework 7892fbb2-1ac1-450f-8576-10c1df35f765-0000
I0707 18:07:01.646900 31527 slave.cpp:3588] Sending acknowledgement for status update TASK_RUNNING (UUID: 24b1f98c-f325-4ecc-b839-07580dcccd52) for task 0 of framework 7892fbb2-1ac1-450f-8576-10c1df35f765-0000 to executor(1)@172.17.0.7:59475
I0707 18:07:01.647038 31538 master.cpp:5273] Status update TASK_RUNNING (UUID: 24b1f98c-f325-4ecc-b839-07580dcccd52) for task 0 of framework 7892fbb2-1ac1-450f-8576-10c1df35f765-0000 from agent 7892fbb2-1ac1-450f-8576-10c1df35f765-S0 at slave(2)@172.17.0.7:39581 (753c2ae3a486)
I0707 18:07:01.647094 31538 master.cpp:5321] Forwarding status update TASK_RUNNING (UUID: 24b1f98c-f325-4ecc-b839-07580dcccd52) for task 0 of framework 7892fbb2-1ac1-450f-8576-10c1df35f765-0000
I0707 18:07:01.647313 31538 master.cpp:6959] Updating the state of task 0 of framework 7892fbb2-1ac1-450f-8576-10c1df35f765-0000 (latest state: TASK_RUNNING, status update state: TASK_RUNNING)
I0707 18:07:01.647377 31527 dynamic_reservation_framework.cpp:211] Task 0 is in state TASK_RUNNING
I0707 18:07:01.647423 31527 sched.cpp:1025] Scheduler::statusUpdate took 33812ns
I0707 18:07:01.647711 31527 master.cpp:4388] Processing ACKNOWLEDGE call 24b1f98c-f325-4ecc-b839-07580dcccd52 for task 0 of framework 7892fbb2-1ac1-450f-8576-10c1df35f765-0000 (Dynamic Reservation Framework (C++)) at scheduler-c51aa6e6-f5b6-4bfc-982c-9a71ea56a862@172.17.0.7:39581 on agent 7892fbb2-1ac1-450f-8576-10c1df35f765-S0
I0707 18:07:01.648241 31529 status_update_manager.cpp:392] Received status update acknowledgement (UUID: 24b1f98c-f325-4ecc-b839-07580dcccd52) for task 0 of framework 7892fbb2-1ac1-450f-8576-10c1df35f765-0000
I0707 18:07:01.648927 31529 slave.cpp:2671] Status update manager successfully handled status update acknowledgement (UUID: 24b1f98c-f325-4ecc-b839-07580dcccd52) for task 0 of framework 7892fbb2-1ac1-450f-8576-10c1df35f765-0000
I0707 18:07:01.688079 31670 exec.cpp:161] Version: 1.0.0
I0707 18:07:01.701555 31529 slave.cpp:2902] Got registration for executor '2' of framework 7892fbb2-1ac1-450f-8576-10c1df35f765-0000 from executor(1)@172.17.0.7:51409
I0707 18:07:01.716229 31668 exec.cpp:236] Executor registered on agent 7892fbb2-1ac1-450f-8576-10c1df35f765-S2
I0707 18:07:01.719995 31529 slave.cpp:2079] Sending queued task '2' to executor '2' of framework 7892fbb2-1ac1-450f-8576-10c1df35f765-0000 at executor(1)@172.17.0.7:51409
I0707 18:07:01.740218 31567 exec.cpp:161] Version: 1.0.0
I0707 18:07:01.745529 31534 slave.cpp:2902] Got registration for executor '1' of framework 7892fbb2-1ac1-450f-8576-10c1df35f765-0000 from executor(1)@172.17.0.7:34513
hello
I0707 18:07:01.747939 31539 slave.cpp:2079] Sending queued task '1' to executor '1' of framework 7892fbb2-1ac1-450f-8576-10c1df35f765-0000 at executor(1)@172.17.0.7:34513
I0707 18:07:01.749034 31677 exec.cpp:236] Executor registered on agent 7892fbb2-1ac1-450f-8576-10c1df35f765-S1
Received SUBSCRIBED event
Subscribed executor on 753c2ae3a486
Received LAUNCH event
Starting task 2
/mesos/mesos-1.0.0/_build/src/mesos-containerizer launch --command="{"shell":true,"value":"echo hello"}" --help="false" --unshare_namespace_mnt="false"
Forked command at 31694
I0707 18:07:01.763070 31533 slave.cpp:3285] Handling status update TASK_RUNNING (UUID: c30ef1c4-d5f2-4556-875b-df44c8e586d5) for task 2 of framework 7892fbb2-1ac1-450f-8576-10c1df35f765-0000 from executor(1)@172.17.0.7:51409
I0707 18:07:01.765763 31531 status_update_manager.cpp:320] Received status update TASK_RUNNING (UUID: c30ef1c4-d5f2-4556-875b-df44c8e586d5) for task 2 of framework 7892fbb2-1ac1-450f-8576-10c1df35f765-0000
I0707 18:07:01.765916 31531 status_update_manager.cpp:497] Creating StatusUpdate stream for task 2 of framework 7892fbb2-1ac1-450f-8576-10c1df35f765-0000
I0707 18:07:01.766629 31531 status_update_manager.cpp:374] Forwarding update TASK_RUNNING (UUID: c30ef1c4-d5f2-4556-875b-df44c8e586d5) for task 2 of framework 7892fbb2-1ac1-450f-8576-10c1df35f765-0000 to the agent
I0707 18:07:01.767174 31531 slave.cpp:3678] Forwarding the update TASK_RUNNING (UUID: c30ef1c4-d5f2-4556-875b-df44c8e586d5) for task 2 of framework 7892fbb2-1ac1-450f-8576-10c1df35f765-0000 to master@172.17.0.7:39581
I0707 18:07:01.767484 31531 slave.cpp:3572] Status update manager successfully handled status update TASK_RUNNING (UUID: c30ef1c4-d5f2-4556-875b-df44c8e586d5) for task 2 of framework 7892fbb2-1ac1-450f-8576-10c1df35f765-0000
I0707 18:07:01.767638 31531 slave.cpp:3588] Sending acknowledgement for status update TASK_RUNNING (UUID: c30ef1c4-d5f2-4556-875b-df44c8e586d5) for task 2 of framework 7892fbb2-1ac1-450f-8576-10c1df35f765-0000 to executor(1)@172.17.0.7:51409
I0707 18:07:01.767709 31529 master.cpp:5273] Status update TASK_RUNNING (UUID: c30ef1c4-d5f2-4556-875b-df44c8e586d5) for task 2 of framework 7892fbb2-1ac1-450f-8576-10c1df35f765-0000 from agent 7892fbb2-1ac1-450f-8576-10c1df35f765-S2 at slave(1)@172.17.0.7:39581 (753c2ae3a486)
I0707 18:07:01.768045 31529 master.cpp:5321] Forwarding status update TASK_RUNNING (UUID: c30ef1c4-d5f2-4556-875b-df44c8e586d5) for task 2 of framework 7892fbb2-1ac1-450f-8576-10c1df35f765-0000
I0707 18:07:01.768604 31535 dynamic_reservation_framework.cpp:211] Task 2 is in state TASK_RUNNING
I0707 18:07:01.768832 31535 sched.cpp:1025] Scheduler::statusUpdate took 272020ns
I0707 18:07:01.769253 31529 master.cpp:6959] Updating the state of task 2 of framework 7892fbb2-1ac1-450f-8576-10c1df35f765-0000 (latest state: TASK_RUNNING, status update state: TASK_RUNNING)
I0707 18:07:01.769649 31529 master.cpp:4388] Processing ACKNOWLEDGE call c30ef1c4-d5f2-4556-875b-df44c8e586d5 for task 2 of framework 7892fbb2-1ac1-450f-8576-10c1df35f765-0000 (Dynamic Reservation Framework (C++)) at scheduler-c51aa6e6-f5b6-4bfc-982c-9a71ea56a862@172.17.0.7:39581 on agent 7892fbb2-1ac1-450f-8576-10c1df35f765-S2
I0707 18:07:01.770125 31529 status_update_manager.cpp:392] Received status update acknowledgement (UUID: c30ef1c4-d5f2-4556-875b-df44c8e586d5) for task 2 of framework 7892fbb2-1ac1-450f-8576-10c1df35f765-0000
I0707 18:07:01.770845 31524 slave.cpp:2671] Status update manager successfully handled status update acknowledgement (UUID: c30ef1c4-d5f2-4556-875b-df44c8e586d5) for task 2 of framework 7892fbb2-1ac1-450f-8576-10c1df35f765-0000
Received SUBSCRIBED event
Subscribed executor on 753c2ae3a486
Received LAUNCH event
Starting task 1
/mesos/mesos-1.0.0/_build/src/mesos-containerizer launch --command="{"shell":true,"value":"echo hello"}" --help="false" --unshare_namespace_mnt="false"
Forked command at 31702
I0707 18:07:01.786492 31528 slave.cpp:3285] Handling status update TASK_RUNNING (UUID: 41438479-6ebc-417c-a357-9446db661f27) for task 1 of framework 7892fbb2-1ac1-450f-8576-10c1df35f765-0000 from executor(1)@172.17.0.7:34513
I0707 18:07:01.789589 31535 status_update_manager.cpp:320] Received status update TASK_RUNNING (UUID: 41438479-6ebc-417c-a357-9446db661f27) for task 1 of framework 7892fbb2-1ac1-450f-8576-10c1df35f765-0000
I0707 18:07:01.789639 31535 status_update_manager.cpp:497] Creating StatusUpdate stream for task 1 of framework 7892fbb2-1ac1-450f-8576-10c1df35f765-0000
I0707 18:07:01.790278 31535 status_update_manager.cpp:374] Forwarding update TASK_RUNNING (UUID: 41438479-6ebc-417c-a357-9446db661f27) for task 1 of framework 7892fbb2-1ac1-450f-8576-10c1df35f765-0000 to the agent
I0707 18:07:01.790938 31539 slave.cpp:3678] Forwarding the update TASK_RUNNING (UUID: 41438479-6ebc-417c-a357-9446db661f27) for task 1 of framework 7892fbb2-1ac1-450f-8576-10c1df35f765-0000 to master@172.17.0.7:39581
I0707 18:07:01.791113 31539 slave.cpp:3572] Status update manager successfully handled status update TASK_RUNNING (UUID: 41438479-6ebc-417c-a357-9446db661f27) for task 1 of framework 7892fbb2-1ac1-450f-8576-10c1df35f765-0000
I0707 18:07:01.791162 31539 slave.cpp:3588] Sending acknowledgement for status update TASK_RUNNING (UUID: 41438479-6ebc-417c-a357-9446db661f27) for task 1 of framework 7892fbb2-1ac1-450f-8576-10c1df35f765-0000 to executor(1)@172.17.0.7:34513
I0707 18:07:01.792708 31539 master.cpp:5273] Status update TASK_RUNNING (UUID: 41438479-6ebc-417c-a357-9446db661f27) for task 1 of framework 7892fbb2-1ac1-450f-8576-10c1df35f765-0000 from agent 7892fbb2-1ac1-450f-8576-10c1df35f765-S1 at slave(3)@172.17.0.7:39581 (753c2ae3a486)
I0707 18:07:01.792759 31539 master.cpp:5321] Forwarding status update TASK_RUNNING (UUID: 41438479-6ebc-417c-a357-9446db661f27) for task 1 of framework 7892fbb2-1ac1-450f-8576-10c1df35f765-0000
I0707 18:07:01.792935 31539 master.cpp:6959] Updating the state of task 1 of framework 7892fbb2-1ac1-450f-8576-10c1df35f765-0000 (latest state: TASK_RUNNING, status update state: TASK_RUNNING)
I0707 18:07:01.793094 31539 dynamic_reservation_framework.cpp:211] Task 1 is in state TASK_RUNNING
I0707 18:07:01.793119 31539 sched.cpp:1025] Scheduler::statusUpdate took 26767ns
I0707 18:07:01.793341 31539 master.cpp:4388] Processing ACKNOWLEDGE call 41438479-6ebc-417c-a357-9446db661f27 for task 1 of framework 7892fbb2-1ac1-450f-8576-10c1df35f765-0000 (Dynamic Reservation Framework (C++)) at scheduler-c51aa6e6-f5b6-4bfc-982c-9a71ea56a862@172.17.0.7:39581 on agent 7892fbb2-1ac1-450f-8576-10c1df35f765-S1
I0707 18:07:01.793712 31539 status_update_manager.cpp:392] Received status update acknowledgement (UUID: 41438479-6ebc-417c-a357-9446db661f27) for task 1 of framework 7892fbb2-1ac1-450f-8576-10c1df35f765-0000
I0707 18:07:01.794035 31539 slave.cpp:2671] Status update manager successfully handled status update acknowledgement (UUID: 41438479-6ebc-417c-a357-9446db661f27) for task 1 of framework 7892fbb2-1ac1-450f-8576-10c1df35f765-0000
Command exited with status 0 (pid: 31646)
I0707 18:07:01.849810 31535 slave.cpp:3285] Handling status update TASK_FINISHED (UUID: 2c0ce9f5-7167-4fb9-8636-ae0e465d08fc) for task 0 of framework 7892fbb2-1ac1-450f-8576-10c1df35f765-0000 from executor(1)@172.17.0.7:59475
I0707 18:07:01.854346 31535 slave.cpp:6088] Terminating task 0
I0707 18:07:01.860373 31530 status_update_manager.cpp:320] Received status update TASK_FINISHED (UUID: 2c0ce9f5-7167-4fb9-8636-ae0e465d08fc) for task 0 of framework 7892fbb2-1ac1-450f-8576-10c1df35f765-0000
I0707 18:07:01.861690 31530 status_update_manager.cpp:374] Forwarding update TASK_FINISHED (UUID: 2c0ce9f5-7167-4fb9-8636-ae0e465d08fc) for task 0 of framework 7892fbb2-1ac1-450f-8576-10c1df35f765-0000 to the agent
I0707 18:07:01.862217 31530 slave.cpp:3678] Forwarding the update TASK_FINISHED (UUID: 2c0ce9f5-7167-4fb9-8636-ae0e465d08fc) for task 0 of framework 7892fbb2-1ac1-450f-8576-10c1df35f765-0000 to master@172.17.0.7:39581
I0707 18:07:01.863664 31533 master.cpp:5273] Status update TASK_FINISHED (UUID: 2c0ce9f5-7167-4fb9-8636-ae0e465d08fc) for task 0 of framework 7892fbb2-1ac1-450f-8576-10c1df35f765-0000 from agent 7892fbb2-1ac1-450f-8576-10c1df35f765-S0 at slave(2)@172.17.0.7:39581 (753c2ae3a486)
I0707 18:07:01.863718 31533 master.cpp:5321] Forwarding status update TASK_FINISHED (UUID: 2c0ce9f5-7167-4fb9-8636-ae0e465d08fc) for task 0 of framework 7892fbb2-1ac1-450f-8576-10c1df35f765-0000
I0707 18:07:01.863888 31533 master.cpp:6959] Updating the state of task 0 of framework 7892fbb2-1ac1-450f-8576-10c1df35f765-0000 (latest state: TASK_FINISHED, status update state: TASK_FINISHED)
I0707 18:07:01.864351 31533 dynamic_reservation_framework.cpp:208] Task 0 is finished at agent 7892fbb2-1ac1-450f-8576-10c1df35f765-S0
I0707 18:07:01.864377 31533 sched.cpp:1025] Scheduler::statusUpdate took 42319ns
I0707 18:07:01.865952 31533 hierarchical.cpp:924] Recovered cpus(test, test):1; mem(test, test):128 (total: cpus(*):15; mem(*):47142; disk(*):3.70122e+06; ports(*):[31000-32000]; cpus(test, test):1; mem(test, test):128, allocated: ) on agent 7892fbb2-1ac1-450f-8576-10c1df35f765-S0 from framework 7892fbb2-1ac1-450f-8576-10c1df35f765-0000
I0707 18:07:01.866158 31533 master.cpp:4388] Processing ACKNOWLEDGE call 2c0ce9f5-7167-4fb9-8636-ae0e465d08fc for task 0 of framework 7892fbb2-1ac1-450f-8576-10c1df35f765-0000 (Dynamic Reservation Framework (C++)) at scheduler-c51aa6e6-f5b6-4bfc-982c-9a71ea56a862@172.17.0.7:39581 on agent 7892fbb2-1ac1-450f-8576-10c1df35f765-S0
I0707 18:07:01.866231 31533 master.cpp:7025] Removing task 0 with resources cpus(test, test):1; mem(test, test):128 of framework 7892fbb2-1ac1-450f-8576-10c1df35f765-0000 on agent 7892fbb2-1ac1-450f-8576-10c1df35f765-S0 at slave(2)@172.17.0.7:39581 (753c2ae3a486)
I0707 18:07:01.866461 31530 slave.cpp:3572] Status update manager successfully handled status update TASK_FINISHED (UUID: 2c0ce9f5-7167-4fb9-8636-ae0e465d08fc) for task 0 of framework 7892fbb2-1ac1-450f-8576-10c1df35f765-0000
I0707 18:07:01.866519 31530 slave.cpp:3588] Sending acknowledgement for status update TASK_FINISHED (UUID: 2c0ce9f5-7167-4fb9-8636-ae0e465d08fc) for task 0 of framework 7892fbb2-1ac1-450f-8576-10c1df35f765-0000 to executor(1)@172.17.0.7:59475
I0707 18:07:01.869339 31533 status_update_manager.cpp:392] Received status update acknowledgement (UUID: 2c0ce9f5-7167-4fb9-8636-ae0e465d08fc) for task 0 of framework 7892fbb2-1ac1-450f-8576-10c1df35f765-0000
I0707 18:07:01.869580 31533 status_update_manager.cpp:528] Cleaning up status update stream for task 0 of framework 7892fbb2-1ac1-450f-8576-10c1df35f765-0000
I0707 18:07:01.870098 31533 slave.cpp:2671] Status update manager successfully handled status update acknowledgement (UUID: 2c0ce9f5-7167-4fb9-8636-ae0e465d08fc) for task 0 of framework 7892fbb2-1ac1-450f-8576-10c1df35f765-0000
I0707 18:07:01.870162 31533 slave.cpp:6129] Completing task 0
hello
Command exited with status 0 (pid: 31694)
hello
I0707 18:07:01.965605 31533 slave.cpp:3285] Handling status update TASK_FINISHED (UUID: 60c0ce74-18df-458f-bef4-1f82fb03412e) for task 2 of framework 7892fbb2-1ac1-450f-8576-10c1df35f765-0000 from executor(1)@172.17.0.7:51409
I0707 18:07:01.968528 31535 slave.cpp:6088] Terminating task 2
I0707 18:07:01.970181 31539 status_update_manager.cpp:320] Received status update TASK_FINISHED (UUID: 60c0ce74-18df-458f-bef4-1f82fb03412e) for task 2 of framework 7892fbb2-1ac1-450f-8576-10c1df35f765-0000
I0707 18:07:01.970440 31539 status_update_manager.cpp:374] Forwarding update TASK_FINISHED (UUID: 60c0ce74-18df-458f-bef4-1f82fb03412e) for task 2 of framework 7892fbb2-1ac1-450f-8576-10c1df35f765-0000 to the agent
I0707 18:07:01.970832 31533 slave.cpp:3678] Forwarding the update TASK_FINISHED (UUID: 60c0ce74-18df-458f-bef4-1f82fb03412e) for task 2 of framework 7892fbb2-1ac1-450f-8576-10c1df35f765-0000 to master@172.17.0.7:39581
I0707 18:07:01.971072 31533 slave.cpp:3572] Status update manager successfully handled status update TASK_FINISHED (UUID: 60c0ce74-18df-458f-bef4-1f82fb03412e) for task 2 of framework 7892fbb2-1ac1-450f-8576-10c1df35f765-0000
I0707 18:07:01.971158 31533 slave.cpp:3588] Sending acknowledgement for status update TASK_FINISHED (UUID: 60c0ce74-18df-458f-bef4-1f82fb03412e) for task 2 of framework 7892fbb2-1ac1-450f-8576-10c1df35f765-0000 to executor(1)@172.17.0.7:51409
I0707 18:07:01.971346 31535 master.cpp:5273] Status update TASK_FINISHED (UUID: 60c0ce74-18df-458f-bef4-1f82fb03412e) for task 2 of framework 7892fbb2-1ac1-450f-8576-10c1df35f765-0000 from agent 7892fbb2-1ac1-450f-8576-10c1df35f765-S2 at slave(1)@172.17.0.7:39581 (753c2ae3a486)
I0707 18:07:01.971515 31535 master.cpp:5321] Forwarding status update TASK_FINISHED (UUID: 60c0ce74-18df-458f-bef4-1f82fb03412e) for task 2 of framework 7892fbb2-1ac1-450f-8576-10c1df35f765-0000
I0707 18:07:01.971796 31535 master.cpp:6959] Updating the state of task 2 of framework 7892fbb2-1ac1-450f-8576-10c1df35f765-0000 (latest state: TASK_FINISHED, status update state: TASK_FINISHED)
I0707 18:07:01.971863 31539 dynamic_reservation_framework.cpp:208] Task 2 is finished at agent 7892fbb2-1ac1-450f-8576-10c1df35f765-S2
I0707 18:07:01.971887 31539 sched.cpp:1025] Scheduler::statusUpdate took 36513ns
I0707 18:07:01.972437 31535 master.cpp:4388] Processing ACKNOWLEDGE call 60c0ce74-18df-458f-bef4-1f82fb03412e for task 2 of framework 7892fbb2-1ac1-450f-8576-10c1df35f765-0000 (Dynamic Reservation Framework (C++)) at scheduler-c51aa6e6-f5b6-4bfc-982c-9a71ea56a862@172.17.0.7:39581 on agent 7892fbb2-1ac1-450f-8576-10c1df35f765-S2
I0707 18:07:01.972524 31528 hierarchical.cpp:924] Recovered cpus(test, test):1; mem(test, test):128 (total: cpus(*):15; mem(*):47142; disk(*):3.70122e+06; ports(*):[31000-32000]; cpus(test, test):1; mem(test, test):128, allocated: ) on agent 7892fbb2-1ac1-450f-8576-10c1df35f765-S2 from framework 7892fbb2-1ac1-450f-8576-10c1df35f765-0000
I0707 18:07:01.972553 31535 master.cpp:7025] Removing task 2 with resources cpus(test, test):1; mem(test, test):128 of framework 7892fbb2-1ac1-450f-8576-10c1df35f765-0000 on agent 7892fbb2-1ac1-450f-8576-10c1df35f765-S2 at slave(1)@172.17.0.7:39581 (753c2ae3a486)
I0707 18:07:01.973103 31535 status_update_manager.cpp:392] Received status update acknowledgement (UUID: 60c0ce74-18df-458f-bef4-1f82fb03412e) for task 2 of framework 7892fbb2-1ac1-450f-8576-10c1df35f765-0000
I0707 18:07:01.973393 31535 status_update_manager.cpp:528] Cleaning up status update stream for task 2 of framework 7892fbb2-1ac1-450f-8576-10c1df35f765-0000
I0707 18:07:01.973930 31535 slave.cpp:2671] Status update manager successfully handled status update acknowledgement (UUID: 60c0ce74-18df-458f-bef4-1f82fb03412e) for task 2 of framework 7892fbb2-1ac1-450f-8576-10c1df35f765-0000
I0707 18:07:01.974081 31535 slave.cpp:6129] Completing task 2
Command exited with status 0 (pid: 31702)
I0707 18:07:01.988955 31530 slave.cpp:3285] Handling status update TASK_FINISHED (UUID: 9e47c164-0f30-4b73-aab4-249a77bdc04d) for task 1 of framework 7892fbb2-1ac1-450f-8576-10c1df35f765-0000 from executor(1)@172.17.0.7:34513
I0707 18:07:01.990218 31534 slave.cpp:6088] Terminating task 1
I0707 18:07:01.991665 31534 status_update_manager.cpp:320] Received status update TASK_FINISHED (UUID: 9e47c164-0f30-4b73-aab4-249a77bdc04d) for task 1 of framework 7892fbb2-1ac1-450f-8576-10c1df35f765-0000
I0707 18:07:01.991874 31534 status_update_manager.cpp:374] Forwarding update TASK_FINISHED (UUID: 9e47c164-0f30-4b73-aab4-249a77bdc04d) for task 1 of framework 7892fbb2-1ac1-450f-8576-10c1df35f765-0000 to the agent
I0707 18:07:01.992138 31531 slave.cpp:3678] Forwarding the update TASK_FINISHED (UUID: 9e47c164-0f30-4b73-aab4-249a77bdc04d) for task 1 of framework 7892fbb2-1ac1-450f-8576-10c1df35f765-0000 to master@172.17.0.7:39581
I0707 18:07:01.992455 31531 slave.cpp:3572] Status update manager successfully handled status update TASK_FINISHED (UUID: 9e47c164-0f30-4b73-aab4-249a77bdc04d) for task 1 of framework 7892fbb2-1ac1-450f-8576-10c1df35f765-0000
I0707 18:07:01.992539 31531 slave.cpp:3588] Sending acknowledgement for status update TASK_FINISHED (UUID: 9e47c164-0f30-4b73-aab4-249a77bdc04d) for task 1 of framework 7892fbb2-1ac1-450f-8576-10c1df35f765-0000 to executor(1)@172.17.0.7:34513
I0707 18:07:01.992573 31535 master.cpp:5273] Status update TASK_FINISHED (UUID: 9e47c164-0f30-4b73-aab4-249a77bdc04d) for task 1 of framework 7892fbb2-1ac1-450f-8576-10c1df35f765-0000 from agent 7892fbb2-1ac1-450f-8576-10c1df35f765-S1 at slave(3)@172.17.0.7:39581 (753c2ae3a486)
