I1031 14:54:18.592947 31647 master.cpp:7712] Updating the state of task 11a3e383-b8f4-4ee4-a2c6-a78b8b7507a0 of framework 5098f7d2-2044-4dcd-b97f-9bd7c3dd1e27-0000 (latest state: TASK_RUNNING, status update state: TASK_RUNNING)
I1031 14:54:18.593291 31655 sched.cpp:1025] Scheduler::statusUpdate took 135341ns
I1031 14:54:18.594218 31644 master.cpp:4867] Processing ACKNOWLEDGE call 4d1f38ad-684a-462f-ba03-4398f01694db for task 11a3e383-b8f4-4ee4-a2c6-a78b8b7507a0 of framework 5098f7d2-2044-4dcd-b97f-9bd7c3dd1e27-0000 (default) at scheduler-60a2639c-70b4-4d13-83e6-f200a8b308f5@172.17.0.3:46956 on agent 5098f7d2-2044-4dcd-b97f-9bd7c3dd1e27-S1
I1031 14:54:18.594410 31644 master.cpp:1097] Master terminating
I1031 14:54:18.594658 31655 status_update_manager.cpp:395] Received status update acknowledgement (UUID: 4d1f38ad-684a-462f-ba03-4398f01694db) for task 11a3e383-b8f4-4ee4-a2c6-a78b8b7507a0 of framework 5098f7d2-2044-4dcd-b97f-9bd7c3dd1e27-0000
W1031 14:54:18.594576 31644 master.cpp:7794] Removing task 11a3e383-b8f4-4ee4-a2c6-a78b8b7507a0 with resources cpus(*):2; mem(*):1024; disk(*):1024; ports(*):[31000-32000] of framework 5098f7d2-2044-4dcd-b97f-9bd7c3dd1e27-0000 on agent 5098f7d2-2044-4dcd-b97f-9bd7c3dd1e27-S1 at slave(199)@172.17.0.3:46956 (173b586c223f) in non-terminal state TASK_RUNNING
I1031 14:54:18.594992 31650 slave.cpp:3022] Status update manager successfully handled status update acknowledgement (UUID: 4d1f38ad-684a-462f-ba03-4398f01694db) for task 11a3e383-b8f4-4ee4-a2c6-a78b8b7507a0 of framework 5098f7d2-2044-4dcd-b97f-9bd7c3dd1e27-0000
I1031 14:54:18.595250 31649 hierarchical.cpp:517] Removed agent 5098f7d2-2044-4dcd-b97f-9bd7c3dd1e27-S1
I1031 14:54:18.595525 31644 master.cpp:7837] Removing executor 'default' with resources {} of framework 5098f7d2-2044-4dcd-b97f-9bd7c3dd1e27-0000 on agent 5098f7d2-2044-4dcd-b97f-9bd7c3dd1e27-S1 at slave(199)@172.17.0.3:46956 (173b586c223f)
W1031 14:54:18.596063 31644 master.cpp:7794] Removing task 3d00a1fe-59e4-42cf-a231-df3a06aecc3a with resources cpus(*):2; mem(*):1024; disk(*):1024; ports(*):[31000-32000] of framework 5098f7d2-2044-4dcd-b97f-9bd7c3dd1e27-0000 on agent 5098f7d2-2044-4dcd-b97f-9bd7c3dd1e27-S0 at slave(198)@172.17.0.3:46956 (173b586c223f) in non-terminal state TASK_RUNNING
I1031 14:54:18.596593 31649 hierarchical.cpp:517] Removed agent 5098f7d2-2044-4dcd-b97f-9bd7c3dd1e27-S0
I1031 14:54:18.596689 31644 master.cpp:7837] Removing executor 'default' with resources {} of framework 5098f7d2-2044-4dcd-b97f-9bd7c3dd1e27-0000 on agent 5098f7d2-2044-4dcd-b97f-9bd7c3dd1e27-S0 at slave(198)@172.17.0.3:46956 (173b586c223f)
I1031 14:54:18.597661 31649 hierarchical.cpp:337] Removed framework 5098f7d2-2044-4dcd-b97f-9bd7c3dd1e27-0000
I1031 14:54:18.598047 31657 slave.cpp:4297] Got exited event for master@172.17.0.3:46956
I1031 14:54:18.598114 31653 slave.cpp:4297] Got exited event for master@172.17.0.3:46956
W1031 14:54:18.598136 31653 slave.cpp:4302] Master disconnected! Waiting for a new master to be elected
W1031 14:54:18.598136 31657 slave.cpp:4302] Master disconnected! Waiting for a new master to be elected
I1031 14:54:18.604696 31623 cluster.cpp:158] Creating default 'local' authorizer
I1031 14:54:18.608245 31623 leveldb.cpp:174] Opened db in 3.227023ms
I1031 14:54:18.611130 31623 leveldb.cpp:181] Compacted db in 2.848105ms
I1031 14:54:18.611196 31623 leveldb.cpp:196] Created db iterator in 23453ns
I1031 14:54:18.611227 31623 leveldb.cpp:202] Seeked to beginning of db in 16697ns
I1031 14:54:18.611335 31623 leveldb.cpp:271] Iterated through 3 keys in the db in 90684ns
I1031 14:54:18.611428 31623 replica.cpp:776] Replica recovered with log positions 5 -> 6 with 0 holes and 0 unlearned
I1031 14:54:18.612046 31646 recover.cpp:451] Starting replica recovery
I1031 14:54:18.612493 31651 recover.cpp:477] Replica is in VOTING status
I1031 14:54:18.612758 31651 recover.cpp:466] Recover process terminated
I1031 14:54:18.614444 31654 master.cpp:380] Master 5a14d27f-26b6-4697-9beb-0f36b3dcda4c (173b586c223f) started on 172.17.0.3:46956
I1031 14:54:18.614476 31654 master.cpp:382] Flags at startup: --acls="" --agent_ping_timeout="15secs" --agent_reregister_timeout="10mins" --allocation_interval="1secs" --allocator="HierarchicalDRF" --authenticate_agents="true" --authenticate_frameworks="true" --authenticate_http_frameworks="true" --authenticate_http_readonly="true" --authenticate_http_readwrite="true" --authenticators="crammd5" --authorizers="local" --credentials="/tmp/ClEWj4/credentials" --framework_sorter="drf" --help="false" --hostname_lookup="true" --http_authenticators="basic" --http_framework_authenticators="basic" --initialize_driver_logging="true" --log_auto_initialize="true" --logbufsecs="0" --logging_level="INFO" --max_agent_ping_timeouts="5" --max_completed_frameworks="50" --max_completed_tasks_per_framework="1000" --quiet="false" --recovery_agent_removal_limit="100%" --registry="replicated_log" --registry_fetch_timeout="1mins" --registry_gc_interval="15mins" --registry_max_agent_age="2weeks" --registry_max_agent_count="102400" --registry_store_timeout="100secs" --registry_strict="false" --root_submissions="true" --user_sorter="drf" --version="false" --webui_dir="/mesos/mesos-1.2.0/_inst/share/mesos/webui" --work_dir="/tmp/ClEWj4/master" --zk_session_timeout="10secs"
I1031 14:54:18.615159 31654 master.cpp:432] Master only allowing authenticated frameworks to register
I1031 14:54:18.615186 31654 master.cpp:446] Master only allowing authenticated agents to register
I1031 14:54:18.615202 31654 master.cpp:459] Master only allowing authenticated HTTP frameworks to register
I1031 14:54:18.615221 31654 credentials.hpp:37] Loading credentials for authentication from '/tmp/ClEWj4/credentials'
I1031 14:54:18.615653 31654 master.cpp:504] Using default 'crammd5' authenticator
I1031 14:54:18.615836 31654 http.cpp:887] Using default 'basic' HTTP authenticator for realm 'mesos-master-readonly'
I1031 14:54:18.616070 31654 http.cpp:887] Using default 'basic' HTTP authenticator for realm 'mesos-master-readwrite'
I1031 14:54:18.616211 31654 http.cpp:887] Using default 'basic' HTTP authenticator for realm 'mesos-master-scheduler'
I1031 14:54:18.616320 31654 master.cpp:584] Authorization enabled
I1031 14:54:18.616480 31649 whitelist_watcher.cpp:77] No whitelist given
I1031 14:54:18.616485 31651 hierarchical.cpp:149] Initialized hierarchical allocator process
I1031 14:54:18.619087 31652 master.cpp:2033] Elected as the leading master!
I1031 14:54:18.619113 31652 master.cpp:1560] Recovering from registrar
I1031 14:54:18.619220 31646 registrar.cpp:329] Recovering registrar
I1031 14:54:18.619686 31651 log.cpp:553] Attempting to start the writer
I1031 14:54:18.620842 31647 replica.cpp:493] Replica received implicit promise request from __req_res__(3002)@172.17.0.3:46956 with proposal 2
I1031 14:54:18.621428 31647 leveldb.cpp:304] Persisting metadata (8 bytes) to leveldb took 551908ns
I1031 14:54:18.621451 31647 replica.cpp:342] Persisted promised to 2
I1031 14:54:18.622010 31650 coordinator.cpp:238] Coordinator attempting to fill missing positions
I1031 14:54:18.622259 31655 log.cpp:569] Writer started with ending position 6
I1031 14:54:18.623313 31645 leveldb.cpp:436] Reading position from leveldb took 59676ns
I1031 14:54:18.623406 31645 leveldb.cpp:436] Reading position from leveldb took 33374ns
I1031 14:54:18.625212 31650 registrar.cpp:362] Successfully fetched the registry (464B) in 5.854208ms
I1031 14:54:18.625520 31650 registrar.cpp:461] Applied 1 operations in 67195ns; attempting to update the registry
I1031 14:54:18.626541 31649 log.cpp:577] Attempting to append 503 bytes to the log
I1031 14:54:18.626691 31645 coordinator.cpp:348] Coordinator attempting to write APPEND action at position 7
I1031 14:54:18.627703 31656 replica.cpp:537] Replica received write request for position 7 from __req_res__(3003)@172.17.0.3:46956
I1031 14:54:18.628237 31656 leveldb.cpp:341] Persisting action (522 bytes) to leveldb took 484788ns
I1031 14:54:18.628268 31656 replica.cpp:708] Persisted action APPEND at position 7
I1031 14:54:18.629057 31648 replica.cpp:691] Replica received learned notice for position 7 from @0.0.0.0:0
I1031 14:54:18.629573 31648 leveldb.cpp:341] Persisting action (524 bytes) to leveldb took 468946ns
I1031 14:54:18.629606 31648 replica.cpp:708] Persisted action APPEND at position 7
I1031 14:54:18.631556 31652 registrar.cpp:506] Successfully updated the registry in 5.9648ms
I1031 14:54:18.631827 31651 log.cpp:596] Attempting to truncate the log to 7
I1031 14:54:18.631916 31652 registrar.cpp:392] Successfully recovered registrar
I1031 14:54:18.632025 31649 coordinator.cpp:348] Coordinator attempting to write TRUNCATE action at position 8
I1031 14:54:18.632654 31656 replica.cpp:537] Replica received write request for position 8 from __req_res__(3004)@172.17.0.3:46956
I1031 14:54:18.633050 31656 leveldb.cpp:341] Persisting action (16 bytes) to leveldb took 359655ns
I1031 14:54:18.633080 31656 replica.cpp:708] Persisted action TRUNCATE at position 8
I1031 14:54:18.633361 31644 master.cpp:1676] Recovered 2 agents from the registry (464B); allowing 10mins for agents to re-register
I1031 14:54:18.633430 31650 hierarchical.cpp:176] Skipping recovery of hierarchical allocator: nothing to recover
I1031 14:54:18.633929 31655 replica.cpp:691] Replica received learned notice for position 8 from @0.0.0.0:0
I1031 14:54:18.634366 31655 leveldb.cpp:341] Persisting action (18 bytes) to leveldb took 371057ns
I1031 14:54:18.634430 31655 leveldb.cpp:399] Deleting ~2 keys from leveldb took 34917ns
I1031 14:54:18.634454 31655 replica.cpp:708] Persisted action TRUNCATE at position 8
I1031 14:54:18.635414 31657 slave.cpp:915] New master detected at master@172.17.0.3:46956
I1031 14:54:18.635432 31646 status_update_manager.cpp:177] Pausing sending status updates
I1031 14:54:18.635443 31657 slave.cpp:974] Authenticating with master master@172.17.0.3:46956
I1031 14:54:18.635502 31646 slave.cpp:915] New master detected at master@172.17.0.3:46956
I1031 14:54:18.635525 31646 slave.cpp:974] Authenticating with master master@172.17.0.3:46956
I1031 14:54:18.635560 31657 slave.cpp:985] Using default CRAM-MD5 authenticatee
I1031 14:54:18.635598 31645 status_update_manager.cpp:177] Pausing sending status updates
I1031 14:54:18.635598 31646 slave.cpp:985] Using default CRAM-MD5 authenticatee
I1031 14:54:18.635813 31657 slave.cpp:947] Detecting new master
I1031 14:54:18.635885 31656 authenticatee.cpp:121] Creating new client SASL connection
I1031 14:54:18.636018 31649 authenticatee.cpp:121] Creating new client SASL connection
I1031 14:54:18.636176 31646 slave.cpp:947] Detecting new master
I1031 14:54:18.636258 31654 master.cpp:6742] Authenticating slave(199)@172.17.0.3:46956
I1031 14:54:18.636364 31650 authenticator.cpp:414] Starting authentication session for crammd5-authenticatee(454)@172.17.0.3:46956
I1031 14:54:18.636493 31654 master.cpp:6742] Authenticating slave(198)@172.17.0.3:46956
I1031 14:54:18.636574 31646 authenticator.cpp:98] Creating new server SASL connection
I1031 14:54:18.636601 31650 authenticator.cpp:414] Starting authentication session for crammd5-authenticatee(453)@172.17.0.3:46956
I1031 14:54:18.636772 31649 authenticatee.cpp:213] Received SASL authentication mechanisms: CRAM-MD5
I1031 14:54:18.636802 31648 authenticator.cpp:98] Creating new server SASL connection
I1031 14:54:18.636842 31649 authenticatee.cpp:239] Attempting to authenticate with mechanism 'CRAM-MD5'
I1031 14:54:18.637020 31652 authenticatee.cpp:213] Received SASL authentication mechanisms: CRAM-MD5
I1031 14:54:18.637034 31648 authenticator.cpp:204] Received SASL authentication start
I1031 14:54:18.637053 31652 authenticatee.cpp:239] Attempting to authenticate with mechanism 'CRAM-MD5'
I1031 14:54:18.637095 31648 authenticator.cpp:326] Authentication requires more steps
I1031 14:54:18.637167 31652 authenticator.cpp:204] Received SASL authentication start
I1031 14:54:18.637181 31648 authenticatee.cpp:259] Received SASL authentication step
I1031 14:54:18.637217 31652 authenticator.cpp:326] Authentication requires more steps
I1031 14:54:18.637265 31648 authenticator.cpp:232] Received SASL authentication step
I1031 14:54:18.637292 31648 auxprop.cpp:109] Request to lookup properties for user: 'test-principal' realm: '173b586c223f' server FQDN: '173b586c223f' SASL_AUXPROP_VERIFY_AGAINST_HASH: false SASL_AUXPROP_OVERRIDE: false SASL_AUXPROP_AUTHZID: false 
I1031 14:54:18.637308 31648 auxprop.cpp:181] Looking up auxiliary property '*userPassword'
I1031 14:54:18.637310 31652 authenticatee.cpp:259] Received SASL authentication step
I1031 14:54:18.637362 31648 auxprop.cpp:181] Looking up auxiliary property '*cmusaslsecretCRAM-MD5'
I1031 14:54:18.637399 31648 auxprop.cpp:109] Request to lookup properties for user: 'test-principal' realm: '173b586c223f' server FQDN: '173b586c223f' SASL_AUXPROP_VERIFY_AGAINST_HASH: false SASL_AUXPROP_OVERRIDE: false SASL_AUXPROP_AUTHZID: true 
I1031 14:54:18.637419 31648 auxprop.cpp:131] Skipping auxiliary property '*userPassword' since SASL_AUXPROP_AUTHZID == true
I1031 14:54:18.637437 31648 auxprop.cpp:131] Skipping auxiliary property '*cmusaslsecretCRAM-MD5' since SASL_AUXPROP_AUTHZID == true
I1031 14:54:18.637454 31655 authenticator.cpp:232] Received SASL authentication step
I1031 14:54:18.637461 31648 authenticator.cpp:318] Authentication success
I1031 14:54:18.637483 31655 auxprop.cpp:109] Request to lookup properties for user: 'test-principal' realm: '173b586c223f' server FQDN: '173b586c223f' SASL_AUXPROP_VERIFY_AGAINST_HASH: false SASL_AUXPROP_OVERRIDE: false SASL_AUXPROP_AUTHZID: false 
I1031 14:54:18.637501 31655 auxprop.cpp:181] Looking up auxiliary property '*userPassword'
I1031 14:54:18.637522 31655 auxprop.cpp:181] Looking up auxiliary property '*cmusaslsecretCRAM-MD5'
I1031 14:54:18.637549 31655 auxprop.cpp:109] Request to lookup properties for user: 'test-principal' realm: '173b586c223f' server FQDN: '173b586c223f' SASL_AUXPROP_VERIFY_AGAINST_HASH: false SASL_AUXPROP_OVERRIDE: false SASL_AUXPROP_AUTHZID: true 
I1031 14:54:18.637575 31655 auxprop.cpp:131] Skipping auxiliary property '*userPassword' since SASL_AUXPROP_AUTHZID == true
I1031 14:54:18.637585 31655 auxprop.cpp:131] Skipping auxiliary property '*cmusaslsecretCRAM-MD5' since SASL_AUXPROP_AUTHZID == true
I1031 14:54:18.637603 31655 authenticator.cpp:318] Authentication success
I1031 14:54:18.637689 31643 authenticator.cpp:432] Authentication session cleanup for crammd5-authenticatee(454)@172.17.0.3:46956
I1031 14:54:18.637704 31649 authenticatee.cpp:299] Authentication success
I1031 14:54:18.637552 31652 authenticatee.cpp:299] Authentication success
I1031 14:54:18.637948 31643 authenticator.cpp:432] Authentication session cleanup for crammd5-authenticatee(453)@172.17.0.3:46956
I1031 14:54:18.638047 31645 slave.cpp:1069] Successfully authenticated with master master@172.17.0.3:46956
I1031 14:54:18.638206 31656 slave.cpp:1069] Successfully authenticated with master master@172.17.0.3:46956
I1031 14:54:18.638486 31656 slave.cpp:1483] Will retry registration in 7.380044ms if necessary
I1031 14:54:18.638504 31645 slave.cpp:1483] Will retry registration in 2.286536ms if necessary
I1031 14:54:18.637601 31654 master.cpp:6772] Successfully authenticated principal 'test-principal' at slave(199)@172.17.0.3:46956
I1031 14:54:18.638775 31654 master.cpp:6772] Successfully authenticated principal 'test-principal' at slave(198)@172.17.0.3:46956
I1031 14:54:18.639214 31654 master.cpp:5370] Re-registering agent 5098f7d2-2044-4dcd-b97f-9bd7c3dd1e27-S1 at slave(199)@172.17.0.3:46956 (173b586c223f)
I1031 14:54:18.639966 31644 registrar.cpp:461] Applied 1 operations in 54895ns; attempting to update the registry
I1031 14:54:18.640280 31654 master.cpp:5370] Re-registering agent 5098f7d2-2044-4dcd-b97f-9bd7c3dd1e27-S0 at slave(198)@172.17.0.3:46956 (173b586c223f)
I1031 14:54:18.640707 31644 log.cpp:577] Attempting to append 503 bytes to the log
I1031 14:54:18.640811 31657 coordinator.cpp:348] Coordinator attempting to write APPEND action at position 9
I1031 14:54:18.641525 31652 replica.cpp:537] Replica received write request for position 9 from __req_res__(3005)@172.17.0.3:46956
I1031 14:54:18.641760 31652 leveldb.cpp:341] Persisting action (522 bytes) to leveldb took 194719ns
I1031 14:54:18.641788 31652 replica.cpp:708] Persisted action APPEND at position 9
I1031 14:54:18.642148 31652 slave.cpp:1483] Will retry registration in 31.9918ms if necessary
I1031 14:54:18.642640 31646 master.cpp:5363] Ignoring re-register agent message from agent 5098f7d2-2044-4dcd-b97f-9bd7c3dd1e27-S0 at slave(198)@172.17.0.3:46956 (173b586c223f) as readmission is already in progress
I1031 14:54:18.642675 31642 replica.cpp:691] Replica received learned notice for position 9 from @0.0.0.0:0
I1031 14:54:18.643157 31642 leveldb.cpp:341] Persisting action (524 bytes) to leveldb took 444580ns
I1031 14:54:18.643191 31642 replica.cpp:708] Persisted action APPEND at position 9
I1031 14:54:18.645174 31644 registrar.cpp:506] Successfully updated the registry in 5.126912ms
I1031 14:54:18.645500 31652 log.cpp:596] Attempting to truncate the log to 9
I1031 14:54:18.645648 31654 coordinator.cpp:348] Coordinator attempting to write TRUNCATE action at position 10
I1031 14:54:18.645874 31644 registrar.cpp:461] Applied 1 operations in 66647ns; attempting to update the registry
I1031 14:54:18.646440 31657 master.cpp:8334] Adding task 11a3e383-b8f4-4ee4-a2c6-a78b8b7507a0 with resources cpus(*):2; mem(*):1024; disk(*):1024; ports(*):[31000-32000] on agent 5098f7d2-2044-4dcd-b97f-9bd7c3dd1e27-S1 (173b586c223f)
I1031 14:54:18.646606 31651 replica.cpp:537] Replica received write request for position 10 from __req_res__(3006)@172.17.0.3:46956
W1031 14:54:18.646946 31657 master.cpp:7414] Possibly orphaned task 11a3e383-b8f4-4ee4-a2c6-a78b8b7507a0 of framework 5098f7d2-2044-4dcd-b97f-9bd7c3dd1e27-0000 running on agent 5098f7d2-2044-4dcd-b97f-9bd7c3dd1e27-S1 at slave(199)@172.17.0.3:46956 (173b586c223f)
I1031 14:54:18.647025 31651 leveldb.cpp:341] Persisting action (16 bytes) to leveldb took 369772ns
I1031 14:54:18.647066 31651 replica.cpp:708] Persisted action TRUNCATE at position 10
I1031 14:54:18.647284 31657 master.cpp:5466] Re-registered agent 5098f7d2-2044-4dcd-b97f-9bd7c3dd1e27-S1 at slave(199)@172.17.0.3:46956 (173b586c223f) with cpus(*):2; mem(*):1024; disk(*):1024; ports(*):[31000-32000]
I1031 14:54:18.647390 31650 slave.cpp:1483] Will retry registration in 12.331401ms if necessary
I1031 14:54:18.647438 31657 master.cpp:5560] Sending updated checkpointed resources {} to agent 5098f7d2-2044-4dcd-b97f-9bd7c3dd1e27-S1 at slave(199)@172.17.0.3:46956 (173b586c223f)
I1031 14:54:18.647495 31650 slave.cpp:4251] Received ping from slave-observer(202)@172.17.0.3:46956
I1031 14:54:18.647753 31650 slave.cpp:1217] Re-registered with master master@172.17.0.3:46956
I1031 14:54:18.647744 31643 hierarchical.cpp:485] Added agent 5098f7d2-2044-4dcd-b97f-9bd7c3dd1e27-S1 (173b586c223f) with cpus(*):2; mem(*):1024; disk(*):1024; ports(*):[31000-32000] (allocated: cpus(*):2; mem(*):1024; disk(*):1024; ports(*):[31000-32000])
I1031 14:54:18.647841 31650 slave.cpp:1253] Forwarding total oversubscribed resources {}
I1031 14:54:18.647847 31647 status_update_manager.cpp:184] Resuming sending status updates
I1031 14:54:18.647883 31657 master.cpp:5301] Re-registering agent 5098f7d2-2044-4dcd-b97f-9bd7c3dd1e27-S1 at slave(199)@172.17.0.3:46956 (173b586c223f)
I1031 14:54:18.647933 31643 hierarchical.cpp:1694] No allocations performed
I1031 14:54:18.647969 31650 slave.cpp:2807] Ignoring new checkpointed resources identical to the current version: {}
I1031 14:54:18.648167 31643 hierarchical.cpp:1309] Performed allocation for agent 5098f7d2-2044-4dcd-b97f-9bd7c3dd1e27-S1 in 364483ns
I1031 14:54:18.648221 31657 master.cpp:5560] Sending updated checkpointed resources {} to agent 5098f7d2-2044-4dcd-b97f-9bd7c3dd1e27-S1 at slave(199)@172.17.0.3:46956 (173b586c223f)
W1031 14:54:18.648299 31651 slave.cpp:1234] Already re-registered with master master@172.17.0.3:46956
I1031 14:54:18.648331 31651 slave.cpp:1253] Forwarding total oversubscribed resources {}
I1031 14:54:18.648439 31657 master.cpp:5621] Received update of agent 5098f7d2-2044-4dcd-b97f-9bd7c3dd1e27-S1 at slave(199)@172.17.0.3:46956 (173b586c223f) with total oversubscribed resources {}
I1031 14:54:18.648448 31656 replica.cpp:691] Replica received learned notice for position 10 from @0.0.0.0:0
I1031 14:54:18.648525 31651 slave.cpp:2807] Ignoring new checkpointed resources identical to the current version: {}
I1031 14:54:18.648795 31657 master.cpp:5621] Received update of agent 5098f7d2-2044-4dcd-b97f-9bd7c3dd1e27-S1 at slave(199)@172.17.0.3:46956 (173b586c223f) with total oversubscribed resources {}
I1031 14:54:18.648811 31651 hierarchical.cpp:555] Agent 5098f7d2-2044-4dcd-b97f-9bd7c3dd1e27-S1 (173b586c223f) updated with oversubscribed resources {} (total: cpus(*):2; mem(*):1024; disk(*):1024; ports(*):[31000-32000], allocated: cpus(*):2; mem(*):1024; disk(*):1024; ports(*):[31000-32000])
I1031 14:54:18.648872 31656 leveldb.cpp:341] Persisting action (18 bytes) to leveldb took 381171ns
I1031 14:54:18.648941 31656 leveldb.cpp:399] Deleting ~2 keys from leveldb took 40884ns
I1031 14:54:18.648985 31656 replica.cpp:708] Persisted action TRUNCATE at position 10
I1031 14:54:18.649085 31651 hierarchical.cpp:1694] No allocations performed
I1031 14:54:18.649155 31651 hierarchical.cpp:1309] Performed allocation for agent 5098f7d2-2044-4dcd-b97f-9bd7c3dd1e27-S1 in 267700ns
I1031 14:54:18.649305 31651 hierarchical.cpp:555] Agent 5098f7d2-2044-4dcd-b97f-9bd7c3dd1e27-S1 (173b586c223f) updated with oversubscribed resources {} (total: cpus(*):2; mem(*):1024; disk(*):1024; ports(*):[31000-32000], allocated: cpus(*):2; mem(*):1024; disk(*):1024; ports(*):[31000-32000])
I1031 14:54:18.649469 31651 hierarchical.cpp:1694] No allocations performed
I1031 14:54:18.649554 31651 hierarchical.cpp:1309] Performed allocation for agent 5098f7d2-2044-4dcd-b97f-9bd7c3dd1e27-S1 in 195355ns
I1031 14:54:18.650046 31643 log.cpp:577] Attempting to append 503 bytes to the log
I1031 14:54:18.650197 31653 coordinator.cpp:348] Coordinator attempting to write APPEND action at position 11
I1031 14:54:18.650496 31648 process.cpp:3570] Handling HTTP event for process 'master' with path: '/master/state'
I1031 14:54:18.651095 31657 replica.cpp:537] Replica received write request for position 11 from __req_res__(3007)@172.17.0.3:46956
I1031 14:54:18.651302 31657 leveldb.cpp:341] Persisting action (522 bytes) to leveldb took 160039ns
I1031 14:54:18.651340 31657 replica.cpp:708] Persisted action APPEND at position 11
I1031 14:54:18.651604 31651 http.cpp:391] HTTP GET for /master/state from 172.17.0.3:35755
I1031 14:54:18.652230 31656 replica.cpp:691] Replica received learned notice for position 11 from @0.0.0.0:0
I1031 14:54:18.652693 31656 leveldb.cpp:341] Persisting action (524 bytes) to leveldb took 420455ns
I1031 14:54:18.652725 31656 replica.cpp:708] Persisted action APPEND at position 11
I1031 14:54:18.654693 31648 registrar.cpp:506] Successfully updated the registry in 8.75392ms
I1031 14:54:18.655004 31650 log.cpp:596] Attempting to truncate the log to 11
I1031 14:54:18.655267 31656 coordinator.cpp:348] Coordinator attempting to write TRUNCATE action at position 12
I1031 14:54:18.655925 31645 master.cpp:8334] Adding task 3d00a1fe-59e4-42cf-a231-df3a06aecc3a with resources cpus(*):2; mem(*):1024; disk(*):1024; ports(*):[31000-32000] on agent 5098f7d2-2044-4dcd-b97f-9bd7c3dd1e27-S0 (173b586c223f)
I1031 14:54:18.656440 31647 replica.cpp:537] Replica received write request for position 12 from __req_res__(3008)@172.17.0.3:46956
W1031 14:54:18.656488 31645 master.cpp:7414] Possibly orphaned task 3d00a1fe-59e4-42cf-a231-df3a06aecc3a of framework 5098f7d2-2044-4dcd-b97f-9bd7c3dd1e27-0000 running on agent 5098f7d2-2044-4dcd-b97f-9bd7c3dd1e27-S0 at slave(198)@172.17.0.3:46956 (173b586c223f)
I1031 14:54:18.656636 31649 slave.cpp:4251] Received ping from slave-observer(203)@172.17.0.3:46956
I1031 14:54:18.656883 31647 leveldb.cpp:341] Persisting action (16 bytes) to leveldb took 388466ns
I1031 14:54:18.656944 31651 slave.cpp:1217] Re-registered with master master@172.17.0.3:46956
I1031 14:54:18.656944 31647 replica.cpp:708] Persisted action TRUNCATE at position 12
I1031 14:54:18.656857 31645 master.cpp:5466] Re-registered agent 5098f7d2-2044-4dcd-b97f-9bd7c3dd1e27-S0 at slave(198)@172.17.0.3:46956 (173b586c223f) with cpus(*):2; mem(*):1024; disk(*):1024; ports(*):[31000-32000]
I1031 14:54:18.657088 31645 master.cpp:5560] Sending updated checkpointed resources {} to agent 5098f7d2-2044-4dcd-b97f-9bd7c3dd1e27-S0 at slave(198)@172.17.0.3:46956 (173b586c223f)
I1031 14:54:18.657121 31657 status_update_manager.cpp:184] Resuming sending status updates
I1031 14:54:18.657127 31651 slave.cpp:1253] Forwarding total oversubscribed resources {}
I1031 14:54:18.657199 31644 hierarchical.cpp:485] Added agent 5098f7d2-2044-4dcd-b97f-9bd7c3dd1e27-S0 (173b586c223f) with cpus(*):2; mem(*):1024; disk(*):1024; ports(*):[31000-32000] (allocated: cpus(*):2; mem(*):1024; disk(*):1024; ports(*):[31000-32000])
I1031 14:54:18.657316 31651 slave.cpp:2807] Ignoring new checkpointed resources identical to the current version: {}
I1031 14:54:18.657330 31644 hierarchical.cpp:1694] No allocations performed
I1031 14:54:18.657398 31644 hierarchical.cpp:1309] Performed allocation for agent 5098f7d2-2044-4dcd-b97f-9bd7c3dd1e27-S0 in 153893ns
I1031 14:54:18.657395 31645 master.cpp:5621] Received update of agent 5098f7d2-2044-4dcd-b97f-9bd7c3dd1e27-S0 at slave(198)@172.17.0.3:46956 (173b586c223f) with total oversubscribed resources {}
../../src/tests/master_tests.cpp:3074: Failure
Value of: orphanTasks.values.size()
  Actual: 1
Expected: 2u
Which is: 2
{code}

