I0707 18:07:01.992619 31535 master.cpp:5321] Forwarding status update TASK_FINISHED (UUID: 9e47c164-0f30-4b73-aab4-249a77bdc04d) for task 1 of framework 7892fbb2-1ac1-450f-8576-10c1df35f765-0000
I0707 18:07:01.992776 31535 master.cpp:6959] Updating the state of task 1 of framework 7892fbb2-1ac1-450f-8576-10c1df35f765-0000 (latest state: TASK_FINISHED, status update state: TASK_FINISHED)
I0707 18:07:01.993170 31535 dynamic_reservation_framework.cpp:208] Task 1 is finished at agent 7892fbb2-1ac1-450f-8576-10c1df35f765-S1
I0707 18:07:01.993191 31535 sched.cpp:1025] Scheduler::statusUpdate took 32857ns
I0707 18:07:01.993369 31535 master.cpp:4388] Processing ACKNOWLEDGE call 9e47c164-0f30-4b73-aab4-249a77bdc04d for task 1 of framework 7892fbb2-1ac1-450f-8576-10c1df35f765-0000 (Dynamic Reservation Framework (C++)) at scheduler-c51aa6e6-f5b6-4bfc-982c-9a71ea56a862@172.17.0.7:39581 on agent 7892fbb2-1ac1-450f-8576-10c1df35f765-S1
I0707 18:07:01.993633 31531 hierarchical.cpp:924] Recovered cpus(test, test):1; mem(test, test):128 (total: cpus(*):15; mem(*):47142; disk(*):3.70122e+06; ports(*):[31000-32000]; cpus(test, test):1; mem(test, test):128, allocated: ) on agent 7892fbb2-1ac1-450f-8576-10c1df35f765-S1 from framework 7892fbb2-1ac1-450f-8576-10c1df35f765-0000
I0707 18:07:01.994060 31535 master.cpp:7025] Removing task 1 with resources cpus(test, test):1; mem(test, test):128 of framework 7892fbb2-1ac1-450f-8576-10c1df35f765-0000 on agent 7892fbb2-1ac1-450f-8576-10c1df35f765-S1 at slave(3)@172.17.0.7:39581 (753c2ae3a486)
I0707 18:07:01.994530 31535 status_update_manager.cpp:392] Received status update acknowledgement (UUID: 9e47c164-0f30-4b73-aab4-249a77bdc04d) for task 1 of framework 7892fbb2-1ac1-450f-8576-10c1df35f765-0000
I0707 18:07:01.994729 31535 status_update_manager.cpp:528] Cleaning up status update stream for task 1 of framework 7892fbb2-1ac1-450f-8576-10c1df35f765-0000
I0707 18:07:01.995079 31537 slave.cpp:2671] Status update manager successfully handled status update acknowledgement (UUID: 9e47c164-0f30-4b73-aab4-249a77bdc04d) for task 1 of framework 7892fbb2-1ac1-450f-8576-10c1df35f765-0000
I0707 18:07:01.995172 31537 slave.cpp:6129] Completing task 1
I0707 18:07:02.274876 31537 hierarchical.cpp:1632] No inverse offers to send out!
I0707 18:07:02.275038 31537 hierarchical.cpp:1172] Performed allocation for 3 agents in 4.318297ms
I0707 18:07:02.278640 31537 master.cpp:5835] Sending 3 offers to framework 7892fbb2-1ac1-450f-8576-10c1df35f765-0000 (Dynamic Reservation Framework (C++)) at scheduler-c51aa6e6-f5b6-4bfc-982c-9a71ea56a862@172.17.0.7:39581
I0707 18:07:02.280704 31524 dynamic_reservation_framework.cpp:84] Received offer 7892fbb2-1ac1-450f-8576-10c1df35f765-O6 with cpus(test, test):1; mem(test, test):128; cpus(*):15; mem(*):47142; disk(*):3.70122e+06; ports(*):[31000-32000]
I0707 18:07:02.280966 31524 dynamic_reservation_framework.cpp:150] Launching task 3 using offer 7892fbb2-1ac1-450f-8576-10c1df35f765-O6
I0707 18:07:02.281510 31524 dynamic_reservation_framework.cpp:84] Received offer 7892fbb2-1ac1-450f-8576-10c1df35f765-O7 with cpus(test, test):1; mem(test, test):128; cpus(*):15; mem(*):47142; disk(*):3.70122e+06; ports(*):[31000-32000]
I0707 18:07:02.281695 31524 dynamic_reservation_framework.cpp:150] Launching task 4 using offer 7892fbb2-1ac1-450f-8576-10c1df35f765-O7
I0707 18:07:02.282440 31524 dynamic_reservation_framework.cpp:84] Received offer 7892fbb2-1ac1-450f-8576-10c1df35f765-O8 with cpus(test, test):1; mem(test, test):128; cpus(*):15; mem(*):47142; disk(*):3.70122e+06; ports(*):[31000-32000]
I0707 18:07:02.282804 31524 sched.cpp:917] Scheduler::resourceOffers took 2.103878ms
I0707 18:07:02.285826 31537 master.cpp:3468] Processing ACCEPT call for offers: [ 7892fbb2-1ac1-450f-8576-10c1df35f765-O6 ] on agent 7892fbb2-1ac1-450f-8576-10c1df35f765-S0 at slave(2)@172.17.0.7:39581 (753c2ae3a486) for framework 7892fbb2-1ac1-450f-8576-10c1df35f765-0000 (Dynamic Reservation Framework (C++)) at scheduler-c51aa6e6-f5b6-4bfc-982c-9a71ea56a862@172.17.0.7:39581
I0707 18:07:02.285923 31537 master.cpp:3106] Authorizing framework principal 'test' to launch task 3
I0707 18:07:02.291869 31537 master.cpp:3468] Processing ACCEPT call for offers: [ 7892fbb2-1ac1-450f-8576-10c1df35f765-O7 ] on agent 7892fbb2-1ac1-450f-8576-10c1df35f765-S2 at slave(1)@172.17.0.7:39581 (753c2ae3a486) for framework 7892fbb2-1ac1-450f-8576-10c1df35f765-0000 (Dynamic Reservation Framework (C++)) at scheduler-c51aa6e6-f5b6-4bfc-982c-9a71ea56a862@172.17.0.7:39581
I0707 18:07:02.291971 31537 master.cpp:3106] Authorizing framework principal 'test' to launch task 4
I0707 18:07:02.297622 31537 master.cpp:3468] Processing ACCEPT call for offers: [ 7892fbb2-1ac1-450f-8576-10c1df35f765-O8 ] on agent 7892fbb2-1ac1-450f-8576-10c1df35f765-S1 at slave(3)@172.17.0.7:39581 (753c2ae3a486) for framework 7892fbb2-1ac1-450f-8576-10c1df35f765-0000 (Dynamic Reservation Framework (C++)) at scheduler-c51aa6e6-f5b6-4bfc-982c-9a71ea56a862@172.17.0.7:39581
I0707 18:07:02.299481 31537 master.cpp:3201] Authorizing principal 'test' to unreserve resources 'cpus(test, test):1; mem(test, test):128'
I0707 18:07:02.304149 31537 master.cpp:7565] Adding task 3 with resources cpus(test, test):1; mem(test, test):128 on agent 7892fbb2-1ac1-450f-8576-10c1df35f765-S0 (753c2ae3a486)
I0707 18:07:02.304298 31537 master.cpp:3957] Launching task 3 of framework 7892fbb2-1ac1-450f-8576-10c1df35f765-0000 (Dynamic Reservation Framework (C++)) at scheduler-c51aa6e6-f5b6-4bfc-982c-9a71ea56a862@172.17.0.7:39581 with resources cpus(test, test):1; mem(test, test):128 on agent 7892fbb2-1ac1-450f-8576-10c1df35f765-S0 at slave(2)@172.17.0.7:39581 (753c2ae3a486)
I0707 18:07:02.305838 31532 slave.cpp:1569] Got assigned task 3 for framework 7892fbb2-1ac1-450f-8576-10c1df35f765-0000
I0707 18:07:02.306040 31532 resources.cpp:572] Parsing resources as JSON failed: cpus:0.1;mem:32
Trying semicolon-delimited string format instead
I0707 18:07:02.307746 31532 slave.cpp:1688] Launching task 3 for framework 7892fbb2-1ac1-450f-8576-10c1df35f765-0000
I0707 18:07:02.307853 31532 resources.cpp:572] Parsing resources as JSON failed: cpus:0.1;mem:32
Trying semicolon-delimited string format instead
I0707 18:07:02.312942 31532 paths.cpp:528] Trying to chown '/tmp/mesos-IFR4rG/1/slaves/7892fbb2-1ac1-450f-8576-10c1df35f765-S0/frameworks/7892fbb2-1ac1-450f-8576-10c1df35f765-0000/executors/3/runs/e31dfccd-5f2a-40e1-95a0-b5b253fac912' to user 'mesos'
I0707 18:07:02.317132 31531 hierarchical.cpp:924] Recovered ports(*):[31000-32000]; disk(*):3.70122e+06; cpus(*):15; mem(*):47142 (total: cpus(*):15; mem(*):47142; disk(*):3.70122e+06; ports(*):[31000-32000]; cpus(test, test):1; mem(test, test):128, allocated: cpus(test, test):1; mem(test, test):128) on agent 7892fbb2-1ac1-450f-8576-10c1df35f765-S0 from framework 7892fbb2-1ac1-450f-8576-10c1df35f765-0000
I0707 18:07:02.318964 31532 slave.cpp:5748] Launching executor 3 of framework 7892fbb2-1ac1-450f-8576-10c1df35f765-0000 with resources cpus(*):0.1; mem(*):32 in work directory '/tmp/mesos-IFR4rG/1/slaves/7892fbb2-1ac1-450f-8576-10c1df35f765-S0/frameworks/7892fbb2-1ac1-450f-8576-10c1df35f765-0000/executors/3/runs/e31dfccd-5f2a-40e1-95a0-b5b253fac912'
I0707 18:07:02.319262 31537 master.cpp:7565] Adding task 4 with resources cpus(test, test):1; mem(test, test):128 on agent 7892fbb2-1ac1-450f-8576-10c1df35f765-S2 (753c2ae3a486)
I0707 18:07:02.319537 31537 master.cpp:3957] Launching task 4 of framework 7892fbb2-1ac1-450f-8576-10c1df35f765-0000 (Dynamic Reservation Framework (C++)) at scheduler-c51aa6e6-f5b6-4bfc-982c-9a71ea56a862@172.17.0.7:39581 with resources cpus(test, test):1; mem(test, test):128 on agent 7892fbb2-1ac1-450f-8576-10c1df35f765-S2 at slave(1)@172.17.0.7:39581 (753c2ae3a486)
I0707 18:07:02.319990 31527 slave.cpp:1569] Got assigned task 4 for framework 7892fbb2-1ac1-450f-8576-10c1df35f765-0000
I0707 18:07:02.320173 31537 master.cpp:3747] Applying UNRESERVE operation for resources cpus(test, test):1; mem(test, test):128 from framework 7892fbb2-1ac1-450f-8576-10c1df35f765-0000 (Dynamic Reservation Framework (C++)) at scheduler-c51aa6e6-f5b6-4bfc-982c-9a71ea56a862@172.17.0.7:39581 to agent 7892fbb2-1ac1-450f-8576-10c1df35f765-S1 at slave(3)@172.17.0.7:39581 (753c2ae3a486)
I0707 18:07:02.321169 31539 hierarchical.cpp:924] Recovered ports(*):[31000-32000]; disk(*):3.70122e+06; cpus(*):15; mem(*):47142 (total: cpus(*):15; mem(*):47142; disk(*):3.70122e+06; ports(*):[31000-32000]; cpus(test, test):1; mem(test, test):128, allocated: cpus(test, test):1; mem(test, test):128) on agent 7892fbb2-1ac1-450f-8576-10c1df35f765-S2 from framework 7892fbb2-1ac1-450f-8576-10c1df35f765-0000
I0707 18:07:02.321388 31527 resources.cpp:572] Parsing resources as JSON failed: cpus:0.1;mem:32
Trying semicolon-delimited string format instead
I0707 18:07:02.322088 31537 master.cpp:7098] Sending checkpointed resources  to agent 7892fbb2-1ac1-450f-8576-10c1df35f765-S1 at slave(3)@172.17.0.7:39581 (753c2ae3a486)
I0707 18:07:02.322193 31527 slave.cpp:1688] Launching task 4 for framework 7892fbb2-1ac1-450f-8576-10c1df35f765-0000
I0707 18:07:02.322312 31527 resources.cpp:572] Parsing resources as JSON failed: cpus:0.1;mem:32
Trying semicolon-delimited string format instead
I0707 18:07:02.322660 31537 slave.cpp:2600] Updated checkpointed resources from cpus(test, test):1; mem(test, test):128 to 
I0707 18:07:02.323094 31527 paths.cpp:528] Trying to chown '/tmp/mesos-IFR4rG/0/slaves/7892fbb2-1ac1-450f-8576-10c1df35f765-S2/frameworks/7892fbb2-1ac1-450f-8576-10c1df35f765-0000/executors/4/runs/f4bdc7d6-e7b1-4bd7-84e3-a7353f8b3e84' to user 'mesos'
I0707 18:07:02.324539 31532 slave.cpp:1914] Queuing task '3' for executor '3' of framework 7892fbb2-1ac1-450f-8576-10c1df35f765-0000
I0707 18:07:02.324769 31528 containerizer.cpp:781] Starting container 'e31dfccd-5f2a-40e1-95a0-b5b253fac912' for executor '3' of framework '7892fbb2-1ac1-450f-8576-10c1df35f765-0000'
I0707 18:07:02.324848 31532 slave.cpp:922] Successfully attached file '/tmp/mesos-IFR4rG/1/slaves/7892fbb2-1ac1-450f-8576-10c1df35f765-S0/frameworks/7892fbb2-1ac1-450f-8576-10c1df35f765-0000/executors/3/runs/e31dfccd-5f2a-40e1-95a0-b5b253fac912'
I0707 18:07:02.326263 31539 hierarchical.cpp:683] Updated allocation of framework 7892fbb2-1ac1-450f-8576-10c1df35f765-0000 on agent 7892fbb2-1ac1-450f-8576-10c1df35f765-S1 from cpus(test, test):1; mem(test, test):128; cpus(*):15; mem(*):47142; disk(*):3.70122e+06; ports(*):[31000-32000] to ports(*):[31000-32000]; disk(*):3.70122e+06; cpus(*):16; mem(*):47270
I0707 18:07:02.327944 31539 hierarchical.cpp:924] Recovered ports(*):[31000-32000]; disk(*):3.70122e+06; cpus(*):16; mem(*):47270 (total: cpus(*):16; mem(*):47270; disk(*):3.70122e+06; ports(*):[31000-32000], allocated: ) on agent 7892fbb2-1ac1-450f-8576-10c1df35f765-S1 from framework 7892fbb2-1ac1-450f-8576-10c1df35f765-0000
I0707 18:07:02.330935 31527 slave.cpp:5748] Launching executor 4 of framework 7892fbb2-1ac1-450f-8576-10c1df35f765-0000 with resources cpus(*):0.1; mem(*):32 in work directory '/tmp/mesos-IFR4rG/0/slaves/7892fbb2-1ac1-450f-8576-10c1df35f765-S2/frameworks/7892fbb2-1ac1-450f-8576-10c1df35f765-0000/executors/4/runs/f4bdc7d6-e7b1-4bd7-84e3-a7353f8b3e84'
I0707 18:07:02.331660 31527 slave.cpp:1914] Queuing task '4' for executor '4' of framework 7892fbb2-1ac1-450f-8576-10c1df35f765-0000
I0707 18:07:02.331791 31527 slave.cpp:922] Successfully attached file '/tmp/mesos-IFR4rG/0/slaves/7892fbb2-1ac1-450f-8576-10c1df35f765-S2/frameworks/7892fbb2-1ac1-450f-8576-10c1df35f765-0000/executors/4/runs/f4bdc7d6-e7b1-4bd7-84e3-a7353f8b3e84'
I0707 18:07:02.331665 31536 containerizer.cpp:781] Starting container 'f4bdc7d6-e7b1-4bd7-84e3-a7353f8b3e84' for executor '4' of framework '7892fbb2-1ac1-450f-8576-10c1df35f765-0000'
I0707 18:07:02.334722 31530 containerizer.cpp:1284] Launching 'mesos-containerizer' with flags '--command="{"arguments":["mesos-executor","--launcher_dir=\/mesos\/mesos-1.0.0\/_build\/src"],"shell":false,"value":"\/mesos\/mesos-1.0.0\/_build\/src\/mesos-executor"}" --help="false" --pipe_read="17" --pipe_write="18" --pre_exec_commands="[]" --unshare_namespace_mnt="false" --user="mesos" --working_directory="/tmp/mesos-IFR4rG/1/slaves/7892fbb2-1ac1-450f-8576-10c1df35f765-S0/frameworks/7892fbb2-1ac1-450f-8576-10c1df35f765-0000/executors/3/runs/e31dfccd-5f2a-40e1-95a0-b5b253fac912"'
I0707 18:07:02.335965 31530 launcher.cpp:126] Forked child with pid '31726' for container 'e31dfccd-5f2a-40e1-95a0-b5b253fac912'
I0707 18:07:02.340095 31536 containerizer.cpp:1284] Launching 'mesos-containerizer' with flags '--command="{"arguments":["mesos-executor","--launcher_dir=\/mesos\/mesos-1.0.0\/_build\/src"],"shell":false,"value":"\/mesos\/mesos-1.0.0\/_build\/src\/mesos-executor"}" --help="false" --pipe_read="19" --pipe_write="20" --pre_exec_commands="[]" --unshare_namespace_mnt="false" --user="mesos" --working_directory="/tmp/mesos-IFR4rG/0/slaves/7892fbb2-1ac1-450f-8576-10c1df35f765-S2/frameworks/7892fbb2-1ac1-450f-8576-10c1df35f765-0000/executors/4/runs/f4bdc7d6-e7b1-4bd7-84e3-a7353f8b3e84"'
I0707 18:07:02.341588 31536 launcher.cpp:126] Forked child with pid '31727' for container 'f4bdc7d6-e7b1-4bd7-84e3-a7353f8b3e84'
I0707 18:07:02.587986 31726 exec.cpp:161] Version: 1.0.0
I0707 18:07:02.592061 31727 exec.cpp:161] Version: 1.0.0
I0707 18:07:02.592990 31535 slave.cpp:2902] Got registration for executor '3' of framework 7892fbb2-1ac1-450f-8576-10c1df35f765-0000 from executor(1)@172.17.0.7:55420
I0707 18:07:02.595854 31533 slave.cpp:2902] Got registration for executor '4' of framework 7892fbb2-1ac1-450f-8576-10c1df35f765-0000 from executor(1)@172.17.0.7:56283
I0707 18:07:02.599692 31535 slave.cpp:2079] Sending queued task '3' to executor '3' of framework 7892fbb2-1ac1-450f-8576-10c1df35f765-0000 at executor(1)@172.17.0.7:55420
I0707 18:07:02.600880 31811 exec.cpp:236] Executor registered on agent 7892fbb2-1ac1-450f-8576-10c1df35f765-S2
I0707 18:07:02.601768 31533 slave.cpp:2079] Sending queued task '4' to executor '4' of framework 7892fbb2-1ac1-450f-8576-10c1df35f765-0000 at executor(1)@172.17.0.7:56283
I0707 18:07:02.603651 31792 exec.cpp:236] Executor registered on agent 7892fbb2-1ac1-450f-8576-10c1df35f765-S0
Received SUBSCRIBED event
Subscribed executor on 753c2ae3a486
Received LAUNCH event
Starting task 3
Received SUBSCRIBED event
Subscribed executor on 753c2ae3a486
Received LAUNCH event
Starting task 4
/mesos/mesos-1.0.0/_build/src/mesos-containerizer launch --command="{"shell":true,"value":"echo hello"}" --help="false" --unshare_namespace_mnt="false"
Forked command at 31815
/mesos/mesos-1.0.0/_build/src/mesos-containerizer launch --command="{"shell":true,"value":"echo hello"}" --help="false" --unshare_namespace_mnt="false"
Forked command at 31814
I0707 18:07:02.632139 31530 slave.cpp:3285] Handling status update TASK_RUNNING (UUID: 58bae39d-f2fa-4160-84d2-ddf3d1c728bf) for task 3 of framework 7892fbb2-1ac1-450f-8576-10c1df35f765-0000 from executor(1)@172.17.0.7:55420
I0707 18:07:02.634009 31537 slave.cpp:3285] Handling status update TASK_RUNNING (UUID: f7349218-9f36-4867-8b7e-b980f525c673) for task 4 of framework 7892fbb2-1ac1-450f-8576-10c1df35f765-0000 from executor(1)@172.17.0.7:56283
I0707 18:07:02.636554 31527 status_update_manager.cpp:320] Received status update TASK_RUNNING (UUID: f7349218-9f36-4867-8b7e-b980f525c673) for task 4 of framework 7892fbb2-1ac1-450f-8576-10c1df35f765-0000
I0707 18:07:02.636744 31527 status_update_manager.cpp:497] Creating StatusUpdate stream for task 4 of framework 7892fbb2-1ac1-450f-8576-10c1df35f765-0000
I0707 18:07:02.637475 31527 status_update_manager.cpp:374] Forwarding update TASK_RUNNING (UUID: f7349218-9f36-4867-8b7e-b980f525c673) for task 4 of framework 7892fbb2-1ac1-450f-8576-10c1df35f765-0000 to the agent
I0707 18:07:02.640130 31527 slave.cpp:3678] Forwarding the update TASK_RUNNING (UUID: f7349218-9f36-4867-8b7e-b980f525c673) for task 4 of framework 7892fbb2-1ac1-450f-8576-10c1df35f765-0000 to master@172.17.0.7:39581
I0707 18:07:02.641506 31527 slave.cpp:3572] Status update manager successfully handled status update TASK_RUNNING (UUID: f7349218-9f36-4867-8b7e-b980f525c673) for task 4 of framework 7892fbb2-1ac1-450f-8576-10c1df35f765-0000
I0707 18:07:02.643518 31527 slave.cpp:3588] Sending acknowledgement for status update TASK_RUNNING (UUID: f7349218-9f36-4867-8b7e-b980f525c673) for task 4 of framework 7892fbb2-1ac1-450f-8576-10c1df35f765-0000 to executor(1)@172.17.0.7:56283
I0707 18:07:02.642694 31529 master.cpp:5273] Status update TASK_RUNNING (UUID: f7349218-9f36-4867-8b7e-b980f525c673) for task 4 of framework 7892fbb2-1ac1-450f-8576-10c1df35f765-0000 from agent 7892fbb2-1ac1-450f-8576-10c1df35f765-S2 at slave(1)@172.17.0.7:39581 (753c2ae3a486)
I0707 18:07:02.644038 31529 master.cpp:5321] Forwarding status update TASK_RUNNING (UUID: f7349218-9f36-4867-8b7e-b980f525c673) for task 4 of framework 7892fbb2-1ac1-450f-8576-10c1df35f765-0000
I0707 18:07:02.644603 31524 dynamic_reservation_framework.cpp:211] Task 4 is in state TASK_RUNNING
I0707 18:07:02.644876 31524 sched.cpp:1025] Scheduler::statusUpdate took 310563ns
I0707 18:07:02.645233 31529 master.cpp:6959] Updating the state of task 4 of framework 7892fbb2-1ac1-450f-8576-10c1df35f765-0000 (latest state: TASK_RUNNING, status update state: TASK_RUNNING)
I0707 18:07:02.645633 31529 master.cpp:4388] Processing ACKNOWLEDGE call f7349218-9f36-4867-8b7e-b980f525c673 for task 4 of framework 7892fbb2-1ac1-450f-8576-10c1df35f765-0000 (Dynamic Reservation Framework (C++)) at scheduler-c51aa6e6-f5b6-4bfc-982c-9a71ea56a862@172.17.0.7:39581 on agent 7892fbb2-1ac1-450f-8576-10c1df35f765-S2
I0707 18:07:02.648191 31530 status_update_manager.cpp:320] Received status update TASK_RUNNING (UUID: 58bae39d-f2fa-4160-84d2-ddf3d1c728bf) for task 3 of framework 7892fbb2-1ac1-450f-8576-10c1df35f765-0000
I0707 18:07:02.648598 31530 status_update_manager.cpp:497] Creating StatusUpdate stream for task 3 of framework 7892fbb2-1ac1-450f-8576-10c1df35f765-0000
I0707 18:07:02.648950 31527 status_update_manager.cpp:392] Received status update acknowledgement (UUID: f7349218-9f36-4867-8b7e-b980f525c673) for task 4 of framework 7892fbb2-1ac1-450f-8576-10c1df35f765-0000
I0707 18:07:02.649775 31527 slave.cpp:2671] Status update manager successfully handled status update acknowledgement (UUID: f7349218-9f36-4867-8b7e-b980f525c673) for task 4 of framework 7892fbb2-1ac1-450f-8576-10c1df35f765-0000
I0707 18:07:02.650616 31530 status_update_manager.cpp:374] Forwarding update TASK_RUNNING (UUID: 58bae39d-f2fa-4160-84d2-ddf3d1c728bf) for task 3 of framework 7892fbb2-1ac1-450f-8576-10c1df35f765-0000 to the agent
I0707 18:07:02.651362 31530 slave.cpp:3678] Forwarding the update TASK_RUNNING (UUID: 58bae39d-f2fa-4160-84d2-ddf3d1c728bf) for task 3 of framework 7892fbb2-1ac1-450f-8576-10c1df35f765-0000 to master@172.17.0.7:39581
I0707 18:07:02.651851 31530 slave.cpp:3572] Status update manager successfully handled status update TASK_RUNNING (UUID: 58bae39d-f2fa-4160-84d2-ddf3d1c728bf) for task 3 of framework 7892fbb2-1ac1-450f-8576-10c1df35f765-0000
I0707 18:07:02.652447 31530 slave.cpp:3588] Sending acknowledgement for status update TASK_RUNNING (UUID: 58bae39d-f2fa-4160-84d2-ddf3d1c728bf) for task 3 of framework 7892fbb2-1ac1-450f-8576-10c1df35f765-0000 to executor(1)@172.17.0.7:55420
I0707 18:07:02.652318 31538 master.cpp:5273] Status update TASK_RUNNING (UUID: 58bae39d-f2fa-4160-84d2-ddf3d1c728bf) for task 3 of framework 7892fbb2-1ac1-450f-8576-10c1df35f765-0000 from agent 7892fbb2-1ac1-450f-8576-10c1df35f765-S0 at slave(2)@172.17.0.7:39581 (753c2ae3a486)
I0707 18:07:02.652909 31538 master.cpp:5321] Forwarding status update TASK_RUNNING (UUID: 58bae39d-f2fa-4160-84d2-ddf3d1c728bf) for task 3 of framework 7892fbb2-1ac1-450f-8576-10c1df35f765-0000
I0707 18:07:02.653316 31538 master.cpp:6959] Updating the state of task 3 of framework 7892fbb2-1ac1-450f-8576-10c1df35f765-0000 (latest state: TASK_RUNNING, status update state: TASK_RUNNING)
I0707 18:07:02.653714 31526 dynamic_reservation_framework.cpp:211] Task 3 is in state TASK_RUNNING
I0707 18:07:02.653985 31526 sched.cpp:1025] Scheduler::statusUpdate took 274166ns
I0707 18:07:02.654438 31526 master.cpp:4388] Processing ACKNOWLEDGE call 58bae39d-f2fa-4160-84d2-ddf3d1c728bf for task 3 of framework 7892fbb2-1ac1-450f-8576-10c1df35f765-0000 (Dynamic Reservation Framework (C++)) at scheduler-c51aa6e6-f5b6-4bfc-982c-9a71ea56a862@172.17.0.7:39581 on agent 7892fbb2-1ac1-450f-8576-10c1df35f765-S0
I0707 18:07:02.656904 31525 status_update_manager.cpp:392] Received status update acknowledgement (UUID: 58bae39d-f2fa-4160-84d2-ddf3d1c728bf) for task 3 of framework 7892fbb2-1ac1-450f-8576-10c1df35f765-0000
I0707 18:07:02.657546 31530 slave.cpp:2671] Status update manager successfully handled status update acknowledgement (UUID: 58bae39d-f2fa-4160-84d2-ddf3d1c728bf) for task 3 of framework 7892fbb2-1ac1-450f-8576-10c1df35f765-0000
hello
hello
Command exited with status 0 (pid: 31814)
Command exited with status 0 (pid: 31815)
I0707 18:07:02.834297 31526 slave.cpp:3285] Handling status update TASK_FINISHED (UUID: 5c12302d-6330-4df9-bf8f-d3443e6bccc6) for task 3 of framework 7892fbb2-1ac1-450f-8576-10c1df35f765-0000 from executor(1)@172.17.0.7:55420
I0707 18:07:02.836560 31529 slave.cpp:6088] Terminating task 3
I0707 18:07:02.837365 31526 slave.cpp:3285] Handling status update TASK_FINISHED (UUID: 7e8d7fb0-613e-4a73-b07f-d3eee49496d5) for task 4 of framework 7892fbb2-1ac1-450f-8576-10c1df35f765-0000 from executor(1)@172.17.0.7:56283
I0707 18:07:02.838392 31534 status_update_manager.cpp:320] Received status update TASK_FINISHED (UUID: 5c12302d-6330-4df9-bf8f-d3443e6bccc6) for task 3 of framework 7892fbb2-1ac1-450f-8576-10c1df35f765-0000
I0707 18:07:02.838690 31534 status_update_manager.cpp:374] Forwarding update TASK_FINISHED (UUID: 5c12302d-6330-4df9-bf8f-d3443e6bccc6) for task 3 of framework 7892fbb2-1ac1-450f-8576-10c1df35f765-0000 to the agent
I0707 18:07:02.839052 31537 slave.cpp:3678] Forwarding the update TASK_FINISHED (UUID: 5c12302d-6330-4df9-bf8f-d3443e6bccc6) for task 3 of framework 7892fbb2-1ac1-450f-8576-10c1df35f765-0000 to master@172.17.0.7:39581
I0707 18:07:02.839562 31537 slave.cpp:3572] Status update manager successfully handled status update TASK_FINISHED (UUID: 5c12302d-6330-4df9-bf8f-d3443e6bccc6) for task 3 of framework 7892fbb2-1ac1-450f-8576-10c1df35f765-0000
I0707 18:07:02.839733 31526 master.cpp:5273] Status update TASK_FINISHED (UUID: 5c12302d-6330-4df9-bf8f-d3443e6bccc6) for task 3 of framework 7892fbb2-1ac1-450f-8576-10c1df35f765-0000 from agent 7892fbb2-1ac1-450f-8576-10c1df35f765-S0 at slave(2)@172.17.0.7:39581 (753c2ae3a486)
I0707 18:07:02.839855 31526 master.cpp:5321] Forwarding status update TASK_FINISHED (UUID: 5c12302d-6330-4df9-bf8f-d3443e6bccc6) for task 3 of framework 7892fbb2-1ac1-450f-8576-10c1df35f765-0000
I0707 18:07:02.839866 31537 slave.cpp:3588] Sending acknowledgement for status update TASK_FINISHED (UUID: 5c12302d-6330-4df9-bf8f-d3443e6bccc6) for task 3 of framework 7892fbb2-1ac1-450f-8576-10c1df35f765-0000 to executor(1)@172.17.0.7:55420
I0707 18:07:02.840096 31526 master.cpp:6959] Updating the state of task 3 of framework 7892fbb2-1ac1-450f-8576-10c1df35f765-0000 (latest state: TASK_FINISHED, status update state: TASK_FINISHED)
I0707 18:07:02.840512 31535 dynamic_reservation_framework.cpp:208] Task 3 is finished at agent 7892fbb2-1ac1-450f-8576-10c1df35f765-S0
I0707 18:07:02.840540 31535 sched.cpp:1025] Scheduler::statusUpdate took 46734ns
I0707 18:07:02.840790 31535 master.cpp:4388] Processing ACKNOWLEDGE call 5c12302d-6330-4df9-bf8f-d3443e6bccc6 for task 3 of framework 7892fbb2-1ac1-450f-8576-10c1df35f765-0000 (Dynamic Reservation Framework (C++)) at scheduler-c51aa6e6-f5b6-4bfc-982c-9a71ea56a862@172.17.0.7:39581 on agent 7892fbb2-1ac1-450f-8576-10c1df35f765-S0
I0707 18:07:02.840873 31535 master.cpp:7025] Removing task 3 with resources cpus(test, test):1; mem(test, test):128 of framework 7892fbb2-1ac1-450f-8576-10c1df35f765-0000 on agent 7892fbb2-1ac1-450f-8576-10c1df35f765-S0 at slave(2)@172.17.0.7:39581 (753c2ae3a486)
I0707 18:07:02.841006 31526 hierarchical.cpp:924] Recovered cpus(test, test):1; mem(test, test):128 (total: cpus(*):15; mem(*):47142; disk(*):3.70122e+06; ports(*):[31000-32000]; cpus(test, test):1; mem(test, test):128, allocated: ) on agent 7892fbb2-1ac1-450f-8576-10c1df35f765-S0 from framework 7892fbb2-1ac1-450f-8576-10c1df35f765-0000
I0707 18:07:02.841898 31532 slave.cpp:6088] Terminating task 4
I0707 18:07:02.843639 31535 status_update_manager.cpp:392] Received status update acknowledgement (UUID: 5c12302d-6330-4df9-bf8f-d3443e6bccc6) for task 3 of framework 7892fbb2-1ac1-450f-8576-10c1df35f765-0000
I0707 18:07:02.843842 31535 status_update_manager.cpp:528] Cleaning up status update stream for task 3 of framework 7892fbb2-1ac1-450f-8576-10c1df35f765-0000
I0707 18:07:02.844398 31535 slave.cpp:2671] Status update manager successfully handled status update acknowledgement (UUID: 5c12302d-6330-4df9-bf8f-d3443e6bccc6) for task 3 of framework 7892fbb2-1ac1-450f-8576-10c1df35f765-0000
I0707 18:07:02.844481 31535 slave.cpp:6129] Completing task 3
I0707 18:07:02.845114 31532 status_update_manager.cpp:320] Received status update TASK_FINISHED (UUID: 7e8d7fb0-613e-4a73-b07f-d3eee49496d5) for task 4 of framework 7892fbb2-1ac1-450f-8576-10c1df35f765-0000
I0707 18:07:02.845590 31532 status_update_manager.cpp:374] Forwarding update TASK_FINISHED (UUID: 7e8d7fb0-613e-4a73-b07f-d3eee49496d5) for task 4 of framework 7892fbb2-1ac1-450f-8576-10c1df35f765-0000 to the agent
I0707 18:07:02.846128 31532 slave.cpp:3678] Forwarding the update TASK_FINISHED (UUID: 7e8d7fb0-613e-4a73-b07f-d3eee49496d5) for task 4 of framework 7892fbb2-1ac1-450f-8576-10c1df35f765-0000 to master@172.17.0.7:39581
I0707 18:07:02.846406 31532 slave.cpp:3572] Status update manager successfully handled status update TASK_FINISHED (UUID: 7e8d7fb0-613e-4a73-b07f-d3eee49496d5) for task 4 of framework 7892fbb2-1ac1-450f-8576-10c1df35f765-0000
I0707 18:07:02.846519 31532 slave.cpp:3588] Sending acknowledgement for status update TASK_FINISHED (UUID: 7e8d7fb0-613e-4a73-b07f-d3eee49496d5) for task 4 of framework 7892fbb2-1ac1-450f-8576-10c1df35f765-0000 to executor(1)@172.17.0.7:56283
I0707 18:07:02.846554 31527 master.cpp:5273] Status update TASK_FINISHED (UUID: 7e8d7fb0-613e-4a73-b07f-d3eee49496d5) for task 4 of framework 7892fbb2-1ac1-450f-8576-10c1df35f765-0000 from agent 7892fbb2-1ac1-450f-8576-10c1df35f765-S2 at slave(1)@172.17.0.7:39581 (753c2ae3a486)
I0707 18:07:02.846730 31527 master.cpp:5321] Forwarding status update TASK_FINISHED (UUID: 7e8d7fb0-613e-4a73-b07f-d3eee49496d5) for task 4 of framework 7892fbb2-1ac1-450f-8576-10c1df35f765-0000
I0707 18:07:02.846974 31527 master.cpp:6959] Updating the state of task 4 of framework 7892fbb2-1ac1-450f-8576-10c1df35f765-0000 (latest state: TASK_FINISHED, status update state: TASK_FINISHED)
I0707 18:07:02.847877 31524 hierarchical.cpp:924] Recovered cpus(test, test):1; mem(test, test):128 (total: cpus(*):15; mem(*):47142; disk(*):3.70122e+06; ports(*):[31000-32000]; cpus(test, test):1; mem(test, test):128, allocated: ) on agent 7892fbb2-1ac1-450f-8576-10c1df35f765-S2 from framework 7892fbb2-1ac1-450f-8576-10c1df35f765-0000
I0707 18:07:02.848093 31532 dynamic_reservation_framework.cpp:208] Task 4 is finished at agent 7892fbb2-1ac1-450f-8576-10c1df35f765-S2
I0707 18:07:02.848188 31532 dynamic_reservation_framework.cpp:226] All tasks done, waiting for unreserving resources
I0707 18:07:02.848259 31532 sched.cpp:1025] Scheduler::statusUpdate took 173818ns
I0707 18:07:02.848578 31532 master.cpp:4388] Processing ACKNOWLEDGE call 7e8d7fb0-613e-4a73-b07f-d3eee49496d5 for task 4 of framework 7892fbb2-1ac1-450f-8576-10c1df35f765-0000 (Dynamic Reservation Framework (C++)) at scheduler-c51aa6e6-f5b6-4bfc-982c-9a71ea56a862@172.17.0.7:39581 on agent 7892fbb2-1ac1-450f-8576-10c1df35f765-S2
I0707 18:07:02.848701 31532 master.cpp:7025] Removing task 4 with resources cpus(test, test):1; mem(test, test):128 of framework 7892fbb2-1ac1-450f-8576-10c1df35f765-0000 on agent 7892fbb2-1ac1-450f-8576-10c1df35f765-S2 at slave(1)@172.17.0.7:39581 (753c2ae3a486)
I0707 18:07:02.849139 31532 slave.cpp:3806] executor(1)@172.17.0.7:59475 exited
I0707 18:07:02.849176 31532 status_update_manager.cpp:392] Received status update acknowledgement (UUID: 7e8d7fb0-613e-4a73-b07f-d3eee49496d5) for task 4 of framework 7892fbb2-1ac1-450f-8576-10c1df35f765-0000
I0707 18:07:02.849354 31532 status_update_manager.cpp:528] Cleaning up status update stream for task 4 of framework 7892fbb2-1ac1-450f-8576-10c1df35f765-0000
I0707 18:07:02.850083 31532 slave.cpp:2671] Status update manager successfully handled status update acknowledgement (UUID: 7e8d7fb0-613e-4a73-b07f-d3eee49496d5) for task 4 of framework 7892fbb2-1ac1-450f-8576-10c1df35f765-0000
I0707 18:07:02.850138 31532 slave.cpp:6129] Completing task 4
I0707 18:07:02.947499 31529 containerizer.cpp:1863] Executor for container 'bdca1a15-bdb1-45bb-b19e-df07fb74e5db' has exited
I0707 18:07:02.947567 31529 containerizer.cpp:1622] Destroying container 'bdca1a15-bdb1-45bb-b19e-df07fb74e5db'
I0707 18:07:02.960427 31539 provisioner.cpp:411] Ignoring destroy request for unknown container bdca1a15-bdb1-45bb-b19e-df07fb74e5db
I0707 18:07:02.961381 31526 slave.cpp:4163] Executor '0' of framework 7892fbb2-1ac1-450f-8576-10c1df35f765-0000 exited with status 0
I0707 18:07:02.961753 31526 slave.cpp:4267] Cleaning up executor '0' of framework 7892fbb2-1ac1-450f-8576-10c1df35f765-0000 at executor(1)@172.17.0.7:59475
I0707 18:07:02.962579 31535 gc.cpp:55] Scheduling '/tmp/mesos-IFR4rG/1/slaves/7892fbb2-1ac1-450f-8576-10c1df35f765-S0/frameworks/7892fbb2-1ac1-450f-8576-10c1df35f765-0000/executors/0/runs/bdca1a15-bdb1-45bb-b19e-df07fb74e5db' for gc 6.99998886310222days in the future
I0707 18:07:02.963564 31535 gc.cpp:55] Scheduling '/tmp/mesos-IFR4rG/1/slaves/7892fbb2-1ac1-450f-8576-10c1df35f765-S0/frameworks/7892fbb2-1ac1-450f-8576-10c1df35f765-0000/executors/0' for gc 6.99998885004741days in the future
I0707 18:07:02.973430 31538 slave.cpp:3806] executor(1)@172.17.0.7:51409 exited
I0707 18:07:02.995627 31536 slave.cpp:3806] executor(1)@172.17.0.7:34513 exited
I0707 18:07:03.050102 31538 containerizer.cpp:1863] Executor for container 'cffaea8f-effc-4388-902d-1ae39d1e5bfb' has exited
I0707 18:07:03.050295 31538 containerizer.cpp:1622] Destroying container 'cffaea8f-effc-4388-902d-1ae39d1e5bfb'
I0707 18:07:03.052471 31531 containerizer.cpp:1863] Executor for container 'cde8072a-fc80-426d-833f-57e3cf50f368' has exited
I0707 18:07:03.052614 31531 containerizer.cpp:1622] Destroying container 'cde8072a-fc80-426d-833f-57e3cf50f368'
I0707 18:07:03.068886 31533 provisioner.cpp:411] Ignoring destroy request for unknown container cffaea8f-effc-4388-902d-1ae39d1e5bfb
I0707 18:07:03.069725 31524 slave.cpp:4163] Executor '2' of framework 7892fbb2-1ac1-450f-8576-10c1df35f765-0000 exited with status 0
I0707 18:07:03.069861 31524 slave.cpp:4267] Cleaning up executor '2' of framework 7892fbb2-1ac1-450f-8576-10c1df35f765-0000 at executor(1)@172.17.0.7:51409
I0707 18:07:03.071491 31524 gc.cpp:55] Scheduling '/tmp/mesos-IFR4rG/0/slaves/7892fbb2-1ac1-450f-8576-10c1df35f765-S2/frameworks/7892fbb2-1ac1-450f-8576-10c1df35f765-0000/executors/2/runs/cffaea8f-effc-4388-902d-1ae39d1e5bfb' for gc 6.9999991881837days in the future
I0707 18:07:03.071869 31524 gc.cpp:55] Scheduling '/tmp/mesos-IFR4rG/0/slaves/7892fbb2-1ac1-450f-8576-10c1df35f765-S2/frameworks/7892fbb2-1ac1-450f-8576-10c1df35f765-0000/executors/2' for gc 6.99999918568296days in the future
I0707 18:07:03.084206 31528 provisioner.cpp:411] Ignoring destroy request for unknown container cde8072a-fc80-426d-833f-57e3cf50f368
I0707 18:07:03.084844 31530 slave.cpp:4163] Executor '1' of framework 7892fbb2-1ac1-450f-8576-10c1df35f765-0000 exited with status 0
I0707 18:07:03.085223 31530 slave.cpp:4267] Cleaning up executor '1' of framework 7892fbb2-1ac1-450f-8576-10c1df35f765-0000 at executor(1)@172.17.0.7:34513
I0707 18:07:03.085597 31526 gc.cpp:55] Scheduling '/tmp/mesos-IFR4rG/2/slaves/7892fbb2-1ac1-450f-8576-10c1df35f765-S1/frameworks/7892fbb2-1ac1-450f-8576-10c1df35f765-0000/executors/1/runs/cde8072a-fc80-426d-833f-57e3cf50f368' for gc 6.99999901009185days in the future
I0707 18:07:03.085814 31530 slave.cpp:4355] Cleaning up framework 7892fbb2-1ac1-450f-8576-10c1df35f765-0000
I0707 18:07:03.086110 31530 status_update_manager.cpp:282] Closing status update streams for framework 7892fbb2-1ac1-450f-8576-10c1df35f765-0000
I0707 18:07:03.086287 31526 gc.cpp:55] Scheduling '/tmp/mesos-IFR4rG/2/slaves/7892fbb2-1ac1-450f-8576-10c1df35f765-S1/frameworks/7892fbb2-1ac1-450f-8576-10c1df35f765-0000/executors/1' for gc 6.99999900754667days in the future
I0707 18:07:03.086448 31526 gc.cpp:55] Scheduling '/tmp/mesos-IFR4rG/2/slaves/7892fbb2-1ac1-450f-8576-10c1df35f765-S1/frameworks/7892fbb2-1ac1-450f-8576-10c1df35f765-0000' for gc 6.99999900508148days in the future
I0707 18:07:03.282027 31534 hierarchical.cpp:1632] No inverse offers to send out!
I0707 18:07:03.282196 31534 hierarchical.cpp:1172] Performed allocation for 3 agents in 6.269452ms
I0707 18:07:03.285627 31534 master.cpp:5835] Sending 3 offers to framework 7892fbb2-1ac1-450f-8576-10c1df35f765-0000 (Dynamic Reservation Framework (C++)) at scheduler-c51aa6e6-f5b6-4bfc-982c-9a71ea56a862@172.17.0.7:39581
I0707 18:07:03.288548 31534 dynamic_reservation_framework.cpp:84] Received offer 7892fbb2-1ac1-450f-8576-10c1df35f765-O9 with cpus(*):16; mem(*):47270; disk(*):3.70122e+06; ports(*):[31000-32000]
I0707 18:07:03.288714 31534 dynamic_reservation_framework.cpp:84] Received offer 7892fbb2-1ac1-450f-8576-10c1df35f765-O10 with cpus(test, test):1; mem(test, test):128; cpus(*):15; mem(*):47142; disk(*):3.70122e+06; ports(*):[31000-32000]
I0707 18:07:03.289059 31534 dynamic_reservation_framework.cpp:84] Received offer 7892fbb2-1ac1-450f-8576-10c1df35f765-O11 with cpus(test, test):1; mem(test, test):128; cpus(*):15; mem(*):47142; disk(*):3.70122e+06; ports(*):[31000-32000]
I0707 18:07:03.289353 31534 sched.cpp:917] Scheduler::resourceOffers took 808575ns
I0707 18:07:03.295822 31534 master.cpp:3468] Processing ACCEPT call for offers: [ 7892fbb2-1ac1-450f-8576-10c1df35f765-O10 ] on agent 7892fbb2-1ac1-450f-8576-10c1df35f765-S0 at slave(2)@172.17.0.7:39581 (753c2ae3a486) for framework 7892fbb2-1ac1-450f-8576-10c1df35f765-0000 (Dynamic Reservation Framework (C++)) at scheduler-c51aa6e6-f5b6-4bfc-982c-9a71ea56a862@172.17.0.7:39581
I0707 18:07:03.296022 31534 master.cpp:3201] Authorizing principal 'test' to unreserve resources 'cpus(test, test):1; mem(test, test):128'
I0707 18:07:03.299430 31534 master.cpp:3468] Processing ACCEPT call for offers: [ 7892fbb2-1ac1-450f-8576-10c1df35f765-O11 ] on agent 7892fbb2-1ac1-450f-8576-10c1df35f765-S2 at slave(1)@172.17.0.7:39581 (753c2ae3a486) for framework 7892fbb2-1ac1-450f-8576-10c1df35f765-0000 (Dynamic Reservation Framework (C++)) at scheduler-c51aa6e6-f5b6-4bfc-982c-9a71ea56a862@172.17.0.7:39581
I0707 18:07:03.299563 31534 master.cpp:3201] Authorizing principal 'test' to unreserve resources 'cpus(test, test):1; mem(test, test):128'
I0707 18:07:03.300375 31534 master.cpp:3747] Applying UNRESERVE operation for resources cpus(test, test):1; mem(test, test):128 from framework 7892fbb2-1ac1-450f-8576-10c1df35f765-0000 (Dynamic Reservation Framework (C++)) at scheduler-c51aa6e6-f5b6-4bfc-982c-9a71ea56a862@172.17.0.7:39581 to agent 7892fbb2-1ac1-450f-8576-10c1df35f765-S0 at slave(2)@172.17.0.7:39581 (753c2ae3a486)
I0707 18:07:03.302352 31534 master.cpp:7098] Sending checkpointed resources  to agent 7892fbb2-1ac1-450f-8576-10c1df35f765-S0 at slave(2)@172.17.0.7:39581 (753c2ae3a486)
I0707 18:07:03.303211 31534 master.cpp:3747] Applying UNRESERVE operation for resources cpus(test, test):1; mem(test, test):128 from framework 7892fbb2-1ac1-450f-8576-10c1df35f765-0000 (Dynamic Reservation Framework (C++)) at scheduler-c51aa6e6-f5b6-4bfc-982c-9a71ea56a862@172.17.0.7:39581 to agent 7892fbb2-1ac1-450f-8576-10c1df35f765-S2 at slave(1)@172.17.0.7:39581 (753c2ae3a486)
I0707 18:07:03.303390 31527 slave.cpp:2600] Updated checkpointed resources from cpus(test, test):1; mem(test, test):128 to 
I0707 18:07:03.304319 31528 hierarchical.cpp:683] Updated allocation of framework 7892fbb2-1ac1-450f-8576-10c1df35f765-0000 on agent 7892fbb2-1ac1-450f-8576-10c1df35f765-S0 from cpus(test, test):1; mem(test, test):128; cpus(*):15; mem(*):47142; disk(*):3.70122e+06; ports(*):[31000-32000] to ports(*):[31000-32000]; disk(*):3.70122e+06; cpus(*):16; mem(*):47270
I0707 18:07:03.305121 31534 master.cpp:7098] Sending checkpointed resources  to agent 7892fbb2-1ac1-450f-8576-10c1df35f765-S2 at slave(1)@172.17.0.7:39581 (753c2ae3a486)
I0707 18:07:03.305532 31531 slave.cpp:2600] Updated checkpointed resources from cpus(test, test):1; mem(test, test):128 to 
I0707 18:07:03.306602 31528 hierarchical.cpp:924] Recovered ports(*):[31000-32000]; disk(*):3.70122e+06; cpus(*):16; mem(*):47270 (total: cpus(*):16; mem(*):47270; disk(*):3.70122e+06; ports(*):[31000-32000], allocated: ) on agent 7892fbb2-1ac1-450f-8576-10c1df35f765-S0 from framework 7892fbb2-1ac1-450f-8576-10c1df35f765-0000
I0707 18:07:03.311444 31528 hierarchical.cpp:683] Updated allocation of framework 7892fbb2-1ac1-450f-8576-10c1df35f765-0000 on agent 7892fbb2-1ac1-450f-8576-10c1df35f765-S2 from cpus(test, test):1; mem(test, test):128; cpus(*):15; mem(*):47142; disk(*):3.70122e+06; ports(*):[31000-32000] to ports(*):[31000-32000]; disk(*):3.70122e+06; cpus(*):16; mem(*):47270
I0707 18:07:03.312047 31528 hierarchical.cpp:924] Recovered ports(*):[31000-32000]; disk(*):3.70122e+06; cpus(*):16; mem(*):47270 (total: cpus(*):16; mem(*):47270; disk(*):3.70122e+06; ports(*):[31000-32000], allocated: ) on agent 7892fbb2-1ac1-450f-8576-10c1df35f765-S2 from framework 7892fbb2-1ac1-450f-8576-10c1df35f765-0000
I0707 18:07:03.841215 31530 slave.cpp:3806] executor(1)@172.17.0.7:55420 exited
I0707 18:07:03.841861 31533 slave.cpp:3806] executor(1)@172.17.0.7:56283 exited
I0707 18:07:03.857960 31525 containerizer.cpp:1863] Executor for container 'e31dfccd-5f2a-40e1-95a0-b5b253fac912' has exited
I0707 18:07:03.858224 31525 containerizer.cpp:1622] Destroying container 'e31dfccd-5f2a-40e1-95a0-b5b253fac912'
I0707 18:07:03.858165 31537 containerizer.cpp:1863] Executor for container 'f4bdc7d6-e7b1-4bd7-84e3-a7353f8b3e84' has exited
I0707 18:07:03.858378 31537 containerizer.cpp:1622] Destroying container 'f4bdc7d6-e7b1-4bd7-84e3-a7353f8b3e84'
I0707 18:07:03.866737 31532 provisioner.cpp:411] Ignoring destroy request for unknown container f4bdc7d6-e7b1-4bd7-84e3-a7353f8b3e84
I0707 18:07:03.867043 31527 slave.cpp:4163] Executor '4' of framework 7892fbb2-1ac1-450f-8576-10c1df35f765-0000 exited with status 0
I0707 18:07:03.867420 31527 slave.cpp:4267] Cleaning up executor '4' of framework 7892fbb2-1ac1-450f-8576-10c1df35f765-0000 at executor(1)@172.17.0.7:56283
I0707 18:07:03.867700 31536 provisioner.cpp:411] Ignoring destroy request for unknown container e31dfccd-5f2a-40e1-95a0-b5b253fac912
I0707 18:07:03.868448 31538 gc.cpp:55] Scheduling '/tmp/mesos-IFR4rG/0/slaves/7892fbb2-1ac1-450f-8576-10c1df35f765-S2/frameworks/7892fbb2-1ac1-450f-8576-10c1df35f765-0000/executors/4/runs/f4bdc7d6-e7b1-4bd7-84e3-a7353f8b3e84' for gc 6.99998995501037days in the future
I0707 18:07:03.868978 31531 slave.cpp:4163] Executor '3' of framework 7892fbb2-1ac1-450f-8576-10c1df35f765-0000 exited with status 0
I0707 18:07:03.869102 31531 slave.cpp:4267] Cleaning up executor '3' of framework 7892fbb2-1ac1-450f-8576-10c1df35f765-0000 at executor(1)@172.17.0.7:55420
I0707 18:07:03.869125 31533 gc.cpp:55] Scheduling '/tmp/mesos-IFR4rG/0/slaves/7892fbb2-1ac1-450f-8576-10c1df35f765-S2/frameworks/7892fbb2-1ac1-450f-8576-10c1df35f765-0000/executors/4' for gc 6.99998994908444days in the future
I0707 18:07:03.869405 31533 gc.cpp:55] Scheduling '/tmp/mesos-IFR4rG/1/slaves/7892fbb2-1ac1-450f-8576-10c1df35f765-S0/frameworks/7892fbb2-1ac1-450f-8576-10c1df35f765-0000/executors/3/runs/e31dfccd-5f2a-40e1-95a0-b5b253fac912' for gc 6.99998993851852days in the future
I0707 18:07:03.869010 31527 slave.cpp:4355] Cleaning up framework 7892fbb2-1ac1-450f-8576-10c1df35f765-0000
I0707 18:07:03.869788 31526 status_update_manager.cpp:282] Closing status update streams for framework 7892fbb2-1ac1-450f-8576-10c1df35f765-0000
I0707 18:07:03.869946 31531 slave.cpp:4355] Cleaning up framework 7892fbb2-1ac1-450f-8576-10c1df35f765-0000
I0707 18:07:03.870136 31539 status_update_manager.cpp:282] Closing status update streams for framework 7892fbb2-1ac1-450f-8576-10c1df35f765-0000
I0707 18:07:03.870043 31538 gc.cpp:55] Scheduling '/tmp/mesos-IFR4rG/1/slaves/7892fbb2-1ac1-450f-8576-10c1df35f765-S0/frameworks/7892fbb2-1ac1-450f-8576-10c1df35f765-0000/executors/3' for gc 6.99998993607704days in the future
I0707 18:07:03.870403 31538 gc.cpp:55] Scheduling '/tmp/mesos-IFR4rG/1/slaves/7892fbb2-1ac1-450f-8576-10c1df35f765-S0/frameworks/7892fbb2-1ac1-450f-8576-10c1df35f765-0000' for gc 6.99998992845926days in the future
I0707 18:07:03.870625 31533 gc.cpp:55] Scheduling '/tmp/mesos-IFR4rG/0/slaves/7892fbb2-1ac1-450f-8576-10c1df35f765-S2/frameworks/7892fbb2-1ac1-450f-8576-10c1df35f765-0000' for gc 6.99998993375111days in the future
I0707 18:07:04.284621 31537 hierarchical.cpp:1632] No inverse offers to send out!
I0707 18:07:04.284754 31537 hierarchical.cpp:1172] Performed allocation for 3 agents in 1.977235ms
I0707 18:07:04.285658 31534 master.cpp:5835] Sending 2 offers to framework 7892fbb2-1ac1-450f-8576-10c1df35f765-0000 (Dynamic Reservation Framework (C++)) at scheduler-c51aa6e6-f5b6-4bfc-982c-9a71ea56a862@172.17.0.7:39581
I0707 18:07:04.286209 31534 dynamic_reservation_framework.cpp:84] Received offer 7892fbb2-1ac1-450f-8576-10c1df35f765-O12 with cpus(*):16; mem(*):47270; disk(*):3.70122e+06; ports(*):[31000-32000]
I0707 18:07:04.286334 31534 dynamic_reservation_framework.cpp:84] Received offer 7892fbb2-1ac1-450f-8576-10c1df35f765-O13 with cpus(*):16; mem(*):47270; disk(*):3.70122e+06; ports(*):[31000-32000]
I0707 18:07:04.286553 31534 sched.cpp:1987] Asked to stop the driver
I0707 18:07:04.286667 31534 sched.cpp:917] Scheduler::resourceOffers took 458638ns
I0707 18:07:04.286797 31534 sched.cpp:1187] Stopping framework '7892fbb2-1ac1-450f-8576-10c1df35f765-0000'
I0707 18:07:04.287029 31539 master.cpp:6410] Processing TEARDOWN call for framework 7892fbb2-1ac1-450f-8576-10c1df35f765-0000 (Dynamic Reservation Framework (C++)) at scheduler-c51aa6e6-f5b6-4bfc-982c-9a71ea56a862@172.17.0.7:39581
I0707 18:07:04.287063 31539 master.cpp:6422] Removing framework 7892fbb2-1ac1-450f-8576-10c1df35f765-0000 (Dynamic Reservation Framework (C++)) at scheduler-c51aa6e6-f5b6-4bfc-982c-9a71ea56a862@172.17.0.7:39581
I0707 18:07:04.288715 31539 hierarchical.cpp:382] Deactivated framework 7892fbb2-1ac1-450f-8576-10c1df35f765-0000
I0707 18:07:04.289376 31539 hierarchical.cpp:924] Recovered cpus(*):16; mem(*):47270; disk(*):3.70122e+06; ports(*):[31000-32000] (total: cpus(*):16; mem(*):47270; disk(*):3.70122e+06; ports(*):[31000-32000], allocated: ) on agent 7892fbb2-1ac1-450f-8576-10c1df35f765-S0 from framework 7892fbb2-1ac1-450f-8576-10c1df35f765-0000
I0707 18:07:04.290086 31539 hierarchical.cpp:924] Recovered cpus(*):16; mem(*):47270; disk(*):3.70122e+06; ports(*):[31000-32000] (total: cpus(*):16; mem(*):47270; disk(*):3.70122e+06; ports(*):[31000-32000], allocated: ) on agent 7892fbb2-1ac1-450f-8576-10c1df35f765-S2 from framework 7892fbb2-1ac1-450f-8576-10c1df35f765-0000
I0707 18:07:04.290809 31539 hierarchical.cpp:924] Recovered cpus(*):16; mem(*):47270; disk(*):3.70122e+06; ports(*):[31000-32000] (total: cpus(*):16; mem(*):47270; disk(*):3.70122e+06; ports(*):[31000-32000], allocated: ) on agent 7892fbb2-1ac1-450f-8576-10c1df35f765-S1 from framework 7892fbb2-1ac1-450f-8576-10c1df35f765-0000
I0707 18:07:04.291211 31539 hierarchical.cpp:333] Removed framework 7892fbb2-1ac1-450f-8576-10c1df35f765-0000
I0707 18:07:04.291306 31539 slave.cpp:2292] Asked to shut down framework 7892fbb2-1ac1-450f-8576-10c1df35f765-0000 by master@172.17.0.7:39581
W0707 18:07:04.291337 31539 slave.cpp:2307] Cannot shut down unknown framework 7892fbb2-1ac1-450f-8576-10c1df35f765-0000
I0707 18:07:04.291376 31539 slave.cpp:2292] Asked to shut down framework 7892fbb2-1ac1-450f-8576-10c1df35f765-0000 by master@172.17.0.7:39581
W0707 18:07:04.291400 31539 slave.cpp:2307] Cannot shut down unknown framework 7892fbb2-1ac1-450f-8576-10c1df35f765-0000
I0707 18:07:04.291467 31539 slave.cpp:2292] Asked to shut down framework 7892fbb2-1ac1-450f-8576-10c1df35f765-0000 by master@172.17.0.7:39581
W0707 18:07:04.291494 31539 slave.cpp:2307] Cannot shut down unknown framework 7892fbb2-1ac1-450f-8576-10c1df35f765-0000
I0707 18:07:04.292186 31500 sched.cpp:1987] Asked to stop the driver
I0707 18:07:04.292228 31500 sched.cpp:1990] Ignoring stop because the status of the driver is DRIVER_STOPPED
I0707 18:07:04.292887 31537 master.cpp:1218] Master terminating
I0707 18:07:04.293656 31525 hierarchical.cpp:510] Removed agent 7892fbb2-1ac1-450f-8576-10c1df35f765-S2
I0707 18:07:04.293948 31525 hierarchical.cpp:510] Removed agent 7892fbb2-1ac1-450f-8576-10c1df35f765-S1
I0707 18:07:04.294634 31526 hierarchical.cpp:510] Removed agent 7892fbb2-1ac1-450f-8576-10c1df35f765-S0
I0707 18:07:04.295132 31535 slave.cpp:3806] master@172.17.0.7:39581 exited
I0707 18:07:04.295198 31534 slave.cpp:3806] master@172.17.0.7:39581 exited
I0707 18:07:04.295245 31526 slave.cpp:3806] master@172.17.0.7:39581 exited
W0707 18:07:04.300513 31535 slave.cpp:3811] Master disconnected! Waiting for a new master to be elected
W0707 18:07:04.300745 31534 slave.cpp:3811] Master disconnected! Waiting for a new master to be elected
W0707 18:07:04.300839 31526 slave.cpp:3811] Master disconnected! Waiting for a new master to be elected
I0707 18:07:04.300978 31534 slave.cpp:841] Agent terminating
I0707 18:07:04.305454 31538 slave.cpp:841] Agent terminating
I0707 18:07:04.308804 31500 slave.cpp:841] Agent terminating
[       OK ] ExamplesTest.DynamicReservationFramework (10418 ms)
{code}