I0629 10:38:14.583513  5935 containerizer.cpp:2380] Checkpointing termination state to nested container's runtime directory '/tmp/DefaultExecutorCheckTest_CommandCheckDeliveredAndReconciled_LL4ThO/containers/97360a94-110c-43dc-87fe-c67fcd86606f/containers/2efe2fc8-dd4a-42ad-b387-4015f764f241/containers/check-2b2237de-8eb8-4a40-b2d3-4b887987b7f8/termination'
W0629 10:38:14.585533  5956 http.cpp:2861] Failed to attach to nested container 97360a94-110c-43dc-87fe-c67fcd86606f.2efe2fc8-dd4a-42ad-b387-4015f764f241.check-2b2237de-8eb8-4a40-b2d3-4b887987b7f8: I/O switchboard has shutdown
I0629 10:38:14.585636  5947 process.cpp:1495] Returning '500 Internal Server Error' for '/slave(20)/api/v1' (I/O switchboard has shutdown)
I0629 10:38:14.585597  5955 process.cpp:3836] Failed to process request for '/slave(20)/api/v1': I/O switchboard has shutdown
W0629 10:38:14.585911  5956 containerizer.cpp:2089] Attempted to destroy unknown container 97360a94-110c-43dc-87fe-c67fcd86606f.2efe2fc8-dd4a-42ad-b387-4015f764f241.check-2b2237de-8eb8-4a40-b2d3-4b887987b7f8
I0629 10:38:14.590529  5951 process.cpp:3779] Handling HTTP event for process 'slave(20)' with path: '/slave(20)/api/v1'
I0629 10:38:14.591440  5958 http.cpp:1114] HTTP POST for /slave(20)/api/v1 from 172.17.0.6:56158
I0629 10:38:14.591850  5958 http.cpp:532] Processing call REMOVE_NESTED_CONTAINER
I0629 10:38:14.595965  5942 hierarchical.cpp:1938] No allocations performed
I0629 10:38:14.596029  5942 hierarchical.cpp:2028] No inverse offers to send out!
I0629 10:38:14.596074  5942 hierarchical.cpp:1493] Performed allocation for 1 agents in 253602ns
I0629 10:38:14.599545  5956 process.cpp:3779] Handling HTTP event for process 'slave(20)' with path: '/slave(20)/api/v1'
I0629 10:38:14.600294  5946 http.cpp:1114] HTTP POST for /slave(20)/api/v1 from 172.17.0.6:56160
I0629 10:38:14.600817  5946 http.cpp:532] Processing call LAUNCH_NESTED_CONTAINER_SESSION
I0629 10:38:14.601532  5957 containerizer.cpp:1027] Trying to chown '/tmp/DefaultExecutorCheckTest_CommandCheckDeliveredAndReconciled_oYU8Ko/slaves/17dc2f22-3e22-438d-a2f3-63bb6ce22f6d-S0/frameworks/17dc2f22-3e22-438d-a2f3-63bb6ce22f6d-0000/executors/default/runs/97360a94-110c-43dc-87fe-c67fcd86606f/containers/2efe2fc8-dd4a-42ad-b387-4015f764f241/containers/check-7c07cf95-3b72-46bf-9675-48976851353b' to user 'mesos'
I0629 10:38:14.601760  5957 containerizer.cpp:1056] Starting container 97360a94-110c-43dc-87fe-c67fcd86606f.2efe2fc8-dd4a-42ad-b387-4015f764f241.check-7c07cf95-3b72-46bf-9675-48976851353b
I0629 10:38:14.604198  5935 switchboard.cpp:545] Launching 'mesos-io-switchboard' with flags '--heartbeat_interval="30secs" --help="false" --socket_address="/tmp/mesos-io-switchboard-a090036e-ba73-487d-91ed-614a353e92d7" --stderr_from_fd="18" --stderr_to_fd="2" --stdin_to_fd="15" --stdout_from_fd="16" --stdout_to_fd="1" --tty="false" --wait_for_connection="true"' for container 97360a94-110c-43dc-87fe-c67fcd86606f.2efe2fc8-dd4a-42ad-b387-4015f764f241.check-7c07cf95-3b72-46bf-9675-48976851353b
I0629 10:38:14.605885  5935 switchboard.cpp:575] Created I/O switchboard server (pid: 6876) listening on socket file '/tmp/mesos-io-switchboard-a090036e-ba73-487d-91ed-614a353e92d7' for container 97360a94-110c-43dc-87fe-c67fcd86606f.2efe2fc8-dd4a-42ad-b387-4015f764f241.check-7c07cf95-3b72-46bf-9675-48976851353b
I0629 10:38:14.608336  5956 containerizer.cpp:1630] Launching 'mesos-containerizer' with flags '--help="false" --launch_info="{"command":{"shell":true,"value":"exit $STATUS"},"environment":{"variables":[{"name":"MESOS_SANDBOX","type":"VALUE","value":"\/tmp\/DefaultExecutorCheckTest_CommandCheckDeliveredAndReconciled_oYU8Ko\/slaves\/17dc2f22-3e22-438d-a2f3-63bb6ce22f6d-S0\/frameworks\/17dc2f22-3e22-438d-a2f3-63bb6ce22f6d-0000\/executors\/default\/runs\/97360a94-110c-43dc-87fe-c67fcd86606f\/containers\/2efe2fc8-dd4a-42ad-b387-4015f764f241"},{"name":"MESOS_CONTAINER_IP","type":"VALUE","value":"172.17.0.6"},{"name":"STATUS","type":"VALUE","value":"1"}]},"task_environment":{},"user":"mesos","working_directory":"\/tmp\/DefaultExecutorCheckTest_CommandCheckDeliveredAndReconciled_oYU8Ko\/slaves\/17dc2f22-3e22-438d-a2f3-63bb6ce22f6d-S0\/frameworks\/17dc2f22-3e22-438d-a2f3-63bb6ce22f6d-0000\/executors\/default\/runs\/97360a94-110c-43dc-87fe-c67fcd86606f\/containers\/2efe2fc8-dd4a-42ad-b387-4015f764f241"}" --pipe_read="15" --pipe_write="16" --runtime_directory="/tmp/DefaultExecutorCheckTest_CommandCheckDeliveredAndReconciled_LL4ThO/containers/97360a94-110c-43dc-87fe-c67fcd86606f/containers/2efe2fc8-dd4a-42ad-b387-4015f764f241/containers/check-7c07cf95-3b72-46bf-9675-48976851353b" --unshare_namespace_mnt="false"'
I0629 10:38:14.610085  5956 launcher.cpp:140] Forked child with pid '6878' for container '97360a94-110c-43dc-87fe-c67fcd86606f.2efe2fc8-dd4a-42ad-b387-4015f764f241.check-7c07cf95-3b72-46bf-9675-48976851353b'
I0629 10:38:14.611842  5958 fetcher.cpp:343] Starting to fetch URIs for container: 97360a94-110c-43dc-87fe-c67fcd86606f.2efe2fc8-dd4a-42ad-b387-4015f764f241.check-7c07cf95-3b72-46bf-9675-48976851353b, directory: /tmp/DefaultExecutorCheckTest_CommandCheckDeliveredAndReconciled_oYU8Ko/slaves/17dc2f22-3e22-438d-a2f3-63bb6ce22f6d-S0/frameworks/17dc2f22-3e22-438d-a2f3-63bb6ce22f6d-0000/executors/default/runs/97360a94-110c-43dc-87fe-c67fcd86606f/containers/2efe2fc8-dd4a-42ad-b387-4015f764f241/containers/check-7c07cf95-3b72-46bf-9675-48976851353b
I0629 10:38:14.784044  5955 containerizer.cpp:2507] Container 97360a94-110c-43dc-87fe-c67fcd86606f.2efe2fc8-dd4a-42ad-b387-4015f764f241.check-7c07cf95-3b72-46bf-9675-48976851353b has exited
I0629 10:38:14.784101  5955 containerizer.cpp:2101] Destroying container 97360a94-110c-43dc-87fe-c67fcd86606f.2efe2fc8-dd4a-42ad-b387-4015f764f241.check-7c07cf95-3b72-46bf-9675-48976851353b in RUNNING state
I0629 10:38:14.784418  5955 launcher.cpp:156] Asked to destroy container 97360a94-110c-43dc-87fe-c67fcd86606f.2efe2fc8-dd4a-42ad-b387-4015f764f241.check-7c07cf95-3b72-46bf-9675-48976851353b
I0629 10:38:15.597908  5945 hierarchical.cpp:1938] No allocations performed
I0629 10:38:15.597997  5945 hierarchical.cpp:2028] No inverse offers to send out!
I0629 10:38:15.598047  5945 hierarchical.cpp:1493] Performed allocation for 1 agents in 312482ns
I0629 10:38:16.599727  5941 hierarchical.cpp:1938] No allocations performed
I0629 10:38:16.599807  5941 hierarchical.cpp:2028] No inverse offers to send out!
I0629 10:38:16.599848  5941 hierarchical.cpp:1493] Performed allocation for 1 agents in 284137ns
I0629 10:38:17.601797  5945 hierarchical.cpp:1938] No allocations performed
I0629 10:38:17.602231  5945 hierarchical.cpp:2028] No inverse offers to send out!
I0629 10:38:17.602474  5945 hierarchical.cpp:1493] Performed allocation for 1 agents in 839836ns
I0629 10:38:18.604341  5935 hierarchical.cpp:1938] No allocations performed
I0629 10:38:18.604427  5935 hierarchical.cpp:2028] No inverse offers to send out!
I0629 10:38:18.604470  5935 hierarchical.cpp:1493] Performed allocation for 1 agents in 293064ns
../../src/tests/check_tests.cpp:1429: Failure
Failed to wait 15secs for updateCheckResult
../../src/tests/check_tests.cpp:1389: Failure
Actual function call count doesn't match EXPECT_CALL(*scheduler, update(_, _))...
         Expected: to be called at least 4 times
           Actual: called once - unsatisfied and active
I0629 10:38:18.890370  5947 containerizer.cpp:2101] Destroying container 97360a94-110c-43dc-87fe-c67fcd86606f in RUNNING state
I0629 10:38:18.890708  5941 master.cpp:1430] Framework 17dc2f22-3e22-438d-a2f3-63bb6ce22f6d-0000 (default) disconnected
I0629 10:38:18.891165  5941 master.cpp:3203] Deactivating framework 17dc2f22-3e22-438d-a2f3-63bb6ce22f6d-0000 (default)
I0629 10:38:18.891563  5939 hierarchical.cpp:410] Deactivated framework 17dc2f22-3e22-438d-a2f3-63bb6ce22f6d-0000
W0629 10:38:18.892401  5941 master.hpp:2377] Unable to send event to framework 17dc2f22-3e22-438d-a2f3-63bb6ce22f6d-0000 (default): connection closed
I0629 10:38:18.892494  5941 master.cpp:3180] Disconnecting framework 17dc2f22-3e22-438d-a2f3-63bb6ce22f6d-0000 (default)
I0629 10:38:18.892535  5941 master.cpp:1445] Giving framework 17dc2f22-3e22-438d-a2f3-63bb6ce22f6d-0000 (default) 0ns to failover
I0629 10:38:18.892709  5947 containerizer.cpp:2101] Destroying container 97360a94-110c-43dc-87fe-c67fcd86606f.2efe2fc8-dd4a-42ad-b387-4015f764f241 in RUNNING state
I0629 10:38:18.892680  5957 hierarchical.cpp:1177] Recovered cpus(allocated: *):1.8; mem(allocated: *):960; disk(allocated: *):960; ports(allocated: *):[31000-32000] (total: cpus:2; mem:1024; disk:1024; ports:[31000-32000], allocated: cpus(allocated: *):0.2; mem(allocated: *):64; disk(allocated: *):64) on agent 17dc2f22-3e22-438d-a2f3-63bb6ce22f6d-S0 from framework 17dc2f22-3e22-438d-a2f3-63bb6ce22f6d-0000
I0629 10:38:18.893929  5951 master.cpp:7306] Framework failover timeout, removing framework 17dc2f22-3e22-438d-a2f3-63bb6ce22f6d-0000 (default)
I0629 10:38:18.894135  5951 master.cpp:8163] Removing framework 17dc2f22-3e22-438d-a2f3-63bb6ce22f6d-0000 (default)
I0629 10:38:18.894557  5951 master.cpp:8731] Updating the state of task 4014e448-96a8-4d54-a860-dfd42f6234cf of framework 17dc2f22-3e22-438d-a2f3-63bb6ce22f6d-0000 (latest state: TASK_KILLED, status update state: TASK_KILLED)
I0629 10:38:18.894575  5944 slave.cpp:3136] Asked to shut down framework 17dc2f22-3e22-438d-a2f3-63bb6ce22f6d-0000 by master@172.17.0.6:43517
I0629 10:38:18.894795  5944 slave.cpp:3161] Shutting down framework 17dc2f22-3e22-438d-a2f3-63bb6ce22f6d-0000
I0629 10:38:18.894870  5944 slave.cpp:5631] Shutting down executor 'default' of framework 17dc2f22-3e22-438d-a2f3-63bb6ce22f6d-0000 (via HTTP)
I0629 10:38:18.895306  5951 master.cpp:8825] Removing task 4014e448-96a8-4d54-a860-dfd42f6234cf with resources [{"allocation_info":{"role":"*"},"name":"cpus","scalar":{"value":0.1},"type":"SCALAR"},{"allocation_info":{"role":"*"},"name":"mem","scalar":{"value":32.0},"type":"SCALAR"},{"allocation_info":{"role":"*"},"name":"disk","scalar":{"value":32.0},"type":"SCALAR"}] of framework 17dc2f22-3e22-438d-a2f3-63bb6ce22f6d-0000 on agent 17dc2f22-3e22-438d-a2f3-63bb6ce22f6d-S0 at slave(20)@172.17.0.6:43517 (d89378cfb216)
I0629 10:38:18.895622  5936 hierarchical.cpp:1177] Recovered cpus(allocated: *):0.1; mem(allocated: *):32; disk(allocated: *):32 (total: cpus:2; mem:1024; disk:1024; ports:[31000-32000], allocated: cpus(allocated: *):0.1; mem(allocated: *):32; disk(allocated: *):32) on agent 17dc2f22-3e22-438d-a2f3-63bb6ce22f6d-S0 from framework 17dc2f22-3e22-438d-a2f3-63bb6ce22f6d-0000
I0629 10:38:18.895954  5951 master.cpp:8854] Removing executor 'default' with resources [{"allocation_info":{"role":"*"},"name":"cpus","scalar":{"value":0.1},"type":"SCALAR"},{"allocation_info":{"role":"*"},"name":"mem","scalar":{"value":32.0},"type":"SCALAR"},{"allocation_info":{"role":"*"},"name":"disk","scalar":{"value":32.0},"type":"SCALAR"}] of framework 17dc2f22-3e22-438d-a2f3-63bb6ce22f6d-0000 on agent 17dc2f22-3e22-438d-a2f3-63bb6ce22f6d-S0 at slave(20)@172.17.0.6:43517 (d89378cfb216)
I0629 10:38:18.896715  5945 hierarchical.cpp:1177] Recovered cpus(allocated: *):0.1; mem(allocated: *):32; disk(allocated: *):32 (total: cpus:2; mem:1024; disk:1024; ports:[31000-32000], allocated: {}) on agent 17dc2f22-3e22-438d-a2f3-63bb6ce22f6d-S0 from framework 17dc2f22-3e22-438d-a2f3-63bb6ce22f6d-0000
I0629 10:38:18.897039  5945 hierarchical.cpp:353] Removed framework 17dc2f22-3e22-438d-a2f3-63bb6ce22f6d-0000
I0629 10:38:18.900172  5947 process.cpp:3779] Handling HTTP event for process 'slave(20)' with path: '/slave(20)/api/v1'
I0629 10:38:18.901003  5955 http.cpp:1114] HTTP POST for /slave(20)/api/v1 from 172.17.0.6:56250
I0629 10:38:18.901542  5955 http.cpp:532] Processing call KILL_NESTED_CONTAINER
I0629 10:38:19.605898  5945 hierarchical.cpp:1938] No allocations performed
I0629 10:38:19.606009  5945 hierarchical.cpp:1493] Performed allocation for 1 agents in 294202ns
I0629 10:38:19.787919  5959 switchboard.cpp:789] Sending SIGTERM to I/O switchboard server (pid: 6876) since container 97360a94-110c-43dc-87fe-c67fcd86606f.2efe2fc8-dd4a-42ad-b387-4015f764f241.check-7c07cf95-3b72-46bf-9675-48976851353b is being destroyed
E0629 10:38:19.872403  5942 switchboard.cpp:904] Unexpected termination of I/O switchboard server: 'IOSwitchboard' terminated with signal Terminated for container 97360a94-110c-43dc-87fe-c67fcd86606f.2efe2fc8-dd4a-42ad-b387-4015f764f241.check-7c07cf95-3b72-46bf-9675-48976851353b
E0629 10:38:19.873018  5942 switchboard.cpp:834] Failed to remove unix domain socket file '/tmp/mesos-io-switchboard-a090036e-ba73-487d-91ed-614a353e92d7' for container '97360a94-110c-43dc-87fe-c67fcd86606f.2efe2fc8-dd4a-42ad-b387-4015f764f241.check-7c07cf95-3b72-46bf-9675-48976851353b': No such file or directory
I0629 10:38:19.874934  5942 provisioner.cpp:490] Ignoring destroy request for unknown container 97360a94-110c-43dc-87fe-c67fcd86606f.2efe2fc8-dd4a-42ad-b387-4015f764f241.check-7c07cf95-3b72-46bf-9675-48976851353b
I0629 10:38:19.875092  5942 containerizer.cpp:2380] Checkpointing termination state to nested container's runtime directory '/tmp/DefaultExecutorCheckTest_CommandCheckDeliveredAndReconciled_LL4ThO/containers/97360a94-110c-43dc-87fe-c67fcd86606f/containers/2efe2fc8-dd4a-42ad-b387-4015f764f241/containers/check-7c07cf95-3b72-46bf-9675-48976851353b/termination'
I0629 10:38:19.876178  5942 launcher.cpp:156] Asked to destroy container 97360a94-110c-43dc-87fe-c67fcd86606f.2efe2fc8-dd4a-42ad-b387-4015f764f241
I0629 10:38:19.882293  5937 process.cpp:3836] Failed to process request for '/slave(20)/api/v1': I/O switchboard has shutdown
W0629 10:38:19.882519  5937 http.cpp:2861] Failed to attach to nested container 97360a94-110c-43dc-87fe-c67fcd86606f.2efe2fc8-dd4a-42ad-b387-4015f764f241.check-7c07cf95-3b72-46bf-9675-48976851353b: I/O switchboard has shutdown
I0629 10:38:19.882694  5937 process.cpp:1495] Returning '500 Internal Server Error' for '/slave(20)/api/v1' (I/O switchboard has shutdown)
W0629 10:38:19.893316  5942 containerizer.cpp:2089] Attempted to destroy unknown container 97360a94-110c-43dc-87fe-c67fcd86606f.2efe2fc8-dd4a-42ad-b387-4015f764f241.check-7c07cf95-3b72-46bf-9675-48976851353b
I0629 10:38:19.974308  5957 containerizer.cpp:2507] Container 97360a94-110c-43dc-87fe-c67fcd86606f.2efe2fc8-dd4a-42ad-b387-4015f764f241 has exited
I0629 10:38:19.975914  5946 provisioner.cpp:490] Ignoring destroy request for unknown container 97360a94-110c-43dc-87fe-c67fcd86606f.2efe2fc8-dd4a-42ad-b387-4015f764f241
I0629 10:38:19.976106  5941 containerizer.cpp:2380] Checkpointing termination state to nested container's runtime directory '/tmp/DefaultExecutorCheckTest_CommandCheckDeliveredAndReconciled_LL4ThO/containers/97360a94-110c-43dc-87fe-c67fcd86606f/containers/2efe2fc8-dd4a-42ad-b387-4015f764f241/termination'
I0629 10:38:19.978129  5941 launcher.cpp:156] Asked to destroy container 97360a94-110c-43dc-87fe-c67fcd86606f
I0629 10:38:20.076380  5937 containerizer.cpp:2507] Container 97360a94-110c-43dc-87fe-c67fcd86606f has exited
I0629 10:38:20.080268  5937 provisioner.cpp:490] Ignoring destroy request for unknown container 97360a94-110c-43dc-87fe-c67fcd86606f
I0629 10:38:20.082012  5937 slave.cpp:5309] Executor 'default' of framework 17dc2f22-3e22-438d-a2f3-63bb6ce22f6d-0000 terminated with signal Killed
I0629 10:38:20.082166  5937 slave.cpp:5409] Cleaning up executor 'default' of framework 17dc2f22-3e22-438d-a2f3-63bb6ce22f6d-0000 (via HTTP)
I0629 10:38:20.082592  5937 slave.cpp:5505] Cleaning up framework 17dc2f22-3e22-438d-a2f3-63bb6ce22f6d-0000
W0629 10:38:20.082988  5937 master.cpp:6770] Ignoring unknown exited executor 'default' of framework 17dc2f22-3e22-438d-a2f3-63bb6ce22f6d-0000 on agent 17dc2f22-3e22-438d-a2f3-63bb6ce22f6d-S0 at slave(20)@172.17.0.6:43517 (d89378cfb216)
I0629 10:38:20.083050  5937 gc.cpp:55] Scheduling '/tmp/DefaultExecutorCheckTest_CommandCheckDeliveredAndReconciled_oYU8Ko/slaves/17dc2f22-3e22-438d-a2f3-63bb6ce22f6d-S0/frameworks/17dc2f22-3e22-438d-a2f3-63bb6ce22f6d-0000/executors/default/runs/97360a94-110c-43dc-87fe-c67fcd86606f' for gc 6.99999904726815days in the future
I0629 10:38:20.083209  5937 gc.cpp:55] Scheduling '/tmp/DefaultExecutorCheckTest_CommandCheckDeliveredAndReconciled_oYU8Ko/slaves/17dc2f22-3e22-438d-a2f3-63bb6ce22f6d-S0/frameworks/17dc2f22-3e22-438d-a2f3-63bb6ce22f6d-0000/executors/default' for gc 6.99999904497778days in the future
I0629 10:38:20.083329  5937 gc.cpp:55] Scheduling '/tmp/DefaultExecutorCheckTest_CommandCheckDeliveredAndReconciled_oYU8Ko/slaves/17dc2f22-3e22-438d-a2f3-63bb6ce22f6d-S0/frameworks/17dc2f22-3e22-438d-a2f3-63bb6ce22f6d-0000' for gc 6.99999904293926days in the future
I0629 10:38:20.083444  5937 status_update_manager.cpp:285] Closing status update streams for framework 17dc2f22-3e22-438d-a2f3-63bb6ce22f6d-0000
I0629 10:38:20.083487  5937 status_update_manager.cpp:531] Cleaning up status update stream for task 4014e448-96a8-4d54-a860-dfd42f6234cf of framework 17dc2f22-3e22-438d-a2f3-63bb6ce22f6d-0000
W0629 10:38:20.084676  5940 containerizer.cpp:2089] Attempted to destroy unknown container 97360a94-110c-43dc-87fe-c67fcd86606f.2efe2fc8-dd4a-42ad-b387-4015f764f241
W0629 10:38:20.085372  5940 containerizer.cpp:2089] Attempted to destroy unknown container 97360a94-110c-43dc-87fe-c67fcd86606f.2efe2fc8-dd4a-42ad-b387-4015f764f241.check-7c07cf95-3b72-46bf-9675-48976851353b
I0629 10:38:20.086882  5916 slave.cpp:818] Agent terminating
I0629 10:38:20.091439  5916 master.cpp:1158] Master terminating
I0629 10:38:20.093300  5946 hierarchical.cpp:620] Removed agent 17dc2f22-3e22-438d-a2f3-63bb6ce22f6d-S0
[  FAILED  ] DefaultExecutorCheckTest.CommandCheckDeliveredAndReconciled (23566 ms)
{code}

[~gkleiman] can you triage this as well?

