I0116 20:58:04.737088 27185 dynamic_reservation_framework.cpp:99] Received offer c82714ab-fbae-4d57-8543-eb5bdbc63a67-O2 with [{"allocation_info":{"role":"test"},"name":"cpus","scalar":{"value":24.0},"type":"SCALAR"},{"allocation_info":{"role":"test"},"name":"mem","scalar":{"value":95614.0},"type":"SCALAR"},{"allocation_info":{"role":"test"},"name":"disk","scalar":{"value":3748810.0},"type":"SCALAR"},{"allocation_info":{"role":"test"},"name":"ports","ranges":{"range":[{"begin":31000,"end":32000}]},"type":"RANGES"}]
I0116 20:58:04.738574 27185 sched.cpp:914] Scheduler::resourceOffers took 6.066308ms
I0116 20:58:04.743104 27174 master.cpp:11531] Removing offer c82714ab-fbae-4d57-8543-eb5bdbc63a67-O0
I0116 20:58:04.744285 27174 master.cpp:4436] Processing ACCEPT call for offers: [ c82714ab-fbae-4d57-8543-eb5bdbc63a67-O0 ] on agent c82714ab-fbae-4d57-8543-eb5bdbc63a67-S0 at slave(1)@172.17.0.3:45052 (98df55460faa) for framework c82714ab-fbae-4d57-8543-eb5bdbc63a67-0000 (Dynamic Reservation Framework (C++)) at scheduler-f22ae00c-a25a-4898-868d-09501c420068@172.17.0.3:45052
I0116 20:58:04.745069 27174 master.cpp:3595] Authorizing principal 'test-principal' to reserve resources 'cpus(allocated: test)(reservations: [(DYNAMIC,test,test-principal)]):1; mem(allocated: test)(reservations: [(DYNAMIC,test,test-principal)]):128'
I0116 20:58:04.748692 27174 master.cpp:11531] Removing offer c82714ab-fbae-4d57-8543-eb5bdbc63a67-O1
I0116 20:58:04.749452 27174 master.cpp:4436] Processing ACCEPT call for offers: [ c82714ab-fbae-4d57-8543-eb5bdbc63a67-O1 ] on agent c82714ab-fbae-4d57-8543-eb5bdbc63a67-S1 at slave(3)@172.17.0.3:45052 (98df55460faa) for framework c82714ab-fbae-4d57-8543-eb5bdbc63a67-0000 (Dynamic Reservation Framework (C++)) at scheduler-f22ae00c-a25a-4898-868d-09501c420068@172.17.0.3:45052
I0116 20:58:04.749929 27174 master.cpp:3595] Authorizing principal 'test-principal' to reserve resources 'cpus(allocated: test)(reservations: [(DYNAMIC,test,test-principal)]):1; mem(allocated: test)(reservations: [(DYNAMIC,test,test-principal)]):128'
I0116 20:58:04.752075 27174 master.cpp:11531] Removing offer c82714ab-fbae-4d57-8543-eb5bdbc63a67-O2
I0116 20:58:04.752861 27174 master.cpp:4436] Processing ACCEPT call for offers: [ c82714ab-fbae-4d57-8543-eb5bdbc63a67-O2 ] on agent c82714ab-fbae-4d57-8543-eb5bdbc63a67-S2 at slave(2)@172.17.0.3:45052 (98df55460faa) for framework c82714ab-fbae-4d57-8543-eb5bdbc63a67-0000 (Dynamic Reservation Framework (C++)) at scheduler-f22ae00c-a25a-4898-868d-09501c420068@172.17.0.3:45052
I0116 20:58:04.753288 27174 master.cpp:3595] Authorizing principal 'test-principal' to reserve resources 'cpus(allocated: test)(reservations: [(DYNAMIC,test,test-principal)]):1; mem(allocated: test)(reservations: [(DYNAMIC,test,test-principal)]):128'
I0116 20:58:04.756036 27174 master.cpp:4805] Applying RESERVE operation for resources [{"allocation_info":{"role":"test"},"name":"cpus","reservations":[{"principal":"test-principal","role":"test","type":"DYNAMIC"}],"scalar":{"value":1.0},"type":"SCALAR"},{"allocation_info":{"role":"test"},"name":"mem","reservations":[{"principal":"test-principal","role":"test","type":"DYNAMIC"}],"scalar":{"value":128.0},"type":"SCALAR"}] from framework c82714ab-fbae-4d57-8543-eb5bdbc63a67-0000 (Dynamic Reservation Framework (C++)) at scheduler-f22ae00c-a25a-4898-868d-09501c420068@172.17.0.3:45052 to agent c82714ab-fbae-4d57-8543-eb5bdbc63a67-S0 at slave(1)@172.17.0.3:45052 (98df55460faa)
I0116 20:58:04.760501 27174 master.cpp:11422] Sending operation '' (uuid: 954c2a76-af55-4445-9298-1ecc0ccbe0e3) to agent c82714ab-fbae-4d57-8543-eb5bdbc63a67-S0 at slave(1)@172.17.0.3:45052 (98df55460faa)
I0116 20:58:04.762584 27174 master.cpp:4805] Applying RESERVE operation for resources [{"allocation_info":{"role":"test"},"name":"cpus","reservations":[{"principal":"test-principal","role":"test","type":"DYNAMIC"}],"scalar":{"value":1.0},"type":"SCALAR"},{"allocation_info":{"role":"test"},"name":"mem","reservations":[{"principal":"test-principal","role":"test","type":"DYNAMIC"}],"scalar":{"value":128.0},"type":"SCALAR"}] from framework c82714ab-fbae-4d57-8543-eb5bdbc63a67-0000 (Dynamic Reservation Framework (C++)) at scheduler-f22ae00c-a25a-4898-868d-09501c420068@172.17.0.3:45052 to agent c82714ab-fbae-4d57-8543-eb5bdbc63a67-S1 at slave(3)@172.17.0.3:45052 (98df55460faa)
I0116 20:58:04.763599 27174 master.cpp:11422] Sending operation '' (uuid: 60b90462-c702-443c-8ce5-5911a52fb7d5) to agent c82714ab-fbae-4d57-8543-eb5bdbc63a67-S1 at slave(3)@172.17.0.3:45052 (98df55460faa)
I0116 20:58:04.763595 27187 slave.cpp:4223] Updated checkpointed resources from {} to cpus(reservations: [(DYNAMIC,test,test-principal)]):1; mem(reservations: [(DYNAMIC,test,test-principal)]):128
I0116 20:58:04.763896 27187 slave.cpp:8016] Updating the state of operation with no ID (uuid: 954c2a76-af55-4445-9298-1ecc0ccbe0e3) for framework c82714ab-fbae-4d57-8543-eb5bdbc63a67-0000 (latest state: OPERATION_FINISHED, status update state: OPERATION_FINISHED)
I0116 20:58:04.764823 27174 master.cpp:4805] Applying RESERVE operation for resources [{"allocation_info":{"role":"test"},"name":"cpus","reservations":[{"principal":"test-principal","role":"test","type":"DYNAMIC"}],"scalar":{"value":1.0},"type":"SCALAR"},{"allocation_info":{"role":"test"},"name":"mem","reservations":[{"principal":"test-principal","role":"test","type":"DYNAMIC"}],"scalar":{"value":128.0},"type":"SCALAR"}] from framework c82714ab-fbae-4d57-8543-eb5bdbc63a67-0000 (Dynamic Reservation Framework (C++)) at scheduler-f22ae00c-a25a-4898-868d-09501c420068@172.17.0.3:45052 to agent c82714ab-fbae-4d57-8543-eb5bdbc63a67-S2 at slave(2)@172.17.0.3:45052 (98df55460faa)
I0116 20:58:04.765784 27174 master.cpp:11422] Sending operation '' (uuid: 088ecfa3-78dd-4307-8d5c-ef6d56b74198) to agent c82714ab-fbae-4d57-8543-eb5bdbc63a67-S2 at slave(2)@172.17.0.3:45052 (98df55460faa)
I0116 20:58:04.766113 27181 hierarchical.cpp:973] Updated allocation of framework c82714ab-fbae-4d57-8543-eb5bdbc63a67-0000 on agent c82714ab-fbae-4d57-8543-eb5bdbc63a67-S0 from cpus(allocated: test):24; mem(allocated: test):95614; disk(allocated: test):3748810; ports(allocated: test):[31000-32000] to cpus(allocated: test):23; mem(allocated: test):95486; disk(allocated: test):3748810; ports(allocated: test):[31000-32000]; cpus(allocated: test)(reservations: [(DYNAMIC,test,test-principal)]):1; mem(allocated: test)(reservations: [(DYNAMIC,test,test-principal)]):128
I0116 20:58:04.766363 27174 master.cpp:11168] Updating the state of operation '' (uuid: 954c2a76-af55-4445-9298-1ecc0ccbe0e3) for framework c82714ab-fbae-4d57-8543-eb5bdbc63a67-0000 (latest state: OPERATION_PENDING, status update state: OPERATION_FINISHED)
I0116 20:58:04.766350 27176 slave.cpp:4223] Updated checkpointed resources from {} to cpus(reservations: [(DYNAMIC,test,test-principal)]):1; mem(reservations: [(DYNAMIC,test,test-principal)]):128
I0116 20:58:04.766557 27176 slave.cpp:8016] Updating the state of operation with no ID (uuid: 60b90462-c702-443c-8ce5-5911a52fb7d5) for framework c82714ab-fbae-4d57-8543-eb5bdbc63a67-0000 (latest state: OPERATION_FINISHED, status update state: OPERATION_FINISHED)
I0116 20:58:04.766899 27179 master.cpp:11168] Updating the state of operation '' (uuid: 60b90462-c702-443c-8ce5-5911a52fb7d5) for framework c82714ab-fbae-4d57-8543-eb5bdbc63a67-0000 (latest state: OPERATION_PENDING, status update state: OPERATION_FINISHED)
I0116 20:58:04.767931 27181 hierarchical.cpp:1242] Recovered cpus(allocated: test):23; mem(allocated: test):95486; disk(allocated: test):3748810; ports(allocated: test):[31000-32000]; cpus(allocated: test)(reservations: [(DYNAMIC,test,test-principal)]):1; mem(allocated: test)(reservations: [(DYNAMIC,test,test-principal)]):128 (total: cpus:23; mem:95486; disk:3748810; ports:[31000-32000]; cpus(reservations: [(DYNAMIC,test,test-principal)]):1; mem(reservations: [(DYNAMIC,test,test-principal)]):128, allocated: {}) on agent c82714ab-fbae-4d57-8543-eb5bdbc63a67-S0 from framework c82714ab-fbae-4d57-8543-eb5bdbc63a67-0000
I0116 20:58:04.767976 27185 slave.cpp:4223] Updated checkpointed resources from {} to cpus(reservations: [(DYNAMIC,test,test-principal)]):1; mem(reservations: [(DYNAMIC,test,test-principal)]):128
I0116 20:58:04.768136 27185 slave.cpp:8016] Updating the state of operation with no ID (uuid: 088ecfa3-78dd-4307-8d5c-ef6d56b74198) for framework c82714ab-fbae-4d57-8543-eb5bdbc63a67-0000 (latest state: OPERATION_FINISHED, status update state: OPERATION_FINISHED)
I0116 20:58:04.768443 27166 master.cpp:11168] Updating the state of operation '' (uuid: 088ecfa3-78dd-4307-8d5c-ef6d56b74198) for framework c82714ab-fbae-4d57-8543-eb5bdbc63a67-0000 (latest state: OPERATION_PENDING, status update state: OPERATION_FINISHED)
I0116 20:58:04.771401 27181 hierarchical.cpp:973] Updated allocation of framework c82714ab-fbae-4d57-8543-eb5bdbc63a67-0000 on agent c82714ab-fbae-4d57-8543-eb5bdbc63a67-S1 from cpus(allocated: test):24; mem(allocated: test):95614; disk(allocated: test):3748810; ports(allocated: test):[31000-32000] to cpus(allocated: test):23; mem(allocated: test):95486; disk(allocated: test):3748810; ports(allocated: test):[31000-32000]; cpus(allocated: test)(reservations: [(DYNAMIC,test,test-principal)]):1; mem(allocated: test)(reservations: [(DYNAMIC,test,test-principal)]):128
I0116 20:58:04.772676 27181 hierarchical.cpp:1242] Recovered cpus(allocated: test):23; mem(allocated: test):95486; disk(allocated: test):3748810; ports(allocated: test):[31000-32000]; cpus(allocated: test)(reservations: [(DYNAMIC,test,test-principal)]):1; mem(allocated: test)(reservations: [(DYNAMIC,test,test-principal)]):128 (total: cpus:23; mem:95486; disk:3748810; ports:[31000-32000]; cpus(reservations: [(DYNAMIC,test,test-principal)]):1; mem(reservations: [(DYNAMIC,test,test-principal)]):128, allocated: {}) on agent c82714ab-fbae-4d57-8543-eb5bdbc63a67-S1 from framework c82714ab-fbae-4d57-8543-eb5bdbc63a67-0000
I0116 20:58:04.776125 27181 hierarchical.cpp:973] Updated allocation of framework c82714ab-fbae-4d57-8543-eb5bdbc63a67-0000 on agent c82714ab-fbae-4d57-8543-eb5bdbc63a67-S2 from cpus(allocated: test):24; mem(allocated: test):95614; disk(allocated: test):3748810; ports(allocated: test):[31000-32000] to cpus(allocated: test):23; mem(allocated: test):95486; disk(allocated: test):3748810; ports(allocated: test):[31000-32000]; cpus(allocated: test)(reservations: [(DYNAMIC,test,test-principal)]):1; mem(allocated: test)(reservations: [(DYNAMIC,test,test-principal)]):128
I0116 20:58:04.777416 27181 hierarchical.cpp:1242] Recovered cpus(allocated: test):23; mem(allocated: test):95486; disk(allocated: test):3748810; ports(allocated: test):[31000-32000]; cpus(allocated: test)(reservations: [(DYNAMIC,test,test-principal)]):1; mem(allocated: test)(reservations: [(DYNAMIC,test,test-principal)]):128 (total: cpus:23; mem:95486; disk:3748810; ports:[31000-32000]; cpus(reservations: [(DYNAMIC,test,test-principal)]):1; mem(reservations: [(DYNAMIC,test,test-principal)]):128, allocated: {}) on agent c82714ab-fbae-4d57-8543-eb5bdbc63a67-S2 from framework c82714ab-fbae-4d57-8543-eb5bdbc63a67-0000
I0116 20:58:04.900753 27183 hierarchical.cpp:1570] Performed allocation for 3 agents in 5.541091ms
I0116 20:58:04.904865 27175 master.cpp:9533] Sending offers [ c82714ab-fbae-4d57-8543-eb5bdbc63a67-O3, c82714ab-fbae-4d57-8543-eb5bdbc63a67-O4, c82714ab-fbae-4d57-8543-eb5bdbc63a67-O5 ] to framework c82714ab-fbae-4d57-8543-eb5bdbc63a67-0000 (Dynamic Reservation Framework (C++)) at scheduler-f22ae00c-a25a-4898-868d-09501c420068@172.17.0.3:45052
I0116 20:58:04.906306 27173 dynamic_reservation_framework.cpp:99] Received offer c82714ab-fbae-4d57-8543-eb5bdbc63a67-O3 with [{"allocation_info":{"role":"test"},"name":"cpus","scalar":{"value":23.0},"type":"SCALAR"},{"allocation_info":{"role":"test"},"name":"mem","scalar":{"value":95486.0},"type":"SCALAR"},{"allocation_info":{"role":"test"},"name":"disk","scalar":{"value":3748810.0},"type":"SCALAR"},{"allocation_info":{"role":"test"},"name":"ports","ranges":{"range":[{"begin":31000,"end":32000}]},"type":"RANGES"},{"allocation_info":{"role":"test"},"name":"cpus","reservations":[{"principal":"test-principal","role":"test","type":"DYNAMIC"}],"scalar":{"value":1.0},"type":"SCALAR"},{"allocation_info":{"role":"test"},"name":"mem","reservations":[{"principal":"test-principal","role":"test","type":"DYNAMIC"}],"scalar":{"value":128.0},"type":"SCALAR"}]
I0116 20:58:04.907583 27173 dynamic_reservation_framework.cpp:168] Launching task 0 using offer c82714ab-fbae-4d57-8543-eb5bdbc63a67-O3
I0116 20:58:04.908525 27173 dynamic_reservation_framework.cpp:99] Received offer c82714ab-fbae-4d57-8543-eb5bdbc63a67-O4 with [{"allocation_info":{"role":"test"},"name":"cpus","scalar":{"value":23.0},"type":"SCALAR"},{"allocation_info":{"role":"test"},"name":"mem","scalar":{"value":95486.0},"type":"SCALAR"},{"allocation_info":{"role":"test"},"name":"disk","scalar":{"value":3748810.0},"type":"SCALAR"},{"allocation_info":{"role":"test"},"name":"ports","ranges":{"range":[{"begin":31000,"end":32000}]},"type":"RANGES"},{"allocation_info":{"role":"test"},"name":"cpus","reservations":[{"principal":"test-principal","role":"test","type":"DYNAMIC"}],"scalar":{"value":1.0},"type":"SCALAR"},{"allocation_info":{"role":"test"},"name":"mem","reservations":[{"principal":"test-principal","role":"test","type":"DYNAMIC"}],"scalar":{"value":128.0},"type":"SCALAR"}]
I0116 20:58:04.909796 27173 dynamic_reservation_framework.cpp:168] Launching task 1 using offer c82714ab-fbae-4d57-8543-eb5bdbc63a67-O4
I0116 20:58:04.910140 27173 dynamic_reservation_framework.cpp:99] Received offer c82714ab-fbae-4d57-8543-eb5bdbc63a67-O5 with [{"allocation_info":{"role":"test"},"name":"cpus","scalar":{"value":23.0},"type":"SCALAR"},{"allocation_info":{"role":"test"},"name":"mem","scalar":{"value":95486.0},"type":"SCALAR"},{"allocation_info":{"role":"test"},"name":"disk","scalar":{"value":3748810.0},"type":"SCALAR"},{"allocation_info":{"role":"test"},"name":"ports","ranges":{"range":[{"begin":31000,"end":32000}]},"type":"RANGES"},{"allocation_info":{"role":"test"},"name":"cpus","reservations":[{"principal":"test-principal","role":"test","type":"DYNAMIC"}],"scalar":{"value":1.0},"type":"SCALAR"},{"allocation_info":{"role":"test"},"name":"mem","reservations":[{"principal":"test-principal","role":"test","type":"DYNAMIC"}],"scalar":{"value":128.0},"type":"SCALAR"}]
I0116 20:58:04.911363 27173 dynamic_reservation_framework.cpp:168] Launching task 2 using offer c82714ab-fbae-4d57-8543-eb5bdbc63a67-O5
I0116 20:58:04.911715 27173 sched.cpp:914] Scheduler::resourceOffers took 5.457663ms
I0116 20:58:04.915464 27177 master.cpp:11531] Removing offer c82714ab-fbae-4d57-8543-eb5bdbc63a67-O3
I0116 20:58:04.916334 27177 master.cpp:4436] Processing ACCEPT call for offers: [ c82714ab-fbae-4d57-8543-eb5bdbc63a67-O3 ] on agent c82714ab-fbae-4d57-8543-eb5bdbc63a67-S0 at slave(1)@172.17.0.3:45052 (98df55460faa) for framework c82714ab-fbae-4d57-8543-eb5bdbc63a67-0000 (Dynamic Reservation Framework (C++)) at scheduler-f22ae00c-a25a-4898-868d-09501c420068@172.17.0.3:45052
I0116 20:58:04.916561 27177 master.cpp:3527] Authorizing framework principal 'test-principal' to launch task 0
I0116 20:58:04.919842 27177 master.cpp:11531] Removing offer c82714ab-fbae-4d57-8543-eb5bdbc63a67-O4
I0116 20:58:04.920601 27177 master.cpp:4436] Processing ACCEPT call for offers: [ c82714ab-fbae-4d57-8543-eb5bdbc63a67-O4 ] on agent c82714ab-fbae-4d57-8543-eb5bdbc63a67-S2 at slave(2)@172.17.0.3:45052 (98df55460faa) for framework c82714ab-fbae-4d57-8543-eb5bdbc63a67-0000 (Dynamic Reservation Framework (C++)) at scheduler-f22ae00c-a25a-4898-868d-09501c420068@172.17.0.3:45052
I0116 20:58:04.920785 27177 master.cpp:3527] Authorizing framework principal 'test-principal' to launch task 1
I0116 20:58:04.923005 27177 master.cpp:11531] Removing offer c82714ab-fbae-4d57-8543-eb5bdbc63a67-O5
I0116 20:58:04.923739 27177 master.cpp:4436] Processing ACCEPT call for offers: [ c82714ab-fbae-4d57-8543-eb5bdbc63a67-O5 ] on agent c82714ab-fbae-4d57-8543-eb5bdbc63a67-S1 at slave(3)@172.17.0.3:45052 (98df55460faa) for framework c82714ab-fbae-4d57-8543-eb5bdbc63a67-0000 (Dynamic Reservation Framework (C++)) at scheduler-f22ae00c-a25a-4898-868d-09501c420068@172.17.0.3:45052
I0116 20:58:04.923923 27177 master.cpp:3527] Authorizing framework principal 'test-principal' to launch task 2
I0116 20:58:04.929570 27177 master.cpp:12251] Adding task 0 with resources cpus(allocated: test)(reservations: [(DYNAMIC,test,test-principal)]):1; mem(allocated: test)(reservations: [(DYNAMIC,test,test-principal)]):128 on agent c82714ab-fbae-4d57-8543-eb5bdbc63a67-S0 at slave(1)@172.17.0.3:45052 (98df55460faa)
I0116 20:58:04.930898 27177 master.cpp:5415] Launching task 0 of framework c82714ab-fbae-4d57-8543-eb5bdbc63a67-0000 (Dynamic Reservation Framework (C++)) at scheduler-f22ae00c-a25a-4898-868d-09501c420068@172.17.0.3:45052 with resources [{"allocation_info":{"role":"test"},"name":"cpus","reservations":[{"principal":"test-principal","role":"test","type":"DYNAMIC"}],"scalar":{"value":1.0},"type":"SCALAR"},{"allocation_info":{"role":"test"},"name":"mem","reservations":[{"principal":"test-principal","role":"test","type":"DYNAMIC"}],"scalar":{"value":128.0},"type":"SCALAR"}] on agent c82714ab-fbae-4d57-8543-eb5bdbc63a67-S0 at slave(1)@172.17.0.3:45052 (98df55460faa) on  new executor
I0116 20:58:04.932530 27187 hierarchical.cpp:1242] Recovered cpus(allocated: test):23; mem(allocated: test):95486; disk(allocated: test):3748810; ports(allocated: test):[31000-32000] (total: cpus:23; mem:95486; disk:3748810; ports:[31000-32000]; cpus(reservations: [(DYNAMIC,test,test-principal)]):1; mem(reservations: [(DYNAMIC,test,test-principal)]):128, allocated: mem(allocated: test)(reservations: [(DYNAMIC,test,test-principal)]):128; cpus(allocated: test)(reservations: [(DYNAMIC,test,test-principal)]):1) on agent c82714ab-fbae-4d57-8543-eb5bdbc63a67-S0 from framework c82714ab-fbae-4d57-8543-eb5bdbc63a67-0000
I0116 20:58:04.933308 27177 master.cpp:12251] Adding task 1 with resources cpus(allocated: test)(reservations: [(DYNAMIC,test,test-principal)]):1; mem(allocated: test)(reservations: [(DYNAMIC,test,test-principal)]):128 on agent c82714ab-fbae-4d57-8543-eb5bdbc63a67-S2 at slave(2)@172.17.0.3:45052 (98df55460faa)
I0116 20:58:04.933454 27168 slave.cpp:2035] Got assigned task '0' for framework c82714ab-fbae-4d57-8543-eb5bdbc63a67-0000
I0116 20:58:04.933912 27177 master.cpp:5415] Launching task 1 of framework c82714ab-fbae-4d57-8543-eb5bdbc63a67-0000 (Dynamic Reservation Framework (C++)) at scheduler-f22ae00c-a25a-4898-868d-09501c420068@172.17.0.3:45052 with resources [{"allocation_info":{"role":"test"},"name":"cpus","reservations":[{"principal":"test-principal","role":"test","type":"DYNAMIC"}],"scalar":{"value":1.0},"type":"SCALAR"},{"allocation_info":{"role":"test"},"name":"mem","reservations":[{"principal":"test-principal","role":"test","type":"DYNAMIC"}],"scalar":{"value":128.0},"type":"SCALAR"}] on agent c82714ab-fbae-4d57-8543-eb5bdbc63a67-S2 at slave(2)@172.17.0.3:45052 (98df55460faa) on  new executor
I0116 20:58:04.935488 27176 hierarchical.cpp:1242] Recovered cpus(allocated: test):23; mem(allocated: test):95486; disk(allocated: test):3748810; ports(allocated: test):[31000-32000] (total: cpus:23; mem:95486; disk:3748810; ports:[31000-32000]; cpus(reservations: [(DYNAMIC,test,test-principal)]):1; mem(reservations: [(DYNAMIC,test,test-principal)]):128, allocated: mem(allocated: test)(reservations: [(DYNAMIC,test,test-principal)]):128; cpus(allocated: test)(reservations: [(DYNAMIC,test,test-principal)]):1) on agent c82714ab-fbae-4d57-8543-eb5bdbc63a67-S2 from framework c82714ab-fbae-4d57-8543-eb5bdbc63a67-0000
I0116 20:58:04.935710 27174 slave.cpp:2035] Got assigned task '1' for framework c82714ab-fbae-4d57-8543-eb5bdbc63a67-0000
I0116 20:58:04.936281 27177 master.cpp:12251] Adding task 2 with resources cpus(allocated: test)(reservations: [(DYNAMIC,test,test-principal)]):1; mem(allocated: test)(reservations: [(DYNAMIC,test,test-principal)]):128 on agent c82714ab-fbae-4d57-8543-eb5bdbc63a67-S1 at slave(3)@172.17.0.3:45052 (98df55460faa)
I0116 20:58:04.936805 27177 master.cpp:5415] Launching task 2 of framework c82714ab-fbae-4d57-8543-eb5bdbc63a67-0000 (Dynamic Reservation Framework (C++)) at scheduler-f22ae00c-a25a-4898-868d-09501c420068@172.17.0.3:45052 with resources [{"allocation_info":{"role":"test"},"name":"cpus","reservations":[{"principal":"test-principal","role":"test","type":"DYNAMIC"}],"scalar":{"value":1.0},"type":"SCALAR"},{"allocation_info":{"role":"test"},"name":"mem","reservations":[{"principal":"test-principal","role":"test","type":"DYNAMIC"}],"scalar":{"value":128.0},"type":"SCALAR"}] on agent c82714ab-fbae-4d57-8543-eb5bdbc63a67-S1 at slave(3)@172.17.0.3:45052 (98df55460faa) on  new executor
I0116 20:58:04.938133 27185 hierarchical.cpp:1242] Recovered cpus(allocated: test):23; mem(allocated: test):95486; disk(allocated: test):3748810; ports(allocated: test):[31000-32000] (total: cpus:23; mem:95486; disk:3748810; ports:[31000-32000]; cpus(reservations: [(DYNAMIC,test,test-principal)]):1; mem(reservations: [(DYNAMIC,test,test-principal)]):128, allocated: mem(allocated: test)(reservations: [(DYNAMIC,test,test-principal)]):128; cpus(allocated: test)(reservations: [(DYNAMIC,test,test-principal)]):1) on agent c82714ab-fbae-4d57-8543-eb5bdbc63a67-S1 from framework c82714ab-fbae-4d57-8543-eb5bdbc63a67-0000
I0116 20:58:04.939062 27179 slave.cpp:2035] Got assigned task '2' for framework c82714ab-fbae-4d57-8543-eb5bdbc63a67-0000
I0116 20:58:04.940359 27174 slave.cpp:2409] Authorizing task '1' for framework c82714ab-fbae-4d57-8543-eb5bdbc63a67-0000
I0116 20:58:04.940363 27168 slave.cpp:2409] Authorizing task '0' for framework c82714ab-fbae-4d57-8543-eb5bdbc63a67-0000
I0116 20:58:04.940497 27168 slave.cpp:8492] Authorizing framework principal 'test-principal' to launch task 0
I0116 20:58:04.940500 27174 slave.cpp:8492] Authorizing framework principal 'test-principal' to launch task 1
I0116 20:58:04.941367 27179 slave.cpp:2409] Authorizing task '2' for framework c82714ab-fbae-4d57-8543-eb5bdbc63a67-0000
I0116 20:58:04.941486 27179 slave.cpp:8492] Authorizing framework principal 'test-principal' to launch task 2
I0116 20:58:04.946082 27168 slave.cpp:2852] Launching task '0' for framework c82714ab-fbae-4d57-8543-eb5bdbc63a67-0000
I0116 20:58:04.946101 27179 slave.cpp:2852] Launching task '2' for framework c82714ab-fbae-4d57-8543-eb5bdbc63a67-0000
I0116 20:58:04.946188 27167 slave.cpp:2852] Launching task '1' for framework c82714ab-fbae-4d57-8543-eb5bdbc63a67-0000
I0116 20:58:04.949764 27179 paths.cpp:745] Creating sandbox '/tmp/mesos-CPy5UD/agents/2/work/slaves/c82714ab-fbae-4d57-8543-eb5bdbc63a67-S1/frameworks/c82714ab-fbae-4d57-8543-eb5bdbc63a67-0000/executors/2/runs/ea5ae49f-0d54-427b-ad3b-be81c76ccb6a' for user 'mesos'
I0116 20:58:04.949764 27167 paths.cpp:745] Creating sandbox '/tmp/mesos-CPy5UD/agents/1/work/slaves/c82714ab-fbae-4d57-8543-eb5bdbc63a67-S2/frameworks/c82714ab-fbae-4d57-8543-eb5bdbc63a67-0000/executors/1/runs/cf7f3ee4-7245-443e-b02b-d4a76bd42370' for user 'mesos'
I0116 20:58:04.949764 27168 paths.cpp:745] Creating sandbox '/tmp/mesos-CPy5UD/agents/0/work/slaves/c82714ab-fbae-4d57-8543-eb5bdbc63a67-S0/frameworks/c82714ab-fbae-4d57-8543-eb5bdbc63a67-0000/executors/0/runs/80997399-aeac-4a52-8a86-546c9d832011' for user 'mesos'
I0116 20:58:04.951306 27168 slave.cpp:9020] Launching executor '0' of framework c82714ab-fbae-4d57-8543-eb5bdbc63a67-0000 with resources [{"allocation_info":{"role":"test"},"name":"cpus","scalar":{"value":0.1},"type":"SCALAR"},{"allocation_info":{"role":"test"},"name":"mem","scalar":{"value":32.0},"type":"SCALAR"}] in work directory '/tmp/mesos-CPy5UD/agents/0/work/slaves/c82714ab-fbae-4d57-8543-eb5bdbc63a67-S0/frameworks/c82714ab-fbae-4d57-8543-eb5bdbc63a67-0000/executors/0/runs/80997399-aeac-4a52-8a86-546c9d832011'
I0116 20:58:04.951306 27179 slave.cpp:9020] Launching executor '2' of framework c82714ab-fbae-4d57-8543-eb5bdbc63a67-0000 with resources [{"allocation_info":{"role":"test"},"name":"cpus","scalar":{"value":0.1},"type":"SCALAR"},{"allocation_info":{"role":"test"},"name":"mem","scalar":{"value":32.0},"type":"SCALAR"}] in work directory '/tmp/mesos-CPy5UD/agents/2/work/slaves/c82714ab-fbae-4d57-8543-eb5bdbc63a67-S1/frameworks/c82714ab-fbae-4d57-8543-eb5bdbc63a67-0000/executors/2/runs/ea5ae49f-0d54-427b-ad3b-be81c76ccb6a'
I0116 20:58:04.951314 27167 slave.cpp:9020] Launching executor '1' of framework c82714ab-fbae-4d57-8543-eb5bdbc63a67-0000 with resources [{"allocation_info":{"role":"test"},"name":"cpus","scalar":{"value":0.1},"type":"SCALAR"},{"allocation_info":{"role":"test"},"name":"mem","scalar":{"value":32.0},"type":"SCALAR"}] in work directory '/tmp/mesos-CPy5UD/agents/1/work/slaves/c82714ab-fbae-4d57-8543-eb5bdbc63a67-S2/frameworks/c82714ab-fbae-4d57-8543-eb5bdbc63a67-0000/executors/1/runs/cf7f3ee4-7245-443e-b02b-d4a76bd42370'
I0116 20:58:04.952929 27179 slave.cpp:3530] Launching container ea5ae49f-0d54-427b-ad3b-be81c76ccb6a for executor '2' of framework c82714ab-fbae-4d57-8543-eb5bdbc63a67-0000
I0116 20:58:04.952930 27168 slave.cpp:3530] Launching container 80997399-aeac-4a52-8a86-546c9d832011 for executor '0' of framework c82714ab-fbae-4d57-8543-eb5bdbc63a67-0000
I0116 20:58:04.952951 27167 slave.cpp:3530] Launching container cf7f3ee4-7245-443e-b02b-d4a76bd42370 for executor '1' of framework c82714ab-fbae-4d57-8543-eb5bdbc63a67-0000
I0116 20:58:04.957207 27168 slave.cpp:3049] Queued task '0' for executor '0' of framework c82714ab-fbae-4d57-8543-eb5bdbc63a67-0000
I0116 20:58:04.957207 27179 slave.cpp:3049] Queued task '2' for executor '2' of framework c82714ab-fbae-4d57-8543-eb5bdbc63a67-0000
I0116 20:58:04.957212 27167 slave.cpp:3049] Queued task '1' for executor '1' of framework c82714ab-fbae-4d57-8543-eb5bdbc63a67-0000
I0116 20:58:04.957442 27179 slave.cpp:1009] Successfully attached '/tmp/mesos-CPy5UD/agents/2/work/slaves/c82714ab-fbae-4d57-8543-eb5bdbc63a67-S1/frameworks/c82714ab-fbae-4d57-8543-eb5bdbc63a67-0000/executors/2/runs/ea5ae49f-0d54-427b-ad3b-be81c76ccb6a' to virtual path '/tmp/mesos-CPy5UD/agents/2/work/slaves/c82714ab-fbae-4d57-8543-eb5bdbc63a67-S1/frameworks/c82714ab-fbae-4d57-8543-eb5bdbc63a67-0000/executors/2/runs/latest'
I0116 20:58:04.957442 27167 slave.cpp:1009] Successfully attached '/tmp/mesos-CPy5UD/agents/1/work/slaves/c82714ab-fbae-4d57-8543-eb5bdbc63a67-S2/frameworks/c82714ab-fbae-4d57-8543-eb5bdbc63a67-0000/executors/1/runs/cf7f3ee4-7245-443e-b02b-d4a76bd42370' to virtual path '/tmp/mesos-CPy5UD/agents/1/work/slaves/c82714ab-fbae-4d57-8543-eb5bdbc63a67-S2/frameworks/c82714ab-fbae-4d57-8543-eb5bdbc63a67-0000/executors/1/runs/latest'
I0116 20:58:04.957448 27168 slave.cpp:1009] Successfully attached '/tmp/mesos-CPy5UD/agents/0/work/slaves/c82714ab-fbae-4d57-8543-eb5bdbc63a67-S0/frameworks/c82714ab-fbae-4d57-8543-eb5bdbc63a67-0000/executors/0/runs/80997399-aeac-4a52-8a86-546c9d832011' to virtual path '/tmp/mesos-CPy5UD/agents/0/work/slaves/c82714ab-fbae-4d57-8543-eb5bdbc63a67-S0/frameworks/c82714ab-fbae-4d57-8543-eb5bdbc63a67-0000/executors/0/runs/latest'
I0116 20:58:04.957504 27179 slave.cpp:1009] Successfully attached '/tmp/mesos-CPy5UD/agents/2/work/slaves/c82714ab-fbae-4d57-8543-eb5bdbc63a67-S1/frameworks/c82714ab-fbae-4d57-8543-eb5bdbc63a67-0000/executors/2/runs/ea5ae49f-0d54-427b-ad3b-be81c76ccb6a' to virtual path '/frameworks/c82714ab-fbae-4d57-8543-eb5bdbc63a67-0000/executors/2/runs/latest'
I0116 20:58:04.957521 27167 slave.cpp:1009] Successfully attached '/tmp/mesos-CPy5UD/agents/1/work/slaves/c82714ab-fbae-4d57-8543-eb5bdbc63a67-S2/frameworks/c82714ab-fbae-4d57-8543-eb5bdbc63a67-0000/executors/1/runs/cf7f3ee4-7245-443e-b02b-d4a76bd42370' to virtual path '/frameworks/c82714ab-fbae-4d57-8543-eb5bdbc63a67-0000/executors/1/runs/latest'
I0116 20:58:04.957540 27168 slave.cpp:1009] Successfully attached '/tmp/mesos-CPy5UD/agents/0/work/slaves/c82714ab-fbae-4d57-8543-eb5bdbc63a67-S0/frameworks/c82714ab-fbae-4d57-8543-eb5bdbc63a67-0000/executors/0/runs/80997399-aeac-4a52-8a86-546c9d832011' to virtual path '/frameworks/c82714ab-fbae-4d57-8543-eb5bdbc63a67-0000/executors/0/runs/latest'
I0116 20:58:04.958099 27168 slave.cpp:1009] Successfully attached '/tmp/mesos-CPy5UD/agents/0/work/slaves/c82714ab-fbae-4d57-8543-eb5bdbc63a67-S0/frameworks/c82714ab-fbae-4d57-8543-eb5bdbc63a67-0000/executors/0/runs/80997399-aeac-4a52-8a86-546c9d832011' to virtual path '/tmp/mesos-CPy5UD/agents/0/work/slaves/c82714ab-fbae-4d57-8543-eb5bdbc63a67-S0/frameworks/c82714ab-fbae-4d57-8543-eb5bdbc63a67-0000/executors/0/runs/80997399-aeac-4a52-8a86-546c9d832011'
I0116 20:58:04.958104 27167 slave.cpp:1009] Successfully attached '/tmp/mesos-CPy5UD/agents/1/work/slaves/c82714ab-fbae-4d57-8543-eb5bdbc63a67-S2/frameworks/c82714ab-fbae-4d57-8543-eb5bdbc63a67-0000/executors/1/runs/cf7f3ee4-7245-443e-b02b-d4a76bd42370' to virtual path '/tmp/mesos-CPy5UD/agents/1/work/slaves/c82714ab-fbae-4d57-8543-eb5bdbc63a67-S2/frameworks/c82714ab-fbae-4d57-8543-eb5bdbc63a67-0000/executors/1/runs/cf7f3ee4-7245-443e-b02b-d4a76bd42370'
I0116 20:58:04.958118 27179 slave.cpp:1009] Successfully attached '/tmp/mesos-CPy5UD/agents/2/work/slaves/c82714ab-fbae-4d57-8543-eb5bdbc63a67-S1/frameworks/c82714ab-fbae-4d57-8543-eb5bdbc63a67-0000/executors/2/runs/ea5ae49f-0d54-427b-ad3b-be81c76ccb6a' to virtual path '/tmp/mesos-CPy5UD/agents/2/work/slaves/c82714ab-fbae-4d57-8543-eb5bdbc63a67-S1/frameworks/c82714ab-fbae-4d57-8543-eb5bdbc63a67-0000/executors/2/runs/ea5ae49f-0d54-427b-ad3b-be81c76ccb6a'
I0116 20:58:04.958395 27172 containerizer.cpp:1286] Starting container 80997399-aeac-4a52-8a86-546c9d832011
I0116 20:58:04.958416 27183 containerizer.cpp:1286] Starting container ea5ae49f-0d54-427b-ad3b-be81c76ccb6a
I0116 20:58:04.958422 27181 containerizer.cpp:1286] Starting container cf7f3ee4-7245-443e-b02b-d4a76bd42370
I0116 20:58:04.963778 27172 containerizer.cpp:1458] Checkpointed ContainerConfig at '/tmp/mesos-CPy5UD/agents/0/run/containers/80997399-aeac-4a52-8a86-546c9d832011/config'
I0116 20:58:04.963804 27183 containerizer.cpp:1458] Checkpointed ContainerConfig at '/tmp/mesos-CPy5UD/agents/2/run/containers/ea5ae49f-0d54-427b-ad3b-be81c76ccb6a/config'
I0116 20:58:04.963804 27181 containerizer.cpp:1458] Checkpointed ContainerConfig at '/tmp/mesos-CPy5UD/agents/1/run/containers/cf7f3ee4-7245-443e-b02b-d4a76bd42370/config'
I0116 20:58:04.963825 27172 containerizer.cpp:3134] Transitioning the state of container 80997399-aeac-4a52-8a86-546c9d832011 from PROVISIONING to PREPARING
I0116 20:58:04.963855 27183 containerizer.cpp:3134] Transitioning the state of container ea5ae49f-0d54-427b-ad3b-be81c76ccb6a from PROVISIONING to PREPARING
I0116 20:58:04.963867 27181 containerizer.cpp:3134] Transitioning the state of container cf7f3ee4-7245-443e-b02b-d4a76bd42370 from PROVISIONING to PREPARING
I0116 20:58:04.978534 27186 containerizer.cpp:1951] Launching 'mesos-containerizer' with flags '--help="false" --launch_info="{"command":{"arguments":["mesos-executor","--launcher_dir=/mesos/mesos-1.7.1/_build/sub/src"],"shell":false,"value":"/mesos/mesos-1.7.1/_build/sub/src/mesos-executor"},"environment":{"variables":[{"name":"LIBPROCESS_PORT","type":"VALUE","value":"0"},{"name":"MESOS_AGENT_ENDPOINT","type":"VALUE","value":"172.17.0.3:45052"},{"name":"MESOS_CHECKPOINT","type":"VALUE","value":"0"},{"name":"MESOS_DIRECTORY","type":"VALUE","value":"/tmp/mesos-CPy5UD/agents/2/work/slaves/c82714ab-fbae-4d57-8543-eb5bdbc63a67-S1/frameworks/c82714ab-fbae-4d57-8543-eb5bdbc63a67-0000/executors/2/runs/ea5ae49f-0d54-427b-ad3b-be81c76ccb6a"},{"name":"MESOS_EXECUTOR_ID","type":"VALUE","value":"2"},{"name":"MESOS_EXECUTOR_SHUTDOWN_GRACE_PERIOD","type":"VALUE","value":"5secs"},{"name":"MESOS_FRAMEWORK_ID","type":"VALUE","value":"c82714ab-fbae-4d57-8543-eb5bdbc63a67-0000"},{"name":"MESOS_HTTP_COMMAND_EXECUTOR","type":"VALUE","value":"0"},{"name":"MESOS_SLAVE_ID","type":"VALUE","value":"c82714ab-fbae-4d57-8543-eb5bdbc63a67-S1"},{"name":"MESOS_SLAVE_PID","type":"VALUE","value":"slave(3)@172.17.0.3:45052"},{"name":"MESOS_SANDBOX","type":"VALUE","value":"/tmp/mesos-CPy5UD/agents/2/work/slaves/c82714ab-fbae-4d57-8543-eb5bdbc63a67-S1/frameworks/c82714ab-fbae-4d57-8543-eb5bdbc63a67-0000/executors/2/runs/ea5ae49f-0d54-427b-ad3b-be81c76ccb6a"}]},"task_environment":{},"user":"mesos","working_directory":"/tmp/mesos-CPy5UD/agents/2/work/slaves/c82714ab-fbae-4d57-8543-eb5bdbc63a67-S1/frameworks/c82714ab-fbae-4d57-8543-eb5bdbc63a67-0000/executors/2/runs/ea5ae49f-0d54-427b-ad3b-be81c76ccb6a"}" --pipe_read="21" --pipe_write="24" --runtime_directory="/tmp/mesos-CPy5UD/agents/2/run/containers/ea5ae49f-0d54-427b-ad3b-be81c76ccb6a" --unshare_namespace_mnt="false"'
I0116 20:58:04.978547 27188 containerizer.cpp:1951] Launching 'mesos-containerizer' with flags '--help="false" --launch_info="{"command":{"arguments":["mesos-executor","--launcher_dir=/mesos/mesos-1.7.1/_build/sub/src"],"shell":false,"value":"/mesos/mesos-1.7.1/_build/sub/src/mesos-executor"},"environment":{"variables":[{"name":"LIBPROCESS_PORT","type":"VALUE","value":"0"},{"name":"MESOS_AGENT_ENDPOINT","type":"VALUE","value":"172.17.0.3:45052"},{"name":"MESOS_CHECKPOINT","type":"VALUE","value":"0"},{"name":"MESOS_DIRECTORY","type":"VALUE","value":"/tmp/mesos-CPy5UD/agents/1/work/slaves/c82714ab-fbae-4d57-8543-eb5bdbc63a67-S2/frameworks/c82714ab-fbae-4d57-8543-eb5bdbc63a67-0000/executors/1/runs/cf7f3ee4-7245-443e-b02b-d4a76bd42370"},{"name":"MESOS_EXECUTOR_ID","type":"VALUE","value":"1"},{"name":"MESOS_EXECUTOR_SHUTDOWN_GRACE_PERIOD","type":"VALUE","value":"5secs"},{"name":"MESOS_FRAMEWORK_ID","type":"VALUE","value":"c82714ab-fbae-4d57-8543-eb5bdbc63a67-0000"},{"name":"MESOS_HTTP_COMMAND_EXECUTOR","type":"VALUE","value":"0"},{"name":"MESOS_SLAVE_ID","type":"VALUE","value":"c82714ab-fbae-4d57-8543-eb5bdbc63a67-S2"},{"name":"MESOS_SLAVE_PID","type":"VALUE","value":"slave(2)@172.17.0.3:45052"},{"name":"MESOS_SANDBOX","type":"VALUE","value":"/tmp/mesos-CPy5UD/agents/1/work/slaves/c82714ab-fbae-4d57-8543-eb5bdbc63a67-S2/frameworks/c82714ab-fbae-4d57-8543-eb5bdbc63a67-0000/executors/1/runs/cf7f3ee4-7245-443e-b02b-d4a76bd42370"}]},"task_environment":{},"user":"mesos","working_directory":"/tmp/mesos-CPy5UD/agents/1/work/slaves/c82714ab-fbae-4d57-8543-eb5bdbc63a67-S2/frameworks/c82714ab-fbae-4d57-8543-eb5bdbc63a67-0000/executors/1/runs/cf7f3ee4-7245-443e-b02b-d4a76bd42370"}" --pipe_read="25" --pipe_write="26" --runtime_directory="/tmp/mesos-CPy5UD/agents/1/run/containers/cf7f3ee4-7245-443e-b02b-d4a76bd42370" --unshare_namespace_mnt="false"'
I0116 20:58:04.978540 27180 containerizer.cpp:1951] Launching 'mesos-containerizer' with flags '--help="false" --launch_info="{"command":{"arguments":["mesos-executor","--launcher_dir=/mesos/mesos-1.7.1/_build/sub/src"],"shell":false,"value":"/mesos/mesos-1.7.1/_build/sub/src/mesos-executor"},"environment":{"variables":[{"name":"LIBPROCESS_PORT","type":"VALUE","value":"0"},{"name":"MESOS_AGENT_ENDPOINT","type":"VALUE","value":"172.17.0.3:45052"},{"name":"MESOS_CHECKPOINT","type":"VALUE","value":"0"},{"name":"MESOS_DIRECTORY","type":"VALUE","value":"/tmp/mesos-CPy5UD/agents/0/work/slaves/c82714ab-fbae-4d57-8543-eb5bdbc63a67-S0/frameworks/c82714ab-fbae-4d57-8543-eb5bdbc63a67-0000/executors/0/runs/80997399-aeac-4a52-8a86-546c9d832011"},{"name":"MESOS_EXECUTOR_ID","type":"VALUE","value":"0"},{"name":"MESOS_EXECUTOR_SHUTDOWN_GRACE_PERIOD","type":"VALUE","value":"5secs"},{"name":"MESOS_FRAMEWORK_ID","type":"VALUE","value":"c82714ab-fbae-4d57-8543-eb5bdbc63a67-0000"},{"name":"MESOS_HTTP_COMMAND_EXECUTOR","type":"VALUE","value":"0"},{"name":"MESOS_SLAVE_ID","type":"VALUE","value":"c82714ab-fbae-4d57-8543-eb5bdbc63a67-S0"},{"name":"MESOS_SLAVE_PID","type":"VALUE","value":"slave(1)@172.17.0.3:45052"},{"name":"MESOS_SANDBOX","type":"VALUE","value":"/tmp/mesos-CPy5UD/agents/0/work/slaves/c82714ab-fbae-4d57-8543-eb5bdbc63a67-S0/frameworks/c82714ab-fbae-4d57-8543-eb5bdbc63a67-0000/executors/0/runs/80997399-aeac-4a52-8a86-546c9d832011"}]},"task_environment":{},"user":"mesos","working_directory":"/tmp/mesos-CPy5UD/agents/0/work/slaves/c82714ab-fbae-4d57-8543-eb5bdbc63a67-S0/frameworks/c82714ab-fbae-4d57-8543-eb5bdbc63a67-0000/executors/0/runs/80997399-aeac-4a52-8a86-546c9d832011"}" --pipe_read="27" --pipe_write="28" --runtime_directory="/tmp/mesos-CPy5UD/agents/0/run/containers/80997399-aeac-4a52-8a86-546c9d832011" --unshare_namespace_mnt="false"'
I0116 20:58:04.986162 27186 launcher.cpp:145] Forked child with pid '27197' for container 'ea5ae49f-0d54-427b-ad3b-be81c76ccb6a'
I0116 20:58:04.986162 27180 launcher.cpp:145] Forked child with pid '27196' for container '80997399-aeac-4a52-8a86-546c9d832011'
I0116 20:58:04.986162 27188 launcher.cpp:145] Forked child with pid '27195' for container 'cf7f3ee4-7245-443e-b02b-d4a76bd42370'
I0116 20:58:04.988678 27186 containerizer.cpp:3134] Transitioning the state of container ea5ae49f-0d54-427b-ad3b-be81c76ccb6a from PREPARING to ISOLATING
I0116 20:58:04.988677 27180 containerizer.cpp:3134] Transitioning the state of container 80997399-aeac-4a52-8a86-546c9d832011 from PREPARING to ISOLATING
I0116 20:58:04.988682 27188 containerizer.cpp:3134] Transitioning the state of container cf7f3ee4-7245-443e-b02b-d4a76bd42370 from PREPARING to ISOLATING
I0116 20:58:04.993005 27186 containerizer.cpp:3134] Transitioning the state of container ea5ae49f-0d54-427b-ad3b-be81c76ccb6a from ISOLATING to FETCHING
I0116 20:58:04.993019 27188 containerizer.cpp:3134] Transitioning the state of container cf7f3ee4-7245-443e-b02b-d4a76bd42370 from ISOLATING to FETCHING
I0116 20:58:04.993659 27184 fetcher.cpp:369] Starting to fetch URIs for container: ea5ae49f-0d54-427b-ad3b-be81c76ccb6a, directory: /tmp/mesos-CPy5UD/agents/2/work/slaves/c82714ab-fbae-4d57-8543-eb5bdbc63a67-S1/frameworks/c82714ab-fbae-4d57-8543-eb5bdbc63a67-0000/executors/2/runs/ea5ae49f-0d54-427b-ad3b-be81c76ccb6a
I0116 20:58:04.993721 27177 fetcher.cpp:369] Starting to fetch URIs for container: cf7f3ee4-7245-443e-b02b-d4a76bd42370, directory: /tmp/mesos-CPy5UD/agents/1/work/slaves/c82714ab-fbae-4d57-8543-eb5bdbc63a67-S2/frameworks/c82714ab-fbae-4d57-8543-eb5bdbc63a67-0000/executors/1/runs/cf7f3ee4-7245-443e-b02b-d4a76bd42370
I0116 20:58:04.993901 27167 containerizer.cpp:3134] Transitioning the state of container 80997399-aeac-4a52-8a86-546c9d832011 from ISOLATING to FETCHING
I0116 20:58:04.994176 27172 fetcher.cpp:369] Starting to fetch URIs for container: 80997399-aeac-4a52-8a86-546c9d832011, directory: /tmp/mesos-CPy5UD/agents/0/work/slaves/c82714ab-fbae-4d57-8543-eb5bdbc63a67-S0/frameworks/c82714ab-fbae-4d57-8543-eb5bdbc63a67-0000/executors/0/runs/80997399-aeac-4a52-8a86-546c9d832011
I0116 20:58:04.998181 27174 containerizer.cpp:3134] Transitioning the state of container 80997399-aeac-4a52-8a86-546c9d832011 from FETCHING to RUNNING
I0116 20:58:04.998179 27176 containerizer.cpp:3134] Transitioning the state of container ea5ae49f-0d54-427b-ad3b-be81c76ccb6a from FETCHING to RUNNING
I0116 20:58:04.998209 27178 containerizer.cpp:3134] Transitioning the state of container cf7f3ee4-7245-443e-b02b-d4a76bd42370 from FETCHING to RUNNING
I0116 20:58:05.492946 27213 exec.cpp:162] Version: 1.7.1
I0116 20:58:05.515974 27185 slave.cpp:4845] Got registration for executor '1' of framework c82714ab-fbae-4d57-8543-eb5bdbc63a67-0000 from executor(1)@172.17.0.3:40458
I0116 20:58:05.524509 27180 slave.cpp:3262] Sending queued task '1' to executor '1' of framework c82714ab-fbae-4d57-8543-eb5bdbc63a67-0000 at executor(1)@172.17.0.3:40458
I0116 20:58:05.524513 27237 exec.cpp:162] Version: 1.7.1
I0116 20:58:05.527619 27220 exec.cpp:236] Executor registered on agent c82714ab-fbae-4d57-8543-eb5bdbc63a67-S2
I0116 20:58:05.532649 27202 executor.cpp:184] Received SUBSCRIBED event
I0116 20:58:05.534471 27202 executor.cpp:188] Subscribed executor on 98df55460faa
I0116 20:58:05.534778 27202 executor.cpp:184] Received LAUNCH event
I0116 20:58:05.537214 27202 executor.cpp:687] Starting task 1
I0116 20:58:05.541549 27187 slave.cpp:5311] Handling status update TASK_STARTING (Status UUID: 61d6e598-1a6a-44b1-b590-111d6e35d1b0) for task 1 of framework c82714ab-fbae-4d57-8543-eb5bdbc63a67-0000 from executor(1)@172.17.0.3:40458
I0116 20:58:05.542498 27189 slave.cpp:4845] Got registration for executor '2' of framework c82714ab-fbae-4d57-8543-eb5bdbc63a67-0000 from executor(1)@172.17.0.3:35907
I0116 20:58:05.547268 27174 slave.cpp:3262] Sending queued task '2' to executor '2' of framework c82714ab-fbae-4d57-8543-eb5bdbc63a67-0000 at executor(1)@172.17.0.3:35907
I0116 20:58:05.547917 27167 task_status_update_manager.cpp:328] Received task status update TASK_STARTING (Status UUID: 61d6e598-1a6a-44b1-b590-111d6e35d1b0) for task 1 of framework c82714ab-fbae-4d57-8543-eb5bdbc63a67-0000
I0116 20:58:05.548027 27167 task_status_update_manager.cpp:507] Creating StatusUpdate stream for task 1 of framework c82714ab-fbae-4d57-8543-eb5bdbc63a67-0000
I0116 20:58:05.549607 27167 task_status_update_manager.cpp:383] Forwarding task status update TASK_STARTING (Status UUID: 61d6e598-1a6a-44b1-b590-111d6e35d1b0) for task 1 of framework c82714ab-fbae-4d57-8543-eb5bdbc63a67-0000 to the agent
I0116 20:58:05.550045 27186 slave.cpp:5803] Forwarding the update TASK_STARTING (Status UUID: 61d6e598-1a6a-44b1-b590-111d6e35d1b0) for task 1 of framework c82714ab-fbae-4d57-8543-eb5bdbc63a67-0000 to master@172.17.0.3:45052
I0116 20:58:05.550693 27179 slave.cpp:5696] Task status update manager successfully handled status update TASK_STARTING (Status UUID: 61d6e598-1a6a-44b1-b590-111d6e35d1b0) for task 1 of framework c82714ab-fbae-4d57-8543-eb5bdbc63a67-0000
I0116 20:58:05.550827 27179 slave.cpp:5712] Sending acknowledgement for status update TASK_STARTING (Status UUID: 61d6e598-1a6a-44b1-b590-111d6e35d1b0) for task 1 of framework c82714ab-fbae-4d57-8543-eb5bdbc63a67-0000 to executor(1)@172.17.0.3:40458
I0116 20:58:05.550814 27182 master.cpp:8421] Status update TASK_STARTING (Status UUID: 61d6e598-1a6a-44b1-b590-111d6e35d1b0) for task 1 of framework c82714ab-fbae-4d57-8543-eb5bdbc63a67-0000 from agent c82714ab-fbae-4d57-8543-eb5bdbc63a67-S2 at slave(2)@172.17.0.3:45052 (98df55460faa)
I0116 20:58:05.550920 27182 master.cpp:8478] Forwarding status update TASK_STARTING (Status UUID: 61d6e598-1a6a-44b1-b590-111d6e35d1b0) for task 1 of framework c82714ab-fbae-4d57-8543-eb5bdbc63a67-0000
I0116 20:58:05.551420 27182 master.cpp:10997] Updating the state of task 1 of framework c82714ab-fbae-4d57-8543-eb5bdbc63a67-0000 (latest state: TASK_STARTING, status update state: TASK_STARTING)
I0116 20:58:05.551677 27181 dynamic_reservation_framework.cpp:229] Task 1 is in state TASK_STARTING
I0116 20:58:05.551721 27181 sched.cpp:1022] Scheduler::statusUpdate took 59100ns
I0116 20:58:05.552266 27181 master.cpp:6277] Processing ACKNOWLEDGE call for status 61d6e598-1a6a-44b1-b590-111d6e35d1b0 for task 1 of framework c82714ab-fbae-4d57-8543-eb5bdbc63a67-0000 (Dynamic Reservation Framework (C++)) at scheduler-f22ae00c-a25a-4898-868d-09501c420068@172.17.0.3:45052 on agent c82714ab-fbae-4d57-8543-eb5bdbc63a67-S2
I0116 20:58:05.553164 27171 task_status_update_manager.cpp:401] Received task status update acknowledgement (UUID: 61d6e598-1a6a-44b1-b590-111d6e35d1b0) for task 1 of framework c82714ab-fbae-4d57-8543-eb5bdbc63a67-0000
I0116 20:58:05.554251 27189 slave.cpp:4547] Task status update manager successfully handled status update acknowledgement (UUID: 61d6e598-1a6a-44b1-b590-111d6e35d1b0) for task 1 of framework c82714ab-fbae-4d57-8543-eb5bdbc63a67-0000
I0116 20:58:05.556094 27245 exec.cpp:236] Executor registered on agent c82714ab-fbae-4d57-8543-eb5bdbc63a67-S1
I0116 20:58:05.562386 27202 executor.cpp:502] Running '/mesos/mesos-1.7.1/_build/sub/src/mesos-containerizer launch <POSSIBLY-SENSITIVE-DATA>'
I0116 20:58:05.561156 27249 executor.cpp:184] Received SUBSCRIBED event
I0116 20:58:05.562958 27249 executor.cpp:188] Subscribed executor on 98df55460faa
I0116 20:58:05.563274 27249 executor.cpp:184] Received LAUNCH event
I0116 20:58:05.565731 27249 executor.cpp:687] Starting task 2
I0116 20:58:05.567488 27202 executor.cpp:702] Forked command at 27251
I0116 20:58:05.570216 27177 slave.cpp:5311] Handling status update TASK_STARTING (Status UUID: 19d49783-e7c1-46da-8169-432a4033989a) for task 2 of framework c82714ab-fbae-4d57-8543-eb5bdbc63a67-0000 from executor(1)@172.17.0.3:35907
I0116 20:58:05.571732 27180 slave.cpp:5311] Handling status update TASK_RUNNING (Status UUID: 79ffce28-04fb-45c5-8756-24289d97d73d) for task 1 of framework c82714ab-fbae-4d57-8543-eb5bdbc63a67-0000 from executor(1)@172.17.0.3:40458
I0116 20:58:05.572705 27189 task_status_update_manager.cpp:328] Received task status update TASK_STARTING (Status UUID: 19d49783-e7c1-46da-8169-432a4033989a) for task 2 of framework c82714ab-fbae-4d57-8543-eb5bdbc63a67-0000
I0116 20:58:05.572757 27189 task_status_update_manager.cpp:507] Creating StatusUpdate stream for task 2 of framework c82714ab-fbae-4d57-8543-eb5bdbc63a67-0000
I0116 20:58:05.573480 27189 task_status_update_manager.cpp:383] Forwarding task status update TASK_STARTING (Status UUID: 19d49783-e7c1-46da-8169-432a4033989a) for task 2 of framework c82714ab-fbae-4d57-8543-eb5bdbc63a67-0000 to the agent
I0116 20:58:05.573696 27169 slave.cpp:5803] Forwarding the update TASK_STARTING (Status UUID: 19d49783-e7c1-46da-8169-432a4033989a) for task 2 of framework c82714ab-fbae-4d57-8543-eb5bdbc63a67-0000 to master@172.17.0.3:45052
I0116 20:58:05.573777 27172 task_status_update_manager.cpp:328] Received task status update TASK_RUNNING (Status UUID: 79ffce28-04fb-45c5-8756-24289d97d73d) for task 1 of framework c82714ab-fbae-4d57-8543-eb5bdbc63a67-0000
I0116 20:58:05.573957 27169 slave.cpp:5696] Task status update manager successfully handled status update TASK_STARTING (Status UUID: 19d49783-e7c1-46da-8169-432a4033989a) for task 2 of framework c82714ab-fbae-4d57-8543-eb5bdbc63a67-0000
I0116 20:58:05.574002 27172 task_status_update_manager.cpp:383] Forwarding task status update TASK_RUNNING (Status UUID: 79ffce28-04fb-45c5-8756-24289d97d73d) for task 1 of framework c82714ab-fbae-4d57-8543-eb5bdbc63a67-0000 to the agent
I0116 20:58:05.574033 27169 slave.cpp:5712] Sending acknowledgement for status update TASK_STARTING (Status UUID: 19d49783-e7c1-46da-8169-432a4033989a) for task 2 of framework c82714ab-fbae-4d57-8543-eb5bdbc63a67-0000 to executor(1)@172.17.0.3:35907
I0116 20:58:05.574162 27184 master.cpp:8421] Status update TASK_STARTING (Status UUID: 19d49783-e7c1-46da-8169-432a4033989a) for task 2 of framework c82714ab-fbae-4d57-8543-eb5bdbc63a67-0000 from agent c82714ab-fbae-4d57-8543-eb5bdbc63a67-S1 at slave(3)@172.17.0.3:45052 (98df55460faa)
I0116 20:58:05.574244 27184 master.cpp:8478] Forwarding status update TASK_STARTING (Status UUID: 19d49783-e7c1-46da-8169-432a4033989a) for task 2 of framework c82714ab-fbae-4d57-8543-eb5bdbc63a67-0000
I0116 20:58:05.574252 27183 slave.cpp:5803] Forwarding the update TASK_RUNNING (Status UUID: 79ffce28-04fb-45c5-8756-24289d97d73d) for task 1 of framework c82714ab-fbae-4d57-8543-eb5bdbc63a67-0000 to master@172.17.0.3:45052
I0116 20:58:05.574507 27183 slave.cpp:5696] Task status update manager successfully handled status update TASK_RUNNING (Status UUID: 79ffce28-04fb-45c5-8756-24289d97d73d) for task 1 of framework c82714ab-fbae-4d57-8543-eb5bdbc63a67-0000
I0116 20:58:05.574571 27183 slave.cpp:5712] Sending acknowledgement for status update TASK_RUNNING (Status UUID: 79ffce28-04fb-45c5-8756-24289d97d73d) for task 1 of framework c82714ab-fbae-4d57-8543-eb5bdbc63a67-0000 to executor(1)@172.17.0.3:40458
I0116 20:58:05.574604 27184 master.cpp:10997] Updating the state of task 2 of framework c82714ab-fbae-4d57-8543-eb5bdbc63a67-0000 (latest state: TASK_STARTING, status update state: TASK_STARTING)
I0116 20:58:05.574877 27184 master.cpp:8421] Status update TASK_RUNNING (Status UUID: 79ffce28-04fb-45c5-8756-24289d97d73d) for task 1 of framework c82714ab-fbae-4d57-8543-eb5bdbc63a67-0000 from agent c82714ab-fbae-4d57-8543-eb5bdbc63a67-S2 at slave(2)@172.17.0.3:45052 (98df55460faa)
I0116 20:58:05.574949 27184 master.cpp:8478] Forwarding status update TASK_RUNNING (Status UUID: 79ffce28-04fb-45c5-8756-24289d97d73d) for task 1 of framework c82714ab-fbae-4d57-8543-eb5bdbc63a67-0000
I0116 20:58:05.575050 27175 dynamic_reservation_framework.cpp:229] Task 2 is in state TASK_STARTING
I0116 20:58:05.575122 27175 sched.cpp:1022] Scheduler::statusUpdate took 93635ns
I0116 20:58:05.575173 27184 master.cpp:10997] Updating the state of task 1 of framework c82714ab-fbae-4d57-8543-eb5bdbc63a67-0000 (latest state: TASK_RUNNING, status update state: TASK_RUNNING)
I0116 20:58:05.575502 27173 master.cpp:6277] Processing ACKNOWLEDGE call for status 19d49783-e7c1-46da-8169-432a4033989a for task 2 of framework c82714ab-fbae-4d57-8543-eb5bdbc63a67-0000 (Dynamic Reservation Framework (C++)) at scheduler-f22ae00c-a25a-4898-868d-09501c420068@172.17.0.3:45052 on agent c82714ab-fbae-4d57-8543-eb5bdbc63a67-S1
I0116 20:58:05.575645 27175 dynamic_reservation_framework.cpp:229] Task 1 is in state TASK_RUNNING
I0116 20:58:05.575681 27175 sched.cpp:1022] Scheduler::statusUpdate took 50366ns
I0116 20:58:05.575831 27180 task_status_update_manager.cpp:401] Received task status update acknowledgement (UUID: 19d49783-e7c1-46da-8169-432a4033989a) for task 2 of framework c82714ab-fbae-4d57-8543-eb5bdbc63a67-0000
I0116 20:58:05.575994 27174 master.cpp:6277] Processing ACKNOWLEDGE call for status 79ffce28-04fb-45c5-8756-24289d97d73d for task 1 of framework c82714ab-fbae-4d57-8543-eb5bdbc63a67-0000 (Dynamic Reservation Framework (C++)) at scheduler-f22ae00c-a25a-4898-868d-09501c420068@172.17.0.3:45052 on agent c82714ab-fbae-4d57-8543-eb5bdbc63a67-S2
