I0918 22:20:44.916044 52362 master.cpp:3820] Registering slave at slave(1)@10.37.184.103:58052 (smfd-bkq-03-sr4.devel.twitter.com) with id 20150918-222044-1740121354-58052-52360-S0
I0918 22:20:44.916842 52381 registrar.cpp:441] Applied 1 operations in 101270ns; attempting to update the 'registry'
I0918 22:20:44.919000 52372 log.cpp:685] Attempting to append 414 bytes to the log
I0918 22:20:44.919178 52380 coordinator.cpp:341] Coordinator attempting to write APPEND action at position 3
I0918 22:20:44.920032 52380 replica.cpp:511] Replica received write request for position 3
I0918 22:20:44.933576 52362 master.cpp:3808] Ignoring register slave message from slave(1)@10.37.184.103:58052 (smfd-bkq-03-sr4.devel.twitter.com) as admission is already in progress
I0918 22:20:44.943189 52370 master.cpp:3808] Ignoring register slave message from slave(1)@10.37.184.103:58052 (smfd-bkq-03-sr4.devel.twitter.com) as admission is already in progress
I0918 22:20:44.953141 52380 leveldb.cpp:343] Persisting action (433 bytes) to leveldb took 33.05196ms
I0918 22:20:44.953244 52380 replica.cpp:679] Persisted action at 3
I0918 22:20:44.954200 52382 replica.cpp:658] Replica received learned notice for position 3
I0918 22:20:44.961508 52382 leveldb.cpp:343] Persisting action (435 bytes) to leveldb took 7.260554ms
I0918 22:20:44.961606 52382 replica.cpp:679] Persisted action at 3
I0918 22:20:44.961629 52382 replica.cpp:664] Replica learned APPEND action at position 3
I0918 22:20:44.963131 52368 registrar.cpp:486] Successfully updated the 'registry' in 46.188032ms
I0918 22:20:44.963274 52381 log.cpp:704] Attempting to truncate the log to 3
I0918 22:20:44.963397 52381 coordinator.cpp:341] Coordinator attempting to write TRUNCATE action at position 4
I0918 22:20:44.964776 52364 master.cpp:3888] Registered slave 20150918-222044-1740121354-58052-52360-S0 at slave(1)@10.37.184.103:58052 (smfd-bkq-03-sr4.devel.twitter.com) with cpus(*):2; mem(*):1024; disk(*):1024; ports(*):[31000-32000]
I0918 22:20:44.965095 52384 hierarchical.hpp:612] Added slave 20150918-222044-1740121354-58052-52360-S0 (smfd-bkq-03-sr4.devel.twitter.com) with cpus(*):2; mem(*):1024; disk(*):1024; ports(*):[31000-32000] (allocated: )
I0918 22:20:44.965302 52371 replica.cpp:511] Replica received write request for position 4
I0918 22:20:44.965127 52376 slave.cpp:867] Registered with master master@10.37.184.103:58052; given slave ID 20150918-222044-1740121354-58052-52360-S0
I0918 22:20:44.965550 52369 status_update_manager.cpp:183] Resuming sending status updates
I0918 22:20:44.966028 52376 slave.cpp:926] Forwarding total oversubscribed resources 
I0918 22:20:44.966423 52367 master.cpp:4922] Sending 1 offers to framework 20150918-222044-1740121354-58052-52360-0000 (default) at scheduler-4806d03c-5062-4b50-b801-4393d3519b4c@10.37.184.103:58052
I0918 22:20:44.967005 52367 master.cpp:4230] Received update of slave 20150918-222044-1740121354-58052-52360-S0 at slave(1)@10.37.184.103:58052 (smfd-bkq-03-sr4.devel.twitter.com) with total oversubscribed resources 
I0918 22:20:44.967291 52367 hierarchical.hpp:672] Slave 20150918-222044-1740121354-58052-52360-S0 (smfd-bkq-03-sr4.devel.twitter.com) updated with oversubscribed resources  (total: cpus(*):2; mem(*):1024; disk(*):1024; ports(*):[31000-32000], allocated: cpus(*):2; mem(*):1024; disk(*):1024; ports(*):[31000-32000])
I0918 22:20:44.969511 52365 master.cpp:2882] Processing ACCEPT call for offers: [ 20150918-222044-1740121354-58052-52360-O0 ] on slave 20150918-222044-1740121354-58052-52360-S0 at slave(1)@10.37.184.103:58052 (smfd-bkq-03-sr4.devel.twitter.com) for framework 20150918-222044-1740121354-58052-52360-0000 (default) at scheduler-4806d03c-5062-4b50-b801-4393d3519b4c@10.37.184.103:58052
I0918 22:20:44.969631 52365 master.cpp:2684] Authorizing framework principal 'test-principal' to launch task 1 as user 'pbrett'
I0918 22:20:44.969915 52371 leveldb.cpp:343] Persisting action (16 bytes) to leveldb took 4.561227ms
I0918 22:20:44.969970 52371 replica.cpp:679] Persisted action at 4
I0918 22:20:44.971097 52377 replica.cpp:658] Replica received learned notice for position 4
W0918 22:20:44.971703 52365 validation.cpp:419] Executor default for task 1 uses less CPUs (None) than the minimum required (0.01). Please update your executor, as this will be mandatory in future releases.
W0918 22:20:44.971788 52365 validation.cpp:431] Executor default for task 1 uses less memory (None) than the minimum required (32MB). Please update your executor, as this will be mandatory in future releases.
I0918 22:20:44.972196 52365 master.hpp:176] Adding task 1 with resources cpus(*):2; mem(*):1024; disk(*):1024; ports(*):[31000-32000] on slave 20150918-222044-1740121354-58052-52360-S0 (smfd-bkq-03-sr4.devel.twitter.com)
I0918 22:20:44.972336 52365 master.cpp:3212] Launching task 1 of framework 20150918-222044-1740121354-58052-52360-0000 (default) at scheduler-4806d03c-5062-4b50-b801-4393d3519b4c@10.37.184.103:58052 with resources cpus(*):2; mem(*):1024; disk(*):1024; ports(*):[31000-32000] on slave 20150918-222044-1740121354-58052-52360-S0 at slave(1)@10.37.184.103:58052 (smfd-bkq-03-sr4.devel.twitter.com)
I0918 22:20:44.974261 52384 status_update_manager.cpp:176] Pausing sending status updates
I0918 22:20:44.974258 52362 slave.cpp:692] New master detected at master@10.37.184.103:58052
I0918 22:20:44.974468 52362 slave.cpp:755] Authenticating with master master@10.37.184.103:58052
I0918 22:20:44.974537 52362 slave.cpp:760] Using default CRAM-MD5 authenticatee
I0918 22:20:44.974704 52362 slave.cpp:728] Detecting new master
I0918 22:20:44.974730 52366 authenticatee.cpp:115] Creating new client SASL connection
I0918 22:20:44.975159 52361 master.cpp:5093] Authenticating slave(1)@10.37.184.103:58052
I0918 22:20:44.975584 52384 authenticator.cpp:92] Creating new server SASL connection
I0918 22:20:44.975742 52384 authenticatee.cpp:206] Received SASL authentication mechanisms: CRAM-MD5
I0918 22:20:44.975844 52384 authenticatee.cpp:232] Attempting to authenticate with mechanism 'CRAM-MD5'
I0918 22:20:44.975911 52384 authenticator.cpp:197] Received SASL authentication start
I0918 22:20:44.976025 52384 authenticator.cpp:319] Authentication requires more steps
I0918 22:20:44.976131 52384 authenticatee.cpp:252] Received SASL authentication step
I0918 22:20:44.976477 52365 authenticator.cpp:225] Received SASL authentication step
I0918 22:20:44.976542 52365 authenticator.cpp:311] Authentication success
I0918 22:20:44.976666 52383 authenticatee.cpp:292] Authentication success
I0918 22:20:44.976704 52382 master.cpp:5123] Successfully authenticated principal 'test-principal' at slave(1)@10.37.184.103:58052
I0918 22:20:44.977035 52384 slave.cpp:823] Successfully authenticated with master master@10.37.184.103:58052
I0918 22:20:44.977457 52376 master.cpp:3980] Re-registering slave 20150918-222044-1740121354-58052-52360-S0 at slave(1)@10.37.184.103:58052 (smfd-bkq-03-sr4.devel.twitter.com)
W0918 22:20:44.977857 52376 master.cpp:5190] Task 1 of framework 20150918-222044-1740121354-58052-52360-0000 unknown to the slave 20150918-222044-1740121354-58052-52360-S0 at slave(1)@10.37.184.103:58052 (smfd-bkq-03-sr4.devel.twitter.com) during re-registration: reconciling with the slave
I0918 22:20:44.978147 52377 leveldb.cpp:343] Persisting action (18 bytes) to leveldb took 6.961993ms
I0918 22:20:44.978262 52377 leveldb.cpp:401] Deleting ~2 keys from leveldb took 26959ns
I0918 22:20:44.978287 52377 replica.cpp:679] Persisted action at 4
I0918 22:20:44.978309 52377 replica.cpp:664] Replica learned TRUNCATE action at position 4
W0918 22:20:44.978338 52376 master.cpp:5272] Executor default of framework 20150918-222044-1740121354-58052-52360-0000 possibly unknown to the slave 20150918-222044-1740121354-58052-52360-S0 at slave(1)@10.37.184.103:58052 (smfd-bkq-03-sr4.devel.twitter.com)
I0918 22:20:44.978355 52369 slave.cpp:967] Re-registered with master master@10.37.184.103:58052
I0918 22:20:44.978458 52376 master.cpp:6122] Removing executor 'default' with resources  of framework 20150918-222044-1740121354-58052-52360-0000 on slave 20150918-222044-1740121354-58052-52360-S0 at slave(1)@10.37.184.103:58052 (smfd-bkq-03-sr4.devel.twitter.com)
I0918 22:20:44.978967 52364 status_update_manager.cpp:183] Resuming sending status updates
I0918 22:20:44.979017 52369 slave.cpp:1003] Forwarding total oversubscribed resources 
W0918 22:20:44.979184 52369 slave.cpp:1043] Slave reconciling task 1 of framework 20150918-222044-1740121354-58052-52360-0000 in state TASK_LOST: task unknown to the slave
I0918 22:20:44.979348 52376 master.cpp:4168] Sending updated checkpointed resources  to slave 20150918-222044-1740121354-58052-52360-S0 at slave(1)@10.37.184.103:58052 (smfd-bkq-03-sr4.devel.twitter.com)
I0918 22:20:44.979504 52376 master.cpp:4230] Received update of slave 20150918-222044-1740121354-58052-52360-S0 at slave(1)@10.37.184.103:58052 (smfd-bkq-03-sr4.devel.twitter.com) with total oversubscribed resources 
I0918 22:20:44.979703 52376 hierarchical.hpp:672] Slave 20150918-222044-1740121354-58052-52360-S0 (smfd-bkq-03-sr4.devel.twitter.com) updated with oversubscribed resources  (total: cpus(*):2; mem(*):1024; disk(*):1024; ports(*):[31000-32000], allocated: cpus(*):2; mem(*):1024; disk(*):1024; ports(*):[31000-32000])
I0918 22:20:44.981292 52372 status_update_manager.cpp:322] Received status update TASK_LOST (UUID: dafe369e-8871-4e72-af38-244f401a7cc5) for task 1 of framework 20150918-222044-1740121354-58052-52360-0000
I0918 22:20:44.981485 52369 slave.cpp:2235] Updated checkpointed resources from  to 
I0918 22:20:44.981972 52364 slave.cpp:3003] Forwarding the update TASK_LOST (UUID: dafe369e-8871-4e72-af38-244f401a7cc5) for task 1 of framework 20150918-222044-1740121354-58052-52360-0000 to master@10.37.184.103:58052
I0918 22:20:44.982866 52369 master.cpp:4370] Status update TASK_LOST (UUID: dafe369e-8871-4e72-af38-244f401a7cc5) for task 1 of framework 20150918-222044-1740121354-58052-52360-0000 from slave 20150918-222044-1740121354-58052-52360-S0 at slave(1)@10.37.184.103:58052 (smfd-bkq-03-sr4.devel.twitter.com)
I0918 22:20:44.983003 52369 master.cpp:4409] Forwarding status update TASK_LOST (UUID: dafe369e-8871-4e72-af38-244f401a7cc5) for task 1 of framework 20150918-222044-1740121354-58052-52360-0000
I0918 22:20:44.983652 52369 master.cpp:6025] Updating the latest state of task 1 of framework 20150918-222044-1740121354-58052-52360-0000 to TASK_LOST
I0918 22:20:44.984040 52383 hierarchical.hpp:954] Recovered cpus(*):2; mem(*):1024; disk(*):1024; ports(*):[31000-32000] (total: cpus(*):2; mem(*):1024; disk(*):1024; ports(*):[31000-32000], allocated: ) on slave 20150918-222044-1740121354-58052-52360-S0 from framework 20150918-222044-1740121354-58052-52360-0000
I0918 22:20:44.984571 52369 master.cpp:6093] Removing task 1 with resources cpus(*):2; mem(*):1024; disk(*):1024; ports(*):[31000-32000] of framework 20150918-222044-1740121354-58052-52360-0000 on slave 20150918-222044-1740121354-58052-52360-S0 at slave(1)@10.37.184.103:58052 (smfd-bkq-03-sr4.devel.twitter.com)
I0918 22:20:44.984779 52369 master.cpp:3564] Processing ACKNOWLEDGE call dafe369e-8871-4e72-af38-244f401a7cc5 for task 1 of framework 20150918-222044-1740121354-58052-52360-0000 (default) at scheduler-4806d03c-5062-4b50-b801-4393d3519b4c@10.37.184.103:58052 on slave 20150918-222044-1740121354-58052-52360-S0
I0918 22:20:44.985316 52369 status_update_manager.cpp:394] Received status update acknowledgement (UUID: dafe369e-8871-4e72-af38-244f401a7cc5) for task 1 of framework 20150918-222044-1740121354-58052-52360-0000
E0918 22:20:44.985707 52380 slave.cpp:2317] Status update acknowledgement (UUID: dafe369e-8871-4e72-af38-244f401a7cc5) for task 1 of unknown framework 20150918-222044-1740121354-58052-52360-0000
I0918 22:20:45.011001 52360 sched.cpp:1754] Asked to stop the driver
I0918 22:20:45.011126 52360 master.cpp:923] Master terminating
I0918 22:20:45.011196 52375 sched.cpp:1040] Stopping framework '20150918-222044-1740121354-58052-52360-0000'
I0918 22:20:45.011323 52367 hierarchical.hpp:643] Removed slave 20150918-222044-1740121354-58052-52360-S0
I0918 22:20:45.011409 52367 hierarchical.hpp:490] Removed framework 20150918-222044-1740121354-58052-52360-0000
I0918 22:20:45.012255 52368 slave.cpp:3171] master@10.37.184.103:58052 exited
W0918 22:20:45.012415 52368 slave.cpp:3174] Master disconnected! Waiting for a new master to be elected
I0918 22:20:45.019243 52382 slave.cpp:572] Slave terminating
[       OK ] MasterSlaveReconciliationTest.ReconcileLostTask (513 ms)
[----------] 1 test from MasterSlaveReconciliationTest (513 ms total)

[----------] Global test environment tear-down
[==========] 1 test from 1 test case ran. (532 ms total)
[  PASSED  ] 1 test.

{code}

Tested HEAD on Centos6 (original reporting platform) with no errors.  

{code}
[----------] 1 test from MasterSlaveReconciliationTest
[ RUN      ] MasterSlaveReconciliationTest.ReconcileLostTask
Using temporary directory '/tmp/MasterSlaveReconciliationTest_ReconcileLostTask_i61HPI'
I0921 16:38:36.016902 51925 leveldb.cpp:176] Opened db in 73.30966ms
I0921 16:38:36.023943 51925 leveldb.cpp:183] Compacted db in 6.963667ms
I0921 16:38:36.024034 51925 leveldb.cpp:198] Created db iterator in 48856ns
I0921 16:38:36.024061 51925 leveldb.cpp:204] Seeked to beginning of db in 3684ns
I0921 16:38:36.024077 51925 leveldb.cpp:273] Iterated through 0 keys in the db in 337ns
I0921 16:38:36.024189 51925 replica.cpp:744] Replica recovered with log positions 0 -> 0 with 1 holes and 0 unlearned
I0921 16:38:36.025542 51935 recover.cpp:449] Starting replica recovery
I0921 16:38:36.026080 51935 recover.cpp:475] Replica is in EMPTY status
I0921 16:38:36.028053 51930 master.cpp:380] Master 20150921-163836-2081170186-40941-51925 (smfd-aki-27-sr1.devel.twitter.com) started on 10.35.12.124:40941
I0921 16:38:36.028286 51934 replica.cpp:641] Replica in EMPTY status received a broadcasted recover request
I0921 16:38:36.028094 51930 master.cpp:382] Flags at startup: --acls="" --allocation_interval="1secs" --allocator="HierarchicalDRF" --authenticate="true" --authenticate_slaves="true" --authenticators="crammd5" --authorizers="local" --credentials="/tmp/MasterSlaveReconciliationTest_ReconcileLostTask_i61HPI/credentials" --framework_sorter="drf" --help="false" --initialize_driver_logging="true" --log_auto_initialize="true" --logbufsecs="0" --logging_level="INFO" --max_slave_ping_timeouts="5" --quiet="false" --recovery_slave_removal_limit="100%" --registry="replicated_log" --registry_fetch_timeout="1mins" --registry_store_timeout="25secs" --registry_strict="true" --root_submissions="true" --slave_ping_timeout="15secs" --slave_reregister_timeout="10mins" --user_sorter="drf" --version="false" --webui_dir="/usr/local/share/mesos/webui" --work_dir="/tmp/MasterSlaveReconciliationTest_ReconcileLostTask_i61HPI/master" --zk_session_timeout="10secs"
I0921 16:38:36.029104 51930 master.cpp:427] Master only allowing authenticated frameworks to register
I0921 16:38:36.029132 51930 master.cpp:432] Master only allowing authenticated slaves to register
I0921 16:38:36.029155 51930 credentials.hpp:37] Loading credentials for authentication from '/tmp/MasterSlaveReconciliationTest_ReconcileLostTask_i61HPI/credentials'
I0921 16:38:36.029250 51936 recover.cpp:195] Received a recover response from a replica in EMPTY status
I0921 16:38:36.029738 51930 master.cpp:471] Using default 'crammd5' authenticator
I0921 16:38:36.029908 51930 authenticator.cpp:512] Initializing server SASL
I0921 16:38:36.029947 51940 recover.cpp:566] Updating replica status to STARTING
I0921 16:38:36.030782 51930 master.cpp:508] Authorization enabled
I0921 16:38:36.036074 51926 master.cpp:1607] The newly elected leader is master@10.35.12.124:40941 with id 20150921-163836-2081170186-40941-51925
I0921 16:38:36.036110 51926 master.cpp:1620] Elected as the leading master!
I0921 16:38:36.036145 51926 master.cpp:1380] Recovering from registrar
I0921 16:38:36.036335 51930 registrar.cpp:309] Recovering registrar
I0921 16:38:36.067191 51938 leveldb.cpp:306] Persisting metadata (8 bytes) to leveldb took 36.988836ms
I0921 16:38:36.067246 51938 replica.cpp:323] Persisted replica status to STARTING
I0921 16:38:36.067517 51938 recover.cpp:475] Replica is in STARTING status
I0921 16:38:36.068230 51936 replica.cpp:641] Replica in STARTING status received a broadcasted recover request
I0921 16:38:36.068429 51928 recover.cpp:195] Received a recover response from a replica in STARTING status
I0921 16:38:36.068729 51927 recover.cpp:566] Updating replica status to VOTING
I0921 16:38:36.074915 51940 leveldb.cpp:306] Persisting metadata (8 bytes) to leveldb took 6.095154ms
I0921 16:38:36.074942 51940 replica.cpp:323] Persisted replica status to VOTING
I0921 16:38:36.075021 51936 recover.cpp:580] Successfully joined the Paxos group
I0921 16:38:36.075228 51936 recover.cpp:464] Recover process terminated
I0921 16:38:36.075657 51926 log.cpp:661] Attempting to start the writer
I0921 16:38:36.077828 51927 replica.cpp:477] Replica received implicit promise request with proposal 1
I0921 16:38:36.091645 51927 leveldb.cpp:306] Persisting metadata (8 bytes) to leveldb took 13.779849ms
I0921 16:38:36.091686 51927 replica.cpp:345] Persisted promised to 1
I0921 16:38:36.092543 51934 coordinator.cpp:231] Coordinator attemping to fill missing position
I0921 16:38:36.094199 51939 replica.cpp:378] Replica received explicit promise request for position 0 with proposal 2
I0921 16:38:36.108326 51939 leveldb.cpp:343] Persisting action (8 bytes) to leveldb took 14.047785ms
I0921 16:38:36.108397 51939 replica.cpp:679] Persisted action at 0
I0921 16:38:36.109861 51939 replica.cpp:511] Replica received write request for position 0
I0921 16:38:36.109940 51939 leveldb.cpp:438] Reading position from leveldb took 43334ns
I0921 16:38:36.124960 51939 leveldb.cpp:343] Persisting action (14 bytes) to leveldb took 14.940454ms
I0921 16:38:36.125012 51939 replica.cpp:679] Persisted action at 0
I0921 16:38:36.125648 51931 replica.cpp:658] Replica received learned notice for position 0
I0921 16:38:36.133239 51931 leveldb.cpp:343] Persisting action (16 bytes) to leveldb took 7.54664ms
I0921 16:38:36.133275 51931 replica.cpp:679] Persisted action at 0
I0921 16:38:36.133297 51931 replica.cpp:664] Replica learned NOP action at position 0
I0921 16:38:36.133939 51928 log.cpp:677] Writer started with ending position 0
I0921 16:38:36.136015 51937 leveldb.cpp:438] Reading position from leveldb took 23416ns
I0921 16:38:36.138980 51930 registrar.cpp:342] Successfully fetched the registry (0B) in 102.578944ms
I0921 16:38:36.139200 51930 registrar.cpp:441] Applied 1 operations in 66844ns; attempting to update the 'registry'
I0921 16:38:36.141839 51929 log.cpp:685] Attempting to append 220 bytes to the log
I0921 16:38:36.141976 51935 coordinator.cpp:341] Coordinator attempting to write APPEND action at position 1
I0921 16:38:36.142660 51931 replica.cpp:511] Replica received write request for position 1
I0921 16:38:36.149888 51931 leveldb.cpp:343] Persisting action (239 bytes) to leveldb took 7.193497ms
I0921 16:38:36.149919 51931 replica.cpp:679] Persisted action at 1
I0921 16:38:36.150519 51928 replica.cpp:658] Replica received learned notice for position 1
I0921 16:38:36.158231 51928 leveldb.cpp:343] Persisting action (241 bytes) to leveldb took 7.652904ms
I0921 16:38:36.158263 51928 replica.cpp:679] Persisted action at 1
I0921 16:38:36.158284 51928 replica.cpp:664] Replica learned APPEND action at position 1
I0921 16:38:36.159554 51932 registrar.cpp:486] Successfully updated the 'registry' in 20.20864ms
I0921 16:38:36.159734 51932 registrar.cpp:372] Successfully recovered registrar
I0921 16:38:36.159831 51935 log.cpp:704] Attempting to truncate the log to 1
I0921 16:38:36.159970 51930 coordinator.cpp:341] Coordinator attempting to write TRUNCATE action at position 2
I0921 16:38:36.160154 51935 master.cpp:1417] Recovered 0 slaves from the Registry (181B) ; allowing 10mins for slaves to re-register
I0921 16:38:36.160848 51940 replica.cpp:511] Replica received write request for position 2
I0921 16:38:36.174944 51940 leveldb.cpp:343] Persisting action (16 bytes) to leveldb took 14.053198ms
I0921 16:38:36.174983 51940 replica.cpp:679] Persisted action at 2
I0921 16:38:36.175683 51934 replica.cpp:658] Replica received learned notice for position 2
I0921 16:38:36.183202 51934 leveldb.cpp:343] Persisting action (18 bytes) to leveldb took 7.474068ms
I0921 16:38:36.183270 51934 leveldb.cpp:401] Deleting ~1 keys from leveldb took 34790ns
I0921 16:38:36.183295 51934 replica.cpp:679] Persisted action at 2
I0921 16:38:36.183320 51934 replica.cpp:664] Replica learned TRUNCATE action at position 2
I0921 16:38:36.195276 51925 containerizer.cpp:143] Using isolation: posix/cpu,posix/mem,filesystem/posix
W0921 16:38:36.195854 51925 backend.cpp:50] Failed to create 'bind' backend: BindBackend requires root privileges
I0921 16:38:36.198113 51928 slave.cpp:190] Slave started on 1)@10.35.12.124:40941
I0921 16:38:36.198137 51928 slave.cpp:191] Flags at startup: --appc_store_dir="/tmp/mesos/store/appc" --authenticatee="crammd5" --cgroups_cpu_enable_pids_and_tids_count="false" --cgroups_enable_cfs="false" --cgroups_hierarchy="/sys/fs/cgroup" --cgroups_limit_swap="false" --cgroups_root="mesos" --container_disk_watch_interval="15secs" --containerizers="mesos" --credential="/tmp/MasterSlaveReconciliationTest_ReconcileLostTask_B3934d/credential" --default_role="*" --disk_watch_interval="1mins" --docker="docker" --docker_kill_orphans="true" --docker_remove_delay="6hrs" --docker_socket="/var/run/docker.sock" --docker_stop_timeout="0ns" --enforce_container_disk_quota="false" --executor_registration_timeout="1mins" --executor_shutdown_grace_period="5secs" --fetcher_cache_dir="/tmp/MasterSlaveReconciliationTest_ReconcileLostTask_B3934d/fetch" --fetcher_cache_size="2GB" --frameworks_home="" --gc_delay="1weeks" --gc_disk_headroom="0.1" --hadoop_home="" --help="false" --image_provisioner_backend="copy" --initialize_driver_logging="true" --isolation="posix/cpu,posix/mem" --launcher_dir="/home/pbrett/sandbox/ReconcileLostTask/build/src" --logbufsecs="0" --logging_level="INFO" --oversubscribed_resources_interval="15secs" --perf_duration="10secs" --perf_interval="1mins" --qos_correction_interval_min="0ns" --quiet="false" --recover="reconnect" --recovery_timeout="15mins" --registration_backoff_factor="10ms" --resource_monitoring_interval="1secs" --resources="cpus:2;mem:1024;disk:1024;ports:[31000-32000]" --revocable_cpu_low_priority="true" --sandbox_directory="/mnt/mesos/sandbox" --strict="true" --switch_user="true" --version="false" --work_dir="/tmp/MasterSlaveReconciliationTest_ReconcileLostTask_B3934d"
I0921 16:38:36.198485 51928 credentials.hpp:85] Loading credential for authentication from '/tmp/MasterSlaveReconciliationTest_ReconcileLostTask_B3934d/credential'
I0921 16:38:36.198698 51928 slave.cpp:321] Slave using credential for: test-principal
I0921 16:38:36.199193 51928 slave.cpp:354] Slave resources: cpus(*):2; mem(*):1024; disk(*):1024; ports(*):[31000-32000]
I0921 16:38:36.199586 51928 slave.cpp:384] Slave hostname: smfd-aki-27-sr1.devel.twitter.com
I0921 16:38:36.199605 51928 slave.cpp:389] Slave checkpoint: true
I0921 16:38:36.200530 51925 sched.cpp:164] Version: 0.25.0
I0921 16:38:36.201567 51930 state.cpp:54] Recovering state from '/tmp/MasterSlaveReconciliationTest_ReconcileLostTask_B3934d/meta'
I0921 16:38:36.201756 51928 sched.cpp:262] New master detected at master@10.35.12.124:40941
I0921 16:38:36.201882 51928 sched.cpp:318] Authenticating with master master@10.35.12.124:40941
I0921 16:38:36.201908 51928 sched.cpp:325] Using default CRAM-MD5 authenticatee
I0921 16:38:36.201999 51931 status_update_manager.cpp:202] Recovering status update manager
I0921 16:38:36.202199 51929 containerizer.cpp:371] Recovering containerizer
I0921 16:38:36.202282 51937 authenticatee.cpp:91] Initializing client SASL
I0921 16:38:36.202446 51937 authenticatee.cpp:115] Creating new client SASL connection
I0921 16:38:36.202755 51941 master.cpp:5093] Authenticating scheduler-85b55951-47cb-4341-a79d-c788f7b6e50c@10.35.12.124:40941
I0921 16:38:36.203155 51930 authenticator.cpp:92] Creating new server SASL connection
I0921 16:38:36.203384 51927 authenticatee.cpp:206] Received SASL authentication mechanisms: CRAM-MD5
I0921 16:38:36.203423 51927 authenticatee.cpp:232] Attempting to authenticate with mechanism 'CRAM-MD5'
I0921 16:38:36.203476 51934 slave.cpp:4097] Finished recovery
I0921 16:38:36.203538 51940 authenticator.cpp:197] Received SASL authentication start
I0921 16:38:36.203615 51940 authenticator.cpp:319] Authentication requires more steps
I0921 16:38:36.203709 51940 authenticatee.cpp:252] Received SASL authentication step
I0921 16:38:36.203856 51936 authenticator.cpp:225] Received SASL authentication step
I0921 16:38:36.204020 51936 authenticator.cpp:311] Authentication success
I0921 16:38:36.204104 51935 authenticatee.cpp:292] Authentication success
I0921 16:38:36.204229 51930 master.cpp:5123] Successfully authenticated principal 'test-principal' at scheduler-85b55951-47cb-4341-a79d-c788f7b6e50c@10.35.12.124:40941
I0921 16:38:36.204304 51926 status_update_manager.cpp:176] Pausing sending status updates
I0921 16:38:36.204331 51934 slave.cpp:692] New master detected at master@10.35.12.124:40941
I0921 16:38:36.204391 51934 slave.cpp:755] Authenticating with master master@10.35.12.124:40941
I0921 16:38:36.204401 51931 sched.cpp:407] Successfully authenticated with master master@10.35.12.124:40941
I0921 16:38:36.204440 51934 slave.cpp:760] Using default CRAM-MD5 authenticatee
I0921 16:38:36.204586 51939 authenticatee.cpp:115] Creating new client SASL connection
I0921 16:38:36.204587 51934 slave.cpp:728] Detecting new master
I0921 16:38:36.204762 51933 master.cpp:2176] Received SUBSCRIBE call for framework 'default' at scheduler-85b55951-47cb-4341-a79d-c788f7b6e50c@10.35.12.124:40941
I0921 16:38:36.204862 51933 master.cpp:1646] Authorizing framework principal 'test-principal' to receive offers for role '*'
I0921 16:38:36.205073 51933 master.cpp:5093] Authenticating slave(1)@10.35.12.124:40941
I0921 16:38:36.205240 51934 master.cpp:2246] Subscribing framework default with checkpointing disabled and capabilities [  ]
I0921 16:38:36.205256 51932 authenticator.cpp:92] Creating new server SASL connection
I0921 16:38:36.205390 51939 authenticatee.cpp:206] Received SASL authentication mechanisms: CRAM-MD5
I0921 16:38:36.205416 51939 authenticatee.cpp:232] Attempting to authenticate with mechanism 'CRAM-MD5'
I0921 16:38:36.205481 51939 authenticator.cpp:197] Received SASL authentication start
I0921 16:38:36.205530 51939 authenticator.cpp:319] Authentication requires more steps
I0921 16:38:36.205584 51939 authenticatee.cpp:252] Received SASL authentication step
I0921 16:38:36.205663 51940 authenticator.cpp:225] Received SASL authentication step
I0921 16:38:36.205727 51935 hierarchical.hpp:453] Added framework 20150921-163836-2081170186-40941-51925-0000
I0921 16:38:36.205732 51940 authenticator.cpp:311] Authentication success
I0921 16:38:36.205821 51935 authenticatee.cpp:292] Authentication success
I0921 16:38:36.205967 51934 master.cpp:5123] Successfully authenticated principal 'test-principal' at slave(1)@10.35.12.124:40941
I0921 16:38:36.206037 51928 sched.cpp:641] Framework registered with 20150921-163836-2081170186-40941-51925-0000
I0921 16:38:36.206204 51926 slave.cpp:823] Successfully authenticated with master master@10.35.12.124:40941
I0921 16:38:36.206598 51932 master.cpp:3820] Registering slave at slave(1)@10.35.12.124:40941 (smfd-aki-27-sr1.devel.twitter.com) with id 20150921-163836-2081170186-40941-51925-S0
I0921 16:38:36.207165 51927 registrar.cpp:441] Applied 1 operations in 50275ns; attempting to update the 'registry'
I0921 16:38:36.209272 51932 log.cpp:685] Attempting to append 412 bytes to the log
I0921 16:38:36.209419 51935 coordinator.cpp:341] Coordinator attempting to write APPEND action at position 3
I0921 16:38:36.210120 51930 replica.cpp:511] Replica received write request for position 3
I0921 16:38:36.223966 51927 master.cpp:3808] Ignoring register slave message from slave(1)@10.35.12.124:40941 (smfd-aki-27-sr1.devel.twitter.com) as admission is already in progress
I0921 16:38:36.224921 51930 leveldb.cpp:343] Persisting action (431 bytes) to leveldb took 14.753445ms
I0921 16:38:36.224973 51930 replica.cpp:679] Persisted action at 3
I0921 16:38:36.225810 51930 replica.cpp:658] Replica received learned notice for position 3
I0921 16:38:36.233645 51934 master.cpp:3808] Ignoring register slave message from slave(1)@10.35.12.124:40941 (smfd-aki-27-sr1.devel.twitter.com) as admission is already in progress
I0921 16:38:36.241570 51930 leveldb.cpp:343] Persisting action (433 bytes) to leveldb took 15.721842ms
I0921 16:38:36.241621 51930 replica.cpp:679] Persisted action at 3
I0921 16:38:36.241652 51930 replica.cpp:664] Replica learned APPEND action at position 3
I0921 16:38:36.242514 51939 registrar.cpp:486] Successfully updated the 'registry' in 35.27296ms
I0921 16:38:36.242655 51931 log.cpp:704] Attempting to truncate the log to 3
I0921 16:38:36.242764 51927 coordinator.cpp:341] Coordinator attempting to write TRUNCATE action at position 4
I0921 16:38:36.243228 51932 replica.cpp:511] Replica received write request for position 4
I0921 16:38:36.243573 51935 master.cpp:3888] Registered slave 20150921-163836-2081170186-40941-51925-S0 at slave(1)@10.35.12.124:40941 (smfd-aki-27-sr1.devel.twitter.com) with cpus(*):2; mem(*):1024; disk(*):1024; ports(*):[31000-32000]
I0921 16:38:36.243643 51939 slave.cpp:867] Registered with master master@10.35.12.124:40941; given slave ID 20150921-163836-2081170186-40941-51925-S0
I0921 16:38:36.243677 51928 hierarchical.hpp:612] Added slave 20150921-163836-2081170186-40941-51925-S0 (smfd-aki-27-sr1.devel.twitter.com) with cpus(*):2; mem(*):1024; disk(*):1024; ports(*):[31000-32000] (allocated: )
I0921 16:38:36.243784 51936 status_update_manager.cpp:183] Resuming sending status updates
I0921 16:38:36.244145 51939 slave.cpp:926] Forwarding total oversubscribed resources 
I0921 16:38:36.244601 51934 master.cpp:4922] Sending 1 offers to framework 20150921-163836-2081170186-40941-51925-0000 (default) at scheduler-85b55951-47cb-4341-a79d-c788f7b6e50c@10.35.12.124:40941
I0921 16:38:36.244801 51934 master.cpp:4230] Received update of slave 20150921-163836-2081170186-40941-51925-S0 at slave(1)@10.35.12.124:40941 (smfd-aki-27-sr1.devel.twitter.com) with total oversubscribed resources 
I0921 16:38:36.245054 51934 hierarchical.hpp:672] Slave 20150921-163836-2081170186-40941-51925-S0 (smfd-aki-27-sr1.devel.twitter.com) updated with oversubscribed resources  (total: cpus(*):2; mem(*):1024; disk(*):1024; ports(*):[31000-32000], allocated: cpus(*):2; mem(*):1024; disk(*):1024; ports(*):[31000-32000])
I0921 16:38:36.246901 51930 master.cpp:2882] Processing ACCEPT call for offers: [ 20150921-163836-2081170186-40941-51925-O0 ] on slave 20150921-163836-2081170186-40941-51925-S0 at slave(1)@10.35.12.124:40941 (smfd-aki-27-sr1.devel.twitter.com) for framework 20150921-163836-2081170186-40941-51925-0000 (default) at scheduler-85b55951-47cb-4341-a79d-c788f7b6e50c@10.35.12.124:40941
I0921 16:38:36.246953 51930 master.cpp:2684] Authorizing framework principal 'test-principal' to launch task 1 as user 'pbrett'
W0921 16:38:36.248419 51930 validation.cpp:419] Executor default for task 1 uses less CPUs (None) than the minimum required (0.01). Please update your executor, as this will be mandatory in future releases.
W0921 16:38:36.248462 51930 validation.cpp:431] Executor default for task 1 uses less memory (None) than the minimum required (32MB). Please update your executor, as this will be mandatory in future releases.
I0921 16:38:36.248839 51930 master.hpp:176] Adding task 1 with resources cpus(*):2; mem(*):1024; disk(*):1024; ports(*):[31000-32000] on slave 20150921-163836-2081170186-40941-51925-S0 (smfd-aki-27-sr1.devel.twitter.com)
I0921 16:38:36.248945 51930 master.cpp:3212] Launching task 1 of framework 20150921-163836-2081170186-40941-51925-0000 (default) at scheduler-85b55951-47cb-4341-a79d-c788f7b6e50c@10.35.12.124:40941 with resources cpus(*):2; mem(*):1024; disk(*):1024; ports(*):[31000-32000] on slave 20150921-163836-2081170186-40941-51925-S0 at slave(1)@10.35.12.124:40941 (smfd-aki-27-sr1.devel.twitter.com)
I0921 16:38:36.250377 51939 status_update_manager.cpp:176] Pausing sending status updates
I0921 16:38:36.250411 51938 slave.cpp:692] New master detected at master@10.35.12.124:40941
I0921 16:38:36.250484 51938 slave.cpp:755] Authenticating with master master@10.35.12.124:40941
I0921 16:38:36.250572 51938 slave.cpp:760] Using default CRAM-MD5 authenticatee
I0921 16:38:36.250666 51938 slave.cpp:728] Detecting new master
I0921 16:38:36.250751 51935 authenticatee.cpp:115] Creating new client SASL connection
I0921 16:38:36.250994 51936 master.cpp:5093] Authenticating slave(1)@10.35.12.124:40941
I0921 16:38:36.251257 51933 authenticator.cpp:92] Creating new server SASL connection
I0921 16:38:36.251384 51933 authenticatee.cpp:206] Received SASL authentication mechanisms: CRAM-MD5
I0921 16:38:36.251402 51933 authenticatee.cpp:232] Attempting to authenticate with mechanism 'CRAM-MD5'
I0921 16:38:36.251456 51933 authenticator.cpp:197] Received SASL authentication start
I0921 16:38:36.251539 51933 authenticator.cpp:319] Authentication requires more steps
I0921 16:38:36.251909 51941 authenticatee.cpp:252] Received SASL authentication step
I0921 16:38:36.252017 51930 authenticator.cpp:225] Received SASL authentication step
I0921 16:38:36.252068 51930 authenticator.cpp:311] Authentication success
I0921 16:38:36.252164 51936 authenticatee.cpp:292] Authentication success
I0921 16:38:36.252238 51930 master.cpp:5123] Successfully authenticated principal 'test-principal' at slave(1)@10.35.12.124:40941
I0921 16:38:36.252478 51928 slave.cpp:823] Successfully authenticated with master master@10.35.12.124:40941
I0921 16:38:36.252840 51928 master.cpp:3980] Re-registering slave 20150921-163836-2081170186-40941-51925-S0 at slave(1)@10.35.12.124:40941 (smfd-aki-27-sr1.devel.twitter.com)
W0921 16:38:36.253078 51928 master.cpp:5190] Task 1 of framework 20150921-163836-2081170186-40941-51925-0000 unknown to the slave 20150921-163836-2081170186-40941-51925-S0 at slave(1)@10.35.12.124:40941 (smfd-aki-27-sr1.devel.twitter.com) during re-registration: reconciling with the slave
W0921 16:38:36.253456 51928 master.cpp:5272] Executor default of framework 20150921-163836-2081170186-40941-51925-0000 possibly unknown to the slave 20150921-163836-2081170186-40941-51925-S0 at slave(1)@10.35.12.124:40941 (smfd-aki-27-sr1.devel.twitter.com)
I0921 16:38:36.253540 51928 master.cpp:6122] Removing executor 'default' with resources  of framework 20150921-163836-2081170186-40941-51925-0000 on slave 20150921-163836-2081170186-40941-51925-S0 at slave(1)@10.35.12.124:40941 (smfd-aki-27-sr1.devel.twitter.com)
I0921 16:38:36.253597 51926 slave.cpp:967] Re-registered with master master@10.35.12.124:40941
I0921 16:38:36.253846 51930 status_update_manager.cpp:183] Resuming sending status updates
I0921 16:38:36.253854 51926 slave.cpp:1003] Forwarding total oversubscribed resources 
W0921 16:38:36.253988 51926 slave.cpp:1043] Slave reconciling task 1 of framework 20150921-163836-2081170186-40941-51925-0000 in state TASK_LOST: task unknown to the slave
I0921 16:38:36.254001 51928 master.cpp:4168] Sending updated checkpointed resources  to slave 20150921-163836-2081170186-40941-51925-S0 at slave(1)@10.35.12.124:40941 (smfd-aki-27-sr1.devel.twitter.com)
I0921 16:38:36.254112 51928 master.cpp:4230] Received update of slave 20150921-163836-2081170186-40941-51925-S0 at slave(1)@10.35.12.124:40941 (smfd-aki-27-sr1.devel.twitter.com) with total oversubscribed resources 
I0921 16:38:36.254277 51928 hierarchical.hpp:672] Slave 20150921-163836-2081170186-40941-51925-S0 (smfd-aki-27-sr1.devel.twitter.com) updated with oversubscribed resources  (total: cpus(*):2; mem(*):1024; disk(*):1024; ports(*):[31000-32000], allocated: cpus(*):2; mem(*):1024; disk(*):1024; ports(*):[31000-32000])
I0921 16:38:36.255731 51930 status_update_manager.cpp:322] Received status update TASK_LOST (UUID: a26af6b1-436e-49ef-93c2-fcd5aa7b43f1) for task 1 of framework 20150921-163836-2081170186-40941-51925-0000
I0921 16:38:36.255939 51926 slave.cpp:2235] Updated checkpointed resources from  to 
I0921 16:38:36.256299 51941 slave.cpp:3003] Forwarding the update TASK_LOST (UUID: a26af6b1-436e-49ef-93c2-fcd5aa7b43f1) for task 1 of framework 20150921-163836-2081170186-40941-51925-0000 to master@10.35.12.124:40941
I0921 16:38:36.256809 51937 master.cpp:4370] Status update TASK_LOST (UUID: a26af6b1-436e-49ef-93c2-fcd5aa7b43f1) for task 1 of framework 20150921-163836-2081170186-40941-51925-0000 from slave 20150921-163836-2081170186-40941-51925-S0 at slave(1)@10.35.12.124:40941 (smfd-aki-27-sr1.devel.twitter.com)
I0921 16:38:36.256863 51937 master.cpp:4409] Forwarding status update TASK_LOST (UUID: a26af6b1-436e-49ef-93c2-fcd5aa7b43f1) for task 1 of framework 20150921-163836-2081170186-40941-51925-0000
I0921 16:38:36.256978 51937 master.cpp:6025] Updating the latest state of task 1 of framework 20150921-163836-2081170186-40941-51925-0000 to TASK_LOST
I0921 16:38:36.257249 51930 hierarchical.hpp:954] Recovered cpus(*):2; mem(*):1024; disk(*):1024; ports(*):[31000-32000] (total: cpus(*):2; mem(*):1024; disk(*):1024; ports(*):[31000-32000], allocated: ) on slave 20150921-163836-2081170186-40941-51925-S0 from framework 20150921-163836-2081170186-40941-51925-0000
I0921 16:38:36.257642 51937 master.cpp:6093] Removing task 1 with resources cpus(*):2; mem(*):1024; disk(*):1024; ports(*):[31000-32000] of framework 20150921-163836-2081170186-40941-51925-0000 on slave 20150921-163836-2081170186-40941-51925-S0 at slave(1)@10.35.12.124:40941 (smfd-aki-27-sr1.devel.twitter.com)
I0921 16:38:36.257802 51937 master.cpp:3564] Processing ACKNOWLEDGE call a26af6b1-436e-49ef-93c2-fcd5aa7b43f1 for task 1 of framework 20150921-163836-2081170186-40941-51925-0000 (default) at scheduler-85b55951-47cb-4341-a79d-c788f7b6e50c@10.35.12.124:40941 on slave 20150921-163836-2081170186-40941-51925-S0
I0921 16:38:36.258133 51930 status_update_manager.cpp:394] Received status update acknowledgement (UUID: a26af6b1-436e-49ef-93c2-fcd5aa7b43f1) for task 1 of framework 20150921-163836-2081170186-40941-51925-0000
I0921 16:38:36.258214 51932 leveldb.cpp:343] Persisting action (16 bytes) to leveldb took 14.936782ms
I0921 16:38:36.258255 51932 replica.cpp:679] Persisted action at 4
E0921 16:38:36.258563 51940 slave.cpp:2317] Status update acknowledgement (UUID: a26af6b1-436e-49ef-93c2-fcd5aa7b43f1) for task 1 of unknown framework 20150921-163836-2081170186-40941-51925-0000
I0921 16:38:36.258725 51926 replica.cpp:658] Replica received learned notice for position 4
I0921 16:38:36.266546 51926 leveldb.cpp:343] Persisting action (18 bytes) to leveldb took 7.772502ms
I0921 16:38:36.266620 51926 leveldb.cpp:401] Deleting ~2 keys from leveldb took 33037ns
I0921 16:38:36.266646 51926 replica.cpp:679] Persisted action at 4
I0921 16:38:36.266669 51926 replica.cpp:664] Replica learned TRUNCATE action at position 4
I0921 16:38:36.280352 51925 sched.cpp:1754] Asked to stop the driver
I0921 16:38:36.280436 51925 master.cpp:923] Master terminating
I0921 16:38:36.280484 51928 sched.cpp:1040] Stopping framework '20150921-163836-2081170186-40941-51925-0000'
I0921 16:38:36.280661 51937 hierarchical.hpp:643] Removed slave 20150921-163836-2081170186-40941-51925-S0
I0921 16:38:36.280894 51927 hierarchical.hpp:490] Removed framework 20150921-163836-2081170186-40941-51925-0000
I0921 16:38:36.281198 51927 slave.cpp:3171] master@10.35.12.124:40941 exited
W0921 16:38:36.281231 51927 slave.cpp:3174] Master disconnected! Waiting for a new master to be elected
I0921 16:38:36.285024 51926 slave.cpp:572] Slave terminating
[       OK ] MasterSlaveReconciliationTest.ReconcileLostTask (350 ms)
[----------] 1 test from MasterSlaveReconciliationTest (350 ms total)

[----------] Global test environment tear-down
[==========] 1 test from 1 test case ran. (366 ms total)
[  PASSED  ] 1 test.
{code}

Tested HEAD on Centos6 (original reporting platform) with no errors.  

{code}
[----------] 1 test from MasterSlaveReconciliationTest
[ RUN      ] MasterSlaveReconciliationTest.ReconcileLostTask
Using temporary directory '/tmp/MasterSlaveReconciliationTest_ReconcileLostTask_i61HPI'
I0921 16:38:36.016902 51925 leveldb.cpp:176] Opened db in 73.30966ms
I0921 16:38:36.023943 51925 leveldb.cpp:183] Compacted db in 6.963667ms
I0921 16:38:36.024034 51925 leveldb.cpp:198] Created db iterator in 48856ns
I0921 16:38:36.024061 51925 leveldb.cpp:204] Seeked to beginning of db in 3684ns
I0921 16:38:36.024077 51925 leveldb.cpp:273] Iterated through 0 keys in the db in 337ns
I0921 16:38:36.024189 51925 replica.cpp:744] Replica recovered with log positions 0 -> 0 with 1 holes and 0 unlearned
I0921 16:38:36.025542 51935 recover.cpp:449] Starting replica recovery
I0921 16:38:36.026080 51935 recover.cpp:475] Replica is in EMPTY status
I0921 16:38:36.028053 51930 master.cpp:380] Master 20150921-163836-2081170186-40941-51925 (smfd-aki-27-sr1.devel.twitter.com) started on 10.35.12.124:40941
I0921 16:38:36.028286 51934 replica.cpp:641] Replica in EMPTY status received a broadcasted recover request
I0921 16:38:36.028094 51930 master.cpp:382] Flags at startup: --acls="" --allocation_interval="1secs" --allocator="HierarchicalDRF" --authenticate="true" --authenticate_slaves="true" --authenticators="crammd5" --authorizers="local" --credentials="/tmp/MasterSlaveReconciliationTest_ReconcileLostTask_i61HPI/credentials" --framework_sorter="drf" --help="false" --initialize_driver_logging="true" --log_auto_initialize="true" --logbufsecs="0" --logging_level="INFO" --max_slave_ping_timeouts="5" --quiet="false" --recovery_slave_removal_limit="100%" --registry="replicated_log" --registry_fetch_timeout="1mins" --registry_store_timeout="25secs" --registry_strict="true" --root_submissions="true" --slave_ping_timeout="15secs" --slave_reregister_timeout="10mins" --user_sorter="drf" --version="false" --webui_dir="/usr/local/share/mesos/webui" --work_dir="/tmp/MasterSlaveReconciliationTest_ReconcileLostTask_i61HPI/master" --zk_session_timeout="10secs"
I0921 16:38:36.029104 51930 master.cpp:427] Master only allowing authenticated frameworks to register
I0921 16:38:36.029132 51930 master.cpp:432] Master only allowing authenticated slaves to register
I0921 16:38:36.029155 51930 credentials.hpp:37] Loading credentials for authentication from '/tmp/MasterSlaveReconciliationTest_ReconcileLostTask_i61HPI/credentials'
I0921 16:38:36.029250 51936 recover.cpp:195] Received a recover response from a replica in EMPTY status
I0921 16:38:36.029738 51930 master.cpp:471] Using default 'crammd5' authenticator
I0921 16:38:36.029908 51930 authenticator.cpp:512] Initializing server SASL
I0921 16:38:36.029947 51940 recover.cpp:566] Updating replica status to STARTING
I0921 16:38:36.030782 51930 master.cpp:508] Authorization enabled
I0921 16:38:36.036074 51926 master.cpp:1607] The newly elected leader is master@10.35.12.124:40941 with id 20150921-163836-2081170186-40941-51925
I0921 16:38:36.036110 51926 master.cpp:1620] Elected as the leading master!
I0921 16:38:36.036145 51926 master.cpp:1380] Recovering from registrar
I0921 16:38:36.036335 51930 registrar.cpp:309] Recovering registrar
I0921 16:38:36.067191 51938 leveldb.cpp:306] Persisting metadata (8 bytes) to leveldb took 36.988836ms
I0921 16:38:36.067246 51938 replica.cpp:323] Persisted replica status to STARTING
I0921 16:38:36.067517 51938 recover.cpp:475] Replica is in STARTING status
I0921 16:38:36.068230 51936 replica.cpp:641] Replica in STARTING status received a broadcasted recover request
I0921 16:38:36.068429 51928 recover.cpp:195] Received a recover response from a replica in STARTING status
I0921 16:38:36.068729 51927 recover.cpp:566] Updating replica status to VOTING
I0921 16:38:36.074915 51940 leveldb.cpp:306] Persisting metadata (8 bytes) to leveldb took 6.095154ms
I0921 16:38:36.074942 51940 replica.cpp:323] Persisted replica status to VOTING
I0921 16:38:36.075021 51936 recover.cpp:580] Successfully joined the Paxos group
I0921 16:38:36.075228 51936 recover.cpp:464] Recover process terminated
I0921 16:38:36.075657 51926 log.cpp:661] Attempting to start the writer
I0921 16:38:36.077828 51927 replica.cpp:477] Replica received implicit promise request with proposal 1
I0921 16:38:36.091645 51927 leveldb.cpp:306] Persisting metadata (8 bytes) to leveldb took 13.779849ms
I0921 16:38:36.091686 51927 replica.cpp:345] Persisted promised to 1
I0921 16:38:36.092543 51934 coordinator.cpp:231] Coordinator attemping to fill missing position
I0921 16:38:36.094199 51939 replica.cpp:378] Replica received explicit promise request for position 0 with proposal 2
I0921 16:38:36.108326 51939 leveldb.cpp:343] Persisting action (8 bytes) to leveldb took 14.047785ms
I0921 16:38:36.108397 51939 replica.cpp:679] Persisted action at 0
I0921 16:38:36.109861 51939 replica.cpp:511] Replica received write request for position 0
I0921 16:38:36.109940 51939 leveldb.cpp:438] Reading position from leveldb took 43334ns
I0921 16:38:36.124960 51939 leveldb.cpp:343] Persisting action (14 bytes) to leveldb took 14.940454ms
I0921 16:38:36.125012 51939 replica.cpp:679] Persisted action at 0
I0921 16:38:36.125648 51931 replica.cpp:658] Replica received learned notice for position 0
I0921 16:38:36.133239 51931 leveldb.cpp:343] Persisting action (16 bytes) to leveldb took 7.54664ms
I0921 16:38:36.133275 51931 replica.cpp:679] Persisted action at 0
I0921 16:38:36.133297 51931 replica.cpp:664] Replica learned NOP action at position 0
I0921 16:38:36.133939 51928 log.cpp:677] Writer started with ending position 0
I0921 16:38:36.136015 51937 leveldb.cpp:438] Reading position from leveldb took 23416ns
I0921 16:38:36.138980 51930 registrar.cpp:342] Successfully fetched the registry (0B) in 102.578944ms
I0921 16:38:36.139200 51930 registrar.cpp:441] Applied 1 operations in 66844ns; attempting to update the 'registry'
I0921 16:38:36.141839 51929 log.cpp:685] Attempting to append 220 bytes to the log
I0921 16:38:36.141976 51935 coordinator.cpp:341] Coordinator attempting to write APPEND action at position 1
I0921 16:38:36.142660 51931 replica.cpp:511] Replica received write request for position 1
I0921 16:38:36.149888 51931 leveldb.cpp:343] Persisting action (239 bytes) to leveldb took 7.193497ms
I0921 16:38:36.149919 51931 replica.cpp:679] Persisted action at 1
I0921 16:38:36.150519 51928 replica.cpp:658] Replica received learned notice for position 1
I0921 16:38:36.158231 51928 leveldb.cpp:343] Persisting action (241 bytes) to leveldb took 7.652904ms
I0921 16:38:36.158263 51928 replica.cpp:679] Persisted action at 1
I0921 16:38:36.158284 51928 replica.cpp:664] Replica learned APPEND action at position 1
I0921 16:38:36.159554 51932 registrar.cpp:486] Successfully updated the 'registry' in 20.20864ms
I0921 16:38:36.159734 51932 registrar.cpp:372] Successfully recovered registrar
I0921 16:38:36.159831 51935 log.cpp:704] Attempting to truncate the log to 1
I0921 16:38:36.159970 51930 coordinator.cpp:341] Coordinator attempting to write TRUNCATE action at position 2
I0921 16:38:36.160154 51935 master.cpp:1417] Recovered 0 slaves from the Registry (181B) ; allowing 10mins for slaves to re-register
I0921 16:38:36.160848 51940 replica.cpp:511] Replica received write request for position 2
I0921 16:38:36.174944 51940 leveldb.cpp:343] Persisting action (16 bytes) to leveldb took 14.053198ms
I0921 16:38:36.174983 51940 replica.cpp:679] Persisted action at 2
I0921 16:38:36.175683 51934 replica.cpp:658] Replica received learned notice for position 2
I0921 16:38:36.183202 51934 leveldb.cpp:343] Persisting action (18 bytes) to leveldb took 7.474068ms
I0921 16:38:36.183270 51934 leveldb.cpp:401] Deleting ~1 keys from leveldb took 34790ns
I0921 16:38:36.183295 51934 replica.cpp:679] Persisted action at 2
I0921 16:38:36.183320 51934 replica.cpp:664] Replica learned TRUNCATE action at position 2
I0921 16:38:36.195276 51925 containerizer.cpp:143] Using isolation: posix/cpu,posix/mem,filesystem/posix
W0921 16:38:36.195854 51925 backend.cpp:50] Failed to create 'bind' backend: BindBackend requires root privileges
I0921 16:38:36.198113 51928 slave.cpp:190] Slave started on 1)@10.35.12.124:40941
