I0205 21:09:19.576503 56262656 master.cpp:10449] Removing framework 06fb68b6-c476-4218-8caf-2eb5eeb3d2f6-0000 (default) at scheduler-611df321-e66d-4bb4-bbdd-7a82ec93238b@10.0.49.4:65013
I0205 21:09:19.576598 56262656 master.cpp:11210] Updating the state of task 74b96cfc-a233-4ddc-b114-4405e73ef8c3 of framework 06fb68b6-c476-4218-8caf-2eb5eeb3d2f6-0000 (latest state: TASK_KILLED, status update state: TASK_KILLED)
I0205 21:09:19.577090 54652928 hierarchical.cpp:1230] Recovered cpus(allocated: *):1; mem(allocated: *):128; disk(allocated: *):3 (total: cpus:2; mem:1024; disk:1024; ports:[31000-32000], allocated: {}) on agent 06fb68b6-c476-4218-8caf-2eb5eeb3d2f6-S0 from framework 06fb68b6-c476-4218-8caf-2eb5eeb3d2f6-0000
I0205 21:09:19.577272 56262656 master.cpp:11308] Removing task 74b96cfc-a233-4ddc-b114-4405e73ef8c3 with resources cpus(allocated: *):1; mem(allocated: *):128; disk(allocated: *):3 of framework 06fb68b6-c476-4218-8caf-2eb5eeb3d2f6-0000 on agent 06fb68b6-c476-4218-8caf-2eb5eeb3d2f6-S0 at slave(42)@10.0.49.4:65013 (Jenkinss-Mac-mini.local)
I0205 21:09:19.577656 55189504 hierarchical.cpp:358] Removed framework 06fb68b6-c476-4218-8caf-2eb5eeb3d2f6-0000
2+0 records in
2+0 records out
2097152 bytes transferred in 0.000938 secs (2235915867 bytes/sec)
I0205 21:09:19.589627 55726080 slave.cpp:1893] Will retry registration in 3.287238ms if necessary
I0205 21:09:19.589730 55726080 slave.cpp:922] Agent terminating
I0205 21:09:19.589836 56799232 master.cpp:7067] Received reregister agent message from agent 06fb68b6-c476-4218-8caf-2eb5eeb3d2f6-S0 at slave(43)@10.0.49.4:65013 (Jenkinss-Mac-mini.local)
I0205 21:09:19.590135 56799232 master.cpp:3976] Authorizing agent providing resources 'cpus:2; mem:1024; disk:1024; ports:[31000-32000]' with principal 'test-principal'
I0205 21:09:19.590515 54116352 containerizer.cpp:2477] Destroying container 37db7c9c-52e1-4683-9785-8e34bc1c610e in RUNNING state

I0205 21:09:19.590539 54116352 containerizer.cpp:3144] Transitioning the state of container 37db7c9c-52e1-4683-9785-8e34bc1c610e from RUNNING to DESTROYING
I0205 21:09:19.590592 53579776 master.cpp:7159] Authorized re-registration of agent 06fb68b6-c476-4218-8caf-2eb5eeb3d2f6-S0 at slave(43)@10.0.49.4:65013 (Jenkinss-Mac-mini.local)
I0205 21:09:19.590656 53579776 master.cpp:7243] Agent is already marked as registered: 06fb68b6-c476-4218-8caf-2eb5eeb3d2f6-S0 at slave(43)@10.0.49.4:65013 (Jenkinss-Mac-mini.local)
I0205 21:09:19.590663 54116352 launcher.cpp:161] Asked to destroy container 37db7c9c-52e1-4683-9785-8e34bc1c610e
I0205 21:09:19.590767 53579776 master.cpp:7611] Registry updated for slave 06fb68b6-c476-4218-8caf-2eb5eeb3d2f6-S0 at slave(43)@10.0.49.4:65013(Jenkinss-Mac-mini.local)
I0205 21:09:19.591043 56799232 hierarchical.cpp:704] Agent 06fb68b6-c476-4218-8caf-2eb5eeb3d2f6-S0 (Jenkinss-Mac-mini.local) updated with total resources cpus:2; mem:1024; disk:1024; ports:[31000-32000]
W0205 21:09:19.591095 53579776 master.cpp:10111] Agent 06fb68b6-c476-4218-8caf-2eb5eeb3d2f6-S0 at slave(43)@10.0.49.4:65013 (Jenkinss-Mac-mini.local) reregistered with completed framework 06fb68b6-c476-4218-8caf-2eb5eeb3d2f6-0000 (default) at scheduler-611df321-e66d-4bb4-bbdd-7a82ec93238b@10.0.49.4:65013. Shutting down the framework on the agent
I0205 21:09:19.591272 56262656 hierarchical.cpp:781] Agent 06fb68b6-c476-4218-8caf-2eb5eeb3d2f6-S0 reactivated
I0205 21:09:19.754649 54116352 containerizer.cpp:2983] Container 37db7c9c-52e1-4683-9785-8e34bc1c610e has exited
I0205 21:09:19.755429 56799232 disk.cpp:325] Checking disk usage at '/var/folders/6w/rw03zh013y38ys6cyn8qppf80000gn/T/DiskQuotaTest_SlaveRecovery_EmdfgZ/slaves/06fb68b6-c476-4218-8caf-2eb5eeb3d2f6-S0/frameworks/06fb68b6-c476-4218-8caf-2eb5eeb3d2f6-0000/executors/74b96cfc-a233-4ddc-b114-4405e73ef8c3/runs/37db7c9c-52e1-4683-9785-8e34bc1c610e' for container 37db7c9c-52e1-4683-9785-8e34bc1c610e has been cancelled
I0205 21:09:19.756091 54652928 provisioner.cpp:597] Ignoring destroy request for unknown container 37db7c9c-52e1-4683-9785-8e34bc1c610e
I0205 21:09:19.760756 296834496 master.cpp:1109] Master terminating
I0205 21:09:19.761062 53579776 hierarchical.cpp:644] Removed agent 06fb68b6-c476-4218-8caf-2eb5eeb3d2f6-S0
[  FAILED  ]
{code}

Observed a slightly different but likely related flake in internal CI:

{code}
[ RUN      ] DiskQuotaTest.SlaveRecovery
I0802 09:44:31.468823 29894 cluster.cpp:177] Creating default 'local' authorizer
I0802 09:44:31.472532 10006 master.cpp:440] Master 37044eb5-61c9-4c5c-8d73-e563873eb5b6 (ip-172-16-10-141.ec2.internal) started on 172.16.10.141:43961
I0802 09:44:31.472551 10006 master.cpp:443] Flags at startup: --acls="" --agent_ping_timeout="15secs" --agent_reregister_timeout="10mins" --allocation_interval="1secs" --allocator="hierarchical" --authenticate_agents="true" --authenticate_frameworks="true" --authenticate_http_frameworks="true" --authenticate_http_readonly="true" --authenticate_http_readwrite="true" --authentication_v0_timeout="15secs" --authenticators="crammd5" --authorizers="local" --credentials="/tmp/5ZwOfB/credentials" --filter_gpu_resources="true" --framework_sorter="drf" --help="false" --hostname_lookup="true" --http_authenticators="basic" --http_framework_authenticators="basic" --initialize_driver_logging="true" --log_auto_initialize="true" --logbufsecs="0" --logging_level="INFO" --max_agent_ping_timeouts="5" --max_completed_frameworks="50" --max_completed_tasks_per_framework="1000" --max_operator_event_stream_subscribers="1000" --max_unreachable_tasks_per_framework="1000" --memory_profiling="false" --min_allocatable_resources="cpus:0.01|mem:32" --port="5050" --publish_per_framework_metrics="true" --quiet="false" --recovery_agent_removal_limit="100%" --registry="in_memory" --registry_fetch_timeout="1mins" --registry_gc_interval="15mins" --registry_max_agent_age="2weeks" --registry_max_agent_count="102400" --registry_store_timeout="100secs" --registry_strict="false" --require_agent_domain="false" --role_sorter="drf" --root_submissions="true" --version="false" --webui_dir="/usr/local/share/mesos/webui" --work_dir="/tmp/5ZwOfB/master" --zk_session_timeout="10secs"
I0802 09:44:31.472846 10006 master.cpp:492] Master only allowing authenticated frameworks to register
I0802 09:44:31.472856 10006 master.cpp:498] Master only allowing authenticated agents to register
I0802 09:44:31.472862 10006 master.cpp:504] Master only allowing authenticated HTTP frameworks to register
I0802 09:44:31.472869 10006 credentials.hpp:37] Loading credentials for authentication from '/tmp/5ZwOfB/credentials'
I0802 09:44:31.473073 10006 master.cpp:548] Using default 'crammd5' authenticator
I0802 09:44:31.473220 10006 http.cpp:975] Creating default 'basic' HTTP authenticator for realm 'mesos-master-readonly'
I0802 09:44:31.473371 10006 http.cpp:975] Creating default 'basic' HTTP authenticator for realm 'mesos-master-readwrite'
I0802 09:44:31.473513 10006 http.cpp:975] Creating default 'basic' HTTP authenticator for realm 'mesos-master-scheduler'
I0802 09:44:31.473623 10006 master.cpp:629] Authorization enabled
I0802 09:44:31.474637 10005 hierarchical.cpp:241] Initialized hierarchical allocator process
I0802 09:44:31.474736 10005 whitelist_watcher.cpp:77] No whitelist given
I0802 09:44:31.476732 10000 master.cpp:2168] Elected as the leading master!
I0802 09:44:31.476763 10000 master.cpp:1664] Recovering from registrar
I0802 09:44:31.477003 10005 registrar.cpp:339] Recovering registrar
I0802 09:44:31.477632 10005 registrar.cpp:383] Successfully fetched the registry (0B) in 592128ns
I0802 09:44:31.477733 10005 registrar.cpp:487] Applied 1 operations in 30449ns; attempting to update the registry
I0802 09:44:31.478248 10005 registrar.cpp:544] Successfully updated the registry in 474112ns
I0802 09:44:31.478340 10005 registrar.cpp:416] Successfully recovered registrar
I0802 09:44:31.478718 10006 master.cpp:1817] Recovered 0 agents from the registry (184B); allowing 10mins for agents to reregister
I0802 09:44:31.478739 10000 hierarchical.cpp:280] Skipping recovery of hierarchical allocator: nothing to recover
I0802 09:44:31.481587 29894 containerizer.cpp:318] Using isolation { environment_secret, filesystem/posix, network/cni, posix/mem, disk/du, posix/cpu }
I0802 09:44:31.486184 29894 linux_launcher.cpp:144] Using /sys/fs/cgroup/freezer as the freezer hierarchy for the Linux launcher
I0802 09:44:31.487004 29894 provisioner.cpp:300] Using default backend 'copy'
W0802 09:44:31.493063 29894 process.cpp:2877] Attempted to spawn already running process files@172.16.10.141:43961
I0802 09:44:31.493669 29894 cluster.cpp:518] Creating default 'local' authorizer
W0802 09:44:31.495860 29894 process.cpp:2877] Attempted to spawn already running process version@172.16.10.141:43961
I0802 09:44:31.496210 10006 slave.cpp:267] Mesos agent started on (426)@172.16.10.141:43961
I0802 09:44:31.496229 10006 slave.cpp:268] Flags at startup: --acls="" --appc_simple_discovery_uri_prefix="http://" --appc_store_dir="/tmp/5ZwOfB/jDOTLS/store/appc" --authenticate_http_readonly="true" --authenticate_http_readwrite="false" --authenticatee="crammd5" --authentication_backoff_factor="1secs" --authentication_timeout_max="1mins" --authentication_timeout_min="5secs" --authorizer="local" --cgroups_cpu_enable_pids_and_tids_count="false" --cgroups_destroy_timeout="1mins" --cgroups_enable_cfs="false" --cgroups_hierarchy="/sys/fs/cgroup" --cgroups_limit_swap="false" --cgroups_root="mesos" --container_disk_watch_interval="1ms" --containerizers="mesos" --credential="/tmp/5ZwOfB/jDOTLS/credential" --default_role="*" --disallow_sharing_agent_ipc_namespace="false" --disallow_sharing_agent_pid_namespace="false" --disk_watch_interval="1mins" --docker="docker" --docker_ignore_runtime="false" --docker_kill_orphans="true" --docker_registry="https://registry-1.docker.io" --docker_remove_delay="6hrs" --docker_socket="/var/run/docker.sock" --docker_stop_timeout="0ns" --docker_store_dir="/tmp/5ZwOfB/jDOTLS/store/docker" --docker_volume_checkpoint_dir="/var/run/mesos/isolators/docker/volume" --enforce_container_disk_quota="false" --executor_registration_timeout="1mins" --executor_reregistration_timeout="2secs" --executor_shutdown_grace_period="5secs" --fetcher_cache_dir="/tmp/5ZwOfB/jDOTLS/fetch" --fetcher_cache_size="2GB" --fetcher_stall_timeout="1mins" --frameworks_home="/tmp/5ZwOfB/jDOTLS/frameworks" --gc_delay="1weeks" --gc_disk_headroom="0.1" --gc_non_executor_container_sandboxes="false" --help="false" --hostname_lookup="true" --http_command_executor="false" --http_credentials="/tmp/5ZwOfB/jDOTLS/http_credentials" --http_heartbeat_interval="30secs" --initialize_driver_logging="true" --isolation="posix/cpu,posix/mem,disk/du" --launcher="linux" --launcher_dir="/home/centos/workspace/mesos/Mesos_CI-build/FLAG/CMake/label/mesos-ec2-centos-7/mesos/build/src" --logbufsecs="0" --logging_level="INFO" --max_completed_executors_per_framework="150" --memory_profiling="false" --network_cni_metrics="true" --network_cni_root_dir_persist="false" --oversubscribed_resources_interval="15secs" --perf_duration="10secs" --perf_interval="1mins" --port="5051" --qos_correction_interval_min="0ns" --quiet="false" --reconfiguration_policy="equal" --recover="reconnect" --recovery_timeout="15mins" --registration_backoff_factor="10ms" --resources="cpus:2;gpus:0;mem:1024;disk:1024;ports:[31000-32000]" --revocable_cpu_low_priority="true" --runtime_dir="/tmp/DiskQuotaTest_SlaveRecovery_wmbcB7" --sandbox_directory="/mnt/mesos/sandbox" --strict="true" --switch_user="true" --systemd_enable_support="true" --systemd_runtime_directory="/run/systemd/system" --version="false" --work_dir="/tmp/DiskQuotaTest_SlaveRecovery_Rs0uqm" --zk_session_timeout="10secs"
I0802 09:44:31.496615 10006 credentials.hpp:86] Loading credential for authentication from '/tmp/5ZwOfB/jDOTLS/credential'
I0802 09:44:31.496732 10006 slave.cpp:300] Agent using credential for: test-principal
I0802 09:44:31.496747 10006 credentials.hpp:37] Loading credentials for authentication from '/tmp/5ZwOfB/jDOTLS/http_credentials'
I0802 09:44:31.496913 10006 http.cpp:975] Creating default 'basic' HTTP authenticator for realm 'mesos-agent-readonly'
I0802 09:44:31.497179 10006 disk_profile_adaptor.cpp:78] Creating default disk profile adaptor module
I0802 09:44:31.498183 29894 sched.cpp:239] Version: 1.9.0
I0802 09:44:31.498865  9999 sched.cpp:343] New master detected at master@172.16.10.141:43961
I0802 09:44:31.498972  9999 sched.cpp:408] Authenticating with master master@172.16.10.141:43961
I0802 09:44:31.498991  9999 sched.cpp:415] Using default CRAM-MD5 authenticatee
I0802 09:44:31.499436  9999 authenticatee.cpp:121] Creating new client SASL connection
I0802 09:44:31.499801  9999 master.cpp:10578] Authenticating scheduler-1ba5a928-56ae-4448-b6ce-0843d1a01522@172.16.10.141:43961
I0802 09:44:31.499994  9999 authenticator.cpp:414] Starting authentication session for crammd5-authenticatee(817)@172.16.10.141:43961
I0802 09:44:31.500341  9999 authenticator.cpp:98] Creating new server SASL connection
I0802 09:44:31.500563  9999 authenticatee.cpp:213] Received SASL authentication mechanisms: CRAM-MD5
I0802 09:44:31.500594  9999 authenticatee.cpp:239] Attempting to authenticate with mechanism 'CRAM-MD5'
I0802 09:44:31.500687  9999 authenticator.cpp:204] Received SASL authentication start
I0802 09:44:31.500731  9999 authenticator.cpp:326] Authentication requires more steps
I0802 09:44:31.500808  9999 authenticatee.cpp:259] Received SASL authentication step
I0802 09:44:31.500885  9999 authenticator.cpp:232] Received SASL authentication step
I0802 09:44:31.500907  9999 auxprop.cpp:109] Request to lookup properties for user: 'test-principal' realm: 'ip-172-16-10-141.ec2.internal' server FQDN: 'ip-172-16-10-141.ec2.internal' SASL_AUXPROP_VERIFY_AGAINST_HASH: false SASL_AUXPROP_OVERRIDE: false SASL_AUXPROP_AUTHZID: false 
I0802 09:44:31.500916  9999 auxprop.cpp:181] Looking up auxiliary property '*userPassword'
I0802 09:44:31.500948  9999 auxprop.cpp:181] Looking up auxiliary property '*cmusaslsecretCRAM-MD5'
I0802 09:44:31.500965  9999 auxprop.cpp:109] Request to lookup properties for user: 'test-principal' realm: 'ip-172-16-10-141.ec2.internal' server FQDN: 'ip-172-16-10-141.ec2.internal' SASL_AUXPROP_VERIFY_AGAINST_HASH: false SASL_AUXPROP_OVERRIDE: false SASL_AUXPROP_AUTHZID: true 
I0802 09:44:31.500974  9999 auxprop.cpp:131] Skipping auxiliary property '*userPassword' since SASL_AUXPROP_AUTHZID == true
I0802 09:44:31.500982  9999 auxprop.cpp:131] Skipping auxiliary property '*cmusaslsecretCRAM-MD5' since SASL_AUXPROP_AUTHZID == true
I0802 09:44:31.500995  9999 authenticator.cpp:318] Authentication success
I0802 09:44:31.501155  9999 authenticatee.cpp:299] Authentication success
I0802 09:44:31.501333  9999 master.cpp:10610] Successfully authenticated principal 'test-principal' at scheduler-1ba5a928-56ae-4448-b6ce-0843d1a01522@172.16.10.141:43961
I0802 09:44:31.501421  9999 authenticator.cpp:432] Authentication session cleanup for crammd5-authenticatee(817)@172.16.10.141:43961
I0802 09:44:31.501716  9999 sched.cpp:520] Successfully authenticated with master master@172.16.10.141:43961
I0802 09:44:31.501739  9999 sched.cpp:835] Sending SUBSCRIBE call to master@172.16.10.141:43961
I0802 09:44:31.501849  9999 sched.cpp:870] Will retry registration in 1.887623965secs if necessary
I0802 09:44:31.502174  9999 master.cpp:2908] Received SUBSCRIBE call for framework 'default' at scheduler-1ba5a928-56ae-4448-b6ce-0843d1a01522@172.16.10.141:43961
I0802 09:44:31.502213  9999 master.cpp:2240] Authorizing framework principal 'test-principal' to receive offers for roles '{ * }'
I0802 09:44:31.502732  9999 master.cpp:2995] Subscribing framework default with checkpointing enabled and capabilities [ MULTI_ROLE, RESERVATION_REFINEMENT ]
I0802 09:44:31.504091  9999 master.cpp:10808] Adding framework 37044eb5-61c9-4c5c-8d73-e563873eb5b6-0000 (default) at scheduler-1ba5a928-56ae-4448-b6ce-0843d1a01522@172.16.10.141:43961 with roles {  } suppressed
I0802 09:44:31.504957 10002 sched.cpp:751] Framework registered with 37044eb5-61c9-4c5c-8d73-e563873eb5b6-0000
I0802 09:44:31.505004 10002 sched.cpp:770] Scheduler::registered took 20469ns
I0802 09:44:31.505321  9999 hierarchical.cpp:368] Added framework 37044eb5-61c9-4c5c-8d73-e563873eb5b6-0000
I0802 09:44:31.505730  9999 hierarchical.cpp:1508] Performed allocation for 0 agents in 96940ns
I0802 09:44:31.506445 10006 slave.cpp:615] Agent resources: [{"name":"cpus","scalar":{"value":2.0},"type":"SCALAR"},{"name":"mem","scalar":{"value":1024.0},"type":"SCALAR"},{"name":"disk","scalar":{"value":1024.0},"type":"SCALAR"},{"name":"ports","ranges":{"range":[{"begin":31000,"end":32000}]},"type":"RANGES"}]
I0802 09:44:31.506630 10006 slave.cpp:623] Agent attributes: [  ]
I0802 09:44:31.506642 10006 slave.cpp:632] Agent hostname: ip-172-16-10-141.ec2.internal
I0802 09:44:31.507217 10005 task_status_update_manager.cpp:181] Pausing sending task status updates
I0802 09:44:31.507259 10005 status_update_manager_process.hpp:379] Pausing operation status update manager
I0802 09:44:31.508116 10006 state.cpp:67] Recovering state from '/tmp/DiskQuotaTest_SlaveRecovery_Rs0uqm/meta'
I0802 09:44:31.508405 10003 slave.cpp:7444] Finished recovering checkpointed state from '/tmp/DiskQuotaTest_SlaveRecovery_Rs0uqm/meta', beginning agent recovery
I0802 09:44:31.508848 10002 task_status_update_manager.cpp:207] Recovering task status update manager
I0802 09:44:31.509268 10004 containerizer.cpp:821] Recovering Mesos containers
I0802 09:44:31.509403 10005 linux_launcher.cpp:286] Recovering Linux launcher
I0802 09:44:31.509721 10003 containerizer.cpp:1147] Recovering isolators
I0802 09:44:31.510591 10002 containerizer.cpp:1186] Recovering provisioner
I0802 09:44:31.511214 10003 provisioner.cpp:500] Provisioner recovery complete
I0802 09:44:31.512013 10006 composing.cpp:339] Finished recovering all containerizers
I0802 09:44:31.512241 10005 slave.cpp:7908] Recovering executors
I0802 09:44:31.512331 10005 slave.cpp:8061] Finished recovery
I0802 09:44:31.513141 10001 task_status_update_manager.cpp:181] Pausing sending task status updates
I0802 09:44:31.513180 10001 status_update_manager_process.hpp:379] Pausing operation status update manager
I0802 09:44:31.513175 10005 slave.cpp:1351] New master detected at master@172.16.10.141:43961
I0802 09:44:31.513389 10005 slave.cpp:1416] Detecting new master
I0802 09:44:31.515604 10002 slave.cpp:1443] Authenticating with master master@172.16.10.141:43961
I0802 09:44:31.515681 10002 slave.cpp:1452] Using default CRAM-MD5 authenticatee
I0802 09:44:31.516105 10002 authenticatee.cpp:121] Creating new client SASL connection
I0802 09:44:31.516337 10002 master.cpp:10578] Authenticating slave(426)@172.16.10.141:43961
I0802 09:44:31.516520 10002 authenticator.cpp:414] Starting authentication session for crammd5-authenticatee(818)@172.16.10.141:43961
I0802 09:44:31.516813 10002 authenticator.cpp:98] Creating new server SASL connection
I0802 09:44:31.517001 10002 authenticatee.cpp:213] Received SASL authentication mechanisms: CRAM-MD5
I0802 09:44:31.517030 10002 authenticatee.cpp:239] Attempting to authenticate with mechanism 'CRAM-MD5'
I0802 09:44:31.517118 10002 authenticator.cpp:204] Received SASL authentication start
I0802 09:44:31.517154 10002 authenticator.cpp:326] Authentication requires more steps
I0802 09:44:31.517231 10002 authenticatee.cpp:259] Received SASL authentication step
I0802 09:44:31.517304 10002 authenticator.cpp:232] Received SASL authentication step
I0802 09:44:31.517325 10002 auxprop.cpp:109] Request to lookup properties for user: 'test-principal' realm: 'ip-172-16-10-141.ec2.internal' server FQDN: 'ip-172-16-10-141.ec2.internal' SASL_AUXPROP_VERIFY_AGAINST_HASH: false SASL_AUXPROP_OVERRIDE: false SASL_AUXPROP_AUTHZID: false 
I0802 09:44:31.517334 10002 auxprop.cpp:181] Looking up auxiliary property '*userPassword'
I0802 09:44:31.517359 10002 auxprop.cpp:181] Looking up auxiliary property '*cmusaslsecretCRAM-MD5'
I0802 09:44:31.517374 10002 auxprop.cpp:109] Request to lookup properties for user: 'test-principal' realm: 'ip-172-16-10-141.ec2.internal' server FQDN: 'ip-172-16-10-141.ec2.internal' SASL_AUXPROP_VERIFY_AGAINST_HASH: false SASL_AUXPROP_OVERRIDE: false SASL_AUXPROP_AUTHZID: true 
I0802 09:44:31.517381 10002 auxprop.cpp:131] Skipping auxiliary property '*userPassword' since SASL_AUXPROP_AUTHZID == true
I0802 09:44:31.517387 10002 auxprop.cpp:131] Skipping auxiliary property '*cmusaslsecretCRAM-MD5' since SASL_AUXPROP_AUTHZID == true
I0802 09:44:31.517400 10002 authenticator.cpp:318] Authentication success
I0802 09:44:31.517568 10002 authenticatee.cpp:299] Authentication success
I0802 09:44:31.517637 10005 master.cpp:10610] Successfully authenticated principal 'test-principal' at slave(426)@172.16.10.141:43961
I0802 09:44:31.517768 10005 authenticator.cpp:432] Authentication session cleanup for crammd5-authenticatee(818)@172.16.10.141:43961
I0802 09:44:31.517868 10002 slave.cpp:1543] Successfully authenticated with master master@172.16.10.141:43961
I0802 09:44:31.518178 10002 slave.cpp:1993] Will retry registration in 13.522601ms if necessary
I0802 09:44:31.518307 10005 master.cpp:7086] Received register agent message from slave(426)@172.16.10.141:43961 (ip-172-16-10-141.ec2.internal)
I0802 09:44:31.518589 10005 master.cpp:4202] Authorizing agent providing resources 'cpus:2; mem:1024; disk:1024; ports:[31000-32000]' with principal 'test-principal'
I0802 09:44:31.519124 10004 master.cpp:7153] Authorized registration of agent at slave(426)@172.16.10.141:43961 (ip-172-16-10-141.ec2.internal)
I0802 09:44:31.519199 10004 master.cpp:7265] Registering agent at slave(426)@172.16.10.141:43961 (ip-172-16-10-141.ec2.internal) with id 37044eb5-61c9-4c5c-8d73-e563873eb5b6-S0
I0802 09:44:31.519699 10003 registrar.cpp:487] Applied 1 operations in 134524ns; attempting to update the registry
I0802 09:44:31.520239 10003 registrar.cpp:544] Successfully updated the registry in 486144ns
I0802 09:44:31.520440 10003 master.cpp:7313] Admitted agent 37044eb5-61c9-4c5c-8d73-e563873eb5b6-S0 at slave(426)@172.16.10.141:43961 (ip-172-16-10-141.ec2.internal)
I0802 09:44:31.521071 10003 master.cpp:7358] Registered agent 37044eb5-61c9-4c5c-8d73-e563873eb5b6-S0 at slave(426)@172.16.10.141:43961 (ip-172-16-10-141.ec2.internal) with cpus:2; mem:1024; disk:1024; ports:[31000-32000]
I0802 09:44:31.521126  9999 slave.cpp:1576] Registered with master master@172.16.10.141:43961; given agent ID 37044eb5-61c9-4c5c-8d73-e563873eb5b6-S0
I0802 09:44:31.521397 10003 hierarchical.cpp:617] Added agent 37044eb5-61c9-4c5c-8d73-e563873eb5b6-S0 (ip-172-16-10-141.ec2.internal) with cpus:2; mem:1024; disk:1024; ports:[31000-32000] (allocated: {})
I0802 09:44:31.521507  9999 slave.cpp:1611] Checkpointing SlaveInfo to '/tmp/DiskQuotaTest_SlaveRecovery_Rs0uqm/meta/slaves/37044eb5-61c9-4c5c-8d73-e563873eb5b6-S0/slave.info'
I0802 09:44:31.522382  9999 slave.cpp:1663] Forwarding agent update {"operations":{},"resource_providers":{},"resource_version_uuid":{"value":"MnaVAeHhT6SiUICmr2k/lA=="},"slave_id":{"value":"37044eb5-61c9-4c5c-8d73-e563873eb5b6-S0"},"update_oversubscribed_resources":false}
I0802 09:44:31.522454 10003 hierarchical.cpp:1508] Performed allocation for 1 agents in 885258ns
I0802 09:44:31.522531 10003 task_status_update_manager.cpp:188] Resuming sending task status updates
I0802 09:44:31.522580  9999 status_update_manager_process.hpp:385] Resuming operation status update manager
I0802 09:44:31.523473  9999 master.cpp:10393] Sending offers [ 37044eb5-61c9-4c5c-8d73-e563873eb5b6-O0 ] to framework 37044eb5-61c9-4c5c-8d73-e563873eb5b6-0000 (default) at scheduler-1ba5a928-56ae-4448-b6ce-0843d1a01522@172.16.10.141:43961
I0802 09:44:31.524066 10006 sched.cpp:934] Scheduler::resourceOffers took 70360ns
I0802 09:44:31.524093  9999 master.cpp:8457] Ignoring update on agent 37044eb5-61c9-4c5c-8d73-e563873eb5b6-S0 at slave(426)@172.16.10.141:43961 (ip-172-16-10-141.ec2.internal) as it reports no changes
I0802 09:44:31.525771 10002 master.cpp:12685] Removing offer 37044eb5-61c9-4c5c-8d73-e563873eb5b6-O0
I0802 09:44:31.526159 10002 master.cpp:4739] Processing ACCEPT call for offers: [ 37044eb5-61c9-4c5c-8d73-e563873eb5b6-O0 ] on agent 37044eb5-61c9-4c5c-8d73-e563873eb5b6-S0 at slave(426)@172.16.10.141:43961 (ip-172-16-10-141.ec2.internal) for framework 37044eb5-61c9-4c5c-8d73-e563873eb5b6-0000 (default) at scheduler-1ba5a928-56ae-4448-b6ce-0843d1a01522@172.16.10.141:43961
I0802 09:44:31.526243 10002 master.cpp:3756] Authorizing framework principal 'test-principal' to launch task 1b6b12d3-461e-4d1b-a4b3-19166892bc5f
I0802 09:44:31.528036 10004 master.cpp:4300] Adding task 1b6b12d3-461e-4d1b-a4b3-19166892bc5f with resources cpus(allocated: *):1; mem(allocated: *):128; disk(allocated: *):3 of framework 37044eb5-61c9-4c5c-8d73-e563873eb5b6-0000 (default) at scheduler-1ba5a928-56ae-4448-b6ce-0843d1a01522@172.16.10.141:43961 on agent 37044eb5-61c9-4c5c-8d73-e563873eb5b6-S0 at slave(426)@172.16.10.141:43961 (ip-172-16-10-141.ec2.internal)
I0802 09:44:31.528429 10004 master.cpp:5718] Launching task 1b6b12d3-461e-4d1b-a4b3-19166892bc5f of framework 37044eb5-61c9-4c5c-8d73-e563873eb5b6-0000 (default) at scheduler-1ba5a928-56ae-4448-b6ce-0843d1a01522@172.16.10.141:43961 with resources [{"allocation_info":{"role":"*"},"name":"cpus","scalar":{"value":1.0},"type":"SCALAR"},{"allocation_info":{"role":"*"},"name":"mem","scalar":{"value":128.0},"type":"SCALAR"},{"allocation_info":{"role":"*"},"name":"disk","scalar":{"value":3.0},"type":"SCALAR"}] on agent 37044eb5-61c9-4c5c-8d73-e563873eb5b6-S0 at slave(426)@172.16.10.141:43961 (ip-172-16-10-141.ec2.internal) on  new executor
I0802 09:44:31.528973 10002 hierarchical.cpp:1432] Allocation paused
I0802 09:44:31.529721 10004 slave.cpp:2130] Got assigned task '1b6b12d3-461e-4d1b-a4b3-19166892bc5f' for framework 37044eb5-61c9-4c5c-8d73-e563873eb5b6-0000
I0802 09:44:31.529708 10002 hierarchical.cpp:1218] Recovered cpus(allocated: *):1; mem(allocated: *):896; disk(allocated: *):1021; ports(allocated: *):[31000-32000] (total: cpus:2; mem:1024; disk:1024; ports:[31000-32000], allocated: cpus(allocated: *):1; mem(allocated: *):128; disk(allocated: *):3) on agent 37044eb5-61c9-4c5c-8d73-e563873eb5b6-S0 from framework 37044eb5-61c9-4c5c-8d73-e563873eb5b6-0000
I0802 09:44:31.529773 10002 hierarchical.cpp:1264] Framework 37044eb5-61c9-4c5c-8d73-e563873eb5b6-0000 filtered agent 37044eb5-61c9-4c5c-8d73-e563873eb5b6-S0 for 5secs
I0802 09:44:31.529865 10004 slave.cpp:9852] Checkpointing FrameworkInfo to '/tmp/DiskQuotaTest_SlaveRecovery_Rs0uqm/meta/slaves/37044eb5-61c9-4c5c-8d73-e563873eb5b6-S0/frameworks/37044eb5-61c9-4c5c-8d73-e563873eb5b6-0000/framework.info'
I0802 09:44:31.529985 10002 hierarchical.cpp:1442] Allocation resumed
I0802 09:44:31.530302 10004 slave.cpp:9863] Checkpointing framework pid 'scheduler-1ba5a928-56ae-4448-b6ce-0843d1a01522@172.16.10.141:43961' to '/tmp/DiskQuotaTest_SlaveRecovery_Rs0uqm/meta/slaves/37044eb5-61c9-4c5c-8d73-e563873eb5b6-S0/frameworks/37044eb5-61c9-4c5c-8d73-e563873eb5b6-0000/framework.pid'
I0802 09:44:31.531409 10004 slave.cpp:2504] Authorizing task '1b6b12d3-461e-4d1b-a4b3-19166892bc5f' for framework 37044eb5-61c9-4c5c-8d73-e563873eb5b6-0000
I0802 09:44:31.531471 10004 slave.cpp:9400] Authorizing framework principal 'test-principal' to launch task 1b6b12d3-461e-4d1b-a4b3-19166892bc5f
I0802 09:44:31.533182  9999 slave.cpp:2977] Launching task '1b6b12d3-461e-4d1b-a4b3-19166892bc5f' for framework 37044eb5-61c9-4c5c-8d73-e563873eb5b6-0000
I0802 09:44:31.533267  9999 paths.cpp:810] Creating sandbox '/tmp/DiskQuotaTest_SlaveRecovery_Rs0uqm/slaves/37044eb5-61c9-4c5c-8d73-e563873eb5b6-S0/frameworks/37044eb5-61c9-4c5c-8d73-e563873eb5b6-0000/executors/1b6b12d3-461e-4d1b-a4b3-19166892bc5f/runs/b75cde6f-1b12-438a-83fc-979172b3e79e' for user 'root'
I0802 09:44:31.534006  9999 slave.cpp:10650] Checkpointing ExecutorInfo to '/tmp/DiskQuotaTest_SlaveRecovery_Rs0uqm/meta/slaves/37044eb5-61c9-4c5c-8d73-e563873eb5b6-S0/frameworks/37044eb5-61c9-4c5c-8d73-e563873eb5b6-0000/executors/1b6b12d3-461e-4d1b-a4b3-19166892bc5f/executor.info'
I0802 09:44:31.534504  9999 paths.cpp:813] Creating sandbox '/tmp/DiskQuotaTest_SlaveRecovery_Rs0uqm/meta/slaves/37044eb5-61c9-4c5c-8d73-e563873eb5b6-S0/frameworks/37044eb5-61c9-4c5c-8d73-e563873eb5b6-0000/executors/1b6b12d3-461e-4d1b-a4b3-19166892bc5f/runs/b75cde6f-1b12-438a-83fc-979172b3e79e'
I0802 09:44:31.534783  9999 slave.cpp:9938] Launching executor '1b6b12d3-461e-4d1b-a4b3-19166892bc5f' of framework 37044eb5-61c9-4c5c-8d73-e563873eb5b6-0000 with resources [{"allocation_info":{"role":"*"},"name":"cpus","scalar":{"value":0.1},"type":"SCALAR"},{"allocation_info":{"role":"*"},"name":"mem","scalar":{"value":32.0},"type":"SCALAR"}] in work directory '/tmp/DiskQuotaTest_SlaveRecovery_Rs0uqm/slaves/37044eb5-61c9-4c5c-8d73-e563873eb5b6-S0/frameworks/37044eb5-61c9-4c5c-8d73-e563873eb5b6-0000/executors/1b6b12d3-461e-4d1b-a4b3-19166892bc5f/runs/b75cde6f-1b12-438a-83fc-979172b3e79e'
I0802 09:44:31.535699  9999 slave.cpp:10681] Checkpointing TaskInfo to '/tmp/DiskQuotaTest_SlaveRecovery_Rs0uqm/meta/slaves/37044eb5-61c9-4c5c-8d73-e563873eb5b6-S0/frameworks/37044eb5-61c9-4c5c-8d73-e563873eb5b6-0000/executors/1b6b12d3-461e-4d1b-a4b3-19166892bc5f/runs/b75cde6f-1b12-438a-83fc-979172b3e79e/tasks/1b6b12d3-461e-4d1b-a4b3-19166892bc5f/task.info'
I0802 09:44:31.536237  9999 slave.cpp:3203] Queued task '1b6b12d3-461e-4d1b-a4b3-19166892bc5f' for executor '1b6b12d3-461e-4d1b-a4b3-19166892bc5f' of framework 37044eb5-61c9-4c5c-8d73-e563873eb5b6-0000
I0802 09:44:31.536305  9999 slave.cpp:1084] Successfully attached '/tmp/DiskQuotaTest_SlaveRecovery_Rs0uqm/slaves/37044eb5-61c9-4c5c-8d73-e563873eb5b6-S0/frameworks/37044eb5-61c9-4c5c-8d73-e563873eb5b6-0000/executors/1b6b12d3-461e-4d1b-a4b3-19166892bc5f/runs/b75cde6f-1b12-438a-83fc-979172b3e79e' to virtual path '/tmp/DiskQuotaTest_SlaveRecovery_Rs0uqm/slaves/37044eb5-61c9-4c5c-8d73-e563873eb5b6-S0/frameworks/37044eb5-61c9-4c5c-8d73-e563873eb5b6-0000/executors/1b6b12d3-461e-4d1b-a4b3-19166892bc5f/runs/latest'
I0802 09:44:31.536748  9999 slave.cpp:1084] Successfully attached '/tmp/DiskQuotaTest_SlaveRecovery_Rs0uqm/slaves/37044eb5-61c9-4c5c-8d73-e563873eb5b6-S0/frameworks/37044eb5-61c9-4c5c-8d73-e563873eb5b6-0000/executors/1b6b12d3-461e-4d1b-a4b3-19166892bc5f/runs/b75cde6f-1b12-438a-83fc-979172b3e79e' to virtual path '/frameworks/37044eb5-61c9-4c5c-8d73-e563873eb5b6-0000/executors/1b6b12d3-461e-4d1b-a4b3-19166892bc5f/runs/latest'
I0802 09:44:31.536797  9999 slave.cpp:1084] Successfully attached '/tmp/DiskQuotaTest_SlaveRecovery_Rs0uqm/slaves/37044eb5-61c9-4c5c-8d73-e563873eb5b6-S0/frameworks/37044eb5-61c9-4c5c-8d73-e563873eb5b6-0000/executors/1b6b12d3-461e-4d1b-a4b3-19166892bc5f/runs/b75cde6f-1b12-438a-83fc-979172b3e79e' to virtual path '/tmp/DiskQuotaTest_SlaveRecovery_Rs0uqm/slaves/37044eb5-61c9-4c5c-8d73-e563873eb5b6-S0/frameworks/37044eb5-61c9-4c5c-8d73-e563873eb5b6-0000/executors/1b6b12d3-461e-4d1b-a4b3-19166892bc5f/runs/b75cde6f-1b12-438a-83fc-979172b3e79e'
I0802 09:44:31.537022  9999 slave.cpp:3651] Launching container b75cde6f-1b12-438a-83fc-979172b3e79e for executor '1b6b12d3-461e-4d1b-a4b3-19166892bc5f' of framework 37044eb5-61c9-4c5c-8d73-e563873eb5b6-0000
I0802 09:44:31.537636  9999 containerizer.cpp:1382] Starting container b75cde6f-1b12-438a-83fc-979172b3e79e
I0802 09:44:31.538584  9999 containerizer.cpp:1554] Checkpointed ContainerConfig at '/tmp/DiskQuotaTest_SlaveRecovery_wmbcB7/containers/b75cde6f-1b12-438a-83fc-979172b3e79e/config'
I0802 09:44:31.538607  9999 containerizer.cpp:3302] Transitioning the state of container b75cde6f-1b12-438a-83fc-979172b3e79e from PROVISIONING to PREPARING
I0802 09:44:31.543437 10006 containerizer.cpp:2080] Launching 'mesos-containerizer' with flags '--help="false" --launch_info="{"command":{"arguments":["mesos-executor","--launcher_dir=/home/centos/workspace/mesos/Mesos_CI-build/FLAG/CMake/label/mesos-ec2-centos-7/mesos/build/src"],"shell":false,"value":"/proc/self/fd/11"},"environment":{"variables":[{"name":"LIBPROCESS_PORT","type":"VALUE","value":"0"},{"name":"MESOS_AGENT_ENDPOINT","type":"VALUE","value":"172.16.10.141:43961"},{"name":"MESOS_CHECKPOINT","type":"VALUE","value":"1"},{"name":"MESOS_DIRECTORY","type":"VALUE","value":"/tmp/DiskQuotaTest_SlaveRecovery_Rs0uqm/slaves/37044eb5-61c9-4c5c-8d73-e563873eb5b6-S0/frameworks/37044eb5-61c9-4c5c-8d73-e563873eb5b6-0000/executors/1b6b12d3-461e-4d1b-a4b3-19166892bc5f/runs/b75cde6f-1b12-438a-83fc-979172b3e79e"},{"name":"MESOS_EXECUTOR_ID","type":"VALUE","value":"1b6b12d3-461e-4d1b-a4b3-19166892bc5f"},{"name":"MESOS_EXECUTOR_SHUTDOWN_GRACE_PERIOD","type":"VALUE","value":"5secs"},{"name":"MESOS_FRAMEWORK_ID","type":"VALUE","value":"37044eb5-61c9-4c5c-8d73-e563873eb5b6-0000"},{"name":"MESOS_HTTP_COMMAND_EXECUTOR","type":"VALUE","value":"0"},{"name":"MESOS_RECOVERY_TIMEOUT","type":"VALUE","value":"15mins"},{"name":"MESOS_SLAVE_ID","type":"VALUE","value":"37044eb5-61c9-4c5c-8d73-e563873eb5b6-S0"},{"name":"MESOS_SLAVE_PID","type":"VALUE","value":"slave(426)@172.16.10.141:43961"},{"name":"MESOS_SUBSCRIPTION_BACKOFF_MAX","type":"VALUE","value":"2secs"},{"name":"MESOS_SANDBOX","type":"VALUE","value":"/tmp/DiskQuotaTest_SlaveRecovery_Rs0uqm/slaves/37044eb5-61c9-4c5c-8d73-e563873eb5b6-S0/frameworks/37044eb5-61c9-4c5c-8d73-e563873eb5b6-0000/executors/1b6b12d3-461e-4d1b-a4b3-19166892bc5f/runs/b75cde6f-1b12-438a-83fc-979172b3e79e"}]},"task_environment":{},"user":"root","working_directory":"/tmp/DiskQuotaTest_SlaveRecovery_Rs0uqm/slaves/37044eb5-61c9-4c5c-8d73-e563873eb5b6-S0/frameworks/37044eb5-61c9-4c5c-8d73-e563873eb5b6-0000/executors/1b6b12d3-461e-4d1b-a4b3-19166892bc5f/runs/b75cde6f-1b12-438a-83fc-979172b3e79e"}" --pipe_read="13" --pipe_write="16" --runtime_directory="/tmp/DiskQuotaTest_SlaveRecovery_wmbcB7/containers/b75cde6f-1b12-438a-83fc-979172b3e79e" --unshare_namespace_mnt="false"'
I0802 09:44:31.544214 10001 linux_launcher.cpp:492] Launching container b75cde6f-1b12-438a-83fc-979172b3e79e and cloning with namespaces 
I0802 09:44:31.555949 10006 containerizer.cpp:2189] Checkpointing container's forked pid 12120 to '/tmp/DiskQuotaTest_SlaveRecovery_Rs0uqm/meta/slaves/37044eb5-61c9-4c5c-8d73-e563873eb5b6-S0/frameworks/37044eb5-61c9-4c5c-8d73-e563873eb5b6-0000/executors/1b6b12d3-461e-4d1b-a4b3-19166892bc5f/runs/b75cde6f-1b12-438a-83fc-979172b3e79e/pids/forked.pid'
I0802 09:44:31.556577 10006 containerizer.cpp:3302] Transitioning the state of container b75cde6f-1b12-438a-83fc-979172b3e79e from PREPARING to ISOLATING
I0802 09:44:31.559630 10003 containerizer.cpp:3302] Transitioning the state of container b75cde6f-1b12-438a-83fc-979172b3e79e from ISOLATING to FETCHING
I0802 09:44:31.559830 10003 fetcher.cpp:369] Starting to fetch URIs for container: b75cde6f-1b12-438a-83fc-979172b3e79e, directory: /tmp/DiskQuotaTest_SlaveRecovery_Rs0uqm/slaves/37044eb5-61c9-4c5c-8d73-e563873eb5b6-S0/frameworks/37044eb5-61c9-4c5c-8d73-e563873eb5b6-0000/executors/1b6b12d3-461e-4d1b-a4b3-19166892bc5f/runs/b75cde6f-1b12-438a-83fc-979172b3e79e
I0802 09:44:31.560802 10003 containerizer.cpp:3302] Transitioning the state of container b75cde6f-1b12-438a-83fc-979172b3e79e from FETCHING to RUNNING
I0802 09:44:31.841174 12121 exec.cpp:164] Version: 1.9.0
I0802 09:44:31.850538 10005 slave.cpp:5222] Got registration for executor '1b6b12d3-461e-4d1b-a4b3-19166892bc5f' of framework 37044eb5-61c9-4c5c-8d73-e563873eb5b6-0000 from executor(1)@172.16.10.141:43466
I0802 09:44:31.851042 10005 slave.cpp:5308] Checkpointing executor pid 'executor(1)@172.16.10.141:43466' to '/tmp/DiskQuotaTest_SlaveRecovery_Rs0uqm/meta/slaves/37044eb5-61c9-4c5c-8d73-e563873eb5b6-S0/frameworks/37044eb5-61c9-4c5c-8d73-e563873eb5b6-0000/executors/1b6b12d3-461e-4d1b-a4b3-19166892bc5f/runs/b75cde6f-1b12-438a-83fc-979172b3e79e/pids/libprocess.pid'
I0802 09:44:31.853327 10005 disk.cpp:213] Updating the disk resources for container b75cde6f-1b12-438a-83fc-979172b3e79e to cpus(allocated: *):1.1; mem(allocated: *):160; disk(allocated: *):3
I0802 09:44:31.854358 10002 slave.cpp:3421] Sending queued task '1b6b12d3-461e-4d1b-a4b3-19166892bc5f' to executor '1b6b12d3-461e-4d1b-a4b3-19166892bc5f' of framework 37044eb5-61c9-4c5c-8d73-e563873eb5b6-0000 at executor(1)@172.16.10.141:43466
I0802 09:44:31.865262 12122 exec.cpp:237] Executor registered on agent 37044eb5-61c9-4c5c-8d73-e563873eb5b6-S0
I0802 09:44:31.868638 12125 executor.cpp:190] Received SUBSCRIBED event
I0802 09:44:31.869228 12125 executor.cpp:194] Subscribed executor on ip-172-16-10-141.ec2.internal
I0802 09:44:31.869396 12125 executor.cpp:190] Received LAUNCH event
I0802 09:44:31.870997 12125 executor.cpp:722] Starting task 1b6b12d3-461e-4d1b-a4b3-19166892bc5f
I0802 09:44:31.874735 10002 slave.cpp:5703] Handling status update TASK_STARTING (Status UUID: ff1d617d-fd56-41a8-a495-80ecb2506044) for task 1b6b12d3-461e-4d1b-a4b3-19166892bc5f of framework 37044eb5-61c9-4c5c-8d73-e563873eb5b6-0000 from executor(1)@172.16.10.141:43466
I0802 09:44:31.877836 10002 task_status_update_manager.cpp:328] Received task status update TASK_STARTING (Status UUID: ff1d617d-fd56-41a8-a495-80ecb2506044) for task 1b6b12d3-461e-4d1b-a4b3-19166892bc5f of framework 37044eb5-61c9-4c5c-8d73-e563873eb5b6-0000
I0802 09:44:31.877877 10002 task_status_update_manager.cpp:507] Creating StatusUpdate stream for task 1b6b12d3-461e-4d1b-a4b3-19166892bc5f of framework 37044eb5-61c9-4c5c-8d73-e563873eb5b6-0000
I0802 09:44:31.878751 10002 task_status_update_manager.cpp:842] Checkpointing UPDATE for task status update TASK_STARTING (Status UUID: ff1d617d-fd56-41a8-a495-80ecb2506044) for task 1b6b12d3-461e-4d1b-a4b3-19166892bc5f of framework 37044eb5-61c9-4c5c-8d73-e563873eb5b6-0000
I0802 09:44:31.878979 10002 task_status_update_manager.cpp:383] Forwarding task status update TASK_STARTING (Status UUID: ff1d617d-fd56-41a8-a495-80ecb2506044) for task 1b6b12d3-461e-4d1b-a4b3-19166892bc5f of framework 37044eb5-61c9-4c5c-8d73-e563873eb5b6-0000 to the agent
I0802 09:44:31.879325 10006 slave.cpp:6229] Forwarding the update TASK_STARTING (Status UUID: ff1d617d-fd56-41a8-a495-80ecb2506044) for task 1b6b12d3-461e-4d1b-a4b3-19166892bc5f of framework 37044eb5-61c9-4c5c-8d73-e563873eb5b6-0000 to master@172.16.10.141:43961
I0802 09:44:31.879539 10006 slave.cpp:6122] Task status update manager successfully handled status update TASK_STARTING (Status UUID: ff1d617d-fd56-41a8-a495-80ecb2506044) for task 1b6b12d3-461e-4d1b-a4b3-19166892bc5f of framework 37044eb5-61c9-4c5c-8d73-e563873eb5b6-0000
I0802 09:44:31.879581 10006 slave.cpp:6138] Sending acknowledgement for status update TASK_STARTING (Status UUID: ff1d617d-fd56-41a8-a495-80ecb2506044) for task 1b6b12d3-461e-4d1b-a4b3-19166892bc5f of framework 37044eb5-61c9-4c5c-8d73-e563873eb5b6-0000 to executor(1)@172.16.10.141:43466
I0802 09:44:31.879698 10005 master.cpp:8946] Status update TASK_STARTING (Status UUID: ff1d617d-fd56-41a8-a495-80ecb2506044) for task 1b6b12d3-461e-4d1b-a4b3-19166892bc5f of framework 37044eb5-61c9-4c5c-8d73-e563873eb5b6-0000 from agent 37044eb5-61c9-4c5c-8d73-e563873eb5b6-S0 at slave(426)@172.16.10.141:43961 (ip-172-16-10-141.ec2.internal)
I0802 09:44:31.879753 10005 master.cpp:9003] Forwarding status update TASK_STARTING (Status UUID: ff1d617d-fd56-41a8-a495-80ecb2506044) for task 1b6b12d3-461e-4d1b-a4b3-19166892bc5f of framework 37044eb5-61c9-4c5c-8d73-e563873eb5b6-0000
I0802 09:44:31.880007 10005 master.cpp:12034] Updating the state of task 1b6b12d3-461e-4d1b-a4b3-19166892bc5f of framework 37044eb5-61c9-4c5c-8d73-e563873eb5b6-0000 (latest state: TASK_STARTING, status update state: TASK_STARTING)
I0802 09:44:31.880257 10006 sched.cpp:1042] Scheduler::statusUpdate took 77989ns
I0802 09:44:31.880990 10006 master.cpp:6693] Processing ACKNOWLEDGE call for status ff1d617d-fd56-41a8-a495-80ecb2506044 for task 1b6b12d3-461e-4d1b-a4b3-19166892bc5f of framework 37044eb5-61c9-4c5c-8d73-e563873eb5b6-0000 (default) at scheduler-1ba5a928-56ae-4448-b6ce-0843d1a01522@172.16.10.141:43961 on agent 37044eb5-61c9-4c5c-8d73-e563873eb5b6-S0
I0802 09:44:31.881352 10003 task_status_update_manager.cpp:401] Received task status update acknowledgement (UUID: ff1d617d-fd56-41a8-a495-80ecb2506044) for task 1b6b12d3-461e-4d1b-a4b3-19166892bc5f of framework 37044eb5-61c9-4c5c-8d73-e563873eb5b6-0000
I0802 09:44:31.881451 10003 task_status_update_manager.cpp:842] Checkpointing ACK for task status update TASK_STARTING (Status UUID: ff1d617d-fd56-41a8-a495-80ecb2506044) for task 1b6b12d3-461e-4d1b-a4b3-19166892bc5f of framework 37044eb5-61c9-4c5c-8d73-e563873eb5b6-0000
I0802 09:44:31.881762 10003 slave.cpp:4832] Task status update manager successfully handled status update acknowledgement (UUID: ff1d617d-fd56-41a8-a495-80ecb2506044) for task 1b6b12d3-461e-4d1b-a4b3-19166892bc5f of framework 37044eb5-61c9-4c5c-8d73-e563873eb5b6-0000
I0802 09:44:31.890092 12125 executor.cpp:738] Forked command at 12133
I0802 09:44:31.893734 10001 slave.cpp:5703] Handling status update TASK_RUNNING (Status UUID: a77386be-a7e8-4166-ae80-c63358670aca) for task 1b6b12d3-461e-4d1b-a4b3-19166892bc5f of framework 37044eb5-61c9-4c5c-8d73-e563873eb5b6-0000 from executor(1)@172.16.10.141:43466
I0802 09:44:31.896277 10001 task_status_update_manager.cpp:328] Received task status update TASK_RUNNING (Status UUID: a77386be-a7e8-4166-ae80-c63358670aca) for task 1b6b12d3-461e-4d1b-a4b3-19166892bc5f of framework 37044eb5-61c9-4c5c-8d73-e563873eb5b6-0000
I0802 09:44:31.896335 10001 task_status_update_manager.cpp:842] Checkpointing UPDATE for task status update TASK_RUNNING (Status UUID: a77386be-a7e8-4166-ae80-c63358670aca) for task 1b6b12d3-461e-4d1b-a4b3-19166892bc5f of framework 37044eb5-61c9-4c5c-8d73-e563873eb5b6-0000
I0802 09:44:31.896517 10001 task_status_update_manager.cpp:383] Forwarding task status update TASK_RUNNING (Status UUID: a77386be-a7e8-4166-ae80-c63358670aca) for task 1b6b12d3-461e-4d1b-a4b3-19166892bc5f of framework 37044eb5-61c9-4c5c-8d73-e563873eb5b6-0000 to the agent
I0802 09:44:31.896791 10001 slave.cpp:6229] Forwarding the update TASK_RUNNING (Status UUID: a77386be-a7e8-4166-ae80-c63358670aca) for task 1b6b12d3-461e-4d1b-a4b3-19166892bc5f of framework 37044eb5-61c9-4c5c-8d73-e563873eb5b6-0000 to master@172.16.10.141:43961
I0802 09:44:31.896950 10001 slave.cpp:6122] Task status update manager successfully handled status update TASK_RUNNING (Status UUID: a77386be-a7e8-4166-ae80-c63358670aca) for task 1b6b12d3-461e-4d1b-a4b3-19166892bc5f of framework 37044eb5-61c9-4c5c-8d73-e563873eb5b6-0000
I0802 09:44:31.896988 10001 slave.cpp:6138] Sending acknowledgement for status update TASK_RUNNING (Status UUID: a77386be-a7e8-4166-ae80-c63358670aca) for task 1b6b12d3-461e-4d1b-a4b3-19166892bc5f of framework 37044eb5-61c9-4c5c-8d73-e563873eb5b6-0000 to executor(1)@172.16.10.141:43466
I0802 09:44:31.897511 10001 master.cpp:8946] Status update TASK_RUNNING (Status UUID: a77386be-a7e8-4166-ae80-c63358670aca) for task 1b6b12d3-461e-4d1b-a4b3-19166892bc5f of framework 37044eb5-61c9-4c5c-8d73-e563873eb5b6-0000 from agent 37044eb5-61c9-4c5c-8d73-e563873eb5b6-S0 at slave(426)@172.16.10.141:43961 (ip-172-16-10-141.ec2.internal)
I0802 09:44:31.897558 10001 master.cpp:9003] Forwarding status update TASK_RUNNING (Status UUID: a77386be-a7e8-4166-ae80-c63358670aca) for task 1b6b12d3-461e-4d1b-a4b3-19166892bc5f of framework 37044eb5-61c9-4c5c-8d73-e563873eb5b6-0000
I0802 09:44:31.897753 10001 master.cpp:12034] Updating the state of task 1b6b12d3-461e-4d1b-a4b3-19166892bc5f of framework 37044eb5-61c9-4c5c-8d73-e563873eb5b6-0000 (latest state: TASK_RUNNING, status update state: TASK_RUNNING)
I0802 09:44:31.898010 10001 sched.cpp:1042] Scheduler::statusUpdate took 57040ns
I0802 09:44:31.898350 10001 master.cpp:6693] Processing ACKNOWLEDGE call for status a77386be-a7e8-4166-ae80-c63358670aca for task 1b6b12d3-461e-4d1b-a4b3-19166892bc5f of framework 37044eb5-61c9-4c5c-8d73-e563873eb5b6-0000 (default) at scheduler-1ba5a928-56ae-4448-b6ce-0843d1a01522@172.16.10.141:43961 on agent 37044eb5-61c9-4c5c-8d73-e563873eb5b6-S0
I0802 09:44:31.898816 10001 task_status_update_manager.cpp:401] Received task status update acknowledgement (UUID: a77386be-a7e8-4166-ae80-c63358670aca) for task 1b6b12d3-461e-4d1b-a4b3-19166892bc5f of framework 37044eb5-61c9-4c5c-8d73-e563873eb5b6-0000
I0802 09:44:31.898892 10001 task_status_update_manager.cpp:842] Checkpointing ACK for task status update TASK_RUNNING (Status UUID: a77386be-a7e8-4166-ae80-c63358670aca) for task 1b6b12d3-461e-4d1b-a4b3-19166892bc5f of framework 37044eb5-61c9-4c5c-8d73-e563873eb5b6-0000
I0802 09:44:31.899096 10001 slave.cpp:4832] Task status update manager successfully handled status update acknowledgement (UUID: a77386be-a7e8-4166-ae80-c63358670aca) for task 1b6b12d3-461e-4d1b-a4b3-19166892bc5f of framework 37044eb5-61c9-4c5c-8d73-e563873eb5b6-0000
I0802 09:44:31.902472 29894 slave.cpp:924] Agent terminating
I0802 09:44:31.903327 29894 containerizer.cpp:318] Using isolation { environment_secret, filesystem/posix, network/cni, posix/mem, disk/du, posix/cpu }
I0802 09:44:31.906836 10006 master.cpp:1295] Agent 37044eb5-61c9-4c5c-8d73-e563873eb5b6-S0 at slave(426)@172.16.10.141:43961 (ip-172-16-10-141.ec2.internal) disconnected
I0802 09:44:31.906857 10006 master.cpp:3397] Disconnecting agent 37044eb5-61c9-4c5c-8d73-e563873eb5b6-S0 at slave(426)@172.16.10.141:43961 (ip-172-16-10-141.ec2.internal)
I0802 09:44:31.906904 10006 master.cpp:3416] Deactivating agent 37044eb5-61c9-4c5c-8d73-e563873eb5b6-S0 at slave(426)@172.16.10.141:43961 (ip-172-16-10-141.ec2.internal)
I0802 09:44:31.907112 10006 hierarchical.cpp:799] Agent 37044eb5-61c9-4c5c-8d73-e563873eb5b6-S0 deactivated
I0802 09:44:31.911001 29894 linux_launcher.cpp:144] Using /sys/fs/cgroup/freezer as the freezer hierarchy for the Linux launcher
I0802 09:44:31.911985 29894 provisioner.cpp:300] Using default backend 'copy'
W0802 09:44:31.942239 29894 process.cpp:2877] Attempted to spawn already running process files@172.16.10.141:43961
I0802 09:44:31.942802 29894 cluster.cpp:518] Creating default 'local' authorizer
I0802 09:44:31.951146 10000 slave.cpp:267] Mesos agent started on (427)@172.16.10.141:43961
I0802 09:44:31.951166 10000 slave.cpp:268] Flags at startup: --acls="" --appc_simple_discovery_uri_prefix="http://" --appc_store_dir="/tmp/5ZwOfB/jDOTLS/store/appc" --authenticate_http_readonly="true" --authenticate_http_readwrite="false" --authenticatee="crammd5" --authentication_backoff_factor="1secs" --authentication_timeout_max="1mins" --authentication_timeout_min="5secs" --authorizer="local" --cgroups_cpu_enable_pids_and_tids_count="false" --cgroups_destroy_timeout="1mins" --cgroups_enable_cfs="false" --cgroups_hierarchy="/sys/fs/cgroup" --cgroups_limit_swap="false" --cgroups_root="mesos" --container_disk_watch_interval="1ms" --containerizers="mesos" --credential="/tmp/5ZwOfB/jDOTLS/credential" --default_role="*" --disallow_sharing_agent_ipc_namespace="false" --disallow_sharing_agent_pid_namespace="false" --disk_watch_interval="1mins" --docker="docker" --docker_ignore_runtime="false" --docker_kill_orphans="true" --docker_registry="https://registry-1.docker.io" --docker_remove_delay="6hrs" --docker_socket="/var/run/docker.sock" --docker_stop_timeout="0ns" --docker_store_dir="/tmp/5ZwOfB/jDOTLS/store/docker" --docker_volume_checkpoint_dir="/var/run/mesos/isolators/docker/volume" --enforce_container_disk_quota="false" --executor_registration_timeout="1mins" --executor_reregistration_timeout="2secs" --executor_shutdown_grace_period="5secs" --fetcher_cache_dir="/tmp/5ZwOfB/jDOTLS/fetch" --fetcher_cache_size="2GB" --fetcher_stall_timeout="1mins" --frameworks_home="/tmp/5ZwOfB/jDOTLS/frameworks" --gc_delay="1weeks" --gc_disk_headroom="0.1" --gc_non_executor_container_sandboxes="false" --help="false" --hostname_lookup="true" --http_command_executor="false" --http_credentials="/tmp/5ZwOfB/jDOTLS/http_credentials" --http_heartbeat_interval="30secs" --initialize_driver_logging="true" --isolation="posix/cpu,posix/mem,disk/du" --launcher="linux" --launcher_dir="/home/centos/workspace/mesos/Mesos_CI-build/FLAG/CMake/label/mesos-ec2-centos-7/mesos/build/src" --logbufsecs="0" --logging_level="INFO" --max_completed_executors_per_framework="150" --memory_profiling="false" --network_cni_metrics="true" --network_cni_root_dir_persist="false" --oversubscribed_resources_interval="15secs" --perf_duration="10secs" --perf_interval="1mins" --port="5051" --qos_correction_interval_min="0ns" --quiet="false" --reconfiguration_policy="equal" --recover="reconnect" --recovery_timeout="15mins" --registration_backoff_factor="10ms" --resources="cpus:2;gpus:0;mem:1024;disk:1024;ports:[31000-32000]" --revocable_cpu_low_priority="true" --runtime_dir="/tmp/DiskQuotaTest_SlaveRecovery_wmbcB7" --sandbox_directory="/mnt/mesos/sandbox" --strict="true" --switch_user="true" --systemd_enable_support="true" --systemd_runtime_directory="/run/systemd/system" --version="false" --work_dir="/tmp/DiskQuotaTest_SlaveRecovery_Rs0uqm" --zk_session_timeout="10secs"
I0802 09:44:31.951644 10000 credentials.hpp:86] Loading credential for authentication from '/tmp/5ZwOfB/jDOTLS/credential'
I0802 09:44:31.951797 10000 slave.cpp:300] Agent using credential for: test-principal
I0802 09:44:31.951812 10000 credentials.hpp:37] Loading credentials for authentication from '/tmp/5ZwOfB/jDOTLS/http_credentials'
I0802 09:44:31.951977 10000 http.cpp:975] Creating default 'basic' HTTP authenticator for realm 'mesos-agent-readonly'
I0802 09:44:31.952239 10000 disk_profile_adaptor.cpp:78] Creating default disk profile adaptor module
