I1029 11:43:47.979269 27881472 task_status_update_manager.cpp:401] Received task status update acknowledgement (UUID: dba8abaa-439e-4506-9c93-3f553873e6ed) for task baea9a8f-c34f-491b-bd03-fa14f85bf3ab of framework 76f01095-30e8-488f-993a-a2cd92ba3528-0000
I1029 11:43:47.979499 30564352 slave.cpp:4690] Task status update manager successfully handled status update acknowledgement (UUID: dba8abaa-439e-4506-9c93-3f553873e6ed) for task baea9a8f-c34f-491b-bd03-fa14f85bf3ab of framework 76f01095-30e8-488f-993a-a2cd92ba3528-0000
I1029 11:43:47.981012 30027776 launcher.cpp:145] Forked child with pid '7857' for container 'f2ac6d81-c89d-4423-940e-84cee380b6d1.3023f943-9271-4264-a14a-56645d0566f0'
I1029 11:43:47.982195 30027776 containerizer.cpp:3273] Transitioning the state of container f2ac6d81-c89d-4423-940e-84cee380b6d1.3023f943-9271-4264-a14a-56645d0566f0 from PREPARING to ISOLATING
I1029 11:43:47.984869 30027776 containerizer.cpp:2056] Launching 'mesos-containerizer' with flags '--help="false" --launch_info="{"command":{"shell":true,"value":"sleep 1000"},"environment":{"variables":[{"name":"MESOS_SANDBOX","type":"VALUE","value":"/var/folders/6w/rw03zh013y38ys6cyn8qppf80000gn/T/MesosContainerizer_DefaultExecutorTest_MaxCompletionTime_0_f51r3P/slaves/76f01095-30e8-488f-993a-a2cd92ba3528-S0/frameworks/76f01095-30e8-488f-993a-a2cd92ba3528-0000/executors/default/runs/f2ac6d81-c89d-4423-940e-84cee380b6d1/containers/c1ab30cc-50c7-4254-85c4-12440df81c28"},{"name":"MESOS_CONTAINER_IP","type":"VALUE","value":"10.0.49.4"}]},"task_environment":{},"user":"jenkins","working_directory":"/var/folders/6w/rw03zh013y38ys6cyn8qppf80000gn/T/MesosContainerizer_DefaultExecutorTest_MaxCompletionTime_0_f51r3P/slaves/76f01095-30e8-488f-993a-a2cd92ba3528-S0/frameworks/76f01095-30e8-488f-993a-a2cd92ba3528-0000/executors/default/runs/f2ac6d81-c89d-4423-940e-84cee380b6d1/containers/c1ab30cc-50c7-4254-85c4-12440df81c28"}" --pipe_read="47" --pipe_write="48" --runtime_directory="/var/folders/6w/rw03zh013y38ys6cyn8qppf80000gn/T/MesosContainerizer_DefaultExecutorTest_MaxCompletionTime_0_Ope0XD/containers/f2ac6d81-c89d-4423-940e-84cee380b6d1/containers/c1ab30cc-50c7-4254-85c4-12440df81c28"'
I1029 11:43:47.986306 30027776 launcher.cpp:145] Forked child with pid '7859' for container 'f2ac6d81-c89d-4423-940e-84cee380b6d1.c1ab30cc-50c7-4254-85c4-12440df81c28'
I1029 11:43:47.987674 30027776 containerizer.cpp:3273] Transitioning the state of container f2ac6d81-c89d-4423-940e-84cee380b6d1.c1ab30cc-50c7-4254-85c4-12440df81c28 from PREPARING to ISOLATING
I1029 11:43:47.989830 30027776 containerizer.cpp:3273] Transitioning the state of container f2ac6d81-c89d-4423-940e-84cee380b6d1.3023f943-9271-4264-a14a-56645d0566f0 from ISOLATING to FETCHING
I1029 11:43:47.990952 27344896 fetcher.cpp:369] Starting to fetch URIs for container: f2ac6d81-c89d-4423-940e-84cee380b6d1.3023f943-9271-4264-a14a-56645d0566f0, directory: /var/folders/6w/rw03zh013y38ys6cyn8qppf80000gn/T/MesosContainerizer_DefaultExecutorTest_MaxCompletionTime_0_f51r3P/slaves/76f01095-30e8-488f-993a-a2cd92ba3528-S0/frameworks/76f01095-30e8-488f-993a-a2cd92ba3528-0000/executors/default/runs/f2ac6d81-c89d-4423-940e-84cee380b6d1/containers/3023f943-9271-4264-a14a-56645d0566f0
I1029 11:43:47.991158 30027776 containerizer.cpp:2056] Launching 'mesos-containerizer' with flags '--help="false" --launch_info="{"command":{"shell":true,"value":"sleep 1000"},"environment":{"variables":[{"name":"MESOS_SANDBOX","type":"VALUE","value":"/var/folders/6w/rw03zh013y38ys6cyn8qppf80000gn/T/MesosContainerizer_DefaultExecutorTest_MaxCompletionTime_0_f51r3P/slaves/76f01095-30e8-488f-993a-a2cd92ba3528-S0/frameworks/76f01095-30e8-488f-993a-a2cd92ba3528-0000/executors/default/runs/f2ac6d81-c89d-4423-940e-84cee380b6d1/containers/d9fb3f61-e0b5-42ca-acd3-a95941c2b822"},{"name":"MESOS_CONTAINER_IP","type":"VALUE","value":"10.0.49.4"}]},"task_environment":{},"user":"jenkins","working_directory":"/var/folders/6w/rw03zh013y38ys6cyn8qppf80000gn/T/MesosContainerizer_DefaultExecutorTest_MaxCompletionTime_0_f51r3P/slaves/76f01095-30e8-488f-993a-a2cd92ba3528-S0/frameworks/76f01095-30e8-488f-993a-a2cd92ba3528-0000/executors/default/runs/f2ac6d81-c89d-4423-940e-84cee380b6d1/containers/d9fb3f61-e0b5-42ca-acd3-a95941c2b822"}" --pipe_read="49" --pipe_write="50" --runtime_directory="/var/folders/6w/rw03zh013y38ys6cyn8qppf80000gn/T/MesosContainerizer_DefaultExecutorTest_MaxCompletionTime_0_Ope0XD/containers/f2ac6d81-c89d-4423-940e-84cee380b6d1/containers/d9fb3f61-e0b5-42ca-acd3-a95941c2b822"'
I1029 11:43:47.993409 30027776 launcher.cpp:145] Forked child with pid '7867' for container 'f2ac6d81-c89d-4423-940e-84cee380b6d1.d9fb3f61-e0b5-42ca-acd3-a95941c2b822'
I1029 11:43:47.994449 30027776 containerizer.cpp:3273] Transitioning the state of container f2ac6d81-c89d-4423-940e-84cee380b6d1.d9fb3f61-e0b5-42ca-acd3-a95941c2b822 from PREPARING to ISOLATING
I1029 11:43:47.996104 30027776 containerizer.cpp:3273] Transitioning the state of container f2ac6d81-c89d-4423-940e-84cee380b6d1.c1ab30cc-50c7-4254-85c4-12440df81c28 from ISOLATING to FETCHING
I1029 11:43:47.997856 27344896 fetcher.cpp:369] Starting to fetch URIs for container: f2ac6d81-c89d-4423-940e-84cee380b6d1.c1ab30cc-50c7-4254-85c4-12440df81c28, directory: /var/folders/6w/rw03zh013y38ys6cyn8qppf80000gn/T/MesosContainerizer_DefaultExecutorTest_MaxCompletionTime_0_f51r3P/slaves/76f01095-30e8-488f-993a-a2cd92ba3528-S0/frameworks/76f01095-30e8-488f-993a-a2cd92ba3528-0000/executors/default/runs/f2ac6d81-c89d-4423-940e-84cee380b6d1/containers/c1ab30cc-50c7-4254-85c4-12440df81c28
I1029 11:43:47.997939 30027776 containerizer.cpp:3273] Transitioning the state of container f2ac6d81-c89d-4423-940e-84cee380b6d1.3023f943-9271-4264-a14a-56645d0566f0 from FETCHING to RUNNING
I1029 11:43:47.998318 30027776 containerizer.cpp:3273] Transitioning the state of container f2ac6d81-c89d-4423-940e-84cee380b6d1.d9fb3f61-e0b5-42ca-acd3-a95941c2b822 from ISOLATING to FETCHING
I1029 11:43:48.000506 27344896 fetcher.cpp:369] Starting to fetch URIs for container: f2ac6d81-c89d-4423-940e-84cee380b6d1.d9fb3f61-e0b5-42ca-acd3-a95941c2b822, directory: /var/folders/6w/rw03zh013y38ys6cyn8qppf80000gn/T/MesosContainerizer_DefaultExecutorTest_MaxCompletionTime_0_f51r3P/slaves/76f01095-30e8-488f-993a-a2cd92ba3528-S0/frameworks/76f01095-30e8-488f-993a-a2cd92ba3528-0000/executors/default/runs/f2ac6d81-c89d-4423-940e-84cee380b6d1/containers/d9fb3f61-e0b5-42ca-acd3-a95941c2b822
I1029 11:43:48.000763 29491200 containerizer.cpp:3273] Transitioning the state of container f2ac6d81-c89d-4423-940e-84cee380b6d1.c1ab30cc-50c7-4254-85c4-12440df81c28 from FETCHING to RUNNING
I1029 11:43:48.001437 27881472 containerizer.cpp:3273] Transitioning the state of container f2ac6d81-c89d-4423-940e-84cee380b6d1.d9fb3f61-e0b5-42ca-acd3-a95941c2b822 from FETCHING to RUNNING
I1029 11:43:48.009479 43012096 default_executor.cpp:667] Finished launching tasks [ 5f1a4d5d-d55f-42e2-89e9-b734a78f413f, 7a03a973-6f47-41f4-b5f9-46fdaab70044, baea9a8f-c34f-491b-bd03-fa14f85bf3ab ] in child containers [ f2ac6d81-c89d-4423-940e-84cee380b6d1.3023f943-9271-4264-a14a-56645d0566f0, f2ac6d81-c89d-4423-940e-84cee380b6d1.c1ab30cc-50c7-4254-85c4-12440df81c28, f2ac6d81-c89d-4423-940e-84cee380b6d1.d9fb3f61-e0b5-42ca-acd3-a95941c2b822 ]
I1029 11:43:48.009552 43012096 default_executor.cpp:691] Waiting on child containers of tasks [ 5f1a4d5d-d55f-42e2-89e9-b734a78f413f, 7a03a973-6f47-41f4-b5f9-46fdaab70044, baea9a8f-c34f-491b-bd03-fa14f85bf3ab ]
I1029 11:43:48.011621 28418048 process.cpp:3596] Handling HTTP event for process 'slave(926)' with path: '/slave(926)/api/v1/executor'
I1029 11:43:48.012079 28418048 process.cpp:3596] Handling HTTP event for process 'slave(926)' with path: '/slave(926)/api/v1/executor'
I1029 11:43:48.012277 28418048 process.cpp:3596] Handling HTTP event for process 'slave(926)' with path: '/slave(926)/api/v1/executor'
I1029 11:43:48.013411 42475520 default_executor.cpp:752] Waiting for child container f2ac6d81-c89d-4423-940e-84cee380b6d1.3023f943-9271-4264-a14a-56645d0566f0 of task '5f1a4d5d-d55f-42e2-89e9-b734a78f413f'
I1029 11:43:48.013604 42475520 default_executor.cpp:752] Waiting for child container f2ac6d81-c89d-4423-940e-84cee380b6d1.c1ab30cc-50c7-4254-85c4-12440df81c28 of task '7a03a973-6f47-41f4-b5f9-46fdaab70044'
I1029 11:43:48.013690 42475520 default_executor.cpp:752] Waiting for child container f2ac6d81-c89d-4423-940e-84cee380b6d1.d9fb3f61-e0b5-42ca-acd3-a95941c2b822 of task 'baea9a8f-c34f-491b-bd03-fa14f85bf3ab'
I1029 11:43:48.016053 27881472 process.cpp:3596] Handling HTTP event for process 'slave(926)' with path: '/slave(926)/api/v1'
I1029 11:43:48.016234 27881472 process.cpp:3596] Handling HTTP event for process 'slave(926)' with path: '/slave(926)/api/v1'
I1029 11:43:48.016492 27881472 process.cpp:3596] Handling HTTP event for process 'slave(926)' with path: '/slave(926)/api/v1'
I1029 11:43:48.019081 31100928 http.cpp:1105] HTTP POST for /slave(926)/api/v1/executor from 10.0.49.4:64863
I1029 11:43:48.019275 31100928 slave.cpp:5551] Handling status update TASK_RUNNING (Status UUID: cba64842-6fed-4c7e-92e6-d9d1b33b6956) for task 5f1a4d5d-d55f-42e2-89e9-b734a78f413f of framework 76f01095-30e8-488f-993a-a2cd92ba3528-0000
I1029 11:43:48.019771 31100928 http.cpp:1105] HTTP POST for /slave(926)/api/v1/executor from 10.0.49.4:64863
I1029 11:43:48.019876 31100928 slave.cpp:5551] Handling status update TASK_RUNNING (Status UUID: 0b78bb7d-cf8f-4ebf-804d-11837253dd90) for task 7a03a973-6f47-41f4-b5f9-46fdaab70044 of framework 76f01095-30e8-488f-993a-a2cd92ba3528-0000
I1029 11:43:48.020148 31100928 http.cpp:1105] HTTP POST for /slave(926)/api/v1/executor from 10.0.49.4:64863
I1029 11:43:48.020377 31100928 slave.cpp:5551] Handling status update TASK_RUNNING (Status UUID: 1385e0ce-c7b2-437a-9d5a-357429eae568) for task baea9a8f-c34f-491b-bd03-fa14f85bf3ab of framework 76f01095-30e8-488f-993a-a2cd92ba3528-0000
I1029 11:43:48.020963 31100928 http.cpp:1105] HTTP POST for /slave(926)/api/v1 from 10.0.49.4:64867
I1029 11:43:48.021193 31100928 http.cpp:1105] HTTP POST for /slave(926)/api/v1 from 10.0.49.4:64865
I1029 11:43:48.021394 31100928 http.cpp:1105] HTTP POST for /slave(926)/api/v1 from 10.0.49.4:64866
I1029 11:43:48.021657 31100928 http.cpp:2677] Processing WAIT_NESTED_CONTAINER call for container 'f2ac6d81-c89d-4423-940e-84cee380b6d1.d9fb3f61-e0b5-42ca-acd3-a95941c2b822'
I1029 11:43:48.022042 31100928 http.cpp:2677] Processing WAIT_NESTED_CONTAINER call for container 'f2ac6d81-c89d-4423-940e-84cee380b6d1.3023f943-9271-4264-a14a-56645d0566f0'
I1029 11:43:48.022644 31100928 http.cpp:2677] Processing WAIT_NESTED_CONTAINER call for container 'f2ac6d81-c89d-4423-940e-84cee380b6d1.c1ab30cc-50c7-4254-85c4-12440df81c28'
I1029 11:43:48.023422 27344896 task_status_update_manager.cpp:328] Received task status update TASK_RUNNING (Status UUID: cba64842-6fed-4c7e-92e6-d9d1b33b6956) for task 5f1a4d5d-d55f-42e2-89e9-b734a78f413f of framework 76f01095-30e8-488f-993a-a2cd92ba3528-0000
I1029 11:43:48.023505 27344896 task_status_update_manager.cpp:383] Forwarding task status update TASK_RUNNING (Status UUID: cba64842-6fed-4c7e-92e6-d9d1b33b6956) for task 5f1a4d5d-d55f-42e2-89e9-b734a78f413f of framework 76f01095-30e8-488f-993a-a2cd92ba3528-0000 to the agent
I1029 11:43:48.023744 27344896 task_status_update_manager.cpp:328] Received task status update TASK_RUNNING (Status UUID: 0b78bb7d-cf8f-4ebf-804d-11837253dd90) for task 7a03a973-6f47-41f4-b5f9-46fdaab70044 of framework 76f01095-30e8-488f-993a-a2cd92ba3528-0000
I1029 11:43:48.023813 27344896 task_status_update_manager.cpp:383] Forwarding task status update TASK_RUNNING (Status UUID: 0b78bb7d-cf8f-4ebf-804d-11837253dd90) for task 7a03a973-6f47-41f4-b5f9-46fdaab70044 of framework 76f01095-30e8-488f-993a-a2cd92ba3528-0000 to the agent
I1029 11:43:48.023950 27344896 task_status_update_manager.cpp:328] Received task status update TASK_RUNNING (Status UUID: 1385e0ce-c7b2-437a-9d5a-357429eae568) for task baea9a8f-c34f-491b-bd03-fa14f85bf3ab of framework 76f01095-30e8-488f-993a-a2cd92ba3528-0000
I1029 11:43:48.024016 31100928 slave.cpp:6056] Forwarding the update TASK_RUNNING (Status UUID: cba64842-6fed-4c7e-92e6-d9d1b33b6956) for task 5f1a4d5d-d55f-42e2-89e9-b734a78f413f of framework 76f01095-30e8-488f-993a-a2cd92ba3528-0000 to master@10.0.49.4:61465
I1029 11:43:48.024017 27344896 task_status_update_manager.cpp:383] Forwarding task status update TASK_RUNNING (Status UUID: 1385e0ce-c7b2-437a-9d5a-357429eae568) for task baea9a8f-c34f-491b-bd03-fa14f85bf3ab of framework 76f01095-30e8-488f-993a-a2cd92ba3528-0000 to the agent
I1029 11:43:48.024560 31100928 slave.cpp:5940] Task status update manager successfully handled status update TASK_RUNNING (Status UUID: cba64842-6fed-4c7e-92e6-d9d1b33b6956) for task 5f1a4d5d-d55f-42e2-89e9-b734a78f413f of framework 76f01095-30e8-488f-993a-a2cd92ba3528-0000
I1029 11:43:48.024587 29491200 master.cpp:8703] Status update TASK_RUNNING (Status UUID: cba64842-6fed-4c7e-92e6-d9d1b33b6956) for task 5f1a4d5d-d55f-42e2-89e9-b734a78f413f of framework 76f01095-30e8-488f-993a-a2cd92ba3528-0000 from agent 76f01095-30e8-488f-993a-a2cd92ba3528-S0 at slave(926)@10.0.49.4:61465 (Jenkinss-Mac-mini.local)
I1029 11:43:48.024729 29491200 master.cpp:8760] Forwarding status update TASK_RUNNING (Status UUID: cba64842-6fed-4c7e-92e6-d9d1b33b6956) for task 5f1a4d5d-d55f-42e2-89e9-b734a78f413f of framework 76f01095-30e8-488f-993a-a2cd92ba3528-0000
I1029 11:43:48.024737 31100928 slave.cpp:6056] Forwarding the update TASK_RUNNING (Status UUID: 0b78bb7d-cf8f-4ebf-804d-11837253dd90) for task 7a03a973-6f47-41f4-b5f9-46fdaab70044 of framework 76f01095-30e8-488f-993a-a2cd92ba3528-0000 to master@10.0.49.4:61465
I1029 11:43:48.024830 31100928 slave.cpp:5940] Task status update manager successfully handled status update TASK_RUNNING (Status UUID: 0b78bb7d-cf8f-4ebf-804d-11837253dd90) for task 7a03a973-6f47-41f4-b5f9-46fdaab70044 of framework 76f01095-30e8-488f-993a-a2cd92ba3528-0000
I1029 11:43:48.024935 31100928 slave.cpp:6056] Forwarding the update TASK_RUNNING (Status UUID: 1385e0ce-c7b2-437a-9d5a-357429eae568) for task baea9a8f-c34f-491b-bd03-fa14f85bf3ab of framework 76f01095-30e8-488f-993a-a2cd92ba3528-0000 to master@10.0.49.4:61465
I1029 11:43:48.025020 29491200 master.cpp:11761] Updating the state of task 5f1a4d5d-d55f-42e2-89e9-b734a78f413f of framework 76f01095-30e8-488f-993a-a2cd92ba3528-0000 (latest state: TASK_RUNNING, status update state: TASK_RUNNING)
I1029 11:43:48.025022 31100928 slave.cpp:5940] Task status update manager successfully handled status update TASK_RUNNING (Status UUID: 1385e0ce-c7b2-437a-9d5a-357429eae568) for task baea9a8f-c34f-491b-bd03-fa14f85bf3ab of framework 76f01095-30e8-488f-993a-a2cd92ba3528-0000
I1029 11:43:48.025131 29491200 master.cpp:8703] Status update TASK_RUNNING (Status UUID: 0b78bb7d-cf8f-4ebf-804d-11837253dd90) for task 7a03a973-6f47-41f4-b5f9-46fdaab70044 of framework 76f01095-30e8-488f-993a-a2cd92ba3528-0000 from agent 76f01095-30e8-488f-993a-a2cd92ba3528-S0 at slave(926)@10.0.49.4:61465 (Jenkinss-Mac-mini.local)
I1029 11:43:48.025166 29491200 master.cpp:8760] Forwarding status update TASK_RUNNING (Status UUID: 0b78bb7d-cf8f-4ebf-804d-11837253dd90) for task 7a03a973-6f47-41f4-b5f9-46fdaab70044 of framework 76f01095-30e8-488f-993a-a2cd92ba3528-0000
I1029 11:43:48.025315 29491200 master.cpp:11761] Updating the state of task 7a03a973-6f47-41f4-b5f9-46fdaab70044 of framework 76f01095-30e8-488f-993a-a2cd92ba3528-0000 (latest state: TASK_RUNNING, status update state: TASK_RUNNING)
I1029 11:43:48.026017 29491200 master.cpp:8703] Status update TASK_RUNNING (Status UUID: 1385e0ce-c7b2-437a-9d5a-357429eae568) for task baea9a8f-c34f-491b-bd03-fa14f85bf3ab of framework 76f01095-30e8-488f-993a-a2cd92ba3528-0000 from agent 76f01095-30e8-488f-993a-a2cd92ba3528-S0 at slave(926)@10.0.49.4:61465 (Jenkinss-Mac-mini.local)
I1029 11:43:48.026087 29491200 master.cpp:8760] Forwarding status update TASK_RUNNING (Status UUID: 1385e0ce-c7b2-437a-9d5a-357429eae568) for task baea9a8f-c34f-491b-bd03-fa14f85bf3ab of framework 76f01095-30e8-488f-993a-a2cd92ba3528-0000
I1029 11:43:48.026315 29491200 master.cpp:11761] Updating the state of task baea9a8f-c34f-491b-bd03-fa14f85bf3ab of framework 76f01095-30e8-488f-993a-a2cd92ba3528-0000 (latest state: TASK_RUNNING, status update state: TASK_RUNNING)
I1029 11:43:48.028239 30027776 scheduler.cpp:847] Enqueuing event UPDATE received from http://10.0.49.4:61465/master/api/v1/scheduler
I1029 11:43:48.028554 45158400 default_executor.cpp:204] Received ACKNOWLEDGED event
I1029 11:43:48.029109 28954624 scheduler.cpp:847] Enqueuing event UPDATE received from http://10.0.49.4:61465/master/api/v1/scheduler
I1029 11:43:48.029392 42475520 default_executor.cpp:204] Received ACKNOWLEDGED event
I1029 11:43:48.029397 28954624 scheduler.cpp:246] Adding authentication headers to ACKNOWLEDGE call to http://10.0.49.4:61465/master/api/v1/scheduler
I1029 11:43:48.029922 27881472 scheduler.cpp:847] Enqueuing event UPDATE received from http://10.0.49.4:61465/master/api/v1/scheduler
I1029 11:43:48.030015 41938944 default_executor.cpp:204] Received ACKNOWLEDGED event
I1029 11:43:48.030177 27881472 scheduler.cpp:246] Adding authentication headers to ACKNOWLEDGE call to http://10.0.49.4:61465/master/api/v1/scheduler
I1029 11:43:48.030266 27881472 scheduler.cpp:600] Sending ACKNOWLEDGE call to http://10.0.49.4:61465/master/api/v1/scheduler
I1029 11:43:48.030690 27881472 scheduler.cpp:600] Sending ACKNOWLEDGE call to http://10.0.49.4:61465/master/api/v1/scheduler
I1029 11:43:48.030802 27881472 scheduler.cpp:246] Adding authentication headers to ACKNOWLEDGE call to http://10.0.49.4:61465/master/api/v1/scheduler
I1029 11:43:48.031085 27344896 scheduler.cpp:600] Sending ACKNOWLEDGE call to http://10.0.49.4:61465/master/api/v1/scheduler
I1029 11:43:48.031937 29491200 process.cpp:3596] Handling HTTP event for process 'master' with path: '/master/api/v1/scheduler'
I1029 11:43:48.032168 29491200 process.cpp:3596] Handling HTTP event for process 'master' with path: '/master/api/v1/scheduler'
I1029 11:43:48.032392 29491200 process.cpp:3596] Handling HTTP event for process 'master' with path: '/master/api/v1/scheduler'
I1029 11:43:48.033864 31100928 http.cpp:1105] HTTP POST for /master/api/v1/scheduler from 10.0.49.4:64860
I1029 11:43:48.034006 31100928 master.cpp:6465] Processing ACKNOWLEDGE call for status cba64842-6fed-4c7e-92e6-d9d1b33b6956 for task 5f1a4d5d-d55f-42e2-89e9-b734a78f413f of framework 76f01095-30e8-488f-993a-a2cd92ba3528-0000 (default) on agent 76f01095-30e8-488f-993a-a2cd92ba3528-S0
I1029 11:43:48.034199 31100928 http.cpp:1105] HTTP POST for /master/api/v1/scheduler from 10.0.49.4:64860
I1029 11:43:48.034271 31100928 master.cpp:6465] Processing ACKNOWLEDGE call for status 0b78bb7d-cf8f-4ebf-804d-11837253dd90 for task 7a03a973-6f47-41f4-b5f9-46fdaab70044 of framework 76f01095-30e8-488f-993a-a2cd92ba3528-0000 (default) on agent 76f01095-30e8-488f-993a-a2cd92ba3528-S0
I1029 11:43:48.034457 31100928 http.cpp:1105] HTTP POST for /master/api/v1/scheduler from 10.0.49.4:64860
I1029 11:43:48.034534 31100928 master.cpp:6465] Processing ACKNOWLEDGE call for status 1385e0ce-c7b2-437a-9d5a-357429eae568 for task baea9a8f-c34f-491b-bd03-fa14f85bf3ab of framework 76f01095-30e8-488f-993a-a2cd92ba3528-0000 (default) on agent 76f01095-30e8-488f-993a-a2cd92ba3528-S0
I1029 11:43:48.034621 30027776 task_status_update_manager.cpp:401] Received task status update acknowledgement (UUID: cba64842-6fed-4c7e-92e6-d9d1b33b6956) for task 5f1a4d5d-d55f-42e2-89e9-b734a78f413f of framework 76f01095-30e8-488f-993a-a2cd92ba3528-0000
I1029 11:43:48.035117 27344896 slave.cpp:4690] Task status update manager successfully handled status update acknowledgement (UUID: cba64842-6fed-4c7e-92e6-d9d1b33b6956) for task 5f1a4d5d-d55f-42e2-89e9-b734a78f413f of framework 76f01095-30e8-488f-993a-a2cd92ba3528-0000
I1029 11:43:48.035696 30564352 task_status_update_manager.cpp:401] Received task status update acknowledgement (UUID: 0b78bb7d-cf8f-4ebf-804d-11837253dd90) for task 7a03a973-6f47-41f4-b5f9-46fdaab70044 of framework 76f01095-30e8-488f-993a-a2cd92ba3528-0000
I1029 11:43:48.036188 30027776 slave.cpp:4690] Task status update manager successfully handled status update acknowledgement (UUID: 0b78bb7d-cf8f-4ebf-804d-11837253dd90) for task 7a03a973-6f47-41f4-b5f9-46fdaab70044 of framework 76f01095-30e8-488f-993a-a2cd92ba3528-0000
I1029 11:43:48.036343 30564352 task_status_update_manager.cpp:401] Received task status update acknowledgement (UUID: 1385e0ce-c7b2-437a-9d5a-357429eae568) for task baea9a8f-c34f-491b-bd03-fa14f85bf3ab of framework 76f01095-30e8-488f-993a-a2cd92ba3528-0000
I1029 11:43:48.036693 27881472 slave.cpp:4690] Task status update manager successfully handled status update acknowledgement (UUID: 1385e0ce-c7b2-437a-9d5a-357429eae568) for task baea9a8f-c34f-491b-bd03-fa14f85bf3ab of framework 76f01095-30e8-488f-993a-a2cd92ba3528-0000
I1029 11:43:48.149107 31100928 containerizer.cpp:3112] Container f2ac6d81-c89d-4423-940e-84cee380b6d1.3023f943-9271-4264-a14a-56645d0566f0 has exited
I1029 11:43:48.149137 31100928 containerizer.cpp:2576] Destroying container f2ac6d81-c89d-4423-940e-84cee380b6d1.3023f943-9271-4264-a14a-56645d0566f0 in RUNNING state
I1029 11:43:48.149149 31100928 containerizer.cpp:3273] Transitioning the state of container f2ac6d81-c89d-4423-940e-84cee380b6d1.3023f943-9271-4264-a14a-56645d0566f0 from RUNNING to DESTROYING
I1029 11:43:48.149266 31100928 launcher.cpp:161] Asked to destroy container f2ac6d81-c89d-4423-940e-84cee380b6d1.3023f943-9271-4264-a14a-56645d0566f0
I1029 11:43:48.154300 30027776 provisioner.cpp:649] Ignoring destroy request for unknown container f2ac6d81-c89d-4423-940e-84cee380b6d1.3023f943-9271-4264-a14a-56645d0566f0
I1029 11:43:48.154381 29491200 containerizer.cpp:2894] Checkpointing termination state to nested container's runtime directory '/var/folders/6w/rw03zh013y38ys6cyn8qppf80000gn/T/MesosContainerizer_DefaultExecutorTest_MaxCompletionTime_0_Ope0XD/containers/f2ac6d81-c89d-4423-940e-84cee380b6d1/containers/3023f943-9271-4264-a14a-56645d0566f0/termination'
I1029 11:43:48.156263 31100928 process.cpp:3596] Handling HTTP event for process 'slave(926)' with path: '/slave(926)/api/v1/executor'
I1029 11:43:48.157306 27881472 http.cpp:1105] HTTP POST for /slave(926)/api/v1/executor from 10.0.49.4:64863
I1029 11:43:48.157433 27881472 slave.cpp:5551] Handling status update TASK_FINISHED (Status UUID: d2c42ff2-35b5-430c-a348-da5f8ec4fdd0) for task 5f1a4d5d-d55f-42e2-89e9-b734a78f413f of framework 76f01095-30e8-488f-993a-a2cd92ba3528-0000
I1029 11:43:48.158463 28954624 task_status_update_manager.cpp:328] Received task status update TASK_FINISHED (Status UUID: d2c42ff2-35b5-430c-a348-da5f8ec4fdd0) for task 5f1a4d5d-d55f-42e2-89e9-b734a78f413f of framework 76f01095-30e8-488f-993a-a2cd92ba3528-0000
I1029 11:43:48.158555 28954624 task_status_update_manager.cpp:383] Forwarding task status update TASK_FINISHED (Status UUID: d2c42ff2-35b5-430c-a348-da5f8ec4fdd0) for task 5f1a4d5d-d55f-42e2-89e9-b734a78f413f of framework 76f01095-30e8-488f-993a-a2cd92ba3528-0000 to the agent
I1029 11:43:48.158710 30564352 slave.cpp:6056] Forwarding the update TASK_FINISHED (Status UUID: d2c42ff2-35b5-430c-a348-da5f8ec4fdd0) for task 5f1a4d5d-d55f-42e2-89e9-b734a78f413f of framework 76f01095-30e8-488f-993a-a2cd92ba3528-0000 to master@10.0.49.4:61465
I1029 11:43:48.158874 30564352 slave.cpp:5940] Task status update manager successfully handled status update TASK_FINISHED (Status UUID: d2c42ff2-35b5-430c-a348-da5f8ec4fdd0) for task 5f1a4d5d-d55f-42e2-89e9-b734a78f413f of framework 76f01095-30e8-488f-993a-a2cd92ba3528-0000
I1029 11:43:48.158995 27881472 master.cpp:8703] Status update TASK_FINISHED (Status UUID: d2c42ff2-35b5-430c-a348-da5f8ec4fdd0) for task 5f1a4d5d-d55f-42e2-89e9-b734a78f413f of framework 76f01095-30e8-488f-993a-a2cd92ba3528-0000 from agent 76f01095-30e8-488f-993a-a2cd92ba3528-S0 at slave(926)@10.0.49.4:61465 (Jenkinss-Mac-mini.local)
I1029 11:43:48.159032 27881472 master.cpp:8760] Forwarding status update TASK_FINISHED (Status UUID: d2c42ff2-35b5-430c-a348-da5f8ec4fdd0) for task 5f1a4d5d-d55f-42e2-89e9-b734a78f413f of framework 76f01095-30e8-488f-993a-a2cd92ba3528-0000
I1029 11:43:48.159236 27881472 master.cpp:11761] Updating the state of task 5f1a4d5d-d55f-42e2-89e9-b734a78f413f of framework 76f01095-30e8-488f-993a-a2cd92ba3528-0000 (latest state: TASK_FINISHED, status update state: TASK_FINISHED)
I1029 11:43:48.159754 29491200 hierarchical.cpp:1250] Recovered cpus(allocated: *):0.1; mem(allocated: *):32; disk(allocated: *):32 (total: cpus:2; mem:1024; disk:1024; ports:[31000-32000], allocated: cpus(allocated: *):0.3; mem(allocated: *):96; disk(allocated: *):96) on agent 76f01095-30e8-488f-993a-a2cd92ba3528-S0 from framework 76f01095-30e8-488f-993a-a2cd92ba3528-0000
I1029 11:43:48.160135 28954624 scheduler.cpp:847] Enqueuing event UPDATE received from http://10.0.49.4:61465/master/api/v1/scheduler
I1029 11:43:48.160557 31100928 scheduler.cpp:246] Adding authentication headers to ACKNOWLEDGE call to http://10.0.49.4:61465/master/api/v1/scheduler
I1029 11:43:48.160805 30027776 scheduler.cpp:600] Sending ACKNOWLEDGE call to http://10.0.49.4:61465/master/api/v1/scheduler
I1029 11:43:48.161267 27344896 process.cpp:3596] Handling HTTP event for process 'master' with path: '/master/api/v1/scheduler'
I1029 11:43:48.161823 29491200 http.cpp:1105] HTTP POST for /master/api/v1/scheduler from 10.0.49.4:64860
I1029 11:43:48.161917 29491200 master.cpp:6465] Processing ACKNOWLEDGE call for status d2c42ff2-35b5-430c-a348-da5f8ec4fdd0 for task 5f1a4d5d-d55f-42e2-89e9-b734a78f413f of framework 76f01095-30e8-488f-993a-a2cd92ba3528-0000 (default) on agent 76f01095-30e8-488f-993a-a2cd92ba3528-S0
I1029 11:43:48.162065 29491200 master.cpp:11859] Removing task 5f1a4d5d-d55f-42e2-89e9-b734a78f413f with resources cpus(allocated: *):0.1; mem(allocated: *):32; disk(allocated: *):32 of framework 76f01095-30e8-488f-993a-a2cd92ba3528-0000 on agent 76f01095-30e8-488f-993a-a2cd92ba3528-S0 at slave(926)@10.0.49.4:61465 (Jenkinss-Mac-mini.local)
I1029 11:43:48.162356 28418048 task_status_update_manager.cpp:401] Received task status update acknowledgement (UUID: d2c42ff2-35b5-430c-a348-da5f8ec4fdd0) for task 5f1a4d5d-d55f-42e2-89e9-b734a78f413f of framework 76f01095-30e8-488f-993a-a2cd92ba3528-0000
I1029 11:43:48.162499 28418048 task_status_update_manager.cpp:538] Cleaning up status update stream for task 5f1a4d5d-d55f-42e2-89e9-b734a78f413f of framework 76f01095-30e8-488f-993a-a2cd92ba3528-0000
I1029 11:43:48.162873 30564352 slave.cpp:4690] Task status update manager successfully handled status update acknowledgement (UUID: d2c42ff2-35b5-430c-a348-da5f8ec4fdd0) for task 5f1a4d5d-d55f-42e2-89e9-b734a78f413f of framework 76f01095-30e8-488f-993a-a2cd92ba3528-0000
I1029 11:43:48.162902 30564352 slave.cpp:10396] Completing task 5f1a4d5d-d55f-42e2-89e9-b734a78f413f
I1029 11:43:48.155825 43012096 default_executor.cpp:959] Child container f2ac6d81-c89d-4423-940e-84cee380b6d1.3023f943-9271-4264-a14a-56645d0566f0 of task '5f1a4d5d-d55f-42e2-89e9-b734a78f413f' completed in state TASK_FINISHED: Command exited with status 0
I1029 11:43:48.164722 43012096 default_executor.cpp:204] Received ACKNOWLEDGED event
I1029 11:44:06.001586 45158400 default_executor.cpp:1297] Killing task 7a03a973-6f47-41f4-b5f9-46fdaab70044 which exceeded its maximum completion time of 2secs
I1029 11:44:06.001718 45158400 default_executor.cpp:1130] Killing task 7a03a973-6f47-41f4-b5f9-46fdaab70044 running in child container f2ac6d81-c89d-4423-940e-84cee380b6d1.c1ab30cc-50c7-4254-85c4-12440df81c28 with SIGTERM signal
I1029 11:44:06.001734 45158400 default_executor.cpp:1141] Scheduling escalation to SIGKILL in 0ns from now
I1029 11:44:06.002432 45158400 default_executor.cpp:1219] Task '7a03a973-6f47-41f4-b5f9-46fdaab70044' running in child container f2ac6d81-c89d-4423-940e-84cee380b6d1.c1ab30cc-50c7-4254-85c4-12440df81c28 did not terminate after 0ns, sending SIGKILL to the container
../../src/tests/default_executor_tests.cpp:2034: Failure
Failed to wait 15secs for failedUpdate2
I1029 11:44:06.006541 28418048 hierarchical.cpp:1600] Performed allocation for 1 agents in 1.10683ms
I1029 11:44:06.007357 30027776 master.cpp:10130] Sending offers [ 76f01095-30e8-488f-993a-a2cd92ba3528-O1 ] to framework 76f01095-30e8-488f-993a-a2cd92ba3528-0000 (default)
I1029 11:44:06.008925 31100928 process.cpp:3596] Handling HTTP event for process 'slave(926)' with path: '/slave(926)/api/v1'
I1029 11:44:06.010767 29491200 master.cpp:1410] Framework 76f01095-30e8-488f-993a-a2cd92ba3528-0000 (default) disconnected
I1029 11:44:06.010795 29491200 master.cpp:3296] Deactivating framework 76f01095-30e8-488f-993a-a2cd92ba3528-0000 (default)
W1029 11:44:06.011119 29491200 master.hpp:2582] Unable to send message to framework 76f01095-30e8-488f-993a-a2cd92ba3528-0000 (default): connection closed
I1029 11:44:06.011199 29491200 master.cpp:12412] Removing offer 76f01095-30e8-488f-993a-a2cd92ba3528-O1
I1029 11:44:06.011248 29491200 master.cpp:3273] Disconnecting framework 76f01095-30e8-488f-993a-a2cd92ba3528-0000 (default)
I1029 11:44:06.011268 29491200 master.cpp:1425] Giving framework 76f01095-30e8-488f-993a-a2cd92ba3528-0000 (default) 0ns to failover
I1029 11:44:06.011554 28954624 process.cpp:3596] Handling HTTP event for process 'slave(926)' with path: '/slave(926)/api/v1'
I1029 11:44:06.011981 28418048 hierarchical.cpp:479] Deactivated framework 76f01095-30e8-488f-993a-a2cd92ba3528-0000
I1029 11:44:06.012426 28418048 hierarchical.cpp:1250] Recovered cpus(allocated: *):1.7; mem(allocated: *):928; disk(allocated: *):928; ports(allocated: *):[31000-32000] (total: cpus:2; mem:1024; disk:1024; ports:[31000-32000], allocated: cpus(allocated: *):0.3; mem(allocated: *):96; disk(allocated: *):96) on agent 76f01095-30e8-488f-993a-a2cd92ba3528-S0 from framework 76f01095-30e8-488f-993a-a2cd92ba3528-0000
I1029 11:44:06.013293 29491200 master.cpp:9922] Framework failover timeout, removing framework 76f01095-30e8-488f-993a-a2cd92ba3528-0000 (default)
I1029 11:44:06.013345 29491200 master.cpp:10923] Removing framework 76f01095-30e8-488f-993a-a2cd92ba3528-0000 (default)
I1029 11:44:06.013551 29491200 master.cpp:11761] Updating the state of task 7a03a973-6f47-41f4-b5f9-46fdaab70044 of framework 76f01095-30e8-488f-993a-a2cd92ba3528-0000 (latest state: TASK_KILLED, status update state: TASK_KILLED)
I1029 11:44:06.013811 29491200 master.cpp:11859] Removing task 7a03a973-6f47-41f4-b5f9-46fdaab70044 with resources cpus(allocated: *):0.1; mem(allocated: *):32; disk(allocated: *):32 of framework 76f01095-30e8-488f-993a-a2cd92ba3528-0000 on agent 76f01095-30e8-488f-993a-a2cd92ba3528-S0 at slave(926)@10.0.49.4:61465 (Jenkinss-Mac-mini.local)
I1029 11:44:06.014122 29491200 master.cpp:11761] Updating the state of task baea9a8f-c34f-491b-bd03-fa14f85bf3ab of framework 76f01095-30e8-488f-993a-a2cd92ba3528-0000 (latest state: TASK_KILLED, status update state: TASK_KILLED)
I1029 11:44:06.014297 29491200 master.cpp:11859] Removing task baea9a8f-c34f-491b-bd03-fa14f85bf3ab with resources cpus(allocated: *):0.1; mem(allocated: *):32; disk(allocated: *):32 of framework 76f01095-30e8-488f-993a-a2cd92ba3528-0000 on agent 76f01095-30e8-488f-993a-a2cd92ba3528-S0 at slave(926)@10.0.49.4:61465 (Jenkinss-Mac-mini.local)
I1029 11:44:06.014508 29491200 master.cpp:11899] Removing executor 'default' with resources cpus(allocated: *):0.1; mem(allocated: *):32; disk(allocated: *):32 of framework 76f01095-30e8-488f-993a-a2cd92ba3528-0000 on agent 76f01095-30e8-488f-993a-a2cd92ba3528-S0 at slave(926)@10.0.49.4:61465 (Jenkinss-Mac-mini.local)
I1029 11:44:06.014853 28954624 slave.cpp:3914] Asked to shut down framework 76f01095-30e8-488f-993a-a2cd92ba3528-0000 by master@10.0.49.4:61465
I1029 11:44:06.014904 28954624 slave.cpp:3939] Shutting down framework 76f01095-30e8-488f-993a-a2cd92ba3528-0000
I1029 11:44:06.014923 28954624 slave.cpp:6996] Shutting down executor 'default' of framework 76f01095-30e8-488f-993a-a2cd92ba3528-0000 (via HTTP)
I1029 11:44:06.015235 27344896 hierarchical.cpp:1250] Recovered cpus(allocated: *):0.1; mem(allocated: *):32; disk(allocated: *):32 (total: cpus:2; mem:1024; disk:1024; ports:[31000-32000], allocated: cpus(allocated: *):0.2; mem(allocated: *):64; disk(allocated: *):64) on agent 76f01095-30e8-488f-993a-a2cd92ba3528-S0 from framework 76f01095-30e8-488f-993a-a2cd92ba3528-0000
I1029 11:44:06.015524 27344896 hierarchical.cpp:1250] Recovered cpus(allocated: *):0.1; mem(allocated: *):32; disk(allocated: *):32 (total: cpus:2; mem:1024; disk:1024; ports:[31000-32000], allocated: cpus(allocated: *):0.1; mem(allocated: *):32; disk(allocated: *):32) on agent 76f01095-30e8-488f-993a-a2cd92ba3528-S0 from framework 76f01095-30e8-488f-993a-a2cd92ba3528-0000
I1029 11:44:06.015818 27344896 hierarchical.cpp:1250] Recovered cpus(allocated: *):0.1; mem(allocated: *):32; disk(allocated: *):32 (total: cpus:2; mem:1024; disk:1024; ports:[31000-32000], allocated: {}) on agent 76f01095-30e8-488f-993a-a2cd92ba3528-S0 from framework 76f01095-30e8-488f-993a-a2cd92ba3528-0000
I1029 11:44:06.015868 27344896 hierarchical.cpp:1524] Allocation paused
I1029 11:44:06.016842 27344896 hierarchical.cpp:422] Removed framework 76f01095-30e8-488f-993a-a2cd92ba3528-0000
I1029 11:44:06.016881 27344896 hierarchical.cpp:1534] Allocation resumed
I1029 11:44:06.019320 30564352 http.cpp:1105] HTTP POST for /slave(926)/api/v1 from 10.0.49.4:64868
I1029 11:44:06.019731 30564352 http.cpp:2842] Processing KILL_NESTED_CONTAINER call for container 'f2ac6d81-c89d-4423-940e-84cee380b6d1.c1ab30cc-50c7-4254-85c4-12440df81c28'
I1029 11:44:06.020053 41938944 default_executor.cpp:204] Received SHUTDOWN event
I1029 11:44:06.020082 41938944 default_executor.cpp:1025] Shutting down
I1029 11:44:06.020112 41938944 default_executor.cpp:1130] Killing task baea9a8f-c34f-491b-bd03-fa14f85bf3ab running in child container f2ac6d81-c89d-4423-940e-84cee380b6d1.d9fb3f61-e0b5-42ca-acd3-a95941c2b822 with SIGTERM signal
I1029 11:44:06.020125 41938944 default_executor.cpp:1141] Scheduling escalation to SIGKILL in 3secs from now
I1029 11:44:06.020406 29491200 http.cpp:1105] HTTP POST for /slave(926)/api/v1 from 10.0.49.4:64869
I1029 11:44:06.020709 29491200 http.cpp:2842] Processing KILL_NESTED_CONTAINER call for container 'f2ac6d81-c89d-4423-940e-84cee380b6d1.c1ab30cc-50c7-4254-85c4-12440df81c28'
I1029 11:44:06.022253 30027776 containerizer.cpp:2980] Sending Terminated: 15 to container f2ac6d81-c89d-4423-940e-84cee380b6d1.c1ab30cc-50c7-4254-85c4-12440df81c28 in RUNNING state
I1029 11:44:06.022987 30027776 containerizer.cpp:2980] Sending Killed: 9 to container f2ac6d81-c89d-4423-940e-84cee380b6d1.c1ab30cc-50c7-4254-85c4-12440df81c28 in RUNNING state
I1029 11:44:06.023033 28954624 process.cpp:3596] Handling HTTP event for process 'slave(926)' with path: '/slave(926)/api/v1'
I1029 11:44:06.028395 27881472 http.cpp:1105] HTTP POST for /slave(926)/api/v1 from 10.0.49.4:64870
I1029 11:44:06.028753 27881472 http.cpp:2842] Processing KILL_NESTED_CONTAINER call for container 'f2ac6d81-c89d-4423-940e-84cee380b6d1.d9fb3f61-e0b5-42ca-acd3-a95941c2b822'
I1029 11:44:06.030200 31100928 containerizer.cpp:2980] Sending Terminated: 15 to container f2ac6d81-c89d-4423-940e-84cee380b6d1.d9fb3f61-e0b5-42ca-acd3-a95941c2b822 in RUNNING state
../../src/tests/default_executor_tests.cpp:2017: Failure
Actual function call count doesn't match EXPECT_CALL(*scheduler, failure(_, _))...
         Expected: to be called once
           Actual: never called - unsatisfied and active
../../src/tests/default_executor_tests.cpp:1971: Failure
Actual function call count doesn't match EXPECT_CALL(*scheduler, update(_, AllOf( TaskStatusUpdateTaskIdEq(taskInfo2), TaskStatusUpdateStateEq(v1::TASK_FAILED))))...
         Expected: to be called once
           Actual: never called - unsatisfied and active
../../src/tests/default_executor_tests.cpp:2009: Failure
Actual function call count doesn't match EXPECT_CALL(*scheduler, update(_, AllOf( TaskStatusUpdateTaskIdEq(taskInfo3), TaskStatusUpdateStateEq(v1::TASK_KILLED))))...
         Expected: to be called once
           Actual: never called - unsatisfied and active
I1029 11:44:06.032157 31100928 slave.cpp:912] Agent terminating
I1029 11:44:06.032202 31100928 slave.cpp:3914] Asked to shut down framework 76f01095-30e8-488f-993a-a2cd92ba3528-0000 by @0.0.0.0:0
W1029 11:44:06.032253 31100928 slave.cpp:3935] Ignoring shutdown framework 76f01095-30e8-488f-993a-a2cd92ba3528-0000 because it is terminating
I1029 11:44:06.033108 30564352 master.cpp:1295] Agent 76f01095-30e8-488f-993a-a2cd92ba3528-S0 at slave(926)@10.0.49.4:61465 (Jenkinss-Mac-mini.local) disconnected
I1029 11:44:06.033156 30564352 master.cpp:3333] Disconnecting agent 76f01095-30e8-488f-993a-a2cd92ba3528-S0 at slave(926)@10.0.49.4:61465 (Jenkinss-Mac-mini.local)
I1029 11:44:06.033193 30564352 master.cpp:3352] Deactivating agent 76f01095-30e8-488f-993a-a2cd92ba3528-S0 at slave(926)@10.0.49.4:61465 (Jenkinss-Mac-mini.local)
I1029 11:44:06.033356 31100928 hierarchical.cpp:821] Agent 76f01095-30e8-488f-993a-a2cd92ba3528-S0 deactivated
I1029 11:44:06.033668 31100928 containerizer.cpp:2576] Destroying container f2ac6d81-c89d-4423-940e-84cee380b6d1.d9fb3f61-e0b5-42ca-acd3-a95941c2b822 in RUNNING state
I1029 11:44:06.033717 31100928 containerizer.cpp:3273] Transitioning the state of container f2ac6d81-c89d-4423-940e-84cee380b6d1.d9fb3f61-e0b5-42ca-acd3-a95941c2b822 from RUNNING to DESTROYING
I1029 11:44:06.033881 31100928 launcher.cpp:161] Asked to destroy container f2ac6d81-c89d-4423-940e-84cee380b6d1.d9fb3f61-e0b5-42ca-acd3-a95941c2b822
I1029 11:44:06.109856 28954624 containerizer.cpp:3112] Container f2ac6d81-c89d-4423-940e-84cee380b6d1.c1ab30cc-50c7-4254-85c4-12440df81c28 has exited
I1029 11:44:06.109884 28954624 containerizer.cpp:2576] Destroying container f2ac6d81-c89d-4423-940e-84cee380b6d1.c1ab30cc-50c7-4254-85c4-12440df81c28 in RUNNING state
I1029 11:44:06.109907 28954624 containerizer.cpp:3273] Transitioning the state of container f2ac6d81-c89d-4423-940e-84cee380b6d1.c1ab30cc-50c7-4254-85c4-12440df81c28 from RUNNING to DESTROYING
I1029 11:44:06.110026 28954624 launcher.cpp:161] Asked to destroy container f2ac6d81-c89d-4423-940e-84cee380b6d1.c1ab30cc-50c7-4254-85c4-12440df81c28
I1029 11:44:06.115437 27881472 provisioner.cpp:649] Ignoring destroy request for unknown container f2ac6d81-c89d-4423-940e-84cee380b6d1.c1ab30cc-50c7-4254-85c4-12440df81c28
I1029 11:44:06.115562 30564352 containerizer.cpp:2894] Checkpointing termination state to nested container's runtime directory '/var/folders/6w/rw03zh013y38ys6cyn8qppf80000gn/T/MesosContainerizer_DefaultExecutorTest_MaxCompletionTime_0_Ope0XD/containers/f2ac6d81-c89d-4423-940e-84cee380b6d1/containers/c1ab30cc-50c7-4254-85c4-12440df81c28/termination'
I1029 11:44:07.016477 29491200 hierarchical.cpp:1600] Performed allocation for 1 agents in 105015ns
I1029 11:44:08.025725 28418048 hierarchical.cpp:1600] Performed allocation for 1 agents in 111995ns
I1029 11:44:09.020686 45158400 default_executor.cpp:1219] Task 'baea9a8f-c34f-491b-bd03-fa14f85bf3ab' running in child container f2ac6d81-c89d-4423-940e-84cee380b6d1.d9fb3f61-e0b5-42ca-acd3-a95941c2b822 did not terminate after 3secs, sending SIGKILL to the container
I1029 11:44:09.021575 31637504 process.cpp:2754] Returning '404 Not Found' for '/slave(926)/api/v1'
W1029 11:44:09.022097 43548672 default_executor.cpp:1228] Escalation to SIGKILL the task 'baea9a8f-c34f-491b-bd03-fa14f85bf3ab' running in child container f2ac6d81-c89d-4423-940e-84cee380b6d1.d9fb3f61-e0b5-42ca-acd3-a95941c2b822 failed: The agent failed to send signal Killed: 9 (9) to the container f2ac6d81-c89d-4423-940e-84cee380b6d1.d9fb3f61-e0b5-42ca-acd3-a95941c2b822: 404 Not Found.; Retrying in 1secs
I1029 11:44:09.028447 28418048 hierarchical.cpp:1600] Performed allocation for 1 agents in 58767ns
I1029 11:44:09.299892 41938944 default_executor.cpp:959] Child container f2ac6d81-c89d-4423-940e-84cee380b6d1.c1ab30cc-50c7-4254-85c4-12440df81c28 of task '7a03a973-6f47-41f4-b5f9-46fdaab70044' completed in state TASK_FAILED: Command terminated with signal Killed: 9
I1029 11:44:09.301415 31637504 process.cpp:2754] Returning '404 Not Found' for '/slave(926)/api/v1/executor'
W1029 11:44:09.303393 42475520 executor.cpp:672] Received '404 Not Found' (404 Not Found.) for UPDATE
I1029 11:44:09.610426 30027776 containerizer.cpp:3112] Container f2ac6d81-c89d-4423-940e-84cee380b6d1.d9fb3f61-e0b5-42ca-acd3-a95941c2b822 has exited
I1029 11:44:09.610886 30564352 provisioner.cpp:649] Ignoring destroy request for unknown container f2ac6d81-c89d-4423-940e-84cee380b6d1.d9fb3f61-e0b5-42ca-acd3-a95941c2b822
I1029 11:44:09.610960 30027776 containerizer.cpp:2894] Checkpointing termination state to nested container's runtime directory '/var/folders/6w/rw03zh013y38ys6cyn8qppf80000gn/T/MesosContainerizer_DefaultExecutorTest_MaxCompletionTime_0_Ope0XD/containers/f2ac6d81-c89d-4423-940e-84cee380b6d1/containers/d9fb3f61-e0b5-42ca-acd3-a95941c2b822/termination'
W1029 11:44:09.612341 27881472 composing.cpp:609] Attempted to destroy unknown container f2ac6d81-c89d-4423-940e-84cee380b6d1.c1ab30cc-50c7-4254-85c4-12440df81c28
I1029 11:44:09.612870 30027776 containerizer.cpp:2576] Destroying container f2ac6d81-c89d-4423-940e-84cee380b6d1 in RUNNING state
I1029 11:44:09.612921 30027776 containerizer.cpp:3273] Transitioning the state of container f2ac6d81-c89d-4423-940e-84cee380b6d1 from RUNNING to DESTROYING
I1029 11:44:09.613080 30027776 launcher.cpp:161] Asked to destroy container f2ac6d81-c89d-4423-940e-84cee380b6d1
I1029 11:44:09.616871 43548672 default_executor.cpp:959] Child container f2ac6d81-c89d-4423-940e-84cee380b6d1.d9fb3f61-e0b5-42ca-acd3-a95941c2b822 of task 'baea9a8f-c34f-491b-bd03-fa14f85bf3ab' completed in state TASK_KILLED: Command terminated with signal Terminated: 15
I1029 11:44:09.617053 43548672 default_executor.cpp:1081] Terminating after 1secs
I1029 11:44:09.617843 31637504 process.cpp:2754] Returning '404 Not Found' for '/slave(926)/api/v1/executor'
W1029 11:44:09.618432 45158400 executor.cpp:672] Received '404 Not Found' (404 Not Found.) for UPDATE
I1029 11:44:09.721683 29491200 containerizer.cpp:3112] Container f2ac6d81-c89d-4423-940e-84cee380b6d1 has exited
I1029 11:44:09.722615 27344896 provisioner.cpp:649] Ignoring destroy request for unknown container f2ac6d81-c89d-4423-940e-84cee380b6d1
I1029 11:44:09.728917 427447744 master.cpp:1135] Master terminating
I1029 11:44:09.729071 28954624 hierarchical.cpp:797] Removed all filters for agent 76f01095-30e8-488f-993a-a2cd92ba3528-S0
I1029 11:44:09.729089 28954624 hierarchical.cpp:672] Removed agent 76f01095-30e8-488f-993a-a2cd92ba3528-S0
[  FAILED  ] MesosContainerizer/DefaultExecutorTest.MaxCompletionTime/0, where GetParam() = "mesos" (21981 ms)
{code}

