I0708 15:42:16.654682 29160 slave.cpp:1229] Forwarding total oversubscribed resources 
I0708 15:42:16.656188 29165 master.cpp:5128] Received update of agent 2aea5b7f-ec9f-4fda-8f34-877d8adf064f-S0 at slave(449)@172.17.0.3:34502 (0382d073a49a) with total oversubscribed resources 
I0708 15:42:16.656200 29164 scheduler.cpp:662] Enqueuing event OFFERS received from http://172.17.0.3:34502/master/api/v1/scheduler
I0708 15:42:16.656708 29159 hierarchical.cpp:542] Agent 2aea5b7f-ec9f-4fda-8f34-877d8adf064f-S0 (0382d073a49a) updated with oversubscribed resources  (total: cpus(*):2; mem(*):1024; disk(*):1024; ports(*):[31000-32000], allocated: cpus(*):2; mem(*):1024; disk(*):1024; ports(*):[31000-32000])
I0708 15:42:16.657385 29159 hierarchical.cpp:1537] No allocations performed
I0708 15:42:16.657438 29159 hierarchical.cpp:1632] No inverse offers to send out!
I0708 15:42:16.657519 29159 hierarchical.cpp:1195] Performed allocation for agent 2aea5b7f-ec9f-4fda-8f34-877d8adf064f-S0 in 516462ns
I0708 15:42:16.660909 29163 process.cpp:3322] Handling HTTP event for process 'master' with path: '/master/api/v1'
I0708 15:42:16.661958 29163 http.cpp:381] HTTP POST for /master/api/v1 from 172.17.0.3:33143
I0708 15:42:16.662125 29163 http.cpp:484] Processing call SUBSCRIBE
I0708 15:42:16.663280 29164 master.cpp:7599] Added subscriber: 726edf8d-ad3d-4d08-9243-de3dc2df5f4a to the list of active subscribers
I0708 15:42:16.671409 29161 scheduler.cpp:231] Sending ACCEPT call to http://172.17.0.3:34502/master/api/v1/scheduler
I0708 15:42:16.672615 29165 process.cpp:3322] Handling HTTP event for process 'master' with path: '/master/api/v1/scheduler'
I0708 15:42:16.676375 29169 http.cpp:381] HTTP POST for /master/api/v1/scheduler from 172.17.0.3:33141
I0708 15:42:16.677199 29169 master.cpp:3468] Processing ACCEPT call for offers: [ 2aea5b7f-ec9f-4fda-8f34-877d8adf064f-O0 ] on agent 2aea5b7f-ec9f-4fda-8f34-877d8adf064f-S0 at slave(449)@172.17.0.3:34502 (0382d073a49a) for framework 2aea5b7f-ec9f-4fda-8f34-877d8adf064f-0000 (default)
I0708 15:42:16.677291 29169 master.cpp:3106] Authorizing framework principal 'test-principal' to launch task d8bd1ba3-055a-4420-820c-8e85fdde7c08
W0708 15:42:16.679435 29169 validation.cpp:650] Executor default for task d8bd1ba3-055a-4420-820c-8e85fdde7c08 uses less CPUs (None) than the minimum required (0.01). Please update your executor, as this will be mandatory in future releases.
W0708 15:42:16.679492 29169 validation.cpp:662] Executor default for task d8bd1ba3-055a-4420-820c-8e85fdde7c08 uses less memory (None) than the minimum required (32MB). Please update your executor, as this will be mandatory in future releases.
I0708 15:42:16.680003 29169 master.cpp:7573] Notifying all active subscribers about TASK_ADDED event
I0708 15:42:16.680454 29172 leveldb.cpp:341] Persisting action (16 bytes) to leveldb took 27.707387ms
I0708 15:42:16.680685 29172 replica.cpp:712] Persisted action at 4
I0708 15:42:16.681685 29168 replica.cpp:691] Replica received learned notice for position 4 from @0.0.0.0:0
I0708 15:42:16.680449 29169 master.cpp:7565] Adding task d8bd1ba3-055a-4420-820c-8e85fdde7c08 with resources cpus(*):2; mem(*):1024; disk(*):1024; ports(*):[31000-32000] on agent 2aea5b7f-ec9f-4fda-8f34-877d8adf064f-S0 (0382d073a49a)
I0708 15:42:16.682688 29169 master.cpp:3957] Launching task d8bd1ba3-055a-4420-820c-8e85fdde7c08 of framework 2aea5b7f-ec9f-4fda-8f34-877d8adf064f-0000 (default) with resources cpus(*):2; mem(*):1024; disk(*):1024; ports(*):[31000-32000] on agent 2aea5b7f-ec9f-4fda-8f34-877d8adf064f-S0 at slave(449)@172.17.0.3:34502 (0382d073a49a)
I0708 15:42:16.683289 29171 slave.cpp:1569] Got assigned task d8bd1ba3-055a-4420-820c-8e85fdde7c08 for framework 2aea5b7f-ec9f-4fda-8f34-877d8adf064f-0000
I0708 15:42:16.683903 29171 slave.cpp:1688] Launching task d8bd1ba3-055a-4420-820c-8e85fdde7c08 for framework 2aea5b7f-ec9f-4fda-8f34-877d8adf064f-0000
I0708 15:42:16.684563 29171 paths.cpp:528] Trying to chown '/tmp/ContentType_MasterAPITest_Subscribe_0_be660M/slaves/2aea5b7f-ec9f-4fda-8f34-877d8adf064f-S0/frameworks/2aea5b7f-ec9f-4fda-8f34-877d8adf064f-0000/executors/default/runs/d8931456-e1d5-4875-9fb2-cf66e66d7fa3' to user 'mesos'
I0708 15:42:16.699834 29171 slave.cpp:5748] Launching executor default of framework 2aea5b7f-ec9f-4fda-8f34-877d8adf064f-0000 with resources  in work directory '/tmp/ContentType_MasterAPITest_Subscribe_0_be660M/slaves/2aea5b7f-ec9f-4fda-8f34-877d8adf064f-S0/frameworks/2aea5b7f-ec9f-4fda-8f34-877d8adf064f-0000/executors/default/runs/d8931456-e1d5-4875-9fb2-cf66e66d7fa3'
I0708 15:42:16.702018 29171 executor.cpp:188] Version: 1.1.0
I0708 15:42:16.702541 29171 slave.cpp:1914] Queuing task 'd8bd1ba3-055a-4420-820c-8e85fdde7c08' for executor 'default' of framework 2aea5b7f-ec9f-4fda-8f34-877d8adf064f-0000
I0708 15:42:16.702777 29171 slave.cpp:922] Successfully attached file '/tmp/ContentType_MasterAPITest_Subscribe_0_be660M/slaves/2aea5b7f-ec9f-4fda-8f34-877d8adf064f-S0/frameworks/2aea5b7f-ec9f-4fda-8f34-877d8adf064f-0000/executors/default/runs/d8931456-e1d5-4875-9fb2-cf66e66d7fa3'
I0708 15:42:16.704201 29169 executor.cpp:389] Connected with the agent
I0708 15:42:16.704911 29159 executor.cpp:290] Sending SUBSCRIBE call to http://172.17.0.3:34502/slave(449)/api/v1/executor
I0708 15:42:16.706003 29170 process.cpp:3322] Handling HTTP event for process 'slave(449)' with path: '/slave(449)/api/v1/executor'
I0708 15:42:16.706897 29157 http.cpp:270] HTTP POST for /slave(449)/api/v1/executor from 172.17.0.3:33144
I0708 15:42:16.707108 29157 slave.cpp:2735] Received Subscribe request for HTTP executor 'default' of framework 2aea5b7f-ec9f-4fda-8f34-877d8adf064f-0000
I0708 15:42:16.707819 29168 leveldb.cpp:341] Persisting action (18 bytes) to leveldb took 26.083403ms
I0708 15:42:16.707986 29168 leveldb.cpp:399] Deleting ~2 keys from leveldb took 117548ns
I0708 15:42:16.708031 29168 replica.cpp:712] Persisted action at 4
I0708 15:42:16.708076 29168 replica.cpp:697] Replica learned TRUNCATE action at position 4
I0708 15:42:16.708082 29157 slave.cpp:2079] Sending queued task 'd8bd1ba3-055a-4420-820c-8e85fdde7c08' to executor 'default' of framework 2aea5b7f-ec9f-4fda-8f34-877d8adf064f-0000 (via HTTP)
I0708 15:42:16.710268 29163 executor.cpp:707] Enqueuing event SUBSCRIBED received from http://172.17.0.3:34502/slave(449)/api/v1/executor
I0708 15:42:16.712131 29169 executor.cpp:707] Enqueuing event LAUNCH received from http://172.17.0.3:34502/slave(449)/api/v1/executor
I0708 15:42:16.713174 29172 executor.cpp:290] Sending UPDATE call to http://172.17.0.3:34502/slave(449)/api/v1/executor
I0708 15:42:16.713984 29170 process.cpp:3322] Handling HTTP event for process 'slave(449)' with path: '/slave(449)/api/v1/executor'
I0708 15:42:16.714614 29170 http.cpp:270] HTTP POST for /slave(449)/api/v1/executor from 172.17.0.3:33145
I0708 15:42:16.714753 29170 slave.cpp:3285] Handling status update TASK_RUNNING (UUID: a93b73fb-5289-4aec-80e9-1cad44bec619) for task d8bd1ba3-055a-4420-820c-8e85fdde7c08 of framework 2aea5b7f-ec9f-4fda-8f34-877d8adf064f-0000
I0708 15:42:16.715451 29172 status_update_manager.cpp:320] Received status update TASK_RUNNING (UUID: a93b73fb-5289-4aec-80e9-1cad44bec619) for task d8bd1ba3-055a-4420-820c-8e85fdde7c08 of framework 2aea5b7f-ec9f-4fda-8f34-877d8adf064f-0000
I0708 15:42:16.715498 29172 status_update_manager.cpp:497] Creating StatusUpdate stream for task d8bd1ba3-055a-4420-820c-8e85fdde7c08 of framework 2aea5b7f-ec9f-4fda-8f34-877d8adf064f-0000
I0708 15:42:16.715996 29172 status_update_manager.cpp:374] Forwarding update TASK_RUNNING (UUID: a93b73fb-5289-4aec-80e9-1cad44bec619) for task d8bd1ba3-055a-4420-820c-8e85fdde7c08 of framework 2aea5b7f-ec9f-4fda-8f34-877d8adf064f-0000 to the agent
I0708 15:42:16.716584 29172 slave.cpp:3678] Forwarding the update TASK_RUNNING (UUID: a93b73fb-5289-4aec-80e9-1cad44bec619) for task d8bd1ba3-055a-4420-820c-8e85fdde7c08 of framework 2aea5b7f-ec9f-4fda-8f34-877d8adf064f-0000 to master@172.17.0.3:34502
I0708 15:42:16.716956 29172 slave.cpp:3572] Status update manager successfully handled status update TASK_RUNNING (UUID: a93b73fb-5289-4aec-80e9-1cad44bec619) for task d8bd1ba3-055a-4420-820c-8e85fdde7c08 of framework 2aea5b7f-ec9f-4fda-8f34-877d8adf064f-0000
I0708 15:42:16.717159 29171 master.cpp:5273] Status update TASK_RUNNING (UUID: a93b73fb-5289-4aec-80e9-1cad44bec619) for task d8bd1ba3-055a-4420-820c-8e85fdde7c08 of framework 2aea5b7f-ec9f-4fda-8f34-877d8adf064f-0000 from agent 2aea5b7f-ec9f-4fda-8f34-877d8adf064f-S0 at slave(449)@172.17.0.3:34502 (0382d073a49a)
I0708 15:42:16.717265 29171 master.cpp:5321] Forwarding status update TASK_RUNNING (UUID: a93b73fb-5289-4aec-80e9-1cad44bec619) for task d8bd1ba3-055a-4420-820c-8e85fdde7c08 of framework 2aea5b7f-ec9f-4fda-8f34-877d8adf064f-0000
I0708 15:42:16.718080 29168 executor.cpp:707] Enqueuing event ACKNOWLEDGED received from http://172.17.0.3:34502/slave(449)/api/v1/executor
I0708 15:42:16.718299 29171 master.cpp:7573] Notifying all active subscribers about TASK_UPDATED event
I0708 15:42:16.719683 29171 master.cpp:6959] Updating the state of task d8bd1ba3-055a-4420-820c-8e85fdde7c08 of framework 2aea5b7f-ec9f-4fda-8f34-877d8adf064f-0000 (latest state: TASK_RUNNING, status update state: TASK_RUNNING)
I0708 15:42:16.720386 29171 scheduler.cpp:662] Enqueuing event UPDATE received from http://172.17.0.3:34502/master/api/v1/scheduler
I0708 15:42:16.726471 29164 hierarchical.cpp:1537] No allocations performed
W0708 15:42:16.726742 29163 status_update_manager.cpp:475] Resending status update TASK_RUNNING (UUID: a93b73fb-5289-4aec-80e9-1cad44bec619) for task d8bd1ba3-055a-4420-820c-8e85fdde7c08 of framework 2aea5b7f-ec9f-4fda-8f34-877d8adf064f-0000
I0708 15:42:16.726840 29163 status_update_manager.cpp:374] Forwarding update TASK_RUNNING (UUID: a93b73fb-5289-4aec-80e9-1cad44bec619) for task d8bd1ba3-055a-4420-820c-8e85fdde7c08 of framework 2aea5b7f-ec9f-4fda-8f34-877d8adf064f-0000 to the agent
I0708 15:42:16.727401 29163 slave.cpp:3678] Forwarding the update TASK_RUNNING (UUID: a93b73fb-5289-4aec-80e9-1cad44bec619) for task d8bd1ba3-055a-4420-820c-8e85fdde7c08 of framework 2aea5b7f-ec9f-4fda-8f34-877d8adf064f-0000 to master@172.17.0.3:34502
I0708 15:42:16.727880 29163 master.cpp:5273] Status update TASK_RUNNING (UUID: a93b73fb-5289-4aec-80e9-1cad44bec619) for task d8bd1ba3-055a-4420-820c-8e85fdde7c08 of framework 2aea5b7f-ec9f-4fda-8f34-877d8adf064f-0000 from agent 2aea5b7f-ec9f-4fda-8f34-877d8adf064f-S0 at slave(449)@172.17.0.3:34502 (0382d073a49a)
I0708 15:42:16.728035 29163 master.cpp:5321] Forwarding status update TASK_RUNNING (UUID: a93b73fb-5289-4aec-80e9-1cad44bec619) for task d8bd1ba3-055a-4420-820c-8e85fdde7c08 of framework 2aea5b7f-ec9f-4fda-8f34-877d8adf064f-0000
I0708 15:42:16.728570 29163 master.cpp:6959] Updating the state of task d8bd1ba3-055a-4420-820c-8e85fdde7c08 of framework 2aea5b7f-ec9f-4fda-8f34-877d8adf064f-0000 (latest state: TASK_RUNNING, status update state: TASK_RUNNING)
I0708 15:42:16.728003 29164 hierarchical.cpp:1632] No inverse offers to send out!
I0708 15:42:16.730080 29164 hierarchical.cpp:1172] Performed allocation for 1 agents in 3.858387ms
I0708 15:42:16.751055 29160 master.cpp:1410] Framework 2aea5b7f-ec9f-4fda-8f34-877d8adf064f-0000 (default) disconnected
I0708 15:42:16.751116 29160 master.cpp:2851] Disconnecting framework 2aea5b7f-ec9f-4fda-8f34-877d8adf064f-0000 (default)
I0708 15:42:16.751149 29160 master.cpp:2875] Deactivating framework 2aea5b7f-ec9f-4fda-8f34-877d8adf064f-0000 (default)
I0708 15:42:16.751242 29160 master.cpp:1423] Giving framework 2aea5b7f-ec9f-4fda-8f34-877d8adf064f-0000 (default) 0ns to failover
I0708 15:42:16.751602 29160 hierarchical.cpp:382] Deactivated framework 2aea5b7f-ec9f-4fda-8f34-877d8adf064f-0000
I0708 15:42:16.755091 29157 master.cpp:5687] Framework failover timeout, removing framework 2aea5b7f-ec9f-4fda-8f34-877d8adf064f-0000 (default)
I0708 15:42:16.755164 29157 master.cpp:6422] Removing framework 2aea5b7f-ec9f-4fda-8f34-877d8adf064f-0000 (default)
I0708 15:42:16.755425 29157 master.cpp:7573] Notifying all active subscribers about TASK_UPDATED event
I0708 15:42:16.755795 29157 master.cpp:6959] Updating the state of task d8bd1ba3-055a-4420-820c-8e85fdde7c08 of framework 2aea5b7f-ec9f-4fda-8f34-877d8adf064f-0000 (latest state: TASK_KILLED, status update state: TASK_KILLED)
I0708 15:42:16.756032 29166 slave.cpp:2292] Asked to shut down framework 2aea5b7f-ec9f-4fda-8f34-877d8adf064f-0000 by master@172.17.0.3:34502
I0708 15:42:16.756093 29166 slave.cpp:2317] Shutting down framework 2aea5b7f-ec9f-4fda-8f34-877d8adf064f-0000
I0708 15:42:16.756172 29166 slave.cpp:4481] Shutting down executor 'default' of framework 2aea5b7f-ec9f-4fda-8f34-877d8adf064f-0000 (via HTTP)
I0708 15:42:16.757699 29157 master.cpp:7025] Removing task d8bd1ba3-055a-4420-820c-8e85fdde7c08 with resources cpus(*):2; mem(*):1024; disk(*):1024; ports(*):[31000-32000] of framework 2aea5b7f-ec9f-4fda-8f34-877d8adf064f-0000 on agent 2aea5b7f-ec9f-4fda-8f34-877d8adf064f-S0 at slave(449)@172.17.0.3:34502 (0382d073a49a)
I0708 15:42:16.758779 29161 hierarchical.cpp:924] Recovered cpus(*):2; mem(*):1024; disk(*):1024; ports(*):[31000-32000] (total: cpus(*):2; mem(*):1024; disk(*):1024; ports(*):[31000-32000], allocated: ) on agent 2aea5b7f-ec9f-4fda-8f34-877d8adf064f-S0 from framework 2aea5b7f-ec9f-4fda-8f34-877d8adf064f-0000
I0708 15:42:16.759784 29161 executor.cpp:707] Enqueuing event SHUTDOWN received from http://172.17.0.3:34502/slave(449)/api/v1/executor
I0708 15:42:16.761289 29157 master.cpp:7054] Removing executor 'default' with resources  of framework 2aea5b7f-ec9f-4fda-8f34-877d8adf064f-0000 on agent 2aea5b7f-ec9f-4fda-8f34-877d8adf064f-S0 at slave(449)@172.17.0.3:34502 (0382d073a49a)
I0708 15:42:16.763124 29157 hierarchical.cpp:333] Removed framework 2aea5b7f-ec9f-4fda-8f34-877d8adf064f-0000
I0708 15:42:16.777029 29163 slave.cpp:4163] Executor 'default' of framework 2aea5b7f-ec9f-4fda-8f34-877d8adf064f-0000 exited with status 0
I0708 15:42:16.777218 29163 slave.cpp:4267] Cleaning up executor 'default' of framework 2aea5b7f-ec9f-4fda-8f34-877d8adf064f-0000 (via HTTP)
I0708 15:42:16.777710 29163 slave.cpp:4355] Cleaning up framework 2aea5b7f-ec9f-4fda-8f34-877d8adf064f-0000
I0708 15:42:16.778026 29163 gc.cpp:55] Scheduling '/tmp/ContentType_MasterAPITest_Subscribe_0_be660M/slaves/2aea5b7f-ec9f-4fda-8f34-877d8adf064f-S0/frameworks/2aea5b7f-ec9f-4fda-8f34-877d8adf064f-0000/executors/default/runs/d8931456-e1d5-4875-9fb2-cf66e66d7fa3' for gc 6.99999163714074days in the future
W0708 15:42:16.778028 29167 master.cpp:5369] Ignoring unknown exited executor 'default' of framework 2aea5b7f-ec9f-4fda-8f34-877d8adf064f-0000 on agent 2aea5b7f-ec9f-4fda-8f34-877d8adf064f-S0 at slave(449)@172.17.0.3:34502 (0382d073a49a)
I0708 15:42:16.778195 29157 status_update_manager.cpp:282] Closing status update streams for framework 2aea5b7f-ec9f-4fda-8f34-877d8adf064f-0000
I0708 15:42:16.778239 29163 gc.cpp:55] Scheduling '/tmp/ContentType_MasterAPITest_Subscribe_0_be660M/slaves/2aea5b7f-ec9f-4fda-8f34-877d8adf064f-S0/frameworks/2aea5b7f-ec9f-4fda-8f34-877d8adf064f-0000/executors/default' for gc 6.99999163714074days in the future
I0708 15:42:16.778257 29157 status_update_manager.cpp:528] Cleaning up status update stream for task d8bd1ba3-055a-4420-820c-8e85fdde7c08 of framework 2aea5b7f-ec9f-4fda-8f34-877d8adf064f-0000
I0708 15:42:16.778327 29163 gc.cpp:55] Scheduling '/tmp/ContentType_MasterAPITest_Subscribe_0_be660M/slaves/2aea5b7f-ec9f-4fda-8f34-877d8adf064f-S0/frameworks/2aea5b7f-ec9f-4fda-8f34-877d8adf064f-0000' for gc 6.99999163714074days in the future
I0708 15:42:16.797328 29138 slave.cpp:841] Agent terminating
I0708 15:42:16.799114 29165 master.cpp:1371] Agent 2aea5b7f-ec9f-4fda-8f34-877d8adf064f-S0 at slave(449)@172.17.0.3:34502 (0382d073a49a) disconnected
I0708 15:42:16.800149 29165 master.cpp:2910] Disconnecting agent 2aea5b7f-ec9f-4fda-8f34-877d8adf064f-S0 at slave(449)@172.17.0.3:34502 (0382d073a49a)
I0708 15:42:16.800727 29165 master.cpp:2929] Deactivating agent 2aea5b7f-ec9f-4fda-8f34-877d8adf064f-S0 at slave(449)@172.17.0.3:34502 (0382d073a49a)
I0708 15:42:16.801389 29165 hierarchical.cpp:571] Agent 2aea5b7f-ec9f-4fda-8f34-877d8adf064f-S0 deactivated
../../src/tests/api_tests.cpp:1496: Failure
Actual function call count doesn't match EXPECT_CALL(*scheduler, update(_, _))...
         Expected: to be called twice
           Actual: called once - unsatisfied and active
I0708 15:42:16.806820 29138 master.cpp:1218] Master terminating
I0708 15:42:16.807718 29160 hierarchical.cpp:510] Removed agent 2aea5b7f-ec9f-4fda-8f34-877d8adf064f-S0
[  FAILED  ] ContentType/MasterAPITest.Subscribe/0, where GetParam() = application/x-protobuf (780 ms)
{noformat}