I0314 19:34:02.417901 49957 process.cpp:2494] Resuming reaper(1)@172.31.14.224:50909 at 2016-03-14 19:34:02.417890048+00:00
I0314 19:34:02.433084 49952 process.cpp:2494] Resuming (5517)@172.31.14.224:50909 at 2016-03-14 19:34:02.433073920+00:00
I0314 19:34:02.443238 49963 process.cpp:2451] Dropping event for process __waiter__(812)@172.31.14.224:50909
I0314 19:34:02.443359 49959 process.cpp:2494] Resuming __waiter__(813)@172.31.14.224:50909 at 2016-03-14 19:34:02.443347968+00:00
I0314 19:34:02.443444 49959 process.cpp:2599] Cleaning up __waiter__(813)@172.31.14.224:50909
I0314 19:34:02.443526 49951 process.cpp:2494] Resuming help@172.31.14.224:50909 at 2016-03-14 19:34:02.443516928+00:00
../../src/tests/cluster.cpp:333: Failure
Failed to wait 15secs for wait
*** Aborted at 1457984042 (unix time) try "date -d @1457984042" if you are using GNU date ***
PC: @          0x171e368 testing::UnitTest::AddTestPartResult()
*** SIGSEGV (@0x0) received by PID 49933 (TID 0x7f0484060800) from PID 0; stack trace: ***
    @     0x7f047d7a7340 (unknown)
    @          0x171e368 testing::UnitTest::AddTestPartResult()
    @          0x1713067 testing::internal::AssertHelper::operator=()
    @           0xa71505 mesos::internal::tests::Cluster::Slaves::shutdown()
    @          0x105ff38 mesos::internal::tests::MesosTest::ShutdownSlaves()
    @          0x105fef9 mesos::internal::tests::MesosTest::Shutdown()
    @          0x16ca98b mesos::internal::tests::MemoryPressureMesosTest_CGROUPS_ROOT_Statistics_Test::TestBody()
    @          0x173bc64 testing::internal::HandleSehExceptionsInMethodIfSupported<>()
    @          0x1736bba testing::internal::HandleExceptionsInMethodIfSupported<>()
    @          0x17182cf testing::Test::Run()
    @          0x1718a52 testing::TestInfo::Run()
    @          0x1719098 testing::TestCase::Run()
    @          0x171f7e0 testing::internal::UnitTestImpl::RunAllTests()
    @          0x173c889 testing::internal::HandleSehExceptionsInMethodIfSupported<>()
    @          0x1737730 testing::internal::HandleExceptionsInMethodIfSupported<>()
    @          0x171e57c testing::UnitTest::Run()
    @           0xe21bd1 RUN_ALL_TESTS()
    @           0xe217bf main
    @     0x7f047d3f3ec5 (unknown)
    @           0x99dab9 (unknown)
{code}

Log from a successful run:
{code}
Repeating all tests (iteration 78) . . .

Note: Google Test filter = MemoryPressureMesosTest.CGROUPS_ROOT_Statistics-HierarchicalAllocator_BENCHMARK_Test.DeclineOffers:HierarchicalAllocator_BENCHMARK_Test.ResourceLabels:MesosContainerizerSlaveRecoveryTest.CGROUPS_ROOT_PerfRollForward:NetClsIsolatorTest.ROOT_CGROUPS_NetClsIsolate:NetClsIsolatorTest.ROOT_CGROUPS_ContainerStatus:PerfEventIsolatorTest.ROOT_CGROUPS_Sample:UserCgroupIsolatorTest/0.ROOT_CGROUPS_UserCgroup:UserCgroupIsolatorTest/1.ROOT_CGROUPS_UserCgroup:UserCgroupIsolatorTest/2.ROOT_CGROUPS_UserCgroup:OverlayBackendTest.ROOT_OVERLAYFS_OverlayFSBackend:CgroupsNoHierarchyTest.ROOT_CGROUPS_NOHIERARCHY_MountUnmountHierarchy:CgroupsAnyHierarchyWithPerfEventTest.ROOT_CGROUPS_Perf:PerfTest.ROOT_Events:PerfTest.ROOT_Sample:PerfTest.Parse:SlaveAndFrameworkCount/HierarchicalAllocator_BENCHMARK_Test.AddAndUpdateSlave/0:SlaveAndFrameworkCount/HierarchicalAllocator_BENCHMARK_Test.AddAndUpdateSlave/1:SlaveAndFrameworkCount/HierarchicalAllocator_BENCHMARK_Test.AddAndUpdateSlave/2:SlaveAndFrameworkCount/HierarchicalAllocator_BENCHMARK_Test.AddAndUpdateSlave/3:SlaveAndFrameworkCount/HierarchicalAllocator_BENCHMARK_Test.AddAndUpdateSlave/4:SlaveAndFrameworkCount/HierarchicalAllocator_BENCHMARK_Test.AddAndUpdateSlave/5:SlaveAndFrameworkCount/HierarchicalAllocator_BENCHMARK_Test.AddAndUpdateSlave/6:SlaveAndFrameworkCount/HierarchicalAllocator_BENCHMARK_Test.AddAndUpdateSlave/7:SlaveAndFrameworkCount/HierarchicalAllocator_BENCHMARK_Test.AddAndUpdateSlave/8:SlaveAndFrameworkCount/HierarchicalAllocator_BENCHMARK_Test.AddAndUpdateSlave/9:SlaveAndFrameworkCount/HierarchicalAllocator_BENCHMARK_Test.AddAndUpdateSlave/10:SlaveAndFrameworkCount/HierarchicalAllocator_BENCHMARK_Test.AddAndUpdateSlave/11:SlaveAndFrameworkCount/HierarchicalAllocator_BENCHMARK_Test.AddAndUpdateSlave/12:SlaveAndFrameworkCount/HierarchicalAllocator_BENCHMARK_Test.AddAndUpdateSlave/13:SlaveAndFrameworkCount/HierarchicalAllocator_BENCHMARK_Test.AddAndUpdateSlave/14:SlaveAndFrameworkCount/HierarchicalAllocator_BENCHMARK_Test.AddAndUpdateSlave/15:SlaveAndFrameworkCount/HierarchicalAllocator_BENCHMARK_Test.AddAndUpdateSlave/16:SlaveAndFrameworkCount/HierarchicalAllocator_BENCHMARK_Test.AddAndUpdateSlave/17:SlaveAndFrameworkCount/HierarchicalAllocator_BENCHMARK_Test.AddAndUpdateSlave/18:SlaveAndFrameworkCount/HierarchicalAllocator_BENCHMARK_Test.AddAndUpdateSlave/19:SlaveAndFrameworkCount/HierarchicalAllocator_BENCHMARK_Test.AddAndUpdateSlave/20:SlaveAndFrameworkCount/HierarchicalAllocator_BENCHMARK_Test.AddAndUpdateSlave/21:SlaveAndFrameworkCount/HierarchicalAllocator_BENCHMARK_Test.AddAndUpdateSlave/22:SlaveAndFrameworkCount/HierarchicalAllocator_BENCHMARK_Test.AddAndUpdateSlave/23:SlaveAndFrameworkCount/HierarchicalAllocator_BENCHMARK_Test.AddAndUpdateSlave/24:SlaveAndFrameworkCount/HierarchicalAllocator_BENCHMARK_Test.AddAndUpdateSlave/25:SlaveAndFrameworkCount/HierarchicalAllocator_BENCHMARK_Test.AddAndUpdateSlave/26:SlaveAndFrameworkCount/HierarchicalAllocator_BENCHMARK_Test.AddAndUpdateSlave/27:SlaveAndFrameworkCount/HierarchicalAllocator_BENCHMARK_Test.AddAndUpdateSlave/28:SlaveAndFrameworkCount/HierarchicalAllocator_BENCHMARK_Test.AddAndUpdateSlave/29:SlaveAndFrameworkCount/HierarchicalAllocator_BENCHMARK_Test.AddAndUpdateSlave/30:SlaveAndFrameworkCount/HierarchicalAllocator_BENCHMARK_Test.AddAndUpdateSlave/31:SlaveAndFrameworkCount/HierarchicalAllocator_BENCHMARK_Test.AddAndUpdateSlave/32:SlaveAndFrameworkCount/HierarchicalAllocator_BENCHMARK_Test.AddAndUpdateSlave/33:SlaveAndFrameworkCount/HierarchicalAllocator_BENCHMARK_Test.AddAndUpdateSlave/34:SlaveAndFrameworkCount/HierarchicalAllocator_BENCHMARK_Test.AddAndUpdateSlave/35:SlaveCount/Registrar_BENCHMARK_Test.Performance/0:SlaveCount/Registrar_BENCHMARK_Test.Performance/1:SlaveCount/Registrar_BENCHMARK_Test.Performance/2:SlaveCount/Registrar_BENCHMARK_Test.Performance/3
[==========] Running 1 test from 1 test case.
[----------] Global test environment set-up.
I0314 19:33:43.181629 49947 process.cpp:2494] Resuming reaper(1)@172.31.14.224:50909 at 2016-03-14 19:33:43.181604096+00:00
[----------] 1 test from MemoryPressureMesosTest
1+0 records in
1+0 records out
1048576 bytes (1.0 MB) copied, 0.000592723 s, 1.8 GB/s
[ RUN      ] MemoryPressureMesosTest.CGROUPS_ROOT_Statistics
I0314 19:33:43.184860 49933 process.cpp:2484] Spawned process files@172.31.14.224:50909
I0314 19:33:43.184883 49958 process.cpp:2494] Resuming files@172.31.14.224:50909 at 2016-03-14 19:33:43.184867072+00:00
I0314 19:33:43.185094 49951 process.cpp:2494] Resuming help@172.31.14.224:50909 at 2016-03-14 19:33:43.184982016+00:00
I0314 19:33:43.206938 49933 process.cpp:2484] Spawned process (5385)@172.31.14.224:50909
I0314 19:33:43.206949 49952 process.cpp:2494] Resuming metrics@172.31.14.224:50909 at 2016-03-14 19:33:43.206934016+00:00
I0314 19:33:43.206964 49955 process.cpp:2494] Resuming (5385)@172.31.14.224:50909 at 2016-03-14 19:33:43.206948096+00:00
I0314 19:33:43.214699 49933 leveldb.cpp:174] Opened db in 7.67105ms
I0314 19:33:43.216894 49933 leveldb.cpp:181] Compacted db in 2.156826ms
I0314 19:33:43.216948 49933 leveldb.cpp:196] Created db iterator in 17191ns
I0314 19:33:43.216971 49933 leveldb.cpp:202] Seeked to beginning of db in 1400ns
I0314 19:33:43.216985 49933 leveldb.cpp:271] Iterated through 0 keys in the db in 388ns
I0314 19:33:43.217025 49933 replica.cpp:779] Replica recovered with log positions 0 -> 0 with 1 holes and 0 unlearned
I0314 19:33:43.217140 49933 process.cpp:2484] Spawned process log-replica(78)@172.31.14.224:50909
I0314 19:33:43.217180 49949 process.cpp:2494] Resuming log-replica(78)@172.31.14.224:50909 at 2016-03-14 19:33:43.217156096+00:00
I0314 19:33:43.217300 49933 process.cpp:2484] Spawned process (5386)@172.31.14.224:50909
I0314 19:33:43.217317 49954 process.cpp:2494] Resuming (5386)@172.31.14.224:50909 at 2016-03-14 19:33:43.217294080+00:00
I0314 19:33:43.217387 49933 process.cpp:2484] Spawned process log(78)@172.31.14.224:50909
I0314 19:33:43.217502 49954 process.cpp:2494] Resuming log-reader(78)@172.31.14.224:50909 at 2016-03-14 19:33:43.217495040+00:00
I0314 19:33:43.217535 49933 process.cpp:2484] Spawned process log-reader(78)@172.31.14.224:50909
I0314 19:33:43.217520 49953 process.cpp:2494] Resuming log(78)@172.31.14.224:50909 at 2016-03-14 19:33:43.217502976+00:00
I0314 19:33:43.217633 49933 process.cpp:2484] Spawned process log-writer(78)@172.31.14.224:50909
I0314 19:33:43.217660 49957 process.cpp:2494] Resuming log-writer(78)@172.31.14.224:50909 at 2016-03-14 19:33:43.217645056+00:00
I0314 19:33:43.217680 49953 process.cpp:2484] Spawned process log-recover(78)@172.31.14.224:50909
I0314 19:33:43.217679 49952 process.cpp:2494] Resuming __gc__@172.31.14.224:50909 at 2016-03-14 19:33:43.217670912+00:00
I0314 19:33:43.217716 49957 process.cpp:2494] Resuming metrics@172.31.14.224:50909 at 2016-03-14 19:33:43.217705984+00:00
I0314 19:33:43.217716 49962 process.cpp:2494] Resuming log-recover(78)@172.31.14.224:50909 at 2016-03-14 19:33:43.217686016+00:00
I0314 19:33:43.217761 49962 recover.cpp:447] Starting replica recovery
I0314 19:33:43.217757 49947 process.cpp:2494] Resuming (5387)@172.31.14.224:50909 at 2016-03-14 19:33:43.217742080+00:00
I0314 19:33:43.217767 49933 process.cpp:2484] Spawned process (5387)@172.31.14.224:50909
I0314 19:33:43.217892 49949 process.cpp:2494] Resuming metrics@172.31.14.224:50909 at 2016-03-14 19:33:43.217882880+00:00
I0314 19:33:43.217939 49953 process.cpp:2494] Resuming log-replica(78)@172.31.14.224:50909 at 2016-03-14 19:33:43.217929984+00:00
I0314 19:33:43.218019 49949 process.cpp:2494] Resuming log-recover(78)@172.31.14.224:50909 at 2016-03-14 19:33:43.218011904+00:00
I0314 19:33:43.218034 49933 process.cpp:2484] Spawned process registrar(78)@172.31.14.224:50909
I0314 19:33:43.218051 49949 recover.cpp:473] Replica is in EMPTY status
I0314 19:33:43.218061 49956 process.cpp:2494] Resuming registrar(78)@172.31.14.224:50909 at 2016-03-14 19:33:43.218042112+00:00
I0314 19:33:43.218101 49933 process.cpp:2484] Spawned process standalone-master-detector(232)@172.31.14.224:50909
I0314 19:33:43.218128 49950 process.cpp:2494] Resuming standalone-master-detector(232)@172.31.14.224:50909 at 2016-03-14 19:33:43.218109952+00:00
I0314 19:33:43.218215 49949 process.cpp:2484] Spawned process log-recover-protocol(155)@172.31.14.224:50909
I0314 19:33:43.218230 49960 process.cpp:2494] Resuming __gc__@172.31.14.224:50909 at 2016-03-14 19:33:43.218213120+00:00
I0314 19:33:43.218276 49962 process.cpp:2494] Resuming help@172.31.14.224:50909 at 2016-03-14 19:33:43.218263040+00:00
I0314 19:33:43.218255 49948 process.cpp:2494] Resuming log-recover-protocol(155)@172.31.14.224:50909 at 2016-03-14 19:33:43.218224128+00:00
I0314 19:33:43.218231 49952 process.cpp:2494] Resuming authorizer(78)@172.31.14.224:50909 at 2016-03-14 19:33:43.218221056+00:00
I0314 19:33:43.218369 49948 recover.cpp:129] Starting to wait for enough quorum of replicas before running recovery protocol, expected quroum size: 1
I0314 19:33:43.218374 49933 process.cpp:2484] Spawned process authorizer(78)@172.31.14.224:50909
I0314 19:33:43.218478 49952 process.cpp:2494] Resuming (5386)@172.31.14.224:50909 at 2016-03-14 19:33:43.218470912+00:00
I0314 19:33:43.218614 49948 process.cpp:2484] Spawned process __latch__(1923)@172.31.14.224:50909
I0314 19:33:43.218642 49961 process.cpp:2494] Resuming __gc__@172.31.14.224:50909 at 2016-03-14 19:33:43.218621952+00:00
I0314 19:33:43.218653 49957 process.cpp:2494] Resuming __latch__(1923)@172.31.14.224:50909 at 2016-03-14 19:33:43.218643968+00:00

...
...
...
I0314 19:33:43.291642 49948 process.cpp:2494] Resuming master@172.31.14.224:50909 at 2016-03-14 19:33:43.291632896+00:00
I0314 19:33:43.291733 49948 pid.cpp:93] Attempting to parse 'scheduler-0ee20155-6b2a-4f05-b30b-61e79bdec7cc@172.31.14.224:50909' into a PID
I0314 19:33:43.291787 49948 master.cpp:5495] Authenticating scheduler-0ee20155-6b2a-4f05-b30b-61e79bdec7cc@172.31.14.224:50909
I0314 19:33:43.291888 49956 process.cpp:2494] Resuming crammd5_authenticator(78)@172.31.14.224:50909 at 2016-03-14 19:33:43.291878912+00:00
I0314 19:33:43.291937 49956 authenticator.cpp:413] Starting authentication session for crammd5_authenticatee(155)@172.31.14.224:50909
I0314 19:33:43.292019 49956 process.cpp:2484] Spawned process crammd5_authenticator_session(155)@172.31.14.224:50909
I0314 19:33:43.292021 49960 process.cpp:2494] Resuming crammd5_authenticator_session(155)@172.31.14.224:50909 at 2016-03-14 19:33:43.292011008+00:00
I0314 19:33:43.292146 49958 process.cpp:2494] Resuming (5413)@172.31.14.224:50909 at 2016-03-14 19:33:43.292137984+00:00
I0314 19:33:43.292171 49960 authenticator.cpp:98] Creating new server SASL connection
I0314 19:33:43.292275 49956 process.cpp:2494] Resuming (5408)@172.31.14.224:50909 at 2016-03-14 19:33:43.292264960+00:00
I0314 19:33:43.292294 49958 process.cpp:2599] Cleaning up (5413)@172.31.14.224:50909
I0314 19:33:43.292385 49954 process.cpp:2494] Resuming help@172.31.14.224:50909 at 2016-03-14 19:33:43.292375040+00:00
I0314 19:33:43.292392 49955 process.cpp:2494] Resuming (5399)@172.31.14.224:50909 at 2016-03-14 19:33:43.292382976+00:00
I0314 19:33:43.292400 49956 process.cpp:2494] Resuming __gc__@172.31.14.224:50909 at 2016-03-14 19:33:43.292392960+00:00
I0314 19:33:43.292599 49962 process.cpp:2494] Resuming crammd5_authenticatee(155)@172.31.14.224:50909 at 2016-03-14 19:33:43.292590080+00:00
I0314 19:33:43.292670 49962 authenticatee.cpp:212] Received SASL authentication mechanisms: CRAM-MD5
I0314 19:33:43.292701 49962 authenticatee.cpp:238] Attempting to authenticate with mechanism 'CRAM-MD5'
I0314 19:33:43.292716 49955 process.cpp:2484] Spawned process (5414)@172.31.14.224:50909
I0314 19:33:43.292739 49952 process.cpp:2494] Resuming __gc__@172.31.14.224:50909 at 2016-03-14 19:33:43.292730112+00:00
I0314 19:33:43.292765 49950 process.cpp:2494] Resuming crammd5_authenticator_session(155)@172.31.14.224:50909 at 2016-03-14 19:33:43.292756992+00:00
I0314 19:33:43.292752 49951 process.cpp:2494] Resuming (5414)@172.31.14.224:50909 at 2016-03-14 19:33:43.292741120+00:00
I0314 19:33:43.292855 49950 authenticator.cpp:203] Received SASL authentication start
I0314 19:33:43.292914 49950 authenticator.cpp:325] Authentication requires more steps
I0314 19:33:43.292966 49951 provisioner.cpp:245] Provisioner recovery complete
I0314 19:33:43.293001 49950 process.cpp:2494] Resuming crammd5_authenticatee(155)@172.31.14.224:50909 at 2016-03-14 19:33:43.292992000+00:00
I0314 19:33:43.293076 49950 authenticatee.cpp:258] Received SASL authentication step
I0314 19:33:43.293083 49958 process.cpp:2494] Resuming (5408)@172.31.14.224:50909 at 2016-03-14 19:33:43.293074944+00:00
I0314 19:33:43.293191 49951 process.cpp:2599] Cleaning up (5414)@172.31.14.224:50909
I0314 19:33:43.293227 49956 process.cpp:2494] Resuming crammd5_authenticator_session(155)@172.31.14.224:50909 at 2016-03-14 19:33:43.293219072+00:00
I0314 19:33:43.293236 49962 process.cpp:2494] Resuming slave(78)@172.31.14.224:50909 at 2016-03-14 19:33:43.293224960+00:00
I0314 19:33:43.293287 49956 authenticator.cpp:231] Received SASL authentication step
I0314 19:33:43.293269 49958 process.cpp:2494] Resuming help@172.31.14.224:50909 at 2016-03-14 19:33:43.293260032+00:00
I0314 19:33:43.293321 49956 auxprop.cpp:107] Request to lookup properties for user: 'test-principal' realm: 'ip-172-31-14-224.us-west-1.compute.internal' server FQDN: 'ip-172-31-14-224.us-west-1.compute.internal' SASL_AUXPROP_VERIFY_AGAINST_HASH: false SASL_AUXPROP_OVERRIDE: false SASL_AUXPROP_AUTHZID: false
I0314 19:33:43.293365 49956 auxprop.cpp:179] Looking up auxiliary property '*userPassword'
I0314 19:33:43.293375 49962 slave.cpp:4565] Finished recovery
I0314 19:33:43.293395 49948 process.cpp:2494] Resuming __gc__@172.31.14.224:50909 at 2016-03-14 19:33:43.293385984+00:00
I0314 19:33:43.293397 49956 auxprop.cpp:179] Looking up auxiliary property '*cmusaslsecretCRAM-MD5'
I0314 19:33:43.293485 49956 auxprop.cpp:107] Request to lookup properties for user: 'test-principal' realm: 'ip-172-31-14-224.us-west-1.compute.internal' server FQDN: 'ip-172-31-14-224.us-west-1.compute.internal' SASL_AUXPROP_VERIFY_AGAINST_HASH: false SASL_AUXPROP_OVERRIDE: false SASL_AUXPROP_AUTHZID: true
I0314 19:33:43.293510 49956 auxprop.cpp:129] Skipping auxiliary property '*userPassword' since SASL_AUXPROP_AUTHZID == true
I0314 19:33:43.293521 49956 auxprop.cpp:129] Skipping auxiliary property '*cmusaslsecretCRAM-MD5' since SASL_AUXPROP_AUTHZID == true
I0314 19:33:43.293539 49956 authenticator.cpp:317] Authentication success
I0314 19:33:43.293635 49958 process.cpp:2494] Resuming master@172.31.14.224:50909 at 2016-03-14 19:33:43.293626880+00:00
I0314 19:33:43.293670 49949 process.cpp:2494] Resuming standalone-master-detector(233)@172.31.14.224:50909 at 2016-03-14 19:33:43.293658880+00:00
I0314 19:33:43.293694 49958 master.cpp:5525] Successfully authenticated principal 'test-principal' at scheduler-0ee20155-6b2a-4f05-b30b-61e79bdec7cc@172.31.14.224:50909
I0314 19:33:43.293678 49957 process.cpp:2494] Resuming crammd5_authenticator(78)@172.31.14.224:50909 at 2016-03-14 19:33:43.293668096+00:00
I0314 19:33:43.293706 49962 slave.cpp:4737] Querying resource estimator for oversubscribable resources
I0314 19:33:43.293671 49951 process.cpp:2494] Resuming crammd5_authenticatee(155)@172.31.14.224:50909 at 2016-03-14 19:33:43.293661952+00:00
I0314 19:33:43.293794 49957 authenticator.cpp:431] Authentication session cleanup for crammd5_authenticatee(155)@172.31.14.224:50909
I0314 19:33:43.293843 49951 authenticatee.cpp:298] Authentication success
I0314 19:33:43.293845 49949 process.cpp:2494] Resuming (5411)@172.31.14.224:50909 at 2016-03-14 19:33:43.293838080+00:00
I0314 19:33:43.293887 49952 process.cpp:2494] Resuming crammd5_authenticator_session(155)@172.31.14.224:50909 at 2016-03-14 19:33:43.293878016+00:00
I0314 19:33:43.293926 49960 process.cpp:2494] Resuming scheduler-0ee20155-6b2a-4f05-b30b-61e79bdec7cc@172.31.14.224:50909 at 2016-03-14 19:33:43.293914112+00:00
I0314 19:33:43.293952 49962 pid.cpp:93] Attempting to parse 'master@172.31.14.224:50909' into a PID
I0314 19:33:43.293949 49954 process.cpp:2494] Resuming (5410)@172.31.14.224:50909 at 2016-03-14 19:33:43.293938944+00:00
I0314 19:33:43.293941 49952 process.cpp:2599] Cleaning up crammd5_authenticator_session(155)@172.31.14.224:50909
I0314 19:33:43.294034 49954 status_update_manager.cpp:174] Pausing sending status updates
I0314 19:33:43.293997 49962 slave.cpp:796] New master detected at master@172.31.14.224:50909
I0314 19:33:43.294059 49950 process.cpp:2494] Resuming crammd5_authenticatee(155)@172.31.14.224:50909 at 2016-03-14 19:33:43.294048000+00:00
I0314 19:33:43.294092 49959 process.cpp:2494] Resuming help@172.31.14.224:50909 at 2016-03-14 19:33:43.294084096+00:00
I0314 19:33:43.294106 49950 process.cpp:2599] Cleaning up crammd5_authenticatee(155)@172.31.14.224:50909
I0314 19:33:43.294127 49962 slave.cpp:859] Authenticating with master master@172.31.14.224:50909
I0314 19:33:43.294165 49962 slave.cpp:864] Using default CRAM-MD5 authenticatee
I0314 19:33:43.294242 49962 process.cpp:2484] Spawned process crammd5_authenticatee(156)@172.31.14.224:50909
I0314 19:33:43.294261 49956 process.cpp:2494] Resuming crammd5_authenticatee(156)@172.31.14.224:50909 at 2016-03-14 19:33:43.294248960+00:00
I0314 19:33:43.294303 49960 sched.cpp:471] Successfully authenticated with master master@172.31.14.224:50909
I0314 19:33:43.294333 49960 sched.cpp:776] Sending SUBSCRIBE call to master@172.31.14.224:50909
I0314 19:33:43.294345 49956 authenticatee.cpp:121] Creating new client SASL connection
I0314 19:33:43.294333 49962 slave.cpp:832] Detecting new master
I0314 19:33:43.294361 49960 pid.cpp:93] Attempting to parse 'master@172.31.14.224:50909' into a PID
I0314 19:33:43.294378 49953 process.cpp:2494] Resuming help@172.31.14.224:50909 at 2016-03-14 19:33:43.294369024+00:00
I0314 19:33:43.294483 49960 sched.cpp:809] Will retry registration in 1.303686606secs if necessary
I0314 19:33:43.294497 49962 slave.cpp:4751] Received oversubscribable resources  from the resource estimator
I0314 19:33:43.294494 49954 process.cpp:2494] Resuming standalone-master-detector(233)@172.31.14.224:50909 at 2016-03-14 19:33:43.294483968+00:00
I0314 19:33:43.294502 49953 process.cpp:2494] Resuming master@172.31.14.224:50909 at 2016-03-14 19:33:43.294494976+00:00
I0314 19:33:43.294690 49953 master.cpp:2231] Received SUBSCRIBE call for framework 'default' at scheduler-0ee20155-6b2a-4f05-b30b-61e79bdec7cc@172.31.14.224:50909
I0314 19:33:43.294745 49953 master.cpp:1750] Authorizing framework principal 'test-principal' to receive offers for role '*'
I0314 19:33:43.294844 49951 process.cpp:2494] Resuming authorizer(78)@172.31.14.224:50909 at 2016-03-14 19:33:43.294835968+00:00
I0314 19:33:43.294885 49953 pid.cpp:93] Attempting to parse 'slave(78)@172.31.14.224:50909' into a PID
I0314 19:33:43.294927 49953 master.cpp:5495] Authenticating slave(78)@172.31.14.224:50909
I0314 19:33:43.294996 49954 process.cpp:2494] Resuming crammd5_authenticator(78)@172.31.14.224:50909 at 2016-03-14 19:33:43.294989056+00:00
I0314 19:33:43.295043 49954 authenticator.cpp:413] Starting authentication session for crammd5_authenticatee(156)@172.31.14.224:50909
I0314 19:33:43.295081 49953 master.cpp:2302] Subscribing framework default with checkpointing disabled and capabilities [  ]
I0314 19:33:43.295117 49954 process.cpp:2484] Spawned process crammd5_authenticator_session(156)@172.31.14.224:50909
I0314 19:33:43.295147 49950 process.cpp:2494] Resuming crammd5_authenticator_session(156)@172.31.14.224:50909 at 2016-03-14 19:33:43.295137024+00:00
I0314 19:33:43.295284 49952 process.cpp:2494] Resuming (5385)@172.31.14.224:50909 at 2016-03-14 19:33:43.295275008+00:00
I0314 19:33:43.295310 49950 authenticator.cpp:98] Creating new server SASL connection
I0314 19:33:43.295361 49957 process.cpp:2494] Resuming metrics@172.31.14.224:50909 at 2016-03-14 19:33:43.295353088+00:00
I0314 19:33:43.295423 49952 hierarchical.cpp:265] Added framework 32379989-c9d4-4cb0-8f56-ed0f09185040-0000
I0314 19:33:43.295464 49960 process.cpp:2494] Resuming scheduler-0ee20155-6b2a-4f05-b30b-61e79bdec7cc@172.31.14.224:50909 at 2016-03-14 19:33:43.295452928+00:00
I0314 19:33:43.295485 49952 hierarchical.cpp:1453] No resources available to allocate!
I0314 19:33:43.295552 49952 hierarchical.cpp:1548] No inverse offers to send out!
I0314 19:33:43.295574 49960 pid.cpp:93] Attempting to parse 'master@172.31.14.224:50909' into a PID
I0314 19:33:43.295584 49952 hierarchical.cpp:1130] Performed allocation for 0 slaves in 135389ns
I0314 19:33:43.295613 49960 sched.cpp:703] Framework registered with 32379989-c9d4-4cb0-8f56-ed0f09185040-0000
I0314 19:33:43.295667 49960 sched.cpp:717] Scheduler::registered took 21001ns
I0314 19:33:43.295773 49953 process.cpp:2494] Resuming crammd5_authenticatee(156)@172.31.14.224:50909 at 2016-03-14 19:33:43.295759872+00:00
I0314 19:33:43.295850 49953 authenticatee.cpp:212] Received SASL authentication mechanisms: CRAM-MD5
I0314 19:33:43.295882 49953 authenticatee.cpp:238] Attempting to authenticate with mechanism 'CRAM-MD5'
I0314 19:33:43.295939 49956 process.cpp:2494] Resuming crammd5_authenticator_session(156)@172.31.14.224:50909 at 2016-03-14 19:33:43.295930880+00:00
I0314 19:33:43.296001 49956 authenticator.cpp:203] Received SASL authentication start
I0314 19:33:43.296053 49956 authenticator.cpp:325] Authentication requires more steps
I0314 19:33:43.296110 49957 process.cpp:2494] Resuming crammd5_authenticatee(156)@172.31.14.224:50909 at 2016-03-14 19:33:43.296102912+00:00
I0314 19:33:43.296176 49957 authenticatee.cpp:258] Received SASL authentication step
I0314 19:33:43.296252 49957 process.cpp:2494] Resuming crammd5_authenticator_session(156)@172.31.14.224:50909 at 2016-03-14 19:33:43.296246016+00:00
I0314 19:33:43.296315 49957 authenticator.cpp:231] Received SASL authentication step
I0314 19:33:43.296352 49957 auxprop.cpp:107] Request to lookup properties for user: 'test-principal' realm: 'ip-172-31-14-224.us-west-1.compute.internal' server FQDN: 'ip-172-31-14-224.us-west-1.compute.internal' SASL_AUXPROP_VERIFY_AGAINST_HASH: false SASL_AUXPROP_OVERRIDE: false SASL_AUXPROP_AUTHZID: false
I0314 19:33:43.296375 49957 auxprop.cpp:179] Looking up auxiliary property '*userPassword'
I0314 19:33:43.296403 49957 auxprop.cpp:179] Looking up auxiliary property '*cmusaslsecretCRAM-MD5'
I0314 19:33:43.296437 49957 auxprop.cpp:107] Request to lookup properties for user: 'test-principal' realm: 'ip-172-31-14-224.us-west-1.compute.internal' server FQDN: 'ip-172-31-14-224.us-west-1.compute.internal' SASL_AUXPROP_VERIFY_AGAINST_HASH: false SASL_AUXPROP_OVERRIDE: false SASL_AUXPROP_AUTHZID: true
I0314 19:33:43.296459 49957 auxprop.cpp:129] Skipping auxiliary property '*userPassword' since SASL_AUXPROP_AUTHZID == true
I0314 19:33:43.296470 49957 auxprop.cpp:129] Skipping auxiliary property '*cmusaslsecretCRAM-MD5' since SASL_AUXPROP_AUTHZID == true
I0314 19:33:43.296485 49957 authenticator.cpp:317] Authentication success
I0314 19:33:43.296547 49960 process.cpp:2494] Resuming crammd5_authenticatee(156)@172.31.14.224:50909 at 2016-03-14 19:33:43.296538880+00:00
I0314 19:33:43.296581 49959 process.cpp:2494] Resuming master@172.31.14.224:50909 at 2016-03-14 19:33:43.296571904+00:00
I0314 19:33:43.296619 49960 authenticatee.cpp:298] Authentication success
I0314 19:33:43.296612 49961 process.cpp:2494] Resuming crammd5_authenticator(78)@172.31.14.224:50909 at 2016-03-14 19:33:43.296602112+00:00
I0314 19:33:43.296625 49959 master.cpp:5525] Successfully authenticated principal 'test-principal' at slave(78)@172.31.14.224:50909
I0314 19:33:43.296713 49961 authenticator.cpp:431] Authentication session cleanup for crammd5_authenticatee(156)@172.31.14.224:50909
I0314 19:33:43.296720 49950 process.cpp:2494] Resuming slave(78)@172.31.14.224:50909 at 2016-03-14 19:33:43.296709120+00:00
I0314 19:33:43.296764 49947 process.cpp:2494] Resuming crammd5_authenticator_session(156)@172.31.14.224:50909 at 2016-03-14 19:33:43.296755968+00:00
I0314 19:33:43.296836 49958 process.cpp:2494] Resuming crammd5_authenticatee(156)@172.31.14.224:50909 at 2016-03-14 19:33:43.296827904+00:00
I0314 19:33:43.296877 49947 process.cpp:2599] Cleaning up crammd5_authenticator_session(156)@172.31.14.224:50909
I0314 19:33:43.296926 49958 process.cpp:2599] Cleaning up crammd5_authenticatee(156)@172.31.14.224:50909
I0314 19:33:43.296947 49949 process.cpp:2494] Resuming help@172.31.14.224:50909 at 2016-03-14 19:33:43.296937984+00:00
I0314 19:33:43.297055 49959 process.cpp:2494] Resuming help@172.31.14.224:50909 at 2016-03-14 19:33:43.297046016+00:00
I0314 19:33:43.297135 49950 slave.cpp:927] Successfully authenticated with master master@172.31.14.224:50909
I0314 19:33:43.297238 49950 slave.cpp:1321] Will retry registration in 14.314099ms if necessary
I0314 19:33:43.297252 49962 process.cpp:2494] Resuming master@172.31.14.224:50909 at 2016-03-14 19:33:43.297242880+00:00
I0314 19:33:43.297412 49962 master.cpp:4206] Registering slave at slave(78)@172.31.14.224:50909 (ip-172-31-14-224.us-west-1.compute.internal) with id 32379989-c9d4-4cb0-8f56-ed0f09185040-S0
I0314 19:33:43.297551 49953 process.cpp:2494] Resuming registrar(78)@172.31.14.224:50909 at 2016-03-14 19:33:43.297542912+00:00
I0314 19:33:43.297775 49953 registrar.cpp:439] Applied 1 operations in 41921ns; attempting to update the 'registry'
I0314 19:33:43.297966 49951 process.cpp:2494] Resuming (5387)@172.31.14.224:50909 at 2016-03-14 19:33:43.297957120+00:00
I0314 19:33:43.298131 49957 process.cpp:2494] Resuming __gc__@172.31.14.224:50909 at 2016-03-14 19:33:43.298121984+00:00
I0314 19:33:43.298168 49955 process.cpp:2494] Resuming __latch__(1930)@172.31.14.224:50909 at 2016-03-14 19:33:43.298153984+00:00
I0314 19:33:43.298142 49953 process.cpp:2484] Spawned process __latch__(1930)@172.31.14.224:50909
I0314 19:33:43.298321 49948 process.cpp:2494] Resuming log-writer(78)@172.31.14.224:50909 at 2016-03-14 19:33:43.298311936+00:00
I0314 19:33:43.298379 49948 log.cpp:683] Attempting to append 440 bytes to the log
I0314 19:33:43.298456 49955 process.cpp:2494] Resuming log-coordinator(78)@172.31.14.224:50909 at 2016-03-14 19:33:43.298447872+00:00
I0314 19:33:43.298516 49955 coordinator.cpp:348] Coordinator attempting to write APPEND action at position 3
I0314 19:33:43.298617 49955 process.cpp:2484] Spawned process log-write(389)@172.31.14.224:50909
I0314 19:33:43.298653 49959 process.cpp:2494] Resuming log-write(389)@172.31.14.224:50909 at 2016-03-14 19:33:43.298644992+00:00
I0314 19:33:43.298642 49952 process.cpp:2494] Resuming __gc__@172.31.14.224:50909 at 2016-03-14 19:33:43.298633984+00:00
I0314 19:33:43.298744 49959 process.cpp:2494] Resuming (5386)@172.31.14.224:50909 at 2016-03-14 19:33:43.298737920+00:00
I0314 19:33:43.298877 49954 process.cpp:2494] Resuming log-write(389)@172.31.14.224:50909 at 2016-03-14 19:33:43.298866944+00:00
I0314 19:33:43.298993 49951 process.cpp:2494] Resuming (5386)@172.31.14.224:50909 at 2016-03-14 19:33:43.298984960+00:00
I0314 19:33:43.299103 49956 process.cpp:2494] Resuming __gc__@172.31.14.224:50909 at 2016-03-14 19:33:43.299092992+00:00
I0314 19:33:43.299126 49953 process.cpp:2494] Resuming (5415)@172.31.14.224:50909 at 2016-03-14 19:33:43.299117056+00:00
I0314 19:33:43.299109 49951 process.cpp:2484] Spawned process (5415)@172.31.14.224:50909
I0314 19:33:43.299211 49955 process.cpp:2494] Resuming (5415)@172.31.14.224:50909 at 2016-03-14 19:33:43.299202048+00:00
I0314 19:33:43.299248 49947 process.cpp:2494] Resuming log-write(389)@172.31.14.224:50909 at 2016-03-14 19:33:43.299238912+00:00
I0314 19:33:43.299315 49954 process.cpp:2494] Resuming log-replica(78)@172.31.14.224:50909 at 2016-03-14 19:33:43.299304960+00:00
I0314 19:33:43.299437 49954 replica.cpp:537] Replica received write request for position 3 from (5415)@172.31.14.224:50909
I0314 19:33:43.301748 49954 leveldb.cpp:341] Persisting action (459 bytes) to leveldb took 2.267305ms
I0314 19:33:43.301784 49954 replica.cpp:712] Persisted action at 3
I0314 19:33:43.301846 49954 process.cpp:2494] Resuming (5415)@172.31.14.224:50909 at 2016-03-14 19:33:43.301839104+00:00
I0314 19:33:43.301949 49954 process.cpp:2599] Cleaning up (5415)@172.31.14.224:50909
I0314 19:33:43.301949 49961 process.cpp:2494] Resuming log-write(389)@172.31.14.224:50909 at 2016-03-14 19:33:43.301939968+00:00
I0314 19:33:43.302023 49955 process.cpp:2494] Resuming help@172.31.14.224:50909 at 2016-03-14 19:33:43.302014976+00:00
I0314 19:33:43.302067 49950 process.cpp:2494] Resuming __gc__@172.31.14.224:50909 at 2016-03-14 19:33:43.302059008+00:00
I0314 19:33:43.302127 49959 process.cpp:2494] Resuming log-coordinator(78)@172.31.14.224:50909 at 2016-03-14 19:33:43.302117888+00:00
I0314 19:33:43.302220 49961 process.cpp:2599] Cleaning up log-write(389)@172.31.14.224:50909
I0314 19:33:43.302299 49955 process.cpp:2494] Resuming help@172.31.14.224:50909 at 2016-03-14 19:33:43.302289920+00:00
I0314 19:33:43.302361 49956 process.cpp:2494] Resuming __gc__@172.31.14.224:50909 at 2016-03-14 19:33:43.302351104+00:00
I0314 19:33:43.302373 49954 process.cpp:2494] Resuming (5386)@172.31.14.224:50909 at 2016-03-14 19:33:43.302363904+00:00
I0314 19:33:43.302489 49959 process.cpp:2494] Resuming log-replica(78)@172.31.14.224:50909 at 2016-03-14 19:33:43.302479872+00:00
I0314 19:33:43.302508 49962 process.cpp:2494] Resuming log-coordinator(78)@172.31.14.224:50909 at 2016-03-14 19:33:43.302497024+00:00
I0314 19:33:43.302554 49959 replica.cpp:691] Replica received learned notice for position 3 from @0.0.0.0:0
I0314 19:33:43.304344 49959 leveldb.cpp:341] Persisting action (461 bytes) to leveldb took 1.758658ms
I0314 19:33:43.304381 49959 replica.cpp:712] Persisted action at 3
I0314 19:33:43.304401 49959 replica.cpp:697] Replica learned APPEND action at position 3
I0314 19:33:43.304509 49948 process.cpp:2494] Resuming log-coordinator(78)@172.31.14.224:50909 at 2016-03-14 19:33:43.304500992+00:00
I0314 19:33:43.304702 49949 process.cpp:2494] Resuming (5387)@172.31.14.224:50909 at 2016-03-14 19:33:43.304692992+00:00
I0314 19:33:43.305217 49961 process.cpp:2494] Resuming __latch__(1930)@172.31.14.224:50909 at 2016-03-14 19:33:43.305207040+00:00
I0314 19:33:43.305270 49961 process.cpp:2599] Cleaning up __latch__(1930)@172.31.14.224:50909
I0314 19:33:43.305341 49957 process.cpp:2494] Resuming help@172.31.14.224:50909 at 2016-03-14 19:33:43.305331968+00:00
I0314 19:33:43.305382 49947 process.cpp:2494] Resuming __gc__@172.31.14.224:50909 at 2016-03-14 19:33:43.305372928+00:00
I0314 19:33:43.305460 49947 process.cpp:2494] Resuming registrar(78)@172.31.14.224:50909 at 2016-03-14 19:33:43.305454080+00:00
I0314 19:33:43.305577 49947 registrar.cpp:484] Successfully updated the 'registry' in 7.748864ms
I0314 19:33:43.305735 49948 process.cpp:2494] Resuming log-writer(78)@172.31.14.224:50909 at 2016-03-14 19:33:43.305725952+00:00
I0314 19:33:43.305757 49950 process.cpp:2494] Resuming master@172.31.14.224:50909 at 2016-03-14 19:33:43.305746944+00:00
I0314 19:33:43.305783 49948 log.cpp:702] Attempting to truncate the log to 3
I0314 19:33:43.305902 49960 process.cpp:2494] Resuming log-coordinator(78)@172.31.14.224:50909 at 2016-03-14 19:33:43.305891072+00:00
I0314 19:33:43.305969 49960 coordinator.cpp:348] Coordinator attempting to write TRUNCATE action at position 4
I0314 19:33:43.306107 49950 process.cpp:2484] Spawned process slave-observer(78)@172.31.14.224:50909
I0314 19:33:43.306128 49949 process.cpp:2494] Resuming slave-observer(78)@172.31.14.224:50909 at 2016-03-14 19:33:43.306117120+00:00
I0314 19:33:43.306140 49955 process.cpp:2494] Resuming __gc__@172.31.14.224:50909 at 2016-03-14 19:33:43.306130944+00:00
I0314 19:33:43.306114 49960 process.cpp:2484] Spawned process log-write(390)@172.31.14.224:50909
I0314 19:33:43.306155 49959 process.cpp:2494] Resuming log-write(390)@172.31.14.224:50909 at 2016-03-14 19:33:43.306144000+00:00
I0314 19:33:43.306196 49947 process.cpp:2494] Resuming slave(78)@172.31.14.224:50909 at 2016-03-14 19:33:43.306185984+00:00
I0314 19:33:43.306273 49953 process.cpp:2494] Resuming (5386)@172.31.14.224:50909 at 2016-03-14 19:33:43.306262016+00:00
I0314 19:33:43.306285 49947 slave.cpp:3482] Received ping from slave-observer(78)@172.31.14.224:50909
I0314 19:33:43.306308 49954 process.cpp:2494] Resuming (5385)@172.31.14.224:50909 at 2016-03-14 19:33:43.306297088+00:00
I0314 19:33:43.306401 49959 process.cpp:2494] Resuming log-write(390)@172.31.14.224:50909 at 2016-03-14 19:33:43.306391040+00:00
I0314 19:33:43.306417 49960 process.cpp:2494] Resuming slave-observer(78)@172.31.14.224:50909 at 2016-03-14 19:33:43.306407936+00:00
I0314 19:33:43.306385 49950 master.cpp:4274] Registered slave 32379989-c9d4-4cb0-8f56-ed0f09185040-S0 at slave(78)@172.31.14.224:50909 (ip-172-31-14-224.us-west-1.compute.internal) with cpus(*):2; mem(*):1024; disk(*):1024; ports(*):[31000-32000]
I0314 19:33:43.306484 49947 slave.cpp:971] Registered with master master@172.31.14.224:50909; given slave ID 32379989-c9d4-4cb0-8f56-ed0f09185040-S0
I0314 19:33:43.306524 49947 fetcher.cpp:81] Clearing fetcher cache
I0314 19:33:43.306568 49954 hierarchical.cpp:473] Added slave 32379989-c9d4-4cb0-8f56-ed0f09185040-S0 (ip-172-31-14-224.us-west-1.compute.internal) with cpus(*):2; mem(*):1024; disk(*):1024; ports(*):[31000-32000] (allocated: )
I0314 19:33:43.306592 49948 process.cpp:2494] Resuming (5410)@172.31.14.224:50909 at 2016-03-14 19:33:43.306584064+00:00
I0314 19:33:43.306588 49959 process.cpp:2494] Resuming (5386)@172.31.14.224:50909 at 2016-03-14 19:33:43.306580992+00:00
I0314 19:33:43.306650 49948 status_update_manager.cpp:181] Resuming sending status updates
I0314 19:33:43.306668 49947 slave.cpp:994] Checkpointing SlaveInfo to '/tmp/MemoryPressureMesosTest_CGROUPS_ROOT_Statistics_RYOTzy/meta/slaves/32379989-c9d4-4cb0-8f56-ed0f09185040-S0/slave.info'
I0314 19:33:43.306740 49959 process.cpp:2484] Spawned process (5416)@172.31.14.224:50909
I0314 19:33:43.306757 49950 process.cpp:2494] Resuming __gc__@172.31.14.224:50909 at 2016-03-14 19:33:43.306746880+00:00
I0314 19:33:43.306780 49961 process.cpp:2494] Resuming (5416)@172.31.14.224:50909 at 2016-03-14 19:33:43.306770944+00:00
I0314 19:33:43.306846 49948 process.cpp:2494] Resuming log-write(390)@172.31.14.224:50909 at 2016-03-14 19:33:43.306839040+00:00
I0314 19:33:43.306880 49950 process.cpp:2494] Resuming log-replica(78)@172.31.14.224:50909 at 2016-03-14 19:33:43.306871040+00:00
I0314 19:33:43.306891 49954 hierarchical.cpp:1427] Allocating cpus(*):2; mem(*):1024; disk(*):1024; ports(*):[31000-32000] on slave 32379989-c9d4-4cb0-8f56-ed0f09185040-S0 to framework 32379989-c9d4-4cb0-8f56-ed0f09185040-0000
I0314 19:33:43.306926 49947 slave.cpp:1030] Forwarding total oversubscribed resources
I0314 19:33:43.306954 49950 replica.cpp:537] Replica received write request for position 4 from (5416)@172.31.14.224:50909
I0314 19:33:43.306999 49957 process.cpp:2494] Resuming master@172.31.14.224:50909 at 2016-03-14 19:33:43.306990080+00:00
I0314 19:33:43.307092 49957 master.cpp:4618] Received update of slave 32379989-c9d4-4cb0-8f56-ed0f09185040-S0 at slave(78)@172.31.14.224:50909 (ip-172-31-14-224.us-west-1.compute.internal) with total oversubscribed resources
I0314 19:33:43.307237 49954 hierarchical.cpp:1548] No inverse offers to send out!
I0314 19:33:43.307232 49952 process.cpp:2494] Resuming master@172.31.14.224:50909 at 2016-03-14 19:33:43.307224064+00:00
I0314 19:33:43.307283 49954 hierarchical.cpp:1150] Performed allocation for slave 32379989-c9d4-4cb0-8f56-ed0f09185040-S0 in 671960ns
I0314 19:33:43.307533 49954 hierarchical.cpp:531] Slave 32379989-c9d4-4cb0-8f56-ed0f09185040-S0 (ip-172-31-14-224.us-west-1.compute.internal) updated with oversubscribed resources  (total: cpus(*):2; mem(*):1024; disk(*):1024; ports(*):[31000-32000], allocated: cpus(*):2; mem(*):1024; disk(*):1024; ports(*):[31000-32000])
I0314 19:33:43.307545 49952 master.cpp:5324] Sending 1 offers to framework 32379989-c9d4-4cb0-8f56-ed0f09185040-0000 (default) at scheduler-0ee20155-6b2a-4f05-b30b-61e79bdec7cc@172.31.14.224:50909
I0314 19:33:43.307648 49954 hierarchical.cpp:1453] No resources available to allocate!
I0314 19:33:43.307684 49947 process.cpp:2494] Resuming scheduler-0ee20155-6b2a-4f05-b30b-61e79bdec7cc@172.31.14.224:50909 at 2016-03-14 19:33:43.307675904+00:00
I0314 19:33:43.307694 49954 hierarchical.cpp:1548] No inverse offers to send out!
I0314 19:33:43.307749 49954 hierarchical.cpp:1150] Performed allocation for slave 32379989-c9d4-4cb0-8f56-ed0f09185040-S0 in 170369ns
I0314 19:33:43.307818 49947 pid.cpp:93] Attempting to parse 'master@172.31.14.224:50909' into a PID
I0314 19:33:43.307857 49947 sched.cpp:849] Received 1 offers
I0314 19:33:43.307880 49947 pid.cpp:93] Attempting to parse 'slave(78)@172.31.14.224:50909' into a PID
I0314 19:33:43.308018 49947 sched.cpp:873] Scheduler::resourceOffers took 94884ns
I0314 19:33:43.308037 49952 process.cpp:2494] Resuming __latch__(1929)@172.31.14.224:50909 at 2016-03-14 19:33:43.308025088+00:00
I0314 19:33:43.308074 49952 process.cpp:2599] Cleaning up __latch__(1929)@172.31.14.224:50909
I0314 19:33:43.308189 49962 process.cpp:2494] Resuming help@172.31.14.224:50909 at 2016-03-14 19:33:43.308177920+00:00
I0314 19:33:43.308214 49956 process.cpp:2494] Resuming __waiter__(796)@172.31.14.224:50909 at 2016-03-14 19:33:43.308204032+00:00
I0314 19:33:43.308277 49957 process.cpp:2494] Resuming __gc__@172.31.14.224:50909 at 2016-03-14 19:33:43.308267008+00:00
I0314 19:33:43.308357 49956 process.cpp:2599] Cleaning up __waiter__(796)@172.31.14.224:50909
I0314 19:33:43.308434 49954 process.cpp:2494] Resuming help@172.31.14.224:50909 at 2016-03-14 19:33:43.308422912+00:00
I0314 19:33:43.308517 49933 resources.cpp:572] Parsing resources as JSON failed: cpus:1;mem:256;disk:1024
Trying semicolon-delimited string format instead
I0314 19:33:43.308816 49955 process.cpp:2494] Resuming scheduler-0ee20155-6b2a-4f05-b30b-61e79bdec7cc@172.31.14.224:50909 at 2016-03-14 19:33:43.308807936+00:00
I0314 19:33:43.308845 49948 process.cpp:2494] Resuming __gc__@172.31.14.224:50909 at 2016-03-14 19:33:43.308836096+00:00
I0314 19:33:43.308857 49959 process.cpp:2494] Resuming __latch__(1931)@172.31.14.224:50909 at 2016-03-14 19:33:43.308847104+00:00
I0314 19:33:43.308847 49933 process.cpp:2484] Spawned process __latch__(1931)@172.31.14.224:50909
I0314 19:33:43.308965 49933 process.cpp:2484] Spawned process __waiter__(797)@172.31.14.224:50909
I0314 19:33:43.308987 49955 pid.cpp:93] Attempting to parse 'master@172.31.14.224:50909' into a PID
I0314 19:33:43.308982 49948 process.cpp:2494] Resuming __waiter__(797)@172.31.14.224:50909 at 2016-03-14 19:33:43.308976128+00:00
I0314 19:33:43.309111 49949 process.cpp:2494] Resuming master@172.31.14.224:50909 at 2016-03-14 19:33:43.309103104+00:00
I0314 19:33:43.309182 49950 leveldb.cpp:341] Persisting action (16 bytes) to leveldb took 2.179307ms
I0314 19:33:43.309218 49950 replica.cpp:712] Persisted action at 4
I0314 19:33:43.309279 49950 process.cpp:2494] Resuming (5416)@172.31.14.224:50909 at 2016-03-14 19:33:43.309273088+00:00
I0314 19:33:43.309376 49947 process.cpp:2494] Resuming log-write(390)@172.31.14.224:50909 at 2016-03-14 19:33:43.309366016+00:00
I0314 19:33:43.309391 49950 process.cpp:2599] Cleaning up (5416)@172.31.14.224:50909
I0314 19:33:43.309463 49956 process.cpp:2494] Resuming help@172.31.14.224:50909 at 2016-03-14 19:33:43.309455104+00:00
I0314 19:33:43.309490 49954 process.cpp:2494] Resuming log-coordinator(78)@172.31.14.224:50909 at 2016-03-14 19:33:43.309480960+00:00
I0314 19:33:43.309530 49961 process.cpp:2494] Resuming __gc__@172.31.14.224:50909 at 2016-03-14 19:33:43.309519872+00:00
I0314 19:33:43.309629 49947 process.cpp:2599] Cleaning up log-write(390)@172.31.14.224:50909
I0314 19:33:43.309671 49949 master.cpp:3104] Processing ACCEPT call for offers: [ 32379989-c9d4-4cb0-8f56-ed0f09185040-O0 ] on slave 32379989-c9d4-4cb0-8f56-ed0f09185040-S0 at slave(78)@172.31.14.224:50909 (ip-172-31-14-224.us-west-1.compute.internal) for framework 32379989-c9d4-4cb0-8f56-ed0f09185040-0000 (default) at scheduler-0ee20155-6b2a-4f05-b30b-61e79bdec7cc@172.31.14.224:50909
I0314 19:33:43.309701 49950 process.cpp:2494] Resuming (5386)@172.31.14.224:50909 at 2016-03-14 19:33:43.309690112+00:00
I0314 19:33:43.309733 49949 master.cpp:2776] Authorizing framework principal 'test-principal' to launch task ca0c2383-9b8d-4c52-ab7b-a9361ce98682 as user 'root'
I0314 19:33:43.309746 49960 process.cpp:2494] Resuming __gc__@172.31.14.224:50909 at 2016-03-14 19:33:43.309734912+00:00
I0314 19:33:43.309700 49961 process.cpp:2494] Resuming help@172.31.14.224:50909 at 2016-03-14 19:33:43.309692928+00:00
I0314 19:33:43.309902 49948 process.cpp:2494] Resuming authorizer(78)@172.31.14.224:50909 at 2016-03-14 19:33:43.309893120+00:00
I0314 19:33:43.309932 49947 process.cpp:2494] Resuming log-coordinator(78)@172.31.14.224:50909 at 2016-03-14 19:33:43.309924096+00:00
I0314 19:33:43.310029 49955 process.cpp:2494] Resuming log-replica(78)@172.31.14.224:50909 at 2016-03-14 19:33:43.310014976+00:00
I0314 19:33:43.310075 49957 process.cpp:2494] Resuming __gc__@172.31.14.224:50909 at 2016-03-14 19:33:43.310065920+00:00
I0314 19:33:43.310107 49955 replica.cpp:691] Replica received learned notice for position 4 from @0.0.0.0:0
I0314 19:33:43.310128 49949 process.cpp:2484] Spawned process (5417)@172.31.14.224:50909
I0314 19:33:43.310104 49947 process.cpp:2494] Resuming (5417)@172.31.14.224:50909 at 2016-03-14 19:33:43.310095872+00:00
I0314 19:33:43.310407 49959 process.cpp:2494] Resuming master@172.31.14.224:50909 at 2016-03-14 19:33:43.310398976+00:00
I0314 19:33:43.310417 49947 process.cpp:2599] Cleaning up (5417)@172.31.14.224:50909
I0314 19:33:43.310510 49950 process.cpp:2494] Resuming help@172.31.14.224:50909 at 2016-03-14 19:33:43.310500096+00:00
I0314 19:33:43.310534 49954 process.cpp:2494] Resuming __gc__@172.31.14.224:50909 at 2016-03-14 19:33:43.310523904+00:00
I0314 19:33:43.310796 49955 leveldb.cpp:341] Persisting action (18 bytes) to leveldb took 645915ns
I0314 19:33:43.310860 49955 leveldb.cpp:399] Deleting ~2 keys from leveldb took 31389ns
I0314 19:33:43.310889 49955 replica.cpp:712] Persisted action at 4
I0314 19:33:43.310912 49955 replica.cpp:697] Replica learned TRUNCATE action at position 4
I0314 19:33:43.310958 49959 master.hpp:177] Adding task ca0c2383-9b8d-4c52-ab7b-a9361ce98682 with resources cpus(*):1; mem(*):256; disk(*):1024 on slave 32379989-c9d4-4cb0-8f56-ed0f09185040-S0 (ip-172-31-14-224.us-west-1.compute.internal)
I0314 19:33:43.311017 49948 process.cpp:2494] Resuming log-coordinator(78)@172.31.14.224:50909 at 2016-03-14 19:33:43.311008000+00:00
I0314 19:33:43.311075 49959 master.cpp:3589] Launching task ca0c2383-9b8d-4c52-ab7b-a9361ce98682 of framework 32379989-c9d4-4cb0-8f56-ed0f09185040-0000 (default) at scheduler-0ee20155-6b2a-4f05-b30b-61e79bdec7cc@172.31.14.224:50909 with resources cpus(*):1; mem(*):256; disk(*):1024 on slave 32379989-c9d4-4cb0-8f56-ed0f09185040-S0 at slave(78)@172.31.14.224:50909 (ip-172-31-14-224.us-west-1.compute.internal)
I0314 19:33:43.311223 49947 process.cpp:2494] Resuming (5387)@172.31.14.224:50909 at 2016-03-14 19:33:43.311214080+00:00
I0314 19:33:43.311228 49961 process.cpp:2494] Resuming slave(78)@172.31.14.224:50909 at 2016-03-14 19:33:43.311219968+00:00
I0314 19:33:43.311265 49950 process.cpp:2494] Resuming (5385)@172.31.14.224:50909 at 2016-03-14 19:33:43.311256064+00:00
I0314 19:33:43.311471 49961 pid.cpp:93] Attempting to parse 'scheduler-0ee20155-6b2a-4f05-b30b-61e79bdec7cc@172.31.14.224:50909' into a PID
I0314 19:33:43.311512 49961 slave.cpp:1361] Got assigned task ca0c2383-9b8d-4c52-ab7b-a9361ce98682 for framework 32379989-c9d4-4cb0-8f56-ed0f09185040-0000
I0314 19:33:43.311635 49961 resources.cpp:572] Parsing resources as JSON failed: cpus:0.1;mem:32
Trying semicolon-delimited string format instead
I0314 19:33:43.311669 49950 hierarchical.cpp:890] Recovered cpus(*):1; mem(*):768; ports(*):[31000-32000] (total: cpus(*):2; mem(*):1024; disk(*):1024; ports(*):[31000-32000], allocated: cpus(*):1; mem(*):256; disk(*):1024) on slave 32379989-c9d4-4cb0-8f56-ed0f09185040-S0 from framework 32379989-c9d4-4cb0-8f56-ed0f09185040-0000
I0314 19:33:43.311724 49950 hierarchical.cpp:927] Framework 32379989-c9d4-4cb0-8f56-ed0f09185040-0000 filtered slave 32379989-c9d4-4cb0-8f56-ed0f09185040-S0 for 5secs
I0314 19:33:43.311969 49961 slave.cpp:1480] Launching task ca0c2383-9b8d-4c52-ab7b-a9361ce98682 for framework 32379989-c9d4-4cb0-8f56-ed0f09185040-0000
I0314 19:33:43.312036 49961 resources.cpp:572] Parsing resources as JSON failed: cpus:0.1;mem:32
Trying semicolon-delimited string format instead
I0314 19:33:43.312388 49961 paths.cpp:528] Trying to chown '/tmp/MemoryPressureMesosTest_CGROUPS_ROOT_Statistics_RYOTzy/slaves/32379989-c9d4-4cb0-8f56-ed0f09185040-S0/frameworks/32379989-c9d4-4cb0-8f56-ed0f09185040-0000/executors/ca0c2383-9b8d-4c52-ab7b-a9361ce98682/runs/b66daaf4-8cb9-4251-8e4a-b0187e644a82' to user 'root'
I0314 19:33:43.314998 49961 slave.cpp:5367] Launching executor ca0c2383-9b8d-4c52-ab7b-a9361ce98682 of framework 32379989-c9d4-4cb0-8f56-ed0f09185040-0000 with resources cpus(*):0.1; mem(*):32 in work directory '/tmp/MemoryPressureMesosTest_CGROUPS_ROOT_Statistics_RYOTzy/slaves/32379989-c9d4-4cb0-8f56-ed0f09185040-S0/frameworks/32379989-c9d4-4cb0-8f56-ed0f09185040-0000/executors/ca0c2383-9b8d-4c52-ab7b-a9361ce98682/runs/b66daaf4-8cb9-4251-8e4a-b0187e644a82'
I0314 19:33:43.315131 49953 process.cpp:2494] Resuming files@172.31.14.224:50909 at 2016-03-14 19:33:43.315115008+00:00
I0314 19:33:43.315284 49951 process.cpp:2494] Resuming (5408)@172.31.14.224:50909 at 2016-03-14 19:33:43.315264000+00:00
I0314 19:33:43.315362 49961 slave.cpp:1698] Queuing task 'ca0c2383-9b8d-4c52-ab7b-a9361ce98682' for executor 'ca0c2383-9b8d-4c52-ab7b-a9361ce98682' of framework 32379989-c9d4-4cb0-8f56-ed0f09185040-0000
I0314 19:33:43.315377 49951 containerizer.cpp:666] Starting container 'b66daaf4-8cb9-4251-8e4a-b0187e644a82' for executor 'ca0c2383-9b8d-4c52-ab7b-a9361ce98682' of framework '32379989-c9d4-4cb0-8f56-ed0f09185040-0000'
I0314 19:33:43.315479 49961 slave.cpp:749] Successfully attached file '/tmp/MemoryPressureMesosTest_CGROUPS_ROOT_Statistics_RYOTzy/slaves/32379989-c9d4-4cb0-8f56-ed0f09185040-S0/frameworks/32379989-c9d4-4cb0-8f56-ed0f09185040-0000/executors/ca0c2383-9b8d-4c52-ab7b-a9361ce98682/runs/b66daaf4-8cb9-4251-8e4a-b0187e644a82'
I0314 19:33:43.315487 49951 process.cpp:2484] Spawned process (5418)@172.31.14.224:50909
I0314 19:33:43.315510 49953 process.cpp:2494] Resuming (5418)@172.31.14.224:50909 at 2016-03-14 19:33:43.315501056+00:00
I0314 19:33:43.316045 49954 process.cpp:2494] Resuming (5407)@172.31.14.224:50909 at 2016-03-14 19:33:43.316027904+00:00

...
...
...
I0314 19:33:46.663902 49955 process.cpp:2599] Cleaning up __latch__(1947)@172.31.14.224:50909
I0314 19:33:46.663952 49962 process.cpp:2494] Resuming help@172.31.14.224:50909 at 2016-03-14 19:33:46.663943936+00:00
I0314 19:33:46.664016 49962 process.cpp:2494] Resuming __gc__@172.31.14.224:50909 at 2016-03-14 19:33:46.664011008+00:00
I0314 19:33:46.665400 49933 process.cpp:2795] Donating thread to files@172.31.14.224:50909 while waiting
I0314 19:33:46.665438 49933 process.cpp:2494] Resuming files@172.31.14.224:50909 at 2016-03-14 19:33:46.665432064+00:00
I0314 19:33:46.665464 49933 process.cpp:2599] Cleaning up files@172.31.14.224:50909
