I1107 19:36:44.462074 30666 status_update_manager.cpp:322] Received status update TASK_FINISHED (UUID: 40fd2aa3-7d39-47b2-afc1-9f492632f7d8) for task 1 of framework 7d94c7fb-8950-4bcf-80c1-46112292dcd6-0000
I1107 19:36:44.462155 30666 status_update_manager.cpp:826] Checkpointing UPDATE for status update TASK_FINISHED (UUID: 40fd2aa3-7d39-47b2-afc1-9f492632f7d8) for task 1 of framework 7d94c7fb-8950-4bcf-80c1-46112292dcd6-0000
I1107 19:36:44.463040 30666 status_update_manager.cpp:376] Forwarding update TASK_FINISHED (UUID: 40fd2aa3-7d39-47b2-afc1-9f492632f7d8) for task 1 of framework 7d94c7fb-8950-4bcf-80c1-46112292dcd6-0000 to the slave
I1107 19:36:44.463302 30657 slave.cpp:3087] Forwarding the update TASK_FINISHED (UUID: 40fd2aa3-7d39-47b2-afc1-9f492632f7d8) for task 1 of framework 7d94c7fb-8950-4bcf-80c1-46112292dcd6-0000 to master@172.17.5.200:41587
I1107 19:36:44.463495 30657 slave.cpp:3005] Status update manager successfully handled status update TASK_FINISHED (UUID: 40fd2aa3-7d39-47b2-afc1-9f492632f7d8) for task 1 of framework 7d94c7fb-8950-4bcf-80c1-46112292dcd6-0000
I1107 19:36:44.463531 30657 slave.cpp:3011] Sending acknowledgement for status update TASK_FINISHED (UUID: 40fd2aa3-7d39-47b2-afc1-9f492632f7d8) for task 1 of framework 7d94c7fb-8950-4bcf-80c1-46112292dcd6-0000 to executor(1)@172.17.5.200:39936
I1107 19:36:44.463620 30666 master.cpp:4414] Status update TASK_FINISHED (UUID: 40fd2aa3-7d39-47b2-afc1-9f492632f7d8) for task 1 of framework 7d94c7fb-8950-4bcf-80c1-46112292dcd6-0000 from slave 7d94c7fb-8950-4bcf-80c1-46112292dcd6-S0 at slave(45)@172.17.5.200:41587 (095b2d77f516)
I1107 19:36:44.463663 30666 master.cpp:4462] Forwarding status update TASK_FINISHED (UUID: 40fd2aa3-7d39-47b2-afc1-9f492632f7d8) for task 1 of framework 7d94c7fb-8950-4bcf-80c1-46112292dcd6-0000
I1107 19:36:44.463840 30666 master.cpp:6066] Updating the state of task 1 of framework 7d94c7fb-8950-4bcf-80c1-46112292dcd6-0000 (latest state: TASK_FINISHED, status update state: TASK_FINISHED)
I1107 19:36:44.464337 30657 sched.cpp:921] Scheduler::statusUpdate took 187859ns
I1107 19:36:44.464371 30666 hierarchical.cpp:739] Recovered cpus(*):1; mem(*):1 (total: cpus(*):1000; mem(*):1000; disk(*):3.70122e+06; ports(*):[31000-32000], allocated: ) on slave 7d94c7fb-8950-4bcf-80c1-46112292dcd6-S0 from framework 7d94c7fb-8950-4bcf-80c1-46112292dcd6-0000
I1107 19:36:44.464584 30657 master.cpp:3571] Processing ACKNOWLEDGE call 40fd2aa3-7d39-47b2-afc1-9f492632f7d8 for task 1 of framework 7d94c7fb-8950-4bcf-80c1-46112292dcd6-0000 (default) at scheduler-bae66de0-c814-4a38-82ec-9b0483d92347@172.17.5.200:41587 on slave 7d94c7fb-8950-4bcf-80c1-46112292dcd6-S0
I1107 19:36:44.464648 30657 master.cpp:6132] Removing task 1 with resources cpus(*):1; mem(*):1 of framework 7d94c7fb-8950-4bcf-80c1-46112292dcd6-0000 on slave 7d94c7fb-8950-4bcf-80c1-46112292dcd6-S0 at slave(45)@172.17.5.200:41587 (095b2d77f516)
I1107 19:36:44.465107 30657 status_update_manager.cpp:394] Received status update acknowledgement (UUID: 40fd2aa3-7d39-47b2-afc1-9f492632f7d8) for task 1 of framework 7d94c7fb-8950-4bcf-80c1-46112292dcd6-0000
I1107 19:36:44.465260 30657 status_update_manager.cpp:826] Checkpointing ACK for status update TASK_FINISHED (UUID: 40fd2aa3-7d39-47b2-afc1-9f492632f7d8) for task 1 of framework 7d94c7fb-8950-4bcf-80c1-46112292dcd6-0000
I1107 19:36:44.465626  1115 exec.cpp:343] Executor received status update acknowledgement 40fd2aa3-7d39-47b2-afc1-9f492632f7d8 for task 1 of framework 7d94c7fb-8950-4bcf-80c1-46112292dcd6-0000
I1107 19:36:44.466136 30657 status_update_manager.cpp:530] Cleaning up status update stream for task 1 of framework 7d94c7fb-8950-4bcf-80c1-46112292dcd6-0000
I1107 19:36:44.466526 30667 slave.cpp:2345] Status update manager successfully handled status update acknowledgement (UUID: 40fd2aa3-7d39-47b2-afc1-9f492632f7d8) for task 1 of framework 7d94c7fb-8950-4bcf-80c1-46112292dcd6-0000
I1107 19:36:44.466611 30667 slave.cpp:5339] Completing task 1
I1107 19:36:44.632086 30664 containerizer.cpp:1257] Executor for container 'd2a0999a-4e4a-45c5-a1ef-a75535eb4f49' has exited
I1107 19:36:44.632154 30664 containerizer.cpp:1074] Destroying container 'd2a0999a-4e4a-45c5-a1ef-a75535eb4f49'
I1107 19:36:44.637640 30664 slave.cpp:3553] Executor '0' of framework 7d94c7fb-8950-4bcf-80c1-46112292dcd6-0000 exited with status 0
I1107 19:36:44.637761 30664 slave.cpp:3657] Cleaning up executor '0' of framework 7d94c7fb-8950-4bcf-80c1-46112292dcd6-0000 at executor(1)@172.17.5.200:39128
I1107 19:36:44.638382 30662 gc.cpp:56] Scheduling '/tmp/FetcherCacheTest_SimpleEviction_ckaUz0/slaves/7d94c7fb-8950-4bcf-80c1-46112292dcd6-S0/frameworks/7d94c7fb-8950-4bcf-80c1-46112292dcd6-0000/executors/0/runs/d2a0999a-4e4a-45c5-a1ef-a75535eb4f49' for gc 6.99999261318222days in the future
I1107 19:36:44.638873 30663 gc.cpp:56] Scheduling '/tmp/FetcherCacheTest_SimpleEviction_ckaUz0/slaves/7d94c7fb-8950-4bcf-80c1-46112292dcd6-S0/frameworks/7d94c7fb-8950-4bcf-80c1-46112292dcd6-0000/executors/0' for gc 6.99999260796148days in the future
I1107 19:36:44.639230 30653 gc.cpp:56] Scheduling '/tmp/FetcherCacheTest_SimpleEviction_ckaUz0/meta/slaves/7d94c7fb-8950-4bcf-80c1-46112292dcd6-S0/frameworks/7d94c7fb-8950-4bcf-80c1-46112292dcd6-0000/executors/0/runs/d2a0999a-4e4a-45c5-a1ef-a75535eb4f49' for gc 6.99999260360889days in the future
I1107 19:36:44.639551 30661 gc.cpp:56] Scheduling '/tmp/FetcherCacheTest_SimpleEviction_ckaUz0/meta/slaves/7d94c7fb-8950-4bcf-80c1-46112292dcd6-S0/frameworks/7d94c7fb-8950-4bcf-80c1-46112292dcd6-0000/executors/0' for gc 6.99999259974815days in the future
I1107 19:36:45.065361 30667 hierarchical.cpp:1045] No inverse offers to send out!
I1107 19:36:45.065441 30667 hierarchical.cpp:851] Performed allocation for 1 slaves in 999013ns
I1107 19:36:45.065940 30667 master.cpp:4979] Sending 1 offers to framework 7d94c7fb-8950-4bcf-80c1-46112292dcd6-0000 (default) at scheduler-bae66de0-c814-4a38-82ec-9b0483d92347@172.17.5.200:41587
I1107 19:36:45.066483 30667 sched.cpp:813] Scheduler::resourceOffers took 126707ns
I1107 19:36:45.068840 30667 master.cpp:2915] Processing ACCEPT call for offers: [ 7d94c7fb-8950-4bcf-80c1-46112292dcd6-O2 ] on slave 7d94c7fb-8950-4bcf-80c1-46112292dcd6-S0 at slave(45)@172.17.5.200:41587 (095b2d77f516) for framework 7d94c7fb-8950-4bcf-80c1-46112292dcd6-0000 (default) at scheduler-bae66de0-c814-4a38-82ec-9b0483d92347@172.17.5.200:41587
I1107 19:36:45.068938 30667 master.cpp:2711] Authorizing framework principal '' to launch task 2 as user 'mesos'
I1107 19:36:45.071200 30667 master.hpp:176] Adding task 2 with resources cpus(*):1; mem(*):1 on slave 7d94c7fb-8950-4bcf-80c1-46112292dcd6-S0 (095b2d77f516)
I1107 19:36:45.071346 30667 master.cpp:3245] Launching task 2 of framework 7d94c7fb-8950-4bcf-80c1-46112292dcd6-0000 (default) at scheduler-bae66de0-c814-4a38-82ec-9b0483d92347@172.17.5.200:41587 with resources cpus(*):1; mem(*):1 on slave 7d94c7fb-8950-4bcf-80c1-46112292dcd6-S0 at slave(45)@172.17.5.200:41587 (095b2d77f516)
I1107 19:36:45.071820 30660 slave.cpp:1294] Got assigned task 2 for framework 7d94c7fb-8950-4bcf-80c1-46112292dcd6-0000
I1107 19:36:45.072638 30667 hierarchical.cpp:739] Recovered cpus(*):999; mem(*):999; disk(*):3.70122e+06; ports(*):[31000-32000] (total: cpus(*):1000; mem(*):1000; disk(*):3.70122e+06; ports(*):[31000-32000], allocated: cpus(*):1; mem(*):1) on slave 7d94c7fb-8950-4bcf-80c1-46112292dcd6-S0 from framework 7d94c7fb-8950-4bcf-80c1-46112292dcd6-0000
I1107 19:36:45.072846 30667 hierarchical.cpp:776] Framework 7d94c7fb-8950-4bcf-80c1-46112292dcd6-0000 filtered slave 7d94c7fb-8950-4bcf-80c1-46112292dcd6-S0 for 5secs
I1107 19:36:45.072867 30660 slave.cpp:1410] Launching task 2 for framework 7d94c7fb-8950-4bcf-80c1-46112292dcd6-0000
I1107 19:36:45.073788 30660 paths.cpp:417] Trying to chown '/tmp/FetcherCacheTest_SimpleEviction_ckaUz0/slaves/7d94c7fb-8950-4bcf-80c1-46112292dcd6-S0/frameworks/7d94c7fb-8950-4bcf-80c1-46112292dcd6-0000/executors/2/runs/6553a617-6b4a-418d-9759-5681f45ff854' to user 'mesos'
I1107 19:36:45.080005 30660 slave.cpp:5360] Checkpointing ExecutorInfo to '/tmp/FetcherCacheTest_SimpleEviction_ckaUz0/meta/slaves/7d94c7fb-8950-4bcf-80c1-46112292dcd6-S0/frameworks/7d94c7fb-8950-4bcf-80c1-46112292dcd6-0000/executors/2/executor.info'
I1107 19:36:45.080965 30660 slave.cpp:4999] Launching executor 2 of framework 7d94c7fb-8950-4bcf-80c1-46112292dcd6-0000 with resources cpus(*):0.1; mem(*):32 in work directory '/tmp/FetcherCacheTest_SimpleEviction_ckaUz0/slaves/7d94c7fb-8950-4bcf-80c1-46112292dcd6-S0/frameworks/7d94c7fb-8950-4bcf-80c1-46112292dcd6-0000/executors/2/runs/6553a617-6b4a-418d-9759-5681f45ff854'
I1107 19:36:45.081532 30656 containerizer.cpp:618] Starting container '6553a617-6b4a-418d-9759-5681f45ff854' for executor '2' of framework '7d94c7fb-8950-4bcf-80c1-46112292dcd6-0000'
I1107 19:36:45.081714 30660 slave.cpp:5383] Checkpointing TaskInfo to '/tmp/FetcherCacheTest_SimpleEviction_ckaUz0/meta/slaves/7d94c7fb-8950-4bcf-80c1-46112292dcd6-S0/frameworks/7d94c7fb-8950-4bcf-80c1-46112292dcd6-0000/executors/2/runs/6553a617-6b4a-418d-9759-5681f45ff854/tasks/2/task.info'
I1107 19:36:45.082206 30660 slave.cpp:1628] Queuing task '2' for executor ''2' of framework 7d94c7fb-8950-4bcf-80c1-46112292dcd6-0000'
I1107 19:36:45.082336 30660 slave.cpp:682] Successfully attached file '/tmp/FetcherCacheTest_SimpleEviction_ckaUz0/slaves/7d94c7fb-8950-4bcf-80c1-46112292dcd6-S0/frameworks/7d94c7fb-8950-4bcf-80c1-46112292dcd6-0000/executors/2/runs/6553a617-6b4a-418d-9759-5681f45ff854'
I1107 19:36:45.085137 30656 launcher.cpp:134] Forked child with pid '1121' for container '6553a617-6b4a-418d-9759-5681f45ff854'
I1107 19:36:45.085301 30656 containerizer.cpp:851] Checkpointing executor's forked pid 1121 to '/tmp/FetcherCacheTest_SimpleEviction_ckaUz0/meta/slaves/7d94c7fb-8950-4bcf-80c1-46112292dcd6-S0/frameworks/7d94c7fb-8950-4bcf-80c1-46112292dcd6-0000/executors/2/runs/6553a617-6b4a-418d-9759-5681f45ff854/pids/forked.pid'
I1107 19:36:45.087652 30667 fetcher.cpp:301] Starting to fetch URIs for container: 6553a617-6b4a-418d-9759-5681f45ff854, directory: /tmp/FetcherCacheTest_SimpleEviction_ckaUz0/slaves/7d94c7fb-8950-4bcf-80c1-46112292dcd6-S0/frameworks/7d94c7fb-8950-4bcf-80c1-46112292dcd6-0000/executors/2/runs/6553a617-6b4a-418d-9759-5681f45ff854
I1107 19:36:45.094226 30667 fetcher.cpp:890] Created cache entry 'mesos@/tmp/FetcherCacheTest_SimpleEviction_ckaUz0/mesos-fetcher-test-assets/cmd2' with file: c3-cmd2
I1107 19:36:45.096156 30661 fetcher.cpp:250] Fetching size for URI: /tmp/FetcherCacheTest_SimpleEviction_ckaUz0/mesos-fetcher-test-assets/cmd2
I1107 19:36:45.098718 30667 fetcher.cpp:665] Claiming fetcher cache space for: mesos@/tmp/FetcherCacheTest_SimpleEviction_ckaUz0/mesos-fetcher-test-assets/cmd2
I1107 19:36:45.098835 30667 fetcher.cpp:1110] Claimed cache space: 30B, now using: 90B
I1107 19:36:45.107599 30667 fetcher.cpp:758] Fetching URIs using command '/mesos/mesos-0.26.0/_build/src/mesos-fetcher'
I1107 19:36:45.238361 30657 fetcher.cpp:1122] Released cache space: 0B, now using: 90B
WARNING: Logging before InitGoogleLogging() is written to STDERR
I1107 19:36:45.315680  1121 process.cpp:965] libprocess is initialized on 172.17.5.200:55861 for 16 cpus
I1107 19:36:45.329735  1121 logging.cpp:177] Logging to STDERR
I1107 19:36:45.332973  1121 exec.cpp:136] Version: 0.26.0
I1107 19:36:45.334202  1170 exec.cpp:186] Executor started at: executor(1)@172.17.5.200:55861 with pid 1121
I1107 19:36:45.337172 30657 slave.cpp:2405] Got registration for executor '2' of framework 7d94c7fb-8950-4bcf-80c1-46112292dcd6-0000 from executor(1)@172.17.5.200:55861
I1107 19:36:45.337662 30657 slave.cpp:2490] Checkpointing executor pid 'executor(1)@172.17.5.200:55861' to '/tmp/FetcherCacheTest_SimpleEviction_ckaUz0/meta/slaves/7d94c7fb-8950-4bcf-80c1-46112292dcd6-S0/frameworks/7d94c7fb-8950-4bcf-80c1-46112292dcd6-0000/executors/2/runs/6553a617-6b4a-418d-9759-5681f45ff854/pids/libprocess.pid'
I1107 19:36:45.340437 30668 slave.cpp:1793] Sending queued task '2' to executor ''2' of framework 7d94c7fb-8950-4bcf-80c1-46112292dcd6-0000 at executor(1)@172.17.5.200:55861'
I1107 19:36:45.343097  1177 exec.cpp:210] Executor registered on slave 7d94c7fb-8950-4bcf-80c1-46112292dcd6-S0
Registered executor on 095b2d77f516
I1107 19:36:45.355082  1177 exec.cpp:222] Executor::registered took 9.799009ms
I1107 19:36:45.355692  1177 exec.cpp:297] Executor asked to run task '2'
IStarting task 2
1107 19:36:45.355882  1177 exec.cpp:306] Executor::launchTask took 106726ns
Forked command at 1184
sh -c './cmd2 2'
I1107 19:36:45.361232  1173 exec.cpp:519] Executor sending status update TASK_RUNNING (UUID: e4a7fbac-a6ac-4fba-aefa-78ec39a5f8c4) for task 2 of framework 7d94c7fb-8950-4bcf-80c1-46112292dcd6-0000
I1107 19:36:45.363498 30662 slave.cpp:2762] Handling status update TASK_RUNNING (UUID: e4a7fbac-a6ac-4fba-aefa-78ec39a5f8c4) for task 2 of framework 7d94c7fb-8950-4bcf-80c1-46112292dcd6-0000 from executor(1)@172.17.5.200:55861
I1107 19:36:45.364037 30662 status_update_manager.cpp:322] Received status update TASK_RUNNING (UUID: e4a7fbac-a6ac-4fba-aefa-78ec39a5f8c4) for task 2 of framework 7d94c7fb-8950-4bcf-80c1-46112292dcd6-0000
I1107 19:36:45.364079 30662 status_update_manager.cpp:499] Creating StatusUpdate stream for task 2 of framework 7d94c7fb-8950-4bcf-80c1-46112292dcd6-0000
I1107 19:36:45.364655 30662 status_update_manager.cpp:826] Checkpointing UPDATE for status update TASK_RUNNING (UUID: e4a7fbac-a6ac-4fba-aefa-78ec39a5f8c4) for task 2 of framework 7d94c7fb-8950-4bcf-80c1-46112292dcd6-0000
I1107 19:36:45.365856 30662 status_update_manager.cpp:376] Forwarding update TASK_RUNNING (UUID: e4a7fbac-a6ac-4fba-aefa-78ec39a5f8c4) for task 2 of framework 7d94c7fb-8950-4bcf-80c1-46112292dcd6-0000 to the slave
I1107 19:36:45.366300 30662 slave.cpp:3087] Forwarding the update TASK_RUNNING (UUID: e4a7fbac-a6ac-4fba-aefa-78ec39a5f8c4) for task 2 of framework 7d94c7fb-8950-4bcf-80c1-46112292dcd6-0000 to master@172.17.5.200:41587
I1107 19:36:45.366464 30662 slave.cpp:3005] Status update manager successfully handled status update TASK_RUNNING (UUID: e4a7fbac-a6ac-4fba-aefa-78ec39a5f8c4) for task 2 of framework 7d94c7fb-8950-4bcf-80c1-46112292dcd6-0000
I1107 19:36:45.366499 30662 slave.cpp:3011] Sending acknowledgement for status update TASK_RUNNING (UUID: e4a7fbac-a6ac-4fba-aefa-78ec39a5f8c4) for task 2 of framework 7d94c7fb-8950-4bcf-80c1-46112292dcd6-0000 to executor(1)@172.17.5.200:55861
I1107 19:36:45.366698 30668 master.cpp:4414] Status update TASK_RUNNING (UUID: e4a7fbac-a6ac-4fba-aefa-78ec39a5f8c4) for task 2 of framework 7d94c7fb-8950-4bcf-80c1-46112292dcd6-0000 from slave 7d94c7fb-8950-4bcf-80c1-46112292dcd6-S0 at slave(45)@172.17.5.200:41587 (095b2d77f516)
I1107 19:36:45.366745 30668 master.cpp:4462] Forwarding status update TASK_RUNNING (UUID: e4a7fbac-a6ac-4fba-aefa-78ec39a5f8c4) for task 2 of framework 7d94c7fb-8950-4bcf-80c1-46112292dcd6-0000
I1107 19:36:45.366917 30668 master.cpp:6066] Updating the state of task 2 of framework 7d94c7fb-8950-4bcf-80c1-46112292dcd6-0000 (latest state: TASK_RUNNING, status update state: TASK_RUNNING)
I1107 19:36:45.367224 30662 sched.cpp:921] Scheduler::statusUpdate took 152941ns
I1107 19:36:45.367471 30662 master.cpp:3571] Processing ACKNOWLEDGE call e4a7fbac-a6ac-4fba-aefa-78ec39a5f8c4 for task 2 of framework 7d94c7fb-8950-4bcf-80c1-46112292dcd6-0000 (default) at scheduler-bae66de0-c814-4a38-82ec-9b0483d92347@172.17.5.200:41587 on slave 7d94c7fb-8950-4bcf-80c1-46112292dcd6-S0
I1107 19:36:45.367759 30662 status_update_manager.cpp:394] Received status update acknowledgement (UUID: e4a7fbac-a6ac-4fba-aefa-78ec39a5f8c4) for task 2 of framework 7d94c7fb-8950-4bcf-80c1-46112292dcd6-0000
I1107 19:36:45.367887 30662 status_update_manager.cpp:826] Checkpointing ACK for status update TASK_RUNNING (UUID: e4a7fbac-a6ac-4fba-aefa-78ec39a5f8c4) for task 2 of framework 7d94c7fb-8950-4bcf-80c1-46112292dcd6-0000
I1107 19:36:45.368746 30662 slave.cpp:2345] Status update manager successfully handled status update acknowledgement (UUID: e4a7fbac-a6ac-4fba-aefa-78ec39a5f8c4) for task 2 of framework 7d94c7fb-8950-4bcf-80c1-46112292dcd6-0000
I1107 19:36:45.369518  1168 exec.cpp:343] Executor received status update acknowledgement e4a7fbac-a6ac-4fba-aefa-78ec39a5f8c4 for task 2 of framework 7d94c7fb-8950-4bcf-80c1-46112292dcd6-0000
Command exited with status 0 (pid: 1184)
I1107 19:36:45.463112  1180 exec.cpp:519] Executor sending status update TASK_FINISHED (UUID: 82fc89e3-f919-484c-9a06-bb75ccd20d35) for task 2 of framework 7d94c7fb-8950-4bcf-80c1-46112292dcd6-0000
I1107 19:36:45.465121 30662 slave.cpp:2762] Handling status update TASK_FINISHED (UUID: 82fc89e3-f919-484c-9a06-bb75ccd20d35) for task 2 of framework 7d94c7fb-8950-4bcf-80c1-46112292dcd6-0000 from executor(1)@172.17.5.200:55861
I1107 19:36:45.465328 30662 slave.cpp:5298] Terminating task 2
I1107 19:36:45.467548 30662 status_update_manager.cpp:322] Received status update TASK_FINISHED (UUID: 82fc89e3-f919-484c-9a06-bb75ccd20d35) for task 2 of framework 7d94c7fb-8950-4bcf-80c1-46112292dcd6-0000
I1107 19:36:45.467617 30662 status_update_manager.cpp:826] Checkpointing UPDATE for status update TASK_FINISHED (UUID: 82fc89e3-f919-484c-9a06-bb75ccd20d35) for task 2 of framework 7d94c7fb-8950-4bcf-80c1-46112292dcd6-0000
I1107 19:36:45.471096 30662 status_update_manager.cpp:376] Forwarding update TASK_FINISHED (UUID: 82fc89e3-f919-484c-9a06-bb75ccd20d35) for task 2 of framework 7d94c7fb-8950-4bcf-80c1-46112292dcd6-0000 to the slave
I1107 19:36:45.471540 30662 slave.cpp:3087] Forwarding the update TASK_FINISHED (UUID: 82fc89e3-f919-484c-9a06-bb75ccd20d35) for task 2 of framework 7d94c7fb-8950-4bcf-80c1-46112292dcd6-0000 to master@172.17.5.200:41587
I1107 19:36:45.471689 30662 slave.cpp:3005] Status update manager successfully handled status update TASK_FINISHED (UUID: 82fc89e3-f919-484c-9a06-bb75ccd20d35) for task 2 of framework 7d94c7fb-8950-4bcf-80c1-46112292dcd6-0000
I1107 19:36:45.471720 30662 slave.cpp:3011] Sending acknowledgement for status update TASK_FINISHED (UUID: 82fc89e3-f919-484c-9a06-bb75ccd20d35) for task 2 of framework 7d94c7fb-8950-4bcf-80c1-46112292dcd6-0000 to executor(1)@172.17.5.200:55861
I1107 19:36:45.472199 30655 master.cpp:4414] Status update TASK_FINISHED (UUID: 82fc89e3-f919-484c-9a06-bb75ccd20d35) for task 2 of framework 7d94c7fb-8950-4bcf-80c1-46112292dcd6-0000 from slave 7d94c7fb-8950-4bcf-80c1-46112292dcd6-S0 at slave(45)@172.17.5.200:41587 (095b2d77f516)
I1107 19:36:45.472254 30655 master.cpp:4462] Forwarding status update TASK_FINISHED (UUID: 82fc89e3-f919-484c-9a06-bb75ccd20d35) for task 2 of framework 7d94c7fb-8950-4bcf-80c1-46112292dcd6-0000
I1107 19:36:45.472416 30655 master.cpp:6066] Updating the state of task 2 of framework 7d94c7fb-8950-4bcf-80c1-46112292dcd6-0000 (latest state: TASK_FINISHED, status update state: TASK_FINISHED)
I1107 19:36:45.473271 30667 hierarchical.cpp:739] Recovered cpus(*):1; mem(*):1 (total: cpus(*):1000; mem(*):1000; disk(*):3.70122e+06; ports(*):[31000-32000], allocated: ) on slave 7d94c7fb-8950-4bcf-80c1-46112292dcd6-S0 from framework 7d94c7fb-8950-4bcf-80c1-46112292dcd6-0000
I1107 19:36:45.473634 30653 sched.cpp:921] Scheduler::statusUpdate took 771310ns
I1107 19:36:45.473877 30653 master.cpp:3571] Processing ACKNOWLEDGE call 82fc89e3-f919-484c-9a06-bb75ccd20d35 for task 2 of framework 7d94c7fb-8950-4bcf-80c1-46112292dcd6-0000 (default) at scheduler-bae66de0-c814-4a38-82ec-9b0483d92347@172.17.5.200:41587 on slave 7d94c7fb-8950-4bcf-80c1-46112292dcd6-S0
I1107 19:36:45.473944 30653 master.cpp:6132] Removing task 2 with resources cpus(*):1; mem(*):1 of framework 7d94c7fb-8950-4bcf-80c1-46112292dcd6-0000 on slave 7d94c7fb-8950-4bcf-80c1-46112292dcd6-S0 at slave(45)@172.17.5.200:41587 (095b2d77f516)
I1107 19:36:45.477097 30665 status_update_manager.cpp:394] Received status update acknowledgement (UUID: 82fc89e3-f919-484c-9a06-bb75ccd20d35) for task 2 of framework 7d94c7fb-8950-4bcf-80c1-46112292dcd6-0000
I1107 19:36:45.477174  1178 exec.cpp:343] Executor received status update acknowledgement 82fc89e3-f919-484c-9a06-bb75ccd20d35 for task 2 of framework 7d94c7fb-8950-4bcf-80c1-46112292dcd6-0000
I1107 19:36:45.477403 30665 status_update_manager.cpp:826] Checkpointing ACK for status update TASK_FINISHED (UUID: 82fc89e3-f919-484c-9a06-bb75ccd20d35) for task 2 of framework 7d94c7fb-8950-4bcf-80c1-46112292dcd6-0000
I1107 19:36:45.480686 30665 status_update_manager.cpp:530] Cleaning up status update stream for task 2 of framework 7d94c7fb-8950-4bcf-80c1-46112292dcd6-0000
I1107 19:36:45.481199 30665 slave.cpp:2345] Status update manager successfully handled status update acknowledgement (UUID: 82fc89e3-f919-484c-9a06-bb75ccd20d35) for task 2 of framework 7d94c7fb-8950-4bcf-80c1-46112292dcd6-0000
I1107 19:36:45.481264 30665 slave.cpp:5339] Completing task 2
I1107 19:36:45.540711 30663 containerizer.cpp:1257] Executor for container '91a41a5f-b53e-4b80-93ca-d5aa9789e49d' has exited
I1107 19:36:45.540778 30663 containerizer.cpp:1074] Destroying container '91a41a5f-b53e-4b80-93ca-d5aa9789e49d'
I1107 19:36:45.545699 30660 slave.cpp:3553] Executor '1' of framework 7d94c7fb-8950-4bcf-80c1-46112292dcd6-0000 exited with status 0
I1107 19:36:45.545831 30660 slave.cpp:3657] Cleaning up executor '1' of framework 7d94c7fb-8950-4bcf-80c1-46112292dcd6-0000 at executor(1)@172.17.5.200:39936
I1107 19:36:45.546818 30660 gc.cpp:56] Scheduling '/tmp/FetcherCacheTest_SimpleEviction_ckaUz0/slaves/7d94c7fb-8950-4bcf-80c1-46112292dcd6-S0/frameworks/7d94c7fb-8950-4bcf-80c1-46112292dcd6-0000/executors/1/runs/91a41a5f-b53e-4b80-93ca-d5aa9789e49d' for gc 6.9999936764237days in the future
I1107 19:36:45.547041 30660 gc.cpp:56] Scheduling '/tmp/FetcherCacheTest_SimpleEviction_ckaUz0/slaves/7d94c7fb-8950-4bcf-80c1-46112292dcd6-S0/frameworks/7d94c7fb-8950-4bcf-80c1-46112292dcd6-0000/executors/1' for gc 6.99999367446815days in the future
I1107 19:36:45.547189 30660 gc.cpp:56] Scheduling '/tmp/FetcherCacheTest_SimpleEviction_ckaUz0/meta/slaves/7d94c7fb-8950-4bcf-80c1-46112292dcd6-S0/frameworks/7d94c7fb-8950-4bcf-80c1-46112292dcd6-0000/executors/1/runs/91a41a5f-b53e-4b80-93ca-d5aa9789e49d' for gc 6.99999367326518days in the future
I1107 19:36:45.547355 30660 gc.cpp:56] Scheduling '/tmp/FetcherCacheTest_SimpleEviction_ckaUz0/meta/slaves/7d94c7fb-8950-4bcf-80c1-46112292dcd6-S0/frameworks/7d94c7fb-8950-4bcf-80c1-46112292dcd6-0000/executors/1' for gc 6.99999367229037days in the future
I1107 19:36:46.067595 30665 hierarchical.cpp:1045] No inverse offers to send out!
I1107 19:36:46.067673 30665 hierarchical.cpp:851] Performed allocation for 1 slaves in 1.151544ms
I1107 19:36:46.068194 30665 master.cpp:4979] Sending 1 offers to framework 7d94c7fb-8950-4bcf-80c1-46112292dcd6-0000 (default) at scheduler-bae66de0-c814-4a38-82ec-9b0483d92347@172.17.5.200:41587
I1107 19:36:46.068734 30665 sched.cpp:813] Scheduler::resourceOffers took 117496ns
I1107 19:36:46.070858 30665 master.cpp:2915] Processing ACCEPT call for offers: [ 7d94c7fb-8950-4bcf-80c1-46112292dcd6-O3 ] on slave 7d94c7fb-8950-4bcf-80c1-46112292dcd6-S0 at slave(45)@172.17.5.200:41587 (095b2d77f516) for framework 7d94c7fb-8950-4bcf-80c1-46112292dcd6-0000 (default) at scheduler-bae66de0-c814-4a38-82ec-9b0483d92347@172.17.5.200:41587
I1107 19:36:46.070921 30665 master.cpp:2711] Authorizing framework principal '' to launch task 3 as user 'mesos'
I1107 19:36:46.072576 30665 master.hpp:176] Adding task 3 with resources cpus(*):1; mem(*):1 on slave 7d94c7fb-8950-4bcf-80c1-46112292dcd6-S0 (095b2d77f516)
I1107 19:36:46.072676 30665 master.cpp:3245] Launching task 3 of framework 7d94c7fb-8950-4bcf-80c1-46112292dcd6-0000 (default) at scheduler-bae66de0-c814-4a38-82ec-9b0483d92347@172.17.5.200:41587 with resources cpus(*):1; mem(*):1 on slave 7d94c7fb-8950-4bcf-80c1-46112292dcd6-S0 at slave(45)@172.17.5.200:41587 (095b2d77f516)
I1107 19:36:46.073215 30655 slave.cpp:1294] Got assigned task 3 for framework 7d94c7fb-8950-4bcf-80c1-46112292dcd6-0000
I1107 19:36:46.073423 30657 hierarchical.cpp:739] Recovered cpus(*):999; mem(*):999; disk(*):3.70122e+06; ports(*):[31000-32000] (total: cpus(*):1000; mem(*):1000; disk(*):3.70122e+06; ports(*):[31000-32000], allocated: cpus(*):1; mem(*):1) on slave 7d94c7fb-8950-4bcf-80c1-46112292dcd6-S0 from framework 7d94c7fb-8950-4bcf-80c1-46112292dcd6-0000
I1107 19:36:46.073489 30657 hierarchical.cpp:776] Framework 7d94c7fb-8950-4bcf-80c1-46112292dcd6-0000 filtered slave 7d94c7fb-8950-4bcf-80c1-46112292dcd6-S0 for 5secs
I1107 19:36:46.073951 30655 slave.cpp:1410] Launching task 3 for framework 7d94c7fb-8950-4bcf-80c1-46112292dcd6-0000
I1107 19:36:46.074681 30655 paths.cpp:417] Trying to chown '/tmp/FetcherCacheTest_SimpleEviction_ckaUz0/slaves/7d94c7fb-8950-4bcf-80c1-46112292dcd6-S0/frameworks/7d94c7fb-8950-4bcf-80c1-46112292dcd6-0000/executors/3/runs/d2c1f924-c92a-453e-82b1-c294d09c4873' to user 'mesos'
I1107 19:36:46.081043 30655 slave.cpp:5360] Checkpointing ExecutorInfo to '/tmp/FetcherCacheTest_SimpleEviction_ckaUz0/meta/slaves/7d94c7fb-8950-4bcf-80c1-46112292dcd6-S0/frameworks/7d94c7fb-8950-4bcf-80c1-46112292dcd6-0000/executors/3/executor.info'
I1107 19:36:46.081836 30655 slave.cpp:4999] Launching executor 3 of framework 7d94c7fb-8950-4bcf-80c1-46112292dcd6-0000 with resources cpus(*):0.1; mem(*):32 in work directory '/tmp/FetcherCacheTest_SimpleEviction_ckaUz0/slaves/7d94c7fb-8950-4bcf-80c1-46112292dcd6-S0/frameworks/7d94c7fb-8950-4bcf-80c1-46112292dcd6-0000/executors/3/runs/d2c1f924-c92a-453e-82b1-c294d09c4873'
I1107 19:36:46.082309 30666 containerizer.cpp:618] Starting container 'd2c1f924-c92a-453e-82b1-c294d09c4873' for executor '3' of framework '7d94c7fb-8950-4bcf-80c1-46112292dcd6-0000'
I1107 19:36:46.082411 30655 slave.cpp:5383] Checkpointing TaskInfo to '/tmp/FetcherCacheTest_SimpleEviction_ckaUz0/meta/slaves/7d94c7fb-8950-4bcf-80c1-46112292dcd6-S0/frameworks/7d94c7fb-8950-4bcf-80c1-46112292dcd6-0000/executors/3/runs/d2c1f924-c92a-453e-82b1-c294d09c4873/tasks/3/task.info'
I1107 19:36:46.082850 30655 slave.cpp:1628] Queuing task '3' for executor ''3' of framework 7d94c7fb-8950-4bcf-80c1-46112292dcd6-0000'
I1107 19:36:46.083267 30655 slave.cpp:682] Successfully attached file '/tmp/FetcherCacheTest_SimpleEviction_ckaUz0/slaves/7d94c7fb-8950-4bcf-80c1-46112292dcd6-S0/frameworks/7d94c7fb-8950-4bcf-80c1-46112292dcd6-0000/executors/3/runs/d2c1f924-c92a-453e-82b1-c294d09c4873'
I1107 19:36:46.086489 30664 launcher.cpp:134] Forked child with pid '1187' for container 'd2c1f924-c92a-453e-82b1-c294d09c4873'
I1107 19:36:46.086634 30664 containerizer.cpp:851] Checkpointing executor's forked pid 1187 to '/tmp/FetcherCacheTest_SimpleEviction_ckaUz0/meta/slaves/7d94c7fb-8950-4bcf-80c1-46112292dcd6-S0/frameworks/7d94c7fb-8950-4bcf-80c1-46112292dcd6-0000/executors/3/runs/d2c1f924-c92a-453e-82b1-c294d09c4873/pids/forked.pid'
I1107 19:36:46.089447 30668 fetcher.cpp:301] Starting to fetch URIs for container: d2c1f924-c92a-453e-82b1-c294d09c4873, directory: /tmp/FetcherCacheTest_SimpleEviction_ckaUz0/slaves/7d94c7fb-8950-4bcf-80c1-46112292dcd6-S0/frameworks/7d94c7fb-8950-4bcf-80c1-46112292dcd6-0000/executors/3/runs/d2c1f924-c92a-453e-82b1-c294d09c4873
I1107 19:36:46.097071 30668 fetcher.cpp:890] Created cache entry 'mesos@/tmp/FetcherCacheTest_SimpleEviction_ckaUz0/mesos-fetcher-test-assets/cmd3' with file: c4-cmd3
I1107 19:36:46.098377 30661 fetcher.cpp:250] Fetching size for URI: /tmp/FetcherCacheTest_SimpleEviction_ckaUz0/mesos-fetcher-test-assets/cmd3
I1107 19:36:46.100539 30668 fetcher.cpp:1031] Freeing up fetcher cache space for: 30B
I1107 19:36:46.100831 30668 fetcher.cpp:967] Removing cache entry 'mesos@/tmp/FetcherCacheTest_SimpleEviction_ckaUz0/mesos-fetcher-test-assets/cmd0' with filename: c1-cmd0
I1107 19:36:46.101053 30668 fetcher.cpp:1122] Released cache space: 30B, now using: 60B
I1107 19:36:46.101141 30668 fetcher.cpp:665] Claiming fetcher cache space for: mesos@/tmp/FetcherCacheTest_SimpleEviction_ckaUz0/mesos-fetcher-test-assets/cmd3
I1107 19:36:46.101232 30668 fetcher.cpp:1110] Claimed cache space: 30B, now using: 90B
I1107 19:36:46.121825 30668 fetcher.cpp:758] Fetching URIs using command '/mesos/mesos-0.26.0/_build/src/mesos-fetcher'
I1107 19:36:46.247297 30657 fetcher.cpp:1122] Released cache space: 0B, now using: 90B
WARNING: Logging before InitGoogleLogging() is written to STDERR
I1107 19:36:46.337827  1187 process.cpp:965] libprocess is initialized on 172.17.5.200:33871 for 16 cpus
I1107 19:36:46.338824  1187 logging.cpp:177] Logging to STDERR
I1107 19:36:46.350026  1187 exec.cpp:136] Version: 0.26.0
I1107 19:36:46.353343  1235 exec.cpp:186] Executor started at: executor(1)@172.17.5.200:33871 with pid 1187
I1107 19:36:46.356576 30657 slave.cpp:2405] Got registration for executor '3' of framework 7d94c7fb-8950-4bcf-80c1-46112292dcd6-0000 from executor(1)@172.17.5.200:33871
I1107 19:36:46.357162 30657 slave.cpp:2490] Checkpointing executor pid 'executor(1)@172.17.5.200:33871' to '/tmp/FetcherCacheTest_SimpleEviction_ckaUz0/meta/slaves/7d94c7fb-8950-4bcf-80c1-46112292dcd6-S0/frameworks/7d94c7fb-8950-4bcf-80c1-46112292dcd6-0000/executors/3/runs/d2c1f924-c92a-453e-82b1-c294d09c4873/pids/libprocess.pid'
I1107 19:36:46.360908 30657 slave.cpp:1793] Sending queued task '3' to executor ''3' of framework 7d94c7fb-8950-4bcf-80c1-46112292dcd6-0000 at executor(1)@172.17.5.200:33871'
I1107 19:36:46.363682  1236 exec.cpp:297] Executor asked to run task '3'
IStarting task 3
1107 19:36:46.363988  1236 exec.cpp:306] Executor::launchTask took 153278ns
F1107 19:36:46.364225  1237 executor.cpp:184] CHECK_SOME(executorInfo): is NONE 
*** Check failure stack trace: ***
I1107 19:36:46.373569  1245 exec.cpp:210] Executor registered on slave 7d94c7fb-8950-4bcf-80c1-46112292dcd6-S0
    @     0x7f9f5a7db3fa  google::LogMessage::Fail()
I1107 19:36:46.394081  1245 exec.cpp:222] Executor::registered took 395411ns
    @     0x7f9f5a7db359  google::LogMessage::SendToLog()
    @     0x7f9f5a7dad6a  google::LogMessage::Flush()
    @     0x7f9f5a7dda9e  google::LogMessageFatal::~LogMessageFatal()
    @           0x48d00a  _CheckFatal::~_CheckFatal()
    @           0x49c99d  mesos::internal::CommandExecutorProcess::launchTask()
    @           0x4b3dd7  _ZZN7process8dispatchIN5mesos8internal22CommandExecutorProcessEPNS1_14ExecutorDriverERKNS1_8TaskInfoES5_S6_EEvRKNS_3PIDIT_EEMSA_FvT0_T1_ET2_T3_ENKUlPNS_11ProcessBaseEE_clESL_
    @           0x4c470c  _ZNSt17_Function_handlerIFvPN7process11ProcessBaseEEZNS0_8dispatchIN5mesos8internal22CommandExecutorProcessEPNS5_14ExecutorDriverERKNS5_8TaskInfoES9_SA_EEvRKNS0_3PIDIT_EEMSE_FvT0_T1_ET2_T3_EUlS2_E_E9_M_invokeERKSt9_Any_dataS2_
    @     0x7f9f5a761b1b  std::function<>::operator()()
    @     0x7f9f5a749935  process::ProcessBase::visit()
    @     0x7f9f5a74d700  process::DispatchEvent::visit()
    @           0x48e004  process::ProcessBase::serve()
    @     0x7f9f5a745d21  process::ProcessManager::resume()
    @     0x7f9f5a742f52  _ZZN7process14ProcessManager12init_threadsEvENKUlRKSt11atomic_boolE_clES3_
    @     0x7f9f5a74cf2c  _ZNSt5_BindIFZN7process14ProcessManager12init_threadsEvEUlRKSt11atomic_boolE_St17reference_wrapperIS3_EEE6__callIvIEILm0EEEET_OSt5tupleIIDpT0_EESt12_Index_tupleIIXspT1_EEE
    @     0x7f9f5a74cedc  _ZNSt5_BindIFZN7process14ProcessManager12init_threadsEvEUlRKSt11atomic_boolE_St17reference_wrapperIS3_EEEclIIEvEET0_DpOT_
    @     0x7f9f5a74ce6e  _ZNSt12_Bind_simpleIFSt5_BindIFZN7process14ProcessManager12init_threadsEvEUlRKSt11atomic_boolE_St17reference_wrapperIS4_EEEvEE9_M_invokeIIEEEvSt12_Index_tupleIIXspT_EEE
    @     0x7f9f5a74cdc5  _ZNSt12_Bind_simpleIFSt5_BindIFZN7process14ProcessManager12init_threadsEvEUlRKSt11atomic_boolE_St17reference_wrapperIS4_EEEvEEclEv
    @     0x7f9f5a74cd5e  _ZNSt6thread5_ImplISt12_Bind_simpleIFSt5_BindIFZN7process14ProcessManager12init_threadsEvEUlRKSt11atomic_boolE_St17reference_wrapperIS6_EEEvEEE6_M_runEv
    @     0x7f9f5624f1e0  (unknown)
    @     0x7f9f564a8df5  start_thread
    @     0x7f9f559b71ad  __clone
I1107 19:36:46.551370 30656 containerizer.cpp:1257] Executor for container '6553a617-6b4a-418d-9759-5681f45ff854' has exited
I1107 19:36:46.551429 30656 containerizer.cpp:1074] Destroying container '6553a617-6b4a-418d-9759-5681f45ff854'
I1107 19:36:46.553869 30656 containerizer.cpp:1257] Executor for container 'd2c1f924-c92a-453e-82b1-c294d09c4873' has exited
I1107 19:36:46.553899 30656 containerizer.cpp:1074] Destroying container 'd2c1f924-c92a-453e-82b1-c294d09c4873'
I1107 19:36:46.559680 30667 slave.cpp:3553] Executor '3' of framework 7d94c7fb-8950-4bcf-80c1-46112292dcd6-0000 terminated with signal Aborted
I1107 19:36:46.559854 30667 slave.cpp:2762] Handling status update TASK_FAILED (UUID: 7702c09e-fead-4e15-acd5-2613a3d729ef) for task 3 of framework 7d94c7fb-8950-4bcf-80c1-46112292dcd6-0000 from @0.0.0.0:0
I1107 19:36:46.561332 30667 slave.cpp:5298] Terminating task 3
I1107 19:36:46.561820 30667 slave.cpp:3553] Executor '2' of framework 7d94c7fb-8950-4bcf-80c1-46112292dcd6-0000 exited with status 0
I1107 19:36:46.562058 30667 slave.cpp:3657] Cleaning up executor '2' of framework 7d94c7fb-8950-4bcf-80c1-46112292dcd6-0000 at executor(1)@172.17.5.200:55861
W1107 19:36:46.561987 30658 containerizer.cpp:966] Ignoring update for unknown container: d2c1f924-c92a-453e-82b1-c294d09c4873
I1107 19:36:46.562988 30658 gc.cpp:56] Scheduling '/tmp/FetcherCacheTest_SimpleEviction_ckaUz0/slaves/7d94c7fb-8950-4bcf-80c1-46112292dcd6-S0/frameworks/7d94c7fb-8950-4bcf-80c1-46112292dcd6-0000/executors/2/runs/6553a617-6b4a-418d-9759-5681f45ff854' for gc 6.99999348802074days in the future
I1107 19:36:46.563206 30658 gc.cpp:56] Scheduling '/tmp/FetcherCacheTest_SimpleEviction_ckaUz0/slaves/7d94c7fb-8950-4bcf-80c1-46112292dcd6-S0/frameworks/7d94c7fb-8950-4bcf-80c1-46112292dcd6-0000/executors/2' for gc 6.99999348626074days in the future
I1107 19:36:46.563371 30658 gc.cpp:56] Scheduling '/tmp/FetcherCacheTest_SimpleEviction_ckaUz0/meta/slaves/7d94c7fb-8950-4bcf-80c1-46112292dcd6-S0/frameworks/7d94c7fb-8950-4bcf-80c1-46112292dcd6-0000/executors/2/runs/6553a617-6b4a-418d-9759-5681f45ff854' for gc 6.99999348522074days in the future
I1107 19:36:46.563972 30658 gc.cpp:56] Scheduling '/tmp/FetcherCacheTest_SimpleEviction_ckaUz0/meta/slaves/7d94c7fb-8950-4bcf-80c1-46112292dcd6-S0/frameworks/7d94c7fb-8950-4bcf-80c1-46112292dcd6-0000/executors/2' for gc 6.99999347685037days in the future
I1107 19:36:46.564075 30658 status_update_manager.cpp:322] Received status update TASK_FAILED (UUID: 7702c09e-fead-4e15-acd5-2613a3d729ef) for task 3 of framework 7d94c7fb-8950-4bcf-80c1-46112292dcd6-0000
I1107 19:36:46.564136 30658 status_update_manager.cpp:499] Creating StatusUpdate stream for task 3 of framework 7d94c7fb-8950-4bcf-80c1-46112292dcd6-0000
I1107 19:36:46.564709 30658 status_update_manager.cpp:826] Checkpointing UPDATE for status update TASK_FAILED (UUID: 7702c09e-fead-4e15-acd5-2613a3d729ef) for task 3 of framework 7d94c7fb-8950-4bcf-80c1-46112292dcd6-0000
I1107 19:36:46.565945 30658 status_update_manager.cpp:376] Forwarding update TASK_FAILED (UUID: 7702c09e-fead-4e15-acd5-2613a3d729ef) for task 3 of framework 7d94c7fb-8950-4bcf-80c1-46112292dcd6-0000 to the slave
I1107 19:36:46.566432 30658 slave.cpp:3087] Forwarding the update TASK_FAILED (UUID: 7702c09e-fead-4e15-acd5-2613a3d729ef) for task 3 of framework 7d94c7fb-8950-4bcf-80c1-46112292dcd6-0000 to master@172.17.5.200:41587
I1107 19:36:46.566607 30658 slave.cpp:3005] Status update manager successfully handled status update TASK_FAILED (UUID: 7702c09e-fead-4e15-acd5-2613a3d729ef) for task 3 of framework 7d94c7fb-8950-4bcf-80c1-46112292dcd6-0000
I1107 19:36:46.566871 30658 master.cpp:4414] Status update TASK_FAILED (UUID: 7702c09e-fead-4e15-acd5-2613a3d729ef) for task 3 of framework 7d94c7fb-8950-4bcf-80c1-46112292dcd6-0000 from slave 7d94c7fb-8950-4bcf-80c1-46112292dcd6-S0 at slave(45)@172.17.5.200:41587 (095b2d77f516)
I1107 19:36:46.566916 30658 master.cpp:4462] Forwarding status update TASK_FAILED (UUID: 7702c09e-fead-4e15-acd5-2613a3d729ef) for task 3 of framework 7d94c7fb-8950-4bcf-80c1-46112292dcd6-0000
I1107 19:36:46.567101 30658 master.cpp:6066] Updating the state of task 3 of framework 7d94c7fb-8950-4bcf-80c1-46112292dcd6-0000 (latest state: TASK_FAILED, status update state: TASK_FAILED)
I1107 19:36:46.567816 30658 sched.cpp:921] Scheduler::statusUpdate took 179327ns
I1107 19:36:46.568172 30658 hierarchical.cpp:739] Recovered cpus(*):1; mem(*):1 (total: cpus(*):1000; mem(*):1000; disk(*):3.70122e+06; ports(*):[31000-32000], allocated: ) on slave 7d94c7fb-8950-4bcf-80c1-46112292dcd6-S0 from framework 7d94c7fb-8950-4bcf-80c1-46112292dcd6-0000
I1107 19:36:46.568414 30658 master.cpp:3571] Processing ACKNOWLEDGE call 7702c09e-fead-4e15-acd5-2613a3d729ef for task 3 of framework 7d94c7fb-8950-4bcf-80c1-46112292dcd6-0000 (default) at scheduler-bae66de0-c814-4a38-82ec-9b0483d92347@172.17.5.200:41587 on slave 7d94c7fb-8950-4bcf-80c1-46112292dcd6-S0
I1107 19:36:46.568475 30658 master.cpp:6132] Removing task 3 with resources cpus(*):1; mem(*):1 of framework 7d94c7fb-8950-4bcf-80c1-46112292dcd6-0000 on slave 7d94c7fb-8950-4bcf-80c1-46112292dcd6-S0 at slave(45)@172.17.5.200:41587 (095b2d77f516)
I1107 19:36:46.568858 30658 status_update_manager.cpp:394] Received status update acknowledgement (UUID: 7702c09e-fead-4e15-acd5-2613a3d729ef) for task 3 of framework 7d94c7fb-8950-4bcf-80c1-46112292dcd6-0000
I1107 19:36:46.569103 30658 status_update_manager.cpp:826] Checkpointing ACK for status update TASK_FAILED (UUID: 7702c09e-fead-4e15-acd5-2613a3d729ef) for task 3 of framework 7d94c7fb-8950-4bcf-80c1-46112292dcd6-0000
I1107 19:36:46.570204 30658 status_update_manager.cpp:530] Cleaning up status update stream for task 3 of framework 7d94c7fb-8950-4bcf-80c1-46112292dcd6-0000
I1107 19:36:46.570665 30653 slave.cpp:2345] Status update manager successfully handled status update acknowledgement (UUID: 7702c09e-fead-4e15-acd5-2613a3d729ef) for task 3 of framework 7d94c7fb-8950-4bcf-80c1-46112292dcd6-0000
I1107 19:36:46.570719 30653 slave.cpp:5339] Completing task 3
I1107 19:36:46.570757 30653 slave.cpp:3657] Cleaning up executor '3' of framework 7d94c7fb-8950-4bcf-80c1-46112292dcd6-0000 at executor(1)@172.17.5.200:33871
I1107 19:36:46.571321 30664 gc.cpp:56] Scheduling '/tmp/FetcherCacheTest_SimpleEviction_ckaUz0/slaves/7d94c7fb-8950-4bcf-80c1-46112292dcd6-S0/frameworks/7d94c7fb-8950-4bcf-80c1-46112292dcd6-0000/executors/3/runs/d2c1f924-c92a-453e-82b1-c294d09c4873' for gc 6.99999339031111days in the future
I1107 19:36:46.571441 30664 gc.cpp:56] Scheduling '/tmp/FetcherCacheTest_SimpleEviction_ckaUz0/slaves/7d94c7fb-8950-4bcf-80c1-46112292dcd6-S0/frameworks/7d94c7fb-8950-4bcf-80c1-46112292dcd6-0000/executors/3' for gc 6.99999338850667days in the future
I1107 19:36:46.571462 30653 slave.cpp:3745] Cleaning up framework 7d94c7fb-8950-4bcf-80c1-46112292dcd6-0000
I1107 19:36:46.571524 30664 gc.cpp:56] Scheduling '/tmp/FetcherCacheTest_SimpleEviction_ckaUz0/meta/slaves/7d94c7fb-8950-4bcf-80c1-46112292dcd6-S0/frameworks/7d94c7fb-8950-4bcf-80c1-46112292dcd6-0000/executors/3/runs/d2c1f924-c92a-453e-82b1-c294d09c4873' for gc 6.99999338741926days in the future
I1107 19:36:46.571604 30664 gc.cpp:56] Scheduling '/tmp/FetcherCacheTest_SimpleEviction_ckaUz0/meta/slaves/7d94c7fb-8950-4bcf-80c1-46112292dcd6-S0/frameworks/7d94c7fb-8950-4bcf-80c1-46112292dcd6-0000/executors/3' for gc 6.99999338645926days in the future
I1107 19:36:46.571684 30664 gc.cpp:56] Scheduling '/tmp/FetcherCacheTest_SimpleEviction_ckaUz0/slaves/7d94c7fb-8950-4bcf-80c1-46112292dcd6-S0/frameworks/7d94c7fb-8950-4bcf-80c1-46112292dcd6-0000' for gc 6.99999338479111days in the future
I1107 19:36:46.571751 30658 status_update_manager.cpp:284] Closing status update streams for framework 7d94c7fb-8950-4bcf-80c1-46112292dcd6-0000
I1107 19:36:46.571764 30664 gc.cpp:56] Scheduling '/tmp/FetcherCacheTest_SimpleEviction_ckaUz0/meta/slaves/7d94c7fb-8950-4bcf-80c1-46112292dcd6-S0/frameworks/7d94c7fb-8950-4bcf-80c1-46112292dcd6-0000' for gc 6.99999338394667days in the future
I1107 19:36:47.069972 30667 hierarchical.cpp:1045] No inverse offers to send out!
I1107 19:36:47.070056 30667 hierarchical.cpp:851] Performed allocation for 1 slaves in 1.000108ms
I1107 19:36:47.070539 30667 master.cpp:4979] Sending 1 offers to framework 7d94c7fb-8950-4bcf-80c1-46112292dcd6-0000 (default) at scheduler-bae66de0-c814-4a38-82ec-9b0483d92347@172.17.5.200:41587
I1107 19:36:47.071069 30667 sched.cpp:813] Scheduler::resourceOffers took 125233ns
I1107 19:36:47.071385 30667 master.cpp:3297] Processing DECLINE call for offers: [ 7d94c7fb-8950-4bcf-80c1-46112292dcd6-O4 ] for framework 7d94c7fb-8950-4bcf-80c1-46112292dcd6-0000 (default) at scheduler-bae66de0-c814-4a38-82ec-9b0483d92347@172.17.5.200:41587
I1107 19:36:47.072212 30667 hierarchical.cpp:739] Recovered cpus(*):1000; mem(*):1000; disk(*):3.70122e+06; ports(*):[31000-32000] (total: cpus(*):1000; mem(*):1000; disk(*):3.70122e+06; ports(*):[31000-32000], allocated: ) on slave 7d94c7fb-8950-4bcf-80c1-46112292dcd6-S0 from framework 7d94c7fb-8950-4bcf-80c1-46112292dcd6-0000
I1107 19:36:47.072281 30667 hierarchical.cpp:776] Framework 7d94c7fb-8950-4bcf-80c1-46112292dcd6-0000 filtered slave 7d94c7fb-8950-4bcf-80c1-46112292dcd6-S0 for 5secs
I1107 19:36:48.071390 30661 hierarchical.cpp:1139] Filtered offer with cpus(*):1000; mem(*):1000; disk(*):3.70122e+06; ports(*):[31000-32000] on slave 7d94c7fb-8950-4bcf-80c1-46112292dcd6-S0 for framework 7d94c7fb-8950-4bcf-80c1-46112292dcd6-0000
I1107 19:36:48.071497 30661 hierarchical.cpp:952] No resources available to allocate!
I1107 19:36:48.071548 30661 hierarchical.cpp:1045] No inverse offers to send out!
I1107 19:36:48.071580 30661 hierarchical.cpp:851] Performed allocation for 1 slaves in 870969ns
I1107 19:36:49.073005 30653 hierarchical.cpp:1139] Filtered offer with cpus(*):1000; mem(*):1000; disk(*):3.70122e+06; ports(*):[31000-32000] on slave 7d94c7fb-8950-4bcf-80c1-46112292dcd6-S0 for framework 7d94c7fb-8950-4bcf-80c1-46112292dcd6-0000
I1107 19:36:49.073112 30653 hierarchical.cpp:952] No resources available to allocate!
I1107 19:36:49.073165 30653 hierarchical.cpp:1045] No inverse offers to send out!
I1107 19:36:49.073199 30653 hierarchical.cpp:851] Performed allocation for 1 slaves in 825477ns
I1107 19:36:50.075573 30668 hierarchical.cpp:1139] Filtered offer with cpus(*):1000; mem(*):1000; disk(*):3.70122e+06; ports(*):[31000-32000] on slave 7d94c7fb-8950-4bcf-80c1-46112292dcd6-S0 for framework 7d94c7fb-8950-4bcf-80c1-46112292dcd6-0000
I1107 19:36:50.075677 30668 hierarchical.cpp:952] No resources available to allocate!
I1107 19:36:50.075726 30668 hierarchical.cpp:1045] No inverse offers to send out!
I1107 19:36:50.075757 30668 hierarchical.cpp:851] Performed allocation for 1 slaves in 762769ns
I1107 19:36:51.076812 30663 hierarchical.cpp:1139] Filtered offer with cpus(*):1000; mem(*):1000; disk(*):3.70122e+06; ports(*):[31000-32000] on slave 7d94c7fb-8950-4bcf-80c1-46112292dcd6-S0 for framework 7d94c7fb-8950-4bcf-80c1-46112292dcd6-0000
I1107 19:36:51.076912 30663 hierarchical.cpp:952] No resources available to allocate!
I1107 19:36:51.076968 30663 hierarchical.cpp:1045] No inverse offers to send out!
I1107 19:36:51.077000 30663 hierarchical.cpp:851] Performed allocation for 1 slaves in 751466ns
I1107 19:36:52.078121 30656 hierarchical.cpp:1045] No inverse offers to send out!
I1107 19:36:52.078203 30656 hierarchical.cpp:851] Performed allocation for 1 slaves in 905142ns
I1107 19:36:52.078529 30660 master.cpp:4979] Sending 1 offers to framework 7d94c7fb-8950-4bcf-80c1-46112292dcd6-0000 (default) at scheduler-bae66de0-c814-4a38-82ec-9b0483d92347@172.17.5.200:41587
I1107 19:36:52.079062 30660 sched.cpp:813] Scheduler::resourceOffers took 85742ns
I1107 19:36:52.079329 30660 master.cpp:3297] Processing DECLINE call for offers: [ 7d94c7fb-8950-4bcf-80c1-46112292dcd6-O5 ] for framework 7d94c7fb-8950-4bcf-80c1-46112292dcd6-0000 (default) at scheduler-bae66de0-c814-4a38-82ec-9b0483d92347@172.17.5.200:41587
I1107 19:36:52.080106 30660 hierarchical.cpp:739] Recovered cpus(*):1000; mem(*):1000; disk(*):3.70122e+06; ports(*):[31000-32000] (total: cpus(*):1000; mem(*):1000; disk(*):3.70122e+06; ports(*):[31000-32000], allocated: ) on slave 7d94c7fb-8950-4bcf-80c1-46112292dcd6-S0 from framework 7d94c7fb-8950-4bcf-80c1-46112292dcd6-0000
I1107 19:36:52.080173 30660 hierarchical.cpp:776] Framework 7d94c7fb-8950-4bcf-80c1-46112292dcd6-0000 filtered slave 7d94c7fb-8950-4bcf-80c1-46112292dcd6-S0 for 5secs
I1107 19:36:53.079228 30661 hierarchical.cpp:1139] Filtered offer with cpus(*):1000; mem(*):1000; disk(*):3.70122e+06; ports(*):[31000-32000] on slave 7d94c7fb-8950-4bcf-80c1-46112292dcd6-S0 for framework 7d94c7fb-8950-4bcf-80c1-46112292dcd6-0000
I1107 19:36:53.079326 30661 hierarchical.cpp:952] No resources available to allocate!
I1107 19:36:53.079375 30661 hierarchical.cpp:1045] No inverse offers to send out!
I1107 19:36:53.079404 30661 hierarchical.cpp:851] Performed allocation for 1 slaves in 774274ns
I1107 19:36:54.081024 30664 hierarchical.cpp:1139] Filtered offer with cpus(*):1000; mem(*):1000; disk(*):3.70122e+06; ports(*):[31000-32000] on slave 7d94c7fb-8950-4bcf-80c1-46112292dcd6-S0 for framework 7d94c7fb-8950-4bcf-80c1-46112292dcd6-0000
I1107 19:36:54.081116 30664 hierarchical.cpp:952] No resources available to allocate!
I1107 19:36:54.081163 30664 hierarchical.cpp:1045] No inverse offers to send out!
I1107 19:36:54.081193 30664 hierarchical.cpp:851] Performed allocation for 1 slaves in 754287ns
I1107 19:36:55.082958 30658 hierarchical.cpp:1139] Filtered offer with cpus(*):1000; mem(*):1000; disk(*):3.70122e+06; ports(*):[31000-32000] on slave 7d94c7fb-8950-4bcf-80c1-46112292dcd6-S0 for framework 7d94c7fb-8950-4bcf-80c1-46112292dcd6-0000
I1107 19:36:55.083060 30658 hierarchical.cpp:952] No resources available to allocate!
I1107 19:36:55.083113 30658 hierarchical.cpp:1045] No inverse offers to send out!
I1107 19:36:55.083147 30658 hierarchical.cpp:851] Performed allocation for 1 slaves in 820986ns
I1107 19:36:56.085124 30668 hierarchical.cpp:1139] Filtered offer with cpus(*):1000; mem(*):1000; disk(*):3.70122e+06; ports(*):[31000-32000] on slave 7d94c7fb-8950-4bcf-80c1-46112292dcd6-S0 for framework 7d94c7fb-8950-4bcf-80c1-46112292dcd6-0000
I1107 19:36:56.085233 30668 hierarchical.cpp:952] No resources available to allocate!
I1107 19:36:56.085288 30668 hierarchical.cpp:1045] No inverse offers to send out!
I1107 19:36:56.085324 30668 hierarchical.cpp:851] Performed allocation for 1 slaves in 816628ns
I1107 19:36:57.087527 30653 hierarchical.cpp:1045] No inverse offers to send out!
I1107 19:36:57.087610 30653 hierarchical.cpp:851] Performed allocation for 1 slaves in 976459ns
I1107 19:36:57.088138 30653 master.cpp:4979] Sending 1 offers to framework 7d94c7fb-8950-4bcf-80c1-46112292dcd6-0000 (default) at scheduler-bae66de0-c814-4a38-82ec-9b0483d92347@172.17.5.200:41587
I1107 19:36:57.088662 30653 sched.cpp:813] Scheduler::resourceOffers took 92105ns
I1107 19:36:57.088958 30653 master.cpp:3297] Processing DECLINE call for offers: [ 7d94c7fb-8950-4bcf-80c1-46112292dcd6-O6 ] for framework 7d94c7fb-8950-4bcf-80c1-46112292dcd6-0000 (default) at scheduler-bae66de0-c814-4a38-82ec-9b0483d92347@172.17.5.200:41587
I1107 19:36:57.089756 30653 hierarchical.cpp:739] Recovered cpus(*):1000; mem(*):1000; disk(*):3.70122e+06; ports(*):[31000-32000] (total: cpus(*):1000; mem(*):1000; disk(*):3.70122e+06; ports(*):[31000-32000], allocated: ) on slave 7d94c7fb-8950-4bcf-80c1-46112292dcd6-S0 from framework 7d94c7fb-8950-4bcf-80c1-46112292dcd6-0000
I1107 19:36:57.089825 30653 hierarchical.cpp:776] Framework 7d94c7fb-8950-4bcf-80c1-46112292dcd6-0000 filtered slave 7d94c7fb-8950-4bcf-80c1-46112292dcd6-S0 for 5secs
I1107 19:36:58.089390 30658 hierarchical.cpp:1139] Filtered offer with cpus(*):1000; mem(*):1000; disk(*):3.70122e+06; ports(*):[31000-32000] on slave 7d94c7fb-8950-4bcf-80c1-46112292dcd6-S0 for framework 7d94c7fb-8950-4bcf-80c1-46112292dcd6-0000
I1107 19:36:58.089505 30658 hierarchical.cpp:952] No resources available to allocate!
I1107 19:36:58.089578 30658 hierarchical.cpp:1045] No inverse offers to send out!
I1107 19:36:58.089625 30658 hierarchical.cpp:851] Performed allocation for 1 slaves in 903466ns
I1107 19:36:58.117602 30663 slave.cpp:4387] Querying resource estimator for oversubscribable resources
I1107 19:36:58.117940 30663 slave.cpp:4401] Received oversubscribable resources  from the resource estimator
I1107 19:36:58.127810 30663 slave.cpp:3169] Received ping from slave-observer(44)@172.17.5.200:41587
I1107 19:36:59.091483 30666 hierarchical.cpp:1139] Filtered offer with cpus(*):1000; mem(*):1000; disk(*):3.70122e+06; ports(*):[31000-32000] on slave 7d94c7fb-8950-4bcf-80c1-46112292dcd6-S0 for framework 7d94c7fb-8950-4bcf-80c1-46112292dcd6-0000
I1107 19:36:59.091589 30666 hierarchical.cpp:952] No resources available to allocate!
I1107 19:36:59.091642 30666 hierarchical.cpp:1045] No inverse offers to send out!
I1107 19:36:59.091677 30666 hierarchical.cpp:851] Performed allocation for 1 slaves in 841159ns
I1107 19:37:00.093631 30655 hierarchical.cpp:1139] Filtered offer with cpus(*):1000; mem(*):1000; disk(*):3.70122e+06; ports(*):[31000-32000] on slave 7d94c7fb-8950-4bcf-80c1-46112292dcd6-S0 for framework 7d94c7fb-8950-4bcf-80c1-46112292dcd6-0000
I1107 19:37:00.093749 30655 hierarchical.cpp:952] No resources available to allocate!
I1107 19:37:00.093808 30655 hierarchical.cpp:1045] No inverse offers to send out!
I1107 19:37:00.093850 30655 hierarchical.cpp:851] Performed allocation for 1 slaves in 1.127808ms
../../src/tests/fetcher_cache_tests.cpp:1273: Failure
Failed to wait 15secs for awaitFinished(task.get())
Begin listing sandboxes
