I0613 01:59:51.463289 40287 master.cpp:4108] Sending 3 offers to framework 20150613-015944-1828659978-51306-40237-0000 (Persistent Volume Framework (C++)) at scheduler-1792d1c8-5d15-4e56-abc3-698227aa604a@10.35.255.108:51306
I0613 01:59:51.463935 40287 persistent_volume_framework.cpp:156] Received offer 20150613-015944-1828659978-51306-40237-O4 from slave 20150613-015944-1828659978-51306-40237-S0 (smfd-atr-11-sr1.devel.twitter.com) with cpus(test):24; mem(test):71322; disk(test):454743; ports(test):[31000-32000]; disk(test)[a37eb0ef-744b-4839-a75d-fc19970f2b88:volume]:8; disk(test)[9a13155d-4759-4d8c-93c2-d1f8786970f5:volume]:8; disk(test)[37a2702e-3400-467c-9a44-79d6e09281ca:volume]:8
I0613 01:59:51.469998 40287 persistent_volume_framework.cpp:156] Received offer 20150613-015944-1828659978-51306-40237-O5 from slave 20150613-015944-1828659978-51306-40237-S2 (smfd-atr-11-sr1.devel.twitter.com) with cpus(test):24; mem(test):71322; disk(test):454767; ports(test):[31000-32000]
I0613 01:59:51.470185 40287 persistent_volume_framework.cpp:156] Received offer 20150613-015944-1828659978-51306-40237-O6 from slave 20150613-015944-1828659978-51306-40237-S1 (smfd-atr-11-sr1.devel.twitter.com) with cpus(test):24; mem(test):71322; disk(test):454767; ports(test):[31000-32000]
I0613 01:59:51.471338 40301 master.cpp:2424] Processing ACCEPT call for offers: [ 20150613-015944-1828659978-51306-40237-O4 ] on slave 20150613-015944-1828659978-51306-40237-S0 at slave(1)@10.35.255.108:51306 (smfd-atr-11-sr1.devel.twitter.com) for framework 20150613-015944-1828659978-51306-40237-0000 (Persistent Volume Framework (C++)) at scheduler-1792d1c8-5d15-4e56-abc3-698227aa604a@10.35.255.108:51306
I0613 01:59:51.471456 40301 master.cpp:2268] Authorizing framework principal 'test-principal' to launch task 5139cbfa-5370-4852-a8bc-f10644a6658e as user 'bmahler'
I0613 01:59:51.471603 40301 master.cpp:2268] Authorizing framework principal 'test-principal' to launch task d018ab6a-2798-4695-a96a-f29bd94837e7 as user 'bmahler'
I0613 01:59:51.471915 40301 master.cpp:2268] Authorizing framework principal 'test-principal' to launch task dfd1eebe-cb5b-4aab-8d93-a6a3cb4795c6 as user 'bmahler'
I0613 01:59:51.473053 40301 master.cpp:2424] Processing ACCEPT call for offers: [ 20150613-015944-1828659978-51306-40237-O5 ] on slave 20150613-015944-1828659978-51306-40237-S2 at slave(3)@10.35.255.108:51306 (smfd-atr-11-sr1.devel.twitter.com) for framework 20150613-015944-1828659978-51306-40237-0000 (Persistent Volume Framework (C++)) at scheduler-1792d1c8-5d15-4e56-abc3-698227aa604a@10.35.255.108:51306
I0613 01:59:51.473745 40301 master.cpp:2424] Processing ACCEPT call for offers: [ 20150613-015944-1828659978-51306-40237-O6 ] on slave 20150613-015944-1828659978-51306-40237-S1 at slave(2)@10.35.255.108:51306 (smfd-atr-11-sr1.devel.twitter.com) for framework 20150613-015944-1828659978-51306-40237-0000 (Persistent Volume Framework (C++)) at scheduler-1792d1c8-5d15-4e56-abc3-698227aa604a@10.35.255.108:51306
I0613 01:59:51.474720 40301 master.hpp:159] Adding task 5139cbfa-5370-4852-a8bc-f10644a6658e with resources cpus(test):0.1; mem(test):32; disk(test):8; disk(test)[a37eb0ef-744b-4839-a75d-fc19970f2b88:volume]:8 on slave 20150613-015944-1828659978-51306-40237-S0 (smfd-atr-11-sr1.devel.twitter.com)
I0613 01:59:51.474921 40301 master.cpp:2751] Launching task 5139cbfa-5370-4852-a8bc-f10644a6658e of framework 20150613-015944-1828659978-51306-40237-0000 (Persistent Volume Framework (C++)) at scheduler-1792d1c8-5d15-4e56-abc3-698227aa604a@10.35.255.108:51306 with resources cpus(test):0.1; mem(test):32; disk(test):8; disk(test)[a37eb0ef-744b-4839-a75d-fc19970f2b88:volume]:8 on slave 20150613-015944-1828659978-51306-40237-S0 at slave(1)@10.35.255.108:51306 (smfd-atr-11-sr1.devel.twitter.com)
I0613 01:59:51.475317 40287 slave.cpp:1214] Got assigned task 5139cbfa-5370-4852-a8bc-f10644a6658e for framework 20150613-015944-1828659978-51306-40237-0000
I0613 01:59:51.475747 40301 master.hpp:159] Adding task d018ab6a-2798-4695-a96a-f29bd94837e7 with resources cpus(test):0.1; mem(test):32; disk(test):8; disk(test)[9a13155d-4759-4d8c-93c2-d1f8786970f5:volume]:8 on slave 20150613-015944-1828659978-51306-40237-S0 (smfd-atr-11-sr1.devel.twitter.com)
I0613 01:59:51.475946 40301 master.cpp:2751] Launching task d018ab6a-2798-4695-a96a-f29bd94837e7 of framework 20150613-015944-1828659978-51306-40237-0000 (Persistent Volume Framework (C++)) at scheduler-1792d1c8-5d15-4e56-abc3-698227aa604a@10.35.255.108:51306 with resources cpus(test):0.1; mem(test):32; disk(test):8; disk(test)[9a13155d-4759-4d8c-93c2-d1f8786970f5:volume]:8 on slave 20150613-015944-1828659978-51306-40237-S0 at slave(1)@10.35.255.108:51306 (smfd-atr-11-sr1.devel.twitter.com)
I0613 01:59:51.476768 40301 master.hpp:159] Adding task dfd1eebe-cb5b-4aab-8d93-a6a3cb4795c6 with resources cpus(test):0.1; mem(test):32; disk(test):8; disk(test)[37a2702e-3400-467c-9a44-79d6e09281ca:volume]:8 on slave 20150613-015944-1828659978-51306-40237-S0 (smfd-atr-11-sr1.devel.twitter.com)
I0613 01:59:51.476989 40301 master.cpp:2751] Launching task dfd1eebe-cb5b-4aab-8d93-a6a3cb4795c6 of framework 20150613-015944-1828659978-51306-40237-0000 (Persistent Volume Framework (C++)) at scheduler-1792d1c8-5d15-4e56-abc3-698227aa604a@10.35.255.108:51306 with resources cpus(test):0.1; mem(test):32; disk(test):8; disk(test)[37a2702e-3400-467c-9a44-79d6e09281ca:volume]:8 on slave 20150613-015944-1828659978-51306-40237-S0 at slave(1)@10.35.255.108:51306 (smfd-atr-11-sr1.devel.twitter.com)
I0613 01:59:51.477066 40282 gc.cpp:84] Unscheduling '/tmp/mesos-O40242/0/slaves/20150613-015944-1828659978-51306-40237-S0/frameworks/20150613-015944-1828659978-51306-40237-0000' from gc
I0613 01:59:51.477161 40287 slave.cpp:1214] Got assigned task d018ab6a-2798-4695-a96a-f29bd94837e7 for framework 20150613-015944-1828659978-51306-40237-0000
I0613 01:59:51.477437 40280 hierarchical.hpp:741] Recovered cpus(test):23.7; mem(test):71226; disk(test):454719; ports(test):[31000-32000] (total allocatable: cpus(test):23.7; mem(test):71226; disk(test):454719; ports(test):[31000-32000]) on slave 20150613-015944-1828659978-51306-40237-S0 from framework 20150613-015944-1828659978-51306-40237-0000
I0613 01:59:51.477865 40280 hierarchical.hpp:741] Recovered cpus(test):24; mem(test):71322; disk(test):454767; ports(test):[31000-32000] (total allocatable: cpus(test):24; mem(test):71322; disk(test):454767; ports(test):[31000-32000]) on slave 20150613-015944-1828659978-51306-40237-S2 from framework 20150613-015944-1828659978-51306-40237-0000
I0613 01:59:51.477892 40287 slave.cpp:1214] Got assigned task dfd1eebe-cb5b-4aab-8d93-a6a3cb4795c6 for framework 20150613-015944-1828659978-51306-40237-0000
I0613 01:59:51.478142 40280 hierarchical.hpp:741] Recovered cpus(test):24; mem(test):71322; disk(test):454767; ports(test):[31000-32000] (total allocatable: cpus(test):24; mem(test):71322; disk(test):454767; ports(test):[31000-32000]) on slave 20150613-015944-1828659978-51306-40237-S1 from framework 20150613-015944-1828659978-51306-40237-0000
I0613 01:59:51.478606 40287 slave.cpp:1328] Launching task d018ab6a-2798-4695-a96a-f29bd94837e7 for framework 20150613-015944-1828659978-51306-40237-0000
I0613 01:59:51.478652 40299 gc.cpp:84] Unscheduling '/tmp/mesos-O40242/0/meta/slaves/20150613-015944-1828659978-51306-40237-S0/frameworks/20150613-015944-1828659978-51306-40237-0000' from gc
I0613 01:59:51.490600 40287 slave.cpp:4513] Launching executor d018ab6a-2798-4695-a96a-f29bd94837e7 of framework 20150613-015944-1828659978-51306-40237-0000 with resources cpus(*):0.1; mem(*):32 in work directory '/tmp/mesos-O40242/0/slaves/20150613-015944-1828659978-51306-40237-S0/frameworks/20150613-015944-1828659978-51306-40237-0000/executors/d018ab6a-2798-4695-a96a-f29bd94837e7/runs/e05c59a7-ec13-4592-b21f-a21fe71b8a77'
I0613 01:59:51.491137 40289 containerizer.cpp:530] Starting container 'e05c59a7-ec13-4592-b21f-a21fe71b8a77' for executor 'd018ab6a-2798-4695-a96a-f29bd94837e7' of framework '20150613-015944-1828659978-51306-40237-0000'
I0613 01:59:51.491354 40289 containerizer.cpp:1320] Adding symlink from '/tmp/mesos-O40242/0/volumes/roles/test/9a13155d-4759-4d8c-93c2-d1f8786970f5' to '/tmp/mesos-O40242/0/slaves/20150613-015944-1828659978-51306-40237-S0/frameworks/20150613-015944-1828659978-51306-40237-0000/executors/d018ab6a-2798-4695-a96a-f29bd94837e7/runs/e05c59a7-ec13-4592-b21f-a21fe71b8a77/volume' for persistent volume disk(test)[9a13155d-4759-4d8c-93c2-d1f8786970f5:volume]:8 of container e05c59a7-ec13-4592-b21f-a21fe71b8a77
I0613 01:59:51.491564 40287 slave.cpp:1474] Queuing task 'd018ab6a-2798-4695-a96a-f29bd94837e7' for executor d018ab6a-2798-4695-a96a-f29bd94837e7 of framework '20150613-015944-1828659978-51306-40237-0000
I0613 01:59:51.491686 40287 slave.cpp:1328] Launching task dfd1eebe-cb5b-4aab-8d93-a6a3cb4795c6 for framework 20150613-015944-1828659978-51306-40237-0000
I0613 01:59:51.494148 40289 launcher.cpp:131] Forked child with pid '40427' for container 'e05c59a7-ec13-4592-b21f-a21fe71b8a77'
I0613 01:59:51.494413 40289 containerizer.cpp:766] Checkpointing executor's forked pid 40427 to '/tmp/mesos-O40242/0/meta/slaves/20150613-015944-1828659978-51306-40237-S0/frameworks/20150613-015944-1828659978-51306-40237-0000/executors/d018ab6a-2798-4695-a96a-f29bd94837e7/runs/e05c59a7-ec13-4592-b21f-a21fe71b8a77/pids/forked.pid'
I0613 01:59:51.504729 40287 slave.cpp:4513] Launching executor dfd1eebe-cb5b-4aab-8d93-a6a3cb4795c6 of framework 20150613-015944-1828659978-51306-40237-0000 with resources cpus(*):0.1; mem(*):32 in work directory '/tmp/mesos-O40242/0/slaves/20150613-015944-1828659978-51306-40237-S0/frameworks/20150613-015944-1828659978-51306-40237-0000/executors/dfd1eebe-cb5b-4aab-8d93-a6a3cb4795c6/runs/e95c90da-043b-412e-b5b7-fae18f38b7ee'
I0613 01:59:51.505154 40289 containerizer.cpp:530] Starting container 'e95c90da-043b-412e-b5b7-fae18f38b7ee' for executor 'dfd1eebe-cb5b-4aab-8d93-a6a3cb4795c6' of framework '20150613-015944-1828659978-51306-40237-0000'
I0613 01:59:51.505417 40289 containerizer.cpp:1320] Adding symlink from '/tmp/mesos-O40242/0/volumes/roles/test/37a2702e-3400-467c-9a44-79d6e09281ca' to '/tmp/mesos-O40242/0/slaves/20150613-015944-1828659978-51306-40237-S0/frameworks/20150613-015944-1828659978-51306-40237-0000/executors/dfd1eebe-cb5b-4aab-8d93-a6a3cb4795c6/runs/e95c90da-043b-412e-b5b7-fae18f38b7ee/volume' for persistent volume disk(test)[37a2702e-3400-467c-9a44-79d6e09281ca:volume]:8 of container e95c90da-043b-412e-b5b7-fae18f38b7ee
I0613 01:59:51.505542 40287 slave.cpp:1474] Queuing task 'dfd1eebe-cb5b-4aab-8d93-a6a3cb4795c6' for executor dfd1eebe-cb5b-4aab-8d93-a6a3cb4795c6 of framework '20150613-015944-1828659978-51306-40237-0000
I0613 01:59:51.505659 40287 slave.cpp:1328] Launching task 5139cbfa-5370-4852-a8bc-f10644a6658e for framework 20150613-015944-1828659978-51306-40237-0000
I0613 01:59:51.508235 40289 launcher.cpp:131] Forked child with pid '40429' for container 'e95c90da-043b-412e-b5b7-fae18f38b7ee'
I0613 01:59:51.508622 40289 containerizer.cpp:766] Checkpointing executor's forked pid 40429 to '/tmp/mesos-O40242/0/meta/slaves/20150613-015944-1828659978-51306-40237-S0/frameworks/20150613-015944-1828659978-51306-40237-0000/executors/dfd1eebe-cb5b-4aab-8d93-a6a3cb4795c6/runs/e95c90da-043b-412e-b5b7-fae18f38b7ee/pids/forked.pid'
I0613 01:59:51.519109 40287 slave.cpp:4513] Launching executor 5139cbfa-5370-4852-a8bc-f10644a6658e of framework 20150613-015944-1828659978-51306-40237-0000 with resources cpus(*):0.1; mem(*):32 in work directory '/tmp/mesos-O40242/0/slaves/20150613-015944-1828659978-51306-40237-S0/frameworks/20150613-015944-1828659978-51306-40237-0000/executors/5139cbfa-5370-4852-a8bc-f10644a6658e/runs/a626de08-4bbd-43db-8022-69f0fce9cc14'
I0613 01:59:51.519660 40284 containerizer.cpp:530] Starting container 'a626de08-4bbd-43db-8022-69f0fce9cc14' for executor '5139cbfa-5370-4852-a8bc-f10644a6658e' of framework '20150613-015944-1828659978-51306-40237-0000'
I0613 01:59:51.519881 40284 containerizer.cpp:1320] Adding symlink from '/tmp/mesos-O40242/0/volumes/roles/test/a37eb0ef-744b-4839-a75d-fc19970f2b88' to '/tmp/mesos-O40242/0/slaves/20150613-015944-1828659978-51306-40237-S0/frameworks/20150613-015944-1828659978-51306-40237-0000/executors/5139cbfa-5370-4852-a8bc-f10644a6658e/runs/a626de08-4bbd-43db-8022-69f0fce9cc14/volume' for persistent volume disk(test)[a37eb0ef-744b-4839-a75d-fc19970f2b88:volume]:8 of container a626de08-4bbd-43db-8022-69f0fce9cc14
I0613 01:59:51.520119 40287 slave.cpp:1474] Queuing task '5139cbfa-5370-4852-a8bc-f10644a6658e' for executor 5139cbfa-5370-4852-a8bc-f10644a6658e of framework '20150613-015944-1828659978-51306-40237-0000
I0613 01:59:51.523161 40284 launcher.cpp:131] Forked child with pid '40431' for container 'a626de08-4bbd-43db-8022-69f0fce9cc14'
I0613 01:59:51.523365 40284 containerizer.cpp:766] Checkpointing executor's forked pid 40431 to '/tmp/mesos-O40242/0/meta/slaves/20150613-015944-1828659978-51306-40237-S0/frameworks/20150613-015944-1828659978-51306-40237-0000/executors/5139cbfa-5370-4852-a8bc-f10644a6658e/runs/a626de08-4bbd-43db-8022-69f0fce9cc14/pids/forked.pid'
I0613 01:59:51.577489 40427 exec.cpp:132] Version: 0.23.0
I0613 01:59:51.583842 40285 slave.cpp:2226] Got registration for executor 'd018ab6a-2798-4695-a96a-f29bd94837e7' of framework 20150613-015944-1828659978-51306-40237-0000 from executor(1)@10.35.255.108:37192
I0613 01:59:51.586115 40443 exec.cpp:206] Executor registered on slave 20150613-015944-1828659978-51306-40237-S0
I0613 01:59:51.586310 40288 slave.cpp:1626] Sending queued task 'd018ab6a-2798-4695-a96a-f29bd94837e7' to executor 'd018ab6a-2798-4695-a96a-f29bd94837e7' of framework 20150613-015944-1828659978-51306-40237-0000
Registered executor on smfd-atr-11-sr1.devel.twitter.com
Starting task d018ab6a-2798-4695-a96a-f29bd94837e7
sh -c 'test -f volume/persisted'
Forked command at 40482
I0613 01:59:51.593420 40296 slave.cpp:2565] Handling status update TASK_RUNNING (UUID: 60a58f65-8c6f-44d0-8c92-d772d874572b) for task d018ab6a-2798-4695-a96a-f29bd94837e7 of framework 20150613-015944-1828659978-51306-40237-0000 from executor(1)@10.35.255.108:37192
I0613 01:59:51.593745 40300 status_update_manager.cpp:321] Received status update TASK_RUNNING (UUID: 60a58f65-8c6f-44d0-8c92-d772d874572b) for task d018ab6a-2798-4695-a96a-f29bd94837e7 of framework 20150613-015944-1828659978-51306-40237-0000
I0613 01:59:51.594182 40429 exec.cpp:132] Version: 0.23.0
I0613 01:59:51.594451 40300 status_update_manager.cpp:821] Checkpointing UPDATE for status update TASK_RUNNING (UUID: 60a58f65-8c6f-44d0-8c92-d772d874572b) for task d018ab6a-2798-4695-a96a-f29bd94837e7 of framework 20150613-015944-1828659978-51306-40237-0000
I0613 01:59:51.601145 40297 slave.cpp:2226] Got registration for executor 'dfd1eebe-cb5b-4aab-8d93-a6a3cb4795c6' of framework 20150613-015944-1828659978-51306-40237-0000 from executor(1)@10.35.255.108:42757
I0613 01:59:51.603296 40477 exec.cpp:206] Executor registered on slave 20150613-015944-1828659978-51306-40237-S0
I0613 01:59:51.603404 40282 slave.cpp:1626] Sending queued task 'dfd1eebe-cb5b-4aab-8d93-a6a3cb4795c6' to executor 'dfd1eebe-cb5b-4aab-8d93-a6a3cb4795c6' of framework 20150613-015944-1828659978-51306-40237-0000
Registered executor on smfd-atr-11-sr1.devel.twitter.com
Starting task dfd1eebe-cb5b-4aab-8d93-a6a3cb4795c6
I0613 01:59:51.606114 40431 exec.cpp:132] Version: 0.23.0
Forked command at 40508
sh -c 'test -f volume/persisted'
I0613 01:59:51.611400 40279 slave.cpp:2565] Handling status update TASK_RUNNING (UUID: 9f35953f-3ac7-458c-9c69-1941bff381ee) for task dfd1eebe-cb5b-4aab-8d93-a6a3cb4795c6 of framework 20150613-015944-1828659978-51306-40237-0000 from executor(1)@10.35.255.108:42757
I0613 01:59:51.612783 40296 slave.cpp:2226] Got registration for executor '5139cbfa-5370-4852-a8bc-f10644a6658e' of framework 20150613-015944-1828659978-51306-40237-0000 from executor(1)@10.35.255.108:49521
I0613 01:59:51.614776 40497 exec.cpp:206] Executor registered on slave 20150613-015944-1828659978-51306-40237-S0
I0613 01:59:51.614814 40288 slave.cpp:1626] Sending queued task '5139cbfa-5370-4852-a8bc-f10644a6658e' to executor '5139cbfa-5370-4852-a8bc-f10644a6658e' of framework 20150613-015944-1828659978-51306-40237-0000
Registered executor on smfd-atr-11-sr1.devel.twitter.com
Starting task 5139cbfa-5370-4852-a8bc-f10644a6658e
sh -c 'test -f volume/persisted'
Forked command at 40509
I0613 01:59:51.621660 40284 slave.cpp:2565] Handling status update TASK_RUNNING (UUID: bba38b6b-54de-47ec-b75d-dec04df51df4) for task 5139cbfa-5370-4852-a8bc-f10644a6658e of framework 20150613-015944-1828659978-51306-40237-0000 from executor(1)@10.35.255.108:49521
Command exited with status 0 (pid: 40482)
I0613 01:59:51.694902 40295 slave.cpp:2565] Handling status update TASK_FINISHED (UUID: 92e97154-e62b-41bd-8eda-7f3d3041f9dd) for task d018ab6a-2798-4695-a96a-f29bd94837e7 of framework 20150613-015944-1828659978-51306-40237-0000 from executor(1)@10.35.255.108:37192
I0613 01:59:51.695413 40284 containerizer.cpp:1283] Removing symlink '/tmp/mesos-O40242/0/slaves/20150613-015944-1828659978-51306-40237-S0/frameworks/20150613-015944-1828659978-51306-40237-0000/executors/d018ab6a-2798-4695-a96a-f29bd94837e7/runs/e05c59a7-ec13-4592-b21f-a21fe71b8a77/volume' for persistent volume disk(test)[9a13155d-4759-4d8c-93c2-d1f8786970f5:volume]:8 of container e05c59a7-ec13-4592-b21f-a21fe71b8a77
Command exited with status 0 (pid: 40508)
I0613 01:59:51.710896 40302 slave.cpp:2565] Handling status update TASK_FINISHED (UUID: 0f2b56f4-cfb2-429d-a7d0-37cf2b3c51f6) for task dfd1eebe-cb5b-4aab-8d93-a6a3cb4795c6 of framework 20150613-015944-1828659978-51306-40237-0000 from executor(1)@10.35.255.108:42757
I0613 01:59:51.711316 40296 containerizer.cpp:1283] Removing symlink '/tmp/mesos-O40242/0/slaves/20150613-015944-1828659978-51306-40237-S0/frameworks/20150613-015944-1828659978-51306-40237-0000/executors/dfd1eebe-cb5b-4aab-8d93-a6a3cb4795c6/runs/e95c90da-043b-412e-b5b7-fae18f38b7ee/volume' for persistent volume disk(test)[37a2702e-3400-467c-9a44-79d6e09281ca:volume]:8 of container e95c90da-043b-412e-b5b7-fae18f38b7ee
Command exited with status 0 (pid: 40509)
I0613 01:59:51.722841 40286 slave.cpp:2565] Handling status update TASK_FINISHED (UUID: 38292852-802d-4e96-b611-d8f28d8b87a7) for task 5139cbfa-5370-4852-a8bc-f10644a6658e of framework 20150613-015944-1828659978-51306-40237-0000 from executor(1)@10.35.255.108:49521
I0613 01:59:51.723258 40286 containerizer.cpp:1283] Removing symlink '/tmp/mesos-O40242/0/slaves/20150613-015944-1828659978-51306-40237-S0/frameworks/20150613-015944-1828659978-51306-40237-0000/executors/5139cbfa-5370-4852-a8bc-f10644a6658e/runs/a626de08-4bbd-43db-8022-69f0fce9cc14/volume' for persistent volume disk(test)[a37eb0ef-744b-4839-a75d-fc19970f2b88:volume]:8 of container a626de08-4bbd-43db-8022-69f0fce9cc14
I0613 01:59:51.796430 40300 status_update_manager.cpp:321] Received status update TASK_RUNNING (UUID: 9f35953f-3ac7-458c-9c69-1941bff381ee) for task dfd1eebe-cb5b-4aab-8d93-a6a3cb4795c6 of framework 20150613-015944-1828659978-51306-40237-0000
I0613 01:59:51.796468 40297 slave.cpp:2820] Forwarding the update TASK_RUNNING (UUID: 60a58f65-8c6f-44d0-8c92-d772d874572b) for task d018ab6a-2798-4695-a96a-f29bd94837e7 of framework 20150613-015944-1828659978-51306-40237-0000 to master@10.35.255.108:51306
I0613 01:59:51.796587 40297 slave.cpp:2753] Sending acknowledgement for status update TASK_RUNNING (UUID: 60a58f65-8c6f-44d0-8c92-d772d874572b) for task d018ab6a-2798-4695-a96a-f29bd94837e7 of framework 20150613-015944-1828659978-51306-40237-0000 to executor(1)@10.35.255.108:37192
I0613 01:59:51.796712 40299 master.cpp:3582] Status update TASK_RUNNING (UUID: 60a58f65-8c6f-44d0-8c92-d772d874572b) for task d018ab6a-2798-4695-a96a-f29bd94837e7 of framework 20150613-015944-1828659978-51306-40237-0000 from slave 20150613-015944-1828659978-51306-40237-S0 at slave(1)@10.35.255.108:51306 (smfd-atr-11-sr1.devel.twitter.com)
I0613 01:59:51.796758 40299 master.cpp:3621] Forwarding status update TASK_RUNNING (UUID: 60a58f65-8c6f-44d0-8c92-d772d874572b) for task d018ab6a-2798-4695-a96a-f29bd94837e7 of framework 20150613-015944-1828659978-51306-40237-0000
I0613 01:59:51.796855 40300 status_update_manager.cpp:821] Checkpointing UPDATE for status update TASK_RUNNING (UUID: 9f35953f-3ac7-458c-9c69-1941bff381ee) for task dfd1eebe-cb5b-4aab-8d93-a6a3cb4795c6 of framework 20150613-015944-1828659978-51306-40237-0000
I0613 01:59:51.796926 40299 master.cpp:4975] Updating the latest state of task d018ab6a-2798-4695-a96a-f29bd94837e7 of framework 20150613-015944-1828659978-51306-40237-0000 to TASK_FINISHED (status update state: TASK_RUNNING)
I0613 01:59:51.797062 40279 persistent_volume_framework.cpp:249] Task 'd018ab6a-2798-4695-a96a-f29bd94837e7' is in state TASK_RUNNING
I0613 01:59:51.797353 40287 hierarchical.hpp:741] Recovered cpus(test):0.1; mem(test):32; disk(test):8; disk(test)[9a13155d-4759-4d8c-93c2-d1f8786970f5:volume]:8 (total allocatable: cpus(test):23.8; mem(test):71258; disk(test):454727; ports(test):[31000-32000]; disk(test)[9a13155d-4759-4d8c-93c2-d1f8786970f5:volume]:8) on slave 20150613-015944-1828659978-51306-40237-S0 from framework 20150613-015944-1828659978-51306-40237-0000
I0613 01:59:51.797673 40295 master.cpp:3015] Forwarding status update acknowledgement 60a58f65-8c6f-44d0-8c92-d772d874572b for task d018ab6a-2798-4695-a96a-f29bd94837e7 of framework 20150613-015944-1828659978-51306-40237-0000 (Persistent Volume Framework (C++)) at scheduler-1792d1c8-5d15-4e56-abc3-698227aa604a@10.35.255.108:51306 to slave 20150613-015944-1828659978-51306-40237-S0 at slave(1)@10.35.255.108:51306 (smfd-atr-11-sr1.devel.twitter.com)
I0613 01:59:51.880118 40302 slave.cpp:2820] Forwarding the update TASK_RUNNING (UUID: 9f35953f-3ac7-458c-9c69-1941bff381ee) for task dfd1eebe-cb5b-4aab-8d93-a6a3cb4795c6 of framework 20150613-015944-1828659978-51306-40237-0000 to master@10.35.255.108:51306
I0613 01:59:51.880144 40300 status_update_manager.cpp:321] Received status update TASK_RUNNING (UUID: bba38b6b-54de-47ec-b75d-dec04df51df4) for task 5139cbfa-5370-4852-a8bc-f10644a6658e of framework 20150613-015944-1828659978-51306-40237-0000
I0613 01:59:51.880252 40302 slave.cpp:2753] Sending acknowledgement for status update TASK_RUNNING (UUID: 9f35953f-3ac7-458c-9c69-1941bff381ee) for task dfd1eebe-cb5b-4aab-8d93-a6a3cb4795c6 of framework 20150613-015944-1828659978-51306-40237-0000 to executor(1)@10.35.255.108:42757
I0613 01:59:51.880379 40292 master.cpp:3582] Status update TASK_RUNNING (UUID: 9f35953f-3ac7-458c-9c69-1941bff381ee) for task dfd1eebe-cb5b-4aab-8d93-a6a3cb4795c6 of framework 20150613-015944-1828659978-51306-40237-0000 from slave 20150613-015944-1828659978-51306-40237-S0 at slave(1)@10.35.255.108:51306 (smfd-atr-11-sr1.devel.twitter.com)
I0613 01:59:51.880419 40292 master.cpp:3621] Forwarding status update TASK_RUNNING (UUID: 9f35953f-3ac7-458c-9c69-1941bff381ee) for task dfd1eebe-cb5b-4aab-8d93-a6a3cb4795c6 of framework 20150613-015944-1828659978-51306-40237-0000
I0613 01:59:51.880473 40300 status_update_manager.cpp:821] Checkpointing UPDATE for status update TASK_RUNNING (UUID: bba38b6b-54de-47ec-b75d-dec04df51df4) for task 5139cbfa-5370-4852-a8bc-f10644a6658e of framework 20150613-015944-1828659978-51306-40237-0000
I0613 01:59:51.880627 40292 master.cpp:4975] Updating the latest state of task dfd1eebe-cb5b-4aab-8d93-a6a3cb4795c6 of framework 20150613-015944-1828659978-51306-40237-0000 to TASK_FINISHED (status update state: TASK_RUNNING)
I0613 01:59:51.880728 40288 persistent_volume_framework.cpp:249] Task 'dfd1eebe-cb5b-4aab-8d93-a6a3cb4795c6' is in state TASK_RUNNING
I0613 01:59:51.881049 40296 hierarchical.hpp:741] Recovered cpus(test):0.1; mem(test):32; disk(test):8; disk(test)[37a2702e-3400-467c-9a44-79d6e09281ca:volume]:8 (total allocatable: cpus(test):23.9; mem(test):71290; disk(test):454735; ports(test):[31000-32000]; disk(test)[9a13155d-4759-4d8c-93c2-d1f8786970f5:volume]:8; disk(test)[37a2702e-3400-467c-9a44-79d6e09281ca:volume]:8) on slave 20150613-015944-1828659978-51306-40237-S0 from framework 20150613-015944-1828659978-51306-40237-0000
I0613 01:59:51.881222 40292 master.cpp:3015] Forwarding status update acknowledgement 9f35953f-3ac7-458c-9c69-1941bff381ee for task dfd1eebe-cb5b-4aab-8d93-a6a3cb4795c6 of framework 20150613-015944-1828659978-51306-40237-0000 (Persistent Volume Framework (C++)) at scheduler-1792d1c8-5d15-4e56-abc3-698227aa604a@10.35.255.108:51306 to slave 20150613-015944-1828659978-51306-40237-S0 at slave(1)@10.35.255.108:51306 (smfd-atr-11-sr1.devel.twitter.com)
I0613 01:59:51.963819 40290 slave.cpp:2820] Forwarding the update TASK_RUNNING (UUID: bba38b6b-54de-47ec-b75d-dec04df51df4) for task 5139cbfa-5370-4852-a8bc-f10644a6658e of framework 20150613-015944-1828659978-51306-40237-0000 to master@10.35.255.108:51306
I0613 01:59:51.963835 40300 status_update_manager.cpp:321] Received status update TASK_FINISHED (UUID: 92e97154-e62b-41bd-8eda-7f3d3041f9dd) for task d018ab6a-2798-4695-a96a-f29bd94837e7 of framework 20150613-015944-1828659978-51306-40237-0000
I0613 01:59:51.963912 40300 status_update_manager.cpp:821] Checkpointing UPDATE for status update TASK_FINISHED (UUID: 92e97154-e62b-41bd-8eda-7f3d3041f9dd) for task d018ab6a-2798-4695-a96a-f29bd94837e7 of framework 20150613-015944-1828659978-51306-40237-0000
I0613 01:59:51.964046 40290 slave.cpp:2753] Sending acknowledgement for status update TASK_RUNNING (UUID: bba38b6b-54de-47ec-b75d-dec04df51df4) for task 5139cbfa-5370-4852-a8bc-f10644a6658e of framework 20150613-015944-1828659978-51306-40237-0000 to executor(1)@10.35.255.108:49521
I0613 01:59:51.964138 40288 master.cpp:3582] Status update TASK_RUNNING (UUID: bba38b6b-54de-47ec-b75d-dec04df51df4) for task 5139cbfa-5370-4852-a8bc-f10644a6658e of framework 20150613-015944-1828659978-51306-40237-0000 from slave 20150613-015944-1828659978-51306-40237-S0 at slave(1)@10.35.255.108:51306 (smfd-atr-11-sr1.devel.twitter.com)
I0613 01:59:51.964184 40288 master.cpp:3621] Forwarding status update TASK_RUNNING (UUID: bba38b6b-54de-47ec-b75d-dec04df51df4) for task 5139cbfa-5370-4852-a8bc-f10644a6658e of framework 20150613-015944-1828659978-51306-40237-0000
I0613 01:59:51.964444 40288 master.cpp:4975] Updating the latest state of task 5139cbfa-5370-4852-a8bc-f10644a6658e of framework 20150613-015944-1828659978-51306-40237-0000 to TASK_FINISHED (status update state: TASK_RUNNING)
I0613 01:59:51.964468 40290 persistent_volume_framework.cpp:249] Task '5139cbfa-5370-4852-a8bc-f10644a6658e' is in state TASK_RUNNING
I0613 01:59:51.964825 40288 master.cpp:3015] Forwarding status update acknowledgement bba38b6b-54de-47ec-b75d-dec04df51df4 for task 5139cbfa-5370-4852-a8bc-f10644a6658e of framework 20150613-015944-1828659978-51306-40237-0000 (Persistent Volume Framework (C++)) at scheduler-1792d1c8-5d15-4e56-abc3-698227aa604a@10.35.255.108:51306 to slave 20150613-015944-1828659978-51306-40237-S0 at slave(1)@10.35.255.108:51306 (smfd-atr-11-sr1.devel.twitter.com)
I0613 01:59:51.964845 40299 hierarchical.hpp:741] Recovered cpus(test):0.1; mem(test):32; disk(test):8; disk(test)[a37eb0ef-744b-4839-a75d-fc19970f2b88:volume]:8 (total allocatable: cpus(test):24; mem(test):71322; disk(test):454743; ports(test):[31000-32000]; disk(test)[9a13155d-4759-4d8c-93c2-d1f8786970f5:volume]:8; disk(test)[37a2702e-3400-467c-9a44-79d6e09281ca:volume]:8; disk(test)[a37eb0ef-744b-4839-a75d-fc19970f2b88:volume]:8) on slave 20150613-015944-1828659978-51306-40237-S0 from framework 20150613-015944-1828659978-51306-40237-0000
I0613 01:59:52.030472 40300 status_update_manager.cpp:321] Received status update TASK_FINISHED (UUID: 0f2b56f4-cfb2-429d-a7d0-37cf2b3c51f6) for task dfd1eebe-cb5b-4aab-8d93-a6a3cb4795c6 of framework 20150613-015944-1828659978-51306-40237-0000
I0613 01:59:52.030529 40300 status_update_manager.cpp:821] Checkpointing UPDATE for status update TASK_FINISHED (UUID: 0f2b56f4-cfb2-429d-a7d0-37cf2b3c51f6) for task dfd1eebe-cb5b-4aab-8d93-a6a3cb4795c6 of framework 20150613-015944-1828659978-51306-40237-0000
I0613 01:59:52.030520 40297 slave.cpp:2753] Sending acknowledgement for status update TASK_FINISHED (UUID: 92e97154-e62b-41bd-8eda-7f3d3041f9dd) for task d018ab6a-2798-4695-a96a-f29bd94837e7 of framework 20150613-015944-1828659978-51306-40237-0000 to executor(1)@10.35.255.108:37192
I0613 01:59:52.113993 40300 status_update_manager.cpp:321] Received status update TASK_FINISHED (UUID: 38292852-802d-4e96-b611-d8f28d8b87a7) for task 5139cbfa-5370-4852-a8bc-f10644a6658e of framework 20150613-015944-1828659978-51306-40237-0000
I0613 01:59:52.114027 40299 slave.cpp:2753] Sending acknowledgement for status update TASK_FINISHED (UUID: 0f2b56f4-cfb2-429d-a7d0-37cf2b3c51f6) for task dfd1eebe-cb5b-4aab-8d93-a6a3cb4795c6 of framework 20150613-015944-1828659978-51306-40237-0000 to executor(1)@10.35.255.108:42757
I0613 01:59:52.114048 40300 status_update_manager.cpp:821] Checkpointing UPDATE for status update TASK_FINISHED (UUID: 38292852-802d-4e96-b611-d8f28d8b87a7) for task 5139cbfa-5370-4852-a8bc-f10644a6658e of framework 20150613-015944-1828659978-51306-40237-0000
I0613 01:59:52.197461 40300 status_update_manager.cpp:393] Received status update acknowledgement (UUID: 60a58f65-8c6f-44d0-8c92-d772d874572b) for task d018ab6a-2798-4695-a96a-f29bd94837e7 of framework 20150613-015944-1828659978-51306-40237-0000
I0613 01:59:52.197505 40280 slave.cpp:2753] Sending acknowledgement for status update TASK_FINISHED (UUID: 38292852-802d-4e96-b611-d8f28d8b87a7) for task 5139cbfa-5370-4852-a8bc-f10644a6658e of framework 20150613-015944-1828659978-51306-40237-0000 to executor(1)@10.35.255.108:49521
I0613 01:59:52.197626 40300 status_update_manager.cpp:821] Checkpointing ACK for status update TASK_RUNNING (UUID: 60a58f65-8c6f-44d0-8c92-d772d874572b) for task d018ab6a-2798-4695-a96a-f29bd94837e7 of framework 20150613-015944-1828659978-51306-40237-0000
I0613 01:59:52.264408 40300 status_update_manager.cpp:393] Received status update acknowledgement (UUID: 9f35953f-3ac7-458c-9c69-1941bff381ee) for task dfd1eebe-cb5b-4aab-8d93-a6a3cb4795c6 of framework 20150613-015944-1828659978-51306-40237-0000
I0613 01:59:52.264439 40301 slave.cpp:2820] Forwarding the update TASK_FINISHED (UUID: 92e97154-e62b-41bd-8eda-7f3d3041f9dd) for task d018ab6a-2798-4695-a96a-f29bd94837e7 of framework 20150613-015944-1828659978-51306-40237-0000 to master@10.35.255.108:51306
I0613 01:59:52.264575 40300 status_update_manager.cpp:821] Checkpointing ACK for status update TASK_RUNNING (UUID: 9f35953f-3ac7-458c-9c69-1941bff381ee) for task dfd1eebe-cb5b-4aab-8d93-a6a3cb4795c6 of framework 20150613-015944-1828659978-51306-40237-0000
I0613 01:59:52.264750 40301 master.cpp:3582] Status update TASK_FINISHED (UUID: 92e97154-e62b-41bd-8eda-7f3d3041f9dd) for task d018ab6a-2798-4695-a96a-f29bd94837e7 of framework 20150613-015944-1828659978-51306-40237-0000 from slave 20150613-015944-1828659978-51306-40237-S0 at slave(1)@10.35.255.108:51306 (smfd-atr-11-sr1.devel.twitter.com)
I0613 01:59:52.264853 40301 master.cpp:3621] Forwarding status update TASK_FINISHED (UUID: 92e97154-e62b-41bd-8eda-7f3d3041f9dd) for task d018ab6a-2798-4695-a96a-f29bd94837e7 of framework 20150613-015944-1828659978-51306-40237-0000
I0613 01:59:52.264981 40301 master.cpp:4975] Updating the latest state of task d018ab6a-2798-4695-a96a-f29bd94837e7 of framework 20150613-015944-1828659978-51306-40237-0000 to TASK_FINISHED
I0613 01:59:52.265082 40282 persistent_volume_framework.cpp:249] Task 'd018ab6a-2798-4695-a96a-f29bd94837e7' is in state TASK_FINISHED
I0613 01:59:52.265276 40292 master.cpp:5043] Removing task d018ab6a-2798-4695-a96a-f29bd94837e7 with resources cpus(test):0.1; mem(test):32; disk(test):8; disk(test)[9a13155d-4759-4d8c-93c2-d1f8786970f5:volume]:8 of framework 20150613-015944-1828659978-51306-40237-0000 on slave 20150613-015944-1828659978-51306-40237-S0 at slave(1)@10.35.255.108:51306 (smfd-atr-11-sr1.devel.twitter.com)
I0613 01:59:52.265451 40292 master.cpp:3015] Forwarding status update acknowledgement 92e97154-e62b-41bd-8eda-7f3d3041f9dd for task d018ab6a-2798-4695-a96a-f29bd94837e7 of framework 20150613-015944-1828659978-51306-40237-0000 (Persistent Volume Framework (C++)) at scheduler-1792d1c8-5d15-4e56-abc3-698227aa604a@10.35.255.108:51306 to slave 20150613-015944-1828659978-51306-40237-S0 at slave(1)@10.35.255.108:51306 (smfd-atr-11-sr1.devel.twitter.com)
I0613 01:59:52.331202 40300 status_update_manager.cpp:393] Received status update acknowledgement (UUID: bba38b6b-54de-47ec-b75d-dec04df51df4) for task 5139cbfa-5370-4852-a8bc-f10644a6658e of framework 20150613-015944-1828659978-51306-40237-0000
I0613 01:59:52.331256 40283 slave.cpp:2820] Forwarding the update TASK_FINISHED (UUID: 0f2b56f4-cfb2-429d-a7d0-37cf2b3c51f6) for task dfd1eebe-cb5b-4aab-8d93-a6a3cb4795c6 of framework 20150613-015944-1828659978-51306-40237-0000 to master@10.35.255.108:51306
I0613 01:59:52.331370 40300 status_update_manager.cpp:821] Checkpointing ACK for status update TASK_RUNNING (UUID: bba38b6b-54de-47ec-b75d-dec04df51df4) for task 5139cbfa-5370-4852-a8bc-f10644a6658e of framework 20150613-015944-1828659978-51306-40237-0000
I0613 01:59:52.331526 40285 master.cpp:3582] Status update TASK_FINISHED (UUID: 0f2b56f4-cfb2-429d-a7d0-37cf2b3c51f6) for task dfd1eebe-cb5b-4aab-8d93-a6a3cb4795c6 of framework 20150613-015944-1828659978-51306-40237-0000 from slave 20150613-015944-1828659978-51306-40237-S0 at slave(1)@10.35.255.108:51306 (smfd-atr-11-sr1.devel.twitter.com)
I0613 01:59:52.331567 40285 master.cpp:3621] Forwarding status update TASK_FINISHED (UUID: 0f2b56f4-cfb2-429d-a7d0-37cf2b3c51f6) for task dfd1eebe-cb5b-4aab-8d93-a6a3cb4795c6 of framework 20150613-015944-1828659978-51306-40237-0000
I0613 01:59:52.331812 40285 master.cpp:4975] Updating the latest state of task dfd1eebe-cb5b-4aab-8d93-a6a3cb4795c6 of framework 20150613-015944-1828659978-51306-40237-0000 to TASK_FINISHED
I0613 01:59:52.331905 40296 persistent_volume_framework.cpp:249] Task 'dfd1eebe-cb5b-4aab-8d93-a6a3cb4795c6' is in state TASK_FINISHED
I0613 01:59:52.332270 40282 master.cpp:5043] Removing task dfd1eebe-cb5b-4aab-8d93-a6a3cb4795c6 with resources cpus(test):0.1; mem(test):32; disk(test):8; disk(test)[37a2702e-3400-467c-9a44-79d6e09281ca:volume]:8 of framework 20150613-015944-1828659978-51306-40237-0000 on slave 20150613-015944-1828659978-51306-40237-S0 at slave(1)@10.35.255.108:51306 (smfd-atr-11-sr1.devel.twitter.com)
I0613 01:59:52.332447 40282 master.cpp:3015] Forwarding status update acknowledgement 0f2b56f4-cfb2-429d-a7d0-37cf2b3c51f6 for task dfd1eebe-cb5b-4aab-8d93-a6a3cb4795c6 of framework 20150613-015944-1828659978-51306-40237-0000 (Persistent Volume Framework (C++)) at scheduler-1792d1c8-5d15-4e56-abc3-698227aa604a@10.35.255.108:51306 to slave 20150613-015944-1828659978-51306-40237-S0 at slave(1)@10.35.255.108:51306 (smfd-atr-11-sr1.devel.twitter.com)
I0613 01:59:52.431375 40300 status_update_manager.cpp:393] Received status update acknowledgement (UUID: 92e97154-e62b-41bd-8eda-7f3d3041f9dd) for task d018ab6a-2798-4695-a96a-f29bd94837e7 of framework 20150613-015944-1828659978-51306-40237-0000
I0613 01:59:52.431408 40287 slave.cpp:2820] Forwarding the update TASK_FINISHED (UUID: 38292852-802d-4e96-b611-d8f28d8b87a7) for task 5139cbfa-5370-4852-a8bc-f10644a6658e of framework 20150613-015944-1828659978-51306-40237-0000 to master@10.35.255.108:51306
I0613 01:59:52.431565 40300 status_update_manager.cpp:821] Checkpointing ACK for status update TASK_FINISHED (UUID: 92e97154-e62b-41bd-8eda-7f3d3041f9dd) for task d018ab6a-2798-4695-a96a-f29bd94837e7 of framework 20150613-015944-1828659978-51306-40237-0000
I0613 01:59:52.431754 40287 master.cpp:3582] Status update TASK_FINISHED (UUID: 38292852-802d-4e96-b611-d8f28d8b87a7) for task 5139cbfa-5370-4852-a8bc-f10644a6658e of framework 20150613-015944-1828659978-51306-40237-0000 from slave 20150613-015944-1828659978-51306-40237-S0 at slave(1)@10.35.255.108:51306 (smfd-atr-11-sr1.devel.twitter.com)
I0613 01:59:52.431802 40287 master.cpp:3621] Forwarding status update TASK_FINISHED (UUID: 38292852-802d-4e96-b611-d8f28d8b87a7) for task 5139cbfa-5370-4852-a8bc-f10644a6658e of framework 20150613-015944-1828659978-51306-40237-0000
I0613 01:59:52.431923 40287 master.cpp:4975] Updating the latest state of task 5139cbfa-5370-4852-a8bc-f10644a6658e of framework 20150613-015944-1828659978-51306-40237-0000 to TASK_FINISHED
I0613 01:59:52.431999 40285 persistent_volume_framework.cpp:249] Task '5139cbfa-5370-4852-a8bc-f10644a6658e' is in state TASK_FINISHED
I0613 01:59:52.432324 40297 master.cpp:5043] Removing task 5139cbfa-5370-4852-a8bc-f10644a6658e with resources cpus(test):0.1; mem(test):32; disk(test):8; disk(test)[a37eb0ef-744b-4839-a75d-fc19970f2b88:volume]:8 of framework 20150613-015944-1828659978-51306-40237-0000 on slave 20150613-015944-1828659978-51306-40237-S0 at slave(1)@10.35.255.108:51306 (smfd-atr-11-sr1.devel.twitter.com)
I0613 01:59:52.432652 40297 master.cpp:3015] Forwarding status update acknowledgement 38292852-802d-4e96-b611-d8f28d8b87a7 for task 5139cbfa-5370-4852-a8bc-f10644a6658e of framework 20150613-015944-1828659978-51306-40237-0000 (Persistent Volume Framework (C++)) at scheduler-1792d1c8-5d15-4e56-abc3-698227aa604a@10.35.255.108:51306 to slave 20150613-015944-1828659978-51306-40237-S0 at slave(1)@10.35.255.108:51306 (smfd-atr-11-sr1.devel.twitter.com)
I0613 01:59:52.464793 40279 master.cpp:4108] Sending 1 offers to framework 20150613-015944-1828659978-51306-40237-0000 (Persistent Volume Framework (C++)) at scheduler-1792d1c8-5d15-4e56-abc3-698227aa604a@10.35.255.108:51306
I0613 01:59:52.465133 40279 persistent_volume_framework.cpp:156] Received offer 20150613-015944-1828659978-51306-40237-O7 from slave 20150613-015944-1828659978-51306-40237-S0 (smfd-atr-11-sr1.devel.twitter.com) with cpus(test):24; mem(test):71322; disk(test):454743; ports(test):[31000-32000]; disk(test)[9a13155d-4759-4d8c-93c2-d1f8786970f5:volume]:8; disk(test)[37a2702e-3400-467c-9a44-79d6e09281ca:volume]:8; disk(test)[a37eb0ef-744b-4839-a75d-fc19970f2b88:volume]:8
I0613 01:59:52.472321 40279 master.cpp:2424] Processing ACCEPT call for offers: [ 20150613-015944-1828659978-51306-40237-O7 ] on slave 20150613-015944-1828659978-51306-40237-S0 at slave(1)@10.35.255.108:51306 (smfd-atr-11-sr1.devel.twitter.com) for framework 20150613-015944-1828659978-51306-40237-0000 (Persistent Volume Framework (C++)) at scheduler-1792d1c8-5d15-4e56-abc3-698227aa604a@10.35.255.108:51306
I0613 01:59:52.472417 40279 master.cpp:2268] Authorizing framework principal 'test-principal' to launch task 9d33c2ed-3c0d-4783-9290-84dd33733086 as user 'bmahler'
I0613 01:59:52.472599 40279 master.cpp:2268] Authorizing framework principal 'test-principal' to launch task 6416a128-f3c1-4990-88e3-881e57f685a1 as user 'bmahler'
I0613 01:59:52.472764 40279 master.cpp:2268] Authorizing framework principal 'test-principal' to launch task 3b994e52-7d64-47fe-aba2-ba9f933893cc as user 'bmahler'
I0613 01:59:52.474373 40301 master.hpp:159] Adding task 9d33c2ed-3c0d-4783-9290-84dd33733086 with resources cpus(test):0.1; mem(test):32; disk(test):8; disk(test)[a37eb0ef-744b-4839-a75d-fc19970f2b88:volume]:8 on slave 20150613-015944-1828659978-51306-40237-S0 (smfd-atr-11-sr1.devel.twitter.com)
I0613 01:59:52.474611 40301 master.cpp:2751] Launching task 9d33c2ed-3c0d-4783-9290-84dd33733086 of framework 20150613-015944-1828659978-51306-40237-0000 (Persistent Volume Framework (C++)) at scheduler-1792d1c8-5d15-4e56-abc3-698227aa604a@10.35.255.108:51306 with resources cpus(test):0.1; mem(test):32; disk(test):8; disk(test)[a37eb0ef-744b-4839-a75d-fc19970f2b88:volume]:8 on slave 20150613-015944-1828659978-51306-40237-S0 at slave(1)@10.35.255.108:51306 (smfd-atr-11-sr1.devel.twitter.com)
I0613 01:59:52.475061 40298 slave.cpp:1214] Got assigned task 9d33c2ed-3c0d-4783-9290-84dd33733086 for framework 20150613-015944-1828659978-51306-40237-0000
I0613 01:59:52.475528 40301 master.hpp:159] Adding task 6416a128-f3c1-4990-88e3-881e57f685a1 with resources cpus(test):0.1; mem(test):32; disk(test):8; disk(test)[9a13155d-4759-4d8c-93c2-d1f8786970f5:volume]:8 on slave 20150613-015944-1828659978-51306-40237-S0 (smfd-atr-11-sr1.devel.twitter.com)
I0613 01:59:52.475756 40301 master.cpp:2751] Launching task 6416a128-f3c1-4990-88e3-881e57f685a1 of framework 20150613-015944-1828659978-51306-40237-0000 (Persistent Volume Framework (C++)) at scheduler-1792d1c8-5d15-4e56-abc3-698227aa604a@10.35.255.108:51306 with resources cpus(test):0.1; mem(test):32; disk(test):8; disk(test)[9a13155d-4759-4d8c-93c2-d1f8786970f5:volume]:8 on slave 20150613-015944-1828659978-51306-40237-S0 at slave(1)@10.35.255.108:51306 (smfd-atr-11-sr1.devel.twitter.com)
I0613 01:59:52.475827 40298 slave.cpp:1328] Launching task 9d33c2ed-3c0d-4783-9290-84dd33733086 for framework 20150613-015944-1828659978-51306-40237-0000
I0613 01:59:52.476594 40301 master.hpp:159] Adding task 3b994e52-7d64-47fe-aba2-ba9f933893cc with resources cpus(test):0.1; mem(test):32; disk(test):8; disk(test)[37a2702e-3400-467c-9a44-79d6e09281ca:volume]:8 on slave 20150613-015944-1828659978-51306-40237-S0 (smfd-atr-11-sr1.devel.twitter.com)
I0613 01:59:52.476791 40301 master.cpp:2751] Launching task 3b994e52-7d64-47fe-aba2-ba9f933893cc of framework 20150613-015944-1828659978-51306-40237-0000 (Persistent Volume Framework (C++)) at scheduler-1792d1c8-5d15-4e56-abc3-698227aa604a@10.35.255.108:51306 with resources cpus(test):0.1; mem(test):32; disk(test):8; disk(test)[37a2702e-3400-467c-9a44-79d6e09281ca:volume]:8 on slave 20150613-015944-1828659978-51306-40237-S0 at slave(1)@10.35.255.108:51306 (smfd-atr-11-sr1.devel.twitter.com)
I0613 01:59:52.477224 40301 hierarchical.hpp:741] Recovered cpus(test):23.7; mem(test):71226; disk(test):454719; ports(test):[31000-32000] (total allocatable: cpus(test):23.7; mem(test):71226; disk(test):454719; ports(test):[31000-32000]) on slave 20150613-015944-1828659978-51306-40237-S0 from framework 20150613-015944-1828659978-51306-40237-0000
I0613 01:59:52.487987 40298 slave.cpp:4513] Launching executor 9d33c2ed-3c0d-4783-9290-84dd33733086 of framework 20150613-015944-1828659978-51306-40237-0000 with resources cpus(*):0.1; mem(*):32 in work directory '/tmp/mesos-O40242/0/slaves/20150613-015944-1828659978-51306-40237-S0/frameworks/20150613-015944-1828659978-51306-40237-0000/executors/9d33c2ed-3c0d-4783-9290-84dd33733086/runs/a148756a-c85e-48cb-b929-c8088e9b85fb'
I0613 01:59:52.488407 40280 containerizer.cpp:530] Starting container 'a148756a-c85e-48cb-b929-c8088e9b85fb' for executor '9d33c2ed-3c0d-4783-9290-84dd33733086' of framework '20150613-015944-1828659978-51306-40237-0000'
I0613 01:59:52.488616 40280 containerizer.cpp:1320] Adding symlink from '/tmp/mesos-O40242/0/volumes/roles/test/a37eb0ef-744b-4839-a75d-fc19970f2b88' to '/tmp/mesos-O40242/0/slaves/20150613-015944-1828659978-51306-40237-S0/frameworks/20150613-015944-1828659978-51306-40237-0000/executors/9d33c2ed-3c0d-4783-9290-84dd33733086/runs/a148756a-c85e-48cb-b929-c8088e9b85fb/volume' for persistent volume disk(test)[a37eb0ef-744b-4839-a75d-fc19970f2b88:volume]:8 of container a148756a-c85e-48cb-b929-c8088e9b85fb
I0613 01:59:52.488888 40298 slave.cpp:1474] Queuing task '9d33c2ed-3c0d-4783-9290-84dd33733086' for executor 9d33c2ed-3c0d-4783-9290-84dd33733086 of framework '20150613-015944-1828659978-51306-40237-0000
I0613 01:59:52.489230 40298 slave.cpp:1214] Got assigned task 6416a128-f3c1-4990-88e3-881e57f685a1 for framework 20150613-015944-1828659978-51306-40237-0000
I0613 01:59:52.489945 40298 slave.cpp:1214] Got assigned task 3b994e52-7d64-47fe-aba2-ba9f933893cc for framework 20150613-015944-1828659978-51306-40237-0000
I0613 01:59:52.490507 40298 slave.cpp:1328] Launching task 6416a128-f3c1-4990-88e3-881e57f685a1 for framework 20150613-015944-1828659978-51306-40237-0000
I0613 01:59:52.491510 40280 launcher.cpp:131] Forked child with pid '40511' for container 'a148756a-c85e-48cb-b929-c8088e9b85fb'
I0613 01:59:52.491960 40280 containerizer.cpp:766] Checkpointing executor's forked pid 40511 to '/tmp/mesos-O40242/0/meta/slaves/20150613-015944-1828659978-51306-40237-S0/frameworks/20150613-015944-1828659978-51306-40237-0000/executors/9d33c2ed-3c0d-4783-9290-84dd33733086/runs/a148756a-c85e-48cb-b929-c8088e9b85fb/pids/forked.pid'
I0613 01:59:52.498296 40300 status_update_manager.cpp:393] Received status update acknowledgement (UUID: 0f2b56f4-cfb2-429d-a7d0-37cf2b3c51f6) for task dfd1eebe-cb5b-4aab-8d93-a6a3cb4795c6 of framework 20150613-015944-1828659978-51306-40237-0000
I0613 01:59:52.498417 40300 status_update_manager.cpp:821] Checkpointing ACK for status update TASK_FINISHED (UUID: 0f2b56f4-cfb2-429d-a7d0-37cf2b3c51f6) for task dfd1eebe-cb5b-4aab-8d93-a6a3cb4795c6 of framework 20150613-015944-1828659978-51306-40237-0000
I0613 01:59:52.503324 40298 slave.cpp:4513] Launching executor 6416a128-f3c1-4990-88e3-881e57f685a1 of framework 20150613-015944-1828659978-51306-40237-0000 with resources cpus(*):0.1; mem(*):32 in work directory '/tmp/mesos-O40242/0/slaves/20150613-015944-1828659978-51306-40237-S0/frameworks/20150613-015944-1828659978-51306-40237-0000/executors/6416a128-f3c1-4990-88e3-881e57f685a1/runs/4d5bd7c1-23a9-488c-b4b6-54d575eefb5e'
I0613 01:59:52.503720 40294 containerizer.cpp:530] Starting container '4d5bd7c1-23a9-488c-b4b6-54d575eefb5e' for executor '6416a128-f3c1-4990-88e3-881e57f685a1' of framework '20150613-015944-1828659978-51306-40237-0000'
I0613 01:59:52.503927 40294 containerizer.cpp:1320] Adding symlink from '/tmp/mesos-O40242/0/volumes/roles/test/9a13155d-4759-4d8c-93c2-d1f8786970f5' to '/tmp/mesos-O40242/0/slaves/20150613-015944-1828659978-51306-40237-S0/frameworks/20150613-015944-1828659978-51306-40237-0000/executors/6416a128-f3c1-4990-88e3-881e57f685a1/runs/4d5bd7c1-23a9-488c-b4b6-54d575eefb5e/volume' for persistent volume disk(test)[9a13155d-4759-4d8c-93c2-d1f8786970f5:volume]:8 of container 4d5bd7c1-23a9-488c-b4b6-54d575eefb5e
I0613 01:59:52.504205 40298 slave.cpp:1474] Queuing task '6416a128-f3c1-4990-88e3-881e57f685a1' for executor 6416a128-f3c1-4990-88e3-881e57f685a1 of framework '20150613-015944-1828659978-51306-40237-0000
I0613 01:59:52.504333 40298 slave.cpp:1328] Launching task 3b994e52-7d64-47fe-aba2-ba9f933893cc for framework 20150613-015944-1828659978-51306-40237-0000
I0613 01:59:52.506609 40294 launcher.cpp:131] Forked child with pid '40513' for container '4d5bd7c1-23a9-488c-b4b6-54d575eefb5e'
I0613 01:59:52.506834 40294 containerizer.cpp:766] Checkpointing executor's forked pid 40513 to '/tmp/mesos-O40242/0/meta/slaves/20150613-015944-1828659978-51306-40237-S0/frameworks/20150613-015944-1828659978-51306-40237-0000/executors/6416a128-f3c1-4990-88e3-881e57f685a1/runs/4d5bd7c1-23a9-488c-b4b6-54d575eefb5e/pids/forked.pid'
I0613 01:59:52.516554 40298 slave.cpp:4513] Launching executor 3b994e52-7d64-47fe-aba2-ba9f933893cc of framework 20150613-015944-1828659978-51306-40237-0000 with resources cpus(*):0.1; mem(*):32 in work directory '/tmp/mesos-O40242/0/slaves/20150613-015944-1828659978-51306-40237-S0/frameworks/20150613-015944-1828659978-51306-40237-0000/executors/3b994e52-7d64-47fe-aba2-ba9f933893cc/runs/eabe38ab-0fb4-4f0a-b104-f46df1f68277'
I0613 01:59:52.517122 40279 containerizer.cpp:530] Starting container 'eabe38ab-0fb4-4f0a-b104-f46df1f68277' for executor '3b994e52-7d64-47fe-aba2-ba9f933893cc' of framework '20150613-015944-1828659978-51306-40237-0000'
I0613 01:59:52.517385 40279 containerizer.cpp:1320] Adding symlink from '/tmp/mesos-O40242/0/volumes/roles/test/37a2702e-3400-467c-9a44-79d6e09281ca' to '/tmp/mesos-O40242/0/slaves/20150613-015944-1828659978-51306-40237-S0/frameworks/20150613-015944-1828659978-51306-40237-0000/executors/3b994e52-7d64-47fe-aba2-ba9f933893cc/runs/eabe38ab-0fb4-4f0a-b104-f46df1f68277/volume' for persistent volume disk(test)[37a2702e-3400-467c-9a44-79d6e09281ca:volume]:8 of container eabe38ab-0fb4-4f0a-b104-f46df1f68277
I0613 01:59:52.517516 40298 slave.cpp:1474] Queuing task '3b994e52-7d64-47fe-aba2-ba9f933893cc' for executor 3b994e52-7d64-47fe-aba2-ba9f933893cc of framework '20150613-015944-1828659978-51306-40237-0000
I0613 01:59:52.520239 40279 launcher.cpp:131] Forked child with pid '40515' for container 'eabe38ab-0fb4-4f0a-b104-f46df1f68277'
I0613 01:59:52.520514 40279 containerizer.cpp:766] Checkpointing executor's forked pid 40515 to '/tmp/mesos-O40242/0/meta/slaves/20150613-015944-1828659978-51306-40237-S0/frameworks/20150613-015944-1828659978-51306-40237-0000/executors/3b994e52-7d64-47fe-aba2-ba9f933893cc/runs/eabe38ab-0fb4-4f0a-b104-f46df1f68277/pids/forked.pid'
I0613 01:59:52.575724 40511 exec.cpp:132] Version: 0.23.0
I0613 01:59:52.582744 40287 slave.cpp:2226] Got registration for executor '9d33c2ed-3c0d-4783-9290-84dd33733086' of framework 20150613-015944-1828659978-51306-40237-0000 from executor(1)@10.35.255.108:52819
I0613 01:59:52.584923 40529 exec.cpp:206] Executor registered on slave 20150613-015944-1828659978-51306-40237-S0
I0613 01:59:52.585147 40295 slave.cpp:1626] Sending queued task '9d33c2ed-3c0d-4783-9290-84dd33733086' to executor '9d33c2ed-3c0d-4783-9290-84dd33733086' of framework 20150613-015944-1828659978-51306-40237-0000
Registered executor on smfd-atr-11-sr1.devel.twitter.com
Starting task 9d33c2ed-3c0d-4783-9290-84dd33733086
Forked command at 40566
sh -c 'test -f volume/persisted'
I0613 01:59:52.588718 40513 exec.cpp:132] Version: 0.23.0
I0613 01:59:52.592386 40281 slave.cpp:2565] Handling status update TASK_RUNNING (UUID: 7577c53a-8652-46d2-ac6a-4a42ef413fc9) for task 9d33c2ed-3c0d-4783-9290-84dd33733086 of framework 20150613-015944-1828659978-51306-40237-0000 from executor(1)@10.35.255.108:52819
