Showed up on ASF CI:
https://builds.apache.org/job/Mesos/BUILDTOOL=autotools,COMPILER=clang,CONFIGURATION=--verbose%20--enable-libevent%20--enable-ssl,ENVIRONMENT=GLOG_v=1%20MESOS_VERBOSE=1,OS=ubuntu%3A14.04,label_exp=(docker%7C%7CHadoop)&&(!ubuntu-us1)&&(!ubuntu-6)/2466/changes

{code}
[ RUN      ] ExamplesTest.DynamicReservationFramework
Using temporary directory '/tmp/ExamplesTest_DynamicReservationFramework_xp2TU9'
/mesos/mesos-1.0.0/src/tests/dynamic_reservation_framework_test.sh: line 19: /mesos/mesos-1.0.0/_build/src/colors.sh: No such file or directory
/mesos/mesos-1.0.0/src/tests/dynamic_reservation_framework_test.sh: line 20: /mesos/mesos-1.0.0/_build/src/atexit.sh: No such file or directory
WARNING: Logging before InitGoogleLogging() is written to STDERR
I0707 19:30:31.102650 29946 resources.cpp:572] Parsing resources as JSON failed: cpus:1;mem:128
Trying semicolon-delimited string format instead
I0707 19:30:31.125845 29946 process.cpp:1066] libprocess is initialized on 172.17.0.7:37568 with 16 worker threads
I0707 19:30:31.125954 29946 logging.cpp:199] Logging to STDERR
I0707 19:30:31.237936 29946 leveldb.cpp:174] Opened db in 101.67046ms
I0707 19:30:31.272083 29946 leveldb.cpp:181] Compacted db in 34.088797ms
I0707 19:30:31.272655 29946 leveldb.cpp:196] Created db iterator in 104307ns
I0707 19:30:31.272855 29946 leveldb.cpp:202] Seeked to beginning of db in 20581ns
I0707 19:30:31.273027 29946 leveldb.cpp:271] Iterated through 0 keys in the db in 13839ns
I0707 19:30:31.273460 29946 replica.cpp:779] Replica recovered with log positions 0 -> 0 with 1 holes and 0 unlearned
I0707 19:30:31.277535 29979 recover.cpp:451] Starting replica recovery
I0707 19:30:31.279044 29979 recover.cpp:477] Replica is in EMPTY status
I0707 19:30:31.285576 29984 replica.cpp:673] Replica in EMPTY status received a broadcasted recover request from (3)@172.17.0.7:37568
I0707 19:30:31.290812 29983 recover.cpp:197] Received a recover response from a replica in EMPTY status
I0707 19:30:31.300268 29972 recover.cpp:568] Updating replica status to STARTING
I0707 19:30:31.307143 29946 local.cpp:255] Creating default 'local' authorizer
I0707 19:30:31.324632 29972 leveldb.cpp:304] Persisting metadata (8 bytes) to leveldb took 23.394808ms
I0707 19:30:31.325036 29972 replica.cpp:320] Persisted replica status to STARTING
I0707 19:30:31.325812 29972 recover.cpp:477] Replica is in STARTING status
I0707 19:30:31.328284 29972 replica.cpp:673] Replica in STARTING status received a broadcasted recover request from (5)@172.17.0.7:37568
I0707 19:30:31.328945 29972 recover.cpp:197] Received a recover response from a replica in STARTING status
I0707 19:30:31.329859 29972 recover.cpp:568] Updating replica status to VOTING
I0707 19:30:31.335539 29974 master.cpp:382] Master 443ee691-d272-454c-90fe-959c95948252 (89b080073abb) started on 172.17.0.7:37568
I0707 19:30:31.335839 29974 master.cpp:384] Flags at startup: --acls="permissive: true
register_frameworks {
  principals {
    type: ANY
  }
  roles {
    type: SOME
    values: "test"
  }
}
" --agent_ping_timeout="15secs" --agent_reregister_timeout="10mins" --allocation_interval="1secs" --allocator="HierarchicalDRF" --authenticate_agents="false" --authenticate_frameworks="false" --authenticate_http="false" --authenticate_http_frameworks="false" --authenticators="crammd5" --authorizers="local" --credentials="/tmp/ExamplesTest_DynamicReservationFramework_xp2TU9/credentials" --framework_sorter="drf" --help="false" --hostname_lookup="true" --http_authenticators="basic" --initialize_driver_logging="true" --log_auto_initialize="true" --logbufsecs="0" --logging_level="INFO" --max_agent_ping_timeouts="5" --max_completed_frameworks="50" --max_completed_tasks_per_framework="1000" --quiet="false" --recovery_agent_removal_limit="100%" --registry="replicated_log" --registry_fetch_timeout="1mins" --registry_store_timeout="20secs" --registry_strict="false" --root_submissions="true" --user_sorter="drf" --version="false" --webui_dir="/mesos/mesos-1.0.0/src/webui" --work_dir="/tmp/mesos-zPIQS8" --zk_session_timeout="10secs"
I0707 19:30:31.337158 29974 master.cpp:436] Master allowing unauthenticated frameworks to register
I0707 19:30:31.337323 29974 master.cpp:450] Master allowing unauthenticated agents to register
I0707 19:30:31.337527 29974 master.cpp:464] Master allowing HTTP frameworks to register without authentication
I0707 19:30:31.337689 29974 credentials.hpp:37] Loading credentials for authentication from '/tmp/ExamplesTest_DynamicReservationFramework_xp2TU9/credentials'
W0707 19:30:31.337962 29974 credentials.hpp:52] Permissions on credentials file '/tmp/ExamplesTest_DynamicReservationFramework_xp2TU9/credentials' are too open. It is recommended that your credentials file is NOT accessible by others.
I0707 19:30:31.338336 29974 master.cpp:506] Using default 'crammd5' authenticator
I0707 19:30:31.338723 29974 authenticator.cpp:519] Initializing server SASL
I0707 19:30:31.340744 29974 auxprop.cpp:73] Initialized in-memory auxiliary property plugin
I0707 19:30:31.341084 29974 master.cpp:705] Authorization enabled
I0707 19:30:31.342696 29971 hierarchical.cpp:151] Initialized hierarchical allocator process
I0707 19:30:31.342895 29977 whitelist_watcher.cpp:77] No whitelist given
I0707 19:30:31.358129 29972 leveldb.cpp:304] Persisting metadata (8 bytes) to leveldb took 27.780299ms
I0707 19:30:31.358496 29972 replica.cpp:320] Persisted replica status to VOTING
I0707 19:30:31.358949 29972 recover.cpp:582] Successfully joined the Paxos group
I0707 19:30:31.359601 29972 recover.cpp:466] Recover process terminated
I0707 19:30:31.365345 29946 containerizer.cpp:196] Using isolation: filesystem/posix,posix/cpu,posix/mem,network/cni
W0707 19:30:31.368975 29946 backend.cpp:75] Failed to create 'aufs' backend: AufsBackend requires root privileges, but is running as user mesos
W0707 19:30:31.369699 29946 backend.cpp:75] Failed to create 'bind' backend: BindBackend requires root privileges
I0707 19:30:31.393633 29977 slave.cpp:205] Agent started on 1)@172.17.0.7:37568
I0707 19:30:31.394129 29977 slave.cpp:206] Flags at startup: --acls="permissive: true
register_frameworks {
  principals {
    type: ANY
  }
  roles {
    type: SOME
    values: "test"
  }
}
" --appc_simple_discovery_uri_prefix="http://" --appc_store_dir="/tmp/mesos/store/appc" --authenticate_http="false" --authenticatee="crammd5" --authentication_backoff_factor="1secs" --authorizer="local" --cgroups_cpu_enable_pids_and_tids_count="false" --cgroups_enable_cfs="false" --cgroups_hierarchy="/sys/fs/cgroup" --cgroups_limit_swap="false" --cgroups_root="mesos" --container_disk_watch_interval="15secs" --containerizers="mesos" --default_role="*" --disk_watch_interval="1mins" --docker="docker" --docker_kill_orphans="true" --docker_registry="https://registry-1.docker.io" --docker_remove_delay="6hrs" --docker_socket="/var/run/docker.sock" --docker_stop_timeout="0ns" --docker_store_dir="/tmp/mesos/store/docker" --docker_volume_checkpoint_dir="/var/run/mesos/isolators/docker/volume" --enforce_container_disk_quota="false" --executor_registration_timeout="1mins" --executor_shutdown_grace_period="5secs" --fetcher_cache_dir="/tmp/mesos/fetch" --fetcher_cache_size="2GB" --frameworks_home="" --gc_delay="1weeks" --gc_disk_headroom="0.1" --hadoop_home="" --help="false" --hostname_lookup="true" --http_authenticators="basic" --http_command_executor="false" --image_provisioner_backend="copy" --initialize_driver_logging="true" --isolation="filesystem/posix,posix/cpu,posix/mem" --launcher="posix" --launcher_dir="/mesos/mesos-1.0.0/_build/src" --logbufsecs="0" --logging_level="INFO" --oversubscribed_resources_interval="15secs" --perf_duration="10secs" --perf_interval="1mins" --qos_correction_interval_min="0ns" --quiet="false" --recover="reconnect" --recovery_timeout="15mins" --registration_backoff_factor="1secs" --revocable_cpu_low_priority="true" --sandbox_directory="/mnt/mesos/sandbox" --strict="true" --switch_user="true" --systemd_enable_support="true" --systemd_runtime_directory="/run/systemd/system" --version="false" --work_dir="/tmp/mesos-zPIQS8/0"
I0707 19:30:31.395762 29977 resources.cpp:572] Parsing resources as JSON failed: 
Trying semicolon-delimited string format instead
I0707 19:30:31.396198 29977 resources.cpp:572] Parsing resources as JSON failed: 
Trying semicolon-delimited string format instead
I0707 19:30:31.397099 29977 slave.cpp:594] Agent resources: cpus(*):16; mem(*):47270; disk(*):3.70122e+06; ports(*):[31000-32000]
I0707 19:30:31.397364 29977 slave.cpp:602] Agent attributes: [  ]
I0707 19:30:31.397557 29977 slave.cpp:607] Agent hostname: 89b080073abb
I0707 19:30:31.403342 29981 state.cpp:57] Recovering state from '/tmp/mesos-zPIQS8/0/meta'
I0707 19:30:31.411643 29973 status_update_manager.cpp:200] Recovering status update manager
I0707 19:30:31.412467 29983 containerizer.cpp:522] Recovering containerizer
I0707 19:30:31.417868 29975 provisioner.cpp:253] Provisioner recovery complete
I0707 19:30:31.419260 29977 slave.cpp:4856] Finished recovery
I0707 19:30:31.420929 29977 slave.cpp:5028] Querying resource estimator for oversubscribable resources
I0707 19:30:31.422238 29970 status_update_manager.cpp:174] Pausing sending status updates
I0707 19:30:31.422533 29977 slave.cpp:969] New master detected at master@172.17.0.7:37568
I0707 19:30:31.422721 29977 slave.cpp:990] No credentials provided. Attempting to register without authentication
I0707 19:30:31.422902 29977 slave.cpp:1001] Detecting new master
I0707 19:30:31.423362 29977 slave.cpp:5042] Received oversubscribable resources  from the resource estimator
I0707 19:30:31.429898 29974 master.cpp:1973] The newly elected leader is master@172.17.0.7:37568 with id 443ee691-d272-454c-90fe-959c95948252
I0707 19:30:31.429949 29974 master.cpp:1986] Elected as the leading master!
I0707 19:30:31.429968 29974 master.cpp:1673] Recovering from registrar
I0707 19:30:31.431020 29976 registrar.cpp:332] Recovering registrar
I0707 19:30:31.433168 29971 log.cpp:553] Attempting to start the writer
I0707 19:30:31.439359 29982 replica.cpp:493] Replica received implicit promise request from (21)@172.17.0.7:37568 with proposal 1
I0707 19:30:31.441862 29946 containerizer.cpp:196] Using isolation: filesystem/posix,posix/cpu,posix/mem,network/cni
W0707 19:30:31.443104 29946 backend.cpp:75] Failed to create 'aufs' backend: AufsBackend requires root privileges, but is running as user mesos
W0707 19:30:31.443366 29946 backend.cpp:75] Failed to create 'bind' backend: BindBackend requires root privileges
I0707 19:30:31.457201 29975 slave.cpp:205] Agent started on 2)@172.17.0.7:37568
I0707 19:30:31.457254 29975 slave.cpp:206] Flags at startup: --acls="permissive: true
register_frameworks {
  principals {
    type: ANY
  }
  roles {
    type: SOME
    values: "test"
  }
}
" --appc_simple_discovery_uri_prefix="http://" --appc_store_dir="/tmp/mesos/store/appc" --authenticate_http="false" --authenticatee="crammd5" --authentication_backoff_factor="1secs" --authorizer="local" --cgroups_cpu_enable_pids_and_tids_count="false" --cgroups_enable_cfs="false" --cgroups_hierarchy="/sys/fs/cgroup" --cgroups_limit_swap="false" --cgroups_root="mesos" --container_disk_watch_interval="15secs" --containerizers="mesos" --default_role="*" --disk_watch_interval="1mins" --docker="docker" --docker_kill_orphans="true" --docker_registry="https://registry-1.docker.io" --docker_remove_delay="6hrs" --docker_socket="/var/run/docker.sock" --docker_stop_timeout="0ns" --docker_store_dir="/tmp/mesos/store/docker" --docker_volume_checkpoint_dir="/var/run/mesos/isolators/docker/volume" --enforce_container_disk_quota="false" --executor_registration_timeout="1mins" --executor_shutdown_grace_period="5secs" --fetcher_cache_dir="/tmp/mesos/fetch" --fetcher_cache_size="2GB" --frameworks_home="" --gc_delay="1weeks" --gc_disk_headroom="0.1" --hadoop_home="" --help="false" --hostname_lookup="true" --http_authenticators="basic" --http_command_executor="false" --image_provisioner_backend="copy" --initialize_driver_logging="true" --isolation="filesystem/posix,posix/cpu,posix/mem" --launcher="posix" --launcher_dir="/mesos/mesos-1.0.0/_build/src" --logbufsecs="0" --logging_level="INFO" --oversubscribed_resources_interval="15secs" --perf_duration="10secs" --perf_interval="1mins" --qos_correction_interval_min="0ns" --quiet="false" --recover="reconnect" --recovery_timeout="15mins" --registration_backoff_factor="1secs" --revocable_cpu_low_priority="true" --sandbox_directory="/mnt/mesos/sandbox" --strict="true" --switch_user="true" --systemd_enable_support="true" --systemd_runtime_directory="/run/systemd/system" --version="false" --work_dir="/tmp/mesos-zPIQS8/1"
I0707 19:30:31.458678 29982 leveldb.cpp:304] Persisting metadata (8 bytes) to leveldb took 19.283309ms
I0707 19:30:31.458717 29982 replica.cpp:342] Persisted promised to 1
I0707 19:30:31.461284 29969 coordinator.cpp:238] Coordinator attempting to fill missing positions
I0707 19:30:31.461690 29975 resources.cpp:572] Parsing resources as JSON failed: 
Trying semicolon-delimited string format instead
I0707 19:30:31.461866 29975 resources.cpp:572] Parsing resources as JSON failed: 
Trying semicolon-delimited string format instead
I0707 19:30:31.462319 29975 slave.cpp:594] Agent resources: cpus(*):16; mem(*):47270; disk(*):3.70122e+06; ports(*):[31000-32000]
I0707 19:30:31.462396 29975 slave.cpp:602] Agent attributes: [  ]
I0707 19:30:31.464599 29975 slave.cpp:607] Agent hostname: 89b080073abb
I0707 19:30:31.466464 29978 replica.cpp:388] Replica received explicit promise request from (33)@172.17.0.7:37568 for position 0 with proposal 2
I0707 19:30:31.468361 29975 state.cpp:57] Recovering state from '/tmp/mesos-zPIQS8/1/meta'
I0707 19:30:31.468951 29975 status_update_manager.cpp:200] Recovering status update manager
I0707 19:30:31.469187 29975 containerizer.cpp:522] Recovering containerizer
I0707 19:30:31.472386 29969 provisioner.cpp:253] Provisioner recovery complete
I0707 19:30:31.473125 29969 slave.cpp:4856] Finished recovery
I0707 19:30:31.473996 29969 slave.cpp:5028] Querying resource estimator for oversubscribable resources
I0707 19:30:31.474643 29982 slave.cpp:969] New master detected at master@172.17.0.7:37568
I0707 19:30:31.474673 29982 slave.cpp:990] No credentials provided. Attempting to register without authentication
I0707 19:30:31.474726 29982 slave.cpp:1001] Detecting new master
I0707 19:30:31.474833 29982 status_update_manager.cpp:174] Pausing sending status updates
I0707 19:30:31.475157 29969 slave.cpp:5042] Received oversubscribable resources  from the resource estimator
I0707 19:30:31.479303 29946 containerizer.cpp:196] Using isolation: filesystem/posix,posix/cpu,posix/mem,network/cni
W0707 19:30:31.484933 29946 backend.cpp:75] Failed to create 'aufs' backend: AufsBackend requires root privileges, but is running as user mesos
W0707 19:30:31.485230 29946 backend.cpp:75] Failed to create 'bind' backend: BindBackend requires root privileges
I0707 19:30:31.492482 29978 leveldb.cpp:341] Persisting action (8 bytes) to leveldb took 25.968225ms
I0707 19:30:31.492543 29978 replica.cpp:712] Persisted action at 0
I0707 19:30:31.495333 29972 replica.cpp:537] Replica received write request for position 0 from (46)@172.17.0.7:37568
I0707 19:30:31.495918 29972 leveldb.cpp:436] Reading position from leveldb took 553942ns
I0707 19:30:31.505445 29973 slave.cpp:205] Agent started on 3)@172.17.0.7:37568
I0707 19:30:31.505492 29973 slave.cpp:206] Flags at startup: --acls="permissive: true
register_frameworks {
  principals {
    type: ANY
  }
  roles {
    type: SOME
    values: "test"
  }
}
" --appc_simple_discovery_uri_prefix="http://" --appc_store_dir="/tmp/mesos/store/appc" --authenticate_http="false" --authenticatee="crammd5" --authentication_backoff_factor="1secs" --authorizer="local" --cgroups_cpu_enable_pids_and_tids_count="false" --cgroups_enable_cfs="false" --cgroups_hierarchy="/sys/fs/cgroup" --cgroups_limit_swap="false" --cgroups_root="mesos" --container_disk_watch_interval="15secs" --containerizers="mesos" --default_role="*" --disk_watch_interval="1mins" --docker="docker" --docker_kill_orphans="true" --docker_registry="https://registry-1.docker.io" --docker_remove_delay="6hrs" --docker_socket="/var/run/docker.sock" --docker_stop_timeout="0ns" --docker_store_dir="/tmp/mesos/store/docker" --docker_volume_checkpoint_dir="/var/run/mesos/isolators/docker/volume" --enforce_container_disk_quota="false" --executor_registration_timeout="1mins" --executor_shutdown_grace_period="5secs" --fetcher_cache_dir="/tmp/mesos/fetch" --fetcher_cache_size="2GB" --frameworks_home="" --gc_delay="1weeks" --gc_disk_headroom="0.1" --hadoop_home="" --help="false" --hostname_lookup="true" --http_authenticators="basic" --http_command_executor="false" --image_provisioner_backend="copy" --initialize_driver_logging="true" --isolation="filesystem/posix,posix/cpu,posix/mem" --launcher="posix" --launcher_dir="/mesos/mesos-1.0.0/_build/src" --logbufsecs="0" --logging_level="INFO" --oversubscribed_resources_interval="15secs" --perf_duration="10secs" --perf_interval="1mins" --qos_correction_interval_min="0ns" --quiet="false" --recover="reconnect" --recovery_timeout="15mins" --registration_backoff_factor="1secs" --revocable_cpu_low_priority="true" --sandbox_directory="/mnt/mesos/sandbox" --strict="true" --switch_user="true" --systemd_enable_support="true" --systemd_runtime_directory="/run/systemd/system" --version="false" --work_dir="/tmp/mesos-zPIQS8/2"
I0707 19:30:31.506813 29973 resources.cpp:572] Parsing resources as JSON failed: 
Trying semicolon-delimited string format instead
I0707 19:30:31.506990 29973 resources.cpp:572] Parsing resources as JSON failed: 
Trying semicolon-delimited string format instead
I0707 19:30:31.507602 29973 slave.cpp:594] Agent resources: cpus(*):16; mem(*):47270; disk(*):3.70122e+06; ports(*):[31000-32000]
I0707 19:30:31.507680 29973 slave.cpp:602] Agent attributes: [  ]
I0707 19:30:31.507695 29973 slave.cpp:607] Agent hostname: 89b080073abb
I0707 19:30:31.510499 29973 state.cpp:57] Recovering state from '/tmp/mesos-zPIQS8/2/meta'
I0707 19:30:31.511034 29973 status_update_manager.cpp:200] Recovering status update manager
I0707 19:30:31.511270 29973 containerizer.cpp:522] Recovering containerizer
I0707 19:30:31.514657 29984 provisioner.cpp:253] Provisioner recovery complete
I0707 19:30:31.515745 29970 slave.cpp:4856] Finished recovery
I0707 19:30:31.516332 29970 slave.cpp:5028] Querying resource estimator for oversubscribable resources
I0707 19:30:31.517103 29970 slave.cpp:969] New master detected at master@172.17.0.7:37568
I0707 19:30:31.517134 29970 slave.cpp:990] No credentials provided. Attempting to register without authentication
I0707 19:30:31.517190 29970 slave.cpp:1001] Detecting new master
I0707 19:30:31.517294 29970 slave.cpp:5042] Received oversubscribable resources  from the resource estimator
I0707 19:30:31.517375 29970 status_update_manager.cpp:174] Pausing sending status updates
I0707 19:30:31.519979 29946 sched.cpp:226] Version: 1.0.0
I0707 19:30:31.521474 29980 sched.cpp:330] New master detected at master@172.17.0.7:37568
I0707 19:30:31.521586 29980 sched.cpp:341] No credentials provided. Attempting to register without authentication
I0707 19:30:31.521613 29980 sched.cpp:820] Sending SUBSCRIBE call to master@172.17.0.7:37568
I0707 19:30:31.521769 29980 sched.cpp:853] Will retry registration in 898.210224ms if necessary
I0707 19:30:31.521977 29980 master.cpp:1500] Dropping 'mesos.scheduler.Call' message since not recovered yet
I0707 19:30:31.522469 29972 leveldb.cpp:341] Persisting action (14 bytes) to leveldb took 26.469135ms
I0707 19:30:31.522514 29972 replica.cpp:712] Persisted action at 0
I0707 19:30:31.523948 29980 replica.cpp:691] Replica received learned notice for position 0 from @0.0.0.0:0
I0707 19:30:31.538797 29972 slave.cpp:1529] Will retry registration in 1.972934225secs if necessary
I0707 19:30:31.538925 29972 master.cpp:1500] Dropping 'mesos.internal.RegisterSlaveMessage' message since not recovered yet
I0707 19:30:31.555934 29980 leveldb.cpp:341] Persisting action (16 bytes) to leveldb took 31.978704ms
I0707 19:30:31.556016 29980 replica.cpp:712] Persisted action at 0
I0707 19:30:31.556066 29980 replica.cpp:697] Replica learned NOP action at position 0
I0707 19:30:31.557960 29980 log.cpp:569] Writer started with ending position 0
I0707 19:30:31.561957 29976 leveldb.cpp:436] Reading position from leveldb took 90775ns
I0707 19:30:31.566825 29979 slave.cpp:1529] Will retry registration in 382.223275ms if necessary
I0707 19:30:31.566967 29979 master.cpp:1500] Dropping 'mesos.internal.RegisterSlaveMessage' message since not recovered yet
I0707 19:30:31.582073 29981 registrar.cpp:365] Successfully fetched the registry (0B) in 150.98496ms
I0707 19:30:31.582437 29981 registrar.cpp:464] Applied 1 operations in 94170ns; attempting to update the 'registry'
I0707 19:30:31.587924 29975 log.cpp:577] Attempting to append 168 bytes to the log
I0707 19:30:31.588234 29975 coordinator.cpp:348] Coordinator attempting to write APPEND action at position 1
I0707 19:30:31.589561 29978 replica.cpp:537] Replica received write request for position 1 from (51)@172.17.0.7:37568
I0707 19:30:31.621119 29978 leveldb.cpp:341] Persisting action (187 bytes) to leveldb took 31.540172ms
I0707 19:30:31.621209 29978 replica.cpp:712] Persisted action at 1
I0707 19:30:31.623564 29978 replica.cpp:691] Replica received learned notice for position 1 from @0.0.0.0:0
I0707 19:30:31.656234 29978 leveldb.cpp:341] Persisting action (189 bytes) to leveldb took 32.657222ms
I0707 19:30:31.656424 29978 replica.cpp:712] Persisted action at 1
I0707 19:30:31.656786 29978 replica.cpp:697] Replica learned APPEND action at position 1
I0707 19:30:31.660815 29978 registrar.cpp:509] Successfully updated the 'registry' in 78.219008ms
I0707 19:30:31.661057 29978 registrar.cpp:395] Successfully recovered registrar
I0707 19:30:31.661593 29978 log.cpp:596] Attempting to truncate the log to 1
I0707 19:30:31.662271 29978 master.cpp:1781] Recovered 0 agents from the Registry (129B) ; allowing 10mins for agents to re-register
I0707 19:30:31.662566 29978 coordinator.cpp:348] Coordinator attempting to write TRUNCATE action at position 2
I0707 19:30:31.663004 29978 hierarchical.cpp:178] Skipping recovery of hierarchical allocator: nothing to recover
I0707 19:30:31.664005 29975 replica.cpp:537] Replica received write request for position 2 from (52)@172.17.0.7:37568
I0707 19:30:31.696493 29975 leveldb.cpp:341] Persisting action (16 bytes) to leveldb took 32.24974ms
I0707 19:30:31.696583 29975 replica.cpp:712] Persisted action at 2
I0707 19:30:31.698271 29984 replica.cpp:691] Replica received learned notice for position 2 from @0.0.0.0:0
I0707 19:30:31.731513 29984 leveldb.cpp:341] Persisting action (18 bytes) to leveldb took 32.894448ms
I0707 19:30:31.731775 29984 leveldb.cpp:399] Deleting ~1 keys from leveldb took 95908ns
I0707 19:30:31.732022 29984 replica.cpp:712] Persisted action at 2
I0707 19:30:31.732120 29984 replica.cpp:697] Replica learned TRUNCATE action at position 2
I0707 19:30:31.950920 29984 slave.cpp:1529] Will retry registration in 3.638047644secs if necessary
I0707 19:30:31.951601 29983 master.cpp:4676] Registering agent at slave(3)@172.17.0.7:37568 (89b080073abb) with id 443ee691-d272-454c-90fe-959c95948252-S0
I0707 19:30:31.953089 29974 registrar.cpp:464] Applied 1 operations in 182983ns; attempting to update the 'registry'
I0707 19:30:31.957223 29983 log.cpp:577] Attempting to append 337 bytes to the log
I0707 19:30:31.957545 29983 coordinator.cpp:348] Coordinator attempting to write APPEND action at position 3
I0707 19:30:31.958920 29983 replica.cpp:537] Replica received write request for position 3 from (53)@172.17.0.7:37568
I0707 19:30:31.989977 29983 leveldb.cpp:341] Persisting action (356 bytes) to leveldb took 30.902846ms
I0707 19:30:31.990154 29983 replica.cpp:712] Persisted action at 3
I0707 19:30:31.991781 29974 replica.cpp:691] Replica received learned notice for position 3 from @0.0.0.0:0
I0707 19:30:32.024132 29974 leveldb.cpp:341] Persisting action (358 bytes) to leveldb took 32.308737ms
I0707 19:30:32.024305 29974 replica.cpp:712] Persisted action at 3
I0707 19:30:32.024449 29974 replica.cpp:697] Replica learned APPEND action at position 3
I0707 19:30:32.027683 29975 registrar.cpp:509] Successfully updated the 'registry' in 74.444032ms
I0707 19:30:32.029734 29974 log.cpp:596] Attempting to truncate the log to 3
I0707 19:30:32.030093 29974 coordinator.cpp:348] Coordinator attempting to write TRUNCATE action at position 4
I0707 19:30:32.030804 29974 slave.cpp:3760] Received ping from slave-observer(1)@172.17.0.7:37568
I0707 19:30:32.031373 29974 slave.cpp:1169] Registered with master master@172.17.0.7:37568; given agent ID 443ee691-d272-454c-90fe-959c95948252-S0
I0707 19:30:32.031460 29974 fetcher.cpp:86] Clearing fetcher cache
I0707 19:30:32.032008 29974 slave.cpp:1192] Checkpointing SlaveInfo to '/tmp/mesos-zPIQS8/2/meta/slaves/443ee691-d272-454c-90fe-959c95948252-S0/slave.info'
I0707 19:30:32.031088 29975 master.cpp:4745] Registered agent 443ee691-d272-454c-90fe-959c95948252-S0 at slave(3)@172.17.0.7:37568 (89b080073abb) with cpus(*):16; mem(*):47270; disk(*):3.70122e+06; ports(*):[31000-32000]
I0707 19:30:32.033082 29975 hierarchical.cpp:478] Added agent 443ee691-d272-454c-90fe-959c95948252-S0 (89b080073abb) with cpus(*):16; mem(*):47270; disk(*):3.70122e+06; ports(*):[31000-32000] (allocated: )
I0707 19:30:32.033608 29975 hierarchical.cpp:1537] No allocations performed
I0707 19:30:32.033747 29975 hierarchical.cpp:1195] Performed allocation for agent 443ee691-d272-454c-90fe-959c95948252-S0 in 584676ns
I0707 19:30:32.034116 29975 status_update_manager.cpp:181] Resuming sending status updates
I0707 19:30:32.034010 29974 slave.cpp:1229] Forwarding total oversubscribed resources 
I0707 19:30:32.034950 29974 master.cpp:5128] Received update of agent 443ee691-d272-454c-90fe-959c95948252-S0 at slave(3)@172.17.0.7:37568 (89b080073abb) with total oversubscribed resources 
I0707 19:30:32.035320 29975 replica.cpp:537] Replica received write request for position 4 from (54)@172.17.0.7:37568
I0707 19:30:32.036041 29971 hierarchical.cpp:542] Agent 443ee691-d272-454c-90fe-959c95948252-S0 (89b080073abb) updated with oversubscribed resources  (total: cpus(*):16; mem(*):47270; disk(*):3.70122e+06; ports(*):[31000-32000], allocated: )
I0707 19:30:32.036212 29971 hierarchical.cpp:1537] No allocations performed
I0707 19:30:32.036327 29971 hierarchical.cpp:1195] Performed allocation for agent 443ee691-d272-454c-90fe-959c95948252-S0 in 212809ns
I0707 19:30:32.196679 29976 master.cpp:4676] Registering agent at slave(2)@172.17.0.7:37568 (89b080073abb) with id 443ee691-d272-454c-90fe-959c95948252-S1
I0707 19:30:32.196384 29979 slave.cpp:1529] Will retry registration in 1.893622708secs if necessary
I0707 19:30:32.197633 29976 registrar.cpp:464] Applied 1 operations in 273890ns; attempting to update the 'registry'
I0707 19:30:32.343791 29979 hierarchical.cpp:1537] No allocations performed
I0707 19:30:32.344105 29979 hierarchical.cpp:1172] Performed allocation for 1 agents in 555357ns
I0707 19:30:32.373800 29975 leveldb.cpp:341] Persisting action (16 bytes) to leveldb took 338.056804ms
I0707 19:30:32.373987 29975 replica.cpp:712] Persisted action at 4
I0707 19:30:32.387712 29973 replica.cpp:691] Replica received learned notice for position 4 from @0.0.0.0:0
I0707 19:30:32.420934 29981 sched.cpp:820] Sending SUBSCRIBE call to master@172.17.0.7:37568
I0707 19:30:32.421331 29981 sched.cpp:853] Will retry registration in 2.058099434secs if necessary
I0707 19:30:32.421792 29981 master.cpp:2550] Received SUBSCRIBE call for framework 'Dynamic Reservation Framework (C++)' at scheduler-a956abb7-0f5d-46e3-a670-a3f684eccbb5@172.17.0.7:37568
I0707 19:30:32.421934 29981 master.cpp:2012] Authorizing framework principal 'test' to receive offers for role 'test'
I0707 19:30:32.423535 29981 master.cpp:2626] Subscribing framework Dynamic Reservation Framework (C++) with checkpointing disabled and capabilities [  ]
I0707 19:30:32.425323 29976 hierarchical.cpp:271] Added framework 443ee691-d272-454c-90fe-959c95948252-0000
I0707 19:30:32.426686 29973 leveldb.cpp:341] Persisting action (18 bytes) to leveldb took 38.63187ms
I0707 19:30:32.426865 29973 leveldb.cpp:399] Deleting ~2 keys from leveldb took 95262ns
I0707 19:30:32.426981 29973 replica.cpp:712] Persisted action at 4
I0707 19:30:32.427096 29973 replica.cpp:697] Replica learned TRUNCATE action at position 4
I0707 19:30:32.428614 29973 log.cpp:577] Attempting to append 503 bytes to the log
I0707 19:30:32.426307 29981 sched.cpp:743] Framework registered with 443ee691-d272-454c-90fe-959c95948252-0000
I0707 19:30:32.428905 29981 dynamic_reservation_framework.cpp:73] Registered!
I0707 19:30:32.429059 29981 sched.cpp:757] Scheduler::registered took 167468ns
I0707 19:30:32.429239 29981 coordinator.cpp:348] Coordinator attempting to write APPEND action at position 5
I0707 19:30:32.431745 29976 hierarchical.cpp:1632] No inverse offers to send out!
I0707 19:30:32.432610 29984 master.cpp:5835] Sending 1 offers to framework 443ee691-d272-454c-90fe-959c95948252-0000 (Dynamic Reservation Framework (C++)) at scheduler-a956abb7-0f5d-46e3-a670-a3f684eccbb5@172.17.0.7:37568
I0707 19:30:32.433627 29984 dynamic_reservation_framework.cpp:84] Received offer 443ee691-d272-454c-90fe-959c95948252-O0 with cpus(*):16; mem(*):47270; disk(*):3.70122e+06; ports(*):[31000-32000]
I0707 19:30:32.434248 29984 sched.cpp:917] Scheduler::resourceOffers took 642030ns
I0707 19:30:32.436048 29984 master.cpp:3468] Processing ACCEPT call for offers: [ 443ee691-d272-454c-90fe-959c95948252-O0 ] on agent 443ee691-d272-454c-90fe-959c95948252-S0 at slave(3)@172.17.0.7:37568 (89b080073abb) for framework 443ee691-d272-454c-90fe-959c95948252-0000 (Dynamic Reservation Framework (C++)) at scheduler-a956abb7-0f5d-46e3-a670-a3f684eccbb5@172.17.0.7:37568
I0707 19:30:32.436368 29984 master.cpp:3144] Authorizing principal 'test' to reserve resources 'cpus(test, test):1; mem(test, test):128'
I0707 19:30:32.438547 29976 hierarchical.cpp:1172] Performed allocation for 1 agents in 12.203221ms
I0707 19:30:32.432860 29981 replica.cpp:537] Replica received write request for position 5 from (55)@172.17.0.7:37568
I0707 19:30:32.439970 29984 master.cpp:3695] Applying RESERVE operation for resources cpus(test, test):1; mem(test, test):128 from framework 443ee691-d272-454c-90fe-959c95948252-0000 (Dynamic Reservation Framework (C++)) at scheduler-a956abb7-0f5d-46e3-a670-a3f684eccbb5@172.17.0.7:37568 to agent 443ee691-d272-454c-90fe-959c95948252-S0 at slave(3)@172.17.0.7:37568 (89b080073abb)
I0707 19:30:32.440765 29984 master.cpp:7098] Sending checkpointed resources cpus(test, test):1; mem(test, test):128 to agent 443ee691-d272-454c-90fe-959c95948252-S0 at slave(3)@172.17.0.7:37568 (89b080073abb)
I0707 19:30:32.444211 29976 hierarchical.cpp:683] Updated allocation of framework 443ee691-d272-454c-90fe-959c95948252-0000 on agent 443ee691-d272-454c-90fe-959c95948252-S0 from cpus(*):16; mem(*):47270; disk(*):3.70122e+06; ports(*):[31000-32000] to cpus(*):15; mem(*):47142; disk(*):3.70122e+06; ports(*):[31000-32000]; cpus(test, test):1; mem(test, test):128
I0707 19:30:32.444527 29984 slave.cpp:2600] Updated checkpointed resources from  to cpus(test, test):1; mem(test, test):128
I0707 19:30:32.445664 29976 hierarchical.cpp:924] Recovered cpus(*):15; mem(*):47142; disk(*):3.70122e+06; ports(*):[31000-32000]; cpus(test, test):1; mem(test, test):128 (total: cpus(*):15; mem(*):47142; disk(*):3.70122e+06; ports(*):[31000-32000]; cpus(test, test):1; mem(test, test):128, allocated: ) on agent 443ee691-d272-454c-90fe-959c95948252-S0 from framework 443ee691-d272-454c-90fe-959c95948252-0000
I0707 19:30:32.467499 29981 leveldb.cpp:341] Persisting action (522 bytes) to leveldb took 28.613107ms
I0707 19:30:32.467705 29981 replica.cpp:712] Persisted action at 5
I0707 19:30:32.483840 29971 replica.cpp:691] Replica received learned notice for position 5 from @0.0.0.0:0
I0707 19:30:32.511849 29971 leveldb.cpp:341] Persisting action (524 bytes) to leveldb took 27.859875ms
I0707 19:30:32.512235 29971 replica.cpp:712] Persisted action at 5
I0707 19:30:32.512511 29971 replica.cpp:697] Replica learned APPEND action at position 5
I0707 19:30:32.516393 29971 registrar.cpp:509] Successfully updated the 'registry' in 318.636032ms
I0707 19:30:32.517113 29971 log.cpp:596] Attempting to truncate the log to 5
I0707 19:30:32.518293 29971 master.cpp:4745] Registered agent 443ee691-d272-454c-90fe-959c95948252-S1 at slave(2)@172.17.0.7:37568 (89b080073abb) with cpus(*):16; mem(*):47270; disk(*):3.70122e+06; ports(*):[31000-32000]
I0707 19:30:32.518659 29971 coordinator.cpp:348] Coordinator attempting to write TRUNCATE action at position 6
I0707 19:30:32.519564 29971 hierarchical.cpp:478] Added agent 443ee691-d272-454c-90fe-959c95948252-S1 (89b080073abb) with cpus(*):16; mem(*):47270; disk(*):3.70122e+06; ports(*):[31000-32000] (allocated: )
I0707 19:30:32.520804 29971 hierarchical.cpp:1632] No inverse offers to send out!
I0707 19:30:32.521106 29971 hierarchical.cpp:1195] Performed allocation for agent 443ee691-d272-454c-90fe-959c95948252-S1 in 1.298948ms
I0707 19:30:32.521436 29971 slave.cpp:1169] Registered with master master@172.17.0.7:37568; given agent ID 443ee691-d272-454c-90fe-959c95948252-S1
I0707 19:30:32.521669 29971 fetcher.cpp:86] Clearing fetcher cache
I0707 19:30:32.522266 29971 slave.cpp:1192] Checkpointing SlaveInfo to '/tmp/mesos-zPIQS8/1/meta/slaves/443ee691-d272-454c-90fe-959c95948252-S1/slave.info'
I0707 19:30:32.523712 29971 slave.cpp:1229] Forwarding total oversubscribed resources 
I0707 19:30:32.523080 29981 master.cpp:5835] Sending 1 offers to framework 443ee691-d272-454c-90fe-959c95948252-0000 (Dynamic Reservation Framework (C++)) at scheduler-a956abb7-0f5d-46e3-a670-a3f684eccbb5@172.17.0.7:37568
I0707 19:30:32.524303 29979 status_update_manager.cpp:181] Resuming sending status updates
I0707 19:30:32.524688 29981 master.cpp:5128] Received update of agent 443ee691-d272-454c-90fe-959c95948252-S1 at slave(2)@172.17.0.7:37568 (89b080073abb) with total oversubscribed resources 
I0707 19:30:32.525228 29970 dynamic_reservation_framework.cpp:84] Received offer 443ee691-d272-454c-90fe-959c95948252-O1 with cpus(*):16; mem(*):47270; disk(*):3.70122e+06; ports(*):[31000-32000]
I0707 19:30:32.525902 29970 sched.cpp:917] Scheduler::resourceOffers took 691140ns
I0707 19:30:32.525388 29971 slave.cpp:3760] Received ping from slave-observer(2)@172.17.0.7:37568
I0707 19:30:32.527039 29982 replica.cpp:537] Replica received write request for position 6 from (58)@172.17.0.7:37568
I0707 19:30:32.528058 29981 master.cpp:3468] Processing ACCEPT call for offers: [ 443ee691-d272-454c-90fe-959c95948252-O1 ] on agent 443ee691-d272-454c-90fe-959c95948252-S1 at slave(2)@172.17.0.7:37568 (89b080073abb) for framework 443ee691-d272-454c-90fe-959c95948252-0000 (Dynamic Reservation Framework (C++)) at scheduler-a956abb7-0f5d-46e3-a670-a3f684eccbb5@172.17.0.7:37568
I0707 19:30:32.528295 29979 hierarchical.cpp:542] Agent 443ee691-d272-454c-90fe-959c95948252-S1 (89b080073abb) updated with oversubscribed resources  (total: cpus(*):16; mem(*):47270; disk(*):3.70122e+06; ports(*):[31000-32000], allocated: cpus(*):16; mem(*):47270; disk(*):3.70122e+06; ports(*):[31000-32000])
I0707 19:30:32.529708 29979 hierarchical.cpp:1537] No allocations performed
I0707 19:30:32.529754 29979 hierarchical.cpp:1632] No inverse offers to send out!
I0707 19:30:32.529820 29979 hierarchical.cpp:1195] Performed allocation for agent 443ee691-d272-454c-90fe-959c95948252-S1 in 1.473485ms
I0707 19:30:32.529899 29981 master.cpp:3144] Authorizing principal 'test' to reserve resources 'cpus(test, test):1; mem(test, test):128'
I0707 19:30:32.531919 29984 master.cpp:3695] Applying RESERVE operation for resources cpus(test, test):1; mem(test, test):128 from framework 443ee691-d272-454c-90fe-959c95948252-0000 (Dynamic Reservation Framework (C++)) at scheduler-a956abb7-0f5d-46e3-a670-a3f684eccbb5@172.17.0.7:37568 to agent 443ee691-d272-454c-90fe-959c95948252-S1 at slave(2)@172.17.0.7:37568 (89b080073abb)
I0707 19:30:32.532374 29984 master.cpp:7098] Sending checkpointed resources cpus(test, test):1; mem(test, test):128 to agent 443ee691-d272-454c-90fe-959c95948252-S1 at slave(2)@172.17.0.7:37568 (89b080073abb)
I0707 19:30:32.534451 29977 hierarchical.cpp:683] Updated allocation of framework 443ee691-d272-454c-90fe-959c95948252-0000 on agent 443ee691-d272-454c-90fe-959c95948252-S1 from cpus(*):16; mem(*):47270; disk(*):3.70122e+06; ports(*):[31000-32000] to cpus(*):15; mem(*):47142; disk(*):3.70122e+06; ports(*):[31000-32000]; cpus(test, test):1; mem(test, test):128
I0707 19:30:32.537169 29980 hierarchical.cpp:924] Recovered cpus(*):15; mem(*):47142; disk(*):3.70122e+06; ports(*):[31000-32000]; cpus(test, test):1; mem(test, test):128 (total: cpus(*):15; mem(*):47142; disk(*):3.70122e+06; ports(*):[31000-32000]; cpus(test, test):1; mem(test, test):128, allocated: ) on agent 443ee691-d272-454c-90fe-959c95948252-S1 from framework 443ee691-d272-454c-90fe-959c95948252-0000
I0707 19:30:32.535399 29984 slave.cpp:2600] Updated checkpointed resources from  to cpus(test, test):1; mem(test, test):128
I0707 19:30:32.554222 29982 leveldb.cpp:341] Persisting action (16 bytes) to leveldb took 27.170492ms
I0707 19:30:32.554395 29982 replica.cpp:712] Persisted action at 6
I0707 19:30:32.556767 29970 replica.cpp:691] Replica received learned notice for position 6 from @0.0.0.0:0
I0707 19:30:32.579500 29970 leveldb.cpp:341] Persisting action (18 bytes) to leveldb took 22.578289ms
I0707 19:30:32.579659 29970 leveldb.cpp:399] Deleting ~2 keys from leveldb took 86499ns
I0707 19:30:32.579692 29970 replica.cpp:712] Persisted action at 6
I0707 19:30:32.579746 29970 replica.cpp:697] Replica learned TRUNCATE action at position 6
I0707 19:30:33.347929 29970 hierarchical.cpp:1632] No inverse offers to send out!
I0707 19:30:33.349206 29970 hierarchical.cpp:1172] Performed allocation for 2 agents in 3.521151ms
I0707 19:30:33.349076 29977 master.cpp:5835] Sending 2 offers to framework 443ee691-d272-454c-90fe-959c95948252-0000 (Dynamic Reservation Framework (C++)) at scheduler-a956abb7-0f5d-46e3-a670-a3f684eccbb5@172.17.0.7:37568
I0707 19:30:33.350098 29977 dynamic_reservation_framework.cpp:84] Received offer 443ee691-d272-454c-90fe-959c95948252-O2 with cpus(test, test):1; mem(test, test):128; cpus(*):15; mem(*):47142; disk(*):3.70122e+06; ports(*):[31000-32000]
I0707 19:30:33.350462 29977 dynamic_reservation_framework.cpp:150] Launching task 0 using offer 443ee691-d272-454c-90fe-959c95948252-O2
I0707 19:30:33.350879 29977 dynamic_reservation_framework.cpp:84] Received offer 443ee691-d272-454c-90fe-959c95948252-O3 with cpus(test, test):1; mem(test, test):128; cpus(*):15; mem(*):47142; disk(*):3.70122e+06; ports(*):[31000-32000]
I0707 19:30:33.351199 29977 dynamic_reservation_framework.cpp:150] Launching task 1 using offer 443ee691-d272-454c-90fe-959c95948252-O3
I0707 19:30:33.351398 29977 sched.cpp:917] Scheduler::resourceOffers took 1.321372ms
I0707 19:30:33.352967 29977 master.cpp:3468] Processing ACCEPT call for offers: [ 443ee691-d272-454c-90fe-959c95948252-O2 ] on agent 443ee691-d272-454c-90fe-959c95948252-S0 at slave(3)@172.17.0.7:37568 (89b080073abb) for framework 443ee691-d272-454c-90fe-959c95948252-0000 (Dynamic Reservation Framework (C++)) at scheduler-a956abb7-0f5d-46e3-a670-a3f684eccbb5@172.17.0.7:37568
I0707 19:30:33.353111 29977 master.cpp:3106] Authorizing framework principal 'test' to launch task 0
I0707 19:30:33.355710 29977 master.cpp:3468] Processing ACCEPT call for offers: [ 443ee691-d272-454c-90fe-959c95948252-O3 ] on agent 443ee691-d272-454c-90fe-959c95948252-S1 at slave(2)@172.17.0.7:37568 (89b080073abb) for framework 443ee691-d272-454c-90fe-959c95948252-0000 (Dynamic Reservation Framework (C++)) at scheduler-a956abb7-0f5d-46e3-a670-a3f684eccbb5@172.17.0.7:37568
I0707 19:30:33.355829 29977 master.cpp:3106] Authorizing framework principal 'test' to launch task 1
I0707 19:30:33.359690 29977 master.cpp:7565] Adding task 0 with resources cpus(test, test):1; mem(test, test):128 on agent 443ee691-d272-454c-90fe-959c95948252-S0 (89b080073abb)
I0707 19:30:33.359900 29977 master.cpp:3957] Launching task 0 of framework 443ee691-d272-454c-90fe-959c95948252-0000 (Dynamic Reservation Framework (C++)) at scheduler-a956abb7-0f5d-46e3-a670-a3f684eccbb5@172.17.0.7:37568 with resources cpus(test, test):1; mem(test, test):128 on agent 443ee691-d272-454c-90fe-959c95948252-S0 at slave(3)@172.17.0.7:37568 (89b080073abb)
I0707 19:30:33.360642 29970 slave.cpp:1569] Got assigned task 0 for framework 443ee691-d272-454c-90fe-959c95948252-0000
I0707 19:30:33.361142 29970 resources.cpp:572] Parsing resources as JSON failed: cpus:0.1;mem:32
Trying semicolon-delimited string format instead
I0707 19:30:33.362133 29983 hierarchical.cpp:924] Recovered ports(*):[31000-32000]; disk(*):3.70122e+06; cpus(*):15; mem(*):47142 (total: cpus(*):15; mem(*):47142; disk(*):3.70122e+06; ports(*):[31000-32000]; cpus(test, test):1; mem(test, test):128, allocated: cpus(test, test):1; mem(test, test):128) on agent 443ee691-d272-454c-90fe-959c95948252-S0 from framework 443ee691-d272-454c-90fe-959c95948252-0000
I0707 19:30:33.362866 29970 slave.cpp:1688] Launching task 0 for framework 443ee691-d272-454c-90fe-959c95948252-0000
I0707 19:30:33.362995 29970 resources.cpp:572] Parsing resources as JSON failed: cpus:0.1;mem:32
Trying semicolon-delimited string format instead
I0707 19:30:33.367036 29977 master.cpp:7565] Adding task 1 with resources cpus(test, test):1; mem(test, test):128 on agent 443ee691-d272-454c-90fe-959c95948252-S1 (89b080073abb)
I0707 19:30:33.367182 29977 master.cpp:3957] Launching task 1 of framework 443ee691-d272-454c-90fe-959c95948252-0000 (Dynamic Reservation Framework (C++)) at scheduler-a956abb7-0f5d-46e3-a670-a3f684eccbb5@172.17.0.7:37568 with resources cpus(test, test):1; mem(test, test):128 on agent 443ee691-d272-454c-90fe-959c95948252-S1 at slave(2)@172.17.0.7:37568 (89b080073abb)
I0707 19:30:33.367564 29978 slave.cpp:1569] Got assigned task 1 for framework 443ee691-d272-454c-90fe-959c95948252-0000
I0707 19:30:33.367811 29978 resources.cpp:572] Parsing resources as JSON failed: cpus:0.1;mem:32
Trying semicolon-delimited string format instead
I0707 19:30:33.368335 29978 slave.cpp:1688] Launching task 1 for framework 443ee691-d272-454c-90fe-959c95948252-0000
I0707 19:30:33.368511 29978 resources.cpp:572] Parsing resources as JSON failed: cpus:0.1;mem:32
Trying semicolon-delimited string format instead
I0707 19:30:33.373251 29970 paths.cpp:528] Trying to chown '/tmp/mesos-zPIQS8/2/slaves/443ee691-d272-454c-90fe-959c95948252-S0/frameworks/443ee691-d272-454c-90fe-959c95948252-0000/executors/0/runs/5f6efb5e-5357-4514-964a-5af3d0ec33f1' to user 'mesos'
I0707 19:30:33.376608 29977 hierarchical.cpp:924] Recovered ports(*):[31000-32000]; disk(*):3.70122e+06; cpus(*):15; mem(*):47142 (total: cpus(*):15; mem(*):47142; disk(*):3.70122e+06; ports(*):[31000-32000]; cpus(test, test):1; mem(test, test):128, allocated: cpus(test, test):1; mem(test, test):128) on agent 443ee691-d272-454c-90fe-959c95948252-S1 from framework 443ee691-d272-454c-90fe-959c95948252-0000
I0707 19:30:33.376976 29978 paths.cpp:528] Trying to chown '/tmp/mesos-zPIQS8/1/slaves/443ee691-d272-454c-90fe-959c95948252-S1/frameworks/443ee691-d272-454c-90fe-959c95948252-0000/executors/1/runs/34287f06-c6d4-4ab6-b706-5abf0e314655' to user 'mesos'
I0707 19:30:33.378888 29970 slave.cpp:5748] Launching executor 0 of framework 443ee691-d272-454c-90fe-959c95948252-0000 with resources cpus(*):0.1; mem(*):32 in work directory '/tmp/mesos-zPIQS8/2/slaves/443ee691-d272-454c-90fe-959c95948252-S0/frameworks/443ee691-d272-454c-90fe-959c95948252-0000/executors/0/runs/5f6efb5e-5357-4514-964a-5af3d0ec33f1'
I0707 19:30:33.380379 29980 containerizer.cpp:781] Starting container '5f6efb5e-5357-4514-964a-5af3d0ec33f1' for executor '0' of framework '443ee691-d272-454c-90fe-959c95948252-0000'
I0707 19:30:33.383648 29978 slave.cpp:5748] Launching executor 1 of framework 443ee691-d272-454c-90fe-959c95948252-0000 with resources cpus(*):0.1; mem(*):32 in work directory '/tmp/mesos-zPIQS8/1/slaves/443ee691-d272-454c-90fe-959c95948252-S1/frameworks/443ee691-d272-454c-90fe-959c95948252-0000/executors/1/runs/34287f06-c6d4-4ab6-b706-5abf0e314655'
I0707 19:30:33.384750 29971 containerizer.cpp:781] Starting container '34287f06-c6d4-4ab6-b706-5abf0e314655' for executor '1' of framework '443ee691-d272-454c-90fe-959c95948252-0000'
I0707 19:30:33.384395 29978 slave.cpp:1914] Queuing task '1' for executor '1' of framework 443ee691-d272-454c-90fe-959c95948252-0000
I0707 19:30:33.385623 29978 slave.cpp:922] Successfully attached file '/tmp/mesos-zPIQS8/1/slaves/443ee691-d272-454c-90fe-959c95948252-S1/frameworks/443ee691-d272-454c-90fe-959c95948252-0000/executors/1/runs/34287f06-c6d4-4ab6-b706-5abf0e314655'
I0707 19:30:33.399920 29979 containerizer.cpp:1284] Launching 'mesos-containerizer' with flags '--command="{"arguments":["mesos-executor","--launcher_dir=\/mesos\/mesos-1.0.0\/_build\/src"],"shell":false,"value":"\/mesos\/mesos-1.0.0\/_build\/src\/mesos-executor"}" --help="false" --pipe_read="9" --pipe_write="12" --pre_exec_commands="[]" --unshare_namespace_mnt="false" --user="mesos" --working_directory="/tmp/mesos-zPIQS8/2/slaves/443ee691-d272-454c-90fe-959c95948252-S0/frameworks/443ee691-d272-454c-90fe-959c95948252-0000/executors/0/runs/5f6efb5e-5357-4514-964a-5af3d0ec33f1"'
I0707 19:30:33.403643 29971 containerizer.cpp:1284] Launching 'mesos-containerizer' with flags '--command="{"arguments":["mesos-executor","--launcher_dir=\/mesos\/mesos-1.0.0\/_build\/src"],"shell":false,"value":"\/mesos\/mesos-1.0.0\/_build\/src\/mesos-executor"}" --help="false" --pipe_read="13" --pipe_write="14" --pre_exec_commands="[]" --unshare_namespace_mnt="false" --user="mesos" --working_directory="/tmp/mesos-zPIQS8/1/slaves/443ee691-d272-454c-90fe-959c95948252-S1/frameworks/443ee691-d272-454c-90fe-959c95948252-0000/executors/1/runs/34287f06-c6d4-4ab6-b706-5abf0e314655"'
I0707 19:30:33.406067 29979 launcher.cpp:126] Forked child with pid '29991' for container '5f6efb5e-5357-4514-964a-5af3d0ec33f1'
I0707 19:30:33.407141 29971 launcher.cpp:126] Forked child with pid '29992' for container '34287f06-c6d4-4ab6-b706-5abf0e314655'
I0707 19:30:33.405388 29970 slave.cpp:1914] Queuing task '0' for executor '0' of framework 443ee691-d272-454c-90fe-959c95948252-0000
I0707 19:30:33.408761 29970 slave.cpp:922] Successfully attached file '/tmp/mesos-zPIQS8/2/slaves/443ee691-d272-454c-90fe-959c95948252-S0/frameworks/443ee691-d272-454c-90fe-959c95948252-0000/executors/0/runs/5f6efb5e-5357-4514-964a-5af3d0ec33f1'
I0707 19:30:33.512244 29979 slave.cpp:1529] Will retry registration in 109.135061ms if necessary
I0707 19:30:33.512642 29979 master.cpp:4676] Registering agent at slave(1)@172.17.0.7:37568 (89b080073abb) with id 443ee691-d272-454c-90fe-959c95948252-S2
I0707 19:30:33.513365 29979 registrar.cpp:464] Applied 1 operations in 161276ns; attempting to update the 'registry'
I0707 19:30:33.522032 29979 log.cpp:577] Attempting to append 669 bytes to the log
I0707 19:30:33.522296 29979 coordinator.cpp:348] Coordinator attempting to write APPEND action at position 7
I0707 19:30:33.525583 29975 replica.cpp:537] Replica received write request for position 7 from (67)@172.17.0.7:37568
I0707 19:30:33.556705 29975 leveldb.cpp:341] Persisting action (688 bytes) to leveldb took 31.103148ms
I0707 19:30:33.556799 29975 replica.cpp:712] Persisted action at 7
I0707 19:30:33.558219 29982 replica.cpp:691] Replica received learned notice for position 7 from @0.0.0.0:0
I0707 19:30:33.590251 29982 leveldb.cpp:341] Persisting action (690 bytes) to leveldb took 32.026154ms
I0707 19:30:33.590347 29982 replica.cpp:712] Persisted action at 7
I0707 19:30:33.590395 29982 replica.cpp:697] Replica learned APPEND action at position 7
I0707 19:30:33.595444 29975 log.cpp:596] Attempting to truncate the log to 7
I0707 19:30:33.595649 29975 coordinator.cpp:348] Coordinator attempting to write TRUNCATE action at position 8
I0707 19:30:33.596961 29975 replica.cpp:537] Replica received write request for position 8 from (68)@172.17.0.7:37568
I0707 19:30:33.595394 29982 registrar.cpp:509] Successfully updated the 'registry' in 81.936128ms
I0707 19:30:33.598295 29969 master.cpp:4745] Registered agent 443ee691-d272-454c-90fe-959c95948252-S2 at slave(1)@172.17.0.7:37568 (89b080073abb) with cpus(*):16; mem(*):47270; disk(*):3.70122e+06; ports(*):[31000-32000]
I0707 19:30:33.599622 29984 hierarchical.cpp:478] Added agent 443ee691-d272-454c-90fe-959c95948252-S2 (89b080073abb) with cpus(*):16; mem(*):47270; disk(*):3.70122e+06; ports(*):[31000-32000] (allocated: )
I0707 19:30:33.600498 29978 slave.cpp:1169] Registered with master master@172.17.0.7:37568; given agent ID 443ee691-d272-454c-90fe-959c95948252-S2
I0707 19:30:33.600530 29978 fetcher.cpp:86] Clearing fetcher cache
I0707 19:30:33.601135 29978 slave.cpp:1192] Checkpointing SlaveInfo to '/tmp/mesos-zPIQS8/0/meta/slaves/443ee691-d272-454c-90fe-959c95948252-S2/slave.info'
I0707 19:30:33.601351 29981 status_update_manager.cpp:181] Resuming sending status updates
I0707 19:30:33.601753 29978 slave.cpp:1229] Forwarding total oversubscribed resources 
I0707 19:30:33.601856 29978 slave.cpp:3760] Received ping from slave-observer(3)@172.17.0.7:37568
I0707 19:30:33.602028 29978 master.cpp:5128] Received update of agent 443ee691-d272-454c-90fe-959c95948252-S2 at slave(1)@172.17.0.7:37568 (89b080073abb) with total oversubscribed resources 
I0707 19:30:33.602550 29984 hierarchical.cpp:1632] No inverse offers to send out!
