actor="10ms" --resources="cpus:2;gpus:0;mem:1024;disk:1024;ports:[31000-32000]" --runtime_dir="/var/folders/6w/rw03zh013y38ys6cyn8qppf80000gn/T/DiskQuotaTest_SlaveRecovery_8TOmLN"
 --sandbox_directory="/mnt/mesos/sandbox" --strict="true" --switch_user="true" --version="false" --work_dir="/var/folders/6w/rw03zh013y38ys6cyn8qppf80000gn/T/DiskQuotaTest_SlaveRecovery_EmdfgZ" --zk_session_timeout="10secs"
I0205 21:09:19.289757 55189504 credentials.hpp:86] Loading credential for authentication from '/private/var/folders/6w/rw03zh013y38ys6cyn8qppf80000gn/T/tvVUip/7oYyzh/credential'
W0205 21:09:19.289820 296834496 process.cpp:2829] Attempted to spawn already running process version@10.0.49.4:65013
I0205 21:09:19.289896 55189504 slave.cpp:301] Agent using credential for: test-principal
I0205 21:09:19.289911 55189504 credentials.hpp:37] Loading credentials for authentication from '/private/var/folders/6w/rw03zh013y38ys6cyn8qppf80000gn/T/tvVUip/7oYyzh/http_credentials'
I0205 21:09:19.290133 55189504 http.cpp:965] Creating default 'basic' HTTP authenticator for realm 'mesos-agent-executor'
I0205 21:09:19.290216 55189504 http.cpp:986] Creating default 'jwt' HTTP authenticator for realm 'mesos-agent-executor'
I0205 21:09:19.290305 55189504 http.cpp:965] Creating default 'basic' HTTP authenticator for realm 'mesos-agent-readonly'
I0205 21:09:19.290347 55189504 http.cpp:986] Creating default 'jwt' HTTP authenticator for realm 'mesos-agent-readonly'
I0205 21:09:19.290406 55189504 http.cpp:965] Creating default 'basic' HTTP authenticator for realm 'mesos-agent-readwrite'
I0205 21:09:19.290555 55189504 http.cpp:986] Creating default 'jwt' HTTP authenticator for realm 'mesos-agent-readwrite'
I0205 21:09:19.290778 55189504 disk_profile_adaptor.cpp:80] Creating default disk profile adaptor module
I0205 21:09:19.291154 55189504 slave.cpp:616] Agent resources: [{"name":"cpus","scalar":{"value":2.0},"type":"SCALAR"},{"name":"mem","scalar":{"value":1024.0},"type":"SCALAR"},{"name":"disk","scalar":{"value":1024.0},"type":"SCALAR"},{"name":"ports","ranges":{"range":[{"begin":31000,"end":32000}]},"type":"RANGES"}]
I0205 21:09:19.291283 55189504 slave.cpp:624] Agent attributes: [  ]
I0205 21:09:19.291296 55189504 slave.cpp:633] Agent hostname: Jenkinss-Mac-mini.local
I0205 21:09:19.291399 54652928 task_status_update_manager.cpp:181] Pausing sending task status updates
I0205 21:09:19.291465 53579776 status_update_manager_process.hpp:379] Pausing operation status update manager
I0205 21:09:19.291540 296834496 sched.cpp:232] Version: 1.8.0
I0205 21:09:19.291914 53579776 sched.cpp:336] New master detected at master@10.0.49.4:65013
I0205 21:09:19.291970 53579776 sched.cpp:401] Authenticating with master master@10.0.49.4:65013
I0205 21:09:19.291986 53579776 sched.cpp:408] Using default CRAM-MD5 authenticatee
I0205 21:09:19.292255 54116352 state.cpp:66] Recovering state from '/var/folders/6w/rw03zh013y38ys6cyn8qppf80000gn/T/DiskQuotaTest_SlaveRecovery_EmdfgZ/meta'
I0205 21:09:19.292291 56262656 authenticatee.cpp:121] Creating new client SASL connection
I0205 21:09:19.292451 53579776 slave.cpp:7004] Finished recovering checkpointed state from '/var/folders/6w/rw03zh013y38ys6cyn8qppf80000gn/T/DiskQuotaTest_SlaveRecovery_EmdfgZ/meta', beginning agent recovery
I0205 21:09:19.292484 56799232 master.cpp:9902] Authenticating scheduler-611df321-e66d-4bb4-bbdd-7a82ec93238b@10.0.49.4:65013
I0205 21:09:19.292523 55726080 task_status_update_manager.cpp:207] Recovering task status update manager
I0205 21:09:19.292559 54652928 authenticator.cpp:414] Starting authentication session for crammd5-authenticatee(96)@10.0.49.4:65013
I0205 21:09:19.292775 56262656 authenticator.cpp:98] Creating new server SASL connection
I0205 21:09:19.292793 53579776 containerizer.cpp:735] Recovering Mesos containers
I0205 21:09:19.292971 53579776 containerizer.cpp:1061] Recovering isolators
I0205 21:09:19.292971 56799232 authenticatee.cpp:213] Received SASL authentication mechanisms: CRAM-MD5
I0205 21:09:19.293017 56799232 authenticatee.cpp:239] Attempting to authenticate with mechanism 'CRAM-MD5'
I0205 21:09:19.293226 55189504 authenticator.cpp:204] Received SASL authentication start
I0205 21:09:19.293332 55189504 authenticator.cpp:326] Authentication requires more steps
I0205 21:09:19.293473 54116352 containerizer.cpp:1100] Recovering provisioner
I0205 21:09:19.293540 56799232 authenticatee.cpp:259] Received SASL authentication step
I0205 21:09:19.293648 55726080 authenticator.cpp:232] Received SASL authentication step
I0205 21:09:19.293679 55726080 auxprop.cpp:109] Request to lookup properties for user: 'test-principal' realm: 'Jenkinss-Mac-mini.local' server FQDN: 'Jenkinss-Mac-mini.local' SASL_AUXPROP_VERIFY_AGAINST_HASH: false SASL_AUXPROP_OVERRIDE: false SASL_AUXPROP_AUTHZID: false 
I0205 21:09:19.293696 55726080 auxprop.cpp:181] Looking up auxiliary property '*userPassword'
I0205 21:09:19.293718 55726080 auxprop.cpp:181] Looking up auxiliary property '*cmusaslsecretCRAM-MD5'
I0205 21:09:19.293767 55726080 auxprop.cpp:109] Request to lookup properties for user: 'test-principal' realm: 'Jenkinss-Mac-mini.local' server FQDN: 'Jenkinss-Mac-mini.local' SASL_AUXPROP_VERIFY_AGAINST_HASH: false SASL_AUXPROP_OVERRIDE: false SASL_AUXPROP_AUTHZID: true 
I0205 21:09:19.293782 55726080 auxprop.cpp:131] Skipping auxiliary property '*userPassword' since SASL_AUXPROP_AUTHZID == true
I0205 21:09:19.293792 55726080 auxprop.cpp:131] Skipping auxiliary property '*cmusaslsecretCRAM-MD5' since SASL_AUXPROP_AUTHZID == true
I0205 21:09:19.293802 55189504 provisioner.cpp:494] Provisioner recovery complete
I0205 21:09:19.293807 55726080 authenticator.cpp:318] Authentication success
I0205 21:09:19.293969 57335808 authenticatee.cpp:299] Authentication success
I0205 21:09:19.294083 56799232 master.cpp:9934] Successfully authenticated principal 'test-principal' at scheduler-611df321-e66d-4bb4-bbdd-7a82ec93238b@10.0.49.4:65013
I0205 21:09:19.294095 53579776 authenticator.cpp:432] Authentication session cleanup for crammd5-authenticatee(96)@10.0.49.4:65013
I0205 21:09:19.294229 55189504 sched.cpp:513] Successfully authenticated with master master@10.0.49.4:65013
I0205 21:09:19.294256 55189504 sched.cpp:817] Sending SUBSCRIBE call to master@10.0.49.4:65013
I0205 21:09:19.294368 55189504 sched.cpp:850] Will retry registration in 658.570288ms if necessary
I0205 21:09:19.294463 57335808 master.cpp:2879] Received SUBSCRIBE call for framework 'default' at scheduler-611df321-e66d-4bb4-bbdd-7a82ec93238b@10.0.49.4:65013
I0205 21:09:19.294481 57335808 master.cpp:2175] Authorizing framework principal 'test-principal' to receive offers for roles '{ * }'
I0205 21:09:19.294498 54116352 composing.cpp:339] Finished recovering all containerizers
I0205 21:09:19.294710 56262656 slave.cpp:7233] Recovering executors
I0205 21:09:19.294757 56799232 master.cpp:2960] Subscribing framework default with checkpointing enabled and capabilities [ MULTI_ROLE, RESERVATION_REFINEMENT ]
I0205 21:09:19.294764 56262656 slave.cpp:7386] Finished recovery
I0205 21:09:19.295415 56799232 master.cpp:10132] Adding framework 06fb68b6-c476-4218-8caf-2eb5eeb3d2f6-0000 (default) at scheduler-611df321-e66d-4bb4-bbdd-7a82ec93238b@10.0.49.4:65013 with roles {  } suppressed
I0205 21:09:19.295711 55726080 sched.cpp:744] Framework registered with 06fb68b6-c476-4218-8caf-2eb5eeb3d2f6-0000
I0205 21:09:19.295739 56799232 task_status_update_manager.cpp:181] Pausing sending task status updates
I0205 21:09:19.295789 55189504 slave.cpp:1268] New master detected at master@10.0.49.4:65013
I0205 21:09:19.295823 57335808 hierarchical.cpp:305] Added framework 06fb68b6-c476-4218-8caf-2eb5eeb3d2f6-0000
I0205 21:09:19.295821 55189504 slave.cpp:1333] Detecting new master
I0205 21:09:19.295799 55726080 sched.cpp:758] Scheduler::registered took 102139ns
I0205 21:09:19.295928 56262656 status_update_manager_process.hpp:379] Pausing operation status update manager
I0205 21:09:19.296046 57335808 hierarchical.cpp:1558] Performed allocation for 0 agents in 171535ns
I0205 21:09:19.299664 55189504 slave.cpp:1360] Authenticating with master master@10.0.49.4:65013
I0205 21:09:19.299708 55189504 slave.cpp:1369] Using default CRAM-MD5 authenticatee
I0205 21:09:19.299819 56262656 authenticatee.cpp:121] Creating new client SASL connection
I0205 21:09:19.300019 57335808 master.cpp:9902] Authenticating slave(42)@10.0.49.4:65013
I0205 21:09:19.300083 53579776 authenticator.cpp:414] Starting authentication session for crammd5-authenticatee(97)@10.0.49.4:65013
I0205 21:09:19.300187 54652928 authenticator.cpp:98] Creating new server SASL connection
I0205 21:09:19.300303 56799232 authenticatee.cpp:213] Received SASL authentication mechanisms: CRAM-MD5
I0205 21:09:19.300329 56799232 authenticatee.cpp:239] Attempting to authenticate with mechanism 'CRAM-MD5'
I0205 21:09:19.300379 55726080 authenticator.cpp:204] Received SASL authentication start
I0205 21:09:19.300498 55726080 authenticator.cpp:326] Authentication requires more steps
I0205 21:09:19.300541 55189504 authenticatee.cpp:259] Received SASL authentication step
I0205 21:09:19.300616 54116352 authenticator.cpp:232] Received SASL authentication step
I0205 21:09:19.300637 54116352 auxprop.cpp:109] Request to lookup properties for user: 'test-principal' realm: 'Jenkinss-Mac-mini.local' server FQDN: 'Jenkinss-Mac-mini.local' SASL_AUXPROP_VERIFY_AGAINST_HASH: false SASL_AUXPROP_OVERRIDE: false SASL_AUXPROP_AUTHZID: false 
I0205 21:09:19.300648 54116352 auxprop.cpp:181] Looking up auxiliary property '*userPassword'
I0205 21:09:19.300704 54116352 auxprop.cpp:181] Looking up auxiliary property '*cmusaslsecretCRAM-MD5'
I0205 21:09:19.300748 54116352 auxprop.cpp:109] Request to lookup properties for user: 'test-principal' realm: 'Jenkinss-Mac-mini.local' server FQDN: 'Jenkinss-Mac-mini.local' SASL_AUXPROP_VERIFY_AGAINST_HASH: false SASL_AUXPROP_OVERRIDE: false SASL_AUXPROP_AUTHZID: true 
I0205 21:09:19.300778 54116352 auxprop.cpp:131] Skipping auxiliary property '*userPassword' since SASL_AUXPROP_AUTHZID == true
I0205 21:09:19.300791 54116352 auxprop.cpp:131] Skipping auxiliary property '*cmusaslsecretCRAM-MD5' since SASL_AUXPROP_AUTHZID == true
I0205 21:09:19.300806 54116352 authenticator.cpp:318] Authentication success
I0205 21:09:19.300887 56262656 authenticatee.cpp:299] Authentication success
I0205 21:09:19.300992 54652928 authenticator.cpp:432] Authentication session cleanup for crammd5-authenticatee(97)@10.0.49.4:65013
I0205 21:09:19.301049 53579776 master.cpp:9934] Successfully authenticated principal 'test-principal' at slave(42)@10.0.49.4:65013
I0205 21:09:19.301196 56799232 slave.cpp:1460] Successfully authenticated with master master@10.0.49.4:65013
I0205 21:09:19.301432 56799232 slave.cpp:1893] Will retry registration in 18.073238ms if necessary
I0205 21:09:19.301512 57335808 master.cpp:6713] Received register agent message from slave(42)@10.0.49.4:65013 (Jenkinss-Mac-mini.local)
I0205 21:09:19.301622 57335808 master.cpp:3976] Authorizing agent providing resources 'cpus:2; mem:1024; disk:1024; ports:[31000-32000]' with principal 'test-principal'
I0205 21:09:19.301913 56262656 master.cpp:6780] Authorized registration of agent at slave(42)@10.0.49.4:65013 (Jenkinss-Mac-mini.local)
I0205 21:09:19.301965 56262656 master.cpp:6895] Registering agent at slave(42)@10.0.49.4:65013 (Jenkinss-Mac-mini.local) with id 06fb68b6-c476-4218-8caf-2eb5eeb3d2f6-S0
I0205 21:09:19.302306 54116352 registrar.cpp:487] Applied 1 operations in 133608ns; attempting to update the registry
I0205 21:09:19.302546 54652928 registrar.cpp:544] Successfully updated the registry in 201984ns
I0205 21:09:19.302636 56262656 master.cpp:6943] Admitted agent 06fb68b6-c476-4218-8caf-2eb5eeb3d2f6-S0 at slave(42)@10.0.49.4:65013 (Jenkinss-Mac-mini.local)
I0205 21:09:19.302924 56262656 master.cpp:6988] Registered agent 06fb68b6-c476-4218-8caf-2eb5eeb3d2f6-S0 at slave(42)@10.0.49.4:65013 (Jenkinss-Mac-mini.local) with cpus:2; mem:1024; disk:1024; ports:[31000-32000]
I0205 21:09:19.302996 57335808 slave.cpp:1493] Registered with master master@10.0.49.4:65013; given agent ID 06fb68b6-c476-4218-8caf-2eb5eeb3d2f6-S0
I0205 21:09:19.303069 54116352 hierarchical.cpp:604] Added agent 06fb68b6-c476-4218-8caf-2eb5eeb3d2f6-S0 (Jenkinss-Mac-mini.local) with cpus:2; mem:1024; disk:1024; ports:[31000-32000] (allocated: {})
I0205 21:09:19.303125 53579776 task_status_update_manager.cpp:188] Resuming sending task status updates
I0205 21:09:19.303171 55726080 status_update_manager_process.hpp:385] Resuming operation status update manager
I0205 21:09:19.303400 57335808 slave.cpp:1514] Checkpointing SlaveInfo to '/var/folders/6w/rw03zh013y38ys6cyn8qppf80000gn/T/DiskQuotaTest_SlaveRecovery_EmdfgZ/meta/slaves/06fb68b6-c476-4218-8caf-2eb5eeb3d2f6-S0/slave.info'
I0205 21:09:19.303496 54116352 hierarchical.cpp:1558] Performed allocation for 1 agents in 355215ns
I0205 21:09:19.303757 56799232 master.cpp:9717] Sending offers [ 06fb68b6-c476-4218-8caf-2eb5eeb3d2f6-O0 ] to framework 06fb68b6-c476-4218-8caf-2eb5eeb3d2f6-0000 (default) at scheduler-611df321-e66d-4bb4-bbdd-7a82ec93238b@10.0.49.4:65013
I0205 21:09:19.304136 56262656 sched.cpp:914] Scheduler::resourceOffers took 103128ns
I0205 21:09:19.304244 57335808 slave.cpp:1563] Forwarding agent update {"operations":{},"resource_providers":{},"resource_version_uuid":{"value":"3vMxD5F8RXGK3S+S5QV0CA=="},"slave_id":{"value":"06fb68b6-c476-4218-8caf-2eb5eeb3d2f6-S0"},"update_oversubscribed_resources":false}
I0205 21:09:19.304922 54116352 master.cpp:8047] Ignoring update on agent 06fb68b6-c476-4218-8caf-2eb5eeb3d2f6-S0 at slave(42)@10.0.49.4:65013 (Jenkinss-Mac-mini.local) as it reports no changes
I0205 21:09:19.305655 56262656 master.cpp:11749] Removing offer 06fb68b6-c476-4218-8caf-2eb5eeb3d2f6-O0
I0205 21:09:19.305902 56262656 master.cpp:4497] Processing ACCEPT call for offers: [ 06fb68b6-c476-4218-8caf-2eb5eeb3d2f6-O0 ] on agent 06fb68b6-c476-4218-8caf-2eb5eeb3d2f6-S0 at slave(42)@10.0.49.4:65013 (Jenkinss-Mac-mini.local) for framework 06fb68b6-c476-4218-8caf-2eb5eeb3d2f6-0000 (default) at scheduler-611df321-e66d-4bb4-bbdd-7a82ec93238b@10.0.49.4:65013
I0205 21:09:19.305966 56262656 master.cpp:3566] Authorizing framework principal 'test-principal' to launch task 74b96cfc-a233-4ddc-b114-4405e73ef8c3
I0205 21:09:19.306661 54652928 master.cpp:4074] Adding task 74b96cfc-a233-4ddc-b114-4405e73ef8c3 with resources cpus(allocated: *):1; mem(allocated: *):128; disk(allocated: *):3 of framework 06fb68b6-c476-4218-8caf-2eb5eeb3d2f6-0000 (default) at scheduler-611df321-e66d-4bb4-bbdd-7a82ec93238b@10.0.49.4:65013 on agent 06fb68b6-c476-4218-8caf-2eb5eeb3d2f6-S0 at slave(42)@10.0.49.4:65013 (Jenkinss-Mac-mini.local)
I0205 21:09:19.306830 54652928 master.cpp:5476] Launching task 74b96cfc-a233-4ddc-b114-4405e73ef8c3 of framework 06fb68b6-c476-4218-8caf-2eb5eeb3d2f6-0000 (default) at scheduler-611df321-e66d-4bb4-bbdd-7a82ec93238b@10.0.49.4:65013 with resources [{"allocation_info":{"role":"*"},"name":"cpus","scalar":{"value":1.0},"type":"SCALAR"},{"allocation_info":{"role":"*"},"name":"mem","scalar":{"value":128.0},"type":"SCALAR"},{"allocation_info":{"role":"*"},"name":"disk","scalar":{"value":3.0},"type":"SCALAR"}] on agent 06fb68b6-c476-4218-8caf-2eb5eeb3d2f6-S0 at slave(42)@10.0.49.4:65013 (Jenkinss-Mac-mini.local) on  new executor
I0205 21:09:19.307287 56262656 hierarchical.cpp:1230] Recovered cpus(allocated: *):1; mem(allocated: *):896; disk(allocated: *):1021; ports(allocated: *):[31000-32000] (total: cpus:2; mem:1024; disk:1024; ports:[31000-32000], allocated: cpus(allocated: *):1; mem(allocated: *):128; disk(allocated: *):3) on agent 06fb68b6-c476-4218-8caf-2eb5eeb3d2f6-S0 from framework 06fb68b6-c476-4218-8caf-2eb5eeb3d2f6-0000
I0205 21:09:19.307322 56262656 hierarchical.cpp:1276] Framework 06fb68b6-c476-4218-8caf-2eb5eeb3d2f6-0000 filtered agent 06fb68b6-c476-4218-8caf-2eb5eeb3d2f6-S0 for 5secs
I0205 21:09:19.307632 53579776 slave.cpp:2030] Got assigned task '74b96cfc-a233-4ddc-b114-4405e73ef8c3' for framework 06fb68b6-c476-4218-8caf-2eb5eeb3d2f6-0000
I0205 21:09:19.307742 53579776 slave.cpp:9097] Checkpointing FrameworkInfo to '/var/folders/6w/rw03zh013y38ys6cyn8qppf80000gn/T/DiskQuotaTest_SlaveRecovery_EmdfgZ/meta/slaves/06fb68b6-c476-4218-8caf-2eb5eeb3d2f6-S0/frameworks/06fb68b6-c476-4218-8caf-2eb5eeb3d2f6-0000/framework.info'
I0205 21:09:19.308406 53579776 slave.cpp:9108] Checkpointing framework pid 'scheduler-611df321-e66d-4bb4-bbdd-7a82ec93238b@10.0.49.4:65013' to '/var/folders/6w/rw03zh013y38ys6cyn8qppf80000gn/T/DiskQuotaTest_SlaveRecovery_EmdfgZ/meta/slaves/06fb68b6-c476-4218-8caf-2eb5eeb3d2f6-S0/frameworks/06fb68b6-c476-4218-8caf-2eb5eeb3d2f6-0000/framework.pid'
I0205 21:09:19.309358 53579776 slave.cpp:2404] Authorizing task '74b96cfc-a233-4ddc-b114-4405e73ef8c3' for framework 06fb68b6-c476-4218-8caf-2eb5eeb3d2f6-0000
I0205 21:09:19.309402 53579776 slave.cpp:8673] Authorizing framework principal 'test-principal' to launch task 74b96cfc-a233-4ddc-b114-4405e73ef8c3
I0205 21:09:19.310168 53579776 slave.cpp:2847] Launching task '74b96cfc-a233-4ddc-b114-4405e73ef8c3' for framework 06fb68b6-c476-4218-8caf-2eb5eeb3d2f6-0000
I0205 21:09:19.310231 53579776 paths.cpp:752] Creating sandbox '/var/folders/6w/rw03zh013y38ys6cyn8qppf80000gn/T/DiskQuotaTest_SlaveRecovery_EmdfgZ/slaves/06fb68b6-c476-4218-8caf-2eb5eeb3d2f6-S0/frameworks/06fb68b6-c476-4218-8caf-2eb5eeb3d2f6-0000/executors/74b96cfc-a233-4ddc-b114-4405e73ef8c3/runs/37db7c9c-52e1-4683-9785-8e34bc1c610e' for user 'jenkins'
I0205 21:09:19.311069 53579776 slave.cpp:9883] Checkpointing ExecutorInfo to '/var/folders/6w/rw03zh013y38ys6cyn8qppf80000gn/T/DiskQuotaTest_SlaveRecovery_EmdfgZ/meta/slaves/06fb68b6-c476-4218-8caf-2eb5eeb3d2f6-S0/frameworks/06fb68b6-c476-4218-8caf-2eb5eeb3d2f6-0000/executors/74b96cfc-a233-4ddc-b114-4405e73ef8c3/executor.info'
I0205 21:09:19.311977 53579776 paths.cpp:755] Creating sandbox '/var/folders/6w/rw03zh013y38ys6cyn8qppf80000gn/T/DiskQuotaTest_SlaveRecovery_EmdfgZ/meta/slaves/06fb68b6-c476-4218-8caf-2eb5eeb3d2f6-S0/frameworks/06fb68b6-c476-4218-8caf-2eb5eeb3d2f6-0000/executors/74b96cfc-a233-4ddc-b114-4405e73ef8c3/runs/37db7c9c-52e1-4683-9785-8e34bc1c610e'
I0205 21:09:19.312338 53579776 slave.cpp:9183] Launching executor '74b96cfc-a233-4ddc-b114-4405e73ef8c3' of framework 06fb68b6-c476-4218-8caf-2eb5eeb3d2f6-0000 with resources [{"allocation_info":{"role":"*"},"name":"cpus","scalar":{"value":0.1},"type":"SCALAR"},{"allocation_info":{"role":"*"},"name":"mem","scalar":{"value":32.0},"type":"SCALAR"}] in work directory '/var/folders/6w/rw03zh013y38ys6cyn8qppf80000gn/T/DiskQuotaTest_SlaveRecovery_EmdfgZ/slaves/06fb68b6-c476-4218-8caf-2eb5eeb3d2f6-S0/frameworks/06fb68b6-c476-4218-8caf-2eb5eeb3d2f6-0000/executors/74b96cfc-a233-4ddc-b114-4405e73ef8c3/runs/37db7c9c-52e1-4683-9785-8e34bc1c610e'
I0205 21:09:19.312806 53579776 slave.cpp:9914] Checkpointing TaskInfo to '/var/folders/6w/rw03zh013y38ys6cyn8qppf80000gn/T/DiskQuotaTest_SlaveRecovery_EmdfgZ/meta/slaves/06fb68b6-c476-4218-8caf-2eb5eeb3d2f6-S0/frameworks/06fb68b6-c476-4218-8caf-2eb5eeb3d2f6-0000/executors/74b96cfc-a233-4ddc-b114-4405e73ef8c3/runs/37db7c9c-52e1-4683-9785-8e34bc1c610e/tasks/:
74b96cfc-a233-4ddc-b114-4405e73ef8c3/task.info'
I0205 21:09:19.313616 53579776 slave.cpp:3044] Queued task '74b96cfc-a233-4ddc-b114-4405e73ef8c3' for executor '74b96cfc-a233-4ddc-b114-4405e73ef8c3' of framework 06fb68b6-c476-4218-8caf-2eb5eeb3d2f6-0000
I0205 21:09:19.313674 53579776 slave.cpp:1001] Successfully attached '/var/folders/6w/rw03zh013y38ys6cyn8qppf80000gn/T/DiskQuotaTest_SlaveRecovery_EmdfgZ/slaves/06fb68b6-c476-4218-8caf-2eb5eeb3d2f6-S0/frameworks/06fb68b6-c476-4218-8caf-2eb5eeb3d2f6-0000/executors/74b96cfc-a233-4ddc-b114-4405e73ef8c3/runs/37db7c9c-52e1-4683-9785-8e34bc1c610e' to virtual path '/var/folders/6w/rw03zh013y38ys6cyn8qppf80000gn/T/DiskQuotaTest_SlaveRecovery_EmdfgZ/slaves/06fb68b6-c476-4218-8caf-2eb5eeb3d2f6-S0/frameworks/06fb68b6-c476-4218-8caf-2eb5eeb3d2f6-0000/executors/74b96cfc-a233-4ddc-b114-4405e73ef8c3/runs/latest'
I0205 21:09:19.313874 53579776 slave.cpp:3525] Launching container 37db7c9c-52e1-4683-9785-8e34bc1c610e for executor '74b96cfc-a233-4ddc-b114-4405e73ef8c3' of framework 06fb68b6-c476-4218-8caf-2eb5eeb3d2f6-0000
I0205 21:09:19.314136 53579776 slave.cpp:1001] Successfully attached '/var/folders/6w/rw03zh013y38ys6cyn8qppf80000gn/T/DiskQuotaTest_SlaveRecovery_EmdfgZ/slaves/06fb68b6-c476-4218-8caf-2eb5eeb3d2f6-S0/frameworks/06fb68b6-c476-4218-8caf-2eb5eeb3d2f6-0000/executors/74b96cfc-a233-4ddc-b114-4405e73ef8c3/runs/37db7c9c-52e1-4683-9785-8e34bc1c610e' to virtual path '/frameworks/06fb68b6-c476-4218-8caf-2eb5eeb3d2f6-0000/executors/74b96cfc-a233-4ddc-b114-4405e73ef8c3/runs/latest'
I0205 21:09:19.314189 53579776 slave.cpp:1001] Successfully attached '/var/folders/6w/rw03zh013y38ys6cyn8qppf80000gn/T/DiskQuotaTest_SlaveRecovery_EmdfgZ/slaves/06fb68b6-c476-4218-8caf-2eb5eeb3d2f6-S0/frameworks/06fb68b6-c476-4218-8caf-2eb5eeb3d2f6-0000/executors/74b96cfc-a233-4ddc-b114-4405e73ef8c3/runs/37db7c9c-52e1-4683-9785-8e34bc1c610e' to virtual path '/var/folders/6w/rw03zh013y38ys6cyn8qppf80000gn/T/DiskQuotaTest_SlaveRecovery_EmdfgZ/slaves/06fb68b6-c476-4218-8caf-2eb5eeb3d2f6-S0/frameworks/06fb68b6-c476-4218-8caf-2eb5eeb3d2f6-0000/executors/74b96cfc-a233-4ddc-b114-4405e73ef8c3/runs/37db7c9c-52e1-4683-9785-8e34bc1c610e'
I0205 21:09:19.314442 57335808 containerizer.cpp:1296] Starting container 37db7c9c-52e1-4683-9785-8e34bc1c610e
I0205 21:09:19.315446 57335808 containerizer.cpp:1468] Checkpointed ContainerConfig at '/var/folders/6w/rw03zh013y38ys6cyn8qppf80000gn/T/DiskQuotaTest_SlaveRecovery_8TOmLN/containers/37db7c9c-52e1-4683-9785-8e34bc1c610e/config'
I0205 21:09:19.315496 57335808 containerizer.cpp:3144] Transitioning the state of container 37db7c9c-52e1-4683-9785-8e34bc1c610e from PROVISIONING to PREPARING
I0205 21:09:19.317613 56799232 containerizer.cpp:1961] Launching 'mesos-containerizer' with flags '--help="false" --launch_info="{"command":{"arguments":["mesos-executor","--launcher_dir=/Users/jenkins/workspace/workspace/mesos/Mesos_CI-build/FLAG/SSL/label/mac/mesos/build/src"],"shell":false,"value":"/Users/jenkins/workspace/workspace/mesos/Mesos_CI-build/FLAG/SSL/label/mac/mesos/build/src/mesos-executor"},"environment":{"variables":[{"name":"LIBPROCESS_PORT","type":"VALUE","value":"0"},{"name":"MESOS_AGENT_ENDPOINT","type":"VALUE","value":"10.0.49.4:65013"},{"name":"MESOS_CHECKPOINT","type":"VALUE","value":"1"},{"name":"MESOS_DIRECTORY","type":"VALUE","value":"/var/folders/6w/rw03zh013y38ys6cyn8qppf80000gn/T/DiskQuotaTest_SlaveRecovery_EmdfgZ/slaves/06fb68b6-c476-4218-8caf-2eb5eeb3d2f6-S0/frameworks/06fb68b6-c476-4218-8caf-2eb5eeb3d2f6-0000/executors/74b96cfc-a233-4ddc-b114-4405e73ef8c3/runs/37db7c9c-52e1-4683-9785-8e34bc1c610e"},{"name":"MESOS_EXECUTOR_AUTHENTICATION_TOKEN","type":"VALUE","value":"eyJhbGciOiJIUzI1NiIsInR5cCI6IkpXVCJ9.eyJjaWQiOiIzN2RiN2M5Yy01MmUxLTQ2ODMtOTc4NS04ZTM0YmMxYzYxMGUiLCJlaWQiOiI3NGI5NmNmYy1hMjMzLTRkZGMtYjExNC00NDA1ZTczZWY4YzMiLCJmaWQiOiIwNmZiNjhiNi1jNDc2LTQyMTgtOGNhZi0yZWI1ZWViM2QyZjYtMDAwMCJ9.zWeF1R_7xOP_FE292SOwzjKyHQAeqZQtNXjYY07PeCQ"},{"name":"MESOS_EXECUTOR_ID","type":"VALUE","value":"74b96cfc-a233-4ddc-b114-4405e73ef8c3"},{"name":"MESOS_EXECUTOR_SHUTDOWN_GRACE_PERIOD","type":"VALUE","value":"5secs"},{"name":"MESOS_FRAMEWORK_ID","type":"VALUE","value":"06fb68b6-c476-4218-8caf-2eb5eeb3d2f6-0000"},{"name":"MESOS_HTTP_COMMAND_EXECUTOR","type":"VALUE","value":"0"},{"name":"MESOS_RECOVERY_TIMEOUT","type":"VALUE","value":"15mins"},{"name":"MESOS_SLAVE_ID","type":"VALUE","value":"06fb68b6-c476-4218-8caf-2eb5eeb3d2f6-S0"},{"name":"MESOS_SLAVE_PID","type":"VALUE","value":"slave(42)@10.0.49.4:65013"},{"name":"MESOS_SUBSCRIPTION_BACKOFF_MAX","type":"VALUE","value":"2secs"},{"name":"MESOS_SANDBOX","type":"VALUE","value":"/var/folders/6w/rw03zh013y38ys6cyn8qppf80000gn/T/DiskQuotaTest_SlaveRecovery_EmdfgZ/slaves/06fb68b6-c476-4218-8caf-2eb5eeb3d2f6-S0/frameworks/06fb68b6-c476-4218-8caf-2eb5eeb3d2f6-0000/executors/74b96cfc-a233-4ddc-b114-4405e73ef8c3/runs/37db7c9c-52e1-4683-9785-8e34bc1c610e"}]},"task_environment":{},"user":"jenkins","working_directory":"/var/folders/6w/rw03zh013y38ys6cyn8qppf80000gn/T/DiskQuotaTest_SlaveRecovery_EmdfgZ/slaves/06fb68b6-c476-4218-8caf-2eb5eeb3d2f6-S0/frameworks/06fb68b6-c476-4218-8caf-2eb5eeb3d2f6-0000/executors/74b96cfc-a233-4ddc-b114-4405e73ef8c3/runs/37db7c9c-52e1-4683-9785-8e34bc1c610e"}" --pipe_read="12" --pipe_write="15" --runtime_directory="/var/folders/6w/rw03zh013y38ys6cyn8qppf80000gn/T/DiskQuotaTest_SlaveRecovery_8TOmLN/containers/37db7c9c-52e1-4683-9785-8e34bc1c610e"'
I0205 21:09:19.318980 56799232 launcher.cpp:145] Forked child with pid '10156' for container '37db7c9c-52e1-4683-9785-8e34bc1c610e'
I0205 21:09:19.319182 56799232 containerizer.cpp:2066] Checkpointing container's forked pid 10156 to '/var/folders/6w/rw03zh013y38ys6cyn8qppf80000gn/T/DiskQuotaTest_SlaveRecovery_EmdfgZ/meta/slaves/06fb68b6-c476-4218-8caf-2eb5eeb3d2f6-S0/frameworks/06fb68b6-c476-4218-8caf-2eb5eeb3d2f6-0000/executors/74b96cfc-a233-4ddc-b114-4405e73ef8c3/runs/37db7c9c-52e1-4683-9785-8e34bc1c610e/pids/forked.pid'
I0205 21:09:19.320978 56799232 containerizer.cpp:3144] Transitioning the state of container 37db7c9c-52e1-4683-9785-8e34bc1c610e from PREPARING to ISOLATING
I0205 21:09:19.322140 56799232 containerizer.cpp:3144] Transitioning the state of container 37db7c9c-52e1-4683-9785-8e34bc1c610e from ISOLATING to FETCHING
I0205 21:09:19.322289 54116352 fetcher.cpp:369] Starting to fetch URIs for container: 37db7c9c-52e1-4683-9785-8e34bc1c610e, directory: /var/folders/6w/rw03zh013y38ys6cyn8qppf80000gn/T/DiskQuotaTest_SlaveRecovery_EmdfgZ/slaves/06fb68b6-c476-4218-8caf-2eb5eeb3d2f6-S0/frameworks/06fb68b6-c476-4218-8caf-2eb5eeb3d2f6-0000/executors/74b96cfc-a233-4ddc-b114-4405e73ef8c3/runs/37db7c9c-52e1-4683-9785-8e34bc1c610e
I0205 21:09:19.323313 55189504 containerizer.cpp:3144] Transitioning the state of container 37db7c9c-52e1-4683-9785-8e34bc1c610e from FETCHING to RUNNING
[warn] kq_init: detected broken kqueue; not using.: Undefined error: 0
I0205 21:09:19.459352 186830848 exec.cpp:162] Version: 1.8.0
I0205 21:09:19.462440 57335808 slave.cpp:4850] Got registration for executor '74b96cfc-a233-4ddc-b114-4405e73ef8c3' of framework 06fb68b6-c476-4218-8caf-2eb5eeb3d2f6-0000 from executor(1)@10.0.49.4:65248
I0205 21:09:19.462801 57335808 slave.cpp:4936] Checkpointing executor pid 'executor(1)@10.0.49.4:65248' to '/var/folders/6w/rw03zh013y38ys6cyn8qppf80000gn/T/DiskQuotaTest_SlaveRecovery_EmdfgZ/meta/slaves/06fb68b6-c476-4218-8caf-2eb5eeb3d2f6-S0/frameworks/06fb68b6-c476-4218-8caf-2eb5eeb3d2f6-0000/executors/74b96cfc-a233-4ddc-b114-4405e73ef8c3/runs/37db7c9c-52e1-4683-9785-8e34bc1c610e/pids/libprocess.pid'
I0205 21:09:19.464210 56799232 disk.cpp:213] Updating the disk resources for container 37db7c9c-52e1-4683-9785-8e34bc1c610e to cpus(allocated: *):1.1; mem(allocated: *):160; disk(allocated: *):3
I0205 21:09:19.464588 184684544 exec.cpp:236] Executor registered on agent 06fb68b6-c476-4218-8caf-2eb5eeb3d2f6-S0
I0205 21:09:19.464735 57335808 slave.cpp:3257] Sending queued task '74b96cfc-a233-4ddc-b114-4405e73ef8c3' to executor '74b96cfc-a233-4ddc-b114-4405e73ef8c3' of framework 06fb68b6-c476-4218-8caf-2eb5eeb3d2f6-0000 at executor(1)@10.0.49.4:65248
I0205 21:09:19.468976 186830848 executor.cpp:184] Received SUBSCRIBED event
I0205 21:09:19.469424 186830848 executor.cpp:188] Subscribed executor on Jenkinss-Mac-mini.local
I0205 21:09:19.469527 186830848 executor.cpp:184] Received LAUNCH event
I0205 21:09:19.472615 186830848 executor.cpp:691] Starting task 74b96cfc-a233-4ddc-b114-4405e73ef8c3
I0205 21:09:19.476161 55726080 slave.cpp:5316] Handling status update TASK_STARTING (Status UUID: 10c02846-0d46-4554-ab64-7dac01db4749) for task 74b96cfc-a233-4ddc-b114-4405e73ef8c3 of framework 06fb68b6-c476-4218-8caf-2eb5eeb3d2f6-0000 from executor(1)@10.0.49.4:65248
I0205 21:09:19.477424 55189504 task_status_update_manager.cpp:328] Received task status update TASK_STARTING (Status UUID: 10c02846-0d46-4554-ab64-7dac01db4749) for task 74b96cfc-a233-4ddc-b114-4405e73ef8c3 of framework 06fb68b6-c476-4218-8caf-2eb5eeb3d2f6-0000
I0205 21:09:19.477466 55189504 task_status_update_manager.cpp:507] Creating StatusUpdate stream for task 74b96cfc-a233-4ddc-b114-4405e73ef8c3 of framework 06fb68b6-c476-4218-8caf-2eb5eeb3d2f6-0000
I0205 21:09:19.478104 55189504 task_status_update_manager.cpp:842] Checkpointing UPDATE for task status update TASK_STARTING (Status UUID: 10c02846-0d46-4554-ab64-7dac01db4749) for task 74b96cfc-a233-4ddc-b114-4405e73ef8c3 of framework 06fb68b6-c476-4218-8caf-2eb5eeb3d2f6-0000
I0205 21:09:19.478338 55189504 task_status_update_manager.cpp:383] Forwarding task status update TASK_STARTING (Status UUID: 10c02846-0d46-4554-ab64-7dac01db4749) for task 74b96cfc-a233-4ddc-b114-4405e73ef8c3 of framework 06fb68b6-c476-4218-8caf-2eb5eeb3d2f6-0000 to the agent
I0205 21:09:19.478416 53579776 slave.cpp:5808] Forwarding the update TASK_STARTING (Status UUID: 10c02846-0d46-4554-ab64-7dac01db4749) for task 74b96cfc-a233-4ddc-b114-4405e73ef8c3 of framework 06fb68b6-c476-4218-8caf-2eb5eeb3d2f6-0000 to master@10.0.49.4:65013
I0205 21:09:19.478585 53579776 slave.cpp:5701] Task status update manager successfully handled status update TASK_STARTING (Status UUID: 10c02846-0d46-4554-ab64-7dac01db4749) for task 74b96cfc-a233-4ddc-b114-4405e73ef8c3 of framework 06fb68b6-c476-4218-8caf-2eb5eeb3d2f6-0000
I0205 21:09:19.478618 53579776 slave.cpp:5717] Sending acknowledgement for status update TASK_STARTING (Status UUID: 10c02846-0d46-4554-ab64-7dac01db4749) for task 74b96cfc-a233-4ddc-b114-4405e73ef8c3 of framework 06fb68b6-c476-4218-8caf-2eb5eeb3d2f6-0000 to executor(1)@10.0.49.4:65248
I0205 21:09:19.478705 56262656 master.cpp:8516] Status update TASK_STARTING (Status UUID: 10c02846-0d46-4554-ab64-7dac01db4749) for task 74b96cfc-a233-4ddc-b114-4405e73ef8c3 of framework 06fb68b6-c476-4218-8caf-2eb5eeb3d2f6-0000 from agent 06fb68b6-c476-4218-8caf-2eb5eeb3d2f6-S0 at slave(42)@10.0.49.4:65013 (Jenkinss-Mac-mini.local)
I0205 21:09:19.478780 56262656 master.cpp:8573] Forwarding status update TASK_STARTING (Status UUID: 10c02846-0d46-4554-ab64-7dac01db4749) for task 74b96cfc-a233-4ddc-b114-4405e73ef8c3 of framework 06fb68b6-c476-4218-8caf-2eb5eeb3d2f6-0000
I0205 21:09:19.478955 56262656 master.cpp:11210] Updating the state of task 74b96cfc-a233-4ddc-b114-4405e73ef8c3 of framework 06fb68b6-c476-4218-8caf-2eb5eeb3d2f6-0000 (latest state: TASK_STARTING, status update state: TASK_STARTING)
I0205 21:09:19.479411 55726080 sched.cpp:1022] Scheduler::statusUpdate took 143246ns
I0205 21:09:19.479840 55189504 master.cpp:6339] Processing ACKNOWLEDGE call for status 10c02846-0d46-4554-ab64-7dac01db4749 for task 74b96cfc-a233-4ddc-b114-4405e73ef8c3 of framework 06fb68b6-c476-4218-8caf-2eb5eeb3d2f6-0000 (default) at scheduler-611df321-e66d-4bb4-bbdd-7a82ec93238b@10.0.49.4:65013 on agent 06fb68b6-c476-4218-8caf-2eb5eeb3d2f6-S0
I0205 21:09:19.480038 54116352 task_status_update_manager.cpp:401] Received task status update acknowledgement (UUID: 10c02846-0d46-4554-ab64-7dac01db4749) for task 74b96cfc-a233-4ddc-b114-4405e73ef8c3 of framework 06fb68b6-c476-4218-8caf-2eb5eeb3d2f6-0000
I0205 21:09:19.480103 54116352 task_status_update_manager.cpp:842] Checkpointing ACK for task status update TASK_STARTING (Status UUID: 10c02846-0d46-4554-ab64-7dac01db4749) for task 74b96cfc-a233-4ddc-b114-4405e73ef8c3 of framework 06fb68b6-c476-4218-8caf-2eb5eeb3d2f6-0000
I0205 21:09:19.480311 54652928 slave.cpp:4540] Task status update manager successfully handled status update acknowledgement (UUID: 10c02846-0d46-4554-ab64-7dac01db4749) for task 74b96cfc-a233-4ddc-b114-4405e73ef8c3 of framework 06fb68b6-c476-4218-8caf-2eb5eeb3d2f6-0000
I0205 21:09:19.481475 186830848 executor.cpp:506] Running '/Users/jenkins/workspace/workspace/mesos/Mesos_CI-build/FLAG/SSL/label/mac/mesos/build/src/mesos-containerizer launch <POSSIBLY-SENSITIVE-DATA>'
I0205 21:09:19.482641 186830848 executor.cpp:706] Forked command at 10185
I0205 21:09:19.487126 56799232 slave.cpp:5316] Handling status update TASK_RUNNING (Status UUID: 370f2ffd-1db2-4c09-9135-7daecbda8977) for task 74b96cfc-a233-4ddc-b114-4405e73ef8c3 of framework 06fb68b6-c476-4218-8caf-2eb5eeb3d2f6-0000 from executor(1)@10.0.49.4:65248
I0205 21:09:19.488173 56799232 task_status_update_manager.cpp:328] Received task status update TASK_RUNNING (Status UUID: 370f2ffd-1db2-4c09-9135-7daecbda8977) for task 74b96cfc-a233-4ddc-b114-4405e73ef8c3 of framework 06fb68b6-c476-4218-8caf-2eb5eeb3d2f6-0000
I0205 21:09:19.488225 56799232 task_status_update_manager.cpp:842] Checkpointing UPDATE for task status update TASK_RUNNING (Status UUID: 370f2ffd-1db2-4c09-9135-7daecbda8977) for task 74b96cfc-a233-4ddc-b114-4405e73ef8c3 of framework 06fb68b6-c476-4218-8caf-2eb5eeb3d2f6-0000
I0205 21:09:19.488445 56799232 task_status_update_manager.cpp:383] Forwarding task status update TASK_RUNNING (Status UUID: 370f2ffd-1db2-4c09-9135-7daecbda8977) for task 74b96cfc-a233-4ddc-b114-4405e73ef8c3 of framework 06fb68b6-c476-4218-8caf-2eb5eeb3d2f6-0000 to the agent
I0205 21:09:19.488570 57335808 slave.cpp:5808] Forwarding the update TASK_RUNNING (Status UUID: 370f2ffd-1db2-4c09-9135-7daecbda8977) for task 74b96cfc-a233-4ddc-b114-4405e73ef8c3 of framework 06fb68b6-c476-4218-8caf-2eb5eeb3d2f6-0000 to master@10.0.49.4:65013
I0205 21:09:19.488703 57335808 slave.cpp:5701] Task status update manager successfully handled status update TASK_RUNNING (Status UUID: 370f2ffd-1db2-4c09-9135-7daecbda8977) for task 74b96cfc-a233-4ddc-b114-4405e73ef8c3 of framework 06fb68b6-c476-4218-8caf-2eb5eeb3d2f6-0000
I0205 21:09:19.488737 57335808 slave.cpp:5717] Sending acknowledgement for status update TASK_RUNNING (Status UUID: 370f2ffd-1db2-4c09-9135-7daecbda8977) for task 74b96cfc-a233-4ddc-b114-4405e73ef8c3 of framework 06fb68b6-c476-4218-8caf-2eb5eeb3d2f6-0000 to executor(1)@10.0.49.4:65248
I0205 21:09:19.488873 54652928 master.cpp:8516] Status update TASK_RUNNING (Status UUID: 370f2ffd-1db2-4c09-9135-7daecbda8977) for task 74b96cfc-a233-4ddc-b114-4405e73ef8c3 of framework 06fb68b6-c476-4218-8caf-2eb5eeb3d2f6-0000 from agent 06fb68b6-c476-4218-8caf-2eb5eeb3d2f6-S0 at slave(42)@10.0.49.4:65013 (Jenkinss-Mac-mini.local)
I0205 21:09:19.488916 54652928 master.cpp:8573] Forwarding status update TASK_RUNNING (Status UUID: 370f2ffd-1db2-4c09-9135-7daecbda8977) for task 74b96cfc-a233-4ddc-b114-4405e73ef8c3 of framework 06fb68b6-c476-4218-8caf-2eb5eeb3d2f6-0000
I0205 21:09:19.489107 54652928 master.cpp:11210] Updating the state of task 74b96cfc-a233-4ddc-b114-4405e73ef8c3 of framework 06fb68b6-c476-4218-8caf-2eb5eeb3d2f6-0000 (latest state: TASK_RUNNING, status update state: TASK_RUNNING)
I0205 21:09:19.489356 55726080 sched.cpp:1022] Scheduler::statusUpdate took 87826ns
I0205 21:09:19.489681 55189504 master.cpp:6339] Processing ACKNOWLEDGE call for status 370f2ffd-1db2-4c09-9135-7daecbda8977 for task 74b96cfc-a233-4ddc-b114-4405e73ef8c3 of framework 06fb68b6-c476-4218-8caf-2eb5eeb3d2f6-0000 (default) at scheduler-611df321-e66d-4bb4-bbdd-7a82ec93238b@10.0.49.4:65013 on agent 06fb68b6-c476-4218-8caf-2eb5eeb3d2f6-S0
I0205 21:09:19.490129 55726080 task_status_update_manager.cpp:401] Received task status update acknowledgement (UUID: 370f2ffd-1db2-4c09-9135-7daecbda8977) for task 74b96cfc-a233-4ddc-b114-4405e73ef8c3 of framework 06fb68b6-c476-4218-8caf-2eb5eeb3d2f6-0000
I0205 21:09:19.490226 55726080 task_status_update_manager.cpp:842] Checkpointing ACK for task status update TASK_RUNNING (Status UUID: 370f2ffd-1db2-4c09-9135-7daecbda8977) for task 74b96cfc-a233-4ddc-b114-4405e73ef8c3 of framework 06fb68b6-c476-4218-8caf-2eb5eeb3d2f6-0000
I0205 21:09:19.490432 53579776 slave.cpp:4540] Task status update manager successfully handled status update acknowledgement (UUID: 370f2ffd-1db2-4c09-9135-7daecbda8977) for task 74b96cfc-a233-4ddc-b114-4405e73ef8c3 of framework 06fb68b6-c476-4218-8caf-2eb5eeb3d2f6-0000
I0205 21:09:19.490491 53579776 slave.cpp:922] Agent terminating
I0205 21:09:19.490916 54116352 master.cpp:1269] Agent 06fb68b6-c476-4218-8caf-2eb5eeb3d2f6-S0 at slave(42)@10.0.49.4:65013 (Jenkinss-Mac-mini.local) disconnected
I0205 21:09:19.490938 54116352 master.cpp:3292] Disconnecting agent 06fb68b6-c476-4218-8caf-2eb5eeb3d2f6-S0 at slave(42)@10.0.49.4:65013 (Jenkinss-Mac-mini.local)
I0205 21:09:19.490969 54116352 master.cpp:3311] Deactivating agent 06fb68b6-c476-4218-8caf-2eb5eeb3d2f6-S0 at slave(42)@10.0.49.4:65013 (Jenkinss-Mac-mini.local)
I0205 21:09:19.491143 54652928 hierarchical.cpp:793] Agent 06fb68b6-c476-4218-8caf-2eb5eeb3d2f6-S0 deactivated
I0205 21:09:19.491130 296834496 containerizer.cpp:309] Using isolation { environment_secret, posix/cpu, filesystem/posix, posix/mem, disk/du }
I0205 21:09:19.491418 296834496 provisioner.cpp:298] Using default backend 'copy'
W0205 21:09:19.524559 296834496 process.cpp:2829] Attempted to spawn already running process files@10.0.49.4:65013
I0205 21:09:19.525013 296834496 cluster.cpp:486] Creating default 'local' authorizer
I0205 21:09:19.525866 55189504 slave.cpp:268] Mesos agent started on (43)@10.0.49.4:65013
I0205 21:09:19.525892 55189504 slave.cpp:269] Flags at startup: --acls="" --appc_simple_discovery_uri_prefix="http://" --appc_store_dir="/private/var/folders/6w/rw03zh013y38ys6cyn8qppf80000gn/T/tvVUip/7oYyzh/store/appc" --authenticate_http_executors="true" --authenticate_http_readonly="true" --authenticate_http_readwrite="true" --authenticatee="crammd5" --authentication_backoff_factor="1secs" --authentication_timeout_max="1mins" --authentication_timeout_min="5secs" --authorizer="local" --container_disk_watch_interval="1ms" --containerizers="mesos" --credential="/private/var/folders/6w/rw03zh013y38ys6cyn8qppf80000gn/T/tvVUip/7oYyzh/credential" --default_role="*" --disk_watch_interval="1mins" --docker="docker" --docker_kill_orphans="true" --docker_registry="https://registry-1.docker.io" --docker_remove_delay="6hrs" --docker_socket="/var/run/docker.sock" --docker_stop_timeout="0ns" --docker_store_dir="/private/var/folders/6w/rw03zh013y38ys6cyn8qppf80000gn/T/tvVUip/7oYyzh/store/docker" --docker_volume_checkpoint_dir="/var/run/mesos/isolators/docker/volume" --enforce_container_disk_quota="false" --executor_registration_timeout="1mins" --executor_reregistration_timeout="2secs" --executor_shutdown_grace_period="5secs" --fetcher_cache_dir="/private/var/folders/6w/rw03zh013y38ys6cyn8qppf80000gn/T/tvVUip/7oYyzh/fetch" --fetcher_cache_size="2GB" --fetcher_stall_timeout="1mins" --frameworks_home="/private/var/folders/6w/rw03zh013y38ys6cyn8qppf80000gn/T/tvVUip/7oYyzh/frameworks" --gc_delay="1weeks" --gc_disk_headroom="0.1" --gc_non_executor_container_sandboxes="false" --help="false" --hostname_lookup="true" --http_command_executor="false" --http_credentials="/private/var/folders/6w/rw03zh013y38ys6cyn8qppf80000gn/T/tvVUip/7oYyzh/http_credentials" --http_heartbeat_interval="30secs" --initialize_driver_logging="true" --isolation="posix/cpu,posix/mem,disk/du" --jwt_secret_key="/private/var/folders/6w/rw03zh013y38ys6cyn8qppf80000gn/T/tvVUip/7oYyzh/jwt_secret_key" --launcher="posix" --launcher_dir="/Users/jenkins/workspace/workspace/mesos/Mesos_CI-build/FLAG/SSL/label/mac/mesos/build/src" --logbufsecs="0" --logging_level="INFO" --max_completed_executors_per_framework="150" --memory_profiling="false" --network_cni_metrics="true" --network_cni_root_dir_persist="false" --oversubscribed_resources_interval="15secs" --port="5051" --qos_correction_interval_min="0ns" --quiet="false" --reconfiguration_policy="equal" --recover="reconnect" --recovery_timeout="15mins" --registration_backoff_factor="10ms" --resources="cpus:2;gpus:0;mem:1024;disk:1024;ports:[31000-32000]" --runtime_dir="/var/folders/6w/rw03zh013y38ys6cyn8qppf80000gn/T/DiskQuotaTest_SlaveRecovery_8TOmLN" --sandbox_directory="/mnt/mesos/sandbox" --strict="true" --switch_user="true" --version="false" --work_dir="/var/folders/6w/rw03zh013y38ys6cyn8qppf80000gn/T/DiskQuotaTest_SlaveRecovery_EmdfgZ" --zk_session_timeout="10secs"
I0205 21:09:19.526211 55189504 credentials.hpp:86] Loading credential for authentication from '/private/var/folders/6w/rw03zh013y38ys6cyn8qppf80000gn/T/tvVUip/7oYyzh/credential'
I0205 21:09:19.526366 55189504 slave.cpp:301] Agent using credential for: test-principal
I0205 21:09:19.526382 55189504 credentials.hpp:37] Loading credentials for authentication from '/private/var/folders/6w/rw03zh013y38ys6cyn8qppf80000gn/T/tvVUip/7oYyzh/http_credentials'
I0205 21:09:19.526598 55189504 http.cpp:965] Creating default 'basic' HTTP authenticator for realm 'mesos-agent-executor'
I0205 21:09:19.526670 55189504 http.cpp:986] Creating default 'jwt' HTTP authenticator for realm 'mesos-agent-executor'
I0205 21:09:19.526834 55189504 http.cpp:965] Creating default 'basic' HTTP authenticator for realm 'mesos-agent-readonly'
19.526880 55189504 http.cpp:986] Creating default 'jwt' HTTP authenticator for realm 'mesos-agent-readonly'
I0205 21:09:19.526939 55189504 http.cpp:965] Creating default 'basic' HTTP authenticator for realm 'mesos-agent-readwrite'
I0205 21:09:19.526973 55189504 http.cpp:986] Creating default 'jwt' HTTP authenticator for realm 'mesos-agent-readwrite'
I0205 21:09:19.527333 55189504 disk_profile_adaptor.cpp:80] Creating default disk profile adaptor module
I0205 21:09:19.527798 55189504 slave.cpp:616] Agent resources: [{"name":"cpus","scalar":{"value":2.0},"type":"SCALAR"},{"name":"mem","scalar":{"value":1024.0},"type":"SCALAR"},{"name":"disk","scalar":{"value":1024.0},"type":"SCALAR"},{"name":"ports","ranges":{"range":[{"begin":31000,"end":32000}]},"type":"RANGES"}]
I0205 21:09:19.527997 55189504 slave.cpp:624] Agent attributes: [  ]
I0205 21:09:19.528012 55189504 slave.cpp:633] Agent hostname: Jenkinss-Mac-mini.local
I0205 21:09:19.528113 56799232 task_status_update_manager.cpp:181] Pausing sending task status updates
I0205 21:09:19.528170 55726080 status_update_manager_process.hpp:379] Pausing operation status update manager
I0205 21:09:19.528964 55726080 state.cpp:66] Recovering state from '/var/folders/6w/rw03zh013y38ys6cyn8qppf80000gn/T/DiskQuotaTest_SlaveRecovery_EmdfgZ/meta'
I0205 21:09:19.529044 55726080 state.cpp:742] No committed checkpointed resources found at '/var/folders/6w/rw03zh013y38ys6cyn8qppf80000gn/T/DiskQuotaTest_SlaveRecovery_EmdfgZ/meta/resources/resources.info'
I0205 21:09:19.532306 54652928 slave.cpp:7004] Finished recovering checkpointed state from '/var/folders/6w/rw03zh013y38ys6cyn8qppf80000gn/T/DiskQuotaTest_SlaveRecovery_EmdfgZ/meta', beginning agent recovery
I0205 21:09:19.532567 54652928 slave.cpp:7483] Recovering framework 06fb68b6-c476-4218-8caf-2eb5eeb3d2f6-0000
I0205 21:09:19.532618 54652928 slave.cpp:9301] Recovering executor '74b96cfc-a233-4ddc-b114-4405e73ef8c3' of framework 06fb68b6-c476-4218-8caf-2eb5eeb3d2f6-0000
I0205 21:09:19.533145 55189504 task_status_update_manager.cpp:207] Recovering task status update manager
I0205 21:09:19.533162 55189504 task_status_update_manager.cpp:215] Recovering executor '74b96cfc-a233-4ddc-b114-4405e73ef8c3' of framework 06fb68b6-c476-4218-8caf-2eb5eeb3d2f6-0000
I0205 21:09:19.533208 55189504 task_status_update_manager.cpp:507] Creating StatusUpdate stream for task 74b96cfc-a233-4ddc-b114-4405e73ef8c3 of framework 06fb68b6-c476-4218-8caf-2eb5eeb3d2f6-0000
I0205 21:09:19.533835 55189504 task_status_update_manager.cpp:818] Replaying task status update stream for task 74b96cfc-a233-4ddc-b114-4405e73ef8c3
I0205 21:09:19.534394 57335808 containerizer.cpp:735] Recovering Mesos containers
I0205 21:09:19.534451 57335808 containerizer.cpp:792] Recovering container 37db7c9c-52e1-4683-9785-8e34bc1c610e for executor '74b96cfc-a233-4ddc-b114-4405e73ef8c3' of framework 06fb68b6-c476-4218-8caf-2eb5eeb3d2f6-0000
I0205 21:09:19.535430 57335808 containerizer.cpp:1061] Recovering isolators
I0205 21:09:19.536082 54652928 containerizer.cpp:1100] Recovering provisioner
I0205 21:09:19.536412 56799232 provisioner.cpp:494] Provisioner recovery complete
I0205 21:09:19.537351 56799232 composing.cpp:339] Finished recovering all containerizers
I0205 21:09:19.537561 55726080 slave.cpp:7233] Recovering executors
I0205 21:09:19.537621 55726080 slave.cpp:7257] Sending reconnect request to executor '74b96cfc-a233-4ddc-b114-4405e73ef8c3' of framework 06fb68b6-c476-4218-8caf-2eb5eeb3d2f6-0000 at executor(1)@10.0.49.4:65248
I0205 21:09:19.538303 187367424 exec.cpp:282] Received reconnect request from agent 06fb68b6-c476-4218-8caf-2eb5eeb3d2f6-S0
I0205 21:09:19.549865 54652928 hierarchical.cpp:1558] Performed allocation for 1 agents in 107415ns
I0205 21:09:19.552104 53579776 slave.cpp:5013] Received re-registration message from executor '74b96cfc-a233-4ddc-b114-4405e73ef8c3' of framework 06fb68b6-c476-4218-8caf-2eb5eeb3d2f6-0000
I0205 21:09:19.552646 53579776 slave.cpp:5244] Cleaning up un-reregistered executors
I0205 21:09:19.552702 53579776 slave.cpp:7386] Finished recovery
I0205 21:09:19.556924 56262656 slave.cpp:1268] New master detected at master@10.0.49.4:65013
I0205 21:09:19.557090 56262656 slave.cpp:1333] Detecting new master
I0205 21:09:19.557168 56262656 task_status_update_manager.cpp:181] Pausing sending task status updates
I0205 21:09:19.557199 56262656 status_update_manager_process.hpp:379] Pausing operation status update manager
I0205 21:09:19.557219 54652928 disk.cpp:213] Updating the disk resources for container 37db7c9c-52e1-4683-9785-8e34bc1c610e to cpus(allocated: *):1.1; mem(allocated: *):160; disk(allocated: *):3
I0205 21:09:19.557453 184684544 exec.cpp:259] Executor reregistered on agent 06fb68b6-c476-4218-8caf-2eb5eeb3d2f6-S0
I0205 21:09:19.560257 55726080 slave.cpp:1360] Authenticating with master master@10.0.49.4:65013
I0205 21:09:19.560324 55726080 slave.cpp:1369] Using default CRAM-MD5 authenticatee
I0205 21:09:19.560858 187904000 executor.cpp:184] Received SUBSCRIBED event
I0205 21:09:19.560885 187904000 executor.cpp:188] Subscribed executor on Jenkinss-Mac-mini.local
I0205 21:09:19.562775 54116352 authenticatee.cpp:121] Creating new client SASL connection
I0205 21:09:19.563474 53579776 master.cpp:9902] Authenticating slave(43)@10.0.49.4:65013
I0205 21:09:19.564205 56262656 authenticator.cpp:414] Starting authentication session for crammd5-authenticatee(98)@10.0.49.4:65013
I0205 21:09:19.564751 55726080 authenticator.cpp:98] Creating new server SASL connection
I0205 21:09:19.565106 54652928 authenticatee.cpp:213] Received SASL authentication mechanisms: CRAM-MD5
I0205 21:09:19.565161 54652928 authenticatee.cpp:239] Attempting to authenticate with mechanism 'CRAM-MD5'
I0205 21:09:19.565459 57335808 authenticator.cpp:204] Received SASL authentication start
I0205 21:09:19.565558 57335808 authenticator.cpp:326] Authentication requires more steps
I0205 21:09:19.565673 53579776 authenticatee.cpp:259] Received SASL authentication step
I0205 21:09:19.565903 54116352 authenticator.cpp:232] Received SASL authentication step
I0205 21:09:19.565927 54116352 auxprop.cpp:109] Request to lookup properties for user: 'test-principal' realm: 'Jenkinss-Mac-mini.local' server FQDN: 'Jenkinss-Mac-mini.local' SASL_AUXPROP_VERIFY_AGAINST_HASH: false SASL_AUXPROP_OVERRIDE: false SASL_AUXPROP_AUTHZID: false 
I0205 21:09:19.565940 54116352 auxprop.cpp:181] Looking up auxiliary property '*userPassword'
I0205 21:09:19.565971 54116352 auxprop.cpp:181] Looking up auxiliary property '*cmusaslsecretCRAM-MD5'
I0205 21:09:19.565989 54116352 auxprop.cpp:109] Request to lookup properties for user: 'test-principal' realm: 'Jenkinss-Mac-mini.local' server FQDN: 'Jenkinss-Mac-mini.local' SASL_AUXPROP_VERIFY_AGAINST_HASH: false SASL_AUXPROP_OVERRIDE: false SASL_AUXPROP_AUTHZID: true 
I0205 21:09:19.566001 54116352 auxprop.cpp:131] Skipping auxiliary property '*userPassword' since SASL_AUXPROP_AUTHZID == true
I0205 21:09:19.566010 54116352 auxprop.cpp:131] Skipping auxiliary property '*cmusaslsecretCRAM-MD5' since SASL_AUXPROP_AUTHZID == true
I0205 21:09:19.566025 54116352 authenticator.cpp:318] Authentication success
I0205 21:09:19.566279 56262656 authenticatee.cpp:299] Authentication success
I0205 21:09:19.566370 55726080 authenticator.cpp:432] Authentication session cleanup for crammd5-authenticatee(98)@10.0.49.4:65013
I0205 21:09:19.566597 54652928 master.cpp:9934] Successfully authenticated principal 'test-principal' at slave(43)@10.0.49.4:65013
I0205 21:09:19.567034 55726080 slave.cpp:1460] Successfully authenticated with master master@10.0.49.4:65013
../../src/tests/disk_quota_tests.cpp:746: Failure
Value of: usage->has_disk_limit_bytes()
  Actual: false
Expected: true
I0205 21:09:19.575804 57335808 master.cpp:1384] Framework 06fb68b6-c476-4218-8caf-2eb5eeb3d2f6-0000 (default) at scheduler-611df321-e66d-4bb4-bbdd-7a82ec93238b@10.0.49.4:65013 disconnected
I0205 21:09:19.575875 57335808 master.cpp:3255] Deactivating framework 06fb68b6-c476-4218-8caf-2eb5eeb3d2f6-0000 (default) at scheduler-611df321-e66d-4bb4-bbdd-7a82ec93238b@10.0.49.4:65013
I0205 21:09:19.575995 57335808 master.cpp:3232] Disconnecting framework 06fb68b6-c476-4218-8caf-2eb5eeb3d2f6-0000 (default) at scheduler-611df321-e66d-4bb4-bbdd-7a82ec93238b@10.0.49.4:65013
I0205 21:09:19.576041 57335808 master.cpp:1399] Giving framework 06fb68b6-c476-4218-8caf-2eb5eeb3d2f6-0000 (default) at scheduler-611df321-e66d-4bb4-bbdd-7a82ec93238b@10.0.49.4:65013 0ns to failover
I0205 21:09:19.576092 54116352 hierarchical.cpp:419] Deactivated framework 06fb68b6-c476-4218-8caf-2eb5eeb3d2f6-0000
I0205 21:09:19.576457 56262656 master.cpp:9509] Framework failover timeout, removing framework 06fb68b6-c476-4218-8caf-2eb5eeb3d2f6-0000 (default) at scheduler-611df321-e66d-4bb4-bbdd-7a82ec93238b@10.0.49.4:65013
