I0912 05:40:15.587935 32554 master.cpp:5479] Processing ACKNOWLEDGE call b4d60b7e-a8d0-448e-aaf6-4f83dbcb642e for task 8fc99bc8-a2b6-498b-8bb2-af5d92e78cec of framework c23ff8cf-cb2f-40d0-8f18-871a41f128cf-0000 (default) at scheduler-228abf3d-36ea-4900-94a1-8b18d253716c@172.17.0.2:58922 on agent c23ff8cf-cb2f-40d0-8f18-871a41f128cf-S0
I0912 05:40:15.587941 32560 hierarchical.cpp:660] Agent c23ff8cf-cb2f-40d0-8f18-871a41f128cf-S0 (b909d5e22907) updated with total resources cpus:2; mem:1024; disk:1024; ports:[31000-32000]
I0912 05:40:15.588253 32553 status_update_manager.cpp:184] Resuming sending status updates
W0912 05:40:15.588287 32553 status_update_manager.cpp:191] Resending status update TASK_RUNNING (UUID: b4d60b7e-a8d0-448e-aaf6-4f83dbcb642e) for task 8fc99bc8-a2b6-498b-8bb2-af5d92e78cec of framework c23ff8cf-cb2f-40d0-8f18-871a41f128cf-0000
I0912 05:40:15.588327 32563 slave.cpp:3366] Updating info for framework c23ff8cf-cb2f-40d0-8f18-871a41f128cf-0000 with pid updated to scheduler-228abf3d-36ea-4900-94a1-8b18d253716c@172.17.0.2:58922
I0912 05:40:15.588326 32553 status_update_manager.cpp:377] Forwarding update TASK_RUNNING (UUID: b4d60b7e-a8d0-448e-aaf6-4f83dbcb642e) for task 8fc99bc8-a2b6-498b-8bb2-af5d92e78cec of framework c23ff8cf-cb2f-40d0-8f18-871a41f128cf-0000 to the agent
I0912 05:40:15.588404 32563 slave.cpp:7175] Checkpointing FrameworkInfo to '/tmp/SlaveTest_HTTPSchedulerSlaveRestart_68fE8V/meta/slaves/c23ff8cf-cb2f-40d0-8f18-871a41f128cf-S0/frameworks/c23ff8cf-cb2f-40d0-8f18-871a41f128cf-0000/framework.info'
I0912 05:40:15.588801 32563 slave.cpp:7186] Checkpointing framework pid 'scheduler-228abf3d-36ea-4900-94a1-8b18d253716c@172.17.0.2:58922' to '/tmp/SlaveTest_HTTPSchedulerSlaveRestart_68fE8V/meta/slaves/c23ff8cf-cb2f-40d0-8f18-871a41f128cf-S0/frameworks/c23ff8cf-cb2f-40d0-8f18-871a41f128cf-0000/framework.pid'
I0912 05:40:15.589190 32563 slave.cpp:3430] Ignoring new checkpointed resources identical to the current version: {}
I0912 05:40:15.589197 32552 status_update_manager.cpp:184] Resuming sending status updates
W0912 05:40:15.589220 32552 status_update_manager.cpp:191] Resending status update TASK_RUNNING (UUID: b4d60b7e-a8d0-448e-aaf6-4f83dbcb642e) for task 8fc99bc8-a2b6-498b-8bb2-af5d92e78cec of framework c23ff8cf-cb2f-40d0-8f18-871a41f128cf-0000
I0912 05:40:15.589243 32552 status_update_manager.cpp:377] Forwarding update TASK_RUNNING (UUID: b4d60b7e-a8d0-448e-aaf6-4f83dbcb642e) for task 8fc99bc8-a2b6-498b-8bb2-af5d92e78cec of framework c23ff8cf-cb2f-40d0-8f18-871a41f128cf-0000 to the agent
I0912 05:40:15.589283 32563 slave.cpp:4948] Sending message for framework c23ff8cf-cb2f-40d0-8f18-871a41f128cf-0000 to scheduler-228abf3d-36ea-4900-94a1-8b18d253716c@172.17.0.2:58922
I0912 05:40:15.589493 32548 sched.cpp:1177] Scheduler::frameworkMessage took 29470ns
I0912 05:40:15.589572 32551 status_update_manager.cpp:395] Received status update acknowledgement (UUID: b4d60b7e-a8d0-448e-aaf6-4f83dbcb642e) for task 8fc99bc8-a2b6-498b-8bb2-af5d92e78cec of framework c23ff8cf-cb2f-40d0-8f18-871a41f128cf-0000
I0912 05:40:15.589622 32563 slave.cpp:4880] Forwarding the update TASK_RUNNING (UUID: b4d60b7e-a8d0-448e-aaf6-4f83dbcb642e) for task 8fc99bc8-a2b6-498b-8bb2-af5d92e78cec of framework c23ff8cf-cb2f-40d0-8f18-871a41f128cf-0000 to master@172.17.0.2:58922
I0912 05:40:15.589694 32551 status_update_manager.cpp:834] Checkpointing ACK for status update TASK_RUNNING (UUID: b4d60b7e-a8d0-448e-aaf6-4f83dbcb642e) for task 8fc99bc8-a2b6-498b-8bb2-af5d92e78cec of framework c23ff8cf-cb2f-40d0-8f18-871a41f128cf-0000
I0912 05:40:15.589879 32563 slave.cpp:4880] Forwarding the update TASK_RUNNING (UUID: b4d60b7e-a8d0-448e-aaf6-4f83dbcb642e) for task 8fc99bc8-a2b6-498b-8bb2-af5d92e78cec of framework c23ff8cf-cb2f-40d0-8f18-871a41f128cf-0000 to master@172.17.0.2:58922
I0912 05:40:15.589992 32555 master.cpp:6841] Status update TASK_RUNNING (UUID: b4d60b7e-a8d0-448e-aaf6-4f83dbcb642e) for task 8fc99bc8-a2b6-498b-8bb2-af5d92e78cec of framework c23ff8cf-cb2f-40d0-8f18-871a41f128cf-0000 from agent c23ff8cf-cb2f-40d0-8f18-871a41f128cf-S0 at slave(199)@172.17.0.2:58922 (b909d5e22907)
I0912 05:40:15.590051 32563 slave.cpp:3663] Status update manager successfully handled status update acknowledgement (UUID: b4d60b7e-a8d0-448e-aaf6-4f83dbcb642e) for task 8fc99bc8-a2b6-498b-8bb2-af5d92e78cec of framework c23ff8cf-cb2f-40d0-8f18-871a41f128cf-0000
I0912 05:40:15.590047 32555 master.cpp:6903] Forwarding status update TASK_RUNNING (UUID: b4d60b7e-a8d0-448e-aaf6-4f83dbcb642e) for task 8fc99bc8-a2b6-498b-8bb2-af5d92e78cec of framework c23ff8cf-cb2f-40d0-8f18-871a41f128cf-0000
I0912 05:40:15.590234 32555 master.cpp:8928] Updating the state of task 8fc99bc8-a2b6-498b-8bb2-af5d92e78cec of framework c23ff8cf-cb2f-40d0-8f18-871a41f128cf-0000 (latest state: TASK_RUNNING, status update state: TASK_RUNNING)
I0912 05:40:15.590378 32559 sched.cpp:1041] Scheduler::statusUpdate took 14489ns
I0912 05:40:15.590432 32555 master.cpp:6841] Status update TASK_RUNNING (UUID: b4d60b7e-a8d0-448e-aaf6-4f83dbcb642e) for task 8fc99bc8-a2b6-498b-8bb2-af5d92e78cec of framework c23ff8cf-cb2f-40d0-8f18-871a41f128cf-0000 from agent c23ff8cf-cb2f-40d0-8f18-871a41f128cf-S0 at slave(199)@172.17.0.2:58922 (b909d5e22907)
I0912 05:40:15.590487 32555 master.cpp:6903] Forwarding status update TASK_RUNNING (UUID: b4d60b7e-a8d0-448e-aaf6-4f83dbcb642e) for task 8fc99bc8-a2b6-498b-8bb2-af5d92e78cec of framework c23ff8cf-cb2f-40d0-8f18-871a41f128cf-0000
I0912 05:40:15.590644 32555 master.cpp:8928] Updating the state of task 8fc99bc8-a2b6-498b-8bb2-af5d92e78cec of framework c23ff8cf-cb2f-40d0-8f18-871a41f128cf-0000 (latest state: TASK_RUNNING, status update state: TASK_RUNNING)
I0912 05:40:15.590761 32556 sched.cpp:1041] Scheduler::statusUpdate took 13603ns
I0912 05:40:15.590807 32555 master.cpp:5479] Processing ACKNOWLEDGE call b4d60b7e-a8d0-448e-aaf6-4f83dbcb642e for task 8fc99bc8-a2b6-498b-8bb2-af5d92e78cec of framework c23ff8cf-cb2f-40d0-8f18-871a41f128cf-0000 (default) at scheduler-228abf3d-36ea-4900-94a1-8b18d253716c@172.17.0.2:58922 on agent c23ff8cf-cb2f-40d0-8f18-871a41f128cf-S0
I0912 05:40:15.591056 32555 master.cpp:5479] Processing ACKNOWLEDGE call b4d60b7e-a8d0-448e-aaf6-4f83dbcb642e for task 8fc99bc8-a2b6-498b-8bb2-af5d92e78cec of framework c23ff8cf-cb2f-40d0-8f18-871a41f128cf-0000 (default) at scheduler-228abf3d-36ea-4900-94a1-8b18d253716c@172.17.0.2:58922 on agent c23ff8cf-cb2f-40d0-8f18-871a41f128cf-S0
I0912 05:40:15.591071 32562 status_update_manager.cpp:395] Received status update acknowledgement (UUID: b4d60b7e-a8d0-448e-aaf6-4f83dbcb642e) for task 8fc99bc8-a2b6-498b-8bb2-af5d92e78cec of framework c23ff8cf-cb2f-40d0-8f18-871a41f128cf-0000
I0912 05:40:15.591341 32550 status_update_manager.cpp:395] Received status update acknowledgement (UUID: b4d60b7e-a8d0-448e-aaf6-4f83dbcb642e) for task 8fc99bc8-a2b6-498b-8bb2-af5d92e78cec of framework c23ff8cf-cb2f-40d0-8f18-871a41f128cf-0000
E0912 05:40:15.591368 32561 slave.cpp:3656] Failed to handle status update acknowledgement (UUID: b4d60b7e-a8d0-448e-aaf6-4f83dbcb642e) for task 8fc99bc8-a2b6-498b-8bb2-af5d92e78cec of framework c23ff8cf-cb2f-40d0-8f18-871a41f128cf-0000: Unexpected status update acknowledgment (UUID: b4d60b7e-a8d0-448e-aaf6-4f83dbcb642e) for task 8fc99bc8-a2b6-498b-8bb2-af5d92e78cec of framework c23ff8cf-cb2f-40d0-8f18-871a41f128cf-0000
E0912 05:40:15.591498 32549 slave.cpp:3656] Failed to handle status update acknowledgement (UUID: b4d60b7e-a8d0-448e-aaf6-4f83dbcb642e) for task 8fc99bc8-a2b6-498b-8bb2-af5d92e78cec of framework c23ff8cf-cb2f-40d0-8f18-871a41f128cf-0000: Unexpected status update acknowledgment (UUID: b4d60b7e-a8d0-448e-aaf6-4f83dbcb642e) for task 8fc99bc8-a2b6-498b-8bb2-af5d92e78cec of framework c23ff8cf-cb2f-40d0-8f18-871a41f128cf-0000
I0912 05:40:15.669543 32554 containerizer.cpp:2612] Container 69e9c3b3-65c9-4c04-b38d-ef2266c2cdf5 has exited
I0912 05:40:15.671640 32560 provisioner.cpp:490] Ignoring destroy request for unknown container 69e9c3b3-65c9-4c04-b38d-ef2266c2cdf5
I0912 05:40:15.672369 32563 slave.cpp:5412] Executor '8fc99bc8-a2b6-498b-8bb2-af5d92e78cec' of framework c23ff8cf-cb2f-40d0-8f18-871a41f128cf-0000 terminated with signal Killed
I0912 05:40:15.672497 32563 slave.cpp:4399] Handling status update TASK_LOST (UUID: 1bc4622e-9dd3-49ef-9bfd-a875fb36bcd9) for task 8fc99bc8-a2b6-498b-8bb2-af5d92e78cec of framework c23ff8cf-cb2f-40d0-8f18-871a41f128cf-0000 from @0.0.0.0:0
W0912 05:40:15.673275 32550 containerizer.cpp:1976] Ignoring update for unknown container 69e9c3b3-65c9-4c04-b38d-ef2266c2cdf5
I0912 05:40:15.673615 32557 status_update_manager.cpp:323] Received status update TASK_LOST (UUID: 1bc4622e-9dd3-49ef-9bfd-a875fb36bcd9) for task 8fc99bc8-a2b6-498b-8bb2-af5d92e78cec of framework c23ff8cf-cb2f-40d0-8f18-871a41f128cf-0000
I0912 05:40:15.673672 32557 status_update_manager.cpp:834] Checkpointing UPDATE for status update TASK_LOST (UUID: 1bc4622e-9dd3-49ef-9bfd-a875fb36bcd9) for task 8fc99bc8-a2b6-498b-8bb2-af5d92e78cec of framework c23ff8cf-cb2f-40d0-8f18-871a41f128cf-0000
I0912 05:40:15.673820 32557 status_update_manager.cpp:377] Forwarding update TASK_LOST (UUID: 1bc4622e-9dd3-49ef-9bfd-a875fb36bcd9) for task 8fc99bc8-a2b6-498b-8bb2-af5d92e78cec of framework c23ff8cf-cb2f-40d0-8f18-871a41f128cf-0000 to the agent
I0912 05:40:15.674010 32552 slave.cpp:4880] Forwarding the update TASK_LOST (UUID: 1bc4622e-9dd3-49ef-9bfd-a875fb36bcd9) for task 8fc99bc8-a2b6-498b-8bb2-af5d92e78cec of framework c23ff8cf-cb2f-40d0-8f18-871a41f128cf-0000 to master@172.17.0.2:58922
I0912 05:40:15.674181 32552 slave.cpp:4774] Status update manager successfully handled status update TASK_LOST (UUID: 1bc4622e-9dd3-49ef-9bfd-a875fb36bcd9) for task 8fc99bc8-a2b6-498b-8bb2-af5d92e78cec of framework c23ff8cf-cb2f-40d0-8f18-871a41f128cf-0000
I0912 05:40:15.674340 32549 master.cpp:6841] Status update TASK_LOST (UUID: 1bc4622e-9dd3-49ef-9bfd-a875fb36bcd9) for task 8fc99bc8-a2b6-498b-8bb2-af5d92e78cec of framework c23ff8cf-cb2f-40d0-8f18-871a41f128cf-0000 from agent c23ff8cf-cb2f-40d0-8f18-871a41f128cf-S0 at slave(199)@172.17.0.2:58922 (b909d5e22907)
I0912 05:40:15.674394 32549 master.cpp:6903] Forwarding status update TASK_LOST (UUID: 1bc4622e-9dd3-49ef-9bfd-a875fb36bcd9) for task 8fc99bc8-a2b6-498b-8bb2-af5d92e78cec of framework c23ff8cf-cb2f-40d0-8f18-871a41f128cf-0000
I0912 05:40:15.674536 32549 master.cpp:8928] Updating the state of task 8fc99bc8-a2b6-498b-8bb2-af5d92e78cec of framework c23ff8cf-cb2f-40d0-8f18-871a41f128cf-0000 (latest state: TASK_LOST, status update state: TASK_LOST)
I0912 05:40:15.674707 32553 sched.cpp:1041] Scheduler::statusUpdate took 23659ns
I0912 05:40:15.675499 32549 master.cpp:5479] Processing ACKNOWLEDGE call 1bc4622e-9dd3-49ef-9bfd-a875fb36bcd9 for task 8fc99bc8-a2b6-498b-8bb2-af5d92e78cec of framework c23ff8cf-cb2f-40d0-8f18-871a41f128cf-0000 (default) at scheduler-228abf3d-36ea-4900-94a1-8b18d253716c@172.17.0.2:58922 on agent c23ff8cf-cb2f-40d0-8f18-871a41f128cf-S0
I0912 05:40:15.675812 32548 hierarchical.cpp:1152] Recovered cpus(allocated: *):2; mem(allocated: *):1024; disk(allocated: *):1024; ports(allocated: *):[31000-32000] (total: cpus:2; mem:1024; disk:1024; ports:[31000-32000], allocated: {}) on agent c23ff8cf-cb2f-40d0-8f18-871a41f128cf-S0 from framework c23ff8cf-cb2f-40d0-8f18-871a41f128cf-0000
I0912 05:40:15.675567 32549 master.cpp:9022] Removing task 8fc99bc8-a2b6-498b-8bb2-af5d92e78cec with resources [{"allocation_info":{"role":"*"},"name":"cpus","scalar":{"value":2.0},"type":"SCALAR"},{"allocation_info":{"role":"*"},"name":"mem","scalar":{"value":1024.0},"type":"SCALAR"},{"allocation_info":{"role":"*"},"name":"disk","scalar":{"value":1024.0},"type":"SCALAR"},{"allocation_info":{"role":"*"},"name":"ports","ranges":{"range":[{"begin":31000,"end":32000}]},"type":"RANGES"}] of framework c23ff8cf-cb2f-40d0-8f18-871a41f128cf-0000 on agent c23ff8cf-cb2f-40d0-8f18-871a41f128cf-S0 at slave(199)@172.17.0.2:58922 (b909d5e22907)
I0912 05:40:15.676257 32560 status_update_manager.cpp:395] Received status update acknowledgement (UUID: 1bc4622e-9dd3-49ef-9bfd-a875fb36bcd9) for task 8fc99bc8-a2b6-498b-8bb2-af5d92e78cec of framework c23ff8cf-cb2f-40d0-8f18-871a41f128cf-0000
I0912 05:40:15.676344 32560 status_update_manager.cpp:834] Checkpointing ACK for status update TASK_LOST (UUID: 1bc4622e-9dd3-49ef-9bfd-a875fb36bcd9) for task 8fc99bc8-a2b6-498b-8bb2-af5d92e78cec of framework c23ff8cf-cb2f-40d0-8f18-871a41f128cf-0000
I0912 05:40:15.676432 32560 status_update_manager.cpp:531] Cleaning up status update stream for task 8fc99bc8-a2b6-498b-8bb2-af5d92e78cec of framework c23ff8cf-cb2f-40d0-8f18-871a41f128cf-0000
I0912 05:40:15.676857 32558 slave.cpp:3663] Status update manager successfully handled status update acknowledgement (UUID: 1bc4622e-9dd3-49ef-9bfd-a875fb36bcd9) for task 8fc99bc8-a2b6-498b-8bb2-af5d92e78cec of framework c23ff8cf-cb2f-40d0-8f18-871a41f128cf-0000
I0912 05:40:15.676908 32558 slave.cpp:7738] Completing task 8fc99bc8-a2b6-498b-8bb2-af5d92e78cec
I0912 05:40:15.676949 32558 slave.cpp:5516] Cleaning up executor '8fc99bc8-a2b6-498b-8bb2-af5d92e78cec' of framework c23ff8cf-cb2f-40d0-8f18-871a41f128cf-0000 at executor(1)@172.17.0.2:33722
I0912 05:40:15.677388 32555 gc.cpp:59] Scheduling '/tmp/SlaveTest_HTTPSchedulerSlaveRestart_68fE8V/slaves/c23ff8cf-cb2f-40d0-8f18-871a41f128cf-S0/frameworks/c23ff8cf-cb2f-40d0-8f18-871a41f128cf-0000/executors/8fc99bc8-a2b6-498b-8bb2-af5d92e78cec/runs/69e9c3b3-65c9-4c04-b38d-ef2266c2cdf5' for gc 6.99999216112296days in the future
I0912 05:40:15.677546 32555 gc.cpp:59] Scheduling '/tmp/SlaveTest_HTTPSchedulerSlaveRestart_68fE8V/slaves/c23ff8cf-cb2f-40d0-8f18-871a41f128cf-S0/frameworks/c23ff8cf-cb2f-40d0-8f18-871a41f128cf-0000/executors/8fc99bc8-a2b6-498b-8bb2-af5d92e78cec' for gc 6.99999215893333days in the future
I0912 05:40:15.677711 32555 gc.cpp:59] Scheduling '/tmp/SlaveTest_HTTPSchedulerSlaveRestart_68fE8V/meta/slaves/c23ff8cf-cb2f-40d0-8f18-871a41f128cf-S0/frameworks/c23ff8cf-cb2f-40d0-8f18-871a41f128cf-0000/executors/8fc99bc8-a2b6-498b-8bb2-af5d92e78cec/runs/69e9c3b3-65c9-4c04-b38d-ef2266c2cdf5' for gc 6.99999215732444days in the future
I0912 05:40:15.677775 32558 slave.cpp:5612] Cleaning up framework c23ff8cf-cb2f-40d0-8f18-871a41f128cf-0000
I0912 05:40:15.677812 32555 gc.cpp:59] Scheduling '/tmp/SlaveTest_HTTPSchedulerSlaveRestart_68fE8V/meta/slaves/c23ff8cf-cb2f-40d0-8f18-871a41f128cf-S0/frameworks/c23ff8cf-cb2f-40d0-8f18-871a41f128cf-0000/executors/8fc99bc8-a2b6-498b-8bb2-af5d92e78cec' for gc 6.99999215597333days in the future
I0912 05:40:15.677863 32559 status_update_manager.cpp:285] Closing status update streams for framework c23ff8cf-cb2f-40d0-8f18-871a41f128cf-0000
I0912 05:40:15.677960 32555 gc.cpp:59] Scheduling '/tmp/SlaveTest_HTTPSchedulerSlaveRestart_68fE8V/slaves/c23ff8cf-cb2f-40d0-8f18-871a41f128cf-S0/frameworks/c23ff8cf-cb2f-40d0-8f18-871a41f128cf-0000' for gc 6.99999215403852days in the future
I0912 05:40:15.678086 32555 gc.cpp:59] Scheduling '/tmp/SlaveTest_HTTPSchedulerSlaveRestart_68fE8V/meta/slaves/c23ff8cf-cb2f-40d0-8f18-871a41f128cf-S0/frameworks/c23ff8cf-cb2:
f-40d0-8f18-871a41f128cf-0000' for gc 6.99999215262519days in the future
I0912 05:40:16.571491 32549 hierarchical.cpp:2015] No inverse offers to send out!
I0912 05:40:16.571547 32549 hierarchical.cpp:1468] Performed allocation for 1 agents in 1.096296ms
I0912 05:40:16.572053 32554 master.cpp:7662] Sending 1 offers to framework c23ff8cf-cb2f-40d0-8f18-871a41f128cf-0000 (default) at scheduler-228abf3d-36ea-4900-94a1-8b18d253716c@172.17.0.2:58922
I0912 05:40:16.572510 32560 sched.cpp:933] Scheduler::resourceOffers took 24477ns
I0912 05:40:17.573107 32562 hierarchical.cpp:1925] No allocations performed
I0912 05:40:17.573153 32562 hierarchical.cpp:2015] No inverse offers to send out!
I0912 05:40:17.573195 32562 hierarchical.cpp:1468] Performed allocation for 1 agents in 211498ns
I0912 05:40:18.574553 32548 hierarchical.cpp:1925] No allocations performed
I0912 05:40:18.574599 32548 hierarchical.cpp:2015] No inverse offers to send out!
I0912 05:40:18.574641 32548 hierarchical.cpp:1468] Performed allocation for 1 agents in 180072ns
I0912 05:40:19.576134 32562 hierarchical.cpp:1925] No allocations performed
I0912 05:40:19.576189 32562 hierarchical.cpp:2015] No inverse offers to send out!
I0912 05:40:19.576248 32562 hierarchical.cpp:1468] Performed allocation for 1 agents in 203826ns
I0912 05:40:20.576812 32555 hierarchical.cpp:1925] No allocations performed
I0912 05:40:20.576858 32555 hierarchical.cpp:2015] No inverse offers to send out!
I0912 05:40:20.576900 32555 hierarchical.cpp:1468] Performed allocation for 1 agents in 180929ns
I0912 05:40:21.577955 32560 hierarchical.cpp:1925] No allocations performed
I0912 05:40:21.578001 32560 hierarchical.cpp:2015] No inverse offers to send out!
I0912 05:40:21.578043 32560 hierarchical.cpp:1468] Performed allocation for 1 agents in 181224ns
I0912 05:40:22.579715 32553 hierarchical.cpp:1925] No allocations performed
I0912 05:40:22.579761 32553 hierarchical.cpp:2015] No inverse offers to send out!
I0912 05:40:22.579803 32553 hierarchical.cpp:1468] Performed allocation for 1 agents in 186117ns
I0912 05:40:23.581313 32561 hierarchical.cpp:1925] No allocations performed
I0912 05:40:23.581360 32561 hierarchical.cpp:2015] No inverse offers to send out!
I0912 05:40:23.581403 32561 hierarchical.cpp:1468] Performed allocation for 1 agents in 191563ns
I0912 05:40:24.582953 32559 hierarchical.cpp:1925] No allocations performed
I0912 05:40:24.583000 32559 hierarchical.cpp:2015] No inverse offers to send out!
I0912 05:40:24.583042 32559 hierarchical.cpp:1468] Performed allocation for 1 agents in 180449ns
I0912 05:40:25.584481 32551 hierarchical.cpp:1925] No allocations performed
I0912 05:40:25.584528 32551 hierarchical.cpp:2015] No inverse offers to send out!
I0912 05:40:25.584570 32551 hierarchical.cpp:1468] Performed allocation for 1 agents in 186677ns
I0912 05:40:26.585813 32552 hierarchical.cpp:1925] No allocations performed
I0912 05:40:26.585860 32552 hierarchical.cpp:2015] No inverse offers to send out!
I0912 05:40:26.585903 32552 hierarchical.cpp:1468] Performed allocation for 1 agents in 204077ns
I0912 05:40:27.586802 32556 hierarchical.cpp:1925] No allocations performed
I0912 05:40:27.586848 32556 hierarchical.cpp:2015] No inverse offers to send out!
I0912 05:40:27.586890 32556 hierarchical.cpp:1468] Performed allocation for 1 agents in 189229ns
I0912 05:40:28.588395 32559 hierarchical.cpp:1925] No allocations performed
I0912 05:40:28.588441 32559 hierarchical.cpp:2015] No inverse offers to send out!
I0912 05:40:28.588484 32559 hierarchical.cpp:1468] Performed allocation for 1 agents in 178527ns
I0912 05:40:29.590046 32551 hierarchical.cpp:1925] No allocations performed
I0912 05:40:29.590092 32551 hierarchical.cpp:2015] No inverse offers to send out!
I0912 05:40:29.590134 32551 hierarchical.cpp:1468] Performed allocation for 1 agents in 179207ns
I0912 05:40:30.574189 32550 slave.cpp:6477] Querying resource estimator for oversubscribable resources
I0912 05:40:30.574484 32557 slave.cpp:6491] Received oversubscribable resources {} from the resource estimator
/mesos/src/tests/slave_tests.cpp:5501: Failure
Failed to wait 15secs for executorToFrameworkMessage1
I0912 05:40:30.590958 32549 master.cpp:1432] Framework c23ff8cf-cb2f-40d0-8f18-871a41f128cf-0000 (default) at scheduler-228abf3d-36ea-4900-94a1-8b18d253716c@172.17.0.2:58922 disconnected
I0912 05:40:30.591058 32549 master.cpp:3264] Deactivating framework c23ff8cf-cb2f-40d0-8f18-871a41f128cf-0000 (default) at scheduler-228abf3d-36ea-4900-94a1-8b18d253716c@172.17.0.2:58922
I0912 05:40:30.591497 32555 hierarchical.cpp:412] Deactivated framework c23ff8cf-cb2f-40d0-8f18-871a41f128cf-0000
I0912 05:40:30.591819 32555 hierarchical.cpp:1925] No allocations performed
I0912 05:40:30.591877 32555 hierarchical.cpp:2015] No inverse offers to send out!
I0912 05:40:30.592000 32555 hierarchical.cpp:1468] Performed allocation for 1 agents in 359046ns
I0912 05:40:30.592222 32549 master.cpp:9159] Removing offer c23ff8cf-cb2f-40d0-8f18-871a41f128cf-O1
I0912 05:40:30.592332 32549 master.cpp:3241] Disconnecting framework c23ff8cf-cb2f-40d0-8f18-871a41f128cf-0000 (default) at scheduler-228abf3d-36ea-4900-94a1-8b18d253716c@172.17.0.2:58922
I0912 05:40:30.592635 32549 master.cpp:1447] Giving framework c23ff8cf-cb2f-40d0-8f18-871a41f128cf-0000 (default) at scheduler-228abf3d-36ea-4900-94a1-8b18d253716c@172.17.0.2:58922 0ns to failover
I0912 05:40:30.593114 32562 slave.cpp:843] Agent terminating
I0912 05:40:30.593736 32555 hierarchical.cpp:1152] Recovered cpus(allocated: *):2; mem(allocated: *):1024; disk(allocated: *):1024; ports(allocated: *):[31000-32000] (total: cpus:2; mem:1024; disk:1024; ports:[31000-32000], allocated: {}) on agent c23ff8cf-cb2f-40d0-8f18-871a41f128cf-S0 from framework c23ff8cf-cb2f-40d0-8f18-871a41f128cf-0000
I0912 05:40:30.594408 32560 master.cpp:7494] Framework failover timeout, removing framework c23ff8cf-cb2f-40d0-8f18-871a41f128cf-0000 (default) at scheduler-228abf3d-36ea-4900-94a1-8b18d253716c@172.17.0.2:58922
I0912 05:40:30.594449 32560 master.cpp:8355] Removing framework c23ff8cf-cb2f-40d0-8f18-871a41f128cf-0000 (default) at scheduler-228abf3d-36ea-4900-94a1-8b18d253716c@172.17.0.2:58922
I0912 05:40:30.595404 32548 hierarchical.cpp:355] Removed framework c23ff8cf-cb2f-40d0-8f18-871a41f128cf-0000
I0912 05:40:30.600559 32547 master.cpp:1160] Master terminating
I0912 05:40:30.601553 32559 hierarchical.cpp:626] Removed agent c23ff8cf-cb2f-40d0-8f18-871a41f128cf-S0
/mesos/3rdparty/libprocess/include/process/gmock.hpp:467: Failure
Actual function call count doesn't match EXPECT_CALL(filter->mock, filter(testing::A<const MessageEvent&>()))...
    Expected args: message matcher (8-byte object <48-04 06-D4 37-2B 00-00>, 1, 1)
         Expected: to be called once
           Actual: never called - unsatisfied and active
/mesos/3rdparty/libprocess/include/process/gmock.hpp:467: Failure
Actual function call count doesn't match EXPECT_CALL(filter->mock, filter(testing::A<const MessageEvent&>()))...
    Expected args: message matcher (8-byte object <48-04 06-D4 37-2B 00-00>, 1, 1-byte object <28>)
         Expected: to be called once
           Actual: never called - unsatisfied and active
[  FAILED  ] SlaveTest.HTTPSchedulerSlaveRestart (15325 ms)
{code}