I1117 15:30:15.754312 72626 credentials.hpp:85] Loading credential for authentication from '/tmp/DockerContainerizerTest_ROOT_DOCKER_Launch_Executor_Dl9Yqf/credential'
I1117 15:30:15.754617 72626 slave.cpp:322] Slave using credential for: test-principal
I1117 15:30:15.754741 72626 process.cpp:2426] Spawned process (14)@192.168.178.39:38758
I1117 15:30:15.754870 72626 process.cpp:2426] Spawned process (15)@192.168.178.39:38758
I1117 15:30:15.754976 72626 resources.cpp:474] Parsing resources as JSON failed: cpus:2;mem:1024;disk:1024;ports:[31000-32000]
Trying semicolon-delimited string format instead
I1117 15:30:15.754878 72627 process.cpp:2436] Resuming (15)@192.168.178.39:38758 at 2015-11-17 23:30:15.754865920+00:00
I1117 15:30:15.755746 72611 process.cpp:2426] Spawned process version@192.168.178.39:38758
I1117 15:30:15.755813 72629 process.cpp:2436] Resuming __gc__@192.168.178.39:38758 at 2015-11-17 23:30:15.755796992+00:00
I1117 15:30:15.755857 72632 process.cpp:2436] Resuming __latch__(7)@192.168.178.39:38758 at 2015-11-17 23:30:15.755848960+00:00
I1117 15:30:15.755853 72630 process.cpp:2436] Resuming version@192.168.178.39:38758 at 2015-11-17 23:30:15.755836928+00:00
I1117 15:30:15.755821 72611 process.cpp:2426] Spawned process __latch__(7)@192.168.178.39:38758
I1117 15:30:15.756019 72629 process.cpp:2436] Resuming help@192.168.178.39:38758 at 2015-11-17 23:30:15.756011008+00:00
I1117 15:30:15.756093 72626 slave.cpp:392] Slave resources: cpus(*):2; mem(*):1024; disk(*):1024; ports(*):[31000-32000]
I1117 15:30:15.756193 72626 slave.cpp:400] Slave attributes: [  ]
I1117 15:30:15.756227 72626 slave.cpp:405] Slave hostname: ubuntu
I1117 15:30:15.756263 72626 slave.cpp:410] Slave checkpoint: true
I1117 15:30:15.756284 72611 pid.cpp:93] Attempting to parse 'master@192.168.178.39:38758' into a PID
I1117 15:30:15.754770 72625 process.cpp:2436] Resuming (14)@192.168.178.39:38758 at 2015-11-17 23:30:15.754764032+00:00
I1117 15:30:15.756469 72625 process.cpp:2436] Resuming (13)@192.168.178.39:38758 at 2015-11-17 23:30:15.756460800+00:00
I1117 15:30:15.756512 72611 process.cpp:2426] Spawned process standalone-master-detector(3)@192.168.178.39:38758
I1117 15:30:15.757171 72611 sched.cpp:166] Version: 0.26.0
I1117 15:30:15.757254 72632 process.cpp:2436] Resuming metrics@192.168.178.39:38758 at 2015-11-17 23:30:15.757245184+00:00
I1117 15:30:15.757488 72611 process.cpp:2426] Spawned process scheduler-f9434d44-b195-4616-b105-c4b2c58d5cd9@192.168.178.39:38758
I1117 15:30:15.757555 72631 process.cpp:2436] Resuming scheduler-f9434d44-b195-4616-b105-c4b2c58d5cd9@192.168.178.39:38758 at 2015-11-17 23:30:15.757543936+00:00
I1117 15:30:15.757624 72611 process.cpp:2426] Spawned process __latch__(8)@192.168.178.39:38758
I1117 15:30:15.757716 72611 process.cpp:2426] Spawned process __waiter__(3)@192.168.178.39:38758
I1117 15:30:15.757799 72611 process.cpp:2734] Donating thread to __waiter__(3)@192.168.178.39:38758 while waiting
I1117 15:30:15.757836 72611 process.cpp:2436] Resuming __waiter__(3)@192.168.178.39:38758 at 2015-11-17 23:30:15.757831168+00:00
I1117 15:30:15.757846 72629 process.cpp:2436] Resuming __latch__(8)@192.168.178.39:38758 at 2015-11-17 23:30:15.757837056+00:00
I1117 15:30:15.757659 72630 process.cpp:2436] Resuming __gc__@192.168.178.39:38758 at 2015-11-17 23:30:15.757651968+00:00
I1117 15:30:15.758010 72629 process.cpp:2436] Resuming help@192.168.178.39:38758 at 2015-11-17 23:30:15.758001920+00:00
I1117 15:30:15.756546 72625 process.cpp:2436] Resuming standalone-master-detector(3)@192.168.178.39:38758 at 2015-11-17 23:30:15.756540928+00:00
I1117 15:30:15.758456 72625 process.cpp:2436] Resuming scheduler-f9434d44-b195-4616-b105-c4b2c58d5cd9@192.168.178.39:38758 at 2015-11-17 23:30:15.758449152+00:00
I1117 15:30:15.758512 72625 sched.cpp:264] New master detected at master@192.168.178.39:38758
I1117 15:30:15.758528 72625 pid.cpp:93] Attempting to parse 'master@192.168.178.39:38758' into a PID
I1117 15:30:15.758668 72625 sched.cpp:320] Authenticating with master master@192.168.178.39:38758
I1117 15:30:15.758752 72625 sched.cpp:327] Using default CRAM-MD5 authenticatee
I1117 15:30:15.758798 72625 pid.cpp:93] Attempting to parse 'master@192.168.178.39:38758' into a PID
I1117 15:30:15.758967 72625 process.cpp:2426] Spawned process crammd5_authenticatee(1)@192.168.178.39:38758
I1117 15:30:15.759006 72630 process.cpp:2436] Resuming crammd5_authenticatee(1)@192.168.178.39:38758 at 2015-11-17 23:30:15.758999040+00:00
I1117 15:30:15.759260 72630 authenticatee.cpp:99] Initializing client SASL
I1117 15:30:15.759240 72625 process.cpp:2436] Resuming standalone-master-detector(3)@192.168.178.39:38758 at 2015-11-17 23:30:15.759229952+00:00
I1117 15:30:15.759472 72625 process.cpp:2436] Resuming __gc__@192.168.178.39:38758 at 2015-11-17 23:30:15.759454976+00:00
I1117 15:30:15.759531 72626 process.cpp:2426] Spawned process __async_executor__(1)@192.168.178.39:38758
I1117 15:30:15.759575 72631 process.cpp:2436] Resuming __async_executor__(1)@192.168.178.39:38758 at 2015-11-17 23:30:15.759567872+00:00
I1117 15:30:15.759588 72630 authenticatee.cpp:123] Creating new client SASL connection
I1117 15:30:15.759894 72627 process.cpp:2436] Resuming __async_executor__(1)@192.168.178.39:38758 at 2015-11-17 23:30:15.759887104+00:00
I1117 15:30:15.759984 72627 state.cpp:54] Recovering state from '/tmp/DockerContainerizerTest_ROOT_DOCKER_Launch_Executor_Dl9Yqf/meta'
I1117 15:30:15.760203 72627 process.cpp:2541] Cleaning up __async_executor__(1)@192.168.178.39:38758
I1117 15:30:15.760254 72630 process.cpp:2436] Resuming master@192.168.178.39:38758 at 2015-11-17 23:30:15.760241920+00:00
I1117 15:30:15.760313 72627 process.cpp:2436] Resuming __gc__@192.168.178.39:38758 at 2015-11-17 23:30:15.760307968+00:00
I1117 15:30:15.760363 72630 pid.cpp:93] Attempting to parse 'scheduler-f9434d44-b195-4616-b105-c4b2c58d5cd9@192.168.178.39:38758' into a PID
I1117 15:30:15.760501 72630 master.cpp:5150] Authenticating scheduler-f9434d44-b195-4616-b105-c4b2c58d5cd9@192.168.178.39:38758
I1117 15:30:15.760679 72627 process.cpp:2436] Resuming crammd5_authenticator(1)@192.168.178.39:38758 at 2015-11-17 23:30:15.760673024+00:00
I1117 15:30:15.760741 72627 authenticator.cpp:415] Starting authentication session for crammd5_authenticatee(1)@192.168.178.39:38758
I1117 15:30:15.760809 72627 process.cpp:2426] Spawned process crammd5_authenticator_session(1)@192.168.178.39:38758
I1117 15:30:15.760831 72626 process.cpp:2436] Resuming (13)@192.168.178.39:38758 at 2015-11-17 23:30:15.760824064+00:00
I1117 15:30:15.760902 72626 status_update_manager.cpp:202] Recovering status update manager
I1117 15:30:15.760972 72630 process.cpp:2436] Resuming crammd5_authenticator_session(1)@192.168.178.39:38758 at 2015-11-17 23:30:15.760966912+00:00
I1117 15:30:15.761025 72626 process.cpp:2436] Resuming slave(1)@192.168.178.39:38758 at 2015-11-17 23:30:15.761019904+00:00
I1117 15:30:15.761152 72630 authenticator.cpp:100] Creating new server SASL connection
I1117 15:30:15.761231 72626 process.cpp:2436] Resuming (11)@192.168.178.39:38758 at 2015-11-17 23:30:15.761224960+00:00
I1117 15:30:15.761298 72626 docker.cpp:536] Recovering Docker containers
I1117 15:30:15.761379 72626 process.cpp:2436] Resuming slave(1)@192.168.178.39:38758 at 2015-11-17 23:30:15.761373952+00:00
I1117 15:30:15.761411 72629 process.cpp:2436] Resuming crammd5_authenticatee(1)@192.168.178.39:38758 at 2015-11-17 23:30:15.761403136+00:00
I1117 15:30:15.761509 72629 authenticatee.cpp:214] Received SASL authentication mechanisms: CRAM-MD5
I1117 15:30:15.761539 72629 authenticatee.cpp:240] Attempting to authenticate with mechanism 'CRAM-MD5'
I1117 15:30:15.761557 72626 slave.cpp:4230] Finished recovery
I1117 15:30:15.761683 72629 process.cpp:2436] Resuming crammd5_authenticator_session(1)@192.168.178.39:38758 at 2015-11-17 23:30:15.761677056+00:00
I1117 15:30:15.761749 72629 authenticator.cpp:205] Received SASL authentication start
I1117 15:30:15.761787 72629 authenticator.cpp:327] Authentication requires more steps
I1117 15:30:15.761848 72629 process.cpp:2436] Resuming crammd5_authenticatee(1)@192.168.178.39:38758 at 2015-11-17 23:30:15.761842944+00:00
I1117 15:30:15.761905 72629 authenticatee.cpp:260] Received SASL authentication step
I1117 15:30:15.761977 72629 process.cpp:2436] Resuming crammd5_authenticator_session(1)@192.168.178.39:38758 at 2015-11-17 23:30:15.761966848+00:00
I1117 15:30:15.762044 72629 authenticator.cpp:233] Received SASL authentication step
I1117 15:30:15.762087 72629 auxprop.cpp:109] Request to lookup properties for user: 'test-principal' realm: 'ubuntu' server FQDN: 'ubuntu' SASL_AUXPROP_VERIFY_AGAINST_HASH: false SASL_AUXPROP_OVERRIDE: false SASL_AUXPROP_AUTHZID: false
I1117 15:30:15.762106 72629 auxprop.cpp:181] Looking up auxiliary property '*userPassword'
I1117 15:30:15.762197 72629 auxprop.cpp:181] Looking up auxiliary property '*cmusaslsecretCRAM-MD5'
I1117 15:30:15.762200 72631 process.cpp:2436] Resuming standalone-master-detector(2)@192.168.178.39:38758 at 2015-11-17 23:30:15.762192896+00:00
I1117 15:30:15.762220 72629 auxprop.cpp:109] Request to lookup properties for user: 'test-principal' realm: 'ubuntu' server FQDN: 'ubuntu' SASL_AUXPROP_VERIFY_AGAINST_HASH: false SASL_AUXPROP_OVERRIDE: false SASL_AUXPROP_AUTHZID: true
I1117 15:30:15.762240 72629 auxprop.cpp:131] Skipping auxiliary property '*userPassword' since SASL_AUXPROP_AUTHZID == true
I1117 15:30:15.762248 72629 auxprop.cpp:131] Skipping auxiliary property '*cmusaslsecretCRAM-MD5' since SASL_AUXPROP_AUTHZID == true
I1117 15:30:15.762259 72629 authenticator.cpp:319] Authentication success
I1117 15:30:15.762207 72626 slave.cpp:4387] Querying resource estimator for oversubscribable resources
I1117 15:30:15.762356 72631 process.cpp:2436] Resuming crammd5_authenticatee(1)@192.168.178.39:38758 at 2015-11-17 23:30:15.762351872+00:00
I1117 15:30:15.762405 72631 authenticatee.cpp:300] Authentication success
I1117 15:30:15.762429 72629 process.cpp:2436] Resuming crammd5_authenticator(1)@192.168.178.39:38758 at 2015-11-17 23:30:15.762424064+00:00
I1117 15:30:15.762476 72631 process.cpp:2436] Resuming (14)@192.168.178.39:38758 at 2015-11-17 23:30:15.762473216+00:00
I1117 15:30:15.762480 72629 authenticator.cpp:433] Authentication session cleanup for crammd5_authenticatee(1)@192.168.178.39:38758
I1117 15:30:15.762554 72629 process.cpp:2734] Donating thread to crammd5_authenticator_session(1)@192.168.178.39:38758 while waiting
I1117 15:30:15.762573 72629 process.cpp:2436] Resuming crammd5_authenticator_session(1)@192.168.178.39:38758 at 2015-11-17 23:30:15.762571008+00:00
I1117 15:30:15.762591 72629 process.cpp:2541] Cleaning up crammd5_authenticator_session(1)@192.168.178.39:38758
I1117 15:30:15.762598 72626 pid.cpp:93] Attempting to parse 'master@192.168.178.39:38758' into a PID
I1117 15:30:15.762634 72626 slave.cpp:729] New master detected at master@192.168.178.39:38758
I1117 15:30:15.762420 72627 process.cpp:2436] Resuming master@192.168.178.39:38758 at 2015-11-17 23:30:15.762417920+00:00
I1117 15:30:15.763048 72627 master.cpp:5180] Successfully authenticated principal 'test-principal' at scheduler-f9434d44-b195-4616-b105-c4b2c58d5cd9@192.168.178.39:38758
I1117 15:30:15.763072 72629 process.cpp:2436] Resuming scheduler-f9434d44-b195-4616-b105-c4b2c58d5cd9@192.168.178.39:38758 at 2015-11-17 23:30:15.763065088+00:00
I1117 15:30:15.763123 72626 slave.cpp:792] Authenticating with master master@192.168.178.39:38758
I1117 15:30:15.763142 72629 process.cpp:2734] Donating thread to crammd5_authenticatee(1)@192.168.178.39:38758 while waiting
I1117 15:30:15.763164 72629 process.cpp:2436] Resuming crammd5_authenticatee(1)@192.168.178.39:38758 at 2015-11-17 23:30:15.763161856+00:00
I1117 15:30:15.763147 72626 slave.cpp:797] Using default CRAM-MD5 authenticatee
I1117 15:30:15.763183 72629 process.cpp:2541] Cleaning up crammd5_authenticatee(1)@192.168.178.39:38758
I1117 15:30:15.763173 72627 process.cpp:2436] Resuming (13)@192.168.178.39:38758 at 2015-11-17 23:30:15.763165952+00:00
I1117 15:30:15.763248 72629 sched.cpp:409] Successfully authenticated with master master@192.168.178.39:38758
I1117 15:30:15.763272 72629 sched.cpp:716] Sending SUBSCRIBE call to master@192.168.178.39:38758
I1117 15:30:15.763249 72626 process.cpp:2426] Spawned process crammd5_authenticatee(2)@192.168.178.39:38758
I1117 15:30:15.763303 72629 pid.cpp:93] Attempting to parse 'master@192.168.178.39:38758' into a PID
I1117 15:30:15.763362 72626 slave.cpp:765] Detecting new master
I1117 15:30:15.763382 72629 sched.cpp:749] Will retry registration in 310.403731ms if necessary
I1117 15:30:15.763394 72631 process.cpp:2436] Resuming crammd5_authenticatee(2)@192.168.178.39:38758 at 2015-11-17 23:30:15.763387904+00:00
I1117 15:30:15.763448 72629 process.cpp:2436] Resuming master@192.168.178.39:38758 at 2015-11-17 23:30:15.763446016+00:00
I1117 15:30:15.763461 72626 slave.cpp:4401] Received oversubscribable resources  from the resource estimator
I1117 15:30:15.763500 72631 authenticatee.cpp:123] Creating new client SASL connection
I1117 15:30:15.763517 72626 process.cpp:2436] Resuming standalone-master-detector(2)@192.168.178.39:38758 at 2015-11-17 23:30:15.763515904+00:00
I1117 15:30:15.763241 72627 status_update_manager.cpp:176] Pausing sending status updates
I1117 15:30:15.763577 72629 master.cpp:2176] Received SUBSCRIBE call for framework 'default' at scheduler-f9434d44-b195-4616-b105-c4b2c58d5cd9@192.168.178.39:38758
I1117 15:30:15.764020 72629 master.cpp:1645] Authorizing framework principal 'test-principal' to receive offers for role '*'
I1117 15:30:15.764181 72626 process.cpp:2436] Resuming authorizer(1)@192.168.178.39:38758 at 2015-11-17 23:30:15.764172032+00:00
I1117 15:30:15.764216 72629 pid.cpp:93] Attempting to parse 'slave(1)@192.168.178.39:38758' into a PID
I1117 15:30:15.764247 72629 master.cpp:5150] Authenticating slave(1)@192.168.178.39:38758
I1117 15:30:15.764339 72627 process.cpp:2436] Resuming crammd5_authenticator(1)@192.168.178.39:38758 at 2015-11-17 23:30:15.764332032+00:00
I1117 15:30:15.764379 72627 authenticator.cpp:415] Starting authentication session for crammd5_authenticatee(2)@192.168.178.39:38758
I1117 15:30:15.764408 72626 process.cpp:2436] Resuming master@192.168.178.39:38758 at 2015-11-17 23:30:15.764403200+00:00
I1117 15:30:15.764430 72627 process.cpp:2426] Spawned process crammd5_authenticator_session(2)@192.168.178.39:38758
I1117 15:30:15.764473 72626 master.cpp:2247] Subscribing framework default with checkpointing disabled and capabilities [  ]
I1117 15:30:15.764600 72627 process.cpp:2436] Resuming crammd5_authenticator_session(2)@192.168.178.39:38758 at 2015-11-17 23:30:15.764591872+00:00
I1117 15:30:15.764765 72627 authenticator.cpp:100] Creating new server SASL connection
I1117 15:30:15.765228 72627 process.cpp:2436] Resuming crammd5_authenticatee(2)@192.168.178.39:38758 at 2015-11-17 23:30:15.765217024+00:00
I1117 15:30:15.765336 72627 authenticatee.cpp:214] Received SASL authentication mechanisms: CRAM-MD5
I1117 15:30:15.765456 72627 authenticatee.cpp:240] Attempting to authenticate with mechanism 'CRAM-MD5'
I1117 15:30:15.765373 72632 process.cpp:2436] Resuming metrics@192.168.178.39:38758 at 2015-11-17 23:30:15.765364992+00:00
I1117 15:30:15.765547 72627 process.cpp:2436] Resuming crammd5_authenticator_session(2)@192.168.178.39:38758 at 2015-11-17 23:30:15.765533952+00:00
I1117 15:30:15.765607 72627 authenticator.cpp:205] Received SASL authentication start
I1117 15:30:15.765229 72629 process.cpp:2436] Resuming (1)@192.168.178.39:38758 at 2015-11-17 23:30:15.765221120+00:00
I1117 15:30:15.765681 72627 authenticator.cpp:327] Authentication requires more steps
I1117 15:30:15.765765 72625 process.cpp:2436] Resuming crammd5_authenticatee(2)@192.168.178.39:38758 at 2015-11-17 23:30:15.765755904+00:00
I1117 15:30:15.765712 72631 process.cpp:2436] Resuming scheduler-f9434d44-b195-4616-b105-c4b2c58d5cd9@192.168.178.39:38758 at 2015-11-17 23:30:15.765707008+00:00
I1117 15:30:15.765892 72625 authenticatee.cpp:260] Received SASL authentication step
I1117 15:30:15.765985 72625 process.cpp:2436] Resuming crammd5_authenticator_session(2)@192.168.178.39:38758 at 2015-11-17 23:30:15.765978112+00:00
I1117 15:30:15.766011 72631 pid.cpp:93] Attempting to parse 'master@192.168.178.39:38758' into a PID
I1117 15:30:15.766039 72631 sched.cpp:643] Framework registered with 0858c91e-303d-4b36-b940-4f96102ffc9a-0000
I1117 15:30:15.766044 72625 authenticator.cpp:233] Received SASL authentication step
I1117 15:30:15.766077 72625 auxprop.cpp:109] Request to lookup properties for user: 'test-principal' realm: 'ubuntu' server FQDN: 'ubuntu' SASL_AUXPROP_VERIFY_AGAINST_HASH: false SASL_AUXPROP_OVERRIDE: false SASL_AUXPROP_AUTHZID: false
I1117 15:30:15.766103 72625 auxprop.cpp:181] Looking up auxiliary property '*userPassword'
I1117 15:30:15.766089 72631 sched.cpp:657] Scheduler::registered took 37307ns
I1117 15:30:15.766166 72625 auxprop.cpp:181] Looking up auxiliary property '*cmusaslsecretCRAM-MD5'
I1117 15:30:15.766178 72631 process.cpp:2436] Resuming __latch__(8)@192.168.178.39:38758 at 2015-11-17 23:30:15.766171904+00:00
I1117 15:30:15.766203 72631 process.cpp:2541] Cleaning up __latch__(8)@192.168.178.39:38758
I1117 15:30:15.766237 72625 auxprop.cpp:109] Request to lookup properties for user: 'test-principal' realm: 'ubuntu' server FQDN: 'ubuntu' SASL_AUXPROP_VERIFY_AGAINST_HASH: false SASL_AUXPROP_OVERRIDE: false SASL_AUXPROP_AUTHZID: true
I1117 15:30:15.766264 72625 auxprop.cpp:131] Skipping auxiliary property '*userPassword' since SASL_AUXPROP_AUTHZID == true
I1117 15:30:15.766302 72625 auxprop.cpp:131] Skipping auxiliary property '*cmusaslsecretCRAM-MD5' since SASL_AUXPROP_AUTHZID == true
I1117 15:30:15.766314 72631 process.cpp:2436] Resuming __gc__@192.168.178.39:38758 at 2015-11-17 23:30:15.766309888+00:00
I1117 15:30:15.766326 72625 authenticator.cpp:319] Authentication success
I1117 15:30:15.766360 72627 process.cpp:2436] Resuming __waiter__(3)@192.168.178.39:38758 at 2015-11-17 23:30:15.766354944+00:00
I1117 15:30:15.766501 72627 process.cpp:2541] Cleaning up __waiter__(3)@192.168.178.39:38758
I1117 15:30:15.766577 72630 process.cpp:2436] Resuming crammd5_authenticatee(2)@192.168.178.39:38758 at 2015-11-17 23:30:15.766548992+00:00
I1117 15:30:15.766788 72630 authenticatee.cpp:300] Authentication success
I1117 15:30:15.766846 72626 process.cpp:2436] Resuming __latch__(9)@192.168.178.39:38758 at 2015-11-17 23:30:15.766833920+00:00
I1117 15:30:15.766876 72631 process.cpp:2436] Resuming slave(1)@192.168.178.39:38758 at 2015-11-17 23:30:15.766868224+00:00
I1117 15:30:15.766753 72611 process.cpp:2426] Spawned process __latch__(9)@192.168.178.39:38758
I1117 15:30:15.766993 72631 process.cpp:2734] Donating thread to crammd5_authenticatee(2)@192.168.178.39:38758 while waiting
I1117 15:30:15.766793 72632 process.cpp:2436] Resuming __gc__@192.168.178.39:38758 at 2015-11-17 23:30:15.766785024+00:00
I1117 15:30:15.767038 72611 process.cpp:2426] Spawned process __waiter__(4)@192.168.178.39:38758
I1117 15:30:15.767035 72631 process.cpp:2436] Resuming crammd5_authenticatee(2)@192.168.178.39:38758 at 2015-11-17 23:30:15.767027968+00:00
I1117 15:30:15.766597 72625 process.cpp:2436] Resuming master@192.168.178.39:38758 at 2015-11-17 23:30:15.766590208+00:00
I1117 15:30:15.767192 72631 process.cpp:2541] Cleaning up crammd5_authenticatee(2)@192.168.178.39:38758
I1117 15:30:15.767123 72611 process.cpp:2734] Donating thread to __waiter__(4)@192.168.178.39:38758 while waiting
I1117 15:30:15.767249 72625 master.cpp:5180] Successfully authenticated principal 'test-principal' at slave(1)@192.168.178.39:38758
I1117 15:30:15.767271 72611 process.cpp:2436] Resuming __waiter__(4)@192.168.178.39:38758 at 2015-11-17 23:30:15.767262976+00:00
I1117 15:30:15.767331 72625 process.cpp:2436] Resuming crammd5_authenticator_session(2)@192.168.178.39:38758 at 2015-11-17 23:30:15.767323904+00:00
I1117 15:30:15.767386 72631 slave.cpp:860] Successfully authenticated with master master@192.168.178.39:38758
I1117 15:30:15.765990 72629 hierarchical.cpp:195] Added framework 0858c91e-303d-4b36-b940-4f96102ffc9a-0000
I1117 15:30:15.767644 72629 hierarchical.cpp:977] No resources available to allocate!
I1117 15:30:15.767653 72631 slave.cpp:1254] Will retry registration in 16.572431ms if necessary
I1117 15:30:15.767699 72630 process.cpp:2436] Resuming master@192.168.178.39:38758 at 2015-11-17 23:30:15.767691008+00:00
I1117 15:30:15.767732 72629 hierarchical.cpp:1070] No inverse offers to send out!
I1117 15:30:15.767776 72629 hierarchical.cpp:876] Performed allocation for 0 slaves in 240946ns
I1117 15:30:15.766619 72627 process.cpp:2436] Resuming crammd5_authenticator(1)@192.168.178.39:38758 at 2015-11-17 23:30:15.766615040+00:00
I1117 15:30:15.767835 72627 authenticator.cpp:433] Authentication session cleanup for crammd5_authenticatee(2)@192.168.178.39:38758
I1117 15:30:15.768030 72630 master.cpp:3859] Registering slave at slave(1)@192.168.178.39:38758 (ubuntu) with id 0858c91e-303d-4b36-b940-4f96102ffc9a-S0
I1117 15:30:15.768506 72632 process.cpp:2436] Resuming crammd5_authenticator_session(2)@192.168.178.39:38758 at 2015-11-17 23:30:15.768495104+00:00
I1117 15:30:15.768578 72632 process.cpp:2541] Cleaning up crammd5_authenticator_session(2)@192.168.178.39:38758
I1117 15:30:15.768669 72632 process.cpp:2436] Resuming registrar(1)@192.168.178.39:38758 at 2015-11-17 23:30:15.768662016+00:00
I1117 15:30:15.769227 72632 registrar.cpp:441] Applied 1 operations in 45222ns; attempting to update the 'registry'
I1117 15:30:15.770483 72630 process.cpp:2436] Resuming (3)@192.168.178.39:38758 at 2015-11-17 23:30:15.770464000+00:00
I1117 15:30:15.770572 72632 process.cpp:2426] Spawned process __latch__(10)@192.168.178.39:38758
I1117 15:30:15.770611 72628 process.cpp:2436] Resuming __gc__@192.168.178.39:38758 at 2015-11-17 23:30:15.770601984+00:00
I1117 15:30:15.770695 72628 process.cpp:2436] Resuming __latch__(10)@192.168.178.39:38758 at 2015-11-17 23:30:15.770692096+00:00
I1117 15:30:15.770977 72632 process.cpp:2436] Resuming log-writer(1)@192.168.178.39:38758 at 2015-11-17 23:30:15.770952960+00:00
I1117 15:30:15.771055 72632 log.cpp:685] Attempting to append 329 bytes to the log
I1117 15:30:15.771204 72630 process.cpp:2436] Resuming log-coordinator(1)@192.168.178.39:38758 at 2015-11-17 23:30:15.771186176+00:00
I1117 15:30:15.771263 72630 coordinator.cpp:350] Coordinator attempting to write APPEND action at position 3
I1117 15:30:15.771409 72630 process.cpp:2426] Spawned process log-write(4)@192.168.178.39:38758
I1117 15:30:15.771447 72632 process.cpp:2436] Resuming __gc__@192.168.178.39:38758 at 2015-11-17 23:30:15.771439104+00:00
I1117 15:30:15.771553 72632 process.cpp:2436] Resuming log-write(4)@192.168.178.39:38758 at 2015-11-17 23:30:15.771547136+00:00
I1117 15:30:15.771646 72632 process.cpp:2436] Resuming (2)@192.168.178.39:38758 at 2015-11-17 23:30:15.771640064+00:00
I1117 15:30:15.771767 72632 process.cpp:2436] Resuming log-write(4)@192.168.178.39:38758 at 2015-11-17 23:30:15.771758080+00:00
I1117 15:30:15.771921 72632 process.cpp:2436] Resuming (2)@192.168.178.39:38758 at 2015-11-17 23:30:15.771915008+00:00
I1117 15:30:15.772074 72632 process.cpp:2426] Spawned process (16)@192.168.178.39:38758
I1117 15:30:15.772140 72630 process.cpp:2436] Resuming __gc__@192.168.178.39:38758 at 2015-11-17 23:30:15.772120064+00:00
I1117 15:30:15.772176 72632 process.cpp:2436] Resuming log-write(4)@192.168.178.39:38758 at 2015-11-17 23:30:15.772171008+00:00
I1117 15:30:15.772166 72628 process.cpp:2436] Resuming (16)@192.168.178.39:38758 at 2015-11-17 23:30:15.772156928+00:00
I1117 15:30:15.772439 72628 process.cpp:2436] Resuming log-replica(1)@192.168.178.39:38758 at 2015-11-17 23:30:15.772433920+00:00
I1117 15:30:15.772526 72628 replica.cpp:540] Replica received write request for position 3 from (16)@192.168.178.39:38758
I1117 15:30:15.772923 72628 leveldb.cpp:343] Persisting action (348 bytes) to leveldb took 365055ns
I1117 15:30:15.772974 72628 replica.cpp:715] Persisted action at 3
I1117 15:30:15.773036 72628 process.cpp:2436] Resuming (16)@192.168.178.39:38758 at 2015-11-17 23:30:15.773030912+00:00
I1117 15:30:15.773169 72628 process.cpp:2541] Cleaning up (16)@192.168.178.39:38758
I1117 15:30:15.773313 72628 process.cpp:2436] Resuming log-write(4)@192.168.178.39:38758 at 2015-11-17 23:30:15.773308160+00:00
I1117 15:30:15.773610 72628 process.cpp:2541] Cleaning up log-write(4)@192.168.178.39:38758
I1117 15:30:15.773795 72628 process.cpp:2436] Resuming log-coordinator(1)@192.168.178.39:38758 at 2015-11-17 23:30:15.773789952+00:00
I1117 15:30:15.774204 72628 process.cpp:2436] Resuming (2)@192.168.178.39:38758 at 2015-11-17 23:30:15.774198016+00:00
I1117 15:30:15.774399 72630 process.cpp:2436] Resuming log-replica(1)@192.168.178.39:38758 at 2015-11-17 23:30:15.774384896+00:00
I1117 15:30:15.774440 72632 process.cpp:2436] Resuming log-coordinator(1)@192.168.178.39:38758 at 2015-11-17 23:30:15.774429184+00:00
I1117 15:30:15.774583 72630 replica.cpp:694] Replica received learned notice for position 3 from @0.0.0.0:0
I1117 15:30:15.773694 72627 process.cpp:2436] Resuming __gc__@192.168.178.39:38758 at 2015-11-17 23:30:15.773677056+00:00
I1117 15:30:15.775367 72630 leveldb.cpp:343] Persisting action (350 bytes) to leveldb took 715335ns
I1117 15:30:15.775411 72630 replica.cpp:715] Persisted action at 3
I1117 15:30:15.775434 72630 replica.cpp:700] Replica learned APPEND action at position 3
I1117 15:30:15.775593 72625 process.cpp:2436] Resuming log-coordinator(1)@192.168.178.39:38758 at 2015-11-17 23:30:15.775582976+00:00
I1117 15:30:15.775959 72630 process.cpp:2436] Resuming (3)@192.168.178.39:38758 at 2015-11-17 23:30:15.775933952+00:00
I1117 15:30:15.776504 72628 process.cpp:2436] Resuming __latch__(10)@192.168.178.39:38758 at 2015-11-17 23:30:15.776493056+00:00
I1117 15:30:15.776567 72628 process.cpp:2541] Cleaning up __latch__(10)@192.168.178.39:38758
I1117 15:30:15.776780 72632 process.cpp:2436] Resuming __gc__@192.168.178.39:38758 at 2015-11-17 23:30:15.776765184+00:00
I1117 15:30:15.776607 72631 process.cpp:2436] Resuming registrar(1)@192.168.178.39:38758 at 2015-11-17 23:30:15.776599040+00:00
I1117 15:30:15.776988 72630 process.cpp:2436] Resuming log-writer(1)@192.168.178.39:38758 at 2015-11-17 23:30:15.776971008+00:00
I1117 15:30:15.777029 72631 registrar.cpp:486] Successfully updated the 'registry' in 7.652096ms
I1117 15:30:15.777050 72630 log.cpp:704] Attempting to truncate the log to 3
I1117 15:30:15.777217 72630 process.cpp:2436] Resuming log-coordinator(1)@192.168.178.39:38758 at 2015-11-17 23:30:15.777210880+00:00
I1117 15:30:15.777297 72630 coordinator.cpp:350] Coordinator attempting to write TRUNCATE action at position 4
I1117 15:30:15.777411 72630 process.cpp:2426] Spawned process log-write(5)@192.168.178.39:38758
I1117 15:30:15.777436 72628 process.cpp:2436] Resuming __gc__@192.168.178.39:38758 at 2015-11-17 23:30:15.777431040+00:00
I1117 15:30:15.777497 72627 process.cpp:2436] Resuming log-write(5)@192.168.178.39:38758 at 2015-11-17 23:30:15.777488896+00:00
I1117 15:30:15.777791 72627 process.cpp:2436] Resuming (2)@192.168.178.39:38758 at 2015-11-17 23:30:15.777785088+00:00
I1117 15:30:15.777932 72627 process.cpp:2436] Resuming log-write(5)@192.168.178.39:38758 at 2015-11-17 23:30:15.777925120+00:00
I1117 15:30:15.777410 72631 process.cpp:2436] Resuming master@192.168.178.39:38758 at 2015-11-17 23:30:15.777401856+00:00
I1117 15:30:15.778211 72632 process.cpp:2436] Resuming (2)@192.168.178.39:38758 at 2015-11-17 23:30:15.778196224+00:00
I1117 15:30:15.778364 72632 process.cpp:2426] Spawned process (17)@192.168.178.39:38758
I1117 15:30:15.778487 72632 process.cpp:2436] Resuming __gc__@192.168.178.39:38758 at 2015-11-17 23:30:15.778481920+00:00
I1117 15:30:15.778589 72632 process.cpp:2436] Resuming (17)@192.168.178.39:38758 at 2015-11-17 23:30:15.778582016+00:00
I1117 15:30:15.778667 72632 process.cpp:2436] Resuming log-write(5)@192.168.178.39:38758 at 2015-11-17 23:30:15.778662912+00:00
I1117 15:30:15.778767 72632 process.cpp:2436] Resuming log-replica(1)@192.168.178.39:38758 at 2015-11-17 23:30:15.778759936+00:00
I1117 15:30:15.778842 72632 replica.cpp:540] Replica received write request for position 4 from (17)@192.168.178.39:38758
I1117 15:30:15.779325 72631 process.cpp:2426] Spawned process slave-observer(1)@192.168.178.39:38758
I1117 15:30:15.779520 72632 leveldb.cpp:343] Persisting action (16 bytes) to leveldb took 642920ns
I1117 15:30:15.779543 72632 replica.cpp:715] Persisted action at 4
I1117 15:30:15.779597 72632 process.cpp:2436] Resuming (17)@192.168.178.39:38758 at 2015-11-17 23:30:15.779592960+00:00
I1117 15:30:15.779716 72632 process.cpp:2541] Cleaning up (17)@192.168.178.39:38758
I1117 15:30:15.779381 72627 process.cpp:2436] Resuming slave-observer(1)@192.168.178.39:38758 at 2015-11-17 23:30:15.779372032+00:00
I1117 15:30:15.779829 72632 process.cpp:2436] Resuming __gc__@192.168.178.39:38758 at 2015-11-17 23:30:15.779822080+00:00
I1117 15:30:15.779744 72625 process.cpp:2436] Resuming log-write(5)@192.168.178.39:38758 at 2015-11-17 23:30:15.779737088+00:00
I1117 15:30:15.779979 72627 process.cpp:2436] Resuming slave(1)@192.168.178.39:38758 at 2015-11-17 23:30:15.779972096+00:00
I1117 15:30:15.780164 72627 slave.cpp:3169] Received ping from slave-observer(1)@192.168.178.39:38758
I1117 15:30:15.780181 72625 process.cpp:2541] Cleaning up log-write(5)@192.168.178.39:38758
I1117 15:30:15.780249 72625 process.cpp:2436] Resuming log-coordinator(1)@192.168.178.39:38758 at 2015-11-17 23:30:15.780244224+00:00
I1117 15:30:15.780333 72627 process.cpp:2436] Resuming __gc__@192.168.178.39:38758 at 2015-11-17 23:30:15.780325888+00:00
I1117 15:30:15.780481 72627 process.cpp:2436] Resuming (2)@192.168.178.39:38758 at 2015-11-17 23:30:15.780473856+00:00
I1117 15:30:15.780395 72628 process.cpp:2436] Resuming slave-observer(1)@192.168.178.39:38758 at 2015-11-17 23:30:15.780379904+00:00
I1117 15:30:15.780781 72625 process.cpp:2436] Resuming log-replica(1)@192.168.178.39:38758 at 2015-11-17 23:30:15.780774144+00:00
I1117 15:30:15.780864 72627 process.cpp:2436] Resuming log-coordinator(1)@192.168.178.39:38758 at 2015-11-17 23:30:15.780857088+00:00
I1117 15:30:15.780874 72625 replica.cpp:694] Replica received learned notice for position 4 from @0.0.0.0:0
I1117 15:30:15.781124 72632 process.cpp:2436] Resuming (1)@192.168.178.39:38758 at 2015-11-17 23:30:15.781102848+00:00
I1117 15:30:15.781168 72629 process.cpp:2436] Resuming slave(1)@192.168.178.39:38758 at 2015-11-17 23:30:15.781160960+00:00
I1117 15:30:15.781159 72631 master.cpp:3927] Registered slave 0858c91e-303d-4b36-b940-4f96102ffc9a-S0 at slave(1)@192.168.178.39:38758 (ubuntu) with cpus(*):2; mem(*):1024; disk(*):1024; ports(*):[31000-32000]
I1117 15:30:15.781278 72629 slave.cpp:904] Registered with master master@192.168.178.39:38758; given slave ID 0858c91e-303d-4b36-b940-4f96102ffc9a-S0
I1117 15:30:15.781308 72629 fetcher.cpp:79] Clearing fetcher cache
I1117 15:30:15.781348 72632 hierarchical.cpp:344] Added slave 0858c91e-303d-4b36-b940-4f96102ffc9a-S0 (ubuntu) with cpus(*):2; mem(*):1024; disk(*):1024; ports(*):[31000-32000] (allocated: )
I1117 15:30:15.781429 72631 process.cpp:2436] Resuming (13)@192.168.178.39:38758 at 2015-11-17 23:30:15.781420032+00:00
I1117 15:30:15.781471 72631 status_update_manager.cpp:183] Resuming sending status updates
I1117 15:30:15.781560 72629 slave.cpp:927] Checkpointing SlaveInfo to '/tmp/DockerContainerizerTest_ROOT_DOCKER_Launch_Executor_Dl9Yqf/meta/slaves/0858c91e-303d-4b36-b940-4f96102ffc9a-S0/slave.info'
I1117 15:30:15.781600 72625 leveldb.cpp:343] Persisting action (18 bytes) to leveldb took 677566ns
I1117 15:30:15.781646 72625 leveldb.cpp:401] Deleting ~2 keys from leveldb took 25667ns
I1117 15:30:15.781661 72625 replica.cpp:715] Persisted action at 4
I1117 15:30:15.781680 72625 replica.cpp:700] Replica learned TRUNCATE action at position 4
I1117 15:30:15.781869 72630 process.cpp:2436] Resuming log-coordinator(1)@192.168.178.39:38758 at 2015-11-17 23:30:15.781853952+00:00
I1117 15:30:15.781882 72629 slave.cpp:963] Forwarding total oversubscribed resources
I1117 15:30:15.781947 72629 process.cpp:2436] Resuming master@192.168.178.39:38758 at 2015-11-17 23:30:15.781944064+00:00
I1117 15:30:15.782079 72629 master.cpp:4269] Received update of slave 0858c91e-303d-4b36-b940-4f96102ffc9a-S0 at slave(1)@192.168.178.39:38758 (ubuntu) with total oversubscribed resources
I1117 15:30:15.782102 72632 hierarchical.cpp:957] Allocating cpus(*):2; mem(*):1024; disk(*):1024; ports(*):[31000-32000] on slave 0858c91e-303d-4b36-b940-4f96102ffc9a-S0 to framework 0858c91e-303d-4b36-b940-4f96102ffc9a-0000
I1117 15:30:15.782130 72630 process.cpp:2436] Resuming (3)@192.168.178.39:38758 at 2015-11-17 23:30:15.782124032+00:00
I1117 15:30:15.782557 72632 hierarchical.cpp:1070] No inverse offers to send out!
I1117 15:30:15.782675 72632 hierarchical.cpp:892] Performed allocation for slave 0858c91e-303d-4b36-b940-4f96102ffc9a-S0 in 1.233311ms
I1117 15:30:15.782968 72632 hierarchical.cpp:400] Slave 0858c91e-303d-4b36-b940-4f96102ffc9a-S0 (ubuntu) updated with oversubscribed resources  (total: cpus(*):2; mem(*):1024; disk(*):1024; ports(*):[31000-32000], allocated: cpus(*):2; mem(*):1024; disk(*):1024; ports(*):[31000-32000])
I1117 15:30:15.783316 72632 hierarchical.cpp:977] No resources available to allocate!
I1117 15:30:15.783375 72632 hierarchical.cpp:1070] No inverse offers to send out!
I1117 15:30:15.783396 72632 hierarchical.cpp:892] Performed allocation for slave 0858c91e-303d-4b36-b940-4f96102ffc9a-S0 in 373992ns
I1117 15:30:15.782618 72625 process.cpp:2436] Resuming master@192.168.178.39:38758 at 2015-11-17 23:30:15.782608896+00:00
I1117 15:30:15.783892 72625 master.cpp:4979] Sending 1 offers to framework 0858c91e-303d-4b36-b940-4f96102ffc9a-0000 (default) at scheduler-f9434d44-b195-4616-b105-c4b2c58d5cd9@192.168.178.39:38758
I1117 15:30:15.784214 72627 process.cpp:2436] Resuming scheduler-f9434d44-b195-4616-b105-c4b2c58d5cd9@192.168.178.39:38758 at 2015-11-17 23:30:15.784201984+00:00
I1117 15:30:15.784445 72627 pid.cpp:93] Attempting to parse 'master@192.168.178.39:38758' into a PID
I1117 15:30:15.784502 72627 sched.cpp:789] Received 1 offers
I1117 15:30:15.784520 72627 pid.cpp:93] Attempting to parse 'slave(1)@192.168.178.39:38758' into a PID
I1117 15:30:15.784800 72627 sched.cpp:813] Scheduler::resourceOffers took 112395ns
I1117 15:30:15.784842 72625 process.cpp:2436] Resuming __latch__(9)@192.168.178.39:38758 at 2015-11-17 23:30:15.784833792+00:00
I1117 15:30:15.784881 72625 process.cpp:2541] Cleaning up __latch__(9)@192.168.178.39:38758
I1117 15:30:15.785029 72627 process.cpp:2436] Resuming __waiter__(4)@192.168.178.39:38758 at 2015-11-17 23:30:15.785021184+00:00
I1117 15:30:15.785037 72625 process.cpp:2436] Resuming __gc__@192.168.178.39:38758 at 2015-11-17 23:30:15.785032960+00:00
I1117 15:30:15.785226 72628 process.cpp:2436] Resuming slave(1)@192.168.178.39:38758 at 2015-11-17 23:30:15.785219072+00:00
I1117 15:30:15.785337 72627 process.cpp:2541] Cleaning up __waiter__(4)@192.168.178.39:38758
I1117 15:30:15.785955 72632 process.cpp:2436] Resuming scheduler-f9434d44-b195-4616-b105-c4b2c58d5cd9@192.168.178.39:38758 at 2015-11-17 23:30:15.785945856+00:00
I1117 15:30:15.786002 72611 process.cpp:2426] Spawned process __latch__(11)@192.168.178.39:38758
I1117 15:30:15.786049 72611 process.cpp:2426] Spawned process __waiter__(5)@192.168.178.39:38758
I1117 15:30:15.786085 72611 process.cpp:2734] Donating thread to __waiter__(5)@192.168.178.39:38758 while waiting
I1117 15:30:15.786116 72611 process.cpp:2436] Resuming __waiter__(5)@192.168.178.39:38758 at 2015-11-17 23:30:15.786109952+00:00
I1117 15:30:15.786240 72630 process.cpp:2436] Resuming __gc__@192.168.178.39:38758 at 2015-11-17 23:30:15.786232064+00:00
I1117 15:30:15.786317 72629 process.cpp:2436] Resuming __latch__(11)@192.168.178.39:38758 at 2015-11-17 23:30:15.786309888+00:00
I1117 15:30:15.786460 72632 pid.cpp:93] Attempting to parse 'master@192.168.178.39:38758' into a PID
I1117 15:30:15.786794 72630 process.cpp:2436] Resuming master@192.168.178.39:38758 at 2015-11-17 23:30:15.786788096+00:00
I1117 15:30:15.787587 72630 master.cpp:2915] Processing ACCEPT call for offers: [ 0858c91e-303d-4b36-b940-4f96102ffc9a-O0 ] on slave 0858c91e-303d-4b36-b940-4f96102ffc9a-S0 at slave(1)@192.168.178.39:38758 (ubuntu) for framework 0858c91e-303d-4b36-b940-4f96102ffc9a-0000 (default) at scheduler-f9434d44-b195-4616-b105-c4b2c58d5cd9@192.168.178.39:38758
I1117 15:30:15.787660 72630 master.cpp:2711] Authorizing framework principal 'test-principal' to launch task 1 as user 'root'
I1117 15:30:15.787824 72632 process.cpp:2436] Resuming authorizer(1)@192.168.178.39:38758 at 2015-11-17 23:30:15.787812864+00:00
I1117 15:30:15.788250 72630 process.cpp:2426] Spawned process (18)@192.168.178.39:38758
I1117 15:30:15.788276 72629 process.cpp:2436] Resuming __gc__@192.168.178.39:38758 at 2015-11-17 23:30:15.788265984+00:00
I1117 15:30:15.788369 72629 process.cpp:2436] Resuming (18)@192.168.178.39:38758 at 2015-11-17 23:30:15.788364032+00:00
I1117 15:30:15.788748 72629 process.cpp:2541] Cleaning up (18)@192.168.178.39:38758
I1117 15:30:15.788751 72630 process.cpp:2436] Resuming master@192.168.178.39:38758 at 2015-11-17 23:30:15.788739072+00:00
I1117 15:30:15.788820 72627 process.cpp:2436] Resuming __gc__@192.168.178.39:38758 at 2015-11-17 23:30:15.788813056+00:00
W1117 15:30:15.789516 72630 validation.cpp:422] Executor e1 for task 1 uses less CPUs (None) than the minimum required (0.01). Please update your executor, as this will be mandatory in future releases.
W1117 15:30:15.789574 72630 validation.cpp:434] Executor e1 for task 1 uses less memory (None) than the minimum required (32MB). Please update your executor, as this will be mandatory in future releases.
I1117 15:30:15.789929 72630 master.hpp:176] Adding task 1 with resources cpus(*):2; mem(*):1024; disk(*):1024; ports(*):[31000-32000] on slave 0858c91e-303d-4b36-b940-4f96102ffc9a-S0 (ubuntu)
I1117 15:30:15.790050 72630 master.cpp:3245] Launching task 1 of framework 0858c91e-303d-4b36-b940-4f96102ffc9a-0000 (default) at scheduler-f9434d44-b195-4616-b105-c4b2c58d5cd9@192.168.178.39:38758 with resources cpus(*):2; mem(*):1024; disk(*):1024; ports(*):[31000-32000] on slave 0858c91e-303d-4b36-b940-4f96102ffc9a-S0 at slave(1)@192.168.178.39:38758 (ubuntu)
I1117 15:30:15.790287 72628 process.cpp:2436] Resuming slave(1)@192.168.178.39:38758 at 2015-11-17 23:30:15.790277888+00:00
I1117 15:30:15.790452 72628 pid.cpp:93] Attempting to parse 'scheduler-f9434d44-b195-4616-b105-c4b2c58d5cd9@192.168.178.39:38758' into a PID
I1117 15:30:15.790493 72628 slave.cpp:1294] Got assigned task 1 for framework 0858c91e-303d-4b36-b940-4f96102ffc9a-0000
I1117 15:30:15.791092 72628 slave.cpp:1410] Launching task 1 for framework 0858c91e-303d-4b36-b940-4f96102ffc9a-0000
I1117 15:30:15.792387 72628 paths.cpp:436] Trying to chown '/tmp/DockerContainerizerTest_ROOT_DOCKER_Launch_Executor_Dl9Yqf/slaves/0858c91e-303d-4b36-b940-4f96102ffc9a-S0/frameworks/0858c91e-303d-4b36-b940-4f96102ffc9a-0000/executors/e1/runs/57938577-a370-4d25-970a-456735e837af' to user 'root'
I1117 15:30:15.795748 72628 slave.cpp:4999] Launching executor e1 of framework 0858c91e-303d-4b36-b940-4f96102ffc9a-0000 with resources  in work directory '/tmp/DockerContainerizerTest_ROOT_DOCKER_Launch_Executor_Dl9Yqf/slaves/0858c91e-303d-4b36-b940-4f96102ffc9a-S0/frameworks/0858c91e-303d-4b36-b940-4f96102ffc9a-0000/executors/e1/runs/57938577-a370-4d25-970a-456735e837af'
I1117 15:30:15.796106 72629 process.cpp:2436] Resuming files@192.168.178.39:38758 at 2015-11-17 23:30:15.796065024+00:00
I1117 15:30:15.796293 72626 process.cpp:2436] Resuming __latch__(11)@192.168.178.39:38758 at 2015-11-17 23:30:15.796272128+00:00
I1117 15:30:15.796452 72626 process.cpp:2541] Cleaning up __latch__(11)@192.168.178.39:38758
I1117 15:30:15.796586 72626 process.cpp:2436] Resuming (11)@192.168.178.39:38758 at 2015-11-17 23:30:15.796581888+00:00
I1117 15:30:15.796628 72629 process.cpp:2436] Resuming __gc__@192.168.178.39:38758 at 2015-11-17 23:30:15.796622080+00:00
I1117 15:30:15.796725 72628 slave.cpp:1628] Queuing task '1' for executor 'e1' of framework 0858c91e-303d-4b36-b940-4f96102ffc9a-0000
I1117 15:30:15.797873 72630 process.cpp:2436] Resuming __waiter__(5)@192.168.178.39:38758 at 2015-11-17 23:30:15.797456128+00:00
I1117 15:30:15.798015 72630 process.cpp:2541] Cleaning up __waiter__(5)@192.168.178.39:38758
I1117 15:30:15.798308 72611 process.cpp:2426] Spawned process __latch__(12)@192.168.178.39:38758
I1117 15:30:15.798382 72632 process.cpp:2436] Resuming __latch__(12)@192.168.178.39:38758 at 2015-11-17 23:30:15.798362112+00:00
I1117 15:30:15.798440 72611 process.cpp:2426] Spawned process __waiter__(6)@192.168.178.39:38758
I1117 15:30:15.798339 72625 process.cpp:2436] Resuming __gc__@192.168.178.39:38758 at 2015-11-17 23:30:15.798321920+00:00
I1117 15:30:15.798471 72631 process.cpp:2436] Resuming __waiter__(6)@192.168.178.39:38758 at 2015-11-17 23:30:15.798438912+00:00
I1117 15:30:15.798486 72628 slave.cpp:682] Successfully attached file '/tmp/DockerContainerizerTest_ROOT_DOCKER_Launch_Executor_Dl9Yqf/slaves/0858c91e-303d-4b36-b940-4f96102ffc9a-S0/frameworks/0858c91e-303d-4b36-b940-4f96102ffc9a-0000/executors/e1/runs/57938577-a370-4d25-970a-456735e837af'
I1117 15:30:15.801340 72626 docker.cpp:767] Starting container '57938577-a370-4d25-970a-456735e837af' for executor 'e1' and framework '0858c91e-303d-4b36-b940-4f96102ffc9a-0000'
I1117 15:30:15.802234 72626 docker.cpp:1010] Running docker -H unix:///var/run/docker.sock inspect tnachen/test-executor:latest
I1117 15:30:15.803982 72627 process.cpp:2436] Resuming reaper(1)@192.168.178.39:38758 at 2015-11-17 23:30:15.803824896+00:00
I1117 15:30:15.850070 72629 process.cpp:2436] Resuming reaper(1)@192.168.178.39:38758 at 2015-11-17 23:30:15.850029056+00:00
I1117 15:30:15.851832 72632 process.cpp:2436] Resuming (11)@192.168.178.39:38758 at 2015-11-17 23:30:15.851800064+00:00
I1117 15:30:15.852000 72632 docker.cpp:361] Docker pull tnachen/test-executor completed
I1117 15:30:15.852596 72632 docker.cpp:564] Running docker -H unix:///var/run/docker.sock run -c 2048 -m 1073741824 -e LIBPROCESS_PORT=0 -e MESOS_CHECKPOINT=0 -e MESOS_DIRECTORY=/tmp/DockerContainerizerTest_ROOT_DOCKER_Launch_Executor_Dl9Yqf/slaves/0858c91e-303d-4b36-b940-4f96102ffc9a-S0/frameworks/0858c91e-303d-4b36-b940-4f96102ffc9a-0000/executors/e1/runs/57938577-a370-4d25-970a-456735e837af -e MESOS_EXECUTOR_ID=e1 -e MESOS_FRAMEWORK_ID=0858c91e-303d-4b36-b940-4f96102ffc9a-0000 -e MESOS_SLAVE_ID=0858c91e-303d-4b36-b940-4f96102ffc9a-S0 -e MESOS_SLAVE_PID=slave(1)@192.168.178.39:38758 -e MESOS_SANDBOX=/mnt/mesos/sandbox -e MESOS_CONTAINER_NAME=mesos-0858c91e-303d-4b36-b940-4f96102ffc9a-S0.57938577-a370-4d25-970a-456735e837af -v /tmp/DockerContainerizerTest_ROOT_DOCKER_Launch_Executor_Dl9Yqf/slaves/0858c91e-303d-4b36-b940-4f96102ffc9a-S0/frameworks/0858c91e-303d-4b36-b940-4f96102ffc9a-0000/executors/e1/runs/57938577-a370-4d25-970a-456735e837af:/mnt/mesos/sandbox --net host --entrypoint /bin/sh --name mesos-0858c91e-303d-4b36-b940-4f96102ffc9a-S0.57938577-a370-4d25-970a-456735e837af tnachen/test-executor -c /bin/test-executor
I1117 15:30:15.854413 72625 process.cpp:2436] Resuming reaper(1)@192.168.178.39:38758 at 2015-11-17 23:30:15.854358016+00:00
I1117 15:30:15.854701 72632 docker.cpp:723] Running docker -H unix:///var/run/docker.sock inspect mesos-0858c91e-303d-4b36-b940-4f96102ffc9a-S0.57938577-a370-4d25-970a-456735e837af
I1117 15:30:15.855816 72631 process.cpp:2436] Resuming reaper(1)@192.168.178.39:38758 at 2015-11-17 23:30:15.855742976+00:00
I1117 15:30:15.952574 72629 process.cpp:2436] Resuming reaper(1)@192.168.178.39:38758 at 2015-11-17 23:30:15.952549888+00:00
I1117 15:30:15.953876 72629 docker.cpp:825] Retrying inspect since container not yet started. cmd: 'docker -H unix:///var/run/docker.sock inspect mesos-0858c91e-303d-4b36-b940-4f96102ffc9a-S0.57938577-a370-4d25-970a-456735e837af', interval: 1secs
I1117 15:30:16.055780 72627 process.cpp:2436] Resuming reaper(1)@192.168.178.39:38758 at 2015-11-17 23:30:16.055736064+00:00
I1117 15:30:16.075542 72626 process.cpp:2436] Resuming scheduler-f9434d44-b195-4616-b105-c4b2c58d5cd9@192.168.178.39:38758 at 2015-11-17 23:30:16.075489024+00:00
I1117 15:30:16.157073 72626 process.cpp:2436] Resuming reaper(1)@192.168.178.39:38758 at 2015-11-17 23:30:16.157044992+00:00
I1117 15:30:16.257977 72626 process.cpp:2436] Resuming reaper(1)@192.168.178.39:38758 at 2015-11-17 23:30:16.257953792+00:00
I1117 15:30:16.359395 72628 process.cpp:2436] Resuming reaper(1)@192.168.178.39:38758 at 2015-11-17 23:30:16.359340032+00:00
I1117 15:30:16.461192 72628 process.cpp:2436] Resuming reaper(1)@192.168.178.39:38758 at 2015-11-17 23:30:16.461168896+00:00
I1117 15:30:16.562608 72625 process.cpp:2436] Resuming reaper(1)@192.168.178.39:38758 at 2015-11-17 23:30:16.562572032+00:00
I1117 15:30:16.663671 72629 process.cpp:2436] Resuming reaper(1)@192.168.178.39:38758 at 2015-11-17 23:30:16.663645952+00:00
I1117 15:30:16.695559 72627 process.cpp:2436] Resuming (1)@192.168.178.39:38758 at 2015-11-17 23:30:16.695532032+00:00
I1117 15:30:16.696324 72627 hierarchical.cpp:977] No resources available to allocate!
I1117 15:30:16.696403 72627 hierarchical.cpp:1070] No inverse offers to send out!
I1117 15:30:16.696441 72627 hierarchical.cpp:876] Performed allocation for 1 slaves in 689346ns
I1117 15:30:16.766157 72632 process.cpp:2436] Resuming reaper(1)@192.168.178.39:38758 at 2015-11-17 23:30:16.766114048+00:00
I1117 15:30:16.867794 72628 process.cpp:2436] Resuming reaper(1)@192.168.178.39:38758 at 2015-11-17 23:30:16.867769856+00:00
I1117 15:30:16.954242 72633 docker.cpp:723] Running docker -H unix:///var/run/docker.sock inspect mesos-0858c91e-303d-4b36-b940-4f96102ffc9a-S0.57938577-a370-4d25-970a-456735e837af
I1117 15:30:16.956143 72625 process.cpp:2436] Resuming reaper(1)@192.168.178.39:38758 at 2015-11-17 23:30:16.956080896+00:00
I1117 15:30:16.958892 72629 process.cpp:2436] Resuming slave(1)@192.168.178.39:38758 at 2015-11-17 23:30:16.958868992+00:00
I1117 15:30:16.959024 72629 process.cpp:3075] Handling HTTP event for process 'slave(1)' with path: '/slave%281%29/health'
I1117 15:30:16.959380 72629 process.cpp:2426] Spawned process __http__(1)@192.168.178.39:38758
I1117 15:30:16.959480 72630 process.cpp:2436] Resuming __gc__@192.168.178.39:38758 at 2015-11-17 23:30:16.959460864+00:00
I1117 15:30:16.959512 72626 process.cpp:2436] Resuming __http__(1)@192.168.178.39:38758 at 2015-11-17 23:30:16.959501056+00:00
I1117 15:30:16.960325 72633 pid.cpp:93] Attempting to parse 'executor(1)@192.168.178.39:57979' into a PID
I1117 15:30:16.960567 72633 process.cpp:576] Parsed message name 'mesos.internal.RegisterExecutorMessage' for slave(1)@192.168.178.39:38758 from executor(1)@192.168.178.39:57979
I1117 15:30:16.960763 72632 process.cpp:2436] Resuming slave(1)@192.168.178.39:38758 at 2015-11-17 23:30:16.960732928+00:00
I1117 15:30:16.960795 72633 process.cpp:2426] Spawned process __http__(2)@192.168.178.39:38758
I1117 15:30:16.960845 72633 process.cpp:2228] Accepted libprocess message to /slave%281%29/mesos.internal.RegisterExecutorMessage
I1117 15:30:16.960947 72632 slave.cpp:2405] Got registration for executor 'e1' of framework 0858c91e-303d-4b36-b940-4f96102ffc9a-0000 from executor(1)@192.168.178.39:57979
I1117 15:30:16.961333 72626 process.cpp:2436] Resuming __gc__@192.168.178.39:38758 at 2015-11-17 23:30:16.961319936+00:00
I1117 15:30:16.961486 72626 process.cpp:2436] Resuming __http__(2)@192.168.178.39:38758 at 2015-11-17 23:30:16.961469952+00:00
I1117 15:30:16.962164 72626 process.cpp:2436] Resuming (11)@192.168.178.39:38758 at 2015-11-17 23:30:16.962151168+00:00
I1117 15:30:16.962345 72626 docker.cpp:1012] Ignoring updating container '57938577-a370-4d25-970a-456735e837af' with resources passed to update is identical to existing resources
I1117 15:30:16.962537 72626 process.cpp:2436] Resuming slave(1)@192.168.178.39:38758 at 2015-11-17 23:30:16.962523904+00:00
I1117 15:30:16.962846 72626 slave.cpp:1793] Sending queued task '1' to executor 'e1' of framework 0858c91e-303d-4b36-b940-4f96102ffc9a-0000 at executor(1)@192.168.178.39:57979
I1117 15:30:16.969185 72632 process.cpp:2436] Resuming reaper(1)@192.168.178.39:38758 at 2015-11-17 23:30:16.969150976+00:00
I1117 15:30:17.070058 72631 process.cpp:2436] Resuming reaper(1)@192.168.178.39:38758 at 2015-11-17 23:30:17.070013952+00:00
I1117 15:30:17.072867 72631 process.cpp:2436] Resuming (11)@192.168.178.39:38758 at 2015-11-17 23:30:17.072828928+00:00
I1117 15:30:17.073933 72625 process.cpp:2436] Resuming reaper(1)@192.168.178.39:38758 at 2015-11-17 23:30:17.073921792+00:00
I1117 15:30:17.074542 72631 process.cpp:2436] Resuming slave(1)@192.168.178.39:38758 at 2015-11-17 23:30:17.074532864+00:00
I1117 15:30:17.074908 72630 process.cpp:2436] Resuming (11)@192.168.178.39:38758 at 2015-11-17 23:30:17.074891008+00:00
I1117 15:30:17.173893 72631 process.cpp:2436] Resuming reaper(1)@192.168.178.39:38758 at 2015-11-17 23:30:17.173847808+00:00
I1117 15:30:17.275199 72629 process.cpp:2436] Resuming reaper(1)@192.168.178.39:38758 at 2015-11-17 23:30:17.275170048+00:00
I1117 15:30:17.376538 72629 process.cpp:2436] Resuming reaper(1)@192.168.178.39:38758 at 2015-11-17 23:30:17.376508928+00:00
I1117 15:30:17.477582 72630 process.cpp:2436] Resuming reaper(1)@192.168.178.39:38758 at 2015-11-17 23:30:17.477559040+00:00
I1117 15:30:17.578727 72632 process.cpp:2436] Resuming reaper(1)@192.168.178.39:38758 at 2015-11-17 23:30:17.578695936+00:00
I1117 15:30:17.679847 72625 process.cpp:2436] Resuming reaper(1)@192.168.178.39:38758 at 2015-11-17 23:30:17.679824128+00:00
