I1016 17:57:03.590231 29305 status_update_manager.cpp:322] Received status update TASK_FINISHED (UUID: 97e333f2-7a6f-4136-9830-c987dd8488e9) for task 2 of framework 3a885ce0-812c-47ba-92d3-39d407ceba84-0000
I1016 17:57:03.590471 29305 status_update_manager.cpp:826] Checkpointing UPDATE for status update TASK_FINISHED (UUID: 97e333f2-7a6f-4136-9830-c987dd8488e9) for task 2 of framework 3a885ce0-812c-47ba-92d3-39d407ceba84-0000
I1016 17:57:03.594065 29309 containerizer.cpp:1278] Executor for container '161b2ef5-f6df-48f4-9ebc-509bc22bc482' has exited
I1016 17:57:03.594941 29309 containerizer.cpp:1095] Destroying container '161b2ef5-f6df-48f4-9ebc-509bc22bc482'
I1016 17:57:03.600411 29300 slave.cpp:3542] Executor '1' of framework 3a885ce0-812c-47ba-92d3-39d407ceba84-0000 exited with status 0
I1016 17:57:03.600504 29300 slave.cpp:3646] Cleaning up executor '1' of framework 3a885ce0-812c-47ba-92d3-39d407ceba84-0000
I1016 17:57:03.606884 29303 gc.cpp:56] Scheduling '/tmp/FetcherCacheTest_FallbackFromEviction_HSOl47/slaves/3a885ce0-812c-47ba-92d3-39d407ceba84-S0/frameworks/3a885ce0-812c-47ba-92d3-39d407ceba84-0000/executors/1/runs/161b2ef5-f6df-48f4-9ebc-509bc22bc482' for gc 6.9999929773837days in the future
I1016 17:57:03.607036 29303 gc.cpp:56] Scheduling '/tmp/FetcherCacheTest_FallbackFromEviction_HSOl47/slaves/3a885ce0-812c-47ba-92d3-39d407ceba84-S0/frameworks/3a885ce0-812c-47ba-92d3-39d407ceba84-0000/executors/1' for gc 6.99999297571556days in the future
I1016 17:57:03.607187 29303 gc.cpp:56] Scheduling '/tmp/FetcherCacheTest_FallbackFromEviction_HSOl47/meta/slaves/3a885ce0-812c-47ba-92d3-39d407ceba84-S0/frameworks/3a885ce0-812c-47ba-92d3-39d407ceba84-0000/executors/1/runs/161b2ef5-f6df-48f4-9ebc-509bc22bc482' for gc 6.99999297432889days in the future
I1016 17:57:03.607277 29303 gc.cpp:56] Scheduling '/tmp/FetcherCacheTest_FallbackFromEviction_HSOl47/meta/slaves/3a885ce0-812c-47ba-92d3-39d407ceba84-S0/frameworks/3a885ce0-812c-47ba-92d3-39d407ceba84-0000/executors/1' for gc 6.99999297353185days in the future
I1016 17:57:03.640436 29305 status_update_manager.cpp:376] Forwarding update TASK_FINISHED (UUID: 97e333f2-7a6f-4136-9830-c987dd8488e9) for task 2 of framework 3a885ce0-812c-47ba-92d3-39d407ceba84-0000 to the slave
I1016 17:57:03.640823 29298 slave.cpp:3090] Forwarding the update TASK_FINISHED (UUID: 97e333f2-7a6f-4136-9830-c987dd8488e9) for task 2 of framework 3a885ce0-812c-47ba-92d3-39d407ceba84-0000 to master@172.17.8.10:43676
I1016 17:57:03.641196 29304 master.cpp:4421] Status update TASK_FINISHED (UUID: 97e333f2-7a6f-4136-9830-c987dd8488e9) for task 2 of framework 3a885ce0-812c-47ba-92d3-39d407ceba84-0000 from slave 3a885ce0-812c-47ba-92d3-39d407ceba84-S0 at slave(50)@172.17.8.10:43676 (342169b6513e)
I1016 17:57:03.641232 29304 master.cpp:4460] Forwarding status update TASK_FINISHED (UUID: 97e333f2-7a6f-4136-9830-c987dd8488e9) for task 2 of framework 3a885ce0-812c-47ba-92d3-39d407ceba84-0000
I1016 17:57:03.641376 29304 master.cpp:6086] Updating the latest state of task 2 of framework 3a885ce0-812c-47ba-92d3-39d407ceba84-0000 to TASK_FINISHED
I1016 17:57:03.641654 29297 sched.cpp:920] Scheduler::statusUpdate took 175376ns
I1016 17:57:03.641887 29304 hierarchical.cpp:739] Recovered cpus(*):1; mem(*):1 (total: cpus(*):1000; mem(*):1000; disk(*):3.70122e+06; ports(*):[31000-32000], allocated: ) on slave 3a885ce0-812c-47ba-92d3-39d407ceba84-S0 from framework 3a885ce0-812c-47ba-92d3-39d407ceba84-0000
I1016 17:57:03.642096 29298 slave.cpp:3014] Status update manager successfully handled status update TASK_FINISHED (UUID: 97e333f2-7a6f-4136-9830-c987dd8488e9) for task 2 of framework 3a885ce0-812c-47ba-92d3-39d407ceba84-0000
I1016 17:57:03.642200 29298 slave.cpp:3020] Sending acknowledgement for status update TASK_FINISHED (UUID: 97e333f2-7a6f-4136-9830-c987dd8488e9) for task 2 of framework 3a885ce0-812c-47ba-92d3-39d407ceba84-0000 to executor(1)@172.17.8.10:53643
I1016 17:57:03.642765 29276 sched.cpp:1781] Asked to stop the driver
I1016 17:57:03.642078 29297 master.cpp:6154] Removing task 2 with resources cpus(*):1; mem(*):1 of framework 3a885ce0-812c-47ba-92d3-39d407ceba84-0000 on slave 3a885ce0-812c-47ba-92d3-39d407ceba84-S0 at slave(50)@172.17.8.10:43676 (342169b6513e)
I1016 17:57:03.643064 29297 master.cpp:3612] Processing ACKNOWLEDGE call 97e333f2-7a6f-4136-9830-c987dd8488e9 for task 2 of framework 3a885ce0-812c-47ba-92d3-39d407ceba84-0000 (default) at scheduler-852c6b04-ebf0-4185-845e-4d6df4fd42cd@172.17.8.10:43676 on slave 3a885ce0-812c-47ba-92d3-39d407ceba84-S0
I1016 17:57:03.643597 29297 master.cpp:1125] Framework 3a885ce0-812c-47ba-92d3-39d407ceba84-0000 (default) at scheduler-852c6b04-ebf0-4185-845e-4d6df4fd42cd@172.17.8.10:43676 disconnected
I1016 17:57:03.643697 29297 master.cpp:2481] Disconnecting framework 3a885ce0-812c-47ba-92d3-39d407ceba84-0000 (default) at scheduler-852c6b04-ebf0-4185-845e-4d6df4fd42cd@172.17.8.10:43676
I1016 17:57:03.643872 29297 master.cpp:2505] Deactivating framework 3a885ce0-812c-47ba-92d3-39d407ceba84-0000 (default) at scheduler-852c6b04-ebf0-4185-845e-4d6df4fd42cd@172.17.8.10:43676
I1016 17:57:03.644083   526 exec.cpp:343] Executor received status update acknowledgement 97e333f2-7a6f-4136-9830-c987dd8488e9 for task 2 of framework 3a885ce0-812c-47ba-92d3-39d407ceba84-0000
I1016 17:57:03.644268 29295 status_update_manager.cpp:394] Received status update acknowledgement (UUID: 97e333f2-7a6f-4136-9830-c987dd8488e9) for task 2 of framework 3a885ce0-812c-47ba-92d3-39d407ceba84-0000
I1016 17:57:03.644327 29297 master.cpp:1149] Giving framework 3a885ce0-812c-47ba-92d3-39d407ceba84-0000 (default) at scheduler-852c6b04-ebf0-4185-845e-4d6df4fd42cd@172.17.8.10:43676 0ns to failover
I1016 17:57:03.644423 29304 hierarchical.cpp:263] Deactivated framework 3a885ce0-812c-47ba-92d3-39d407ceba84-0000
I1016 17:57:03.644451 29295 status_update_manager.cpp:826] Checkpointing ACK for status update TASK_FINISHED (UUID: 97e333f2-7a6f-4136-9830-c987dd8488e9) for task 2 of framework 3a885ce0-812c-47ba-92d3-39d407ceba84-0000
I1016 17:57:03.645098 29301 master.cpp:925] Master terminating
I1016 17:57:03.645411 29303 hierarchical.cpp:364] Removed slave 3a885ce0-812c-47ba-92d3-39d407ceba84-S0
I1016 17:57:03.645505 29303 hierarchical.cpp:220] Removed framework 3a885ce0-812c-47ba-92d3-39d407ceba84-0000
I1016 17:57:03.645882 29302 slave.cpp:3258] master@172.17.8.10:43676 exited
W1016 17:57:03.645997 29302 slave.cpp:3261] Master disconnected! Waiting for a new master to be elected
I1016 17:57:03.649463 29303 containerizer.cpp:1095] Destroying container '3a9e2eac-c090-41de-aaf2-3efc6bc91af9'
I1016 17:57:03.700703 29310 containerizer.cpp:1278] Executor for container '3a9e2eac-c090-41de-aaf2-3efc6bc91af9' has exited
I1016 17:57:03.704169 29301 slave.cpp:3542] Executor '2' of framework 3a885ce0-812c-47ba-92d3-39d407ceba84-0000 terminated with signal Killed
I1016 17:57:03.705071 29295 status_update_manager.cpp:530] Cleaning up status update stream for task 2 of framework 3a885ce0-812c-47ba-92d3-39d407ceba84-0000
I1016 17:57:03.705519 29295 slave.cpp:2355] Status update manager successfully handled status update acknowledgement (UUID: 97e333f2-7a6f-4136-9830-c987dd8488e9) for task 2 of framework 3a885ce0-812c-47ba-92d3-39d407ceba84-0000
I1016 17:57:03.705584 29295 slave.cpp:5330] Completing task 2
I1016 17:57:03.705623 29295 slave.cpp:3646] Cleaning up executor '2' of framework 3a885ce0-812c-47ba-92d3-39d407ceba84-0000
I1016 17:57:03.706037 29308 gc.cpp:56] Scheduling '/tmp/FetcherCacheTest_FallbackFromEviction_HSOl47/slaves/3a885ce0-812c-47ba-92d3-39d407ceba84-S0/frameworks/3a885ce0-812c-47ba-92d3-39d407ceba84-0000/executors/2/runs/3a9e2eac-c090-41de-aaf2-3efc6bc91af9' for gc 6.99999183032593days in the future
I1016 17:57:03.706228 29310 gc.cpp:56] Scheduling '/tmp/FetcherCacheTest_FallbackFromEviction_HSOl47/slaves/3a885ce0-812c-47ba-92d3-39d407ceba84-S0/frameworks/3a885ce0-812c-47ba-92d3-39d407ceba84-0000/executors/2' for gc 6.99999182694518days in the future
I1016 17:57:03.706372 29310 gc.cpp:56] Scheduling '/tmp/FetcherCacheTest_FallbackFromEviction_HSOl47/meta/slaves/3a885ce0-812c-47ba-92d3-39d407ceba84-S0/frameworks/3a885ce0-812c-47ba-92d3-39d407ceba84-0000/executors/2/runs/3a9e2eac-c090-41de-aaf2-3efc6bc91af9' for gc 6.99999182574222days in the future
I1016 17:57:03.706395 29295 slave.cpp:3735] Cleaning up framework 3a885ce0-812c-47ba-92d3-39d407ceba84-0000
I1016 17:57:03.706465 29310 gc.cpp:56] Scheduling '/tmp/FetcherCacheTest_FallbackFromEviction_HSOl47/meta/slaves/3a885ce0-812c-47ba-92d3-39d407ceba84-S0/frameworks/3a885ce0-812c-47ba-92d3-39d407ceba84-0000/executors/2' for gc 6.99999182474667days in the future
I1016 17:57:03.706521 29304 status_update_manager.cpp:284] Closing status update streams for framework 3a885ce0-812c-47ba-92d3-39d407ceba84-0000
I1016 17:57:03.706658 29295 slave.cpp:606] Slave terminating
I1016 17:57:03.706655 29310 gc.cpp:56] Scheduling '/tmp/FetcherCacheTest_FallbackFromEviction_HSOl47/slaves/3a885ce0-812c-47ba-92d3-39d407ceba84-S0/frameworks/3a885ce0-812c-47ba-92d3-39d407ceba84-0000' for gc 6.9999918229037days in the future
I1016 17:57:03.706863 29310 gc.cpp:56] Scheduling '/tmp/FetcherCacheTest_FallbackFromEviction_HSOl47/meta/slaves/3a885ce0-812c-47ba-92d3-39d407ceba84-S0/frameworks/3a885ce0-812c-47ba-92d3-39d407ceba84-0000' for gc 6.99999182190815days in the future
[       OK ] FetcherCacheTest.FallbackFromEviction (2617 ms)
{code}