Was failing consistently on CentOS7 after the MESOS-313 changes, so I disabled the test for now.
commit e1f99010e13b3d0e918d875f24f63075855e2cc7
Author: Adam B <adam@mesosphere.io>
Date:   Thu Jan 7 15:56:05 2016 -0800

    Disabled flaky/failing TerminatingSlaveDoesNotReregister test.

I'll post some inconclusive findings since my last change seems to made this test from "flaky" to "failing".

In short, clock/timer implementation in {{libevent}} seems to allow a timer to be created *out of order* w.r.t to {{Clock::advance()}} in certain cases. As a result, timer created after Clock advancing code was not affected by that and instead waiting for a real wall time of 120s ({{slave::REGISTER_RETRY_INTERVAL_MAX * 2}}), which is longer than the default 15s of {{AWAIT_READY}}.

I took a snippet of log to run the test with {{--libevent}} and {{GLOG_v=3}}:
{panel}
I0114 23:25:16.880738 129300 authenticator.cpp:317] Authentication success
I0114 23:25:16.880803 129295 process.cpp:2502] Resuming master@127.0.0.1:31370 at 2016-01-14 23:25:16.878512896+00:00
I0114 23:25:16.880844 129301 process.cpp:2502] Resuming crammd5_authenticator(1)@127.0.0.1:31370 at 2016-01-14 23:25:16.878512896+00:00
I0114 23:25:16.880861 129295 master.cpp:5475] Successfully authenticated principal 'test-principal' at slave(1)@127.0.0.1:31370
I0114 23:25:16.880903 129301 authenticator.cpp:431] Authentication session cleanup for crammd5_authenticatee(3)@127.0.0.1:31370
I0114 23:25:16.880873 129298 process.cpp:2502] Resuming crammd5_authenticatee(3)@127.0.0.1:31370 at 2016-01-14 23:25:16.878512896+00:00
I0114 23:25:16.880975 129301 process.cpp:2800] Donating thread to crammd5_authenticator_session(3)@127.0.0.1:31370 while waiting
I0114 23:25:16.880991 129298 authenticatee.cpp:298] Authentication success
I0114 23:25:16.881000 129301 process.cpp:2502] Resuming crammd5_authenticator_session(3)@127.0.0.1:31370 at 2016-01-14 23:25:16.878512896+00:00
I0114 23:25:16.881027 129301 process.cpp:2607] Cleaning up crammd5_authenticator_session(3)@127.0.0.1:31370
I0114 23:25:16.881069 129298 process.cpp:2502] Resuming slave(1)@127.0.0.1:31370 at 2016-01-14 23:25:16.878512896+00:00
I0114 23:25:16.881184 129300 process.cpp:2502] Resuming crammd5_authenticatee(3)@127.0.0.1:31370 at 2016-01-14 23:25:16.878512896+00:00
I0114 23:25:16.881225 129300 process.cpp:2607] Cleaning up crammd5_authenticatee(3)@127.0.0.1:31370
I0114 23:25:16.881301 129298 slave.cpp:860] Successfully authenticated with master master@127.0.0.1:31370
I0114 23:25:16.881631 129296 process.cpp:2502] Resuming master@127.0.0.1:31370 at 2016-01-14 23:25:16.878512896+00:00
I0114 23:25:16.881629 129298 slave.cpp:1254] Will retry registration in 2.172151ms if necessary
I0114 23:25:16.881724 129298 clock.cpp:279] Created a timer for slave(1)@127.0.0.1:31370 in 2.172151ms in the future (2016-01-14 23:25:16.880685047+00:00)
I0114 23:25:16.881906 129296 master.cpp:4314] Re-registering slave a9a5fba6-3191-424d-a1cf-5d12f35ada17-S0 at slave(1)@127.0.0.1:31370 (localhost)
I0114 23:25:16.882228 129294 process.cpp:2502] Resuming slave(1)@127.0.0.1:31370 at 2016-01-14 23:25:16.878512896+00:00
I0114 23:25:16.882613 129295 process.cpp:2502] Resuming slave(1)@127.0.0.1:31370 at 2016-01-14 23:25:16.878512896+00:00
I0114 23:25:16.882622 129296 master.cpp:4502] Sending updated checkpointed resources  to slave a9a5fba6-3191-424d-a1cf-5d12f35ada17-S0 at slave(1)@127.0.0.1:31370 (localhost)
I0114 23:25:16.882712 129295 pid.cpp:93] Attempting to parse 'scheduler-72698b83-ea69-4f94-ac79-1fe005ba5ea9@127.0.0.1:31370' into a PID
W0114 23:25:16.882750 129295 slave.cpp:2162] Dropping updateFramework message for a9a5fba6-3191-424d-a1cf-5d12f35ada17-0000 because the slave is in DISCONNECTED state
I0114 23:25:16.882935 129295 slave.cpp:2277] Updated checkpointed resources from  to 
I0114 23:25:16.883074 129302 clock.cpp:152] Handling timers up to 2016-01-14 23:25:16.878512896+00:00
I0114 23:25:16.883116 129302 clock.cpp:197] Clock has settled
I0114 23:25:16.888927 129289 clock.cpp:465] Clock is settled
I0114 23:25:16.889067 129289 clock.cpp:381] Clock advanced (2mins) to 0x20681f0
I0114 23:25:16.889143 129302 clock.cpp:152] Handling timers up to 2016-01-14 23:27:16.878512896+00:00
I0114 23:25:16.889176 129302 clock.cpp:159] Have timeout(s) at 2016-01-14 23:25:16.880685047+00:00
I0114 23:25:16.889196 129302 clock.cpp:159] Have timeout(s) at 2016-01-14 23:25:16.882896819+00:00
I0114 23:25:16.889209 129302 clock.cpp:159] Have timeout(s) at 2016-01-14 23:25:16.965011968+00:00
I0114 23:25:16.889220 129302 clock.cpp:159] Have timeout(s) at 2016-01-14 23:25:17.800440064+00:00
I0114 23:25:16.889231 129302 clock.cpp:159] Have timeout(s) at 2016-01-14 23:25:18.572319400+00:00
I0114 23:25:16.889242 129302 clock.cpp:159] Have timeout(s) at 2016-01-14 23:25:21.561927936+00:00
I0114 23:25:16.889253 129302 clock.cpp:159] Have timeout(s) at 2016-01-14 23:25:21.847002880+00:00
I0114 23:25:16.889263 129302 clock.cpp:159] Have timeout(s) at 2016-01-14 23:25:21.847010048+00:00
I0114 23:25:16.889278 129302 clock.cpp:159] Have timeout(s) at 2016-01-14 23:25:21.847998976+00:00
I0114 23:25:16.889291 129302 clock.cpp:159] Have timeout(s) at 2016-01-14 23:25:21.848186112+00:00
I0114 23:25:16.889300 129302 clock.cpp:159] Have timeout(s) at 2016-01-14 23:25:21.866167040+00:00
I0114 23:25:16.889313 129302 clock.cpp:159] Have timeout(s) at 2016-01-14 23:25:21.878512896+00:00
I0114 23:25:16.889335 129302 clock.cpp:159] Have timeout(s) at 2016-01-14 23:25:26.810558976+00:00
I0114 23:25:16.889349 129302 clock.cpp:159] Have timeout(s) at 2016-01-14 23:25:26.877099008+00:00
I0114 23:25:16.889360 129302 clock.cpp:159] Have timeout(s) at 2016-01-14 23:25:31.846153984+00:00
I0114 23:25:16.889371 129302 clock.cpp:159] Have timeout(s) at 2016-01-14 23:25:31.847229952+00:00
I0114 23:25:16.889382 129302 clock.cpp:159] Have timeout(s) at 2016-01-14 23:25:31.857804032+00:00
I0114 23:25:16.889394 129302 clock.cpp:159] Have timeout(s) at 2016-01-14 23:26:16.843522048+00:00
I0114 23:25:16.889405 129302 clock.cpp:159] Have timeout(s) at 2016-01-14 23:26:16.874211072+00:00
I0114 23:25:16.889420 129302 clock.cpp:159] Have timeout(s) at 2016-01-14 23:26:31.858716928+00:00
I0114 23:25:16.889433 129302 clock.cpp:159] Have timeout(s) at 2016-01-14 23:26:41.746949888+00:00
I0114 23:25:16.889492 129302 clock.cpp:435] Clock of slave(1)@127.0.0.1:31370 updated to 2016-01-14 23:25:16.880685047+00:00
I0114 23:25:16.889524 129302 clock.cpp:435] Clock of slave(1)@127.0.0.1:31370 updated to 2016-01-14 23:25:16.882896819+00:00
I0114 23:25:16.889550 129302 clock.cpp:435] Clock of reaper(1)@127.0.0.1:31370 updated to 2016-01-14 23:25:16.965011968+00:00
I0114 23:25:16.889576 129302 clock.cpp:435] Clock of (1)@127.0.0.1:31370 updated to 2016-01-14 23:25:17.800440064+00:00
I0114 23:25:16.889600 129302 clock.cpp:435] Clock of scheduler-72698b83-ea69-4f94-ac79-1fe005ba5ea9@127.0.0.1:31370 updated to 2016-01-14 23:25:18.572319400+00:00
I0114 23:25:16.889622 129302 clock.cpp:435] Clock of slave(1)@127.0.0.1:31370 updated to 2016-01-14 23:25:21.847002880+00:00
I0114 23:25:16.889639 129302 clock.cpp:435] Clock of scheduler-72698b83-ea69-4f94-ac79-1fe005ba5ea9@127.0.0.1:31370 updated to 2016-01-14 23:25:21.847010048+00:00
I0114 23:25:16.889655 129302 clock.cpp:435] Clock of master@127.0.0.1:31370 updated to 2016-01-14 23:25:21.847998976+00:00
I0114 23:25:16.889670 129302 clock.cpp:435] Clock of master@127.0.0.1:31370 updated to 2016-01-14 23:25:21.848186112+00:00
I0114 23:25:16.889684 129302 clock.cpp:435] Clock of (1)@127.0.0.1:31370 updated to 2016-01-14 23:25:21.866167040+00:00
I0114 23:25:16.889698 129302 clock.cpp:435] Clock of slave(1)@127.0.0.1:31370 updated to 2016-01-14 23:25:21.878512896+00:00
I0114 23:25:16.889717 129302 clock.cpp:435] Clock of master@127.0.0.1:31370 updated to 2016-01-14 23:25:21.878512896+00:00
I0114 23:25:16.889734 129302 clock.cpp:435] Clock of (12)@127.0.0.1:31370 updated to 2016-01-14 23:25:26.877099008+00:00
I0114 23:25:16.889750 129302 clock.cpp:435] Clock of slave(1)@127.0.0.1:31370 updated to 2016-01-14 23:25:31.847229952+00:00
I0114 23:25:16.889768 129302 clock.cpp:435] Clock of slave-observer(1)@127.0.0.1:31370 updated to 2016-01-14 23:25:31.857804032+00:00
I0114 23:25:16.889788 129302 clock.cpp:435] Clock of slave(1)@127.0.0.1:31370 updated to 2016-01-14 23:26:16.843522048+00:00
I0114 23:25:16.889803 129302 clock.cpp:435] Clock of slave(1)@127.0.0.1:31370 updated to 2016-01-14 23:26:16.874211072+00:00
I0114 23:25:16.889818 129302 clock.cpp:435] Clock of slave(1)@127.0.0.1:31370 updated to 2016-01-14 23:26:31.858716928+00:00
I0114 23:25:16.889840 129302 clock.cpp:435] Clock of slave(1)@127.0.0.1:31370 updated to 2016-01-14 23:27:16.878512896+00:00
I0114 23:25:16.889869 129302 clock.cpp:435] Clock of reaper(1)@127.0.0.1:31370 updated to 2016-01-14 23:27:16.878512896+00:00
I0114 23:25:16.889911 129302 clock.cpp:435] Clock of (1)@127.0.0.1:31370 updated to 2016-01-14 23:27:16.878512896+00:00
I0114 23:25:16.889961 129295 process.cpp:2502] Resuming (1)@127.0.0.1:31370 at 2016-01-14 23:27:16.878512896+00:00
I0114 23:25:16.889979 129302 clock.cpp:435] Clock of scheduler-72698b83-ea69-4f94-ac79-1fe005ba5ea9@127.0.0.1:31370 updated to 2016-01-14 23:27:16.878512896+00:00
I0114 23:25:16.890038 129302 process.cpp:2459] Dropping event for process __waiter__(1)@127.0.0.1:31370
I0114 23:25:16.890038 129300 process.cpp:2502] Resuming scheduler-72698b83-ea69-4f94-ac79-1fe005ba5ea9@127.0.0.1:31370 at 2016-01-14 23:27:16.878512896+00:00
I0114 23:25:16.890151 129301 process.cpp:2502] Resuming scheduler-72698b83-ea69-4f94-ac79-1fe005ba5ea9@127.0.0.1:31370 at 2016-01-14 23:27:16.878512896+00:00
I0114 23:25:16.890157 129302 clock.cpp:435] Clock of master@127.0.0.1:31370 updated to 2016-01-14 23:27:16.878512896+00:00
I0114 23:25:16.890240 129299 process.cpp:2502] Resuming reaper(1)@127.0.0.1:31370 at 2016-01-14 23:27:16.878512896+00:00
I0114 23:25:16.890247 129297 process.cpp:2502] Resuming slave(1)@127.0.0.1:31370 at 2016-01-14 23:27:16.878512896+00:00
I0114 23:25:16.890326 129299 clock.cpp:279] Created a timer for reaper(1)@127.0.0.1:31370 in 100ms in the future (2016-01-14 23:27:16.978512896+00:00)
I0114 23:25:16.890338 129297 slave.cpp:643] Slave asked to shut down by master@127.0.0.1:31370
I0114 23:25:16.890390 129299 process.cpp:2502] Resuming master@127.0.0.1:31370 at 2016-01-14 23:27:16.878512896+00:00
I0114 23:25:16.890447 129297 slave.cpp:2012] Asked to shut down framework a9a5fba6-3191-424d-a1cf-5d12f35ada17-0000 by master@127.0.0.1:31370
I0114 23:25:16.890486 129297 slave.cpp:2037] Shutting down framework a9a5fba6-3191-424d-a1cf-5d12f35ada17-0000
I0114 23:25:16.890527 129295 hierarchical.cpp:1302] Allocating cpus(*):1; mem(*):960; disk(*):1024; ports(*):[31000-32000] on slave a9a5fba6-3191-424d-a1cf-5d12f35ada17-S0 to framework a9a5fba6-3191-424d-a1cf-5d12f35ada17-0000
I0114 23:25:16.890581 129302 clock.cpp:435] Clock of (12)@127.0.0.1:31370 updated to 2016-01-14 23:27:16.878512896+00:00
I0114 23:25:16.890629 129297 slave.cpp:4062] Shutting down executor 'default' of framework a9a5fba6-3191-424d-a1cf-5d12f35ada17-0000 at executor(1)@127.0.0.1:31370
I0114 23:25:16.890657 129300 process.cpp:2502] Resuming (12)@127.0.0.1:31370 at 2016-01-14 23:27:16.878512896+00:00
I0114 23:25:16.890640 129302 process.cpp:2459] Dropping event for process __waiter__(3)@127.0.0.1:31370
I0114 23:25:16.890688 129297 clock.cpp:435] Clock of executor(1)@127.0.0.1:31370 updated to 2016-01-14 23:27:16.878512896+00:00
I0114 23:25:16.890764 129299 process.cpp:2502] Resuming executor(1)@127.0.0.1:31370 at 2016-01-14 23:27:16.878512896+00:00
I0114 23:25:16.890807 129297 clock.cpp:279] Created a timer for slave(1)@127.0.0.1:31370 in 2mins in the future (2016-01-14 23:29:16.878512896+00:00)
I0114 23:25:16.890839 129302 clock.cpp:435] Clock of slave-observer(1)@127.0.0.1:31370 updated to 2016-01-14 23:27:16.878512896+00:00
I0114 23:25:16.890872 129295 hierarchical.cpp:1423] No inverse offers to send out!
I0114 23:25:16.890954 129301 process.cpp:2502] Resuming master@127.0.0.1:31370 at 2016-01-14 23:27:16.878512896+00:00
I0114 23:25:16.890970 129295 hierarchical.cpp:1079] Performed allocation for 1 slaves in 951514ns
I0114 23:25:16.891015 129302 process.cpp:2459] Dropping event for process __waiter__(2)@127.0.0.1:31370
I0114 23:25:16.891034 129295 clock.cpp:279] Created a timer for (1)@127.0.0.1:31370 in 1secs in the future (2016-01-14 23:27:17.878512896+00:00)
I0114 23:25:16.891047 129302 clock.cpp:197] Clock has settled
I0114 23:25:16.890995 129300 process.cpp:2502] Resuming slave-observer(1)@127.0.0.1:31370 at 2016-01-14 23:27:16.878512896+00:00
I0114 23:25:16.891175 129300 clock.cpp:279] Created a timer for slave-observer(1)@127.0.0.1:31370 in 15secs in the future (2016-01-14 23:27:31.878512896+00:00)
I0114 23:25:16.891261 129301 master.cpp:5274] Sending 1 offers to framework a9a5fba6-3191-424d-a1cf-5d12f35ada17-0000 (default) at scheduler-72698b83-ea69-4f94-ac79-1fe005ba5ea9@127.0.0.1:31370
I0114 23:25:16.891410 129300 process.cpp:2502] Resuming scheduler-72698b83-ea69-4f94-ac79-1fe005ba5ea9@127.0.0.1:31370 at 2016-01-14 23:27:16.878512896+00:00
I0114 23:25:16.891501 129297 slave.cpp:1125] Skipping registration because slave is terminating
I0114 23:25:16.891551 129297 slave.cpp:1125] Skipping registration because slave is terminating
I0114 23:25:16.891572 129300 pid.cpp:93] Attempting to parse 'master@127.0.0.1:31370' into a PID
I0114 23:25:16.891604 129300 sched.cpp:795] Received 1 offers
I0114 23:25:16.891623 129297 slave.cpp:4601] Querying resource estimator for oversubscribable resources
I0114 23:25:16.891635 129300 pid.cpp:93] Attempting to parse 'slave(1)@127.0.0.1:31370' into a PID
I0114 23:25:16.891669 129300 sched.cpp:805] Saving PID 'slave(1)@127.0.0.1:31370'
I0114 23:25:16.891683 129297 clock.cpp:435] Clock of (13)@127.0.0.1:31370 updated to 2016-01-14 23:27:16.878512896+00:00
I0114 23:25:16.891736 129300 sched.cpp:819] Scheduler::resourceOffers took 15034ns
I0114 23:25:16.891798 129300 process.cpp:2502] Resuming (13)@127.0.0.1:31370 at 2016-01-14 23:27:16.878512896+00:00
I0114 23:25:16.891907 129297 slave.cpp:4157] Ignoring registration timeout for executor 'default' because the  framework a9a5fba6-3191-424d-a1cf-5d12f35ada17-0000 is terminating
I0114 23:25:16.891988 129297 slave.cpp:3407] No pings from master received within 75secs
I0114 23:25:16.892041 129297 slave.cpp:3371] Received ping from slave-observer(1)@127.0.0.1:31370
I0114 23:25:16.892079 129297 clock.cpp:279] Created a timer for slave(1)@127.0.0.1:31370 in 75secs in the future (2016-01-14 23:28:31.878512896+00:00)
I0114 23:25:16.892169 129301 process.cpp:2502] Resuming slave-observer(1)@127.0.0.1:31370 at 2016-01-14 23:27:16.878512896+00:00
I0114 23:25:16.892174 129297 slave.cpp:4238] Current disk usage 28.78%. Max allowed age: 4.285739606220718days
I0114 23:25:16.892249 129297 clock.cpp:435] Clock of (11)@127.0.0.1:31370 updated to 2016-01-14 23:27:16.878512896+00:00
I0114 23:25:16.892308 129297 clock.cpp:279] Created a timer for slave(1)@127.0.0.1:31370 in 1mins in the future (2016-01-14 23:28:16.878512896+00:00)
I0114 23:25:16.892303 129298 process.cpp:2502] Resuming (11)@127.0.0.1:31370 at 2016-01-14 23:27:16.878512896+00:00
I0114 23:25:16.892375 129297 slave.cpp:4615] Received oversubscribable resources  from the resource estimator
I0114 23:25:16.892424 129297 clock.cpp:279] Created a timer for slave(1)@127.0.0.1:31370 in 15secs in the future (2016-01-14 23:27:31.878512896+00:00)
I0114 23:25:16.899250 129289 clock.cpp:465] Clock is settled
I0114 23:25:16.899281 129289 clock.cpp:361] Clock resumed at 0x20681f0
I0114 23:25:16.899389 129289 process.cpp:2492] Spawned process __latch__(11)@127.0.0.1:31370
I0114 23:25:16.899410 129294 process.cpp:2502] Resuming __gc__@127.0.0.1:31370 at 2016-01-14 23:27:16.899399936+00:00
I0114 23:25:16.899416 129295 process.cpp:2502] Resuming __latch__(11)@127.0.0.1:31370 at 2016-01-14 23:27:16.899409920+00:00
I0114 23:25:16.899461 129289 process.cpp:2492] Spawned process __waiter__(4)@127.0.0.1:31370
I0114 23:25:16.899464 129295 process.cpp:2502] Resuming __waiter__(4)@127.0.0.1:31370 at 2016-01-14 23:27:16.899459072+00:00
I0114 23:25:16.899516 129295 process.cpp:3372] Running waiter process for __latch__(11)@127.0.0.1:31370
I0114 23:25:16.899591 129295 clock.cpp:279] Created a timer for __waiter__(4)@127.0.0.1:31370 in 2mins in the future (2016-01-14 23:29:16.899578880+00:00)
I0114 23:25:16.979509 129302 clock.cpp:152] Handling timers up to 2016-01-14 23:27:16.979500032+00:00
I0114 23:25:16.979542 129302 clock.cpp:159] Have timeout(s) at 2016-01-14 23:27:16.978512896+00:00
I0114 23:25:16.979636 129300 process.cpp:2502] Resuming reaper(1)@127.0.0.1:31370 at 2016-01-14 23:27:16.979628032+00:00
I0114 23:25:16.979722 129300 clock.cpp:279] Created a timer for reaper(1)@127.0.0.1:31370 in 100ms in the future (2016-01-14 23:27:17.079695104+00:00)
I0114 23:25:17.079978 129302 clock.cpp:152] Handling timers up to 2016-01-14 23:27:17.079970048+00:00
I0114 23:25:17.080010 129302 clock.cpp:159] Have timeout(s) at 2016-01-14 23:27:17.079695104+00:00
I0114 23:25:17.080107 129296 process.cpp:2502] Resuming reaper(1)@127.0.0.1:31370 at 2016-01-14 23:27:17.080089088+00:00
I0114 23:25:17.080185 129296 clock.cpp:279] Created a timer for reaper(1)@127.0.0.1:31370 in 100ms in the future (2016-01-14 23:27:17.180174080+00:00)
I0114 23:25:17.180435 129302 clock.cpp:152] Handling timers up to 2016-01-14 23:27:17.180428032+00:00
I0114 23:25:17.180455 129302 clock.cpp:159] Have timeout(s) at 2016-01-14 23:27:17.180174080+00:00
I0114 23:25:17.180527 129294 process.cpp:2502] Resuming reaper(1)@127.0.0.1:31370 at 2016-01-14 23:27:17.180517888+00:00
I0114 23:25:17.180594 129294 clock.cpp:279] Created a timer for reaper(1)@127.0.0.1:31370 in 100ms in the future (2016-01-14 23:27:17.280582912+00:00)
I0114 23:25:17.280858 129302 clock.cpp:152] Handling timers up to 2016-01-14 23:27:17.280848896+00:00
I0114 23:25:17.280877 129302 clock.cpp:159] Have timeout(s) at 2016-01-14 23:27:17.280582912+00:00
I0114 23:25:17.280952 129298 process.cpp:2502] Resuming reaper(1)@127.0.0.1:31370 at 2016-01-14 23:27:17.280943104+00:00
I0114 23:25:17.281026 129298 clock.cpp:279] Created a timer for reaper(1)@127.0.0.1:31370 in 100ms in the future (2016-01-14 23:27:17.381010944+00:00)
I0114 23:25:17.381288 129302 clock.cpp:152] Handling timers up to 2016-01-14 23:27:17.381277952+00:00
I0114 23:25:17.381310 129302 clock.cpp:159] Have timeout(s) at 2016-01-14 23:27:17.381010944+00:00
I0114 23:25:17.381389 129301 process.cpp:2502] Resuming reaper(1)@127.0.0.1:31370 at 2016-01-14 23:27:17.381379072+00:00
I0114 23:25:17.381469 129301 clock.cpp:279] Created a timer for reaper(1)@127.0.0.1:31370 in 100ms in the future (2016-01-14 23:27:17.481444096+00:00)
I0114 23:25:17.481712 129302 clock.cpp:152] Handling timers up to 2016-01-14 23:27:17.481701888+00:00
I0114 23:25:17.481737 129302 clock.cpp:159] Have timeout(s) at 2016-01-14 23:27:17.481444096+00:00
I0114 23:25:17.481827 129299 process.cpp:2502] Resuming reaper(1)@127.0.0.1:31370 at 2016-01-14 23:27:17.481814016+00:00
I0114 23:25:17.481910 129299 clock.cpp:279] Created a timer for reaper(1)@127.0.0.1:31370 in 100ms in the future (2016-01-14 23:27:17.581893120+00:00)
I0114 23:25:17.582175 129302 clock.cpp:152] Handling timers up to 2016-01-14 23:27:17.582166016+00:00
I0114 23:25:17.582195 129302 clock.cpp:159] Have timeout(s) at 2016-01-14 23:27:17.581893120+00:00
I0114 23:25:17.582267 129295 process.cpp:2502] Resuming reaper(1)@127.0.0.1:31370 at 2016-01-14 23:27:17.582257920+00:00
I0114 23:25:17.582345 129295 clock.cpp:279] Created a timer for reaper(1)@127.0.0.1:31370 in 100ms in the future (2016-01-14 23:27:17.682319104+00:00)
I0114 23:25:17.682580 129302 clock.cpp:152] Handling timers up to 2016-01-14 23:27:17.682572032+00:00
I0114 23:25:17.682602 129302 clock.cpp:159] Have timeout(s) at 2016-01-14 23:27:17.682319104+00:00
I0114 23:25:17.682680 129300 process.cpp:2502] Resuming reaper(1)@127.0.0.1:31370 at 2016-01-14 23:27:17.682669056+00:00
I0114 23:25:17.682754 129300 clock.cpp:279] Created a timer for reaper(1)@127.0.0.1:31370 in 100ms in the future (2016-01-14 23:27:17.782738944+00:00)
I0114 23:25:17.783025 129302 clock.cpp:152] Handling timers up to 2016-01-14 23:27:17.783015936+00:00
I0114 23:25:17.783044 129302 clock.cpp:159] Have timeout(s) at 2016-01-14 23:27:17.782738944+00:00
I0114 23:25:17.783126 129296 process.cpp:2502] Resuming reaper(1)@127.0.0.1:31370 at 2016-01-14 23:27:17.783115008+00:00
I0114 23:25:17.783179 129296 clock.cpp:279] Created a timer for reaper(1)@127.0.0.1:31370 in 100ms in the future (2016-01-14 23:27:17.883169024+00:00)
I0114 23:25:17.879277 129302 clock.cpp:152] Handling timers up to 2016-01-14 23:27:17.879269888+00:00
I0114 23:25:17.879297 129302 clock.cpp:159] Have timeout(s) at 2016-01-14 23:27:17.878512896+00:00
I0114 23:25:17.879389 129296 process.cpp:2502] Resuming (1)@127.0.0.1:31370 at 2016-01-14 23:27:17.879379968+00:00
I0114 23:25:17.879603 129296 hierarchical.cpp:1329] No resources available to allocate!
I0114 23:25:17.879639 129296 hierarchical.cpp:1423] No inverse offers to send out!
I0114 23:25:17.879658 129296 hierarchical.cpp:1079] Performed allocation for 1 slaves in 231805ns
{panel}

As you can see, the {{Clock advanced (2mins) }} line happened before {{Created a timer for slave(1)@127.0.0.1:31370 in 2mins}} line.

I guess it's probably more productive to loop in author of libevent here?


