I0627 11:28:25.689927  4606 auxprop.cpp:131] Skipping auxiliary property '*cmusaslsecretCRAM-MD5' since SASL_AUXPROP_AUTHZID == true
I0627 11:28:25.689956  4606 authenticator.cpp:318] Authentication success
I0627 11:28:25.690299  4611 authenticatee.cpp:299] Authentication success
I0627 11:28:25.690548  4608 master.cpp:7670] Successfully authenticated principal 'test-principal' at scheduler-9d3251f2-34b1-4de4-916b-4ecad980ce20@172.17.0.4:34439
I0627 11:28:25.691179  4608 sched.cpp:513] Successfully authenticated with master master@172.17.0.4:34439
I0627 11:28:25.691223  4608 sched.cpp:836] Sending SUBSCRIBE call to master@172.17.0.4:34439
I0627 11:28:25.691478  4608 sched.cpp:869] Will retry registration in 506.012302ms if necessary
I0627 11:28:25.692373  4613 master.cpp:2853] Received SUBSCRIBE call for framework 'default' at scheduler-9d3251f2-34b1-4de4-916b-4ecad980ce20@172.17.0.4:34439
I0627 11:28:25.692507  4613 master.cpp:2197] Authorizing framework principal 'test-principal' to receive offers for roles '{ * }'
I0627 11:28:25.693007  4607 authenticator.cpp:432] Authentication session cleanup for crammd5-authenticatee(90)@172.17.0.4:34439
I0627 11:28:25.693644  4609 master.cpp:2933] Subscribing framework default with checkpointing enabled and capabilities [ RESERVATION_REFINEMENT ]
I0627 11:28:25.695766  4606 state.cpp:64] Recovering state from '/tmp/DiskQuotaTest_SlaveRecovery_TEGyOn/meta'
I0627 11:28:25.696365  4608 status_update_manager.cpp:203] Recovering status update manager
I0627 11:28:25.696887  4610 containerizer.cpp:582] Recovering containerizer
I0627 11:28:25.696974  4609 sched.cpp:759] Framework registered with 08082988-3d7b-4a23-8092-66781efb5f6f-0000
I0627 11:28:25.697044  4609 sched.cpp:773] Scheduler::registered took 26808ns
I0627 11:28:25.699301  4612 hierarchical.cpp:301] Added framework 08082988-3d7b-4a23-8092-66781efb5f6f-0000
I0627 11:28:25.699854  4611 provisioner.cpp:416] Provisioner recovery complete
I0627 11:28:25.701205  4611 slave.cpp:6168] Finished recovery
I0627 11:28:25.702329  4611 slave.cpp:6350] Querying resource estimator for oversubscribable resources
I0627 11:28:25.702353  4612 hierarchical.cpp:1938] No allocations performed
I0627 11:28:25.702823  4612 hierarchical.cpp:2028] No inverse offers to send out!
I0627 11:28:25.702842  4606 status_update_manager.cpp:177] Pausing sending status updates
I0627 11:28:25.702854  4611 slave.cpp:946] New master detected at master@172.17.0.4:34439
I0627 11:28:25.702944  4611 slave.cpp:981] Detecting new master
I0627 11:28:25.703294  4612 hierarchical.cpp:1493] Performed allocation for 0 agents in 922825ns
I0627 11:28:25.703327  4611 slave.cpp:6364] Received oversubscribable resources {} from the resource estimator
I0627 11:28:25.710916  4608 slave.cpp:1008] Authenticating with master master@172.17.0.4:34439
I0627 11:28:25.711060  4608 slave.cpp:1019] Using default CRAM-MD5 authenticatee
I0627 11:28:25.711778  4606 authenticatee.cpp:121] Creating new client SASL connection
I0627 11:28:25.712440  4610 master.cpp:7640] Authenticating slave(42)@172.17.0.4:34439
I0627 11:28:25.712610  4606 authenticator.cpp:414] Starting authentication session for crammd5-authenticatee(91)@172.17.0.4:34439
I0627 11:28:25.713173  4612 authenticator.cpp:98] Creating new server SASL connection
I0627 11:28:25.713692  4606 authenticatee.cpp:213] Received SASL authentication mechanisms: CRAM-MD5
I0627 11:28:25.713737  4606 authenticatee.cpp:239] Attempting to authenticate with mechanism 'CRAM-MD5'
I0627 11:28:25.713897  4606 authenticator.cpp:204] Received SASL authentication start
I0627 11:28:25.713965  4606 authenticator.cpp:326] Authentication requires more steps
I0627 11:28:25.714078  4606 authenticatee.cpp:259] Received SASL authentication step
I0627 11:28:25.714196  4606 authenticator.cpp:232] Received SASL authentication step
I0627 11:28:25.714231  4606 auxprop.cpp:109] Request to lookup properties for user: 'test-principal' realm: '18fe836728c1' server FQDN: '18fe836728c1' SASL_AUXPROP_VERIFY_AGAINST_HASH: false SASL_AUXPROP_OVERRIDE: false SASL_AUXPROP_AUTHZID: false 
I0627 11:28:25.714262  4606 auxprop.cpp:181] Looking up auxiliary property '*userPassword'
I0627 11:28:25.714314  4606 auxprop.cpp:181] Looking up auxiliary property '*cmusaslsecretCRAM-MD5'
I0627 11:28:25.714349  4606 auxprop.cpp:109] Request to lookup properties for user: 'test-principal' realm: '18fe836728c1' server FQDN: '18fe836728c1' SASL_AUXPROP_VERIFY_AGAINST_HASH: false SASL_AUXPROP_OVERRIDE: false SASL_AUXPROP_AUTHZID: true 
I0627 11:28:25.714370  4606 auxprop.cpp:131] Skipping auxiliary property '*userPassword' since SASL_AUXPROP_AUTHZID == true
I0627 11:28:25.714388  4606 auxprop.cpp:131] Skipping auxiliary property '*cmusaslsecretCRAM-MD5' since SASL_AUXPROP_AUTHZID == true
I0627 11:28:25.714416  4606 authenticator.cpp:318] Authentication success
I0627 11:28:25.714669  4606 master.cpp:7670] Successfully authenticated principal 'test-principal' at slave(42)@172.17.0.4:34439
I0627 11:28:25.714696  4610 authenticatee.cpp:299] Authentication success
I0627 11:28:25.714792  4606 authenticator.cpp:432] Authentication session cleanup for crammd5-authenticatee(91)@172.17.0.4:34439
I0627 11:28:25.715456  4610 slave.cpp:1103] Successfully authenticated with master master@172.17.0.4:34439
I0627 11:28:25.716037  4610 slave.cpp:1545] Will retry registration in 10.731276ms if necessary
I0627 11:28:25.716719  4610 master.cpp:5602] Received register agent message from slave(42)@172.17.0.4:34439 (18fe836728c1)
I0627 11:28:25.721289  4610 master.cpp:3742] Authorizing agent with principal 'test-principal'
I0627 11:28:25.722479  4610 master.cpp:5662] Authorized registration of agent at slave(42)@172.17.0.4:34439 (18fe836728c1)
I0627 11:28:25.722918  4610 master.cpp:5741] Registering agent at slave(42)@172.17.0.4:34439 (18fe836728c1) with id 08082988-3d7b-4a23-8092-66781efb5f6f-S0
I0627 11:28:25.724043  4610 registrar.cpp:493] Applied 1 operations in 80112ns; attempting to update the registry
I0627 11:28:25.725690  4610 registrar.cpp:550] Successfully updated the registry in 1.545984ms
I0627 11:28:25.726526  4607 master.cpp:5788] Admitted agent 08082988-3d7b-4a23-8092-66781efb5f6f-S0 at slave(42)@172.17.0.4:34439 (18fe836728c1)
I0627 11:28:25.727670  4606 slave.cpp:4866] Received ping from slave-observer(39)@172.17.0.4:34439
I0627 11:28:25.728219  4609 slave.cpp:1149] Registered with master master@172.17.0.4:34439; given agent ID 08082988-3d7b-4a23-8092-66781efb5f6f-S0
I0627 11:28:25.728622  4609 slave.cpp:1169] Checkpointing SlaveInfo to '/tmp/DiskQuotaTest_SlaveRecovery_TEGyOn/meta/slaves/08082988-3d7b-4a23-8092-66781efb5f6f-S0/slave.info'
I0627 11:28:25.728693  4613 status_update_manager.cpp:184] Resuming sending status updates
I0627 11:28:25.727854  4607 master.cpp:5819] Registered agent 08082988-3d7b-4a23-8092-66781efb5f6f-S0 at slave(42)@172.17.0.4:34439 (18fe836728c1) with [{"name":"cpus","scalar":{"value":2.0},"type":"SCALAR"},{"name":"mem","scalar":{"value":1024.0},"type":"SCALAR"},{"name":"disk","scalar":{"value":1024.0},"type":"SCALAR"},{"name":"ports","ranges":{"range":[{"begin":31000,"end":32000}]},"type":"RANGES"}]
I0627 11:28:25.729125  4609 slave.cpp:1207] Forwarding total oversubscribed resources {}
I0627 11:28:25.729517  4608 master.cpp:6508] Received update of agent 08082988-3d7b-4a23-8092-66781efb5f6f-S0 at slave(42)@172.17.0.4:34439 (18fe836728c1) with total oversubscribed resources {}
I0627 11:28:25.729545  4612 hierarchical.cpp:587] Added agent 08082988-3d7b-4a23-8092-66781efb5f6f-S0 (18fe836728c1) with cpus:2; mem:1024; disk:1024; ports:[31000-32000] (allocated: {})
I0627 11:28:25.735695  4612 hierarchical.cpp:2028] No inverse offers to send out!
I0627 11:28:25.735797  4612 hierarchical.cpp:1493] Performed allocation for 1 agents in 1.82964ms
I0627 11:28:25.736918  4613 master.cpp:7470] Sending 1 offers to framework 08082988-3d7b-4a23-8092-66781efb5f6f-0000 (default) at scheduler-9d3251f2-34b1-4de4-916b-4ecad980ce20@172.17.0.4:34439
I0627 11:28:25.737856  4612 sched.cpp:933] Scheduler::resourceOffers took 148625ns
I0627 11:28:25.741363  4606 master.cpp:3957] Processing ACCEPT call for offers: [ 08082988-3d7b-4a23-8092-66781efb5f6f-O0 ] on agent 08082988-3d7b-4a23-8092-66781efb5f6f-S0 at slave(42)@172.17.0.4:34439 (18fe836728c1) for framework 08082988-3d7b-4a23-8092-66781efb5f6f-0000 (default) at scheduler-9d3251f2-34b1-4de4-916b-4ecad980ce20@172.17.0.4:34439
I0627 11:28:25.741518  4606 master.cpp:3469] Authorizing framework principal 'test-principal' to launch task ff8ba57f-6f59-43be-a7b4-10bfe6947a0f
I0627 11:28:25.744922  4613 master.cpp:9518] Adding task ff8ba57f-6f59-43be-a7b4-10bfe6947a0f with resources [{"allocation_info":{"role":"*"},"name":"cpus","scalar":{"value":1.0},"type":"SCALAR"},{"allocation_info":{"role":"*"},"name":"mem","scalar":{"value":128.0},"type":"SCALAR"},{"allocation_info":{"role":"*"},"name":"disk","scalar":{"value":3.0},"type":"SCALAR"}] on agent 08082988-3d7b-4a23-8092-66781efb5f6f-S0 at slave(42)@172.17.0.4:34439 (18fe836728c1)
I0627 11:28:25.745965  4613 master.cpp:4684] Launching task ff8ba57f-6f59-43be-a7b4-10bfe6947a0f of framework 08082988-3d7b-4a23-8092-66781efb5f6f-0000 (default) at scheduler-9d3251f2-34b1-4de4-916b-4ecad980ce20@172.17.0.4:34439 with resources [{"allocation_info":{"role":"*"},"name":"cpus","scalar":{"value":1.0},"type":"SCALAR"},{"allocation_info":{"role":"*"},"name":"mem","scalar":{"value":128.0},"type":"SCALAR"},{"allocation_info":{"role":"*"},"name":"disk","scalar":{"value":3.0},"type":"SCALAR"}] on agent 08082988-3d7b-4a23-8092-66781efb5f6f-S0 at slave(42)@172.17.0.4:34439 (18fe836728c1)
I0627 11:28:25.747490  4609 slave.cpp:1670] Got assigned task 'ff8ba57f-6f59-43be-a7b4-10bfe6947a0f' for framework 08082988-3d7b-4a23-8092-66781efb5f6f-0000
I0627 11:28:25.747772  4609 slave.cpp:7046] Checkpointing FrameworkInfo to '/tmp/DiskQuotaTest_SlaveRecovery_TEGyOn/meta/slaves/08082988-3d7b-4a23-8092-66781efb5f6f-S0/frameworks/08082988-3d7b-4a23-8092-66781efb5f6f-0000/framework.info'
I0627 11:28:25.748317  4609 slave.cpp:7057] Checkpointing framework pid 'scheduler-9d3251f2-34b1-4de4-916b-4ecad980ce20@172.17.0.4:34439' to '/tmp/DiskQuotaTest_SlaveRecovery_TEGyOn/meta/slaves/08082988-3d7b-4a23-8092-66781efb5f6f-S0/frameworks/08082988-3d7b-4a23-8092-66781efb5f6f-0000/framework.pid'
I0627 11:28:25.749523  4609 slave.cpp:1951] Authorizing task 'ff8ba57f-6f59-43be-a7b4-10bfe6947a0f' for framework 08082988-3d7b-4a23-8092-66781efb5f6f-0000
I0627 11:28:25.749619  4609 slave.cpp:6667] Authorizing framework principal 'test-principal' to launch task ff8ba57f-6f59-43be-a7b4-10bfe6947a0f
I0627 11:28:25.751346  4608 slave.cpp:2138] Launching task 'ff8ba57f-6f59-43be-a7b4-10bfe6947a0f' for framework 08082988-3d7b-4a23-8092-66781efb5f6f-0000
I0627 11:28:25.752502  4608 paths.cpp:577] Trying to chown '/tmp/DiskQuotaTest_SlaveRecovery_TEGyOn/slaves/08082988-3d7b-4a23-8092-66781efb5f6f-S0/frameworks/08082988-3d7b-4a23-8092-66781efb5f6f-0000/executors/ff8ba57f-6f59-43be-a7b4-10bfe6947a0f/runs/b48aebf7-8e3c-4761-9dc1-ae24ee0a76d9' to user 'mesos'
I0627 11:28:25.753129  4612 hierarchical.cpp:912] Updated allocation of framework 08082988-3d7b-4a23-8092-66781efb5f6f-0000 on agent 08082988-3d7b-4a23-8092-66781efb5f6f-S0 from cpus(allocated: *):2; mem(allocated: *):1024; disk(allocated: *):1024; ports(allocated: *):[31000-32000] to cpus(allocated: *):2; mem(allocated: *):1024; disk(allocated: *):1024; ports(allocated: *):[31000-32000]
I0627 11:28:25.753689  4608 slave.cpp:7515] Checkpointing ExecutorInfo to '/tmp/DiskQuotaTest_SlaveRecovery_TEGyOn/meta/slaves/08082988-3d7b-4a23-8092-66781efb5f6f-S0/frameworks/08082988-3d7b-4a23-8092-66781efb5f6f-0000/executors/ff8ba57f-6f59-43be-a7b4-10bfe6947a0f/executor.info'
I0627 11:28:25.754859  4608 slave.cpp:7127] Launching executor 'ff8ba57f-6f59-43be-a7b4-10bfe6947a0f' of framework 08082988-3d7b-4a23-8092-66781efb5f6f-0000 with resources [{"allocation_info":{"role":"*"},"name":"cpus","scalar":{"value":0.1},"type":"SCALAR"},{"allocation_info":{"role":"*"},"name":"mem","scalar":{"value":32.0},"type":"SCALAR"}] in work directory '/tmp/DiskQuotaTest_SlaveRecovery_TEGyOn/slaves/08082988-3d7b-4a23-8092-66781efb5f6f-S0/frameworks/08082988-3d7b-4a23-8092-66781efb5f6f-0000/executors/ff8ba57f-6f59-43be-a7b4-10bfe6947a0f/runs/b48aebf7-8e3c-4761-9dc1-ae24ee0a76d9'
I0627 11:28:25.756031  4612 hierarchical.cpp:1177] Recovered cpus(allocated: *):1; mem(allocated: *):896; disk(allocated: *):1021; ports(allocated: *):[31000-32000] (total: cpus:2; mem:1024; disk:1024; ports:[31000-32000], allocated: cpus(allocated: *):1; mem(allocated: *):128; disk(allocated: *):3) on agent 08082988-3d7b-4a23-8092-66781efb5f6f-S0 from framework 08082988-3d7b-4a23-8092-66781efb5f6f-0000
I0627 11:28:25.756362  4612 hierarchical.cpp:1214] Framework 08082988-3d7b-4a23-8092-66781efb5f6f-0000 filtered agent 08082988-3d7b-4a23-8092-66781efb5f6f-S0 for 5secs
I0627 11:28:25.756780  4608 slave.cpp:2833] Launching container b48aebf7-8e3c-4761-9dc1-ae24ee0a76d9 for executor 'ff8ba57f-6f59-43be-a7b4-10bfe6947a0f' of framework 08082988-3d7b-4a23-8092-66781efb5f6f-0000
I0627 11:28:25.757717  4608 slave.cpp:7543] Checkpointing TaskInfo to '/tmp/DiskQuotaTest_SlaveRecovery_TEGyOn/meta/slaves/08082988-3d7b-4a23-8092-66781efb5f6f-S0/frameworks/08082988-3d7b-4a23-8092-66781efb5f6f-0000/executors/ff8ba57f-6f59-43be-a7b4-10bfe6947a0f/runs/b48aebf7-8e3c-4761-9dc1-ae24ee0a76d9/tasks/ff8ba57f-6f59-43be-a7b4-10bfe6947a0f/task.info'
I0627 11:28:25.758275  4613 containerizer.cpp:1056] Starting container b48aebf7-8e3c-4761-9dc1-ae24ee0a76d9
I0627 11:28:25.760216  4608 slave.cpp:2367] Queued task 'ff8ba57f-6f59-43be-a7b4-10bfe6947a0f' for executor 'ff8ba57f-6f59-43be-a7b4-10bfe6947a0f' of framework 08082988-3d7b-4a23-8092-66781efb5f6f-0000
I0627 11:28:25.760396  4608 slave.cpp:899] Successfully attached file '/tmp/DiskQuotaTest_SlaveRecovery_TEGyOn/slaves/08082988-3d7b-4a23-8092-66781efb5f6f-S0/frameworks/08082988-3d7b-4a23-8092-66781efb5f6f-0000/executors/ff8ba57f-6f59-43be-a7b4-10bfe6947a0f/runs/b48aebf7-8e3c-4761-9dc1-ae24ee0a76d9'
I0627 11:28:25.760449  4608 slave.cpp:899] Successfully attached file '/tmp/DiskQuotaTest_SlaveRecovery_TEGyOn/slaves/08082988-3d7b-4a23-8092-66781efb5f6f-S0/frameworks/08082988-3d7b-4a23-8092-66781efb5f6f-0000/executors/ff8ba57f-6f59-43be-a7b4-10bfe6947a0f/runs/b48aebf7-8e3c-4761-9dc1-ae24ee0a76d9'
I0627 11:28:25.770684  4608 containerizer.cpp:1630] Launching 'mesos-containerizer' with flags '--help="false" --launch_info="{"command":{"arguments":["mesos-executor","--launcher_dir=\/mesos\/mesos-1.4.0\/_build\/src"],"shell":false,"value":"\/mesos\/mesos-1.4.0\/_build\/src\/mesos-executor"},"environment":{"variables":[{"name":"LIBPROCESS_PORT","type":"VALUE","value":"0"},{"name":"MESOS_AGENT_ENDPOINT","type":"VALUE","value":"172.17.0.4:34439"},{"name":"MESOS_CHECKPOINT","type":"VALUE","value":"1"},{"name":"MESOS_DIRECTORY","type":"VALUE","value":"\/tmp\/DiskQuotaTest_SlaveRecovery_TEGyOn\/slaves\/08082988-3d7b-4a23-8092-66781efb5f6f-S0\/frameworks\/08082988-3d7b-4a23-8092-66781efb5f6f-0000\/executors\/ff8ba57f-6f59-43be-a7b4-10bfe6947a0f\/runs\/b48aebf7-8e3c-4761-9dc1-ae24ee0a76d9"},{"name":"MESOS_EXECUTOR_ID","type":"VALUE","value":"ff8ba57f-6f59-43be-a7b4-10bfe6947a0f"},{"name":"MESOS_EXECUTOR_SHUTDOWN_GRACE_PERIOD","type":"VALUE","value":"5secs"},{"name":"MESOS_FRAMEWORK_ID","type":"VALUE","value":"08082988-3d7b-4a23-8092-66781efb5f6f-0000"},{"name":"MESOS_HTTP_COMMAND_EXECUTOR","type":"VALUE","value":"0"},{"name":"MESOS_RECOVERY_TIMEOUT","type":"VALUE","value":"15mins"},{"name":"MESOS_SLAVE_ID","type":"VALUE","value":"08082988-3d7b-4a23-8092-66781efb5f6f-S0"},{"name":"MESOS_SLAVE_PID","type":"VALUE","value":"slave(42)@172.17.0.4:34439"},{"name":"MESOS_SUBSCRIPTION_BACKOFF_MAX","type":"VALUE","value":"2secs"},{"name":"MESOS_SANDBOX","type":"VALUE","value":"\/tmp\/DiskQuotaTest_SlaveRecovery_TEGyOn\/slaves\/08082988-3d7b-4a23-8092-66781efb5f6f-S0\/frameworks\/08082988-3d7b-4a23-8092-66781efb5f6f-0000\/executors\/ff8ba57f-6f59-43be-a7b4-10bfe6947a0f\/runs\/b48aebf7-8e3c-4761-9dc1-ae24ee0a76d9"}]},"task_environment":{},"user":"mesos","working_directory":"\/tmp\/DiskQuotaTest_SlaveRecovery_TEGyOn\/slaves\/08082988-3d7b-4a23-8092-66781efb5f6f-S0\/frameworks\/08082988-3d7b-4a23-8092-66781efb5f6f-0000\/executors\/ff8ba57f-6f59-43be-a7b4-10bfe6947a0f\/runs\/b48aebf7-8e3c-4761-9dc1-ae24ee0a76d9"}" --pipe_read="6" --pipe_write="7" --runtime_directory="/tmp/DiskQuotaTest_SlaveRecovery_IXTvqp/containers/b48aebf7-8e3c-4761-9dc1-ae24ee0a76d9" --unshare_namespace_mnt="false"'
I0627 11:28:25.774238  4608 launcher.cpp:140] Forked child with pid '7138' for container 'b48aebf7-8e3c-4761-9dc1-ae24ee0a76d9'
I0627 11:28:25.774416  4608 containerizer.cpp:1722] Checkpointing container's forked pid 7138 to '/tmp/DiskQuotaTest_SlaveRecovery_TEGyOn/meta/slaves/08082988-3d7b-4a23-8092-66781efb5f6f-S0/frameworks/08082988-3d7b-4a23-8092-66781efb5f6f-0000/executors/ff8ba57f-6f59-43be-a7b4-10bfe6947a0f/runs/b48aebf7-8e3c-4761-9dc1-ae24ee0a76d9/pids/forked.pid'
I0627 11:28:25.778517  4613 fetcher.cpp:343] Starting to fetch URIs for container: b48aebf7-8e3c-4761-9dc1-ae24ee0a76d9, directory: /tmp/DiskQuotaTest_SlaveRecovery_TEGyOn/slaves/08082988-3d7b-4a23-8092-66781efb5f6f-S0/frameworks/08082988-3d7b-4a23-8092-66781efb5f6f-0000/executors/ff8ba57f-6f59-43be-a7b4-10bfe6947a0f/runs/b48aebf7-8e3c-4761-9dc1-ae24ee0a76d9
I0627 11:28:26.138146  7152 exec.cpp:162] Version: 1.4.0
I0627 11:28:26.157768  4613 slave.cpp:3866] Got registration for executor 'ff8ba57f-6f59-43be-a7b4-10bfe6947a0f' of framework 08082988-3d7b-4a23-8092-66781efb5f6f-0000 from executor(1)@172.17.0.4:43899
I0627 11:28:26.158663  4613 slave.cpp:3952] Checkpointing executor pid 'executor(1)@172.17.0.4:43899' to '/tmp/DiskQuotaTest_SlaveRecovery_TEGyOn/meta/slaves/08082988-3d7b-4a23-8092-66781efb5f6f-S0/frameworks/08082988-3d7b-4a23-8092-66781efb5f6f-0000/executors/ff8ba57f-6f59-43be-a7b4-10bfe6947a0f/runs/b48aebf7-8e3c-4761-9dc1-ae24ee0a76d9/pids/libprocess.pid'
I0627 11:28:26.161850  4613 disk.cpp:208] Updating the disk resources for container b48aebf7-8e3c-4761-9dc1-ae24ee0a76d9 to cpus(allocated: *):1.1; mem(allocated: *):160; disk(allocated: *):3
I0627 11:28:26.164463  4613 slave.cpp:2580] Sending queued task 'ff8ba57f-6f59-43be-a7b4-10bfe6947a0f' to executor 'ff8ba57f-6f59-43be-a7b4-10bfe6947a0f' of framework 08082988-3d7b-4a23-8092-66781efb5f6f-0000 at executor(1)@172.17.0.4:43899
I0627 11:28:26.164702  7168 exec.cpp:237] Executor registered on agent 08082988-3d7b-4a23-8092-66781efb5f6f-S0
I0627 11:28:26.169200  7168 executor.cpp:171] Received SUBSCRIBED event
I0627 11:28:26.171705  7168 executor.cpp:175] Subscribed executor on 18fe836728c1
I0627 11:28:26.188508  7168 executor.cpp:171] Received LAUNCH event
I0627 11:28:26.188906  7168 executor.cpp:633] Starting task ff8ba57f-6f59-43be-a7b4-10bfe6947a0f
I0627 11:28:26.226827  7168 executor.cpp:477] Running '/mesos/mesos-1.4.0/_build/src/mesos-containerizer launch <POSSIBLY-SENSITIVE-DATA>'
I0627 11:28:26.232131  7168 executor.cpp:646] Forked command at 7179
I0627 11:28:26.237772  4612 slave.cpp:4336] Handling status update TASK_RUNNING (UUID: b901b7d4-341e-4a5a-a5f0-f5d53a0180d3) for task ff8ba57f-6f59-43be-a7b4-10bfe6947a0f of framework 08082988-3d7b-4a23-8092-66781efb5f6f-0000 from executor(1)@172.17.0.4:43899
I0627 11:28:26.241354  4612 status_update_manager.cpp:323] Received status update TASK_RUNNING (UUID: b901b7d4-341e-4a5a-a5f0-f5d53a0180d3) for task ff8ba57f-6f59-43be-a7b4-10bfe6947a0f of framework 08082988-3d7b-4a23-8092-66781efb5f6f-0000
I0627 11:28:26.241444  4612 status_update_manager.cpp:500] Creating StatusUpdate stream for task ff8ba57f-6f59-43be-a7b4-10bfe6947a0f of framework 08082988-3d7b-4a23-8092-66781efb5f6f-0000
I0627 11:28:26.242833  4612 status_update_manager.cpp:834] Checkpointing UPDATE for status update TASK_RUNNING (UUID: b901b7d4-341e-4a5a-a5f0-f5d53a0180d3) for task ff8ba57f-6f59-43be-a7b4-10bfe6947a0f of framework 08082988-3d7b-4a23-8092-66781efb5f6f-0000
I0627 11:28:26.243695  4612 status_update_manager.cpp:377] Forwarding update TASK_RUNNING (UUID: b901b7d4-341e-4a5a-a5f0-f5d53a0180d3) for task ff8ba57f-6f59-43be-a7b4-10bfe6947a0f of framework 08082988-3d7b-4a23-8092-66781efb5f6f-0000 to the agent
I0627 11:28:26.244830  4612 slave.cpp:4776] Forwarding the update TASK_RUNNING (UUID: b901b7d4-341e-4a5a-a5f0-f5d53a0180d3) for task ff8ba57f-6f59-43be-a7b4-10bfe6947a0f of framework 08082988-3d7b-4a23-8092-66781efb5f6f-0000 to master@172.17.0.4:34439
I0627 11:28:26.245512  4612 slave.cpp:4670] Status update manager successfully handled status update TASK_RUNNING (UUID: b901b7d4-341e-4a5a-a5f0-f5d53a0180d3) for task ff8ba57f-6f59-43be-a7b4-10bfe6947a0f of framework 08082988-3d7b-4a23-8092-66781efb5f6f-0000
I0627 11:28:26.245705  4612 slave.cpp:4686] Sending acknowledgement for status update TASK_RUNNING (UUID: b901b7d4-341e-4a5a-a5f0-f5d53a0180d3) for task ff8ba57f-6f59-43be-a7b4-10bfe6947a0f of framework 08082988-3d7b-4a23-8092-66781efb5f6f-0000 to executor(1)@172.17.0.4:43899
I0627 11:28:26.247007  4606 master.cpp:6653] Status update TASK_RUNNING (UUID: b901b7d4-341e-4a5a-a5f0-f5d53a0180d3) for task ff8ba57f-6f59-43be-a7b4-10bfe6947a0f of framework 08082988-3d7b-4a23-8092-66781efb5f6f-0000 from agent 08082988-3d7b-4a23-8092-66781efb5f6f-S0 at slave(42)@172.17.0.4:34439 (18fe836728c1)
I0627 11:28:26.247117  4606 master.cpp:6715] Forwarding status update TASK_RUNNING (UUID: b901b7d4-341e-4a5a-a5f0-f5d53a0180d3) for task ff8ba57f-6f59-43be-a7b4-10bfe6947a0f of framework 08082988-3d7b-4a23-8092-66781efb5f6f-0000
I0627 11:28:26.247396  4606 master.cpp:8731] Updating the state of task ff8ba57f-6f59-43be-a7b4-10bfe6947a0f of framework 08082988-3d7b-4a23-8092-66781efb5f6f-0000 (latest state: TASK_RUNNING, status update state: TASK_RUNNING)
I0627 11:28:26.247812  4606 sched.cpp:1041] Scheduler::statusUpdate took 162038ns
I0627 11:28:26.248426  4608 master.cpp:5367] Processing ACKNOWLEDGE call b901b7d4-341e-4a5a-a5f0-f5d53a0180d3 for task ff8ba57f-6f59-43be-a7b4-10bfe6947a0f of framework 08082988-3d7b-4a23-8092-66781efb5f6f-0000 (default) at scheduler-9d3251f2-34b1-4de4-916b-4ecad980ce20@172.17.0.4:34439 on agent 08082988-3d7b-4a23-8092-66781efb5f6f-S0
I0627 11:28:26.252663  4609 status_update_manager.cpp:395] Received status update acknowledgement (UUID: b901b7d4-341e-4a5a-a5f0-f5d53a0180d3) for task ff8ba57f-6f59-43be-a7b4-10bfe6947a0f of framework 08082988-3d7b-4a23-8092-66781efb5f6f-0000
I0627 11:28:26.253253  4609 status_update_manager.cpp:834] Checkpointing ACK for status update TASK_RUNNING (UUID: b901b7d4-341e-4a5a-a5f0-f5d53a0180d3) for task ff8ba57f-6f59-43be-a7b4-10bfe6947a0f of framework 08082988-3d7b-4a23-8092-66781efb5f6f-0000
I0627 11:28:26.253904  4609 slave.cpp:3586] Status update manager successfully handled status update acknowledgement (UUID: b901b7d4-341e-4a5a-a5f0-f5d53a0180d3) for task ff8ba57f-6f59-43be-a7b4-10bfe6947a0f of framework 08082988-3d7b-4a23-8092-66781efb5f6f-0000
I0627 11:28:26.254540  4609 slave.cpp:818] Agent terminating
I0627 11:28:26.255805  4587 containerizer.cpp:230] Using isolation: posix/cpu,posix/mem,disk/du,filesystem/posix,network/cni,environment_secret
W0627 11:28:26.256667  4587 backend.cpp:76] Failed to create 'overlay' backend: OverlayBackend requires root privileges
W0627 11:28:26.257042  4587 backend.cpp:76] Failed to create 'bind' backend: BindBackend requires root privileges
I0627 11:28:26.257119  4587 provisioner.cpp:255] Using default backend 'copy'
I0627 11:28:26.261042  4611 master.cpp:1316] Agent 08082988-3d7b-4a23-8092-66781efb5f6f-S0 at slave(42)@172.17.0.4:34439 (18fe836728c1) disconnected
I0627 11:28:26.261102  4611 master.cpp:3240] Disconnecting agent 08082988-3d7b-4a23-8092-66781efb5f6f-S0 at slave(42)@172.17.0.4:34439 (18fe836728c1)
I0627 11:28:26.261185  4611 master.cpp:3259] Deactivating agent 08082988-3d7b-4a23-8092-66781efb5f6f-S0 at slave(42)@172.17.0.4:34439 (18fe836728c1)
I0627 11:28:26.262110  4612 hierarchical.cpp:715] Agent 08082988-3d7b-4a23-8092-66781efb5f6f-S0 deactivated
I0627 11:28:26.290402  4587 cluster.cpp:448] Creating default 'local' authorizer
I0627 11:28:26.296653  4606 slave.cpp:249] Mesos agent started on (43)@172.17.0.4:34439
I0627 11:28:26.296705  4606 slave.cpp:250] Flags at startup: --acls="" --appc_simple_discovery_uri_prefix="http://" --appc_store_dir="/tmp/DiskQuotaTest_SlaveRecovery_IXTvqp/store/appc" --authenticate_http_readonly="true" --authenticate_http_readwrite="true" --authenticatee="crammd5" --authentication_backoff_factor="1secs" --authorizer="local" --cgroups_cpu_enable_pids_and_tids_count="false" --cgroups_enable_cfs="false" --cgroups_hierarchy="/sys/fs/cgroup" --cgroups_limit_swap="false" --cgroups_root="mesos" --container_disk_watch_interval="1ms" --containerizers="mesos" --credential="/tmp/DiskQuotaTest_SlaveRecovery_IXTvqp/credential" --default_role="*" --disk_watch_interval="1mins" --docker="docker" --docker_kill_orphans="true" --docker_registry="https://registry-1.docker.io" --docker_remove_delay="6hrs" --docker_socket="/var/run/docker.sock" --docker_stop_timeout="0ns" --docker_store_dir="/tmp/DiskQuotaTest_SlaveRecovery_IXTvqp/store/docker" --docker_volume_checkpoint_dir="/var/run/mesos/isolators/docker/volume" --enforce_container_disk_quota="false" --executor_registration_timeout="1mins" --executor_reregistration_timeout="2secs" --executor_shutdown_grace_period="5secs" --fetcher_cache_dir="/tmp/DiskQuotaTest_SlaveRecovery_IXTvqp/fetch" --fetcher_cache_size="2GB" --frameworks_home="" --gc_delay="1weeks" --gc_disk_headroom="0.1" --hadoop_home="" --help="false" --hostname_lookup="true" --http_command_executor="false" --http_credentials="/tmp/DiskQuotaTest_SlaveRecovery_IXTvqp/http_credentials" --http_heartbeat_interval="30secs" --initialize_driver_logging="true" --isolation="posix/cpu,posix/mem,disk/du" --launcher="posix" --launcher_dir="/mesos/mesos-1.4.0/_build/src" --logbufsecs="0" --logging_level="INFO" --max_completed_executors_per_framework="150" --oversubscribed_resources_interval="15secs" --perf_duration="10secs" --perf_interval="1mins" --port="5051" --qos_correction_interval_min="0ns" --quiet="false" --recover="reconnect" --recovery_timeout="15mins" --registration_backoff_factor="10ms" --resources="cpus:2;gpus:0;mem:1024;disk:1024;ports:[31000-32000]" --revocable_cpu_low_priority="true" --runtime_dir="/tmp/DiskQuotaTest_SlaveRecovery_IXTvqp" --sandbox_directory="/mnt/mesos/sandbox" --strict="true" --switch_user="true" --systemd_enable_support="true" --systemd_runtime_directory="/run/systemd/system" --version="false" --work_dir="/tmp/DiskQuotaTest_SlaveRecovery_TEGyOn"
I0627 11:28:26.297559  4606 credentials.hpp:86] Loading credential for authentication from '/tmp/DiskQuotaTest_SlaveRecovery_IXTvqp/credential'
I0627 11:28:26.297919  4606 slave.cpp:282] Agent using credential for: test-principal
I0627 11:28:26.297945  4606 credentials.hpp:37] Loading credentials for authentication from '/tmp/DiskQuotaTest_SlaveRecovery_IXTvqp/http_credentials'
I0627 11:28:26.298454  4606 http.cpp:974] Creating default 'basic' HTTP authenticator for realm 'mesos-agent-readonly'
I0627 11:28:26.298959  4606 http.cpp:974] Creating default 'basic' HTTP authenticator for realm 'mesos-agent-readwrite'
I0627 11:28:26.301251  4606 slave.cpp:553] Agent resources: [{"name":"cpus","scalar":{"value":2.0},"type":"SCALAR"},{"name":"mem","scalar":{"value":1024.0},"type":"SCALAR"},{"name":"disk","scalar":{"value":1024.0},"type":"SCALAR"},{"name":"ports","ranges":{"range":[{"begin":31000,"end":32000}]},"type":"RANGES"}]
I0627 11:28:26.301687  4606 slave.cpp:561] Agent attributes: [  ]
I0627 11:28:26.301709  4606 slave.cpp:566] Agent hostname: 18fe836728c1
I0627 11:28:26.308928  4612 status_update_manager.cpp:177] Pausing sending status updates
I0627 11:28:26.311136  4612 state.cpp:64] Recovering state from '/tmp/DiskQuotaTest_SlaveRecovery_TEGyOn/meta'
I0627 11:28:26.313235  4612 state.cpp:723] No committed checkpointed resources found at '/tmp/DiskQuotaTest_SlaveRecovery_TEGyOn/meta/resources/resources.info'
I0627 11:28:26.329043  4607 slave.cpp:6259] Recovering framework 08082988-3d7b-4a23-8092-66781efb5f6f-0000
I0627 11:28:26.334127  4607 slave.cpp:7206] Recovering executor 'ff8ba57f-6f59-43be-a7b4-10bfe6947a0f' of framework 08082988-3d7b-4a23-8092-66781efb5f6f-0000
I0627 11:28:26.336575  4607 status_update_manager.cpp:203] Recovering status update manager
I0627 11:28:26.336661  4607 status_update_manager.cpp:211] Recovering executor 'ff8ba57f-6f59-43be-a7b4-10bfe6947a0f' of framework 08082988-3d7b-4a23-8092-66781efb5f6f-0000
I0627 11:28:26.336922  4607 status_update_manager.cpp:500] Creating StatusUpdate stream for task ff8ba57f-6f59-43be-a7b4-10bfe6947a0f of framework 08082988-3d7b-4a23-8092-66781efb5f6f-0000
I0627 11:28:26.337744  4607 status_update_manager.cpp:810] Replaying status update stream for task ff8ba57f-6f59-43be-a7b4-10bfe6947a0f
I0627 11:28:26.339088  4607 containerizer.cpp:582] Recovering containerizer
I0627 11:28:26.339193  4607 containerizer.cpp:638] Recovering container b48aebf7-8e3c-4761-9dc1-ae24ee0a76d9 for executor 'ff8ba57f-6f59-43be-a7b4-10bfe6947a0f' of framework 08082988-3d7b-4a23-8092-66781efb5f6f-0000
I0627 11:28:26.344724  4613 provisioner.cpp:416] Provisioner recovery complete
I0627 11:28:26.346900  4610 slave.cpp:6052] Sending reconnect request to executor 'ff8ba57f-6f59-43be-a7b4-10bfe6947a0f' of framework 08082988-3d7b-4a23-8092-66781efb5f6f-0000 at executor(1)@172.17.0.4:43899
I0627 11:28:26.349892  7173 exec.cpp:283] Received reconnect request from agent 08082988-3d7b-4a23-8092-66781efb5f6f-S0
I0627 11:28:26.356386  4613 slave.cpp:4048] Received re-registration message from executor 'ff8ba57f-6f59-43be-a7b4-10bfe6947a0f' of framework 08082988-3d7b-4a23-8092-66781efb5f6f-0000
I0627 11:28:26.366624  4610 disk.cpp:208] Updating the disk resources for container b48aebf7-8e3c-4761-9dc1-ae24ee0a76d9 to cpus(allocated: *):1.1; mem(allocated: *):160; disk(allocated: *):3
I0627 11:28:26.375414  7169 exec.cpp:260] Executor re-registered on agent 08082988-3d7b-4a23-8092-66781efb5f6f-S0
I0627 11:28:26.375897  4610 hierarchical.cpp:1938] No allocations performed
I0627 11:28:26.375991  4610 hierarchical.cpp:2028] No inverse offers to send out!
I0627 11:28:26.376161  4610 hierarchical.cpp:1493] Performed allocation for 1 agents in 696204ns
I0627 11:28:26.376670  4610 slave.cpp:4264] Cleaning up un-reregistered executors
I0627 11:28:26.376924  4610 slave.cpp:6168] Finished recovery
I0627 11:28:26.377730  4610 slave.cpp:6350] Querying resource estimator for oversubscribable resources
I0627 11:28:26.379500  4610 slave.cpp:946] New master detected at master@172.17.0.4:34439
I0627 11:28:26.379842  4610 slave.cpp:981] Detecting new master
I0627 11:28:26.380017  4610 slave.cpp:6364] Received oversubscribable resources {} from the resource estimator
I0627 11:28:26.380331  4610 status_update_manager.cpp:177] Pausing sending status updates
I0627 11:28:26.380427  7169 executor.cpp:171] Received SUBSCRIBED event
I0627 11:28:26.380574  7169 executor.cpp:175] Subscribed executor on 18fe836728c1
I0627 11:28:26.384145  4610 slave.cpp:1008] Authenticating with master master@172.17.0.4:34439
I0627 11:28:26.384263  4610 slave.cpp:1019] Using default CRAM-MD5 authenticatee
I0627 11:28:26.385080  4610 authenticatee.cpp:121] Creating new client SASL connection
I0627 11:28:26.385938  4606 master.cpp:7640] Authenticating slave(43)@172.17.0.4:34439
I0627 11:28:26.386399  4609 authenticator.cpp:414] Starting authentication session for crammd5-authenticatee(92)@172.17.0.4:34439
I0627 11:28:26.387042  4606 authenticator.cpp:98] Creating new server SASL connection
I0627 11:28:26.387887  4608 authenticatee.cpp:213] Received SASL authentication mechanisms: CRAM-MD5
I0627 11:28:26.387941  4608 authenticatee.cpp:239] Attempting to authenticate with mechanism 'CRAM-MD5'
I0627 11:28:26.388200  4608 authenticator.cpp:204] Received SASL authentication start
I0627 11:28:26.388267  4608 authenticator.cpp:326] Authentication requires more steps
I0627 11:28:26.388469  4608 authenticatee.cpp:259] Received SASL authentication step
I0627 11:28:26.388597  4608 authenticator.cpp:232] Received SASL authentication step
I0627 11:28:26.388710  4608 auxprop.cpp:109] Request to lookup properties for user: 'test-principal' realm: '18fe836728c1' server FQDN: '18fe836728c1' SASL_AUXPROP_VERIFY_AGAINST_HASH: false SASL_AUXPROP_OVERRIDE: false SASL_AUXPROP_AUTHZID: false 
I0627 11:28:26.388747  4608 auxprop.cpp:181] Looking up auxiliary property '*userPassword'
I0627 11:28:26.388880  4608 auxprop.cpp:181] Looking up auxiliary property '*cmusaslsecretCRAM-MD5'
I0627 11:28:26.388917  4608 auxprop.cpp:109] Request to lookup properties for user: 'test-principal' realm: '18fe836728c1' server FQDN: '18fe836728c1' SASL_AUXPROP_VERIFY_AGAINST_HASH: false SASL_AUXPROP_OVERRIDE: false SASL_AUXPROP_AUTHZID: true 
I0627 11:28:26.388998  4608 auxprop.cpp:131] Skipping auxiliary property '*userPassword' since SASL_AUXPROP_AUTHZID == true
I0627 11:28:26.389017  4608 auxprop.cpp:131] Skipping auxiliary property '*cmusaslsecretCRAM-MD5' since SASL_AUXPROP_AUTHZID == true
I0627 11:28:26.389061  4608 authenticator.cpp:318] Authentication success
I0627 11:28:26.393999  4608 master.cpp:7670] Successfully authenticated principal 'test-principal' at slave(43)@172.17.0.4:34439
I0627 11:28:26.394016  4611 authenticatee.cpp:299] Authentication success
I0627 11:28:26.394371  4612 authenticator.cpp:432] Authentication session cleanup for crammd5-authenticatee(92)@172.17.0.4:34439
../../src/tests/disk_quota_tests.cpp:716: Failure
Value of: usage->has_disk_limit_bytes()
  Actual: false
Expected: true
I0627 11:28:26.395450  4611 slave.cpp:1103] Successfully authenticated with master master@172.17.0.4:34439
I0627 11:28:26.396598  4611 slave.cpp:1545] Will retry registration in 9.995467ms if necessary
I0627 11:28:26.398283  4611 master.cpp:5888] Received re-register agent message from agent 08082988-3d7b-4a23-8092-66781efb5f6f-S0 at slave(43)@172.17.0.4:34439 (18fe836728c1)
I0627 11:28:26.399821  4611 master.cpp:3742] Authorizing agent with principal 'test-principal'
I0627 11:28:26.401964  4611 master.cpp:5957] Authorized re-registration of agent 08082988-3d7b-4a23-8092-66781efb5f6f-S0 at slave(43)@172.17.0.4:34439 (18fe836728c1)
I0627 11:28:26.402165  4611 master.cpp:6008] Re-registering agent 08082988-3d7b-4a23-8092-66781efb5f6f-S0 at slave(42)@172.17.0.4:34439 (18fe836728c1)
I0627 11:28:26.407107  4611 master.cpp:6419] Sending updated checkpointed resources {} to agent 08082988-3d7b-4a23-8092-66781efb5f6f-S0 at slave(43)@172.17.0.4:34439 (18fe836728c1)
I0627 11:28:26.407794  4608 slave.cpp:1249] Re-registered with master master@172.17.0.4:34439
I0627 11:28:26.408179  4608 slave.cpp:1286] Forwarding total oversubscribed resources {}
I0627 11:28:26.408251  4607 status_update_manager.cpp:184] Resuming sending status updates
I0627 11:28:26.408654  4607 master.cpp:6508] Received update of agent 08082988-3d7b-4a23-8092-66781efb5f6f-S0 at slave(43)@172.17.0.4:34439 (18fe836728c1) with total oversubscribed resources {}
I0627 11:28:26.409101  4608 slave.cpp:3307] Updating info for framework 08082988-3d7b-4a23-8092-66781efb5f6f-0000 with pid updated to scheduler-9d3251f2-34b1-4de4-916b-4ecad980ce20@172.17.0.4:34439
I0627 11:28:26.409217  4608 slave.cpp:7046] Checkpointing FrameworkInfo to '/tmp/DiskQuotaTest_SlaveRecovery_TEGyOn/meta/slaves/08082988-3d7b-4a23-8092-66781efb5f6f-S0/frameworks/08082988-3d7b-4a23-8092-66781efb5f6f-0000/framework.info'
I0627 11:28:26.410010  4608 slave.cpp:7057] Checkpointing framework pid 'scheduler-9d3251f2-34b1-4de4-916b-4ecad980ce20@172.17.0.4:34439' to '/tmp/DiskQuotaTest_SlaveRecovery_TEGyOn/meta/slaves/08082988-3d7b-4a23-8092-66781efb5f6f-S0/frameworks/08082988-3d7b-4a23-8092-66781efb5f6f-0000/framework.pid'
I0627 11:28:26.410733  4608 slave.cpp:3371] Ignoring new checkpointed resources identical to the current version: {}
I0627 11:28:26.410840  4608 status_update_manager.cpp:184] Resuming sending status updates
I0627 11:28:26.411209  4611 hierarchical.cpp:703] Agent 08082988-3d7b-4a23-8092-66781efb5f6f-S0 reactivated
I0627 11:28:26.418815  4611 master.cpp:1430] Framework 08082988-3d7b-4a23-8092-66781efb5f6f-0000 (default) at scheduler-9d3251f2-34b1-4de4-916b-4ecad980ce20@172.17.0.4:34439 disconnected
I0627 11:28:26.418885  4611 master.cpp:3203] Deactivating framework 08082988-3d7b-4a23-8092-66781efb5f6f-0000 (default) at scheduler-9d3251f2-34b1-4de4-916b-4ecad980ce20@172.17.0.4:34439
I0627 11:28:26.418987  4611 master.cpp:3180] Disconnecting framework 08082988-3d7b-4a23-8092-66781efb5f6f-0000 (default) at scheduler-9d3251f2-34b1-4de4-916b-4ecad980ce20@172.17.0.4:34439
I0627 11:28:26.419503  4611 master.cpp:1445] Giving framework 08082988-3d7b-4a23-8092-66781efb5f6f-0000 (default) at scheduler-9d3251f2-34b1-4de4-916b-4ecad980ce20@172.17.0.4:34439 0ns to failover
I0627 11:28:26.422381  4610 containerizer.cpp:2101] Destroying container b48aebf7-8e3c-4761-9dc1-ae24ee0a76d9 in RUNNING state
I0627 11:28:26.423379  4606 master.cpp:7306] Framework failover timeout, removing framework 08082988-3d7b-4a23-8092-66781efb5f6f-0000 (default) at scheduler-9d3251f2-34b1-4de4-916b-4ecad980ce20@172.17.0.4:34439
I0627 11:28:26.423445  4606 master.cpp:8163] Removing framework 08082988-3d7b-4a23-8092-66781efb5f6f-0000 (default) at scheduler-9d3251f2-34b1-4de4-916b-4ecad980ce20@172.17.0.4:34439
I0627 11:28:26.423804  4606 master.cpp:8731] Updating the state of task ff8ba57f-6f59-43be-a7b4-10bfe6947a0f of framework 08082988-3d7b-4a23-8092-66781efb5f6f-0000 (latest state: TASK_KILLED, status update state: TASK_KILLED)
I0627 11:28:26.423815  4609 slave.cpp:3136] Asked to shut down framework 08082988-3d7b-4a23-8092-66781efb5f6f-0000 by master@172.17.0.4:34439
I0627 11:28:26.423972  4609 slave.cpp:3161] Shutting down framework 08082988-3d7b-4a23-8092-66781efb5f6f-0000
I0627 11:28:26.424170  4609 slave.cpp:5631] Shutting down executor 'ff8ba57f-6f59-43be-a7b4-10bfe6947a0f' of framework 08082988-3d7b-4a23-8092-66781efb5f6f-0000 at executor(1)@172.17.0.4:43899
I0627 11:28:26.424517  4610 launcher.cpp:156] Asked to destroy container b48aebf7-8e3c-4761-9dc1-ae24ee0a76d9
I0627 11:28:26.425343  4607 hierarchical.cpp:410] Deactivated framework 08082988-3d7b-4a23-8092-66781efb5f6f-0000
I0627 11:28:26.426194  4606 master.cpp:8825] Removing task ff8ba57f-6f59-43be-a7b4-10bfe6947a0f with resources [{"allocation_info":{"role":"*"},"name":"cpus","scalar":{"value":1.0},"type":"SCALAR"},{"allocation_info":{"role":"*"},"name":"mem","scalar":{"value":128.0},"type":"SCALAR"},{"allocation_info":{"role":"*"},"name":"disk","scalar":{"value":3.0},"type":"SCALAR"}] of framework 08082988-3d7b-4a23-8092-66781efb5f6f-0000 on agent 08082988-3d7b-4a23-8092-66781efb5f6f-S0 at slave(43)@172.17.0.4:34439 (18fe836728c1)
I0627 11:28:26.426806  7172 exec.cpp:435] Executor asked to shutdown
I0627 11:28:26.427564  7172 executor.cpp:171] Received SHUTDOWN event
I0627 11:28:26.427620  7172 executor.cpp:743] Shutting down
I0627 11:28:26.427672  7172 executor.cpp:850] Sending SIGTERM to process tree at pid 7179
I0627 11:28:26.427958  4607 hierarchical.cpp:1177] Recovered cpus(allocated: *):1; mem(allocated: *):128; disk(allocated: *):3 (total: cpus:2; mem:1024; disk:1024; ports:[31000-32000], allocated: {}) on agent 08082988-3d7b-4a23-8092-66781efb5f6f-S0 from framework 08082988-3d7b-4a23-8092-66781efb5f6f-0000
2+0 records in
2+0 records out
2097152 bytes (2.1 MB) copied, 0.00448323 s, 468 MB/s
I0627 11:28:26.438477  4606 hierarchical.cpp:353] Removed framework 08082988-3d7b-4a23-8092-66781efb5f6f-0000
I0627 11:28:26.477246  4610 slave.cpp:4908] Got exited event for executor(1)@172.17.0.4:43899
I0627 11:28:26.480384  4608 containerizer.cpp:2507] Container b48aebf7-8e3c-4761-9dc1-ae24ee0a76d9 has exited
I0627 11:28:26.487879  4608 disk.cpp:320] Checking disk usage at '/tmp/DiskQuotaTest_SlaveRecovery_TEGyOn/slaves/08082988-3d7b-4a23-8092-66781efb5f6f-S0/frameworks/08082988-3d7b-4a23-8092-66781efb5f6f-0000/executors/ff8ba57f-6f59-43be-a7b4-10bfe6947a0f/runs/b48aebf7-8e3c-4761-9dc1-ae24ee0a76d9' for container b48aebf7-8e3c-4761-9dc1-ae24ee0a76d9 has been cancelled
I0627 11:28:26.488477  4611 provisioner.cpp:490] Ignoring destroy request for unknown container b48aebf7-8e3c-4761-9dc1-ae24ee0a76d9
I0627 11:28:26.491183  4608 slave.cpp:5309] Executor 'ff8ba57f-6f59-43be-a7b4-10bfe6947a0f' of framework 08082988-3d7b-4a23-8092-66781efb5f6f-0000 terminated with signal Killed
I0627 11:28:26.491272  4608 slave.cpp:5409] Cleaning up executor 'ff8ba57f-6f59-43be-a7b4-10bfe6947a0f' of framework 08082988-3d7b-4a23-8092-66781efb5f6f-0000 at executor(1)@172.17.0.4:43899
I0627 11:28:26.493914  4608 slave.cpp:5505] Cleaning up framework 08082988-3d7b-4a23-8092-66781efb5f6f-0000
I0627 11:28:26.493958  4607 gc.cpp:55] Scheduling '/tmp/DiskQuotaTest_SlaveRecovery_TEGyOn/slaves/08082988-3d7b-4a23-8092-66781efb5f6f-S0/frameworks/08082988-3d7b-4a23-8092-66781efb5f6f-0000/executors/ff8ba57f-6f59-43be-a7b4-10bfe6947a0f/runs/b48aebf7-8e3c-4761-9dc1-ae24ee0a76d9' for gc 6.99999429112296days in the future
I0627 11:28:26.494421  4608 slave.cpp:818] Agent terminating
I0627 11:28:26.495957  4607 gc.cpp:55] Scheduling '/tmp/DiskQuotaTest_SlaveRecovery_TEGyOn/slaves/08082988-3d7b-4a23-8092-66781efb5f6f-S0/frameworks/08082988-3d7b-4a23-8092-66781efb5f6f-0000/executors/ff8ba57f-6f59-43be-a7b4-10bfe6947a0f' for gc 6.99999428802074days in the future
I0627 11:28:26.496037  4608 status_update_manager.cpp:285] Closing status update streams for framework 08082988-3d7b-4a23-8092-66781efb5f6f-0000
I0627 11:28:26.496119  4608 status_update_manager.cpp:531] Cleaning up status update stream for task ff8ba57f-6f59-43be-a7b4-10bfe6947a0f of framework 08082988-3d7b-4a23-8092-66781efb5f6f-0000
I0627 11:28:26.504791  4587 master.cpp:1158] Master terminating
I0627 11:28:26.506057  4612 hierarchical.cpp:620] Removed agent 08082988-3d7b-4a23-8092-66781efb5f6f-S0
[  FAILED  ] DiskQuotaTest.SlaveRecovery (882 ms)
{code}

I just saw this in ASF CI: https://builds.apache.org/job/Mesos-Buildbot/5028/

I still see this in ASF CI.

 [~orlandohohmeier] [~bbannier] [~chhsia0] Can you take a look?

[~vinodkone] ,we'll spend some time in the near future to remove flakes from{{StorageLocalResourceProviderTest}} which were introduced pretty recently and which we see fail with some frequency.

Regarding this test here, I checked how often it failed in our internal CI, and it doesn't seem to be among the worst offenders -- it "only" seems to have failed a handful of times in the last couple hundred CI builds of {{master}}.

Observed this again in internal CI.
{code}
[ RUN      ] DiskQuotaTest.SlaveRecovery
I0205 21:09:19.279057 296834496 cluster.cpp:174] Creating default 'local' authorizer
I0205 21:09:19.280333 54652928 master.cpp:414] Master 06fb68b6-c476-4218-8caf-2eb5eeb3d2f6 (Jenkinss-Mac-mini.local) started on 10.0.49.4:65013
I0205 21:09:19.280360 54652928 master.cpp:417] Flags at startup: --acls="" --agent_ping_timeout="15secs" --agent_reregister_timeout="10mins" --allocation_interval="1secs" --alloca
tor="hierarchical" --authenticate_agents="true" --authenticate_frameworks="true" --authenticate_http_frameworks="true" --authenticate_http_readonly="true" --authenticate_http_read
write="true" --authentication_v0_timeout="15secs" --authenticators="crammd5" --authorizers="local" --credentials="/private/var/folders/6w/rw03zh013y38ys6cyn8qppf80000gn/T/tvVUip/c
redentials" --filter_gpu_resources="true" --framework_sorter="drf" --help="false" --hostname_lookup="true" --http_authenticators="basic" --http_framework_authenticators="basic" --
initialize_driver_logging="true" --log_auto_initialize="true" --logbufsecs="0" --logging_level="INFO" --max_agent_ping_timeouts="5" --max_completed_frameworks="50" --max_completed
_tasks_per_framework="1000" --max_operator_event_stream_subscribers="1000" --max_unreachable_tasks_per_framework="1000" --memory_profiling="false" --min_allocatable_resources="cpu
s:0.01|mem:32" --port="5050" --publish_per_framework_metrics="true" --quiet="false" --recovery_agent_removal_limit="100%" --registry="in_memory" --registry_fetch_timeout="1mins" -
-registry_gc_interval="15mins" --registry_max_agent_age="2weeks" --registry_max_agent_count="102400" --registry_store_timeout="100secs" --registry_strict="false" --require_agent_d
omain="false" --role_sorter="drf" --root_submissions="true" --version="false" --webui_dir="/usr/local/share/mesos/webui" --work_dir="/private/var/folders/6w/rw03zh013y38ys6cyn8qpp
f80000gn/T/tvVUip/master" --zk_session_timeout="10secs"
I0205 21:09:19.280541 54652928 master.cpp:466] Master only allowing authenticated frameworks to register
I0205 21:09:19.280555 54652928 master.cpp:472] Master only allowing authenticated agents to register
I0205 21:09:19.280565 54652928 master.cpp:478] Master only allowing authenticated HTTP frameworks to register
I0205 21:09:19.280573 54652928 credentials.hpp:37] Loading credentials for authentication from '/private/var/folders/6w/rw03zh013y38ys6cyn8qppf80000gn/T/tvVUip/credentials'
I0205 21:09:19.280757 54652928 master.cpp:522] Using default 'crammd5' authenticator
I0205 21:09:19.280833 54652928 http.cpp:965] Creating default 'basic' HTTP authenticator for realm 'mesos-master-readonly'
I0205 21:09:19.280908 54652928 http.cpp:965] Creating default 'basic' HTTP authenticator for realm 'mesos-master-readwrite'
I0205 21:09:19.281013 54652928 http.cpp:965] Creating default 'basic' HTTP authenticator for realm 'mesos-master-scheduler'
I0205 21:09:19.281059 54652928 master.cpp:603] Authorization enabled
I0205 21:09:19.281299 54116352 whitelist_watcher.cpp:77] No whitelist given
I0205 21:09:19.281442 53579776 hierarchical.cpp:176] Initialized hierarchical allocator process
I0205 21:09:19.282912 54116352 master.cpp:2103] Elected as the leading master!
I0205 21:09:19.282936 54116352 master.cpp:1638] Recovering from registrar
I0205 21:09:19.282989 57335808 registrar.cpp:339] Recovering registrar
I0205 21:09:19.283207 55189504 registrar.cpp:383] Successfully fetched the registry (0B) in 197120ns
I0205 21:09:19.283324 55189504 registrar.cpp:487] Applied 1 operations in 40938ns; attempting to update the registry
I0205 21:09:19.283577 53579776 registrar.cpp:544] Successfully updated the registry in 217856ns
I0205 21:09:19.283679 53579776 registrar.cpp:416] Successfully recovered registrar
I0205 21:09:19.283867 54652928 master.cpp:1752] Recovered 0 agents from the registry (155B); allowing 10mins for agents to reregister
I0205 21:09:19.283895 57335808 hierarchical.cpp:216] Skipping recovery of hierarchical allocator: nothing to recover
I0205 21:09:19.285928 296834496 containerizer.cpp:309] Using isolation { environment_secret, posix/cpu, filesystem/posix, posix/mem, disk/du }
I0205 21:09:19.286176 296834496 provisioner.cpp:298] Using default backend 'copy'
W0205 21:09:19.288060 296834496 process.cpp:2829] Attempted to spawn already running process files@10.0.49.4:65013
I0205 21:09:19.288446 296834496 cluster.cpp:486] Creating default 'local' authorizer
I0205 21:09:19.289405 55189504 slave.cpp:268] Mesos agent started on (42)@10.0.49.4:65013
I0205 21:09:19.289433 55189504 slave.cpp:269] Flags at startup: --acls="" --appc_simple_discovery_uri_prefix="http://" --appc_store_dir="/private/var/folders/6w/rw03zh013y38ys6cyn
8qppf80000gn/T/tvVUip/7oYyzh/store/appc" --authenticate_http_executors="true" --authenticate_http_readonly="true" --authenticate_http_readwrite="true" --authenticatee="crammd5" --
authentication_backoff_factor="1secs" --authentication_timeout_max="1mins" --authentication_timeout_min="5secs" --authorizer="local" --container_disk_watch_interval="1ms" --contai
nerizers="mesos" --credential="/private/var/folders/6w/rw03zh013y38ys6cyn8qppf80000gn/T/tvVUip/7oYyzh/credential" --default_role="*" --disk_watch_interval="1mins" --docker="docker
" --docker_kill_orphans="true" --docker_registry="https://registry-1.docker.io" --docker_remove_delay="6hrs" --docker_socket="/var/run/docker.sock" --docker_stop_timeout="0ns" --d
ocker_store_dir="/private/var/folders/6w/rw03zh013y38ys6cyn8qppf80000gn/T/tvVUip/7oYyzh/store/docker" --docker_volume_checkpoint_dir="/var/run/mesos/isolators/docker/volume" --enf
orce_container_disk_quota="false" --executor_registration_timeout="1mins" --executor_reregistration_timeout="2secs" --executor_shutdown_grace_period="5secs" --fetcher_cache_dir="/
private/var/folders/6w/rw03zh013y38ys6cyn8qppf80000gn/T/tvVUip/7oYyzh/fetch" --fetcher_cache_size="2GB" --fetcher_stall_timeout="1mins" --frameworks_home="/private/var/folders/6w/
rw03zh013y38ys6cyn8qppf80000gn/T/tvVUip/7oYyzh/frameworks" --gc_delay="1weeks" --gc_disk_headroom="0.1" --gc_non_executor_container_sandboxes="false" --help="false" --hostname_loo
kup="true" --http_command_executor="false" --http_credentials="/private/var/folders/6w/rw03zh013y38ys6cyn8qppf80000gn/T/tvVUip/7oYyzh/http_credentials" --http_heartbeat_interval="
30secs" --initialize_driver_logging="true" --isolation="posix/cpu,posix/mem,disk/du" --jwt_secret_key="/private/var/folders/6w/rw03zh013y38ys6cyn8qppf80000gn/T/tvVUip/7oYyzh/jwt_s
ecret_key" --launcher="posix" --launcher_dir="/Users/jenkins/workspace/workspace/mesos/Mesos_CI-build/FLAG/SSL/label/mac/mesos/build/src" --logbufsecs="0" --logging_level="INFO" -
-max_completed_executors_per_framework="150" --memory_profiling="false" --network_cni_metrics="true" --network_cni_root_dir_persist="false" --oversubscribed_resources_interval="15
secs" --port="5051" --qos_correction_interval_min="0ns" --quiet="false" --reconfiguration_policy="equal" --recover="reconnect" --recovery_timeout="15mins" --registration_backoff_f
