I0613 01:59:52.594581 40286 slave.cpp:2226] Got registration for executor '6416a128-f3c1-4990-88e3-881e57f685a1' of framework 20150613-015944-1828659978-51306-40237-0000 from executor(1)@10.35.255.108:54314
I0613 01:59:52.596695 40292 slave.cpp:1626] Sending queued task '6416a128-f3c1-4990-88e3-881e57f685a1' to executor '6416a128-f3c1-4990-88e3-881e57f685a1' of framework 20150613-015944-1828659978-51306-40237-0000
I0613 01:59:52.596770 40549 exec.cpp:206] Executor registered on slave 20150613-015944-1828659978-51306-40237-S0
Registered executor on smfd-atr-11-sr1.devel.twitter.com
Starting task 6416a128-f3c1-4990-88e3-881e57f685a1
Forked command at 40567
sh -c 'test -f volume/persisted'
I0613 01:59:52.604056 40293 slave.cpp:2565] Handling status update TASK_RUNNING (UUID: fb355130-1d00-4858-bf1a-5d029700bafc) for task 6416a128-f3c1-4990-88e3-881e57f685a1 of framework 20150613-015944-1828659978-51306-40237-0000 from executor(1)@10.35.255.108:54314
I0613 01:59:52.606936 40515 exec.cpp:132] Version: 0.23.0
I0613 01:59:52.612874 40286 slave.cpp:2226] Got registration for executor '3b994e52-7d64-47fe-aba2-ba9f933893cc' of framework 20150613-015944-1828659978-51306-40237-0000 from executor(1)@10.35.255.108:43239
I0613 01:59:52.614823 40579 exec.cpp:206] Executor registered on slave 20150613-015944-1828659978-51306-40237-S0
I0613 01:59:52.614832 40282 slave.cpp:1626] Sending queued task '3b994e52-7d64-47fe-aba2-ba9f933893cc' to executor '3b994e52-7d64-47fe-aba2-ba9f933893cc' of framework 20150613-015944-1828659978-51306-40237-0000
Registered executor on smfd-atr-11-sr1.devel.twitter.com
Starting task 3b994e52-7d64-47fe-aba2-ba9f933893cc
sh -c 'test -f volume/persisted'
Forked command at 40593
I0613 01:59:52.622042 40290 slave.cpp:2565] Handling status update TASK_RUNNING (UUID: c2218b8f-ebcd-4d34-80c5-1f9b005c9ebd) for task 3b994e52-7d64-47fe-aba2-ba9f933893cc of framework 20150613-015944-1828659978-51306-40237-0000 from executor(1)@10.35.255.108:43239
I0613 01:59:52.636739 40300 status_update_manager.cpp:393] Received status update acknowledgement (UUID: 38292852-802d-4e96-b611-d8f28d8b87a7) for task 5139cbfa-5370-4852-a8bc-f10644a6658e of framework 20150613-015944-1828659978-51306-40237-0000
I0613 01:59:52.636847 40300 status_update_manager.cpp:821] Checkpointing ACK for status update TASK_FINISHED (UUID: 38292852-802d-4e96-b611-d8f28d8b87a7) for task 5139cbfa-5370-4852-a8bc-f10644a6658e of framework 20150613-015944-1828659978-51306-40237-0000
Command exited with status 0 (pid: 40566)
I0613 01:59:52.694079 40291 slave.cpp:2565] Handling status update TASK_FINISHED (UUID: b2afb4b9-5c36-458e-937e-45467b1dced7) for task 9d33c2ed-3c0d-4783-9290-84dd33733086 of framework 20150613-015944-1828659978-51306-40237-0000 from executor(1)@10.35.255.108:52819
I0613 01:59:52.694495 40291 containerizer.cpp:1283] Removing symlink '/tmp/mesos-O40242/0/slaves/20150613-015944-1828659978-51306-40237-S0/frameworks/20150613-015944-1828659978-51306-40237-0000/executors/9d33c2ed-3c0d-4783-9290-84dd33733086/runs/a148756a-c85e-48cb-b929-c8088e9b85fb/volume' for persistent volume disk(test)[a37eb0ef-744b-4839-a75d-fc19970f2b88:volume]:8 of container a148756a-c85e-48cb-b929-c8088e9b85fb
Command exited with status 0 (pid: 40567)
I0613 01:59:52.705533 40302 slave.cpp:2565] Handling status update TASK_FINISHED (UUID: 1c0979c4-458a-4a42-b0e0-2dd6fa3e2b6c) for task 6416a128-f3c1-4990-88e3-881e57f685a1 of framework 20150613-015944-1828659978-51306-40237-0000 from executor(1)@10.35.255.108:54314
I0613 01:59:52.706040 40289 containerizer.cpp:1283] Removing symlink '/tmp/mesos-O40242/0/slaves/20150613-015944-1828659978-51306-40237-S0/frameworks/20150613-015944-1828659978-51306-40237-0000/executors/6416a128-f3c1-4990-88e3-881e57f685a1/runs/4d5bd7c1-23a9-488c-b4b6-54d575eefb5e/volume' for persistent volume disk(test)[9a13155d-4759-4d8c-93c2-d1f8786970f5:volume]:8 of container 4d5bd7c1-23a9-488c-b4b6-54d575eefb5e
Command exited with status 0 (pid: 40593)
I0613 01:59:52.723304 40280 slave.cpp:2565] Handling status update TASK_FINISHED (UUID: 06a8c940-0445-4fad-8d82-31230df9dc40) for task 3b994e52-7d64-47fe-aba2-ba9f933893cc of framework 20150613-015944-1828659978-51306-40237-0000 from executor(1)@10.35.255.108:43239
I0613 01:59:52.723801 40302 containerizer.cpp:1283] Removing symlink '/tmp/mesos-O40242/0/slaves/20150613-015944-1828659978-51306-40237-S0/frameworks/20150613-015944-1828659978-51306-40237-0000/executors/3b994e52-7d64-47fe-aba2-ba9f933893cc/runs/eabe38ab-0fb4-4f0a-b104-f46df1f68277/volume' for persistent volume disk(test)[37a2702e-3400-467c-9a44-79d6e09281ca:volume]:8 of container eabe38ab-0fb4-4f0a-b104-f46df1f68277
I0613 01:59:52.745818 40300 status_update_manager.cpp:321] Received status update TASK_RUNNING (UUID: 7577c53a-8652-46d2-ac6a-4a42ef413fc9) for task 9d33c2ed-3c0d-4783-9290-84dd33733086 of framework 20150613-015944-1828659978-51306-40237-0000
I0613 01:59:52.746289 40300 status_update_manager.cpp:821] Checkpointing UPDATE for status update TASK_RUNNING (UUID: 7577c53a-8652-46d2-ac6a-4a42ef413fc9) for task 9d33c2ed-3c0d-4783-9290-84dd33733086 of framework 20150613-015944-1828659978-51306-40237-0000
I0613 01:59:52.773805 40299 containerizer.cpp:1184] Executor for container 'e05c59a7-ec13-4592-b21f-a21fe71b8a77' has exited
I0613 01:59:52.773854 40299 containerizer.cpp:997] Destroying container 'e05c59a7-ec13-4592-b21f-a21fe71b8a77'
I0613 01:59:52.820240 40299 containerizer.cpp:1184] Executor for container 'e95c90da-043b-412e-b5b7-fae18f38b7ee' has exited
I0613 01:59:52.820283 40299 containerizer.cpp:997] Destroying container 'e95c90da-043b-412e-b5b7-fae18f38b7ee'
I0613 01:59:52.829581 40292 slave.cpp:2820] Forwarding the update TASK_RUNNING (UUID: 7577c53a-8652-46d2-ac6a-4a42ef413fc9) for task 9d33c2ed-3c0d-4783-9290-84dd33733086 of framework 20150613-015944-1828659978-51306-40237-0000 to master@10.35.255.108:51306
I0613 01:59:52.829612 40300 status_update_manager.cpp:321] Received status update TASK_RUNNING (UUID: fb355130-1d00-4858-bf1a-5d029700bafc) for task 6416a128-f3c1-4990-88e3-881e57f685a1 of framework 20150613-015944-1828659978-51306-40237-0000
I0613 01:59:52.829730 40292 slave.cpp:2753] Sending acknowledgement for status update TASK_RUNNING (UUID: 7577c53a-8652-46d2-ac6a-4a42ef413fc9) for task 9d33c2ed-3c0d-4783-9290-84dd33733086 of framework 20150613-015944-1828659978-51306-40237-0000 to executor(1)@10.35.255.108:52819
I0613 01:59:52.830013 40300 status_update_manager.cpp:821] Checkpointing UPDATE for status update TASK_RUNNING (UUID: fb355130-1d00-4858-bf1a-5d029700bafc) for task 6416a128-f3c1-4990-88e3-881e57f685a1 of framework 20150613-015944-1828659978-51306-40237-0000
I0613 01:59:52.830013 40291 master.cpp:3582] Status update TASK_RUNNING (UUID: 7577c53a-8652-46d2-ac6a-4a42ef413fc9) for task 9d33c2ed-3c0d-4783-9290-84dd33733086 of framework 20150613-015944-1828659978-51306-40237-0000 from slave 20150613-015944-1828659978-51306-40237-S0 at slave(1)@10.35.255.108:51306 (smfd-atr-11-sr1.devel.twitter.com)
I0613 01:59:52.830082 40291 master.cpp:3621] Forwarding status update TASK_RUNNING (UUID: 7577c53a-8652-46d2-ac6a-4a42ef413fc9) for task 9d33c2ed-3c0d-4783-9290-84dd33733086 of framework 20150613-015944-1828659978-51306-40237-0000
I0613 01:59:52.830447 40285 persistent_volume_framework.cpp:249] Task '9d33c2ed-3c0d-4783-9290-84dd33733086' is in state TASK_RUNNING
I0613 01:59:52.830464 40291 master.cpp:4975] Updating the latest state of task 9d33c2ed-3c0d-4783-9290-84dd33733086 of framework 20150613-015944-1828659978-51306-40237-0000 to TASK_FINISHED (status update state: TASK_RUNNING)
I0613 01:59:52.831068 40286 hierarchical.hpp:741] Recovered cpus(test):0.1; mem(test):32; disk(test):8; disk(test)[a37eb0ef-744b-4839-a75d-fc19970f2b88:volume]:8 (total allocatable: cpus(test):23.8; mem(test):71258; disk(test):454727; ports(test):[31000-32000]; disk(test)[a37eb0ef-744b-4839-a75d-fc19970f2b88:volume]:8) on slave 20150613-015944-1828659978-51306-40237-S0 from framework 20150613-015944-1828659978-51306-40237-0000
I0613 01:59:52.831162 40291 master.cpp:3015] Forwarding status update acknowledgement 7577c53a-8652-46d2-ac6a-4a42ef413fc9 for task 9d33c2ed-3c0d-4783-9290-84dd33733086 of framework 20150613-015944-1828659978-51306-40237-0000 (Persistent Volume Framework (C++)) at scheduler-1792d1c8-5d15-4e56-abc3-698227aa604a@10.35.255.108:51306 to slave 20150613-015944-1828659978-51306-40237-S0 at slave(1)@10.35.255.108:51306 (smfd-atr-11-sr1.devel.twitter.com)
I0613 01:59:52.866255 40299 containerizer.cpp:1184] Executor for container 'a626de08-4bbd-43db-8022-69f0fce9cc14' has exited
I0613 01:59:52.866403 40299 containerizer.cpp:997] Destroying container 'a626de08-4bbd-43db-8022-69f0fce9cc14'
I0613 01:59:52.911792 40279 slave.cpp:3251] Executor 'd018ab6a-2798-4695-a96a-f29bd94837e7' of framework 20150613-015944-1828659978-51306-40237-0000 exited with status 0
I0613 01:59:52.911902 40279 slave.cpp:3357] Cleaning up executor 'd018ab6a-2798-4695-a96a-f29bd94837e7' of framework 20150613-015944-1828659978-51306-40237-0000
I0613 01:59:52.913959 40300 status_update_manager.cpp:321] Received status update TASK_RUNNING (UUID: c2218b8f-ebcd-4d34-80c5-1f9b005c9ebd) for task 3b994e52-7d64-47fe-aba2-ba9f933893cc of framework 20150613-015944-1828659978-51306-40237-0000
I0613 01:59:52.913969 40287 gc.cpp:56] Scheduling '/tmp/mesos-O40242/0/slaves/20150613-015944-1828659978-51306-40237-S0/frameworks/20150613-015944-1828659978-51306-40237-0000/executors/d018ab6a-2798-4695-a96a-f29bd94837e7/runs/e05c59a7-ec13-4592-b21f-a21fe71b8a77' for gc 6.99998944281185days in the future
I0613 01:59:52.914227 40287 gc.cpp:56] Scheduling '/tmp/mesos-O40242/0/slaves/20150613-015944-1828659978-51306-40237-S0/frameworks/20150613-015944-1828659978-51306-40237-0000/executors/d018ab6a-2798-4695-a96a-f29bd94837e7' for gc 6.99998942192296days in the future
I0613 01:59:52.914291 40279 slave.cpp:2820] Forwarding the update TASK_RUNNING (UUID: fb355130-1d00-4858-bf1a-5d029700bafc) for task 6416a128-f3c1-4990-88e3-881e57f685a1 of framework 20150613-015944-1828659978-51306-40237-0000 to master@10.35.255.108:51306
I0613 01:59:52.914350 40287 gc.cpp:56] Scheduling '/tmp/mesos-O40242/0/meta/slaves/20150613-015944-1828659978-51306-40237-S0/frameworks/20150613-015944-1828659978-51306-40237-0000/executors/d018ab6a-2798-4695-a96a-f29bd94837e7/runs/e05c59a7-ec13-4592-b21f-a21fe71b8a77' for gc 6.99998942088889days in the future
I0613 01:59:52.914433 40279 slave.cpp:2753] Sending acknowledgement for status update TASK_RUNNING (UUID: fb355130-1d00-4858-bf1a-5d029700bafc) for task 6416a128-f3c1-4990-88e3-881e57f685a1 of framework 20150613-015944-1828659978-51306-40237-0000 to executor(1)@10.35.255.108:54314
I0613 01:59:52.914463 40287 gc.cpp:56] Scheduling '/tmp/mesos-O40242/0/meta/slaves/20150613-015944-1828659978-51306-40237-S0/frameworks/20150613-015944-1828659978-51306-40237-0000/executors/d018ab6a-2798-4695-a96a-f29bd94837e7' for gc 6.99998942017185days in the future
I0613 01:59:52.914465 40300 status_update_manager.cpp:821] Checkpointing UPDATE for status update TASK_RUNNING (UUID: c2218b8f-ebcd-4d34-80c5-1f9b005c9ebd) for task 3b994e52-7d64-47fe-aba2-ba9f933893cc of framework 20150613-015944-1828659978-51306-40237-0000
I0613 01:59:52.914511 40296 master.cpp:3582] Status update TASK_RUNNING (UUID: fb355130-1d00-4858-bf1a-5d029700bafc) for task 6416a128-f3c1-4990-88e3-881e57f685a1 of framework 20150613-015944-1828659978-51306-40237-0000 from slave 20150613-015944-1828659978-51306-40237-S0 at slave(1)@10.35.255.108:51306 (smfd-atr-11-sr1.devel.twitter.com)
I0613 01:59:52.914557 40296 master.cpp:3621] Forwarding status update TASK_RUNNING (UUID: fb355130-1d00-4858-bf1a-5d029700bafc) for task 6416a128-f3c1-4990-88e3-881e57f685a1 of framework 20150613-015944-1828659978-51306-40237-0000
I0613 01:59:52.914796 40296 master.cpp:4975] Updating the latest state of task 6416a128-f3c1-4990-88e3-881e57f685a1 of framework 20150613-015944-1828659978-51306-40237-0000 to TASK_FINISHED (status update state: TASK_RUNNING)
I0613 01:59:52.914829 40279 slave.cpp:3251] Executor 'dfd1eebe-cb5b-4aab-8d93-a6a3cb4795c6' of framework 20150613-015944-1828659978-51306-40237-0000 exited with status 0
I0613 01:59:52.914842 40281 persistent_volume_framework.cpp:249] Task '6416a128-f3c1-4990-88e3-881e57f685a1' is in state TASK_RUNNING
I0613 01:59:52.914882 40279 slave.cpp:3357] Cleaning up executor 'dfd1eebe-cb5b-4aab-8d93-a6a3cb4795c6' of framework 20150613-015944-1828659978-51306-40237-0000
I0613 01:59:52.915130 40280 hierarchical.hpp:741] Recovered cpus(test):0.1; mem(test):32; disk(test):8; disk(test)[9a13155d-4759-4d8c-93c2-d1f8786970f5:volume]:8 (total allocatable: cpus(test):23.9; mem(test):71290; disk(test):454735; ports(test):[31000-32000]; disk(test)[a37eb0ef-744b-4839-a75d-fc19970f2b88:volume]:8; disk(test)[9a13155d-4759-4d8c-93c2-d1f8786970f5:volume]:8) on slave 20150613-015944-1828659978-51306-40237-S0 from framework 20150613-015944-1828659978-51306-40237-0000
I0613 01:59:52.915166 40297 gc.cpp:56] Scheduling '/tmp/mesos-O40242/0/slaves/20150613-015944-1828659978-51306-40237-S0/frameworks/20150613-015944-1828659978-51306-40237-0000/executors/dfd1eebe-cb5b-4aab-8d93-a6a3cb4795c6/runs/e95c90da-043b-412e-b5b7-fae18f38b7ee' for gc 6.99998940859852days in the future
I0613 01:59:52.915194 40296 master.cpp:3015] Forwarding status update acknowledgement fb355130-1d00-4858-bf1a-5d029700bafc for task 6416a128-f3c1-4990-88e3-881e57f685a1 of framework 20150613-015944-1828659978-51306-40237-0000 (Persistent Volume Framework (C++)) at scheduler-1792d1c8-5d15-4e56-abc3-698227aa604a@10.35.255.108:51306 to slave 20150613-015944-1828659978-51306-40237-S0 at slave(1)@10.35.255.108:51306 (smfd-atr-11-sr1.devel.twitter.com)
I0613 01:59:52.915388 40297 gc.cpp:56] Scheduling '/tmp/mesos-O40242/0/slaves/20150613-015944-1828659978-51306-40237-S0/frameworks/20150613-015944-1828659978-51306-40237-0000/executors/dfd1eebe-cb5b-4aab-8d93-a6a3cb4795c6' for gc 6.99998940689778days in the future
I0613 01:59:52.915436 40279 slave.cpp:3251] Executor '5139cbfa-5370-4852-a8bc-f10644a6658e' of framework 20150613-015944-1828659978-51306-40237-0000 exited with status 0
I0613 01:59:52.915485 40279 slave.cpp:3357] Cleaning up executor '5139cbfa-5370-4852-a8bc-f10644a6658e' of framework 20150613-015944-1828659978-51306-40237-0000
I0613 01:59:52.915493 40297 gc.cpp:56] Scheduling '/tmp/mesos-O40242/0/meta/slaves/20150613-015944-1828659978-51306-40237-S0/frameworks/20150613-015944-1828659978-51306-40237-0000/executors/dfd1eebe-cb5b-4aab-8d93-a6a3cb4795c6/runs/e95c90da-043b-412e-b5b7-fae18f38b7ee' for gc 6.99998940606222days in the future
I0613 01:59:52.915628 40297 gc.cpp:56] Scheduling '/tmp/mesos-O40242/0/meta/slaves/20150613-015944-1828659978-51306-40237-S0/frameworks/20150613-015944-1828659978-51306-40237-0000/executors/dfd1eebe-cb5b-4aab-8d93-a6a3cb4795c6' for gc 6.99998940537185days in the future
I0613 01:59:52.915734 40297 gc.cpp:56] Scheduling '/tmp/mesos-O40242/0/slaves/20150613-015944-1828659978-51306-40237-S0/frameworks/20150613-015944-1828659978-51306-40237-0000/executors/5139cbfa-5370-4852-a8bc-f10644a6658e/runs/a626de08-4bbd-43db-8022-69f0fce9cc14' for gc 6.99998940236148days in the future
I0613 01:59:52.915987 40301 gc.cpp:56] Scheduling '/tmp/mesos-O40242/0/slaves/20150613-015944-1828659978-51306-40237-S0/frameworks/20150613-015944-1828659978-51306-40237-0000/executors/5139cbfa-5370-4852-a8bc-f10644a6658e' for gc 6.99998940114667days in the future
I0613 01:59:52.916128 40301 gc.cpp:56] Scheduling '/tmp/mesos-O40242/0/meta/slaves/20150613-015944-1828659978-51306-40237-S0/frameworks/20150613-015944-1828659978-51306-40237-0000/executors/5139cbfa-5370-4852-a8bc-f10644a6658e/runs/a626de08-4bbd-43db-8022-69f0fce9cc14' for gc 6.99998939902815days in the future
I0613 01:59:52.916254 40301 gc.cpp:56] Scheduling '/tmp/mesos-O40242/0/meta/slaves/20150613-015944-1828659978-51306-40237-S0/frameworks/20150613-015944-1828659978-51306-40237-0000/executors/5139cbfa-5370-4852-a8bc-f10644a6658e' for gc 6.9999893981837days in the future
I0613 01:59:52.980665 40300 status_update_manager.cpp:321] Received status update TASK_FINISHED (UUID: b2afb4b9-5c36-458e-937e-45467b1dced7) for task 9d33c2ed-3c0d-4783-9290-84dd33733086 of framework 20150613-015944-1828659978-51306-40237-0000
I0613 01:59:52.980780 40300 status_update_manager.cpp:821] Checkpointing UPDATE for status update TASK_FINISHED (UUID: b2afb4b9-5c36-458e-937e-45467b1dced7) for task 9d33c2ed-3c0d-4783-9290-84dd33733086 of framework 20150613-015944-1828659978-51306-40237-0000
I0613 01:59:52.980675 40281 slave.cpp:2820] Forwarding the update TASK_RUNNING (UUID: c2218b8f-ebcd-4d34-80c5-1f9b005c9ebd) for task 3b994e52-7d64-47fe-aba2-ba9f933893cc of framework 20150613-015944-1828659978-51306-40237-0000 to master@10.35.255.108:51306
I0613 01:59:52.981024 40281 slave.cpp:2753] Sending acknowledgement for status update TASK_RUNNING (UUID: c2218b8f-ebcd-4d34-80c5-1f9b005c9ebd) for task 3b994e52-7d64-47fe-aba2-ba9f933893cc of framework 20150613-015944-1828659978-51306-40237-0000 to executor(1)@10.35.255.108:43239
I0613 01:59:52.981150 40286 master.cpp:3582] Status update TASK_RUNNING (UUID: c2218b8f-ebcd-4d34-80c5-1f9b005c9ebd) for task 3b994e52-7d64-47fe-aba2-ba9f933893cc of framework 20150613-015944-1828659978-51306-40237-0000 from slave 20150613-015944-1828659978-51306-40237-S0 at slave(1)@10.35.255.108:51306 (smfd-atr-11-sr1.devel.twitter.com)
I0613 01:59:52.981211 40286 master.cpp:3621] Forwarding status update TASK_RUNNING (UUID: c2218b8f-ebcd-4d34-80c5-1f9b005c9ebd) for task 3b994e52-7d64-47fe-aba2-ba9f933893cc of framework 20150613-015944-1828659978-51306-40237-0000
I0613 01:59:52.981354 40286 master.cpp:4975] Updating the latest state of task 3b994e52-7d64-47fe-aba2-ba9f933893cc of framework 20150613-015944-1828659978-51306-40237-0000 to TASK_FINISHED (status update state: TASK_RUNNING)
I0613 01:59:52.981438 40295 persistent_volume_framework.cpp:249] Task '3b994e52-7d64-47fe-aba2-ba9f933893cc' is in state TASK_RUNNING
I0613 01:59:52.981683 40290 hierarchical.hpp:741] Recovered cpus(test):0.1; mem(test):32; disk(test):8; disk(test)[37a2702e-3400-467c-9a44-79d6e09281ca:volume]:8 (total allocatable: cpus(test):24; mem(test):71322; disk(test):454743; ports(test):[31000-32000]; disk(test)[a37eb0ef-744b-4839-a75d-fc19970f2b88:volume]:8; disk(test)[9a13155d-4759-4d8c-93c2-d1f8786970f5:volume]:8; disk(test)[37a2702e-3400-467c-9a44-79d6e09281ca:volume]:8) on slave 20150613-015944-1828659978-51306-40237-S0 from framework 20150613-015944-1828659978-51306-40237-0000
I0613 01:59:52.981747 40286 master.cpp:3015] Forwarding status update acknowledgement c2218b8f-ebcd-4d34-80c5-1f9b005c9ebd for task 3b994e52-7d64-47fe-aba2-ba9f933893cc of framework 20150613-015944-1828659978-51306-40237-0000 (Persistent Volume Framework (C++)) at scheduler-1792d1c8-5d15-4e56-abc3-698227aa604a@10.35.255.108:51306 to slave 20150613-015944-1828659978-51306-40237-S0 at slave(1)@10.35.255.108:51306 (smfd-atr-11-sr1.devel.twitter.com)
I0613 01:59:53.055660 40300 status_update_manager.cpp:321] Received status update TASK_FINISHED (UUID: 1c0979c4-458a-4a42-b0e0-2dd6fa3e2b6c) for task 6416a128-f3c1-4990-88e3-881e57f685a1 of framework 20150613-015944-1828659978-51306-40237-0000
I0613 01:59:53.055826 40300 status_update_manager.cpp:821] Checkpointing UPDATE for status update TASK_FINISHED (UUID: 1c0979c4-458a-4a42-b0e0-2dd6fa3e2b6c) for task 6416a128-f3c1-4990-88e3-881e57f685a1 of framework 20150613-015944-1828659978-51306-40237-0000
I0613 01:59:53.055724 40286 slave.cpp:2753] Sending acknowledgement for status update TASK_FINISHED (UUID: b2afb4b9-5c36-458e-937e-45467b1dced7) for task 9d33c2ed-3c0d-4783-9290-84dd33733086 of framework 20150613-015944-1828659978-51306-40237-0000 to executor(1)@10.35.255.108:52819
I0613 01:59:53.122498 40300 status_update_manager.cpp:321] Received status update TASK_FINISHED (UUID: 06a8c940-0445-4fad-8d82-31230df9dc40) for task 3b994e52-7d64-47fe-aba2-ba9f933893cc of framework 20150613-015944-1828659978-51306-40237-0000
I0613 01:59:53.122563 40283 slave.cpp:2753] Sending acknowledgement for status update TASK_FINISHED (UUID: 1c0979c4-458a-4a42-b0e0-2dd6fa3e2b6c) for task 6416a128-f3c1-4990-88e3-881e57f685a1 of framework 20150613-015944-1828659978-51306-40237-0000 to executor(1)@10.35.255.108:54314
I0613 01:59:53.122637 40300 status_update_manager.cpp:821] Checkpointing UPDATE for status update TASK_FINISHED (UUID: 06a8c940-0445-4fad-8d82-31230df9dc40) for task 3b994e52-7d64-47fe-aba2-ba9f933893cc of framework 20150613-015944-1828659978-51306-40237-0000
I0613 01:59:53.189337 40300 status_update_manager.cpp:393] Received status update acknowledgement (UUID: 7577c53a-8652-46d2-ac6a-4a42ef413fc9) for task 9d33c2ed-3c0d-4783-9290-84dd33733086 of framework 20150613-015944-1828659978-51306-40237-0000
I0613 01:59:53.189406 40287 slave.cpp:2753] Sending acknowledgement for status update TASK_FINISHED (UUID: 06a8c940-0445-4fad-8d82-31230df9dc40) for task 3b994e52-7d64-47fe-aba2-ba9f933893cc of framework 20150613-015944-1828659978-51306-40237-0000 to executor(1)@10.35.255.108:43239
I0613 01:59:53.189460 40300 status_update_manager.cpp:821] Checkpointing ACK for status update TASK_RUNNING (UUID: 7577c53a-8652-46d2-ac6a-4a42ef413fc9) for task 9d33c2ed-3c0d-4783-9290-84dd33733086 of framework 20150613-015944-1828659978-51306-40237-0000
I0613 01:59:53.272994 40300 status_update_manager.cpp:393] Received status update acknowledgement (UUID: fb355130-1d00-4858-bf1a-5d029700bafc) for task 6416a128-f3c1-4990-88e3-881e57f685a1 of framework 20150613-015944-1828659978-51306-40237-0000
I0613 01:59:53.273002 40302 slave.cpp:2820] Forwarding the update TASK_FINISHED (UUID: b2afb4b9-5c36-458e-937e-45467b1dced7) for task 9d33c2ed-3c0d-4783-9290-84dd33733086 of framework 20150613-015944-1828659978-51306-40237-0000 to master@10.35.255.108:51306
I0613 01:59:53.273152 40300 status_update_manager.cpp:821] Checkpointing ACK for status update TASK_RUNNING (UUID: fb355130-1d00-4858-bf1a-5d029700bafc) for task 6416a128-f3c1-4990-88e3-881e57f685a1 of framework 20150613-015944-1828659978-51306-40237-0000
I0613 01:59:53.273334 40286 master.cpp:3582] Status update TASK_FINISHED (UUID: b2afb4b9-5c36-458e-937e-45467b1dced7) for task 9d33c2ed-3c0d-4783-9290-84dd33733086 of framework 20150613-015944-1828659978-51306-40237-0000 from slave 20150613-015944-1828659978-51306-40237-S0 at slave(1)@10.35.255.108:51306 (smfd-atr-11-sr1.devel.twitter.com)
I0613 01:59:53.273375 40286 master.cpp:3621] Forwarding status update TASK_FINISHED (UUID: b2afb4b9-5c36-458e-937e-45467b1dced7) for task 9d33c2ed-3c0d-4783-9290-84dd33733086 of framework 20150613-015944-1828659978-51306-40237-0000
I0613 01:59:53.273485 40286 master.cpp:4975] Updating the latest state of task 9d33c2ed-3c0d-4783-9290-84dd33733086 of framework 20150613-015944-1828659978-51306-40237-0000 to TASK_FINISHED
I0613 01:59:53.273565 40296 persistent_volume_framework.cpp:249] Task '9d33c2ed-3c0d-4783-9290-84dd33733086' is in state TASK_FINISHED
I0613 01:59:53.273787 40296 master.cpp:5043] Removing task 9d33c2ed-3c0d-4783-9290-84dd33733086 with resources cpus(test):0.1; mem(test):32; disk(test):8; disk(test)[a37eb0ef-744b-4839-a75d-fc19970f2b88:volume]:8 of framework 20150613-015944-1828659978-51306-40237-0000 on slave 20150613-015944-1828659978-51306-40237-S0 at slave(1)@10.35.255.108:51306 (smfd-atr-11-sr1.devel.twitter.com)
I0613 01:59:53.273996 40296 master.cpp:3015] Forwarding status update acknowledgement b2afb4b9-5c36-458e-937e-45467b1dced7 for task 9d33c2ed-3c0d-4783-9290-84dd33733086 of framework 20150613-015944-1828659978-51306-40237-0000 (Persistent Volume Framework (C++)) at scheduler-1792d1c8-5d15-4e56-abc3-698227aa604a@10.35.255.108:51306 to slave 20150613-015944-1828659978-51306-40237-S0 at slave(1)@10.35.255.108:51306 (smfd-atr-11-sr1.devel.twitter.com)
I0613 01:59:53.356405 40300 status_update_manager.cpp:393] Received status update acknowledgement (UUID: c2218b8f-ebcd-4d34-80c5-1f9b005c9ebd) for task 3b994e52-7d64-47fe-aba2-ba9f933893cc of framework 20150613-015944-1828659978-51306-40237-0000
I0613 01:59:53.356417 40296 slave.cpp:2820] Forwarding the update TASK_FINISHED (UUID: 1c0979c4-458a-4a42-b0e0-2dd6fa3e2b6c) for task 6416a128-f3c1-4990-88e3-881e57f685a1 of framework 20150613-015944-1828659978-51306-40237-0000 to master@10.35.255.108:51306
I0613 01:59:53.356611 40300 status_update_manager.cpp:821] Checkpointing ACK for status update TASK_RUNNING (UUID: c2218b8f-ebcd-4d34-80c5-1f9b005c9ebd) for task 3b994e52-7d64-47fe-aba2-ba9f933893cc of framework 20150613-015944-1828659978-51306-40237-0000
I0613 01:59:53.356786 40296 master.cpp:3582] Status update TASK_FINISHED (UUID: 1c0979c4-458a-4a42-b0e0-2dd6fa3e2b6c) for task 6416a128-f3c1-4990-88e3-881e57f685a1 of framework 20150613-015944-1828659978-51306-40237-0000 from slave 20150613-015944-1828659978-51306-40237-S0 at slave(1)@10.35.255.108:51306 (smfd-atr-11-sr1.devel.twitter.com)
I0613 01:59:53.356822 40296 master.cpp:3621] Forwarding status update TASK_FINISHED (UUID: 1c0979c4-458a-4a42-b0e0-2dd6fa3e2b6c) for task 6416a128-f3c1-4990-88e3-881e57f685a1 of framework 20150613-015944-1828659978-51306-40237-0000
I0613 01:59:53.356925 40296 master.cpp:4975] Updating the latest state of task 6416a128-f3c1-4990-88e3-881e57f685a1 of framework 20150613-015944-1828659978-51306-40237-0000 to TASK_FINISHED
I0613 01:59:53.357055 40283 persistent_volume_framework.cpp:249] Task '6416a128-f3c1-4990-88e3-881e57f685a1' is in state TASK_FINISHED
I0613 01:59:53.357290 40285 master.cpp:5043] Removing task 6416a128-f3c1-4990-88e3-881e57f685a1 with resources cpus(test):0.1; mem(test):32; disk(test):8; disk(test)[9a13155d-4759-4d8c-93c2-d1f8786970f5:volume]:8 of framework 20150613-015944-1828659978-51306-40237-0000 on slave 20150613-015944-1828659978-51306-40237-S0 at slave(1)@10.35.255.108:51306 (smfd-atr-11-sr1.devel.twitter.com)
I0613 01:59:53.357467 40285 master.cpp:3015] Forwarding status update acknowledgement 1c0979c4-458a-4a42-b0e0-2dd6fa3e2b6c for task 6416a128-f3c1-4990-88e3-881e57f685a1 of framework 20150613-015944-1828659978-51306-40237-0000 (Persistent Volume Framework (C++)) at scheduler-1792d1c8-5d15-4e56-abc3-698227aa604a@10.35.255.108:51306 to slave 20150613-015944-1828659978-51306-40237-S0 at slave(1)@10.35.255.108:51306 (smfd-atr-11-sr1.devel.twitter.com)
I0613 01:59:53.423259 40300 status_update_manager.cpp:393] Received status update acknowledgement (UUID: b2afb4b9-5c36-458e-937e-45467b1dced7) for task 9d33c2ed-3c0d-4783-9290-84dd33733086 of framework 20150613-015944-1828659978-51306-40237-0000
I0613 01:59:53.423269 40284 slave.cpp:2820] Forwarding the update TASK_FINISHED (UUID: 06a8c940-0445-4fad-8d82-31230df9dc40) for task 3b994e52-7d64-47fe-aba2-ba9f933893cc of framework 20150613-015944-1828659978-51306-40237-0000 to master@10.35.255.108:51306
I0613 01:59:53.423462 40300 status_update_manager.cpp:821] Checkpointing ACK for status update TASK_FINISHED (UUID: b2afb4b9-5c36-458e-937e-45467b1dced7) for task 9d33c2ed-3c0d-4783-9290-84dd33733086 of framework 20150613-015944-1828659978-51306-40237-0000
I0613 01:59:53.423764 40298 master.cpp:3582] Status update TASK_FINISHED (UUID: 06a8c940-0445-4fad-8d82-31230df9dc40) for task 3b994e52-7d64-47fe-aba2-ba9f933893cc of framework 20150613-015944-1828659978-51306-40237-0000 from slave 20150613-015944-1828659978-51306-40237-S0 at slave(1)@10.35.255.108:51306 (smfd-atr-11-sr1.devel.twitter.com)
I0613 01:59:53.423827 40298 master.cpp:3621] Forwarding status update TASK_FINISHED (UUID: 06a8c940-0445-4fad-8d82-31230df9dc40) for task 3b994e52-7d64-47fe-aba2-ba9f933893cc of framework 20150613-015944-1828659978-51306-40237-0000
I0613 01:59:53.423961 40298 master.cpp:4975] Updating the latest state of task 3b994e52-7d64-47fe-aba2-ba9f933893cc of framework 20150613-015944-1828659978-51306-40237-0000 to TASK_FINISHED
I0613 01:59:53.424060 40287 persistent_volume_framework.cpp:249] Task '3b994e52-7d64-47fe-aba2-ba9f933893cc' is in state TASK_FINISHED
I0613 01:59:53.424127 40287 sched.cpp:1591] Asked to stop the driver
I0613 01:59:53.424238 40287 sched.cpp:831] Stopping framework '20150613-015944-1828659978-51306-40237-0000'
I0613 01:59:53.424397 40237 sched.cpp:1591] Asked to stop the driver
I0613 01:59:53.424582 40297 master.cpp:2054] Asked to unregister framework 20150613-015944-1828659978-51306-40237-0000
I0613 01:59:53.424643 40297 master.cpp:4529] Removing framework 20150613-015944-1828659978-51306-40237-0000 (Persistent Volume Framework (C++)) at scheduler-1792d1c8-5d15-4e56-abc3-698227aa604a@10.35.255.108:51306
I0613 01:59:53.424820 40294 hierarchical.hpp:437] Deactivated framework 20150613-015944-1828659978-51306-40237-0000
I0613 01:59:53.424887 40293 slave.cpp:1839] Asked to shut down framework 20150613-015944-1828659978-51306-40237-0000 by master@10.35.255.108:51306
W0613 01:59:53.424933 40293 slave.cpp:1854] Cannot shut down unknown framework 20150613-015944-1828659978-51306-40237-0000
I0613 01:59:53.425009 40295 slave.cpp:1839] Asked to shut down framework 20150613-015944-1828659978-51306-40237-0000 by master@10.35.255.108:51306
I0613 01:59:53.425055 40295 slave.cpp:1864] Shutting down framework 20150613-015944-1828659978-51306-40237-0000
I0613 01:59:53.424882 40284 slave.cpp:1839] Asked to shut down framework 20150613-015944-1828659978-51306-40237-0000 by master@10.35.255.108:51306
W0613 01:59:53.425145 40284 slave.cpp:1854] Cannot shut down unknown framework 20150613-015944-1828659978-51306-40237-0000
I0613 01:59:53.425300 40295 slave.cpp:3562] Shutting down executor '9d33c2ed-3c0d-4783-9290-84dd33733086' of framework 20150613-015944-1828659978-51306-40237-0000
I0613 01:59:53.425609 40295 slave.cpp:3562] Shutting down executor '6416a128-f3c1-4990-88e3-881e57f685a1' of framework 20150613-015944-1828659978-51306-40237-0000
I0613 01:59:53.425904 40295 slave.cpp:3562] Shutting down executor '3b994e52-7d64-47fe-aba2-ba9f933893cc' of framework 20150613-015944-1828659978-51306-40237-0000
I0613 01:59:53.426296 40532 exec.cpp:379] Executor asked to shutdown
I0613 01:59:53.426990 40544 exec.cpp:379] Executor asked to shutdown
I0613 01:59:53.427160 40297 master.cpp:4975] Updating the latest state of task 3b994e52-7d64-47fe-aba2-ba9f933893cc of framework 20150613-015944-1828659978-51306-40237-0000 to TASK_KILLED
I0613 01:59:53.427173 40585 exec.cpp:379] Executor asked to shutdown
I0613 01:59:53.427239 40297 master.cpp:5043] Removing task 3b994e52-7d64-47fe-aba2-ba9f933893cc with resources cpus(test):0.1; mem(test):32; disk(test):8; disk(test)[37a2702e-3400-467c-9a44-79d6e09281ca:volume]:8 of framework 20150613-015944-1828659978-51306-40237-0000 on slave 20150613-015944-1828659978-51306-40237-S0 at slave(1)@10.35.255.108:51306 (smfd-atr-11-sr1.devel.twitter.com)
I0613 01:59:53.427824 40297 master.cpp:839] Master terminating
I0613 01:59:53.428038 40289 hierarchical.hpp:391] Removed framework 20150613-015944-1828659978-51306-40237-0000
F0613 01:59:53.428095 40289 sorter.cpp:189] Check failed: resources.contains(slaveId)
*** Check failure stack trace: ***
I0613 01:59:53.429239 40294 slave.cpp:2981] master@10.35.255.108:51306 exited
W0613 01:59:53.429281 40294 slave.cpp:2984] Master disconnected! Waiting for a new master to be elected
I0613 01:59:53.429258 40297 slave.cpp:2981] master@10.35.255.108:51306 exited
W0613 01:59:53.429350 40297 slave.cpp:2984] Master disconnected! Waiting for a new master to be elected
I0613 01:59:53.429373 40284 slave.cpp:2981] master@10.35.255.108:51306 exited
W0613 01:59:53.429412 40284 slave.cpp:2984] Master disconnected! Waiting for a new master to be elected
    @     0x7f571184faac  google::LogMessage::Fail()
    @     0x7f571184f9fb  google::LogMessage::SendToLog()
    @     0x7f571184f40c  google::LogMessage::Flush()
    @     0x7f5711852140  google::LogMessageFatal::~LogMessageFatal()
    @     0x7f5710fc66b9  mesos::internal::master::allocator::DRFSorter::remove()
    @     0x7f5710d961b7  mesos::internal::master::allocator::HierarchicalAllocatorProcess<>::removeSlave()
    @     0x7f5710da0c8b  _ZZN7process8dispatchIN5mesos8internal6master9allocator21MesosAllocatorProcessERKNS1_7SlaveIDES6_EEvRKNS_3PIDIT_EEMSA_FvT0_ET1_ENKUlPNS_11ProcessBaseEE_clESJ_
    @     0x7f5710daa73f  _ZNSt17_Function_handlerIFvPN7process11ProcessBaseEEZNS0_8dispatchIN5mesos8internal6master9allocator21MesosAllocatorProcessERKNS5_7SlaveIDESA_EEvRKNS0_3PIDIT_EEMSE_FvT0_ET1_EUlS2_E_E9_M_invokeERKSt9_Any_dataS2_
    @     0x7f57117d76a1  std::function<>::operator()()
    @     0x7f57117c0779  process::ProcessBase::visit()
    @     0x7f57117c3564  process::DispatchEvent::visit()
    @     0x7f5710c4fd94  process::ProcessBase::serve()
    @     0x7f57117bd2ba  process::ProcessManager::resume()
    @     0x7f57117b21c0  process::schedule()
    @     0x7f570de7d83d  start_thread
    @     0x7f570d66ffcd  clone
../../src/tests/script.cpp:83: Failure
Failed
persistent_volume_framework_test.sh terminated with signal Aborted
[  FAILED  ] ExamplesTest.PersistentVolumeFramework (12120 ms)
{noformat}

According to [~bmahler]'s trace, I think the problem is related to the recent change in oversubscription and [MESOS-2373|https://issues.apache.org/jira/browse/MESOS-2373]. Here is the event sequence:

1) slave starts with no unreserved resources
2) slave uses noop resource estimator
3) allocator->addSlave => roleSorter->add(slaveId, emptyResources);
4) slave receives an estimation about oversubscribed resources, calling allocator->updateSlave => roleSorter->update(slaveId, emptyResources)
5) roleSorter->update(slaveId, emptyResources) invokes resources.erase(slaveId)
6) when we remove the slave turn teardown, the allocator calls roleSorter->remove(slaveId, emptyResources) => CHECK failure.

Note that I've temporarily disabled this test as the fix for MESOS-2866 would otherwise break the build:

{noformat}
commit 5c8fc82e5c052de49e74300bd50f6738d6a93a4a
Author: Benjamin Mahler <benjamin.mahler@gmail.com>
Date:   Mon Jun 15 14:26:35 2015 -0700

    Temporarily disabled ExamplesTest.PersistentVolumeFramework until MESOS-2627 is fixed.
{noformat}

commit cdc60912fa832d8a7ce5066226ff1ae3b9dc124a
Author: Jie Yu <yujie.jay@gmail.com>
Date:   Mon Jun 15 14:14:22 2015 -0700

    Removed a few incorrect CHECKs in DRF sorter.
    
    Review: https://reviews.apache.org/r/35473

