I0613 01:59:45.672879 40287 persistent_volume_framework.cpp:156] Received offer 20150613-015944-1828659978-51306-40237-O0 from slave 20150613-015944-1828659978-51306-40237-S0 (smfd-atr-11-sr1.devel.twitter.com) with cpus(test):24; mem(test):71322; disk(test):454767; ports(test):[31000-32000]
I0613 01:59:45.686054 40287 persistent_volume_framework.cpp:156] Received offer 20150613-015944-1828659978-51306-40237-O1 from slave 20150613-015944-1828659978-51306-40237-S1 (smfd-atr-11-sr1.devel.twitter.com) with cpus(test):24; mem(test):71322; disk(test):454767; ports(test):[31000-32000]
I0613 01:59:45.686185 40287 persistent_volume_framework.cpp:156] Received offer 20150613-015944-1828659978-51306-40237-O2 from slave 20150613-015944-1828659978-51306-40237-S2 (smfd-atr-11-sr1.devel.twitter.com) with cpus(test):24; mem(test):71322; disk(test):454767; ports(test):[31000-32000]
I0613 01:59:45.688035 40299 master.cpp:2424] Processing ACCEPT call for offers: [ 20150613-015944-1828659978-51306-40237-O0 ] on slave 20150613-015944-1828659978-51306-40237-S0 at slave(1)@10.35.255.108:51306 (smfd-atr-11-sr1.devel.twitter.com) for framework 20150613-015944-1828659978-51306-40237-0000 (Persistent Volume Framework (C++)) at scheduler-1792d1c8-5d15-4e56-abc3-698227aa604a@10.35.255.108:51306
I0613 01:59:45.688130 40299 master.cpp:2268] Authorizing framework principal 'test-principal' to launch task 132f054c-4812-4702-b736-44ca883bf104 as user 'bmahler'
I0613 01:59:45.688387 40299 master.cpp:2268] Authorizing framework principal 'test-principal' to launch task caf4ed95-7f46-4c4e-9f39-a152c98e66ec as user 'bmahler'
I0613 01:59:45.688501 40299 master.cpp:2268] Authorizing framework principal 'test-principal' to launch task 3afb0edd-9ce8-44b2-9be1-236b9fbdc04d as user 'bmahler'
I0613 01:59:45.690353 40299 master.cpp:2424] Processing ACCEPT call for offers: [ 20150613-015944-1828659978-51306-40237-O1 ] on slave 20150613-015944-1828659978-51306-40237-S1 at slave(2)@10.35.255.108:51306 (smfd-atr-11-sr1.devel.twitter.com) for framework 20150613-015944-1828659978-51306-40237-0000 (Persistent Volume Framework (C++)) at scheduler-1792d1c8-5d15-4e56-abc3-698227aa604a@10.35.255.108:51306
I0613 01:59:45.690884 40299 master.cpp:2424] Processing ACCEPT call for offers: [ 20150613-015944-1828659978-51306-40237-O2 ] on slave 20150613-015944-1828659978-51306-40237-S2 at slave(3)@10.35.255.108:51306 (smfd-atr-11-sr1.devel.twitter.com) for framework 20150613-015944-1828659978-51306-40237-0000 (Persistent Volume Framework (C++)) at scheduler-1792d1c8-5d15-4e56-abc3-698227aa604a@10.35.255.108:51306
I0613 01:59:45.691440 40299 master.cpp:2620] Applying CREATE operation for volumes disk(test)[a37eb0ef-744b-4839-a75d-fc19970f2b88:volume]:8 from framework 20150613-015944-1828659978-51306-40237-0000 (Persistent Volume Framework (C++)) at scheduler-1792d1c8-5d15-4e56-abc3-698227aa604a@10.35.255.108:51306 to slave 20150613-015944-1828659978-51306-40237-S0 at slave(1)@10.35.255.108:51306 (smfd-atr-11-sr1.devel.twitter.com)
I0613 01:59:45.691728 40299 master.cpp:5103] Sending checkpointed resources disk(test)[a37eb0ef-744b-4839-a75d-fc19970f2b88:volume]:8 to slave 20150613-015944-1828659978-51306-40237-S0 at slave(1)@10.35.255.108:51306 (smfd-atr-11-sr1.devel.twitter.com)
I0613 01:59:45.692476 40280 hierarchical.hpp:696] Updated allocation of framework 20150613-015944-1828659978-51306-40237-0000 on slave 20150613-015944-1828659978-51306-40237-S0 from cpus(test):24; mem(test):71322; disk(test):454767; ports(test):[31000-32000] to cpus(test):24; mem(test):71322; disk(test):454759; ports(test):[31000-32000]; disk(test)[a37eb0ef-744b-4839-a75d-fc19970f2b88:volume]:8
I0613 01:59:45.692494 40288 slave.cpp:2095] Updated checkpointed resources from  to disk(test)[a37eb0ef-744b-4839-a75d-fc19970f2b88:volume]:8
I0613 01:59:45.693096 40299 master.hpp:159] Adding task 132f054c-4812-4702-b736-44ca883bf104 with resources cpus(test):0.1; mem(test):32; disk(test):8; disk(test)[a37eb0ef-744b-4839-a75d-fc19970f2b88:volume]:8 on slave 20150613-015944-1828659978-51306-40237-S0 (smfd-atr-11-sr1.devel.twitter.com)
I0613 01:59:45.693289 40299 master.cpp:2751] Launching task 132f054c-4812-4702-b736-44ca883bf104 of framework 20150613-015944-1828659978-51306-40237-0000 (Persistent Volume Framework (C++)) at scheduler-1792d1c8-5d15-4e56-abc3-698227aa604a@10.35.255.108:51306 with resources cpus(test):0.1; mem(test):32; disk(test):8; disk(test)[a37eb0ef-744b-4839-a75d-fc19970f2b88:volume]:8 on slave 20150613-015944-1828659978-51306-40237-S0 at slave(1)@10.35.255.108:51306 (smfd-atr-11-sr1.devel.twitter.com)
I0613 01:59:45.693738 40286 slave.cpp:1214] Got assigned task 132f054c-4812-4702-b736-44ca883bf104 for framework 20150613-015944-1828659978-51306-40237-0000
I0613 01:59:45.693841 40299 master.cpp:2620] Applying CREATE operation for volumes disk(test)[9a13155d-4759-4d8c-93c2-d1f8786970f5:volume]:8 from framework 20150613-015944-1828659978-51306-40237-0000 (Persistent Volume Framework (C++)) at scheduler-1792d1c8-5d15-4e56-abc3-698227aa604a@10.35.255.108:51306 to slave 20150613-015944-1828659978-51306-40237-S0 at slave(1)@10.35.255.108:51306 (smfd-atr-11-sr1.devel.twitter.com)
I0613 01:59:45.694144 40299 master.cpp:5103] Sending checkpointed resources disk(test)[a37eb0ef-744b-4839-a75d-fc19970f2b88:volume]:8; disk(test)[9a13155d-4759-4d8c-93c2-d1f8786970f5:volume]:8 to slave 20150613-015944-1828659978-51306-40237-S0 at slave(1)@10.35.255.108:51306 (smfd-atr-11-sr1.devel.twitter.com)
I0613 01:59:45.694690 40283 hierarchical.hpp:696] Updated allocation of framework 20150613-015944-1828659978-51306-40237-0000 on slave 20150613-015944-1828659978-51306-40237-S0 from cpus(test):24; mem(test):71322; disk(test):454759; ports(test):[31000-32000]; disk(test)[a37eb0ef-744b-4839-a75d-fc19970f2b88:volume]:8 to cpus(test):24; mem(test):71322; disk(test):454751; ports(test):[31000-32000]; disk(test)[a37eb0ef-744b-4839-a75d-fc19970f2b88:volume]:8; disk(test)[9a13155d-4759-4d8c-93c2-d1f8786970f5:volume]:8
I0613 01:59:45.694872 40299 master.hpp:159] Adding task caf4ed95-7f46-4c4e-9f39-a152c98e66ec with resources cpus(test):0.1; mem(test):32; disk(test):8; disk(test)[9a13155d-4759-4d8c-93c2-d1f8786970f5:volume]:8 on slave 20150613-015944-1828659978-51306-40237-S0 (smfd-atr-11-sr1.devel.twitter.com)
I0613 01:59:45.695051 40299 master.cpp:2751] Launching task caf4ed95-7f46-4c4e-9f39-a152c98e66ec of framework 20150613-015944-1828659978-51306-40237-0000 (Persistent Volume Framework (C++)) at scheduler-1792d1c8-5d15-4e56-abc3-698227aa604a@10.35.255.108:51306 with resources cpus(test):0.1; mem(test):32; disk(test):8; disk(test)[9a13155d-4759-4d8c-93c2-d1f8786970f5:volume]:8 on slave 20150613-015944-1828659978-51306-40237-S0 at slave(1)@10.35.255.108:51306 (smfd-atr-11-sr1.devel.twitter.com)
I0613 01:59:45.695474 40299 master.cpp:2620] Applying CREATE operation for volumes disk(test)[37a2702e-3400-467c-9a44-79d6e09281ca:volume]:8 from framework 20150613-015944-1828659978-51306-40237-0000 (Persistent Volume Framework (C++)) at scheduler-1792d1c8-5d15-4e56-abc3-698227aa604a@10.35.255.108:51306 to slave 20150613-015944-1828659978-51306-40237-S0 at slave(1)@10.35.255.108:51306 (smfd-atr-11-sr1.devel.twitter.com)
I0613 01:59:45.695746 40286 slave.cpp:2095] Updated checkpointed resources from disk(test)[a37eb0ef-744b-4839-a75d-fc19970f2b88:volume]:8 to disk(test)[a37eb0ef-744b-4839-a75d-fc19970f2b88:volume]:8; disk(test)[9a13155d-4759-4d8c-93c2-d1f8786970f5:volume]:8
I0613 01:59:45.695788 40299 master.cpp:5103] Sending checkpointed resources disk(test)[a37eb0ef-744b-4839-a75d-fc19970f2b88:volume]:8; disk(test)[9a13155d-4759-4d8c-93c2-d1f8786970f5:volume]:8; disk(test)[37a2702e-3400-467c-9a44-79d6e09281ca:volume]:8 to slave 20150613-015944-1828659978-51306-40237-S0 at slave(1)@10.35.255.108:51306 (smfd-atr-11-sr1.devel.twitter.com)
I0613 01:59:45.696104 40286 slave.cpp:1214] Got assigned task caf4ed95-7f46-4c4e-9f39-a152c98e66ec for framework 20150613-015944-1828659978-51306-40237-0000
I0613 01:59:45.696578 40284 hierarchical.hpp:696] Updated allocation of framework 20150613-015944-1828659978-51306-40237-0000 on slave 20150613-015944-1828659978-51306-40237-S0 from cpus(test):24; mem(test):71322; disk(test):454751; ports(test):[31000-32000]; disk(test)[a37eb0ef-744b-4839-a75d-fc19970f2b88:volume]:8; disk(test)[9a13155d-4759-4d8c-93c2-d1f8786970f5:volume]:8 to cpus(test):24; mem(test):71322; disk(test):454743; ports(test):[31000-32000]; disk(test)[a37eb0ef-744b-4839-a75d-fc19970f2b88:volume]:8; disk(test)[9a13155d-4759-4d8c-93c2-d1f8786970f5:volume]:8; disk(test)[37a2702e-3400-467c-9a44-79d6e09281ca:volume]:8
I0613 01:59:45.696833 40286 slave.cpp:1328] Launching task 132f054c-4812-4702-b736-44ca883bf104 for framework 20150613-015944-1828659978-51306-40237-0000
I0613 01:59:45.696935 40299 master.hpp:159] Adding task 3afb0edd-9ce8-44b2-9be1-236b9fbdc04d with resources cpus(test):0.1; mem(test):32; disk(test):8; disk(test)[37a2702e-3400-467c-9a44-79d6e09281ca:volume]:8 on slave 20150613-015944-1828659978-51306-40237-S0 (smfd-atr-11-sr1.devel.twitter.com)
I0613 01:59:45.697110 40299 master.cpp:2751] Launching task 3afb0edd-9ce8-44b2-9be1-236b9fbdc04d of framework 20150613-015944-1828659978-51306-40237-0000 (Persistent Volume Framework (C++)) at scheduler-1792d1c8-5d15-4e56-abc3-698227aa604a@10.35.255.108:51306 with resources cpus(test):0.1; mem(test):32; disk(test):8; disk(test)[37a2702e-3400-467c-9a44-79d6e09281ca:volume]:8 on slave 20150613-015944-1828659978-51306-40237-S0 at slave(1)@10.35.255.108:51306 (smfd-atr-11-sr1.devel.twitter.com)
I0613 01:59:45.697557 40293 hierarchical.hpp:741] Recovered cpus(test):23.7; mem(test):71226; disk(test):454719; ports(test):[31000-32000] (total allocatable: cpus(test):23.7; mem(test):71226; disk(test):454719; ports(test):[31000-32000]) on slave 20150613-015944-1828659978-51306-40237-S0 from framework 20150613-015944-1828659978-51306-40237-0000
I0613 01:59:45.697929 40293 hierarchical.hpp:741] Recovered cpus(test):24; mem(test):71322; disk(test):454767; ports(test):[31000-32000] (total allocatable: cpus(test):24; mem(test):71322; disk(test):454767; ports(test):[31000-32000]) on slave 20150613-015944-1828659978-51306-40237-S1 from framework 20150613-015944-1828659978-51306-40237-0000
I0613 01:59:45.698262 40293 hierarchical.hpp:741] Recovered cpus(test):24; mem(test):71322; disk(test):454767; ports(test):[31000-32000] (total allocatable: cpus(test):24; mem(test):71322; disk(test):454767; ports(test):[31000-32000]) on slave 20150613-015944-1828659978-51306-40237-S2 from framework 20150613-015944-1828659978-51306-40237-0000
I0613 01:59:45.709532 40286 slave.cpp:4513] Launching executor 132f054c-4812-4702-b736-44ca883bf104 of framework 20150613-015944-1828659978-51306-40237-0000 with resources cpus(*):0.1; mem(*):32 in work directory '/tmp/mesos-O40242/0/slaves/20150613-015944-1828659978-51306-40237-S0/frameworks/20150613-015944-1828659978-51306-40237-0000/executors/132f054c-4812-4702-b736-44ca883bf104/runs/2d60c77f-d420-452b-8f41-22b5d5224b39'
I0613 01:59:45.710275 40280 containerizer.cpp:530] Starting container '2d60c77f-d420-452b-8f41-22b5d5224b39' for executor '132f054c-4812-4702-b736-44ca883bf104' of framework '20150613-015944-1828659978-51306-40237-0000'
I0613 01:59:45.710695 40280 containerizer.cpp:1320] Adding symlink from '/tmp/mesos-O40242/0/volumes/roles/test/a37eb0ef-744b-4839-a75d-fc19970f2b88' to '/tmp/mesos-O40242/0/slaves/20150613-015944-1828659978-51306-40237-S0/frameworks/20150613-015944-1828659978-51306-40237-0000/executors/132f054c-4812-4702-b736-44ca883bf104/runs/2d60c77f-d420-452b-8f41-22b5d5224b39/volume' for persistent volume disk(test)[a37eb0ef-744b-4839-a75d-fc19970f2b88:volume]:8 of container 2d60c77f-d420-452b-8f41-22b5d5224b39
I0613 01:59:45.710958 40286 slave.cpp:1474] Queuing task '132f054c-4812-4702-b736-44ca883bf104' for executor 132f054c-4812-4702-b736-44ca883bf104 of framework '20150613-015944-1828659978-51306-40237-0000
I0613 01:59:45.711614 40286 slave.cpp:2095] Updated checkpointed resources from disk(test)[a37eb0ef-744b-4839-a75d-fc19970f2b88:volume]:8; disk(test)[9a13155d-4759-4d8c-93c2-d1f8786970f5:volume]:8 to disk(test)[a37eb0ef-744b-4839-a75d-fc19970f2b88:volume]:8; disk(test)[9a13155d-4759-4d8c-93c2-d1f8786970f5:volume]:8; disk(test)[37a2702e-3400-467c-9a44-79d6e09281ca:volume]:8
I0613 01:59:45.711710 40286 slave.cpp:1328] Launching task caf4ed95-7f46-4c4e-9f39-a152c98e66ec for framework 20150613-015944-1828659978-51306-40237-0000
I0613 01:59:45.716094 40280 launcher.cpp:131] Forked child with pid '40310' for container '2d60c77f-d420-452b-8f41-22b5d5224b39'
I0613 01:59:45.716351 40280 containerizer.cpp:766] Checkpointing executor's forked pid 40310 to '/tmp/mesos-O40242/0/meta/slaves/20150613-015944-1828659978-51306-40237-S0/frameworks/20150613-015944-1828659978-51306-40237-0000/executors/132f054c-4812-4702-b736-44ca883bf104/runs/2d60c77f-d420-452b-8f41-22b5d5224b39/pids/forked.pid'
I0613 01:59:45.724089 40286 slave.cpp:4513] Launching executor caf4ed95-7f46-4c4e-9f39-a152c98e66ec of framework 20150613-015944-1828659978-51306-40237-0000 with resources cpus(*):0.1; mem(*):32 in work directory '/tmp/mesos-O40242/0/slaves/20150613-015944-1828659978-51306-40237-S0/frameworks/20150613-015944-1828659978-51306-40237-0000/executors/caf4ed95-7f46-4c4e-9f39-a152c98e66ec/runs/00ee5c39-4688-4a36-b277-b2ccd549d21e'
I0613 01:59:45.724526 40302 containerizer.cpp:530] Starting container '00ee5c39-4688-4a36-b277-b2ccd549d21e' for executor 'caf4ed95-7f46-4c4e-9f39-a152c98e66ec' of framework '20150613-015944-1828659978-51306-40237-0000'
I0613 01:59:45.724723 40302 containerizer.cpp:1320] Adding symlink from '/tmp/mesos-O40242/0/volumes/roles/test/9a13155d-4759-4d8c-93c2-d1f8786970f5' to '/tmp/mesos-O40242/0/slaves/20150613-015944-1828659978-51306-40237-S0/frameworks/20150613-015944-1828659978-51306-40237-0000/executors/caf4ed95-7f46-4c4e-9f39-a152c98e66ec/runs/00ee5c39-4688-4a36-b277-b2ccd549d21e/volume' for persistent volume disk(test)[9a13155d-4759-4d8c-93c2-d1f8786970f5:volume]:8 of container 00ee5c39-4688-4a36-b277-b2ccd549d21e
I0613 01:59:45.725107 40286 slave.cpp:1474] Queuing task 'caf4ed95-7f46-4c4e-9f39-a152c98e66ec' for executor caf4ed95-7f46-4c4e-9f39-a152c98e66ec of framework '20150613-015944-1828659978-51306-40237-0000
I0613 01:59:45.725373 40286 slave.cpp:1214] Got assigned task 3afb0edd-9ce8-44b2-9be1-236b9fbdc04d for framework 20150613-015944-1828659978-51306-40237-0000
I0613 01:59:45.726593 40286 slave.cpp:1328] Launching task 3afb0edd-9ce8-44b2-9be1-236b9fbdc04d for framework 20150613-015944-1828659978-51306-40237-0000
I0613 01:59:45.728385 40302 launcher.cpp:131] Forked child with pid '40312' for container '00ee5c39-4688-4a36-b277-b2ccd549d21e'
I0613 01:59:45.728783 40302 containerizer.cpp:766] Checkpointing executor's forked pid 40312 to '/tmp/mesos-O40242/0/meta/slaves/20150613-015944-1828659978-51306-40237-S0/frameworks/20150613-015944-1828659978-51306-40237-0000/executors/caf4ed95-7f46-4c4e-9f39-a152c98e66ec/runs/00ee5c39-4688-4a36-b277-b2ccd549d21e/pids/forked.pid'
I0613 01:59:45.739753 40286 slave.cpp:4513] Launching executor 3afb0edd-9ce8-44b2-9be1-236b9fbdc04d of framework 20150613-015944-1828659978-51306-40237-0000 with resources cpus(*):0.1; mem(*):32 in work directory '/tmp/mesos-O40242/0/slaves/20150613-015944-1828659978-51306-40237-S0/frameworks/20150613-015944-1828659978-51306-40237-0000/executors/3afb0edd-9ce8-44b2-9be1-236b9fbdc04d/runs/4d63e901-d20a-40ff-a0cc-b09b23f61746'
I0613 01:59:45.740182 40299 containerizer.cpp:530] Starting container '4d63e901-d20a-40ff-a0cc-b09b23f61746' for executor '3afb0edd-9ce8-44b2-9be1-236b9fbdc04d' of framework '20150613-015944-1828659978-51306-40237-0000'
I0613 01:59:45.740320 40299 containerizer.cpp:1320] Adding symlink from '/tmp/mesos-O40242/0/volumes/roles/test/37a2702e-3400-467c-9a44-79d6e09281ca' to '/tmp/mesos-O40242/0/slaves/20150613-015944-1828659978-51306-40237-S0/frameworks/20150613-015944-1828659978-51306-40237-0000/executors/3afb0edd-9ce8-44b2-9be1-236b9fbdc04d/runs/4d63e901-d20a-40ff-a0cc-b09b23f61746/volume' for persistent volume disk(test)[37a2702e-3400-467c-9a44-79d6e09281ca:volume]:8 of container 4d63e901-d20a-40ff-a0cc-b09b23f61746
I0613 01:59:45.740619 40286 slave.cpp:1474] Queuing task '3afb0edd-9ce8-44b2-9be1-236b9fbdc04d' for executor 3afb0edd-9ce8-44b2-9be1-236b9fbdc04d of framework '20150613-015944-1828659978-51306-40237-0000
I0613 01:59:45.742689 40299 launcher.cpp:131] Forked child with pid '40314' for container '4d63e901-d20a-40ff-a0cc-b09b23f61746'
I0613 01:59:45.742849 40299 containerizer.cpp:766] Checkpointing executor's forked pid 40314 to '/tmp/mesos-O40242/0/meta/slaves/20150613-015944-1828659978-51306-40237-S0/frameworks/20150613-015944-1828659978-51306-40237-0000/executors/3afb0edd-9ce8-44b2-9be1-236b9fbdc04d/runs/4d63e901-d20a-40ff-a0cc-b09b23f61746/pids/forked.pid'
I0613 01:59:45.800113 40310 exec.cpp:132] Version: 0.23.0
I0613 01:59:45.806599 40280 slave.cpp:2226] Got registration for executor '132f054c-4812-4702-b736-44ca883bf104' of framework 20150613-015944-1828659978-51306-40237-0000 from executor(1)@10.35.255.108:54864
I0613 01:59:45.809365 40328 exec.cpp:206] Executor registered on slave 20150613-015944-1828659978-51306-40237-S0
I0613 01:59:45.809886 40279 slave.cpp:1626] Sending queued task '132f054c-4812-4702-b736-44ca883bf104' to executor '132f054c-4812-4702-b736-44ca883bf104' of framework 20150613-015944-1828659978-51306-40237-0000
Registered executor on smfd-atr-11-sr1.devel.twitter.com
I0613 01:59:45.811802 40312 exec.cpp:132] Version: 0.23.0
Starting task 132f054c-4812-4702-b736-44ca883bf104
Forked command at 40365
sh -c 'touch volume/persisted'
I0613 01:59:45.816880 40292 slave.cpp:2565] Handling status update TASK_RUNNING (UUID: 17706216-6c55-440a-a96f-8e0e8c408913) for task 132f054c-4812-4702-b736-44ca883bf104 of framework 20150613-015944-1828659978-51306-40237-0000 from executor(1)@10.35.255.108:54864
I0613 01:59:45.817376 40293 status_update_manager.cpp:321] Received status update TASK_RUNNING (UUID: 17706216-6c55-440a-a96f-8e0e8c408913) for task 132f054c-4812-4702-b736-44ca883bf104 of framework 20150613-015944-1828659978-51306-40237-0000
I0613 01:59:45.818099 40293 status_update_manager.cpp:821] Checkpointing UPDATE for status update TASK_RUNNING (UUID: 17706216-6c55-440a-a96f-8e0e8c408913) for task 132f054c-4812-4702-b736-44ca883bf104 of framework 20150613-015944-1828659978-51306-40237-0000
I0613 01:59:45.818207 40292 slave.cpp:2226] Got registration for executor 'caf4ed95-7f46-4c4e-9f39-a152c98e66ec' of framework 20150613-015944-1828659978-51306-40237-0000 from executor(1)@10.35.255.108:60321
I0613 01:59:45.820107 40291 slave.cpp:1626] Sending queued task 'caf4ed95-7f46-4c4e-9f39-a152c98e66ec' to executor 'caf4ed95-7f46-4c4e-9f39-a152c98e66ec' of framework 20150613-015944-1828659978-51306-40237-0000
I0613 01:59:45.820224 40346 exec.cpp:206] Executor registered on slave 20150613-015944-1828659978-51306-40237-S0
Registered executor on smfd-atr-11-sr1.devel.twitter.com
Starting task caf4ed95-7f46-4c4e-9f39-a152c98e66ec
sh -c 'touch volume/persisted'
Forked command at 40391
I0613 01:59:45.825477 40314 exec.cpp:132] Version: 0.23.0
I0613 01:59:45.827783 40294 slave.cpp:2565] Handling status update TASK_RUNNING (UUID: cf2149cd-7a7b-4fca-ab03-659f0b002202) for task caf4ed95-7f46-4c4e-9f39-a152c98e66ec of framework 20150613-015944-1828659978-51306-40237-0000 from executor(1)@10.35.255.108:60321
I0613 01:59:45.831164 40284 slave.cpp:2226] Got registration for executor '3afb0edd-9ce8-44b2-9be1-236b9fbdc04d' of framework 20150613-015944-1828659978-51306-40237-0000 from executor(1)@10.35.255.108:58100
I0613 01:59:45.832939 40302 slave.cpp:1626] Sending queued task '3afb0edd-9ce8-44b2-9be1-236b9fbdc04d' to executor '3afb0edd-9ce8-44b2-9be1-236b9fbdc04d' of framework 20150613-015944-1828659978-51306-40237-0000
I0613 01:59:45.832959 40388 exec.cpp:206] Executor registered on slave 20150613-015944-1828659978-51306-40237-S0
Registered executor on smfd-atr-11-sr1.devel.twitter.com
Starting task 3afb0edd-9ce8-44b2-9be1-236b9fbdc04d
sh -c 'touch volume/persisted'
Forked command at 40392
I0613 01:59:45.840389 40294 slave.cpp:2565] Handling status update TASK_RUNNING (UUID: a0b08150-34cd-4f50-a4cc-eef98ca186b5) for task 3afb0edd-9ce8-44b2-9be1-236b9fbdc04d of framework 20150613-015944-1828659978-51306-40237-0000 from executor(1)@10.35.255.108:58100
Command exited with status 0 (pid: 40365)
I0613 01:59:45.917953 40299 slave.cpp:2565] Handling status update TASK_FINISHED (UUID: 28ae43ee-0217-4200-b713-fee5b0ccfd1f) for task 132f054c-4812-4702-b736-44ca883bf104 of framework 20150613-015944-1828659978-51306-40237-0000 from executor(1)@10.35.255.108:54864
I0613 01:59:45.918613 40295 containerizer.cpp:1283] Removing symlink '/tmp/mesos-O40242/0/slaves/20150613-015944-1828659978-51306-40237-S0/frameworks/20150613-015944-1828659978-51306-40237-0000/executors/132f054c-4812-4702-b736-44ca883bf104/runs/2d60c77f-d420-452b-8f41-22b5d5224b39/volume' for persistent volume disk(test)[a37eb0ef-744b-4839-a75d-fc19970f2b88:volume]:8 of container 2d60c77f-d420-452b-8f41-22b5d5224b39
Command exited with status 0 (pid: 40391)
I0613 01:59:45.929157 40280 slave.cpp:2565] Handling status update TASK_FINISHED (UUID: b97d8343-a47d-46df-a137-45ac69917226) for task caf4ed95-7f46-4c4e-9f39-a152c98e66ec of framework 20150613-015944-1828659978-51306-40237-0000 from executor(1)@10.35.255.108:60321
I0613 01:59:45.929692 40298 containerizer.cpp:1283] Removing symlink '/tmp/mesos-O40242/0/slaves/20150613-015944-1828659978-51306-40237-S0/frameworks/20150613-015944-1828659978-51306-40237-0000/executors/caf4ed95-7f46-4c4e-9f39-a152c98e66ec/runs/00ee5c39-4688-4a36-b277-b2ccd549d21e/volume' for persistent volume disk(test)[9a13155d-4759-4d8c-93c2-d1f8786970f5:volume]:8 of container 00ee5c39-4688-4a36-b277-b2ccd549d21e
Command exited with status 0 (pid: 40392)
I0613 01:59:45.941613 40284 slave.cpp:2565] Handling status update TASK_FINISHED (UUID: a4a6eeb2-b698-4d9f-a0bf-fb006145bf9a) for task 3afb0edd-9ce8-44b2-9be1-236b9fbdc04d of framework 20150613-015944-1828659978-51306-40237-0000 from executor(1)@10.35.255.108:58100
I0613 01:59:45.942000 40280 containerizer.cpp:1283] Removing symlink '/tmp/mesos-O40242/0/slaves/20150613-015944-1828659978-51306-40237-S0/frameworks/20150613-015944-1828659978-51306-40237-0000/executors/3afb0edd-9ce8-44b2-9be1-236b9fbdc04d/runs/4d63e901-d20a-40ff-a0cc-b09b23f61746/volume' for persistent volume disk(test)[37a2702e-3400-467c-9a44-79d6e09281ca:volume]:8 of container 4d63e901-d20a-40ff-a0cc-b09b23f61746
I0613 01:59:45.959777 40296 slave.cpp:2820] Forwarding the update TASK_RUNNING (UUID: 17706216-6c55-440a-a96f-8e0e8c408913) for task 132f054c-4812-4702-b736-44ca883bf104 of framework 20150613-015944-1828659978-51306-40237-0000 to master@10.35.255.108:51306
I0613 01:59:45.959959 40293 status_update_manager.cpp:321] Received status update TASK_RUNNING (UUID: cf2149cd-7a7b-4fca-ab03-659f0b002202) for task caf4ed95-7f46-4c4e-9f39-a152c98e66ec of framework 20150613-015944-1828659978-51306-40237-0000
I0613 01:59:45.960103 40296 slave.cpp:2753] Sending acknowledgement for status update TASK_RUNNING (UUID: 17706216-6c55-440a-a96f-8e0e8c408913) for task 132f054c-4812-4702-b736-44ca883bf104 of framework 20150613-015944-1828659978-51306-40237-0000 to executor(1)@10.35.255.108:54864
I0613 01:59:45.960235 40292 master.cpp:3582] Status update TASK_RUNNING (UUID: 17706216-6c55-440a-a96f-8e0e8c408913) for task 132f054c-4812-4702-b736-44ca883bf104 of framework 20150613-015944-1828659978-51306-40237-0000 from slave 20150613-015944-1828659978-51306-40237-S0 at slave(1)@10.35.255.108:51306 (smfd-atr-11-sr1.devel.twitter.com)
I0613 01:59:45.960278 40292 master.cpp:3621] Forwarding status update TASK_RUNNING (UUID: 17706216-6c55-440a-a96f-8e0e8c408913) for task 132f054c-4812-4702-b736-44ca883bf104 of framework 20150613-015944-1828659978-51306-40237-0000
I0613 01:59:45.960433 40292 master.cpp:4975] Updating the latest state of task 132f054c-4812-4702-b736-44ca883bf104 of framework 20150613-015944-1828659978-51306-40237-0000 to TASK_FINISHED (status update state: TASK_RUNNING)
I0613 01:59:45.960813 40295 persistent_volume_framework.cpp:249] Task '132f054c-4812-4702-b736-44ca883bf104' is in state TASK_RUNNING
I0613 01:59:45.960741 40293 status_update_manager.cpp:821] Checkpointing UPDATE for status update TASK_RUNNING (UUID: cf2149cd-7a7b-4fca-ab03-659f0b002202) for task caf4ed95-7f46-4c4e-9f39-a152c98e66ec of framework 20150613-015944-1828659978-51306-40237-0000
I0613 01:59:45.961218 40287 hierarchical.hpp:741] Recovered cpus(test):0.1; mem(test):32; disk(test):8; disk(test)[a37eb0ef-744b-4839-a75d-fc19970f2b88:volume]:8 (total allocatable: cpus(test):23.8; mem(test):71258; disk(test):454727; ports(test):[31000-32000]; disk(test)[a37eb0ef-744b-4839-a75d-fc19970f2b88:volume]:8) on slave 20150613-015944-1828659978-51306-40237-S0 from framework 20150613-015944-1828659978-51306-40237-0000
I0613 01:59:45.961230 40298 master.cpp:3015] Forwarding status update acknowledgement 17706216-6c55-440a-a96f-8e0e8c408913 for task 132f054c-4812-4702-b736-44ca883bf104 of framework 20150613-015944-1828659978-51306-40237-0000 (Persistent Volume Framework (C++)) at scheduler-1792d1c8-5d15-4e56-abc3-698227aa604a@10.35.255.108:51306 to slave 20150613-015944-1828659978-51306-40237-S0 at slave(1)@10.35.255.108:51306 (smfd-atr-11-sr1.devel.twitter.com)
I0613 01:59:46.060221 40293 status_update_manager.cpp:321] Received status update TASK_RUNNING (UUID: a0b08150-34cd-4f50-a4cc-eef98ca186b5) for task 3afb0edd-9ce8-44b2-9be1-236b9fbdc04d of framework 20150613-015944-1828659978-51306-40237-0000
I0613 01:59:46.060238 40285 slave.cpp:2820] Forwarding the update TASK_RUNNING (UUID: cf2149cd-7a7b-4fca-ab03-659f0b002202) for task caf4ed95-7f46-4c4e-9f39-a152c98e66ec of framework 20150613-015944-1828659978-51306-40237-0000 to master@10.35.255.108:51306
I0613 01:59:46.060355 40285 slave.cpp:2753] Sending acknowledgement for status update TASK_RUNNING (UUID: cf2149cd-7a7b-4fca-ab03-659f0b002202) for task caf4ed95-7f46-4c4e-9f39-a152c98e66ec of framework 20150613-015944-1828659978-51306-40237-0000 to executor(1)@10.35.255.108:60321
I0613 01:59:46.060498 40298 master.cpp:3582] Status update TASK_RUNNING (UUID: cf2149cd-7a7b-4fca-ab03-659f0b002202) for task caf4ed95-7f46-4c4e-9f39-a152c98e66ec of framework 20150613-015944-1828659978-51306-40237-0000 from slave 20150613-015944-1828659978-51306-40237-S0 at slave(1)@10.35.255.108:51306 (smfd-atr-11-sr1.devel.twitter.com)
I0613 01:59:46.060544 40298 master.cpp:3621] Forwarding status update TASK_RUNNING (UUID: cf2149cd-7a7b-4fca-ab03-659f0b002202) for task caf4ed95-7f46-4c4e-9f39-a152c98e66ec of framework 20150613-015944-1828659978-51306-40237-0000
I0613 01:59:46.060573 40293 status_update_manager.cpp:821] Checkpointing UPDATE for status update TASK_RUNNING (UUID: a0b08150-34cd-4f50-a4cc-eef98ca186b5) for task 3afb0edd-9ce8-44b2-9be1-236b9fbdc04d of framework 20150613-015944-1828659978-51306-40237-0000
I0613 01:59:46.060664 40298 master.cpp:4975] Updating the latest state of task caf4ed95-7f46-4c4e-9f39-a152c98e66ec of framework 20150613-015944-1828659978-51306-40237-0000 to TASK_FINISHED (status update state: TASK_RUNNING)
I0613 01:59:46.060745 40281 persistent_volume_framework.cpp:249] Task 'caf4ed95-7f46-4c4e-9f39-a152c98e66ec' is in state TASK_RUNNING
I0613 01:59:46.061048 40285 hierarchical.hpp:741] Recovered cpus(test):0.1; mem(test):32; disk(test):8; disk(test)[9a13155d-4759-4d8c-93c2-d1f8786970f5:volume]:8 (total allocatable: cpus(test):23.9; mem(test):71290; disk(test):454735; ports(test):[31000-32000]; disk(test)[a37eb0ef-744b-4839-a75d-fc19970f2b88:volume]:8; disk(test)[9a13155d-4759-4d8c-93c2-d1f8786970f5:volume]:8) on slave 20150613-015944-1828659978-51306-40237-S0 from framework 20150613-015944-1828659978-51306-40237-0000
I0613 01:59:46.061170 40298 master.cpp:3015] Forwarding status update acknowledgement cf2149cd-7a7b-4fca-ab03-659f0b002202 for task caf4ed95-7f46-4c4e-9f39-a152c98e66ec of framework 20150613-015944-1828659978-51306-40237-0000 (Persistent Volume Framework (C++)) at scheduler-1792d1c8-5d15-4e56-abc3-698227aa604a@10.35.255.108:51306 to slave 20150613-015944-1828659978-51306-40237-S0 at slave(1)@10.35.255.108:51306 (smfd-atr-11-sr1.devel.twitter.com)
I0613 01:59:46.152197 40298 slave.cpp:2820] Forwarding the update TASK_RUNNING (UUID: a0b08150-34cd-4f50-a4cc-eef98ca186b5) for task 3afb0edd-9ce8-44b2-9be1-236b9fbdc04d of framework 20150613-015944-1828659978-51306-40237-0000 to master@10.35.255.108:51306
I0613 01:59:46.152366 40298 slave.cpp:2753] Sending acknowledgement for status update TASK_RUNNING (UUID: a0b08150-34cd-4f50-a4cc-eef98ca186b5) for task 3afb0edd-9ce8-44b2-9be1-236b9fbdc04d of framework 20150613-015944-1828659978-51306-40237-0000 to executor(1)@10.35.255.108:58100
I0613 01:59:46.152454 40281 master.cpp:3582] Status update TASK_RUNNING (UUID: a0b08150-34cd-4f50-a4cc-eef98ca186b5) for task 3afb0edd-9ce8-44b2-9be1-236b9fbdc04d of framework 20150613-015944-1828659978-51306-40237-0000 from slave 20150613-015944-1828659978-51306-40237-S0 at slave(1)@10.35.255.108:51306 (smfd-atr-11-sr1.devel.twitter.com)
I0613 01:59:46.152505 40281 master.cpp:3621] Forwarding status update TASK_RUNNING (UUID: a0b08150-34cd-4f50-a4cc-eef98ca186b5) for task 3afb0edd-9ce8-44b2-9be1-236b9fbdc04d of framework 20150613-015944-1828659978-51306-40237-0000
I0613 01:59:46.152292 40293 status_update_manager.cpp:321] Received status update TASK_FINISHED (UUID: 28ae43ee-0217-4200-b713-fee5b0ccfd1f) for task 132f054c-4812-4702-b736-44ca883bf104 of framework 20150613-015944-1828659978-51306-40237-0000
I0613 01:59:46.152637 40281 master.cpp:4975] Updating the latest state of task 3afb0edd-9ce8-44b2-9be1-236b9fbdc04d of framework 20150613-015944-1828659978-51306-40237-0000 to TASK_FINISHED (status update state: TASK_RUNNING)
I0613 01:59:46.152772 40293 status_update_manager.cpp:821] Checkpointing UPDATE for status update TASK_FINISHED (UUID: 28ae43ee-0217-4200-b713-fee5b0ccfd1f) for task 132f054c-4812-4702-b736-44ca883bf104 of framework 20150613-015944-1828659978-51306-40237-0000
I0613 01:59:46.152801 40290 persistent_volume_framework.cpp:249] Task '3afb0edd-9ce8-44b2-9be1-236b9fbdc04d' is in state TASK_RUNNING
I0613 01:59:46.153039 40281 master.cpp:3015] Forwarding status update acknowledgement a0b08150-34cd-4f50-a4cc-eef98ca186b5 for task 3afb0edd-9ce8-44b2-9be1-236b9fbdc04d of framework 20150613-015944-1828659978-51306-40237-0000 (Persistent Volume Framework (C++)) at scheduler-1792d1c8-5d15-4e56-abc3-698227aa604a@10.35.255.108:51306 to slave 20150613-015944-1828659978-51306-40237-S0 at slave(1)@10.35.255.108:51306 (smfd-atr-11-sr1.devel.twitter.com)
I0613 01:59:46.153041 40283 hierarchical.hpp:741] Recovered cpus(test):0.1; mem(test):32; disk(test):8; disk(test)[37a2702e-3400-467c-9a44-79d6e09281ca:volume]:8 (total allocatable: cpus(test):24; mem(test):71322; disk(test):454743; ports(test):[31000-32000]; disk(test)[a37eb0ef-744b-4839-a75d-fc19970f2b88:volume]:8; disk(test)[9a13155d-4759-4d8c-93c2-d1f8786970f5:volume]:8; disk(test)[37a2702e-3400-467c-9a44-79d6e09281ca:volume]:8) on slave 20150613-015944-1828659978-51306-40237-S0 from framework 20150613-015944-1828659978-51306-40237-0000
I0613 01:59:46.252526 40293 status_update_manager.cpp:321] Received status update TASK_FINISHED (UUID: b97d8343-a47d-46df-a137-45ac69917226) for task caf4ed95-7f46-4c4e-9f39-a152c98e66ec of framework 20150613-015944-1828659978-51306-40237-0000
I0613 01:59:46.252604 40293 status_update_manager.cpp:821] Checkpointing UPDATE for status update TASK_FINISHED (UUID: b97d8343-a47d-46df-a137-45ac69917226) for task caf4ed95-7f46-4c4e-9f39-a152c98e66ec of framework 20150613-015944-1828659978-51306-40237-0000
I0613 01:59:46.252583 40297 slave.cpp:2753] Sending acknowledgement for status update TASK_FINISHED (UUID: 28ae43ee-0217-4200-b713-fee5b0ccfd1f) for task 132f054c-4812-4702-b736-44ca883bf104 of framework 20150613-015944-1828659978-51306-40237-0000 to executor(1)@10.35.255.108:54864
I0613 01:59:46.336072 40293 status_update_manager.cpp:321] Received status update TASK_FINISHED (UUID: a4a6eeb2-b698-4d9f-a0bf-fb006145bf9a) for task 3afb0edd-9ce8-44b2-9be1-236b9fbdc04d of framework 20150613-015944-1828659978-51306-40237-0000
I0613 01:59:46.336109 40298 slave.cpp:2753] Sending acknowledgement for status update TASK_FINISHED (UUID: b97d8343-a47d-46df-a137-45ac69917226) for task caf4ed95-7f46-4c4e-9f39-a152c98e66ec of framework 20150613-015944-1828659978-51306-40237-0000 to executor(1)@10.35.255.108:60321
I0613 01:59:46.336138 40293 status_update_manager.cpp:821] Checkpointing UPDATE for status update TASK_FINISHED (UUID: a4a6eeb2-b698-4d9f-a0bf-fb006145bf9a) for task 3afb0edd-9ce8-44b2-9be1-236b9fbdc04d of framework 20150613-015944-1828659978-51306-40237-0000
I0613 01:59:46.419554 40293 status_update_manager.cpp:393] Received status update acknowledgement (UUID: 17706216-6c55-440a-a96f-8e0e8c408913) for task 132f054c-4812-4702-b736-44ca883bf104 of framework 20150613-015944-1828659978-51306-40237-0000
I0613 01:59:46.419587 40283 slave.cpp:2753] Sending acknowledgement for status update TASK_FINISHED (UUID: a4a6eeb2-b698-4d9f-a0bf-fb006145bf9a) for task 3afb0edd-9ce8-44b2-9be1-236b9fbdc04d of framework 20150613-015944-1828659978-51306-40237-0000 to executor(1)@10.35.255.108:58100
I0613 01:59:46.419672 40293 status_update_manager.cpp:821] Checkpointing ACK for status update TASK_RUNNING (UUID: 17706216-6c55-440a-a96f-8e0e8c408913) for task 132f054c-4812-4702-b736-44ca883bf104 of framework 20150613-015944-1828659978-51306-40237-0000
I0613 01:59:46.453146 40281 master.cpp:4108] Sending 1 offers to framework 20150613-015944-1828659978-51306-40237-0000 (Persistent Volume Framework (C++)) at scheduler-1792d1c8-5d15-4e56-abc3-698227aa604a@10.35.255.108:51306
I0613 01:59:46.453538 40281 persistent_volume_framework.cpp:156] Received offer 20150613-015944-1828659978-51306-40237-O3 from slave 20150613-015944-1828659978-51306-40237-S0 (smfd-atr-11-sr1.devel.twitter.com) with cpus(test):24; mem(test):71322; disk(test):454743; ports(test):[31000-32000]; disk(test)[a37eb0ef-744b-4839-a75d-fc19970f2b88:volume]:8; disk(test)[9a13155d-4759-4d8c-93c2-d1f8786970f5:volume]:8; disk(test)[37a2702e-3400-467c-9a44-79d6e09281ca:volume]:8
I0613 01:59:46.454550 40281 master.cpp:2424] Processing ACCEPT call for offers: [ 20150613-015944-1828659978-51306-40237-O3 ] on slave 20150613-015944-1828659978-51306-40237-S0 at slave(1)@10.35.255.108:51306 (smfd-atr-11-sr1.devel.twitter.com) for framework 20150613-015944-1828659978-51306-40237-0000 (Persistent Volume Framework (C++)) at scheduler-1792d1c8-5d15-4e56-abc3-698227aa604a@10.35.255.108:51306
I0613 01:59:46.455240 40281 hierarchical.hpp:741] Recovered cpus(test):24; mem(test):71322; disk(test):454743; ports(test):[31000-32000]; disk(test)[a37eb0ef-744b-4839-a75d-fc19970f2b88:volume]:8; disk(test)[9a13155d-4759-4d8c-93c2-d1f8786970f5:volume]:8; disk(test)[37a2702e-3400-467c-9a44-79d6e09281ca:volume]:8 (total allocatable: cpus(test):24; mem(test):71322; disk(test):454743; ports(test):[31000-32000]; disk(test)[a37eb0ef-744b-4839-a75d-fc19970f2b88:volume]:8; disk(test)[9a13155d-4759-4d8c-93c2-d1f8786970f5:volume]:8; disk(test)[37a2702e-3400-467c-9a44-79d6e09281ca:volume]:8) on slave 20150613-015944-1828659978-51306-40237-S0 from framework 20150613-015944-1828659978-51306-40237-0000
I0613 01:59:46.503274 40287 slave.cpp:2820] Forwarding the update TASK_FINISHED (UUID: 28ae43ee-0217-4200-b713-fee5b0ccfd1f) for task 132f054c-4812-4702-b736-44ca883bf104 of framework 20150613-015944-1828659978-51306-40237-0000 to master@10.35.255.108:51306
I0613 01:59:46.503365 40293 status_update_manager.cpp:393] Received status update acknowledgement (UUID: cf2149cd-7a7b-4fca-ab03-659f0b002202) for task caf4ed95-7f46-4c4e-9f39-a152c98e66ec of framework 20150613-015944-1828659978-51306-40237-0000
I0613 01:59:46.503471 40293 status_update_manager.cpp:821] Checkpointing ACK for status update TASK_RUNNING (UUID: cf2149cd-7a7b-4fca-ab03-659f0b002202) for task caf4ed95-7f46-4c4e-9f39-a152c98e66ec of framework 20150613-015944-1828659978-51306-40237-0000
I0613 01:59:46.503587 40291 master.cpp:3582] Status update TASK_FINISHED (UUID: 28ae43ee-0217-4200-b713-fee5b0ccfd1f) for task 132f054c-4812-4702-b736-44ca883bf104 of framework 20150613-015944-1828659978-51306-40237-0000 from slave 20150613-015944-1828659978-51306-40237-S0 at slave(1)@10.35.255.108:51306 (smfd-atr-11-sr1.devel.twitter.com)
I0613 01:59:46.503645 40291 master.cpp:3621] Forwarding status update TASK_FINISHED (UUID: 28ae43ee-0217-4200-b713-fee5b0ccfd1f) for task 132f054c-4812-4702-b736-44ca883bf104 of framework 20150613-015944-1828659978-51306-40237-0000
I0613 01:59:46.503839 40291 master.cpp:4975] Updating the latest state of task 132f054c-4812-4702-b736-44ca883bf104 of framework 20150613-015944-1828659978-51306-40237-0000 to TASK_FINISHED
I0613 01:59:46.503898 40290 persistent_volume_framework.cpp:249] Task '132f054c-4812-4702-b736-44ca883bf104' is in state TASK_FINISHED
I0613 01:59:46.504421 40290 master.cpp:5043] Removing task 132f054c-4812-4702-b736-44ca883bf104 with resources cpus(test):0.1; mem(test):32; disk(test):8; disk(test)[a37eb0ef-744b-4839-a75d-fc19970f2b88:volume]:8 of framework 20150613-015944-1828659978-51306-40237-0000 on slave 20150613-015944-1828659978-51306-40237-S0 at slave(1)@10.35.255.108:51306 (smfd-atr-11-sr1.devel.twitter.com)
I0613 01:59:46.504673 40290 master.cpp:3015] Forwarding status update acknowledgement 28ae43ee-0217-4200-b713-fee5b0ccfd1f for task 132f054c-4812-4702-b736-44ca883bf104 of framework 20150613-015944-1828659978-51306-40237-0000 (Persistent Volume Framework (C++)) at scheduler-1792d1c8-5d15-4e56-abc3-698227aa604a@10.35.255.108:51306 to slave 20150613-015944-1828659978-51306-40237-S0 at slave(1)@10.35.255.108:51306 (smfd-atr-11-sr1.devel.twitter.com)
I0613 01:59:46.586668 40293 status_update_manager.cpp:393] Received status update acknowledgement (UUID: a0b08150-34cd-4f50-a4cc-eef98ca186b5) for task 3afb0edd-9ce8-44b2-9be1-236b9fbdc04d of framework 20150613-015944-1828659978-51306-40237-0000
I0613 01:59:46.586697 40281 slave.cpp:2820] Forwarding the update TASK_FINISHED (UUID: b97d8343-a47d-46df-a137-45ac69917226) for task caf4ed95-7f46-4c4e-9f39-a152c98e66ec of framework 20150613-015944-1828659978-51306-40237-0000 to master@10.35.255.108:51306
I0613 01:59:46.586776 40293 status_update_manager.cpp:821] Checkpointing ACK for status update TASK_RUNNING (UUID: a0b08150-34cd-4f50-a4cc-eef98ca186b5) for task 3afb0edd-9ce8-44b2-9be1-236b9fbdc04d of framework 20150613-015944-1828659978-51306-40237-0000
I0613 01:59:46.586931 40302 master.cpp:3582] Status update TASK_FINISHED (UUID: b97d8343-a47d-46df-a137-45ac69917226) for task caf4ed95-7f46-4c4e-9f39-a152c98e66ec of framework 20150613-015944-1828659978-51306-40237-0000 from slave 20150613-015944-1828659978-51306-40237-S0 at slave(1)@10.35.255.108:51306 (smfd-atr-11-sr1.devel.twitter.com)
I0613 01:59:46.586990 40302 master.cpp:3621] Forwarding status update TASK_FINISHED (UUID: b97d8343-a47d-46df-a137-45ac69917226) for task caf4ed95-7f46-4c4e-9f39-a152c98e66ec of framework 20150613-015944-1828659978-51306-40237-0000
I0613 01:59:46.587110 40302 master.cpp:4975] Updating the latest state of task caf4ed95-7f46-4c4e-9f39-a152c98e66ec of framework 20150613-015944-1828659978-51306-40237-0000 to TASK_FINISHED
I0613 01:59:46.587196 40301 persistent_volume_framework.cpp:249] Task 'caf4ed95-7f46-4c4e-9f39-a152c98e66ec' is in state TASK_FINISHED
I0613 01:59:46.587518 40283 master.cpp:5043] Removing task caf4ed95-7f46-4c4e-9f39-a152c98e66ec with resources cpus(test):0.1; mem(test):32; disk(test):8; disk(test)[9a13155d-4759-4d8c-93c2-d1f8786970f5:volume]:8 of framework 20150613-015944-1828659978-51306-40237-0000 on slave 20150613-015944-1828659978-51306-40237-S0 at slave(1)@10.35.255.108:51306 (smfd-atr-11-sr1.devel.twitter.com)
I0613 01:59:46.587843 40283 master.cpp:3015] Forwarding status update acknowledgement b97d8343-a47d-46df-a137-45ac69917226 for task caf4ed95-7f46-4c4e-9f39-a152c98e66ec of framework 20150613-015944-1828659978-51306-40237-0000 (Persistent Volume Framework (C++)) at scheduler-1792d1c8-5d15-4e56-abc3-698227aa604a@10.35.255.108:51306 to slave 20150613-015944-1828659978-51306-40237-S0 at slave(1)@10.35.255.108:51306 (smfd-atr-11-sr1.devel.twitter.com)
I0613 01:59:46.670166 40283 slave.cpp:2820] Forwarding the update TASK_FINISHED (UUID: a4a6eeb2-b698-4d9f-a0bf-fb006145bf9a) for task 3afb0edd-9ce8-44b2-9be1-236b9fbdc04d of framework 20150613-015944-1828659978-51306-40237-0000 to master@10.35.255.108:51306
I0613 01:59:46.670219 40293 status_update_manager.cpp:393] Received status update acknowledgement (UUID: 28ae43ee-0217-4200-b713-fee5b0ccfd1f) for task 132f054c-4812-4702-b736-44ca883bf104 of framework 20150613-015944-1828659978-51306-40237-0000
I0613 01:59:46.670583 40293 status_update_manager.cpp:821] Checkpointing ACK for status update TASK_FINISHED (UUID: 28ae43ee-0217-4200-b713-fee5b0ccfd1f) for task 132f054c-4812-4702-b736-44ca883bf104 of framework 20150613-015944-1828659978-51306-40237-0000
I0613 01:59:46.670583 40294 master.cpp:3582] Status update TASK_FINISHED (UUID: a4a6eeb2-b698-4d9f-a0bf-fb006145bf9a) for task 3afb0edd-9ce8-44b2-9be1-236b9fbdc04d of framework 20150613-015944-1828659978-51306-40237-0000 from slave 20150613-015944-1828659978-51306-40237-S0 at slave(1)@10.35.255.108:51306 (smfd-atr-11-sr1.devel.twitter.com)
I0613 01:59:46.670673 40294 master.cpp:3621] Forwarding status update TASK_FINISHED (UUID: a4a6eeb2-b698-4d9f-a0bf-fb006145bf9a) for task 3afb0edd-9ce8-44b2-9be1-236b9fbdc04d of framework 20150613-015944-1828659978-51306-40237-0000
I0613 01:59:46.670946 40294 master.cpp:4975] Updating the latest state of task 3afb0edd-9ce8-44b2-9be1-236b9fbdc04d of framework 20150613-015944-1828659978-51306-40237-0000 to TASK_FINISHED
I0613 01:59:46.671165 40296 persistent_volume_framework.cpp:249] Task '3afb0edd-9ce8-44b2-9be1-236b9fbdc04d' is in state TASK_FINISHED
I0613 01:59:46.671409 40295 master.cpp:5043] Removing task 3afb0edd-9ce8-44b2-9be1-236b9fbdc04d with resources cpus(test):0.1; mem(test):32; disk(test):8; disk(test)[37a2702e-3400-467c-9a44-79d6e09281ca:volume]:8 of framework 20150613-015944-1828659978-51306-40237-0000 on slave 20150613-015944-1828659978-51306-40237-S0 at slave(1)@10.35.255.108:51306 (smfd-atr-11-sr1.devel.twitter.com)
I0613 01:59:46.671690 40295 master.cpp:3015] Forwarding status update acknowledgement a4a6eeb2-b698-4d9f-a0bf-fb006145bf9a for task 3afb0edd-9ce8-44b2-9be1-236b9fbdc04d of framework 20150613-015944-1828659978-51306-40237-0000 (Persistent Volume Framework (C++)) at scheduler-1792d1c8-5d15-4e56-abc3-698227aa604a@10.35.255.108:51306 to slave 20150613-015944-1828659978-51306-40237-S0 at slave(1)@10.35.255.108:51306 (smfd-atr-11-sr1.devel.twitter.com)
I0613 01:59:46.753674 40293 status_update_manager.cpp:393] Received status update acknowledgement (UUID: b97d8343-a47d-46df-a137-45ac69917226) for task caf4ed95-7f46-4c4e-9f39-a152c98e66ec of framework 20150613-015944-1828659978-51306-40237-0000
I0613 01:59:46.753801 40293 status_update_manager.cpp:821] Checkpointing ACK for status update TASK_FINISHED (UUID: b97d8343-a47d-46df-a137-45ac69917226) for task caf4ed95-7f46-4c4e-9f39-a152c98e66ec of framework 20150613-015944-1828659978-51306-40237-0000
I0613 01:59:46.837239 40293 status_update_manager.cpp:393] Received status update acknowledgement (UUID: a4a6eeb2-b698-4d9f-a0bf-fb006145bf9a) for task 3afb0edd-9ce8-44b2-9be1-236b9fbdc04d of framework 20150613-015944-1828659978-51306-40237-0000
I0613 01:59:46.837417 40293 status_update_manager.cpp:821] Checkpointing ACK for status update TASK_FINISHED (UUID: a4a6eeb2-b698-4d9f-a0bf-fb006145bf9a) for task 3afb0edd-9ce8-44b2-9be1-236b9fbdc04d of framework 20150613-015944-1828659978-51306-40237-0000
I0613 01:59:46.925829 40282 containerizer.cpp:1184] Executor for container '2d60c77f-d420-452b-8f41-22b5d5224b39' has exited
I0613 01:59:46.926024 40282 containerizer.cpp:997] Destroying container '2d60c77f-d420-452b-8f41-22b5d5224b39'
I0613 01:59:46.976500 40292 slave.cpp:3251] Executor '132f054c-4812-4702-b736-44ca883bf104' of framework 20150613-015944-1828659978-51306-40237-0000 exited with status 0
I0613 01:59:46.976680 40292 slave.cpp:3357] Cleaning up executor '132f054c-4812-4702-b736-44ca883bf104' of framework 20150613-015944-1828659978-51306-40237-0000
I0613 01:59:46.977144 40294 gc.cpp:56] Scheduling '/tmp/mesos-O40242/0/slaves/20150613-015944-1828659978-51306-40237-S0/frameworks/20150613-015944-1828659978-51306-40237-0000/executors/132f054c-4812-4702-b736-44ca883bf104/runs/2d60c77f-d420-452b-8f41-22b5d5224b39' for gc 6.99998869178074days in the future
I0613 01:59:46.977478 40294 gc.cpp:56] Scheduling '/tmp/mesos-O40242/0/slaves/20150613-015944-1828659978-51306-40237-S0/frameworks/20150613-015944-1828659978-51306-40237-0000/executors/132f054c-4812-4702-b736-44ca883bf104' for gc 6.99998868954963days in the future
I0613 01:59:46.977613 40294 gc.cpp:56] Scheduling '/tmp/mesos-O40242/0/meta/slaves/20150613-015944-1828659978-51306-40237-S0/frameworks/20150613-015944-1828659978-51306-40237-0000/executors/132f054c-4812-4702-b736-44ca883bf104/runs/2d60c77f-d420-452b-8f41-22b5d5224b39' for gc 6.99998868879704days in the future
I0613 01:59:46.977738 40294 gc.cpp:56] Scheduling '/tmp/mesos-O40242/0/meta/slaves/20150613-015944-1828659978-51306-40237-S0/frameworks/20150613-015944-1828659978-51306-40237-0000/executors/132f054c-4812-4702-b736-44ca883bf104' for gc 6.99998868814815days in the future
I0613 01:59:47.026835 40282 containerizer.cpp:1184] Executor for container '00ee5c39-4688-4a36-b277-b2ccd549d21e' has exited
I0613 01:59:47.026928 40282 containerizer.cpp:997] Destroying container '00ee5c39-4688-4a36-b277-b2ccd549d21e'
I0613 01:59:47.071250 40282 containerizer.cpp:1184] Executor for container '4d63e901-d20a-40ff-a0cc-b09b23f61746' has exited
I0613 01:59:47.071342 40282 containerizer.cpp:997] Destroying container '4d63e901-d20a-40ff-a0cc-b09b23f61746'
I0613 01:59:47.116219 40297 slave.cpp:3251] Executor 'caf4ed95-7f46-4c4e-9f39-a152c98e66ec' of framework 20150613-015944-1828659978-51306-40237-0000 exited with status 0
I0613 01:59:47.116369 40297 slave.cpp:3357] Cleaning up executor 'caf4ed95-7f46-4c4e-9f39-a152c98e66ec' of framework 20150613-015944-1828659978-51306-40237-0000
I0613 01:59:47.116675 40295 gc.cpp:56] Scheduling '/tmp/mesos-O40242/0/slaves/20150613-015944-1828659978-51306-40237-S0/frameworks/20150613-015944-1828659978-51306-40237-0000/executors/caf4ed95-7f46-4c4e-9f39-a152c98e66ec/runs/00ee5c39-4688-4a36-b277-b2ccd549d21e' for gc 6.99999865031407days in the future
I0613 01:59:47.116861 40295 gc.cpp:56] Scheduling '/tmp/mesos-O40242/0/slaves/20150613-015944-1828659978-51306-40237-S0/frameworks/20150613-015944-1828659978-51306-40237-0000/executors/caf4ed95-7f46-4c4e-9f39-a152c98e66ec' for gc 6.99999864877333days in the future
I0613 01:59:47.117244 40291 gc.cpp:56] Scheduling '/tmp/mesos-O40242/0/meta/slaves/20150613-015944-1828659978-51306-40237-S0/frameworks/20150613-015944-1828659978-51306-40237-0000/executors/caf4ed95-7f46-4c4e-9f39-a152c98e66ec/runs/00ee5c39-4688-4a36-b277-b2ccd549d21e' for gc 6.99999864792889days in the future
I0613 01:59:47.117415 40291 gc.cpp:56] Scheduling '/tmp/mesos-O40242/0/meta/slaves/20150613-015944-1828659978-51306-40237-S0/frameworks/20150613-015944-1828659978-51306-40237-0000/executors/caf4ed95-7f46-4c4e-9f39-a152c98e66ec' for gc 6.99999864258074days in the future
I0613 01:59:47.117866 40287 slave.cpp:3251] Executor '3afb0edd-9ce8-44b2-9be1-236b9fbdc04d' of framework 20150613-015944-1828659978-51306-40237-0000 exited with status 0
I0613 01:59:47.118196 40287 slave.cpp:3357] Cleaning up executor '3afb0edd-9ce8-44b2-9be1-236b9fbdc04d' of framework 20150613-015944-1828659978-51306-40237-0000
I0613 01:59:47.118501 40295 gc.cpp:56] Scheduling '/tmp/mesos-O40242/0/slaves/20150613-015944-1828659978-51306-40237-S0/frameworks/20150613-015944-1828659978-51306-40237-0000/executors/3afb0edd-9ce8-44b2-9be1-236b9fbdc04d/runs/4d63e901-d20a-40ff-a0cc-b09b23f61746' for gc 6.99999862965333days in the future
I0613 01:59:47.118685 40287 slave.cpp:3444] Cleaning up framework 20150613-015944-1828659978-51306-40237-0000
I0613 01:59:47.118690 40295 gc.cpp:56] Scheduling '/tmp/mesos-O40242/0/slaves/20150613-015944-1828659978-51306-40237-S0/frameworks/20150613-015944-1828659978-51306-40237-0000/executors/3afb0edd-9ce8-44b2-9be1-236b9fbdc04d' for gc 6.99999862828741days in the future
I0613 01:59:47.118821 40295 gc.cpp:56] Scheduling '/tmp/mesos-O40242/0/meta/slaves/20150613-015944-1828659978-51306-40237-S0/frameworks/20150613-015944-1828659978-51306-40237-0000/executors/3afb0edd-9ce8-44b2-9be1-236b9fbdc04d/runs/4d63e901-d20a-40ff-a0cc-b09b23f61746' for gc 6.99999862752296days in the future
I0613 01:59:47.118829 40281 status_update_manager.cpp:283] Closing status update streams for framework 20150613-015944-1828659978-51306-40237-0000
I0613 01:59:47.118963 40295 gc.cpp:56] Scheduling '/tmp/mesos-O40242/0/meta/slaves/20150613-015944-1828659978-51306-40237-S0/frameworks/20150613-015944-1828659978-51306-40237-0000/executors/3afb0edd-9ce8-44b2-9be1-236b9fbdc04d' for gc 6.99999862686222days in the future
I0613 01:59:47.119104 40295 gc.cpp:56] Scheduling '/tmp/mesos-O40242/0/slaves/20150613-015944-1828659978-51306-40237-S0/frameworks/20150613-015944-1828659978-51306-40237-0000' for gc 6.99999862508148days in the future
I0613 01:59:47.119220 40295 gc.cpp:56] Scheduling '/tmp/mesos-O40242/0/meta/slaves/20150613-015944-1828659978-51306-40237-S0/frameworks/20150613-015944-1828659978-51306-40237-0000' for gc 6.9999986244563days in the future
