I0314 19:33:46.847592 49933 process.cpp:2484] Spawned process (5467)@172.31.14.224:50909
I0314 19:33:46.847614 49955 process.cpp:2494] Resuming (5467)@172.31.14.224:50909 at 2016-03-14 19:33:46.847603968+00:00
I0314 19:33:46.847757 49956 process.cpp:2494] Resuming metrics@172.31.14.224:50909 at 2016-03-14 19:33:46.847749120+00:00
I0314 19:33:46.847894 49933 process.cpp:2484] Spawned process (5468)@172.31.14.224:50909
I0314 19:33:46.847903 49955 process.cpp:2494] Resuming (5468)@172.31.14.224:50909 at 2016-03-14 19:33:46.847892992+00:00
I0314 19:33:46.848143 49933 process.cpp:2484] Spawned process (5469)@172.31.14.224:50909
I0314 19:33:46.848142 49961 process.cpp:2494] Resuming metrics@172.31.14.224:50909 at 2016-03-14 19:33:46.848133888+00:00
I0314 19:33:46.848156 49950 process.cpp:2494] Resuming (5469)@172.31.14.224:50909 at 2016-03-14 19:33:46.848146944+00:00
I0314 19:33:46.857857 49933 process.cpp:2484] Spawned process (5470)@172.31.14.224:50909
I0314 19:33:46.857874 49957 process.cpp:2494] Resuming (5470)@172.31.14.224:50909 at 2016-03-14 19:33:46.857864960+00:00
I0314 19:33:46.857939 49957 process.cpp:2484] Spawned process (5471)@172.31.14.224:50909
I0314 19:33:46.857957 49951 process.cpp:2494] Resuming (5471)@172.31.14.224:50909 at 2016-03-14 19:33:46.857946880+00:00
I0314 19:33:46.858050 49951 process.cpp:2599] Cleaning up (5471)@172.31.14.224:50909
I0314 19:33:46.858139 49961 process.cpp:2494] Resuming help@172.31.14.224:50909 at 2016-03-14 19:33:46.858129920+00:00
I0314 19:33:46.858160 49957 process.cpp:2599] Cleaning up (5470)@172.31.14.224:50909
I0314 19:33:46.858225 49962 process.cpp:2494] Resuming help@172.31.14.224:50909 at 2016-03-14 19:33:46.858215936+00:00
I0314 19:33:46.858932 49933 process.cpp:2484] Spawned process (5472)@172.31.14.224:50909
I0314 19:33:46.858947 49959 process.cpp:2494] Resuming (5472)@172.31.14.224:50909 at 2016-03-14 19:33:46.858938880+00:00
I0314 19:33:46.859009 49959 process.cpp:2484] Spawned process (5473)@172.31.14.224:50909
I0314 19:33:46.859012 49953 process.cpp:2494] Resuming (5473)@172.31.14.224:50909 at 2016-03-14 19:33:46.859003904+00:00
I0314 19:33:46.859132 49953 process.cpp:2599] Cleaning up (5473)@172.31.14.224:50909
I0314 19:33:46.859230 49956 process.cpp:2494] Resuming help@172.31.14.224:50909 at 2016-03-14 19:33:46.859220992+00:00
I0314 19:33:46.859247 49959 process.cpp:2599] Cleaning up (5472)@172.31.14.224:50909
I0314 19:33:46.859328 49962 process.cpp:2494] Resuming help@172.31.14.224:50909 at 2016-03-14 19:33:46.859319040+00:00
I0314 19:33:46.860015 49933 process.cpp:2484] Spawned process (5474)@172.31.14.224:50909
I0314 19:33:46.860033 49954 process.cpp:2494] Resuming (5474)@172.31.14.224:50909 at 2016-03-14 19:33:46.860024064+00:00
I0314 19:33:46.860091 49954 process.cpp:2484] Spawned process (5475)@172.31.14.224:50909
I0314 19:33:46.860096 49962 process.cpp:2494] Resuming (5475)@172.31.14.224:50909 at 2016-03-14 19:33:46.860087040+00:00
I0314 19:33:46.860209 49962 process.cpp:2599] Cleaning up (5475)@172.31.14.224:50909
I0314 19:33:46.860306 49948 process.cpp:2494] Resuming help@172.31.14.224:50909 at 2016-03-14 19:33:46.860294912+00:00
I0314 19:33:46.860324 49954 process.cpp:2599] Cleaning up (5474)@172.31.14.224:50909
I0314 19:33:46.860404 49955 process.cpp:2494] Resuming help@172.31.14.224:50909 at 2016-03-14 19:33:46.860396032+00:00
I0314 19:33:46.860599 49933 process.cpp:2484] Spawned process (5476)@172.31.14.224:50909
I0314 19:33:46.860616 49951 process.cpp:2494] Resuming (5476)@172.31.14.224:50909 at 2016-03-14 19:33:46.860608000+00:00
I0314 19:33:46.860792 49933 process.cpp:2484] Spawned process (5477)@172.31.14.224:50909
I0314 19:33:46.860810 49952 process.cpp:2494] Resuming (5477)@172.31.14.224:50909 at 2016-03-14 19:33:46.860797952+00:00
I0314 19:33:46.860985 49960 process.cpp:2494] Resuming metrics@172.31.14.224:50909 at 2016-03-14 19:33:46.860976128+00:00
I0314 19:33:46.861007 49933 process.cpp:2484] Spawned process (5478)@172.31.14.224:50909
I0314 19:33:46.861016 49962 process.cpp:2494] Resuming (5478)@172.31.14.224:50909 at 2016-03-14 19:33:46.861005056+00:00
I0314 19:33:46.862203 49933 process.cpp:2484] Spawned process standalone-master-detector(236)@172.31.14.224:50909
I0314 19:33:46.862222 49951 process.cpp:2494] Resuming standalone-master-detector(236)@172.31.14.224:50909 at 2016-03-14 19:33:46.862213888+00:00
I0314 19:33:46.862316 49933 process.cpp:2484] Spawned process (5479)@172.31.14.224:50909
I0314 19:33:46.862321 49953 process.cpp:2494] Resuming (5479)@172.31.14.224:50909 at 2016-03-14 19:33:46.862311936+00:00
I0314 19:33:46.862517 49933 process.cpp:2484] Spawned process (5480)@172.31.14.224:50909
I0314 19:33:46.862535 49960 process.cpp:2494] Resuming (5480)@172.31.14.224:50909 at 2016-03-14 19:33:46.862526976+00:00
I0314 19:33:46.862903 49956 process.cpp:2494] Resuming metrics@172.31.14.224:50909 at 2016-03-14 19:33:46.862895104+00:00
I0314 19:33:46.863370 49933 process.cpp:2484] Spawned process __limiter__(79)@172.31.14.224:50909
I0314 19:33:46.863387 49949 process.cpp:2494] Resuming __limiter__(79)@172.31.14.224:50909 at 2016-03-14 19:33:46.863378944+00:00
I0314 19:33:46.863432 49949 process.cpp:2494] Resuming monitor@172.31.14.224:50909 at 2016-03-14 19:33:46.863427072+00:00
I0314 19:33:46.863433 49933 process.cpp:2484] Spawned process monitor@172.31.14.224:50909
I0314 19:33:46.863567 49960 process.cpp:2494] Resuming slave(79)@172.31.14.224:50909 at 2016-03-14 19:33:46.863560960+00:00
I0314 19:33:46.863564 49933 process.cpp:2484] Spawned process slave(79)@172.31.14.224:50909
I0314 19:33:46.863622 49960 slave.cpp:193] Slave started on 79)@172.31.14.224:50909
I0314 19:33:46.863564 49958 process.cpp:2494] Resuming help@172.31.14.224:50909 at 2016-03-14 19:33:46.863555072+00:00
I0314 19:33:46.863646 49960 slave.cpp:194] Flags at startup: --appc_simple_discovery_uri_prefix="http://" --appc_store_dir="/tmp/mesos/store/appc" --authenticatee="crammd5" --cgroups_cpu_enable_pids_and_tids_count="false" --cgroups_enable_cfs="false" --cgroups_hierarchy="/sys/fs/cgroup" --cgroups_limit_swap="false" --cgroups_root="mesos_test_4dc96c1d-9ea2-495d-b529-5cb6d56fd931" --container_disk_watch_interval="15secs" --containerizers="mesos" --credential="/tmp/MemoryPressureMesosTest_CGROUPS_ROOT_Statistics_rUXQlo/credential" --default_role="*" --disk_watch_interval="1mins" --docker="docker" --docker_kill_orphans="true" --docker_registry="https://registry-1.docker.io" --docker_remove_delay="6hrs" --docker_socket="/var/run/docker.sock" --docker_stop_timeout="0ns" --docker_store_dir="/tmp/mesos/store/docker" --enforce_container_disk_quota="false" --executor_registration_timeout="1mins" --executor_shutdown_grace_period="5secs" --fetcher_cache_dir="/tmp/MemoryPressureMesosTest_CGROUPS_ROOT_Statistics_rUXQlo/fetch" --fetcher_cache_size="2GB" --frameworks_home="" --gc_delay="1weeks" --gc_disk_headroom="0.1" --hadoop_home="" --help="false" --hostname_lookup="true" --image_provisioner_backend="copy" --initialize_driver_logging="true" --isolation="cgroups/mem" --launcher_dir="/mnt/src/mesos-test/build-0.28.0-rc2/src" --logbufsecs="0" --logging_level="INFO" --oversubscribed_resources_interval="15secs" --perf_duration="10secs" --perf_interval="1mins" --qos_correction_interval_min="0ns" --quiet="false" --recover="reconnect" --recovery_timeout="15mins" --registration_backoff_factor="10ms" --resources="cpus:2;mem:1024;disk:1024;ports:[31000-32000]" --revocable_cpu_low_priority="true" --sandbox_directory="/mnt/mesos/sandbox" --strict="true" --switch_user="true" --systemd_enable_support="true" --systemd_runtime_directory="/run/systemd/system" --version="false" --work_dir="/tmp/MemoryPressureMesosTest_CGROUPS_ROOT_Statistics_rUXQlo"
I0314 19:33:46.863916 49960 credentials.hpp:83] Loading credential for authentication from '/tmp/MemoryPressureMesosTest_CGROUPS_ROOT_Statistics_rUXQlo/credential'
I0314 19:33:46.864070 49960 slave.cpp:324] Slave using credential for: test-principal
I0314 19:33:46.864146 49960 process.cpp:2484] Spawned process (5481)@172.31.14.224:50909
I0314 19:33:46.864166 49955 process.cpp:2494] Resuming (5481)@172.31.14.224:50909 at 2016-03-14 19:33:46.864158976+00:00
I0314 19:33:46.864217 49960 process.cpp:2484] Spawned process (5482)@172.31.14.224:50909
I0314 19:33:46.864220 49948 process.cpp:2494] Resuming (5482)@172.31.14.224:50909 at 2016-03-14 19:33:46.864212992+00:00
I0314 19:33:46.864270 49960 resources.cpp:572] Parsing resources as JSON failed: cpus:2;mem:1024;disk:1024;ports:[31000-32000]
Trying semicolon-delimited string format instead
I0314 19:33:46.864821 49960 slave.cpp:464] Slave resources: cpus(*):2; mem(*):1024; disk(*):1024; ports(*):[31000-32000]
I0314 19:33:46.864889 49960 slave.cpp:472] Slave attributes: [  ]
I0314 19:33:46.864905 49960 slave.cpp:477] Slave hostname: ip-172-31-14-224.us-west-1.compute.internal
I0314 19:33:46.865006 49951 process.cpp:2494] Resuming (5480)@172.31.14.224:50909 at 2016-03-14 19:33:46.864997120+00:00
I0314 19:33:46.865253 49933 process.cpp:2484] Spawned process __latch__(1953)@172.31.14.224:50909
I0314 19:33:46.865279 49947 process.cpp:2494] Resuming __gc__@172.31.14.224:50909 at 2016-03-14 19:33:46.865272064+00:00
I0314 19:33:46.865286 49957 process.cpp:2494] Resuming __latch__(1953)@172.31.14.224:50909 at 2016-03-14 19:33:46.865275904+00:00
I0314 19:33:46.865298 49953 process.cpp:2494] Resuming help@172.31.14.224:50909 at 2016-03-14 19:33:46.865289984+00:00
I0314 19:33:46.865514 49959 process.cpp:2494] Resuming help@172.31.14.224:50909 at 2016-03-14 19:33:46.865506048+00:00
I0314 19:33:46.865706 49933 pid.cpp:93] Attempting to parse 'master@172.31.14.224:50909' into a PID
I0314 19:33:46.865746 49960 process.cpp:2484] Spawned process __async_executor__(79)@172.31.14.224:50909
I0314 19:33:46.865747 49948 process.cpp:2494] Resuming __async_executor__(79)@172.31.14.224:50909 at 2016-03-14 19:33:46.865741056+00:00
I0314 19:33:46.865828 49956 process.cpp:2494] Resuming __gc__@172.31.14.224:50909 at 2016-03-14 19:33:46.865817088+00:00
I0314 19:33:46.865841 49958 process.cpp:2494] Resuming __async_executor__(79)@172.31.14.224:50909 at 2016-03-14 19:33:46.865829888+00:00
I0314 19:33:46.865941 49958 state.cpp:58] Recovering state from '/tmp/MemoryPressureMesosTest_CGROUPS_ROOT_Statistics_rUXQlo/meta'
I0314 19:33:46.866051 49952 process.cpp:2494] Resuming slave(79)@172.31.14.224:50909 at 2016-03-14 19:33:46.866043904+00:00
I0314 19:33:46.866063 49958 process.cpp:2599] Cleaning up __async_executor__(79)@172.31.14.224:50909
I0314 19:33:46.866163 49957 process.cpp:2494] Resuming help@172.31.14.224:50909 at 2016-03-14 19:33:46.866155008+00:00
I0314 19:33:46.866173 49961 process.cpp:2494] Resuming (5480)@172.31.14.224:50909 at 2016-03-14 19:33:46.866167040+00:00
I0314 19:33:46.866204 49952 process.cpp:2494] Resuming __gc__@172.31.14.224:50909 at 2016-03-14 19:33:46.866195968+00:00
I0314 19:33:46.866240 49961 status_update_manager.cpp:200] Recovering status update manager
I0314 19:33:46.866428 49933 process.cpp:2484] Spawned process standalone-master-detector(237)@172.31.14.224:50909
I0314 19:33:46.866432 49959 process.cpp:2494] Resuming standalone-master-detector(237)@172.31.14.224:50909 at 2016-03-14 19:33:46.866423040+00:00
I0314 19:33:46.866438 49956 process.cpp:2494] Resuming slave(79)@172.31.14.224:50909 at 2016-03-14 19:33:46.866429952+00:00
I0314 19:33:46.866601 49962 process.cpp:2494] Resuming (5478)@172.31.14.224:50909 at 2016-03-14 19:33:46.866594048+00:00
I0314 19:33:46.866657 49962 containerizer.cpp:407] Recovering containerizer
I0314 19:33:46.866819 49956 process.cpp:2494] Resuming metrics@172.31.14.224:50909 at 2016-03-14 19:33:46.866810880+00:00
I0314 19:33:46.866842 49933 sched.cpp:222] Version: 0.28.0
I0314 19:33:46.866935 49933 process.cpp:2484] Spawned process scheduler-dd4dfebb-e14f-4a77-adef-b9fc081c293e@172.31.14.224:50909
I0314 19:33:46.866956 49954 process.cpp:2494] Resuming scheduler-dd4dfebb-e14f-4a77-adef-b9fc081c293e@172.31.14.224:50909 at 2016-03-14 19:33:46.866947072+00:00
I0314 19:33:46.867041 49953 process.cpp:2494] Resuming __gc__@172.31.14.224:50909 at 2016-03-14 19:33:46.867033088+00:00
I0314 19:33:46.867065 49960 process.cpp:2494] Resuming __latch__(1954)@172.31.14.224:50909 at 2016-03-14 19:33:46.867054080+00:00
I0314 19:33:46.867046 49933 process.cpp:2484] Spawned process __latch__(1954)@172.31.14.224:50909
I0314 19:33:46.867199 49956 process.cpp:2494] Resuming standalone-master-detector(237)@172.31.14.224:50909 at 2016-03-14 19:33:46.867191040+00:00
I0314 19:33:46.867197 49933 process.cpp:2484] Spawned process __waiter__(806)@172.31.14.224:50909
I0314 19:33:46.867207 49957 process.cpp:2494] Resuming __waiter__(806)@172.31.14.224:50909 at 2016-03-14 19:33:46.867198976+00:00
I0314 19:33:46.867377 49952 process.cpp:2494] Resuming scheduler-dd4dfebb-e14f-4a77-adef-b9fc081c293e@172.31.14.224:50909 at 2016-03-14 19:33:46.867366912+00:00
I0314 19:33:46.867457 49952 sched.cpp:326] New master detected at master@172.31.14.224:50909
I0314 19:33:46.867498 49952 pid.cpp:93] Attempting to parse 'master@172.31.14.224:50909' into a PID
I0314 19:33:46.867583 49952 sched.cpp:382] Authenticating with master master@172.31.14.224:50909
I0314 19:33:46.867620 49952 sched.cpp:389] Using default CRAM-MD5 authenticatee
I0314 19:33:46.867657 49952 pid.cpp:93] Attempting to parse 'master@172.31.14.224:50909' into a PID
I0314 19:33:46.867759 49952 process.cpp:2484] Spawned process crammd5_authenticatee(157)@172.31.14.224:50909
I0314 19:33:46.867777 49954 process.cpp:2494] Resuming crammd5_authenticatee(157)@172.31.14.224:50909 at 2016-03-14 19:33:46.867769088+00:00
I0314 19:33:46.867817 49950 process.cpp:2494] Resuming (5477)@172.31.14.224:50909 at 2016-03-14 19:33:46.867809024+00:00
I0314 19:33:46.867851 49957 process.cpp:2494] Resuming (5476)@172.31.14.224:50909 at 2016-03-14 19:33:46.867840000+00:00
I0314 19:33:46.867892 49954 authenticatee.cpp:121] Creating new client SASL connection
I0314 19:33:46.867936 49959 process.cpp:2494] Resuming __gc__@172.31.14.224:50909 at 2016-03-14 19:33:46.867930112+00:00
I0314 19:33:46.867952 49961 process.cpp:2494] Resuming standalone-master-detector(237)@172.31.14.224:50909 at 2016-03-14 19:33:46.867942912+00:00
I0314 19:33:46.867959 49958 process.cpp:2494] Resuming (5483)@172.31.14.224:50909 at 2016-03-14 19:33:46.867947008+00:00
I0314 19:33:46.867943 49962 process.cpp:2484] Spawned process (5483)@172.31.14.224:50909
I0314 19:33:46.868371 49955 process.cpp:2494] Resuming master@172.31.14.224:50909 at 2016-03-14 19:33:46.868363008+00:00
I0314 19:33:46.868420 49954 process.cpp:2494] Resuming reaper(1)@172.31.14.224:50909 at 2016-03-14 19:33:46.868411904+00:00
I0314 19:33:46.868443 49955 pid.cpp:93] Attempting to parse 'scheduler-dd4dfebb-e14f-4a77-adef-b9fc081c293e@172.31.14.224:50909' into a PID
I0314 19:33:46.868496 49955 master.cpp:5495] Authenticating scheduler-dd4dfebb-e14f-4a77-adef-b9fc081c293e@172.31.14.224:50909
I0314 19:33:46.868559 49958 process.cpp:2494] Resuming crammd5_authenticator(79)@172.31.14.224:50909 at 2016-03-14 19:33:46.868549120+00:00
I0314 19:33:46.868628 49958 authenticator.cpp:413] Starting authentication session for crammd5_authenticatee(157)@172.31.14.224:50909
I0314 19:33:46.868731 49958 process.cpp:2484] Spawned process crammd5_authenticator_session(157)@172.31.14.224:50909
I0314 19:33:46.868752 49949 process.cpp:2494] Resuming crammd5_authenticator_session(157)@172.31.14.224:50909 at 2016-03-14 19:33:46.868742912+00:00
I0314 19:33:46.868880 49949 authenticator.cpp:98] Creating new server SASL connection
I0314 19:33:46.869094 49957 process.cpp:2494] Resuming (5483)@172.31.14.224:50909 at 2016-03-14 19:33:46.869086976+00:00
I0314 19:33:46.869245 49958 process.cpp:2494] Resuming (5478)@172.31.14.224:50909 at 2016-03-14 19:33:46.869233920+00:00
I0314 19:33:46.869252 49947 process.cpp:2494] Resuming crammd5_authenticatee(157)@172.31.14.224:50909 at 2016-03-14 19:33:46.869243904+00:00
I0314 19:33:46.869268 49957 process.cpp:2599] Cleaning up (5483)@172.31.14.224:50909
I0314 19:33:46.869359 49947 authenticatee.cpp:212] Received SASL authentication mechanisms: CRAM-MD5
I0314 19:33:46.869366 49955 process.cpp:2494] Resuming (5469)@172.31.14.224:50909 at 2016-03-14 19:33:46.869357056+00:00
I0314 19:33:46.869384 49947 authenticatee.cpp:238] Attempting to authenticate with mechanism 'CRAM-MD5'
I0314 19:33:46.869495 49947 process.cpp:2494] Resuming crammd5_authenticator_session(157)@172.31.14.224:50909 at 2016-03-14 19:33:46.869488128+00:00
I0314 19:33:46.869524 49962 process.cpp:2494] Resuming help@172.31.14.224:50909 at 2016-03-14 19:33:46.869513984+00:00
I0314 19:33:46.869551 49947 authenticator.cpp:203] Received SASL authentication start
I0314 19:33:46.869556 49951 process.cpp:2494] Resuming __gc__@172.31.14.224:50909 at 2016-03-14 19:33:46.869547008+00:00
I0314 19:33:46.869592 49947 authenticator.cpp:325] Authentication requires more steps
I0314 19:33:46.869681 49947 process.cpp:2494] Resuming (5484)@172.31.14.224:50909 at 2016-03-14 19:33:46.869675008+00:00
I0314 19:33:46.869689 49956 process.cpp:2494] Resuming crammd5_authenticatee(157)@172.31.14.224:50909 at 2016-03-14 19:33:46.869680128+00:00
I0314 19:33:46.869809 49947 process.cpp:2599] Cleaning up (5484)@172.31.14.224:50909
I0314 19:33:46.869815 49956 authenticatee.cpp:258] Received SASL authentication step
I0314 19:33:46.869853 49955 process.cpp:2484] Spawned process (5484)@172.31.14.224:50909
I0314 19:33:46.869876 49951 process.cpp:2494] Resuming help@172.31.14.224:50909 at 2016-03-14 19:33:46.869867008+00:00
I0314 19:33:46.869915 49949 process.cpp:2494] Resuming __gc__@172.31.14.224:50909 at 2016-03-14 19:33:46.869905920+00:00
I0314 19:33:46.870003 49955 provisioner.cpp:245] Provisioner recovery complete
I0314 19:33:46.870005 49957 process.cpp:2494] Resuming crammd5_authenticator_session(157)@172.31.14.224:50909 at 2016-03-14 19:33:46.869995008+00:00
I0314 19:33:46.870095 49948 process.cpp:2494] Resuming (5478)@172.31.14.224:50909 at 2016-03-14 19:33:46.870086912+00:00
I0314 19:33:46.870218 49952 process.cpp:2494] Resuming slave(79)@172.31.14.224:50909 at 2016-03-14 19:33:46.870209024+00:00
I0314 19:33:46.870309 49957 authenticator.cpp:231] Received SASL authentication step
I0314 19:33:46.870333 49952 slave.cpp:4565] Finished recovery
I0314 19:33:46.870347 49957 auxprop.cpp:107] Request to lookup properties for user: 'test-principal' realm: 'ip-172-31-14-224.us-west-1.compute.internal' server FQDN: 'ip-172-31-14-224.us-west-1.compute.internal' SASL_AUXPROP_VERIFY_AGAINST_HASH: false SASL_AUXPROP_OVERRIDE: false SASL_AUXPROP_AUTHZID: false
I0314 19:33:46.870363 49957 auxprop.cpp:179] Looking up auxiliary property '*userPassword'
I0314 19:33:46.870424 49957 auxprop.cpp:179] Looking up auxiliary property '*cmusaslsecretCRAM-MD5'
I0314 19:33:46.870463 49957 auxprop.cpp:107] Request to lookup properties for user: 'test-principal' realm: 'ip-172-31-14-224.us-west-1.compute.internal' server FQDN: 'ip-172-31-14-224.us-west-1.compute.internal' SASL_AUXPROP_VERIFY_AGAINST_HASH: false SASL_AUXPROP_OVERRIDE: false SASL_AUXPROP_AUTHZID: true
I0314 19:33:46.870494 49957 auxprop.cpp:129] Skipping auxiliary property '*userPassword' since SASL_AUXPROP_AUTHZID == true
I0314 19:33:46.870506 49957 auxprop.cpp:129] Skipping auxiliary property '*cmusaslsecretCRAM-MD5' since SASL_AUXPROP_AUTHZID == true
I0314 19:33:46.870529 49957 authenticator.cpp:317] Authentication success
I0314 19:33:46.870584 49952 slave.cpp:4737] Querying resource estimator for oversubscribable resources
I0314 19:33:46.870591 49948 process.cpp:2494] Resuming standalone-master-detector(236)@172.31.14.224:50909 at 2016-03-14 19:33:46.870582016+00:00
I0314 19:33:46.870618 49958 process.cpp:2494] Resuming crammd5_authenticatee(157)@172.31.14.224:50909 at 2016-03-14 19:33:46.870606080+00:00
I0314 19:33:46.870679 49953 process.cpp:2494] Resuming (5481)@172.31.14.224:50909 at 2016-03-14 19:33:46.870670080+00:00
I0314 19:33:46.870699 49954 process.cpp:2494] Resuming master@172.31.14.224:50909 at 2016-03-14 19:33:46.870689024+00:00
I0314 19:33:46.870707 49958 authenticatee.cpp:298] Authentication success
I0314 19:33:46.870769 49950 process.cpp:2494] Resuming crammd5_authenticator(79)@172.31.14.224:50909 at 2016-03-14 19:33:46.870759936+00:00
I0314 19:33:46.870769 49954 master.cpp:5525] Successfully authenticated principal 'test-principal' at scheduler-dd4dfebb-e14f-4a77-adef-b9fc081c293e@172.31.14.224:50909
I0314 19:33:46.870832 49955 process.cpp:2494] Resuming slave(79)@172.31.14.224:50909 at 2016-03-14 19:33:46.870822912+00:00
I0314 19:33:46.870846 49962 process.cpp:2494] Resuming scheduler-dd4dfebb-e14f-4a77-adef-b9fc081c293e@172.31.14.224:50909 at 2016-03-14 19:33:46.870835968+00:00
I0314 19:33:46.870926 49950 authenticator.cpp:431] Authentication session cleanup for crammd5_authenticatee(157)@172.31.14.224:50909
I0314 19:33:46.870950 49954 process.cpp:2494] Resuming crammd5_authenticatee(157)@172.31.14.224:50909 at 2016-03-14 19:33:46.870942976+00:00
I0314 19:33:46.870962 49957 process.cpp:2494] Resuming (5480)@172.31.14.224:50909 at 2016-03-14 19:33:46.870925056+00:00
I0314 19:33:46.870995 49947 process.cpp:2494] Resuming crammd5_authenticator_session(157)@172.31.14.224:50909 at 2016-03-14 19:33:46.870987008+00:00
I0314 19:33:46.870982 49954 process.cpp:2599] Cleaning up crammd5_authenticatee(157)@172.31.14.224:50909
I0314 19:33:46.871028 49947 process.cpp:2599] Cleaning up crammd5_authenticator_session(157)@172.31.14.224:50909
I0314 19:33:46.871052 49955 pid.cpp:93] Attempting to parse 'master@172.31.14.224:50909' into a PID
I0314 19:33:46.871074 49957 status_update_manager.cpp:174] Pausing sending status updates
I0314 19:33:46.871098 49955 slave.cpp:796] New master detected at master@172.31.14.224:50909
I0314 19:33:46.871078 49948 process.cpp:2494] Resuming help@172.31.14.224:50909 at 2016-03-14 19:33:46.871069952+00:00
I0314 19:33:46.871184 49962 sched.cpp:471] Successfully authenticated with master master@172.31.14.224:50909
I0314 19:33:46.871212 49962 sched.cpp:776] Sending SUBSCRIBE call to master@172.31.14.224:50909
I0314 19:33:46.871237 49962 pid.cpp:93] Attempting to parse 'master@172.31.14.224:50909' into a PID
I0314 19:33:46.871240 49955 slave.cpp:859] Authenticating with master master@172.31.14.224:50909
I0314 19:33:46.871271 49955 slave.cpp:864] Using default CRAM-MD5 authenticatee
I0314 19:33:46.871306 49962 sched.cpp:809] Will retry registration in 1.564503572secs if necessary
I0314 19:33:46.871340 49949 process.cpp:2494] Resuming master@172.31.14.224:50909 at 2016-03-14 19:33:46.871328000+00:00
I0314 19:33:46.871376 49957 process.cpp:2494] Resuming crammd5_authenticatee(158)@172.31.14.224:50909 at 2016-03-14 19:33:46.871367936+00:00
I0314 19:33:46.871352 49955 process.cpp:2484] Spawned process crammd5_authenticatee(158)@172.31.14.224:50909
I0314 19:33:46.871476 49949 master.cpp:2231] Received SUBSCRIBE call for framework 'default' at scheduler-dd4dfebb-e14f-4a77-adef-b9fc081c293e@172.31.14.224:50909
I0314 19:33:46.871479 49958 process.cpp:2494] Resuming crammd5_authenticatee(158)@172.31.14.224:50909 at 2016-03-14 19:33:46.871470080+00:00
I0314 19:33:46.871521 49955 slave.cpp:832] Detecting new master
I0314 19:33:46.871577 49958 authenticatee.cpp:121] Creating new client SASL connection
I0314 19:33:46.871558 49949 master.cpp:1750] Authorizing framework principal 'test-principal' to receive offers for role '*'
I0314 19:33:46.871681 49954 process.cpp:2494] Resuming standalone-master-detector(236)@172.31.14.224:50909 at 2016-03-14 19:33:46.871670016+00:00
I0314 19:33:46.871704 49955 slave.cpp:4751] Received oversubscribable resources  from the resource estimator
I0314 19:33:46.871695 49953 process.cpp:2494] Resuming authorizer(79)@172.31.14.224:50909 at 2016-03-14 19:33:46.871686912+00:00
I0314 19:33:46.871878 49947 process.cpp:2494] Resuming master@172.31.14.224:50909 at 2016-03-14 19:33:46.871870976+00:00
I0314 19:33:46.871939 49947 master.cpp:2302] Subscribing framework default with checkpointing disabled and capabilities [  ]
I0314 19:33:46.872141 49953 process.cpp:2494] Resuming (5455)@172.31.14.224:50909 at 2016-03-14 19:33:46.872133120+00:00
I0314 19:33:46.872192 49948 process.cpp:2494] Resuming metrics@172.31.14.224:50909 at 2016-03-14 19:33:46.872184064+00:00
I0314 19:33:46.872241 49955 process.cpp:2494] Resuming scheduler-dd4dfebb-e14f-4a77-adef-b9fc081c293e@172.31.14.224:50909 at 2016-03-14 19:33:46.872231936+00:00
I0314 19:33:46.872270 49953 hierarchical.cpp:265] Added framework dbfcd71c-47c4-4b7a-bdff-6335751ecebe-0000
I0314 19:33:46.872290 49947 pid.cpp:93] Attempting to parse 'slave(79)@172.31.14.224:50909' into a PID
I0314 19:33:46.872325 49947 master.cpp:5495] Authenticating slave(79)@172.31.14.224:50909
I0314 19:33:46.872328 49955 pid.cpp:93] Attempting to parse 'master@172.31.14.224:50909' into a PID
I0314 19:33:46.872337 49953 hierarchical.cpp:1453] No resources available to allocate!
I0314 19:33:46.872395 49955 sched.cpp:703] Framework registered with dbfcd71c-47c4-4b7a-bdff-6335751ecebe-0000
I0314 19:33:46.872428 49953 hierarchical.cpp:1548] No inverse offers to send out!
I0314 19:33:46.872411 49952 process.cpp:2494] Resuming crammd5_authenticator(79)@172.31.14.224:50909 at 2016-03-14 19:33:46.872401920+00:00
I0314 19:33:46.872457 49955 sched.cpp:717] Scheduler::registered took 16068ns
I0314 19:33:46.872480 49952 authenticator.cpp:413] Starting authentication session for crammd5_authenticatee(158)@172.31.14.224:50909
I0314 19:33:46.872455 49953 hierarchical.cpp:1130] Performed allocation for 0 slaves in 156015ns
I0314 19:33:46.872576 49948 process.cpp:2494] Resuming crammd5_authenticator_session(158)@172.31.14.224:50909 at 2016-03-14 19:33:46.872568064+00:00
I0314 19:33:46.872581 49952 process.cpp:2484] Spawned process crammd5_authenticator_session(158)@172.31.14.224:50909
I0314 19:33:46.872750 49948 authenticator.cpp:98] Creating new server SASL connection
I0314 19:33:46.873114 49957 process.cpp:2494] Resuming crammd5_authenticatee(158)@172.31.14.224:50909 at 2016-03-14 19:33:46.873105920+00:00
I0314 19:33:46.873178 49957 authenticatee.cpp:212] Received SASL authentication mechanisms: CRAM-MD5
I0314 19:33:46.873219 49957 authenticatee.cpp:238] Attempting to authenticate with mechanism 'CRAM-MD5'
I0314 19:33:46.873275 49953 process.cpp:2494] Resuming crammd5_authenticator_session(158)@172.31.14.224:50909 at 2016-03-14 19:33:46.873266944+00:00
I0314 19:33:46.873334 49953 authenticator.cpp:203] Received SASL authentication start
I0314 19:33:46.873381 49953 authenticator.cpp:325] Authentication requires more steps
I0314 19:33:46.873442 49953 process.cpp:2494] Resuming crammd5_authenticatee(158)@172.31.14.224:50909 at 2016-03-14 19:33:46.873435904+00:00
I0314 19:33:46.873497 49953 authenticatee.cpp:258] Received SASL authentication step
I0314 19:33:46.873567 49953 process.cpp:2494] Resuming crammd5_authenticator_session(158)@172.31.14.224:50909 at 2016-03-14 19:33:46.873559040+00:00
I0314 19:33:46.873631 49953 authenticator.cpp:231] Received SASL authentication step
I0314 19:33:46.873663 49953 auxprop.cpp:107] Request to lookup properties for user: 'test-principal' realm: 'ip-172-31-14-224.us-west-1.compute.internal' server FQDN: 'ip-172-31-14-224.us-west-1.compute.internal' SASL_AUXPROP_VERIFY_AGAINST_HASH: false SASL_AUXPROP_OVERRIDE: false SASL_AUXPROP_AUTHZID: false
I0314 19:33:46.873680 49953 auxprop.cpp:179] Looking up auxiliary property '*userPassword'
I0314 19:33:46.873709 49953 auxprop.cpp:179] Looking up auxiliary property '*cmusaslsecretCRAM-MD5'
I0314 19:33:46.873742 49953 auxprop.cpp:107] Request to lookup properties for user: 'test-principal' realm: 'ip-172-31-14-224.us-west-1.compute.internal' server FQDN: 'ip-172-31-14-224.us-west-1.compute.internal' SASL_AUXPROP_VERIFY_AGAINST_HASH: false SASL_AUXPROP_OVERRIDE: false SASL_AUXPROP_AUTHZID: true
I0314 19:33:46.873764 49953 auxprop.cpp:129] Skipping auxiliary property '*userPassword' since SASL_AUXPROP_AUTHZID == true
I0314 19:33:46.873775 49953 auxprop.cpp:129] Skipping auxiliary property '*cmusaslsecretCRAM-MD5' since SASL_AUXPROP_AUTHZID == true
I0314 19:33:46.873791 49953 authenticator.cpp:317] Authentication success
I0314 19:33:46.873852 49954 process.cpp:2494] Resuming crammd5_authenticatee(158)@172.31.14.224:50909 at 2016-03-14 19:33:46.873843968+00:00
I0314 19:33:46.873865 49950 process.cpp:2494] Resuming master@172.31.14.224:50909 at 2016-03-14 19:33:46.873857024+00:00
I0314 19:33:46.873909 49956 process.cpp:2494] Resuming crammd5_authenticator(79)@172.31.14.224:50909 at 2016-03-14 19:33:46.873897984+00:00
I0314 19:33:46.873919 49954 authenticatee.cpp:298] Authentication success
I0314 19:33:46.873973 49956 authenticator.cpp:431] Authentication session cleanup for crammd5_authenticatee(158)@172.31.14.224:50909
I0314 19:33:46.873929 49950 master.cpp:5525] Successfully authenticated principal 'test-principal' at slave(79)@172.31.14.224:50909
I0314 19:33:46.874040 49950 process.cpp:2494] Resuming crammd5_authenticator_session(158)@172.31.14.224:50909 at 2016-03-14 19:33:46.874032128+00:00
I0314 19:33:46.874055 49949 process.cpp:2494] Resuming slave(79)@172.31.14.224:50909 at 2016-03-14 19:33:46.874045952+00:00
I0314 19:33:46.874096 49950 process.cpp:2599] Cleaning up crammd5_authenticator_session(158)@172.31.14.224:50909
I0314 19:33:46.874168 49955 process.cpp:2494] Resuming crammd5_authenticatee(158)@172.31.14.224:50909 at 2016-03-14 19:33:46.874159104+00:00
I0314 19:33:46.874178 49954 process.cpp:2494] Resuming help@172.31.14.224:50909 at 2016-03-14 19:33:46.874170112+00:00
I0314 19:33:46.874213 49955 process.cpp:2599] Cleaning up crammd5_authenticatee(158)@172.31.14.224:50909
I0314 19:33:46.874325 49952 process.cpp:2494] Resuming help@172.31.14.224:50909 at 2016-03-14 19:33:46.874316032+00:00
I0314 19:33:46.874361 49949 slave.cpp:927] Successfully authenticated with master master@172.31.14.224:50909
I0314 19:33:46.874476 49949 slave.cpp:1321] Will retry registration in 390113ns if necessary
I0314 19:33:46.874469 49960 process.cpp:2494] Resuming master@172.31.14.224:50909 at 2016-03-14 19:33:46.874460928+00:00
I0314 19:33:46.874646 49960 master.cpp:4206] Registering slave at slave(79)@172.31.14.224:50909 (ip-172-31-14-224.us-west-1.compute.internal) with id dbfcd71c-47c4-4b7a-bdff-6335751ecebe-S0
I0314 19:33:46.874804 49956 process.cpp:2494] Resuming registrar(79)@172.31.14.224:50909 at 2016-03-14 19:33:46.874796032+00:00
I0314 19:33:46.875026 49956 registrar.cpp:439] Applied 1 operations in 42078ns; attempting to update the 'registry'
I0314 19:33:46.875216 49948 process.cpp:2494] Resuming (5457)@172.31.14.224:50909 at 2016-03-14 19:33:46.875207936+00:00
I0314 19:33:46.875380 49958 process.cpp:2494] Resuming __gc__@172.31.14.224:50909 at 2016-03-14 19:33:46.875369984+00:00
I0314 19:33:46.875399 49961 process.cpp:2494] Resuming __latch__(1955)@172.31.14.224:50909 at 2016-03-14 19:33:46.875388928+00:00
I0314 19:33:46.875388 49956 process.cpp:2484] Spawned process __latch__(1955)@172.31.14.224:50909
I0314 19:33:46.875571 49954 process.cpp:2494] Resuming log-writer(79)@172.31.14.224:50909 at 2016-03-14 19:33:46.875561984+00:00
I0314 19:33:46.875627 49954 log.cpp:683] Attempting to append 440 bytes to the log
I0314 19:33:46.875737 49955 process.cpp:2494] Resuming log-coordinator(79)@172.31.14.224:50909 at 2016-03-14 19:33:46.875727104+00:00
I0314 19:33:46.875771 49947 process.cpp:2494] Resuming slave(79)@172.31.14.224:50909 at 2016-03-14 19:33:46.875762944+00:00
I0314 19:33:46.875792 49955 coordinator.cpp:348] Coordinator attempting to write APPEND action at position 3
I0314 19:33:46.875906 49955 process.cpp:2484] Spawned process log-write(394)@172.31.14.224:50909
I0314 19:33:46.875921 49961 process.cpp:2494] Resuming __gc__@172.31.14.224:50909 at 2016-03-14 19:33:46.875912960+00:00
I0314 19:33:46.875936 49956 process.cpp:2494] Resuming log-write(394)@172.31.14.224:50909 at 2016-03-14 19:33:46.875924992+00:00
I0314 19:33:46.875957 49954 process.cpp:2494] Resuming master@172.31.14.224:50909 at 2016-03-14 19:33:46.875945984+00:00
I0314 19:33:46.876015 49959 process.cpp:2494] Resuming (5456)@172.31.14.224:50909 at 2016-03-14 19:33:46.876006912+00:00
I0314 19:33:46.876113 49953 process.cpp:2494] Resuming log-write(394)@172.31.14.224:50909 at 2016-03-14 19:33:46.876101888+00:00
I0314 19:33:46.876232 49947 slave.cpp:1321] Will retry registration in 25.887546ms if necessary
I0314 19:33:46.876240 49950 process.cpp:2494] Resuming (5456)@172.31.14.224:50909 at 2016-03-14 19:33:46.876227072+00:00
I0314 19:33:46.876344 49954 master.cpp:4194] Ignoring register slave message from slave(79)@172.31.14.224:50909 (ip-172-31-14-224.us-west-1.compute.internal) as admission is already in progress
I0314 19:33:46.876384 49950 process.cpp:2484] Spawned process (5485)@172.31.14.224:50909
I0314 19:33:46.876394 49961 process.cpp:2494] Resuming __gc__@172.31.14.224:50909 at 2016-03-14 19:33:46.876386048+00:00
I0314 19:33:46.876402 49954 process.cpp:2494] Resuming (5485)@172.31.14.224:50909 at 2016-03-14 19:33:46.876392960+00:00
I0314 19:33:46.876477 49960 process.cpp:2494] Resuming log-write(394)@172.31.14.224:50909 at 2016-03-14 19:33:46.876464896+00:00
I0314 19:33:46.876505 49958 process.cpp:2494] Resuming log-replica(79)@172.31.14.224:50909 at 2016-03-14 19:33:46.876497920+00:00
I0314 19:33:46.876559 49958 replica.cpp:537] Replica received write request for position 3 from (5485)@172.31.14.224:50909
I0314 19:33:46.877193 49958 leveldb.cpp:341] Persisting action (459 bytes) to leveldb took 597319ns
I0314 19:33:46.877223 49958 replica.cpp:712] Persisted action at 3
I0314 19:33:46.877285 49958 process.cpp:2494] Resuming (5485)@172.31.14.224:50909 at 2016-03-14 19:33:46.877277952+00:00
I0314 19:33:46.877385 49958 process.cpp:2599] Cleaning up (5485)@172.31.14.224:50909
I0314 19:33:46.877384 49950 process.cpp:2494] Resuming log-write(394)@172.31.14.224:50909 at 2016-03-14 19:33:46.877374976+00:00
I0314 19:33:46.877452 49952 process.cpp:2494] Resuming help@172.31.14.224:50909 at 2016-03-14 19:33:46.877444096+00:00
I0314 19:33:46.877495 49960 process.cpp:2494] Resuming __gc__@172.31.14.224:50909 at 2016-03-14 19:33:46.877485056+00:00
I0314 19:33:46.877579 49960 process.cpp:2494] Resuming log-coordinator(79)@172.31.14.224:50909 at 2016-03-14 19:33:46.877573120+00:00
I0314 19:33:46.877806 49950 process.cpp:2599] Cleaning up log-write(394)@172.31.14.224:50909
I0314 19:33:46.877825 49953 process.cpp:2494] Resuming (5456)@172.31.14.224:50909 at 2016-03-14 19:33:46.877816064+00:00
I0314 19:33:46.877879 49956 process.cpp:2494] Resuming help@172.31.14.224:50909 at 2016-03-14 19:33:46.877869056+00:00
I0314 19:33:46.878057 49959 process.cpp:2494] Resuming __gc__@172.31.14.224:50909 at 2016-03-14 19:33:46.878049024+00:00
I0314 19:33:46.878135 49951 process.cpp:2494] Resuming log-coordinator(79)@172.31.14.224:50909 at 2016-03-14 19:33:46.878126080+00:00
I0314 19:33:46.878140 49962 process.cpp:2494] Resuming log-replica(79)@172.31.14.224:50909 at 2016-03-14 19:33:46.878130944+00:00
I0314 19:33:46.878250 49962 replica.cpp:691] Replica received learned notice for position 3 from @0.0.0.0:0
I0314 19:33:46.880347 49962 leveldb.cpp:341] Persisting action (461 bytes) to leveldb took 2.060139ms
I0314 19:33:46.880383 49962 replica.cpp:712] Persisted action at 3
I0314 19:33:46.880403 49962 replica.cpp:697] Replica learned APPEND action at position 3
I0314 19:33:46.880511 49955 process.cpp:2494] Resuming log-coordinator(79)@172.31.14.224:50909 at 2016-03-14 19:33:46.880498944+00:00
I0314 19:33:46.880717 49956 process.cpp:2494] Resuming (5457)@172.31.14.224:50909 at 2016-03-14 19:33:46.880707072+00:00
I0314 19:33:46.881250 49949 process.cpp:2494] Resuming __latch__(1955)@172.31.14.224:50909 at 2016-03-14 19:33:46.881241088+00:00
I0314 19:33:46.881295 49949 process.cpp:2599] Cleaning up __latch__(1955)@172.31.14.224:50909
I0314 19:33:46.881352 49961 process.cpp:2494] Resuming help@172.31.14.224:50909 at 2016-03-14 19:33:46.881342976+00:00
I0314 19:33:46.881412 49948 process.cpp:2494] Resuming __gc__@172.31.14.224:50909 at 2016-03-14 19:33:46.881401088+00:00
I0314 19:33:46.881489 49957 process.cpp:2494] Resuming registrar(79)@172.31.14.224:50909 at 2016-03-14 19:33:46.881480960+00:00
I0314 19:33:46.881613 49957 registrar.cpp:484] Successfully updated the 'registry' in 6.53312ms
I0314 19:33:46.881778 49958 process.cpp:2494] Resuming log-writer(79)@172.31.14.224:50909 at 2016-03-14 19:33:46.881766912+00:00
I0314 19:33:46.881786 49954 process.cpp:2494] Resuming master@172.31.14.224:50909 at 2016-03-14 19:33:46.881775104+00:00
I0314 19:33:46.881839 49958 log.cpp:702] Attempting to truncate the log to 3
I0314 19:33:46.881913 49962 process.cpp:2494] Resuming log-coordinator(79)@172.31.14.224:50909 at 2016-03-14 19:33:46.881902080+00:00
I0314 19:33:46.881966 49962 coordinator.cpp:348] Coordinator attempting to write TRUNCATE action at position 4
I0314 19:33:46.882107 49962 process.cpp:2484] Spawned process log-write(395)@172.31.14.224:50909
I0314 19:33:46.882135 49950 process.cpp:2494] Resuming __gc__@172.31.14.224:50909 at 2016-03-14 19:33:46.882125056+00:00
I0314 19:33:46.882145 49949 process.cpp:2494] Resuming log-write(395)@172.31.14.224:50909 at 2016-03-14 19:33:46.882136064+00:00
I0314 19:33:46.882144 49954 process.cpp:2484] Spawned process slave-observer(79)@172.31.14.224:50909
I0314 19:33:46.882154 49961 process.cpp:2494] Resuming slave-observer(79)@172.31.14.224:50909 at 2016-03-14 19:33:46.882148096+00:00
I0314 19:33:46.882246 49958 process.cpp:2494] Resuming (5456)@172.31.14.224:50909 at 2016-03-14 19:33:46.882236928+00:00
I0314 19:33:46.882266 49953 process.cpp:2494] Resuming slave(79)@172.31.14.224:50909 at 2016-03-14 19:33:46.882255104+00:00
I0314 19:33:46.882326 49953 slave.cpp:3482] Received ping from slave-observer(79)@172.31.14.224:50909
I0314 19:33:46.882359 49959 process.cpp:2494] Resuming (5455)@172.31.14.224:50909 at 2016-03-14 19:33:46.882348032+00:00
I0314 19:33:46.882414 49962 process.cpp:2494] Resuming log-write(395)@172.31.14.224:50909 at 2016-03-14 19:33:46.882405888+00:00
I0314 19:33:46.882452 49948 process.cpp:2494] Resuming slave-observer(79)@172.31.14.224:50909 at 2016-03-14 19:33:46.882440960+00:00
I0314 19:33:46.882468 49953 slave.cpp:971] Registered with master master@172.31.14.224:50909; given slave ID dbfcd71c-47c4-4b7a-bdff-6335751ecebe-S0
I0314 19:33:46.882519 49953 fetcher.cpp:81] Clearing fetcher cache
I0314 19:33:46.882433 49954 master.cpp:4274] Registered slave dbfcd71c-47c4-4b7a-bdff-6335751ecebe-S0 at slave(79)@172.31.14.224:50909 (ip-172-31-14-224.us-west-1.compute.internal) with cpus(*):2; mem(*):1024; disk(*):1024; ports(*):[31000-32000]
I0314 19:33:46.882567 49947 process.cpp:2494] Resuming (5456)@172.31.14.224:50909 at 2016-03-14 19:33:46.882558976+00:00
I0314 19:33:46.882586 49954 process.cpp:2494] Resuming (5480)@172.31.14.224:50909 at 2016-03-14 19:33:46.882576896+00:00
I0314 19:33:46.882674 49959 hierarchical.cpp:473] Added slave dbfcd71c-47c4-4b7a-bdff-6335751ecebe-S0 (ip-172-31-14-224.us-west-1.compute.internal) with cpus(*):2; mem(*):1024; disk(*):1024; ports(*):[31000-32000] (allocated: )
I0314 19:33:46.882726 49954 status_update_manager.cpp:181] Resuming sending status updates
I0314 19:33:46.882688 49948 process.cpp:2494] Resuming __gc__@172.31.14.224:50909 at 2016-03-14 19:33:46.882681088+00:00
I0314 19:33:46.882802 49953 slave.cpp:994] Checkpointing SlaveInfo to '/tmp/MemoryPressureMesosTest_CGROUPS_ROOT_Statistics_rUXQlo/meta/slaves/dbfcd71c-47c4-4b7a-bdff-6335751ecebe-S0/slave.info'
I0314 19:33:46.882848 49947 process.cpp:2484] Spawned process (5486)@172.31.14.224:50909
I0314 19:33:46.882865 49961 process.cpp:2494] Resuming (5486)@172.31.14.224:50909 at 2016-03-14 19:33:46.882854912+00:00
I0314 19:33:46.882946 49954 process.cpp:2494] Resuming log-write(395)@172.31.14.224:50909 at 2016-03-14 19:33:46.882938112+00:00
I0314 19:33:46.882963 49949 process.cpp:2494] Resuming log-replica(79)@172.31.14.224:50909 at 2016-03-14 19:33:46.882953984+00:00
I0314 19:33:46.883043 49949 replica.cpp:537] Replica received write request for position 4 from (5486)@172.31.14.224:50909
I0314 19:33:46.883060 49953 slave.cpp:1030] Forwarding total oversubscribed resources
I0314 19:33:46.883152 49959 hierarchical.cpp:1427] Allocating cpus(*):2; mem(*):1024; disk(*):1024; ports(*):[31000-32000] on slave dbfcd71c-47c4-4b7a-bdff-6335751ecebe-S0 to framework dbfcd71c-47c4-4b7a-bdff-6335751ecebe-0000
I0314 19:33:46.883163 49953 process.cpp:2494] Resuming master@172.31.14.224:50909 at 2016-03-14 19:33:46.883154944+00:00
I0314 19:33:46.883280 49953 master.cpp:4618] Received update of slave dbfcd71c-47c4-4b7a-bdff-6335751ecebe-S0 at slave(79)@172.31.14.224:50909 (ip-172-31-14-224.us-west-1.compute.internal) with total oversubscribed resources
I0314 19:33:46.883548 49959 hierarchical.cpp:1548] No inverse offers to send out!
I0314 19:33:46.883544 49947 process.cpp:2494] Resuming master@172.31.14.224:50909 at 2016-03-14 19:33:46.883535872+00:00
I0314 19:33:46.883605 49959 hierarchical.cpp:1150] Performed allocation for slave dbfcd71c-47c4-4b7a-bdff-6335751ecebe-S0 in 876646ns
I0314 19:33:46.883862 49947 master.cpp:5324] Sending 1 offers to framework dbfcd71c-47c4-4b7a-bdff-6335751ecebe-0000 (default) at scheduler-dd4dfebb-e14f-4a77-adef-b9fc081c293e@172.31.14.224:50909
I0314 19:33:46.883877 49959 hierarchical.cpp:531] Slave dbfcd71c-47c4-4b7a-bdff-6335751ecebe-S0 (ip-172-31-14-224.us-west-1.compute.internal) updated with oversubscribed resources  (total: cpus(*):2; mem(*):1024; disk(*):1024; ports(*):[31000-32000], allocated: cpus(*):2; mem(*):1024; disk(*):1024; ports(*):[31000-32000])
I0314 19:33:46.883975 49952 process.cpp:2494] Resuming scheduler-dd4dfebb-e14f-4a77-adef-b9fc081c293e@172.31.14.224:50909 at 2016-03-14 19:33:46.883965952+00:00
I0314 19:33:46.884016 49959 hierarchical.cpp:1453] No resources available to allocate!
I0314 19:33:46.884066 49959 hierarchical.cpp:1548] No inverse offers to send out!
I0314 19:33:46.884110 49952 pid.cpp:93] Attempting to parse 'master@172.31.14.224:50909' into a PID
I0314 19:33:46.884110 49959 hierarchical.cpp:1150] Performed allocation for slave dbfcd71c-47c4-4b7a-bdff-6335751ecebe-S0 in 180266ns
I0314 19:33:46.884155 49952 sched.cpp:849] Received 1 offers
I0314 19:33:46.884202 49952 pid.cpp:93] Attempting to parse 'slave(79)@172.31.14.224:50909' into a PID
I0314 19:33:46.884341 49952 sched.cpp:873] Scheduler::resourceOffers took 94515ns
I0314 19:33:46.884356 49947 process.cpp:2494] Resuming __latch__(1954)@172.31.14.224:50909 at 2016-03-14 19:33:46.884346880+00:00
I0314 19:33:46.884389 49947 process.cpp:2599] Cleaning up __latch__(1954)@172.31.14.224:50909
I0314 19:33:46.884459 49962 process.cpp:2494] Resuming help@172.31.14.224:50909 at 2016-03-14 19:33:46.884449024+00:00
I0314 19:33:46.884503 49958 process.cpp:2494] Resuming __waiter__(806)@172.31.14.224:50909 at 2016-03-14 19:33:46.884494080+00:00
I0314 19:33:46.884541 49962 process.cpp:2494] Resuming __gc__@172.31.14.224:50909 at 2016-03-14 19:33:46.884531968+00:00
I0314 19:33:46.884582 49958 process.cpp:2599] Cleaning up __waiter__(806)@172.31.14.224:50909
I0314 19:33:46.884650 49961 process.cpp:2494] Resuming help@172.31.14.224:50909 at 2016-03-14 19:33:46.884641024+00:00
I0314 19:33:46.884742 49933 resources.cpp:572] Parsing resources as JSON failed: cpus:1;mem:256;disk:1024
Trying semicolon-delimited string format instead
I0314 19:33:46.885025 49948 process.cpp:2494] Resuming scheduler-dd4dfebb-e14f-4a77-adef-b9fc081c293e@172.31.14.224:50909 at 2016-03-14 19:33:46.885017088+00:00
I0314 19:33:46.885066 49950 process.cpp:2494] Resuming __gc__@172.31.14.224:50909 at 2016-03-14 19:33:46.885057024+00:00
I0314 19:33:46.885084 49953 process.cpp:2494] Resuming __latch__(1956)@172.31.14.224:50909 at 2016-03-14 19:33:46.885074944+00:00
I0314 19:33:46.885087 49933 process.cpp:2484] Spawned process __latch__(1956)@172.31.14.224:50909
I0314 19:33:46.885188 49948 pid.cpp:93] Attempting to parse 'master@172.31.14.224:50909' into a PID
I0314 19:33:46.885216 49933 process.cpp:2484] Spawned process __waiter__(807)@172.31.14.224:50909
I0314 19:33:46.885238 49952 process.cpp:2494] Resuming __waiter__(807)@172.31.14.224:50909 at 2016-03-14 19:33:46.885227008+00:00
I0314 19:33:46.885277 49949 leveldb.cpp:341] Persisting action (16 bytes) to leveldb took 2.188949ms
I0314 19:33:46.885305 49949 replica.cpp:712] Persisted action at 4
I0314 19:33:46.885303 49955 process.cpp:2494] Resuming master@172.31.14.224:50909 at 2016-03-14 19:33:46.885291008+00:00
I0314 19:33:46.885390 49960 process.cpp:2494] Resuming (5486)@172.31.14.224:50909 at 2016-03-14 19:33:46.885379072+00:00
I0314 19:33:46.885510 49947 process.cpp:2494] Resuming log-write(395)@172.31.14.224:50909 at 2016-03-14 19:33:46.885501952+00:00
I0314 19:33:46.885627 49960 process.cpp:2599] Cleaning up (5486)@172.31.14.224:50909
I0314 19:33:46.885673 49961 process.cpp:2494] Resuming log-coordinator(79)@172.31.14.224:50909 at 2016-03-14 19:33:46.885662976+00:00
I0314 19:33:46.885710 49948 process.cpp:2494] Resuming help@172.31.14.224:50909 at 2016-03-14 19:33:46.885700096+00:00
I0314 19:33:46.885741 49947 process.cpp:2599] Cleaning up log-write(395)@172.31.14.224:50909
I0314 19:33:46.885797 49953 process.cpp:2494] Resuming __gc__@172.31.14.224:50909 at 2016-03-14 19:33:46.885789952+00:00
I0314 19:33:46.885880 49953 process.cpp:2494] Resuming help@172.31.14.224:50909 at 2016-03-14 19:33:46.885873920+00:00
I0314 19:33:46.885882 49948 process.cpp:2494] Resuming (5456)@172.31.14.224:50909 at 2016-03-14 19:33:46.885872128+00:00
I0314 19:33:46.885946 49955 master.cpp:3104] Processing ACCEPT call for offers: [ dbfcd71c-47c4-4b7a-bdff-6335751ecebe-O0 ] on slave dbfcd71c-47c4-4b7a-bdff-6335751ecebe-S0 at slave(79)@172.31.14.224:50909 (ip-172-31-14-224.us-west-1.compute.internal) for framework dbfcd71c-47c4-4b7a-bdff-6335751ecebe-0000 (default) at scheduler-dd4dfebb-e14f-4a77-adef-b9fc081c293e@172.31.14.224:50909
I0314 19:33:46.886006 49955 master.cpp:2776] Authorizing framework principal 'test-principal' to launch task 2d338dad-d913-48f1-8ad5-82fb66715b44 as user 'root'
I0314 19:33:46.886013 49953 process.cpp:2494] Resuming __gc__@172.31.14.224:50909 at 2016-03-14 19:33:46.886004992+00:00
I0314 19:33:46.886162 49953 process.cpp:2494] Resuming log-replica(79)@172.31.14.224:50909 at 2016-03-14 19:33:46.886155008+00:00
I0314 19:33:46.886183 49962 process.cpp:2494] Resuming authorizer(79)@172.31.14.224:50909 at 2016-03-14 19:33:46.886174976+00:00
I0314 19:33:46.886215 49960 process.cpp:2494] Resuming log-coordinator(79)@172.31.14.224:50909 at 2016-03-14 19:33:46.886205952+00:00
I0314 19:33:46.886234 49953 replica.cpp:691] Replica received learned notice for position 4 from @0.0.0.0:0
I0314 19:33:46.886410 49955 process.cpp:2484] Spawned process (5487)@172.31.14.224:50909
I0314 19:33:46.886430 49961 process.cpp:2494] Resuming __gc__@172.31.14.224:50909 at 2016-03-14 19:33:46.886418944+00:00
I0314 19:33:46.886440 49954 process.cpp:2494] Resuming (5487)@172.31.14.224:50909 at 2016-03-14 19:33:46.886430976+00:00
I0314 19:33:46.886560 49954 process.cpp:2599] Cleaning up (5487)@172.31.14.224:50909
I0314 19:33:46.886641 49948 process.cpp:2494] Resuming help@172.31.14.224:50909 at 2016-03-14 19:33:46.886631936+00:00
I0314 19:33:46.886665 49952 process.cpp:2494] Resuming __gc__@172.31.14.224:50909 at 2016-03-14 19:33:46.886657024+00:00
I0314 19:33:46.886904 49953 leveldb.cpp:341] Persisting action (18 bytes) to leveldb took 628586ns
I0314 19:33:46.886963 49953 leveldb.cpp:399] Deleting ~2 keys from leveldb took 30533ns
I0314 19:33:46.886992 49953 replica.cpp:712] Persisted action at 4
I0314 19:33:46.887014 49953 replica.cpp:697] Replica learned TRUNCATE action at position 4
I0314 19:33:46.887112 49962 process.cpp:2494] Resuming log-coordinator(79)@172.31.14.224:50909 at 2016-03-14 19:33:46.887105024+00:00
I0314 19:33:46.887292 49954 process.cpp:2494] Resuming (5457)@172.31.14.224:50909 at 2016-03-14 19:33:46.887283968+00:00
I0314 19:33:46.887295 49955 master.hpp:177] Adding task 2d338dad-d913-48f1-8ad5-82fb66715b44 with resources cpus(*):1; mem(*):256; disk(*):1024 on slave dbfcd71c-47c4-4b7a-bdff-6335751ecebe-S0 (ip-172-31-14-224.us-west-1.compute.internal)
I0314 19:33:46.887439 49955 master.cpp:3589] Launching task 2d338dad-d913-48f1-8ad5-82fb66715b44 of framework dbfcd71c-47c4-4b7a-bdff-6335751ecebe-0000 (default) at scheduler-dd4dfebb-e14f-4a77-adef-b9fc081c293e@172.31.14.224:50909 with resources cpus(*):1; mem(*):256; disk(*):1024 on slave dbfcd71c-47c4-4b7a-bdff-6335751ecebe-S0 at slave(79)@172.31.14.224:50909 (ip-172-31-14-224.us-west-1.compute.internal)
I0314 19:33:46.887616 49958 process.cpp:2494] Resuming slave(79)@172.31.14.224:50909 at 2016-03-14 19:33:46.887606016+00:00
I0314 19:33:46.887671 49961 process.cpp:2494] Resuming (5455)@172.31.14.224:50909 at 2016-03-14 19:33:46.887661056+00:00
I0314 19:33:46.887732 49958 pid.cpp:93] Attempting to parse 'scheduler-dd4dfebb-e14f-4a77-adef-b9fc081c293e@172.31.14.224:50909' into a PID
I0314 19:33:46.887786 49958 slave.cpp:1361] Got assigned task 2d338dad-d913-48f1-8ad5-82fb66715b44 for framework dbfcd71c-47c4-4b7a-bdff-6335751ecebe-0000
I0314 19:33:46.887909 49958 resources.cpp:572] Parsing resources as JSON failed: cpus:0.1;mem:32
Trying semicolon-delimited string format instead
I0314 19:33:46.887954 49961 hierarchical.cpp:890] Recovered cpus(*):1; mem(*):768; ports(*):[31000-32000] (total: cpus(*):2; mem(*):1024; disk(*):1024; ports(*):[31000-32000], allocated: cpus(*):1; mem(*):256; disk(*):1024) on slave dbfcd71c-47c4-4b7a-bdff-6335751ecebe-S0 from framework dbfcd71c-47c4-4b7a-bdff-6335751ecebe-0000
I0314 19:33:46.888010 49961 hierarchical.cpp:927] Framework dbfcd71c-47c4-4b7a-bdff-6335751ecebe-0000 filtered slave dbfcd71c-47c4-4b7a-bdff-6335751ecebe-S0 for 5secs
