[ RUN ] PersistentVolumeEndpointsTest.EndpointCreateThenOfferRemove
I0110 17:12:59.303460 13893 cluster.cpp:174] Creating default 'local' authorizer
I0110 17:12:59.304430 13912 master.cpp:416] Master ae22a9c8-0ef6-4f1e-b1eb-7b55f6e4508b (ip-172-16-10-92.ec2.internal) started on 172.16.10.92:42320
I0110 17:12:59.304451 13912 master.cpp:419] Flags at startup: --acls="" --agent_ping_timeout="15secs" --agent_reregister_timeout="10mins" --allocation_interval="1000secs" --allocator="hierarchical" --authenticate_agents="true" --authenticate_frameworks="true" --authenticate_http_frameworks="true" --authenticate_http_readonly="true" --authenticate_http_readwrite="true" --authentication_v0_timeout="15secs" --authenticators="crammd5" --authorizers="local" --credentials="/tmp/PfFTwT/credentials" --filter_gpu_resources="true" --framework_sorter="drf" --help="false" --hostname_lookup="true" --http_authenticators="basic" --http_framework_authenticators="basic" --initialize_driver_logging="true" --log_auto_initialize="true" --logbufsecs="0" --logging_level="INFO" --max_agent_ping_timeouts="5" --max_completed_frameworks="50" --max_completed_tasks_per_framework="1000" --max_operator_event_stream_subscribers="1000" --max_unreachable_tasks_per_framework="1000" --memory_profiling="false" --min_allocatable_resources="cpus:0.01|mem:32" --port="5050" --publish_per_framework_metrics="true" --quiet="false" --recovery_agent_removal_limit="100%" --registry="in_memory" --registry_fetch_timeout="1mins" --registry_gc_interval="15mins" --registry_max_agent_age="2weeks" --registry_max_agent_count="102400" --registry_store_timeout="100secs" --registry_strict="false" --require_agent_domain="false" --role_sorter="drf" --roles="role1" --root_submissions="true" --version="false" --webui_dir="/usr/local/share/mesos/webui" --work_dir="/tmp/PfFTwT/master" --zk_session_timeout="10secs"
I0110 17:12:59.304585 13912 master.cpp:468] Master only allowing authenticated frameworks to register
I0110 17:12:59.304595 13912 master.cpp:474] Master only allowing authenticated agents to register
I0110 17:12:59.304603 13912 master.cpp:480] Master only allowing authenticated HTTP frameworks to register
I0110 17:12:59.304615 13912 credentials.hpp:37] Loading credentials for authentication from '/tmp/PfFTwT/credentials'
I0110 17:12:59.304684 13912 master.cpp:524] Using default 'crammd5' authenticator
I0110 17:12:59.304744 13912 http.cpp:965] Creating default 'basic' HTTP authenticator for realm 'mesos-master-readonly'
I0110 17:12:59.304831 13912 http.cpp:965] Creating default 'basic' HTTP authenticator for realm 'mesos-master-readwrite'
I0110 17:12:59.304889 13912 http.cpp:965] Creating default 'basic' HTTP authenticator for realm 'mesos-master-scheduler'
I0110 17:12:59.304941 13912 master.cpp:605] Authorization enabled
W0110 17:12:59.304967 13912 master.cpp:668] The '--roles' flag is deprecated. This flag will be removed in the future. See the Mesos 0.27 upgrade notes for more information
I0110 17:12:59.305047 13919 hierarchical.cpp:176] Initialized hierarchical allocator process
I0110 17:12:59.305128 13918 whitelist_watcher.cpp:77] No whitelist given
I0110 17:12:59.305600 13914 master.cpp:2085] Elected as the leading master!
I0110 17:12:59.305622 13914 master.cpp:1640] Recovering from registrar
I0110 17:12:59.305698 13913 registrar.cpp:339] Recovering registrar
I0110 17:12:59.305853 13912 registrar.cpp:383] Successfully fetched the registry (0B) in 118016ns
I0110 17:12:59.305899 13912 registrar.cpp:487] Applied 1 operations in 8238ns; attempting to update the registry
I0110 17:12:59.306036 13912 registrar.cpp:544] Successfully updated the registry in 112128ns
I0110 17:12:59.306092 13912 registrar.cpp:416] Successfully recovered registrar
I0110 17:12:59.306217 13916 master.cpp:1754] Recovered 0 agents from the registry (172B); allowing 10mins for agents to reregister
I0110 17:12:59.306258 13919 hierarchical.cpp:216] Skipping recovery of hierarchical allocator: nothing to recover
W0110 17:12:59.307780 13893 process.cpp:2829] Attempted to spawn already running process files@172.16.10.92:42320
I0110 17:12:59.308149 13893 containerizer.cpp:305] Using isolation { environment_secret, posix/cpu, posix/mem, filesystem/posix, network/cni }
I0110 17:12:59.310348 13893 linux_launcher.cpp:144] Using /sys/fs/cgroup/freezer as the freezer hierarchy for the Linux launcher
I0110 17:12:59.310752 13893 provisioner.cpp:298] Using default backend 'overlay'
I0110 17:12:59.311290 13893 cluster.cpp:486] Creating default 'local' authorizer
I0110 17:12:59.311683 13919 slave.cpp:268] Mesos agent started on (427)@172.16.10.92:42320
I0110 17:12:59.311703 13919 slave.cpp:269] Flags at startup: --acls="" --allow_containerizer_ptrace="false" --appc_simple_discovery_uri_prefix="http://" --appc_store_dir="/tmp/PersistentVolumeEndpointsTest_EndpointCreateThenOfferRemove_ynTluD/store/appc" --authenticate_http_readonly="true" --authenticate_http_readwrite="false" --authenticatee="crammd5" --authentication_backoff_factor="1secs" --authentication_timeout_max="1mins" --authentication_timeout_min="5secs" --authorizer="local" --cgroups_cpu_enable_pids_and_tids_count="false" --cgroups_destroy_timeout="1mins" --cgroups_enable_cfs="false" --cgroups_hierarchy="/sys/fs/cgroup" --cgroups_limit_swap="false" --cgroups_root="mesos" --container_disk_watch_interval="15secs" --containerizers="mesos" --credential="/tmp/PersistentVolumeEndpointsTest_EndpointCreateThenOfferRemove_ynTluD/credential" --default_role="*" --disallow_sharing_agent_pid_namespace="false" --disk_watch_interval="1mins" --docker="docker" --docker_kill_orphans="true" --docker_registry="https://registry-1.docker.io" --docker_remove_delay="6hrs" --docker_socket="/var/run/docker.sock" --docker_stop_timeout="0ns" --docker_store_dir="/tmp/PersistentVolumeEndpointsTest_EndpointCreateThenOfferRemove_ynTluD/store/docker" --docker_volume_checkpoint_dir="/var/run/mesos/isolators/docker/volume" --enforce_container_disk_quota="false" --executor_registration_timeout="1mins" --executor_reregistration_timeout="2secs" --executor_shutdown_grace_period="5secs" --fetcher_cache_dir="/tmp/PersistentVolumeEndpointsTest_EndpointCreateThenOfferRemove_ynTluD/fetch" --fetcher_cache_size="2GB" --fetcher_stall_timeout="1mins" --frameworks_home="/tmp/PersistentVolumeEndpointsTest_EndpointCreateThenOfferRemove_ynTluD/frameworks" --gc_delay="1weeks" --gc_disk_headroom="0.1" --gc_non_executor_container_sandboxes="false" --help="false" --hostname_lookup="true" --http_command_executor="false" --http_credentials="/tmp/PersistentVolumeEndpointsTest_EndpointCreateThenOfferRemove_ynTluD/http_credentials" --http_heartbeat_interval="30secs" --initialize_driver_logging="true" --isolation="posix/cpu,posix/mem" --launcher="linux" --launcher_dir="/home/ubuntu/workspace/mesos/Mesos_CI-build/FLAG/Plain/label/mesos-ec2-ubuntu-16.04/mesos/build/src" --logbufsecs="0" --logging_level="INFO" --max_completed_executors_per_framework="150" --memory_profiling="false" --network_cni_metrics="true" --network_cni_root_dir_persist="false" --oversubscribed_resources_interval="15secs" --perf_duration="10secs" --perf_interval="1mins" --port="5051" --qos_correction_interval_min="0ns" --quiet="false" --reconfiguration_policy="equal" --recover="reconnect" --recovery_timeout="15mins" --registration_backoff_factor="10ms" --resources="disk(*):1024" --revocable_cpu_low_priority="true" --runtime_dir="/tmp/PersistentVolumeEndpointsTest_EndpointCreateThenOfferRemove_ynTluD" --sandbox_directory="/mnt/mesos/sandbox" --strict="true" --switch_user="true" --systemd_enable_support="true" --systemd_runtime_directory="/run/systemd/system" --version="false" --work_dir="/tmp/PersistentVolumeEndpointsTest_EndpointCreateThenOfferRemove_AdzCvL" --zk_session_timeout="10secs"
I0110 17:12:59.311885 13919 credentials.hpp:86] Loading credential for authentication from '/tmp/PersistentVolumeEndpointsTest_EndpointCreateThenOfferRemove_ynTluD/credential'
I0110 17:12:59.311926 13919 slave.cpp:301] Agent using credential for: test-principal
I0110 17:12:59.311941 13919 credentials.hpp:37] Loading credentials for authentication from '/tmp/PersistentVolumeEndpointsTest_EndpointCreateThenOfferRemove_ynTluD/http_credentials'
I0110 17:12:59.312007 13919 http.cpp:965] Creating default 'basic' HTTP authenticator for realm 'mesos-agent-readonly'
I0110 17:12:59.312136 13919 disk_profile_adaptor.cpp:80] Creating default disk profile adaptor module
I0110 17:12:59.312563 13919 slave.cpp:616] Agent resources: [{"name":"disk","scalar":{"value":1024.0},"type":"SCALAR"},{"name":"cpus","scalar":{"value":8.0},"type":"SCALAR"},{"name":"mem","scalar":{"value":14013.0},"type":"SCALAR"},{"name":"ports","ranges":{"range":[{"begin":31000,"end":32000}]},"type":"RANGES"}]
I0110 17:12:59.312618 13919 slave.cpp:624] Agent attributes: [ ]
I0110 17:12:59.312631 13919 slave.cpp:633] Agent hostname: ip-172-16-10-92.ec2.internal
I0110 17:12:59.312713 13913 status_update_manager_process.hpp:379] Pausing operation status update manager
I0110 17:12:59.312901 13912 task_status_update_manager.cpp:181] Pausing sending task status updates
I0110 17:12:59.312921 13917 state.cpp:66] Recovering state from '/tmp/PersistentVolumeEndpointsTest_EndpointCreateThenOfferRemove_AdzCvL/meta'
I0110 17:12:59.312965 13913 slave.cpp:7007] Finished recovering checkpointed state from '/tmp/PersistentVolumeEndpointsTest_EndpointCreateThenOfferRemove_AdzCvL/meta', beginning agent recovery
I0110 17:12:59.313026 13916 task_status_update_manager.cpp:207] Recovering task status update manager
I0110 17:12:59.313138 13912 containerizer.cpp:727] Recovering Mesos containers
I0110 17:12:59.313205 13912 linux_launcher.cpp:286] Recovering Linux launcher
I0110 17:12:59.313335 13912 containerizer.cpp:1053] Recovering isolators
I0110 17:12:59.313606 13913 containerizer.cpp:1092] Recovering provisioner
I0110 17:12:59.313724 13913 provisioner.cpp:494] Provisioner recovery complete
I0110 17:12:59.313973 13915 composing.cpp:339] Finished recovering all containerizers
I0110 17:12:59.314034 13912 slave.cpp:7236] Recovering executors
I0110 17:12:59.314071 13912 slave.cpp:7389] Finished recovery
I0110 17:12:59.314304 13914 slave.cpp:1268] New master detected at master@172.16.10.92:42320
I0110 17:12:59.314319 13916 task_status_update_manager.cpp:181] Pausing sending task status updates
I0110 17:12:59.314306 13918 status_update_manager_process.hpp:379] Pausing operation status update manager
I0110 17:12:59.314371 13914 slave.cpp:1333] Detecting new master
I0110 17:12:59.315553 13917 slave.cpp:1360] Authenticating with master master@172.16.10.92:42320
I0110 17:12:59.315582 13917 slave.cpp:1369] Using default CRAM-MD5 authenticatee
I0110 17:12:59.315654 13919 authenticatee.cpp:121] Creating new client SASL connection
I0110 17:12:59.315999 13919 master.cpp:9779] Authenticating slave(427)@172.16.10.92:42320
I0110 17:12:59.316053 13916 authenticator.cpp:414] Starting authentication session for crammd5-authenticatee(880)@172.16.10.92:42320
I0110 17:12:59.316126 13918 authenticator.cpp:98] Creating new server SASL connection
I0110 17:12:59.316473 13918 authenticatee.cpp:213] Received SASL authentication mechanisms: CRAM-MD5
I0110 17:12:59.316495 13918 authenticatee.cpp:239] Attempting to authenticate with mechanism 'CRAM-MD5'
I0110 17:12:59.316529 13918 authenticator.cpp:204] Received SASL authentication start
I0110 17:12:59.316555 13918 authenticator.cpp:326] Authentication requires more steps
I0110 17:12:59.316608 13918 authenticatee.cpp:259] Received SASL authentication step
I0110 17:12:59.316668 13918 authenticator.cpp:232] Received SASL authentication step
I0110 17:12:59.316684 13918 auxprop.cpp:109] Request to lookup properties for user: 'test-principal' realm: 'ip-172-16-10-92.ec2.internal' server FQDN: 'ip-172-16-10-92.ec2.internal' SASL_AUXPROP_VERIFY_AGAINST_HASH: false SASL_AUXPROP_OVERRIDE: false SASL_AUXPROP_AUTHZID: false 
I0110 17:12:59.316690 13918 auxprop.cpp:181] Looking up auxiliary property '*userPassword'
I0110 17:12:59.316699 13918 auxprop.cpp:181] Looking up auxiliary property '*cmusaslsecretCRAM-MD5'
I0110 17:12:59.316707 13918 auxprop.cpp:109] Request to lookup properties for user: 'test-principal' realm: 'ip-172-16-10-92.ec2.internal' server FQDN: 'ip-172-16-10-92.ec2.internal' SASL_AUXPROP_VERIFY_AGAINST_HASH: false SASL_AUXPROP_OVERRIDE: false SASL_AUXPROP_AUTHZID: true 
I0110 17:12:59.316714 13918 auxprop.cpp:131] Skipping auxiliary property '*userPassword' since SASL_AUXPROP_AUTHZID == true
I0110 17:12:59.316720 13918 auxprop.cpp:131] Skipping auxiliary property '*cmusaslsecretCRAM-MD5' since SASL_AUXPROP_AUTHZID == true
I0110 17:12:59.316740 13918 authenticator.cpp:318] Authentication success
I0110 17:12:59.316792 13913 authenticatee.cpp:299] Authentication success
I0110 17:12:59.316818 13919 master.cpp:9811] Successfully authenticated principal 'test-principal' at slave(427)@172.16.10.92:42320
I0110 17:12:59.316870 13916 authenticator.cpp:432] Authentication session cleanup for crammd5-authenticatee(880)@172.16.10.92:42320
I0110 17:12:59.317049 13915 slave.cpp:1460] Successfully authenticated with master master@172.16.10.92:42320
I0110 17:12:59.317137 13915 slave.cpp:1893] Will retry registration in 4.361204ms if necessary
I0110 17:12:59.317167 13914 master.cpp:6695] Received register agent message from slave(427)@172.16.10.92:42320 (ip-172-16-10-92.ec2.internal)
I0110 17:12:59.317235 13914 master.cpp:3958] Authorizing agent providing resources 'disk:1024; cpus:8; mem:14013; ports:[31000-32000]' with principal 'test-principal'
I0110 17:12:59.317373 13918 master.cpp:6762] Authorized registration of agent at slave(427)@172.16.10.92:42320 (ip-172-16-10-92.ec2.internal)
I0110 17:12:59.317409 13918 master.cpp:6877] Registering agent at slave(427)@172.16.10.92:42320 (ip-172-16-10-92.ec2.internal) with id ae22a9c8-0ef6-4f1e-b1eb-7b55f6e4508b-S0
I0110 17:12:59.317519 13918 registrar.cpp:487] Applied 1 operations in 30113ns; attempting to update the registry
I0110 17:12:59.317701 13916 registrar.cpp:544] Successfully updated the registry in 154112ns
I0110 17:12:59.317761 13912 master.cpp:6925] Admitted agent ae22a9c8-0ef6-4f1e-b1eb-7b55f6e4508b-S0 at slave(427)@172.16.10.92:42320 (ip-172-16-10-92.ec2.internal)
I0110 17:12:59.317893 13912 master.cpp:6970] Registered agent ae22a9c8-0ef6-4f1e-b1eb-7b55f6e4508b-S0 at slave(427)@172.16.10.92:42320 (ip-172-16-10-92.ec2.internal) with disk:1024; cpus:8; mem:14013; ports:[31000-32000]
I0110 17:12:59.317966 13914 hierarchical.cpp:604] Added agent ae22a9c8-0ef6-4f1e-b1eb-7b55f6e4508b-S0 (ip-172-16-10-92.ec2.internal) with disk:1024; cpus:8; mem:14013; ports:[31000-32000] (allocated: {})
I0110 17:12:59.317994 13919 slave.cpp:1493] Registered with master master@172.16.10.92:42320; given agent ID ae22a9c8-0ef6-4f1e-b1eb-7b55f6e4508b-S0
I0110 17:12:59.318058 13918 task_status_update_manager.cpp:188] Resuming sending task status updates
I0110 17:12:59.318100 13914 hierarchical.cpp:1567] Performed allocation for 1 agents in 15631ns
I0110 17:12:59.318140 13917 status_update_manager_process.hpp:385] Resuming operation status update manager
I0110 17:12:59.318176 13919 slave.cpp:1514] Checkpointing SlaveInfo to '/tmp/PersistentVolumeEndpointsTest_EndpointCreateThenOfferRemove_AdzCvL/meta/slaves/ae22a9c8-0ef6-4f1e-b1eb-7b55f6e4508b-S0/slave.info'
I0110 17:12:59.318497 13919 slave.cpp:1563] Forwarding agent update {"operations":{},"resource_version_uuid":{"value":"tcDDjn5hT+mvVAudPNlv+g=="},"slave_id":{"value":"ae22a9c8-0ef6-4f1e-b1eb-7b55f6e4508b-S0"},"update_oversubscribed_resources":false}
I0110 17:12:59.318639 13913 master.cpp:8029] Ignoring update on agent ae22a9c8-0ef6-4f1e-b1eb-7b55f6e4508b-S0 at slave(427)@172.16.10.92:42320 (ip-172-16-10-92.ec2.internal) as it reports no changes
I0110 17:12:59.318768 13916 process.cpp:3588] Handling HTTP event for process 'master' with path: '/master/reserve'
I0110 17:12:59.319090 13917 http.cpp:1105] HTTP POST for /master/reserve from 172.16.10.92:54608
I0110 17:12:59.319257 13917 master.cpp:3616] Authorizing principal 'test-principal' to reserve resources 'disk(reservations: [(DYNAMIC,role1,test-principal)]):512'
I0110 17:12:59.319600 13914 master.cpp:11491] Sending operation '' (uuid: 825f65eb-3ba1-4dfa-bdfa-8eb29194ace3) to agent ae22a9c8-0ef6-4f1e-b1eb-7b55f6e4508b-S0 at slave(427)@172.16.10.92:42320 (ip-172-16-10-92.ec2.internal)
I0110 17:12:59.320333 13919 process.cpp:3588] Handling HTTP event for process 'master' with path: '/master/create-volumes'
I0110 17:12:59.320580 13914 slave.cpp:4218] Updated checkpointed resources from {} to disk(reservations: [(DYNAMIC,role1,test-principal)]):512
I0110 17:12:59.320629 13914 slave.cpp:8090] Updating the state of operation with no ID (uuid: 825f65eb-3ba1-4dfa-bdfa-8eb29194ace3) for an operation API call (latest state: OPERATION_FINISHED, status update state: OPERATION_FINISHED)
I0110 17:12:59.320664 13916 http.cpp:1105] HTTP POST for /master/create-volumes from 172.16.10.92:54610
I0110 17:12:59.320679 13912 status_update_manager_process.hpp:152] Received operation status update OPERATION_FINISHED (Status UUID: 4f7930be-a440-4a6c-83c6-b3202952ef76) for operation UUID 825f65eb-3ba1-4dfa-bdfa-8eb29194ace3 on agent ae22a9c8-0ef6-4f1e-b1eb-7b55f6e4508b-S0
I0110 17:12:59.320709 13912 status_update_manager_process.hpp:414] Creating operation status update stream 825f65eb-3ba1-4dfa-bdfa-8eb29194ace3 checkpoint=true
I0110 17:12:59.320822 13912 status_update_manager_process.hpp:929] Checkpointing UPDATE for operation status update OPERATION_FINISHED (Status UUID: 4f7930be-a440-4a6c-83c6-b3202952ef76) for operation UUID 825f65eb-3ba1-4dfa-bdfa-8eb29194ace3 on agent ae22a9c8-0ef6-4f1e-b1eb-7b55f6e4508b-S0
I0110 17:12:59.320886 13916 master.cpp:3731] Authorizing principal 'test-principal' to create volumes '[{"disk":{"persistence":{"id":"id1","principal":"test-principal"},"volume":{"container_path":"volume_path","mode":"RW"}},"name":"disk","reservations":[{"principal":"test-principal","role":"role1","type":"DYNAMIC"}],"scalar":{"value":1.0},"type":"SCALAR"}]'
I0110 17:12:59.321269 13919 master.cpp:11491] Sending operation '' (uuid: 278fbfe1-f632-41a2-8140-2b9d046fa1b1) to agent ae22a9c8-0ef6-4f1e-b1eb-7b55f6e4508b-S0 at slave(427)@172.16.10.92:42320 (ip-172-16-10-92.ec2.internal)
W0110 17:12:59.321606 13893 process.cpp:2829] Attempted to spawn already running process version@172.16.10.92:42320
I0110 17:12:59.322281 13893 sched.cpp:232] Version: 1.8.0
I0110 17:12:59.322409 13914 sched.cpp:336] New master detected at master@172.16.10.92:42320
I0110 17:12:59.322443 13914 sched.cpp:401] Authenticating with master master@172.16.10.92:42320
I0110 17:12:59.322453 13914 sched.cpp:408] Using default CRAM-MD5 authenticatee
I0110 17:12:59.322484 13919 slave.cpp:4218] Updated checkpointed resources from disk(reservations: [(DYNAMIC,role1,test-principal)]):512 to disk(reservations: [(DYNAMIC,role1,test-principal)]):511; disk(reservations: [(DYNAMIC,role1,test-principal)])[id1:volume_path]:1
I0110 17:12:59.322535 13916 authenticatee.cpp:121] Creating new client SASL connection
I0110 17:12:59.322540 13919 slave.cpp:8090] Updating the state of operation with no ID (uuid: 278fbfe1-f632-41a2-8140-2b9d046fa1b1) for an operation API call (latest state: OPERATION_FINISHED, status update state: OPERATION_FINISHED)
I0110 17:12:59.322859 13916 master.cpp:9779] Authenticating scheduler-a1962bae-1adb-4180-b61e-b3a3b379f0a3@172.16.10.92:42320
I0110 17:12:59.322917 13917 authenticator.cpp:414] Starting authentication session for crammd5-authenticatee(881)@172.16.10.92:42320
I0110 17:12:59.322993 13914 authenticator.cpp:98] Creating new server SASL connection
I0110 17:12:59.323290 13914 authenticatee.cpp:213] Received SASL authentication mechanisms: CRAM-MD5
I0110 17:12:59.323316 13914 authenticatee.cpp:239] Attempting to authenticate with mechanism 'CRAM-MD5'
I0110 17:12:59.323371 13914 authenticator.cpp:204] Received SASL authentication start
I0110 17:12:59.323411 13914 authenticator.cpp:326] Authentication requires more steps
I0110 17:12:59.323467 13914 authenticatee.cpp:259] Received SASL authentication step
I0110 17:12:59.323523 13916 authenticator.cpp:232] Received SASL authentication step
I0110 17:12:59.323547 13916 auxprop.cpp:109] Request to lookup properties for user: 'test-principal' realm: 'ip-172-16-10-92.ec2.internal' server FQDN: 'ip-172-16-10-92.ec2.internal' SASL_AUXPROP_VERIFY_AGAINST_HASH: false SASL_AUXPROP_OVERRIDE: false SASL_AUXPROP_AUTHZID: false 
I0110 17:12:59.323562 13916 auxprop.cpp:181] Looking up auxiliary property '*userPassword'
I0110 17:12:59.323580 13916 auxprop.cpp:181] Looking up auxiliary property '*cmusaslsecretCRAM-MD5'
I0110 17:12:59.323597 13916 auxprop.cpp:109] Request to lookup properties for user: 'test-principal' realm: 'ip-172-16-10-92.ec2.internal' server FQDN: 'ip-172-16-10-92.ec2.internal' SASL_AUXPROP_VERIFY_AGAINST_HASH: false SASL_AUXPROP_OVERRIDE: false SASL_AUXPROP_AUTHZID: true 
I0110 17:12:59.323611 13916 auxprop.cpp:131] Skipping auxiliary property '*userPassword' since SASL_AUXPROP_AUTHZID == true
I0110 17:12:59.323622 13916 auxprop.cpp:131] Skipping auxiliary property '*cmusaslsecretCRAM-MD5' since SASL_AUXPROP_AUTHZID == true
I0110 17:12:59.323640 13916 authenticator.cpp:318] Authentication success
I0110 17:12:59.323709 13917 master.cpp:9811] Successfully authenticated principal 'test-principal' at scheduler-a1962bae-1adb-4180-b61e-b3a3b379f0a3@172.16.10.92:42320
I0110 17:12:59.323731 13914 authenticatee.cpp:299] Authentication success
I0110 17:12:59.323758 13916 authenticator.cpp:432] Authentication session cleanup for crammd5-authenticatee(881)@172.16.10.92:42320
I0110 17:12:59.323858 13913 sched.cpp:513] Successfully authenticated with master master@172.16.10.92:42320
I0110 17:12:59.323880 13913 sched.cpp:817] Sending SUBSCRIBE call to master@172.16.10.92:42320
I0110 17:12:59.323923 13913 sched.cpp:850] Will retry registration in 1.431265508secs if necessary
I0110 17:12:59.324045 13919 master.cpp:2861] Received SUBSCRIBE call for framework 'default' at scheduler-a1962bae-1adb-4180-b61e-b3a3b379f0a3@172.16.10.92:42320
I0110 17:12:59.324087 13919 master.cpp:2157] Authorizing framework principal 'test-principal' to receive offers for roles '{ role1 }'
I0110 17:12:59.324192 13913 master.cpp:2942] Subscribing framework default with checkpointing disabled and capabilities [ MULTI_ROLE, RESERVATION_REFINEMENT ]
I0110 17:12:59.324609 13913 master.cpp:10009] Adding framework ae22a9c8-0ef6-4f1e-b1eb-7b55f6e4508b-0000 (default) at scheduler-a1962bae-1adb-4180-b61e-b3a3b379f0a3@172.16.10.92:42320 with roles { } suppressed
I0110 17:12:59.324750 13916 sched.cpp:744] Framework registered with ae22a9c8-0ef6-4f1e-b1eb-7b55f6e4508b-0000
I0110 17:12:59.324800 13916 sched.cpp:758] Scheduler::registered took 20241ns
I0110 17:12:59.324818 13918 hierarchical.cpp:305] Added framework ae22a9c8-0ef6-4f1e-b1eb-7b55f6e4508b-0000
I0110 17:12:59.324986 13918 hierarchical.cpp:1567] Performed allocation for 1 agents in 110553ns
I0110 17:12:59.325088 13917 master.cpp:9594] Sending offers [ ae22a9c8-0ef6-4f1e-b1eb-7b55f6e4508b-O0 ] to framework ae22a9c8-0ef6-4f1e-b1eb-7b55f6e4508b-0000 (default) at scheduler-a1962bae-1adb-4180-b61e-b3a3b379f0a3@172.16.10.92:42320
I0110 17:12:59.325254 13913 sched.cpp:914] Scheduler::resourceOffers took 40786ns
I0110 17:12:59.325376 13912 status_update_manager_process.hpp:528] Forwarding operation status update OPERATION_FINISHED (Status UUID: 4f7930be-a440-4a6c-83c6-b3202952ef76) for operation UUID 825f65eb-3ba1-4dfa-bdfa-8eb29194ace3 on agent ae22a9c8-0ef6-4f1e-b1eb-7b55f6e4508b-S0
I0110 17:12:59.325464 13917 slave.cpp:5858] Forwarding status update of unknown operation with no ID (operation_uuid: 825f65eb-3ba1-4dfa-bdfa-8eb29194ace3) for an operator API call
I0110 17:12:59.325487 13912 status_update_manager_process.hpp:152] Received operation status update OPERATION_FINISHED (Status UUID: bdcec067-c5a5-4477-bc93-e9180a9cfd7e) for operation UUID 278fbfe1-f632-41a2-8140-2b9d046fa1b1 on agent ae22a9c8-0ef6-4f1e-b1eb-7b55f6e4508b-S0
I0110 17:12:59.325518 13912 status_update_manager_process.hpp:414] Creating operation status update stream 278fbfe1-f632-41a2-8140-2b9d046fa1b1 checkpoint=true
I0110 17:12:59.325583 13917 master.cpp:11237] Updating the state of operation '' (uuid: 825f65eb-3ba1-4dfa-bdfa-8eb29194ace3) for an operator API call (latest state: OPERATION_PENDING, status update state: OPERATION_FINISHED)
I0110 17:12:59.325623 13912 status_update_manager_process.hpp:929] Checkpointing UPDATE for operation status update OPERATION_FINISHED (Status UUID: bdcec067-c5a5-4477-bc93-e9180a9cfd7e) for operation UUID 278fbfe1-f632-41a2-8140-2b9d046fa1b1 on agent ae22a9c8-0ef6-4f1e-b1eb-7b55f6e4508b-S0
W0110 17:12:59.325707 13918 slave.cpp:4625] Dropping operation update acknowledgement with status_uuid 4f7930be-a440-4a6c-83c6-b3202952ef76 and operation_uuid 825f65eb-3ba1-4dfa-bdfa-8eb29194ace3 because the operation was not found
I0110 17:12:59.325850 13913 master.cpp:11600] Removing offer ae22a9c8-0ef6-4f1e-b1eb-7b55f6e4508b-O0
I0110 17:12:59.325945 13913 master.cpp:4479] Processing ACCEPT call for offers: [ ae22a9c8-0ef6-4f1e-b1eb-7b55f6e4508b-O0 ] on agent ae22a9c8-0ef6-4f1e-b1eb-7b55f6e4508b-S0 at slave(427)@172.16.10.92:42320 (ip-172-16-10-92.ec2.internal) for framework ae22a9c8-0ef6-4f1e-b1eb-7b55f6e4508b-0000 (default) at scheduler-a1962bae-1adb-4180-b61e-b3a3b379f0a3@172.16.10.92:42320
I0110 17:12:59.325999 13913 master.cpp:3773] Authorizing principal 'test-principal' to destroy volumes '[{"allocation_info":{"role":"role1"},"disk":{"persistence":{"id":"id1","principal":"test-principal"},"volume":{"container_path":"volume_path","mode":"RW"}},"name":"disk","reservations":[{"principal":"test-principal","role":"role1","type":"DYNAMIC"}],"scalar":{"value":1.0},"type":"SCALAR"}]'
I0110 17:12:59.326165 13913 master.cpp:6043] Processing REVIVE call for framework ae22a9c8-0ef6-4f1e-b1eb-7b55f6e4508b-0000 (default) at scheduler-a1962bae-1adb-4180-b61e-b3a3b379f0a3@172.16.10.92:42320
I0110 17:12:59.326231 13914 hierarchical.cpp:1388] Revived offers for roles { role1 } of framework ae22a9c8-0ef6-4f1e-b1eb-7b55f6e4508b-0000
I0110 17:12:59.326318 13914 hierarchical.cpp:1567] Performed allocation for 1 agents in 39458ns
I0110 17:12:59.326310 13913 master.cpp:5087] Applying DESTROY operation for volumes [{"allocation_info":{"role":"role1"},"disk":{"persistence":{"id":"id1","principal":"test-principal"},"volume":{"container_path":"volume_path","mode":"RW"}},"name":"disk","reservations":[{"principal":"test-principal","role":"role1","type":"DYNAMIC"}],"scalar":{"value":1.0},"type":"SCALAR"}] from framework ae22a9c8-0ef6-4f1e-b1eb-7b55f6e4508b-0000 (default) at scheduler-a1962bae-1adb-4180-b61e-b3a3b379f0a3@172.16.10.92:42320 to agent ae22a9c8-0ef6-4f1e-b1eb-7b55f6e4508b-S0 at slave(427)@172.16.10.92:42320 (ip-172-16-10-92.ec2.internal)
I0110 17:12:59.326472 13913 master.cpp:11491] Sending operation '' (uuid: 47f2636a-8506-4903-8a08-ff69578a6b8f) to agent ae22a9c8-0ef6-4f1e-b1eb-7b55f6e4508b-S0 at slave(427)@172.16.10.92:42320 (ip-172-16-10-92.ec2.internal)
I0110 17:12:59.326841 13913 hierarchical.cpp:970] Updated allocation of framework ae22a9c8-0ef6-4f1e-b1eb-7b55f6e4508b-0000 on agent ae22a9c8-0ef6-4f1e-b1eb-7b55f6e4508b-S0 from disk(allocated: role1):512; cpus(allocated: role1):8; mem(allocated: role1):14013; ports(allocated: role1):[31000-32000]; disk(allocated: role1)(reservations: [(DYNAMIC,role1,test-principal)]):511; disk(allocated: role1)(reservations: [(DYNAMIC,role1,test-principal)])[id1:volume_path]:1 to disk(allocated: role1):512; cpus(allocated: role1):8; mem(allocated: role1):14013; ports(allocated: role1):[31000-32000]; disk(allocated: role1)(reservations: [(DYNAMIC,role1,test-principal)]):512
I0110 17:12:59.326948 13913 hierarchical.cpp:1239] Recovered disk(allocated: role1):512; cpus(allocated: role1):8; mem(allocated: role1):14013; ports(allocated: role1):[31000-32000]; disk(allocated: role1)(reservations: [(DYNAMIC,role1,test-principal)]):512 (total: disk:512; cpus:8; mem:14013; ports:[31000-32000]; disk(reservations: [(DYNAMIC,role1,test-principal)]):512, allocated: {}) on agent ae22a9c8-0ef6-4f1e-b1eb-7b55f6e4508b-S0 from framework ae22a9c8-0ef6-4f1e-b1eb-7b55f6e4508b-0000
I0110 17:12:59.326980 13913 hierarchical.cpp:1285] Framework ae22a9c8-0ef6-4f1e-b1eb-7b55f6e4508b-0000 filtered agent ae22a9c8-0ef6-4f1e-b1eb-7b55f6e4508b-S0 for 5secs
I0110 17:12:59.327142 13916 slave.cpp:4302] Deleting persistent volume 'id1' at '/tmp/PersistentVolumeEndpointsTest_EndpointCreateThenOfferRemove_AdzCvL/volumes/roles/role1/id1'
I0110 17:12:59.327240 13916 slave.cpp:4218] Updated checkpointed resources from disk(reservations: [(DYNAMIC,role1,test-principal)]):511; disk(reservations: [(DYNAMIC,role1,test-principal)])[id1:volume_path]:1 to disk(reservations: [(DYNAMIC,role1,test-principal)]):512
I0110 17:12:59.327303 13916 slave.cpp:8090] Updating the state of operation with no ID (uuid: 47f2636a-8506-4903-8a08-ff69578a6b8f) for framework ae22a9c8-0ef6-4f1e-b1eb-7b55f6e4508b-0000 (latest state: OPERATION_FINISHED, status update state: OPERATION_FINISHED)
I0110 17:12:59.329543 13912 status_update_manager_process.hpp:528] Forwarding operation status update OPERATION_FINISHED (Status UUID: bdcec067-c5a5-4477-bc93-e9180a9cfd7e) for operation UUID 278fbfe1-f632-41a2-8140-2b9d046fa1b1 on agent ae22a9c8-0ef6-4f1e-b1eb-7b55f6e4508b-S0
I0110 17:12:59.329624 13919 slave.cpp:5858] Forwarding status update of unknown operation with no ID (operation_uuid: 278fbfe1-f632-41a2-8140-2b9d046fa1b1) for an operator API call
I0110 17:12:59.329641 13912 status_update_manager_process.hpp:152] Received operation status update OPERATION_FINISHED (Status UUID: 7cb16742-95c3-416d-a71a-8a40f3f90f2b) for operation UUID 47f2636a-8506-4903-8a08-ff69578a6b8f of framework 'ae22a9c8-0ef6-4f1e-b1eb-7b55f6e4508b-0000' on agent ae22a9c8-0ef6-4f1e-b1eb-7b55f6e4508b-S0
I0110 17:12:59.329674 13912 status_update_manager_process.hpp:414] Creating operation status update stream 47f2636a-8506-4903-8a08-ff69578a6b8f checkpoint=true
I0110 17:12:59.329694 13919 master.cpp:11237] Updating the state of operation '' (uuid: 278fbfe1-f632-41a2-8140-2b9d046fa1b1) for an operator API call (latest state: OPERATION_PENDING, status update state: OPERATION_FINISHED)
W0110 17:12:59.329764 13919 slave.cpp:4625] Dropping operation update acknowledgement with status_uuid bdcec067-c5a5-4477-bc93-e9180a9cfd7e and operation_uuid 278fbfe1-f632-41a2-8140-2b9d046fa1b1 because the operation was not found
I0110 17:12:59.329777 13912 status_update_manager_process.hpp:929] Checkpointing UPDATE for operation status update OPERATION_FINISHED (Status UUID: 7cb16742-95c3-416d-a71a-8a40f3f90f2b) for operation UUID 47f2636a-8506-4903-8a08-ff69578a6b8f of framework 'ae22a9c8-0ef6-4f1e-b1eb-7b55f6e4508b-0000' on agent ae22a9c8-0ef6-4f1e-b1eb-7b55f6e4508b-S0
I0110 17:12:59.334693 13912 status_update_manager_process.hpp:528] Forwarding operation status update OPERATION_FINISHED (Status UUID: 7cb16742-95c3-416d-a71a-8a40f3f90f2b) for operation UUID 47f2636a-8506-4903-8a08-ff69578a6b8f of framework 'ae22a9c8-0ef6-4f1e-b1eb-7b55f6e4508b-0000' on agent ae22a9c8-0ef6-4f1e-b1eb-7b55f6e4508b-S0
I0110 17:12:59.334766 13916 slave.cpp:5858] Forwarding status update of unknown operation with no ID (operation_uuid: 47f2636a-8506-4903-8a08-ff69578a6b8f) for framework ae22a9c8-0ef6-4f1e-b1eb-7b55f6e4508b-0000
I0110 17:12:59.334833 13916 master.cpp:11237] Updating the state of operation '' (uuid: 47f2636a-8506-4903-8a08-ff69578a6b8f) for framework ae22a9c8-0ef6-4f1e-b1eb-7b55f6e4508b-0000 (latest state: OPERATION_PENDING, status update state: OPERATION_FINISHED)
W0110 17:12:59.334923 13914 slave.cpp:4625] Dropping operation update acknowledgement with status_uuid 7cb16742-95c3-416d-a71a-8a40f3f90f2b and operation_uuid 47f2636a-8506-4903-8a08-ff69578a6b8f because the operation was not found
W0110 17:13:09.326414 13918 status_update_manager_process.hpp:561] Resending operation status update OPERATION_FINISHED (Status UUID: 4f7930be-a440-4a6c-83c6-b3202952ef76) for operation UUID 825f65eb-3ba1-4dfa-bdfa-8eb29194ace3 on agent ae22a9c8-0ef6-4f1e-b1eb-7b55f6e4508b-S0
I0110 17:13:09.326493 13918 status_update_manager_process.hpp:528] Forwarding operation status update OPERATION_FINISHED (Status UUID: 4f7930be-a440-4a6c-83c6-b3202952ef76) for operation UUID 825f65eb-3ba1-4dfa-bdfa-8eb29194ace3 on agent ae22a9c8-0ef6-4f1e-b1eb-7b55f6e4508b-S0
I0110 17:13:09.326570 13916 slave.cpp:5858] Forwarding status update of unknown operation with no ID (operation_uuid: 825f65eb-3ba1-4dfa-bdfa-8eb29194ace3) for an operator API call
E0110 17:13:09.326659 13916 master.cpp:8586] Failed to find the operation '' (uuid: 825f65eb-3ba1-4dfa-bdfa-8eb29194ace3) for an operator API call on agent ae22a9c8-0ef6-4f1e-b1eb-7b55f6e4508b-S0
W0110 17:13:09.330664 13919 status_update_manager_process.hpp:561] Resending operation status update OPERATION_FINISHED (Status UUID: bdcec067-c5a5-4477-bc93-e9180a9cfd7e) for operation UUID 278fbfe1-f632-41a2-8140-2b9d046fa1b1 on agent ae22a9c8-0ef6-4f1e-b1eb-7b55f6e4508b-S0
I0110 17:13:09.330706 13919 status_update_manager_process.hpp:528] Forwarding operation status update OPERATION_FINISHED (Status UUID: bdcec067-c5a5-4477-bc93-e9180a9cfd7e) for operation UUID 278fbfe1-f632-41a2-8140-2b9d046fa1b1 on agent ae22a9c8-0ef6-4f1e-b1eb-7b55f6e4508b-S0
I0110 17:13:09.330785 13919 slave.cpp:5858] Forwarding status update of unknown operation with no ID (operation_uuid: 278fbfe1-f632-41a2-8140-2b9d046fa1b1) for an operator API call
E0110 17:13:09.330888 13917 master.cpp:8586] Failed to find the operation '' (uuid: 278fbfe1-f632-41a2-8140-2b9d046fa1b1) for an operator API call on agent ae22a9c8-0ef6-4f1e-b1eb-7b55f6e4508b-S0
W0110 17:13:09.334813 13913 status_update_manager_process.hpp:561] Resending operation status update OPERATION_FINISHED (Status UUID: 7cb16742-95c3-416d-a71a-8a40f3f90f2b) for operation UUID 47f2636a-8506-4903-8a08-ff69578a6b8f of framework 'ae22a9c8-0ef6-4f1e-b1eb-7b55f6e4508b-0000' on agent ae22a9c8-0ef6-4f1e-b1eb-7b55f6e4508b-S0
I0110 17:13:09.334851 13913 status_update_manager_process.hpp:528] Forwarding operation status update OPERATION_FINISHED (Status UUID: 7cb16742-95c3-416d-a71a-8a40f3f90f2b) for operation UUID 47f2636a-8506-4903-8a08-ff69578a6b8f of framework 'ae22a9c8-0ef6-4f1e-b1eb-7b55f6e4508b-0000' on agent ae22a9c8-0ef6-4f1e-b1eb-7b55f6e4508b-S0
I0110 17:13:09.334918 13913 slave.cpp:5858] Forwarding status update of unknown operation with no ID (operation_uuid: 47f2636a-8506-4903-8a08-ff69578a6b8f) for framework ae22a9c8-0ef6-4f1e-b1eb-7b55f6e4508b-0000
E0110 17:13:09.334988 13913 master.cpp:8586] Failed to find the operation '' (uuid: 47f2636a-8506-4903-8a08-ff69578a6b8f) for framework ae22a9c8-0ef6-4f1e-b1eb-7b55f6e4508b-0000 on agent ae22a9c8-0ef6-4f1e-b1eb-7b55f6e4508b-S0
../../src/tests/persistent_volume_endpoints_tests.cpp:1745: Failure
Failed to wait 15secs for offers
I0110 17:13:14.326447 13912 master.cpp:1386] Framework ae22a9c8-0ef6-4f1e-b1eb-7b55f6e4508b-0000 (default) at scheduler-a1962bae-1adb-4180-b61e-b3a3b379f0a3@172.16.10.92:42320 disconnected
I0110 17:13:14.326498 13912 master.cpp:3237] Deactivating framework ae22a9c8-0ef6-4f1e-b1eb-7b55f6e4508b-0000 (default) at scheduler-a1962bae-1adb-4180-b61e-b3a3b379f0a3@172.16.10.92:42320
../../src/tests/persistent_volume_endpoints_tests.cpp:1739: Failure
Actual function call count doesn't match EXPECT_CALL(sched, resourceOffers(&driver, _))...
Expected: to be called once
Actual: never called - unsatisfied and active
I0110 17:13:14.326531 13912 master.cpp:3214] Disconnecting framework ae22a9c8-0ef6-4f1e-b1eb-7b55f6e4508b-0000 (default) at scheduler-a1962bae-1adb-4180-b61e-b3a3b379f0a3@172.16.10.92:42320
I0110 17:13:14.326555 13912 master.cpp:1401] Giving framework ae22a9c8-0ef6-4f1e-b1eb-7b55f6e4508b-0000 (default) at scheduler-a1962bae-1adb-4180-b61e-b3a3b379f0a3@172.16.10.92:42320 0ns to failover
I0110 17:13:14.326592 13917 hierarchical.cpp:419] Deactivated framework ae22a9c8-0ef6-4f1e-b1eb-7b55f6e4508b-0000
I0110 17:13:14.327801 13914 master.cpp:9386] Framework failover timeout, removing framework ae22a9c8-0ef6-4f1e-b1eb-7b55f6e4508b-0000 (default) at scheduler-a1962bae-1adb-4180-b61e-b3a3b379f0a3@172.16.10.92:42320
I0110 17:13:14.327831 13914 master.cpp:10326] Removing framework ae22a9c8-0ef6-4f1e-b1eb-7b55f6e4508b-0000 (default) at scheduler-a1962bae-1adb-4180-b61e-b3a3b379f0a3@172.16.10.92:42320
I0110 17:13:14.327924 13919 slave.cpp:3912] Asked to shut down framework ae22a9c8-0ef6-4f1e-b1eb-7b55f6e4508b-0000 by master@172.16.10.92:42320
I0110 17:13:14.327958 13919 slave.cpp:3927] Cannot shut down unknown framework ae22a9c8-0ef6-4f1e-b1eb-7b55f6e4508b-0000
I0110 17:13:14.328553 13893 slave.cpp:922] Agent terminating
I0110 17:13:14.328589 13914 hierarchical.cpp:358] Removed framework ae22a9c8-0ef6-4f1e-b1eb-7b55f6e4508b-0000
I0110 17:13:14.328873 13913 master.cpp:1271] Agent ae22a9c8-0ef6-4f1e-b1eb-7b55f6e4508b-S0 at slave(427)@172.16.10.92:42320 (ip-172-16-10-92.ec2.internal) disconnected
I0110 17:13:14.328903 13913 master.cpp:3274] Disconnecting agent ae22a9c8-0ef6-4f1e-b1eb-7b55f6e4508b-S0 at slave(427)@172.16.10.92:42320 (ip-172-16-10-92.ec2.internal)
I0110 17:13:14.329061 13913 master.cpp:3293] Deactivating agent ae22a9c8-0ef6-4f1e-b1eb-7b55f6e4508b-S0 at slave(427)@172.16.10.92:42320 (ip-172-16-10-92.ec2.internal)
I0110 17:13:14.329120 13918 hierarchical.cpp:802] Agent ae22a9c8-0ef6-4f1e-b1eb-7b55f6e4508b-S0 deactivated
I0110 17:13:14.332054 13893 master.cpp:1111] Master terminating
I0110 17:13:14.332238 13912 hierarchical.cpp:644] Removed agent ae22a9c8-0ef6-4f1e-b1eb-7b55f6e4508b-S0
[ FAILED ] PersistentVolumeEndpointsTest.EndpointCreateThenOfferRemove (15031 ms){code}
commit b53139b789b67302d8efca0bde214f9e7b22dfa4 (upstream/master, origin/master, origin/HEAD, master)

