I0128 12:20:27.447773 297226240 slave.cpp:863] Using default CRAM-MD5 authenticatee
I0128 12:20:27.448114 297762816 authenticatee.cpp:121] Creating new client SASL connection
I0128 12:20:27.448084 297226240 slave.cpp:831] Detecting new master
I0128 12:20:27.448473 297226240 slave.cpp:4681] Received oversubscribable resources  from the resource estimator
I0128 12:20:27.448545 300982272 master.cpp:5521] Authenticating slave(870)@192.168.178.24:51278
I0128 12:20:27.449328 297762816 authenticator.cpp:413] Starting authentication session for crammd5_authenticatee(1737)@192.168.178.24:51278
I0128 12:20:27.449581 298299392 authenticator.cpp:98] Creating new server SASL connection
I0128 12:20:27.449713 300982272 authenticatee.cpp:212] Received SASL authentication mechanisms: CRAM-MD5
I0128 12:20:27.449743 300982272 authenticatee.cpp:238] Attempting to authenticate with mechanism 'CRAM-MD5'
I0128 12:20:27.449923 297762816 authenticator.cpp:203] Received SASL authentication start
I0128 12:20:27.449990 297762816 authenticator.cpp:325] Authentication requires more steps
I0128 12:20:27.450142 300445696 authenticatee.cpp:258] Received SASL authentication step
I0128 12:20:27.450389 300982272 authenticator.cpp:231] Received SASL authentication step
I0128 12:20:27.450413 300982272 auxprop.cpp:107] Request to lookup properties for user: 'test-principal' realm: 'alexr.fritz.box' server FQDN: 'alexr.fritz.box' SASL_AUXPROP_VERIFY_AGAINST_HASH: false SASL_AUXPROP_OVERRIDE: false SASL_AUXPROP_AUTHZID: false 
I0128 12:20:27.450489 300982272 auxprop.cpp:179] Looking up auxiliary property '*userPassword'
I0128 12:20:27.450513 300982272 auxprop.cpp:179] Looking up auxiliary property '*cmusaslsecretCRAM-MD5'
I0128 12:20:27.450531 300982272 auxprop.cpp:107] Request to lookup properties for user: 'test-principal' realm: 'alexr.fritz.box' server FQDN: 'alexr.fritz.box' SASL_AUXPROP_VERIFY_AGAINST_HASH: false SASL_AUXPROP_OVERRIDE: false SASL_AUXPROP_AUTHZID: true 
I0128 12:20:27.450558 300982272 auxprop.cpp:129] Skipping auxiliary property '*userPassword' since SASL_AUXPROP_AUTHZID == true
I0128 12:20:27.451807 300982272 auxprop.cpp:129] Skipping auxiliary property '*cmusaslsecretCRAM-MD5' since SASL_AUXPROP_AUTHZID == true
I0128 12:20:27.451854 300982272 authenticator.cpp:317] Authentication success
I0128 12:20:27.451932 298299392 authenticatee.cpp:298] Authentication success
I0128 12:20:27.452075 298835968 master.cpp:5551] Successfully authenticated principal 'test-principal' at slave(870)@192.168.178.24:51278
I0128 12:20:27.452178 297762816 authenticator.cpp:431] Authentication session cleanup for crammd5_authenticatee(1737)@192.168.178.24:51278
I0128 12:20:27.452294 298299392 slave.cpp:926] Successfully authenticated with master master@192.168.178.24:51278
I0128 12:20:27.452376 298299392 slave.cpp:1320] Will retry registration in 15.028781ms if necessary
I0128 12:20:27.452481 297226240 master.cpp:4235] Registering slave at slave(870)@192.168.178.24:51278 (alexr.fritz.box) with id bd6f3479-18eb-478d-8a08-a41364ecbd05-S2
I0128 12:20:27.452783 298299392 registrar.cpp:439] Applied 1 operations in 86us; attempting to update the 'registry'
I0128 12:20:27.455883 298299392 log.cpp:683] Attempting to append 696 bytes to the log
I0128 12:20:27.455989 299909120 coordinator.cpp:348] Coordinator attempting to write APPEND action at position 7
I0128 12:20:27.456845 300445696 replica.cpp:537] Replica received write request for position 7 from (18262)@192.168.178.24:51278
I0128 12:20:27.457120 300445696 leveldb.cpp:341] Persisting action (715 bytes) to leveldb took 276us
I0128 12:20:27.457268 300445696 replica.cpp:712] Persisted action at 7
I0128 12:20:27.459020 298835968 replica.cpp:691] Replica received learned notice for position 7 from @0.0.0.0:0
I0128 12:20:27.459255 298835968 leveldb.cpp:341] Persisting action (717 bytes) to leveldb took 210us
I0128 12:20:27.459290 298835968 replica.cpp:712] Persisted action at 7
I0128 12:20:27.459307 298835968 replica.cpp:697] Replica learned APPEND action at position 7
I0128 12:20:27.467411 299372544 registrar.cpp:484] Successfully updated the 'registry' in 12.083968ms
I0128 12:20:27.467475 300982272 log.cpp:702] Attempting to truncate the log to 7
I0128 12:20:27.467695 297226240 coordinator.cpp:348] Coordinator attempting to write TRUNCATE action at position 8
I0128 12:20:27.467697 300982272 slave.cpp:1320] Will retry registration in 16.052253ms if necessary
I0128 12:20:27.468121 297762816 slave.cpp:3435] Received ping from slave-observer(870)@192.168.178.24:51278
I0128 12:20:27.468437 299909120 master.cpp:4303] Registered slave bd6f3479-18eb-478d-8a08-a41364ecbd05-S2 at slave(870)@192.168.178.24:51278 (alexr.fritz.box) with cpus(*):2; mem(*):1024; disk(*):1024; ports(*):[31000-32000]
I0128 12:20:27.468613 297226240 replica.cpp:537] Replica received write request for position 8 from (18263)@192.168.178.24:51278
I0128 12:20:27.468813 298299392 hierarchical.cpp:473] Added slave bd6f3479-18eb-478d-8a08-a41364ecbd05-S2 (alexr.fritz.box) with cpus(*):2; mem(*):1024; disk(*):1024; ports(*):[31000-32000] (allocated: )
I0128 12:20:27.469081 297226240 leveldb.cpp:341] Persisting action (16 bytes) to leveldb took 230us
I0128 12:20:27.469113 297226240 replica.cpp:712] Persisted action at 8
I0128 12:20:27.469173 299909120 master.cpp:4205] Slave bd6f3479-18eb-478d-8a08-a41364ecbd05-S2 at slave(870)@192.168.178.24:51278 (alexr.fritz.box) already registered, resending acknowledgement
I0128 12:20:27.469702 298299392 hierarchical.cpp:1403] No resources available to allocate!
I0128 12:20:27.470820 298299392 hierarchical.cpp:1116] Performed allocation for slave bd6f3479-18eb-478d-8a08-a41364ecbd05-S2 in 1920us
I0128 12:20:27.471000 299372544 slave.cpp:970] Registered with master master@192.168.178.24:51278; given slave ID bd6f3479-18eb-478d-8a08-a41364ecbd05-S2
I0128 12:20:27.471022 299372544 fetcher.cpp:81] Clearing fetcher cache
I0128 12:20:27.471740 299372544 slave.cpp:993] Checkpointing SlaveInfo to '/tmp/MasterQuotaTest_AvailableResourcesAfterRescinding_iHhziB/meta/slaves/bd6f3479-18eb-478d-8a08-a41364ecbd05-S2/slave.info'
I0128 12:20:27.471943 297762816 status_update_manager.cpp:181] Resuming sending status updates
I0128 12:20:27.472684 298835968 replica.cpp:691] Replica received learned notice for position 8 from @0.0.0.0:0
I0128 12:20:27.472903 298835968 leveldb.cpp:341] Persisting action (18 bytes) to leveldb took 201us
I0128 12:20:27.472951 298835968 leveldb.cpp:399] Deleting ~2 keys from leveldb took 27us
I0128 12:20:27.472970 298835968 replica.cpp:712] Persisted action at 8
I0128 12:20:27.473085 299372544 slave.cpp:1029] Forwarding total oversubscribed resources 
I0128 12:20:27.473274 298835968 replica.cpp:697] Replica learned TRUNCATE action at position 8
W0128 12:20:27.473520 299372544 slave.cpp:1015] Already registered with master master@192.168.178.24:51278
I0128 12:20:27.473541 299372544 slave.cpp:1029] Forwarding total oversubscribed resources 
I0128 12:20:27.473604 297226240 master.cpp:4644] Received update of slave bd6f3479-18eb-478d-8a08-a41364ecbd05-S2 at slave(870)@192.168.178.24:51278 (alexr.fritz.box) with total oversubscribed resources 
I0128 12:20:27.473798 297226240 master.cpp:4644] Received update of slave bd6f3479-18eb-478d-8a08-a41364ecbd05-S2 at slave(870)@192.168.178.24:51278 (alexr.fritz.box) with total oversubscribed resources 
I0128 12:20:27.473970 300982272 hierarchical.cpp:531] Slave bd6f3479-18eb-478d-8a08-a41364ecbd05-S2 (alexr.fritz.box) updated with oversubscribed resources  (total: cpus(*):2; mem(*):1024; disk(*):1024; ports(*):[31000-32000], allocated: )
I0128 12:20:27.474051 300982272 hierarchical.cpp:1403] No resources available to allocate!
I0128 12:20:27.474071 300982272 hierarchical.cpp:1116] Performed allocation for slave bd6f3479-18eb-478d-8a08-a41364ecbd05-S2 in 74us
I0128 12:20:27.474261 300982272 hierarchical.cpp:531] Slave bd6f3479-18eb-478d-8a08-a41364ecbd05-S2 (alexr.fritz.box) updated with oversubscribed resources  (total: cpus(*):2; mem(*):1024; disk(*):1024; ports(*):[31000-32000], allocated: )
I0128 12:20:27.474347 300982272 hierarchical.cpp:1403] No resources available to allocate!
I0128 12:20:27.474370 300982272 hierarchical.cpp:1116] Performed allocation for slave bd6f3479-18eb-478d-8a08-a41364ecbd05-S2 in 69us
I0128 12:20:27.476686 2080858880 sched.cpp:222] Version: 0.28.0
I0128 12:20:27.477182 299372544 sched.cpp:326] New master detected at master@192.168.178.24:51278
I0128 12:20:27.477264 299372544 sched.cpp:382] Authenticating with master master@192.168.178.24:51278
I0128 12:20:27.477284 299372544 sched.cpp:389] Using default CRAM-MD5 authenticatee
I0128 12:20:27.477462 298835968 authenticatee.cpp:121] Creating new client SASL connection
I0128 12:20:27.477645 298299392 master.cpp:5521] Authenticating scheduler-5f6db5d6-b088-4d13-a14c-94734bb39bf7@192.168.178.24:51278
I0128 12:20:27.477763 299909120 authenticator.cpp:413] Starting authentication session for crammd5_authenticatee(1738)@192.168.178.24:51278
I0128 12:20:27.477926 298299392 authenticator.cpp:98] Creating new server SASL connection
I0128 12:20:27.478040 300982272 authenticatee.cpp:212] Received SASL authentication mechanisms: CRAM-MD5
I0128 12:20:27.478076 300982272 authenticatee.cpp:238] Attempting to authenticate with mechanism 'CRAM-MD5'
I0128 12:20:27.478152 298299392 authenticator.cpp:203] Received SASL authentication start
I0128 12:20:27.478196 298299392 authenticator.cpp:325] Authentication requires more steps
I0128 12:20:27.478247 298299392 authenticatee.cpp:258] Received SASL authentication step
I0128 12:20:27.478337 299909120 authenticator.cpp:231] Received SASL authentication step
I0128 12:20:27.478356 299909120 auxprop.cpp:107] Request to lookup properties for user: 'test-principal' realm: 'alexr.fritz.box' server FQDN: 'alexr.fritz.box' SASL_AUXPROP_VERIFY_AGAINST_HASH: false SASL_AUXPROP_OVERRIDE: false SASL_AUXPROP_AUTHZID: false 
I0128 12:20:27.478369 299909120 auxprop.cpp:179] Looking up auxiliary property '*userPassword'
I0128 12:20:27.478392 299909120 auxprop.cpp:179] Looking up auxiliary property '*cmusaslsecretCRAM-MD5'
I0128 12:20:27.478462 299909120 auxprop.cpp:107] Request to lookup properties for user: 'test-principal' realm: 'alexr.fritz.box' server FQDN: 'alexr.fritz.box' SASL_AUXPROP_VERIFY_AGAINST_HASH: false SASL_AUXPROP_OVERRIDE: false SASL_AUXPROP_AUTHZID: true 
I0128 12:20:27.478478 299909120 auxprop.cpp:129] Skipping auxiliary property '*userPassword' since SASL_AUXPROP_AUTHZID == true
I0128 12:20:27.478487 299909120 auxprop.cpp:129] Skipping auxiliary property '*cmusaslsecretCRAM-MD5' since SASL_AUXPROP_AUTHZID == true
I0128 12:20:27.478502 299909120 authenticator.cpp:317] Authentication success
I0128 12:20:27.478562 300982272 authenticatee.cpp:298] Authentication success
I0128 12:20:27.478618 297226240 master.cpp:5551] Successfully authenticated principal 'test-principal' at scheduler-5f6db5d6-b088-4d13-a14c-94734bb39bf7@192.168.178.24:51278
I0128 12:20:27.478713 298835968 authenticator.cpp:431] Authentication session cleanup for crammd5_authenticatee(1738)@192.168.178.24:51278
I0128 12:20:27.478826 297762816 sched.cpp:471] Successfully authenticated with master master@192.168.178.24:51278
I0128 12:20:27.478871 297762816 sched.cpp:780] Sending SUBSCRIBE call to master@192.168.178.24:51278
I0128 12:20:27.478971 297762816 sched.cpp:813] Will retry registration in 250.550205ms if necessary
I0128 12:20:27.479032 298835968 master.cpp:2278] Received SUBSCRIBE call for framework 'framework(18264)' at scheduler-5f6db5d6-b088-4d13-a14c-94734bb39bf7@192.168.178.24:51278
W0128 12:20:27.479054 298835968 master.cpp:2285] Framework at scheduler-5f6db5d6-b088-4d13-a14c-94734bb39bf7@192.168.178.24:51278 (authenticated as 'test-principal') does not set 'principal' in FrameworkInfo
I0128 12:20:27.479069 298835968 master.cpp:1749] Authorizing framework principal '' to receive offers for role 'role1'
I0128 12:20:27.479228 298835968 master.cpp:2349] Subscribing framework framework(18264) with checkpointing disabled and capabilities [  ]
I0128 12:20:27.479449 300445696 hierarchical.cpp:265] Added framework framework(18264)
I0128 12:20:27.479570 298299392 sched.cpp:707] Framework registered with framework(18264)
I0128 12:20:27.479625 298299392 sched.cpp:721] Scheduler::registered took 45us
W0128 12:20:27.479655 297226240 slave.cpp:2236] Ignoring updating pid for framework framework(18264) because it does not exist
W0128 12:20:27.479701 297762816 slave.cpp:2236] Ignoring updating pid for framework framework(18264) because it does not exist
W0128 12:20:27.479756 297226240 slave.cpp:2236] Ignoring updating pid for framework framework(18264) because it does not exist
I0128 12:20:27.480363 300445696 hierarchical.cpp:1498] No inverse offers to send out!
I0128 12:20:27.480406 300445696 hierarchical.cpp:1096] Performed allocation for 3 slaves in 948us
I0128 12:20:27.480887 300982272 master.cpp:5350] Sending 3 offers to framework framework(18264) (framework(18264)) at scheduler-5f6db5d6-b088-4d13-a14c-94734bb39bf7@192.168.178.24:51278
I0128 12:20:27.481411 299909120 sched.cpp:877] Scheduler::resourceOffers took 180us
I0128 12:20:27.485344 300445696 hierarchical.cpp:1403] No resources available to allocate!
I0128 12:20:27.485376 300445696 hierarchical.cpp:1498] No inverse offers to send out!
I0128 12:20:27.485397 300445696 hierarchical.cpp:1096] Performed allocation for 3 slaves in 135us
I0128 12:20:27.486169 2080858880 sched.cpp:222] Version: 0.28.0
I0128 12:20:27.486497 300445696 sched.cpp:326] New master detected at master@192.168.178.24:51278
I0128 12:20:27.486548 300445696 sched.cpp:382] Authenticating with master master@192.168.178.24:51278
I0128 12:20:27.486562 300445696 sched.cpp:389] Using default CRAM-MD5 authenticatee
I0128 12:20:27.486661 299909120 authenticatee.cpp:121] Creating new client SASL connection
I0128 12:20:27.486810 297226240 master.cpp:5521] Authenticating scheduler-ee0b23b6-ac62-4d64-86ce-daf6a4e30f92@192.168.178.24:51278
I0128 12:20:27.486898 300982272 authenticator.cpp:413] Starting authentication session for crammd5_authenticatee(1739)@192.168.178.24:51278
I0128 12:20:27.487023 299909120 authenticator.cpp:98] Creating new server SASL connection
I0128 12:20:27.487139 297762816 authenticatee.cpp:212] Received SASL authentication mechanisms: CRAM-MD5
I0128 12:20:27.487190 297762816 authenticatee.cpp:238] Attempting to authenticate with mechanism 'CRAM-MD5'
I0128 12:20:27.487296 300445696 authenticator.cpp:203] Received SASL authentication start
I0128 12:20:27.487432 300445696 authenticator.cpp:325] Authentication requires more steps
I0128 12:20:27.487490 300982272 authenticatee.cpp:258] Received SASL authentication step
I0128 12:20:27.488359 299909120 authenticator.cpp:231] Received SASL authentication step
I0128 12:20:27.488391 299909120 auxprop.cpp:107] Request to lookup properties for user: 'test-principal' realm: 'alexr.fritz.box' server FQDN: 'alexr.fritz.box' SASL_AUXPROP_VERIFY_AGAINST_HASH: false SASL_AUXPROP_OVERRIDE: false SASL_AUXPROP_AUTHZID: false 
I0128 12:20:27.488405 299909120 auxprop.cpp:179] Looking up auxiliary property '*userPassword'
I0128 12:20:27.488428 299909120 auxprop.cpp:179] Looking up auxiliary property '*cmusaslsecretCRAM-MD5'
I0128 12:20:27.488445 299909120 auxprop.cpp:107] Request to lookup properties for user: 'test-principal' realm: 'alexr.fritz.box' server FQDN: 'alexr.fritz.box' SASL_AUXPROP_VERIFY_AGAINST_HASH: false SASL_AUXPROP_OVERRIDE: false SASL_AUXPROP_AUTHZID: true 
I0128 12:20:27.488471 299909120 auxprop.cpp:129] Skipping auxiliary property '*userPassword' since SASL_AUXPROP_AUTHZID == true
I0128 12:20:27.488481 299909120 auxprop.cpp:129] Skipping auxiliary property '*cmusaslsecretCRAM-MD5' since SASL_AUXPROP_AUTHZID == true
I0128 12:20:27.488507 2080858880 sched.cpp:222] Version: 0.28.0
I0128 12:20:27.488694 299909120 authenticator.cpp:317] Authentication success
I0128 12:20:27.488770 300445696 authenticatee.cpp:298] Authentication success
I0128 12:20:27.488823 298299392 master.cpp:5551] Successfully authenticated principal 'test-principal' at scheduler-ee0b23b6-ac62-4d64-86ce-daf6a4e30f92@192.168.178.24:51278
I0128 12:20:27.488911 298835968 authenticator.cpp:431] Authentication session cleanup for crammd5_authenticatee(1739)@192.168.178.24:51278
I0128 12:20:27.489013 298299392 sched.cpp:326] New master detected at master@192.168.178.24:51278
I0128 12:20:27.489037 297762816 sched.cpp:471] Successfully authenticated with master master@192.168.178.24:51278
I0128 12:20:27.489061 297762816 sched.cpp:780] Sending SUBSCRIBE call to master@192.168.178.24:51278
I0128 12:20:27.489102 298299392 sched.cpp:382] Authenticating with master master@192.168.178.24:51278
I0128 12:20:27.489122 298299392 sched.cpp:389] Using default CRAM-MD5 authenticatee
I0128 12:20:27.489151 297762816 sched.cpp:813] Will retry registration in 955.991763ms if necessary
I0128 12:20:27.489215 299909120 master.cpp:2278] Received SUBSCRIBE call for framework 'framework(18265)' at scheduler-ee0b23b6-ac62-4d64-86ce-daf6a4e30f92@192.168.178.24:51278
W0128 12:20:27.489248 299909120 master.cpp:2285] Framework at scheduler-ee0b23b6-ac62-4d64-86ce-daf6a4e30f92@192.168.178.24:51278 (authenticated as 'test-principal') does not set 'principal' in FrameworkInfo
I0128 12:20:27.489266 299909120 master.cpp:1749] Authorizing framework principal '' to receive offers for role 'role2'
I0128 12:20:27.489315 297762816 authenticatee.cpp:121] Creating new client SASL connection
I0128 12:20:27.489439 299909120 master.cpp:5521] Authenticating scheduler-a5c3a776-b3e5-42dc-a9fa-63686dca3249@192.168.178.24:51278
I0128 12:20:27.489513 299372544 authenticator.cpp:413] Starting authentication session for crammd5_authenticatee(1740)@192.168.178.24:51278
I0128 12:20:27.489545 299909120 master.cpp:2349] Subscribing framework framework(18265) with checkpointing disabled and capabilities [  ]
I0128 12:20:27.489681 298835968 authenticator.cpp:98] Creating new server SASL connection
I0128 12:20:27.489807 298299392 authenticatee.cpp:212] Received SASL authentication mechanisms: CRAM-MD5
I0128 12:20:27.489835 298299392 authenticatee.cpp:238] Attempting to authenticate with mechanism 'CRAM-MD5'
I0128 12:20:27.489869 299372544 hierarchical.cpp:265] Added framework framework(18265)
I0128 12:20:27.489958 298299392 authenticator.cpp:203] Received SASL authentication start
I0128 12:20:27.489969 297762816 sched.cpp:707] Framework registered with framework(18265)
I0128 12:20:27.489982 299372544 hierarchical.cpp:1403] No resources available to allocate!
I0128 12:20:27.490000 298299392 authenticator.cpp:325] Authentication requires more steps
I0128 12:20:27.490015 299372544 hierarchical.cpp:1498] No inverse offers to send out!
I0128 12:20:27.490034 299372544 hierarchical.cpp:1096] Performed allocation for 3 slaves in 151us
I0128 12:20:27.490067 297762816 sched.cpp:721] Scheduler::registered took 92us
W0128 12:20:27.490088 300445696 slave.cpp:2236] Ignoring updating pid for framework framework(18265) because it does not exist
I0128 12:20:27.490102 297226240 authenticatee.cpp:258] Received SASL authentication step
W0128 12:20:27.490145 298299392 slave.cpp:2236] Ignoring updating pid for framework framework(18265) because it does not exist
I0128 12:20:27.490262 300445696 authenticator.cpp:231] Received SASL authentication step
W0128 12:20:27.490279 298299392 slave.cpp:2236] Ignoring updating pid for framework framework(18265) because it does not exist
I0128 12:20:27.490291 300445696 auxprop.cpp:107] Request to lookup properties for user: 'test-principal' realm: 'alexr.fritz.box' server FQDN: 'alexr.fritz.box' SASL_AUXPROP_VERIFY_AGAINST_HASH: false SASL_AUXPROP_OVERRIDE: false SASL_AUXPROP_AUTHZID: false 
I0128 12:20:27.490304 300445696 auxprop.cpp:179] Looking up auxiliary property '*userPassword'
I0128 12:20:27.490324 300445696 auxprop.cpp:179] Looking up auxiliary property '*cmusaslsecretCRAM-MD5'
I0128 12:20:27.490341 300445696 auxprop.cpp:107] Request to lookup properties for user: 'test-principal' realm: 'alexr.fritz.box' server FQDN: 'alexr.fritz.box' SASL_AUXPROP_VERIFY_AGAINST_HASH: false SASL_AUXPROP_OVERRIDE: false SASL_AUXPROP_AUTHZID: true 
I0128 12:20:27.490352 300445696 auxprop.cpp:129] Skipping auxiliary property '*userPassword' since SASL_AUXPROP_AUTHZID == true
I0128 12:20:27.490362 300445696 auxprop.cpp:129] Skipping auxiliary property '*cmusaslsecretCRAM-MD5' since SASL_AUXPROP_AUTHZID == true
I0128 12:20:27.490375 300445696 authenticator.cpp:317] Authentication success
I0128 12:20:27.490464 299372544 authenticatee.cpp:298] Authentication success
I0128 12:20:27.490517 297226240 master.cpp:5551] Successfully authenticated principal 'test-principal' at scheduler-a5c3a776-b3e5-42dc-a9fa-63686dca3249@192.168.178.24:51278
I0128 12:20:27.490598 299909120 authenticator.cpp:431] Authentication session cleanup for crammd5_authenticatee(1740)@192.168.178.24:51278
I0128 12:20:27.490722 298299392 sched.cpp:471] Successfully authenticated with master master@192.168.178.24:51278
I0128 12:20:27.490741 298299392 sched.cpp:780] Sending SUBSCRIBE call to master@192.168.178.24:51278
I0128 12:20:27.490811 298299392 sched.cpp:813] Will retry registration in 922.212316ms if necessary
I0128 12:20:27.490871 300982272 master.cpp:2278] Received SUBSCRIBE call for framework 'framework(18266)' at scheduler-a5c3a776-b3e5-42dc-a9fa-63686dca3249@192.168.178.24:51278
W0128 12:20:27.490893 300982272 master.cpp:2285] Framework at scheduler-a5c3a776-b3e5-42dc-a9fa-63686dca3249@192.168.178.24:51278 (authenticated as 'test-principal') does not set 'principal' in FrameworkInfo
I0128 12:20:27.490907 300982272 master.cpp:1749] Authorizing framework principal '' to receive offers for role 'role2'
I0128 12:20:27.491086 299909120 master.cpp:2349] Subscribing framework framework(18266) with checkpointing disabled and capabilities [  ]
I0128 12:20:27.491291 297226240 hierarchical.cpp:265] Added framework framework(18266)
I0128 12:20:27.491345 300445696 sched.cpp:707] Framework registered with framework(18266)
I0128 12:20:27.491374 297226240 hierarchical.cpp:1403] No resources available to allocate!
W0128 12:20:27.491379 300982272 slave.cpp:2236] Ignoring updating pid for framework framework(18266) because it does not exist
I0128 12:20:27.491402 297226240 hierarchical.cpp:1498] No inverse offers to send out!
I0128 12:20:27.491418 297226240 hierarchical.cpp:1096] Performed allocation for 3 slaves in 116us
I0128 12:20:27.491427 300445696 sched.cpp:721] Scheduler::registered took 73us
W0128 12:20:27.491439 299372544 slave.cpp:2236] Ignoring updating pid for framework framework(18266) because it does not exist
W0128 12:20:27.491523 297762816 slave.cpp:2236] Ignoring updating pid for framework framework(18266) because it does not exist
I0128 12:20:27.491674 2080858880 resources.cpp:564] Parsing resources as JSON failed: cpus:1;mem:512
Trying semicolon-delimited string format instead
I0128 12:20:27.493041 297226240 process.cpp:3141] Handling HTTP event for process 'master' with path: '/master/quota'
I0128 12:20:27.493536 299909120 http.cpp:503] HTTP POST for /master/quota from 192.168.178.24:51640
I0128 12:20:27.493561 299909120 quota_handler.cpp:211] Setting quota from request: '{"force":false,"guarantee":[{"name":"cpus","role":"*","scalar":{"value":1.0},"type":"SCALAR"},{"name":"mem","role":"*","scalar":{"value":512.0},"type":"SCALAR"}],"role":"role2"}'
I0128 12:20:27.493954 299909120 quota_handler.cpp:446] Authorizing principal 'test-principal' to request quota for role 'role2'
I0128 12:20:27.494176 299909120 quota_handler.cpp:70] Performing capacity heuristic check for a set quota request
I0128 12:20:27.494499 300445696 registrar.cpp:439] Applied 1 operations in 80us; attempting to update the 'registry'
I0128 12:20:27.494951 297226240 log.cpp:683] Attempting to append 770 bytes to the log
I0128 12:20:27.495055 298299392 coordinator.cpp:348] Coordinator attempting to write APPEND action at position 9
I0128 12:20:27.495833 297226240 replica.cpp:537] Replica received write request for position 9 from (18269)@192.168.178.24:51278
I0128 12:20:27.496049 297226240 leveldb.cpp:341] Persisting action (789 bytes) to leveldb took 197us
I0128 12:20:27.496085 297226240 replica.cpp:712] Persisted action at 9
I0128 12:20:27.496620 298835968 replica.cpp:691] Replica received learned notice for position 9 from @0.0.0.0:0
I0128 12:20:27.496810 298835968 leveldb.cpp:341] Persisting action (791 bytes) to leveldb took 177us
I0128 12:20:27.496841 298835968 replica.cpp:712] Persisted action at 9
I0128 12:20:27.496857 298835968 replica.cpp:697] Replica learned APPEND action at position 9
I0128 12:20:27.498211 300445696 registrar.cpp:484] Successfully updated the 'registry' in 3.668992ms
I0128 12:20:27.498492 300982272 log.cpp:702] Attempting to truncate the log to 9
I0128 12:20:27.498584 298835968 coordinator.cpp:348] Coordinator attempting to write TRUNCATE action at position 10
I0128 12:20:27.498679 298299392 hierarchical.cpp:1024] Set quota cpus(*):1; mem(*):512 for role 'role2'
I0128 12:20:27.499006 300982272 sched.cpp:903] Rescinded offer bd6f3479-18eb-478d-8a08-a41364ecbd05-O2
I0128 12:20:27.499060 300982272 sched.cpp:914] Scheduler::offerRescinded took 34us
I0128 12:20:27.499174 298299392 hierarchical.cpp:1403] No resources available to allocate!
I0128 12:20:27.499207 298299392 hierarchical.cpp:1498] No inverse offers to send out!
I0128 12:20:27.499222 299372544 replica.cpp:537] Replica received write request for position 10 from (18270)@192.168.178.24:51278
I0128 12:20:27.499229 298299392 hierarchical.cpp:1096] Performed allocation for 3 slaves in 516us
I0128 12:20:27.499322 300445696 sched.cpp:903] Rescinded offer bd6f3479-18eb-478d-8a08-a41364ecbd05-O1
I0128 12:20:27.499373 300445696 sched.cpp:914] Scheduler::offerRescinded took 35us
I0128 12:20:27.499429 299372544 leveldb.cpp:341] Persisting action (16 bytes) to leveldb took 194us
I0128 12:20:27.499469 299372544 replica.cpp:712] Persisted action at 10
I0128 12:20:27.499477 298299392 hierarchical.cpp:892] Recovered cpus(*):2; mem(*):1024; disk(*):1024; ports(*):[31000-32000] (total: cpus(*):2; mem(*):1024; disk(*):1024; ports(*):[31000-32000], allocated: ) on slave bd6f3479-18eb-478d-8a08-a41364ecbd05-S2 from framework framework(18264)
I0128 12:20:27.499708 298299392 hierarchical.cpp:892] Recovered cpus(*):2; mem(*):1024; disk(*):1024; ports(*):[31000-32000] (total: cpus(*):2; mem(*):1024; disk(*):1024; ports(*):[31000-32000], allocated: ) on slave bd6f3479-18eb-478d-8a08-a41364ecbd05-S1 from framework framework(18264)
I0128 12:20:27.500056 299909120 replica.cpp:691] Replica received learned notice for position 10 from @0.0.0.0:0
I0128 12:20:27.500241 299909120 leveldb.cpp:341] Persisting action (18 bytes) to leveldb took 175us
I0128 12:20:27.500306 299909120 leveldb.cpp:399] Deleting ~2 keys from leveldb took 34us
I0128 12:20:27.500331 299909120 replica.cpp:712] Persisted action at 10
I0128 12:20:27.500358 299909120 replica.cpp:697] Replica learned TRUNCATE action at position 10
I0128 12:20:27.501042 297226240 master.cpp:1025] Master terminating
I0128 12:20:27.501637 298835968 hierarchical.cpp:505] Removed slave bd6f3479-18eb-478d-8a08-a41364ecbd05-S2
I0128 12:20:27.501849 300982272 hierarchical.cpp:505] Removed slave bd6f3479-18eb-478d-8a08-a41364ecbd05-S1
I0128 12:20:27.502151 300982272 hierarchical.cpp:505] Removed slave bd6f3479-18eb-478d-8a08-a41364ecbd05-S0
I0128 12:20:27.502595 300982272 hierarchical.cpp:326] Removed framework framework(18266)
I0128 12:20:27.502773 299909120 hierarchical.cpp:326] Removed framework framework(18265)
I0128 12:20:27.503046 299909120 hierarchical.cpp:326] Removed framework framework(18264)
I0128 12:20:27.503330 299372544 slave.cpp:3481] master@192.168.178.24:51278 exited
W0128 12:20:27.503353 299372544 slave.cpp:3484] Master disconnected! Waiting for a new master to be elected
I0128 12:20:27.503422 299372544 slave.cpp:3481] master@192.168.178.24:51278 exited
W0128 12:20:27.503446 299372544 slave.cpp:3484] Master disconnected! Waiting for a new master to be elected
I0128 12:20:27.503530 299372544 slave.cpp:3481] master@192.168.178.24:51278 exited
W0128 12:20:27.503548 299372544 slave.cpp:3484] Master disconnected! Waiting for a new master to be elected
I0128 12:20:27.512778 2080858880 slave.cpp:667] Slave terminating
I0128 12:20:27.515347 2080858880 slave.cpp:667] Slave terminating
I0128 12:20:27.517685 2080858880 slave.cpp:667] Slave terminating
[       OK ] MasterQuotaTest.AvailableResourcesAfterRescinding (205 ms)
{code}