I0902 00:30:54.600631 28616 replica.cpp:511] Replica received write request for position 7
I0902 00:30:54.600955 28616 leveldb.cpp:343] Persisting action (702 bytes) to leveldb took 298371ns
I0902 00:30:54.600988 28616 replica.cpp:679] Persisted action at 7
I0902 00:30:54.601665 28609 replica.cpp:658] Replica received learned notice for position 7
I0902 00:30:54.602424 28609 leveldb.cpp:343] Persisting action (704 bytes) to leveldb took 743909ns
I0902 00:30:54.602457 28609 replica.cpp:679] Persisted action at 7
I0902 00:30:54.602481 28609 replica.cpp:664] Replica learned APPEND action at position 7
I0902 00:30:54.604488 28615 registrar.cpp:488] Successfully updated the 'registry' in 7.63008ms
I0902 00:30:54.604832 28617 log.cpp:704] Attempting to truncate the log to 7
I0902 00:30:54.605005 28613 coordinator.cpp:341] Coordinator attempting to write TRUNCATE action at position 8
I0902 00:30:54.605356 28615 slave.cpp:3058] Received ping from slave-observer(3)@172.17.3.73:36681
I0902 00:30:54.605599 28615 slave.cpp:859] Registered with master master@172.17.3.73:36681; given slave ID 20150902-003053-1224937900-36681-28582-S2
I0902 00:30:54.605530 28606 master.cpp:3733] Registered slave 20150902-003053-1224937900-36681-28582-S2 at slave(2)@172.17.3.73:36681 (441f06bc837a) with cpus(*):2; mem(*):10240; disk(*):3.70122e+06; ports(*):[31000-32000]
I0902 00:30:54.605690 28615 fetcher.cpp:77] Clearing fetcher cache
I0902 00:30:54.605751 28609 hierarchical.hpp:542] Added slave 20150902-003053-1224937900-36681-28582-S2 (441f06bc837a) with cpus(*):2; mem(*):10240; disk(*):3.70122e+06; ports(*):[31000-32000] (allocated: )
I0902 00:30:54.605989 28605 status_update_manager.cpp:183] Resuming sending status updates
I0902 00:30:54.606201 28609 hierarchical.hpp:1010] No resources available to allocate!
I0902 00:30:54.606220 28607 replica.cpp:511] Replica received write request for position 8
I0902 00:30:54.606238 28609 hierarchical.hpp:928] Performed allocation for slave 20150902-003053-1224937900-36681-28582-S2 in 348187ns
I0902 00:30:54.606287 28615 slave.cpp:882] Checkpointing SlaveInfo to '/tmp/mesos-s1Q2uY/1/meta/slaves/20150902-003053-1224937900-36681-28582-S2/slave.info'
I0902 00:30:54.607102 28615 slave.cpp:918] Forwarding total oversubscribed resources 
I0902 00:30:54.607115 28607 leveldb.cpp:343] Persisting action (16 bytes) to leveldb took 872303ns
I0902 00:30:54.607148 28607 replica.cpp:679] Persisted action at 8
I0902 00:30:54.607295 28615 master.cpp:4032] Received update of slave 20150902-003053-1224937900-36681-28582-S2 at slave(2)@172.17.3.73:36681 (441f06bc837a) with total oversubscribed resources 
I0902 00:30:54.607785 28620 hierarchical.hpp:602] Slave 20150902-003053-1224937900-36681-28582-S2 (441f06bc837a) updated with oversubscribed resources  (total: cpus(*):2; mem(*):10240; disk(*):3.70122e+06; ports(*):[31000-32000], allocated: )
I0902 00:30:54.607882 28618 replica.cpp:658] Replica received learned notice for position 8
I0902 00:30:54.608000 28620 hierarchical.hpp:1010] No resources available to allocate!
I0902 00:30:54.608031 28620 hierarchical.hpp:928] Performed allocation for slave 20150902-003053-1224937900-36681-28582-S2 in 197321ns
I0902 00:30:54.608292 28618 leveldb.cpp:343] Persisting action (18 bytes) to leveldb took 389254ns
I0902 00:30:54.608384 28618 leveldb.cpp:401] Deleting ~2 keys from leveldb took 70973ns
I0902 00:30:54.608415 28618 replica.cpp:679] Persisted action at 8
I0902 00:30:54.608456 28618 replica.cpp:664] Replica learned TRUNCATE action at position 8
I0902 00:30:54.668705 28614 hierarchical.hpp:1010] No resources available to allocate!
I0902 00:30:54.668745 28614 hierarchical.hpp:910] Performed allocation for 3 slaves in 557805ns
I0902 00:30:55.669527 28619 hierarchical.hpp:1010] No resources available to allocate!
I0902 00:30:55.669566 28619 hierarchical.hpp:910] Performed allocation for 3 slaves in 465684ns
I0902 00:30:56.671480 28617 hierarchical.hpp:1010] No resources available to allocate!
I0902 00:30:56.671515 28617 hierarchical.hpp:910] Performed allocation for 3 slaves in 485449ns
I0902 00:30:57.673353 28607 hierarchical.hpp:1010] No resources available to allocate!
I0902 00:30:57.673391 28607 hierarchical.hpp:910] Performed allocation for 3 slaves in 518196ns
I0902 00:30:58.675276 28618 hierarchical.hpp:1010] No resources available to allocate!
I0902 00:30:58.675312 28618 hierarchical.hpp:910] Performed allocation for 3 slaves in 503347ns
I0902 00:30:59.677129 28610 hierarchical.hpp:1010] No resources available to allocate!
I0902 00:30:59.677163 28610 hierarchical.hpp:910] Performed allocation for 3 slaves in 468757ns
I0902 00:31:00.678947 28613 hierarchical.hpp:1010] No resources available to allocate!
I0902 00:31:00.678983 28613 hierarchical.hpp:910] Performed allocation for 3 slaves in 497686ns
I0902 00:31:01.680778 28620 hierarchical.hpp:1010] No resources available to allocate!
I0902 00:31:01.680814 28620 hierarchical.hpp:910] Performed allocation for 3 slaves in 433630ns
I0902 00:31:02.682585 28609 hierarchical.hpp:1010] No resources available to allocate!
I0902 00:31:02.682620 28609 hierarchical.hpp:910] Performed allocation for 3 slaves in 507390ns
I0902 00:31:03.683991 28611 hierarchical.hpp:1010] No resources available to allocate!
I0902 00:31:03.684037 28611 hierarchical.hpp:910] Performed allocation for 3 slaves in 694017ns
I0902 00:31:04.686070 28619 hierarchical.hpp:1010] No resources available to allocate!
I0902 00:31:04.686112 28619 hierarchical.hpp:910] Performed allocation for 3 slaves in 490512ns
I0902 00:31:05.687798 28618 hierarchical.hpp:1010] No resources available to allocate!
I0902 00:31:05.687832 28618 hierarchical.hpp:910] Performed allocation for 3 slaves in 421718ns
I0902 00:31:06.689510 28607 hierarchical.hpp:1010] No resources available to allocate!
I0902 00:31:06.689548 28607 hierarchical.hpp:910] Performed allocation for 3 slaves in 448215ns
I0902 00:31:07.691249 28610 hierarchical.hpp:1010] No resources available to allocate!
I0902 00:31:07.691285 28610 hierarchical.hpp:910] Performed allocation for 3 slaves in 469345ns
I0902 00:31:08.683100 28615 slave.cpp:4226] Querying resource estimator for oversubscribable resources
I0902 00:31:08.683322 28614 slave.cpp:4240] Received oversubscribable resources  from the resource estimator
I0902 00:31:08.685286 28606 slave.cpp:4226] Querying resource estimator for oversubscribable resources
I0902 00:31:08.685518 28616 slave.cpp:4240] Received oversubscribable resources  from the resource estimator
I0902 00:31:08.692482 28608 slave.cpp:4226] Querying resource estimator for oversubscribable resources
{code}

[~ijimenez] Are you up for triaging this?


Was able to reproduce this once on my machine. But the issue is not the same as the one seen on ASF build though as per logs. So we still need to dig around for what the issue on ASF test-run was.

In my test run, there is a race between the master successfully recovering its state from registry and the scheduler sending a call. In this case, we just log the error and leave it upon the framework to retry the call. This happened only because I was running in a debugger in a loop and there would have been state left in Master across various test invocations leading to the time in Registry Recovery. So , I won't worry too much about this occurrence.

{code}
I0902 23:29:28.815498 113774592 leveldb.cpp:438] Reading position from leveldb took 32us
I0902 23:29:28.826355 136355840 registrar.cpp:344] Successfully fetched the registry (0B) in 16.811008ms
I0902 23:29:28.826472 136355840 registrar.cpp:443] Applied 1 operations in 35us; attempting to update the 'registry'
I0902 23:29:28.826869 135819264 http.cpp:333] HTTP POST for /master/api/v1/scheduler from 192.168.29.132:56913
W0902 23:29:28.831881 135282688 scheduler.cpp:381] Received '503 Service Unavailable' () for SUBSCRIBE
{code}

[~ijimenez] [~vinodkone]

Your env is Ubuntu or OSX?

Another occurrence:
https://builds.apache.org/job/Mesos/COMPILER=clang,CONFIGURATION=--verbose,OS=ubuntu:14.04,label_exp=docker%7C%7CHadoop/800/consoleFull


After checking the code, it seems the same issue that: scheduler doesn't send a SUBSCRIBE.

[~klaus1982] can you repro this locally when running the test in repetition? if yes, you could add more logging statements to find the root cause.

[~vinod@twitter.com], unfortunately, I did not repro it in Ubuntu14.04. Let me have a try in other OS to see what happen.

I guess only 14.04 + clang + docker could reproduce this problem. :(

thanks for your suggestion, let me have try for both :).

This does still happen - definitely catchable.

System: [Ubuntu14.04 Vagrant Image|https://github.com/tillt/mesos-vagrant-ci/blob/master/ubuntu14/setup.sh]

SSL build (enable-ssl, enable-libevent), root test-run, verbose
{noformat}
[ RUN      ] ExamplesTest.EventCallFramework
Using temporary directory '/tmp/ExamplesTest_EventCallFramework_MUpzLQ'
I1130 22:47:23.059108 15950 scheduler.cpp:156] Version: 0.26.0
I1130 22:47:23.107734 15950 leveldb.cpp:176] Opened db in 41.560489ms
I1130 22:47:23.109232 15950 leveldb.cpp:183] Compacted db in 1.42992ms
I1130 22:47:23.109333 15950 leveldb.cpp:198] Created db iterator in 37301ns
I1130 22:47:23.109355 15950 leveldb.cpp:204] Seeked to beginning of db in 2008ns
I1130 22:47:23.109367 15950 leveldb.cpp:273] Iterated through 0 keys in the db in 170ns
I1130 22:47:23.109491 15950 replica.cpp:780] Replica recovered with log positions 0 -> 0 with 1 holes and 0 unlearned
I1130 22:47:23.111325 15974 recover.cpp:449] Starting replica recovery
I1130 22:47:23.112205 15974 recover.cpp:475] Replica is in EMPTY status
I1130 22:47:23.112306 15950 local.cpp:241] Using 'local' authorizer
I1130 22:47:23.114205 15973 replica.cpp:676] Replica in EMPTY status received a broadcasted recover request from (5)@127.0.1.1:51177
I1130 22:47:23.114904 15970 recover.cpp:195] Received a recover response from a replica in EMPTY status
I1130 22:47:23.118305 15970 recover.cpp:566] Updating replica status to STARTING
I1130 22:47:23.118458 15972 master.cpp:367] Master edbdc635-adf5-40f6-bc27-15b19e69f8cd (ubuntu14) started on 127.0.1.1:51177
I1130 22:47:23.119215 15972 master.cpp:369] Flags at startup: --acls="permissive: false
register_frameworks {
  principals {
    type: SOME
    values: "test-principal"
  }
  roles {
    type: SOME
    values: "*"
  }
}
run_tasks {
  principals {
    type: SOME
    values: "test-principal"
  }
  users {
    type: SOME
    values: "vagrant"
  }
}
" --allocation_interval="1secs" --allocator="HierarchicalDRF" --authenticate="false" --authenticate_slaves="false" --authenticators="crammd5" --authorizers="local" --credentials="/tmp/ExamplesTest_EventCallFramework_MUpzLQ/credentials" --framework_sorter="drf" --help="false" --hostname_lookup="true" --initialize_driver_logging="true" --log_auto_initialize="true" --logbufsecs="0" --logging_level="INFO" --max_slave_ping_timeouts="5" --quiet="false" --recovery_slave_removal_limit="100%" --registry="replicated_log" --registry_fetch_timeout="1mins" --registry_store_timeout="5secs" --registry_strict="false" --root_submissions="true" --slave_ping_timeout="15secs" --slave_reregister_timeout="10mins" --user_sorter="drf" --version="false" --webui_dir="/home/vagrant/mesos/src/webui" --work_dir="/tmp/mesos-cqOgRP" --zk_session_timeout="10secs"
I1130 22:47:23.119771 15972 master.cpp:416] Master allowing unauthenticated frameworks to register
I1130 22:47:23.119787 15972 master.cpp:421] Master allowing unauthenticated slaves to register
I1130 22:47:23.119798 15972 credentials.hpp:37] Loading credentials for authentication from '/tmp/ExamplesTest_EventCallFramework_MUpzLQ/credentials'
W1130 22:47:23.119976 15972 credentials.hpp:52] Permissions on credentials file '/tmp/ExamplesTest_EventCallFramework_MUpzLQ/credentials' are too open. It is recommended that your credentials file is NOT accessible by others.
I1130 22:47:23.120127 15972 master.cpp:458] Using default 'crammd5' authenticator
I1130 22:47:23.120285 15972 authenticator.cpp:520] Initializing server SASL
I1130 22:47:23.121831 15950 containerizer.cpp:142] Using isolation: filesystem/posix,posix/cpu,posix/mem
I1130 22:47:23.121846 15972 master.cpp:495] Authorization enabled
W1130 22:47:23.122547 15950 backend.cpp:50] Failed to create 'bind' backend: BindBackend requires root privileges
I1130 22:47:23.126610 15970 slave.cpp:191] Slave started on 1)@127.0.1.1:51177
I1130 22:47:23.126672 15970 slave.cpp:192] Flags at startup: --appc_store_dir="/tmp/mesos/store/appc" --authenticatee="crammd5" --cgroups_cpu_enable_pids_and_tids_count="false" --cgroups_enable_cfs="false" --cgroups_hierarchy="/sys/fs/cgroup" --cgroups_limit_swap="false" --cgroups_root="mesos" --container_disk_watch_interval="15secs" --containerizers="mesos" --default_role="*" --disk_watch_interval="1mins" --docker="docker" --docker_auth_server="auth.docker.io" --docker_auth_server_port="443" --docker_kill_orphans="true" --docker_local_archives_dir="/tmp/mesos/images/docker" --docker_puller="local" --docker_puller_timeout="60" --docker_registry="registry-1.docker.io" --docker_registry_port="443" --docker_remove_delay="6hrs" --docker_socket="/var/run/docker.sock" --docker_stop_timeout="0ns" --docker_store_dir="/tmp/mesos/store/docker" --enforce_container_disk_quota="false" --executor_registration_timeout="1mins" --executor_shutdown_grace_period="5secs" --fetcher_cache_dir="/tmp/mesos/fetch" --fetcher_cache_size="2GB" --frameworks_home="" --gc_delay="1weeks" --gc_disk_headroom="0.1" --hadoop_home="" --help="false" --hostname_lookup="true" --image_provisioner_backend="copy" --initialize_driver_logging="true" --isolation="filesystem/posix,posix/cpu,posix/mem" --launcher="posix" --launcher_dir="/home/vagrant/mesos/build/src" --logbufsecs="0" --logging_level="INFO" --oversubscribed_resources_interval="15secs" --perf_duration="10secs" --perf_interval="1mins" --qos_correction_interval_min="0ns" --quiet="false" --recover="reconnect" --recovery_timeout="15mins" --registration_backoff_factor="1secs" --resources="cpus:2;mem:10240" --revocable_cpu_low_priority="true" --sandbox_directory="/mnt/mesos/sandbox" --strict="true" --switch_user="true" --systemd_runtime_directory="/run/systemd/system" --version="false" --work_dir="/tmp/mesos-cqOgRP/0"
I1130 22:47:23.127595 15950 containerizer.cpp:142] Using isolation: filesystem/posix,posix/cpu,posix/mem
I1130 22:47:23.127796 15974 master.cpp:1606] The newly elected leader is master@127.0.1.1:51177 with id edbdc635-adf5-40f6-bc27-15b19e69f8cd
I1130 22:47:23.127905 15974 master.cpp:1619] Elected as the leading master!
I1130 22:47:23.128002 15974 master.cpp:1379] Recovering from registrar
I1130 22:47:23.128363 15970 slave.cpp:392] Slave resources: cpus(*):2; mem(*):10240; disk(*):34068; ports(*):[31000-32000]
I1130 22:47:23.128432 15971 registrar.cpp:309] Recovering registrar
I1130 22:47:23.128494 15970 slave.cpp:400] Slave attributes: [  ]
I1130 22:47:23.128540 15970 slave.cpp:405] Slave hostname: ubuntu14
I1130 22:47:23.128551 15970 slave.cpp:410] Slave checkpoint: true
W1130 22:47:23.129720 15950 backend.cpp:50] Failed to create 'bind' backend: BindBackend requires root privileges
I1130 22:47:23.130424 15972 state.cpp:54] Recovering state from '/tmp/mesos-cqOgRP/0/meta'
I1130 22:47:23.130970 15972 status_update_manager.cpp:202] Recovering status update manager
I1130 22:47:23.131469 15976 containerizer.cpp:384] Recovering containerizer
I1130 22:47:23.133054 15975 slave.cpp:4230] Finished recovery
I1130 22:47:23.133693 15976 slave.cpp:191] Slave started on 2)@127.0.1.1:51177
I1130 22:47:23.133766 15975 slave.cpp:729] New master detected at master@127.0.1.1:51177
I1130 22:47:23.133836 15975 slave.cpp:754] No credentials provided. Attempting to register without authentication
I1130 22:47:23.133941 15975 slave.cpp:765] Detecting new master
I1130 22:47:23.133754 15976 slave.cpp:192] Flags at startup: --appc_store_dir="/tmp/mesos/store/appc" --authenticatee="crammd5" --cgroups_cpu_enable_pids_and_tids_count="false" --cgroups_enable_cfs="false" --cgroups_hierarchy="/sys/fs/cgroup" --cgroups_limit_swap="false" --cgroups_root="mesos" --container_disk_watch_interval="15secs" --containerizers="mesos" --default_role="*" --disk_watch_interval="1mins" --docker="docker" --docker_auth_server="auth.docker.io" --docker_auth_server_port="443" --docker_kill_orphans="true" --docker_local_archives_dir="/tmp/mesos/images/docker" --docker_puller="local" --docker_puller_timeout="60" --docker_registry="registry-1.docker.io" --docker_registry_port="443" --docker_remove_delay="6hrs" --docker_socket="/var/run/docker.sock" --docker_stop_timeout="0ns" --docker_store_dir="/tmp/mesos/store/docker" --enforce_container_disk_quota="false" --executor_registration_timeout="1mins" --executor_shutdown_grace_period="5secs" --fetcher_cache_dir="/tmp/mesos/fetch" --fetcher_cache_size="2GB" --frameworks_home="" --gc_delay="1weeks" --gc_disk_headroom="0.1" --hadoop_home="" --help="false" --hostname_lookup="true" --image_provisioner_backend="copy" --initialize_driver_logging="true" --isolation="filesystem/posix,posix/cpu,posix/mem" --launcher="posix" --launcher_dir="/home/vagrant/mesos/build/src" --logbufsecs="0" --logging_level="INFO" --oversubscribed_resources_interval="15secs" --perf_duration="10secs" --perf_interval="1mins" --qos_correction_interval_min="0ns" --quiet="false" --recover="reconnect" --recovery_timeout="15mins" --registration_backoff_factor="1secs" --resources="cpus:2;mem:10240" --revocable_cpu_low_priority="true" --sandbox_directory="/mnt/mesos/sandbox" --strict="true" --switch_user="true" --systemd_runtime_directory="/run/systemd/system" --version="false" --work_dir="/tmp/mesos-cqOgRP/1"
I1130 22:47:23.133738 15972 status_update_manager.cpp:176] Pausing sending status updates
I1130 22:47:23.134950 15976 slave.cpp:392] Slave resources: cpus(*):2; mem(*):10240; disk(*):34068; ports(*):[31000-32000]
I1130 22:47:23.135027 15976 slave.cpp:400] Slave attributes: [  ]
I1130 22:47:23.135051 15976 slave.cpp:405] Slave hostname: ubuntu14
I1130 22:47:23.135063 15976 slave.cpp:410] Slave checkpoint: true
I1130 22:47:23.135736 15950 containerizer.cpp:142] Using isolation: filesystem/posix,posix/cpu,posix/mem
I1130 22:47:23.135828 15975 state.cpp:54] Recovering state from '/tmp/mesos-cqOgRP/1/meta'
I1130 22:47:23.136504 15975 status_update_manager.cpp:202] Recovering status update manager
W1130 22:47:23.136520 15950 backend.cpp:50] Failed to create 'bind' backend: BindBackend requires root privileges
I1130 22:47:23.136754 15974 containerizer.cpp:384] Recovering containerizer
I1130 22:47:23.137874 15972 slave.cpp:4230] Finished recovery
I1130 22:47:23.138635 15974 status_update_manager.cpp:176] Pausing sending status updates
I1130 22:47:23.138628 15970 slave.cpp:729] New master detected at master@127.0.1.1:51177
I1130 22:47:23.138841 15970 slave.cpp:754] No credentials provided. Attempting to register without authentication
I1130 22:47:23.138906 15970 slave.cpp:765] Detecting new master
I1130 22:47:23.138696 15973 leveldb.cpp:306] Persisting metadata (8 bytes) to leveldb took 20.024076ms
I1130 22:47:23.139665 15973 replica.cpp:323] Persisted replica status to STARTING
I1130 22:47:23.139986 15973 recover.cpp:475] Replica is in STARTING status
I1130 22:47:23.141146 15973 replica.cpp:676] Replica in STARTING status received a broadcasted recover request from (36)@127.0.1.1:51177
I1130 22:47:23.141532 15975 recover.cpp:195] Received a recover response from a replica in STARTING status
I1130 22:47:23.141597 15970 slave.cpp:191] Slave started on 3)@127.0.1.1:51177
I1130 22:47:23.141633 15970 slave.cpp:192] Flags at startup: --appc_store_dir="/tmp/mesos/store/appc" --authenticatee="crammd5" --cgroups_cpu_enable_pids_and_tids_count="false" --cgroups_enable_cfs="false" --cgroups_hierarchy="/sys/fs/cgroup" --cgroups_limit_swap="false" --cgroups_root="mesos" --container_disk_watch_interval="15secs" --containerizers="mesos" --default_role="*" --disk_watch_interval="1mins" --docker="docker" --docker_auth_server="auth.docker.io" --docker_auth_server_port="443" --docker_kill_orphans="true" --docker_local_archives_dir="/tmp/mesos/images/docker" --docker_puller="local" --docker_puller_timeout="60" --docker_registry="registry-1.docker.io" --docker_registry_port="443" --docker_remove_delay="6hrs" --docker_socket="/var/run/docker.sock" --docker_stop_timeout="0ns" --docker_store_dir="/tmp/mesos/store/docker" --enforce_container_disk_quota="false" --executor_registration_timeout="1mins" --executor_shutdown_grace_period="5secs" --fetcher_cache_dir="/tmp/mesos/fetch" --fetcher_cache_size="2GB" --frameworks_home="" --gc_delay="1weeks" --gc_disk_headroom="0.1" --hadoop_home="" --help="false" --hostname_lookup="true" --image_provisioner_backend="copy" --initialize_driver_logging="true" --isolation="filesystem/posix,posix/cpu,posix/mem" --launcher="posix" --launcher_dir="/home/vagrant/mesos/build/src" --logbufsecs="0" --logging_level="INFO" --oversubscribed_resources_interval="15secs" --perf_duration="10secs" --perf_interval="1mins" --qos_correction_interval_min="0ns" --quiet="false" --recover="reconnect" --recovery_timeout="15mins" --registration_backoff_factor="1secs" --resources="cpus:2;mem:10240" --revocable_cpu_low_priority="true" --sandbox_directory="/mnt/mesos/sandbox" --strict="true" --switch_user="true" --systemd_runtime_directory="/run/systemd/system" --version="false" --work_dir="/tmp/mesos-cqOgRP/2"
I1130 22:47:23.142415 15972 recover.cpp:566] Updating replica status to VOTING
I1130 22:47:23.142632 15970 slave.cpp:392] Slave resources: cpus(*):2; mem(*):10240; disk(*):34068; ports(*):[31000-32000]
I1130 22:47:23.142706 15970 slave.cpp:400] Slave attributes: [  ]
I1130 22:47:23.142757 15970 slave.cpp:405] Slave hostname: ubuntu14
I1130 22:47:23.142771 15970 slave.cpp:410] Slave checkpoint: true
2015-11-30 22:47:23,143:15722(0x7fac4de51700):ZOO_ERROR@handle_socket_error_msg@1697: Socket [127.0.0.1:59080] zk retcode=-4, errno=111(Connection refused): server refused to accept the client
I1130 22:47:23.145202 15972 state.cpp:54] Recovering state from '/tmp/mesos-cqOgRP/2/meta'
I1130 22:47:23.145670 15971 status_update_manager.cpp:202] Recovering status update manager
I1130 22:47:23.145854 15971 containerizer.cpp:384] Recovering containerizer
I1130 22:47:23.146724 15973 slave.cpp:4230] Finished recovery
I1130 22:47:23.147203 15975 slave.cpp:729] New master detected at master@127.0.1.1:51177
I1130 22:47:23.147258 15973 status_update_manager.cpp:176] Pausing sending status updates
I1130 22:47:23.147320 15975 slave.cpp:754] No credentials provided. Attempting to register without authentication
I1130 22:47:23.147452 15975 slave.cpp:765] Detecting new master
I1130 22:47:23.159584 15974 leveldb.cpp:306] Persisting metadata (8 bytes) to leveldb took 16.845187ms
I1130 22:47:23.159698 15974 replica.cpp:323] Persisted replica status to VOTING
I1130 22:47:23.159997 15974 recover.cpp:580] Successfully joined the Paxos group
I1130 22:47:23.160423 15974 recover.cpp:464] Recover process terminated
I1130 22:47:23.160991 15974 log.cpp:661] Attempting to start the writer
I1130 22:47:23.163434 15973 replica.cpp:496] Replica received implicit promise request from (40)@127.0.1.1:51177 with proposal 1
I1130 22:47:23.174804 15973 leveldb.cpp:306] Persisting metadata (8 bytes) to leveldb took 11.290243ms
I1130 22:47:23.174859 15973 replica.cpp:345] Persisted promised to 1
I1130 22:47:23.176043 15973 coordinator.cpp:240] Coordinator attempting to fill missing positions
I1130 22:47:23.177855 15972 replica.cpp:391] Replica received explicit promise request from (41)@127.0.1.1:51177 for position 0 with proposal 2
I1130 22:47:23.180476 15972 leveldb.cpp:343] Persisting action (8 bytes) to leveldb took 2.537426ms
I1130 22:47:23.180531 15972 replica.cpp:715] Persisted action at 0
I1130 22:47:23.182282 15971 replica.cpp:540] Replica received write request for position 0 from (42)@127.0.1.1:51177
I1130 22:47:23.182375 15971 leveldb.cpp:438] Reading position from leveldb took 36138ns
I1130 22:47:23.204586 15971 leveldb.cpp:343] Persisting action (14 bytes) to leveldb took 22.150405ms
I1130 22:47:23.204653 15971 replica.cpp:715] Persisted action at 0
I1130 22:47:23.205488 15976 replica.cpp:694] Replica received learned notice for position 0 from @0.0.0.0:0
I1130 22:47:23.215785 15976 leveldb.cpp:343] Persisting action (16 bytes) to leveldb took 9.991989ms
I1130 22:47:23.215850 15976 replica.cpp:715] Persisted action at 0
I1130 22:47:23.215875 15976 replica.cpp:700] Replica learned NOP action at position 0
I1130 22:47:23.216578 15972 log.cpp:677] Writer started with ending position 0
I1130 22:47:23.218617 15969 leveldb.cpp:438] Reading position from leveldb took 34179ns
I1130 22:47:23.221410 15973 registrar.cpp:342] Successfully fetched the registry (0B) in 92.845824ms
I1130 22:47:23.221622 15973 registrar.cpp:441] Applied 1 operations in 54823ns; attempting to update the 'registry'
I1130 22:47:23.223924 15976 log.cpp:685] Attempting to append 158 bytes to the log
I1130 22:47:23.224053 15975 coordinator.cpp:350] Coordinator attempting to write APPEND action at position 1
I1130 22:47:23.225028 15971 replica.cpp:540] Replica received write request for position 1 from (43)@127.0.1.1:51177
I1130 22:47:23.240402 15971 leveldb.cpp:343] Persisting action (177 bytes) to leveldb took 15.317491ms
I1130 22:47:23.240471 15971 replica.cpp:715] Persisted action at 1
I1130 22:47:23.241024 15974 replica.cpp:694] Replica received learned notice for position 1 from @0.0.0.0:0
I1130 22:47:23.257127 15974 leveldb.cpp:343] Persisting action (179 bytes) to leveldb took 15.979931ms
I1130 22:47:23.257261 15974 replica.cpp:715] Persisted action at 1
I1130 22:47:23.257338 15974 replica.cpp:700] Replica learned APPEND action at position 1
I1130 22:47:23.258764 15974 registrar.cpp:486] Successfully updated the 'registry' in 37.036032ms
I1130 22:47:23.259004 15974 registrar.cpp:372] Successfully recovered registrar
I1130 22:47:23.259340 15971 log.cpp:704] Attempting to truncate the log to 1
I1130 22:47:23.259637 15976 coordinator.cpp:350] Coordinator attempting to write TRUNCATE action at position 2
I1130 22:47:23.260030 15972 master.cpp:1416] Recovered 0 slaves from the Registry (120B) ; allowing 10mins for slaves to re-register
I1130 22:47:23.260810 15975 replica.cpp:540] Replica received write request for position 2 from (44)@127.0.1.1:51177
I1130 22:47:23.273692 15975 leveldb.cpp:343] Persisting action (16 bytes) to leveldb took 12.840856ms
I1130 22:47:23.273748 15975 replica.cpp:715] Persisted action at 2
I1130 22:47:23.274708 15972 replica.cpp:694] Replica received learned notice for position 2 from @0.0.0.0:0
I1130 22:47:23.291226 15972 leveldb.cpp:343] Persisting action (18 bytes) to leveldb took 16.42524ms
I1130 22:47:23.291388 15972 leveldb.cpp:401] Deleting ~1 keys from leveldb took 31496ns
I1130 22:47:23.291468 15972 replica.cpp:715] Persisted action at 2
I1130 22:47:23.291543 15972 replica.cpp:700] Replica learned TRUNCATE action at position 2
Shutting down
Sending SIGTERM to process tree at pid 15945
Killing the following process trees:
[

]
Shutting down
Sending SIGTERM to process tree at pid 15946
Shutting down
Sending SIGTERM to process tree at pid 15948
Shutting down
Sending SIGTERM to process tree at pid 15947
Killing the following process trees:
[

]
Shutting down
Sending SIGTERM to process tree at pid 15949
Killing the following process trees:
[

]
Killing the following process trees:
[

]
Killing the following process trees:
[

]
I1130 22:47:23.868094 15975 master.cpp:3859] Registering slave at slave(2)@127.0.1.1:51177 (ubuntu14) with id edbdc635-adf5-40f6-bc27-15b19e69f8cd-S0
I1130 22:47:23.868902 15975 registrar.cpp:441] Applied 1 operations in 83801ns; attempting to update the 'registry'
I1130 22:47:23.871341 15975 log.cpp:685] Attempting to append 324 bytes to the log
I1130 22:47:23.871618 15976 coordinator.cpp:350] Coordinator attempting to write APPEND action at position 3
I1130 22:47:23.872496 15970 replica.cpp:540] Replica received write request for position 3 from (45)@127.0.1.1:51177
I1130 22:47:23.890398 15970 leveldb.cpp:343] Persisting action (343 bytes) to leveldb took 17.833464ms
I1130 22:47:23.890465 15970 replica.cpp:715] Persisted action at 3
I1130 22:47:23.891302 15969 replica.cpp:694] Replica received learned notice for position 3 from @0.0.0.0:0
I1130 22:47:23.916492 15969 leveldb.cpp:343] Persisting action (345 bytes) to leveldb took 25.076422ms
I1130 22:47:23.916555 15969 replica.cpp:715] Persisted action at 3
I1130 22:47:23.916581 15969 replica.cpp:700] Replica learned APPEND action at position 3
I1130 22:47:23.917907 15969 registrar.cpp:486] Successfully updated the 'registry' in 48.825088ms
I1130 22:47:23.918125 15971 log.cpp:704] Attempting to truncate the log to 3
I1130 22:47:23.918313 15969 coordinator.cpp:350] Coordinator attempting to write TRUNCATE action at position 4
I1130 22:47:23.919076 15971 replica.cpp:540] Replica received write request for position 4 from (46)@127.0.1.1:51177
I1130 22:47:23.919075 15972 master.cpp:3927] Registered slave edbdc635-adf5-40f6-bc27-15b19e69f8cd-S0 at slave(2)@127.0.1.1:51177 (ubuntu14) with cpus(*):2; mem(*):10240; disk(*):34068; ports(*):[31000-32000]
I1130 22:47:23.919356 15969 hierarchical.cpp:344] Added slave edbdc635-adf5-40f6-bc27-15b19e69f8cd-S0 (ubuntu14) with cpus(*):2; mem(*):10240; disk(*):34068; ports(*):[31000-32000] (allocated: )
I1130 22:47:23.919670 15974 slave.cpp:904] Registered with master master@127.0.1.1:51177; given slave ID edbdc635-adf5-40f6-bc27-15b19e69f8cd-S0
I1130 22:47:23.919860 15975 status_update_manager.cpp:183] Resuming sending status updates
I1130 22:47:23.920243 15974 slave.cpp:963] Forwarding total oversubscribed resources
I1130 22:47:23.920426 15974 master.cpp:4269] Received update of slave edbdc635-adf5-40f6-bc27-15b19e69f8cd-S0 at slave(2)@127.0.1.1:51177 (ubuntu14) with total oversubscribed resources
I1130 22:47:23.920732 15974 hierarchical.cpp:400] Slave edbdc635-adf5-40f6-bc27-15b19e69f8cd-S0 (ubuntu14) updated with oversubscribed resources  (total: cpus(*):2; mem(*):10240; disk(*):34068; ports(*):[31000-32000], allocated: )
I1130 22:47:23.930485 15971 leveldb.cpp:343] Persisting action (16 bytes) to leveldb took 11.225812ms
I1130 22:47:23.930588 15971 replica.cpp:715] Persisted action at 4
I1130 22:47:23.931483 15971 replica.cpp:694] Replica received learned notice for position 4 from @0.0.0.0:0
I1130 22:47:23.946909 15971 leveldb.cpp:343] Persisting action (18 bytes) to leveldb took 15.365585ms
I1130 22:47:23.947005 15971 leveldb.cpp:401] Deleting ~2 keys from leveldb took 33233ns
I1130 22:47:23.947026 15971 replica.cpp:715] Persisted action at 4
I1130 22:47:23.947062 15971 replica.cpp:700] Replica learned TRUNCATE action at position 4
2015-11-30 22:47:23,976:15722(0x7fac4e652700):ZOO_ERROR@handle_socket_error_msg@1697: Socket [127.0.0.1:49113] zk retcode=-4, errno=111(Connection refused): server refused to accept the client
2015-11-30 22:47:24,140:15722(0x7fac84bc4700):ZOO_ERROR@handle_socket_error_msg@1697: Socket [127.0.0.1:44051] zk retcode=-4, errno=111(Connection refused): server refused to accept the client
I1130 22:47:24.173096 15970 master.cpp:3859] Registering slave at slave(1)@127.0.1.1:51177 (ubuntu14) with id edbdc635-adf5-40f6-bc27-15b19e69f8cd-S1
I1130 22:47:24.173475 15970 registrar.cpp:441] Applied 1 operations in 60030ns; attempting to update the 'registry'
I1130 22:47:24.174414 15970 log.cpp:685] Attempting to append 486 bytes to the log
I1130 22:47:24.174617 15970 coordinator.cpp:350] Coordinator attempting to write APPEND action at position 5
I1130 22:47:24.175302 15970 replica.cpp:540] Replica received write request for position 5 from (47)@127.0.1.1:51177
I1130 22:47:24.194605 15970 leveldb.cpp:343] Persisting action (505 bytes) to leveldb took 19.220068ms
I1130 22:47:24.194659 15970 replica.cpp:715] Persisted action at 5
I1130 22:47:24.195379 15976 replica.cpp:694] Replica received learned notice for position 5 from @0.0.0.0:0
I1130 22:47:24.224751 15976 leveldb.cpp:343] Persisting action (507 bytes) to leveldb took 29.20734ms
I1130 22:47:24.224807 15976 replica.cpp:715] Persisted action at 5
I1130 22:47:24.224833 15976 replica.cpp:700] Replica learned APPEND action at position 5
I1130 22:47:24.226043 15974 registrar.cpp:486] Successfully updated the 'registry' in 52.468992ms
I1130 22:47:24.226249 15974 log.cpp:704] Attempting to truncate the log to 5
I1130 22:47:24.226369 15974 coordinator.cpp:350] Coordinator attempting to write TRUNCATE action at position 6
I1130 22:47:24.226654 15976 master.cpp:3927] Registered slave edbdc635-adf5-40f6-bc27-15b19e69f8cd-S1 at slave(1)@127.0.1.1:51177 (ubuntu14) with cpus(*):2; mem(*):10240; disk(*):34068; ports(*):[31000-32000]
I1130 22:47:24.226811 15976 slave.cpp:904] Registered with master master@127.0.1.1:51177; given slave ID edbdc635-adf5-40f6-bc27-15b19e69f8cd-S1
I1130 22:47:24.226981 15972 status_update_manager.cpp:183] Resuming sending status updates
I1130 22:47:24.226809 15974 hierarchical.cpp:344] Added slave edbdc635-adf5-40f6-bc27-15b19e69f8cd-S1 (ubuntu14) with cpus(*):2; mem(*):10240; disk(*):34068; ports(*):[31000-32000] (allocated: )
I1130 22:47:24.227459 15971 replica.cpp:540] Replica received write request for position 6 from (48)@127.0.1.1:51177
I1130 22:47:24.227530 15976 slave.cpp:963] Forwarding total oversubscribed resources
I1130 22:47:24.228521 15973 master.cpp:4269] Received update of slave edbdc635-adf5-40f6-bc27-15b19e69f8cd-S1 at slave(1)@127.0.1.1:51177 (ubuntu14) with total oversubscribed resources
I1130 22:47:24.228770 15973 hierarchical.cpp:400] Slave edbdc635-adf5-40f6-bc27-15b19e69f8cd-S1 (ubuntu14) updated with oversubscribed resources  (total: cpus(*):2; mem(*):10240; disk(*):34068; ports(*):[31000-32000], allocated: )
I1130 22:47:24.241744 15971 leveldb.cpp:343] Persisting action (16 bytes) to leveldb took 13.475397ms
I1130 22:47:24.241809 15971 replica.cpp:715] Persisted action at 6
I1130 22:47:24.242728 15973 replica.cpp:694] Replica received learned notice for position 6 from @0.0.0.0:0
I1130 22:47:24.257985 15973 leveldb.cpp:343] Persisting action (18 bytes) to leveldb took 15.20455ms
I1130 22:47:24.258081 15973 leveldb.cpp:401] Deleting ~2 keys from leveldb took 31813ns
I1130 22:47:24.258116 15973 replica.cpp:715] Persisted action at 6
I1130 22:47:24.258139 15973 replica.cpp:700] Replica learned TRUNCATE action at position 6
2015-11-30 22:47:24,387:15722(0x7fac0e7fc700):ZOO_ERROR@handle_socket_error_msg@1697: Socket [127.0.0.1:50280] zk retcode=-4, errno=111(Connection refused): server refused to accept the client
2015-11-30 22:47:24,666:15722(0x7fac4d650700):ZOO_ERROR@handle_socket_error_msg@1697: Socket [127.0.0.1:58836] zk retcode=-4, errno=111(Connection refused): server refused to accept the client
I1130 22:47:25.172317 15969 master.cpp:3859] Registering slave at slave(3)@127.0.1.1:51177 (ubuntu14) with id edbdc635-adf5-40f6-bc27-15b19e69f8cd-S2
I1130 22:47:25.172703 15969 registrar.cpp:441] Applied 1 operations in 59601ns; attempting to update the 'registry'
I1130 22:47:25.174685 15969 log.cpp:685] Attempting to append 648 bytes to the log
I1130 22:47:25.174819 15976 coordinator.cpp:350] Coordinator attempting to write APPEND action at position 7
I1130 22:47:25.175757 15972 replica.cpp:540] Replica received write request for position 7 from (49)@127.0.1.1:51177
I1130 22:47:25.202685 15972 leveldb.cpp:343] Persisting action (667 bytes) to leveldb took 26.833493ms
I1130 22:47:25.202808 15972 replica.cpp:715] Persisted action at 7
I1130 22:47:25.203387 15972 replica.cpp:694] Replica received learned notice for position 7 from @0.0.0.0:0
I1130 22:47:25.221983 15972 leveldb.cpp:343] Persisting action (669 bytes) to leveldb took 18.510109ms
I1130 22:47:25.222126 15972 replica.cpp:715] Persisted action at 7
I1130 22:47:25.222199 15972 replica.cpp:700] Replica learned APPEND action at position 7
I1130 22:47:25.223793 15969 registrar.cpp:486] Successfully updated the 'registry' in 50.982144ms
I1130 22:47:25.224144 15971 log.cpp:704] Attempting to truncate the log to 7
I1130 22:47:25.224392 15971 coordinator.cpp:350] Coordinator attempting to write TRUNCATE action at position 8
I1130 22:47:25.224444 15969 master.cpp:3927] Registered slave edbdc635-adf5-40f6-bc27-15b19e69f8cd-S2 at slave(3)@127.0.1.1:51177 (ubuntu14) with cpus(*):2; mem(*):10240; disk(*):34068; ports(*):[31000-32000]
I1130 22:47:25.224606 15974 hierarchical.cpp:344] Added slave edbdc635-adf5-40f6-bc27-15b19e69f8cd-S2 (ubuntu14) with cpus(*):2; mem(*):10240; disk(*):34068; ports(*):[31000-32000] (allocated: )
I1130 22:47:25.224686 15972 slave.cpp:904] Registered with master master@127.0.1.1:51177; given slave ID edbdc635-adf5-40f6-bc27-15b19e69f8cd-S2
I1130 22:47:25.225249 15976 status_update_manager.cpp:183] Resuming sending status updates
I1130 22:47:25.225592 15972 slave.cpp:963] Forwarding total oversubscribed resources
I1130 22:47:25.226097 15969 master.cpp:4269] Received update of slave edbdc635-adf5-40f6-bc27-15b19e69f8cd-S2 at slave(3)@127.0.1.1:51177 (ubuntu14) with total oversubscribed resources
I1130 22:47:25.226299 15971 replica.cpp:540] Replica received write request for position 8 from (50)@127.0.1.1:51177
I1130 22:47:25.226444 15974 hierarchical.cpp:400] Slave edbdc635-adf5-40f6-bc27-15b19e69f8cd-S2 (ubuntu14) updated with oversubscribed resources  (total: cpus(*):2; mem(*):10240; disk(*):34068; ports(*):[31000-32000], allocated: )
I1130 22:47:25.229393 15971 leveldb.cpp:343] Persisting action (16 bytes) to leveldb took 3.030976ms
I1130 22:47:25.229516 15971 replica.cpp:715] Persisted action at 8
I1130 22:47:25.230015 15971 replica.cpp:694] Replica received learned notice for position 8 from @0.0.0.0:0
I1130 22:47:25.245934 15971 leveldb.cpp:343] Persisting action (18 bytes) to leveldb took 15.818898ms
I1130 22:47:25.246071 15971 leveldb.cpp:401] Deleting ~2 keys from leveldb took 32062ns
I1130 22:47:25.246158 15971 replica.cpp:715] Persisted action at 8
I1130 22:47:25.246229 15971 replica.cpp:700] Replica learned TRUNCATE action at position 8
2015-11-30 22:47:25,512:15722(0x7fac4f257700):ZOO_ERROR@handle_socket_error_msg@1697: Socket [127.0.0.1:37362] zk retcode=-4, errno=111(Connection refused): server refused to accept the client
2015-11-30 22:47:25,546:15722(0x7fac0effd700):ZOO_WARN@zookeeper_interest@1557: Exceeded deadline by 12ms
2015-11-30 22:47:25,547:15722(0x7fac0effd700):ZOO_ERROR@handle_socket_error_msg@1697: Socket [127.0.0.1:38547] zk retcode=-4, errno=111(Connection refused): server refused to accept the client
2015-11-30 22:47:25,608:15722(0x7fac853c5700):ZOO_ERROR@handle_socket_error_msg@1697: Socket [127.0.0.1:51060] zk retcode=-4, errno=111(Connection refused): server refused to accept the client
2015-11-30 22:47:26,089:15722(0x7fac1ffff700):ZOO_ERROR@handle_socket_error_msg@1697: Socket [127.0.0.1:36764] zk retcode=-4, errno=111(Connection refused): server refused to accept the client
2015-11-30 22:47:26,480:15722(0x7fac4de51700):ZOO_ERROR@handle_socket_error_msg@1697: Socket [127.0.0.1:59080] zk retcode=-4, errno=111(Connection refused): server refused to accept the client
2015-11-30 22:47:27,314:15722(0x7fac4e652700):ZOO_ERROR@handle_socket_error_msg@1697: Socket [127.0.0.1:49113] zk retcode=-4, errno=111(Connection refused): server refused to accept the client
2015-11-30 22:47:27,477:15722(0x7fac84bc4700):ZOO_ERROR@handle_socket_error_msg@1697: Socket [127.0.0.1:44051] zk retcode=-4, errno=111(Connection refused): server refused to accept the client
2015-11-30 22:47:27,725:15722(0x7fac0e7fc700):ZOO_ERROR@handle_socket_error_msg@1697: Socket [127.0.0.1:50280] zk retcode=-4, errno=111(Connection refused): server refused to accept the client
2015-11-30 22:47:28,006:15722(0x7fac4d650700):ZOO_ERROR@handle_socket_error_msg@1697: Socket [127.0.0.1:58836] zk retcode=-4, errno=111(Connection refused): server refused to accept the client
2015-11-30 22:47:28,862:15722(0x7fac4f257700):ZOO_WARN@zookeeper_interest@1557: Exceeded deadline by 16ms
{noformat} 

Clang address sanitizer reports use-after-free errors for this test which appear to come from the libevent bindings; it attached a log. It might be a good idea to address that issue first.

commit 147895b4bd6c421ac15db043b8d243c07e44fd7c
Author: Vinod Kone <vinodkone@gmail.com>
Date:   Tue Jan 19 16:05:59 2016 -0800

    Temporarily disabled EventCallFramework test due to MESOS-3273.


Patch: https://reviews.apache.org/r/43286/

commit 67017f136b9820c493b9d861ccb7fc9e463dfa92
Author: Anand Mazumdar <mazumdar.anand@gmail.com>
Date:   Mon Feb 8 15:33:25 2016 -0800

    Re-enabled test ExamplesTest.EventCallFramework.
    
    Review: https://reviews.apache.org/r/43288/

commit 5e0f787fee8ad810ed6580cecdc2dc92644944ed
Author: Anand Mazumdar <mazumdar.anand@gmail.com>
Date:   Mon Feb 8 15:33:17 2016 -0800

    Replaced naked pointer with Owned.
    
    This trivial change replaces the old C style pointer with `process::Owned`.
    
    Review: https://reviews.apache.org/r/43287/

commit d68d3429fcfd351cd3f0907bc798bb3139ed0903
Author: Anand Mazumdar <mazumdar.anand@gmail.com>
Date:   Mon Feb 8 15:33:05 2016 -0800

    Fixed flakiness in ExamplesTest.EventCallFramework.
    
    The root cause is similar to r43285.
    
    Review: https://reviews.apache.org/r/43286/


