I1124 14:31:32.431609 30301 replica.cpp:713] Persisted action at 3
I1124 14:31:32.431627 30301 replica.cpp:698] Replica learned APPEND action at position 3
2015-11-24 14:31:32,432:30274(0x2b7afc200700):ZOO_ERROR@handle_socket_error_msg@1697: Socket [127.0.0.1:34475] zk retcode=-4, errno=111(Connection refused): server refused to accept the client
I1124 14:31:32.433154 30296 registrar.cpp:484] Successfully updated the 'registry' in 4.772864ms
I1124 14:31:32.433446 30300 log.cpp:702] Attempting to truncate the log to 3
I1124 14:31:32.433552 30294 coordinator.cpp:348] Coordinator attempting to write TRUNCATE action at position 4
I1124 14:31:32.434074 30295 slave.cpp:3197] Received ping from slave-observer(219)@172.17.6.149:52680
I1124 14:31:32.434813 30302 hierarchical.cpp:380] Added slave 540f518e-1ba4-4f89-8b15-7b99ef53c093-S0 (c264cb162c79) with cpus(*):2; mem(*):1024; disk(*):1024; ports(*):[31000-32000] (allocated: )
I1124 14:31:32.435241 30302 hierarchical.cpp:1066] No resources available to allocate!
I1124 14:31:32.435408 30302 hierarchical.cpp:1159] No inverse offers to send out!
I1124 14:31:32.435560 30302 hierarchical.cpp:977] Performed allocation for slave 540f518e-1ba4-4f89-8b15-7b99ef53c093-S0 in 687663ns
I1124 14:31:32.435897 30304 replica.cpp:538] Replica received write request for position 4 from (6268)@172.17.6.149:52680
I1124 14:31:32.435978 30306 master.cpp:3946] Registered slave 540f518e-1ba4-4f89-8b15-7b99ef53c093-S0 at slave(219)@172.17.6.149:52680 (c264cb162c79) with cpus(*):2; mem(*):1024; disk(*):1024; ports(*):[31000-32000]
I1124 14:31:32.436049 30294 slave.cpp:902] Registered with master master@172.17.6.149:52680; given slave ID 540f518e-1ba4-4f89-8b15-7b99ef53c093-S0
I1124 14:31:32.436082 30294 fetcher.cpp:79] Clearing fetcher cache
I1124 14:31:32.436264 30300 status_update_manager.cpp:181] Resuming sending status updates
I1124 14:31:32.436611 30294 slave.cpp:925] Checkpointing SlaveInfo to '/tmp/ReservationEndpointsTest_UnreserveAvailableAndOfferedResources_N4vdsa/meta/slaves/540f518e-1ba4-4f89-8b15-7b99ef53c093-S0/slave.info'
I1124 14:31:32.437463 30294 slave.cpp:961] Forwarding total oversubscribed resources 
I1124 14:31:32.437489 30304 leveldb.cpp:341] Persisting action (16 bytes) to leveldb took 1.540024ms
I1124 14:31:32.437528 30304 replica.cpp:713] Persisted action at 4
I1124 14:31:32.437707 30293 process.cpp:3067] Handling HTTP event for process 'master' with path: '/master/reserve'
I1124 14:31:32.437942 30293 http.cpp:336] HTTP POST for /master/reserve from 172.17.6.149:46929
I1124 14:31:32.438607 30294 replica.cpp:692] Replica received learned notice for position 4 from @0.0.0.0:0
I1124 14:31:32.439095 30294 leveldb.cpp:341] Persisting action (18 bytes) to leveldb took 443410ns
I1124 14:31:32.439173 30294 leveldb.cpp:399] Deleting ~2 keys from leveldb took 47749ns
I1124 14:31:32.439280 30294 replica.cpp:713] Persisted action at 4
I1124 14:31:32.439323 30294 replica.cpp:698] Replica learned TRUNCATE action at position 4
I1124 14:31:32.439617 30293 master.cpp:4288] Received update of slave 540f518e-1ba4-4f89-8b15-7b99ef53c093-S0 at slave(219)@172.17.6.149:52680 (c264cb162c79) with total oversubscribed resources 
I1124 14:31:32.440897 30294 master.cpp:6224] Sending checkpointed resources cpus(role, test-principal):1; mem(role, test-principal):512 to slave 540f518e-1ba4-4f89-8b15-7b99ef53c093-S0 at slave(219)@172.17.6.149:52680 (c264cb162c79)
I1124 14:31:32.441396 30298 hierarchical.cpp:436] Slave 540f518e-1ba4-4f89-8b15-7b99ef53c093-S0 (c264cb162c79) updated with oversubscribed resources  (total: cpus(*):1; mem(*):512; disk(*):1024; ports(*):[31000-32000]; cpus(role, test-principal):1; mem(role, test-principal):512, allocated: )
I1124 14:31:32.441532 30294 slave.cpp:2275] Updated checkpointed resources from  to cpus(role, test-principal):1; mem(role, test-principal):512
I1124 14:31:32.441783 30298 hierarchical.cpp:1066] No resources available to allocate!
I1124 14:31:32.441862 30298 hierarchical.cpp:1159] No inverse offers to send out!
I1124 14:31:32.441889 30298 hierarchical.cpp:977] Performed allocation for slave 540f518e-1ba4-4f89-8b15-7b99ef53c093-S0 in 427498ns
I1124 14:31:32.443641 30274 sched.cpp:164] Version: 0.27.0
I1124 14:31:32.444103 30303 sched.cpp:1261] Ignoring revive offers message as master is disconnected
I1124 14:31:32.444250 30304 sched.cpp:262] New master detected at master@172.17.6.149:52680
I1124 14:31:32.444331 30304 sched.cpp:318] Authenticating with master master@172.17.6.149:52680
I1124 14:31:32.444356 30304 sched.cpp:325] Using default CRAM-MD5 authenticatee
I1124 14:31:32.444573 30298 authenticatee.cpp:121] Creating new client SASL connection
I1124 14:31:32.444828 30297 master.cpp:5169] Authenticating scheduler-0ff32e9c-a0bb-4f1c-a2e6-580485a123be@172.17.6.149:52680
I1124 14:31:32.444926 30307 authenticator.cpp:413] Starting authentication session for crammd5_authenticatee(514)@172.17.6.149:52680
I1124 14:31:32.445137 30302 authenticator.cpp:98] Creating new server SASL connection
I1124 14:31:32.445329 30304 authenticatee.cpp:212] Received SASL authentication mechanisms: CRAM-MD5
I1124 14:31:32.445359 30304 authenticatee.cpp:238] Attempting to authenticate with mechanism 'CRAM-MD5'
I1124 14:31:32.445464 30294 authenticator.cpp:203] Received SASL authentication start
I1124 14:31:32.445531 30294 authenticator.cpp:325] Authentication requires more steps
I1124 14:31:32.445641 30304 authenticatee.cpp:258] Received SASL authentication step
I1124 14:31:32.445760 30294 authenticator.cpp:231] Received SASL authentication step
I1124 14:31:32.445794 30294 auxprop.cpp:107] Request to lookup properties for user: 'test-principal' realm: 'c264cb162c79' server FQDN: 'c264cb162c79' SASL_AUXPROP_VERIFY_AGAINST_HASH: false SASL_AUXPROP_OVERRIDE: false SASL_AUXPROP_AUTHZID: false 
I1124 14:31:32.445811 30294 auxprop.cpp:179] Looking up auxiliary property '*userPassword'
I1124 14:31:32.445849 30294 auxprop.cpp:179] Looking up auxiliary property '*cmusaslsecretCRAM-MD5'
I1124 14:31:32.445875 30294 auxprop.cpp:107] Request to lookup properties for user: 'test-principal' realm: 'c264cb162c79' server FQDN: 'c264cb162c79' SASL_AUXPROP_VERIFY_AGAINST_HASH: false SASL_AUXPROP_OVERRIDE: false SASL_AUXPROP_AUTHZID: true 
I1124 14:31:32.445885 30294 auxprop.cpp:129] Skipping auxiliary property '*userPassword' since SASL_AUXPROP_AUTHZID == true
I1124 14:31:32.445890 30294 auxprop.cpp:129] Skipping auxiliary property '*cmusaslsecretCRAM-MD5' since SASL_AUXPROP_AUTHZID == true
I1124 14:31:32.445904 30294 authenticator.cpp:317] Authentication success
I1124 14:31:32.446023 30303 authenticatee.cpp:298] Authentication success
I1124 14:31:32.446034 30308 master.cpp:5199] Successfully authenticated principal 'test-principal' at scheduler-0ff32e9c-a0bb-4f1c-a2e6-580485a123be@172.17.6.149:52680
I1124 14:31:32.446112 30302 authenticator.cpp:431] Authentication session cleanup for crammd5_authenticatee(514)@172.17.6.149:52680
I1124 14:31:32.446387 30299 sched.cpp:407] Successfully authenticated with master master@172.17.6.149:52680
I1124 14:31:32.446409 30299 sched.cpp:714] Sending SUBSCRIBE call to master@172.17.6.149:52680
I1124 14:31:32.446502 30299 sched.cpp:747] Will retry registration in 22.168105ms if necessary
I1124 14:31:32.446610 30308 master.cpp:2195] Received SUBSCRIBE call for framework 'default' at scheduler-0ff32e9c-a0bb-4f1c-a2e6-580485a123be@172.17.6.149:52680
I1124 14:31:32.446663 30308 master.cpp:1664] Authorizing framework principal 'test-principal' to receive offers for role 'role'
I1124 14:31:32.446889 30293 master.cpp:2266] Subscribing framework default with checkpointing disabled and capabilities [  ]
I1124 14:31:32.447237 30297 hierarchical.cpp:220] Added framework 540f518e-1ba4-4f89-8b15-7b99ef53c093-0000
I1124 14:31:32.447360 30304 sched.cpp:641] Framework registered with 540f518e-1ba4-4f89-8b15-7b99ef53c093-0000
I1124 14:31:32.447406 30304 sched.cpp:655] Scheduler::registered took 20613ns
I1124 14:31:32.448019 30297 hierarchical.cpp:1159] No inverse offers to send out!
I1124 14:31:32.448055 30297 hierarchical.cpp:961] Performed allocation for 1 slaves in 792842ns
I1124 14:31:32.448572 30294 master.cpp:4998] Sending 1 offers to framework 540f518e-1ba4-4f89-8b15-7b99ef53c093-0000 (default) at scheduler-0ff32e9c-a0bb-4f1c-a2e6-580485a123be@172.17.6.149:52680
I1124 14:31:32.449141 30293 sched.cpp:811] Scheduler::resourceOffers took 122685ns
I1124 14:31:32.451211 30305 master.cpp:2934] Processing ACCEPT call for offers: [ 540f518e-1ba4-4f89-8b15-7b99ef53c093-O0 ] on slave 540f518e-1ba4-4f89-8b15-7b99ef53c093-S0 at slave(219)@172.17.6.149:52680 (c264cb162c79) for framework 540f518e-1ba4-4f89-8b15-7b99ef53c093-0000 (default) at scheduler-0ff32e9c-a0bb-4f1c-a2e6-580485a123be@172.17.6.149:52680
I1124 14:31:32.451257 30305 master.cpp:2730] Authorizing framework principal 'test-principal' to launch task 981ca865-a5f9-42c6-8090-eaf909f78186 as user 'mesos'
I1124 14:31:32.452697 30296 master.hpp:176] Adding task 981ca865-a5f9-42c6-8090-eaf909f78186 with resources cpus(role, test-principal):1; mem(role, test-principal):128 on slave 540f518e-1ba4-4f89-8b15-7b99ef53c093-S0 (c264cb162c79)
I1124 14:31:32.452819 30296 master.cpp:3264] Launching task 981ca865-a5f9-42c6-8090-eaf909f78186 of framework 540f518e-1ba4-4f89-8b15-7b99ef53c093-0000 (default) at scheduler-0ff32e9c-a0bb-4f1c-a2e6-580485a123be@172.17.6.149:52680 with resources cpus(role, test-principal):1; mem(role, test-principal):128 on slave 540f518e-1ba4-4f89-8b15-7b99ef53c093-S0 at slave(219)@172.17.6.149:52680 (c264cb162c79)
I1124 14:31:32.453191 30305 slave.cpp:1292] Got assigned task 981ca865-a5f9-42c6-8090-eaf909f78186 for framework 540f518e-1ba4-4f89-8b15-7b99ef53c093-0000
I1124 14:31:32.453485 30305 resources.cpp:472] Parsing resources as JSON failed: cpus:0.1;mem:32
Trying semicolon-delimited string format instead
I1124 14:31:32.453652 30303 hierarchical.cpp:793] Recovered cpus(*):1; mem(*):512; disk(*):1024; ports(*):[31000-32000]; mem(role, test-principal):384 (total: cpus(*):1; mem(*):512; disk(*):1024; ports(*):[31000-32000]; cpus(role, test-principal):1; mem(role, test-principal):512, allocated: cpus(role, test-principal):1; mem(role, test-principal):128) on slave 540f518e-1ba4-4f89-8b15-7b99ef53c093-S0 from framework 540f518e-1ba4-4f89-8b15-7b99ef53c093-0000
I1124 14:31:32.453729 30303 hierarchical.cpp:830] Framework 540f518e-1ba4-4f89-8b15-7b99ef53c093-0000 filtered slave 540f518e-1ba4-4f89-8b15-7b99ef53c093-S0 for 5secs
I1124 14:31:32.454195 30305 slave.cpp:1411] Launching task 981ca865-a5f9-42c6-8090-eaf909f78186 for framework 540f518e-1ba4-4f89-8b15-7b99ef53c093-0000
I1124 14:31:32.454306 30305 resources.cpp:472] Parsing resources as JSON failed: cpus:0.1;mem:32
Trying semicolon-delimited string format instead
I1124 14:31:32.455086 30305 paths.cpp:434] Trying to chown '/tmp/ReservationEndpointsTest_UnreserveAvailableAndOfferedResources_N4vdsa/slaves/540f518e-1ba4-4f89-8b15-7b99ef53c093-S0/frameworks/540f518e-1ba4-4f89-8b15-7b99ef53c093-0000/executors/981ca865-a5f9-42c6-8090-eaf909f78186/runs/8544eb55-baa8-495a-98e7-565ec58da673' to user 'mesos'
I1124 14:31:32.462555 30305 slave.cpp:5043] Launching executor 981ca865-a5f9-42c6-8090-eaf909f78186 of framework 540f518e-1ba4-4f89-8b15-7b99ef53c093-0000 with resources cpus(*):0.1; mem(*):32 in work directory '/tmp/ReservationEndpointsTest_UnreserveAvailableAndOfferedResources_N4vdsa/slaves/540f518e-1ba4-4f89-8b15-7b99ef53c093-S0/frameworks/540f518e-1ba4-4f89-8b15-7b99ef53c093-0000/executors/981ca865-a5f9-42c6-8090-eaf909f78186/runs/8544eb55-baa8-495a-98e7-565ec58da673'
I1124 14:31:32.463389 30296 containerizer.cpp:617] Starting container '8544eb55-baa8-495a-98e7-565ec58da673' for executor '981ca865-a5f9-42c6-8090-eaf909f78186' of framework '540f518e-1ba4-4f89-8b15-7b99ef53c093-0000'
I1124 14:31:32.463459 30305 slave.cpp:1629] Queuing task '981ca865-a5f9-42c6-8090-eaf909f78186' for executor '981ca865-a5f9-42c6-8090-eaf909f78186' of framework 540f518e-1ba4-4f89-8b15-7b99ef53c093-0000
I1124 14:31:32.463846 30305 slave.cpp:680] Successfully attached file '/tmp/ReservationEndpointsTest_UnreserveAvailableAndOfferedResources_N4vdsa/slaves/540f518e-1ba4-4f89-8b15-7b99ef53c093-S0/frameworks/540f518e-1ba4-4f89-8b15-7b99ef53c093-0000/executors/981ca865-a5f9-42c6-8090-eaf909f78186/runs/8544eb55-baa8-495a-98e7-565ec58da673'
I1124 14:31:32.468849 30301 launcher.cpp:132] Forked child with pid '3901' for container '8544eb55-baa8-495a-98e7-565ec58da673'
WARNING: Logging before InitGoogleLogging() is written to STDERR
I1124 14:31:32.614969  3915 process.cpp:936] libprocess is initialized on 172.17.6.149:55307 for 16 cpus
I1124 14:31:32.615892  3915 logging.cpp:175] Logging to STDERR
I1124 14:31:32.617889  3915 exec.cpp:134] Version: 0.27.0
I1124 14:31:32.627719  3936 exec.cpp:184] Executor started at: executor(1)@172.17.6.149:55307 with pid 3915
I1124 14:31:32.630262 30298 slave.cpp:2406] Got registration for executor '981ca865-a5f9-42c6-8090-eaf909f78186' of framework 540f518e-1ba4-4f89-8b15-7b99ef53c093-0000 from executor(1)@172.17.6.149:55307
I1124 14:31:32.632133 30293 slave.cpp:1794] Sending queued task '981ca865-a5f9-42c6-8090-eaf909f78186' to executor '981ca865-a5f9-42c6-8090-eaf909f78186' of framework 540f518e-1ba4-4f89-8b15-7b99ef53c093-0000 at executor(1)@172.17.6.149:55307
I1124 14:31:32.632527  3933 exec.cpp:208] Executor registered on slave 540f518e-1ba4-4f89-8b15-7b99ef53c093-S0
Registered executor on c264cb162c79
I1124 14:31:32.634414  3933 exec.cpp:220] Executor::registered took 256013ns
I1124 14:31:32.634769  3933 exec.cpp:295] Executor asked to run task '981ca865-a5f9-42c6-8090-eaf909f78186'
I1124 14:31:32.634874  3933 exec.cpp:304] Executor::launchTask took 75212ns
Starting task 981ca865-a5f9-42c6-8090-eaf909f78186
Forked command at 3946
sh -c 'sleep 1000'
I1124 14:31:32.638731  3939 exec.cpp:517] Executor sending status update TASK_RUNNING (UUID: 574d2d42-c323-4733-9982-f4398c654776) for task 981ca865-a5f9-42c6-8090-eaf909f78186 of framework 540f518e-1ba4-4f89-8b15-7b99ef53c093-0000
I1124 14:31:32.639981 30298 slave.cpp:2763] Handling status update TASK_RUNNING (UUID: 574d2d42-c323-4733-9982-f4398c654776) for task 981ca865-a5f9-42c6-8090-eaf909f78186 of framework 540f518e-1ba4-4f89-8b15-7b99ef53c093-0000 from executor(1)@172.17.6.149:55307
I1124 14:31:32.640444 30296 status_update_manager.cpp:320] Received status update TASK_RUNNING (UUID: 574d2d42-c323-4733-9982-f4398c654776) for task 981ca865-a5f9-42c6-8090-eaf909f78186 of framework 540f518e-1ba4-4f89-8b15-7b99ef53c093-0000
I1124 14:31:32.640498 30296 status_update_manager.cpp:497] Creating StatusUpdate stream for task 981ca865-a5f9-42c6-8090-eaf909f78186 of framework 540f518e-1ba4-4f89-8b15-7b99ef53c093-0000
I1124 14:31:32.640938 30296 status_update_manager.cpp:374] Forwarding update TASK_RUNNING (UUID: 574d2d42-c323-4733-9982-f4398c654776) for task 981ca865-a5f9-42c6-8090-eaf909f78186 of framework 540f518e-1ba4-4f89-8b15-7b99ef53c093-0000 to the slave
I1124 14:31:32.641361 30301 slave.cpp:3115] Forwarding the update TASK_RUNNING (UUID: 574d2d42-c323-4733-9982-f4398c654776) for task 981ca865-a5f9-42c6-8090-eaf909f78186 of framework 540f518e-1ba4-4f89-8b15-7b99ef53c093-0000 to master@172.17.6.149:52680
I1124 14:31:32.641582 30301 slave.cpp:3009] Status update manager successfully handled status update TASK_RUNNING (UUID: 574d2d42-c323-4733-9982-f4398c654776) for task 981ca865-a5f9-42c6-8090-eaf909f78186 of framework 540f518e-1ba4-4f89-8b15-7b99ef53c093-0000
I1124 14:31:32.641636 30301 slave.cpp:3025] Sending acknowledgement for status update TASK_RUNNING (UUID: 574d2d42-c323-4733-9982-f4398c654776) for task 981ca865-a5f9-42c6-8090-eaf909f78186 of framework 540f518e-1ba4-4f89-8b15-7b99ef53c093-0000 to executor(1)@172.17.6.149:55307
I1124 14:31:32.641923 30306 master.cpp:4433] Status update TASK_RUNNING (UUID: 574d2d42-c323-4733-9982-f4398c654776) for task 981ca865-a5f9-42c6-8090-eaf909f78186 of framework 540f518e-1ba4-4f89-8b15-7b99ef53c093-0000 from slave 540f518e-1ba4-4f89-8b15-7b99ef53c093-S0 at slave(219)@172.17.6.149:52680 (c264cb162c79)
I1124 14:31:32.642014 30306 master.cpp:4481] Forwarding status update TASK_RUNNING (UUID: 574d2d42-c323-4733-9982-f4398c654776) for task 981ca865-a5f9-42c6-8090-eaf909f78186 of framework 540f518e-1ba4-4f89-8b15-7b99ef53c093-0000
I1124 14:31:32.642205 30306 master.cpp:6085] Updating the state of task 981ca865-a5f9-42c6-8090-eaf909f78186 of framework 540f518e-1ba4-4f89-8b15-7b99ef53c093-0000 (latest state: TASK_RUNNING, status update state: TASK_RUNNING)
I1124 14:31:32.642366 30298 sched.cpp:919] Scheduler::statusUpdate took 38074ns
I1124 14:31:32.642711 30307 master.cpp:3590] Processing ACKNOWLEDGE call 574d2d42-c323-4733-9982-f4398c654776 for task 981ca865-a5f9-42c6-8090-eaf909f78186 of framework 540f518e-1ba4-4f89-8b15-7b99ef53c093-0000 (default) at scheduler-0ff32e9c-a0bb-4f1c-a2e6-580485a123be@172.17.6.149:52680 on slave 540f518e-1ba4-4f89-8b15-7b99ef53c093-S0
I1124 14:31:32.642789  3932 exec.cpp:341] Executor received status update acknowledgement 574d2d42-c323-4733-9982-f4398c654776 for task 981ca865-a5f9-42c6-8090-eaf909f78186 of framework 540f518e-1ba4-4f89-8b15-7b99ef53c093-0000
I1124 14:31:32.643095 30307 status_update_manager.cpp:392] Received status update acknowledgement (UUID: 574d2d42-c323-4733-9982-f4398c654776) for task 981ca865-a5f9-42c6-8090-eaf909f78186 of framework 540f518e-1ba4-4f89-8b15-7b99ef53c093-0000
I1124 14:31:32.643564 30304 slave.cpp:2346] Status update manager successfully handled status update acknowledgement (UUID: 574d2d42-c323-4733-9982-f4398c654776) for task 981ca865-a5f9-42c6-8090-eaf909f78186 of framework 540f518e-1ba4-4f89-8b15-7b99ef53c093-0000
I1124 14:31:32.644278 30308 master.cpp:3395] Processing REVIVE call for framework 540f518e-1ba4-4f89-8b15-7b99ef53c093-0000 (default) at scheduler-0ff32e9c-a0bb-4f1c-a2e6-580485a123be@172.17.6.149:52680
I1124 14:31:32.644439 30308 hierarchical.cpp:886] Removed offer filters for framework 540f518e-1ba4-4f89-8b15-7b99ef53c093-0000
I1124 14:31:32.645293 30308 hierarchical.cpp:1159] No inverse offers to send out!
I1124 14:31:32.645335 30308 hierarchical.cpp:961] Performed allocation for 1 slaves in 872704ns
I1124 14:31:32.645678 30306 master.cpp:4998] Sending 1 offers to framework 540f518e-1ba4-4f89-8b15-7b99ef53c093-0000 (default) at scheduler-0ff32e9c-a0bb-4f1c-a2e6-580485a123be@172.17.6.149:52680
I1124 14:31:32.646204 30297 sched.cpp:811] Scheduler::resourceOffers took 109082ns
I1124 14:31:32.646776 30299 master.cpp:3498] Telling slave 540f518e-1ba4-4f89-8b15-7b99ef53c093-S0 at slave(219)@172.17.6.149:52680 (c264cb162c79) to kill task 981ca865-a5f9-42c6-8090-eaf909f78186 of framework 540f518e-1ba4-4f89-8b15-7b99ef53c093-0000 (default) at scheduler-0ff32e9c-a0bb-4f1c-a2e6-580485a123be@172.17.6.149:52680
I1124 14:31:32.646927 30294 slave.cpp:1822] Asked to kill task 981ca865-a5f9-42c6-8090-eaf909f78186 of framework 540f518e-1ba4-4f89-8b15-7b99ef53c093-0000
I1124 14:31:32.647976  3937 exec.cpp:315] Executor asked to kill task '981ca865-a5f9-42c6-8090-eaf909f78186'
I1124 14:31:32.648072  3937 exec.cpp:324] Executor::killTask took 61578ns
Shutting down
Sending SIGTERM to process tree at pid 3946
Killing the following process trees:
[ 
-+- 3946 sh -c sleep 1000 
 \--- 3947 sleep 1000 
]
Command terminated with signal Terminated (pid: 3946)
I1124 14:31:32.738593  3939 exec.cpp:517] Executor sending status update TASK_KILLED (UUID: 26f9ee98-2124-44d0-93f0-4537c828a375) for task 981ca865-a5f9-42c6-8090-eaf909f78186 of framework 540f518e-1ba4-4f89-8b15-7b99ef53c093-0000
I1124 14:31:32.739966 30306 slave.cpp:2763] Handling status update TASK_KILLED (UUID: 26f9ee98-2124-44d0-93f0-4537c828a375) for task 981ca865-a5f9-42c6-8090-eaf909f78186 of framework 540f518e-1ba4-4f89-8b15-7b99ef53c093-0000 from executor(1)@172.17.6.149:55307
I1124 14:31:32.740249 30306 slave.cpp:5342] Terminating task 981ca865-a5f9-42c6-8090-eaf909f78186
I1124 14:31:32.741641 30299 status_update_manager.cpp:320] Received status update TASK_KILLED (UUID: 26f9ee98-2124-44d0-93f0-4537c828a375) for task 981ca865-a5f9-42c6-8090-eaf909f78186 of framework 540f518e-1ba4-4f89-8b15-7b99ef53c093-0000
I1124 14:31:32.741881 30299 status_update_manager.cpp:374] Forwarding update TASK_KILLED (UUID: 26f9ee98-2124-44d0-93f0-4537c828a375) for task 981ca865-a5f9-42c6-8090-eaf909f78186 of framework 540f518e-1ba4-4f89-8b15-7b99ef53c093-0000 to the slave
I1124 14:31:32.742216 30297 slave.cpp:3115] Forwarding the update TASK_KILLED (UUID: 26f9ee98-2124-44d0-93f0-4537c828a375) for task 981ca865-a5f9-42c6-8090-eaf909f78186 of framework 540f518e-1ba4-4f89-8b15-7b99ef53c093-0000 to master@172.17.6.149:52680
I1124 14:31:32.742477 30297 slave.cpp:3009] Status update manager successfully handled status update TASK_KILLED (UUID: 26f9ee98-2124-44d0-93f0-4537c828a375) for task 981ca865-a5f9-42c6-8090-eaf909f78186 of framework 540f518e-1ba4-4f89-8b15-7b99ef53c093-0000
I1124 14:31:32.742528 30297 slave.cpp:3025] Sending acknowledgement for status update TASK_KILLED (UUID: 26f9ee98-2124-44d0-93f0-4537c828a375) for task 981ca865-a5f9-42c6-8090-eaf909f78186 of framework 540f518e-1ba4-4f89-8b15-7b99ef53c093-0000 to executor(1)@172.17.6.149:55307
I1124 14:31:32.742624 30299 master.cpp:4433] Status update TASK_KILLED (UUID: 26f9ee98-2124-44d0-93f0-4537c828a375) for task 981ca865-a5f9-42c6-8090-eaf909f78186 of framework 540f518e-1ba4-4f89-8b15-7b99ef53c093-0000 from slave 540f518e-1ba4-4f89-8b15-7b99ef53c093-S0 at slave(219)@172.17.6.149:52680 (c264cb162c79)
I1124 14:31:32.742676 30299 master.cpp:4481] Forwarding status update TASK_KILLED (UUID: 26f9ee98-2124-44d0-93f0-4537c828a375) for task 981ca865-a5f9-42c6-8090-eaf909f78186 of framework 540f518e-1ba4-4f89-8b15-7b99ef53c093-0000
I1124 14:31:32.742945 30299 master.cpp:6085] Updating the state of task 981ca865-a5f9-42c6-8090-eaf909f78186 of framework 540f518e-1ba4-4f89-8b15-7b99ef53c093-0000 (latest state: TASK_KILLED, status update state: TASK_KILLED)
I1124 14:31:32.743191 30297 sched.cpp:919] Scheduler::statusUpdate took 26231ns
I1124 14:31:32.743536 30297 hierarchical.cpp:793] Recovered cpus(role, test-principal):1; mem(role, test-principal):128 (total: cpus(*):1; mem(*):512; disk(*):1024; ports(*):[31000-32000]; cpus(role, test-principal):1; mem(role, test-principal):512, allocated: mem(role, test-principal):384; cpus(*):1; mem(*):512; disk(*):1024; ports(*):[31000-32000]) on slave 540f518e-1ba4-4f89-8b15-7b99ef53c093-S0 from framework 540f518e-1ba4-4f89-8b15-7b99ef53c093-0000
I1124 14:31:32.743746 30299 master.cpp:3590] Processing ACKNOWLEDGE call 26f9ee98-2124-44d0-93f0-4537c828a375 for task 981ca865-a5f9-42c6-8090-eaf909f78186 of framework 540f518e-1ba4-4f89-8b15-7b99ef53c093-0000 (default) at scheduler-0ff32e9c-a0bb-4f1c-a2e6-580485a123be@172.17.6.149:52680 on slave 540f518e-1ba4-4f89-8b15-7b99ef53c093-S0
I1124 14:31:32.743865 30299 master.cpp:6151] Removing task 981ca865-a5f9-42c6-8090-eaf909f78186 with resources cpus(role, test-principal):1; mem(role, test-principal):128 of framework 540f518e-1ba4-4f89-8b15-7b99ef53c093-0000 on slave 540f518e-1ba4-4f89-8b15-7b99ef53c093-S0 at slave(219)@172.17.6.149:52680 (c264cb162c79)
I1124 14:31:32.744144  3932 exec.cpp:341] Executor received status update acknowledgement 26f9ee98-2124-44d0-93f0-4537c828a375 for task 981ca865-a5f9-42c6-8090-eaf909f78186 of framework 540f518e-1ba4-4f89-8b15-7b99ef53c093-0000
I1124 14:31:32.744676 30299 status_update_manager.cpp:392] Received status update acknowledgement (UUID: 26f9ee98-2124-44d0-93f0-4537c828a375) for task 981ca865-a5f9-42c6-8090-eaf909f78186 of framework 540f518e-1ba4-4f89-8b15-7b99ef53c093-0000
I1124 14:31:32.745034 30299 status_update_manager.cpp:528] Cleaning up status update stream for task 981ca865-a5f9-42c6-8090-eaf909f78186 of framework 540f518e-1ba4-4f89-8b15-7b99ef53c093-0000
I1124 14:31:32.745612 30299 slave.cpp:2346] Status update manager successfully handled status update acknowledgement (UUID: 26f9ee98-2124-44d0-93f0-4537c828a375) for task 981ca865-a5f9-42c6-8090-eaf909f78186 of framework 540f518e-1ba4-4f89-8b15-7b99ef53c093-0000
I1124 14:31:32.745776 30299 slave.cpp:5383] Completing task 981ca865-a5f9-42c6-8090-eaf909f78186
I1124 14:31:32.746186 30295 process.cpp:3067] Handling HTTP event for process 'master' with path: '/master/unreserve'
I1124 14:31:32.746253 30295 http.cpp:336] HTTP POST for /master/unreserve from 172.17.6.149:46936
I1124 14:31:32.747879 30307 hierarchical.cpp:793] Recovered cpus(*):1; mem(*):512; disk(*):1024; ports(*):[31000-32000]; mem(role, test-principal):384 (total: cpus(*):1; mem(*):512; disk(*):1024; ports(*):[31000-32000]; cpus(role, test-principal):1; mem(role, test-principal):512, allocated: ) on slave 540f518e-1ba4-4f89-8b15-7b99ef53c093-S0 from framework 540f518e-1ba4-4f89-8b15-7b99ef53c093-0000
I1124 14:31:32.748006 30307 hierarchical.cpp:830] Framework 540f518e-1ba4-4f89-8b15-7b99ef53c093-0000 filtered slave 540f518e-1ba4-4f89-8b15-7b99ef53c093-S0 for 5secs
I1124 14:31:32.748070 30299 sched.cpp:837] Rescinded offer 540f518e-1ba4-4f89-8b15-7b99ef53c093-O1
I1124 14:31:32.748138 30299 sched.cpp:848] Scheduler::offerRescinded took 21855ns
I1124 14:31:32.749619 30305 master.cpp:6224] Sending checkpointed resources  to slave 540f518e-1ba4-4f89-8b15-7b99ef53c093-S0 at slave(219)@172.17.6.149:52680 (c264cb162c79)
I1124 14:31:32.750159 30305 slave.cpp:2275] Updated checkpointed resources from cpus(role, test-principal):1; mem(role, test-principal):512 to 
I1124 14:31:32.754276 30296 master.cpp:3395] Processing REVIVE call for framework 540f518e-1ba4-4f89-8b15-7b99ef53c093-0000 (default) at scheduler-0ff32e9c-a0bb-4f1c-a2e6-580485a123be@172.17.6.149:52680
I1124 14:31:32.754508 30305 hierarchical.cpp:886] Removed offer filters for framework 540f518e-1ba4-4f89-8b15-7b99ef53c093-0000
I1124 14:31:32.755517 30305 hierarchical.cpp:1159] No inverse offers to send out!
I1124 14:31:32.755565 30305 hierarchical.cpp:961] Performed allocation for 1 slaves in 1.0104ms
I1124 14:31:32.755949 30298 master.cpp:4998] Sending 1 offers to framework 540f518e-1ba4-4f89-8b15-7b99ef53c093-0000 (default) at scheduler-0ff32e9c-a0bb-4f1c-a2e6-580485a123be@172.17.6.149:52680
I1124 14:31:32.756631 30298 sched.cpp:811] Scheduler::resourceOffers took 128650ns
I1124 14:31:32.757311 30274 sched.cpp:1803] Asked to stop the driver
I1124 14:31:32.757488 30303 sched.cpp:1041] Stopping framework '540f518e-1ba4-4f89-8b15-7b99ef53c093-0000'
I1124 14:31:32.757752 30295 master.cpp:5566] Processing TEARDOWN call for framework 540f518e-1ba4-4f89-8b15-7b99ef53c093-0000 (default) at scheduler-0ff32e9c-a0bb-4f1c-a2e6-580485a123be@172.17.6.149:52680
I1124 14:31:32.757786 30295 master.cpp:5578] Removing framework 540f518e-1ba4-4f89-8b15-7b99ef53c093-0000 (default) at scheduler-0ff32e9c-a0bb-4f1c-a2e6-580485a123be@172.17.6.149:52680
I1124 14:31:32.758023 30294 hierarchical.cpp:303] Deactivated framework 540f518e-1ba4-4f89-8b15-7b99ef53c093-0000
I1124 14:31:32.758117 30296 slave.cpp:2010] Asked to shut down framework 540f518e-1ba4-4f89-8b15-7b99ef53c093-0000 by master@172.17.6.149:52680
I1124 14:31:32.758167 30296 slave.cpp:2035] Shutting down framework 540f518e-1ba4-4f89-8b15-7b99ef53c093-0000
I1124 14:31:32.758249 30296 slave.cpp:3891] Shutting down executor '981ca865-a5f9-42c6-8090-eaf909f78186' of framework 540f518e-1ba4-4f89-8b15-7b99ef53c093-0000 at executor(1)@172.17.6.149:55307
I1124 14:31:32.758635 30302 hierarchical.cpp:793] Recovered cpus(*):2; mem(*):1024; disk(*):1024; ports(*):[31000-32000] (total: cpus(*):2; mem(*):1024; disk(*):1024; ports(*):[31000-32000], allocated: ) on slave 540f518e-1ba4-4f89-8b15-7b99ef53c093-S0 from framework 540f518e-1ba4-4f89-8b15-7b99ef53c093-0000
I1124 14:31:32.758935 30302 hierarchical.cpp:260] Removed framework 540f518e-1ba4-4f89-8b15-7b99ef53c093-0000
I1124 14:31:32.759083 30304 master.cpp:926] Master terminating
I1124 14:31:32.759553 30303 hierarchical.cpp:410] Removed slave 540f518e-1ba4-4f89-8b15-7b99ef53c093-S0
I1124 14:31:32.759668  3938 exec.cpp:381] Executor asked to shutdown
I1124 14:31:32.759775  3938 exec.cpp:396] Executor::shutdown took 14378ns
I1124 14:31:32.759929  3938 exec.cpp:80] Scheduling shutdown of the executor
I1124 14:31:32.760166 30304 slave.cpp:3243] master@172.17.6.149:52680 exited
W1124 14:31:32.760193 30304 slave.cpp:3246] Master disconnected! Waiting for a new master to be elected
I1124 14:31:32.764683 30297 containerizer.cpp:1073] Destroying container '8544eb55-baa8-495a-98e7-565ec58da673'
I1124 14:31:32.774528 30299 containerizer.cpp:1256] Executor for container '8544eb55-baa8-495a-98e7-565ec58da673' has exited
I1124 14:31:32.776396 30296 slave.cpp:3581] Executor '981ca865-a5f9-42c6-8090-eaf909f78186' of framework 540f518e-1ba4-4f89-8b15-7b99ef53c093-0000 terminated with signal Killed
I1124 14:31:32.776568 30296 slave.cpp:3685] Cleaning up executor '981ca865-a5f9-42c6-8090-eaf909f78186' of framework 540f518e-1ba4-4f89-8b15-7b99ef53c093-0000 at executor(1)@172.17.6.149:55307
I1124 14:31:32.776974 30298 gc.cpp:54] Scheduling '/tmp/ReservationEndpointsTest_UnreserveAvailableAndOfferedResources_N4vdsa/slaves/540f518e-1ba4-4f89-8b15-7b99ef53c093-S0/frameworks/540f518e-1ba4-4f89-8b15-7b99ef53c093-0000/executors/981ca865-a5f9-42c6-8090-eaf909f78186/runs/8544eb55-baa8-495a-98e7-565ec58da673' for gc 6.99999100884444days in the future
I1124 14:31:32.777122 30296 slave.cpp:3773] Cleaning up framework 540f518e-1ba4-4f89-8b15-7b99ef53c093-0000
I1124 14:31:32.777163 30298 gc.cpp:54] Scheduling '/tmp/ReservationEndpointsTest_UnreserveAvailableAndOfferedResources_N4vdsa/slaves/540f518e-1ba4-4f89-8b15-7b99ef53c093-S0/frameworks/540f518e-1ba4-4f89-8b15-7b99ef53c093-0000/executors/981ca865-a5f9-42c6-8090-eaf909f78186' for gc 6.99999100695704days in the future
I1124 14:31:32.777220 30301 status_update_manager.cpp:282] Closing status update streams for framework 540f518e-1ba4-4f89-8b15-7b99ef53c093-0000
I1124 14:31:32.777307 30296 slave.cpp:599] Slave terminating
I1124 14:31:32.777298 30298 gc.cpp:54] Scheduling '/tmp/ReservationEndpointsTest_UnreserveAvailableAndOfferedResources_N4vdsa/slaves/540f518e-1ba4-4f89-8b15-7b99ef53c093-S0/frameworks/540f518e-1ba4-4f89-8b15-7b99ef53c093-0000' for gc 6.99999100426074days in the future
[       OK ] ReservationEndpointsTest.UnreserveAvailableAndOfferedResources (409 ms)
{code}
