I0211 21:14:48.870980 21144 process.cpp:1010] Socket closed while receiving
I0211 21:14:48.871078 21136 exec.cpp:292] Executor asked to run task '3'
Running task 4
I0211 21:14:48.871618 21133 exec.cpp:301] Executor::launchTask took 669868ns
Sending status update...
Running task 3
Sent status update
Sending status update...
Sent status update
I0211 21:14:48.872700 21134 exec.cpp:524] Executor sending status update TASK_RUNNING (UUID: 1402086c-13c6-4892-a87a-603864039b45) for task 4 of framework 2014-02-11-21:14:47-160088899-53443-21045-0000
I0211 21:14:48.872844 21136 exec.cpp:301] Executor::launchTask took 1.735607ms
I0211 21:14:48.872951 21057 slave.cpp:1765] Handling status update TASK_RUNNING (UUID: 1402086c-13c6-4892-a87a-603864039b45) for task 4 of framework 2014-02-11-21:14:47-160088899-53443-21045-0000 from executor(1)@67.195.138.9:55901
I0211 21:14:48.873046 21055 status_update_manager.cpp:314] Received status update TASK_RUNNING (UUID: 1402086c-13c6-4892-a87a-603864039b45) for task 4 of framework 2014-02-11-21:14:47-160088899-53443-21045-0000
I0211 21:14:48.873066 21055 status_update_manager.cpp:493] Creating StatusUpdate stream for task 4 of framework 2014-02-11-21:14:47-160088899-53443-21045-0000
I0211 21:14:48.873123 21055 status_update_manager.cpp:367] Forwarding status update TASK_RUNNING (UUID: 1402086c-13c6-4892-a87a-603864039b45) for task 4 of framework 2014-02-11-21:14:47-160088899-53443-21045-0000 to master@67.195.138.9:53443
I0211 21:14:48.873214 21057 master.cpp:2026] Status update TASK_RUNNING (UUID: 1402086c-13c6-4892-a87a-603864039b45) for task 4 of framework 2014-02-11-21:14:47-160088899-53443-21045-0000 from slave(1)@67.195.138.9:53443
I0211 21:14:48.873245 21058 slave.cpp:1884] Status update manager successfully handled status update TASK_RUNNING (UUID: 1402086c-13c6-4892-a87a-603864039b45) for task 4 of framework 2014-02-11-21:14:47-160088899-53443-21045-0000
I0211 21:14:48.873268 21058 slave.cpp:1890] Sending acknowledgement for status update TASK_RUNNING (UUID: 1402086c-13c6-4892-a87a-603864039b45) for task 4 of framework 2014-02-11-21:14:47-160088899-53443-21045-0000 to executor(1)@67.195.138.9:55901
I0211 21:14:48.873344 21055 sched.cpp:616] Scheduler::statusUpdate took 109430ns
I0211 21:14:48.873440 21055 status_update_manager.cpp:392] Received status update acknowledgement (UUID: 1402086c-13c6-4892-a87a-603864039b45) for task 4 of framework 2014-02-11-21:14:47-160088899-53443-21045-0000
I0211 21:14:48.873472 21135 process.cpp:1010] Socket closed while receiving
I0211 21:14:48.873497 21057 slave.cpp:1371] Status update manager successfully handled status update acknowledgement (UUID: 1402086c-13c6-4892-a87a-603864039b45) for task 4 of framework 2014-02-11-21:14:47-160088899-53443-21045-0000
I0211 21:14:48.874042 21134 exec.cpp:524] Executor sending status update TASK_FINISHED (UUID: 9ef8e17e-8569-41fc-93f2-df09a42bf876) for task 4 of framework 2014-02-11-21:14:47-160088899-53443-21045-0000
I0211 21:14:48.874084 21134 exec.cpp:338] Executor received status update acknowledgement 1402086c-13c6-4892-a87a-603864039b45 for task 4 of framework 2014-02-11-21:14:47-160088899-53443-21045-0000
I0211 21:14:48.874217 21055 slave.cpp:1765] Handling status update TASK_FINISHED (UUID: 9ef8e17e-8569-41fc-93f2-df09a42bf876) for task 4 of framework 2014-02-11-21:14:47-160088899-53443-21045-0000 from executor(1)@67.195.138.9:55901
I0211 21:14:48.874234 21055 slave.cpp:3214] Terminating task 4
I0211 21:14:48.874250 21136 exec.cpp:524] Executor sending status update TASK_RUNNING (UUID: 14454a53-c4e5-49bd-be22-cc119dbf206e) for task 3 of framework 2014-02-11-21:14:47-160088899-53443-21045-0000
I0211 21:14:48.874305 21055 status_update_manager.cpp:314] Received status update TASK_FINISHED (UUID: 9ef8e17e-8569-41fc-93f2-df09a42bf876) for task 4 of framework 2014-02-11-21:14:47-160088899-53443-21045-0000
I0211 21:14:48.874326 21055 status_update_manager.cpp:367] Forwarding status update TASK_FINISHED (UUID: 9ef8e17e-8569-41fc-93f2-df09a42bf876) for task 4 of framework 2014-02-11-21:14:47-160088899-53443-21045-0000 to master@67.195.138.9:53443
I0211 21:14:48.874400 21055 slave.cpp:1765] Handling status update TASK_RUNNING (UUID: 14454a53-c4e5-49bd-be22-cc119dbf206e) for task 3 of framework 2014-02-11-21:14:47-160088899-53443-21045-0000 from executor(1)@67.195.138.9:43514
I0211 21:14:48.874440 21052 master.cpp:2026] Status update TASK_FINISHED (UUID: 9ef8e17e-8569-41fc-93f2-df09a42bf876) for task 4 of framework 2014-02-11-21:14:47-160088899-53443-21045-0000 from slave(1)@67.195.138.9:53443
I0211 21:14:48.874461 21055 slave.cpp:1884] Status update manager successfully handled status update TASK_FINISHED (UUID: 9ef8e17e-8569-41fc-93f2-df09a42bf876) for task 4 of framework 2014-02-11-21:14:47-160088899-53443-21045-0000
I0211 21:14:48.874471 21055 slave.cpp:1890] Sending acknowledgement for status update TASK_FINISHED (UUID: 9ef8e17e-8569-41fc-93f2-df09a42bf876) for task 4 of framework 2014-02-11-21:14:47-160088899-53443-21045-0000 to executor(1)@67.195.138.9:55901
I0211 21:14:48.874487 21052 master.hpp:429] Removing task 4 with resources cpus(*):1; mem(*):32 on slave 2014-02-11-21:14:47-160088899-53443-21045-1 (vesta.apache.org)
I0211 21:14:48.874555 21052 status_update_manager.cpp:314] Received status update TASK_RUNNING (UUID: 14454a53-c4e5-49bd-be22-cc119dbf206e) for task 3 of framework 2014-02-11-21:14:47-160088899-53443-21045-0000
I0211 21:14:48.874575 21052 status_update_manager.cpp:493] Creating StatusUpdate stream for task 3 of framework 2014-02-11-21:14:47-160088899-53443-21045-0000
I0211 21:14:48.874647 21052 status_update_manager.cpp:367] Forwarding status update TASK_RUNNING (UUID: 14454a53-c4e5-49bd-be22-cc119dbf206e) for task 3 of framework 2014-02-11-21:14:47-160088899-53443-21045-0000 to master@67.195.138.9:53443
I0211 21:14:48.874707 21135 process.cpp:1010] Socket closed while receiving
I0211 21:14:48.874711 21055 sched.cpp:616] Scheduler::statusUpdate took 141827ns
I0211 21:14:48.874744 21132 exec.cpp:338] Executor received status update acknowledgement 9ef8e17e-8569-41fc-93f2-df09a42bf876 for task 4 of framework 2014-02-11-21:14:47-160088899-53443-21045-0000
I0211 21:14:48.874634 21054 hierarchical_allocator_process.hpp:637] Recovered cpus(*):1; mem(*):32 (total allocatable: cpus(*):8; mem(*):6961; disk(*):1.38501e+06; ports(*):[31000-32000]) on slave 2014-02-11-21:14:47-160088899-53443-21045-1 from framework 2014-02-11-21:14:47-160088899-53443-21045-0000
I0211 21:14:48.874775 21054 slave.cpp:1884] Status update manager successfully handled status update TASK_RUNNING (UUID: 14454a53-c4e5-49bd-be22-cc119dbf206e) for task 3 of framework 2014-02-11-21:14:47-160088899-53443-21045-0000
I0211 21:14:48.874785 21054 slave.cpp:1890] Sending acknowledgement for status update TASK_RUNNING (UUID: 14454a53-c4e5-49bd-be22-cc119dbf206e) for task 3 of framework 2014-02-11-21:14:47-160088899-53443-21045-0000 to executor(1)@67.195.138.9:43514
I0211 21:14:48.874802 21052 master.cpp:2026] Status update TASK_RUNNING (UUID: 14454a53-c4e5-49bd-be22-cc119dbf206e) for task 3 of framework 2014-02-11-21:14:47-160088899-53443-21045-0000 from slave(3)@67.195.138.9:53443
I0211 21:14:48.874904 21055 sched.cpp:616] Scheduler::statusUpdate took 76541ns
I0211 21:14:48.874948 21144 process.cpp:1010] Socket closed while receiving
I0211 21:14:48.874986 21055 status_update_manager.cpp:392] Received status update acknowledgement (UUID: 14454a53-c4e5-49bd-be22-cc119dbf206e) for task 3 of framework 2014-02-11-21:14:47-160088899-53443-21045-0000
I0211 21:14:48.875021 21058 status_update_manager.cpp:392] Received status update acknowledgement (UUID: 9ef8e17e-8569-41fc-93f2-df09a42bf876) for task 4 of framework 2014-02-11-21:14:47-160088899-53443-21045-0000
I0211 21:14:48.875051 21055 slave.cpp:1371] Status update manager successfully handled status update acknowledgement (UUID: 14454a53-c4e5-49bd-be22-cc119dbf206e) for task 3 of framework 2014-02-11-21:14:47-160088899-53443-21045-0000
I0211 21:14:48.875064 21058 status_update_manager.cpp:524] Cleaning up status update stream for task 4 of framework 2014-02-11-21:14:47-160088899-53443-21045-0000
I0211 21:14:48.875071 21135 process.cpp:1010] Socket closed while receiving
I0211 21:14:48.875093 21131 exec.cpp:359] Executor received framework message
II0211 21:14:48.875123 21131 exec.cpp:368] Executor::frameworkMessage took 17599ns
0211 21:14:48.875120 21136 exec.cpp:524] Executor sending status update TASK_FINISHED (UUID: 292fb4b8-d187-497c-8d7f-b8e6f3bba219) for task 3 of framework 2014-02-11-21:14:47-160088899-53443-21045-0000
I0211 21:14:48.875174 21136 exec.cpp:338] Executor received status update acknowledgement 14454a53-c4e5-49bd-be22-cc119dbf206e for task 3 of framework 2014-02-11-21:14:47-160088899-53443-21045-0000
I0211 21:14:48.875203 21059 slave.cpp:1371] Status update manager successfully handled status update acknowledgement (UUID: 9ef8e17e-8569-41fc-93f2-df09a42bf876) for task 4 of framework 2014-02-11-21:14:47-160088899-53443-21045-0000
I0211 21:14:48.875219 21059 slave.cpp:3237] Completing task 4
I0211 21:14:48.875272 21059 slave.cpp:1943] Sending message for framework 2014-02-11-21:14:47-160088899-53443-21045-0000 to scheduler(1)@67.195.138.9:53443
I0211 21:14:48.875335 21058 slave.cpp:1765] Handling status update TASK_FINISHED (UUID: 292fb4b8-d187-497c-8d7f-b8e6f3bba219) for task 3 of framework 2014-02-11-21:14:47-160088899-53443-21045-0000 from executor(1)@67.195.138.9:43514
I0211 21:14:48.875358 21058 slave.cpp:3214] Terminating task 3
I0211 21:14:48.875360 21059 sched.cpp:701] Scheduler::frameworkMessage took 53004ns
I0211 21:14:48.875466 21059 status_update_manager.cpp:314] Received status update TASK_FINISHED (UUID: 292fb4b8-d187-497c-8d7f-b8e6f3bba219) for task 3 of framework 2014-02-11-21:14:47-160088899-53443-21045-0000
I0211 21:14:48.875488 21059 status_update_manager.cpp:367] Forwarding status update TASK_FINISHED (UUID: 292fb4b8-d187-497c-8d7f-b8e6f3bba219) for task 3 of framework 2014-02-11-21:14:47-160088899-53443-21045-0000 to master@67.195.138.9:53443
I0211 21:14:48.875579 21057 slave.cpp:1884] Status update manager successfully handled status update TASK_FINISHED (UUID: 292fb4b8-d187-497c-8d7f-b8e6f3bba219) for task 3 of framework 2014-02-11-21:14:47-160088899-53443-21045-0000
I0211 21:14:48.875582 21058 master.cpp:2026] Status update TASK_FINISHED (UUID: 292fb4b8-d187-497c-8d7f-b8e6f3bba219) for task 3 of framework 2014-02-11-21:14:47-160088899-53443-21045-0000 from slave(3)@67.195.138.9:53443
I0211 21:14:48.875604 21057 slave.cpp:1890] Sending acknowledgement for status update TASK_FINISHED (UUID: 292fb4b8-d187-497c-8d7f-b8e6f3bba219) for task 3 of framework 2014-02-11-21:14:47-160088899-53443-21045-0000 to executor(1)@67.195.138.9:43514
I0211 21:14:48.875639 21058 master.hpp:429] Removing task 3 with resources cpus(*):1; mem(*):32 on slave 2014-02-11-21:14:47-160088899-53443-21045-2 (vesta.apache.org)
I0211 21:14:48.875778 21055 sched.cpp:616] Scheduler::statusUpdate took 143427ns
I0211 21:14:48.875794 21144 process.cpp:1010] Socket closed while receiving
I0211 21:14:48.875833 21058 hierarchical_allocator_process.hpp:637] Recovered cpus(*):1; mem(*):32 (total allocatable: cpus(*):8; mem(*):6961; disk(*):1.38501e+06; ports(*):[31000-32000]) on slave 2014-02-11-21:14:47-160088899-53443-21045-2 from framework 2014-02-11-21:14:47-160088899-53443-21045-0000
I0211 21:14:48.875932 21138 exec.cpp:338] Executor received status update acknowledgement 292fb4b8-d187-497c-8d7f-b8e6f3bba219 for task 3 of framework 2014-02-11-21:14:47-160088899-53443-21045-0000
I0211 21:14:48.875988 21055 status_update_manager.cpp:392] Received status update acknowledgement (UUID: 292fb4b8-d187-497c-8d7f-b8e6f3bba219) for task 3 of framework 2014-02-11-21:14:47-160088899-53443-21045-0000
I0211 21:14:48.876013 21055 status_update_manager.cpp:524] Cleaning up status update stream for task 3 of framework 2014-02-11-21:14:47-160088899-53443-21045-0000
I0211 21:14:48.876006 21144 process.cpp:1010] Socket closed while receiving
I0211 21:14:48.876032 21137 exec.cpp:359] Executor received framework message
I0211 21:14:48.876083 21137 exec.cpp:368] Executor::frameworkMessage took 36509ns
I0211 21:14:48.876106 21058 slave.cpp:1371] Status update manager successfully handled status update acknowledgement (UUID: 292fb4b8-d187-497c-8d7f-b8e6f3bba219) for task 3 of framework 2014-02-11-21:14:47-160088899-53443-21045-0000
I0211 21:14:48.876121 21058 slave.cpp:3237] Completing task 3
I0211 21:14:48.876209 21055 slave.cpp:1943] Sending message for framework 2014-02-11-21:14:47-160088899-53443-21045-0000 to scheduler(1)@67.195.138.9:53443
I0211 21:14:48.876293 21055 sched.cpp:701] Scheduler::frameworkMessage took 59391ns
I0211 21:14:48.876307 21055 sched.cpp:727] Stopping framework '2014-02-11-21:14:47-160088899-53443-21045-0000'
I0211 21:14:48.876369 21052 master.cpp:1024] Asked to unregister framework 2014-02-11-21:14:47-160088899-53443-21045-0000
I0211 21:14:48.876387 21052 master.cpp:2682] Removing framework 2014-02-11-21:14:47-160088899-53443-21045-0000
I0211 21:14:48.876422 21055 hierarchical_allocator_process.hpp:408] Deactivated framework 2014-02-11-21:14:47-160088899-53443-21045-0000
I0211 21:14:48.876449 21055 slave.cpp:1142] Asked to shut down framework 2014-02-11-21:14:47-160088899-53443-21045-0000 by master@67.195.138.9:53443
I0211 21:14:48.876461 21055 slave.cpp:1167] Shutting down framework 2014-02-11-21:14:47-160088899-53443-21045-0000
Enabling authentication for the framework
Registered with framework ID 2014-02-11-21:14:47-160088899-53443-21045-0000
Got 3 resource offers
Got resource offer 2014-02-11-21:14:47-160088899-53443-21045-0
Accepting offer on vesta.apache.org to start task 0
Got resource offer 2014-02-11-21:14:47-160088899-53443-21045-1
Accepting offer on vesta.apache.org to start task 1
Got resource offer 2014-02-11-21:14:47-160088899-53443-21045-2
Accepting offer on vesta.apache.org to start task 2
Task 2 is in state 1
Task 2 is in state 2
Task 1 is in state 1
Task 1 is in state 2
Received message: 'data with a \x00 byte'
Received message: 'data with a \x00 byte'
Task 0 is in state 1
Task 0 is in state 2
Received message: 'data with a \x00 byte'
Got 3 resource offers
Got resource offer 2014-02-11-21:14:47-160088899-53443-21045-3
Accepting offer on vesta.apache.org to start task 3
Got resource offer 2014-02-11-21:14:47-160088899-53443-21045-4
Accepting offer on vesta.apache.org to start task 4
Got resource offer 2014-02-11-21:14:47-160088899-53443-21045-5
Task 4 is in state 1
Task 4 is in state 2
Task 3 is in state 1
Received message: 'data with a \x00 byte'
Task 3 is in state 2
All tasks done, waiting for final framework message
Received message: 'data with a \x00 byte'
All tasks done, and all messages received, exiting
I0211 21:14:48.876477 21055 slave.cpp:2431] Shutting down executor 'default' of framework 2014-02-11-21:14:47-160088899-53443-21045-0000
I0211 21:14:48.876525 21052 slave.cpp:1142] Asked to shut down framework 2014-02-11-21:14:47-160088899-53443-21045-0000 by master@67.195.138.9:53443
I0211 21:14:48.876545 21052 slave.cpp:1167] Shutting down framework 2014-02-11-21:14:47-160088899-53443-21045-0000
I0211 21:14:48.876555 21052 slave.cpp:2431] Shutting down executor 'default' of framework 2014-02-11-21:14:47-160088899-53443-21045-0000
I0211 21:14:48.876582 21055 slave.cpp:1142] Asked to shut down framework 2014-02-11-21:14:47-160088899-53443-21045-0000 by master@67.195.138.9:53443
I0211 21:14:48.876597 21055 slave.cpp:1167] Shutting down framework 2014-02-11-21:14:47-160088899-53443-21045-0000
I0211 21:14:48.876606 21055 slave.cpp:2431] Shutting down executor 'default' of framework 2014-02-11-21:14:47-160088899-53443-21045-0000
I0211 21:14:48.876662 21053 hierarchical_allocator_process.hpp:363] Removed framework 2014-02-11-21:14:47-160088899-53443-21045-0000
I0211 21:14:48.876766 21133 exec.cpp:378] Executor asked to shutdown
I0211 21:14:48.876785 21135 process.cpp:1010] Socket closed while receiving
I0211 21:14:48.876814 21133 exec.cpp:393] Executor::shutdown took 7179ns
I0211 21:14:48.876843 21133 exec.cpp:77] Scheduling shutdown of the executor
I0211 21:14:48.876899 21144 process.cpp:1010] Socket closed while receiving
I0211 21:14:48.876956 21138 exec.cpp:378] Executor asked to shutdown
I0211 21:14:48.876988 21126 process.cpp:1010] Socket closed while receiving
I0211 21:14:48.877019 21138 exec.cpp:393] Executor::shutdown took 22029ns
I0211 21:14:48.877027 21136 exec.cpp:77] Scheduling shutdown of the executor
I0211 21:14:48.877110 21122 exec.cpp:378] Executor asked to shutdown
I0211 21:14:48.877168 21122 exec.cpp:393] Executor::shutdown took 15665ns
I0211 21:14:48.877185 21123 exec.cpp:77] Scheduling shutdown of the executor
I0211 21:14:48.881350 21045 master.cpp:587] Master terminating
I0211 21:14:48.881434 21045 master.cpp:247] Shutting down master
I0211 21:14:48.881440 21058 slave.cpp:1965] master@67.195.138.9:53443 exited
W0211 21:14:48.881453 21058 slave.cpp:1968] Master disconnected! Waiting for a new master to be elected
I0211 21:14:48.881456 21045 master.cpp:290] Removing slave 2014-02-11-21:14:47-160088899-53443-21045-2 (vesta.apache.org)
I0211 21:14:48.881464 21052 slave.cpp:1965] master@67.195.138.9:53443 exited
W0211 21:14:48.881475 21052 slave.cpp:1968] Master disconnected! Waiting for a new master to be elected
I0211 21:14:48.881438 21053 slave.cpp:1965] master@67.195.138.9:53443 exited
W0211 21:14:48.881515 21053 slave.cpp:1968] Master disconnected! Waiting for a new master to be elected
I0211 21:14:48.881549 21045 master.cpp:290] Removing slave 2014-02-11-21:14:47-160088899-53443-21045-1 (vesta.apache.org)
I0211 21:14:48.881618 21045 master.cpp:290] Removing slave 2014-02-11-21:14:47-160088899-53443-21045-0 (vesta.apache.org)
I0211 21:14:48.882072 21045 slave.cpp:394] Slave terminating
I0211 21:14:48.882113 21045 slave.cpp:1142] Asked to shut down framework 2014-02-11-21:14:47-160088899-53443-21045-0000 by @0.0.0.0:0
W0211 21:14:48.882135 21045 slave.cpp:1163] Ignoring shutdown framework 2014-02-11-21:14:47-160088899-53443-21045-0000 because it is terminating
I0211 21:14:49.300734 21126 process.cpp:1010] Socket closed while receiving
I0211 21:14:49.300804 21121 exec.cpp:439] Ignoring exited event because the driver is aborted!
II0211 21:14:49.300813 21135 process.cpp:1010] Socket closed while receiving
0211 21:14:49.300820 21144 process.cpp:1010] Socket closed while receiving
II0211 21:14:49.300904 21138 exec.cpp:439] Ignoring exited event because the driver is aborted!
0211 21:14:49.300907 21133 exec.cpp:439] Ignoring exited event because the driver is aborted!
tests/script.cpp:81: Failure
Failed
python_framework_test.sh terminated with signal 'Segmentation fault'
[  FAILED  ] ExamplesTest.PythonFramework (2484 ms)
{noformat}