I1029 18:28:26.664528 11647 hierarchical.cpp:630] Added agent 00a05f09-d241-4323-abbc-ce7ca0142316-S0 (ip-172-16-10-77.ec2.internal) with cpus:2; mem:1024; disk:1024; ports:[31000-32000] (allocated: {})
I1029 18:28:26.664674 11647 hierarchical.cpp:1600] Performed allocation for 1 agents in 99555ns
I1029 18:28:26.664698 11647 task_status_update_manager.cpp:188] Resuming sending task status updates
I1029 18:28:26.664705 11652 slave.cpp:1518] Checkpointing SlaveInfo to '/tmp/SlaveTest_HTTPExecutorBadAuthentication_znLjKS/meta/slaves/00a05f09-d241-4323-abbc-ce7ca0142316-S0/slave.info'
I1029 18:28:26.664790 11647 master.cpp:10130] Sending offers [ 00a05f09-d241-4323-abbc-ce7ca0142316-O0 ] to framework 00a05f09-d241-4323-abbc-ce7ca0142316-0000 (default)
I1029 18:28:26.664903 11647 status_update_manager_process.hpp:385] Resuming operation status update manager
I1029 18:28:26.664988 11652 slave.cpp:1570] Forwarding agent update {"operations":{},"resource_providers":{},"resource_version_uuid":{"value":"tuiUOzM/S8WmgOh0NmcR9Q=="},"slave_id":{"value":"00a05f09-d241-4323-abbc-ce7ca0142316-S0"},"update_oversubscribed_resources":false}
I1029 18:28:26.665619 11651 master.cpp:8215] Ignoring update on agent 00a05f09-d241-4323-abbc-ce7ca0142316-S0 at slave(613)@172.16.10.77:41821 (ip-172-16-10-77.ec2.internal) as it reports no changes
I1029 18:28:26.665757 11651 scheduler.cpp:847] Enqueuing event OFFERS received from http://172.16.10.77:41821/master/api/v1/scheduler
I1029 18:28:26.666515 11651 scheduler.cpp:246] Adding authentication headers to ACCEPT call to http://172.16.10.77:41821/master/api/v1/scheduler
I1029 18:28:26.666640 11651 scheduler.cpp:600] Sending ACCEPT call to http://172.16.10.77:41821/master/api/v1/scheduler
I1029 18:28:26.666923 11650 process.cpp:3596] Handling HTTP event for process 'master' with path: '/master/api/v1/scheduler'
I1029 18:28:26.667170 11650 http.cpp:1105] HTTP POST for /master/api/v1/scheduler from 172.16.10.77:37234
I1029 18:28:26.667357 11650 master.cpp:12412] Removing offer 00a05f09-d241-4323-abbc-ce7ca0142316-O0
I1029 18:28:26.667469 11650 master.cpp:4590] Processing ACCEPT call for offers: [ 00a05f09-d241-4323-abbc-ce7ca0142316-O0 ] on agent 00a05f09-d241-4323-abbc-ce7ca0142316-S0 at slave(613)@172.16.10.77:41821 (ip-172-16-10-77.ec2.internal) for framework 00a05f09-d241-4323-abbc-ce7ca0142316-0000 (default)
I1029 18:28:26.667516 11650 master.cpp:3607] Authorizing framework principal 'test-principal' to launch task f766bec7-7c88-4d15-8299-09e2d1e13257
I1029 18:28:26.668530 11647 master.cpp:4125] Adding executor 'default' with resources cpus(allocated: *):0.1; mem(allocated: *):32; disk(allocated: *):32 of framework 00a05f09-d241-4323-abbc-ce7ca0142316-0000 (default) on agent 00a05f09-d241-4323-abbc-ce7ca0142316-S0 at slave(613)@172.16.10.77:41821 (ip-172-16-10-77.ec2.internal)
I1029 18:28:26.668658 11647 master.cpp:4151] Adding task f766bec7-7c88-4d15-8299-09e2d1e13257 with resources cpus(allocated: *):0.1; mem(allocated: *):32; disk(allocated: *):32 of framework 00a05f09-d241-4323-abbc-ce7ca0142316-0000 (default) on agent 00a05f09-d241-4323-abbc-ce7ca0142316-S0 at slave(613)@172.16.10.77:41821 (ip-172-16-10-77.ec2.internal)
I1029 18:28:26.668728 11647 master.cpp:5792] Launching task group { f766bec7-7c88-4d15-8299-09e2d1e13257 } of framework 00a05f09-d241-4323-abbc-ce7ca0142316-0000 (default) with resources cpus(allocated: *):0.1; mem(allocated: *):32; disk(allocated: *):32 on agent 00a05f09-d241-4323-abbc-ce7ca0142316-S0 at slave(613)@172.16.10.77:41821 (ip-172-16-10-77.ec2.internal) on  new executor
I1029 18:28:26.668959 11647 slave.cpp:2037] Got assigned task group containing tasks [ f766bec7-7c88-4d15-8299-09e2d1e13257 ] for framework 00a05f09-d241-4323-abbc-ce7ca0142316-0000
I1029 18:28:26.669297 11647 slave.cpp:2411] Authorizing task group containing tasks [ f766bec7-7c88-4d15-8299-09e2d1e13257 ] for framework 00a05f09-d241-4323-abbc-ce7ca0142316-0000
I1029 18:28:26.669325 11647 slave.cpp:9217] Authorizing framework principal 'test-principal' to launch task f766bec7-7c88-4d15-8299-09e2d1e13257
I1029 18:28:26.669420 11650 hierarchical.cpp:1524] Allocation paused
I1029 18:28:26.669526 11650 hierarchical.cpp:1250] Recovered cpus(allocated: *):1.8; mem(allocated: *):960; disk(allocated: *):960; ports(allocated: *):[31000-32000] (total: cpus:2; mem:1024; disk:1024; ports:[31000-32000], allocated: cpus(allocated: *):0.2; mem(allocated: *):64; disk(allocated: *):64) on agent 00a05f09-d241-4323-abbc-ce7ca0142316-S0 from framework 00a05f09-d241-4323-abbc-ce7ca0142316-0000
I1029 18:28:26.669557 11650 hierarchical.cpp:1296] Framework 00a05f09-d241-4323-abbc-ce7ca0142316-0000 filtered agent 00a05f09-d241-4323-abbc-ce7ca0142316-S0 for 5secs
I1029 18:28:26.669600 11650 hierarchical.cpp:1534] Allocation resumed
I1029 18:28:26.669931 11647 slave.cpp:2854] Launching task group containing tasks [ f766bec7-7c88-4d15-8299-09e2d1e13257 ] for framework 00a05f09-d241-4323-abbc-ce7ca0142316-0000
I1029 18:28:26.669978 11647 paths.cpp:801] Creating sandbox '/tmp/SlaveTest_HTTPExecutorBadAuthentication_znLjKS/slaves/00a05f09-d241-4323-abbc-ce7ca0142316-S0/frameworks/00a05f09-d241-4323-abbc-ce7ca0142316-0000/executors/default/runs/f66d8076-1dfb-4115-a04e-133f93a93ff3' for user 'root'
I1029 18:28:26.670467 11647 slave.cpp:9727] Launching executor 'default' of framework 00a05f09-d241-4323-abbc-ce7ca0142316-0000 with resources [{"allocation_info":{"role":"*"},"name":"cpus","scalar":{"value":0.1},"type":"SCALAR"},{"allocation_info":{"role":"*"},"name":"mem","scalar":{"value":32.0},"type":"SCALAR"},{"allocation_info":{"role":"*"},"name":"disk","scalar":{"value":32.0},"type":"SCALAR"}] in work directory '/tmp/SlaveTest_HTTPExecutorBadAuthentication_znLjKS/slaves/00a05f09-d241-4323-abbc-ce7ca0142316-S0/frameworks/00a05f09-d241-4323-abbc-ce7ca0142316-0000/executors/default/runs/f66d8076-1dfb-4115-a04e-133f93a93ff3'
I1029 18:28:26.670704 11647 slave.cpp:3086] Queued task group containing tasks [ f766bec7-7c88-4d15-8299-09e2d1e13257 ] for executor 'default' of framework 00a05f09-d241-4323-abbc-ce7ca0142316-0000
I1029 18:28:26.670742 11647 slave.cpp:991] Successfully attached '/tmp/SlaveTest_HTTPExecutorBadAuthentication_znLjKS/slaves/00a05f09-d241-4323-abbc-ce7ca0142316-S0/frameworks/00a05f09-d241-4323-abbc-ce7ca0142316-0000/executors/default/runs/f66d8076-1dfb-4115-a04e-133f93a93ff3' to virtual path '/tmp/SlaveTest_HTTPExecutorBadAuthentication_znLjKS/slaves/00a05f09-d241-4323-abbc-ce7ca0142316-S0/frameworks/00a05f09-d241-4323-abbc-ce7ca0142316-0000/executors/default/runs/latest'
I1029 18:28:26.670801 11647 slave.cpp:991] Successfully attached '/tmp/SlaveTest_HTTPExecutorBadAuthentication_znLjKS/slaves/00a05f09-d241-4323-abbc-ce7ca0142316-S0/frameworks/00a05f09-d241-4323-abbc-ce7ca0142316-0000/executors/default/runs/f66d8076-1dfb-4115-a04e-133f93a93ff3' to virtual path '/frameworks/00a05f09-d241-4323-abbc-ce7ca0142316-0000/executors/default/runs/latest'
I1029 18:28:26.670817 11647 slave.cpp:991] Successfully attached '/tmp/SlaveTest_HTTPExecutorBadAuthentication_znLjKS/slaves/00a05f09-d241-4323-abbc-ce7ca0142316-S0/frameworks/00a05f09-d241-4323-abbc-ce7ca0142316-0000/executors/default/runs/f66d8076-1dfb-4115-a04e-133f93a93ff3' to virtual path '/tmp/SlaveTest_HTTPExecutorBadAuthentication_znLjKS/slaves/00a05f09-d241-4323-abbc-ce7ca0142316-S0/frameworks/00a05f09-d241-4323-abbc-ce7ca0142316-0000/executors/default/runs/f66d8076-1dfb-4115-a04e-133f93a93ff3'
I1029 18:28:26.671039 11646 slave.cpp:3534] Launching container f66d8076-1dfb-4115-a04e-133f93a93ff3 for executor 'default' of framework 00a05f09-d241-4323-abbc-ce7ca0142316-0000
I1029 18:28:26.671336 11650 executor.cpp:206] Version: 1.8.2
W1029 18:28:26.671355 11650 process.cpp:2829] Attempted to spawn already running process version@172.16.10.77:41821
I1029 18:28:26.672327 11650 executor.cpp:432] Connected with the agent
I1029 18:28:26.672588 11651 executor.cpp:328] Sending SUBSCRIBE call to http://172.16.10.77:41821/slave(613)/api/v1/executor
I1029 18:28:26.672840 11646 process.cpp:3596] Handling HTTP event for process 'slave(613)' with path: '/slave(613)/api/v1/executor'
I1029 18:28:26.673612 11651 executor.cpp:745] Enqueuing locally injected event ERROR

GMOCK WARNING:
Uninteresting mock function call - returning directly.
    Function call: error(0x7fe9140d63f0, @0x7fe91801d780 32-byte object <38-5C E1-42 E9-7F 00-00 00-00 00-00 00-00 00-00 01-00 00-00 00-00 00-00 F0-E8 04-18 E9-7F 00-00>)
NOTE: You can safely ignore the above warning unless this call should not happen.  Do not suppress it by blindly adding an EXPECT_CALL() if you don't mean to enforce the call.  See https://github.com/google/googletest/blob/master/googlemock/docs/CookBook.md#knowing-when-to-expect for details.
I1029 18:28:27.650794 11648 hierarchical.cpp:2404] Filtered offer with cpus:1.8; mem:960; disk:960; ports:[31000-32000] on agent 00a05f09-d241-4323-abbc-ce7ca0142316-S0 for role * of framework 00a05f09-d241-4323-abbc-ce7ca0142316-0000
I1029 18:28:27.650856 11648 hierarchical.cpp:1600] Performed allocation for 1 agents in 132117ns
I1029 18:28:28.651202 11648 hierarchical.cpp:2404] Filtered offer with cpus:1.8; mem:960; disk:960; ports:[31000-32000] on agent 00a05f09-d241-4323-abbc-ce7ca0142316-S0 for role * of framework 00a05f09-d241-4323-abbc-ce7ca0142316-0000
I1029 18:28:28.651278 11648 hierarchical.cpp:1600] Performed allocation for 1 agents in 140678ns
I1029 18:28:29.652190 11651 hierarchical.cpp:2404] Filtered offer with cpus:1.8; mem:960; disk:960; ports:[31000-32000] on agent 00a05f09-d241-4323-abbc-ce7ca0142316-S0 for role * of framework 00a05f09-d241-4323-abbc-ce7ca0142316-0000
I1029 18:28:29.652263 11651 hierarchical.cpp:1600] Performed allocation for 1 agents in 146498ns
I1029 18:28:30.652786 11646 hierarchical.cpp:2404] Filtered offer with cpus:1.8; mem:960; disk:960; ports:[31000-32000] on agent 00a05f09-d241-4323-abbc-ce7ca0142316-S0 for role * of framework 00a05f09-d241-4323-abbc-ce7ca0142316-0000
I1029 18:28:30.652849 11646 hierarchical.cpp:1600] Performed allocation for 1 agents in 170852ns
I1029 18:28:31.653684 11648 hierarchical.cpp:2404] Filtered offer with cpus:1.8; mem:960; disk:960; ports:[31000-32000] on agent 00a05f09-d241-4323-abbc-ce7ca0142316-S0 for role * of framework 00a05f09-d241-4323-abbc-ce7ca0142316-0000
I1029 18:28:31.653748 11648 hierarchical.cpp:1600] Performed allocation for 1 agents in 128055ns
I1029 18:28:32.654615 11650 hierarchical.cpp:1600] Performed allocation for 1 agents in 140658ns
I1029 18:28:32.654737 11646 master.cpp:10130] Sending offers [ 00a05f09-d241-4323-abbc-ce7ca0142316-O1 ] to framework 00a05f09-d241-4323-abbc-ce7ca0142316-0000 (default)
I1029 18:28:32.655411 11645 scheduler.cpp:847] Enqueuing event OFFERS received from http://172.16.10.77:41821/master/api/v1/scheduler
I1029 18:28:33.655390 11648 hierarchical.cpp:1600] Performed allocation for 1 agents in 31595ns
I1029 18:28:34.656127 11645 hierarchical.cpp:1600] Performed allocation for 1 agents in 32582ns
I1029 18:28:35.657227 11651 hierarchical.cpp:1600] Performed allocation for 1 agents in 32152ns
I1029 18:28:36.658077 11649 hierarchical.cpp:1600] Performed allocation for 1 agents in 31749ns
I1029 18:28:37.658977 11646 hierarchical.cpp:1600] Performed allocation for 1 agents in 47959ns
I1029 18:28:38.659586 11647 hierarchical.cpp:1600] Performed allocation for 1 agents in 31194ns
I1029 18:28:39.660249 11652 hierarchical.cpp:1600] Performed allocation for 1 agents in 31829ns
I1029 18:28:40.661233 11648 hierarchical.cpp:1600] Performed allocation for 1 agents in 32245ns
I1029 18:28:41.661434 11652 scheduler.cpp:847] Enqueuing event HEARTBEAT received from http://172.16.10.77:41821/master/api/v1/scheduler
I1029 18:28:41.661608 11652 hierarchical.cpp:1600] Performed allocation for 1 agents in 34214ns
../../src/tests/slave_tests.cpp:2155: Failure
Failed to wait 15secs for error
I1029 18:28:41.675395 11644 slave.cpp:912] Agent terminating
I1029 18:28:41.675421 11644 slave.cpp:3914] Asked to shut down framework 00a05f09-d241-4323-abbc-ce7ca0142316-0000 by @0.0.0.0:0
I1029 18:28:41.675433 11644 slave.cpp:3939] Shutting down framework 00a05f09-d241-4323-abbc-ce7ca0142316-0000
I1029 18:28:41.675446 11644 slave.cpp:6996] Shutting down executor 'default' of framework 00a05f09-d241-4323-abbc-ce7ca0142316-0000
W1029 18:28:41.675453 11644 slave.hpp:970] Unable to send event to executor 'default' of framework 00a05f09-d241-4323-abbc-ce7ca0142316-0000: unknown connection type
I1029 18:28:41.675802 11645 master.cpp:1295] Agent 00a05f09-d241-4323-abbc-ce7ca0142316-S0 at slave(613)@172.16.10.77:41821 (ip-172-16-10-77.ec2.internal) disconnected
I1029 18:28:41.675822 11645 master.cpp:3333] Disconnecting agent 00a05f09-d241-4323-abbc-ce7ca0142316-S0 at slave(613)@172.16.10.77:41821 (ip-172-16-10-77.ec2.internal)
I1029 18:28:41.675837 11645 master.cpp:3352] Deactivating agent 00a05f09-d241-4323-abbc-ce7ca0142316-S0 at slave(613)@172.16.10.77:41821 (ip-172-16-10-77.ec2.internal)
I1029 18:28:41.675968 11645 master.cpp:12412] Removing offer 00a05f09-d241-4323-abbc-ce7ca0142316-O1
I1029 18:28:41.675992 11651 hierarchical.cpp:821] Agent 00a05f09-d241-4323-abbc-ce7ca0142316-S0 deactivated
I1029 18:28:41.675997 11645 master.cpp:1319] Removing framework 00a05f09-d241-4323-abbc-ce7ca0142316-0000 (default) from disconnected agent 00a05f09-d241-4323-abbc-ce7ca0142316-S0 at slave(613)@172.16.10.77:41821 (ip-172-16-10-77.ec2.internal) because the framework is not checkpointing
I1029 18:28:41.676009 11645 master.cpp:11136] Removing framework 00a05f09-d241-4323-abbc-ce7ca0142316-0000 (default) from agent 00a05f09-d241-4323-abbc-ce7ca0142316-S0 at slave(613)@172.16.10.77:41821 (ip-172-16-10-77.ec2.internal)
I1029 18:28:41.676044 11645 master.cpp:11761] Updating the state of task f766bec7-7c88-4d15-8299-09e2d1e13257 of framework 00a05f09-d241-4323-abbc-ce7ca0142316-0000 (latest state: TASK_LOST, status update state: TASK_LOST)
I1029 18:28:41.676110 11645 master.cpp:11859] Removing task f766bec7-7c88-4d15-8299-09e2d1e13257 with resources cpus(allocated: *):0.1; mem(allocated: *):32; disk(allocated: *):32 of framework 00a05f09-d241-4323-abbc-ce7ca0142316-0000 on agent 00a05f09-d241-4323-abbc-ce7ca0142316-S0 at slave(613)@172.16.10.77:41821 (ip-172-16-10-77.ec2.internal)
I1029 18:28:41.676102 11651 hierarchical.cpp:1250] Recovered cpus(allocated: *):1.8; mem(allocated: *):960; disk(allocated: *):960; ports(allocated: *):[31000-32000] (total: cpus:2; mem:1024; disk:1024; ports:[31000-32000], allocated: cpus(allocated: *):0.2; mem(allocated: *):64; disk(allocated: *):64) on agent 00a05f09-d241-4323-abbc-ce7ca0142316-S0 from framework 00a05f09-d241-4323-abbc-ce7ca0142316-0000
I1029 18:28:41.676157 11645 master.cpp:8755] Sending status update TASK_LOST for task f766bec7-7c88-4d15-8299-09e2d1e13257 of framework 00a05f09-d241-4323-abbc-ce7ca0142316-0000 'Agent ip-172-16-10-77.ec2.internal disconnected'
I1029 18:28:41.676185 11651 hierarchical.cpp:1250] Recovered cpus(allocated: *):0.1; mem(allocated: *):32; disk(allocated: *):32 (total: cpus:2; mem:1024; disk:1024; ports:[31000-32000], allocated: cpus(allocated: *):0.1; mem(allocated: *):32; disk(allocated: *):32) on agent 00a05f09-d241-4323-abbc-ce7ca0142316-S0 from framework 00a05f09-d241-4323-abbc-ce7ca0142316-0000
I1029 18:28:41.676435 11646 poll_socket.cpp:205] Socket error while sending: Broken pipe
W1029 18:28:41.676481 11646 process.cpp:1810] Failed to send on socket 21 to peer 'unknown': Broken pipe
I1029 18:28:41.676627 11645 master.cpp:11899] Removing executor 'default' with resources cpus(allocated: *):0.1; mem(allocated: *):32; disk(allocated: *):32 of framework 00a05f09-d241-4323-abbc-ce7ca0142316-0000 on agent 00a05f09-d241-4323-abbc-ce7ca0142316-S0 at slave(613)@172.16.10.77:41821 (ip-172-16-10-77.ec2.internal)
I1029 18:28:41.676724 11645 master.cpp:1410] Framework 00a05f09-d241-4323-abbc-ce7ca0142316-0000 (default) disconnected
I1029 18:28:41.676736 11645 master.cpp:3296] Deactivating framework 00a05f09-d241-4323-abbc-ce7ca0142316-0000 (default)
I1029 18:28:41.676748 11645 master.cpp:3273] Disconnecting framework 00a05f09-d241-4323-abbc-ce7ca0142316-0000 (default)
I1029 18:28:41.676759 11645 master.cpp:1425] Giving framework 00a05f09-d241-4323-abbc-ce7ca0142316-0000 (default) 0ns to failover
I1029 18:28:41.676820 11652 hierarchical.cpp:1250] Recovered cpus(allocated: *):0.1; mem(allocated: *):32; disk(allocated: *):32 (total: cpus:2; mem:1024; disk:1024; ports:[31000-32000], allocated: {}) on agent 00a05f09-d241-4323-abbc-ce7ca0142316-S0 from framework 00a05f09-d241-4323-abbc-ce7ca0142316-0000
I1029 18:28:41.676862 11652 hierarchical.cpp:479] Deactivated framework 00a05f09-d241-4323-abbc-ce7ca0142316-0000
I1029 18:28:41.679692 11649 master.cpp:9922] Framework failover timeout, removing framework 00a05f09-d241-4323-abbc-ce7ca0142316-0000 (default)
I1029 18:28:41.679708 11649 master.cpp:10923] Removing framework 00a05f09-d241-4323-abbc-ce7ca0142316-0000 (default)
I1029 18:28:41.679762 11649 hierarchical.cpp:1524] Allocation paused
I1029 18:28:41.679811 11649 hierarchical.cpp:422] Removed framework 00a05f09-d241-4323-abbc-ce7ca0142316-0000
I1029 18:28:41.679826 11649 hierarchical.cpp:1534] Allocation resumed
../../src/tests/slave_tests.cpp:2152: Failure
Actual function call count doesn't match EXPECT_CALL(*executor, error(_, _))...
         Expected: to be called once
           Actual: never called - unsatisfied and active
I1029 18:28:41.686833 11650 master.cpp:1135] Master terminating
I1029 18:28:41.686908 11649 hierarchical.cpp:797] Removed all filters for agent 00a05f09-d241-4323-abbc-ce7ca0142316-S0
I1029 18:28:41.686920 11649 hierarchical.cpp:672] Removed agent 00a05f09-d241-4323-abbc-ce7ca0142316-S0
[  FAILED  ] SlaveTest.HTTPExecutorBadAuthentication (15074 ms)
{code}

