JAVA_HOME=/usr/lib/jvm/java-8-openjdk-amd64
COMMAND=mvn -B clean install -DskipTests -U -pl jetcache-test -am -Ddependency-check.skip=true -Dgpg.skip=true -DfailIfNoTests=false -Dskip.installnodenpm=true -Dskip.npm=true -Dskip.yarn=true -Dlicense.skip=true -Dcheckstyle.skip=true -Drat.skip=true -Denforcer.skip=true -Danimal.sniffer.skip=true -Dmaven.javadoc.skip=true -Dfindbugs.skip=true -Dspotbugs.skip=true -Dwarbucks.skip=true -Dmodernizer.skip=true -Dimpsort.skip=true -Dmdep.analyze.skip=true -Dpgpverify.skip=true -Dxml.skip=true -Dcobertura.skip=true

[INFO] Scanning for projects...
Warning: KebabPizza disabling incompatible org.codehaus.mojo:cobertura-maven-plugin from jetcache-parent
Warning: KebabPizza disabling incompatible org.jacoco:jacoco-maven-plugin from jetcache-parent
Warning: KebabPizza disabling incompatible org.codehaus.mojo:cobertura-maven-plugin from jetcache-anno-api
Warning: KebabPizza disabling incompatible org.jacoco:jacoco-maven-plugin from jetcache-anno-api
Warning: KebabPizza disabling incompatible org.codehaus.mojo:cobertura-maven-plugin from jetcache-core
Warning: KebabPizza disabling incompatible org.jacoco:jacoco-maven-plugin from jetcache-core
Warning: KebabPizza disabling incompatible org.codehaus.mojo:cobertura-maven-plugin from jetcache-anno
Warning: KebabPizza disabling incompatible org.jacoco:jacoco-maven-plugin from jetcache-anno
Warning: KebabPizza disabling incompatible org.codehaus.mojo:cobertura-maven-plugin from jetcache-redis
Warning: KebabPizza disabling incompatible org.jacoco:jacoco-maven-plugin from jetcache-redis
Warning: KebabPizza disabling incompatible org.codehaus.mojo:cobertura-maven-plugin from jetcache-redis-lettuce
Warning: KebabPizza disabling incompatible org.jacoco:jacoco-maven-plugin from jetcache-redis-lettuce
Warning: KebabPizza disabling incompatible org.codehaus.mojo:cobertura-maven-plugin from jetcache-redis-springdata
Warning: KebabPizza disabling incompatible org.jacoco:jacoco-maven-plugin from jetcache-redis-springdata
Warning: KebabPizza disabling incompatible org.codehaus.mojo:cobertura-maven-plugin from jetcache-autoconfigure
Warning: KebabPizza disabling incompatible org.jacoco:jacoco-maven-plugin from jetcache-autoconfigure
Warning: KebabPizza disabling incompatible org.codehaus.mojo:cobertura-maven-plugin from jetcache-test
Warning: KebabPizza disabling incompatible org.jacoco:jacoco-maven-plugin from jetcache-test
[INFO] ------------------------------------------------------------------------
[INFO] Reactor Build Order:
[INFO] 
[INFO] jetcache                                                           [pom]
[INFO] jetcache-anno-api                                                  [jar]
[INFO] jetcache-core                                                      [jar]
[INFO] jetcache-anno                                                      [jar]
[INFO] jetcache-redis                                                     [jar]
[INFO] jetcache-redis-lettuce                                             [jar]
[INFO] jetcache-redis-springdata                                          [jar]
[INFO] jetcache-autoconfigure                                             [jar]
[INFO] jetcache-test                                                      [jar]
[INFO] 
[INFO] -----------------< com.alicp.jetcache:jetcache-parent >-----------------
[INFO] Building jetcache 2.6.0.M4-SNAPSHOT                                [1/9]
[INFO] --------------------------------[ pom ]---------------------------------
[INFO] Downloading from spring-milestones: https://repo.spring.io/libs-milestone/org/junit/jupiter/junit-jupiter-api/5.0.2/junit-jupiter-api-5.0.2.pom
[INFO] Downloading from central: https://repo.maven.apache.org/maven2/org/junit/jupiter/junit-jupiter-api/5.0.2/junit-jupiter-api-5.0.2.pom
[INFO] Downloaded from central: https://repo.maven.apache.org/maven2/org/junit/jupiter/junit-jupiter-api/5.0.2/junit-jupiter-api-5.0.2.pom (2.4 kB at 25 kB/s)
[INFO] Downloading from spring-milestones: https://repo.spring.io/libs-milestone/org/junit/platform/junit-platform-commons/1.0.2/junit-platform-commons-1.0.2.pom
[INFO] Downloading from central: https://repo.maven.apache.org/maven2/org/junit/platform/junit-platform-commons/1.0.2/junit-platform-commons-1.0.2.pom
[INFO] Downloaded from central: https://repo.maven.apache.org/maven2/org/junit/platform/junit-platform-commons/1.0.2/junit-platform-commons-1.0.2.pom (2.1 kB at 31 kB/s)
[INFO] Downloading from spring-milestones: https://repo.spring.io/libs-milestone/org/junit/platform/junit-platform-launcher/1.0.2/junit-platform-launcher-1.0.2.pom
[INFO] Downloading from central: https://repo.maven.apache.org/maven2/org/junit/platform/junit-platform-launcher/1.0.2/junit-platform-launcher-1.0.2.pom
[INFO] Downloaded from central: https://repo.maven.apache.org/maven2/org/junit/platform/junit-platform-launcher/1.0.2/junit-platform-launcher-1.0.2.pom (2.3 kB at 46 kB/s)
[INFO] Downloading from spring-milestones: https://repo.spring.io/libs-milestone/org/junit/platform/junit-platform-engine/1.0.2/junit-platform-engine-1.0.2.pom
[INFO] Downloading from central: https://repo.maven.apache.org/maven2/org/junit/platform/junit-platform-engine/1.0.2/junit-platform-engine-1.0.2.pom
[INFO] Downloaded from central: https://repo.maven.apache.org/maven2/org/junit/platform/junit-platform-engine/1.0.2/junit-platform-engine-1.0.2.pom (2.4 kB at 60 kB/s)
[INFO] Downloading from spring-milestones: https://repo.spring.io/libs-milestone/org/junit/jupiter/junit-jupiter-engine/5.0.2/junit-jupiter-engine-5.0.2.pom
[INFO] Downloading from central: https://repo.maven.apache.org/maven2/org/junit/jupiter/junit-jupiter-engine/5.0.2/junit-jupiter-engine-5.0.2.pom
[INFO] Downloaded from central: https://repo.maven.apache.org/maven2/org/junit/jupiter/junit-jupiter-engine/5.0.2/junit-jupiter-engine-5.0.2.pom (2.4 kB at 36 kB/s)
[INFO] Downloading from spring-milestones: https://repo.spring.io/libs-milestone/org/junit/vintage/junit-vintage-engine/4.12.2/junit-vintage-engine-4.12.2.pom
[INFO] Downloading from central: https://repo.maven.apache.org/maven2/org/junit/vintage/junit-vintage-engine/4.12.2/junit-vintage-engine-4.12.2.pom
[INFO] Downloaded from central: https://repo.maven.apache.org/maven2/org/junit/vintage/junit-vintage-engine/4.12.2/junit-vintage-engine-4.12.2.pom (2.4 kB at 62 kB/s)
[INFO] 
[INFO] --- maven-clean-plugin:2.5:clean (default-clean) @ jetcache-parent ---
[INFO] 
[INFO] --- maven-javadoc-plugin:2.10.4:jar (attach-javadoc) @ jetcache-parent ---
[INFO] Skipping javadoc generation
[INFO] 
[INFO] >>> maven-pmd-plugin:3.8:check (default) > :pmd @ jetcache-parent >>>
[INFO] Downloading from spring-milestones: https://repo.spring.io/libs-milestone/org/junit/jupiter/junit-jupiter-api/5.0.2/junit-jupiter-api-5.0.2.jar
[INFO] Downloading from spring-milestones: https://repo.spring.io/libs-milestone/org/junit/platform/junit-platform-commons/1.0.2/junit-platform-commons-1.0.2.jar
[INFO] Downloading from spring-milestones: https://repo.spring.io/libs-milestone/org/junit/platform/junit-platform-engine/1.0.2/junit-platform-engine-1.0.2.jar
[INFO] Downloading from spring-milestones: https://repo.spring.io/libs-milestone/org/junit/platform/junit-platform-launcher/1.0.2/junit-platform-launcher-1.0.2.jar
[INFO] Downloading from spring-milestones: https://repo.spring.io/libs-milestone/org/junit/jupiter/junit-jupiter-engine/5.0.2/junit-jupiter-engine-5.0.2.jar
[INFO] Downloading from spring-milestones: https://repo.spring.io/libs-milestone/org/junit/vintage/junit-vintage-engine/4.12.2/junit-vintage-engine-4.12.2.jar
[INFO] Downloading from central: https://repo.maven.apache.org/maven2/org/junit/jupiter/junit-jupiter-api/5.0.2/junit-jupiter-api-5.0.2.jar
[INFO] Downloading from central: https://repo.maven.apache.org/maven2/org/junit/platform/junit-platform-commons/1.0.2/junit-platform-commons-1.0.2.jar
[INFO] Downloading from central: https://repo.maven.apache.org/maven2/org/junit/platform/junit-platform-launcher/1.0.2/junit-platform-launcher-1.0.2.jar
[INFO] Downloading from central: https://repo.maven.apache.org/maven2/org/junit/platform/junit-platform-engine/1.0.2/junit-platform-engine-1.0.2.jar
[INFO] Downloading from central: https://repo.maven.apache.org/maven2/org/junit/jupiter/junit-jupiter-engine/5.0.2/junit-jupiter-engine-5.0.2.jar
[INFO] Downloaded from central: https://repo.maven.apache.org/maven2/org/junit/jupiter/junit-jupiter-api/5.0.2/junit-jupiter-api-5.0.2.jar (76 kB at 2.1 MB/s)
[INFO] Downloading from central: https://repo.maven.apache.org/maven2/org/junit/vintage/junit-vintage-engine/4.12.2/junit-vintage-engine-4.12.2.jar
[INFO] Downloaded from central: https://repo.maven.apache.org/maven2/org/junit/platform/junit-platform-launcher/1.0.2/junit-platform-launcher-1.0.2.jar (54 kB at 1.1 MB/s)
[INFO] Downloaded from central: https://repo.maven.apache.org/maven2/org/junit/platform/junit-platform-commons/1.0.2/junit-platform-commons-1.0.2.jar (63 kB at 1.1 MB/s)
[INFO] Downloaded from central: https://repo.maven.apache.org/maven2/org/junit/platform/junit-platform-engine/1.0.2/junit-platform-engine-1.0.2.jar (88 kB at 1.5 MB/s)
[INFO] Downloaded from central: https://repo.maven.apache.org/maven2/org/junit/vintage/junit-vintage-engine/4.12.2/junit-vintage-engine-4.12.2.jar (56 kB at 782 kB/s)
[INFO] Downloaded from central: https://repo.maven.apache.org/maven2/org/junit/jupiter/junit-jupiter-engine/5.0.2/junit-jupiter-engine-5.0.2.jar (118 kB at 1.5 MB/s)
[INFO] 
[INFO] --- maven-pmd-plugin:3.8:pmd (pmd) @ jetcache-parent ---
[INFO] Downloading from central: https://repo.maven.apache.org/maven2/com/alibaba/p3c/p3c-pmd/1.3.6/p3c-pmd-1.3.6.pom
[INFO] Downloaded from central: https://repo.maven.apache.org/maven2/com/alibaba/p3c/p3c-pmd/1.3.6/p3c-pmd-1.3.6.pom (4.1 kB at 76 kB/s)
[INFO] Downloading from central: https://repo.maven.apache.org/maven2/net/sourceforge/pmd/pmd-java/5.5.2/pmd-java-5.5.2.pom
[INFO] Downloaded from central: https://repo.maven.apache.org/maven2/net/sourceforge/pmd/pmd-java/5.5.2/pmd-java-5.5.2.pom (5.8 kB at 114 kB/s)
[INFO] Downloading from central: https://repo.maven.apache.org/maven2/net/sourceforge/pmd/pmd/5.5.2/pmd-5.5.2.pom
[INFO] Downloaded from central: https://repo.maven.apache.org/maven2/net/sourceforge/pmd/pmd/5.5.2/pmd-5.5.2.pom (39 kB at 833 kB/s)
[INFO] Downloading from central: https://repo.maven.apache.org/maven2/net/sourceforge/pmd/pmd-core/5.5.2/pmd-core-5.5.2.pom
[INFO] Downloaded from central: https://repo.maven.apache.org/maven2/net/sourceforge/pmd/pmd-core/5.5.2/pmd-core-5.5.2.pom (4.9 kB at 100 kB/s)
[INFO] Downloading from central: https://repo.maven.apache.org/maven2/net/sourceforge/pmd/pmd-vm/5.5.2/pmd-vm-5.5.2.pom
[INFO] Downloaded from central: https://repo.maven.apache.org/maven2/net/sourceforge/pmd/pmd-vm/5.5.2/pmd-vm-5.5.2.pom (4.6 kB at 101 kB/s)
[INFO] Downloading from central: https://repo.maven.apache.org/maven2/net/sourceforge/pmd/pmd-core/5.6.1/pmd-core-5.6.1.pom
[INFO] Downloaded from central: https://repo.maven.apache.org/maven2/net/sourceforge/pmd/pmd-core/5.6.1/pmd-core-5.6.1.pom (5.2 kB at 121 kB/s)
[INFO] Downloading from central: https://repo.maven.apache.org/maven2/net/sourceforge/pmd/pmd/5.6.1/pmd-5.6.1.pom
[INFO] Downloaded from central: https://repo.maven.apache.org/maven2/net/sourceforge/pmd/pmd/5.6.1/pmd-5.6.1.pom (42 kB at 964 kB/s)
[INFO] Downloading from central: https://repo.maven.apache.org/maven2/net/sourceforge/pmd/pmd-java/5.6.1/pmd-java-5.6.1.pom
[INFO] Downloaded from central: https://repo.maven.apache.org/maven2/net/sourceforge/pmd/pmd-java/5.6.1/pmd-java-5.6.1.pom (6.3 kB at 141 kB/s)
[INFO] Downloading from central: https://repo.maven.apache.org/maven2/net/sourceforge/pmd/pmd-javascript/5.6.1/pmd-javascript-5.6.1.pom
[INFO] Downloaded from central: https://repo.maven.apache.org/maven2/net/sourceforge/pmd/pmd-javascript/5.6.1/pmd-javascript-5.6.1.pom (4.6 kB at 98 kB/s)
[INFO] Downloading from central: https://repo.maven.apache.org/maven2/org/mozilla/rhino/1.7.7/rhino-1.7.7.pom
[INFO] Downloaded from central: https://repo.maven.apache.org/maven2/org/mozilla/rhino/1.7.7/rhino-1.7.7.pom (1.3 kB at 26 kB/s)
[INFO] Downloading from central: https://repo.maven.apache.org/maven2/net/sourceforge/pmd/pmd-jsp/5.6.1/pmd-jsp-5.6.1.pom
[INFO] Downloaded from central: https://repo.maven.apache.org/maven2/net/sourceforge/pmd/pmd-jsp/5.6.1/pmd-jsp-5.6.1.pom (4.7 kB at 91 kB/s)
[INFO] Downloading from central: https://repo.maven.apache.org/maven2/com/alibaba/p3c/p3c-pmd/1.3.6/p3c-pmd-1.3.6.jar
[INFO] Downloading from central: https://repo.maven.apache.org/maven2/net/sourceforge/pmd/pmd-vm/5.5.2/pmd-vm-5.5.2.jar
[INFO] Downloading from central: https://repo.maven.apache.org/maven2/net/sourceforge/pmd/pmd-core/5.6.1/pmd-core-5.6.1.jar
[INFO] Downloading from central: https://repo.maven.apache.org/maven2/net/sourceforge/pmd/pmd-javascript/5.6.1/pmd-javascript-5.6.1.jar
[INFO] Downloading from central: https://repo.maven.apache.org/maven2/net/sourceforge/pmd/pmd-java/5.6.1/pmd-java-5.6.1.jar
[INFO] Downloaded from central: https://repo.maven.apache.org/maven2/net/sourceforge/pmd/pmd-vm/5.5.2/pmd-vm-5.5.2.jar (147 kB at 3.4 MB/s)
[INFO] Downloading from central: https://repo.maven.apache.org/maven2/org/mozilla/rhino/1.7.7/rhino-1.7.7.jar
[INFO] Downloaded from central: https://repo.maven.apache.org/maven2/net/sourceforge/pmd/pmd-javascript/5.6.1/pmd-javascript-5.6.1.jar (128 kB at 2.8 MB/s)
[INFO] Downloading from central: https://repo.maven.apache.org/maven2/net/sourceforge/pmd/pmd-jsp/5.6.1/pmd-jsp-5.6.1.jar
[INFO] Downloaded from central: https://repo.maven.apache.org/maven2/com/alibaba/p3c/p3c-pmd/1.3.6/p3c-pmd-1.3.6.jar (161 kB at 3.2 MB/s)
[INFO] Downloaded from central: https://repo.maven.apache.org/maven2/net/sourceforge/pmd/pmd-core/5.6.1/pmd-core-5.6.1.jar (717 kB at 14 MB/s)
[INFO] Downloaded from central: https://repo.maven.apache.org/maven2/net/sourceforge/pmd/pmd-java/5.6.1/pmd-java-5.6.1.jar (754 kB at 11 MB/s)
[INFO] Downloaded from central: https://repo.maven.apache.org/maven2/net/sourceforge/pmd/pmd-jsp/5.6.1/pmd-jsp-5.6.1.jar (94 kB at 1.1 MB/s)
[INFO] Downloaded from central: https://repo.maven.apache.org/maven2/org/mozilla/rhino/1.7.7/rhino-1.7.7.jar (1.3 MB at 12 MB/s)
[INFO] 
[INFO] <<< maven-pmd-plugin:3.8:check (default) < :pmd @ jetcache-parent <<<
[INFO] 
[INFO] 
[INFO] --- maven-pmd-plugin:3.8:check (default) @ jetcache-parent ---
[INFO] 
[INFO] >>> maven-source-plugin:3.0.1:jar (attach-sources) > generate-sources @ jetcache-parent >>>
[INFO] 
[INFO] <<< maven-source-plugin:3.0.1:jar (attach-sources) < generate-sources @ jetcache-parent <<<
[INFO] 
[INFO] 
[INFO] --- maven-source-plugin:3.0.1:jar (attach-sources) @ jetcache-parent ---
[INFO] 
[INFO] --- maven-install-plugin:2.4:install (default-install) @ jetcache-parent ---
[INFO] Installing /home/srafi/after-cam-ready/compare_/compile_repair_output/work/e71598352a12/pom.xml to /home/srafi/.m2/repository/com/alicp/jetcache/jetcache-parent/2.6.0.M4-SNAPSHOT/jetcache-parent-2.6.0.M4-SNAPSHOT.pom
[INFO] 
[INFO] ----------------< com.alicp.jetcache:jetcache-anno-api >----------------
[INFO] Building jetcache-anno-api 2.6.0.M4-SNAPSHOT                       [2/9]
[INFO] --------------------------------[ jar ]---------------------------------
[INFO] 
[INFO] --- maven-clean-plugin:2.5:clean (default-clean) @ jetcache-anno-api ---
[INFO] 
[INFO] --- maven-resources-plugin:2.6:resources (default-resources) @ jetcache-anno-api ---
[INFO] Using 'UTF-8' encoding to copy filtered resources.
[INFO] skip non existing resourceDirectory /home/srafi/after-cam-ready/compare_/compile_repair_output/work/e71598352a12/jetcache-anno-api/src/main/resources
[INFO] 
[INFO] --- maven-compiler-plugin:3.7.0:compile (default-compile) @ jetcache-anno-api ---
[INFO] Changes detected - recompiling the module!
[INFO] Compiling 11 source files to /home/srafi/after-cam-ready/compare_/compile_repair_output/work/e71598352a12/jetcache-anno-api/target/classes
[INFO] 
[INFO] --- maven-resources-plugin:2.6:testResources (default-testResources) @ jetcache-anno-api ---
[INFO] Using 'UTF-8' encoding to copy filtered resources.
[INFO] skip non existing resourceDirectory /home/srafi/after-cam-ready/compare_/compile_repair_output/work/e71598352a12/jetcache-anno-api/src/test/resources
[INFO] 
[INFO] --- maven-compiler-plugin:3.7.0:testCompile (default-testCompile) @ jetcache-anno-api ---
[INFO] No sources to compile
[INFO] 
[INFO] --- maven-surefire-plugin:3.0.0-M8-SNAPSHOT:test (default-test) @ jetcache-anno-api ---
[INFO] Downloading from apache.snapshots: https://repository.apache.org/snapshots/org/apache/maven/surefire/maven-surefire-common/3.0.0-M8-SNAPSHOT/maven-metadata.xml
[INFO] Downloading from apache.snapshots: https://repository.apache.org/snapshots/org/apache/maven/surefire/surefire-api/3.0.0-M8-SNAPSHOT/maven-metadata.xml
[INFO] Downloading from apache.snapshots: https://repository.apache.org/snapshots/org/apache/maven/surefire/surefire-logger-api/3.0.0-M8-SNAPSHOT/maven-metadata.xml
[INFO] Downloading from apache.snapshots: https://repository.apache.org/snapshots/org/apache/maven/surefire/surefire-shared-utils/3.0.0-M8-SNAPSHOT/maven-metadata.xml
[INFO] Downloading from apache.snapshots: https://repository.apache.org/snapshots/org/apache/maven/surefire/surefire-extensions-api/3.0.0-M8-SNAPSHOT/maven-metadata.xml
[INFO] Downloading from apache.snapshots: https://repository.apache.org/snapshots/org/apache/maven/surefire/surefire-booter/3.0.0-M8-SNAPSHOT/maven-metadata.xml
[INFO] Downloading from apache.snapshots: https://repository.apache.org/snapshots/org/apache/maven/surefire/surefire-extensions-spi/3.0.0-M8-SNAPSHOT/maven-metadata.xml
[INFO] Tests are skipped.
[INFO] 
[INFO] --- maven-jar-plugin:2.4:jar (default-jar) @ jetcache-anno-api ---
[INFO] Building jar: /home/srafi/after-cam-ready/compare_/compile_repair_output/work/e71598352a12/jetcache-anno-api/target/jetcache-anno-api-2.6.0.M4-SNAPSHOT.jar
[INFO] 
[INFO] --- maven-javadoc-plugin:2.10.4:jar (attach-javadoc) @ jetcache-anno-api ---
[INFO] Skipping javadoc generation
[INFO] 
[INFO] >>> maven-pmd-plugin:3.8:check (default) > :pmd @ jetcache-anno-api >>>
[INFO] 
[INFO] --- maven-pmd-plugin:3.8:pmd (pmd) @ jetcache-anno-api ---
[WARNING] Unable to locate Source XRef to link to - DISABLED
[WARNING] Unable to locate Source XRef to link to - DISABLED
[INFO] 
[INFO] <<< maven-pmd-plugin:3.8:check (default) < :pmd @ jetcache-anno-api <<<
[INFO] 
[INFO] 
[INFO] --- maven-pmd-plugin:3.8:check (default) @ jetcache-anno-api ---
[INFO] 
[INFO] 
[INFO] >>> maven-source-plugin:3.0.1:jar (attach-sources) > generate-sources @ jetcache-anno-api >>>
[INFO] 
[INFO] <<< maven-source-plugin:3.0.1:jar (attach-sources) < generate-sources @ jetcache-anno-api <<<
[INFO] 
[INFO] 
[INFO] --- maven-source-plugin:3.0.1:jar (attach-sources) @ jetcache-anno-api ---
[INFO] Building jar: /home/srafi/after-cam-ready/compare_/compile_repair_output/work/e71598352a12/jetcache-anno-api/target/jetcache-anno-api-2.6.0.M4-SNAPSHOT-sources.jar
[INFO] 
[INFO] --- maven-install-plugin:2.4:install (default-install) @ jetcache-anno-api ---
[INFO] Installing /home/srafi/after-cam-ready/compare_/compile_repair_output/work/e71598352a12/jetcache-anno-api/target/jetcache-anno-api-2.6.0.M4-SNAPSHOT.jar to /home/srafi/.m2/repository/com/alicp/jetcache/jetcache-anno-api/2.6.0.M4-SNAPSHOT/jetcache-anno-api-2.6.0.M4-SNAPSHOT.jar
[INFO] Installing /home/srafi/after-cam-ready/compare_/compile_repair_output/work/e71598352a12/jetcache-anno-api/pom.xml to /home/srafi/.m2/repository/com/alicp/jetcache/jetcache-anno-api/2.6.0.M4-SNAPSHOT/jetcache-anno-api-2.6.0.M4-SNAPSHOT.pom
[INFO] Installing /home/srafi/after-cam-ready/compare_/compile_repair_output/work/e71598352a12/jetcache-anno-api/target/jetcache-anno-api-2.6.0.M4-SNAPSHOT-sources.jar to /home/srafi/.m2/repository/com/alicp/jetcache/jetcache-anno-api/2.6.0.M4-SNAPSHOT/jetcache-anno-api-2.6.0.M4-SNAPSHOT-sources.jar
[INFO] 
[INFO] ------------------< com.alicp.jetcache:jetcache-core >------------------
[INFO] Building jetcache-core 2.6.0.M4-SNAPSHOT                           [3/9]
[INFO] --------------------------------[ jar ]---------------------------------
[INFO] Downloading from spring-milestones: https://repo.spring.io/libs-milestone/com/alibaba/fastjson/1.2.56/fastjson-1.2.56.pom
[INFO] Downloading from central: https://repo.maven.apache.org/maven2/com/alibaba/fastjson/1.2.56/fastjson-1.2.56.pom
[INFO] Downloaded from central: https://repo.maven.apache.org/maven2/com/alibaba/fastjson/1.2.56/fastjson-1.2.56.pom (6.3 kB at 184 kB/s)
[INFO] Downloading from spring-milestones: https://repo.spring.io/libs-milestone/com/esotericsoftware/kryo/4.0.2/kryo-4.0.2.pom
[INFO] Downloading from central: https://repo.maven.apache.org/maven2/com/esotericsoftware/kryo/4.0.2/kryo-4.0.2.pom
[INFO] Downloaded from central: https://repo.maven.apache.org/maven2/com/esotericsoftware/kryo/4.0.2/kryo-4.0.2.pom (4.7 kB at 129 kB/s)
[INFO] Downloading from spring-milestones: https://repo.spring.io/libs-milestone/com/esotericsoftware/kryo-parent/4.0.2/kryo-parent-4.0.2.pom
[INFO] Downloading from central: https://repo.maven.apache.org/maven2/com/esotericsoftware/kryo-parent/4.0.2/kryo-parent-4.0.2.pom
[INFO] Downloaded from central: https://repo.maven.apache.org/maven2/com/esotericsoftware/kryo-parent/4.0.2/kryo-parent-4.0.2.pom (7.1 kB at 196 kB/s)
[INFO] Downloading from spring-milestones: https://repo.spring.io/libs-milestone/com/github/ben-manes/caffeine/caffeine/2.7.0/caffeine-2.7.0.pom
[INFO] Downloading from central: https://repo.maven.apache.org/maven2/com/github/ben-manes/caffeine/caffeine/2.7.0/caffeine-2.7.0.pom
[INFO] Downloaded from central: https://repo.maven.apache.org/maven2/com/github/ben-manes/caffeine/caffeine/2.7.0/caffeine-2.7.0.pom (5.6 kB at 160 kB/s)
[INFO] Downloading from spring-milestones: https://repo.spring.io/libs-milestone/org/checkerframework/checker-qual/2.6.0/checker-qual-2.6.0.pom
[INFO] Downloading from central: https://repo.maven.apache.org/maven2/org/checkerframework/checker-qual/2.6.0/checker-qual-2.6.0.pom
[INFO] Downloaded from central: https://repo.maven.apache.org/maven2/org/checkerframework/checker-qual/2.6.0/checker-qual-2.6.0.pom (2.4 kB at 63 kB/s)
[INFO] Downloading from spring-milestones: https://repo.spring.io/libs-milestone/org/springframework/spring-core/5.1.6.RELEASE/spring-core-5.1.6.RELEASE.pom
[INFO] Downloading from central: https://repo.maven.apache.org/maven2/org/springframework/spring-core/5.1.6.RELEASE/spring-core-5.1.6.RELEASE.pom
[INFO] Downloaded from central: https://repo.maven.apache.org/maven2/org/springframework/spring-core/5.1.6.RELEASE/spring-core-5.1.6.RELEASE.pom (3.6 kB at 103 kB/s)
[INFO] Downloading from spring-milestones: https://repo.spring.io/libs-milestone/org/springframework/spring-jcl/5.1.6.RELEASE/spring-jcl-5.1.6.RELEASE.pom
[INFO] Downloading from central: https://repo.maven.apache.org/maven2/org/springframework/spring-jcl/5.1.6.RELEASE/spring-jcl-5.1.6.RELEASE.pom
[INFO] Downloaded from central: https://repo.maven.apache.org/maven2/org/springframework/spring-jcl/5.1.6.RELEASE/spring-jcl-5.1.6.RELEASE.pom (1.9 kB at 61 kB/s)
[INFO] Downloading from spring-milestones: https://repo.spring.io/libs-milestone/com/alibaba/fastjson/1.2.56/fastjson-1.2.56.jar
[INFO] Downloading from spring-milestones: https://repo.spring.io/libs-milestone/com/esotericsoftware/kryo/4.0.2/kryo-4.0.2.jar
[INFO] Downloading from spring-milestones: https://repo.spring.io/libs-milestone/com/github/ben-manes/caffeine/caffeine/2.7.0/caffeine-2.7.0.jar
[INFO] Downloading from spring-milestones: https://repo.spring.io/libs-milestone/org/springframework/spring-core/5.1.6.RELEASE/spring-core-5.1.6.RELEASE.jar
[INFO] Downloading from spring-milestones: https://repo.spring.io/libs-milestone/org/checkerframework/checker-qual/2.6.0/checker-qual-2.6.0.jar
[INFO] Downloading from spring-milestones: https://repo.spring.io/libs-milestone/org/springframework/spring-jcl/5.1.6.RELEASE/spring-jcl-5.1.6.RELEASE.jar
[INFO] Downloading from central: https://repo.maven.apache.org/maven2/com/alibaba/fastjson/1.2.56/fastjson-1.2.56.jar
[INFO] Downloading from central: https://repo.maven.apache.org/maven2/com/esotericsoftware/kryo/4.0.2/kryo-4.0.2.jar
[INFO] Downloading from central: https://repo.maven.apache.org/maven2/com/github/ben-manes/caffeine/caffeine/2.7.0/caffeine-2.7.0.jar
[INFO] Downloading from central: https://repo.maven.apache.org/maven2/org/springframework/spring-core/5.1.6.RELEASE/spring-core-5.1.6.RELEASE.jar
[INFO] Downloading from central: https://repo.maven.apache.org/maven2/org/checkerframework/checker-qual/2.6.0/checker-qual-2.6.0.jar
[INFO] Downloaded from central: https://repo.maven.apache.org/maven2/com/alibaba/fastjson/1.2.56/fastjson-1.2.56.jar (598 kB at 14 MB/s)
[INFO] Downloading from central: https://repo.maven.apache.org/maven2/org/springframework/spring-jcl/5.1.6.RELEASE/spring-jcl-5.1.6.RELEASE.jar
[INFO] Downloaded from central: https://repo.maven.apache.org/maven2/com/esotericsoftware/kryo/4.0.2/kryo-4.0.2.jar (338 kB at 7.5 MB/s)
[INFO] Downloaded from central: https://repo.maven.apache.org/maven2/org/checkerframework/checker-qual/2.6.0/checker-qual-2.6.0.jar (194 kB at 3.3 MB/s)
[INFO] Downloaded from central: https://repo.maven.apache.org/maven2/org/springframework/spring-core/5.1.6.RELEASE/spring-core-5.1.6.RELEASE.jar (1.3 MB at 22 MB/s)
[INFO] Downloaded from central: https://repo.maven.apache.org/maven2/com/github/ben-manes/caffeine/caffeine/2.7.0/caffeine-2.7.0.jar (847 kB at 13 MB/s)
[INFO] Downloaded from central: https://repo.maven.apache.org/maven2/org/springframework/spring-jcl/5.1.6.RELEASE/spring-jcl-5.1.6.RELEASE.jar (24 kB at 344 kB/s)
[INFO] 
[INFO] --- maven-clean-plugin:2.5:clean (default-clean) @ jetcache-core ---
[INFO] 
[INFO] --- maven-resources-plugin:2.6:resources (default-resources) @ jetcache-core ---
[INFO] Using 'UTF-8' encoding to copy filtered resources.
[INFO] skip non existing resourceDirectory /home/srafi/after-cam-ready/compare_/compile_repair_output/work/e71598352a12/jetcache-core/src/main/resources
[INFO] 
[INFO] --- maven-compiler-plugin:3.7.0:compile (default-compile) @ jetcache-core ---
[INFO] Changes detected - recompiling the module!
[INFO] Compiling 70 source files to /home/srafi/after-cam-ready/compare_/compile_repair_output/work/e71598352a12/jetcache-core/target/classes
[INFO] /home/srafi/after-cam-ready/compare_/compile_repair_output/work/e71598352a12/jetcache-core/src/main/java/com/alicp/jetcache/MultiGetResult.java: Some input files use unchecked or unsafe operations.
[INFO] /home/srafi/after-cam-ready/compare_/compile_repair_output/work/e71598352a12/jetcache-core/src/main/java/com/alicp/jetcache/MultiGetResult.java: Recompile with -Xlint:unchecked for details.
[INFO] 
[INFO] --- maven-resources-plugin:2.6:testResources (default-testResources) @ jetcache-core ---
[INFO] Using 'UTF-8' encoding to copy filtered resources.
[INFO] skip non existing resourceDirectory /home/srafi/after-cam-ready/compare_/compile_repair_output/work/e71598352a12/jetcache-core/src/test/resources
[INFO] 
[INFO] --- maven-compiler-plugin:3.7.0:testCompile (default-testCompile) @ jetcache-core ---
[INFO] No sources to compile
[INFO] 
[INFO] --- maven-surefire-plugin:3.0.0-M8-SNAPSHOT:test (default-test) @ jetcache-core ---
[INFO] Tests are skipped.
[INFO] 
[INFO] --- maven-jar-plugin:2.4:jar (default-jar) @ jetcache-core ---
[INFO] Building jar: /home/srafi/after-cam-ready/compare_/compile_repair_output/work/e71598352a12/jetcache-core/target/jetcache-core-2.6.0.M4-SNAPSHOT.jar
[INFO] 
[INFO] --- maven-javadoc-plugin:2.10.4:jar (attach-javadoc) @ jetcache-core ---
[INFO] Skipping javadoc generation
[INFO] 
[INFO] >>> maven-pmd-plugin:3.8:check (default) > :pmd @ jetcache-core >>>
[INFO] 
[INFO] --- maven-pmd-plugin:3.8:pmd (pmd) @ jetcache-core ---
[WARNING] Unable to locate Source XRef to link to - DISABLED
[WARNING] Unable to locate Source XRef to link to - DISABLED
[INFO] 
[INFO] <<< maven-pmd-plugin:3.8:check (default) < :pmd @ jetcache-core <<<
[INFO] 
[INFO] 
[INFO] --- maven-pmd-plugin:3.8:check (default) @ jetcache-core ---
[INFO] 
[INFO] 
[INFO] >>> maven-source-plugin:3.0.1:jar (attach-sources) > generate-sources @ jetcache-core >>>
[INFO] 
[INFO] <<< maven-source-plugin:3.0.1:jar (attach-sources) < generate-sources @ jetcache-core <<<
[INFO] 
[INFO] 
[INFO] --- maven-source-plugin:3.0.1:jar (attach-sources) @ jetcache-core ---
[INFO] Building jar: /home/srafi/after-cam-ready/compare_/compile_repair_output/work/e71598352a12/jetcache-core/target/jetcache-core-2.6.0.M4-SNAPSHOT-sources.jar
[INFO] 
[INFO] --- maven-install-plugin:2.4:install (default-install) @ jetcache-core ---
[INFO] Installing /home/srafi/after-cam-ready/compare_/compile_repair_output/work/e71598352a12/jetcache-core/target/jetcache-core-2.6.0.M4-SNAPSHOT.jar to /home/srafi/.m2/repository/com/alicp/jetcache/jetcache-core/2.6.0.M4-SNAPSHOT/jetcache-core-2.6.0.M4-SNAPSHOT.jar
[INFO] Installing /home/srafi/after-cam-ready/compare_/compile_repair_output/work/e71598352a12/jetcache-core/pom.xml to /home/srafi/.m2/repository/com/alicp/jetcache/jetcache-core/2.6.0.M4-SNAPSHOT/jetcache-core-2.6.0.M4-SNAPSHOT.pom
[INFO] Installing /home/srafi/after-cam-ready/compare_/compile_repair_output/work/e71598352a12/jetcache-core/target/jetcache-core-2.6.0.M4-SNAPSHOT-sources.jar to /home/srafi/.m2/repository/com/alicp/jetcache/jetcache-core/2.6.0.M4-SNAPSHOT/jetcache-core-2.6.0.M4-SNAPSHOT-sources.jar
[INFO] 
[INFO] ------------------< com.alicp.jetcache:jetcache-anno >------------------
[INFO] Building jetcache-anno 2.6.0.M4-SNAPSHOT                           [4/9]
[INFO] --------------------------------[ jar ]---------------------------------
[INFO] Downloading from spring-milestones: https://repo.spring.io/libs-milestone/org/springframework/spring-context/5.1.6.RELEASE/spring-context-5.1.6.RELEASE.pom
[INFO] Downloading from central: https://repo.maven.apache.org/maven2/org/springframework/spring-context/5.1.6.RELEASE/spring-context-5.1.6.RELEASE.pom
[INFO] Downloaded from central: https://repo.maven.apache.org/maven2/org/springframework/spring-context/5.1.6.RELEASE/spring-context-5.1.6.RELEASE.pom (5.7 kB at 190 kB/s)
[INFO] Downloading from spring-milestones: https://repo.spring.io/libs-milestone/org/springframework/spring-aop/5.1.6.RELEASE/spring-aop-5.1.6.RELEASE.pom
[INFO] Downloading from central: https://repo.maven.apache.org/maven2/org/springframework/spring-aop/5.1.6.RELEASE/spring-aop-5.1.6.RELEASE.pom
[INFO] Downloaded from central: https://repo.maven.apache.org/maven2/org/springframework/spring-aop/5.1.6.RELEASE/spring-aop-5.1.6.RELEASE.pom (2.5 kB at 80 kB/s)
[INFO] Downloading from spring-milestones: https://repo.spring.io/libs-milestone/org/springframework/spring-beans/5.1.6.RELEASE/spring-beans-5.1.6.RELEASE.pom
[INFO] Downloading from central: https://repo.maven.apache.org/maven2/org/springframework/spring-beans/5.1.6.RELEASE/spring-beans-5.1.6.RELEASE.pom
[INFO] Downloaded from central: https://repo.maven.apache.org/maven2/org/springframework/spring-beans/5.1.6.RELEASE/spring-beans-5.1.6.RELEASE.pom (2.7 kB at 74 kB/s)
[INFO] Downloading from spring-milestones: https://repo.spring.io/libs-milestone/org/springframework/spring-expression/5.1.6.RELEASE/spring-expression-5.1.6.RELEASE.pom
[INFO] Downloading from central: https://repo.maven.apache.org/maven2/org/springframework/spring-expression/5.1.6.RELEASE/spring-expression-5.1.6.RELEASE.pom
[INFO] Downloaded from central: https://repo.maven.apache.org/maven2/org/springframework/spring-expression/5.1.6.RELEASE/spring-expression-5.1.6.RELEASE.pom (1.7 kB at 56 kB/s)
[INFO] Downloading from spring-milestones: https://repo.spring.io/libs-milestone/org/mvel/mvel2/2.4.4.Final/mvel2-2.4.4.Final.pom
[INFO] Downloading from central: https://repo.maven.apache.org/maven2/org/mvel/mvel2/2.4.4.Final/mvel2-2.4.4.Final.pom
[INFO] Downloaded from central: https://repo.maven.apache.org/maven2/org/mvel/mvel2/2.4.4.Final/mvel2-2.4.4.Final.pom (11 kB at 307 kB/s)
[INFO] Downloading from spring-milestones: https://repo.spring.io/libs-milestone/org/springframework/spring-context/5.1.6.RELEASE/spring-context-5.1.6.RELEASE.jar
[INFO] Downloading from spring-milestones: https://repo.spring.io/libs-milestone/org/springframework/spring-aop/5.1.6.RELEASE/spring-aop-5.1.6.RELEASE.jar
[INFO] Downloading from spring-milestones: https://repo.spring.io/libs-milestone/org/springframework/spring-beans/5.1.6.RELEASE/spring-beans-5.1.6.RELEASE.jar
[INFO] Downloading from spring-milestones: https://repo.spring.io/libs-milestone/org/springframework/spring-expression/5.1.6.RELEASE/spring-expression-5.1.6.RELEASE.jar
[INFO] Downloading from spring-milestones: https://repo.spring.io/libs-milestone/org/mvel/mvel2/2.4.4.Final/mvel2-2.4.4.Final.jar
[INFO] Downloading from central: https://repo.maven.apache.org/maven2/org/springframework/spring-context/5.1.6.RELEASE/spring-context-5.1.6.RELEASE.jar
[INFO] Downloading from central: https://repo.maven.apache.org/maven2/org/springframework/spring-aop/5.1.6.RELEASE/spring-aop-5.1.6.RELEASE.jar
[INFO] Downloading from central: https://repo.maven.apache.org/maven2/org/springframework/spring-expression/5.1.6.RELEASE/spring-expression-5.1.6.RELEASE.jar
[INFO] Downloading from central: https://repo.maven.apache.org/maven2/org/springframework/spring-beans/5.1.6.RELEASE/spring-beans-5.1.6.RELEASE.jar
[INFO] Downloading from central: https://repo.maven.apache.org/maven2/org/mvel/mvel2/2.4.4.Final/mvel2-2.4.4.Final.jar
[INFO] Downloaded from central: https://repo.maven.apache.org/maven2/org/springframework/spring-expression/5.1.6.RELEASE/spring-expression-5.1.6.RELEASE.jar (280 kB at 6.7 MB/s)
[INFO] Downloaded from central: https://repo.maven.apache.org/maven2/org/springframework/spring-context/5.1.6.RELEASE/spring-context-5.1.6.RELEASE.jar (1.1 MB at 24 MB/s)
[INFO] Downloaded from central: https://repo.maven.apache.org/maven2/org/springframework/spring-aop/5.1.6.RELEASE/spring-aop-5.1.6.RELEASE.jar (369 kB at 8.0 MB/s)
[INFO] Downloaded from central: https://repo.maven.apache.org/maven2/org/mvel/mvel2/2.4.4.Final/mvel2-2.4.4.Final.jar (806 kB at 16 MB/s)
[INFO] Downloaded from central: https://repo.maven.apache.org/maven2/org/springframework/spring-beans/5.1.6.RELEASE/spring-beans-5.1.6.RELEASE.jar (673 kB at 9.9 MB/s)
[INFO] 
[INFO] --- maven-clean-plugin:2.5:clean (default-clean) @ jetcache-anno ---
[INFO] 
[INFO] --- maven-resources-plugin:2.6:resources (default-resources) @ jetcache-anno ---
[INFO] Using 'UTF-8' encoding to copy filtered resources.
[INFO] Copying 3 resources
[INFO] 
[INFO] --- maven-compiler-plugin:3.7.0:compile (default-compile) @ jetcache-anno ---
[INFO] Changes detected - recompiling the module!
[INFO] Compiling 48 source files to /home/srafi/after-cam-ready/compare_/compile_repair_output/work/e71598352a12/jetcache-anno/target/classes
[INFO] /home/srafi/after-cam-ready/compare_/compile_repair_output/work/e71598352a12/jetcache-anno/src/main/java/com/alicp/jetcache/anno/field/CreateCacheAnnotationBeanPostProcessor.java: /home/srafi/after-cam-ready/compare_/compile_repair_output/work/e71598352a12/jetcache-anno/src/main/java/com/alicp/jetcache/anno/field/CreateCacheAnnotationBeanPostProcessor.java uses or overrides a deprecated API.
[INFO] /home/srafi/after-cam-ready/compare_/compile_repair_output/work/e71598352a12/jetcache-anno/src/main/java/com/alicp/jetcache/anno/field/CreateCacheAnnotationBeanPostProcessor.java: Recompile with -Xlint:deprecation for details.
[INFO] /home/srafi/after-cam-ready/compare_/compile_repair_output/work/e71598352a12/jetcache-anno/src/main/java/com/alicp/jetcache/anno/support/CacheContext.java: Some input files use unchecked or unsafe operations.
[INFO] /home/srafi/after-cam-ready/compare_/compile_repair_output/work/e71598352a12/jetcache-anno/src/main/java/com/alicp/jetcache/anno/support/CacheContext.java: Recompile with -Xlint:unchecked for details.
[INFO] 
[INFO] --- maven-resources-plugin:2.6:testResources (default-testResources) @ jetcache-anno ---
[INFO] Using 'UTF-8' encoding to copy filtered resources.
[INFO] skip non existing resourceDirectory /home/srafi/after-cam-ready/compare_/compile_repair_output/work/e71598352a12/jetcache-anno/src/test/resources
[INFO] 
[INFO] --- maven-compiler-plugin:3.7.0:testCompile (default-testCompile) @ jetcache-anno ---
[INFO] No sources to compile
[INFO] 
[INFO] --- maven-surefire-plugin:3.0.0-M8-SNAPSHOT:test (default-test) @ jetcache-anno ---
[INFO] Tests are skipped.
[INFO] 
[INFO] --- maven-jar-plugin:2.4:jar (default-jar) @ jetcache-anno ---
[INFO] Building jar: /home/srafi/after-cam-ready/compare_/compile_repair_output/work/e71598352a12/jetcache-anno/target/jetcache-anno-2.6.0.M4-SNAPSHOT.jar
[INFO] 
[INFO] --- maven-javadoc-plugin:2.10.4:jar (attach-javadoc) @ jetcache-anno ---
[INFO] Skipping javadoc generation
[INFO] 
[INFO] >>> maven-pmd-plugin:3.8:check (default) > :pmd @ jetcache-anno >>>
[INFO] 
[INFO] --- maven-pmd-plugin:3.8:pmd (pmd) @ jetcache-anno ---
[WARNING] Unable to locate Source XRef to link to - DISABLED
[WARNING] Unable to locate Source XRef to link to - DISABLED
[INFO] 
[INFO] <<< maven-pmd-plugin:3.8:check (default) < :pmd @ jetcache-anno <<<
[INFO] 
[INFO] 
[INFO] --- maven-pmd-plugin:3.8:check (default) @ jetcache-anno ---
[INFO] 
[INFO] 
[INFO] >>> maven-source-plugin:3.0.1:jar (attach-sources) > generate-sources @ jetcache-anno >>>
[INFO] 
[INFO] <<< maven-source-plugin:3.0.1:jar (attach-sources) < generate-sources @ jetcache-anno <<<
[INFO] 
[INFO] 
[INFO] --- maven-source-plugin:3.0.1:jar (attach-sources) @ jetcache-anno ---
[INFO] Building jar: /home/srafi/after-cam-ready/compare_/compile_repair_output/work/e71598352a12/jetcache-anno/target/jetcache-anno-2.6.0.M4-SNAPSHOT-sources.jar
[INFO] 
[INFO] --- maven-install-plugin:2.4:install (default-install) @ jetcache-anno ---
[INFO] Installing /home/srafi/after-cam-ready/compare_/compile_repair_output/work/e71598352a12/jetcache-anno/target/jetcache-anno-2.6.0.M4-SNAPSHOT.jar to /home/srafi/.m2/repository/com/alicp/jetcache/jetcache-anno/2.6.0.M4-SNAPSHOT/jetcache-anno-2.6.0.M4-SNAPSHOT.jar
[INFO] Installing /home/srafi/after-cam-ready/compare_/compile_repair_output/work/e71598352a12/jetcache-anno/pom.xml to /home/srafi/.m2/repository/com/alicp/jetcache/jetcache-anno/2.6.0.M4-SNAPSHOT/jetcache-anno-2.6.0.M4-SNAPSHOT.pom
[INFO] Installing /home/srafi/after-cam-ready/compare_/compile_repair_output/work/e71598352a12/jetcache-anno/target/jetcache-anno-2.6.0.M4-SNAPSHOT-sources.jar to /home/srafi/.m2/repository/com/alicp/jetcache/jetcache-anno/2.6.0.M4-SNAPSHOT/jetcache-anno-2.6.0.M4-SNAPSHOT-sources.jar
[INFO] 
[INFO] -----------------< com.alicp.jetcache:jetcache-redis >------------------
[INFO] Building jetcache-redis 2.6.0.M4-SNAPSHOT                          [5/9]
[INFO] --------------------------------[ jar ]---------------------------------
[INFO] Downloading from spring-milestones: https://repo.spring.io/libs-milestone/redis/clients/jedis/2.9.3/jedis-2.9.3.pom
[INFO] Downloading from central: https://repo.maven.apache.org/maven2/redis/clients/jedis/2.9.3/jedis-2.9.3.pom
[INFO] Downloaded from central: https://repo.maven.apache.org/maven2/redis/clients/jedis/2.9.3/jedis-2.9.3.pom (6.8 kB at 130 kB/s)
[INFO] Downloading from spring-milestones: https://repo.spring.io/libs-milestone/org/apache/commons/commons-pool2/2.4.3/commons-pool2-2.4.3.pom
[INFO] Downloading from central: https://repo.maven.apache.org/maven2/org/apache/commons/commons-pool2/2.4.3/commons-pool2-2.4.3.pom
[INFO] Downloaded from central: https://repo.maven.apache.org/maven2/org/apache/commons/commons-pool2/2.4.3/commons-pool2-2.4.3.pom (12 kB at 232 kB/s)
[INFO] Downloading from spring-milestones: https://repo.spring.io/libs-milestone/redis/clients/jedis/2.9.3/jedis-2.9.3.jar
[INFO] Downloading from spring-milestones: https://repo.spring.io/libs-milestone/org/apache/commons/commons-pool2/2.4.3/commons-pool2-2.4.3.jar
[INFO] Downloading from central: https://repo.maven.apache.org/maven2/redis/clients/jedis/2.9.3/jedis-2.9.3.jar
[INFO] Downloading from central: https://repo.maven.apache.org/maven2/org/apache/commons/commons-pool2/2.4.3/commons-pool2-2.4.3.jar
[INFO] Downloaded from central: https://repo.maven.apache.org/maven2/org/apache/commons/commons-pool2/2.4.3/commons-pool2-2.4.3.jar (127 kB at 3.5 MB/s)
[INFO] Downloaded from central: https://repo.maven.apache.org/maven2/redis/clients/jedis/2.9.3/jedis-2.9.3.jar (564 kB at 11 MB/s)
[INFO] 
[INFO] --- maven-clean-plugin:2.5:clean (default-clean) @ jetcache-redis ---
[INFO] 
[INFO] --- maven-resources-plugin:2.6:resources (default-resources) @ jetcache-redis ---
[INFO] Using 'UTF-8' encoding to copy filtered resources.
[INFO] skip non existing resourceDirectory /home/srafi/after-cam-ready/compare_/compile_repair_output/work/e71598352a12/jetcache-support/jetcache-redis/src/main/resources
[INFO] 
[INFO] --- maven-compiler-plugin:3.7.0:compile (default-compile) @ jetcache-redis ---
[INFO] Changes detected - recompiling the module!
[INFO] Compiling 3 source files to /home/srafi/after-cam-ready/compare_/compile_repair_output/work/e71598352a12/jetcache-support/jetcache-redis/target/classes
[INFO] /home/srafi/after-cam-ready/compare_/compile_repair_output/work/e71598352a12/jetcache-support/jetcache-redis/src/main/java/com/alicp/jetcache/redis/RedisCacheBuilder.java: Some input files use unchecked or unsafe operations.
[INFO] /home/srafi/after-cam-ready/compare_/compile_repair_output/work/e71598352a12/jetcache-support/jetcache-redis/src/main/java/com/alicp/jetcache/redis/RedisCacheBuilder.java: Recompile with -Xlint:unchecked for details.
[INFO] 
[INFO] --- maven-resources-plugin:2.6:testResources (default-testResources) @ jetcache-redis ---
[INFO] Using 'UTF-8' encoding to copy filtered resources.
[INFO] skip non existing resourceDirectory /home/srafi/after-cam-ready/compare_/compile_repair_output/work/e71598352a12/jetcache-support/jetcache-redis/src/test/resources
[INFO] 
[INFO] --- maven-compiler-plugin:3.7.0:testCompile (default-testCompile) @ jetcache-redis ---
[INFO] No sources to compile
[INFO] 
[INFO] --- maven-surefire-plugin:3.0.0-M8-SNAPSHOT:test (default-test) @ jetcache-redis ---
[INFO] Tests are skipped.
[INFO] 
[INFO] --- maven-jar-plugin:2.4:jar (default-jar) @ jetcache-redis ---
[INFO] Building jar: /home/srafi/after-cam-ready/compare_/compile_repair_output/work/e71598352a12/jetcache-support/jetcache-redis/target/jetcache-redis-2.6.0.M4-SNAPSHOT.jar
[INFO] 
[INFO] --- maven-javadoc-plugin:2.10.4:jar (attach-javadoc) @ jetcache-redis ---
[INFO] Skipping javadoc generation
[INFO] 
[INFO] >>> maven-pmd-plugin:3.8:check (default) > :pmd @ jetcache-redis >>>
[INFO] 
[INFO] --- maven-pmd-plugin:3.8:pmd (pmd) @ jetcache-redis ---
[WARNING] Unable to locate Source XRef to link to - DISABLED
[WARNING] Unable to locate Source XRef to link to - DISABLED
[INFO] 
[INFO] <<< maven-pmd-plugin:3.8:check (default) < :pmd @ jetcache-redis <<<
[INFO] 
[INFO] 
[INFO] --- maven-pmd-plugin:3.8:check (default) @ jetcache-redis ---
[INFO] 
[INFO] 
[INFO] >>> maven-source-plugin:3.0.1:jar (attach-sources) > generate-sources @ jetcache-redis >>>
[INFO] 
[INFO] <<< maven-source-plugin:3.0.1:jar (attach-sources) < generate-sources @ jetcache-redis <<<
[INFO] 
[INFO] 
[INFO] --- maven-source-plugin:3.0.1:jar (attach-sources) @ jetcache-redis ---
[INFO] Building jar: /home/srafi/after-cam-ready/compare_/compile_repair_output/work/e71598352a12/jetcache-support/jetcache-redis/target/jetcache-redis-2.6.0.M4-SNAPSHOT-sources.jar
[INFO] 
[INFO] --- maven-install-plugin:2.4:install (default-install) @ jetcache-redis ---
[INFO] Installing /home/srafi/after-cam-ready/compare_/compile_repair_output/work/e71598352a12/jetcache-support/jetcache-redis/target/jetcache-redis-2.6.0.M4-SNAPSHOT.jar to /home/srafi/.m2/repository/com/alicp/jetcache/jetcache-redis/2.6.0.M4-SNAPSHOT/jetcache-redis-2.6.0.M4-SNAPSHOT.jar
[INFO] Installing /home/srafi/after-cam-ready/compare_/compile_repair_output/work/e71598352a12/jetcache-support/jetcache-redis/pom.xml to /home/srafi/.m2/repository/com/alicp/jetcache/jetcache-redis/2.6.0.M4-SNAPSHOT/jetcache-redis-2.6.0.M4-SNAPSHOT.pom
[INFO] Installing /home/srafi/after-cam-ready/compare_/compile_repair_output/work/e71598352a12/jetcache-support/jetcache-redis/target/jetcache-redis-2.6.0.M4-SNAPSHOT-sources.jar to /home/srafi/.m2/repository/com/alicp/jetcache/jetcache-redis/2.6.0.M4-SNAPSHOT/jetcache-redis-2.6.0.M4-SNAPSHOT-sources.jar
[INFO] 
[INFO] -------------< com.alicp.jetcache:jetcache-redis-lettuce >--------------
[INFO] Building jetcache-redis-lettuce 2.6.0.M4-SNAPSHOT                  [6/9]
[INFO] --------------------------------[ jar ]---------------------------------
[INFO] Downloading from spring-milestones: https://repo.spring.io/libs-milestone/io/lettuce/lettuce-core/5.1.6.RELEASE/lettuce-core-5.1.6.RELEASE.pom
[INFO] Downloading from central: https://repo.maven.apache.org/maven2/io/lettuce/lettuce-core/5.1.6.RELEASE/lettuce-core-5.1.6.RELEASE.pom
[INFO] Downloaded from central: https://repo.maven.apache.org/maven2/io/lettuce/lettuce-core/5.1.6.RELEASE/lettuce-core-5.1.6.RELEASE.pom (37 kB at 800 kB/s)
[INFO] Downloading from spring-milestones: https://repo.spring.io/libs-milestone/io/netty/netty-bom/4.1.33.Final/netty-bom-4.1.33.Final.pom
[INFO] Downloading from central: https://repo.maven.apache.org/maven2/io/netty/netty-bom/4.1.33.Final/netty-bom-4.1.33.Final.pom
[INFO] Downloaded from central: https://repo.maven.apache.org/maven2/io/netty/netty-bom/4.1.33.Final/netty-bom-4.1.33.Final.pom (7.9 kB at 176 kB/s)
[INFO] Downloading from spring-milestones: https://repo.spring.io/libs-milestone/io/projectreactor/reactor-core/3.2.8.RELEASE/reactor-core-3.2.8.RELEASE.pom
[INFO] Downloading from central: https://repo.maven.apache.org/maven2/io/projectreactor/reactor-core/3.2.8.RELEASE/reactor-core-3.2.8.RELEASE.pom
[INFO] Downloaded from central: https://repo.maven.apache.org/maven2/io/projectreactor/reactor-core/3.2.8.RELEASE/reactor-core-3.2.8.RELEASE.pom (3.1 kB at 57 kB/s)
[INFO] Downloading from spring-milestones: https://repo.spring.io/libs-milestone/io/lettuce/lettuce-core/5.1.6.RELEASE/lettuce-core-5.1.6.RELEASE.jar
[INFO] Downloading from spring-milestones: https://repo.spring.io/libs-milestone/io/projectreactor/reactor-core/3.2.8.RELEASE/reactor-core-3.2.8.RELEASE.jar
[INFO] Downloading from central: https://repo.maven.apache.org/maven2/io/lettuce/lettuce-core/5.1.6.RELEASE/lettuce-core-5.1.6.RELEASE.jar
[INFO] Downloading from central: https://repo.maven.apache.org/maven2/io/projectreactor/reactor-core/3.2.8.RELEASE/reactor-core-3.2.8.RELEASE.jar
[INFO] Downloaded from central: https://repo.maven.apache.org/maven2/io/projectreactor/reactor-core/3.2.8.RELEASE/reactor-core-3.2.8.RELEASE.jar (1.5 MB at 23 MB/s)
[INFO] Downloaded from central: https://repo.maven.apache.org/maven2/io/lettuce/lettuce-core/5.1.6.RELEASE/lettuce-core-5.1.6.RELEASE.jar (1.4 MB at 18 MB/s)
[INFO] 
[INFO] --- maven-clean-plugin:2.5:clean (default-clean) @ jetcache-redis-lettuce ---
[INFO] 
[INFO] --- maven-resources-plugin:2.6:resources (default-resources) @ jetcache-redis-lettuce ---
[INFO] Using 'UTF-8' encoding to copy filtered resources.
[INFO] skip non existing resourceDirectory /home/srafi/after-cam-ready/compare_/compile_repair_output/work/e71598352a12/jetcache-support/jetcache-redis-lettuce/src/main/resources
[INFO] 
[INFO] --- maven-compiler-plugin:3.7.0:compile (default-compile) @ jetcache-redis-lettuce ---
[INFO] Changes detected - recompiling the module!
[INFO] Compiling 5 source files to /home/srafi/after-cam-ready/compare_/compile_repair_output/work/e71598352a12/jetcache-support/jetcache-redis-lettuce/target/classes
[INFO] /home/srafi/after-cam-ready/compare_/compile_repair_output/work/e71598352a12/jetcache-support/jetcache-redis-lettuce/src/main/java/com/alicp/jetcache/redis/lettuce/RedisLettuceCacheBuilder.java: Some input files use unchecked or unsafe operations.
[INFO] /home/srafi/after-cam-ready/compare_/compile_repair_output/work/e71598352a12/jetcache-support/jetcache-redis-lettuce/src/main/java/com/alicp/jetcache/redis/lettuce/RedisLettuceCacheBuilder.java: Recompile with -Xlint:unchecked for details.
[INFO] 
[INFO] --- maven-resources-plugin:2.6:testResources (default-testResources) @ jetcache-redis-lettuce ---
[INFO] Using 'UTF-8' encoding to copy filtered resources.
[INFO] skip non existing resourceDirectory /home/srafi/after-cam-ready/compare_/compile_repair_output/work/e71598352a12/jetcache-support/jetcache-redis-lettuce/src/test/resources
[INFO] 
[INFO] --- maven-compiler-plugin:3.7.0:testCompile (default-testCompile) @ jetcache-redis-lettuce ---
[INFO] No sources to compile
[INFO] 
[INFO] --- maven-surefire-plugin:3.0.0-M8-SNAPSHOT:test (default-test) @ jetcache-redis-lettuce ---
[INFO] Tests are skipped.
[INFO] 
[INFO] --- maven-jar-plugin:2.4:jar (default-jar) @ jetcache-redis-lettuce ---
[INFO] Building jar: /home/srafi/after-cam-ready/compare_/compile_repair_output/work/e71598352a12/jetcache-support/jetcache-redis-lettuce/target/jetcache-redis-lettuce-2.6.0.M4-SNAPSHOT.jar
[INFO] 
[INFO] --- maven-javadoc-plugin:2.10.4:jar (attach-javadoc) @ jetcache-redis-lettuce ---
[INFO] Skipping javadoc generation
[INFO] 
[INFO] >>> maven-pmd-plugin:3.8:check (default) > :pmd @ jetcache-redis-lettuce >>>
[INFO] 
[INFO] --- maven-pmd-plugin:3.8:pmd (pmd) @ jetcache-redis-lettuce ---
[WARNING] Unable to locate Source XRef to link to - DISABLED
[WARNING] Unable to locate Source XRef to link to - DISABLED
[INFO] 
[INFO] <<< maven-pmd-plugin:3.8:check (default) < :pmd @ jetcache-redis-lettuce <<<
[INFO] 
[INFO] 
[INFO] --- maven-pmd-plugin:3.8:check (default) @ jetcache-redis-lettuce ---
[INFO] 
[INFO] 
[INFO] >>> maven-source-plugin:3.0.1:jar (attach-sources) > generate-sources @ jetcache-redis-lettuce >>>
[INFO] 
[INFO] <<< maven-source-plugin:3.0.1:jar (attach-sources) < generate-sources @ jetcache-redis-lettuce <<<
[INFO] 
[INFO] 
[INFO] --- maven-source-plugin:3.0.1:jar (attach-sources) @ jetcache-redis-lettuce ---
[INFO] Building jar: /home/srafi/after-cam-ready/compare_/compile_repair_output/work/e71598352a12/jetcache-support/jetcache-redis-lettuce/target/jetcache-redis-lettuce-2.6.0.M4-SNAPSHOT-sources.jar
[INFO] 
[INFO] --- maven-install-plugin:2.4:install (default-install) @ jetcache-redis-lettuce ---
[INFO] Installing /home/srafi/after-cam-ready/compare_/compile_repair_output/work/e71598352a12/jetcache-support/jetcache-redis-lettuce/target/jetcache-redis-lettuce-2.6.0.M4-SNAPSHOT.jar to /home/srafi/.m2/repository/com/alicp/jetcache/jetcache-redis-lettuce/2.6.0.M4-SNAPSHOT/jetcache-redis-lettuce-2.6.0.M4-SNAPSHOT.jar
[INFO] Installing /home/srafi/after-cam-ready/compare_/compile_repair_output/work/e71598352a12/jetcache-support/jetcache-redis-lettuce/pom.xml to /home/srafi/.m2/repository/com/alicp/jetcache/jetcache-redis-lettuce/2.6.0.M4-SNAPSHOT/jetcache-redis-lettuce-2.6.0.M4-SNAPSHOT.pom
[INFO] Installing /home/srafi/after-cam-ready/compare_/compile_repair_output/work/e71598352a12/jetcache-support/jetcache-redis-lettuce/target/jetcache-redis-lettuce-2.6.0.M4-SNAPSHOT-sources.jar to /home/srafi/.m2/repository/com/alicp/jetcache/jetcache-redis-lettuce/2.6.0.M4-SNAPSHOT/jetcache-redis-lettuce-2.6.0.M4-SNAPSHOT-sources.jar
[INFO] 
[INFO] ------------< com.alicp.jetcache:jetcache-redis-springdata >------------
[INFO] Building jetcache-redis-springdata 2.6.0.M4-SNAPSHOT               [7/9]
[INFO] --------------------------------[ jar ]---------------------------------
[INFO] Downloading from spring-milestones: https://repo.spring.io/libs-milestone/org/springframework/boot/spring-boot-starter-data-redis/2.1.4.RELEASE/spring-boot-starter-data-redis-2.1.4.RELEASE.pom
[INFO] Downloading from central: https://repo.maven.apache.org/maven2/org/springframework/boot/spring-boot-starter-data-redis/2.1.4.RELEASE/spring-boot-starter-data-redis-2.1.4.RELEASE.pom
[INFO] Downloaded from central: https://repo.maven.apache.org/maven2/org/springframework/boot/spring-boot-starter-data-redis/2.1.4.RELEASE/spring-boot-starter-data-redis-2.1.4.RELEASE.pom (2.8 kB at 61 kB/s)
[INFO] Downloading from spring-milestones: https://repo.spring.io/libs-milestone/org/springframework/boot/spring-boot-starters/2.1.4.RELEASE/spring-boot-starters-2.1.4.RELEASE.pom
[INFO] Downloading from central: https://repo.maven.apache.org/maven2/org/springframework/boot/spring-boot-starters/2.1.4.RELEASE/spring-boot-starters-2.1.4.RELEASE.pom
[INFO] Downloaded from central: https://repo.maven.apache.org/maven2/org/springframework/boot/spring-boot-starters/2.1.4.RELEASE/spring-boot-starters-2.1.4.RELEASE.pom (1.8 kB at 42 kB/s)
[INFO] Downloading from spring-milestones: https://repo.spring.io/libs-milestone/org/springframework/boot/spring-boot-parent/2.1.4.RELEASE/spring-boot-parent-2.1.4.RELEASE.pom
[INFO] Downloading from central: https://repo.maven.apache.org/maven2/org/springframework/boot/spring-boot-parent/2.1.4.RELEASE/spring-boot-parent-2.1.4.RELEASE.pom
[INFO] Downloaded from central: https://repo.maven.apache.org/maven2/org/springframework/boot/spring-boot-parent/2.1.4.RELEASE/spring-boot-parent-2.1.4.RELEASE.pom (1.8 kB at 35 kB/s)
[INFO] Downloading from spring-milestones: https://repo.spring.io/libs-milestone/org/springframework/boot/spring-boot-dependencies/2.1.4.RELEASE/spring-boot-dependencies-2.1.4.RELEASE.pom
[INFO] Downloading from central: https://repo.maven.apache.org/maven2/org/springframework/boot/spring-boot-dependencies/2.1.4.RELEASE/spring-boot-dependencies-2.1.4.RELEASE.pom
[INFO] Downloaded from central: https://repo.maven.apache.org/maven2/org/springframework/boot/spring-boot-dependencies/2.1.4.RELEASE/spring-boot-dependencies-2.1.4.RELEASE.pom (97 kB at 2.0 MB/s)
[INFO] Downloading from spring-milestones: https://repo.spring.io/libs-milestone/io/netty/netty-bom/4.1.34.Final/netty-bom-4.1.34.Final.pom
[INFO] Downloading from central: https://repo.maven.apache.org/maven2/io/netty/netty-bom/4.1.34.Final/netty-bom-4.1.34.Final.pom
[INFO] Downloaded from central: https://repo.maven.apache.org/maven2/io/netty/netty-bom/4.1.34.Final/netty-bom-4.1.34.Final.pom (7.9 kB at 208 kB/s)
[INFO] Downloading from spring-milestones: https://repo.spring.io/libs-milestone/io/projectreactor/reactor-bom/Californium-SR6/reactor-bom-Californium-SR6.pom
[INFO] Downloading from central: https://repo.maven.apache.org/maven2/io/projectreactor/reactor-bom/Californium-SR6/reactor-bom-Californium-SR6.pom
[INFO] Downloaded from central: https://repo.maven.apache.org/maven2/io/projectreactor/reactor-bom/Californium-SR6/reactor-bom-Californium-SR6.pom (4.0 kB at 100 kB/s)
[INFO] Downloading from spring-milestones: https://repo.spring.io/libs-milestone/org/eclipse/jetty/jetty-bom/9.4.15.v20190215/jetty-bom-9.4.15.v20190215.pom
[INFO] Downloading from central: https://repo.maven.apache.org/maven2/org/eclipse/jetty/jetty-bom/9.4.15.v20190215/jetty-bom-9.4.15.v20190215.pom
[INFO] Downloaded from central: https://repo.maven.apache.org/maven2/org/eclipse/jetty/jetty-bom/9.4.15.v20190215/jetty-bom-9.4.15.v20190215.pom (17 kB at 366 kB/s)
[INFO] Downloading from spring-milestones: https://repo.spring.io/libs-milestone/org/springframework/spring-framework-bom/5.1.6.RELEASE/spring-framework-bom-5.1.6.RELEASE.pom
[INFO] Downloading from central: https://repo.maven.apache.org/maven2/org/springframework/spring-framework-bom/5.1.6.RELEASE/spring-framework-bom-5.1.6.RELEASE.pom
[INFO] Downloaded from central: https://repo.maven.apache.org/maven2/org/springframework/spring-framework-bom/5.1.6.RELEASE/spring-framework-bom-5.1.6.RELEASE.pom (5.3 kB at 112 kB/s)
[INFO] Downloading from spring-milestones: https://repo.spring.io/libs-milestone/org/springframework/data/spring-data-releasetrain/Lovelace-SR6/spring-data-releasetrain-Lovelace-SR6.pom
[INFO] Downloading from central: https://repo.maven.apache.org/maven2/org/springframework/data/spring-data-releasetrain/Lovelace-SR6/spring-data-releasetrain-Lovelace-SR6.pom
[INFO] Downloaded from central: https://repo.maven.apache.org/maven2/org/springframework/data/spring-data-releasetrain/Lovelace-SR6/spring-data-releasetrain-Lovelace-SR6.pom (4.6 kB at 101 kB/s)
[INFO] Downloading from spring-milestones: https://repo.spring.io/libs-milestone/org/springframework/data/build/spring-data-build/2.1.6.RELEASE/spring-data-build-2.1.6.RELEASE.pom
[INFO] Downloading from central: https://repo.maven.apache.org/maven2/org/springframework/data/build/spring-data-build/2.1.6.RELEASE/spring-data-build-2.1.6.RELEASE.pom
[INFO] Downloaded from central: https://repo.maven.apache.org/maven2/org/springframework/data/build/spring-data-build/2.1.6.RELEASE/spring-data-build-2.1.6.RELEASE.pom (6.6 kB at 149 kB/s)
[INFO] Downloading from spring-milestones: https://repo.spring.io/libs-milestone/org/springframework/integration/spring-integration-bom/5.1.4.RELEASE/spring-integration-bom-5.1.4.RELEASE.pom
[INFO] Downloading from central: https://repo.maven.apache.org/maven2/org/springframework/integration/spring-integration-bom/5.1.4.RELEASE/spring-integration-bom-5.1.4.RELEASE.pom
[INFO] Downloaded from central: https://repo.maven.apache.org/maven2/org/springframework/integration/spring-integration-bom/5.1.4.RELEASE/spring-integration-bom-5.1.4.RELEASE.pom (8.7 kB at 158 kB/s)
[INFO] Downloading from spring-milestones: https://repo.spring.io/libs-milestone/org/springframework/security/spring-security-bom/5.1.5.RELEASE/spring-security-bom-5.1.5.RELEASE.pom
[INFO] Downloading from central: https://repo.maven.apache.org/maven2/org/springframework/security/spring-security-bom/5.1.5.RELEASE/spring-security-bom-5.1.5.RELEASE.pom
[INFO] Downloaded from central: https://repo.maven.apache.org/maven2/org/springframework/security/spring-security-bom/5.1.5.RELEASE/spring-security-bom-5.1.5.RELEASE.pom (5.0 kB at 114 kB/s)
[INFO] Downloading from spring-milestones: https://repo.spring.io/libs-milestone/org/springframework/session/spring-session-bom/Bean-SR4/spring-session-bom-Bean-SR4.pom
[INFO] Downloading from central: https://repo.maven.apache.org/maven2/org/springframework/session/spring-session-bom/Bean-SR4/spring-session-bom-Bean-SR4.pom
[INFO] Downloaded from central: https://repo.maven.apache.org/maven2/org/springframework/session/spring-session-bom/Bean-SR4/spring-session-bom-Bean-SR4.pom (3.0 kB at 72 kB/s)
[INFO] Downloading from spring-milestones: https://repo.spring.io/libs-milestone/org/springframework/boot/spring-boot-starter/2.1.4.RELEASE/spring-boot-starter-2.1.4.RELEASE.pom
[INFO] Downloading from central: https://repo.maven.apache.org/maven2/org/springframework/boot/spring-boot-starter/2.1.4.RELEASE/spring-boot-starter-2.1.4.RELEASE.pom
[INFO] Downloaded from central: https://repo.maven.apache.org/maven2/org/springframework/boot/spring-boot-starter/2.1.4.RELEASE/spring-boot-starter-2.1.4.RELEASE.pom (3.1 kB at 62 kB/s)
[INFO] Downloading from spring-milestones: https://repo.spring.io/libs-milestone/org/springframework/boot/spring-boot/2.1.4.RELEASE/spring-boot-2.1.4.RELEASE.pom
[INFO] Downloading from central: https://repo.maven.apache.org/maven2/org/springframework/boot/spring-boot/2.1.4.RELEASE/spring-boot-2.1.4.RELEASE.pom
[INFO] Downloaded from central: https://repo.maven.apache.org/maven2/org/springframework/boot/spring-boot/2.1.4.RELEASE/spring-boot-2.1.4.RELEASE.pom (14 kB at 338 kB/s)
[INFO] Downloading from spring-milestones: https://repo.spring.io/libs-milestone/org/springframework/boot/spring-boot-autoconfigure/2.1.4.RELEASE/spring-boot-autoconfigure-2.1.4.RELEASE.pom
[INFO] Downloading from central: https://repo.maven.apache.org/maven2/org/springframework/boot/spring-boot-autoconfigure/2.1.4.RELEASE/spring-boot-autoconfigure-2.1.4.RELEASE.pom
[INFO] Downloaded from central: https://repo.maven.apache.org/maven2/org/springframework/boot/spring-boot-autoconfigure/2.1.4.RELEASE/spring-boot-autoconfigure-2.1.4.RELEASE.pom (34 kB at 773 kB/s)
[INFO] Downloading from spring-milestones: https://repo.spring.io/libs-milestone/org/springframework/boot/spring-boot-starter-logging/2.1.4.RELEASE/spring-boot-starter-logging-2.1.4.RELEASE.pom
[INFO] Downloading from central: https://repo.maven.apache.org/maven2/org/springframework/boot/spring-boot-starter-logging/2.1.4.RELEASE/spring-boot-starter-logging-2.1.4.RELEASE.pom
[INFO] Downloaded from central: https://repo.maven.apache.org/maven2/org/springframework/boot/spring-boot-starter-logging/2.1.4.RELEASE/spring-boot-starter-logging-2.1.4.RELEASE.pom (2.5 kB at 48 kB/s)
[INFO] Downloading from spring-milestones: https://repo.spring.io/libs-milestone/org/apache/logging/log4j/log4j-to-slf4j/2.11.2/log4j-to-slf4j-2.11.2.pom
[INFO] Downloading from central: https://repo.maven.apache.org/maven2/org/apache/logging/log4j/log4j-to-slf4j/2.11.2/log4j-to-slf4j-2.11.2.pom
[INFO] Downloaded from central: https://repo.maven.apache.org/maven2/org/apache/logging/log4j/log4j-to-slf4j/2.11.2/log4j-to-slf4j-2.11.2.pom (7.2 kB at 133 kB/s)
[INFO] Downloading from spring-milestones: https://repo.spring.io/libs-milestone/org/apache/logging/log4j/log4j/2.11.2/log4j-2.11.2.pom
[INFO] Downloading from central: https://repo.maven.apache.org/maven2/org/apache/logging/log4j/log4j/2.11.2/log4j-2.11.2.pom
[INFO] Downloaded from central: https://repo.maven.apache.org/maven2/org/apache/logging/log4j/log4j/2.11.2/log4j-2.11.2.pom (62 kB at 1.2 MB/s)
[INFO] Downloading from spring-milestones: https://repo.spring.io/libs-milestone/org/apache/logging/log4j/log4j-api/2.11.2/log4j-api-2.11.2.pom
[INFO] Downloading from central: https://repo.maven.apache.org/maven2/org/apache/logging/log4j/log4j-api/2.11.2/log4j-api-2.11.2.pom
[INFO] Downloaded from central: https://repo.maven.apache.org/maven2/org/apache/logging/log4j/log4j-api/2.11.2/log4j-api-2.11.2.pom (13 kB at 321 kB/s)
[INFO] Downloading from spring-milestones: https://repo.spring.io/libs-milestone/org/slf4j/jul-to-slf4j/1.7.26/jul-to-slf4j-1.7.26.pom
[INFO] Downloading from central: https://repo.maven.apache.org/maven2/org/slf4j/jul-to-slf4j/1.7.26/jul-to-slf4j-1.7.26.pom
[INFO] Downloaded from central: https://repo.maven.apache.org/maven2/org/slf4j/jul-to-slf4j/1.7.26/jul-to-slf4j-1.7.26.pom (990 B at 21 kB/s)
[INFO] Downloading from spring-milestones: https://repo.spring.io/libs-milestone/org/springframework/data/spring-data-redis/2.1.6.RELEASE/spring-data-redis-2.1.6.RELEASE.pom
[INFO] Downloading from central: https://repo.maven.apache.org/maven2/org/springframework/data/spring-data-redis/2.1.6.RELEASE/spring-data-redis-2.1.6.RELEASE.pom
[INFO] Downloaded from central: https://repo.maven.apache.org/maven2/org/springframework/data/spring-data-redis/2.1.6.RELEASE/spring-data-redis-2.1.6.RELEASE.pom (6.9 kB at 143 kB/s)
[INFO] Downloading from spring-milestones: https://repo.spring.io/libs-milestone/org/springframework/data/build/spring-data-parent/2.1.6.RELEASE/spring-data-parent-2.1.6.RELEASE.pom
[INFO] Downloading from central: https://repo.maven.apache.org/maven2/org/springframework/data/build/spring-data-parent/2.1.6.RELEASE/spring-data-parent-2.1.6.RELEASE.pom
[INFO] Downloaded from central: https://repo.maven.apache.org/maven2/org/springframework/data/build/spring-data-parent/2.1.6.RELEASE/spring-data-parent-2.1.6.RELEASE.pom (29 kB at 515 kB/s)
[INFO] Downloading from spring-milestones: https://repo.spring.io/libs-milestone/org/springframework/data/spring-data-keyvalue/2.1.6.RELEASE/spring-data-keyvalue-2.1.6.RELEASE.pom
[INFO] Downloading from central: https://repo.maven.apache.org/maven2/org/springframework/data/spring-data-keyvalue/2.1.6.RELEASE/spring-data-keyvalue-2.1.6.RELEASE.pom
[INFO] Downloaded from central: https://repo.maven.apache.org/maven2/org/springframework/data/spring-data-keyvalue/2.1.6.RELEASE/spring-data-keyvalue-2.1.6.RELEASE.pom (3.6 kB at 66 kB/s)
[INFO] Downloading from spring-milestones: https://repo.spring.io/libs-milestone/org/springframework/data/spring-data-commons/2.1.6.RELEASE/spring-data-commons-2.1.6.RELEASE.pom
[INFO] Downloading from central: https://repo.maven.apache.org/maven2/org/springframework/data/spring-data-commons/2.1.6.RELEASE/spring-data-commons-2.1.6.RELEASE.pom
[INFO] Downloaded from central: https://repo.maven.apache.org/maven2/org/springframework/data/spring-data-commons/2.1.6.RELEASE/spring-data-commons-2.1.6.RELEASE.pom (10.0 kB at 192 kB/s)
[INFO] Downloading from spring-milestones: https://repo.spring.io/libs-milestone/org/springframework/spring-tx/5.1.6.RELEASE/spring-tx-5.1.6.RELEASE.pom
[INFO] Downloading from central: https://repo.maven.apache.org/maven2/org/springframework/spring-tx/5.1.6.RELEASE/spring-tx-5.1.6.RELEASE.pom
[INFO] Downloaded from central: https://repo.maven.apache.org/maven2/org/springframework/spring-tx/5.1.6.RELEASE/spring-tx-5.1.6.RELEASE.pom (3.4 kB at 65 kB/s)
[INFO] Downloading from spring-milestones: https://repo.spring.io/libs-milestone/org/springframework/spring-oxm/5.1.6.RELEASE/spring-oxm-5.1.6.RELEASE.pom
[INFO] Downloading from central: https://repo.maven.apache.org/maven2/org/springframework/spring-oxm/5.1.6.RELEASE/spring-oxm-5.1.6.RELEASE.pom
[INFO] Downloaded from central: https://repo.maven.apache.org/maven2/org/springframework/spring-oxm/5.1.6.RELEASE/spring-oxm-5.1.6.RELEASE.pom (3.7 kB at 74 kB/s)
[INFO] Downloading from spring-milestones: https://repo.spring.io/libs-milestone/org/springframework/spring-context-support/5.1.6.RELEASE/spring-context-support-5.1.6.RELEASE.pom
[INFO] Downloading from central: https://repo.maven.apache.org/maven2/org/springframework/spring-context-support/5.1.6.RELEASE/spring-context-support-5.1.6.RELEASE.pom
[INFO] Downloaded from central: https://repo.maven.apache.org/maven2/org/springframework/spring-context-support/5.1.6.RELEASE/spring-context-support-5.1.6.RELEASE.pom (4.2 kB at 86 kB/s)
[INFO] Downloading from spring-milestones: https://repo.spring.io/libs-milestone/org/springframework/boot/spring-boot-starter-data-redis/2.1.4.RELEASE/spring-boot-starter-data-redis-2.1.4.RELEASE.jar
[INFO] Downloading from spring-milestones: https://repo.spring.io/libs-milestone/org/springframework/boot/spring-boot/2.1.4.RELEASE/spring-boot-2.1.4.RELEASE.jar
[INFO] Downloading from spring-milestones: https://repo.spring.io/libs-milestone/org/springframework/boot/spring-boot-starter/2.1.4.RELEASE/spring-boot-starter-2.1.4.RELEASE.jar
[INFO] Downloading from spring-milestones: https://repo.spring.io/libs-milestone/org/springframework/boot/spring-boot-starter-logging/2.1.4.RELEASE/spring-boot-starter-logging-2.1.4.RELEASE.jar
[INFO] Downloading from spring-milestones: https://repo.spring.io/libs-milestone/org/springframework/boot/spring-boot-autoconfigure/2.1.4.RELEASE/spring-boot-autoconfigure-2.1.4.RELEASE.jar
[INFO] Downloading from spring-milestones: https://repo.spring.io/libs-milestone/org/apache/logging/log4j/log4j-to-slf4j/2.11.2/log4j-to-slf4j-2.11.2.jar
[INFO] Downloading from spring-milestones: https://repo.spring.io/libs-milestone/org/apache/logging/log4j/log4j-api/2.11.2/log4j-api-2.11.2.jar
[INFO] Downloading from spring-milestones: https://repo.spring.io/libs-milestone/org/slf4j/jul-to-slf4j/1.7.26/jul-to-slf4j-1.7.26.jar
[INFO] Downloading from spring-milestones: https://repo.spring.io/libs-milestone/org/springframework/data/spring-data-redis/2.1.6.RELEASE/spring-data-redis-2.1.6.RELEASE.jar
[INFO] Downloading from spring-milestones: https://repo.spring.io/libs-milestone/org/springframework/data/spring-data-keyvalue/2.1.6.RELEASE/spring-data-keyvalue-2.1.6.RELEASE.jar
[INFO] Downloading from spring-milestones: https://repo.spring.io/libs-milestone/org/springframework/data/spring-data-commons/2.1.6.RELEASE/spring-data-commons-2.1.6.RELEASE.jar
[INFO] Downloading from spring-milestones: https://repo.spring.io/libs-milestone/org/springframework/spring-tx/5.1.6.RELEASE/spring-tx-5.1.6.RELEASE.jar
[INFO] Downloading from spring-milestones: https://repo.spring.io/libs-milestone/org/springframework/spring-oxm/5.1.6.RELEASE/spring-oxm-5.1.6.RELEASE.jar
[INFO] Downloading from spring-milestones: https://repo.spring.io/libs-milestone/org/springframework/spring-context-support/5.1.6.RELEASE/spring-context-support-5.1.6.RELEASE.jar
[INFO] Downloading from central: https://repo.maven.apache.org/maven2/org/springframework/boot/spring-boot-starter-data-redis/2.1.4.RELEASE/spring-boot-starter-data-redis-2.1.4.RELEASE.jar
[INFO] Downloading from central: https://repo.maven.apache.org/maven2/org/springframework/boot/spring-boot-starter/2.1.4.RELEASE/spring-boot-starter-2.1.4.RELEASE.jar
[INFO] Downloading from central: https://repo.maven.apache.org/maven2/org/springframework/boot/spring-boot/2.1.4.RELEASE/spring-boot-2.1.4.RELEASE.jar
[INFO] Downloading from central: https://repo.maven.apache.org/maven2/org/springframework/boot/spring-boot-autoconfigure/2.1.4.RELEASE/spring-boot-autoconfigure-2.1.4.RELEASE.jar
[INFO] Downloading from central: https://repo.maven.apache.org/maven2/org/springframework/boot/spring-boot-starter-logging/2.1.4.RELEASE/spring-boot-starter-logging-2.1.4.RELEASE.jar
[INFO] Downloaded from central: https://repo.maven.apache.org/maven2/org/springframework/boot/spring-boot-starter-logging/2.1.4.RELEASE/spring-boot-starter-logging-2.1.4.RELEASE.jar (407 B at 10 kB/s)
[INFO] Downloading from central: https://repo.maven.apache.org/maven2/org/apache/logging/log4j/log4j-to-slf4j/2.11.2/log4j-to-slf4j-2.11.2.jar
[INFO] Downloaded from central: https://repo.maven.apache.org/maven2/org/springframework/boot/spring-boot-starter-data-redis/2.1.4.RELEASE/spring-boot-starter-data-redis-2.1.4.RELEASE.jar (414 B at 10 kB/s)
[INFO] Downloading from central: https://repo.maven.apache.org/maven2/org/apache/logging/log4j/log4j-api/2.11.2/log4j-api-2.11.2.jar
[INFO] Downloaded from central: https://repo.maven.apache.org/maven2/org/springframework/boot/spring-boot-starter/2.1.4.RELEASE/spring-boot-starter-2.1.4.RELEASE.jar (398 B at 8.5 kB/s)
[INFO] Downloading from central: https://repo.maven.apache.org/maven2/org/slf4j/jul-to-slf4j/1.7.26/jul-to-slf4j-1.7.26.jar
[INFO] Downloaded from central: https://repo.maven.apache.org/maven2/org/springframework/boot/spring-boot-autoconfigure/2.1.4.RELEASE/spring-boot-autoconfigure-2.1.4.RELEASE.jar (1.3 MB at 23 MB/s)
[INFO] Downloading from central: https://repo.maven.apache.org/maven2/org/springframework/data/spring-data-redis/2.1.6.RELEASE/spring-data-redis-2.1.6.RELEASE.jar
[INFO] Downloaded from central: https://repo.maven.apache.org/maven2/org/springframework/boot/spring-boot/2.1.4.RELEASE/spring-boot-2.1.4.RELEASE.jar (952 kB at 15 MB/s)
[INFO] Downloading from central: https://repo.maven.apache.org/maven2/org/springframework/data/spring-data-keyvalue/2.1.6.RELEASE/spring-data-keyvalue-2.1.6.RELEASE.jar
[INFO] Downloaded from central: https://repo.maven.apache.org/maven2/org/apache/logging/log4j/log4j-to-slf4j/2.11.2/log4j-to-slf4j-2.11.2.jar (18 kB at 231 kB/s)
[INFO] Downloading from central: https://repo.maven.apache.org/maven2/org/springframework/data/spring-data-commons/2.1.6.RELEASE/spring-data-commons-2.1.6.RELEASE.jar
[INFO] Downloaded from central: https://repo.maven.apache.org/maven2/org/slf4j/jul-to-slf4j/1.7.26/jul-to-slf4j-1.7.26.jar (4.6 kB at 55 kB/s)
[INFO] Downloading from central: https://repo.maven.apache.org/maven2/org/springframework/spring-tx/5.1.6.RELEASE/spring-tx-5.1.6.RELEASE.jar
[INFO] Downloaded from central: https://repo.maven.apache.org/maven2/org/apache/logging/log4j/log4j-api/2.11.2/log4j-api-2.11.2.jar (266 kB at 3.2 MB/s)
[INFO] Downloading from central: https://repo.maven.apache.org/maven2/org/springframework/spring-oxm/5.1.6.RELEASE/spring-oxm-5.1.6.RELEASE.jar
[INFO] Downloaded from central: https://repo.maven.apache.org/maven2/org/springframework/data/spring-data-redis/2.1.6.RELEASE/spring-data-redis-2.1.6.RELEASE.jar (1.4 MB at 14 MB/s)
[INFO] Downloading from central: https://repo.maven.apache.org/maven2/org/springframework/spring-context-support/5.1.6.RELEASE/spring-context-support-5.1.6.RELEASE.jar
[INFO] Downloaded from central: https://repo.maven.apache.org/maven2/org/springframework/data/spring-data-keyvalue/2.1.6.RELEASE/spring-data-keyvalue-2.1.6.RELEASE.jar (105 kB at 994 kB/s)
[INFO] Downloaded from central: https://repo.maven.apache.org/maven2/org/springframework/spring-oxm/5.1.6.RELEASE/spring-oxm-5.1.6.RELEASE.jar (72 kB at 601 kB/s)
[INFO] Downloaded from central: https://repo.maven.apache.org/maven2/org/springframework/data/spring-data-commons/2.1.6.RELEASE/spring-data-commons-2.1.6.RELEASE.jar (1.2 MB at 9.5 MB/s)
[INFO] Downloaded from central: https://repo.maven.apache.org/maven2/org/springframework/spring-tx/5.1.6.RELEASE/spring-tx-5.1.6.RELEASE.jar (256 kB at 2.0 MB/s)
[INFO] Downloaded from central: https://repo.maven.apache.org/maven2/org/springframework/spring-context-support/5.1.6.RELEASE/spring-context-support-5.1.6.RELEASE.jar (182 kB at 1.2 MB/s)
[INFO] 
[INFO] --- maven-clean-plugin:2.5:clean (default-clean) @ jetcache-redis-springdata ---
[INFO] 
[INFO] --- maven-resources-plugin:2.6:resources (default-resources) @ jetcache-redis-springdata ---
[INFO] Using 'UTF-8' encoding to copy filtered resources.
[INFO] skip non existing resourceDirectory /home/srafi/after-cam-ready/compare_/compile_repair_output/work/e71598352a12/jetcache-support/jetcache-redis-springdata/src/main/resources
[INFO] 
[INFO] --- maven-compiler-plugin:3.7.0:compile (default-compile) @ jetcache-redis-springdata ---
[INFO] Changes detected - recompiling the module!
[INFO] Compiling 3 source files to /home/srafi/after-cam-ready/compare_/compile_repair_output/work/e71598352a12/jetcache-support/jetcache-redis-springdata/target/classes
[INFO] /home/srafi/after-cam-ready/compare_/compile_repair_output/work/e71598352a12/jetcache-support/jetcache-redis-springdata/src/main/java/com/alicp/jetcache/redis/springdata/RedisSpringDataCacheBuilder.java: Some input files use unchecked or unsafe operations.
[INFO] /home/srafi/after-cam-ready/compare_/compile_repair_output/work/e71598352a12/jetcache-support/jetcache-redis-springdata/src/main/java/com/alicp/jetcache/redis/springdata/RedisSpringDataCacheBuilder.java: Recompile with -Xlint:unchecked for details.
[INFO] 
[INFO] --- maven-resources-plugin:2.6:testResources (default-testResources) @ jetcache-redis-springdata ---
[INFO] Using 'UTF-8' encoding to copy filtered resources.
[INFO] skip non existing resourceDirectory /home/srafi/after-cam-ready/compare_/compile_repair_output/work/e71598352a12/jetcache-support/jetcache-redis-springdata/src/test/resources
[INFO] 
[INFO] --- maven-compiler-plugin:3.7.0:testCompile (default-testCompile) @ jetcache-redis-springdata ---
[INFO] No sources to compile
[INFO] 
[INFO] --- maven-surefire-plugin:3.0.0-M8-SNAPSHOT:test (default-test) @ jetcache-redis-springdata ---
[INFO] Tests are skipped.
[INFO] 
[INFO] --- maven-jar-plugin:2.4:jar (default-jar) @ jetcache-redis-springdata ---
[INFO] Building jar: /home/srafi/after-cam-ready/compare_/compile_repair_output/work/e71598352a12/jetcache-support/jetcache-redis-springdata/target/jetcache-redis-springdata-2.6.0.M4-SNAPSHOT.jar
[INFO] 
[INFO] --- maven-javadoc-plugin:2.10.4:jar (attach-javadoc) @ jetcache-redis-springdata ---
[INFO] Skipping javadoc generation
[INFO] 
[INFO] >>> maven-pmd-plugin:3.8:check (default) > :pmd @ jetcache-redis-springdata >>>
[INFO] 
[INFO] --- maven-pmd-plugin:3.8:pmd (pmd) @ jetcache-redis-springdata ---
[WARNING] Unable to locate Source XRef to link to - DISABLED
[WARNING] Unable to locate Source XRef to link to - DISABLED
[INFO] 
[INFO] <<< maven-pmd-plugin:3.8:check (default) < :pmd @ jetcache-redis-springdata <<<
[INFO] 
[INFO] 
[INFO] --- maven-pmd-plugin:3.8:check (default) @ jetcache-redis-springdata ---
[INFO] 
[INFO] 
[INFO] >>> maven-source-plugin:3.0.1:jar (attach-sources) > generate-sources @ jetcache-redis-springdata >>>
[INFO] 
[INFO] <<< maven-source-plugin:3.0.1:jar (attach-sources) < generate-sources @ jetcache-redis-springdata <<<
[INFO] 
[INFO] 
[INFO] --- maven-source-plugin:3.0.1:jar (attach-sources) @ jetcache-redis-springdata ---
[INFO] Building jar: /home/srafi/after-cam-ready/compare_/compile_repair_output/work/e71598352a12/jetcache-support/jetcache-redis-springdata/target/jetcache-redis-springdata-2.6.0.M4-SNAPSHOT-sources.jar
[INFO] 
[INFO] --- maven-install-plugin:2.4:install (default-install) @ jetcache-redis-springdata ---
[INFO] Installing /home/srafi/after-cam-ready/compare_/compile_repair_output/work/e71598352a12/jetcache-support/jetcache-redis-springdata/target/jetcache-redis-springdata-2.6.0.M4-SNAPSHOT.jar to /home/srafi/.m2/repository/com/alicp/jetcache/jetcache-redis-springdata/2.6.0.M4-SNAPSHOT/jetcache-redis-springdata-2.6.0.M4-SNAPSHOT.jar
[INFO] Installing /home/srafi/after-cam-ready/compare_/compile_repair_output/work/e71598352a12/jetcache-support/jetcache-redis-springdata/pom.xml to /home/srafi/.m2/repository/com/alicp/jetcache/jetcache-redis-springdata/2.6.0.M4-SNAPSHOT/jetcache-redis-springdata-2.6.0.M4-SNAPSHOT.pom
[INFO] Installing /home/srafi/after-cam-ready/compare_/compile_repair_output/work/e71598352a12/jetcache-support/jetcache-redis-springdata/target/jetcache-redis-springdata-2.6.0.M4-SNAPSHOT-sources.jar to /home/srafi/.m2/repository/com/alicp/jetcache/jetcache-redis-springdata/2.6.0.M4-SNAPSHOT/jetcache-redis-springdata-2.6.0.M4-SNAPSHOT-sources.jar
[INFO] 
[INFO] -------------< com.alicp.jetcache:jetcache-autoconfigure >--------------
[INFO] Building jetcache-autoconfigure 2.6.0.M4-SNAPSHOT                  [8/9]
[INFO] --------------------------------[ jar ]---------------------------------
[INFO] 
[INFO] --- maven-clean-plugin:2.5:clean (default-clean) @ jetcache-autoconfigure ---
[INFO] 
[INFO] --- maven-resources-plugin:2.6:resources (default-resources) @ jetcache-autoconfigure ---
[INFO] Using 'UTF-8' encoding to copy filtered resources.
[INFO] Copying 1 resource
[INFO] 
[INFO] --- maven-compiler-plugin:3.7.0:compile (default-compile) @ jetcache-autoconfigure ---
[INFO] Changes detected - recompiling the module!
[INFO] Compiling 17 source files to /home/srafi/after-cam-ready/compare_/compile_repair_output/work/e71598352a12/jetcache-starter/jetcache-autoconfigure/target/classes
[INFO] /home/srafi/after-cam-ready/compare_/compile_repair_output/work/e71598352a12/jetcache-starter/jetcache-autoconfigure/src/main/java/com/alicp/jetcache/autoconfigure/AbstractCacheAutoInit.java: Some input files use unchecked or unsafe operations.
[INFO] /home/srafi/after-cam-ready/compare_/compile_repair_output/work/e71598352a12/jetcache-starter/jetcache-autoconfigure/src/main/java/com/alicp/jetcache/autoconfigure/AbstractCacheAutoInit.java: Recompile with -Xlint:unchecked for details.
[INFO] 
[INFO] --- maven-resources-plugin:2.6:testResources (default-testResources) @ jetcache-autoconfigure ---
[INFO] Using 'UTF-8' encoding to copy filtered resources.
[INFO] skip non existing resourceDirectory /home/srafi/after-cam-ready/compare_/compile_repair_output/work/e71598352a12/jetcache-starter/jetcache-autoconfigure/src/test/resources
[INFO] 
[INFO] --- maven-compiler-plugin:3.7.0:testCompile (default-testCompile) @ jetcache-autoconfigure ---
[INFO] No sources to compile
[INFO] 
[INFO] --- maven-surefire-plugin:3.0.0-M8-SNAPSHOT:test (default-test) @ jetcache-autoconfigure ---
[INFO] Tests are skipped.
[INFO] 
[INFO] --- maven-jar-plugin:2.4:jar (default-jar) @ jetcache-autoconfigure ---
[INFO] Building jar: /home/srafi/after-cam-ready/compare_/compile_repair_output/work/e71598352a12/jetcache-starter/jetcache-autoconfigure/target/jetcache-autoconfigure-2.6.0.M4-SNAPSHOT.jar
[INFO] 
[INFO] --- maven-javadoc-plugin:2.10.4:jar (attach-javadoc) @ jetcache-autoconfigure ---
[INFO] Skipping javadoc generation
[INFO] 
[INFO] >>> maven-pmd-plugin:3.8:check (default) > :pmd @ jetcache-autoconfigure >>>
[INFO] 
[INFO] --- maven-pmd-plugin:3.8:pmd (pmd) @ jetcache-autoconfigure ---
[WARNING] Unable to locate Source XRef to link to - DISABLED
[WARNING] Unable to locate Source XRef to link to - DISABLED
[INFO] 
[INFO] <<< maven-pmd-plugin:3.8:check (default) < :pmd @ jetcache-autoconfigure <<<
[INFO] 
[INFO] 
[INFO] --- maven-pmd-plugin:3.8:check (default) @ jetcache-autoconfigure ---
[INFO] 
[INFO] 
[INFO] >>> maven-source-plugin:3.0.1:jar (attach-sources) > generate-sources @ jetcache-autoconfigure >>>
[INFO] 
[INFO] <<< maven-source-plugin:3.0.1:jar (attach-sources) < generate-sources @ jetcache-autoconfigure <<<
[INFO] 
[INFO] 
[INFO] --- maven-source-plugin:3.0.1:jar (attach-sources) @ jetcache-autoconfigure ---
[INFO] Building jar: /home/srafi/after-cam-ready/compare_/compile_repair_output/work/e71598352a12/jetcache-starter/jetcache-autoconfigure/target/jetcache-autoconfigure-2.6.0.M4-SNAPSHOT-sources.jar
[INFO] 
[INFO] --- maven-install-plugin:2.4:install (default-install) @ jetcache-autoconfigure ---
[INFO] Installing /home/srafi/after-cam-ready/compare_/compile_repair_output/work/e71598352a12/jetcache-starter/jetcache-autoconfigure/target/jetcache-autoconfigure-2.6.0.M4-SNAPSHOT.jar to /home/srafi/.m2/repository/com/alicp/jetcache/jetcache-autoconfigure/2.6.0.M4-SNAPSHOT/jetcache-autoconfigure-2.6.0.M4-SNAPSHOT.jar
[INFO] Installing /home/srafi/after-cam-ready/compare_/compile_repair_output/work/e71598352a12/jetcache-starter/jetcache-autoconfigure/pom.xml to /home/srafi/.m2/repository/com/alicp/jetcache/jetcache-autoconfigure/2.6.0.M4-SNAPSHOT/jetcache-autoconfigure-2.6.0.M4-SNAPSHOT.pom
[INFO] Installing /home/srafi/after-cam-ready/compare_/compile_repair_output/work/e71598352a12/jetcache-starter/jetcache-autoconfigure/target/jetcache-autoconfigure-2.6.0.M4-SNAPSHOT-sources.jar to /home/srafi/.m2/repository/com/alicp/jetcache/jetcache-autoconfigure/2.6.0.M4-SNAPSHOT/jetcache-autoconfigure-2.6.0.M4-SNAPSHOT-sources.jar
[INFO] 
[INFO] ------------------< com.alicp.jetcache:jetcache-test >------------------
[INFO] Building jetcache-test 2.6.0.M4-SNAPSHOT                           [9/9]
[INFO] --------------------------------[ jar ]---------------------------------
[INFO] Downloading from spring-milestones: https://repo.spring.io/libs-milestone/org/mockito/mockito-core/2.23.0/mockito-core-2.23.0.pom
[INFO] Downloading from central: https://repo.maven.apache.org/maven2/org/mockito/mockito-core/2.23.0/mockito-core-2.23.0.pom
[INFO] Downloaded from central: https://repo.maven.apache.org/maven2/org/mockito/mockito-core/2.23.0/mockito-core-2.23.0.pom (17 kB at 372 kB/s)
[INFO] Downloading from spring-milestones: https://repo.spring.io/libs-milestone/net/bytebuddy/byte-buddy/1.9.0/byte-buddy-1.9.0.pom
[INFO] Downloading from central: https://repo.maven.apache.org/maven2/net/bytebuddy/byte-buddy/1.9.0/byte-buddy-1.9.0.pom
[INFO] Downloaded from central: https://repo.maven.apache.org/maven2/net/bytebuddy/byte-buddy/1.9.0/byte-buddy-1.9.0.pom (9.9 kB at 210 kB/s)
[INFO] Downloading from spring-milestones: https://repo.spring.io/libs-milestone/net/bytebuddy/byte-buddy-parent/1.9.0/byte-buddy-parent-1.9.0.pom
[INFO] Downloading from central: https://repo.maven.apache.org/maven2/net/bytebuddy/byte-buddy-parent/1.9.0/byte-buddy-parent-1.9.0.pom
[INFO] Downloaded from central: https://repo.maven.apache.org/maven2/net/bytebuddy/byte-buddy-parent/1.9.0/byte-buddy-parent-1.9.0.pom (32 kB at 500 kB/s)
[INFO] Downloading from spring-milestones: https://repo.spring.io/libs-milestone/net/bytebuddy/byte-buddy-agent/1.9.0/byte-buddy-agent-1.9.0.pom
[INFO] Downloading from central: https://repo.maven.apache.org/maven2/net/bytebuddy/byte-buddy-agent/1.9.0/byte-buddy-agent-1.9.0.pom
[INFO] Downloaded from central: https://repo.maven.apache.org/maven2/net/bytebuddy/byte-buddy-agent/1.9.0/byte-buddy-agent-1.9.0.pom (5.6 kB at 99 kB/s)
[INFO] Downloading from spring-milestones: https://repo.spring.io/libs-milestone/org/springframework/spring-test/5.1.6.RELEASE/spring-test-5.1.6.RELEASE.pom
[INFO] Downloading from central: https://repo.maven.apache.org/maven2/org/springframework/spring-test/5.1.6.RELEASE/spring-test-5.1.6.RELEASE.pom
[INFO] Downloaded from central: https://repo.maven.apache.org/maven2/org/springframework/spring-test/5.1.6.RELEASE/spring-test-5.1.6.RELEASE.pom (9.9 kB at 195 kB/s)
[INFO] Downloading from spring-milestones: https://repo.spring.io/libs-milestone/org/aspectj/aspectjweaver/1.8.8/aspectjweaver-1.8.8.pom
[INFO] Downloading from central: https://repo.maven.apache.org/maven2/org/aspectj/aspectjweaver/1.8.8/aspectjweaver-1.8.8.pom
[INFO] Downloaded from central: https://repo.maven.apache.org/maven2/org/aspectj/aspectjweaver/1.8.8/aspectjweaver-1.8.8.pom (1.0 kB at 21 kB/s)
[INFO] Downloading from spring-milestones: https://repo.spring.io/libs-milestone/org/mockito/mockito-core/2.23.0/mockito-core-2.23.0.jar
[INFO] Downloading from spring-milestones: https://repo.spring.io/libs-milestone/net/bytebuddy/byte-buddy/1.9.0/byte-buddy-1.9.0.jar
[INFO] Downloading from spring-milestones: https://repo.spring.io/libs-milestone/net/bytebuddy/byte-buddy-agent/1.9.0/byte-buddy-agent-1.9.0.jar
[INFO] Downloading from spring-milestones: https://repo.spring.io/libs-milestone/org/springframework/spring-test/5.1.6.RELEASE/spring-test-5.1.6.RELEASE.jar
[INFO] Downloading from spring-milestones: https://repo.spring.io/libs-milestone/org/aspectj/aspectjweaver/1.8.8/aspectjweaver-1.8.8.jar
[INFO] Downloading from central: https://repo.maven.apache.org/maven2/org/mockito/mockito-core/2.23.0/mockito-core-2.23.0.jar
[INFO] Downloading from central: https://repo.maven.apache.org/maven2/net/bytebuddy/byte-buddy/1.9.0/byte-buddy-1.9.0.jar
[INFO] Downloading from central: https://repo.maven.apache.org/maven2/net/bytebuddy/byte-buddy-agent/1.9.0/byte-buddy-agent-1.9.0.jar
[INFO] Downloading from central: https://repo.maven.apache.org/maven2/org/aspectj/aspectjweaver/1.8.8/aspectjweaver-1.8.8.jar
[INFO] Downloading from central: https://repo.maven.apache.org/maven2/org/springframework/spring-test/5.1.6.RELEASE/spring-test-5.1.6.RELEASE.jar
[INFO] Downloaded from central: https://repo.maven.apache.org/maven2/net/bytebuddy/byte-buddy-agent/1.9.0/byte-buddy-agent-1.9.0.jar (43 kB at 901 kB/s)
[INFO] Downloaded from central: https://repo.maven.apache.org/maven2/org/mockito/mockito-core/2.23.0/mockito-core-2.23.0.jar (565 kB at 8.2 MB/s)
[INFO] Downloaded from central: https://repo.maven.apache.org/maven2/org/aspectj/aspectjweaver/1.8.8/aspectjweaver-1.8.8.jar (1.9 MB at 21 MB/s)
[INFO] Downloaded from central: https://repo.maven.apache.org/maven2/net/bytebuddy/byte-buddy/1.9.0/byte-buddy-1.9.0.jar (3.2 MB at 35 MB/s)
[INFO] Downloaded from central: https://repo.maven.apache.org/maven2/org/springframework/spring-test/5.1.6.RELEASE/spring-test-5.1.6.RELEASE.jar (619 kB at 6.9 MB/s)
[INFO] 
[INFO] --- maven-clean-plugin:2.5:clean (default-clean) @ jetcache-test ---
[INFO] 
[INFO] --- maven-resources-plugin:2.6:resources (default-resources) @ jetcache-test ---
[INFO] Using 'UTF-8' encoding to copy filtered resources.
[INFO] skip non existing resourceDirectory /home/srafi/after-cam-ready/compare_/compile_repair_output/work/e71598352a12/jetcache-test/src/main/resources
[INFO] 
[INFO] --- maven-compiler-plugin:3.7.0:compile (default-compile) @ jetcache-test ---
[INFO] Changes detected - recompiling the module!
[INFO] Compiling 15 source files to /home/srafi/after-cam-ready/compare_/compile_repair_output/work/e71598352a12/jetcache-test/target/classes
[INFO] /home/srafi/after-cam-ready/compare_/compile_repair_output/work/e71598352a12/jetcache-test/src/main/java/com/alicp/jetcache/test/AbstractCacheTest.java: Some input files use unchecked or unsafe operations.
[INFO] /home/srafi/after-cam-ready/compare_/compile_repair_output/work/e71598352a12/jetcache-test/src/main/java/com/alicp/jetcache/test/AbstractCacheTest.java: Recompile with -Xlint:unchecked for details.
[INFO] 
[INFO] --- maven-resources-plugin:2.6:testResources (default-testResources) @ jetcache-test ---
[INFO] Using 'UTF-8' encoding to copy filtered resources.
[INFO] Copying 11 resources
[INFO] 
[INFO] --- maven-compiler-plugin:3.7.0:testCompile (default-testCompile) @ jetcache-test ---
[INFO] Changes detected - recompiling the module!
[INFO] Compiling 70 source files to /home/srafi/after-cam-ready/compare_/compile_repair_output/work/e71598352a12/jetcache-test/target/test-classes
[INFO] /home/srafi/after-cam-ready/compare_/compile_repair_output/work/e71598352a12/jetcache-test/src/test/java/com/alicp/jetcache/support/DefaultCacheMonitorTest.java: Some input files use or override a deprecated API.
[INFO] /home/srafi/after-cam-ready/compare_/compile_repair_output/work/e71598352a12/jetcache-test/src/test/java/com/alicp/jetcache/support/DefaultCacheMonitorTest.java: Recompile with -Xlint:deprecation for details.
[INFO] /home/srafi/after-cam-ready/compare_/compile_repair_output/work/e71598352a12/jetcache-test/src/test/java/com/alicp/jetcache/redis/RedisCacheFailTest.java: Some input files use unchecked or unsafe operations.
[INFO] /home/srafi/after-cam-ready/compare_/compile_repair_output/work/e71598352a12/jetcache-test/src/test/java/com/alicp/jetcache/redis/RedisCacheFailTest.java: Recompile with -Xlint:unchecked for details.
[INFO] 
[INFO] --- maven-surefire-plugin:3.0.0-M8-SNAPSHOT:test (default-test) @ jetcache-test ---
[INFO] Tests are skipped.
[INFO] 
[INFO] --- maven-jar-plugin:2.4:jar (default-jar) @ jetcache-test ---
[INFO] Building jar: /home/srafi/after-cam-ready/compare_/compile_repair_output/work/e71598352a12/jetcache-test/target/jetcache-test-2.6.0.M4-SNAPSHOT.jar
[INFO] 
[INFO] --- maven-javadoc-plugin:2.10.4:jar (attach-javadoc) @ jetcache-test ---
[INFO] Skipping javadoc generation
[INFO] 
[INFO] >>> maven-pmd-plugin:3.8:check (default) > :pmd @ jetcache-test >>>
[INFO] 
[INFO] --- maven-pmd-plugin:3.8:pmd (pmd) @ jetcache-test ---
[WARNING] Unable to locate Source XRef to link to - DISABLED
[WARNING] Unable to locate Source XRef to link to - DISABLED
[INFO] 
[INFO] <<< maven-pmd-plugin:3.8:check (default) < :pmd @ jetcache-test <<<
[INFO] 
[INFO] 
[INFO] --- maven-pmd-plugin:3.8:check (default) @ jetcache-test ---
[INFO] 
[INFO] 
[INFO] >>> maven-source-plugin:3.0.1:jar (attach-sources) > generate-sources @ jetcache-test >>>
[INFO] 
[INFO] <<< maven-source-plugin:3.0.1:jar (attach-sources) < generate-sources @ jetcache-test <<<
[INFO] 
[INFO] 
[INFO] --- maven-source-plugin:3.0.1:jar (attach-sources) @ jetcache-test ---
[INFO] Building jar: /home/srafi/after-cam-ready/compare_/compile_repair_output/work/e71598352a12/jetcache-test/target/jetcache-test-2.6.0.M4-SNAPSHOT-sources.jar
[INFO] 
[INFO] --- maven-install-plugin:2.4:install (default-install) @ jetcache-test ---
[INFO] Installing /home/srafi/after-cam-ready/compare_/compile_repair_output/work/e71598352a12/jetcache-test/target/jetcache-test-2.6.0.M4-SNAPSHOT.jar to /home/srafi/.m2/repository/com/alicp/jetcache/jetcache-test/2.6.0.M4-SNAPSHOT/jetcache-test-2.6.0.M4-SNAPSHOT.jar
[INFO] Installing /home/srafi/after-cam-ready/compare_/compile_repair_output/work/e71598352a12/jetcache-test/pom.xml to /home/srafi/.m2/repository/com/alicp/jetcache/jetcache-test/2.6.0.M4-SNAPSHOT/jetcache-test-2.6.0.M4-SNAPSHOT.pom
[INFO] Installing /home/srafi/after-cam-ready/compare_/compile_repair_output/work/e71598352a12/jetcache-test/target/jetcache-test-2.6.0.M4-SNAPSHOT-sources.jar to /home/srafi/.m2/repository/com/alicp/jetcache/jetcache-test/2.6.0.M4-SNAPSHOT/jetcache-test-2.6.0.M4-SNAPSHOT-sources.jar
[INFO] ------------------------------------------------------------------------
[INFO] Reactor Summary for jetcache 2.6.0.M4-SNAPSHOT:
[INFO] 
[INFO] jetcache ........................................... SUCCESS [  2.740 s]
[INFO] jetcache-anno-api .................................. SUCCESS [  3.299 s]
[INFO] jetcache-core ...................................... SUCCESS [  1.473 s]
[INFO] jetcache-anno ...................................... SUCCESS [  0.753 s]
[INFO] jetcache-redis ..................................... SUCCESS [  0.370 s]
[INFO] jetcache-redis-lettuce ............................. SUCCESS [  0.577 s]
[INFO] jetcache-redis-springdata .......................... SUCCESS [  3.646 s]
[INFO] jetcache-autoconfigure ............................. SUCCESS [  0.213 s]
[INFO] jetcache-test ...................................... SUCCESS [  2.208 s]
[INFO] ------------------------------------------------------------------------
[INFO] BUILD SUCCESS
[INFO] ------------------------------------------------------------------------
[INFO] Total time:  15.369 s
[INFO] Finished at: 2026-08-15T14:12:25-04:00
[INFO] ------------------------------------------------------------------------
