JAVA_HOME=/usr/lib/jvm/java-8-openjdk-amd64
COMMAND=mvn -B clean install -DskipTests -U -pl odata2-jpa-processor/jpa-core -am -Ddependency-check.skip=true -Dgpg.skip=true -DfailIfNoTests=false -Dskip.installnodenpm=true -Dskip.npm=true -Dskip.yarn=true -Dlicense.skip=true -Dcheckstyle.skip=true -Drat.skip=true -Denforcer.skip=true -Danimal.sniffer.skip=true -Dmaven.javadoc.skip=true -Dfindbugs.skip=true -Dspotbugs.skip=true -Dwarbucks.skip=true -Dmodernizer.skip=true -Dimpsort.skip=true -Dmdep.analyze.skip=true -Dpgpverify.skip=true -Dxml.skip=true -Dcobertura.skip=true

[INFO] Scanning for projects...
Warning: KebabPizza disabling incompatible org.codehaus.mojo:cobertura-maven-plugin from olingo-odata2-parent
Warning: KebabPizza disabling incompatible org.codehaus.mojo:cobertura-maven-plugin from olingo-odata2-lib
Warning: KebabPizza disabling incompatible org.codehaus.mojo:cobertura-maven-plugin from olingo-odata2-api
Warning: KebabPizza disabling incompatible org.codehaus.mojo:cobertura-maven-plugin from olingo-odata2-api-annotation
Warning: KebabPizza disabling incompatible org.codehaus.mojo:cobertura-maven-plugin from olingo-odata2-testutil
Warning: KebabPizza disabling incompatible org.codehaus.mojo:cobertura-maven-plugin from olingo-odata2-core
Warning: KebabPizza disabling incompatible org.codehaus.mojo:cobertura-maven-plugin from olingo-odata2-jpa-processor
Warning: KebabPizza disabling incompatible org.codehaus.mojo:cobertura-maven-plugin from olingo-odata2-jpa-processor-api
Warning: KebabPizza disabling incompatible org.codehaus.mojo:cobertura-maven-plugin from olingo-odata2-jpa-processor-core
[INFO] ------------------------------------------------------------------------
[INFO] Reactor Build Order:
[INFO] 
[INFO] olingo-odata2-parent                                               [pom]
[INFO] olingo-odata2-lib                                                  [pom]
[INFO] olingo-odata2-api                                                  [jar]
[INFO] olingo-odata2-api-annotation                                       [jar]
[INFO] olingo-odata2-testutil                                             [jar]
[INFO] olingo-odata2-core                                                 [jar]
[INFO] olingo-odata2-jpa-processor                                        [pom]
[INFO] olingo-odata2-jpa-processor-api                                    [jar]
[INFO] olingo-odata2-jpa-processor-core                                   [jar]
[INFO] 
[INFO] ---------------< org.apache.olingo:olingo-odata2-parent >---------------
[INFO] Building olingo-odata2-parent 2.0.10-SNAPSHOT                      [1/9]
[INFO] --------------------------------[ pom ]---------------------------------
[INFO] Downloading from central: https://repo.maven.apache.org/maven2/org/codehaus/mojo/buildnumber-maven-plugin/1.2/buildnumber-maven-plugin-1.2.pom
[INFO] Downloaded from central: https://repo.maven.apache.org/maven2/org/codehaus/mojo/buildnumber-maven-plugin/1.2/buildnumber-maven-plugin-1.2.pom (13 kB at 49 kB/s)
[INFO] Downloading from central: https://repo.maven.apache.org/maven2/org/codehaus/mojo/buildnumber-maven-plugin/1.2/buildnumber-maven-plugin-1.2.jar
[INFO] Downloaded from central: https://repo.maven.apache.org/maven2/org/codehaus/mojo/buildnumber-maven-plugin/1.2/buildnumber-maven-plugin-1.2.jar (26 kB at 560 kB/s)
[INFO] Downloading from central: https://repo.maven.apache.org/maven2/org/apache/maven/plugins/maven-checkstyle-plugin/2.10/maven-checkstyle-plugin-2.10.pom
[INFO] Downloaded from central: https://repo.maven.apache.org/maven2/org/apache/maven/plugins/maven-checkstyle-plugin/2.10/maven-checkstyle-plugin-2.10.pom (11 kB at 245 kB/s)
[INFO] Downloading from central: https://repo.maven.apache.org/maven2/org/apache/maven/plugins/maven-checkstyle-plugin/2.10/maven-checkstyle-plugin-2.10.jar
[INFO] Downloaded from central: https://repo.maven.apache.org/maven2/org/apache/maven/plugins/maven-checkstyle-plugin/2.10/maven-checkstyle-plugin-2.10.jar (93 kB at 2.2 MB/s)
[INFO] 
[INFO] --- maven-clean-plugin:2.5:clean (default-clean) @ olingo-odata2-parent ---
[INFO] 
[INFO] --- buildnumber-maven-plugin:1.2:create (default) @ olingo-odata2-parent ---
[INFO] Downloading from central: https://repo.maven.apache.org/maven2/org/apache/maven/scm/maven-scm-manager-plexus/1.8/maven-scm-manager-plexus-1.8.pom
[INFO] Downloaded from central: https://repo.maven.apache.org/maven2/org/apache/maven/scm/maven-scm-manager-plexus/1.8/maven-scm-manager-plexus-1.8.pom (2.2 kB at 52 kB/s)
[INFO] Downloading from central: https://repo.maven.apache.org/maven2/org/apache/maven/scm/maven-scm-managers/1.8/maven-scm-managers-1.8.pom
[INFO] Downloaded from central: https://repo.maven.apache.org/maven2/org/apache/maven/scm/maven-scm-managers/1.8/maven-scm-managers-1.8.pom (1.5 kB at 40 kB/s)
[INFO] Downloading from central: https://repo.maven.apache.org/maven2/org/apache/maven/scm/maven-scm-provider-bazaar/1.8/maven-scm-provider-bazaar-1.8.pom
[INFO] Downloaded from central: https://repo.maven.apache.org/maven2/org/apache/maven/scm/maven-scm-provider-bazaar/1.8/maven-scm-provider-bazaar-1.8.pom (2.1 kB at 50 kB/s)
[INFO] Downloading from central: https://repo.maven.apache.org/maven2/org/apache/maven/scm/maven-scm-provider-svnexe/1.8/maven-scm-provider-svnexe-1.8.pom
[INFO] Downloaded from central: https://repo.maven.apache.org/maven2/org/apache/maven/scm/maven-scm-provider-svnexe/1.8/maven-scm-provider-svnexe-1.8.pom (2.5 kB at 58 kB/s)
[INFO] Downloading from central: https://repo.maven.apache.org/maven2/org/apache/maven/scm/maven-scm-provider-gitexe/1.8/maven-scm-provider-gitexe-1.8.pom
[INFO] Downloaded from central: https://repo.maven.apache.org/maven2/org/apache/maven/scm/maven-scm-provider-gitexe/1.8/maven-scm-provider-gitexe-1.8.pom (2.4 kB at 65 kB/s)
[INFO] Downloading from central: https://repo.maven.apache.org/maven2/org/apache/maven/scm/maven-scm-providers-git/1.8/maven-scm-providers-git-1.8.pom
[INFO] Downloaded from central: https://repo.maven.apache.org/maven2/org/apache/maven/scm/maven-scm-providers-git/1.8/maven-scm-providers-git-1.8.pom (2.2 kB at 57 kB/s)
[INFO] Downloading from central: https://repo.maven.apache.org/maven2/org/apache/maven/scm/maven-scm-provider-git-commons/1.8/maven-scm-provider-git-commons-1.8.pom
[INFO] Downloaded from central: https://repo.maven.apache.org/maven2/org/apache/maven/scm/maven-scm-provider-git-commons/1.8/maven-scm-provider-git-commons-1.8.pom (2.3 kB at 59 kB/s)
[INFO] Downloading from central: https://repo.maven.apache.org/maven2/org/apache/maven/scm/maven-scm-provider-cvsexe/1.8/maven-scm-provider-cvsexe-1.8.pom
[INFO] Downloaded from central: https://repo.maven.apache.org/maven2/org/apache/maven/scm/maven-scm-provider-cvsexe/1.8/maven-scm-provider-cvsexe-1.8.pom (2.7 kB at 64 kB/s)
[INFO] Downloading from central: https://repo.maven.apache.org/maven2/org/apache/maven/scm/maven-scm-providers-cvs/1.8/maven-scm-providers-cvs-1.8.pom
[INFO] Downloaded from central: https://repo.maven.apache.org/maven2/org/apache/maven/scm/maven-scm-providers-cvs/1.8/maven-scm-providers-cvs-1.8.pom (1.7 kB at 44 kB/s)
[INFO] Downloading from central: https://repo.maven.apache.org/maven2/org/apache/maven/scm/maven-scm-provider-cvs-commons/1.8/maven-scm-provider-cvs-commons-1.8.pom
[INFO] Downloaded from central: https://repo.maven.apache.org/maven2/org/apache/maven/scm/maven-scm-provider-cvs-commons/1.8/maven-scm-provider-cvs-commons-1.8.pom (2.4 kB at 55 kB/s)
[INFO] Downloading from central: https://repo.maven.apache.org/maven2/org/apache/maven/scm/maven-scm-provider-starteam/1.8/maven-scm-provider-starteam-1.8.pom
[INFO] Downloaded from central: https://repo.maven.apache.org/maven2/org/apache/maven/scm/maven-scm-provider-starteam/1.8/maven-scm-provider-starteam-1.8.pom (2.6 kB at 56 kB/s)
[INFO] Downloading from central: https://repo.maven.apache.org/maven2/org/apache/maven/scm/maven-scm-provider-clearcase/1.8/maven-scm-provider-clearcase-1.8.pom
[INFO] Downloaded from central: https://repo.maven.apache.org/maven2/org/apache/maven/scm/maven-scm-provider-clearcase/1.8/maven-scm-provider-clearcase-1.8.pom (2.7 kB at 54 kB/s)
[INFO] Downloading from central: https://repo.maven.apache.org/maven2/org/apache/maven/scm/maven-scm-provider-perforce/1.8/maven-scm-provider-perforce-1.8.pom
[INFO] Downloaded from central: https://repo.maven.apache.org/maven2/org/apache/maven/scm/maven-scm-provider-perforce/1.8/maven-scm-provider-perforce-1.8.pom (2.6 kB at 57 kB/s)
[INFO] Downloading from central: https://repo.maven.apache.org/maven2/org/apache/maven/scm/maven-scm-provider-hg/1.8/maven-scm-provider-hg-1.8.pom
[INFO] Downloaded from central: https://repo.maven.apache.org/maven2/org/apache/maven/scm/maven-scm-provider-hg/1.8/maven-scm-provider-hg-1.8.pom (2.4 kB at 44 kB/s)
[INFO] Downloading from central: https://repo.maven.apache.org/maven2/com/google/code/maven-scm-provider-svnjava/maven-scm-provider-svnjava/1.13/maven-scm-provider-svnjava-1.13.pom
[INFO] Downloaded from central: https://repo.maven.apache.org/maven2/com/google/code/maven-scm-provider-svnjava/maven-scm-provider-svnjava/1.13/maven-scm-provider-svnjava-1.13.pom (9.9 kB at 177 kB/s)
[INFO] Downloading from central: https://repo.maven.apache.org/maven2/org/apache/maven/scm/maven-scm-provider-svn-commons/1.5/maven-scm-provider-svn-commons-1.5.pom
[INFO] Downloaded from central: https://repo.maven.apache.org/maven2/org/apache/maven/scm/maven-scm-provider-svn-commons/1.5/maven-scm-provider-svn-commons-1.5.pom (2.1 kB at 47 kB/s)
[INFO] Downloading from central: https://repo.maven.apache.org/maven2/org/apache/maven/scm/maven-scm-providers-svn/1.5/maven-scm-providers-svn-1.5.pom
[INFO] Downloaded from central: https://repo.maven.apache.org/maven2/org/apache/maven/scm/maven-scm-providers-svn/1.5/maven-scm-providers-svn-1.5.pom (2.1 kB at 46 kB/s)
[INFO] Downloading from central: https://repo.maven.apache.org/maven2/org/apache/maven/scm/maven-scm-providers/1.5/maven-scm-providers-1.5.pom
[INFO] Downloaded from central: https://repo.maven.apache.org/maven2/org/apache/maven/scm/maven-scm-providers/1.5/maven-scm-providers-1.5.pom (3.6 kB at 81 kB/s)
[INFO] Downloading from central: https://repo.maven.apache.org/maven2/org/apache/maven/scm/maven-scm/1.5/maven-scm-1.5.pom
[INFO] Downloaded from central: https://repo.maven.apache.org/maven2/org/apache/maven/scm/maven-scm/1.5/maven-scm-1.5.pom (15 kB at 315 kB/s)
[INFO] Downloading from central: https://repo.maven.apache.org/maven2/org/apache/maven/scm/maven-scm-api/1.5/maven-scm-api-1.5.pom
[INFO] Downloaded from central: https://repo.maven.apache.org/maven2/org/apache/maven/scm/maven-scm-api/1.5/maven-scm-api-1.5.pom (1.6 kB at 34 kB/s)
[INFO] Downloading from central: https://repo.maven.apache.org/maven2/net/java/dev/jna/jna/3.2.2/jna-3.2.2.pom
[INFO] Downloaded from central: https://repo.maven.apache.org/maven2/net/java/dev/jna/jna/3.2.2/jna-3.2.2.pom (1.6 kB at 35 kB/s)
[INFO] Downloading from central: https://repo.maven.apache.org/maven2/org/tmatesoft/svnkit/svnkit/1.3.5/svnkit-1.3.5.pom
[INFO] Downloaded from central: https://repo.maven.apache.org/maven2/org/tmatesoft/svnkit/svnkit/1.3.5/svnkit-1.3.5.pom (1.1 kB at 23 kB/s)
[INFO] Downloading from central: https://repo.maven.apache.org/maven2/org/tmatesoft/svnkit/trilead-ssh2/build213-svnkit-1.3-patch/trilead-ssh2-build213-svnkit-1.3-patch.pom
[INFO] Downloaded from central: https://repo.maven.apache.org/maven2/org/tmatesoft/svnkit/trilead-ssh2/build213-svnkit-1.3-patch/trilead-ssh2-build213-svnkit-1.3-patch.pom (725 B at 15 kB/s)
[INFO] Downloading from central: https://repo.maven.apache.org/maven2/org/tmatesoft/sqljet/sqljet/1.0.4/sqljet-1.0.4.pom
[INFO] Downloaded from central: https://repo.maven.apache.org/maven2/org/tmatesoft/sqljet/sqljet/1.0.4/sqljet-1.0.4.pom (771 B at 16 kB/s)
[INFO] Downloading from central: https://repo.maven.apache.org/maven2/org/antlr/antlr-runtime/3.1.3/antlr-runtime-3.1.3.pom
[INFO] Downloaded from central: https://repo.maven.apache.org/maven2/org/antlr/antlr-runtime/3.1.3/antlr-runtime-3.1.3.pom (4.0 kB at 84 kB/s)
[INFO] Downloading from central: https://repo.maven.apache.org/maven2/org/antlr/antlr-master/3.1.3/antlr-master-3.1.3.pom
[INFO] Downloaded from central: https://repo.maven.apache.org/maven2/org/antlr/antlr-master/3.1.3/antlr-master-3.1.3.pom (8.5 kB at 185 kB/s)
[INFO] Downloading from central: https://repo.maven.apache.org/maven2/org/antlr/stringtemplate/3.2/stringtemplate-3.2.pom
[INFO] Downloaded from central: https://repo.maven.apache.org/maven2/org/antlr/stringtemplate/3.2/stringtemplate-3.2.pom (2.0 kB at 48 kB/s)
[INFO] Downloading from central: https://repo.maven.apache.org/maven2/org/apache/maven/scm/maven-scm-api/1.8/maven-scm-api-1.8.jar
[INFO] Downloading from central: https://repo.maven.apache.org/maven2/org/apache/maven/scm/maven-scm-manager-plexus/1.8/maven-scm-manager-plexus-1.8.jar
[INFO] Downloading from central: https://repo.maven.apache.org/maven2/org/apache/maven/scm/maven-scm-provider-bazaar/1.8/maven-scm-provider-bazaar-1.8.jar
[INFO] Downloading from central: https://repo.maven.apache.org/maven2/org/apache/maven/scm/maven-scm-provider-svnexe/1.8/maven-scm-provider-svnexe-1.8.jar
[INFO] Downloading from central: https://repo.maven.apache.org/maven2/org/apache/maven/scm/maven-scm-provider-gitexe/1.8/maven-scm-provider-gitexe-1.8.jar
[INFO] Downloaded from central: https://repo.maven.apache.org/maven2/org/apache/maven/scm/maven-scm-api/1.8/maven-scm-api-1.8.jar (105 kB at 1.6 MB/s)
[INFO] Downloading from central: https://repo.maven.apache.org/maven2/org/apache/maven/scm/maven-scm-provider-git-commons/1.8/maven-scm-provider-git-commons-1.8.jar
[INFO] Downloaded from central: https://repo.maven.apache.org/maven2/org/apache/maven/scm/maven-scm-provider-bazaar/1.8/maven-scm-provider-bazaar-1.8.jar (55 kB at 799 kB/s)
[INFO] Downloading from central: https://repo.maven.apache.org/maven2/org/apache/maven/scm/maven-scm-provider-svn-commons/1.8/maven-scm-provider-svn-commons-1.8.jar
[INFO] Downloaded from central: https://repo.maven.apache.org/maven2/org/apache/maven/scm/maven-scm-manager-plexus/1.8/maven-scm-manager-plexus-1.8.jar (11 kB at 149 kB/s)
[INFO] Downloading from central: https://repo.maven.apache.org/maven2/org/apache/maven/scm/maven-scm-provider-cvsexe/1.8/maven-scm-provider-cvsexe-1.8.jar
[INFO] Downloaded from central: https://repo.maven.apache.org/maven2/org/apache/maven/scm/maven-scm-provider-svnexe/1.8/maven-scm-provider-svnexe-1.8.jar (77 kB at 1.1 MB/s)
[INFO] Downloading from central: https://repo.maven.apache.org/maven2/org/apache/maven/scm/maven-scm-provider-cvs-commons/1.8/maven-scm-provider-cvs-commons-1.8.jar
[INFO] Downloaded from central: https://repo.maven.apache.org/maven2/org/apache/maven/scm/maven-scm-provider-gitexe/1.8/maven-scm-provider-gitexe-1.8.jar (63 kB at 782 kB/s)
[INFO] Downloading from central: https://repo.maven.apache.org/maven2/org/apache/maven/scm/maven-scm-provider-starteam/1.8/maven-scm-provider-starteam-1.8.jar
[INFO] Downloaded from central: https://repo.maven.apache.org/maven2/org/apache/maven/scm/maven-scm-provider-git-commons/1.8/maven-scm-provider-git-commons-1.8.jar (38 kB at 350 kB/s)
[INFO] Downloading from central: https://repo.maven.apache.org/maven2/org/apache/maven/scm/maven-scm-provider-clearcase/1.8/maven-scm-provider-clearcase-1.8.jar
[INFO] Downloaded from central: https://repo.maven.apache.org/maven2/org/apache/maven/scm/maven-scm-provider-cvsexe/1.8/maven-scm-provider-cvsexe-1.8.jar (30 kB at 279 kB/s)
[INFO] Downloading from central: https://repo.maven.apache.org/maven2/org/apache/maven/scm/maven-scm-provider-perforce/1.8/maven-scm-provider-perforce-1.8.jar
[INFO] Downloaded from central: https://repo.maven.apache.org/maven2/org/apache/maven/scm/maven-scm-provider-cvs-commons/1.8/maven-scm-provider-cvs-commons-1.8.jar (80 kB at 701 kB/s)
[INFO] Downloading from central: https://repo.maven.apache.org/maven2/org/apache/maven/scm/maven-scm-provider-hg/1.8/maven-scm-provider-hg-1.8.jar
[INFO] Downloaded from central: https://repo.maven.apache.org/maven2/org/apache/maven/scm/maven-scm-provider-svn-commons/1.8/maven-scm-provider-svn-commons-1.8.jar (40 kB at 337 kB/s)
[INFO] Downloading from central: https://repo.maven.apache.org/maven2/com/google/code/maven-scm-provider-svnjava/maven-scm-provider-svnjava/1.13/maven-scm-provider-svnjava-1.13.jar
[INFO] Downloaded from central: https://repo.maven.apache.org/maven2/org/apache/maven/scm/maven-scm-provider-starteam/1.8/maven-scm-provider-starteam-1.8.jar (74 kB at 576 kB/s)
[INFO] Downloading from central: https://repo.maven.apache.org/maven2/org/tmatesoft/svnkit/svnkit/1.3.5/svnkit-1.3.5.jar
[INFO] Downloaded from central: https://repo.maven.apache.org/maven2/org/apache/maven/scm/maven-scm-provider-clearcase/1.8/maven-scm-provider-clearcase-1.8.jar (71 kB at 497 kB/s)
[INFO] Downloading from central: https://repo.maven.apache.org/maven2/org/tmatesoft/svnkit/trilead-ssh2/build213-svnkit-1.3-patch/trilead-ssh2-build213-svnkit-1.3-patch.jar
[INFO] Downloaded from central: https://repo.maven.apache.org/maven2/org/apache/maven/scm/maven-scm-provider-perforce/1.8/maven-scm-provider-perforce-1.8.jar (82 kB at 535 kB/s)
[INFO] Downloading from central: https://repo.maven.apache.org/maven2/org/tmatesoft/sqljet/sqljet/1.0.4/sqljet-1.0.4.jar
[INFO] Downloaded from central: https://repo.maven.apache.org/maven2/org/apache/maven/scm/maven-scm-provider-hg/1.8/maven-scm-provider-hg-1.8.jar (66 kB at 426 kB/s)
[INFO] Downloading from central: https://repo.maven.apache.org/maven2/org/antlr/antlr-runtime/3.1.3/antlr-runtime-3.1.3.jar
[INFO] Downloaded from central: https://repo.maven.apache.org/maven2/com/google/code/maven-scm-provider-svnjava/maven-scm-provider-svnjava/1.13/maven-scm-provider-svnjava-1.13.jar (52 kB at 315 kB/s)
[INFO] Downloading from central: https://repo.maven.apache.org/maven2/org/antlr/stringtemplate/3.2/stringtemplate-3.2.jar
[INFO] Downloaded from central: https://repo.maven.apache.org/maven2/org/tmatesoft/svnkit/trilead-ssh2/build213-svnkit-1.3-patch/trilead-ssh2-build213-svnkit-1.3-patch.jar (251 kB at 1.3 MB/s)
[INFO] Downloading from central: https://repo.maven.apache.org/maven2/net/java/dev/jna/jna/3.2.2/jna-3.2.2.jar
[INFO] Downloaded from central: https://repo.maven.apache.org/maven2/org/antlr/antlr-runtime/3.1.3/antlr-runtime-3.1.3.jar (151 kB at 735 kB/s)
[INFO] Downloaded from central: https://repo.maven.apache.org/maven2/org/antlr/stringtemplate/3.2/stringtemplate-3.2.jar (172 kB at 775 kB/s)
[INFO] Downloaded from central: https://repo.maven.apache.org/maven2/org/tmatesoft/sqljet/sqljet/1.0.4/sqljet-1.0.4.jar (744 kB at 3.3 MB/s)
[INFO] Downloaded from central: https://repo.maven.apache.org/maven2/org/tmatesoft/svnkit/svnkit/1.3.5/svnkit-1.3.5.jar (1.9 MB at 8.2 MB/s)
[INFO] Downloaded from central: https://repo.maven.apache.org/maven2/net/java/dev/jna/jna/3.2.2/jna-3.2.2.jar (858 kB at 3.5 MB/s)
[INFO] Checking for local modifications: skipped.
[INFO] Updating project files from SCM: skipped.
[INFO] Executing: /bin/sh -c cd /home/srafi/after-cam-ready/compare_/compile_repair_output/work/dc1719f24a34 && svn --non-interactive info
[INFO] Working directory: /home/srafi/after-cam-ready/compare_/compile_repair_output/work/dc1719f24a34
[INFO] Storing buildNumber: ? at timestamp: 2026-08-15T15:53:47-0400
[INFO] Executing: /bin/sh -c cd /home/srafi/after-cam-ready/compare_/compile_repair_output/work/dc1719f24a34 && svn --non-interactive info
[INFO] Working directory: /home/srafi/after-cam-ready/compare_/compile_repair_output/work/dc1719f24a34
[INFO] Storing buildScmBranch: UNKNOWN_BRANCH
[INFO] 
[INFO] --- maven-remote-resources-plugin:1.5:process (default) @ olingo-odata2-parent ---
[INFO] 
[INFO] --- maven-site-plugin:3.2:attach-descriptor (attach-descriptor) @ olingo-odata2-parent ---
[INFO] 
[INFO] --- maven-source-plugin:2.2.1:jar-no-fork (attach-sources) @ olingo-odata2-parent ---
[INFO] 
[INFO] --- maven-checkstyle-plugin:2.10:check (checkstyle) @ olingo-odata2-parent ---
[INFO] Downloading from central: https://repo.maven.apache.org/maven2/com/puppycrawl/tools/checkstyle/5.6/checkstyle-5.6.pom
[INFO] Downloaded from central: https://repo.maven.apache.org/maven2/com/puppycrawl/tools/checkstyle/5.6/checkstyle-5.6.pom (19 kB at 577 kB/s)
[INFO] Downloading from central: https://repo.maven.apache.org/maven2/com/puppycrawl/tools/checkstyle/5.6/checkstyle-5.6.jar
[INFO] Downloaded from central: https://repo.maven.apache.org/maven2/com/puppycrawl/tools/checkstyle/5.6/checkstyle-5.6.jar (651 kB at 15 MB/s)
[INFO] 
[INFO] --- maven-install-plugin:2.3.1:install (default-install) @ olingo-odata2-parent ---
[INFO] Installing /home/srafi/after-cam-ready/compare_/compile_repair_output/work/dc1719f24a34/pom.xml to /home/srafi/.m2/repository/org/apache/olingo/olingo-odata2-parent/2.0.10-SNAPSHOT/olingo-odata2-parent-2.0.10-SNAPSHOT.pom
[INFO] 
[INFO] ----------------< org.apache.olingo:olingo-odata2-lib >-----------------
[INFO] Building olingo-odata2-lib 2.0.10-SNAPSHOT                         [2/9]
[INFO] --------------------------------[ pom ]---------------------------------
[INFO] 
[INFO] --- maven-clean-plugin:2.5:clean (default-clean) @ olingo-odata2-lib ---
[INFO] 
[INFO] --- buildnumber-maven-plugin:1.2:create (default) @ olingo-odata2-lib ---
[INFO] 
[INFO] --- maven-remote-resources-plugin:1.5:process (default) @ olingo-odata2-lib ---
[INFO] 
[INFO] --- maven-site-plugin:3.2:attach-descriptor (attach-descriptor) @ olingo-odata2-lib ---
[INFO] 
[INFO] --- maven-source-plugin:2.2.1:jar-no-fork (attach-sources) @ olingo-odata2-lib ---
[INFO] 
[INFO] --- maven-checkstyle-plugin:2.10:check (checkstyle) @ olingo-odata2-lib ---
[INFO] 
[INFO] --- maven-install-plugin:2.3.1:install (default-install) @ olingo-odata2-lib ---
[INFO] Installing /home/srafi/after-cam-ready/compare_/compile_repair_output/work/dc1719f24a34/odata2-lib/pom.xml to /home/srafi/.m2/repository/org/apache/olingo/olingo-odata2-lib/2.0.10-SNAPSHOT/olingo-odata2-lib-2.0.10-SNAPSHOT.pom
[INFO] 
[INFO] ----------------< org.apache.olingo:olingo-odata2-api >-----------------
[INFO] Building olingo-odata2-api 2.0.10-SNAPSHOT                         [3/9]
[INFO] --------------------------------[ jar ]---------------------------------
[INFO] 
[INFO] --- maven-clean-plugin:2.5:clean (default-clean) @ olingo-odata2-api ---
[INFO] 
[INFO] --- buildnumber-maven-plugin:1.2:create (default) @ olingo-odata2-api ---
[INFO] 
[INFO] --- maven-remote-resources-plugin:1.5:process (default) @ olingo-odata2-api ---
[INFO] 
[INFO] --- maven-resources-plugin:2.6:resources (default-resources) @ olingo-odata2-api ---
[INFO] Using 'UTF-8' encoding to copy filtered resources.
[INFO] skip non existing resourceDirectory /home/srafi/after-cam-ready/compare_/compile_repair_output/work/dc1719f24a34/odata2-lib/odata-api/src/main/resources
[INFO] Copying 3 resources
[INFO] 
[INFO] --- maven-compiler-plugin:2.3.2:compile (default-compile) @ olingo-odata2-api ---
[INFO] Compiling 244 source files to /home/srafi/after-cam-ready/compare_/compile_repair_output/work/dc1719f24a34/odata2-lib/odata-api/target/classes
[INFO] 
[INFO] --- maven-bundle-plugin:2.3.7:manifest (bundle-manifest) @ olingo-odata2-api ---
[INFO] 
[INFO] --- maven-resources-plugin:2.6:testResources (default-testResources) @ olingo-odata2-api ---
[INFO] Using 'UTF-8' encoding to copy filtered resources.
[INFO] skip non existing resourceDirectory /home/srafi/after-cam-ready/compare_/compile_repair_output/work/dc1719f24a34/odata2-lib/odata-api/src/test/resources
[INFO] Copying 3 resources
[INFO] 
[INFO] --- maven-compiler-plugin:2.3.2:testCompile (default-testCompile) @ olingo-odata2-api ---
[INFO] No sources to compile
[INFO] 
[INFO] --- maven-surefire-plugin:3.0.0-M8-SNAPSHOT:test (default-test) @ olingo-odata2-api ---
[INFO] Downloading from apache.snapshots: https://repository.apache.org/snapshots/org/apache/maven/surefire/maven-surefire-common/3.0.0-M8-SNAPSHOT/maven-metadata.xml
[INFO] Downloading from apache.snapshots: https://repository.apache.org/snapshots/org/apache/maven/surefire/surefire-api/3.0.0-M8-SNAPSHOT/maven-metadata.xml
[INFO] Downloading from apache.snapshots: https://repository.apache.org/snapshots/org/apache/maven/surefire/surefire-logger-api/3.0.0-M8-SNAPSHOT/maven-metadata.xml
[INFO] Downloading from apache.snapshots: https://repository.apache.org/snapshots/org/apache/maven/surefire/surefire-shared-utils/3.0.0-M8-SNAPSHOT/maven-metadata.xml
[INFO] Downloading from apache.snapshots: https://repository.apache.org/snapshots/org/apache/maven/surefire/surefire-extensions-api/3.0.0-M8-SNAPSHOT/maven-metadata.xml
[INFO] Downloading from apache.snapshots: https://repository.apache.org/snapshots/org/apache/maven/surefire/surefire-booter/3.0.0-M8-SNAPSHOT/maven-metadata.xml
[INFO] Downloading from apache.snapshots: https://repository.apache.org/snapshots/org/apache/maven/surefire/surefire-extensions-spi/3.0.0-M8-SNAPSHOT/maven-metadata.xml
[INFO] Tests are skipped.
[INFO] 
[INFO] --- maven-jar-plugin:2.3.2:jar (default-jar) @ olingo-odata2-api ---
[INFO] Building jar: /home/srafi/after-cam-ready/compare_/compile_repair_output/work/dc1719f24a34/odata2-lib/odata-api/target/olingo-odata2-api-2.0.10-SNAPSHOT.jar
[INFO] 
[INFO] --- maven-site-plugin:3.2:attach-descriptor (attach-descriptor) @ olingo-odata2-api ---
[INFO] 
[INFO] --- maven-source-plugin:2.2.1:jar-no-fork (attach-sources) @ olingo-odata2-api ---
[INFO] Building jar: /home/srafi/after-cam-ready/compare_/compile_repair_output/work/dc1719f24a34/odata2-lib/odata-api/target/olingo-odata2-api-2.0.10-SNAPSHOT-sources.jar
[INFO] 
[INFO] --- maven-checkstyle-plugin:2.10:check (checkstyle) @ olingo-odata2-api ---
[INFO] 
[INFO] --- maven-install-plugin:2.3.1:install (default-install) @ olingo-odata2-api ---
[INFO] Installing /home/srafi/after-cam-ready/compare_/compile_repair_output/work/dc1719f24a34/odata2-lib/odata-api/target/olingo-odata2-api-2.0.10-SNAPSHOT.jar to /home/srafi/.m2/repository/org/apache/olingo/olingo-odata2-api/2.0.10-SNAPSHOT/olingo-odata2-api-2.0.10-SNAPSHOT.jar
[INFO] Installing /home/srafi/after-cam-ready/compare_/compile_repair_output/work/dc1719f24a34/odata2-lib/odata-api/pom.xml to /home/srafi/.m2/repository/org/apache/olingo/olingo-odata2-api/2.0.10-SNAPSHOT/olingo-odata2-api-2.0.10-SNAPSHOT.pom
[INFO] Installing /home/srafi/after-cam-ready/compare_/compile_repair_output/work/dc1719f24a34/odata2-lib/odata-api/target/olingo-odata2-api-2.0.10-SNAPSHOT-sources.jar to /home/srafi/.m2/repository/org/apache/olingo/olingo-odata2-api/2.0.10-SNAPSHOT/olingo-odata2-api-2.0.10-SNAPSHOT-sources.jar
[INFO] 
[INFO] -----------< org.apache.olingo:olingo-odata2-api-annotation >-----------
[INFO] Building olingo-odata2-api-annotation 2.0.10-SNAPSHOT              [4/9]
[INFO] --------------------------------[ jar ]---------------------------------
[INFO] 
[INFO] --- maven-clean-plugin:2.5:clean (default-clean) @ olingo-odata2-api-annotation ---
[INFO] 
[INFO] --- buildnumber-maven-plugin:1.2:create (default) @ olingo-odata2-api-annotation ---
[INFO] 
[INFO] --- maven-remote-resources-plugin:1.5:process (default) @ olingo-odata2-api-annotation ---
[INFO] 
[INFO] --- maven-resources-plugin:2.6:resources (default-resources) @ olingo-odata2-api-annotation ---
[INFO] Using 'UTF-8' encoding to copy filtered resources.
[INFO] skip non existing resourceDirectory /home/srafi/after-cam-ready/compare_/compile_repair_output/work/dc1719f24a34/odata2-lib/odata-annotation/src/main/resources
[INFO] Copying 3 resources
[INFO] 
[INFO] --- maven-compiler-plugin:2.3.2:compile (default-compile) @ olingo-odata2-api-annotation ---
[INFO] Compiling 16 source files to /home/srafi/after-cam-ready/compare_/compile_repair_output/work/dc1719f24a34/odata2-lib/odata-annotation/target/classes
[INFO] 
[INFO] --- maven-bundle-plugin:2.3.7:manifest (bundle-manifest) @ olingo-odata2-api-annotation ---
[WARNING] Manifest org.apache.olingo:olingo-odata2-api-annotation:jar:2.0.10-SNAPSHOT : Superfluous export-package instructions: [org.apache.olingo.odata2.api]
[INFO] 
[INFO] --- maven-resources-plugin:2.6:testResources (default-testResources) @ olingo-odata2-api-annotation ---
[INFO] Using 'UTF-8' encoding to copy filtered resources.
[INFO] skip non existing resourceDirectory /home/srafi/after-cam-ready/compare_/compile_repair_output/work/dc1719f24a34/odata2-lib/odata-annotation/src/test/resources
[INFO] Copying 3 resources
[INFO] 
[INFO] --- maven-compiler-plugin:2.3.2:testCompile (default-testCompile) @ olingo-odata2-api-annotation ---
[INFO] No sources to compile
[INFO] 
[INFO] --- maven-surefire-plugin:3.0.0-M8-SNAPSHOT:test (default-test) @ olingo-odata2-api-annotation ---
[INFO] Tests are skipped.
[INFO] 
[INFO] --- maven-jar-plugin:2.3.2:jar (default-jar) @ olingo-odata2-api-annotation ---
[INFO] Building jar: /home/srafi/after-cam-ready/compare_/compile_repair_output/work/dc1719f24a34/odata2-lib/odata-annotation/target/olingo-odata2-api-annotation-2.0.10-SNAPSHOT.jar
[INFO] 
[INFO] --- maven-site-plugin:3.2:attach-descriptor (attach-descriptor) @ olingo-odata2-api-annotation ---
[INFO] 
[INFO] --- maven-source-plugin:2.2.1:jar-no-fork (attach-sources) @ olingo-odata2-api-annotation ---
[INFO] Building jar: /home/srafi/after-cam-ready/compare_/compile_repair_output/work/dc1719f24a34/odata2-lib/odata-annotation/target/olingo-odata2-api-annotation-2.0.10-SNAPSHOT-sources.jar
[INFO] 
[INFO] --- maven-checkstyle-plugin:2.10:check (checkstyle) @ olingo-odata2-api-annotation ---
[INFO] 
[INFO] --- maven-install-plugin:2.3.1:install (default-install) @ olingo-odata2-api-annotation ---
[INFO] Installing /home/srafi/after-cam-ready/compare_/compile_repair_output/work/dc1719f24a34/odata2-lib/odata-annotation/target/olingo-odata2-api-annotation-2.0.10-SNAPSHOT.jar to /home/srafi/.m2/repository/org/apache/olingo/olingo-odata2-api-annotation/2.0.10-SNAPSHOT/olingo-odata2-api-annotation-2.0.10-SNAPSHOT.jar
[INFO] Installing /home/srafi/after-cam-ready/compare_/compile_repair_output/work/dc1719f24a34/odata2-lib/odata-annotation/pom.xml to /home/srafi/.m2/repository/org/apache/olingo/olingo-odata2-api-annotation/2.0.10-SNAPSHOT/olingo-odata2-api-annotation-2.0.10-SNAPSHOT.pom
[INFO] Installing /home/srafi/after-cam-ready/compare_/compile_repair_output/work/dc1719f24a34/odata2-lib/odata-annotation/target/olingo-odata2-api-annotation-2.0.10-SNAPSHOT-sources.jar to /home/srafi/.m2/repository/org/apache/olingo/olingo-odata2-api-annotation/2.0.10-SNAPSHOT/olingo-odata2-api-annotation-2.0.10-SNAPSHOT-sources.jar
[INFO] 
[INFO] --------------< org.apache.olingo:olingo-odata2-testutil >--------------
[INFO] Building olingo-odata2-testutil 2.0.10-SNAPSHOT                    [5/9]
[INFO] --------------------------------[ jar ]---------------------------------
[INFO] Downloading from oss.sonatype.org: https://oss.sonatype.org/content/groups/staging/org/apache/cxf/cxf-rt-frontend-jaxrs/2.7.10/cxf-rt-frontend-jaxrs-2.7.10.pom
[INFO] Downloading from central: https://repo.maven.apache.org/maven2/org/apache/cxf/cxf-rt-frontend-jaxrs/2.7.10/cxf-rt-frontend-jaxrs-2.7.10.pom
[INFO] Downloaded from central: https://repo.maven.apache.org/maven2/org/apache/cxf/cxf-rt-frontend-jaxrs/2.7.10/cxf-rt-frontend-jaxrs-2.7.10.pom (6.4 kB at 55 kB/s)
[INFO] Downloading from oss.sonatype.org: https://oss.sonatype.org/content/groups/staging/org/apache/cxf/cxf-parent/2.7.10/cxf-parent-2.7.10.pom
[INFO] Downloading from central: https://repo.maven.apache.org/maven2/org/apache/cxf/cxf-parent/2.7.10/cxf-parent-2.7.10.pom
[INFO] Downloaded from central: https://repo.maven.apache.org/maven2/org/apache/cxf/cxf-parent/2.7.10/cxf-parent-2.7.10.pom (84 kB at 1.7 MB/s)
[INFO] Downloading from oss.sonatype.org: https://oss.sonatype.org/content/groups/staging/org/apache/cxf/cxf/2.7.10/cxf-2.7.10.pom
[INFO] Downloading from central: https://repo.maven.apache.org/maven2/org/apache/cxf/cxf/2.7.10/cxf-2.7.10.pom
[INFO] Downloaded from central: https://repo.maven.apache.org/maven2/org/apache/cxf/cxf/2.7.10/cxf-2.7.10.pom (35 kB at 710 kB/s)
[INFO] Downloading from oss.sonatype.org: https://oss.sonatype.org/content/groups/staging/org/apache/cxf/cxf-api/2.7.10/cxf-api-2.7.10.pom
[INFO] Downloading from central: https://repo.maven.apache.org/maven2/org/apache/cxf/cxf-api/2.7.10/cxf-api-2.7.10.pom
[INFO] Downloaded from central: https://repo.maven.apache.org/maven2/org/apache/cxf/cxf-api/2.7.10/cxf-api-2.7.10.pom (16 kB at 500 kB/s)
[INFO] Downloading from oss.sonatype.org: https://oss.sonatype.org/content/groups/staging/org/apache/ws/xmlschema/xmlschema-core/2.1.0/xmlschema-core-2.1.0.pom
[INFO] Downloading from central: https://repo.maven.apache.org/maven2/org/apache/ws/xmlschema/xmlschema-core/2.1.0/xmlschema-core-2.1.0.pom
[INFO] Downloaded from central: https://repo.maven.apache.org/maven2/org/apache/ws/xmlschema/xmlschema-core/2.1.0/xmlschema-core-2.1.0.pom (5.8 kB at 123 kB/s)
[INFO] Downloading from oss.sonatype.org: https://oss.sonatype.org/content/groups/staging/org/apache/ws/xmlschema/xmlschema/2.1.0/xmlschema-2.1.0.pom
[INFO] Downloading from central: https://repo.maven.apache.org/maven2/org/apache/ws/xmlschema/xmlschema/2.1.0/xmlschema-2.1.0.pom
[INFO] Downloaded from central: https://repo.maven.apache.org/maven2/org/apache/ws/xmlschema/xmlschema/2.1.0/xmlschema-2.1.0.pom (29 kB at 888 kB/s)
[INFO] Downloading from oss.sonatype.org: https://oss.sonatype.org/content/groups/staging/org/apache/geronimo/specs/geronimo-javamail_1.4_spec/1.7.1/geronimo-javamail_1.4_spec-1.7.1.pom
[INFO] Downloading from central: https://repo.maven.apache.org/maven2/org/apache/geronimo/specs/geronimo-javamail_1.4_spec/1.7.1/geronimo-javamail_1.4_spec-1.7.1.pom
[INFO] Downloaded from central: https://repo.maven.apache.org/maven2/org/apache/geronimo/specs/geronimo-javamail_1.4_spec/1.7.1/geronimo-javamail_1.4_spec-1.7.1.pom (7.0 kB at 156 kB/s)
[INFO] Downloading from oss.sonatype.org: https://oss.sonatype.org/content/groups/staging/org/apache/cxf/cxf-rt-core/2.7.10/cxf-rt-core-2.7.10.pom
[INFO] Downloading from central: https://repo.maven.apache.org/maven2/org/apache/cxf/cxf-rt-core/2.7.10/cxf-rt-core-2.7.10.pom
[INFO] Downloaded from central: https://repo.maven.apache.org/maven2/org/apache/cxf/cxf-rt-core/2.7.10/cxf-rt-core-2.7.10.pom (4.7 kB at 102 kB/s)
[INFO] Downloading from oss.sonatype.org: https://oss.sonatype.org/content/groups/staging/com/sun/xml/bind/jaxb-impl/2.1.13/jaxb-impl-2.1.13.pom
[INFO] Downloading from central: https://repo.maven.apache.org/maven2/com/sun/xml/bind/jaxb-impl/2.1.13/jaxb-impl-2.1.13.pom
[INFO] Downloaded from central: https://repo.maven.apache.org/maven2/com/sun/xml/bind/jaxb-impl/2.1.13/jaxb-impl-2.1.13.pom (3.0 kB at 57 kB/s)
[INFO] Downloading from oss.sonatype.org: https://oss.sonatype.org/content/groups/staging/javax/ws/rs/javax.ws.rs-api/2.0-m10/javax.ws.rs-api-2.0-m10.pom
[INFO] Downloading from central: https://repo.maven.apache.org/maven2/javax/ws/rs/javax.ws.rs-api/2.0-m10/javax.ws.rs-api-2.0-m10.pom
[INFO] Downloaded from central: https://repo.maven.apache.org/maven2/javax/ws/rs/javax.ws.rs-api/2.0-m10/javax.ws.rs-api-2.0-m10.pom (17 kB at 378 kB/s)
[INFO] Downloading from oss.sonatype.org: https://oss.sonatype.org/content/groups/staging/org/apache/cxf/cxf-rt-bindings-xml/2.7.10/cxf-rt-bindings-xml-2.7.10.pom
[INFO] Downloading from central: https://repo.maven.apache.org/maven2/org/apache/cxf/cxf-rt-bindings-xml/2.7.10/cxf-rt-bindings-xml-2.7.10.pom
[INFO] Downloaded from central: https://repo.maven.apache.org/maven2/org/apache/cxf/cxf-rt-bindings-xml/2.7.10/cxf-rt-bindings-xml-2.7.10.pom (5.3 kB at 148 kB/s)
[INFO] Downloading from oss.sonatype.org: https://oss.sonatype.org/content/groups/staging/org/apache/cxf/cxf-rt-transports-http/2.7.10/cxf-rt-transports-http-2.7.10.pom
[INFO] Downloading from central: https://repo.maven.apache.org/maven2/org/apache/cxf/cxf-rt-transports-http/2.7.10/cxf-rt-transports-http-2.7.10.pom
[INFO] Downloaded from central: https://repo.maven.apache.org/maven2/org/apache/cxf/cxf-rt-transports-http/2.7.10/cxf-rt-transports-http-2.7.10.pom (6.2 kB at 174 kB/s)
[INFO] Downloading from oss.sonatype.org: https://oss.sonatype.org/content/groups/staging/org/slf4j/slf4j-api/1.7.1/slf4j-api-1.7.1.pom
[INFO] Downloading from central: https://repo.maven.apache.org/maven2/org/slf4j/slf4j-api/1.7.1/slf4j-api-1.7.1.pom
[INFO] Downloaded from central: https://repo.maven.apache.org/maven2/org/slf4j/slf4j-api/1.7.1/slf4j-api-1.7.1.pom (2.7 kB at 84 kB/s)
[INFO] Downloading from oss.sonatype.org: https://oss.sonatype.org/content/groups/staging/org/slf4j/slf4j-parent/1.7.1/slf4j-parent-1.7.1.pom
[INFO] Downloading from central: https://repo.maven.apache.org/maven2/org/slf4j/slf4j-parent/1.7.1/slf4j-parent-1.7.1.pom
[INFO] Downloaded from central: https://repo.maven.apache.org/maven2/org/slf4j/slf4j-parent/1.7.1/slf4j-parent-1.7.1.pom (13 kB at 468 kB/s)
[INFO] Downloading from oss.sonatype.org: https://oss.sonatype.org/content/groups/staging/org/mockito/mockito-all/1.9.0/mockito-all-1.9.0.pom
[INFO] Downloading from central: https://repo.maven.apache.org/maven2/org/mockito/mockito-all/1.9.0/mockito-all-1.9.0.pom
[INFO] Downloaded from central: https://repo.maven.apache.org/maven2/org/mockito/mockito-all/1.9.0/mockito-all-1.9.0.pom (1.0 kB at 29 kB/s)
[INFO] Downloading from oss.sonatype.org: https://oss.sonatype.org/content/groups/staging/org/eclipse/jetty/jetty-servlet/7.5.4.v20111024/jetty-servlet-7.5.4.v20111024.pom
[INFO] Downloading from central: https://repo.maven.apache.org/maven2/org/eclipse/jetty/jetty-servlet/7.5.4.v20111024/jetty-servlet-7.5.4.v20111024.pom
[INFO] Downloaded from central: https://repo.maven.apache.org/maven2/org/eclipse/jetty/jetty-servlet/7.5.4.v20111024/jetty-servlet-7.5.4.v20111024.pom (2.7 kB at 70 kB/s)
[INFO] Downloading from oss.sonatype.org: https://oss.sonatype.org/content/groups/staging/org/eclipse/jetty/jetty-project/7.5.4.v20111024/jetty-project-7.5.4.v20111024.pom
[INFO] Downloading from central: https://repo.maven.apache.org/maven2/org/eclipse/jetty/jetty-project/7.5.4.v20111024/jetty-project-7.5.4.v20111024.pom
[INFO] Downloaded from central: https://repo.maven.apache.org/maven2/org/eclipse/jetty/jetty-project/7.5.4.v20111024/jetty-project-7.5.4.v20111024.pom (22 kB at 585 kB/s)
[INFO] Downloading from oss.sonatype.org: https://oss.sonatype.org/content/groups/staging/org/eclipse/jetty/jetty-security/7.5.4.v20111024/jetty-security-7.5.4.v20111024.pom
[INFO] Downloading from central: https://repo.maven.apache.org/maven2/org/eclipse/jetty/jetty-security/7.5.4.v20111024/jetty-security-7.5.4.v20111024.pom
[INFO] Downloaded from central: https://repo.maven.apache.org/maven2/org/eclipse/jetty/jetty-security/7.5.4.v20111024/jetty-security-7.5.4.v20111024.pom (2.7 kB at 67 kB/s)
[INFO] Downloading from oss.sonatype.org: https://oss.sonatype.org/content/groups/staging/org/eclipse/jetty/jetty-server/7.5.4.v20111024/jetty-server-7.5.4.v20111024.pom
[INFO] Downloading from central: https://repo.maven.apache.org/maven2/org/eclipse/jetty/jetty-server/7.5.4.v20111024/jetty-server-7.5.4.v20111024.pom
[INFO] Downloaded from central: https://repo.maven.apache.org/maven2/org/eclipse/jetty/jetty-server/7.5.4.v20111024/jetty-server-7.5.4.v20111024.pom (3.8 kB at 119 kB/s)
[INFO] Downloading from oss.sonatype.org: https://oss.sonatype.org/content/groups/staging/org/eclipse/jetty/jetty-continuation/7.5.4.v20111024/jetty-continuation-7.5.4.v20111024.pom
[INFO] Downloading from central: https://repo.maven.apache.org/maven2/org/eclipse/jetty/jetty-continuation/7.5.4.v20111024/jetty-continuation-7.5.4.v20111024.pom
[INFO] Downloaded from central: https://repo.maven.apache.org/maven2/org/eclipse/jetty/jetty-continuation/7.5.4.v20111024/jetty-continuation-7.5.4.v20111024.pom (2.7 kB at 79 kB/s)
[INFO] Downloading from oss.sonatype.org: https://oss.sonatype.org/content/groups/staging/org/eclipse/jetty/jetty-http/7.5.4.v20111024/jetty-http-7.5.4.v20111024.pom
[INFO] Downloading from central: https://repo.maven.apache.org/maven2/org/eclipse/jetty/jetty-http/7.5.4.v20111024/jetty-http-7.5.4.v20111024.pom
[INFO] Downloaded from central: https://repo.maven.apache.org/maven2/org/eclipse/jetty/jetty-http/7.5.4.v20111024/jetty-http-7.5.4.v20111024.pom (2.6 kB at 93 kB/s)
[INFO] Downloading from oss.sonatype.org: https://oss.sonatype.org/content/groups/staging/org/eclipse/jetty/jetty-io/7.5.4.v20111024/jetty-io-7.5.4.v20111024.pom
[INFO] Downloading from central: https://repo.maven.apache.org/maven2/org/eclipse/jetty/jetty-io/7.5.4.v20111024/jetty-io-7.5.4.v20111024.pom
[INFO] Downloaded from central: https://repo.maven.apache.org/maven2/org/eclipse/jetty/jetty-io/7.5.4.v20111024/jetty-io-7.5.4.v20111024.pom (2.1 kB at 56 kB/s)
[INFO] Downloading from oss.sonatype.org: https://oss.sonatype.org/content/groups/staging/org/eclipse/jetty/jetty-util/7.5.4.v20111024/jetty-util-7.5.4.v20111024.pom
[INFO] Downloading from central: https://repo.maven.apache.org/maven2/org/eclipse/jetty/jetty-util/7.5.4.v20111024/jetty-util-7.5.4.v20111024.pom
[INFO] Downloaded from central: https://repo.maven.apache.org/maven2/org/eclipse/jetty/jetty-util/7.5.4.v20111024/jetty-util-7.5.4.v20111024.pom (2.8 kB at 85 kB/s)
[INFO] Downloading from oss.sonatype.org: https://oss.sonatype.org/content/groups/staging/org/apache/httpcomponents/httpcore/4.2.3/httpcore-4.2.3.pom
[INFO] Downloading from central: https://repo.maven.apache.org/maven2/org/apache/httpcomponents/httpcore/4.2.3/httpcore-4.2.3.pom
[INFO] Downloaded from central: https://repo.maven.apache.org/maven2/org/apache/httpcomponents/httpcore/4.2.3/httpcore-4.2.3.pom (5.7 kB at 189 kB/s)
[INFO] Downloading from oss.sonatype.org: https://oss.sonatype.org/content/groups/staging/org/apache/httpcomponents/httpcomponents-core/4.2.3/httpcomponents-core-4.2.3.pom
[INFO] Downloading from central: https://repo.maven.apache.org/maven2/org/apache/httpcomponents/httpcomponents-core/4.2.3/httpcomponents-core-4.2.3.pom
[INFO] Downloaded from central: https://repo.maven.apache.org/maven2/org/apache/httpcomponents/httpcomponents-core/4.2.3/httpcomponents-core-4.2.3.pom (11 kB at 337 kB/s)
[INFO] Downloading from oss.sonatype.org: https://oss.sonatype.org/content/groups/staging/org/apache/cxf/cxf-rt-frontend-jaxrs/2.7.10/cxf-rt-frontend-jaxrs-2.7.10.jar
[INFO] Downloading from oss.sonatype.org: https://oss.sonatype.org/content/groups/staging/org/apache/cxf/cxf-api/2.7.10/cxf-api-2.7.10.jar
[INFO] Downloading from oss.sonatype.org: https://oss.sonatype.org/content/groups/staging/org/apache/ws/xmlschema/xmlschema-core/2.1.0/xmlschema-core-2.1.0.jar
[INFO] Downloading from oss.sonatype.org: https://oss.sonatype.org/content/groups/staging/org/apache/cxf/cxf-rt-core/2.7.10/cxf-rt-core-2.7.10.jar
[INFO] Downloading from oss.sonatype.org: https://oss.sonatype.org/content/groups/staging/org/apache/geronimo/specs/geronimo-javamail_1.4_spec/1.7.1/geronimo-javamail_1.4_spec-1.7.1.jar
[INFO] Downloading from oss.sonatype.org: https://oss.sonatype.org/content/groups/staging/com/sun/xml/bind/jaxb-impl/2.1.13/jaxb-impl-2.1.13.jar
[INFO] Downloading from oss.sonatype.org: https://oss.sonatype.org/content/groups/staging/javax/ws/rs/javax.ws.rs-api/2.0-m10/javax.ws.rs-api-2.0-m10.jar
[INFO] Downloading from oss.sonatype.org: https://oss.sonatype.org/content/groups/staging/org/apache/cxf/cxf-rt-bindings-xml/2.7.10/cxf-rt-bindings-xml-2.7.10.jar
[INFO] Downloading from oss.sonatype.org: https://oss.sonatype.org/content/groups/staging/org/apache/cxf/cxf-rt-transports-http/2.7.10/cxf-rt-transports-http-2.7.10.jar
[INFO] Downloading from oss.sonatype.org: https://oss.sonatype.org/content/groups/staging/org/slf4j/slf4j-api/1.7.1/slf4j-api-1.7.1.jar
[INFO] Downloading from oss.sonatype.org: https://oss.sonatype.org/content/groups/staging/org/mockito/mockito-all/1.9.0/mockito-all-1.9.0.jar
[INFO] Downloading from oss.sonatype.org: https://oss.sonatype.org/content/groups/staging/org/eclipse/jetty/jetty-servlet/7.5.4.v20111024/jetty-servlet-7.5.4.v20111024.jar
[INFO] Downloading from oss.sonatype.org: https://oss.sonatype.org/content/groups/staging/org/eclipse/jetty/jetty-security/7.5.4.v20111024/jetty-security-7.5.4.v20111024.jar
[INFO] Downloading from oss.sonatype.org: https://oss.sonatype.org/content/groups/staging/org/eclipse/jetty/jetty-server/7.5.4.v20111024/jetty-server-7.5.4.v20111024.jar
[INFO] Downloading from oss.sonatype.org: https://oss.sonatype.org/content/groups/staging/org/eclipse/jetty/jetty-continuation/7.5.4.v20111024/jetty-continuation-7.5.4.v20111024.jar
[INFO] Downloading from oss.sonatype.org: https://oss.sonatype.org/content/groups/staging/org/eclipse/jetty/jetty-http/7.5.4.v20111024/jetty-http-7.5.4.v20111024.jar
[INFO] Downloading from oss.sonatype.org: https://oss.sonatype.org/content/groups/staging/org/eclipse/jetty/jetty-io/7.5.4.v20111024/jetty-io-7.5.4.v20111024.jar
[INFO] Downloading from oss.sonatype.org: https://oss.sonatype.org/content/groups/staging/org/eclipse/jetty/jetty-util/7.5.4.v20111024/jetty-util-7.5.4.v20111024.jar
[INFO] Downloading from oss.sonatype.org: https://oss.sonatype.org/content/groups/staging/org/apache/httpcomponents/httpcore/4.2.3/httpcore-4.2.3.jar
[INFO] Downloading from central: https://repo.maven.apache.org/maven2/org/apache/cxf/cxf-rt-frontend-jaxrs/2.7.10/cxf-rt-frontend-jaxrs-2.7.10.jar
[INFO] Downloading from central: https://repo.maven.apache.org/maven2/org/apache/cxf/cxf-api/2.7.10/cxf-api-2.7.10.jar
[INFO] Downloading from central: https://repo.maven.apache.org/maven2/org/apache/cxf/cxf-rt-core/2.7.10/cxf-rt-core-2.7.10.jar
[INFO] Downloading from central: https://repo.maven.apache.org/maven2/org/apache/geronimo/specs/geronimo-javamail_1.4_spec/1.7.1/geronimo-javamail_1.4_spec-1.7.1.jar
[INFO] Downloading from central: https://repo.maven.apache.org/maven2/org/apache/ws/xmlschema/xmlschema-core/2.1.0/xmlschema-core-2.1.0.jar
[INFO] Downloaded from central: https://repo.maven.apache.org/maven2/org/apache/ws/xmlschema/xmlschema-core/2.1.0/xmlschema-core-2.1.0.jar (166 kB at 3.8 MB/s)
[INFO] Downloading from central: https://repo.maven.apache.org/maven2/com/sun/xml/bind/jaxb-impl/2.1.13/jaxb-impl-2.1.13.jar
[INFO] Downloaded from central: https://repo.maven.apache.org/maven2/org/apache/cxf/cxf-api/2.7.10/cxf-api-2.7.10.jar (1.1 MB at 19 MB/s)
[INFO] Downloading from central: https://repo.maven.apache.org/maven2/javax/ws/rs/javax.ws.rs-api/2.0-m10/javax.ws.rs-api-2.0-m10.jar
[INFO] Downloaded from central: https://repo.maven.apache.org/maven2/org/apache/geronimo/specs/geronimo-javamail_1.4_spec/1.7.1/geronimo-javamail_1.4_spec-1.7.1.jar (223 kB at 3.8 MB/s)
[INFO] Downloading from central: https://repo.maven.apache.org/maven2/org/apache/cxf/cxf-rt-bindings-xml/2.7.10/cxf-rt-bindings-xml-2.7.10.jar
[INFO] Downloaded from central: https://repo.maven.apache.org/maven2/com/sun/xml/bind/jaxb-impl/2.1.13/jaxb-impl-2.1.13.jar (877 kB at 9.5 MB/s)
[INFO] Downloading from central: https://repo.maven.apache.org/maven2/org/apache/cxf/cxf-rt-transports-http/2.7.10/cxf-rt-transports-http-2.7.10.jar
[INFO] Downloaded from central: https://repo.maven.apache.org/maven2/org/apache/cxf/cxf-rt-bindings-xml/2.7.10/cxf-rt-bindings-xml-2.7.10.jar (39 kB at 388 kB/s)
[INFO] Downloading from central: https://repo.maven.apache.org/maven2/org/slf4j/slf4j-api/1.7.1/slf4j-api-1.7.1.jar
[INFO] Downloaded from central: https://repo.maven.apache.org/maven2/javax/ws/rs/javax.ws.rs-api/2.0-m10/javax.ws.rs-api-2.0-m10.jar (111 kB at 1.0 MB/s)
[INFO] Downloading from central: https://repo.maven.apache.org/maven2/org/mockito/mockito-all/1.9.0/mockito-all-1.9.0.jar
[INFO] Downloaded from central: https://repo.maven.apache.org/maven2/org/apache/cxf/cxf-rt-core/2.7.10/cxf-rt-core-2.7.10.jar (408 kB at 3.5 MB/s)
[INFO] Downloading from central: https://repo.maven.apache.org/maven2/org/eclipse/jetty/jetty-servlet/7.5.4.v20111024/jetty-servlet-7.5.4.v20111024.jar
[INFO] Downloaded from central: https://repo.maven.apache.org/maven2/org/slf4j/slf4j-api/1.7.1/slf4j-api-1.7.1.jar (26 kB at 189 kB/s)
[INFO] Downloading from central: https://repo.maven.apache.org/maven2/org/eclipse/jetty/jetty-security/7.5.4.v20111024/jetty-security-7.5.4.v20111024.jar
[INFO] Downloaded from central: https://repo.maven.apache.org/maven2/org/apache/cxf/cxf-rt-transports-http/2.7.10/cxf-rt-transports-http-2.7.10.jar (259 kB at 1.8 MB/s)
[INFO] Downloading from central: https://repo.maven.apache.org/maven2/org/eclipse/jetty/jetty-server/7.5.4.v20111024/jetty-server-7.5.4.v20111024.jar
[INFO] Downloaded from central: https://repo.maven.apache.org/maven2/org/eclipse/jetty/jetty-servlet/7.5.4.v20111024/jetty-servlet-7.5.4.v20111024.jar (87 kB at 567 kB/s)
[INFO] Downloading from central: https://repo.maven.apache.org/maven2/org/eclipse/jetty/jetty-continuation/7.5.4.v20111024/jetty-continuation-7.5.4.v20111024.jar
[INFO] Downloaded from central: https://repo.maven.apache.org/maven2/org/mockito/mockito-all/1.9.0/mockito-all-1.9.0.jar (1.5 MB at 8.5 MB/s)
[INFO] Downloading from central: https://repo.maven.apache.org/maven2/org/eclipse/jetty/jetty-http/7.5.4.v20111024/jetty-http-7.5.4.v20111024.jar
[INFO] Downloaded from central: https://repo.maven.apache.org/maven2/org/eclipse/jetty/jetty-security/7.5.4.v20111024/jetty-security-7.5.4.v20111024.jar (83 kB at 459 kB/s)
[INFO] Downloading from central: https://repo.maven.apache.org/maven2/org/eclipse/jetty/jetty-io/7.5.4.v20111024/jetty-io-7.5.4.v20111024.jar
[INFO] Downloaded from central: https://repo.maven.apache.org/maven2/org/eclipse/jetty/jetty-server/7.5.4.v20111024/jetty-server-7.5.4.v20111024.jar (307 kB at 1.6 MB/s)
[INFO] Downloading from central: https://repo.maven.apache.org/maven2/org/eclipse/jetty/jetty-util/7.5.4.v20111024/jetty-util-7.5.4.v20111024.jar
[INFO] Downloaded from central: https://repo.maven.apache.org/maven2/org/eclipse/jetty/jetty-continuation/7.5.4.v20111024/jetty-continuation-7.5.4.v20111024.jar (20 kB at 105 kB/s)
[INFO] Downloading from central: https://repo.maven.apache.org/maven2/org/apache/httpcomponents/httpcore/4.2.3/httpcore-4.2.3.jar
[INFO] Downloaded from central: https://repo.maven.apache.org/maven2/org/apache/cxf/cxf-rt-frontend-jaxrs/2.7.10/cxf-rt-frontend-jaxrs-2.7.10.jar (654 kB at 3.3 MB/s)
[INFO] Downloaded from central: https://repo.maven.apache.org/maven2/org/eclipse/jetty/jetty-io/7.5.4.v20111024/jetty-io-7.5.4.v20111024.jar (91 kB at 401 kB/s)
[INFO] Downloaded from central: https://repo.maven.apache.org/maven2/org/eclipse/jetty/jetty-http/7.5.4.v20111024/jetty-http-7.5.4.v20111024.jar (115 kB at 507 kB/s)
[INFO] Downloaded from central: https://repo.maven.apache.org/maven2/org/eclipse/jetty/jetty-util/7.5.4.v20111024/jetty-util-7.5.4.v20111024.jar (216 kB at 914 kB/s)
[INFO] Downloaded from central: https://repo.maven.apache.org/maven2/org/apache/httpcomponents/httpcore/4.2.3/httpcore-4.2.3.jar (227 kB at 951 kB/s)
[INFO] 
[INFO] --- maven-clean-plugin:2.5:clean (default-clean) @ olingo-odata2-testutil ---
[INFO] 
[INFO] --- buildnumber-maven-plugin:1.2:create (default) @ olingo-odata2-testutil ---
[INFO] 
[INFO] --- maven-remote-resources-plugin:1.5:process (default) @ olingo-odata2-testutil ---
[INFO] 
[INFO] --- maven-resources-plugin:2.6:resources (default-resources) @ olingo-odata2-testutil ---
[INFO] Using 'UTF-8' encoding to copy filtered resources.
[INFO] Copying 1 resource
[INFO] Copying 3 resources
[INFO] 
[INFO] --- maven-compiler-plugin:2.3.2:compile (default-compile) @ olingo-odata2-testutil ---
[INFO] Compiling 25 source files to /home/srafi/after-cam-ready/compare_/compile_repair_output/work/dc1719f24a34/odata2-lib/odata-testutil/target/classes
[INFO] 
[INFO] --- maven-resources-plugin:2.6:testResources (default-testResources) @ olingo-odata2-testutil ---
[INFO] Using 'UTF-8' encoding to copy filtered resources.
[INFO] skip non existing resourceDirectory /home/srafi/after-cam-ready/compare_/compile_repair_output/work/dc1719f24a34/odata2-lib/odata-testutil/src/test/resources
[INFO] Copying 3 resources
[INFO] 
[INFO] --- maven-compiler-plugin:2.3.2:testCompile (default-testCompile) @ olingo-odata2-testutil ---
[INFO] No sources to compile
[INFO] 
[INFO] --- maven-surefire-plugin:3.0.0-M8-SNAPSHOT:test (default-test) @ olingo-odata2-testutil ---
[INFO] Tests are skipped.
[INFO] 
[INFO] --- maven-jar-plugin:2.3.2:jar (default-jar) @ olingo-odata2-testutil ---
[INFO] Building jar: /home/srafi/after-cam-ready/compare_/compile_repair_output/work/dc1719f24a34/odata2-lib/odata-testutil/target/olingo-odata2-testutil-2.0.10-SNAPSHOT.jar
[INFO] 
[INFO] --- maven-site-plugin:3.2:attach-descriptor (attach-descriptor) @ olingo-odata2-testutil ---
[INFO] 
[INFO] --- maven-source-plugin:2.2.1:jar-no-fork (attach-sources) @ olingo-odata2-testutil ---
[INFO] Building jar: /home/srafi/after-cam-ready/compare_/compile_repair_output/work/dc1719f24a34/odata2-lib/odata-testutil/target/olingo-odata2-testutil-2.0.10-SNAPSHOT-sources.jar
[INFO] 
[INFO] --- maven-checkstyle-plugin:2.10:check (checkstyle) @ olingo-odata2-testutil ---
[INFO] 
[INFO] --- maven-install-plugin:2.3.1:install (default-install) @ olingo-odata2-testutil ---
[INFO] Installing /home/srafi/after-cam-ready/compare_/compile_repair_output/work/dc1719f24a34/odata2-lib/odata-testutil/target/olingo-odata2-testutil-2.0.10-SNAPSHOT.jar to /home/srafi/.m2/repository/org/apache/olingo/olingo-odata2-testutil/2.0.10-SNAPSHOT/olingo-odata2-testutil-2.0.10-SNAPSHOT.jar
[INFO] Installing /home/srafi/after-cam-ready/compare_/compile_repair_output/work/dc1719f24a34/odata2-lib/odata-testutil/pom.xml to /home/srafi/.m2/repository/org/apache/olingo/olingo-odata2-testutil/2.0.10-SNAPSHOT/olingo-odata2-testutil-2.0.10-SNAPSHOT.pom
[INFO] Installing /home/srafi/after-cam-ready/compare_/compile_repair_output/work/dc1719f24a34/odata2-lib/odata-testutil/target/olingo-odata2-testutil-2.0.10-SNAPSHOT-sources.jar to /home/srafi/.m2/repository/org/apache/olingo/olingo-odata2-testutil/2.0.10-SNAPSHOT/olingo-odata2-testutil-2.0.10-SNAPSHOT-sources.jar
[INFO] 
[INFO] ----------------< org.apache.olingo:olingo-odata2-core >----------------
[INFO] Building olingo-odata2-core 2.0.10-SNAPSHOT                        [6/9]
[INFO] --------------------------------[ jar ]---------------------------------
[INFO] Downloading from oss.sonatype.org: https://oss.sonatype.org/content/groups/staging/com/google/code/gson/gson/2.4/gson-2.4.pom
[INFO] Downloading from central: https://repo.maven.apache.org/maven2/com/google/code/gson/gson/2.4/gson-2.4.pom
[INFO] Downloaded from central: https://repo.maven.apache.org/maven2/com/google/code/gson/gson/2.4/gson-2.4.pom (8.9 kB at 206 kB/s)
[INFO] Downloading from oss.sonatype.org: https://oss.sonatype.org/content/groups/staging/xmlunit/xmlunit/1.3/xmlunit-1.3.pom
[INFO] Downloading from central: https://repo.maven.apache.org/maven2/xmlunit/xmlunit/1.3/xmlunit-1.3.pom
[INFO] Downloaded from central: https://repo.maven.apache.org/maven2/xmlunit/xmlunit/1.3/xmlunit-1.3.pom (2.7 kB at 72 kB/s)
[INFO] Downloading from oss.sonatype.org: https://oss.sonatype.org/content/groups/staging/com/google/code/gson/gson/2.4/gson-2.4.jar
[INFO] Downloading from oss.sonatype.org: https://oss.sonatype.org/content/groups/staging/xmlunit/xmlunit/1.3/xmlunit-1.3.jar
[INFO] Downloading from central: https://repo.maven.apache.org/maven2/com/google/code/gson/gson/2.4/gson-2.4.jar
[INFO] Downloading from central: https://repo.maven.apache.org/maven2/xmlunit/xmlunit/1.3/xmlunit-1.3.jar
[INFO] Downloaded from central: https://repo.maven.apache.org/maven2/com/google/code/gson/gson/2.4/gson-2.4.jar (212 kB at 5.6 MB/s)
[INFO] Downloaded from central: https://repo.maven.apache.org/maven2/xmlunit/xmlunit/1.3/xmlunit-1.3.jar (97 kB at 1.7 MB/s)
[INFO] 
[INFO] --- maven-clean-plugin:2.5:clean (default-clean) @ olingo-odata2-core ---
[INFO] 
[INFO] --- buildnumber-maven-plugin:1.2:create (default) @ olingo-odata2-core ---
[INFO] 
[INFO] --- maven-remote-resources-plugin:1.5:process (default) @ olingo-odata2-core ---
[INFO] 
[INFO] --- maven-resources-plugin:2.6:resources (default-resources) @ olingo-odata2-core ---
[INFO] Using 'UTF-8' encoding to copy filtered resources.
[INFO] Copying 5 resources
[INFO] Copying 3 resources
[INFO] 
[INFO] --- maven-compiler-plugin:2.3.2:compile (default-compile) @ olingo-odata2-core ---
[INFO] Compiling 219 source files to /home/srafi/after-cam-ready/compare_/compile_repair_output/work/dc1719f24a34/odata2-lib/odata-core/target/classes
[INFO] 
[INFO] --- maven-bundle-plugin:2.3.7:manifest (bundle-manifest) @ olingo-odata2-core ---
[INFO] 
[INFO] --- maven-resources-plugin:2.6:testResources (default-testResources) @ olingo-odata2-core ---
[INFO] Using 'UTF-8' encoding to copy filtered resources.
[INFO] Copying 69 resources
[INFO] Copying 3 resources
[INFO] 
[INFO] --- maven-compiler-plugin:2.3.2:testCompile (default-testCompile) @ olingo-odata2-core ---
[INFO] Compiling 137 source files to /home/srafi/after-cam-ready/compare_/compile_repair_output/work/dc1719f24a34/odata2-lib/odata-core/target/test-classes
[INFO] 
[INFO] --- maven-surefire-plugin:3.0.0-M8-SNAPSHOT:test (default-test) @ olingo-odata2-core ---
[INFO] Tests are skipped.
[INFO] 
[INFO] --- maven-jar-plugin:2.3.2:jar (default-jar) @ olingo-odata2-core ---
[INFO] Building jar: /home/srafi/after-cam-ready/compare_/compile_repair_output/work/dc1719f24a34/odata2-lib/odata-core/target/olingo-odata2-core-2.0.10-SNAPSHOT.jar
[INFO] 
[INFO] --- maven-site-plugin:3.2:attach-descriptor (attach-descriptor) @ olingo-odata2-core ---
[INFO] 
[INFO] --- maven-source-plugin:2.2.1:jar-no-fork (attach-sources) @ olingo-odata2-core ---
[INFO] Building jar: /home/srafi/after-cam-ready/compare_/compile_repair_output/work/dc1719f24a34/odata2-lib/odata-core/target/olingo-odata2-core-2.0.10-SNAPSHOT-sources.jar
[INFO] 
[INFO] --- maven-checkstyle-plugin:2.10:check (checkstyle) @ olingo-odata2-core ---
[INFO] 
[INFO] --- maven-install-plugin:2.3.1:install (default-install) @ olingo-odata2-core ---
[INFO] Installing /home/srafi/after-cam-ready/compare_/compile_repair_output/work/dc1719f24a34/odata2-lib/odata-core/target/olingo-odata2-core-2.0.10-SNAPSHOT.jar to /home/srafi/.m2/repository/org/apache/olingo/olingo-odata2-core/2.0.10-SNAPSHOT/olingo-odata2-core-2.0.10-SNAPSHOT.jar
[INFO] Installing /home/srafi/after-cam-ready/compare_/compile_repair_output/work/dc1719f24a34/odata2-lib/odata-core/pom.xml to /home/srafi/.m2/repository/org/apache/olingo/olingo-odata2-core/2.0.10-SNAPSHOT/olingo-odata2-core-2.0.10-SNAPSHOT.pom
[INFO] Installing /home/srafi/after-cam-ready/compare_/compile_repair_output/work/dc1719f24a34/odata2-lib/odata-core/target/olingo-odata2-core-2.0.10-SNAPSHOT-sources.jar to /home/srafi/.m2/repository/org/apache/olingo/olingo-odata2-core/2.0.10-SNAPSHOT/olingo-odata2-core-2.0.10-SNAPSHOT-sources.jar
[INFO] 
[INFO] -----------< org.apache.olingo:olingo-odata2-jpa-processor >------------
[INFO] Building olingo-odata2-jpa-processor 2.0.10-SNAPSHOT               [7/9]
[INFO] --------------------------------[ pom ]---------------------------------
[INFO] 
[INFO] --- maven-clean-plugin:2.5:clean (default-clean) @ olingo-odata2-jpa-processor ---
[INFO] 
[INFO] --- buildnumber-maven-plugin:1.2:create (default) @ olingo-odata2-jpa-processor ---
[INFO] 
[INFO] --- maven-remote-resources-plugin:1.5:process (default) @ olingo-odata2-jpa-processor ---
[INFO] 
[INFO] --- maven-site-plugin:3.2:attach-descriptor (attach-descriptor) @ olingo-odata2-jpa-processor ---
[INFO] 
[INFO] --- maven-source-plugin:2.2.1:jar-no-fork (attach-sources) @ olingo-odata2-jpa-processor ---
[INFO] 
[INFO] --- maven-checkstyle-plugin:2.10:check (checkstyle) @ olingo-odata2-jpa-processor ---
[INFO] 
[INFO] --- maven-install-plugin:2.3.1:install (default-install) @ olingo-odata2-jpa-processor ---
[INFO] Installing /home/srafi/after-cam-ready/compare_/compile_repair_output/work/dc1719f24a34/odata2-jpa-processor/pom.xml to /home/srafi/.m2/repository/org/apache/olingo/olingo-odata2-jpa-processor/2.0.10-SNAPSHOT/olingo-odata2-jpa-processor-2.0.10-SNAPSHOT.pom
[INFO] 
[INFO] ---------< org.apache.olingo:olingo-odata2-jpa-processor-api >----------
[INFO] Building olingo-odata2-jpa-processor-api 2.0.10-SNAPSHOT           [8/9]
[INFO] --------------------------------[ jar ]---------------------------------
[INFO] Downloading from oss.sonatype.org: https://oss.sonatype.org/content/groups/staging/org/eclipse/persistence/javax.persistence/2.0.5/javax.persistence-2.0.5.pom
[INFO] Downloading from central: https://repo.maven.apache.org/maven2/org/eclipse/persistence/javax.persistence/2.0.5/javax.persistence-2.0.5.pom
[INFO] Downloaded from central: https://repo.maven.apache.org/maven2/org/eclipse/persistence/javax.persistence/2.0.5/javax.persistence-2.0.5.pom (2.4 kB at 50 kB/s)
[INFO] Downloading from oss.sonatype.org: https://oss.sonatype.org/content/groups/staging/org/eclipse/persistence/javax.persistence/2.0.5/javax.persistence-2.0.5.jar
[INFO] Downloading from central: https://repo.maven.apache.org/maven2/org/eclipse/persistence/javax.persistence/2.0.5/javax.persistence-2.0.5.jar
[INFO] Downloaded from central: https://repo.maven.apache.org/maven2/org/eclipse/persistence/javax.persistence/2.0.5/javax.persistence-2.0.5.jar (138 kB at 2.9 MB/s)
[INFO] 
[INFO] --- maven-clean-plugin:2.5:clean (default-clean) @ olingo-odata2-jpa-processor-api ---
[INFO] 
[INFO] --- buildnumber-maven-plugin:1.2:create (default) @ olingo-odata2-jpa-processor-api ---
[INFO] 
[INFO] --- maven-remote-resources-plugin:1.5:process (default) @ olingo-odata2-jpa-processor-api ---
[INFO] 
[INFO] --- maven-resources-plugin:2.6:resources (default-resources) @ olingo-odata2-jpa-processor-api ---
[INFO] Using 'UTF-8' encoding to copy filtered resources.
[INFO] Copying 1 resource
[INFO] Copying 3 resources
[INFO] 
[INFO] --- maven-compiler-plugin:2.3.2:compile (default-compile) @ olingo-odata2-jpa-processor-api ---
[INFO] Compiling 70 source files to /home/srafi/after-cam-ready/compare_/compile_repair_output/work/dc1719f24a34/odata2-jpa-processor/jpa-api/target/classes
[INFO] 
[INFO] --- maven-bundle-plugin:2.3.7:manifest (bundle-manifest) @ olingo-odata2-jpa-processor-api ---
[INFO] 
[INFO] --- maven-resources-plugin:2.6:testResources (default-testResources) @ olingo-odata2-jpa-processor-api ---
[INFO] Using 'UTF-8' encoding to copy filtered resources.
[INFO] skip non existing resourceDirectory /home/srafi/after-cam-ready/compare_/compile_repair_output/work/dc1719f24a34/odata2-jpa-processor/jpa-api/src/test/resources
[INFO] Copying 3 resources
[INFO] 
[INFO] --- maven-compiler-plugin:2.3.2:testCompile (default-testCompile) @ olingo-odata2-jpa-processor-api ---
[INFO] No sources to compile
[INFO] 
[INFO] --- maven-surefire-plugin:3.0.0-M8-SNAPSHOT:test (default-test) @ olingo-odata2-jpa-processor-api ---
[INFO] Tests are skipped.
[INFO] 
[INFO] --- maven-jar-plugin:2.3.2:jar (default-jar) @ olingo-odata2-jpa-processor-api ---
[INFO] Building jar: /home/srafi/after-cam-ready/compare_/compile_repair_output/work/dc1719f24a34/odata2-jpa-processor/jpa-api/target/olingo-odata2-jpa-processor-api-2.0.10-SNAPSHOT.jar
[INFO] 
[INFO] --- maven-site-plugin:3.2:attach-descriptor (attach-descriptor) @ olingo-odata2-jpa-processor-api ---
[INFO] 
[INFO] --- maven-source-plugin:2.2.1:jar-no-fork (attach-sources) @ olingo-odata2-jpa-processor-api ---
[INFO] Building jar: /home/srafi/after-cam-ready/compare_/compile_repair_output/work/dc1719f24a34/odata2-jpa-processor/jpa-api/target/olingo-odata2-jpa-processor-api-2.0.10-SNAPSHOT-sources.jar
[INFO] 
[INFO] --- maven-checkstyle-plugin:2.10:check (checkstyle) @ olingo-odata2-jpa-processor-api ---
[INFO] 
[INFO] --- maven-install-plugin:2.3.1:install (default-install) @ olingo-odata2-jpa-processor-api ---
[INFO] Installing /home/srafi/after-cam-ready/compare_/compile_repair_output/work/dc1719f24a34/odata2-jpa-processor/jpa-api/target/olingo-odata2-jpa-processor-api-2.0.10-SNAPSHOT.jar to /home/srafi/.m2/repository/org/apache/olingo/olingo-odata2-jpa-processor-api/2.0.10-SNAPSHOT/olingo-odata2-jpa-processor-api-2.0.10-SNAPSHOT.jar
[INFO] Installing /home/srafi/after-cam-ready/compare_/compile_repair_output/work/dc1719f24a34/odata2-jpa-processor/jpa-api/pom.xml to /home/srafi/.m2/repository/org/apache/olingo/olingo-odata2-jpa-processor-api/2.0.10-SNAPSHOT/olingo-odata2-jpa-processor-api-2.0.10-SNAPSHOT.pom
[INFO] Installing /home/srafi/after-cam-ready/compare_/compile_repair_output/work/dc1719f24a34/odata2-jpa-processor/jpa-api/target/olingo-odata2-jpa-processor-api-2.0.10-SNAPSHOT-sources.jar to /home/srafi/.m2/repository/org/apache/olingo/olingo-odata2-jpa-processor-api/2.0.10-SNAPSHOT/olingo-odata2-jpa-processor-api-2.0.10-SNAPSHOT-sources.jar
[INFO] 
[INFO] ---------< org.apache.olingo:olingo-odata2-jpa-processor-core >---------
[INFO] Building olingo-odata2-jpa-processor-core 2.0.10-SNAPSHOT          [9/9]
[INFO] --------------------------------[ jar ]---------------------------------
[INFO] Downloading from oss.sonatype.org: https://oss.sonatype.org/content/groups/staging/junit/junit/4.9/junit-4.9.pom
[INFO] Downloading from central: https://repo.maven.apache.org/maven2/junit/junit/4.9/junit-4.9.pom
[INFO] Downloaded from central: https://repo.maven.apache.org/maven2/junit/junit/4.9/junit-4.9.pom (2.3 kB at 57 kB/s)
[INFO] Downloading from oss.sonatype.org: https://oss.sonatype.org/content/groups/staging/junit/junit/4.9/junit-4.9.jar
[INFO] Downloading from central: https://repo.maven.apache.org/maven2/junit/junit/4.9/junit-4.9.jar
[INFO] Downloaded from central: https://repo.maven.apache.org/maven2/junit/junit/4.9/junit-4.9.jar (249 kB at 6.2 MB/s)
[INFO] 
[INFO] --- maven-clean-plugin:2.5:clean (default-clean) @ olingo-odata2-jpa-processor-core ---
[INFO] 
[INFO] --- buildnumber-maven-plugin:1.2:create (default) @ olingo-odata2-jpa-processor-core ---
[INFO] 
[INFO] --- maven-remote-resources-plugin:1.5:process (default) @ olingo-odata2-jpa-processor-core ---
[INFO] 
[INFO] --- maven-resources-plugin:2.6:resources (default-resources) @ olingo-odata2-jpa-processor-core ---
[INFO] Using 'UTF-8' encoding to copy filtered resources.
[INFO] Copying 1 resource
[INFO] Copying 3 resources
[INFO] 
[INFO] --- maven-compiler-plugin:2.3.2:compile (default-compile) @ olingo-odata2-jpa-processor-core ---
[INFO] Compiling 47 source files to /home/srafi/after-cam-ready/compare_/compile_repair_output/work/dc1719f24a34/odata2-jpa-processor/jpa-core/target/classes
[INFO] 
[INFO] --- maven-bundle-plugin:2.3.7:manifest (bundle-manifest) @ olingo-odata2-jpa-processor-core ---
[INFO] 
[INFO] --- maven-resources-plugin:2.6:testResources (default-testResources) @ olingo-odata2-jpa-processor-core ---
[INFO] Using 'UTF-8' encoding to copy filtered resources.
[INFO] Copying 3 resources
[INFO] Copying 3 resources
[INFO] 
[INFO] --- maven-compiler-plugin:2.3.2:testCompile (default-testCompile) @ olingo-odata2-jpa-processor-core ---
[INFO] Compiling 80 source files to /home/srafi/after-cam-ready/compare_/compile_repair_output/work/dc1719f24a34/odata2-jpa-processor/jpa-core/target/test-classes
[INFO] 
[INFO] --- maven-surefire-plugin:3.0.0-M8-SNAPSHOT:test (default-test) @ olingo-odata2-jpa-processor-core ---
[INFO] Tests are skipped.
[INFO] 
[INFO] --- maven-jar-plugin:2.3.2:jar (default-jar) @ olingo-odata2-jpa-processor-core ---
[INFO] Building jar: /home/srafi/after-cam-ready/compare_/compile_repair_output/work/dc1719f24a34/odata2-jpa-processor/jpa-core/target/olingo-odata2-jpa-processor-core-2.0.10-SNAPSHOT.jar
[INFO] 
[INFO] --- maven-site-plugin:3.2:attach-descriptor (attach-descriptor) @ olingo-odata2-jpa-processor-core ---
[INFO] 
[INFO] --- maven-source-plugin:2.2.1:jar-no-fork (attach-sources) @ olingo-odata2-jpa-processor-core ---
[INFO] Building jar: /home/srafi/after-cam-ready/compare_/compile_repair_output/work/dc1719f24a34/odata2-jpa-processor/jpa-core/target/olingo-odata2-jpa-processor-core-2.0.10-SNAPSHOT-sources.jar
[INFO] 
[INFO] --- maven-checkstyle-plugin:2.10:check (checkstyle) @ olingo-odata2-jpa-processor-core ---
[INFO] 
[INFO] --- maven-install-plugin:2.3.1:install (default-install) @ olingo-odata2-jpa-processor-core ---
[INFO] Installing /home/srafi/after-cam-ready/compare_/compile_repair_output/work/dc1719f24a34/odata2-jpa-processor/jpa-core/target/olingo-odata2-jpa-processor-core-2.0.10-SNAPSHOT.jar to /home/srafi/.m2/repository/org/apache/olingo/olingo-odata2-jpa-processor-core/2.0.10-SNAPSHOT/olingo-odata2-jpa-processor-core-2.0.10-SNAPSHOT.jar
[INFO] Installing /home/srafi/after-cam-ready/compare_/compile_repair_output/work/dc1719f24a34/odata2-jpa-processor/jpa-core/pom.xml to /home/srafi/.m2/repository/org/apache/olingo/olingo-odata2-jpa-processor-core/2.0.10-SNAPSHOT/olingo-odata2-jpa-processor-core-2.0.10-SNAPSHOT.pom
[INFO] Installing /home/srafi/after-cam-ready/compare_/compile_repair_output/work/dc1719f24a34/odata2-jpa-processor/jpa-core/target/olingo-odata2-jpa-processor-core-2.0.10-SNAPSHOT-sources.jar to /home/srafi/.m2/repository/org/apache/olingo/olingo-odata2-jpa-processor-core/2.0.10-SNAPSHOT/olingo-odata2-jpa-processor-core-2.0.10-SNAPSHOT-sources.jar
[INFO] ------------------------------------------------------------------------
[INFO] Reactor Summary for olingo-odata2-parent 2.0.10-SNAPSHOT:
[INFO] 
[INFO] olingo-odata2-parent ............................... SUCCESS [  2.810 s]
[INFO] olingo-odata2-lib .................................. SUCCESS [  0.013 s]
[INFO] olingo-odata2-api .................................. SUCCESS [  3.971 s]
[INFO] olingo-odata2-api-annotation ....................... SUCCESS [  0.266 s]
[INFO] olingo-odata2-testutil ............................. SUCCESS [  2.859 s]
[INFO] olingo-odata2-core ................................. SUCCESS [  3.097 s]
[INFO] olingo-odata2-jpa-processor ........................ SUCCESS [  0.009 s]
[INFO] olingo-odata2-jpa-processor-api .................... SUCCESS [  0.614 s]
[INFO] olingo-odata2-jpa-processor-core ................... SUCCESS [  1.896 s]
[INFO] ------------------------------------------------------------------------
[INFO] BUILD SUCCESS
[INFO] ------------------------------------------------------------------------
[INFO] Total time:  15.886 s
[INFO] Finished at: 2026-08-15T15:54:00-04:00
[INFO] ------------------------------------------------------------------------
