JAVA_HOME=/usr/lib/jvm/java-8-openjdk-amd64
COMMAND=mvn -B clean install -DskipTests -U -pl tests/e2e/non-deployable -am -Ddependency-check.skip=true -Dgpg.skip=true -DfailIfNoTests=false -Dskip.installnodenpm=true -Dskip.npm=true -Dskip.yarn=true -Dlicense.skip=true -Dcheckstyle.skip=true -Drat.skip=true -Denforcer.skip=true -Danimal.sniffer.skip=true -Dmaven.javadoc.skip=true -Dfindbugs.skip=true -Dspotbugs.skip=true -Dwarbucks.skip=true -Dmodernizer.skip=true -Dimpsort.skip=true -Dmdep.analyze.skip=true -Dpgpverify.skip=true -Dxml.skip=true -Dcobertura.skip=true

[INFO] Scanning for projects...
[INFO] ------------------------------------------------------------------------
[INFO] Reactor Build Order:
[INFO] 
[INFO] tyrus                                                              [pom]
[INFO] Tyrus Container SPI                                             [bundle]
[INFO] Tyrus Core                                                      [bundle]
[INFO] Tyrus Client                                                    [bundle]
[INFO] Tyrus Container Modules                                            [pom]
[INFO] Tyrus Grizzly Client Container                                  [bundle]
[INFO] Tyrus Server                                                    [bundle]
[INFO] Tyrus Grizzly Server Container                                  [bundle]
[INFO] Tyrus InMemory Container                                        [bundle]
[INFO] Tyrus Servlet Bundle                                            [bundle]
[INFO] Tyrus Tests                                                        [pom]
[INFO] Tyrus Test Tools                                                [bundle]
[INFO] Tyrus JDK Client Container                                      [bundle]
[INFO] Tyrus End-to-End Tests                                             [pom]
[INFO] Tyrus End-to-End Non-deployable Tests                              [war]
[INFO] 
[INFO] -----------------< org.glassfish.tyrus:tyrus-project >------------------
[INFO] Building tyrus 2.0-SNAPSHOT                                       [1/15]
[INFO] --------------------------------[ pom ]---------------------------------
[INFO] 
[INFO] --- maven-clean-plugin:2.5:clean (default-clean) @ tyrus-project ---
[INFO] 
[INFO] --- maven-checkstyle-plugin:2.15:check (default) @ tyrus-project ---
[INFO] Downloading from central: https://repo.maven.apache.org/maven2/com/puppycrawl/tools/checkstyle/6.8.1/checkstyle-6.8.1.pom
[INFO] Downloaded from central: https://repo.maven.apache.org/maven2/com/puppycrawl/tools/checkstyle/6.8.1/checkstyle-6.8.1.pom (61 kB at 234 kB/s)
[INFO] Downloading from central: https://repo.maven.apache.org/maven2/com/puppycrawl/tools/checkstyle/6.8.1/checkstyle-6.8.1.jar
[INFO] Downloaded from central: https://repo.maven.apache.org/maven2/com/puppycrawl/tools/checkstyle/6.8.1/checkstyle-6.8.1.jar (1.0 MB at 12 MB/s)
[INFO] 
[INFO] --- maven-source-plugin:2.2.1:jar-no-fork (attach-sources) @ tyrus-project ---
[INFO] 
[INFO] --- maven-install-plugin:2.4:install (default-install) @ tyrus-project ---
[INFO] Installing /home/srafi/after-cam-ready/compare_/compile_repair_output/work/0f0b958b9c64/pom.xml to /home/srafi/.m2/repository/org/glassfish/tyrus/tyrus-project/2.0-SNAPSHOT/tyrus-project-2.0-SNAPSHOT.pom
[INFO] 
[INFO] -------------------< org.glassfish.tyrus:tyrus-spi >--------------------
[INFO] Building Tyrus Container SPI 2.0-SNAPSHOT                         [2/15]
[INFO] -------------------------------[ bundle ]-------------------------------
[INFO] Downloading from central: https://repo.maven.apache.org/maven2/org/apache/maven/plugins/maven-resources-plugin/maven-metadata.xml
[INFO] Downloaded from central: https://repo.maven.apache.org/maven2/org/apache/maven/plugins/maven-resources-plugin/maven-metadata.xml (1.1 kB at 30 kB/s)
[INFO] Downloading from central: https://repo.maven.apache.org/maven2/org/apache/maven/plugins/maven-install-plugin/maven-metadata.xml
[INFO] Downloaded from central: https://repo.maven.apache.org/maven2/org/apache/maven/plugins/maven-install-plugin/maven-metadata.xml (964 B at 33 kB/s)
[INFO] 
[INFO] --- maven-clean-plugin:2.5:clean (default-clean) @ tyrus-spi ---
[INFO] 
[INFO] --- maven-checkstyle-plugin:2.15:check (default) @ tyrus-spi ---
[INFO] 
[INFO] --- maven-resources-plugin:3.5.0:resources (default-resources) @ tyrus-spi ---
[INFO] skip non existing resourceDirectory /home/srafi/after-cam-ready/compare_/compile_repair_output/work/0f0b958b9c64/spi/src/main/resources
[INFO] 
[INFO] --- maven-compiler-plugin:3.1:compile (default-compile) @ tyrus-spi ---
[INFO] Changes detected - recompiling the module!
[INFO] Compiling 12 source files to /home/srafi/after-cam-ready/compare_/compile_repair_output/work/0f0b958b9c64/spi/target/classes
[INFO] 
[INFO] --- maven-resources-plugin:3.5.0:testResources (default-testResources) @ tyrus-spi ---
[INFO] skip non existing resourceDirectory /home/srafi/after-cam-ready/compare_/compile_repair_output/work/0f0b958b9c64/spi/src/test/resources
[INFO] 
[INFO] --- maven-compiler-plugin:3.1:testCompile (default-testCompile) @ tyrus-spi ---
[INFO] No sources to compile
[INFO] 
[INFO] --- maven-surefire-plugin:3.0.0-M8-SNAPSHOT:test (default-test) @ tyrus-spi ---
[INFO] Downloading from apache.snapshots: https://repository.apache.org/snapshots/org/apache/maven/surefire/maven-surefire-common/3.0.0-M8-SNAPSHOT/maven-metadata.xml
[INFO] Downloading from apache.snapshots: https://repository.apache.org/snapshots/org/apache/maven/surefire/surefire-api/3.0.0-M8-SNAPSHOT/maven-metadata.xml
[INFO] Downloading from apache.snapshots: https://repository.apache.org/snapshots/org/apache/maven/surefire/surefire-logger-api/3.0.0-M8-SNAPSHOT/maven-metadata.xml
[INFO] Downloading from apache.snapshots: https://repository.apache.org/snapshots/org/apache/maven/surefire/surefire-shared-utils/3.0.0-M8-SNAPSHOT/maven-metadata.xml
[INFO] Downloading from apache.snapshots: https://repository.apache.org/snapshots/org/apache/maven/surefire/surefire-extensions-api/3.0.0-M8-SNAPSHOT/maven-metadata.xml
[INFO] Downloading from apache.snapshots: https://repository.apache.org/snapshots/org/apache/maven/surefire/surefire-booter/3.0.0-M8-SNAPSHOT/maven-metadata.xml
[INFO] Downloading from apache.snapshots: https://repository.apache.org/snapshots/org/apache/maven/surefire/surefire-extensions-spi/3.0.0-M8-SNAPSHOT/maven-metadata.xml
[INFO] Tests are skipped.
[INFO] 
[INFO] --- maven-bundle-plugin:2.4.0:bundle (default-bundle) @ tyrus-spi ---
[INFO] 
[INFO] --- maven-source-plugin:2.2.1:jar-no-fork (attach-sources) @ tyrus-spi ---
[INFO] Building jar: /home/srafi/after-cam-ready/compare_/compile_repair_output/work/0f0b958b9c64/spi/target/tyrus-spi-2.0-SNAPSHOT-sources.jar
[INFO] 
[INFO] --- maven-install-plugin:3.1.4:install (default-install) @ tyrus-spi ---
[INFO] Installing /home/srafi/after-cam-ready/compare_/compile_repair_output/work/0f0b958b9c64/spi/pom.xml to /home/srafi/.m2/repository/org/glassfish/tyrus/tyrus-spi/2.0-SNAPSHOT/tyrus-spi-2.0-SNAPSHOT.pom
[INFO] Installing /home/srafi/after-cam-ready/compare_/compile_repair_output/work/0f0b958b9c64/spi/target/tyrus-spi-2.0-SNAPSHOT.jar to /home/srafi/.m2/repository/org/glassfish/tyrus/tyrus-spi/2.0-SNAPSHOT/tyrus-spi-2.0-SNAPSHOT.jar
[INFO] Installing /home/srafi/after-cam-ready/compare_/compile_repair_output/work/0f0b958b9c64/spi/target/tyrus-spi-2.0-SNAPSHOT-sources.jar to /home/srafi/.m2/repository/org/glassfish/tyrus/tyrus-spi/2.0-SNAPSHOT/tyrus-spi-2.0-SNAPSHOT-sources.jar
[INFO] 
[INFO] --- maven-bundle-plugin:2.4.0:install (default-install) @ tyrus-spi ---
[INFO] Installing org/glassfish/tyrus/tyrus-spi/2.0-SNAPSHOT/tyrus-spi-2.0-SNAPSHOT.jar
[INFO] Writing OBR metadata
[INFO] 
[INFO] -------------------< org.glassfish.tyrus:tyrus-core >-------------------
[INFO] Building Tyrus Core 2.0-SNAPSHOT                                  [3/15]
[INFO] -------------------------------[ bundle ]-------------------------------
[INFO] 
[INFO] --- maven-clean-plugin:2.5:clean (default-clean) @ tyrus-core ---
[INFO] 
[INFO] --- maven-checkstyle-plugin:2.15:check (default) @ tyrus-core ---
[INFO] 
[INFO] --- build-helper-maven-plugin:1.8:parse-version (parse-version) @ tyrus-core ---
[INFO] 
[INFO] --- maven-istack-commons-plugin:2.6.1:rs-gen (default) @ tyrus-core ---
Resources:
org/glassfish/tyrus/core/l10n/localization.properties
Processing /home/srafi/after-cam-ready/compare_/compile_repair_output/work/0f0b958b9c64/core/src/main/resources/org/glassfish/tyrus/core/l10n/localization.properties
org/glassfish/tyrus/core/l10n/LocalizationMessages.java
[INFO] 
[INFO] --- build-helper-maven-plugin:1.8:add-source (default) @ tyrus-core ---
[INFO] Source directory: /home/srafi/after-cam-ready/compare_/compile_repair_output/work/0f0b958b9c64/core/target/generated-sources/rsrc-gen added.
[INFO] 
[INFO] --- maven-jaxb-plugin:1.1.1:generate (default) @ tyrus-core ---
[INFO] Downloading from central: https://repo.maven.apache.org/maven2/com/sun/xml/bind/jaxb-impl/2.1.12/jaxb-impl-2.1.12.pom
[INFO] Downloaded from central: https://repo.maven.apache.org/maven2/com/sun/xml/bind/jaxb-impl/2.1.12/jaxb-impl-2.1.12.pom (340 B at 8.7 kB/s)
[INFO] Downloading from central: https://repo.maven.apache.org/maven2/com/sun/xml/bind/jaxb-xjc/2.1.12/jaxb-xjc-2.1.12.pom
[INFO] Downloaded from central: https://repo.maven.apache.org/maven2/com/sun/xml/bind/jaxb-xjc/2.1.12/jaxb-xjc-2.1.12.pom (345 B at 10 kB/s)
[INFO] Downloading from central: https://repo.maven.apache.org/maven2/com/sun/xml/bind/jaxb-impl/2.1.12/jaxb-impl-2.1.12.jar
[INFO] Downloading from central: https://repo.maven.apache.org/maven2/com/sun/xml/bind/jaxb-xjc/2.1.12/jaxb-xjc-2.1.12.jar
[INFO] Downloaded from central: https://repo.maven.apache.org/maven2/com/sun/xml/bind/jaxb-impl/2.1.12/jaxb-impl-2.1.12.jar (868 kB at 17 MB/s)
[INFO] Downloaded from central: https://repo.maven.apache.org/maven2/com/sun/xml/bind/jaxb-xjc/2.1.12/jaxb-xjc-2.1.12.jar (3.1 MB at 28 MB/s)
[INFO] /home/srafi/after-cam-ready/compare_/compile_repair_output/work/0f0b958b9c64/core/target/generated-sources/xjc/org/glassfish/tyrus/core/wsadl/model is not found and thus excluded from the dependency check
[INFO] Compiling file:/home/srafi/after-cam-ready/compare_/compile_repair_output/work/0f0b958b9c64/core/etc/wsadl.xsd
[INFO] Writing output to /home/srafi/after-cam-ready/compare_/compile_repair_output/work/0f0b958b9c64/core/target/generated-sources/xjc
[INFO] 
[INFO] --- maven-resources-plugin:3.5.0:resources (default-resources) @ tyrus-core ---
[INFO] Copying 2 resources from src/main/resources to target/classes
[INFO] The encoding used to copy filtered properties files has not been set. This means that the same encoding will be used to copy filtered properties files as when copying other filtered resources. This might not be what you want! Run your build with --debug to see which files might be affected. Read more at https://maven.apache.org/plugins/maven-resources-plugin/examples/filtering-properties-files.html
[INFO] 
[INFO] --- maven-compiler-plugin:3.1:compile (default-compile) @ tyrus-core ---
[INFO] Changes detected - recompiling the module!
[INFO] Compiling 112 source files to /home/srafi/after-cam-ready/compare_/compile_repair_output/work/0f0b958b9c64/core/target/classes
[WARNING] /home/srafi/after-cam-ready/compare_/compile_repair_output/work/0f0b958b9c64/core/src/main/java/org/glassfish/tyrus/core/uri/internal/AbstractMultivaluedMap.java: Some input files use unchecked or unsafe operations.
[WARNING] /home/srafi/after-cam-ready/compare_/compile_repair_output/work/0f0b958b9c64/core/src/main/java/org/glassfish/tyrus/core/uri/internal/AbstractMultivaluedMap.java: Recompile with -Xlint:unchecked for details.
[INFO] 
[INFO] --- maven-resources-plugin:3.5.0:testResources (default-testResources) @ tyrus-core ---
[INFO] skip non existing resourceDirectory /home/srafi/after-cam-ready/compare_/compile_repair_output/work/0f0b958b9c64/core/src/test/resources
[INFO] 
[INFO] --- maven-compiler-plugin:3.1:testCompile (default-testCompile) @ tyrus-core ---
[INFO] Changes detected - recompiling the module!
[INFO] Compiling 10 source files to /home/srafi/after-cam-ready/compare_/compile_repair_output/work/0f0b958b9c64/core/target/test-classes
[INFO] 
[INFO] --- maven-surefire-plugin:3.0.0-M8-SNAPSHOT:test (default-test) @ tyrus-core ---
[INFO] Tests are skipped.
[INFO] 
[INFO] --- maven-bundle-plugin:2.4.0:bundle (default-bundle) @ tyrus-core ---
[WARNING] Bundle org.glassfish.tyrus:tyrus-core:bundle:2.0-SNAPSHOT : Unused Export-Package instructions: [org.glassfish.tyrus.core.coder.*, org.glassfish.tyrus.core.extension.*, org.glassfish.tyrus.core.cluster.*, org.glassfish.tyrus.core.wsadl.model.*, org.glassfish.tyrus.core.frame.*] 
[INFO] 
[INFO] --- maven-source-plugin:2.2.1:jar-no-fork (attach-sources) @ tyrus-core ---
[INFO] Building jar: /home/srafi/after-cam-ready/compare_/compile_repair_output/work/0f0b958b9c64/core/target/tyrus-core-2.0-SNAPSHOT-sources.jar
[INFO] 
[INFO] --- maven-install-plugin:3.1.4:install (default-install) @ tyrus-core ---
[INFO] Installing /home/srafi/after-cam-ready/compare_/compile_repair_output/work/0f0b958b9c64/core/pom.xml to /home/srafi/.m2/repository/org/glassfish/tyrus/tyrus-core/2.0-SNAPSHOT/tyrus-core-2.0-SNAPSHOT.pom
[INFO] Installing /home/srafi/after-cam-ready/compare_/compile_repair_output/work/0f0b958b9c64/core/target/tyrus-core-2.0-SNAPSHOT.jar to /home/srafi/.m2/repository/org/glassfish/tyrus/tyrus-core/2.0-SNAPSHOT/tyrus-core-2.0-SNAPSHOT.jar
[INFO] Installing /home/srafi/after-cam-ready/compare_/compile_repair_output/work/0f0b958b9c64/core/target/tyrus-core-2.0-SNAPSHOT-sources.jar to /home/srafi/.m2/repository/org/glassfish/tyrus/tyrus-core/2.0-SNAPSHOT/tyrus-core-2.0-SNAPSHOT-sources.jar
[INFO] 
[INFO] --- maven-bundle-plugin:2.4.0:install (default-install) @ tyrus-core ---
[INFO] Installing org/glassfish/tyrus/tyrus-core/2.0-SNAPSHOT/tyrus-core-2.0-SNAPSHOT.jar
[INFO] Writing OBR metadata
[INFO] 
[INFO] ------------------< org.glassfish.tyrus:tyrus-client >------------------
[INFO] Building Tyrus Client 2.0-SNAPSHOT                                [4/15]
[INFO] -------------------------------[ bundle ]-------------------------------
[INFO] 
[INFO] --- maven-clean-plugin:2.5:clean (default-clean) @ tyrus-client ---
[INFO] 
[INFO] --- maven-checkstyle-plugin:2.15:check (default) @ tyrus-client ---
[INFO] 
[INFO] --- maven-resources-plugin:3.5.0:resources (default-resources) @ tyrus-client ---
[INFO] skip non existing resourceDirectory /home/srafi/after-cam-ready/compare_/compile_repair_output/work/0f0b958b9c64/client/src/main/resources
[INFO] 
[INFO] --- maven-compiler-plugin:3.1:compile (default-compile) @ tyrus-client ---
[INFO] Changes detected - recompiling the module!
[INFO] Compiling 15 source files to /home/srafi/after-cam-ready/compare_/compile_repair_output/work/0f0b958b9c64/client/target/classes
[WARNING] /home/srafi/after-cam-ready/compare_/compile_repair_output/work/0f0b958b9c64/client/src/main/java/org/glassfish/tyrus/client/ClientManager.java: /home/srafi/after-cam-ready/compare_/compile_repair_output/work/0f0b958b9c64/client/src/main/java/org/glassfish/tyrus/client/ClientManager.java uses unchecked or unsafe operations.
[WARNING] /home/srafi/after-cam-ready/compare_/compile_repair_output/work/0f0b958b9c64/client/src/main/java/org/glassfish/tyrus/client/ClientManager.java: Recompile with -Xlint:unchecked for details.
[INFO] 
[INFO] --- maven-resources-plugin:3.5.0:testResources (default-testResources) @ tyrus-client ---
[INFO] skip non existing resourceDirectory /home/srafi/after-cam-ready/compare_/compile_repair_output/work/0f0b958b9c64/client/src/test/resources
[INFO] 
[INFO] --- maven-compiler-plugin:3.1:testCompile (default-testCompile) @ tyrus-client ---
[INFO] Changes detected - recompiling the module!
[INFO] Compiling 4 source files to /home/srafi/after-cam-ready/compare_/compile_repair_output/work/0f0b958b9c64/client/target/test-classes
[INFO] 
[INFO] --- maven-surefire-plugin:3.0.0-M8-SNAPSHOT:test (default-test) @ tyrus-client ---
[INFO] Tests are skipped.
[INFO] 
[INFO] --- maven-bundle-plugin:2.4.0:bundle (default-bundle) @ tyrus-client ---
[INFO] 
[INFO] --- maven-source-plugin:2.2.1:jar-no-fork (attach-sources) @ tyrus-client ---
[INFO] Building jar: /home/srafi/after-cam-ready/compare_/compile_repair_output/work/0f0b958b9c64/client/target/tyrus-client-2.0-SNAPSHOT-sources.jar
[INFO] 
[INFO] --- maven-install-plugin:3.1.4:install (default-install) @ tyrus-client ---
[INFO] Installing /home/srafi/after-cam-ready/compare_/compile_repair_output/work/0f0b958b9c64/client/pom.xml to /home/srafi/.m2/repository/org/glassfish/tyrus/tyrus-client/2.0-SNAPSHOT/tyrus-client-2.0-SNAPSHOT.pom
[INFO] Installing /home/srafi/after-cam-ready/compare_/compile_repair_output/work/0f0b958b9c64/client/target/tyrus-client-2.0-SNAPSHOT.jar to /home/srafi/.m2/repository/org/glassfish/tyrus/tyrus-client/2.0-SNAPSHOT/tyrus-client-2.0-SNAPSHOT.jar
[INFO] Installing /home/srafi/after-cam-ready/compare_/compile_repair_output/work/0f0b958b9c64/client/target/tyrus-client-2.0-SNAPSHOT-sources.jar to /home/srafi/.m2/repository/org/glassfish/tyrus/tyrus-client/2.0-SNAPSHOT/tyrus-client-2.0-SNAPSHOT-sources.jar
[INFO] 
[INFO] --- maven-bundle-plugin:2.4.0:install (default-install) @ tyrus-client ---
[INFO] Installing org/glassfish/tyrus/tyrus-client/2.0-SNAPSHOT/tyrus-client-2.0-SNAPSHOT.jar
[INFO] Writing OBR metadata
[INFO] 
[INFO] ------------< org.glassfish.tyrus:tyrus-containers-project >------------
[INFO] Building Tyrus Container Modules 2.0-SNAPSHOT                     [5/15]
[INFO] --------------------------------[ pom ]---------------------------------
[INFO] 
[INFO] --- maven-clean-plugin:2.5:clean (default-clean) @ tyrus-containers-project ---
[INFO] 
[INFO] --- maven-checkstyle-plugin:2.15:check (default) @ tyrus-containers-project ---
[INFO] 
[INFO] --- maven-source-plugin:2.2.1:jar-no-fork (attach-sources) @ tyrus-containers-project ---
[INFO] 
[INFO] --- maven-install-plugin:2.4:install (default-install) @ tyrus-containers-project ---
[INFO] Installing /home/srafi/after-cam-ready/compare_/compile_repair_output/work/0f0b958b9c64/containers/pom.xml to /home/srafi/.m2/repository/org/glassfish/tyrus/tyrus-containers-project/2.0-SNAPSHOT/tyrus-containers-project-2.0-SNAPSHOT.pom
[INFO] 
[INFO] ---------< org.glassfish.tyrus:tyrus-container-grizzly-client >---------
[INFO] Building Tyrus Grizzly Client Container 2.0-SNAPSHOT              [6/15]
[INFO] -------------------------------[ bundle ]-------------------------------
[INFO] 
[INFO] --- maven-clean-plugin:2.5:clean (default-clean) @ tyrus-container-grizzly-client ---
[INFO] 
[INFO] --- maven-checkstyle-plugin:2.15:check (default) @ tyrus-container-grizzly-client ---
[INFO] 
[INFO] --- maven-resources-plugin:3.5.0:resources (default-resources) @ tyrus-container-grizzly-client ---
[INFO] Copying 1 resource from src/main/resources to target/classes
[INFO] 
[INFO] --- maven-compiler-plugin:3.1:compile (default-compile) @ tyrus-container-grizzly-client ---
[INFO] Changes detected - recompiling the module!
[INFO] Compiling 10 source files to /home/srafi/after-cam-ready/compare_/compile_repair_output/work/0f0b958b9c64/containers/grizzly-client/target/classes
[WARNING] /home/srafi/after-cam-ready/compare_/compile_repair_output/work/0f0b958b9c64/containers/grizzly-client/src/main/java/org/glassfish/tyrus/container/grizzly/client/GrizzlyClientSocket.java: Some input files use unchecked or unsafe operations.
[WARNING] /home/srafi/after-cam-ready/compare_/compile_repair_output/work/0f0b958b9c64/containers/grizzly-client/src/main/java/org/glassfish/tyrus/container/grizzly/client/GrizzlyClientSocket.java: Recompile with -Xlint:unchecked for details.
[INFO] 
[INFO] --- maven-resources-plugin:3.5.0:testResources (default-testResources) @ tyrus-container-grizzly-client ---
[INFO] skip non existing resourceDirectory /home/srafi/after-cam-ready/compare_/compile_repair_output/work/0f0b958b9c64/containers/grizzly-client/src/test/resources
[INFO] 
[INFO] --- maven-compiler-plugin:3.1:testCompile (default-testCompile) @ tyrus-container-grizzly-client ---
[INFO] No sources to compile
[INFO] 
[INFO] --- maven-surefire-plugin:3.0.0-M8-SNAPSHOT:test (default-test) @ tyrus-container-grizzly-client ---
[INFO] Tests are skipped.
[INFO] 
[INFO] --- maven-bundle-plugin:2.4.0:bundle (default-bundle) @ tyrus-container-grizzly-client ---
[INFO] 
[INFO] --- maven-source-plugin:2.2.1:jar-no-fork (attach-sources) @ tyrus-container-grizzly-client ---
[INFO] Building jar: /home/srafi/after-cam-ready/compare_/compile_repair_output/work/0f0b958b9c64/containers/grizzly-client/target/tyrus-container-grizzly-client-2.0-SNAPSHOT-sources.jar
[INFO] 
[INFO] --- maven-install-plugin:3.1.4:install (default-install) @ tyrus-container-grizzly-client ---
[INFO] Installing /home/srafi/after-cam-ready/compare_/compile_repair_output/work/0f0b958b9c64/containers/grizzly-client/pom.xml to /home/srafi/.m2/repository/org/glassfish/tyrus/tyrus-container-grizzly-client/2.0-SNAPSHOT/tyrus-container-grizzly-client-2.0-SNAPSHOT.pom
[INFO] Installing /home/srafi/after-cam-ready/compare_/compile_repair_output/work/0f0b958b9c64/containers/grizzly-client/target/tyrus-container-grizzly-client-2.0-SNAPSHOT.jar to /home/srafi/.m2/repository/org/glassfish/tyrus/tyrus-container-grizzly-client/2.0-SNAPSHOT/tyrus-container-grizzly-client-2.0-SNAPSHOT.jar
[INFO] Installing /home/srafi/after-cam-ready/compare_/compile_repair_output/work/0f0b958b9c64/containers/grizzly-client/target/tyrus-container-grizzly-client-2.0-SNAPSHOT-sources.jar to /home/srafi/.m2/repository/org/glassfish/tyrus/tyrus-container-grizzly-client/2.0-SNAPSHOT/tyrus-container-grizzly-client-2.0-SNAPSHOT-sources.jar
[INFO] 
[INFO] --- maven-bundle-plugin:2.4.0:install (default-install) @ tyrus-container-grizzly-client ---
[INFO] Installing org/glassfish/tyrus/tyrus-container-grizzly-client/2.0-SNAPSHOT/tyrus-container-grizzly-client-2.0-SNAPSHOT.jar
[INFO] Writing OBR metadata
[INFO] 
[INFO] ------------------< org.glassfish.tyrus:tyrus-server >------------------
[INFO] Building Tyrus Server 2.0-SNAPSHOT                                [7/15]
[INFO] -------------------------------[ bundle ]-------------------------------
[INFO] 
[INFO] --- maven-clean-plugin:2.5:clean (default-clean) @ tyrus-server ---
[INFO] 
[INFO] --- maven-checkstyle-plugin:2.15:check (default) @ tyrus-server ---
[INFO] 
[INFO] --- build-helper-maven-plugin:1.8:parse-version (parse-version) @ tyrus-server ---
[INFO] 
[INFO] --- maven-istack-commons-plugin:2.6.1:rs-gen (default) @ tyrus-server ---
Resources:
[INFO] 
[INFO] --- build-helper-maven-plugin:1.8:add-source (default) @ tyrus-server ---
[INFO] Source directory: /home/srafi/after-cam-ready/compare_/compile_repair_output/work/0f0b958b9c64/server/target/generated-sources/rsrc-gen added.
[INFO] 
[INFO] --- maven-resources-plugin:3.5.0:resources (default-resources) @ tyrus-server ---
[INFO] skip non existing resourceDirectory /home/srafi/after-cam-ready/compare_/compile_repair_output/work/0f0b958b9c64/server/src/main/resources
[INFO] 
[INFO] --- maven-compiler-plugin:3.1:compile (default-compile) @ tyrus-server ---
[INFO] Changes detected - recompiling the module!
[INFO] Compiling 4 source files to /home/srafi/after-cam-ready/compare_/compile_repair_output/work/0f0b958b9c64/server/target/classes
[WARNING] /home/srafi/after-cam-ready/compare_/compile_repair_output/work/0f0b958b9c64/server/src/main/java/org/glassfish/tyrus/server/TyrusServerConfiguration.java: /home/srafi/after-cam-ready/compare_/compile_repair_output/work/0f0b958b9c64/server/src/main/java/org/glassfish/tyrus/server/TyrusServerConfiguration.java uses unchecked or unsafe operations.
[WARNING] /home/srafi/after-cam-ready/compare_/compile_repair_output/work/0f0b958b9c64/server/src/main/java/org/glassfish/tyrus/server/TyrusServerConfiguration.java: Recompile with -Xlint:unchecked for details.
[INFO] 
[INFO] --- maven-resources-plugin:3.5.0:testResources (default-testResources) @ tyrus-server ---
[INFO] skip non existing resourceDirectory /home/srafi/after-cam-ready/compare_/compile_repair_output/work/0f0b958b9c64/server/src/test/resources
[INFO] 
[INFO] --- maven-compiler-plugin:3.1:testCompile (default-testCompile) @ tyrus-server ---
[INFO] Changes detected - recompiling the module!
[INFO] Compiling 2 source files to /home/srafi/after-cam-ready/compare_/compile_repair_output/work/0f0b958b9c64/server/target/test-classes
[INFO] 
[INFO] --- maven-surefire-plugin:3.0.0-M8-SNAPSHOT:test (default-test) @ tyrus-server ---
[INFO] Tests are skipped.
[INFO] 
[INFO] --- maven-bundle-plugin:2.4.0:bundle (default-bundle) @ tyrus-server ---
[INFO] 
[INFO] --- maven-source-plugin:2.2.1:jar-no-fork (attach-sources) @ tyrus-server ---
[INFO] Building jar: /home/srafi/after-cam-ready/compare_/compile_repair_output/work/0f0b958b9c64/server/target/tyrus-server-2.0-SNAPSHOT-sources.jar
[INFO] 
[INFO] --- maven-install-plugin:3.1.4:install (default-install) @ tyrus-server ---
[INFO] Installing /home/srafi/after-cam-ready/compare_/compile_repair_output/work/0f0b958b9c64/server/pom.xml to /home/srafi/.m2/repository/org/glassfish/tyrus/tyrus-server/2.0-SNAPSHOT/tyrus-server-2.0-SNAPSHOT.pom
[INFO] Installing /home/srafi/after-cam-ready/compare_/compile_repair_output/work/0f0b958b9c64/server/target/tyrus-server-2.0-SNAPSHOT.jar to /home/srafi/.m2/repository/org/glassfish/tyrus/tyrus-server/2.0-SNAPSHOT/tyrus-server-2.0-SNAPSHOT.jar
[INFO] Installing /home/srafi/after-cam-ready/compare_/compile_repair_output/work/0f0b958b9c64/server/target/tyrus-server-2.0-SNAPSHOT-sources.jar to /home/srafi/.m2/repository/org/glassfish/tyrus/tyrus-server/2.0-SNAPSHOT/tyrus-server-2.0-SNAPSHOT-sources.jar
[INFO] 
[INFO] --- maven-bundle-plugin:2.4.0:install (default-install) @ tyrus-server ---
[INFO] Installing org/glassfish/tyrus/tyrus-server/2.0-SNAPSHOT/tyrus-server-2.0-SNAPSHOT.jar
[INFO] Writing OBR metadata
[INFO] 
[INFO] ---------< org.glassfish.tyrus:tyrus-container-grizzly-server >---------
[INFO] Building Tyrus Grizzly Server Container 2.0-SNAPSHOT              [8/15]
[INFO] -------------------------------[ bundle ]-------------------------------
[INFO] 
[INFO] --- maven-clean-plugin:2.5:clean (default-clean) @ tyrus-container-grizzly-server ---
[INFO] 
[INFO] --- maven-checkstyle-plugin:2.15:check (default) @ tyrus-container-grizzly-server ---
[INFO] 
[INFO] --- maven-resources-plugin:3.5.0:resources (default-resources) @ tyrus-container-grizzly-server ---
[INFO] skip non existing resourceDirectory /home/srafi/after-cam-ready/compare_/compile_repair_output/work/0f0b958b9c64/containers/grizzly-server/src/main/resources
[INFO] 
[INFO] --- maven-compiler-plugin:3.1:compile (default-compile) @ tyrus-container-grizzly-server ---
[INFO] Changes detected - recompiling the module!
[INFO] Compiling 4 source files to /home/srafi/after-cam-ready/compare_/compile_repair_output/work/0f0b958b9c64/containers/grizzly-server/target/classes
[WARNING] /home/srafi/after-cam-ready/compare_/compile_repair_output/work/0f0b958b9c64/containers/grizzly-server/src/main/java/org/glassfish/tyrus/container/grizzly/server/GrizzlyServerFilter.java: /home/srafi/after-cam-ready/compare_/compile_repair_output/work/0f0b958b9c64/containers/grizzly-server/src/main/java/org/glassfish/tyrus/container/grizzly/server/GrizzlyServerFilter.java uses or overrides a deprecated API.
[WARNING] /home/srafi/after-cam-ready/compare_/compile_repair_output/work/0f0b958b9c64/containers/grizzly-server/src/main/java/org/glassfish/tyrus/container/grizzly/server/GrizzlyServerFilter.java: Recompile with -Xlint:deprecation for details.
[INFO] 
[INFO] --- maven-resources-plugin:3.5.0:testResources (default-testResources) @ tyrus-container-grizzly-server ---
[INFO] skip non existing resourceDirectory /home/srafi/after-cam-ready/compare_/compile_repair_output/work/0f0b958b9c64/containers/grizzly-server/src/test/resources
[INFO] 
[INFO] --- maven-compiler-plugin:3.1:testCompile (default-testCompile) @ tyrus-container-grizzly-server ---
[INFO] No sources to compile
[INFO] 
[INFO] --- maven-surefire-plugin:3.0.0-M8-SNAPSHOT:test (default-test) @ tyrus-container-grizzly-server ---
[INFO] Tests are skipped.
[INFO] 
[INFO] --- maven-bundle-plugin:2.4.0:bundle (default-bundle) @ tyrus-container-grizzly-server ---
[INFO] 
[INFO] --- maven-source-plugin:2.2.1:jar-no-fork (attach-sources) @ tyrus-container-grizzly-server ---
[INFO] Building jar: /home/srafi/after-cam-ready/compare_/compile_repair_output/work/0f0b958b9c64/containers/grizzly-server/target/tyrus-container-grizzly-server-2.0-SNAPSHOT-sources.jar
[INFO] 
[INFO] --- maven-install-plugin:3.1.4:install (default-install) @ tyrus-container-grizzly-server ---
[INFO] Installing /home/srafi/after-cam-ready/compare_/compile_repair_output/work/0f0b958b9c64/containers/grizzly-server/pom.xml to /home/srafi/.m2/repository/org/glassfish/tyrus/tyrus-container-grizzly-server/2.0-SNAPSHOT/tyrus-container-grizzly-server-2.0-SNAPSHOT.pom
[INFO] Installing /home/srafi/after-cam-ready/compare_/compile_repair_output/work/0f0b958b9c64/containers/grizzly-server/target/tyrus-container-grizzly-server-2.0-SNAPSHOT.jar to /home/srafi/.m2/repository/org/glassfish/tyrus/tyrus-container-grizzly-server/2.0-SNAPSHOT/tyrus-container-grizzly-server-2.0-SNAPSHOT.jar
[INFO] Installing /home/srafi/after-cam-ready/compare_/compile_repair_output/work/0f0b958b9c64/containers/grizzly-server/target/tyrus-container-grizzly-server-2.0-SNAPSHOT-sources.jar to /home/srafi/.m2/repository/org/glassfish/tyrus/tyrus-container-grizzly-server/2.0-SNAPSHOT/tyrus-container-grizzly-server-2.0-SNAPSHOT-sources.jar
[INFO] 
[INFO] --- maven-bundle-plugin:2.4.0:install (default-install) @ tyrus-container-grizzly-server ---
[INFO] Installing org/glassfish/tyrus/tyrus-container-grizzly-server/2.0-SNAPSHOT/tyrus-container-grizzly-server-2.0-SNAPSHOT.jar
[INFO] Writing OBR metadata
[INFO] 
[INFO] ------------< org.glassfish.tyrus:tyrus-container-inmemory >------------
[INFO] Building Tyrus InMemory Container 2.0-SNAPSHOT                    [9/15]
[INFO] -------------------------------[ bundle ]-------------------------------
[INFO] 
[INFO] --- maven-clean-plugin:2.5:clean (default-clean) @ tyrus-container-inmemory ---
[INFO] 
[INFO] --- maven-checkstyle-plugin:2.15:check (default) @ tyrus-container-inmemory ---
[INFO] 
[INFO] --- maven-resources-plugin:3.5.0:resources (default-resources) @ tyrus-container-inmemory ---
[INFO] Copying 1 resource from src/main/resources to target/classes
[INFO] 
[INFO] --- maven-compiler-plugin:3.1:compile (default-compile) @ tyrus-container-inmemory ---
[INFO] Changes detected - recompiling the module!
[INFO] Compiling 3 source files to /home/srafi/after-cam-ready/compare_/compile_repair_output/work/0f0b958b9c64/containers/inmemory/target/classes
[INFO] 
[INFO] --- maven-resources-plugin:3.5.0:testResources (default-testResources) @ tyrus-container-inmemory ---
[INFO] skip non existing resourceDirectory /home/srafi/after-cam-ready/compare_/compile_repair_output/work/0f0b958b9c64/containers/inmemory/src/test/resources
[INFO] 
[INFO] --- maven-compiler-plugin:3.1:testCompile (default-testCompile) @ tyrus-container-inmemory ---
[INFO] Changes detected - recompiling the module!
[INFO] Compiling 1 source file to /home/srafi/after-cam-ready/compare_/compile_repair_output/work/0f0b958b9c64/containers/inmemory/target/test-classes
[INFO] 
[INFO] --- maven-surefire-plugin:3.0.0-M8-SNAPSHOT:test (default-test) @ tyrus-container-inmemory ---
[INFO] Tests are skipped.
[INFO] 
[INFO] --- maven-bundle-plugin:2.4.0:bundle (default-bundle) @ tyrus-container-inmemory ---
[INFO] 
[INFO] --- maven-source-plugin:2.2.1:jar-no-fork (attach-sources) @ tyrus-container-inmemory ---
[INFO] Building jar: /home/srafi/after-cam-ready/compare_/compile_repair_output/work/0f0b958b9c64/containers/inmemory/target/tyrus-container-inmemory-2.0-SNAPSHOT-sources.jar
[INFO] 
[INFO] --- maven-install-plugin:3.1.4:install (default-install) @ tyrus-container-inmemory ---
[INFO] Installing /home/srafi/after-cam-ready/compare_/compile_repair_output/work/0f0b958b9c64/containers/inmemory/pom.xml to /home/srafi/.m2/repository/org/glassfish/tyrus/tyrus-container-inmemory/2.0-SNAPSHOT/tyrus-container-inmemory-2.0-SNAPSHOT.pom
[INFO] Installing /home/srafi/after-cam-ready/compare_/compile_repair_output/work/0f0b958b9c64/containers/inmemory/target/tyrus-container-inmemory-2.0-SNAPSHOT.jar to /home/srafi/.m2/repository/org/glassfish/tyrus/tyrus-container-inmemory/2.0-SNAPSHOT/tyrus-container-inmemory-2.0-SNAPSHOT.jar
[INFO] Installing /home/srafi/after-cam-ready/compare_/compile_repair_output/work/0f0b958b9c64/containers/inmemory/target/tyrus-container-inmemory-2.0-SNAPSHOT-sources.jar to /home/srafi/.m2/repository/org/glassfish/tyrus/tyrus-container-inmemory/2.0-SNAPSHOT/tyrus-container-inmemory-2.0-SNAPSHOT-sources.jar
[INFO] 
[INFO] --- maven-bundle-plugin:2.4.0:install (default-install) @ tyrus-container-inmemory ---
[INFO] Installing org/glassfish/tyrus/tyrus-container-inmemory/2.0-SNAPSHOT/tyrus-container-inmemory-2.0-SNAPSHOT.jar
[INFO] Writing OBR metadata
[INFO] 
[INFO] ------------< org.glassfish.tyrus:tyrus-container-servlet >-------------
[INFO] Building Tyrus Servlet Bundle 2.0-SNAPSHOT                       [10/15]
[INFO] -------------------------------[ bundle ]-------------------------------
[INFO] 
[INFO] --- maven-clean-plugin:2.5:clean (default-clean) @ tyrus-container-servlet ---
[INFO] 
[INFO] --- maven-checkstyle-plugin:2.15:check (default) @ tyrus-container-servlet ---
[INFO] 
[INFO] --- maven-resources-plugin:3.5.0:resources (default-resources) @ tyrus-container-servlet ---
[INFO] Copying 1 resource from src/main/resources to target/classes
[INFO] 
[INFO] --- maven-compiler-plugin:3.1:compile (default-compile) @ tyrus-container-servlet ---
[INFO] Changes detected - recompiling the module!
[INFO] Compiling 5 source files to /home/srafi/after-cam-ready/compare_/compile_repair_output/work/0f0b958b9c64/containers/servlet/target/classes
[INFO] 
[INFO] --- maven-resources-plugin:3.5.0:testResources (default-testResources) @ tyrus-container-servlet ---
[INFO] skip non existing resourceDirectory /home/srafi/after-cam-ready/compare_/compile_repair_output/work/0f0b958b9c64/containers/servlet/src/test/resources
[INFO] 
[INFO] --- maven-compiler-plugin:3.1:testCompile (default-testCompile) @ tyrus-container-servlet ---
[INFO] No sources to compile
[INFO] 
[INFO] --- maven-surefire-plugin:3.0.0-M8-SNAPSHOT:test (default-test) @ tyrus-container-servlet ---
[INFO] Tests are skipped.
[INFO] 
[INFO] --- maven-bundle-plugin:2.4.0:bundle (default-bundle) @ tyrus-container-servlet ---
[INFO] 
[INFO] --- maven-javadoc-plugin:2.10.3:jar (attach-javadocs) @ tyrus-container-servlet ---
[INFO] Skipping javadoc generation
[INFO] 
[INFO] --- maven-source-plugin:2.2.1:jar-no-fork (attach-sources) @ tyrus-container-servlet ---
[INFO] Building jar: /home/srafi/after-cam-ready/compare_/compile_repair_output/work/0f0b958b9c64/containers/servlet/target/tyrus-container-servlet-2.0-SNAPSHOT-sources.jar
[INFO] 
[INFO] --- maven-install-plugin:3.1.4:install (default-install) @ tyrus-container-servlet ---
[INFO] Installing /home/srafi/after-cam-ready/compare_/compile_repair_output/work/0f0b958b9c64/containers/servlet/pom.xml to /home/srafi/.m2/repository/org/glassfish/tyrus/tyrus-container-servlet/2.0-SNAPSHOT/tyrus-container-servlet-2.0-SNAPSHOT.pom
[INFO] Installing /home/srafi/after-cam-ready/compare_/compile_repair_output/work/0f0b958b9c64/containers/servlet/target/tyrus-container-servlet-2.0-SNAPSHOT.jar to /home/srafi/.m2/repository/org/glassfish/tyrus/tyrus-container-servlet/2.0-SNAPSHOT/tyrus-container-servlet-2.0-SNAPSHOT.jar
[INFO] Installing /home/srafi/after-cam-ready/compare_/compile_repair_output/work/0f0b958b9c64/containers/servlet/target/tyrus-container-servlet-2.0-SNAPSHOT-sources.jar to /home/srafi/.m2/repository/org/glassfish/tyrus/tyrus-container-servlet/2.0-SNAPSHOT/tyrus-container-servlet-2.0-SNAPSHOT-sources.jar
[INFO] 
[INFO] --- maven-bundle-plugin:2.4.0:install (default-install) @ tyrus-container-servlet ---
[INFO] Installing org/glassfish/tyrus/tyrus-container-servlet/2.0-SNAPSHOT/tyrus-container-servlet-2.0-SNAPSHOT.jar
[INFO] Writing OBR metadata
[INFO] 
[INFO] -----------< org.glassfish.tyrus.tests:tyrus-tests-project >------------
[INFO] Building Tyrus Tests 2.0-SNAPSHOT                                [11/15]
[INFO] --------------------------------[ pom ]---------------------------------
[INFO] 
[INFO] --- maven-clean-plugin:2.5:clean (default-clean) @ tyrus-tests-project ---
[INFO] 
[INFO] --- maven-checkstyle-plugin:2.15:check (default) @ tyrus-tests-project ---
[INFO] 
[INFO] --- maven-source-plugin:2.2.1:jar-no-fork (attach-sources) @ tyrus-tests-project ---
[INFO] 
[INFO] --- maven-install-plugin:2.4:install (default-install) @ tyrus-tests-project ---
[INFO] Installing /home/srafi/after-cam-ready/compare_/compile_repair_output/work/0f0b958b9c64/tests/pom.xml to /home/srafi/.m2/repository/org/glassfish/tyrus/tests/tyrus-tests-project/2.0-SNAPSHOT/tyrus-tests-project-2.0-SNAPSHOT.pom
[INFO] 
[INFO] -------------< org.glassfish.tyrus.tests:tyrus-test-tools >-------------
[INFO] Building Tyrus Test Tools 2.0-SNAPSHOT                           [12/15]
[INFO] -------------------------------[ bundle ]-------------------------------
[INFO] 
[INFO] --- maven-clean-plugin:2.5:clean (default-clean) @ tyrus-test-tools ---
[INFO] 
[INFO] --- maven-checkstyle-plugin:2.15:check (default) @ tyrus-test-tools ---
[INFO] 
[INFO] --- maven-resources-plugin:3.5.0:resources (default-resources) @ tyrus-test-tools ---
[INFO] skip non existing resourceDirectory /home/srafi/after-cam-ready/compare_/compile_repair_output/work/0f0b958b9c64/tests/tools/src/main/resources
[INFO] 
[INFO] --- maven-compiler-plugin:3.1:compile (default-compile) @ tyrus-test-tools ---
[INFO] Changes detected - recompiling the module!
[INFO] Compiling 2 source files to /home/srafi/after-cam-ready/compare_/compile_repair_output/work/0f0b958b9c64/tests/tools/target/classes
[WARNING] /home/srafi/after-cam-ready/compare_/compile_repair_output/work/0f0b958b9c64/tests/tools/src/main/java/org/glassfish/tyrus/test/tools/GrizzlyModProxy.java: /home/srafi/after-cam-ready/compare_/compile_repair_output/work/0f0b958b9c64/tests/tools/src/main/java/org/glassfish/tyrus/test/tools/GrizzlyModProxy.java uses unchecked or unsafe operations.
[WARNING] /home/srafi/after-cam-ready/compare_/compile_repair_output/work/0f0b958b9c64/tests/tools/src/main/java/org/glassfish/tyrus/test/tools/GrizzlyModProxy.java: Recompile with -Xlint:unchecked for details.
[INFO] 
[INFO] --- maven-resources-plugin:3.5.0:testResources (default-testResources) @ tyrus-test-tools ---
[INFO] skip non existing resourceDirectory /home/srafi/after-cam-ready/compare_/compile_repair_output/work/0f0b958b9c64/tests/tools/src/test/resources
[INFO] 
[INFO] --- maven-compiler-plugin:3.1:testCompile (default-testCompile) @ tyrus-test-tools ---
[INFO] No sources to compile
[INFO] 
[INFO] --- maven-surefire-plugin:3.0.0-M8-SNAPSHOT:test (default-test) @ tyrus-test-tools ---
[INFO] Tests are skipped.
[INFO] 
[INFO] --- maven-bundle-plugin:2.4.0:bundle (default-bundle) @ tyrus-test-tools ---
[INFO] 
[INFO] --- maven-source-plugin:2.2.1:jar-no-fork (attach-sources) @ tyrus-test-tools ---
[INFO] Building jar: /home/srafi/after-cam-ready/compare_/compile_repair_output/work/0f0b958b9c64/tests/tools/target/tyrus-test-tools-2.0-SNAPSHOT-sources.jar
[INFO] 
[INFO] --- maven-install-plugin:3.1.4:install (default-install) @ tyrus-test-tools ---
[INFO] Installing /home/srafi/after-cam-ready/compare_/compile_repair_output/work/0f0b958b9c64/tests/tools/pom.xml to /home/srafi/.m2/repository/org/glassfish/tyrus/tests/tyrus-test-tools/2.0-SNAPSHOT/tyrus-test-tools-2.0-SNAPSHOT.pom
[INFO] Installing /home/srafi/after-cam-ready/compare_/compile_repair_output/work/0f0b958b9c64/tests/tools/target/tyrus-test-tools-2.0-SNAPSHOT.jar to /home/srafi/.m2/repository/org/glassfish/tyrus/tests/tyrus-test-tools/2.0-SNAPSHOT/tyrus-test-tools-2.0-SNAPSHOT.jar
[INFO] Installing /home/srafi/after-cam-ready/compare_/compile_repair_output/work/0f0b958b9c64/tests/tools/target/tyrus-test-tools-2.0-SNAPSHOT-sources.jar to /home/srafi/.m2/repository/org/glassfish/tyrus/tests/tyrus-test-tools/2.0-SNAPSHOT/tyrus-test-tools-2.0-SNAPSHOT-sources.jar
[INFO] 
[INFO] --- maven-bundle-plugin:2.4.0:install (default-install) @ tyrus-test-tools ---
[INFO] Installing org/glassfish/tyrus/tests/tyrus-test-tools/2.0-SNAPSHOT/tyrus-test-tools-2.0-SNAPSHOT.jar
[INFO] Writing OBR metadata
[INFO] 
[INFO] -----------< org.glassfish.tyrus:tyrus-container-jdk-client >-----------
[INFO] Building Tyrus JDK Client Container 2.0-SNAPSHOT                 [13/15]
[INFO] -------------------------------[ bundle ]-------------------------------
[INFO] 
[INFO] --- maven-clean-plugin:2.5:clean (default-clean) @ tyrus-container-jdk-client ---
[INFO] 
[INFO] --- maven-checkstyle-plugin:2.15:check (default) @ tyrus-container-jdk-client ---
[INFO] 
[INFO] --- maven-resources-plugin:3.5.0:resources (default-resources) @ tyrus-container-jdk-client ---
[INFO] Copying 1 resource from src/main/resources to target/classes
[INFO] 
[INFO] --- maven-compiler-plugin:3.1:compile (default-compile) @ tyrus-container-jdk-client ---
[INFO] Changes detected - recompiling the module!
[INFO] Compiling 14 source files to /home/srafi/after-cam-ready/compare_/compile_repair_output/work/0f0b958b9c64/containers/jdk-client/target/classes
[WARNING] /home/srafi/after-cam-ready/compare_/compile_repair_output/work/0f0b958b9c64/containers/jdk-client/src/main/java/org/glassfish/tyrus/container/jdk/client/JdkClientContainer.java: /home/srafi/after-cam-ready/compare_/compile_repair_output/work/0f0b958b9c64/containers/jdk-client/src/main/java/org/glassfish/tyrus/container/jdk/client/JdkClientContainer.java uses or overrides a deprecated API.
[WARNING] /home/srafi/after-cam-ready/compare_/compile_repair_output/work/0f0b958b9c64/containers/jdk-client/src/main/java/org/glassfish/tyrus/container/jdk/client/JdkClientContainer.java: Recompile with -Xlint:deprecation for details.
[WARNING] /home/srafi/after-cam-ready/compare_/compile_repair_output/work/0f0b958b9c64/containers/jdk-client/src/main/java/org/glassfish/tyrus/container/jdk/client/ClientFilter.java: Some input files use unchecked or unsafe operations.
[WARNING] /home/srafi/after-cam-ready/compare_/compile_repair_output/work/0f0b958b9c64/containers/jdk-client/src/main/java/org/glassfish/tyrus/container/jdk/client/ClientFilter.java: Recompile with -Xlint:unchecked for details.
[INFO] 
[INFO] --- maven-resources-plugin:3.5.0:testResources (default-testResources) @ tyrus-container-jdk-client ---
[INFO] Copying 6 resources from src/test/resources to target/test-classes
[INFO] 
[INFO] --- maven-compiler-plugin:3.1:testCompile (default-testCompile) @ tyrus-container-jdk-client ---
[INFO] Changes detected - recompiling the module!
[INFO] Compiling 8 source files to /home/srafi/after-cam-ready/compare_/compile_repair_output/work/0f0b958b9c64/containers/jdk-client/target/test-classes
[INFO] 
[INFO] --- maven-surefire-plugin:3.0.0-M8-SNAPSHOT:test (default-test) @ tyrus-container-jdk-client ---
[INFO] Tests are skipped.
[INFO] 
[INFO] --- maven-bundle-plugin:2.4.0:bundle (default-bundle) @ tyrus-container-jdk-client ---
[INFO] 
[INFO] --- maven-source-plugin:2.2.1:jar-no-fork (attach-sources) @ tyrus-container-jdk-client ---
[INFO] Building jar: /home/srafi/after-cam-ready/compare_/compile_repair_output/work/0f0b958b9c64/containers/jdk-client/target/tyrus-container-jdk-client-2.0-SNAPSHOT-sources.jar
[INFO] 
[INFO] --- maven-install-plugin:3.1.4:install (default-install) @ tyrus-container-jdk-client ---
[INFO] Installing /home/srafi/after-cam-ready/compare_/compile_repair_output/work/0f0b958b9c64/containers/jdk-client/pom.xml to /home/srafi/.m2/repository/org/glassfish/tyrus/tyrus-container-jdk-client/2.0-SNAPSHOT/tyrus-container-jdk-client-2.0-SNAPSHOT.pom
[INFO] Installing /home/srafi/after-cam-ready/compare_/compile_repair_output/work/0f0b958b9c64/containers/jdk-client/target/tyrus-container-jdk-client-2.0-SNAPSHOT.jar to /home/srafi/.m2/repository/org/glassfish/tyrus/tyrus-container-jdk-client/2.0-SNAPSHOT/tyrus-container-jdk-client-2.0-SNAPSHOT.jar
[INFO] Installing /home/srafi/after-cam-ready/compare_/compile_repair_output/work/0f0b958b9c64/containers/jdk-client/target/tyrus-container-jdk-client-2.0-SNAPSHOT-sources.jar to /home/srafi/.m2/repository/org/glassfish/tyrus/tyrus-container-jdk-client/2.0-SNAPSHOT/tyrus-container-jdk-client-2.0-SNAPSHOT-sources.jar
[INFO] 
[INFO] --- maven-bundle-plugin:2.4.0:install (default-install) @ tyrus-container-jdk-client ---
[INFO] Installing org/glassfish/tyrus/tyrus-container-jdk-client/2.0-SNAPSHOT/tyrus-container-jdk-client-2.0-SNAPSHOT.jar
[INFO] Writing OBR metadata
[INFO] 
[INFO] -------------< org.glassfish.tyrus.tests:tyrus-tests-e2e >--------------
[INFO] Building Tyrus End-to-End Tests 2.0-SNAPSHOT                     [14/15]
[INFO] --------------------------------[ pom ]---------------------------------
[INFO] 
[INFO] --- maven-clean-plugin:2.5:clean (default-clean) @ tyrus-tests-e2e ---
[INFO] 
[INFO] --- maven-checkstyle-plugin:2.15:check (default) @ tyrus-tests-e2e ---
[INFO] 
[INFO] --- maven-source-plugin:2.2.1:jar-no-fork (attach-sources) @ tyrus-tests-e2e ---
[INFO] 
[INFO] --- maven-install-plugin:2.4:install (default-install) @ tyrus-tests-e2e ---
[INFO] Installing /home/srafi/after-cam-ready/compare_/compile_repair_output/work/0f0b958b9c64/tests/e2e/pom.xml to /home/srafi/.m2/repository/org/glassfish/tyrus/tests/tyrus-tests-e2e/2.0-SNAPSHOT/tyrus-tests-e2e-2.0-SNAPSHOT.pom
[INFO] 
[INFO] ------< org.glassfish.tyrus.tests:tyrus-tests-e2e-nondeployable >-------
[INFO] Building Tyrus End-to-End Non-deployable Tests 2.0-SNAPSHOT      [15/15]
[INFO] --------------------------------[ war ]---------------------------------
[INFO] 
[INFO] --- maven-clean-plugin:2.5:clean (default-clean) @ tyrus-tests-e2e-nondeployable ---
[INFO] 
[INFO] --- maven-checkstyle-plugin:2.15:check (default) @ tyrus-tests-e2e-nondeployable ---
[INFO] 
[INFO] --- maven-resources-plugin:2.6:resources (default-resources) @ tyrus-tests-e2e-nondeployable ---
[INFO] Using 'UTF-8' encoding to copy filtered resources.
[INFO] skip non existing resourceDirectory /home/srafi/after-cam-ready/compare_/compile_repair_output/work/0f0b958b9c64/tests/e2e/non-deployable/src/main/resources
[INFO] 
[INFO] --- maven-compiler-plugin:3.1:compile (default-compile) @ tyrus-tests-e2e-nondeployable ---
[INFO] No sources to compile
[INFO] 
[INFO] --- maven-resources-plugin:2.6:testResources (default-testResources) @ tyrus-tests-e2e-nondeployable ---
[INFO] Using 'UTF-8' encoding to copy filtered resources.
[INFO] skip non existing resourceDirectory /home/srafi/after-cam-ready/compare_/compile_repair_output/work/0f0b958b9c64/tests/e2e/non-deployable/src/test/resources
[INFO] 
[INFO] --- maven-compiler-plugin:3.1:testCompile (default-testCompile) @ tyrus-tests-e2e-nondeployable ---
[INFO] Changes detected - recompiling the module!
[INFO] Compiling 20 source files to /home/srafi/after-cam-ready/compare_/compile_repair_output/work/0f0b958b9c64/tests/e2e/non-deployable/target/test-classes
[WARNING] /home/srafi/after-cam-ready/compare_/compile_repair_output/work/0f0b958b9c64/tests/e2e/non-deployable/src/test/java/org/glassfish/tyrus/test/e2e/non_deployable/GetEndpointInstanceTest.java: /home/srafi/after-cam-ready/compare_/compile_repair_output/work/0f0b958b9c64/tests/e2e/non-deployable/src/test/java/org/glassfish/tyrus/test/e2e/non_deployable/GetEndpointInstanceTest.java uses unchecked or unsafe operations.
[WARNING] /home/srafi/after-cam-ready/compare_/compile_repair_output/work/0f0b958b9c64/tests/e2e/non-deployable/src/test/java/org/glassfish/tyrus/test/e2e/non_deployable/GetEndpointInstanceTest.java: Recompile with -Xlint:unchecked for details.
[INFO] 
[INFO] --- maven-surefire-plugin:3.0.0-M8-SNAPSHOT:test (default-test) @ tyrus-tests-e2e-nondeployable ---
[INFO] Tests are skipped.
[INFO] 
[INFO] --- maven-war-plugin:2.4:war (default-war) @ tyrus-tests-e2e-nondeployable ---
[INFO] Packaging webapp
[INFO] Assembling webapp [tyrus-tests-e2e-nondeployable] in [/home/srafi/after-cam-ready/compare_/compile_repair_output/work/0f0b958b9c64/tests/e2e/non-deployable/target/tyrus-tests-e2e-nondeployable-2.0-SNAPSHOT]
[INFO] Processing war project
[INFO] Webapp assembled in [18 msecs]
[INFO] Building war: /home/srafi/after-cam-ready/compare_/compile_repair_output/work/0f0b958b9c64/tests/e2e/non-deployable/target/tyrus-tests-e2e-nondeployable-2.0-SNAPSHOT.war
[INFO] 
[INFO] --- maven-source-plugin:2.2.1:jar-no-fork (attach-sources) @ tyrus-tests-e2e-nondeployable ---
[INFO] No sources in project. Archive not created.
[INFO] 
[INFO] --- maven-install-plugin:2.4:install (default-install) @ tyrus-tests-e2e-nondeployable ---
[INFO] Installing /home/srafi/after-cam-ready/compare_/compile_repair_output/work/0f0b958b9c64/tests/e2e/non-deployable/target/tyrus-tests-e2e-nondeployable-2.0-SNAPSHOT.war to /home/srafi/.m2/repository/org/glassfish/tyrus/tests/tyrus-tests-e2e-nondeployable/2.0-SNAPSHOT/tyrus-tests-e2e-nondeployable-2.0-SNAPSHOT.war
[INFO] Installing /home/srafi/after-cam-ready/compare_/compile_repair_output/work/0f0b958b9c64/tests/e2e/non-deployable/pom.xml to /home/srafi/.m2/repository/org/glassfish/tyrus/tests/tyrus-tests-e2e-nondeployable/2.0-SNAPSHOT/tyrus-tests-e2e-nondeployable-2.0-SNAPSHOT.pom
[INFO] ------------------------------------------------------------------------
[INFO] Reactor Summary for tyrus 2.0-SNAPSHOT:
[INFO] 
[INFO] tyrus .............................................. SUCCESS [  0.799 s]
[INFO] Tyrus Container SPI ................................ SUCCESS [  3.466 s]
[INFO] Tyrus Core ......................................... SUCCESS [  1.876 s]
[INFO] Tyrus Client ....................................... SUCCESS [  0.229 s]
[INFO] Tyrus Container Modules ............................ SUCCESS [  0.005 s]
[INFO] Tyrus Grizzly Client Container ..................... SUCCESS [  0.193 s]
[INFO] Tyrus Server ....................................... SUCCESS [  0.118 s]
[INFO] Tyrus Grizzly Server Container ..................... SUCCESS [  0.112 s]
[INFO] Tyrus InMemory Container ........................... SUCCESS [  0.096 s]
[INFO] Tyrus Servlet Bundle ............................... SUCCESS [  0.245 s]
[INFO] Tyrus Tests ........................................ SUCCESS [  0.005 s]
[INFO] Tyrus Test Tools ................................... SUCCESS [  0.112 s]
[INFO] Tyrus JDK Client Container ......................... SUCCESS [  0.217 s]
[INFO] Tyrus End-to-End Tests ............................. SUCCESS [  0.005 s]
[INFO] Tyrus End-to-End Non-deployable Tests .............. SUCCESS [  0.408 s]
[INFO] ------------------------------------------------------------------------
[INFO] BUILD SUCCESS
[INFO] ------------------------------------------------------------------------
[INFO] Total time:  8.299 s
[INFO] Finished at: 2026-08-15T16:17:23-04:00
[INFO] ------------------------------------------------------------------------
