JAVA_HOME=/usr/lib/jvm/java-8-openjdk-amd64
COMMAND=bash /home/srafi/after-cam-ready/compare_/compile_repair_output/work/b3ebf0b955a6/mvnw -B clean install -DskipTests -U -pl shenyu-client/shenyu-client-http/shenyu-client-springmvc -am -Ddependency-check.skip=true -Dgpg.skip=true -DfailIfNoTests=false -Dskip.installnodenpm=true -Dskip.npm=true -Dskip.yarn=true -Dlicense.skip=true -Dcheckstyle.skip=true -Drat.skip=true -Denforcer.skip=true -Danimal.sniffer.skip=true -Dmaven.javadoc.skip=true -Dfindbugs.skip=true -Dspotbugs.skip=true -Dwarbucks.skip=true -Dmodernizer.skip=true -Dimpsort.skip=true -Dmdep.analyze.skip=true -Dpgpverify.skip=true -Dxml.skip=true -Dcobertura.skip=true

--2026-08-15 16:05:08--  https://repo.maven.apache.org/maven2/io/takari/maven-wrapper/0.5.6/maven-wrapper-0.5.6.jar
Resolving repo.maven.apache.org (repo.maven.apache.org)... 104.18.18.12, 104.18.19.12, 2606:4700::6812:130c, ...
Connecting to repo.maven.apache.org (repo.maven.apache.org)|104.18.18.12|:443... connected.
HTTP request sent, awaiting response... 200 OK
Length: 50710 (50K) [application/java-archive]
Saving to: ‘/home/srafi/after-cam-ready/compare_/compile_repair_output/work/b3ebf0b955a6/.mvn/wrapper/maven-wrapper.jar’

     0K .......... .......... .......... .......... ......... 100% 68.8M=0.001s

2026-08-15 16:05:08 (68.8 MB/s) - ‘/home/srafi/after-cam-ready/compare_/compile_repair_output/work/b3ebf0b955a6/.mvn/wrapper/maven-wrapper.jar’ saved [50710/50710]

[INFO] Scanning for projects...
[INFO] ------------------------------------------------------------------------
[INFO] Reactor Build Order:
[INFO] 
[INFO] shenyu                                                             [pom]
[INFO] shenyu-common                                                      [jar]
[INFO] shenyu-disruptor                                                   [jar]
[INFO] shenyu-spi                                                         [jar]
[INFO] shenyu-register-center                                             [pom]
[INFO] shenyu-register-common                                             [jar]
[INFO] shenyu-register-client                                             [pom]
[INFO] shenyu-register-client-api                                         [jar]
[INFO] shenyu-register-client-http                                        [jar]
[INFO] shenyu-register-client-zookeeper                                   [jar]
[INFO] shenyu-register-client-etcd                                        [jar]
[INFO] shenyu-register-client-consul                                      [jar]
[INFO] shenyu-register-client-nacos                                       [jar]
[INFO] shenyu-client                                                      [pom]
[INFO] shenyu-client-core                                                 [jar]
[INFO] shenyu-client-http                                                 [pom]
[INFO] shenyu-client-springmvc                                            [jar]
[INFO] 
[INFO] ----------------------< org.apache.shenyu:shenyu >----------------------
[INFO] Building shenyu 2.5.1-SNAPSHOT                                    [1/17]
[INFO] --------------------------------[ pom ]---------------------------------
[INFO] 
[INFO] --- maven-clean-plugin:3.1.0:clean (default-clean) @ shenyu ---
[INFO] 
[INFO] --- maven-enforcer-plugin:1.4.1:enforce (enforce-maven-version) @ shenyu ---
[INFO] Skipping Rule Enforcement.
[INFO] 
[INFO] --- maven-checkstyle-plugin:3.1.0:check (validate) @ shenyu ---
[INFO] 
[INFO] --- jacoco-maven-plugin:0.8.7:prepare-agent (default) @ shenyu ---
[INFO] argLine set to -javaagent:/home/srafi/.m2/repository/org/jacoco/org.jacoco.agent/0.8.7/org.jacoco.agent-0.8.7-runtime.jar=destfile=/home/srafi/after-cam-ready/compare_/compile_repair_output/work/b3ebf0b955a6/target/jacoco.exec
[INFO] 
[INFO] --- maven-remote-resources-plugin:1.5:process (process-resource-bundles) @ shenyu ---
[INFO] 
[INFO] --- jacoco-maven-plugin:0.8.7:report (report) @ shenyu ---
[INFO] Skipping JaCoCo execution due to missing execution data file.
[INFO] 
[INFO] --- maven-site-plugin:3.7.1:attach-descriptor (attach-descriptor) @ shenyu ---
[INFO] No site descriptor found: nothing to attach.
[INFO] 
[INFO] --- maven-source-plugin:3.0.1:jar-no-fork (default) @ shenyu ---
[INFO] 
[INFO] --- maven-javadoc-plugin:2.10.3:jar (default) @ shenyu ---
[INFO] Skipping javadoc generation
[INFO] 
[INFO] --- apache-rat-plugin:0.13:check (default) @ shenyu ---
[INFO] RAT will not execute since it is configured to be skipped via system property 'rat.skip'.
[INFO] 
[INFO] --- maven-install-plugin:2.5.2:install (default-install) @ shenyu ---
[INFO] Installing /home/srafi/after-cam-ready/compare_/compile_repair_output/work/b3ebf0b955a6/pom.xml to /home/srafi/.m2/repository/org/apache/shenyu/shenyu/2.5.1-SNAPSHOT/shenyu-2.5.1-SNAPSHOT.pom
[INFO] 
[INFO] ------------------< org.apache.shenyu:shenyu-common >-------------------
[INFO] Building shenyu-common 2.5.1-SNAPSHOT                             [2/17]
[INFO] --------------------------------[ jar ]---------------------------------
[INFO] 
[INFO] --- maven-clean-plugin:3.1.0:clean (default-clean) @ shenyu-common ---
[INFO] 
[INFO] --- maven-enforcer-plugin:1.4.1:enforce (enforce-maven-version) @ shenyu-common ---
[INFO] Skipping Rule Enforcement.
[INFO] 
[INFO] --- maven-checkstyle-plugin:3.1.0:check (validate) @ shenyu-common ---
[INFO] 
[INFO] --- jacoco-maven-plugin:0.8.7:prepare-agent (default) @ shenyu-common ---
[INFO] argLine set to -javaagent:/home/srafi/.m2/repository/org/jacoco/org.jacoco.agent/0.8.7/org.jacoco.agent-0.8.7-runtime.jar=destfile=/home/srafi/after-cam-ready/compare_/compile_repair_output/work/b3ebf0b955a6/shenyu-common/target/jacoco.exec
[INFO] 
[INFO] --- maven-remote-resources-plugin:1.5:process (process-resource-bundles) @ shenyu-common ---
[INFO] 
[INFO] --- maven-resources-plugin:3.1.0:resources (default-resources) @ shenyu-common ---
[INFO] Using 'UTF-8' encoding to copy filtered resources.
[INFO] skip non existing resourceDirectory /home/srafi/after-cam-ready/compare_/compile_repair_output/work/b3ebf0b955a6/shenyu-common/src/main/resources
[INFO] Copying 3 resources
[INFO] 
[INFO] --- maven-compiler-plugin:3.7.0:compile (default-compile) @ shenyu-common ---
[INFO] Changes detected - recompiling the module!
[INFO] Compiling 133 source files to /home/srafi/after-cam-ready/compare_/compile_repair_output/work/b3ebf0b955a6/shenyu-common/target/classes
[INFO] 
[INFO] --- maven-resources-plugin:3.1.0:testResources (default-testResources) @ shenyu-common ---
[INFO] Using 'UTF-8' encoding to copy filtered resources.
[INFO] Copying 1 resource
[INFO] Copying 3 resources
[INFO] 
[INFO] --- maven-compiler-plugin:3.7.0:testCompile (default-testCompile) @ shenyu-common ---
[INFO] Changes detected - recompiling the module!
[INFO] Compiling 110 source files to /home/srafi/after-cam-ready/compare_/compile_repair_output/work/b3ebf0b955a6/shenyu-common/target/test-classes
[INFO] /home/srafi/after-cam-ready/compare_/compile_repair_output/work/b3ebf0b955a6/shenyu-common/src/test/java/org/apache/shenyu/common/utils/GsonUtilsTest.java: Some input files use or override a deprecated API.
[INFO] /home/srafi/after-cam-ready/compare_/compile_repair_output/work/b3ebf0b955a6/shenyu-common/src/test/java/org/apache/shenyu/common/utils/GsonUtilsTest.java: Recompile with -Xlint:deprecation for details.
[INFO] /home/srafi/after-cam-ready/compare_/compile_repair_output/work/b3ebf0b955a6/shenyu-common/src/test/java/org/apache/shenyu/common/utils/LogUtilsTest.java: Some input files use unchecked or unsafe operations.
[INFO] /home/srafi/after-cam-ready/compare_/compile_repair_output/work/b3ebf0b955a6/shenyu-common/src/test/java/org/apache/shenyu/common/utils/LogUtilsTest.java: Recompile with -Xlint:unchecked for details.
[INFO] 
[INFO] --- maven-surefire-plugin:3.0.0-M4:test (default-test) @ shenyu-common ---
[INFO] Tests are skipped.
[INFO] 
[INFO] --- jacoco-maven-plugin:0.8.7:report (report) @ shenyu-common ---
[INFO] Skipping JaCoCo execution due to missing execution data file.
[INFO] 
[INFO] --- maven-jar-plugin:3.1.0:jar (default-jar) @ shenyu-common ---
[INFO] Building jar: /home/srafi/after-cam-ready/compare_/compile_repair_output/work/b3ebf0b955a6/shenyu-common/target/shenyu-common-2.5.1-SNAPSHOT.jar
[INFO] 
[INFO] --- maven-site-plugin:3.7.1:attach-descriptor (attach-descriptor) @ shenyu-common ---
[INFO] Skipping because packaging 'jar' is not pom.
[INFO] 
[INFO] --- maven-source-plugin:3.0.1:jar-no-fork (default) @ shenyu-common ---
[INFO] Building jar: /home/srafi/after-cam-ready/compare_/compile_repair_output/work/b3ebf0b955a6/shenyu-common/target/shenyu-common-2.5.1-SNAPSHOT-sources.jar
[INFO] 
[INFO] --- maven-javadoc-plugin:2.10.3:jar (default) @ shenyu-common ---
[INFO] Skipping javadoc generation
[INFO] 
[INFO] --- apache-rat-plugin:0.13:check (default) @ shenyu-common ---
[INFO] RAT will not execute since it is configured to be skipped via system property 'rat.skip'.
[INFO] 
[INFO] --- maven-install-plugin:2.5.2:install (default-install) @ shenyu-common ---
[INFO] Installing /home/srafi/after-cam-ready/compare_/compile_repair_output/work/b3ebf0b955a6/shenyu-common/target/shenyu-common-2.5.1-SNAPSHOT.jar to /home/srafi/.m2/repository/org/apache/shenyu/shenyu-common/2.5.1-SNAPSHOT/shenyu-common-2.5.1-SNAPSHOT.jar
[INFO] Installing /home/srafi/after-cam-ready/compare_/compile_repair_output/work/b3ebf0b955a6/shenyu-common/pom.xml to /home/srafi/.m2/repository/org/apache/shenyu/shenyu-common/2.5.1-SNAPSHOT/shenyu-common-2.5.1-SNAPSHOT.pom
[INFO] Installing /home/srafi/after-cam-ready/compare_/compile_repair_output/work/b3ebf0b955a6/shenyu-common/target/shenyu-common-2.5.1-SNAPSHOT-sources.jar to /home/srafi/.m2/repository/org/apache/shenyu/shenyu-common/2.5.1-SNAPSHOT/shenyu-common-2.5.1-SNAPSHOT-sources.jar
[INFO] 
[INFO] -----------------< org.apache.shenyu:shenyu-disruptor >-----------------
[INFO] Building shenyu-disruptor 2.5.1-SNAPSHOT                          [3/17]
[INFO] --------------------------------[ jar ]---------------------------------
[INFO] 
[INFO] --- maven-clean-plugin:3.1.0:clean (default-clean) @ shenyu-disruptor ---
[INFO] 
[INFO] --- maven-enforcer-plugin:1.4.1:enforce (enforce-maven-version) @ shenyu-disruptor ---
[INFO] Skipping Rule Enforcement.
[INFO] 
[INFO] --- maven-checkstyle-plugin:3.1.0:check (validate) @ shenyu-disruptor ---
[INFO] 
[INFO] --- jacoco-maven-plugin:0.8.7:prepare-agent (default) @ shenyu-disruptor ---
[INFO] argLine set to -javaagent:/home/srafi/.m2/repository/org/jacoco/org.jacoco.agent/0.8.7/org.jacoco.agent-0.8.7-runtime.jar=destfile=/home/srafi/after-cam-ready/compare_/compile_repair_output/work/b3ebf0b955a6/shenyu-disruptor/target/jacoco.exec
[INFO] 
[INFO] --- maven-remote-resources-plugin:1.5:process (process-resource-bundles) @ shenyu-disruptor ---
[INFO] 
[INFO] --- maven-resources-plugin:3.1.0:resources (default-resources) @ shenyu-disruptor ---
[INFO] Using 'UTF-8' encoding to copy filtered resources.
[INFO] skip non existing resourceDirectory /home/srafi/after-cam-ready/compare_/compile_repair_output/work/b3ebf0b955a6/shenyu-disruptor/src/main/resources
[INFO] Copying 3 resources
[INFO] 
[INFO] --- maven-compiler-plugin:3.7.0:compile (default-compile) @ shenyu-disruptor ---
[INFO] Changes detected - recompiling the module!
[INFO] Compiling 12 source files to /home/srafi/after-cam-ready/compare_/compile_repair_output/work/b3ebf0b955a6/shenyu-disruptor/target/classes
[INFO] /home/srafi/after-cam-ready/compare_/compile_repair_output/work/b3ebf0b955a6/shenyu-disruptor/src/main/java/org/apache/shenyu/disruptor/DisruptorProviderManage.java: /home/srafi/after-cam-ready/compare_/compile_repair_output/work/b3ebf0b955a6/shenyu-disruptor/src/main/java/org/apache/shenyu/disruptor/DisruptorProviderManage.java uses unchecked or unsafe operations.
[INFO] /home/srafi/after-cam-ready/compare_/compile_repair_output/work/b3ebf0b955a6/shenyu-disruptor/src/main/java/org/apache/shenyu/disruptor/DisruptorProviderManage.java: Recompile with -Xlint:unchecked for details.
[INFO] 
[INFO] --- maven-resources-plugin:3.1.0:testResources (default-testResources) @ shenyu-disruptor ---
[INFO] Using 'UTF-8' encoding to copy filtered resources.
[INFO] skip non existing resourceDirectory /home/srafi/after-cam-ready/compare_/compile_repair_output/work/b3ebf0b955a6/shenyu-disruptor/src/test/resources
[INFO] Copying 3 resources
[INFO] 
[INFO] --- maven-compiler-plugin:3.7.0:testCompile (default-testCompile) @ shenyu-disruptor ---
[INFO] No sources to compile
[INFO] 
[INFO] --- maven-surefire-plugin:3.0.0-M4:test (default-test) @ shenyu-disruptor ---
[INFO] Tests are skipped.
[INFO] 
[INFO] --- jacoco-maven-plugin:0.8.7:report (report) @ shenyu-disruptor ---
[INFO] Skipping JaCoCo execution due to missing execution data file.
[INFO] 
[INFO] --- maven-jar-plugin:3.1.0:jar (default-jar) @ shenyu-disruptor ---
[INFO] Building jar: /home/srafi/after-cam-ready/compare_/compile_repair_output/work/b3ebf0b955a6/shenyu-disruptor/target/shenyu-disruptor-2.5.1-SNAPSHOT.jar
[INFO] 
[INFO] --- maven-site-plugin:3.7.1:attach-descriptor (attach-descriptor) @ shenyu-disruptor ---
[INFO] Skipping because packaging 'jar' is not pom.
[INFO] 
[INFO] --- maven-source-plugin:3.0.1:jar-no-fork (default) @ shenyu-disruptor ---
[INFO] Building jar: /home/srafi/after-cam-ready/compare_/compile_repair_output/work/b3ebf0b955a6/shenyu-disruptor/target/shenyu-disruptor-2.5.1-SNAPSHOT-sources.jar
[INFO] 
[INFO] --- maven-javadoc-plugin:2.10.3:jar (default) @ shenyu-disruptor ---
[INFO] Skipping javadoc generation
[INFO] 
[INFO] --- apache-rat-plugin:0.13:check (default) @ shenyu-disruptor ---
[INFO] RAT will not execute since it is configured to be skipped via system property 'rat.skip'.
[INFO] 
[INFO] --- maven-install-plugin:2.5.2:install (default-install) @ shenyu-disruptor ---
[INFO] Installing /home/srafi/after-cam-ready/compare_/compile_repair_output/work/b3ebf0b955a6/shenyu-disruptor/target/shenyu-disruptor-2.5.1-SNAPSHOT.jar to /home/srafi/.m2/repository/org/apache/shenyu/shenyu-disruptor/2.5.1-SNAPSHOT/shenyu-disruptor-2.5.1-SNAPSHOT.jar
[INFO] Installing /home/srafi/after-cam-ready/compare_/compile_repair_output/work/b3ebf0b955a6/shenyu-disruptor/pom.xml to /home/srafi/.m2/repository/org/apache/shenyu/shenyu-disruptor/2.5.1-SNAPSHOT/shenyu-disruptor-2.5.1-SNAPSHOT.pom
[INFO] Installing /home/srafi/after-cam-ready/compare_/compile_repair_output/work/b3ebf0b955a6/shenyu-disruptor/target/shenyu-disruptor-2.5.1-SNAPSHOT-sources.jar to /home/srafi/.m2/repository/org/apache/shenyu/shenyu-disruptor/2.5.1-SNAPSHOT/shenyu-disruptor-2.5.1-SNAPSHOT-sources.jar
[INFO] 
[INFO] --------------------< org.apache.shenyu:shenyu-spi >--------------------
[INFO] Building shenyu-spi 2.5.1-SNAPSHOT                                [4/17]
[INFO] --------------------------------[ jar ]---------------------------------
[INFO] 
[INFO] --- maven-clean-plugin:3.1.0:clean (default-clean) @ shenyu-spi ---
[INFO] 
[INFO] --- maven-enforcer-plugin:1.4.1:enforce (enforce-maven-version) @ shenyu-spi ---
[INFO] Skipping Rule Enforcement.
[INFO] 
[INFO] --- maven-checkstyle-plugin:3.1.0:check (validate) @ shenyu-spi ---
[INFO] 
[INFO] --- jacoco-maven-plugin:0.8.7:prepare-agent (default) @ shenyu-spi ---
[INFO] argLine set to -javaagent:/home/srafi/.m2/repository/org/jacoco/org.jacoco.agent/0.8.7/org.jacoco.agent-0.8.7-runtime.jar=destfile=/home/srafi/after-cam-ready/compare_/compile_repair_output/work/b3ebf0b955a6/shenyu-spi/target/jacoco.exec
[INFO] 
[INFO] --- maven-remote-resources-plugin:1.5:process (process-resource-bundles) @ shenyu-spi ---
[INFO] 
[INFO] --- maven-resources-plugin:3.1.0:resources (default-resources) @ shenyu-spi ---
[INFO] Using 'UTF-8' encoding to copy filtered resources.
[INFO] skip non existing resourceDirectory /home/srafi/after-cam-ready/compare_/compile_repair_output/work/b3ebf0b955a6/shenyu-spi/src/main/resources
[INFO] Copying 3 resources
[INFO] 
[INFO] --- maven-compiler-plugin:3.7.0:compile (default-compile) @ shenyu-spi ---
[INFO] Changes detected - recompiling the module!
[INFO] Compiling 5 source files to /home/srafi/after-cam-ready/compare_/compile_repair_output/work/b3ebf0b955a6/shenyu-spi/target/classes
[INFO] /home/srafi/after-cam-ready/compare_/compile_repair_output/work/b3ebf0b955a6/shenyu-spi/src/main/java/org/apache/shenyu/spi/ExtensionLoader.java: /home/srafi/after-cam-ready/compare_/compile_repair_output/work/b3ebf0b955a6/shenyu-spi/src/main/java/org/apache/shenyu/spi/ExtensionLoader.java uses unchecked or unsafe operations.
[INFO] /home/srafi/after-cam-ready/compare_/compile_repair_output/work/b3ebf0b955a6/shenyu-spi/src/main/java/org/apache/shenyu/spi/ExtensionLoader.java: Recompile with -Xlint:unchecked for details.
[INFO] 
[INFO] --- maven-resources-plugin:3.1.0:testResources (default-testResources) @ shenyu-spi ---
[INFO] Using 'UTF-8' encoding to copy filtered resources.
[INFO] Copying 7 resources
[INFO] Copying 3 resources
[INFO] 
[INFO] --- maven-compiler-plugin:3.7.0:testCompile (default-testCompile) @ shenyu-spi ---
[INFO] Changes detected - recompiling the module!
[INFO] Compiling 18 source files to /home/srafi/after-cam-ready/compare_/compile_repair_output/work/b3ebf0b955a6/shenyu-spi/target/test-classes
[INFO] 
[INFO] --- maven-surefire-plugin:3.0.0-M4:test (default-test) @ shenyu-spi ---
[INFO] Tests are skipped.
[INFO] 
[INFO] --- jacoco-maven-plugin:0.8.7:report (report) @ shenyu-spi ---
[INFO] Skipping JaCoCo execution due to missing execution data file.
[INFO] 
[INFO] --- maven-jar-plugin:3.1.0:jar (default-jar) @ shenyu-spi ---
[INFO] Building jar: /home/srafi/after-cam-ready/compare_/compile_repair_output/work/b3ebf0b955a6/shenyu-spi/target/shenyu-spi-2.5.1-SNAPSHOT.jar
[INFO] 
[INFO] --- maven-site-plugin:3.7.1:attach-descriptor (attach-descriptor) @ shenyu-spi ---
[INFO] Skipping because packaging 'jar' is not pom.
[INFO] 
[INFO] --- maven-source-plugin:3.0.1:jar-no-fork (default) @ shenyu-spi ---
[INFO] Building jar: /home/srafi/after-cam-ready/compare_/compile_repair_output/work/b3ebf0b955a6/shenyu-spi/target/shenyu-spi-2.5.1-SNAPSHOT-sources.jar
[INFO] 
[INFO] --- maven-javadoc-plugin:2.10.3:jar (default) @ shenyu-spi ---
[INFO] Skipping javadoc generation
[INFO] 
[INFO] --- apache-rat-plugin:0.13:check (default) @ shenyu-spi ---
[INFO] RAT will not execute since it is configured to be skipped via system property 'rat.skip'.
[INFO] 
[INFO] --- maven-install-plugin:2.5.2:install (default-install) @ shenyu-spi ---
[INFO] Installing /home/srafi/after-cam-ready/compare_/compile_repair_output/work/b3ebf0b955a6/shenyu-spi/target/shenyu-spi-2.5.1-SNAPSHOT.jar to /home/srafi/.m2/repository/org/apache/shenyu/shenyu-spi/2.5.1-SNAPSHOT/shenyu-spi-2.5.1-SNAPSHOT.jar
[INFO] Installing /home/srafi/after-cam-ready/compare_/compile_repair_output/work/b3ebf0b955a6/shenyu-spi/pom.xml to /home/srafi/.m2/repository/org/apache/shenyu/shenyu-spi/2.5.1-SNAPSHOT/shenyu-spi-2.5.1-SNAPSHOT.pom
[INFO] Installing /home/srafi/after-cam-ready/compare_/compile_repair_output/work/b3ebf0b955a6/shenyu-spi/target/shenyu-spi-2.5.1-SNAPSHOT-sources.jar to /home/srafi/.m2/repository/org/apache/shenyu/shenyu-spi/2.5.1-SNAPSHOT/shenyu-spi-2.5.1-SNAPSHOT-sources.jar
[INFO] 
[INFO] --------------< org.apache.shenyu:shenyu-register-center >--------------
[INFO] Building shenyu-register-center 2.5.1-SNAPSHOT                    [5/17]
[INFO] --------------------------------[ pom ]---------------------------------
[INFO] 
[INFO] --- maven-clean-plugin:3.1.0:clean (default-clean) @ shenyu-register-center ---
[INFO] 
[INFO] --- maven-enforcer-plugin:1.4.1:enforce (enforce-maven-version) @ shenyu-register-center ---
[INFO] Skipping Rule Enforcement.
[INFO] 
[INFO] --- maven-checkstyle-plugin:3.1.0:check (validate) @ shenyu-register-center ---
[INFO] 
[INFO] --- jacoco-maven-plugin:0.8.7:prepare-agent (default) @ shenyu-register-center ---
[INFO] argLine set to -javaagent:/home/srafi/.m2/repository/org/jacoco/org.jacoco.agent/0.8.7/org.jacoco.agent-0.8.7-runtime.jar=destfile=/home/srafi/after-cam-ready/compare_/compile_repair_output/work/b3ebf0b955a6/shenyu-register-center/target/jacoco.exec
[INFO] 
[INFO] --- maven-remote-resources-plugin:1.5:process (process-resource-bundles) @ shenyu-register-center ---
[INFO] 
[INFO] --- jacoco-maven-plugin:0.8.7:report (report) @ shenyu-register-center ---
[INFO] Skipping JaCoCo execution due to missing execution data file.
[INFO] 
[INFO] --- maven-site-plugin:3.7.1:attach-descriptor (attach-descriptor) @ shenyu-register-center ---
[INFO] No site descriptor found: nothing to attach.
[INFO] 
[INFO] --- maven-source-plugin:3.0.1:jar-no-fork (default) @ shenyu-register-center ---
[INFO] 
[INFO] --- maven-javadoc-plugin:2.10.3:jar (default) @ shenyu-register-center ---
[INFO] Skipping javadoc generation
[INFO] 
[INFO] --- apache-rat-plugin:0.13:check (default) @ shenyu-register-center ---
[INFO] RAT will not execute since it is configured to be skipped via system property 'rat.skip'.
[INFO] 
[INFO] --- maven-install-plugin:2.5.2:install (default-install) @ shenyu-register-center ---
[INFO] Installing /home/srafi/after-cam-ready/compare_/compile_repair_output/work/b3ebf0b955a6/shenyu-register-center/pom.xml to /home/srafi/.m2/repository/org/apache/shenyu/shenyu-register-center/2.5.1-SNAPSHOT/shenyu-register-center-2.5.1-SNAPSHOT.pom
[INFO] 
[INFO] --------------< org.apache.shenyu:shenyu-register-common >--------------
[INFO] Building shenyu-register-common 2.5.1-SNAPSHOT                    [6/17]
[INFO] --------------------------------[ jar ]---------------------------------
[INFO] 
[INFO] --- maven-clean-plugin:3.1.0:clean (default-clean) @ shenyu-register-common ---
[INFO] 
[INFO] --- maven-enforcer-plugin:1.4.1:enforce (enforce-maven-version) @ shenyu-register-common ---
[INFO] Skipping Rule Enforcement.
[INFO] 
[INFO] --- maven-checkstyle-plugin:3.1.0:check (validate) @ shenyu-register-common ---
[INFO] 
[INFO] --- jacoco-maven-plugin:0.8.7:prepare-agent (default) @ shenyu-register-common ---
[INFO] argLine set to -javaagent:/home/srafi/.m2/repository/org/jacoco/org.jacoco.agent/0.8.7/org.jacoco.agent-0.8.7-runtime.jar=destfile=/home/srafi/after-cam-ready/compare_/compile_repair_output/work/b3ebf0b955a6/shenyu-register-center/shenyu-register-common/target/jacoco.exec
[INFO] 
[INFO] --- maven-remote-resources-plugin:1.5:process (process-resource-bundles) @ shenyu-register-common ---
[INFO] 
[INFO] --- maven-resources-plugin:3.1.0:resources (default-resources) @ shenyu-register-common ---
[INFO] Using 'UTF-8' encoding to copy filtered resources.
[INFO] skip non existing resourceDirectory /home/srafi/after-cam-ready/compare_/compile_repair_output/work/b3ebf0b955a6/shenyu-register-center/shenyu-register-common/src/main/resources
[INFO] Copying 3 resources
[INFO] 
[INFO] --- maven-compiler-plugin:3.7.0:compile (default-compile) @ shenyu-register-common ---
[INFO] Changes detected - recompiling the module!
[INFO] Compiling 13 source files to /home/srafi/after-cam-ready/compare_/compile_repair_output/work/b3ebf0b955a6/shenyu-register-center/shenyu-register-common/target/classes
[INFO] 
[INFO] --- maven-resources-plugin:3.1.0:testResources (default-testResources) @ shenyu-register-common ---
[INFO] Using 'UTF-8' encoding to copy filtered resources.
[INFO] skip non existing resourceDirectory /home/srafi/after-cam-ready/compare_/compile_repair_output/work/b3ebf0b955a6/shenyu-register-center/shenyu-register-common/src/test/resources
[INFO] Copying 3 resources
[INFO] 
[INFO] --- maven-compiler-plugin:3.7.0:testCompile (default-testCompile) @ shenyu-register-common ---
[INFO] No sources to compile
[INFO] 
[INFO] --- maven-surefire-plugin:3.0.0-M4:test (default-test) @ shenyu-register-common ---
[INFO] Tests are skipped.
[INFO] 
[INFO] --- jacoco-maven-plugin:0.8.7:report (report) @ shenyu-register-common ---
[INFO] Skipping JaCoCo execution due to missing execution data file.
[INFO] 
[INFO] --- maven-jar-plugin:3.1.0:jar (default-jar) @ shenyu-register-common ---
[INFO] Building jar: /home/srafi/after-cam-ready/compare_/compile_repair_output/work/b3ebf0b955a6/shenyu-register-center/shenyu-register-common/target/shenyu-register-common-2.5.1-SNAPSHOT.jar
[INFO] 
[INFO] --- maven-site-plugin:3.7.1:attach-descriptor (attach-descriptor) @ shenyu-register-common ---
[INFO] Skipping because packaging 'jar' is not pom.
[INFO] 
[INFO] --- maven-source-plugin:3.0.1:jar-no-fork (default) @ shenyu-register-common ---
[INFO] Building jar: /home/srafi/after-cam-ready/compare_/compile_repair_output/work/b3ebf0b955a6/shenyu-register-center/shenyu-register-common/target/shenyu-register-common-2.5.1-SNAPSHOT-sources.jar
[INFO] 
[INFO] --- maven-javadoc-plugin:2.10.3:jar (default) @ shenyu-register-common ---
[INFO] Skipping javadoc generation
[INFO] 
[INFO] --- apache-rat-plugin:0.13:check (default) @ shenyu-register-common ---
[INFO] RAT will not execute since it is configured to be skipped via system property 'rat.skip'.
[INFO] 
[INFO] --- maven-install-plugin:2.5.2:install (default-install) @ shenyu-register-common ---
[INFO] Installing /home/srafi/after-cam-ready/compare_/compile_repair_output/work/b3ebf0b955a6/shenyu-register-center/shenyu-register-common/target/shenyu-register-common-2.5.1-SNAPSHOT.jar to /home/srafi/.m2/repository/org/apache/shenyu/shenyu-register-common/2.5.1-SNAPSHOT/shenyu-register-common-2.5.1-SNAPSHOT.jar
[INFO] Installing /home/srafi/after-cam-ready/compare_/compile_repair_output/work/b3ebf0b955a6/shenyu-register-center/shenyu-register-common/pom.xml to /home/srafi/.m2/repository/org/apache/shenyu/shenyu-register-common/2.5.1-SNAPSHOT/shenyu-register-common-2.5.1-SNAPSHOT.pom
[INFO] Installing /home/srafi/after-cam-ready/compare_/compile_repair_output/work/b3ebf0b955a6/shenyu-register-center/shenyu-register-common/target/shenyu-register-common-2.5.1-SNAPSHOT-sources.jar to /home/srafi/.m2/repository/org/apache/shenyu/shenyu-register-common/2.5.1-SNAPSHOT/shenyu-register-common-2.5.1-SNAPSHOT-sources.jar
[INFO] 
[INFO] --------------< org.apache.shenyu:shenyu-register-client >--------------
[INFO] Building shenyu-register-client 2.5.1-SNAPSHOT                    [7/17]
[INFO] --------------------------------[ pom ]---------------------------------
[INFO] 
[INFO] --- maven-clean-plugin:3.1.0:clean (default-clean) @ shenyu-register-client ---
[INFO] 
[INFO] --- maven-enforcer-plugin:1.4.1:enforce (enforce-maven-version) @ shenyu-register-client ---
[INFO] Skipping Rule Enforcement.
[INFO] 
[INFO] --- maven-checkstyle-plugin:3.1.0:check (validate) @ shenyu-register-client ---
[INFO] 
[INFO] --- jacoco-maven-plugin:0.8.7:prepare-agent (default) @ shenyu-register-client ---
[INFO] argLine set to -javaagent:/home/srafi/.m2/repository/org/jacoco/org.jacoco.agent/0.8.7/org.jacoco.agent-0.8.7-runtime.jar=destfile=/home/srafi/after-cam-ready/compare_/compile_repair_output/work/b3ebf0b955a6/shenyu-register-center/shenyu-register-client/target/jacoco.exec
[INFO] 
[INFO] --- maven-remote-resources-plugin:1.5:process (process-resource-bundles) @ shenyu-register-client ---
[INFO] 
[INFO] --- jacoco-maven-plugin:0.8.7:report (report) @ shenyu-register-client ---
[INFO] Skipping JaCoCo execution due to missing execution data file.
[INFO] 
[INFO] --- maven-site-plugin:3.7.1:attach-descriptor (attach-descriptor) @ shenyu-register-client ---
[INFO] No site descriptor found: nothing to attach.
[INFO] 
[INFO] --- maven-source-plugin:3.0.1:jar-no-fork (default) @ shenyu-register-client ---
[INFO] 
[INFO] --- maven-javadoc-plugin:2.10.3:jar (default) @ shenyu-register-client ---
[INFO] Skipping javadoc generation
[INFO] 
[INFO] --- apache-rat-plugin:0.13:check (default) @ shenyu-register-client ---
[INFO] RAT will not execute since it is configured to be skipped via system property 'rat.skip'.
[INFO] 
[INFO] --- maven-install-plugin:2.5.2:install (default-install) @ shenyu-register-client ---
[INFO] Installing /home/srafi/after-cam-ready/compare_/compile_repair_output/work/b3ebf0b955a6/shenyu-register-center/shenyu-register-client/pom.xml to /home/srafi/.m2/repository/org/apache/shenyu/shenyu-register-client/2.5.1-SNAPSHOT/shenyu-register-client-2.5.1-SNAPSHOT.pom
[INFO] 
[INFO] ------------< org.apache.shenyu:shenyu-register-client-api >------------
[INFO] Building shenyu-register-client-api 2.5.1-SNAPSHOT                [8/17]
[INFO] --------------------------------[ jar ]---------------------------------
[INFO] 
[INFO] --- maven-clean-plugin:3.1.0:clean (default-clean) @ shenyu-register-client-api ---
[INFO] 
[INFO] --- maven-enforcer-plugin:1.4.1:enforce (enforce-maven-version) @ shenyu-register-client-api ---
[INFO] Skipping Rule Enforcement.
[INFO] 
[INFO] --- maven-checkstyle-plugin:3.1.0:check (validate) @ shenyu-register-client-api ---
[INFO] 
[INFO] --- jacoco-maven-plugin:0.8.7:prepare-agent (default) @ shenyu-register-client-api ---
[INFO] argLine set to -javaagent:/home/srafi/.m2/repository/org/jacoco/org.jacoco.agent/0.8.7/org.jacoco.agent-0.8.7-runtime.jar=destfile=/home/srafi/after-cam-ready/compare_/compile_repair_output/work/b3ebf0b955a6/shenyu-register-center/shenyu-register-client/shenyu-register-client-api/target/jacoco.exec
[INFO] 
[INFO] --- maven-remote-resources-plugin:1.5:process (process-resource-bundles) @ shenyu-register-client-api ---
[INFO] 
[INFO] --- maven-resources-plugin:3.1.0:resources (default-resources) @ shenyu-register-client-api ---
[INFO] Using 'UTF-8' encoding to copy filtered resources.
[INFO] skip non existing resourceDirectory /home/srafi/after-cam-ready/compare_/compile_repair_output/work/b3ebf0b955a6/shenyu-register-center/shenyu-register-client/shenyu-register-client-api/src/main/resources
[INFO] Copying 3 resources
[INFO] 
[INFO] --- maven-compiler-plugin:3.7.0:compile (default-compile) @ shenyu-register-client-api ---
[INFO] Changes detected - recompiling the module!
[INFO] Compiling 3 source files to /home/srafi/after-cam-ready/compare_/compile_repair_output/work/b3ebf0b955a6/shenyu-register-center/shenyu-register-client/shenyu-register-client-api/target/classes
[INFO] 
[INFO] --- maven-resources-plugin:3.1.0:testResources (default-testResources) @ shenyu-register-client-api ---
[INFO] Using 'UTF-8' encoding to copy filtered resources.
[INFO] skip non existing resourceDirectory /home/srafi/after-cam-ready/compare_/compile_repair_output/work/b3ebf0b955a6/shenyu-register-center/shenyu-register-client/shenyu-register-client-api/src/test/resources
[INFO] Copying 3 resources
[INFO] 
[INFO] --- maven-compiler-plugin:3.7.0:testCompile (default-testCompile) @ shenyu-register-client-api ---
[INFO] No sources to compile
[INFO] 
[INFO] --- maven-surefire-plugin:3.0.0-M4:test (default-test) @ shenyu-register-client-api ---
[INFO] Tests are skipped.
[INFO] 
[INFO] --- jacoco-maven-plugin:0.8.7:report (report) @ shenyu-register-client-api ---
[INFO] Skipping JaCoCo execution due to missing execution data file.
[INFO] 
[INFO] --- maven-jar-plugin:3.1.0:jar (default-jar) @ shenyu-register-client-api ---
[INFO] Building jar: /home/srafi/after-cam-ready/compare_/compile_repair_output/work/b3ebf0b955a6/shenyu-register-center/shenyu-register-client/shenyu-register-client-api/target/shenyu-register-client-api-2.5.1-SNAPSHOT.jar
[INFO] 
[INFO] --- maven-site-plugin:3.7.1:attach-descriptor (attach-descriptor) @ shenyu-register-client-api ---
[INFO] Skipping because packaging 'jar' is not pom.
[INFO] 
[INFO] --- maven-source-plugin:3.0.1:jar-no-fork (default) @ shenyu-register-client-api ---
[INFO] Building jar: /home/srafi/after-cam-ready/compare_/compile_repair_output/work/b3ebf0b955a6/shenyu-register-center/shenyu-register-client/shenyu-register-client-api/target/shenyu-register-client-api-2.5.1-SNAPSHOT-sources.jar
[INFO] 
[INFO] --- maven-javadoc-plugin:2.10.3:jar (default) @ shenyu-register-client-api ---
[INFO] Skipping javadoc generation
[INFO] 
[INFO] --- apache-rat-plugin:0.13:check (default) @ shenyu-register-client-api ---
[INFO] RAT will not execute since it is configured to be skipped via system property 'rat.skip'.
[INFO] 
[INFO] --- maven-install-plugin:2.5.2:install (default-install) @ shenyu-register-client-api ---
[INFO] Installing /home/srafi/after-cam-ready/compare_/compile_repair_output/work/b3ebf0b955a6/shenyu-register-center/shenyu-register-client/shenyu-register-client-api/target/shenyu-register-client-api-2.5.1-SNAPSHOT.jar to /home/srafi/.m2/repository/org/apache/shenyu/shenyu-register-client-api/2.5.1-SNAPSHOT/shenyu-register-client-api-2.5.1-SNAPSHOT.jar
[INFO] Installing /home/srafi/after-cam-ready/compare_/compile_repair_output/work/b3ebf0b955a6/shenyu-register-center/shenyu-register-client/shenyu-register-client-api/pom.xml to /home/srafi/.m2/repository/org/apache/shenyu/shenyu-register-client-api/2.5.1-SNAPSHOT/shenyu-register-client-api-2.5.1-SNAPSHOT.pom
[INFO] Installing /home/srafi/after-cam-ready/compare_/compile_repair_output/work/b3ebf0b955a6/shenyu-register-center/shenyu-register-client/shenyu-register-client-api/target/shenyu-register-client-api-2.5.1-SNAPSHOT-sources.jar to /home/srafi/.m2/repository/org/apache/shenyu/shenyu-register-client-api/2.5.1-SNAPSHOT/shenyu-register-client-api-2.5.1-SNAPSHOT-sources.jar
[INFO] 
[INFO] -----------< org.apache.shenyu:shenyu-register-client-http >------------
[INFO] Building shenyu-register-client-http 2.5.1-SNAPSHOT               [9/17]
[INFO] --------------------------------[ jar ]---------------------------------
[INFO] 
[INFO] --- maven-clean-plugin:3.1.0:clean (default-clean) @ shenyu-register-client-http ---
[INFO] 
[INFO] --- maven-enforcer-plugin:1.4.1:enforce (enforce-maven-version) @ shenyu-register-client-http ---
[INFO] Skipping Rule Enforcement.
[INFO] 
[INFO] --- maven-checkstyle-plugin:3.1.0:check (validate) @ shenyu-register-client-http ---
[INFO] 
[INFO] --- jacoco-maven-plugin:0.8.7:prepare-agent (default) @ shenyu-register-client-http ---
[INFO] argLine set to -javaagent:/home/srafi/.m2/repository/org/jacoco/org.jacoco.agent/0.8.7/org.jacoco.agent-0.8.7-runtime.jar=destfile=/home/srafi/after-cam-ready/compare_/compile_repair_output/work/b3ebf0b955a6/shenyu-register-center/shenyu-register-client/shenyu-register-client-http/target/jacoco.exec
[INFO] 
[INFO] --- maven-remote-resources-plugin:1.5:process (process-resource-bundles) @ shenyu-register-client-http ---
[INFO] 
[INFO] --- maven-resources-plugin:3.1.0:resources (default-resources) @ shenyu-register-client-http ---
[INFO] Using 'UTF-8' encoding to copy filtered resources.
[INFO] Copying 1 resource
[INFO] Copying 3 resources
[INFO] 
[INFO] --- maven-compiler-plugin:3.7.0:compile (default-compile) @ shenyu-register-client-http ---
[INFO] Changes detected - recompiling the module!
[INFO] Compiling 5 source files to /home/srafi/after-cam-ready/compare_/compile_repair_output/work/b3ebf0b955a6/shenyu-register-center/shenyu-register-client/shenyu-register-client-http/target/classes
[INFO] 
[INFO] --- maven-resources-plugin:3.1.0:testResources (default-testResources) @ shenyu-register-client-http ---
[INFO] Using 'UTF-8' encoding to copy filtered resources.
[INFO] skip non existing resourceDirectory /home/srafi/after-cam-ready/compare_/compile_repair_output/work/b3ebf0b955a6/shenyu-register-center/shenyu-register-client/shenyu-register-client-http/src/test/resources
[INFO] Copying 3 resources
[INFO] 
[INFO] --- maven-compiler-plugin:3.7.0:testCompile (default-testCompile) @ shenyu-register-client-http ---
[INFO] Changes detected - recompiling the module!
[INFO] Compiling 4 source files to /home/srafi/after-cam-ready/compare_/compile_repair_output/work/b3ebf0b955a6/shenyu-register-center/shenyu-register-client/shenyu-register-client-http/target/test-classes
[INFO] 
[INFO] --- maven-surefire-plugin:3.0.0-M4:test (default-test) @ shenyu-register-client-http ---
[INFO] Tests are skipped.
[INFO] 
[INFO] --- jacoco-maven-plugin:0.8.7:report (report) @ shenyu-register-client-http ---
[INFO] Skipping JaCoCo execution due to missing execution data file.
[INFO] 
[INFO] --- maven-jar-plugin:3.1.0:jar (default-jar) @ shenyu-register-client-http ---
[INFO] Building jar: /home/srafi/after-cam-ready/compare_/compile_repair_output/work/b3ebf0b955a6/shenyu-register-center/shenyu-register-client/shenyu-register-client-http/target/shenyu-register-client-http-2.5.1-SNAPSHOT.jar
[INFO] 
[INFO] --- maven-site-plugin:3.7.1:attach-descriptor (attach-descriptor) @ shenyu-register-client-http ---
[INFO] Skipping because packaging 'jar' is not pom.
[INFO] 
[INFO] --- maven-source-plugin:3.0.1:jar-no-fork (default) @ shenyu-register-client-http ---
[INFO] Building jar: /home/srafi/after-cam-ready/compare_/compile_repair_output/work/b3ebf0b955a6/shenyu-register-center/shenyu-register-client/shenyu-register-client-http/target/shenyu-register-client-http-2.5.1-SNAPSHOT-sources.jar
[INFO] 
[INFO] --- maven-javadoc-plugin:2.10.3:jar (default) @ shenyu-register-client-http ---
[INFO] Skipping javadoc generation
[INFO] 
[INFO] --- apache-rat-plugin:0.13:check (default) @ shenyu-register-client-http ---
[INFO] RAT will not execute since it is configured to be skipped via system property 'rat.skip'.
[INFO] 
[INFO] --- maven-install-plugin:2.5.2:install (default-install) @ shenyu-register-client-http ---
[INFO] Installing /home/srafi/after-cam-ready/compare_/compile_repair_output/work/b3ebf0b955a6/shenyu-register-center/shenyu-register-client/shenyu-register-client-http/target/shenyu-register-client-http-2.5.1-SNAPSHOT.jar to /home/srafi/.m2/repository/org/apache/shenyu/shenyu-register-client-http/2.5.1-SNAPSHOT/shenyu-register-client-http-2.5.1-SNAPSHOT.jar
[INFO] Installing /home/srafi/after-cam-ready/compare_/compile_repair_output/work/b3ebf0b955a6/shenyu-register-center/shenyu-register-client/shenyu-register-client-http/pom.xml to /home/srafi/.m2/repository/org/apache/shenyu/shenyu-register-client-http/2.5.1-SNAPSHOT/shenyu-register-client-http-2.5.1-SNAPSHOT.pom
[INFO] Installing /home/srafi/after-cam-ready/compare_/compile_repair_output/work/b3ebf0b955a6/shenyu-register-center/shenyu-register-client/shenyu-register-client-http/target/shenyu-register-client-http-2.5.1-SNAPSHOT-sources.jar to /home/srafi/.m2/repository/org/apache/shenyu/shenyu-register-client-http/2.5.1-SNAPSHOT/shenyu-register-client-http-2.5.1-SNAPSHOT-sources.jar
[INFO] 
[INFO] ---------< org.apache.shenyu:shenyu-register-client-zookeeper >---------
[INFO] Building shenyu-register-client-zookeeper 2.5.1-SNAPSHOT         [10/17]
[INFO] --------------------------------[ jar ]---------------------------------
[INFO] 
[INFO] --- maven-clean-plugin:3.1.0:clean (default-clean) @ shenyu-register-client-zookeeper ---
[INFO] 
[INFO] --- maven-enforcer-plugin:1.4.1:enforce (enforce-maven-version) @ shenyu-register-client-zookeeper ---
[INFO] Skipping Rule Enforcement.
[INFO] 
[INFO] --- maven-checkstyle-plugin:3.1.0:check (validate) @ shenyu-register-client-zookeeper ---
[INFO] 
[INFO] --- jacoco-maven-plugin:0.8.7:prepare-agent (default) @ shenyu-register-client-zookeeper ---
[INFO] argLine set to -javaagent:/home/srafi/.m2/repository/org/jacoco/org.jacoco.agent/0.8.7/org.jacoco.agent-0.8.7-runtime.jar=destfile=/home/srafi/after-cam-ready/compare_/compile_repair_output/work/b3ebf0b955a6/shenyu-register-center/shenyu-register-client/shenyu-register-client-zookeeper/target/jacoco.exec
[INFO] 
[INFO] --- maven-remote-resources-plugin:1.5:process (process-resource-bundles) @ shenyu-register-client-zookeeper ---
[INFO] 
[INFO] --- maven-resources-plugin:3.1.0:resources (default-resources) @ shenyu-register-client-zookeeper ---
[INFO] Using 'UTF-8' encoding to copy filtered resources.
[INFO] Copying 1 resource
[INFO] Copying 3 resources
[INFO] 
[INFO] --- maven-compiler-plugin:3.7.0:compile (default-compile) @ shenyu-register-client-zookeeper ---
[INFO] Changes detected - recompiling the module!
[INFO] Compiling 3 source files to /home/srafi/after-cam-ready/compare_/compile_repair_output/work/b3ebf0b955a6/shenyu-register-center/shenyu-register-client/shenyu-register-client-zookeeper/target/classes
[INFO] 
[INFO] --- maven-resources-plugin:3.1.0:testResources (default-testResources) @ shenyu-register-client-zookeeper ---
[INFO] Using 'UTF-8' encoding to copy filtered resources.
[INFO] skip non existing resourceDirectory /home/srafi/after-cam-ready/compare_/compile_repair_output/work/b3ebf0b955a6/shenyu-register-center/shenyu-register-client/shenyu-register-client-zookeeper/src/test/resources
[INFO] Copying 3 resources
[INFO] 
[INFO] --- maven-compiler-plugin:3.7.0:testCompile (default-testCompile) @ shenyu-register-client-zookeeper ---
[INFO] Changes detected - recompiling the module!
[INFO] Compiling 2 source files to /home/srafi/after-cam-ready/compare_/compile_repair_output/work/b3ebf0b955a6/shenyu-register-center/shenyu-register-client/shenyu-register-client-zookeeper/target/test-classes
[INFO] /home/srafi/after-cam-ready/compare_/compile_repair_output/work/b3ebf0b955a6/shenyu-register-center/shenyu-register-client/shenyu-register-client-zookeeper/src/test/java/org/apache/shenyu/register/client/zookeeper/ZookeeperClientRegisterRepositoryTest.java: Some input files use unchecked or unsafe operations.
[INFO] /home/srafi/after-cam-ready/compare_/compile_repair_output/work/b3ebf0b955a6/shenyu-register-center/shenyu-register-client/shenyu-register-client-zookeeper/src/test/java/org/apache/shenyu/register/client/zookeeper/ZookeeperClientRegisterRepositoryTest.java: Recompile with -Xlint:unchecked for details.
[INFO] 
[INFO] --- maven-surefire-plugin:3.0.0-M4:test (default-test) @ shenyu-register-client-zookeeper ---
[INFO] Tests are skipped.
[INFO] 
[INFO] --- jacoco-maven-plugin:0.8.7:report (report) @ shenyu-register-client-zookeeper ---
[INFO] Skipping JaCoCo execution due to missing execution data file.
[INFO] 
[INFO] --- maven-jar-plugin:3.1.0:jar (default-jar) @ shenyu-register-client-zookeeper ---
[INFO] Building jar: /home/srafi/after-cam-ready/compare_/compile_repair_output/work/b3ebf0b955a6/shenyu-register-center/shenyu-register-client/shenyu-register-client-zookeeper/target/shenyu-register-client-zookeeper-2.5.1-SNAPSHOT.jar
[INFO] 
[INFO] --- maven-site-plugin:3.7.1:attach-descriptor (attach-descriptor) @ shenyu-register-client-zookeeper ---
[INFO] Skipping because packaging 'jar' is not pom.
[INFO] 
[INFO] --- maven-source-plugin:3.0.1:jar-no-fork (default) @ shenyu-register-client-zookeeper ---
[INFO] Building jar: /home/srafi/after-cam-ready/compare_/compile_repair_output/work/b3ebf0b955a6/shenyu-register-center/shenyu-register-client/shenyu-register-client-zookeeper/target/shenyu-register-client-zookeeper-2.5.1-SNAPSHOT-sources.jar
[INFO] 
[INFO] --- maven-javadoc-plugin:2.10.3:jar (default) @ shenyu-register-client-zookeeper ---
[INFO] Skipping javadoc generation
[INFO] 
[INFO] --- apache-rat-plugin:0.13:check (default) @ shenyu-register-client-zookeeper ---
[INFO] RAT will not execute since it is configured to be skipped via system property 'rat.skip'.
[INFO] 
[INFO] --- maven-install-plugin:2.5.2:install (default-install) @ shenyu-register-client-zookeeper ---
[INFO] Installing /home/srafi/after-cam-ready/compare_/compile_repair_output/work/b3ebf0b955a6/shenyu-register-center/shenyu-register-client/shenyu-register-client-zookeeper/target/shenyu-register-client-zookeeper-2.5.1-SNAPSHOT.jar to /home/srafi/.m2/repository/org/apache/shenyu/shenyu-register-client-zookeeper/2.5.1-SNAPSHOT/shenyu-register-client-zookeeper-2.5.1-SNAPSHOT.jar
[INFO] Installing /home/srafi/after-cam-ready/compare_/compile_repair_output/work/b3ebf0b955a6/shenyu-register-center/shenyu-register-client/shenyu-register-client-zookeeper/pom.xml to /home/srafi/.m2/repository/org/apache/shenyu/shenyu-register-client-zookeeper/2.5.1-SNAPSHOT/shenyu-register-client-zookeeper-2.5.1-SNAPSHOT.pom
[INFO] Installing /home/srafi/after-cam-ready/compare_/compile_repair_output/work/b3ebf0b955a6/shenyu-register-center/shenyu-register-client/shenyu-register-client-zookeeper/target/shenyu-register-client-zookeeper-2.5.1-SNAPSHOT-sources.jar to /home/srafi/.m2/repository/org/apache/shenyu/shenyu-register-client-zookeeper/2.5.1-SNAPSHOT/shenyu-register-client-zookeeper-2.5.1-SNAPSHOT-sources.jar
[INFO] 
[INFO] -----------< org.apache.shenyu:shenyu-register-client-etcd >------------
[INFO] Building shenyu-register-client-etcd 2.5.1-SNAPSHOT              [11/17]
[INFO] --------------------------------[ jar ]---------------------------------
[INFO] Downloading from apache.snapshots: https://repository.apache.org/snapshots/io/grpc/grpc-api/maven-metadata.xml
[INFO] Downloading from central: https://repo.maven.apache.org/maven2/io/grpc/grpc-api/maven-metadata.xml
[INFO] Downloaded from central: https://repo.maven.apache.org/maven2/io/grpc/grpc-api/maven-metadata.xml (5.0 kB at 53 kB/s)
[INFO] 
[INFO] --- maven-clean-plugin:3.1.0:clean (default-clean) @ shenyu-register-client-etcd ---
[INFO] 
[INFO] --- maven-enforcer-plugin:1.4.1:enforce (enforce-maven-version) @ shenyu-register-client-etcd ---
[INFO] Skipping Rule Enforcement.
[INFO] 
[INFO] --- maven-checkstyle-plugin:3.1.0:check (validate) @ shenyu-register-client-etcd ---
[INFO] 
[INFO] --- jacoco-maven-plugin:0.8.7:prepare-agent (default) @ shenyu-register-client-etcd ---
[INFO] argLine set to -javaagent:/home/srafi/.m2/repository/org/jacoco/org.jacoco.agent/0.8.7/org.jacoco.agent-0.8.7-runtime.jar=destfile=/home/srafi/after-cam-ready/compare_/compile_repair_output/work/b3ebf0b955a6/shenyu-register-center/shenyu-register-client/shenyu-register-client-etcd/target/jacoco.exec
[INFO] 
[INFO] --- maven-remote-resources-plugin:1.5:process (process-resource-bundles) @ shenyu-register-client-etcd ---
[INFO] artifact io.grpc:grpc-api: checking for updates from central
[INFO] 
[INFO] --- maven-resources-plugin:3.1.0:resources (default-resources) @ shenyu-register-client-etcd ---
[INFO] Using 'UTF-8' encoding to copy filtered resources.
[INFO] Copying 1 resource
[INFO] Copying 3 resources
[INFO] 
[INFO] --- maven-compiler-plugin:3.7.0:compile (default-compile) @ shenyu-register-client-etcd ---
[INFO] Changes detected - recompiling the module!
[INFO] Compiling 2 source files to /home/srafi/after-cam-ready/compare_/compile_repair_output/work/b3ebf0b955a6/shenyu-register-center/shenyu-register-client/shenyu-register-client-etcd/target/classes
[INFO] 
[INFO] --- maven-resources-plugin:3.1.0:testResources (default-testResources) @ shenyu-register-client-etcd ---
[INFO] Using 'UTF-8' encoding to copy filtered resources.
[INFO] skip non existing resourceDirectory /home/srafi/after-cam-ready/compare_/compile_repair_output/work/b3ebf0b955a6/shenyu-register-center/shenyu-register-client/shenyu-register-client-etcd/src/test/resources
[INFO] Copying 3 resources
[INFO] 
[INFO] --- maven-compiler-plugin:3.7.0:testCompile (default-testCompile) @ shenyu-register-client-etcd ---
[INFO] Changes detected - recompiling the module!
[INFO] Compiling 2 source files to /home/srafi/after-cam-ready/compare_/compile_repair_output/work/b3ebf0b955a6/shenyu-register-center/shenyu-register-client/shenyu-register-client-etcd/target/test-classes
[INFO] /home/srafi/after-cam-ready/compare_/compile_repair_output/work/b3ebf0b955a6/shenyu-register-center/shenyu-register-client/shenyu-register-client-etcd/src/test/java/org/apache/shenyu/register/client/etcd/EtcdClientTest.java: Some input files use unchecked or unsafe operations.
[INFO] /home/srafi/after-cam-ready/compare_/compile_repair_output/work/b3ebf0b955a6/shenyu-register-center/shenyu-register-client/shenyu-register-client-etcd/src/test/java/org/apache/shenyu/register/client/etcd/EtcdClientTest.java: Recompile with -Xlint:unchecked for details.
[INFO] 
[INFO] --- maven-surefire-plugin:3.0.0-M4:test (default-test) @ shenyu-register-client-etcd ---
[INFO] Tests are skipped.
[INFO] 
[INFO] --- jacoco-maven-plugin:0.8.7:report (report) @ shenyu-register-client-etcd ---
[INFO] Skipping JaCoCo execution due to missing execution data file.
[INFO] 
[INFO] --- maven-jar-plugin:3.1.0:jar (default-jar) @ shenyu-register-client-etcd ---
[INFO] Building jar: /home/srafi/after-cam-ready/compare_/compile_repair_output/work/b3ebf0b955a6/shenyu-register-center/shenyu-register-client/shenyu-register-client-etcd/target/shenyu-register-client-etcd-2.5.1-SNAPSHOT.jar
[INFO] 
[INFO] --- maven-site-plugin:3.7.1:attach-descriptor (attach-descriptor) @ shenyu-register-client-etcd ---
[INFO] Skipping because packaging 'jar' is not pom.
[INFO] 
[INFO] --- maven-source-plugin:3.0.1:jar-no-fork (default) @ shenyu-register-client-etcd ---
[INFO] Building jar: /home/srafi/after-cam-ready/compare_/compile_repair_output/work/b3ebf0b955a6/shenyu-register-center/shenyu-register-client/shenyu-register-client-etcd/target/shenyu-register-client-etcd-2.5.1-SNAPSHOT-sources.jar
[INFO] 
[INFO] --- maven-javadoc-plugin:2.10.3:jar (default) @ shenyu-register-client-etcd ---
[INFO] Skipping javadoc generation
[INFO] 
[INFO] --- apache-rat-plugin:0.13:check (default) @ shenyu-register-client-etcd ---
[INFO] RAT will not execute since it is configured to be skipped via system property 'rat.skip'.
[INFO] 
[INFO] --- maven-install-plugin:2.5.2:install (default-install) @ shenyu-register-client-etcd ---
[INFO] Installing /home/srafi/after-cam-ready/compare_/compile_repair_output/work/b3ebf0b955a6/shenyu-register-center/shenyu-register-client/shenyu-register-client-etcd/target/shenyu-register-client-etcd-2.5.1-SNAPSHOT.jar to /home/srafi/.m2/repository/org/apache/shenyu/shenyu-register-client-etcd/2.5.1-SNAPSHOT/shenyu-register-client-etcd-2.5.1-SNAPSHOT.jar
[INFO] Installing /home/srafi/after-cam-ready/compare_/compile_repair_output/work/b3ebf0b955a6/shenyu-register-center/shenyu-register-client/shenyu-register-client-etcd/pom.xml to /home/srafi/.m2/repository/org/apache/shenyu/shenyu-register-client-etcd/2.5.1-SNAPSHOT/shenyu-register-client-etcd-2.5.1-SNAPSHOT.pom
[INFO] Installing /home/srafi/after-cam-ready/compare_/compile_repair_output/work/b3ebf0b955a6/shenyu-register-center/shenyu-register-client/shenyu-register-client-etcd/target/shenyu-register-client-etcd-2.5.1-SNAPSHOT-sources.jar to /home/srafi/.m2/repository/org/apache/shenyu/shenyu-register-client-etcd/2.5.1-SNAPSHOT/shenyu-register-client-etcd-2.5.1-SNAPSHOT-sources.jar
[INFO] 
[INFO] ----------< org.apache.shenyu:shenyu-register-client-consul >-----------
[INFO] Building shenyu-register-client-consul 2.5.1-SNAPSHOT            [12/17]
[INFO] --------------------------------[ jar ]---------------------------------
[INFO] 
[INFO] --- maven-clean-plugin:3.1.0:clean (default-clean) @ shenyu-register-client-consul ---
[INFO] 
[INFO] --- maven-enforcer-plugin:1.4.1:enforce (enforce-maven-version) @ shenyu-register-client-consul ---
[INFO] Skipping Rule Enforcement.
[INFO] 
[INFO] --- maven-checkstyle-plugin:3.1.0:check (validate) @ shenyu-register-client-consul ---
[INFO] 
[INFO] --- jacoco-maven-plugin:0.8.7:prepare-agent (default) @ shenyu-register-client-consul ---
[INFO] argLine set to -javaagent:/home/srafi/.m2/repository/org/jacoco/org.jacoco.agent/0.8.7/org.jacoco.agent-0.8.7-runtime.jar=destfile=/home/srafi/after-cam-ready/compare_/compile_repair_output/work/b3ebf0b955a6/shenyu-register-center/shenyu-register-client/shenyu-register-client-consul/target/jacoco.exec
[INFO] 
[INFO] --- maven-remote-resources-plugin:1.5:process (process-resource-bundles) @ shenyu-register-client-consul ---
[INFO] 
[INFO] --- maven-resources-plugin:3.1.0:resources (default-resources) @ shenyu-register-client-consul ---
[INFO] Using 'UTF-8' encoding to copy filtered resources.
[INFO] Copying 1 resource
[INFO] Copying 3 resources
[INFO] 
[INFO] --- maven-compiler-plugin:3.7.0:compile (default-compile) @ shenyu-register-client-consul ---
[INFO] Changes detected - recompiling the module!
[INFO] Compiling 1 source file to /home/srafi/after-cam-ready/compare_/compile_repair_output/work/b3ebf0b955a6/shenyu-register-center/shenyu-register-client/shenyu-register-client-consul/target/classes
[INFO] 
[INFO] --- maven-resources-plugin:3.1.0:testResources (default-testResources) @ shenyu-register-client-consul ---
[INFO] Using 'UTF-8' encoding to copy filtered resources.
[INFO] skip non existing resourceDirectory /home/srafi/after-cam-ready/compare_/compile_repair_output/work/b3ebf0b955a6/shenyu-register-center/shenyu-register-client/shenyu-register-client-consul/src/test/resources
[INFO] Copying 3 resources
[INFO] 
[INFO] --- maven-compiler-plugin:3.7.0:testCompile (default-testCompile) @ shenyu-register-client-consul ---
[INFO] No sources to compile
[INFO] 
[INFO] --- maven-surefire-plugin:3.0.0-M4:test (default-test) @ shenyu-register-client-consul ---
[INFO] Tests are skipped.
[INFO] 
[INFO] --- jacoco-maven-plugin:0.8.7:report (report) @ shenyu-register-client-consul ---
[INFO] Skipping JaCoCo execution due to missing execution data file.
[INFO] 
[INFO] --- maven-jar-plugin:3.1.0:jar (default-jar) @ shenyu-register-client-consul ---
[INFO] Building jar: /home/srafi/after-cam-ready/compare_/compile_repair_output/work/b3ebf0b955a6/shenyu-register-center/shenyu-register-client/shenyu-register-client-consul/target/shenyu-register-client-consul-2.5.1-SNAPSHOT.jar
[INFO] 
[INFO] --- maven-site-plugin:3.7.1:attach-descriptor (attach-descriptor) @ shenyu-register-client-consul ---
[INFO] Skipping because packaging 'jar' is not pom.
[INFO] 
[INFO] --- maven-source-plugin:3.0.1:jar-no-fork (default) @ shenyu-register-client-consul ---
[INFO] Building jar: /home/srafi/after-cam-ready/compare_/compile_repair_output/work/b3ebf0b955a6/shenyu-register-center/shenyu-register-client/shenyu-register-client-consul/target/shenyu-register-client-consul-2.5.1-SNAPSHOT-sources.jar
[INFO] 
[INFO] --- maven-javadoc-plugin:2.10.3:jar (default) @ shenyu-register-client-consul ---
[INFO] Skipping javadoc generation
[INFO] 
[INFO] --- apache-rat-plugin:0.13:check (default) @ shenyu-register-client-consul ---
[INFO] RAT will not execute since it is configured to be skipped via system property 'rat.skip'.
[INFO] 
[INFO] --- maven-install-plugin:2.5.2:install (default-install) @ shenyu-register-client-consul ---
[INFO] Installing /home/srafi/after-cam-ready/compare_/compile_repair_output/work/b3ebf0b955a6/shenyu-register-center/shenyu-register-client/shenyu-register-client-consul/target/shenyu-register-client-consul-2.5.1-SNAPSHOT.jar to /home/srafi/.m2/repository/org/apache/shenyu/shenyu-register-client-consul/2.5.1-SNAPSHOT/shenyu-register-client-consul-2.5.1-SNAPSHOT.jar
[INFO] Installing /home/srafi/after-cam-ready/compare_/compile_repair_output/work/b3ebf0b955a6/shenyu-register-center/shenyu-register-client/shenyu-register-client-consul/pom.xml to /home/srafi/.m2/repository/org/apache/shenyu/shenyu-register-client-consul/2.5.1-SNAPSHOT/shenyu-register-client-consul-2.5.1-SNAPSHOT.pom
[INFO] Installing /home/srafi/after-cam-ready/compare_/compile_repair_output/work/b3ebf0b955a6/shenyu-register-center/shenyu-register-client/shenyu-register-client-consul/target/shenyu-register-client-consul-2.5.1-SNAPSHOT-sources.jar to /home/srafi/.m2/repository/org/apache/shenyu/shenyu-register-client-consul/2.5.1-SNAPSHOT/shenyu-register-client-consul-2.5.1-SNAPSHOT-sources.jar
[INFO] 
[INFO] -----------< org.apache.shenyu:shenyu-register-client-nacos >-----------
[INFO] Building shenyu-register-client-nacos 2.5.1-SNAPSHOT             [13/17]
[INFO] --------------------------------[ jar ]---------------------------------
[INFO] 
[INFO] --- maven-clean-plugin:3.1.0:clean (default-clean) @ shenyu-register-client-nacos ---
[INFO] 
[INFO] --- maven-enforcer-plugin:1.4.1:enforce (enforce-maven-version) @ shenyu-register-client-nacos ---
[INFO] Skipping Rule Enforcement.
[INFO] 
[INFO] --- maven-checkstyle-plugin:3.1.0:check (validate) @ shenyu-register-client-nacos ---
[INFO] 
[INFO] --- jacoco-maven-plugin:0.8.7:prepare-agent (default) @ shenyu-register-client-nacos ---
[INFO] argLine set to -javaagent:/home/srafi/.m2/repository/org/jacoco/org.jacoco.agent/0.8.7/org.jacoco.agent-0.8.7-runtime.jar=destfile=/home/srafi/after-cam-ready/compare_/compile_repair_output/work/b3ebf0b955a6/shenyu-register-center/shenyu-register-client/shenyu-register-client-nacos/target/jacoco.exec
[INFO] 
[INFO] --- maven-remote-resources-plugin:1.5:process (process-resource-bundles) @ shenyu-register-client-nacos ---
[INFO] 
[INFO] --- maven-resources-plugin:3.1.0:resources (default-resources) @ shenyu-register-client-nacos ---
[INFO] Using 'UTF-8' encoding to copy filtered resources.
[INFO] Copying 1 resource
[INFO] Copying 3 resources
[INFO] 
[INFO] --- maven-compiler-plugin:3.7.0:compile (default-compile) @ shenyu-register-client-nacos ---
[INFO] Changes detected - recompiling the module!
[INFO] Compiling 1 source file to /home/srafi/after-cam-ready/compare_/compile_repair_output/work/b3ebf0b955a6/shenyu-register-center/shenyu-register-client/shenyu-register-client-nacos/target/classes
[INFO] 
[INFO] --- maven-resources-plugin:3.1.0:testResources (default-testResources) @ shenyu-register-client-nacos ---
[INFO] Using 'UTF-8' encoding to copy filtered resources.
[INFO] skip non existing resourceDirectory /home/srafi/after-cam-ready/compare_/compile_repair_output/work/b3ebf0b955a6/shenyu-register-center/shenyu-register-client/shenyu-register-client-nacos/src/test/resources
[INFO] Copying 3 resources
[INFO] 
[INFO] --- maven-compiler-plugin:3.7.0:testCompile (default-testCompile) @ shenyu-register-client-nacos ---
[INFO] Changes detected - recompiling the module!
[INFO] Compiling 1 source file to /home/srafi/after-cam-ready/compare_/compile_repair_output/work/b3ebf0b955a6/shenyu-register-center/shenyu-register-client/shenyu-register-client-nacos/target/test-classes
[INFO] 
[INFO] --- maven-surefire-plugin:3.0.0-M4:test (default-test) @ shenyu-register-client-nacos ---
[INFO] Tests are skipped.
[INFO] 
[INFO] --- jacoco-maven-plugin:0.8.7:report (report) @ shenyu-register-client-nacos ---
[INFO] Skipping JaCoCo execution due to missing execution data file.
[INFO] 
[INFO] --- maven-jar-plugin:3.1.0:jar (default-jar) @ shenyu-register-client-nacos ---
[INFO] Building jar: /home/srafi/after-cam-ready/compare_/compile_repair_output/work/b3ebf0b955a6/shenyu-register-center/shenyu-register-client/shenyu-register-client-nacos/target/shenyu-register-client-nacos-2.5.1-SNAPSHOT.jar
[INFO] 
[INFO] --- maven-site-plugin:3.7.1:attach-descriptor (attach-descriptor) @ shenyu-register-client-nacos ---
[INFO] Skipping because packaging 'jar' is not pom.
[INFO] 
[INFO] --- maven-source-plugin:3.0.1:jar-no-fork (default) @ shenyu-register-client-nacos ---
[INFO] Building jar: /home/srafi/after-cam-ready/compare_/compile_repair_output/work/b3ebf0b955a6/shenyu-register-center/shenyu-register-client/shenyu-register-client-nacos/target/shenyu-register-client-nacos-2.5.1-SNAPSHOT-sources.jar
[INFO] 
[INFO] --- maven-javadoc-plugin:2.10.3:jar (default) @ shenyu-register-client-nacos ---
[INFO] Skipping javadoc generation
[INFO] 
[INFO] --- apache-rat-plugin:0.13:check (default) @ shenyu-register-client-nacos ---
[INFO] RAT will not execute since it is configured to be skipped via system property 'rat.skip'.
[INFO] 
[INFO] --- maven-install-plugin:2.5.2:install (default-install) @ shenyu-register-client-nacos ---
[INFO] Installing /home/srafi/after-cam-ready/compare_/compile_repair_output/work/b3ebf0b955a6/shenyu-register-center/shenyu-register-client/shenyu-register-client-nacos/target/shenyu-register-client-nacos-2.5.1-SNAPSHOT.jar to /home/srafi/.m2/repository/org/apache/shenyu/shenyu-register-client-nacos/2.5.1-SNAPSHOT/shenyu-register-client-nacos-2.5.1-SNAPSHOT.jar
[INFO] Installing /home/srafi/after-cam-ready/compare_/compile_repair_output/work/b3ebf0b955a6/shenyu-register-center/shenyu-register-client/shenyu-register-client-nacos/pom.xml to /home/srafi/.m2/repository/org/apache/shenyu/shenyu-register-client-nacos/2.5.1-SNAPSHOT/shenyu-register-client-nacos-2.5.1-SNAPSHOT.pom
[INFO] Installing /home/srafi/after-cam-ready/compare_/compile_repair_output/work/b3ebf0b955a6/shenyu-register-center/shenyu-register-client/shenyu-register-client-nacos/target/shenyu-register-client-nacos-2.5.1-SNAPSHOT-sources.jar to /home/srafi/.m2/repository/org/apache/shenyu/shenyu-register-client-nacos/2.5.1-SNAPSHOT/shenyu-register-client-nacos-2.5.1-SNAPSHOT-sources.jar
[INFO] 
[INFO] ------------------< org.apache.shenyu:shenyu-client >-------------------
[INFO] Building shenyu-client 2.5.1-SNAPSHOT                            [14/17]
[INFO] --------------------------------[ pom ]---------------------------------
[INFO] Downloading from central: https://repo.maven.apache.org/maven2/com/squareup/okhttp3/okhttp/3.12.1/okhttp-3.12.1.pom
[INFO] Downloaded from central: https://repo.maven.apache.org/maven2/com/squareup/okhttp3/okhttp/3.12.1/okhttp-3.12.1.pom (2.5 kB at 73 kB/s)
[INFO] Downloading from central: https://repo.maven.apache.org/maven2/com/squareup/okhttp3/parent/3.12.1/parent-3.12.1.pom
[INFO] Downloaded from central: https://repo.maven.apache.org/maven2/com/squareup/okhttp3/parent/3.12.1/parent-3.12.1.pom (20 kB at 550 kB/s)
[INFO] Downloading from central: https://repo.maven.apache.org/maven2/com/squareup/okhttp3/okhttp/3.12.1/okhttp-3.12.1.jar
[INFO] Downloaded from central: https://repo.maven.apache.org/maven2/com/squareup/okhttp3/okhttp/3.12.1/okhttp-3.12.1.jar (423 kB at 7.8 MB/s)
[INFO] 
[INFO] --- maven-clean-plugin:3.1.0:clean (default-clean) @ shenyu-client ---
[INFO] 
[INFO] --- maven-enforcer-plugin:1.4.1:enforce (enforce-maven-version) @ shenyu-client ---
[INFO] Skipping Rule Enforcement.
[INFO] 
[INFO] --- maven-checkstyle-plugin:3.1.0:check (validate) @ shenyu-client ---
[INFO] 
[INFO] --- jacoco-maven-plugin:0.8.7:prepare-agent (default) @ shenyu-client ---
[INFO] argLine set to -javaagent:/home/srafi/.m2/repository/org/jacoco/org.jacoco.agent/0.8.7/org.jacoco.agent-0.8.7-runtime.jar=destfile=/home/srafi/after-cam-ready/compare_/compile_repair_output/work/b3ebf0b955a6/shenyu-client/target/jacoco.exec
[INFO] 
[INFO] --- maven-remote-resources-plugin:1.5:process (process-resource-bundles) @ shenyu-client ---
[INFO] 
[INFO] --- jacoco-maven-plugin:0.8.7:report (report) @ shenyu-client ---
[INFO] Skipping JaCoCo execution due to missing execution data file.
[INFO] 
[INFO] --- maven-site-plugin:3.7.1:attach-descriptor (attach-descriptor) @ shenyu-client ---
[INFO] No site descriptor found: nothing to attach.
[INFO] 
[INFO] --- maven-source-plugin:3.0.1:jar-no-fork (default) @ shenyu-client ---
[INFO] 
[INFO] --- maven-javadoc-plugin:2.10.3:jar (default) @ shenyu-client ---
[INFO] Skipping javadoc generation
[INFO] 
[INFO] --- apache-rat-plugin:0.13:check (default) @ shenyu-client ---
[INFO] RAT will not execute since it is configured to be skipped via system property 'rat.skip'.
[INFO] 
[INFO] --- maven-install-plugin:2.5.2:install (default-install) @ shenyu-client ---
[INFO] Installing /home/srafi/after-cam-ready/compare_/compile_repair_output/work/b3ebf0b955a6/shenyu-client/pom.xml to /home/srafi/.m2/repository/org/apache/shenyu/shenyu-client/2.5.1-SNAPSHOT/shenyu-client-2.5.1-SNAPSHOT.pom
[INFO] 
[INFO] ----------------< org.apache.shenyu:shenyu-client-core >----------------
[INFO] Building shenyu-client-core 2.5.1-SNAPSHOT                       [15/17]
[INFO] --------------------------------[ jar ]---------------------------------
[INFO] 
[INFO] --- maven-clean-plugin:3.1.0:clean (default-clean) @ shenyu-client-core ---
[INFO] 
[INFO] --- maven-enforcer-plugin:1.4.1:enforce (enforce-maven-version) @ shenyu-client-core ---
[INFO] Skipping Rule Enforcement.
[INFO] 
[INFO] --- maven-checkstyle-plugin:3.1.0:check (validate) @ shenyu-client-core ---
[INFO] 
[INFO] --- jacoco-maven-plugin:0.8.7:prepare-agent (default) @ shenyu-client-core ---
[INFO] argLine set to -javaagent:/home/srafi/.m2/repository/org/jacoco/org.jacoco.agent/0.8.7/org.jacoco.agent-0.8.7-runtime.jar=destfile=/home/srafi/after-cam-ready/compare_/compile_repair_output/work/b3ebf0b955a6/shenyu-client/shenyu-client-core/target/jacoco.exec
[INFO] 
[INFO] --- maven-remote-resources-plugin:1.5:process (process-resource-bundles) @ shenyu-client-core ---
[INFO] artifact io.grpc:grpc-api: checking for updates from central
[INFO] 
[INFO] --- maven-resources-plugin:3.1.0:resources (default-resources) @ shenyu-client-core ---
[INFO] Using 'UTF-8' encoding to copy filtered resources.
[INFO] skip non existing resourceDirectory /home/srafi/after-cam-ready/compare_/compile_repair_output/work/b3ebf0b955a6/shenyu-client/shenyu-client-core/src/main/resources
[INFO] Copying 3 resources
[INFO] 
[INFO] --- maven-compiler-plugin:3.7.0:compile (default-compile) @ shenyu-client-core ---
[INFO] Changes detected - recompiling the module!
[INFO] Compiling 11 source files to /home/srafi/after-cam-ready/compare_/compile_repair_output/work/b3ebf0b955a6/shenyu-client/shenyu-client-core/target/classes
[INFO] /home/srafi/after-cam-ready/compare_/compile_repair_output/work/b3ebf0b955a6/shenyu-client/shenyu-client-core/src/main/java/org/apache/shenyu/client/core/disruptor/ShenyuClientRegisterEventPublisher.java: Some input files use unchecked or unsafe operations.
[INFO] /home/srafi/after-cam-ready/compare_/compile_repair_output/work/b3ebf0b955a6/shenyu-client/shenyu-client-core/src/main/java/org/apache/shenyu/client/core/disruptor/ShenyuClientRegisterEventPublisher.java: Recompile with -Xlint:unchecked for details.
[INFO] 
[INFO] --- maven-resources-plugin:3.1.0:testResources (default-testResources) @ shenyu-client-core ---
[INFO] Using 'UTF-8' encoding to copy filtered resources.
[INFO] skip non existing resourceDirectory /home/srafi/after-cam-ready/compare_/compile_repair_output/work/b3ebf0b955a6/shenyu-client/shenyu-client-core/src/test/resources
[INFO] Copying 3 resources
[INFO] 
[INFO] --- maven-compiler-plugin:3.7.0:testCompile (default-testCompile) @ shenyu-client-core ---
[INFO] No sources to compile
[INFO] 
[INFO] --- maven-surefire-plugin:3.0.0-M4:test (default-test) @ shenyu-client-core ---
[INFO] Tests are skipped.
[INFO] 
[INFO] --- jacoco-maven-plugin:0.8.7:report (report) @ shenyu-client-core ---
[INFO] Skipping JaCoCo execution due to missing execution data file.
[INFO] 
[INFO] --- maven-jar-plugin:3.1.0:jar (default-jar) @ shenyu-client-core ---
[INFO] Building jar: /home/srafi/after-cam-ready/compare_/compile_repair_output/work/b3ebf0b955a6/shenyu-client/shenyu-client-core/target/shenyu-client-core-2.5.1-SNAPSHOT.jar
[INFO] 
[INFO] --- maven-site-plugin:3.7.1:attach-descriptor (attach-descriptor) @ shenyu-client-core ---
[INFO] Skipping because packaging 'jar' is not pom.
[INFO] 
[INFO] --- maven-source-plugin:3.0.1:jar-no-fork (default) @ shenyu-client-core ---
[INFO] Building jar: /home/srafi/after-cam-ready/compare_/compile_repair_output/work/b3ebf0b955a6/shenyu-client/shenyu-client-core/target/shenyu-client-core-2.5.1-SNAPSHOT-sources.jar
[INFO] 
[INFO] --- maven-javadoc-plugin:2.10.3:jar (default) @ shenyu-client-core ---
[INFO] Skipping javadoc generation
[INFO] 
[INFO] --- apache-rat-plugin:0.13:check (default) @ shenyu-client-core ---
[INFO] RAT will not execute since it is configured to be skipped via system property 'rat.skip'.
[INFO] 
[INFO] --- maven-install-plugin:2.5.2:install (default-install) @ shenyu-client-core ---
[INFO] Installing /home/srafi/after-cam-ready/compare_/compile_repair_output/work/b3ebf0b955a6/shenyu-client/shenyu-client-core/target/shenyu-client-core-2.5.1-SNAPSHOT.jar to /home/srafi/.m2/repository/org/apache/shenyu/shenyu-client-core/2.5.1-SNAPSHOT/shenyu-client-core-2.5.1-SNAPSHOT.jar
[INFO] Installing /home/srafi/after-cam-ready/compare_/compile_repair_output/work/b3ebf0b955a6/shenyu-client/shenyu-client-core/pom.xml to /home/srafi/.m2/repository/org/apache/shenyu/shenyu-client-core/2.5.1-SNAPSHOT/shenyu-client-core-2.5.1-SNAPSHOT.pom
[INFO] Installing /home/srafi/after-cam-ready/compare_/compile_repair_output/work/b3ebf0b955a6/shenyu-client/shenyu-client-core/target/shenyu-client-core-2.5.1-SNAPSHOT-sources.jar to /home/srafi/.m2/repository/org/apache/shenyu/shenyu-client-core/2.5.1-SNAPSHOT/shenyu-client-core-2.5.1-SNAPSHOT-sources.jar
[INFO] 
[INFO] ----------------< org.apache.shenyu:shenyu-client-http >----------------
[INFO] Building shenyu-client-http 2.5.1-SNAPSHOT                       [16/17]
[INFO] --------------------------------[ pom ]---------------------------------
[INFO] 
[INFO] --- maven-clean-plugin:3.1.0:clean (default-clean) @ shenyu-client-http ---
[INFO] 
[INFO] --- maven-enforcer-plugin:1.4.1:enforce (enforce-maven-version) @ shenyu-client-http ---
[INFO] Skipping Rule Enforcement.
[INFO] 
[INFO] --- maven-checkstyle-plugin:3.1.0:check (validate) @ shenyu-client-http ---
[INFO] 
[INFO] --- jacoco-maven-plugin:0.8.7:prepare-agent (default) @ shenyu-client-http ---
[INFO] argLine set to -javaagent:/home/srafi/.m2/repository/org/jacoco/org.jacoco.agent/0.8.7/org.jacoco.agent-0.8.7-runtime.jar=destfile=/home/srafi/after-cam-ready/compare_/compile_repair_output/work/b3ebf0b955a6/shenyu-client/shenyu-client-http/target/jacoco.exec
[INFO] 
[INFO] --- maven-remote-resources-plugin:1.5:process (process-resource-bundles) @ shenyu-client-http ---
[INFO] 
[INFO] --- jacoco-maven-plugin:0.8.7:report (report) @ shenyu-client-http ---
[INFO] Skipping JaCoCo execution due to missing execution data file.
[INFO] 
[INFO] --- maven-site-plugin:3.7.1:attach-descriptor (attach-descriptor) @ shenyu-client-http ---
[INFO] No site descriptor found: nothing to attach.
[INFO] 
[INFO] --- maven-source-plugin:3.0.1:jar-no-fork (default) @ shenyu-client-http ---
[INFO] 
[INFO] --- maven-javadoc-plugin:2.10.3:jar (default) @ shenyu-client-http ---
[INFO] Skipping javadoc generation
[INFO] 
[INFO] --- apache-rat-plugin:0.13:check (default) @ shenyu-client-http ---
[INFO] RAT will not execute since it is configured to be skipped via system property 'rat.skip'.
[INFO] 
[INFO] --- maven-install-plugin:2.5.2:install (default-install) @ shenyu-client-http ---
[INFO] Installing /home/srafi/after-cam-ready/compare_/compile_repair_output/work/b3ebf0b955a6/shenyu-client/shenyu-client-http/pom.xml to /home/srafi/.m2/repository/org/apache/shenyu/shenyu-client-http/2.5.1-SNAPSHOT/shenyu-client-http-2.5.1-SNAPSHOT.pom
[INFO] 
[INFO] -------------< org.apache.shenyu:shenyu-client-springmvc >--------------
[INFO] Building shenyu-client-springmvc 2.5.1-SNAPSHOT                  [17/17]
[INFO] --------------------------------[ jar ]---------------------------------
[INFO] 
[INFO] --- maven-clean-plugin:3.1.0:clean (default-clean) @ shenyu-client-springmvc ---
[INFO] 
[INFO] --- maven-enforcer-plugin:1.4.1:enforce (enforce-maven-version) @ shenyu-client-springmvc ---
[INFO] Skipping Rule Enforcement.
[INFO] 
[INFO] --- maven-checkstyle-plugin:3.1.0:check (validate) @ shenyu-client-springmvc ---
[INFO] 
[INFO] --- jacoco-maven-plugin:0.8.7:prepare-agent (default) @ shenyu-client-springmvc ---
[INFO] argLine set to -javaagent:/home/srafi/.m2/repository/org/jacoco/org.jacoco.agent/0.8.7/org.jacoco.agent-0.8.7-runtime.jar=destfile=/home/srafi/after-cam-ready/compare_/compile_repair_output/work/b3ebf0b955a6/shenyu-client/shenyu-client-http/shenyu-client-springmvc/target/jacoco.exec
[INFO] 
[INFO] --- maven-remote-resources-plugin:1.5:process (process-resource-bundles) @ shenyu-client-springmvc ---
[INFO] artifact io.grpc:grpc-api: checking for updates from central
[INFO] 
[INFO] --- maven-resources-plugin:3.1.0:resources (default-resources) @ shenyu-client-springmvc ---
[INFO] Using 'UTF-8' encoding to copy filtered resources.
[INFO] skip non existing resourceDirectory /home/srafi/after-cam-ready/compare_/compile_repair_output/work/b3ebf0b955a6/shenyu-client/shenyu-client-http/shenyu-client-springmvc/src/main/resources
[INFO] Copying 3 resources
[INFO] 
[INFO] --- maven-compiler-plugin:3.7.0:compile (default-compile) @ shenyu-client-springmvc ---
[INFO] Changes detected - recompiling the module!
[INFO] Compiling 8 source files to /home/srafi/after-cam-ready/compare_/compile_repair_output/work/b3ebf0b955a6/shenyu-client/shenyu-client-http/shenyu-client-springmvc/target/classes
[INFO] 
[INFO] --- maven-resources-plugin:3.1.0:testResources (default-testResources) @ shenyu-client-springmvc ---
[INFO] Using 'UTF-8' encoding to copy filtered resources.
[INFO] skip non existing resourceDirectory /home/srafi/after-cam-ready/compare_/compile_repair_output/work/b3ebf0b955a6/shenyu-client/shenyu-client-http/shenyu-client-springmvc/src/test/resources
[INFO] Copying 3 resources
[INFO] 
[INFO] --- maven-compiler-plugin:3.7.0:testCompile (default-testCompile) @ shenyu-client-springmvc ---
[INFO] Changes detected - recompiling the module!
[INFO] Compiling 7 source files to /home/srafi/after-cam-ready/compare_/compile_repair_output/work/b3ebf0b955a6/shenyu-client/shenyu-client-http/shenyu-client-springmvc/target/test-classes
[INFO] /home/srafi/after-cam-ready/compare_/compile_repair_output/work/b3ebf0b955a6/shenyu-client/shenyu-client-http/shenyu-client-springmvc/src/test/java/org/apache/shenyu/client/springmvc/annotation/ShenyuPutMappingTest.java: Some input files use or override a deprecated API.
[INFO] /home/srafi/after-cam-ready/compare_/compile_repair_output/work/b3ebf0b955a6/shenyu-client/shenyu-client-http/shenyu-client-springmvc/src/test/java/org/apache/shenyu/client/springmvc/annotation/ShenyuPutMappingTest.java: Recompile with -Xlint:deprecation for details.
[INFO] 
[INFO] --- maven-surefire-plugin:3.0.0-M4:test (default-test) @ shenyu-client-springmvc ---
[INFO] Tests are skipped.
[INFO] 
[INFO] --- jacoco-maven-plugin:0.8.7:report (report) @ shenyu-client-springmvc ---
[INFO] Skipping JaCoCo execution due to missing execution data file.
[INFO] 
[INFO] --- maven-jar-plugin:3.1.0:jar (default-jar) @ shenyu-client-springmvc ---
[INFO] Building jar: /home/srafi/after-cam-ready/compare_/compile_repair_output/work/b3ebf0b955a6/shenyu-client/shenyu-client-http/shenyu-client-springmvc/target/shenyu-client-springmvc-2.5.1-SNAPSHOT.jar
[INFO] 
[INFO] --- maven-site-plugin:3.7.1:attach-descriptor (attach-descriptor) @ shenyu-client-springmvc ---
[INFO] Skipping because packaging 'jar' is not pom.
[INFO] 
[INFO] --- maven-source-plugin:3.0.1:jar-no-fork (default) @ shenyu-client-springmvc ---
[INFO] Building jar: /home/srafi/after-cam-ready/compare_/compile_repair_output/work/b3ebf0b955a6/shenyu-client/shenyu-client-http/shenyu-client-springmvc/target/shenyu-client-springmvc-2.5.1-SNAPSHOT-sources.jar
[INFO] 
[INFO] --- maven-javadoc-plugin:2.10.3:jar (default) @ shenyu-client-springmvc ---
[INFO] Skipping javadoc generation
[INFO] 
[INFO] --- apache-rat-plugin:0.13:check (default) @ shenyu-client-springmvc ---
[INFO] RAT will not execute since it is configured to be skipped via system property 'rat.skip'.
[INFO] 
[INFO] --- maven-install-plugin:2.5.2:install (default-install) @ shenyu-client-springmvc ---
[INFO] Installing /home/srafi/after-cam-ready/compare_/compile_repair_output/work/b3ebf0b955a6/shenyu-client/shenyu-client-http/shenyu-client-springmvc/target/shenyu-client-springmvc-2.5.1-SNAPSHOT.jar to /home/srafi/.m2/repository/org/apache/shenyu/shenyu-client-springmvc/2.5.1-SNAPSHOT/shenyu-client-springmvc-2.5.1-SNAPSHOT.jar
[INFO] Installing /home/srafi/after-cam-ready/compare_/compile_repair_output/work/b3ebf0b955a6/shenyu-client/shenyu-client-http/shenyu-client-springmvc/pom.xml to /home/srafi/.m2/repository/org/apache/shenyu/shenyu-client-springmvc/2.5.1-SNAPSHOT/shenyu-client-springmvc-2.5.1-SNAPSHOT.pom
[INFO] Installing /home/srafi/after-cam-ready/compare_/compile_repair_output/work/b3ebf0b955a6/shenyu-client/shenyu-client-http/shenyu-client-springmvc/target/shenyu-client-springmvc-2.5.1-SNAPSHOT-sources.jar to /home/srafi/.m2/repository/org/apache/shenyu/shenyu-client-springmvc/2.5.1-SNAPSHOT/shenyu-client-springmvc-2.5.1-SNAPSHOT-sources.jar
[INFO] ------------------------------------------------------------------------
[INFO] Reactor Summary for shenyu 2.5.1-SNAPSHOT:
[INFO] 
[INFO] shenyu ............................................. SUCCESS [  1.208 s]
[INFO] shenyu-common ...................................... SUCCESS [  2.092 s]
[INFO] shenyu-disruptor ................................... SUCCESS [  0.110 s]
[INFO] shenyu-spi ......................................... SUCCESS [  0.150 s]
[INFO] shenyu-register-center ............................. SUCCESS [  0.044 s]
[INFO] shenyu-register-common ............................. SUCCESS [  0.161 s]
[INFO] shenyu-register-client ............................. SUCCESS [  0.035 s]
[INFO] shenyu-register-client-api ......................... SUCCESS [  0.118 s]
[INFO] shenyu-register-client-http ........................ SUCCESS [  0.206 s]
[INFO] shenyu-register-client-zookeeper ................... SUCCESS [  0.328 s]
[INFO] shenyu-register-client-etcd ........................ SUCCESS [  0.859 s]
[INFO] shenyu-register-client-consul ...................... SUCCESS [  0.148 s]
[INFO] shenyu-register-client-nacos ....................... SUCCESS [  0.252 s]
[INFO] shenyu-client ...................................... SUCCESS [  0.172 s]
[INFO] shenyu-client-core ................................. SUCCESS [  0.415 s]
[INFO] shenyu-client-http ................................. SUCCESS [  0.037 s]
[INFO] shenyu-client-springmvc ............................ SUCCESS [  0.391 s]
[INFO] ------------------------------------------------------------------------
[INFO] BUILD SUCCESS
[INFO] ------------------------------------------------------------------------
[INFO] Total time:  7.250 s
[INFO] Finished at: 2026-08-15T16:05:16-04:00
[INFO] ------------------------------------------------------------------------
