JAVA_HOME=/usr/lib/jvm/java-8-openjdk-amd64
COMMAND=bash /home/srafi/after-cam-ready/compare_/compile_repair_output/work/9ac5affa131c/mvnw -B clean install -DskipTests -U -pl spring-ws-security -am -Ddependency-check.skip=true -Dgpg.skip=true -DfailIfNoTests=false -Dskip.installnodenpm=true -Dskip.npm=true -Dskip.yarn=true -Dlicense.skip=true -Dcheckstyle.skip=true -Drat.skip=true -Denforcer.skip=true -Danimal.sniffer.skip=true -Dmaven.javadoc.skip=true -Dfindbugs.skip=true -Dspotbugs.skip=true -Dwarbucks.skip=true -Dmodernizer.skip=true -Dimpsort.skip=true -Dmdep.analyze.skip=true -Dpgpverify.skip=true -Dxml.skip=true -Dcobertura.skip=true

/home/srafi/after-cam-ready/compare_/compile_repair_output/work/9ac5affa131c
[INFO] Scanning for projects...
[INFO] ------------------------------------------------------------------------
[INFO] Reactor Build Order:
[INFO] 
[INFO] Spring Web Services
[INFO] spring-xml
[INFO] spring-ws-core
[INFO] spring-ws-security
[INFO] 
[INFO] ------------------------------------------------------------------------
[INFO] Building Spring Web Services 3.0.5.BUILD-SNAPSHOT
[INFO] ------------------------------------------------------------------------
[INFO] 
[INFO] --- maven-clean-plugin:2.5:clean (default-clean) @ spring-ws ---
[INFO] 
[INFO] --- maven-install-plugin:2.4:install (default-install) @ spring-ws ---
[INFO] Installing /home/srafi/after-cam-ready/compare_/compile_repair_output/work/9ac5affa131c/pom.xml to /home/srafi/.m2/repository/org/springframework/ws/spring-ws/3.0.5.BUILD-SNAPSHOT/spring-ws-3.0.5.BUILD-SNAPSHOT.pom
[INFO] 
[INFO] ------------------------------------------------------------------------
[INFO] Building spring-xml 3.0.5.BUILD-SNAPSHOT
[INFO] ------------------------------------------------------------------------
[INFO] 
[INFO] --- maven-clean-plugin:2.5:clean (default-clean) @ spring-xml ---
[INFO] 
[INFO] --- maven-resources-plugin:2.6:resources (default-resources) @ spring-xml ---
[INFO] Using 'UTF-8' encoding to copy filtered resources.
[INFO] skip non existing resourceDirectory /home/srafi/after-cam-ready/compare_/compile_repair_output/work/9ac5affa131c/spring-xml/src/main/resources
[INFO] 
[INFO] --- maven-compiler-plugin:3.6.1:compile (default-compile) @ spring-xml ---
[INFO] Changes detected - recompiling the module!
[INFO] Compiling 40 source files to /home/srafi/after-cam-ready/compare_/compile_repair_output/work/9ac5affa131c/spring-xml/target/classes
[INFO] 
[INFO] --- maven-resources-plugin:2.6:testResources (default-testResources) @ spring-xml ---
[INFO] Using 'UTF-8' encoding to copy filtered resources.
[INFO] Copying 35 resources
[INFO] 
[INFO] --- maven-compiler-plugin:3.6.1:testCompile (default-testCompile) @ spring-xml ---
[INFO] Changes detected - recompiling the module!
[INFO] Compiling 26 source files to /home/srafi/after-cam-ready/compare_/compile_repair_output/work/9ac5affa131c/spring-xml/target/test-classes
[INFO] 
[INFO] --- maven-surefire-plugin:2.22.1:test (default-test) @ spring-xml ---
[INFO] Tests are skipped.
[INFO] 
[INFO] --- maven-jar-plugin:2.4:jar (default-jar) @ spring-xml ---
[INFO] Building jar: /home/srafi/after-cam-ready/compare_/compile_repair_output/work/9ac5affa131c/spring-xml/target/spring-xml-3.0.5.BUILD-SNAPSHOT.jar
[INFO] 
[INFO] --- maven-install-plugin:2.4:install (default-install) @ spring-xml ---
[INFO] Installing /home/srafi/after-cam-ready/compare_/compile_repair_output/work/9ac5affa131c/spring-xml/target/spring-xml-3.0.5.BUILD-SNAPSHOT.jar to /home/srafi/.m2/repository/org/springframework/ws/spring-xml/3.0.5.BUILD-SNAPSHOT/spring-xml-3.0.5.BUILD-SNAPSHOT.jar
[INFO] Installing /home/srafi/after-cam-ready/compare_/compile_repair_output/work/9ac5affa131c/spring-xml/pom.xml to /home/srafi/.m2/repository/org/springframework/ws/spring-xml/3.0.5.BUILD-SNAPSHOT/spring-xml-3.0.5.BUILD-SNAPSHOT.pom
[INFO] 
[INFO] ------------------------------------------------------------------------
[INFO] Building spring-ws-core 3.0.5.BUILD-SNAPSHOT
[INFO] ------------------------------------------------------------------------
[INFO] 
[INFO] --- maven-clean-plugin:2.5:clean (default-clean) @ spring-ws-core ---
[INFO] 
[INFO] --- maven-resources-plugin:2.6:resources (default-resources) @ spring-ws-core ---
[INFO] Using 'UTF-8' encoding to copy filtered resources.
[INFO] Copying 8 resources
[INFO] 
[INFO] --- maven-compiler-plugin:3.6.1:compile (default-compile) @ spring-ws-core ---
[INFO] Changes detected - recompiling the module!
[INFO] Compiling 331 source files to /home/srafi/after-cam-ready/compare_/compile_repair_output/work/9ac5affa131c/spring-ws-core/target/classes
[INFO] 
[INFO] --- maven-resources-plugin:2.6:testResources (default-testResources) @ spring-ws-core ---
[INFO] Using 'UTF-8' encoding to copy filtered resources.
[INFO] Copying 102 resources
[INFO] 
[INFO] --- maven-compiler-plugin:3.6.1:testCompile (default-testCompile) @ spring-ws-core ---
[INFO] Changes detected - recompiling the module!
[INFO] Compiling 188 source files to /home/srafi/after-cam-ready/compare_/compile_repair_output/work/9ac5affa131c/spring-ws-core/target/test-classes
[INFO] /home/srafi/after-cam-ready/compare_/compile_repair_output/work/9ac5affa131c/spring-ws-core/src/test/java/org/springframework/ws/config/WebServiceNamespaceHandlerTest.java: Some input files use or override a deprecated API.
[INFO] /home/srafi/after-cam-ready/compare_/compile_repair_output/work/9ac5affa131c/spring-ws-core/src/test/java/org/springframework/ws/config/WebServiceNamespaceHandlerTest.java: Recompile with -Xlint:deprecation for details.
[INFO] 
[INFO] --- maven-surefire-plugin:2.22.1:test (default-test) @ spring-ws-core ---
[INFO] Tests are skipped.
[INFO] 
[INFO] --- maven-jar-plugin:2.4:jar (default-jar) @ spring-ws-core ---
[INFO] Building jar: /home/srafi/after-cam-ready/compare_/compile_repair_output/work/9ac5affa131c/spring-ws-core/target/spring-ws-core-3.0.5.BUILD-SNAPSHOT.jar
[INFO] 
[INFO] --- maven-install-plugin:2.4:install (default-install) @ spring-ws-core ---
[INFO] Installing /home/srafi/after-cam-ready/compare_/compile_repair_output/work/9ac5affa131c/spring-ws-core/target/spring-ws-core-3.0.5.BUILD-SNAPSHOT.jar to /home/srafi/.m2/repository/org/springframework/ws/spring-ws-core/3.0.5.BUILD-SNAPSHOT/spring-ws-core-3.0.5.BUILD-SNAPSHOT.jar
[INFO] Installing /home/srafi/after-cam-ready/compare_/compile_repair_output/work/9ac5affa131c/spring-ws-core/pom.xml to /home/srafi/.m2/repository/org/springframework/ws/spring-ws-core/3.0.5.BUILD-SNAPSHOT/spring-ws-core-3.0.5.BUILD-SNAPSHOT.pom
[INFO] 
[INFO] ------------------------------------------------------------------------
[INFO] Building spring-ws-security 3.0.5.BUILD-SNAPSHOT
[INFO] ------------------------------------------------------------------------
[INFO] 
[INFO] --- maven-clean-plugin:2.5:clean (default-clean) @ spring-ws-security ---
[INFO] 
[INFO] --- maven-resources-plugin:2.6:resources (default-resources) @ spring-ws-security ---
[INFO] Using 'UTF-8' encoding to copy filtered resources.
[INFO] skip non existing resourceDirectory /home/srafi/after-cam-ready/compare_/compile_repair_output/work/9ac5affa131c/spring-ws-security/src/main/resources
[INFO] 
[INFO] --- maven-compiler-plugin:3.6.1:compile (default-compile) @ spring-ws-security ---
[INFO] Changes detected - recompiling the module!
[INFO] Compiling 50 source files to /home/srafi/after-cam-ready/compare_/compile_repair_output/work/9ac5affa131c/spring-ws-security/target/classes
[INFO] 
[INFO] --- maven-resources-plugin:2.6:testResources (default-testResources) @ spring-ws-security ---
[INFO] Using 'UTF-8' encoding to copy filtered resources.
[INFO] Copying 53 resources
[INFO] 
[INFO] --- maven-compiler-plugin:3.6.1:testCompile (default-testCompile) @ spring-ws-security ---
[INFO] Changes detected - recompiling the module!
[INFO] Compiling 60 source files to /home/srafi/after-cam-ready/compare_/compile_repair_output/work/9ac5affa131c/spring-ws-security/target/test-classes
[INFO] 
[INFO] --- maven-surefire-plugin:2.22.1:test (default-test) @ spring-ws-security ---
[INFO] Tests are skipped.
[INFO] 
[INFO] --- maven-jar-plugin:2.4:jar (default-jar) @ spring-ws-security ---
[INFO] Building jar: /home/srafi/after-cam-ready/compare_/compile_repair_output/work/9ac5affa131c/spring-ws-security/target/spring-ws-security-3.0.5.BUILD-SNAPSHOT.jar
[INFO] 
[INFO] --- maven-install-plugin:2.4:install (default-install) @ spring-ws-security ---
[INFO] Installing /home/srafi/after-cam-ready/compare_/compile_repair_output/work/9ac5affa131c/spring-ws-security/target/spring-ws-security-3.0.5.BUILD-SNAPSHOT.jar to /home/srafi/.m2/repository/org/springframework/ws/spring-ws-security/3.0.5.BUILD-SNAPSHOT/spring-ws-security-3.0.5.BUILD-SNAPSHOT.jar
[INFO] Installing /home/srafi/after-cam-ready/compare_/compile_repair_output/work/9ac5affa131c/spring-ws-security/pom.xml to /home/srafi/.m2/repository/org/springframework/ws/spring-ws-security/3.0.5.BUILD-SNAPSHOT/spring-ws-security-3.0.5.BUILD-SNAPSHOT.pom
[INFO] ------------------------------------------------------------------------
[INFO] Reactor Summary:
[INFO] 
[INFO] Spring Web Services ................................ SUCCESS [  0.141 s]
[INFO] spring-xml ......................................... SUCCESS [  1.104 s]
[INFO] spring-ws-core ..................................... SUCCESS [  1.542 s]
[INFO] spring-ws-security ................................. SUCCESS [  0.421 s]
[INFO] ------------------------------------------------------------------------
[INFO] BUILD SUCCESS
[INFO] ------------------------------------------------------------------------
[INFO] Total time: 3.310 s
[INFO] Finished at: 2026-08-15T16:59:46-04:00
[INFO] Final Memory: 42M/585M
[INFO] ------------------------------------------------------------------------
