JAVA_HOME=/usr/lib/jvm/java-8-openjdk-amd64
COMMAND=mvn -B clean install -DskipTests -U -pl tobago-core -am -Ddependency-check.skip=true -Dgpg.skip=true -DfailIfNoTests=false -Dskip.installnodenpm=true -Dskip.npm=true -Dskip.yarn=true -Dlicense.skip=true -Dcheckstyle.skip=true -Drat.skip=true -Denforcer.skip=true -Danimal.sniffer.skip=true -Dmaven.javadoc.skip=true -Dfindbugs.skip=true -Dspotbugs.skip=true -Dwarbucks.skip=true -Dmodernizer.skip=true -Dimpsort.skip=true -Dmdep.analyze.skip=true -Dpgpverify.skip=true -Dxml.skip=true -Dcobertura.skip=true

[INFO] Scanning for projects...
[INFO] Downloading from central: https://repo.maven.apache.org/maven2/org/apache/myfaces/myfaces/19/myfaces-19.pom
[INFO] Downloaded from central: https://repo.maven.apache.org/maven2/org/apache/myfaces/myfaces/19/myfaces-19.pom (40 kB at 143 kB/s)
Warning: KebabPizza disabling incompatible org.apache.rat:apache-rat-plugin from tobago
Warning: KebabPizza disabling incompatible org.apache.maven.plugins:maven-enforcer-plugin from tobago
Warning: KebabPizza disabling incompatible org.apache.rat:apache-rat-plugin from tobago-tool
Warning: KebabPizza disabling incompatible org.apache.maven.plugins:maven-enforcer-plugin from tobago-tool
Warning: KebabPizza disabling incompatible org.apache.rat:apache-rat-plugin from tobago-tool-annotation
Warning: KebabPizza disabling incompatible org.apache.maven.plugins:maven-enforcer-plugin from tobago-tool-annotation
Warning: KebabPizza disabling incompatible org.apache.rat:apache-rat-plugin from tobago-tool-apt
Warning: KebabPizza disabling incompatible org.apache.maven.plugins:maven-enforcer-plugin from tobago-tool-apt
Warning: KebabPizza disabling incompatible org.apache.rat:apache-rat-plugin from tobago-core
Warning: KebabPizza disabling incompatible org.apache.maven.plugins:maven-enforcer-plugin from tobago-core
[INFO] ------------------------------------------------------------------------
[INFO] Reactor Build Order:
[INFO] 
[INFO] Apache Tobago                                                      [pom]
[INFO] Tobago Tool                                                        [pom]
[INFO] Tobago Tool Annotation                                             [jar]
[INFO] Tobago Tool Apt                                                    [jar]
[INFO] Tobago Core                                                        [jar]
[INFO] 
[INFO] ------------------< org.apache.myfaces.tobago:tobago >------------------
[INFO] Building Apache Tobago 6.6.1-SNAPSHOT                              [1/5]
[INFO] --------------------------------[ pom ]---------------------------------
[INFO] Downloading from central: https://repo.maven.apache.org/maven2/de/thetaphi/forbiddenapis/3.8/forbiddenapis-3.8.pom
[INFO] Downloaded from central: https://repo.maven.apache.org/maven2/de/thetaphi/forbiddenapis/3.8/forbiddenapis-3.8.pom (2.9 kB at 61 kB/s)
[INFO] Downloading from central: https://repo.maven.apache.org/maven2/de/thetaphi/forbiddenapis/3.8/forbiddenapis-3.8.jar
[INFO] Downloaded from central: https://repo.maven.apache.org/maven2/de/thetaphi/forbiddenapis/3.8/forbiddenapis-3.8.jar (454 kB at 5.9 MB/s)
[INFO] Downloading from central: https://repo.maven.apache.org/maven2/org/testcontainers/testcontainers/1.20.3/testcontainers-1.20.3.pom
[INFO] Downloaded from central: https://repo.maven.apache.org/maven2/org/testcontainers/testcontainers/1.20.3/testcontainers-1.20.3.pom (2.6 kB at 50 kB/s)
[INFO] Downloading from central: https://repo.maven.apache.org/maven2/com/github/docker-java/docker-java-api/3.4.0/docker-java-api-3.4.0.pom
[INFO] Downloaded from central: https://repo.maven.apache.org/maven2/com/github/docker-java/docker-java-api/3.4.0/docker-java-api-3.4.0.pom (2.4 kB at 62 kB/s)
[INFO] Downloading from central: https://repo.maven.apache.org/maven2/com/github/docker-java/docker-java-parent/3.4.0/docker-java-parent-3.4.0.pom
[INFO] Downloaded from central: https://repo.maven.apache.org/maven2/com/github/docker-java/docker-java-parent/3.4.0/docker-java-parent-3.4.0.pom (12 kB at 267 kB/s)
[INFO] Downloading from central: https://repo.maven.apache.org/maven2/com/github/docker-java/docker-java-transport-zerodep/3.4.0/docker-java-transport-zerodep-3.4.0.pom
[INFO] Downloaded from central: https://repo.maven.apache.org/maven2/com/github/docker-java/docker-java-transport-zerodep/3.4.0/docker-java-transport-zerodep-3.4.0.pom (4.1 kB at 110 kB/s)
[INFO] Downloading from central: https://repo.maven.apache.org/maven2/com/github/docker-java/docker-java-transport/3.4.0/docker-java-transport-3.4.0.pom
[INFO] Downloaded from central: https://repo.maven.apache.org/maven2/com/github/docker-java/docker-java-transport/3.4.0/docker-java-transport-3.4.0.pom (1.6 kB at 42 kB/s)
[INFO] Downloading from central: https://repo.maven.apache.org/maven2/org/testcontainers/junit-jupiter/1.20.3/junit-jupiter-1.20.3.pom
[INFO] Downloaded from central: https://repo.maven.apache.org/maven2/org/testcontainers/junit-jupiter/1.20.3/junit-jupiter-1.20.3.pom (1.5 kB at 31 kB/s)
[INFO] Downloading from central: https://repo.maven.apache.org/maven2/ch/qos/logback/logback-classic/1.5.12/logback-classic-1.5.12.pom
[INFO] Downloaded from central: https://repo.maven.apache.org/maven2/ch/qos/logback/logback-classic/1.5.12/logback-classic-1.5.12.pom (13 kB at 283 kB/s)
[INFO] Downloading from central: https://repo.maven.apache.org/maven2/ch/qos/logback/logback-parent/1.5.12/logback-parent-1.5.12.pom
[INFO] Downloaded from central: https://repo.maven.apache.org/maven2/ch/qos/logback/logback-parent/1.5.12/logback-parent-1.5.12.pom (18 kB at 438 kB/s)
[INFO] Downloading from central: https://repo.maven.apache.org/maven2/ch/qos/logback/logback-core/1.5.12/logback-core-1.5.12.pom
[INFO] Downloaded from central: https://repo.maven.apache.org/maven2/ch/qos/logback/logback-core/1.5.12/logback-core-1.5.12.pom (7.9 kB at 198 kB/s)
[INFO] Downloading from central: https://repo.maven.apache.org/maven2/jakarta/servlet/jakarta.servlet-api/6.0.0/jakarta.servlet-api-6.0.0.pom
[INFO] Downloaded from central: https://repo.maven.apache.org/maven2/jakarta/servlet/jakarta.servlet-api/6.0.0/jakarta.servlet-api-6.0.0.pom (19 kB at 462 kB/s)
[INFO] Downloading from central: https://repo.maven.apache.org/maven2/jakarta/el/jakarta.el-api/5.0.1/jakarta.el-api-5.0.1.pom
[INFO] Downloaded from central: https://repo.maven.apache.org/maven2/jakarta/el/jakarta.el-api/5.0.1/jakarta.el-api-5.0.1.pom (12 kB at 298 kB/s)
[INFO] Downloading from central: https://repo.maven.apache.org/maven2/org/testcontainers/testcontainers/1.20.3/testcontainers-1.20.3.jar
[INFO] Downloading from central: https://repo.maven.apache.org/maven2/org/slf4j/slf4j-api/2.0.16/slf4j-api-2.0.16.jar
[INFO] Downloading from central: https://repo.maven.apache.org/maven2/com/github/docker-java/docker-java-api/3.4.0/docker-java-api-3.4.0.jar
[INFO] Downloading from central: https://repo.maven.apache.org/maven2/com/github/docker-java/docker-java-transport-zerodep/3.4.0/docker-java-transport-zerodep-3.4.0.jar
[INFO] Downloading from central: https://repo.maven.apache.org/maven2/com/github/docker-java/docker-java-transport/3.4.0/docker-java-transport-3.4.0.jar
[INFO] Downloaded from central: https://repo.maven.apache.org/maven2/com/github/docker-java/docker-java-transport/3.4.0/docker-java-transport-3.4.0.jar (39 kB at 602 kB/s)
[INFO] Downloading from central: https://repo.maven.apache.org/maven2/org/testcontainers/junit-jupiter/1.20.3/junit-jupiter-1.20.3.jar
[INFO] Downloaded from central: https://repo.maven.apache.org/maven2/org/slf4j/slf4j-api/2.0.16/slf4j-api-2.0.16.jar (69 kB at 1.1 MB/s)
[INFO] Downloading from central: https://repo.maven.apache.org/maven2/ch/qos/logback/logback-classic/1.5.12/logback-classic-1.5.12.jar
[INFO] Downloaded from central: https://repo.maven.apache.org/maven2/com/github/docker-java/docker-java-api/3.4.0/docker-java-api-3.4.0.jar (485 kB at 5.5 MB/s)
[INFO] Downloading from central: https://repo.maven.apache.org/maven2/ch/qos/logback/logback-core/1.5.12/logback-core-1.5.12.jar
[INFO] Downloaded from central: https://repo.maven.apache.org/maven2/org/testcontainers/junit-jupiter/1.20.3/junit-jupiter-1.20.3.jar (15 kB at 137 kB/s)
[INFO] Downloading from central: https://repo.maven.apache.org/maven2/jakarta/servlet/jakarta.servlet-api/6.0.0/jakarta.servlet-api-6.0.0.jar
[INFO] Downloaded from central: https://repo.maven.apache.org/maven2/ch/qos/logback/logback-classic/1.5.12/logback-classic-1.5.12.jar (306 kB at 2.5 MB/s)
[INFO] Downloading from central: https://repo.maven.apache.org/maven2/jakarta/el/jakarta.el-api/5.0.1/jakarta.el-api-5.0.1.jar
[INFO] Downloaded from central: https://repo.maven.apache.org/maven2/com/github/docker-java/docker-java-transport-zerodep/3.4.0/docker-java-transport-zerodep-3.4.0.jar (2.3 MB at 17 MB/s)
[INFO] Downloaded from central: https://repo.maven.apache.org/maven2/ch/qos/logback/logback-core/1.5.12/logback-core-1.5.12.jar (629 kB at 4.6 MB/s)
[INFO] Downloaded from central: https://repo.maven.apache.org/maven2/jakarta/servlet/jakarta.servlet-api/6.0.0/jakarta.servlet-api-6.0.0.jar (348 kB at 2.4 MB/s)
[INFO] Downloaded from central: https://repo.maven.apache.org/maven2/jakarta/el/jakarta.el-api/5.0.1/jakarta.el-api-5.0.1.jar (88 kB at 570 kB/s)
[INFO] Downloaded from central: https://repo.maven.apache.org/maven2/org/testcontainers/testcontainers/1.20.3/testcontainers-1.20.3.jar (18 MB at 62 MB/s)
[INFO] 
[INFO] --- maven-clean-plugin:3.1.0:clean (default-clean) @ tobago ---
[INFO] 
[INFO] --- maven-remote-resources-plugin:3.2.0:process (default) @ tobago ---
[INFO] Preparing remote bundle org.apache:apache-jar-resource-bundle:1.4
[INFO] Copying 3 resources from 1 bundle.
[INFO] 
[INFO] --- maven-remote-resources-plugin:3.2.0:process (process-resource-bundles) @ tobago ---
[INFO] Preparing remote bundle org.apache:apache-jar-resource-bundle:1.4
[INFO] Copying 3 resources from 1 bundle.
[INFO] 
[INFO] --- maven-site-plugin:3.7.1:attach-descriptor (attach-descriptor) @ tobago ---
[INFO] No site descriptor found: nothing to attach.
[INFO] 
[INFO] --- forbiddenapis:3.8:check (default) @ tobago ---
[INFO] Skipping execution for packaging "pom"
[INFO] 
[INFO] --- forbiddenapis:3.8:testCheck (default) @ tobago ---
[INFO] Skipping execution for packaging "pom"
[INFO] 
[INFO] --- maven-install-plugin:3.1.3:install (default-install) @ tobago ---
[INFO] Installing /home/srafi/after-cam-ready/compare_/compile_repair_output/work/e2a0d43b6025/pom.xml to /home/srafi/.m2/repository/org/apache/myfaces/tobago/tobago/6.6.1-SNAPSHOT/tobago-6.6.1-SNAPSHOT.pom
[INFO] 
[INFO] ---------------< org.apache.myfaces.tobago:tobago-tool >----------------
[INFO] Building Tobago Tool 6.6.1-SNAPSHOT                                [2/5]
[INFO] --------------------------------[ pom ]---------------------------------
[INFO] 
[INFO] --- maven-clean-plugin:3.1.0:clean (default-clean) @ tobago-tool ---
[INFO] 
[INFO] --- maven-remote-resources-plugin:3.2.0:process (default) @ tobago-tool ---
[INFO] Preparing remote bundle org.apache:apache-jar-resource-bundle:1.4
[INFO] Copying 3 resources from 1 bundle.
[INFO] 
[INFO] --- maven-remote-resources-plugin:3.2.0:process (process-resource-bundles) @ tobago-tool ---
[INFO] Preparing remote bundle org.apache:apache-jar-resource-bundle:1.4
[INFO] Copying 3 resources from 1 bundle.
[INFO] 
[INFO] --- maven-site-plugin:3.7.1:attach-descriptor (attach-descriptor) @ tobago-tool ---
[INFO] No site descriptor found: nothing to attach.
[INFO] 
[INFO] --- forbiddenapis:3.8:check (default) @ tobago-tool ---
[INFO] Skipping execution for packaging "pom"
[INFO] 
[INFO] --- forbiddenapis:3.8:testCheck (default) @ tobago-tool ---
[INFO] Skipping execution for packaging "pom"
[INFO] 
[INFO] --- maven-install-plugin:3.1.3:install (default-install) @ tobago-tool ---
[INFO] Installing /home/srafi/after-cam-ready/compare_/compile_repair_output/work/e2a0d43b6025/tobago-tool/pom.xml to /home/srafi/.m2/repository/org/apache/myfaces/tobago/tobago-tool/6.6.1-SNAPSHOT/tobago-tool-6.6.1-SNAPSHOT.pom
[INFO] 
[INFO] ----------< org.apache.myfaces.tobago:tobago-tool-annotation >----------
[INFO] Building Tobago Tool Annotation 6.6.1-SNAPSHOT                     [3/5]
[INFO] --------------------------------[ jar ]---------------------------------
[INFO] 
[INFO] --- maven-clean-plugin:3.1.0:clean (default-clean) @ tobago-tool-annotation ---
[INFO] 
[INFO] --- maven-remote-resources-plugin:3.2.0:process (default) @ tobago-tool-annotation ---
[INFO] Preparing remote bundle org.apache:apache-jar-resource-bundle:1.4
[INFO] Copying 3 resources from 1 bundle.
[INFO] 
[INFO] --- maven-remote-resources-plugin:3.2.0:process (process-resource-bundles) @ tobago-tool-annotation ---
[INFO] Preparing remote bundle org.apache:apache-jar-resource-bundle:1.4
[INFO] Copying 3 resources from 1 bundle.
[INFO] 
[INFO] --- maven-resources-plugin:3.3.1:resources (default-resources) @ tobago-tool-annotation ---
[INFO] skip non existing resourceDirectory /home/srafi/after-cam-ready/compare_/compile_repair_output/work/e2a0d43b6025/tobago-tool/tobago-tool-annotation/src/main/resources
[INFO] Copying 3 resources from target/maven-shared-archive-resources to target/classes
[INFO] Copying 3 resources from target/maven-shared-archive-resources to target/classes
[INFO] 
[INFO] --- maven-compiler-plugin:3.13.0:compile (default-compile) @ tobago-tool-annotation ---
[INFO] Compiling 18 source files with javac [debug release 17] to target/classes
[INFO] -------------------------------------------------------------
[WARNING] COMPILATION WARNING : 
[INFO] -------------------------------------------------------------
[WARNING] bootstrap class path not set in conjunction with -source 1.3
[WARNING] source value 1.3 is obsolete and will be removed in a future release
[WARNING] target value 1.3 is obsolete and will be removed in a future release
[WARNING] To suppress warnings about obsolete options, use -Xlint:-options.
[INFO] 4 warnings 
[INFO] -------------------------------------------------------------
[INFO] -------------------------------------------------------------
[ERROR] COMPILATION ERROR : 
[INFO] -------------------------------------------------------------
[ERROR] /home/srafi/after-cam-ready/compare_/compile_repair_output/work/e2a0d43b6025/tobago-tool/tobago-tool-annotation/src/main/java/org/apache/myfaces/tobago/apt/annotation/Behavior.java:[27,2] annotations are not supported in -source 1.3
  (use -source 5 or higher to enable annotations)
[ERROR] /home/srafi/after-cam-ready/compare_/compile_repair_output/work/e2a0d43b6025/tobago-tool/tobago-tool-annotation/src/main/java/org/apache/myfaces/tobago/apt/annotation/BodyContentDescription.java:[27,2] annotations are not supported in -source 1.3
  (use -source 5 or higher to enable annotations)
[ERROR] /home/srafi/after-cam-ready/compare_/compile_repair_output/work/e2a0d43b6025/tobago-tool/tobago-tool-annotation/src/main/java/org/apache/myfaces/tobago/apt/annotation/Category.java:[22,8] enums are not supported in -source 1.3
  (use -source 5 or higher to enable enums)
[ERROR] /home/srafi/after-cam-ready/compare_/compile_repair_output/work/e2a0d43b6025/tobago-tool/tobago-tool-annotation/src/main/java/org/apache/myfaces/tobago/apt/annotation/Category.java:[26,4] annotations are not supported in -source 1.3
  (use -source 5 or higher to enable annotations)
[ERROR] /home/srafi/after-cam-ready/compare_/compile_repair_output/work/e2a0d43b6025/tobago-tool/tobago-tool-annotation/src/main/java/org/apache/myfaces/tobago/apt/annotation/Converter.java:[27,2] annotations are not supported in -source 1.3
  (use -source 5 or higher to enable annotations)
[ERROR] /home/srafi/after-cam-ready/compare_/compile_repair_output/work/e2a0d43b6025/tobago-tool/tobago-tool-annotation/src/main/java/org/apache/myfaces/tobago/apt/annotation/ConverterTag.java:[25,2] annotations are not supported in -source 1.3
  (use -source 5 or higher to enable annotations)
[ERROR] /home/srafi/after-cam-ready/compare_/compile_repair_output/work/e2a0d43b6025/tobago-tool/tobago-tool-annotation/src/main/java/org/apache/myfaces/tobago/apt/annotation/DynamicExpression.java:[22,8] enums are not supported in -source 1.3
  (use -source 5 or higher to enable enums)
[ERROR] /home/srafi/after-cam-ready/compare_/compile_repair_output/work/e2a0d43b6025/tobago-tool/tobago-tool-annotation/src/main/java/org/apache/myfaces/tobago/apt/annotation/ExtensionTag.java:[27,2] annotations are not supported in -source 1.3
  (use -source 5 or higher to enable annotations)
[ERROR] /home/srafi/after-cam-ready/compare_/compile_repair_output/work/e2a0d43b6025/tobago-tool/tobago-tool-annotation/src/main/java/org/apache/myfaces/tobago/apt/annotation/Facet.java:[27,2] annotations are not supported in -source 1.3
  (use -source 5 or higher to enable annotations)
[ERROR] /home/srafi/after-cam-ready/compare_/compile_repair_output/work/e2a0d43b6025/tobago-tool/tobago-tool-annotation/src/main/java/org/apache/myfaces/tobago/apt/annotation/Markup.java:[27,2] annotations are not supported in -source 1.3
  (use -source 5 or higher to enable annotations)
[ERROR] /home/srafi/after-cam-ready/compare_/compile_repair_output/work/e2a0d43b6025/tobago-tool/tobago-tool-annotation/src/main/java/org/apache/myfaces/tobago/apt/annotation/Preliminary.java:[31,2] annotations are not supported in -source 1.3
  (use -source 5 or higher to enable annotations)
[ERROR] /home/srafi/after-cam-ready/compare_/compile_repair_output/work/e2a0d43b6025/tobago-tool/tobago-tool-annotation/src/main/java/org/apache/myfaces/tobago/apt/annotation/SimpleTag.java:[25,2] annotations are not supported in -source 1.3
  (use -source 5 or higher to enable annotations)
[ERROR] /home/srafi/after-cam-ready/compare_/compile_repair_output/work/e2a0d43b6025/tobago-tool/tobago-tool-annotation/src/main/java/org/apache/myfaces/tobago/apt/annotation/Tag.java:[27,2] annotations are not supported in -source 1.3
  (use -source 5 or higher to enable annotations)
[ERROR] /home/srafi/after-cam-ready/compare_/compile_repair_output/work/e2a0d43b6025/tobago-tool/tobago-tool-annotation/src/main/java/org/apache/myfaces/tobago/apt/annotation/TagAttribute.java:[27,2] annotations are not supported in -source 1.3
  (use -source 5 or higher to enable annotations)
[ERROR] /home/srafi/after-cam-ready/compare_/compile_repair_output/work/e2a0d43b6025/tobago-tool/tobago-tool-annotation/src/main/java/org/apache/myfaces/tobago/apt/annotation/Taglib.java:[27,2] annotations are not supported in -source 1.3
  (use -source 5 or higher to enable annotations)
[ERROR] /home/srafi/after-cam-ready/compare_/compile_repair_output/work/e2a0d43b6025/tobago-tool/tobago-tool-annotation/src/main/java/org/apache/myfaces/tobago/apt/annotation/UIComponentTag.java:[27,2] annotations are not supported in -source 1.3
  (use -source 5 or higher to enable annotations)
[ERROR] /home/srafi/after-cam-ready/compare_/compile_repair_output/work/e2a0d43b6025/tobago-tool/tobago-tool-annotation/src/main/java/org/apache/myfaces/tobago/apt/annotation/UIComponentTagAttribute.java:[27,2] annotations are not supported in -source 1.3
  (use -source 5 or higher to enable annotations)
[ERROR] /home/srafi/after-cam-ready/compare_/compile_repair_output/work/e2a0d43b6025/tobago-tool/tobago-tool-annotation/src/main/java/org/apache/myfaces/tobago/apt/annotation/Validator.java:[27,2] annotations are not supported in -source 1.3
  (use -source 5 or higher to enable annotations)
[ERROR] /home/srafi/after-cam-ready/compare_/compile_repair_output/work/e2a0d43b6025/tobago-tool/tobago-tool-annotation/src/main/java/org/apache/myfaces/tobago/apt/annotation/ValidatorTag.java:[25,2] annotations are not supported in -source 1.3
  (use -source 5 or higher to enable annotations)
[INFO] 19 errors 
[INFO] -------------------------------------------------------------
[INFO] ------------------------------------------------------------------------
[INFO] Reactor Summary for Apache Tobago 6.6.1-SNAPSHOT:
[INFO] 
[INFO] Apache Tobago ...................................... SUCCESS [  1.692 s]
[INFO] Tobago Tool ........................................ SUCCESS [  0.027 s]
[INFO] Tobago Tool Annotation ............................. FAILURE [  0.310 s]
[INFO] Tobago Tool Apt .................................... SKIPPED
[INFO] Tobago Core ........................................ SKIPPED
[INFO] ------------------------------------------------------------------------
[INFO] BUILD FAILURE
[INFO] ------------------------------------------------------------------------
[INFO] Total time:  2.587 s
[INFO] Finished at: 2026-08-15T15:39:07-04:00
[INFO] ------------------------------------------------------------------------
[ERROR] Failed to execute goal org.apache.maven.plugins:maven-compiler-plugin:3.13.0:compile (default-compile) on project tobago-tool-annotation: Compilation failure: Compilation failure: 
[ERROR] /home/srafi/after-cam-ready/compare_/compile_repair_output/work/e2a0d43b6025/tobago-tool/tobago-tool-annotation/src/main/java/org/apache/myfaces/tobago/apt/annotation/Behavior.java:[27,2] annotations are not supported in -source 1.3
[ERROR]   (use -source 5 or higher to enable annotations)
[ERROR] /home/srafi/after-cam-ready/compare_/compile_repair_output/work/e2a0d43b6025/tobago-tool/tobago-tool-annotation/src/main/java/org/apache/myfaces/tobago/apt/annotation/BodyContentDescription.java:[27,2] annotations are not supported in -source 1.3
[ERROR]   (use -source 5 or higher to enable annotations)
[ERROR] /home/srafi/after-cam-ready/compare_/compile_repair_output/work/e2a0d43b6025/tobago-tool/tobago-tool-annotation/src/main/java/org/apache/myfaces/tobago/apt/annotation/Category.java:[22,8] enums are not supported in -source 1.3
[ERROR]   (use -source 5 or higher to enable enums)
[ERROR] /home/srafi/after-cam-ready/compare_/compile_repair_output/work/e2a0d43b6025/tobago-tool/tobago-tool-annotation/src/main/java/org/apache/myfaces/tobago/apt/annotation/Category.java:[26,4] annotations are not supported in -source 1.3
[ERROR]   (use -source 5 or higher to enable annotations)
[ERROR] /home/srafi/after-cam-ready/compare_/compile_repair_output/work/e2a0d43b6025/tobago-tool/tobago-tool-annotation/src/main/java/org/apache/myfaces/tobago/apt/annotation/Converter.java:[27,2] annotations are not supported in -source 1.3
[ERROR]   (use -source 5 or higher to enable annotations)
[ERROR] /home/srafi/after-cam-ready/compare_/compile_repair_output/work/e2a0d43b6025/tobago-tool/tobago-tool-annotation/src/main/java/org/apache/myfaces/tobago/apt/annotation/ConverterTag.java:[25,2] annotations are not supported in -source 1.3
[ERROR]   (use -source 5 or higher to enable annotations)
[ERROR] /home/srafi/after-cam-ready/compare_/compile_repair_output/work/e2a0d43b6025/tobago-tool/tobago-tool-annotation/src/main/java/org/apache/myfaces/tobago/apt/annotation/DynamicExpression.java:[22,8] enums are not supported in -source 1.3
[ERROR]   (use -source 5 or higher to enable enums)
[ERROR] /home/srafi/after-cam-ready/compare_/compile_repair_output/work/e2a0d43b6025/tobago-tool/tobago-tool-annotation/src/main/java/org/apache/myfaces/tobago/apt/annotation/ExtensionTag.java:[27,2] annotations are not supported in -source 1.3
[ERROR]   (use -source 5 or higher to enable annotations)
[ERROR] /home/srafi/after-cam-ready/compare_/compile_repair_output/work/e2a0d43b6025/tobago-tool/tobago-tool-annotation/src/main/java/org/apache/myfaces/tobago/apt/annotation/Facet.java:[27,2] annotations are not supported in -source 1.3
[ERROR]   (use -source 5 or higher to enable annotations)
[ERROR] /home/srafi/after-cam-ready/compare_/compile_repair_output/work/e2a0d43b6025/tobago-tool/tobago-tool-annotation/src/main/java/org/apache/myfaces/tobago/apt/annotation/Markup.java:[27,2] annotations are not supported in -source 1.3
[ERROR]   (use -source 5 or higher to enable annotations)
[ERROR] /home/srafi/after-cam-ready/compare_/compile_repair_output/work/e2a0d43b6025/tobago-tool/tobago-tool-annotation/src/main/java/org/apache/myfaces/tobago/apt/annotation/Preliminary.java:[31,2] annotations are not supported in -source 1.3
[ERROR]   (use -source 5 or higher to enable annotations)
[ERROR] /home/srafi/after-cam-ready/compare_/compile_repair_output/work/e2a0d43b6025/tobago-tool/tobago-tool-annotation/src/main/java/org/apache/myfaces/tobago/apt/annotation/SimpleTag.java:[25,2] annotations are not supported in -source 1.3
[ERROR]   (use -source 5 or higher to enable annotations)
[ERROR] /home/srafi/after-cam-ready/compare_/compile_repair_output/work/e2a0d43b6025/tobago-tool/tobago-tool-annotation/src/main/java/org/apache/myfaces/tobago/apt/annotation/Tag.java:[27,2] annotations are not supported in -source 1.3
[ERROR]   (use -source 5 or higher to enable annotations)
[ERROR] /home/srafi/after-cam-ready/compare_/compile_repair_output/work/e2a0d43b6025/tobago-tool/tobago-tool-annotation/src/main/java/org/apache/myfaces/tobago/apt/annotation/TagAttribute.java:[27,2] annotations are not supported in -source 1.3
[ERROR]   (use -source 5 or higher to enable annotations)
[ERROR] /home/srafi/after-cam-ready/compare_/compile_repair_output/work/e2a0d43b6025/tobago-tool/tobago-tool-annotation/src/main/java/org/apache/myfaces/tobago/apt/annotation/Taglib.java:[27,2] annotations are not supported in -source 1.3
[ERROR]   (use -source 5 or higher to enable annotations)
[ERROR] /home/srafi/after-cam-ready/compare_/compile_repair_output/work/e2a0d43b6025/tobago-tool/tobago-tool-annotation/src/main/java/org/apache/myfaces/tobago/apt/annotation/UIComponentTag.java:[27,2] annotations are not supported in -source 1.3
[ERROR]   (use -source 5 or higher to enable annotations)
[ERROR] /home/srafi/after-cam-ready/compare_/compile_repair_output/work/e2a0d43b6025/tobago-tool/tobago-tool-annotation/src/main/java/org/apache/myfaces/tobago/apt/annotation/UIComponentTagAttribute.java:[27,2] annotations are not supported in -source 1.3
[ERROR]   (use -source 5 or higher to enable annotations)
[ERROR] /home/srafi/after-cam-ready/compare_/compile_repair_output/work/e2a0d43b6025/tobago-tool/tobago-tool-annotation/src/main/java/org/apache/myfaces/tobago/apt/annotation/Validator.java:[27,2] annotations are not supported in -source 1.3
[ERROR]   (use -source 5 or higher to enable annotations)
[ERROR] /home/srafi/after-cam-ready/compare_/compile_repair_output/work/e2a0d43b6025/tobago-tool/tobago-tool-annotation/src/main/java/org/apache/myfaces/tobago/apt/annotation/ValidatorTag.java:[25,2] annotations are not supported in -source 1.3
[ERROR]   (use -source 5 or higher to enable annotations)
[ERROR] -> [Help 1]
[ERROR] 
[ERROR] To see the full stack trace of the errors, re-run Maven with the -e switch.
[ERROR] Re-run Maven using the -X switch to enable full debug logging.
[ERROR] 
[ERROR] For more information about the errors and possible solutions, please read the following articles:
[ERROR] [Help 1] http://cwiki.apache.org/confluence/display/MAVEN/MojoFailureException
[ERROR] 
[ERROR] After correcting the problems, you can resume the build with the command
[ERROR]   mvn <args> -rf :tobago-tool-annotation
