JAVA_HOME=/usr/lib/jvm/java-11-openjdk-amd64
COMMAND=mvn -B clean install -DskipTests -U -pl tobago-core -am -Ddependency-check.skip=true -Dgpg.skip=true -DfailIfNoTests=false -Dskip.installnodenpm=true -Dskip.npm=true -Dskip.yarn=true -Dlicense.skip=true -Dcheckstyle.skip=true -Drat.skip=true -Denforcer.skip=true -Danimal.sniffer.skip=true -Dmaven.javadoc.skip=true -Dfindbugs.skip=true -Dspotbugs.skip=true -Dwarbucks.skip=true -Dmodernizer.skip=true -Dimpsort.skip=true -Dmdep.analyze.skip=true -Dpgpverify.skip=true -Dxml.skip=true -Dcobertura.skip=true

[INFO] Scanning for projects...
Warning: KebabPizza disabling incompatible org.apache.rat:apache-rat-plugin from tobago
Warning: KebabPizza disabling incompatible org.apache.maven.plugins:maven-enforcer-plugin from tobago
Warning: KebabPizza disabling incompatible org.apache.rat:apache-rat-plugin from tobago-tool
Warning: KebabPizza disabling incompatible org.apache.maven.plugins:maven-enforcer-plugin from tobago-tool
Warning: KebabPizza disabling incompatible org.apache.rat:apache-rat-plugin from tobago-tool-annotation
Warning: KebabPizza disabling incompatible org.apache.maven.plugins:maven-enforcer-plugin from tobago-tool-annotation
Warning: KebabPizza disabling incompatible org.apache.rat:apache-rat-plugin from tobago-tool-apt
Warning: KebabPizza disabling incompatible org.apache.maven.plugins:maven-enforcer-plugin from tobago-tool-apt
Warning: KebabPizza disabling incompatible org.apache.rat:apache-rat-plugin from tobago-core
Warning: KebabPizza disabling incompatible org.apache.maven.plugins:maven-enforcer-plugin from tobago-core
[INFO] ------------------------------------------------------------------------
[INFO] Reactor Build Order:
[INFO] 
[INFO] Apache Tobago                                                      [pom]
[INFO] Tobago Tool                                                        [pom]
[INFO] Tobago Tool Annotation                                             [jar]
[INFO] Tobago Tool Apt                                                    [jar]
[INFO] Tobago Core                                                        [jar]
[INFO] 
[INFO] ------------------< org.apache.myfaces.tobago:tobago >------------------
[INFO] Building Apache Tobago 6.6.1-SNAPSHOT                              [1/5]
[INFO] --------------------------------[ pom ]---------------------------------
[INFO] 
[INFO] --- maven-clean-plugin:3.1.0:clean (default-clean) @ tobago ---
[INFO] 
[INFO] --- maven-remote-resources-plugin:3.2.0:process (default) @ tobago ---
[INFO] Preparing remote bundle org.apache:apache-jar-resource-bundle:1.4
[INFO] Copying 3 resources from 1 bundle.
[INFO] 
[INFO] --- maven-remote-resources-plugin:3.2.0:process (process-resource-bundles) @ tobago ---
[INFO] Preparing remote bundle org.apache:apache-jar-resource-bundle:1.4
[INFO] Copying 3 resources from 1 bundle.
[INFO] 
[INFO] --- maven-site-plugin:3.7.1:attach-descriptor (attach-descriptor) @ tobago ---
[INFO] No site descriptor found: nothing to attach.
[INFO] 
[INFO] --- forbiddenapis:3.8:check (default) @ tobago ---
[INFO] Skipping execution for packaging "pom"
[INFO] 
[INFO] --- forbiddenapis:3.8:testCheck (default) @ tobago ---
[INFO] Skipping execution for packaging "pom"
[INFO] 
[INFO] --- maven-install-plugin:3.1.3:install (default-install) @ tobago ---
[INFO] Installing /home/srafi/after-cam-ready/compare_/compile_repair_output/work/e2a0d43b6025/pom.xml to /home/srafi/.m2/repository/org/apache/myfaces/tobago/tobago/6.6.1-SNAPSHOT/tobago-6.6.1-SNAPSHOT.pom
[INFO] 
[INFO] ---------------< org.apache.myfaces.tobago:tobago-tool >----------------
[INFO] Building Tobago Tool 6.6.1-SNAPSHOT                                [2/5]
[INFO] --------------------------------[ pom ]---------------------------------
[INFO] 
[INFO] --- maven-clean-plugin:3.1.0:clean (default-clean) @ tobago-tool ---
[INFO] 
[INFO] --- maven-remote-resources-plugin:3.2.0:process (default) @ tobago-tool ---
[INFO] Preparing remote bundle org.apache:apache-jar-resource-bundle:1.4
[INFO] Copying 3 resources from 1 bundle.
[INFO] 
[INFO] --- maven-remote-resources-plugin:3.2.0:process (process-resource-bundles) @ tobago-tool ---
[INFO] Preparing remote bundle org.apache:apache-jar-resource-bundle:1.4
[INFO] Copying 3 resources from 1 bundle.
[INFO] 
[INFO] --- maven-site-plugin:3.7.1:attach-descriptor (attach-descriptor) @ tobago-tool ---
[INFO] No site descriptor found: nothing to attach.
[INFO] 
[INFO] --- forbiddenapis:3.8:check (default) @ tobago-tool ---
[INFO] Skipping execution for packaging "pom"
[INFO] 
[INFO] --- forbiddenapis:3.8:testCheck (default) @ tobago-tool ---
[INFO] Skipping execution for packaging "pom"
[INFO] 
[INFO] --- maven-install-plugin:3.1.3:install (default-install) @ tobago-tool ---
[INFO] Installing /home/srafi/after-cam-ready/compare_/compile_repair_output/work/e2a0d43b6025/tobago-tool/pom.xml to /home/srafi/.m2/repository/org/apache/myfaces/tobago/tobago-tool/6.6.1-SNAPSHOT/tobago-tool-6.6.1-SNAPSHOT.pom
[INFO] 
[INFO] ----------< org.apache.myfaces.tobago:tobago-tool-annotation >----------
[INFO] Building Tobago Tool Annotation 6.6.1-SNAPSHOT                     [3/5]
[INFO] --------------------------------[ jar ]---------------------------------
[INFO] 
[INFO] --- maven-clean-plugin:3.1.0:clean (default-clean) @ tobago-tool-annotation ---
[INFO] 
[INFO] --- maven-remote-resources-plugin:3.2.0:process (default) @ tobago-tool-annotation ---
[INFO] Preparing remote bundle org.apache:apache-jar-resource-bundle:1.4
[INFO] Copying 3 resources from 1 bundle.
[INFO] 
[INFO] --- maven-remote-resources-plugin:3.2.0:process (process-resource-bundles) @ tobago-tool-annotation ---
[INFO] Preparing remote bundle org.apache:apache-jar-resource-bundle:1.4
[INFO] Copying 3 resources from 1 bundle.
[INFO] 
[INFO] --- maven-resources-plugin:3.3.1:resources (default-resources) @ tobago-tool-annotation ---
[INFO] skip non existing resourceDirectory /home/srafi/after-cam-ready/compare_/compile_repair_output/work/e2a0d43b6025/tobago-tool/tobago-tool-annotation/src/main/resources
[INFO] Copying 3 resources from target/maven-shared-archive-resources to target/classes
[INFO] Copying 3 resources from target/maven-shared-archive-resources to target/classes
[INFO] 
[INFO] --- maven-compiler-plugin:3.13.0:compile (default-compile) @ tobago-tool-annotation ---
[INFO] Compiling 18 source files with javac [debug release 17] to target/classes
[INFO] ------------------------------------------------------------------------
[INFO] Reactor Summary for Apache Tobago 6.6.1-SNAPSHOT:
[INFO] 
[INFO] Apache Tobago ...................................... SUCCESS [  0.847 s]
[INFO] Tobago Tool ........................................ SUCCESS [  0.030 s]
[INFO] Tobago Tool Annotation ............................. FAILURE [  0.189 s]
[INFO] Tobago Tool Apt .................................... SKIPPED
[INFO] Tobago Core ........................................ SKIPPED
[INFO] ------------------------------------------------------------------------
[INFO] BUILD FAILURE
[INFO] ------------------------------------------------------------------------
[INFO] Total time:  1.234 s
[INFO] Finished at: 2026-08-15T15:39:09-04:00
[INFO] ------------------------------------------------------------------------
[ERROR] Failed to execute goal org.apache.maven.plugins:maven-compiler-plugin:3.13.0:compile (default-compile) on project tobago-tool-annotation: Fatal error compiling: error: release version 17 not supported -> [Help 1]
[ERROR] 
[ERROR] To see the full stack trace of the errors, re-run Maven with the -e switch.
[ERROR] Re-run Maven using the -X switch to enable full debug logging.
[ERROR] 
[ERROR] For more information about the errors and possible solutions, please read the following articles:
[ERROR] [Help 1] http://cwiki.apache.org/confluence/display/MAVEN/MojoExecutionException
[ERROR] 
[ERROR] After correcting the problems, you can resume the build with the command
[ERROR]   mvn <args> -rf :tobago-tool-annotation
