JAVA_HOME=/usr/lib/jvm/java-8-openjdk-amd64
COMMAND=bash /home/srafi/after-cam-ready/compare_/compile_repair_output/work/ced40ee4ca5e/mvnw -B clean install -DskipTests -U -Ddependency-check.skip=true -Dgpg.skip=true -DfailIfNoTests=false -Dskip.installnodenpm=true -Dskip.npm=true -Dskip.yarn=true -Dlicense.skip=true -Dcheckstyle.skip=true -Drat.skip=true -Denforcer.skip=true -Danimal.sniffer.skip=true -Dmaven.javadoc.skip=true -Dfindbugs.skip=true -Dspotbugs.skip=true -Dwarbucks.skip=true -Dmodernizer.skip=true -Dimpsort.skip=true -Dmdep.analyze.skip=true -Dpgpverify.skip=true -Dxml.skip=true -Dcobertura.skip=true

[INFO] Scanning for projects...
[INFO] Inspecting build with total of 1 modules...
[INFO] Installing Nexus Staging features:
[INFO]   ... total of 1 executions of maven-deploy-plugin replaced with nexus-staging-maven-plugin
[INFO] 
[INFO] -------------------------< org.yaml:snakeyaml >-------------------------
[INFO] Building SnakeYAML 2.2-SNAPSHOT
[INFO] -------------------------------[ bundle ]-------------------------------
[INFO] Downloading from central: https://repo.maven.apache.org/maven2/org/apache/maven/plugins/maven-install-plugin/maven-metadata.xml
[INFO] Downloaded from central: https://repo.maven.apache.org/maven2/org/apache/maven/plugins/maven-install-plugin/maven-metadata.xml (964 B at 9.5 kB/s)
[INFO] Downloading from central: https://repo.maven.apache.org/maven2/org/apache/maven/plugins/maven-deploy-plugin/maven-metadata.xml
[INFO] Downloaded from central: https://repo.maven.apache.org/maven2/org/apache/maven/plugins/maven-deploy-plugin/maven-metadata.xml (1.1 kB at 26 kB/s)
[INFO] Downloading from central: https://repo.maven.apache.org/maven2/org/apache/maven/plugins/maven-javadoc-plugin/3.4.1/maven-javadoc-plugin-3.4.1.pom
[INFO] Downloaded from central: https://repo.maven.apache.org/maven2/org/apache/maven/plugins/maven-javadoc-plugin/3.4.1/maven-javadoc-plugin-3.4.1.pom (21 kB at 455 kB/s)
[INFO] Downloading from central: https://repo.maven.apache.org/maven2/org/apache/maven/plugins/maven-javadoc-plugin/3.4.1/maven-javadoc-plugin-3.4.1.jar
[INFO] Downloaded from central: https://repo.maven.apache.org/maven2/org/apache/maven/plugins/maven-javadoc-plugin/3.4.1/maven-javadoc-plugin-3.4.1.jar (523 kB at 8.9 MB/s)
[INFO] Downloading from central: https://repo.maven.apache.org/maven2/net/revelc/code/formatter/formatter-maven-plugin/2.20.0/formatter-maven-plugin-2.20.0.pom
[INFO] Downloaded from central: https://repo.maven.apache.org/maven2/net/revelc/code/formatter/formatter-maven-plugin/2.20.0/formatter-maven-plugin-2.20.0.pom (32 kB at 523 kB/s)
[INFO] Downloading from central: https://repo.maven.apache.org/maven2/org/junit/junit-bom/5.9.0-RC1/junit-bom-5.9.0-RC1.pom
[INFO] Downloaded from central: https://repo.maven.apache.org/maven2/org/junit/junit-bom/5.9.0-RC1/junit-bom-5.9.0-RC1.pom (5.7 kB at 136 kB/s)
[INFO] Downloading from central: https://repo.maven.apache.org/maven2/net/revelc/code/formatter/formatter-maven-plugin/2.20.0/formatter-maven-plugin-2.20.0.jar
[INFO] Downloaded from central: https://repo.maven.apache.org/maven2/net/revelc/code/formatter/formatter-maven-plugin/2.20.0/formatter-maven-plugin-2.20.0.jar (68 kB at 1.7 MB/s)
[INFO] Downloading from central: https://repo.maven.apache.org/maven2/org/openjdk/jmh/jmh-core/1.36/jmh-core-1.36.pom
[INFO] Downloaded from central: https://repo.maven.apache.org/maven2/org/openjdk/jmh/jmh-core/1.36/jmh-core-1.36.pom (9.3 kB at 238 kB/s)
[INFO] Downloading from central: https://repo.maven.apache.org/maven2/org/openjdk/jmh/jmh-parent/1.36/jmh-parent-1.36.pom
[INFO] Downloaded from central: https://repo.maven.apache.org/maven2/org/openjdk/jmh/jmh-parent/1.36/jmh-parent-1.36.pom (12 kB at 308 kB/s)
[INFO] Downloading from central: https://repo.maven.apache.org/maven2/org/openjdk/jmh/jmh-generator-annprocess/1.36/jmh-generator-annprocess-1.36.pom
[INFO] Downloaded from central: https://repo.maven.apache.org/maven2/org/openjdk/jmh/jmh-generator-annprocess/1.36/jmh-generator-annprocess-1.36.pom (3.7 kB at 92 kB/s)
[INFO] Downloading from central: https://repo.maven.apache.org/maven2/joda-time/joda-time/2.11.1/joda-time-2.11.1.jar
[INFO] Downloading from central: https://repo.maven.apache.org/maven2/org/openjdk/jmh/jmh-core/1.36/jmh-core-1.36.jar
[INFO] Downloading from central: https://repo.maven.apache.org/maven2/org/openjdk/jmh/jmh-generator-annprocess/1.36/jmh-generator-annprocess-1.36.jar
[INFO] Downloaded from central: https://repo.maven.apache.org/maven2/joda-time/joda-time/2.11.1/joda-time-2.11.1.jar (633 kB at 11 MB/s)
[INFO] Downloaded from central: https://repo.maven.apache.org/maven2/org/openjdk/jmh/jmh-generator-annprocess/1.36/jmh-generator-annprocess-1.36.jar (31 kB at 539 kB/s)
[INFO] Downloaded from central: https://repo.maven.apache.org/maven2/org/openjdk/jmh/jmh-core/1.36/jmh-core-1.36.jar (537 kB at 9.0 MB/s)
[INFO] 
[INFO] --- maven-clean-plugin:2.5:clean (default-clean) @ snakeyaml ---
[INFO] 
[INFO] --- maven-enforcer-plugin:3.1.0:enforce (enforce-maven) @ snakeyaml ---
[INFO] Skipping Rule Enforcement.
[INFO] 
[INFO] --- formatter-maven-plugin:2.20.0:format (default) @ snakeyaml ---
[INFO] Downloading from central: https://repo.maven.apache.org/maven2/net/revelc/code/formatter/jsdt-core/3.2.0/jsdt-core-3.2.0.pom
[INFO] Downloaded from central: https://repo.maven.apache.org/maven2/net/revelc/code/formatter/jsdt-core/3.2.0/jsdt-core-3.2.0.pom (22 kB at 625 kB/s)
[INFO] Downloading from central: https://repo.maven.apache.org/maven2/org/osgi/org.osgi.util.measurement/1.0.2/org.osgi.util.measurement-1.0.2.pom
[INFO] Downloaded from central: https://repo.maven.apache.org/maven2/org/osgi/org.osgi.util.measurement/1.0.2/org.osgi.util.measurement-1.0.2.pom (1.4 kB at 52 kB/s)
[INFO] Downloading from central: https://repo.maven.apache.org/maven2/org/osgi/org.osgi.util.position/1.0.1/org.osgi.util.position-1.0.1.pom
[INFO] Downloaded from central: https://repo.maven.apache.org/maven2/org/osgi/org.osgi.util.position/1.0.1/org.osgi.util.position-1.0.1.pom (1.3 kB at 45 kB/s)
[INFO] Downloading from central: https://repo.maven.apache.org/maven2/org/osgi/org.osgi.util.xml/1.0.2/org.osgi.util.xml-1.0.2.pom
[INFO] Downloaded from central: https://repo.maven.apache.org/maven2/org/osgi/org.osgi.util.xml/1.0.2/org.osgi.util.xml-1.0.2.pom (1.9 kB at 60 kB/s)
[INFO] Downloading from central: https://repo.maven.apache.org/maven2/org/eclipse/jdt/org.eclipse.jdt.core/3.30.0/org.eclipse.jdt.core-3.30.0.pom
[INFO] Downloaded from central: https://repo.maven.apache.org/maven2/org/eclipse/jdt/org.eclipse.jdt.core/3.30.0/org.eclipse.jdt.core-3.30.0.pom (2.7 kB at 86 kB/s)
[INFO] Downloading from central: https://repo.maven.apache.org/maven2/net/revelc/code/formatter/jsdt-core/3.2.0/jsdt-core-3.2.0.jar
[INFO] Downloading from central: https://repo.maven.apache.org/maven2/org/osgi/osgi.annotation/8.1.0/osgi.annotation-8.1.0.jar
[INFO] Downloading from central: https://repo.maven.apache.org/maven2/org/osgi/org.osgi.util.measurement/1.0.2/org.osgi.util.measurement-1.0.2.jar
[INFO] Downloading from central: https://repo.maven.apache.org/maven2/org/osgi/org.osgi.util.position/1.0.1/org.osgi.util.position-1.0.1.jar
[INFO] Downloading from central: https://repo.maven.apache.org/maven2/org/osgi/org.osgi.util.xml/1.0.2/org.osgi.util.xml-1.0.2.jar
[INFO] Downloaded from central: https://repo.maven.apache.org/maven2/org/osgi/org.osgi.util.measurement/1.0.2/org.osgi.util.measurement-1.0.2.jar (26 kB at 676 kB/s)
[INFO] Downloading from central: https://repo.maven.apache.org/maven2/org/eclipse/jdt/org.eclipse.jdt.core/3.30.0/org.eclipse.jdt.core-3.30.0.jar
[INFO] Downloaded from central: https://repo.maven.apache.org/maven2/org/osgi/osgi.annotation/8.1.0/osgi.annotation-8.1.0.jar (36 kB at 795 kB/s)
[INFO] Downloading from central: https://repo.maven.apache.org/maven2/org/eclipse/platform/org.eclipse.core.resources/3.17.0/org.eclipse.core.resources-3.17.0.jar
[INFO] Downloaded from central: https://repo.maven.apache.org/maven2/org/osgi/org.osgi.util.position/1.0.1/org.osgi.util.position-1.0.1.jar (14 kB at 299 kB/s)
[INFO] Downloading from central: https://repo.maven.apache.org/maven2/org/eclipse/platform/org.eclipse.core.expressions/3.8.100/org.eclipse.core.expressions-3.8.100.jar
[INFO] Downloaded from central: https://repo.maven.apache.org/maven2/org/osgi/org.osgi.util.xml/1.0.2/org.osgi.util.xml-1.0.2.jar (19 kB at 280 kB/s)
[INFO] Downloading from central: https://repo.maven.apache.org/maven2/org/eclipse/platform/org.eclipse.core.runtime/3.25.0/org.eclipse.core.runtime-3.25.0.jar
[INFO] Downloaded from central: https://repo.maven.apache.org/maven2/org/eclipse/platform/org.eclipse.core.expressions/3.8.100/org.eclipse.core.expressions-3.8.100.jar (94 kB at 1.0 MB/s)
[INFO] Downloading from central: https://repo.maven.apache.org/maven2/org/eclipse/platform/org.eclipse.osgi/3.18.0/org.eclipse.osgi-3.18.0.jar
[INFO] Downloaded from central: https://repo.maven.apache.org/maven2/org/eclipse/platform/org.eclipse.core.resources/3.17.0/org.eclipse.core.resources-3.17.0.jar (913 kB at 8.2 MB/s)
[INFO] Downloading from central: https://repo.maven.apache.org/maven2/org/eclipse/platform/org.eclipse.equinox.common/3.16.100/org.eclipse.equinox.common-3.16.100.jar
[INFO] Downloaded from central: https://repo.maven.apache.org/maven2/org/eclipse/platform/org.eclipse.core.runtime/3.25.0/org.eclipse.core.runtime-3.25.0.jar (74 kB at 558 kB/s)
[INFO] Downloading from central: https://repo.maven.apache.org/maven2/org/eclipse/platform/org.eclipse.core.jobs/3.13.0/org.eclipse.core.jobs-3.13.0.jar
[INFO] Downloaded from central: https://repo.maven.apache.org/maven2/org/eclipse/platform/org.eclipse.equinox.common/3.16.100/org.eclipse.equinox.common-3.16.100.jar (148 kB at 886 kB/s)
[INFO] Downloading from central: https://repo.maven.apache.org/maven2/org/eclipse/platform/org.eclipse.equinox.registry/3.11.100/org.eclipse.equinox.registry-3.11.100.jar
[INFO] Downloaded from central: https://repo.maven.apache.org/maven2/org/eclipse/platform/org.eclipse.osgi/3.18.0/org.eclipse.osgi-3.18.0.jar (1.5 MB at 7.7 MB/s)
[INFO] Downloading from central: https://repo.maven.apache.org/maven2/org/eclipse/platform/org.eclipse.equinox.preferences/3.10.1/org.eclipse.equinox.preferences-3.10.1.jar
[INFO] Downloaded from central: https://repo.maven.apache.org/maven2/org/eclipse/platform/org.eclipse.core.jobs/3.13.0/org.eclipse.core.jobs-3.13.0.jar (112 kB at 535 kB/s)
[INFO] Downloading from central: https://repo.maven.apache.org/maven2/org/eclipse/platform/org.eclipse.core.contenttype/3.8.100/org.eclipse.core.contenttype-3.8.100.jar
[INFO] Downloaded from central: https://repo.maven.apache.org/maven2/org/eclipse/platform/org.eclipse.equinox.registry/3.11.100/org.eclipse.equinox.registry-3.11.100.jar (199 kB at 939 kB/s)
[INFO] Downloading from central: https://repo.maven.apache.org/maven2/org/eclipse/platform/org.eclipse.equinox.app/1.6.100/org.eclipse.equinox.app-1.6.100.jar
[INFO] Downloaded from central: https://repo.maven.apache.org/maven2/org/eclipse/jdt/org.eclipse.jdt.core/3.30.0/org.eclipse.jdt.core-3.30.0.jar (7.0 MB at 32 MB/s)
[INFO] Downloading from central: https://repo.maven.apache.org/maven2/org/eclipse/platform/org.eclipse.core.filesystem/1.9.400/org.eclipse.core.filesystem-1.9.400.jar
[INFO] Downloaded from central: https://repo.maven.apache.org/maven2/org/eclipse/platform/org.eclipse.equinox.preferences/3.10.1/org.eclipse.equinox.preferences-3.10.1.jar (139 kB at 586 kB/s)
[INFO] Downloading from central: https://repo.maven.apache.org/maven2/org/eclipse/platform/org.eclipse.text/3.12.100/org.eclipse.text-3.12.100.jar
[INFO] Downloaded from central: https://repo.maven.apache.org/maven2/org/eclipse/platform/org.eclipse.equinox.app/1.6.100/org.eclipse.equinox.app-1.6.100.jar (91 kB at 359 kB/s)
[INFO] Downloading from central: https://repo.maven.apache.org/maven2/org/eclipse/platform/org.eclipse.core.commands/3.10.200/org.eclipse.core.commands-3.10.200.jar
[INFO] Downloaded from central: https://repo.maven.apache.org/maven2/org/eclipse/platform/org.eclipse.core.filesystem/1.9.400/org.eclipse.core.filesystem-1.9.400.jar (72 kB at 281 kB/s)
[INFO] Downloaded from central: https://repo.maven.apache.org/maven2/org/eclipse/platform/org.eclipse.core.contenttype/3.8.100/org.eclipse.core.contenttype-3.8.100.jar (102 kB at 394 kB/s)
[INFO] Downloaded from central: https://repo.maven.apache.org/maven2/org/eclipse/platform/org.eclipse.core.commands/3.10.200/org.eclipse.core.commands-3.10.200.jar (117 kB at 405 kB/s)
[INFO] Downloaded from central: https://repo.maven.apache.org/maven2/org/eclipse/platform/org.eclipse.text/3.12.100/org.eclipse.text-3.12.100.jar (301 kB at 837 kB/s)
[INFO] Downloaded from central: https://repo.maven.apache.org/maven2/net/revelc/code/formatter/jsdt-core/3.2.0/jsdt-core-3.2.0.jar (31 MB at 73 MB/s)
[WARNING] Error injecting: net.revelc.code.formatter.FormatterMojo
java.lang.TypeNotPresentException: Type net.revelc.code.formatter.FormatterMojo not present
    at org.eclipse.sisu.space.URLClassSpace.loadClass (URLClassSpace.java:147)
    at org.eclipse.sisu.space.NamedClass.load (NamedClass.java:46)
    at org.eclipse.sisu.space.AbstractDeferredClass.get (AbstractDeferredClass.java:48)
    at com.google.inject.internal.ProviderInternalFactory.provision (ProviderInternalFactory.java:85)
    at com.google.inject.internal.InternalFactoryToInitializableAdapter.provision (InternalFactoryToInitializableAdapter.java:57)
    at com.google.inject.internal.ProviderInternalFactory$1.call (ProviderInternalFactory.java:66)
    at com.google.inject.internal.ProvisionListenerStackCallback$Provision.provision (ProvisionListenerStackCallback.java:112)
    at com.google.inject.internal.ProvisionListenerStackCallback$Provision.provision (ProvisionListenerStackCallback.java:127)
    at com.google.inject.internal.ProvisionListenerStackCallback.provision (ProvisionListenerStackCallback.java:66)
    at com.google.inject.internal.ProviderInternalFactory.circularGet (ProviderInternalFactory.java:61)
    at com.google.inject.internal.InternalFactoryToInitializableAdapter.get (InternalFactoryToInitializableAdapter.java:47)
    at com.google.inject.internal.InjectorImpl$1.get (InjectorImpl.java:1050)
    at org.eclipse.sisu.inject.Guice4$1.get (Guice4.java:162)
    at org.eclipse.sisu.inject.LazyBeanEntry.getValue (LazyBeanEntry.java:81)
    at org.eclipse.sisu.plexus.LazyPlexusBean.getValue (LazyPlexusBean.java:51)
    at org.codehaus.plexus.DefaultPlexusContainer.lookup (DefaultPlexusContainer.java:263)
    at org.codehaus.plexus.DefaultPlexusContainer.lookup (DefaultPlexusContainer.java:255)
    at org.apache.maven.plugin.internal.DefaultMavenPluginManager.getConfiguredMojo (DefaultMavenPluginManager.java:520)
    at org.apache.maven.plugin.DefaultBuildPluginManager.executeMojo (DefaultBuildPluginManager.java:124)
    at org.apache.maven.lifecycle.internal.MojoExecutor.execute (MojoExecutor.java:210)
    at org.apache.maven.lifecycle.internal.MojoExecutor.execute (MojoExecutor.java:156)
    at org.apache.maven.lifecycle.internal.MojoExecutor.execute (MojoExecutor.java:148)
    at org.apache.maven.lifecycle.internal.LifecycleModuleBuilder.buildProject (LifecycleModuleBuilder.java:117)
    at org.apache.maven.lifecycle.internal.LifecycleModuleBuilder.buildProject (LifecycleModuleBuilder.java:81)
    at org.apache.maven.lifecycle.internal.builder.singlethreaded.SingleThreadedBuilder.build (SingleThreadedBuilder.java:56)
    at org.apache.maven.lifecycle.internal.LifecycleStarter.execute (LifecycleStarter.java:128)
    at org.apache.maven.DefaultMaven.doExecute (DefaultMaven.java:305)
    at org.apache.maven.DefaultMaven.doExecute (DefaultMaven.java:192)
    at org.apache.maven.DefaultMaven.execute (DefaultMaven.java:105)
    at org.apache.maven.cli.MavenCli.execute (MavenCli.java:972)
    at org.apache.maven.cli.MavenCli.doMain (MavenCli.java:293)
    at org.apache.maven.cli.MavenCli.main (MavenCli.java:196)
    at sun.reflect.NativeMethodAccessorImpl.invoke0 (Native Method)
    at sun.reflect.NativeMethodAccessorImpl.invoke (NativeMethodAccessorImpl.java:62)
    at sun.reflect.DelegatingMethodAccessorImpl.invoke (DelegatingMethodAccessorImpl.java:43)
    at java.lang.reflect.Method.invoke (Method.java:498)
    at org.codehaus.plexus.classworlds.launcher.Launcher.launchEnhanced (Launcher.java:282)
    at org.codehaus.plexus.classworlds.launcher.Launcher.launch (Launcher.java:225)
    at org.codehaus.plexus.classworlds.launcher.Launcher.mainWithExitCode (Launcher.java:406)
    at org.codehaus.plexus.classworlds.launcher.Launcher.main (Launcher.java:347)
    at sun.reflect.NativeMethodAccessorImpl.invoke0 (Native Method)
    at sun.reflect.NativeMethodAccessorImpl.invoke (NativeMethodAccessorImpl.java:62)
    at sun.reflect.DelegatingMethodAccessorImpl.invoke (DelegatingMethodAccessorImpl.java:43)
    at java.lang.reflect.Method.invoke (Method.java:498)
    at org.apache.maven.wrapper.BootstrapMainStarter.start (BootstrapMainStarter.java:53)
    at org.apache.maven.wrapper.WrapperExecutor.execute (WrapperExecutor.java:152)
    at org.apache.maven.wrapper.MavenWrapperMain.main (MavenWrapperMain.java:76)
Caused by: java.lang.UnsupportedClassVersionError: net/revelc/code/formatter/FormatterMojo has been compiled by a more recent version of the Java Runtime (class file version 55.0), this version of the Java Runtime only recognizes class file versions up to 52.0
    at java.lang.ClassLoader.defineClass1 (Native Method)
    at java.lang.ClassLoader.defineClass (ClassLoader.java:756)
    at java.security.SecureClassLoader.defineClass (SecureClassLoader.java:142)
    at java.net.URLClassLoader.defineClass (URLClassLoader.java:473)
    at java.net.URLClassLoader.access$100 (URLClassLoader.java:74)
    at java.net.URLClassLoader$1.run (URLClassLoader.java:369)
    at java.net.URLClassLoader$1.run (URLClassLoader.java:363)
    at java.security.AccessController.doPrivileged (Native Method)
    at java.net.URLClassLoader.findClass (URLClassLoader.java:362)
    at org.codehaus.plexus.classworlds.realm.ClassRealm.loadClassFromSelf (ClassRealm.java:425)
    at org.codehaus.plexus.classworlds.strategy.SelfFirstStrategy.loadClass (SelfFirstStrategy.java:42)
    at org.codehaus.plexus.classworlds.realm.ClassRealm.unsynchronizedLoadClass (ClassRealm.java:271)
    at org.codehaus.plexus.classworlds.realm.ClassRealm.loadClass (ClassRealm.java:247)
    at org.codehaus.plexus.classworlds.realm.ClassRealm.loadClass (ClassRealm.java:239)
    at org.eclipse.sisu.space.URLClassSpace.loadClass (URLClassSpace.java:139)
    at org.eclipse.sisu.space.NamedClass.load (NamedClass.java:46)
    at org.eclipse.sisu.space.AbstractDeferredClass.get (AbstractDeferredClass.java:48)
    at com.google.inject.internal.ProviderInternalFactory.provision (ProviderInternalFactory.java:85)
    at com.google.inject.internal.InternalFactoryToInitializableAdapter.provision (InternalFactoryToInitializableAdapter.java:57)
    at com.google.inject.internal.ProviderInternalFactory$1.call (ProviderInternalFactory.java:66)
    at com.google.inject.internal.ProvisionListenerStackCallback$Provision.provision (ProvisionListenerStackCallback.java:112)
    at com.google.inject.internal.ProvisionListenerStackCallback$Provision.provision (ProvisionListenerStackCallback.java:127)
    at com.google.inject.internal.ProvisionListenerStackCallback.provision (ProvisionListenerStackCallback.java:66)
    at com.google.inject.internal.ProviderInternalFactory.circularGet (ProviderInternalFactory.java:61)
    at com.google.inject.internal.InternalFactoryToInitializableAdapter.get (InternalFactoryToInitializableAdapter.java:47)
    at com.google.inject.internal.InjectorImpl$1.get (InjectorImpl.java:1050)
    at org.eclipse.sisu.inject.Guice4$1.get (Guice4.java:162)
    at org.eclipse.sisu.inject.LazyBeanEntry.getValue (LazyBeanEntry.java:81)
    at org.eclipse.sisu.plexus.LazyPlexusBean.getValue (LazyPlexusBean.java:51)
    at org.codehaus.plexus.DefaultPlexusContainer.lookup (DefaultPlexusContainer.java:263)
    at org.codehaus.plexus.DefaultPlexusContainer.lookup (DefaultPlexusContainer.java:255)
    at org.apache.maven.plugin.internal.DefaultMavenPluginManager.getConfiguredMojo (DefaultMavenPluginManager.java:520)
    at org.apache.maven.plugin.DefaultBuildPluginManager.executeMojo (DefaultBuildPluginManager.java:124)
    at org.apache.maven.lifecycle.internal.MojoExecutor.execute (MojoExecutor.java:210)
    at org.apache.maven.lifecycle.internal.MojoExecutor.execute (MojoExecutor.java:156)
    at org.apache.maven.lifecycle.internal.MojoExecutor.execute (MojoExecutor.java:148)
    at org.apache.maven.lifecycle.internal.LifecycleModuleBuilder.buildProject (LifecycleModuleBuilder.java:117)
    at org.apache.maven.lifecycle.internal.LifecycleModuleBuilder.buildProject (LifecycleModuleBuilder.java:81)
    at org.apache.maven.lifecycle.internal.builder.singlethreaded.SingleThreadedBuilder.build (SingleThreadedBuilder.java:56)
    at org.apache.maven.lifecycle.internal.LifecycleStarter.execute (LifecycleStarter.java:128)
    at org.apache.maven.DefaultMaven.doExecute (DefaultMaven.java:305)
    at org.apache.maven.DefaultMaven.doExecute (DefaultMaven.java:192)
    at org.apache.maven.DefaultMaven.execute (DefaultMaven.java:105)
    at org.apache.maven.cli.MavenCli.execute (MavenCli.java:972)
    at org.apache.maven.cli.MavenCli.doMain (MavenCli.java:293)
    at org.apache.maven.cli.MavenCli.main (MavenCli.java:196)
    at sun.reflect.NativeMethodAccessorImpl.invoke0 (Native Method)
    at sun.reflect.NativeMethodAccessorImpl.invoke (NativeMethodAccessorImpl.java:62)
    at sun.reflect.DelegatingMethodAccessorImpl.invoke (DelegatingMethodAccessorImpl.java:43)
    at java.lang.reflect.Method.invoke (Method.java:498)
    at org.codehaus.plexus.classworlds.launcher.Launcher.launchEnhanced (Launcher.java:282)
    at org.codehaus.plexus.classworlds.launcher.Launcher.launch (Launcher.java:225)
    at org.codehaus.plexus.classworlds.launcher.Launcher.mainWithExitCode (Launcher.java:406)
    at org.codehaus.plexus.classworlds.launcher.Launcher.main (Launcher.java:347)
    at sun.reflect.NativeMethodAccessorImpl.invoke0 (Native Method)
    at sun.reflect.NativeMethodAccessorImpl.invoke (NativeMethodAccessorImpl.java:62)
    at sun.reflect.DelegatingMethodAccessorImpl.invoke (DelegatingMethodAccessorImpl.java:43)
    at java.lang.reflect.Method.invoke (Method.java:498)
    at org.apache.maven.wrapper.BootstrapMainStarter.start (BootstrapMainStarter.java:53)
    at org.apache.maven.wrapper.WrapperExecutor.execute (WrapperExecutor.java:152)
    at org.apache.maven.wrapper.MavenWrapperMain.main (MavenWrapperMain.java:76)
[INFO] ------------------------------------------------------------------------
[INFO] BUILD FAILURE
[INFO] ------------------------------------------------------------------------
[INFO] Total time:  2.055 s
[INFO] Finished at: 2026-08-15T16:55:32-04:00
[INFO] ------------------------------------------------------------------------
[ERROR] Failed to execute goal net.revelc.code.formatter:formatter-maven-plugin:2.20.0:format (default) on project snakeyaml: Execution default of goal net.revelc.code.formatter:formatter-maven-plugin:2.20.0:format failed: Unable to load the mojo 'format' in the plugin 'net.revelc.code.formatter:formatter-maven-plugin:2.20.0' due to an API incompatibility: org.codehaus.plexus.component.repository.exception.ComponentLookupException: net/revelc/code/formatter/FormatterMojo has been compiled by a more recent version of the Java Runtime (class file version 55.0), this version of the Java Runtime only recognizes class file versions up to 52.0
[ERROR] -----------------------------------------------------
[ERROR] realm =    plugin>net.revelc.code.formatter:formatter-maven-plugin:2.20.0
[ERROR] strategy = org.codehaus.plexus.classworlds.strategy.SelfFirstStrategy
[ERROR] urls[0] = file:/home/srafi/.m2/repository/net/revelc/code/formatter/formatter-maven-plugin/2.20.0/formatter-maven-plugin-2.20.0.jar
[ERROR] urls[1] = file:/home/srafi/.m2/repository/com/fasterxml/jackson/core/jackson-annotations/2.13.3/jackson-annotations-2.13.3.jar
[ERROR] urls[2] = file:/home/srafi/.m2/repository/com/fasterxml/jackson/core/jackson-core/2.13.3/jackson-core-2.13.3.jar
[ERROR] urls[3] = file:/home/srafi/.m2/repository/com/fasterxml/jackson/core/jackson-databind/2.13.3/jackson-databind-2.13.3.jar
[ERROR] urls[4] = file:/home/srafi/.m2/repository/com/google/guava/guava/31.1-jre/guava-31.1-jre.jar
[ERROR] urls[5] = file:/home/srafi/.m2/repository/com/google/guava/failureaccess/1.0.1/failureaccess-1.0.1.jar
[ERROR] urls[6] = file:/home/srafi/.m2/repository/com/google/guava/listenablefuture/9999.0-empty-to-avoid-conflict-with-guava/listenablefuture-9999.0-empty-to-avoid-conflict-with-guava.jar
[ERROR] urls[7] = file:/home/srafi/.m2/repository/com/google/code/findbugs/jsr305/3.0.2/jsr305-3.0.2.jar
[ERROR] urls[8] = file:/home/srafi/.m2/repository/org/checkerframework/checker-qual/3.12.0/checker-qual-3.12.0.jar
[ERROR] urls[9] = file:/home/srafi/.m2/repository/com/google/errorprone/error_prone_annotations/2.11.0/error_prone_annotations-2.11.0.jar
[ERROR] urls[10] = file:/home/srafi/.m2/repository/com/google/j2objc/j2objc-annotations/1.3/j2objc-annotations-1.3.jar
[ERROR] urls[11] = file:/home/srafi/.m2/repository/commons-beanutils/commons-beanutils/1.9.4/commons-beanutils-1.9.4.jar
[ERROR] urls[12] = file:/home/srafi/.m2/repository/commons-logging/commons-logging/1.2/commons-logging-1.2.jar
[ERROR] urls[13] = file:/home/srafi/.m2/repository/commons-collections/commons-collections/3.2.2/commons-collections-3.2.2.jar
[ERROR] urls[14] = file:/home/srafi/.m2/repository/net/revelc/code/formatter/jsdt-core/3.2.0/jsdt-core-3.2.0.jar
[ERROR] urls[15] = file:/home/srafi/.m2/repository/org/osgi/org.osgi.util.function/1.2.0/org.osgi.util.function-1.2.0.jar
[ERROR] urls[16] = file:/home/srafi/.m2/repository/org/osgi/osgi.annotation/8.1.0/osgi.annotation-8.1.0.jar
[ERROR] urls[17] = file:/home/srafi/.m2/repository/org/osgi/org.osgi.util.promise/1.2.0/org.osgi.util.promise-1.2.0.jar
[ERROR] urls[18] = file:/home/srafi/.m2/repository/org/osgi/org.osgi.service.prefs/1.1.2/org.osgi.service.prefs-1.1.2.jar
[ERROR] urls[19] = file:/home/srafi/.m2/repository/org/osgi/org.osgi.util.measurement/1.0.2/org.osgi.util.measurement-1.0.2.jar
[ERROR] urls[20] = file:/home/srafi/.m2/repository/org/osgi/org.osgi.util.position/1.0.1/org.osgi.util.position-1.0.1.jar
[ERROR] urls[21] = file:/home/srafi/.m2/repository/org/osgi/org.osgi.util.xml/1.0.2/org.osgi.util.xml-1.0.2.jar
[ERROR] urls[22] = file:/home/srafi/.m2/repository/net/revelc/code/formatter/xml-formatter/0.2.2/xml-formatter-0.2.2.jar
[ERROR] urls[23] = file:/home/srafi/.m2/repository/net/sourceforge/cssparser/cssparser/0.9.29/cssparser-0.9.29.jar
[ERROR] urls[24] = file:/home/srafi/.m2/repository/org/apache/commons/commons-digester3/3.2/commons-digester3-3.2.jar
[ERROR] urls[25] = file:/home/srafi/.m2/repository/cglib/cglib/2.2.2/cglib-2.2.2.jar
[ERROR] urls[26] = file:/home/srafi/.m2/repository/asm/asm/3.3.1/asm-3.3.1.jar
[ERROR] urls[27] = file:/home/srafi/.m2/repository/org/codehaus/plexus/plexus-resources/1.2.0/plexus-resources-1.2.0.jar
[ERROR] urls[28] = file:/home/srafi/.m2/repository/org/codehaus/plexus/plexus-utils/3.4.2/plexus-utils-3.4.2.jar
[ERROR] urls[29] = file:/home/srafi/.m2/repository/org/eclipse/jdt/org.eclipse.jdt.core/3.30.0/org.eclipse.jdt.core-3.30.0.jar
[ERROR] urls[30] = file:/home/srafi/.m2/repository/org/eclipse/platform/org.eclipse.core.resources/3.17.0/org.eclipse.core.resources-3.17.0.jar
[ERROR] urls[31] = file:/home/srafi/.m2/repository/org/eclipse/platform/org.eclipse.core.expressions/3.8.100/org.eclipse.core.expressions-3.8.100.jar
[ERROR] urls[32] = file:/home/srafi/.m2/repository/org/eclipse/platform/org.eclipse.core.runtime/3.25.0/org.eclipse.core.runtime-3.25.0.jar
[ERROR] urls[33] = file:/home/srafi/.m2/repository/org/eclipse/platform/org.eclipse.osgi/3.18.0/org.eclipse.osgi-3.18.0.jar
[ERROR] urls[34] = file:/home/srafi/.m2/repository/org/eclipse/platform/org.eclipse.equinox.common/3.16.100/org.eclipse.equinox.common-3.16.100.jar
[ERROR] urls[35] = file:/home/srafi/.m2/repository/org/eclipse/platform/org.eclipse.core.jobs/3.13.0/org.eclipse.core.jobs-3.13.0.jar
[ERROR] urls[36] = file:/home/srafi/.m2/repository/org/eclipse/platform/org.eclipse.equinox.registry/3.11.100/org.eclipse.equinox.registry-3.11.100.jar
[ERROR] urls[37] = file:/home/srafi/.m2/repository/org/eclipse/platform/org.eclipse.equinox.preferences/3.10.1/org.eclipse.equinox.preferences-3.10.1.jar
[ERROR] urls[38] = file:/home/srafi/.m2/repository/org/eclipse/platform/org.eclipse.core.contenttype/3.8.100/org.eclipse.core.contenttype-3.8.100.jar
[ERROR] urls[39] = file:/home/srafi/.m2/repository/org/eclipse/platform/org.eclipse.equinox.app/1.6.100/org.eclipse.equinox.app-1.6.100.jar
[ERROR] urls[40] = file:/home/srafi/.m2/repository/org/eclipse/platform/org.eclipse.core.filesystem/1.9.400/org.eclipse.core.filesystem-1.9.400.jar
[ERROR] urls[41] = file:/home/srafi/.m2/repository/org/eclipse/platform/org.eclipse.text/3.12.100/org.eclipse.text-3.12.100.jar
[ERROR] urls[42] = file:/home/srafi/.m2/repository/org/eclipse/platform/org.eclipse.core.commands/3.10.200/org.eclipse.core.commands-3.10.200.jar
[ERROR] urls[43] = file:/home/srafi/.m2/repository/org/jsoup/jsoup/1.15.2/jsoup-1.15.2.jar
[ERROR] urls[44] = file:/home/srafi/.m2/repository/org/w3c/css/sac/1.3/sac-1.3.jar
[ERROR] Number of foreign imports: 1
[ERROR] import: Entry[import  from realm ClassRealm[project>org.yaml:snakeyaml:2.2-SNAPSHOT, parent: ClassRealm[maven.api, parent: null]]]
[ERROR] 
[ERROR] -----------------------------------------------------
[ERROR] -> [Help 1]
[ERROR] 
[ERROR] To see the full stack trace of the errors, re-run Maven with the -e switch.
[ERROR] Re-run Maven using the -X switch to enable full debug logging.
[ERROR] 
[ERROR] For more information about the errors and possible solutions, please read the following articles:
[ERROR] [Help 1] http://cwiki.apache.org/confluence/display/MAVEN/PluginContainerException
