JAVA_HOME=/usr/lib/jvm/java-11-openjdk-amd64
COMMAND=bash /home/srafi/after-cam-ready/compare_/compile_repair_output/work/ced40ee4ca5e/mvnw -B clean install -DskipTests -U -Ddependency-check.skip=true -Dgpg.skip=true -DfailIfNoTests=false -Dskip.installnodenpm=true -Dskip.npm=true -Dskip.yarn=true -Dlicense.skip=true -Dcheckstyle.skip=true -Drat.skip=true -Denforcer.skip=true -Danimal.sniffer.skip=true -Dmaven.javadoc.skip=true -Dfindbugs.skip=true -Dspotbugs.skip=true -Dwarbucks.skip=true -Dmodernizer.skip=true -Dimpsort.skip=true -Dmdep.analyze.skip=true -Dpgpverify.skip=true -Dxml.skip=true -Dcobertura.skip=true

[INFO] Scanning for projects...
[INFO] Inspecting build with total of 1 modules...
[INFO] Installing Nexus Staging features:
[INFO]   ... total of 1 executions of maven-deploy-plugin replaced with nexus-staging-maven-plugin
[INFO] 
[INFO] -------------------------< org.yaml:snakeyaml >-------------------------
[INFO] Building SnakeYAML 2.2-SNAPSHOT
[INFO] -------------------------------[ bundle ]-------------------------------
[INFO] Downloading from central: https://repo.maven.apache.org/maven2/org/apache/maven/plugins/maven-install-plugin/maven-metadata.xml
[INFO] Downloaded from central: https://repo.maven.apache.org/maven2/org/apache/maven/plugins/maven-install-plugin/maven-metadata.xml (964 B at 5.9 kB/s)
[INFO] Downloading from central: https://repo.maven.apache.org/maven2/org/apache/maven/plugins/maven-deploy-plugin/maven-metadata.xml
[INFO] Downloaded from central: https://repo.maven.apache.org/maven2/org/apache/maven/plugins/maven-deploy-plugin/maven-metadata.xml (1.1 kB at 32 kB/s)
[INFO] 
[INFO] --- maven-clean-plugin:2.5:clean (default-clean) @ snakeyaml ---
[INFO] 
[INFO] --- maven-enforcer-plugin:3.1.0:enforce (enforce-maven) @ snakeyaml ---
[INFO] Skipping Rule Enforcement.
[INFO] 
[INFO] --- formatter-maven-plugin:2.20.0:format (default) @ snakeyaml ---
[INFO] Processed 644 files in 2s655ms (Formatted: 0, Unchanged: 644, Failed: 0, Readonly: 0)
[INFO] 
[INFO] --- maven-resources-plugin:3.1.0:resources (default-resources) @ snakeyaml ---
[INFO] Using 'UTF-8' encoding to copy filtered resources.
[INFO] skip non existing resourceDirectory /home/srafi/after-cam-ready/compare_/compile_repair_output/work/ced40ee4ca5e/src/main/resources
[INFO] 
[INFO] --- maven-compiler-plugin:3.10.1:compile (default-compile) @ snakeyaml ---
[INFO] Changes detected - recompiling the module!
[INFO] Compiling 121 source files to /home/srafi/after-cam-ready/compare_/compile_repair_output/work/ced40ee4ca5e/target/classes
[INFO] /home/srafi/after-cam-ready/compare_/compile_repair_output/work/ced40ee4ca5e/src/main/java/org/yaml/snakeyaml/constructor/BaseConstructor.java: /home/srafi/after-cam-ready/compare_/compile_repair_output/work/ced40ee4ca5e/src/main/java/org/yaml/snakeyaml/constructor/BaseConstructor.java uses unchecked or unsafe operations.
[INFO] /home/srafi/after-cam-ready/compare_/compile_repair_output/work/ced40ee4ca5e/src/main/java/org/yaml/snakeyaml/constructor/BaseConstructor.java: Recompile with -Xlint:unchecked for details.
[INFO] 
[INFO] --- maven-compiler-plugin:3.10.1:compile (module-info-compile) @ snakeyaml ---
[INFO] Changes detected - recompiling the module!
[INFO] Compiling 2 source files to /home/srafi/after-cam-ready/compare_/compile_repair_output/work/ced40ee4ca5e/target/classes/META-INF/versions/9
[INFO] 
[INFO] --- maven-resources-plugin:3.1.0:testResources (default-testResources) @ snakeyaml ---
[INFO] Using 'UTF-8' encoding to copy filtered resources.
[INFO] Copying 615 resources
[INFO] 
[INFO] --- maven-compiler-plugin:3.10.1:testCompile (default-testCompile) @ snakeyaml ---
[INFO] Changes detected - recompiling the module!
[INFO] Compiling 523 source files to /home/srafi/after-cam-ready/compare_/compile_repair_output/work/ced40ee4ca5e/target/test-classes
[INFO] /home/srafi/after-cam-ready/compare_/compile_repair_output/work/ced40ee4ca5e/src/test/java/examples/jodatime/JodaTimeExampleTest.java: Some input files use or override a deprecated API.
[INFO] /home/srafi/after-cam-ready/compare_/compile_repair_output/work/ced40ee4ca5e/src/test/java/examples/jodatime/JodaTimeExampleTest.java: Recompile with -Xlint:deprecation for details.
[INFO] /home/srafi/after-cam-ready/compare_/compile_repair_output/work/ced40ee4ca5e/src/test/java/org/yaml/snakeyaml/issues/issue480/AnchorUnicodeTest.java: Some input files use unchecked or unsafe operations.
[INFO] /home/srafi/after-cam-ready/compare_/compile_repair_output/work/ced40ee4ca5e/src/test/java/org/yaml/snakeyaml/issues/issue480/AnchorUnicodeTest.java: Recompile with -Xlint:unchecked for details.
[INFO] 
[INFO] --- maven-surefire-plugin:3.0.0-M7:test (default-test) @ snakeyaml ---
[INFO] Tests are skipped.
[INFO] 
[INFO] --- maven-bundle-plugin:5.1.8:bundle (default-bundle) @ snakeyaml ---
[WARNING] Bundle org.yaml:snakeyaml:bundle:2.2-SNAPSHOT : Classes found in the wrong directory: {META-INF/versions/9/org/yaml/snakeyaml/internal/Logger.class=org.yaml.snakeyaml.internal.Logger, META-INF/versions/9/module-info.class=module-info, META-INF/versions/9/org/yaml/snakeyaml/internal/Logger$Level.class=org.yaml.snakeyaml.internal.Logger$Level}
[INFO] Building bundle: /home/srafi/after-cam-ready/compare_/compile_repair_output/work/ced40ee4ca5e/target/snakeyaml-2.2-SNAPSHOT.jar
[INFO] Writing manifest: /home/srafi/after-cam-ready/compare_/compile_repair_output/work/ced40ee4ca5e/target/classes/META-INF/MANIFEST.MF
[INFO] 
[INFO] --- maven-source-plugin:3.2.1:jar-no-fork (default) @ snakeyaml ---
[INFO] Building jar: /home/srafi/after-cam-ready/compare_/compile_repair_output/work/ced40ee4ca5e/target/snakeyaml-2.2-SNAPSHOT-sources.jar
[INFO] 
[INFO] --- maven-javadoc-plugin:3.4.1:jar (attach-javadocs) @ snakeyaml ---
[INFO] Skipping javadoc generation
[INFO] 
[INFO] --- maven-site-plugin:3.12.1:attach-descriptor (attach-descriptor) @ snakeyaml ---
[INFO] Skipping because packaging 'bundle' is not pom.
[INFO] 
[INFO] --- maven-install-plugin:3.1.4:install (default-install) @ snakeyaml ---
[INFO] Installing /home/srafi/after-cam-ready/compare_/compile_repair_output/work/ced40ee4ca5e/pom.xml to /home/srafi/.m2/repository/org/yaml/snakeyaml/2.2-SNAPSHOT/snakeyaml-2.2-SNAPSHOT.pom
[INFO] Installing /home/srafi/after-cam-ready/compare_/compile_repair_output/work/ced40ee4ca5e/target/snakeyaml-2.2-SNAPSHOT.jar to /home/srafi/.m2/repository/org/yaml/snakeyaml/2.2-SNAPSHOT/snakeyaml-2.2-SNAPSHOT.jar
[INFO] Installing /home/srafi/after-cam-ready/compare_/compile_repair_output/work/ced40ee4ca5e/target/snakeyaml-2.2-SNAPSHOT-sources.jar to /home/srafi/.m2/repository/org/yaml/snakeyaml/2.2-SNAPSHOT/snakeyaml-2.2-SNAPSHOT-sources.jar
[INFO] 
[INFO] --- maven-bundle-plugin:5.1.8:install (default-install) @ snakeyaml ---
[INFO] Installing org/yaml/snakeyaml/2.2-SNAPSHOT/snakeyaml-2.2-SNAPSHOT.jar
[INFO] Writing OBR metadata
[INFO] ------------------------------------------------------------------------
[INFO] BUILD SUCCESS
[INFO] ------------------------------------------------------------------------
[INFO] Total time:  9.071 s
[INFO] Finished at: 2026-08-15T16:55:42-04:00
[INFO] ------------------------------------------------------------------------
