JAVA_HOME=/usr/lib/jvm/java-8-openjdk-amd64
COMMAND=mvn -B clean install -DskipTests -U -pl tessera-partyinfo -am -Ddependency-check.skip=true -Dgpg.skip=true -DfailIfNoTests=false -Dskip.installnodenpm=true -Dskip.npm=true -Dskip.yarn=true -Dlicense.skip=true -Dcheckstyle.skip=true -Drat.skip=true -Denforcer.skip=true -Danimal.sniffer.skip=true -Dmaven.javadoc.skip=true -Dfindbugs.skip=true -Dspotbugs.skip=true -Dwarbucks.skip=true -Dmodernizer.skip=true -Dimpsort.skip=true -Dmdep.analyze.skip=true -Dpgpverify.skip=true -Dxml.skip=true -Dcobertura.skip=true

[INFO] Scanning for projects...
Warning: KebabPizza disabling incompatible org.jacoco:jacoco-maven-plugin from tessera
Warning: KebabPizza disabling incompatible org.apache.maven.plugins:maven-enforcer-plugin from tessera
Warning: KebabPizza disabling incompatible org.jacoco:jacoco-maven-plugin from shared
Warning: KebabPizza disabling incompatible org.apache.maven.plugins:maven-enforcer-plugin from shared
Warning: KebabPizza disabling incompatible org.jacoco:jacoco-maven-plugin from argon2
Warning: KebabPizza disabling incompatible org.apache.maven.plugins:maven-enforcer-plugin from argon2
Warning: KebabPizza disabling incompatible org.jacoco:jacoco-maven-plugin from tests
Warning: KebabPizza disabling incompatible org.apache.maven.plugins:maven-enforcer-plugin from tests
Warning: KebabPizza disabling incompatible org.jacoco:jacoco-maven-plugin from test-util
Warning: KebabPizza disabling incompatible org.apache.maven.plugins:maven-enforcer-plugin from test-util
Warning: KebabPizza disabling incompatible org.jacoco:jacoco-maven-plugin from service-locator
Warning: KebabPizza disabling incompatible org.apache.maven.plugins:maven-enforcer-plugin from service-locator
Warning: KebabPizza disabling incompatible org.jacoco:jacoco-maven-plugin from service-locator-api
Warning: KebabPizza disabling incompatible org.apache.maven.plugins:maven-enforcer-plugin from service-locator-api
Warning: KebabPizza disabling incompatible org.jacoco:jacoco-maven-plugin from encryption
Warning: KebabPizza disabling incompatible org.apache.maven.plugins:maven-enforcer-plugin from encryption
Warning: KebabPizza disabling incompatible org.jacoco:jacoco-maven-plugin from encryption-api
Warning: KebabPizza disabling incompatible org.apache.maven.plugins:maven-enforcer-plugin from encryption-api
Warning: KebabPizza disabling incompatible org.jacoco:jacoco-maven-plugin from encryption-jnacl
Warning: KebabPizza disabling incompatible org.apache.maven.plugins:maven-enforcer-plugin from encryption-jnacl
Warning: KebabPizza disabling incompatible org.jacoco:jacoco-maven-plugin from encryption-ec
Warning: KebabPizza disabling incompatible org.apache.maven.plugins:maven-enforcer-plugin from encryption-ec
Warning: KebabPizza disabling incompatible org.jacoco:jacoco-maven-plugin from config
Warning: KebabPizza disabling incompatible org.apache.maven.plugins:maven-enforcer-plugin from config
Warning: KebabPizza disabling incompatible org.jacoco:jacoco-maven-plugin from key-vault
Warning: KebabPizza disabling incompatible org.apache.maven.plugins:maven-enforcer-plugin from key-vault
Warning: KebabPizza disabling incompatible org.jacoco:jacoco-maven-plugin from key-vault-api
Warning: KebabPizza disabling incompatible org.apache.maven.plugins:maven-enforcer-plugin from key-vault-api
Warning: KebabPizza disabling incompatible org.jacoco:jacoco-maven-plugin from enclave
Warning: KebabPizza disabling incompatible org.apache.maven.plugins:maven-enforcer-plugin from enclave
Warning: KebabPizza disabling incompatible org.jacoco:jacoco-maven-plugin from enclave-api
Warning: KebabPizza disabling incompatible org.apache.maven.plugins:maven-enforcer-plugin from enclave-api
Warning: KebabPizza disabling incompatible org.jacoco:jacoco-maven-plugin from eclipselink-utils
Warning: KebabPizza disabling incompatible org.apache.maven.plugins:maven-enforcer-plugin from eclipselink-utils
Warning: KebabPizza disabling incompatible org.jacoco:jacoco-maven-plugin from tessera-data
Warning: KebabPizza disabling incompatible org.apache.maven.plugins:maven-enforcer-plugin from tessera-data
Warning: KebabPizza disabling incompatible org.jacoco:jacoco-maven-plugin from tessera-context
Warning: KebabPizza disabling incompatible org.apache.maven.plugins:maven-enforcer-plugin from tessera-context
Warning: KebabPizza disabling incompatible org.jacoco:jacoco-maven-plugin from test-utils
Warning: KebabPizza disabling incompatible org.apache.maven.plugins:maven-enforcer-plugin from test-utils
Warning: KebabPizza disabling incompatible org.jacoco:jacoco-maven-plugin from mock-service-locator
Warning: KebabPizza disabling incompatible org.apache.maven.plugins:maven-enforcer-plugin from mock-service-locator
Warning: KebabPizza disabling incompatible org.jacoco:jacoco-maven-plugin from tessera-partyinfo
Warning: KebabPizza disabling incompatible org.apache.maven.plugins:maven-enforcer-plugin from tessera-partyinfo
[INFO] ------------------------------------------------------------------------
[INFO] Reactor Build Order:
[INFO] 
[INFO] tessera                                                            [pom]
[INFO] shared                                                             [jar]
[INFO] argon2                                                             [jar]
[INFO] tests                                                              [pom]
[INFO] test-util                                                          [jar]
[INFO] service-locator                                                    [pom]
[INFO] service-locator-api                                                [jar]
[INFO] encryption                                                         [pom]
[INFO] encryption-api                                                     [jar]
[INFO] encryption-jnacl                                                   [jar]
[INFO] encryption-ec                                                      [jar]
[INFO] config                                                             [jar]
[INFO] key-vault                                                          [pom]
[INFO] key-vault-api                                                      [jar]
[INFO] enclave                                                            [pom]
[INFO] enclave-api                                                        [jar]
[INFO] eclipselink-utils                                                  [jar]
[INFO] tessera-data                                                       [jar]
[INFO] tessera-context                                                    [jar]
[INFO] test-utils                                                         [pom]
[INFO] mock-service-locator                                               [jar]
[INFO] tessera-partyinfo                                                  [jar]
[INFO] 
[INFO] ----------------< net.consensys.quorum.tessera:tessera >----------------
[INFO] Building tessera 20.10.1-SNAPSHOT                                 [1/22]
[INFO] --------------------------------[ pom ]---------------------------------
[INFO] 
[INFO] --- maven-clean-plugin:2.5:clean (default-clean) @ tessera ---
[INFO] 
[INFO] --- googleformatter-maven-plugin:1.7.3:format (reformat-sources) @ tessera ---
[INFO] Project packaging is POM, skipping...
[INFO] 
[INFO] --- maven-checkstyle-plugin:3.1.1:check (verify-style) @ tessera ---
[INFO] 
[INFO] --- editorconfig-maven-plugin:0.0.10:check (check) @ tessera ---
[INFO] Downloading from central: https://repo.maven.apache.org/maven2/org/eclipse/platform/org.eclipse.core.resources/maven-metadata.xml
[INFO] Downloading from synergian-repo: https://raw.github.com/synergian/wagon-git/releases/org/eclipse/platform/org.eclipse.core.resources/maven-metadata.xml
[INFO] Downloaded from central: https://repo.maven.apache.org/maven2/org/eclipse/platform/org.eclipse.core.resources/maven-metadata.xml (1.5 kB at 7.2 kB/s)
[INFO] Downloading from central: https://repo.maven.apache.org/maven2/org/eclipse/platform/org.eclipse.core.expressions/maven-metadata.xml
[INFO] Downloading from synergian-repo: https://raw.github.com/synergian/wagon-git/releases/org/eclipse/platform/org.eclipse.core.expressions/maven-metadata.xml
[INFO] Downloaded from central: https://repo.maven.apache.org/maven2/org/eclipse/platform/org.eclipse.core.expressions/maven-metadata.xml (1.0 kB at 34 kB/s)
[INFO] Downloading from synergian-repo: https://raw.github.com/synergian/wagon-git/releases/org/eclipse/platform/org.eclipse.core.runtime/maven-metadata.xml
[INFO] Downloading from central: https://repo.maven.apache.org/maven2/org/eclipse/platform/org.eclipse.core.runtime/maven-metadata.xml
[INFO] Downloaded from central: https://repo.maven.apache.org/maven2/org/eclipse/platform/org.eclipse.core.runtime/maven-metadata.xml (1.4 kB at 43 kB/s)
[INFO] Downloading from synergian-repo: https://raw.github.com/synergian/wagon-git/releases/org/eclipse/platform/org.eclipse.osgi/maven-metadata.xml
[INFO] Downloading from central: https://repo.maven.apache.org/maven2/org/eclipse/platform/org.eclipse.osgi/maven-metadata.xml
[INFO] Downloaded from central: https://repo.maven.apache.org/maven2/org/eclipse/platform/org.eclipse.osgi/maven-metadata.xml (1.6 kB at 49 kB/s)
[INFO] Downloading from synergian-repo: https://raw.github.com/synergian/wagon-git/releases/org/eclipse/platform/org.eclipse.equinox.common/maven-metadata.xml
[INFO] Downloading from central: https://repo.maven.apache.org/maven2/org/eclipse/platform/org.eclipse.equinox.common/maven-metadata.xml
[INFO] Downloaded from central: https://repo.maven.apache.org/maven2/org/eclipse/platform/org.eclipse.equinox.common/maven-metadata.xml (1.4 kB at 45 kB/s)
[INFO] Downloading from synergian-repo: https://raw.github.com/synergian/wagon-git/releases/org/eclipse/platform/org.eclipse.core.jobs/maven-metadata.xml
[INFO] Downloading from central: https://repo.maven.apache.org/maven2/org/eclipse/platform/org.eclipse.core.jobs/maven-metadata.xml
[INFO] Downloaded from central: https://repo.maven.apache.org/maven2/org/eclipse/platform/org.eclipse.core.jobs/maven-metadata.xml (1.4 kB at 49 kB/s)
[INFO] Downloading from synergian-repo: https://raw.github.com/synergian/wagon-git/releases/org/eclipse/platform/org.eclipse.equinox.registry/maven-metadata.xml
[INFO] Downloading from central: https://repo.maven.apache.org/maven2/org/eclipse/platform/org.eclipse.equinox.registry/maven-metadata.xml
[INFO] Downloaded from central: https://repo.maven.apache.org/maven2/org/eclipse/platform/org.eclipse.equinox.registry/maven-metadata.xml (1.2 kB at 39 kB/s)
[INFO] Downloading from central: https://repo.maven.apache.org/maven2/org/eclipse/platform/org.eclipse.equinox.preferences/maven-metadata.xml
[INFO] Downloading from synergian-repo: https://raw.github.com/synergian/wagon-git/releases/org/eclipse/platform/org.eclipse.equinox.preferences/maven-metadata.xml
[INFO] Downloaded from central: https://repo.maven.apache.org/maven2/org/eclipse/platform/org.eclipse.equinox.preferences/maven-metadata.xml (1.2 kB at 40 kB/s)
[INFO] Downloading from synergian-repo: https://raw.github.com/synergian/wagon-git/releases/org/osgi/org.osgi.service.prefs/maven-metadata.xml
[INFO] Downloading from central: https://repo.maven.apache.org/maven2/org/osgi/org.osgi.service.prefs/maven-metadata.xml
[INFO] Downloaded from central: https://repo.maven.apache.org/maven2/org/osgi/org.osgi.service.prefs/maven-metadata.xml (389 B at 12 kB/s)
[INFO] Downloading from synergian-repo: https://raw.github.com/synergian/wagon-git/releases/org/eclipse/platform/org.eclipse.core.contenttype/maven-metadata.xml
[INFO] Downloading from central: https://repo.maven.apache.org/maven2/org/eclipse/platform/org.eclipse.core.contenttype/maven-metadata.xml
[INFO] Downloaded from central: https://repo.maven.apache.org/maven2/org/eclipse/platform/org.eclipse.core.contenttype/maven-metadata.xml (1.1 kB at 40 kB/s)
[INFO] Downloading from synergian-repo: https://raw.github.com/synergian/wagon-git/releases/org/eclipse/platform/org.eclipse.equinox.app/maven-metadata.xml
[INFO] Downloading from central: https://repo.maven.apache.org/maven2/org/eclipse/platform/org.eclipse.equinox.app/maven-metadata.xml
[INFO] Downloaded from central: https://repo.maven.apache.org/maven2/org/eclipse/platform/org.eclipse.equinox.app/maven-metadata.xml (1.1 kB at 38 kB/s)
[INFO] Downloading from central: https://repo.maven.apache.org/maven2/org/eclipse/platform/org.eclipse.core.filesystem/maven-metadata.xml
[INFO] Downloading from synergian-repo: https://raw.github.com/synergian/wagon-git/releases/org/eclipse/platform/org.eclipse.core.filesystem/maven-metadata.xml
[INFO] Downloaded from central: https://repo.maven.apache.org/maven2/org/eclipse/platform/org.eclipse.core.filesystem/maven-metadata.xml (1.2 kB at 37 kB/s)
[INFO] Downloading from synergian-repo: https://raw.github.com/synergian/wagon-git/releases/org/eclipse/platform/org.eclipse.text/maven-metadata.xml
[INFO] Downloading from central: https://repo.maven.apache.org/maven2/org/eclipse/platform/org.eclipse.text/maven-metadata.xml
[INFO] Downloaded from central: https://repo.maven.apache.org/maven2/org/eclipse/platform/org.eclipse.text/maven-metadata.xml (1.2 kB at 41 kB/s)
[INFO] Downloading from synergian-repo: https://raw.github.com/synergian/wagon-git/releases/org/eclipse/platform/org.eclipse.core.commands/maven-metadata.xml
[INFO] Downloading from central: https://repo.maven.apache.org/maven2/org/eclipse/platform/org.eclipse.core.commands/maven-metadata.xml
[INFO] Downloaded from central: https://repo.maven.apache.org/maven2/org/eclipse/platform/org.eclipse.core.commands/maven-metadata.xml (1.2 kB at 40 kB/s)
[ERROR] No .editorconfig properties applicable for files under '/home/srafi/after-cam-ready/compare_/compile_repair_output/work/829465e3dd48'
[INFO] Checked 0 files
[INFO] 
[INFO] --- maven-install-plugin:2.4:install (default-install) @ tessera ---
[INFO] Installing /home/srafi/after-cam-ready/compare_/compile_repair_output/work/829465e3dd48/pom.xml to /home/srafi/.m2/repository/net/consensys/quorum/tessera/tessera/20.10.1-SNAPSHOT/tessera-20.10.1-SNAPSHOT.pom
[INFO] 
[INFO] ----------------< net.consensys.quorum.tessera:shared >-----------------
[INFO] Building shared 20.10.1-SNAPSHOT                                  [2/22]
[INFO] --------------------------------[ jar ]---------------------------------
[INFO] Downloading from synergian-repo: https://raw.github.com/synergian/wagon-git/releases/org/apache/maven/plugins/maven-surefire-plugin/3.0.0-M8-SNAPSHOT/maven-metadata.xml
[INFO] Downloading from synergian-repo: https://raw.github.com/synergian/wagon-git/releases/org/apache/maven/surefire/surefire/3.0.0-M8-SNAPSHOT/maven-metadata.xml
[INFO] Downloading from central: https://repo.maven.apache.org/maven2/junit/junit-dep/maven-metadata.xml
[INFO] Downloaded from central: https://repo.maven.apache.org/maven2/junit/junit-dep/maven-metadata.xml (563 B at 17 kB/s)
[INFO] 
[INFO] --- maven-clean-plugin:2.5:clean (default-clean) @ shared ---
[INFO] 
[INFO] --- googleformatter-maven-plugin:1.7.3:format (reformat-sources) @ shared ---
[INFO] Found 21 uncompiled/modified files in /home/srafi/after-cam-ready/compare_/compile_repair_output/work/829465e3dd48/shared/src/main/java to reformat.
[INFO] Found 21 uncompiled/modified files in /home/srafi/after-cam-ready/compare_/compile_repair_output/work/829465e3dd48/shared/src/test/java to reformat.
[INFO] Executing: /bin/sh -c cd '/home/srafi/after-cam-ready/compare_/compile_repair_output/work/829465e3dd48' && 'git' 'rev-parse' '--show-prefix'
[INFO] Working directory: /home/srafi/after-cam-ready/compare_/compile_repair_output/work/829465e3dd48
[INFO] Executing: /bin/sh -c cd '/home/srafi/after-cam-ready/compare_/compile_repair_output/work/829465e3dd48' && 'git' 'status' '--porcelain' '.'
[INFO] Working directory: /home/srafi/after-cam-ready/compare_/compile_repair_output/work/829465e3dd48
[INFO] 
[INFO] --- maven-resources-plugin:2.6:resources (default-resources) @ shared ---
[INFO] Using 'UTF-8' encoding to copy filtered resources.
[INFO] Copying 2 resources
[INFO] 
[INFO] --- maven-compiler-plugin:3.8.1:compile (default-compile) @ shared ---
[INFO] Changes detected - recompiling the module!
[INFO] Compiling 21 source files to /home/srafi/after-cam-ready/compare_/compile_repair_output/work/829465e3dd48/shared/target/classes
[INFO] ------------------------------------------------------------------------
[INFO] Reactor Summary for tessera 20.10.1-SNAPSHOT:
[INFO] 
[INFO] tessera ............................................ SUCCESS [  1.769 s]
[INFO] shared ............................................. FAILURE [  0.562 s]
[INFO] argon2 ............................................. SKIPPED
[INFO] tests .............................................. SKIPPED
[INFO] test-util .......................................... SKIPPED
[INFO] service-locator .................................... SKIPPED
[INFO] service-locator-api ................................ SKIPPED
[INFO] encryption ......................................... SKIPPED
[INFO] encryption-api ..................................... SKIPPED
[INFO] encryption-jnacl ................................... SKIPPED
[INFO] encryption-ec ...................................... SKIPPED
[INFO] config ............................................. SKIPPED
[INFO] key-vault .......................................... SKIPPED
[INFO] key-vault-api ...................................... SKIPPED
[INFO] enclave ............................................ SKIPPED
[INFO] enclave-api ........................................ SKIPPED
[INFO] eclipselink-utils .................................. SKIPPED
[INFO] tessera-data ....................................... SKIPPED
[INFO] tessera-context .................................... SKIPPED
[INFO] test-utils ......................................... SKIPPED
[INFO] mock-service-locator ............................... SKIPPED
[INFO] tessera-partyinfo .................................. SKIPPED
[INFO] ------------------------------------------------------------------------
[INFO] BUILD FAILURE
[INFO] ------------------------------------------------------------------------
[INFO] Total time:  2.638 s
[INFO] Finished at: 2026-08-15T16:13:26-04:00
[INFO] ------------------------------------------------------------------------
[ERROR] Failed to execute goal org.apache.maven.plugins:maven-compiler-plugin:3.8.1:compile (default-compile) on project shared: Fatal error compiling: invalid target release: 11 -> [Help 1]
[ERROR] 
[ERROR] To see the full stack trace of the errors, re-run Maven with the -e switch.
[ERROR] Re-run Maven using the -X switch to enable full debug logging.
[ERROR] 
[ERROR] For more information about the errors and possible solutions, please read the following articles:
[ERROR] [Help 1] http://cwiki.apache.org/confluence/display/MAVEN/MojoExecutionException
[ERROR] 
[ERROR] After correcting the problems, you can resume the build with the command
[ERROR]   mvn <args> -rf :shared
