JAVA_HOME=/usr/lib/jvm/java-11-openjdk-amd64
COMMAND=mvn -B clean install -DskipTests -U -pl tessera-partyinfo -am -Ddependency-check.skip=true -Dgpg.skip=true -DfailIfNoTests=false -Dskip.installnodenpm=true -Dskip.npm=true -Dskip.yarn=true -Dlicense.skip=true -Dcheckstyle.skip=true -Drat.skip=true -Denforcer.skip=true -Danimal.sniffer.skip=true -Dmaven.javadoc.skip=true -Dfindbugs.skip=true -Dspotbugs.skip=true -Dwarbucks.skip=true -Dmodernizer.skip=true -Dimpsort.skip=true -Dmdep.analyze.skip=true -Dpgpverify.skip=true -Dxml.skip=true -Dcobertura.skip=true

[INFO] Scanning for projects...
Warning: KebabPizza disabling incompatible org.jacoco:jacoco-maven-plugin from tessera
Warning: KebabPizza disabling incompatible org.apache.maven.plugins:maven-enforcer-plugin from tessera
Warning: KebabPizza disabling incompatible org.jacoco:jacoco-maven-plugin from shared
Warning: KebabPizza disabling incompatible org.apache.maven.plugins:maven-enforcer-plugin from shared
Warning: KebabPizza disabling incompatible org.jacoco:jacoco-maven-plugin from argon2
Warning: KebabPizza disabling incompatible org.apache.maven.plugins:maven-enforcer-plugin from argon2
Warning: KebabPizza disabling incompatible org.jacoco:jacoco-maven-plugin from tests
Warning: KebabPizza disabling incompatible org.apache.maven.plugins:maven-enforcer-plugin from tests
Warning: KebabPizza disabling incompatible org.jacoco:jacoco-maven-plugin from test-util
Warning: KebabPizza disabling incompatible org.apache.maven.plugins:maven-enforcer-plugin from test-util
Warning: KebabPizza disabling incompatible org.jacoco:jacoco-maven-plugin from service-locator
Warning: KebabPizza disabling incompatible org.apache.maven.plugins:maven-enforcer-plugin from service-locator
Warning: KebabPizza disabling incompatible org.jacoco:jacoco-maven-plugin from service-locator-api
Warning: KebabPizza disabling incompatible org.apache.maven.plugins:maven-enforcer-plugin from service-locator-api
Warning: KebabPizza disabling incompatible org.jacoco:jacoco-maven-plugin from encryption
Warning: KebabPizza disabling incompatible org.apache.maven.plugins:maven-enforcer-plugin from encryption
Warning: KebabPizza disabling incompatible org.jacoco:jacoco-maven-plugin from encryption-api
Warning: KebabPizza disabling incompatible org.apache.maven.plugins:maven-enforcer-plugin from encryption-api
Warning: KebabPizza disabling incompatible org.jacoco:jacoco-maven-plugin from encryption-jnacl
Warning: KebabPizza disabling incompatible org.apache.maven.plugins:maven-enforcer-plugin from encryption-jnacl
Warning: KebabPizza disabling incompatible org.jacoco:jacoco-maven-plugin from encryption-ec
Warning: KebabPizza disabling incompatible org.apache.maven.plugins:maven-enforcer-plugin from encryption-ec
Warning: KebabPizza disabling incompatible org.jacoco:jacoco-maven-plugin from config
Warning: KebabPizza disabling incompatible org.apache.maven.plugins:maven-enforcer-plugin from config
Warning: KebabPizza disabling incompatible org.jacoco:jacoco-maven-plugin from key-vault
Warning: KebabPizza disabling incompatible org.apache.maven.plugins:maven-enforcer-plugin from key-vault
Warning: KebabPizza disabling incompatible org.jacoco:jacoco-maven-plugin from key-vault-api
Warning: KebabPizza disabling incompatible org.apache.maven.plugins:maven-enforcer-plugin from key-vault-api
Warning: KebabPizza disabling incompatible org.jacoco:jacoco-maven-plugin from enclave
Warning: KebabPizza disabling incompatible org.apache.maven.plugins:maven-enforcer-plugin from enclave
Warning: KebabPizza disabling incompatible org.jacoco:jacoco-maven-plugin from enclave-api
Warning: KebabPizza disabling incompatible org.apache.maven.plugins:maven-enforcer-plugin from enclave-api
Warning: KebabPizza disabling incompatible org.jacoco:jacoco-maven-plugin from eclipselink-utils
Warning: KebabPizza disabling incompatible org.apache.maven.plugins:maven-enforcer-plugin from eclipselink-utils
Warning: KebabPizza disabling incompatible org.jacoco:jacoco-maven-plugin from tessera-data
Warning: KebabPizza disabling incompatible org.apache.maven.plugins:maven-enforcer-plugin from tessera-data
Warning: KebabPizza disabling incompatible org.jacoco:jacoco-maven-plugin from tessera-context
Warning: KebabPizza disabling incompatible org.apache.maven.plugins:maven-enforcer-plugin from tessera-context
Warning: KebabPizza disabling incompatible org.jacoco:jacoco-maven-plugin from test-utils
Warning: KebabPizza disabling incompatible org.apache.maven.plugins:maven-enforcer-plugin from test-utils
Warning: KebabPizza disabling incompatible org.jacoco:jacoco-maven-plugin from mock-service-locator
Warning: KebabPizza disabling incompatible org.apache.maven.plugins:maven-enforcer-plugin from mock-service-locator
Warning: KebabPizza disabling incompatible org.jacoco:jacoco-maven-plugin from tessera-partyinfo
Warning: KebabPizza disabling incompatible org.apache.maven.plugins:maven-enforcer-plugin from tessera-partyinfo
[INFO] ------------------------------------------------------------------------
[INFO] Reactor Build Order:
[INFO] 
[INFO] tessera                                                            [pom]
[INFO] shared                                                             [jar]
[INFO] argon2                                                             [jar]
[INFO] tests                                                              [pom]
[INFO] test-util                                                          [jar]
[INFO] service-locator                                                    [pom]
[INFO] service-locator-api                                                [jar]
[INFO] encryption                                                         [pom]
[INFO] encryption-api                                                     [jar]
[INFO] encryption-jnacl                                                   [jar]
[INFO] encryption-ec                                                      [jar]
[INFO] config                                                             [jar]
[INFO] key-vault                                                          [pom]
[INFO] key-vault-api                                                      [jar]
[INFO] enclave                                                            [pom]
[INFO] enclave-api                                                        [jar]
[INFO] eclipselink-utils                                                  [jar]
[INFO] tessera-data                                                       [jar]
[INFO] tessera-context                                                    [jar]
[INFO] test-utils                                                         [pom]
[INFO] mock-service-locator                                               [jar]
[INFO] tessera-partyinfo                                                  [jar]
[INFO] 
[INFO] ----------------< net.consensys.quorum.tessera:tessera >----------------
[INFO] Building tessera 20.10.1-SNAPSHOT                                 [1/22]
[INFO] --------------------------------[ pom ]---------------------------------
[INFO] 
[INFO] --- maven-clean-plugin:2.5:clean (default-clean) @ tessera ---
[INFO] 
[INFO] --- googleformatter-maven-plugin:1.7.3:format (reformat-sources) @ tessera ---
[INFO] Project packaging is POM, skipping...
[INFO] 
[INFO] --- maven-checkstyle-plugin:3.1.1:check (verify-style) @ tessera ---
[INFO] 
[INFO] --- editorconfig-maven-plugin:0.0.10:check (check) @ tessera ---
[INFO] Downloading from synergian-repo: https://raw.github.com/synergian/wagon-git/releases/org/eclipse/platform/org.eclipse.core.resources/maven-metadata.xml
[INFO] Downloading from central: https://repo.maven.apache.org/maven2/org/eclipse/platform/org.eclipse.core.resources/maven-metadata.xml
[INFO] Downloaded from central: https://repo.maven.apache.org/maven2/org/eclipse/platform/org.eclipse.core.resources/maven-metadata.xml (1.5 kB at 6.3 kB/s)
[INFO] Downloading from central: https://repo.maven.apache.org/maven2/org/eclipse/platform/org.eclipse.core.expressions/maven-metadata.xml
[INFO] Downloading from synergian-repo: https://raw.github.com/synergian/wagon-git/releases/org/eclipse/platform/org.eclipse.core.expressions/maven-metadata.xml
[INFO] Downloaded from central: https://repo.maven.apache.org/maven2/org/eclipse/platform/org.eclipse.core.expressions/maven-metadata.xml (1.0 kB at 25 kB/s)
[INFO] Downloading from central: https://repo.maven.apache.org/maven2/org/eclipse/platform/org.eclipse.core.runtime/maven-metadata.xml
[INFO] Downloading from synergian-repo: https://raw.github.com/synergian/wagon-git/releases/org/eclipse/platform/org.eclipse.core.runtime/maven-metadata.xml
[INFO] Downloaded from central: https://repo.maven.apache.org/maven2/org/eclipse/platform/org.eclipse.core.runtime/maven-metadata.xml (1.4 kB at 32 kB/s)
[INFO] Downloading from synergian-repo: https://raw.github.com/synergian/wagon-git/releases/org/eclipse/platform/org.eclipse.osgi/maven-metadata.xml
[INFO] Downloading from central: https://repo.maven.apache.org/maven2/org/eclipse/platform/org.eclipse.osgi/maven-metadata.xml
[INFO] Downloaded from central: https://repo.maven.apache.org/maven2/org/eclipse/platform/org.eclipse.osgi/maven-metadata.xml (1.6 kB at 40 kB/s)
[INFO] Downloading from synergian-repo: https://raw.github.com/synergian/wagon-git/releases/org/eclipse/platform/org.eclipse.equinox.common/maven-metadata.xml
[INFO] Downloading from central: https://repo.maven.apache.org/maven2/org/eclipse/platform/org.eclipse.equinox.common/maven-metadata.xml
[INFO] Downloaded from central: https://repo.maven.apache.org/maven2/org/eclipse/platform/org.eclipse.equinox.common/maven-metadata.xml (1.4 kB at 27 kB/s)
[INFO] Downloading from synergian-repo: https://raw.github.com/synergian/wagon-git/releases/org/eclipse/platform/org.eclipse.core.jobs/maven-metadata.xml
[INFO] Downloading from central: https://repo.maven.apache.org/maven2/org/eclipse/platform/org.eclipse.core.jobs/maven-metadata.xml
[INFO] Downloaded from central: https://repo.maven.apache.org/maven2/org/eclipse/platform/org.eclipse.core.jobs/maven-metadata.xml (1.4 kB at 31 kB/s)
[INFO] Downloading from synergian-repo: https://raw.github.com/synergian/wagon-git/releases/org/eclipse/platform/org.eclipse.equinox.registry/maven-metadata.xml
[INFO] Downloading from central: https://repo.maven.apache.org/maven2/org/eclipse/platform/org.eclipse.equinox.registry/maven-metadata.xml
[INFO] Downloaded from central: https://repo.maven.apache.org/maven2/org/eclipse/platform/org.eclipse.equinox.registry/maven-metadata.xml (1.2 kB at 32 kB/s)
[INFO] Downloading from synergian-repo: https://raw.github.com/synergian/wagon-git/releases/org/eclipse/platform/org.eclipse.equinox.preferences/maven-metadata.xml
[INFO] Downloading from central: https://repo.maven.apache.org/maven2/org/eclipse/platform/org.eclipse.equinox.preferences/maven-metadata.xml
[INFO] Downloaded from central: https://repo.maven.apache.org/maven2/org/eclipse/platform/org.eclipse.equinox.preferences/maven-metadata.xml (1.2 kB at 31 kB/s)
[INFO] Downloading from central: https://repo.maven.apache.org/maven2/org/osgi/org.osgi.service.prefs/maven-metadata.xml
[INFO] Downloading from synergian-repo: https://raw.github.com/synergian/wagon-git/releases/org/osgi/org.osgi.service.prefs/maven-metadata.xml
[INFO] Downloaded from central: https://repo.maven.apache.org/maven2/org/osgi/org.osgi.service.prefs/maven-metadata.xml (389 B at 9.5 kB/s)
[INFO] Downloading from central: https://repo.maven.apache.org/maven2/org/eclipse/platform/org.eclipse.core.contenttype/maven-metadata.xml
[INFO] Downloading from synergian-repo: https://raw.github.com/synergian/wagon-git/releases/org/eclipse/platform/org.eclipse.core.contenttype/maven-metadata.xml
[INFO] Downloaded from central: https://repo.maven.apache.org/maven2/org/eclipse/platform/org.eclipse.core.contenttype/maven-metadata.xml (1.1 kB at 27 kB/s)
[INFO] Downloading from synergian-repo: https://raw.github.com/synergian/wagon-git/releases/org/eclipse/platform/org.eclipse.equinox.app/maven-metadata.xml
[INFO] Downloading from central: https://repo.maven.apache.org/maven2/org/eclipse/platform/org.eclipse.equinox.app/maven-metadata.xml
[INFO] Downloaded from central: https://repo.maven.apache.org/maven2/org/eclipse/platform/org.eclipse.equinox.app/maven-metadata.xml (1.1 kB at 23 kB/s)
[INFO] Downloading from synergian-repo: https://raw.github.com/synergian/wagon-git/releases/org/eclipse/platform/org.eclipse.core.filesystem/maven-metadata.xml
[INFO] Downloading from central: https://repo.maven.apache.org/maven2/org/eclipse/platform/org.eclipse.core.filesystem/maven-metadata.xml
[INFO] Downloaded from central: https://repo.maven.apache.org/maven2/org/eclipse/platform/org.eclipse.core.filesystem/maven-metadata.xml (1.2 kB at 26 kB/s)
[INFO] Downloading from synergian-repo: https://raw.github.com/synergian/wagon-git/releases/org/eclipse/platform/org.eclipse.text/maven-metadata.xml
[INFO] Downloading from central: https://repo.maven.apache.org/maven2/org/eclipse/platform/org.eclipse.text/maven-metadata.xml
[INFO] Downloaded from central: https://repo.maven.apache.org/maven2/org/eclipse/platform/org.eclipse.text/maven-metadata.xml (1.2 kB at 25 kB/s)
[INFO] Downloading from synergian-repo: https://raw.github.com/synergian/wagon-git/releases/org/eclipse/platform/org.eclipse.core.commands/maven-metadata.xml
[INFO] Downloading from central: https://repo.maven.apache.org/maven2/org/eclipse/platform/org.eclipse.core.commands/maven-metadata.xml
[INFO] Downloaded from central: https://repo.maven.apache.org/maven2/org/eclipse/platform/org.eclipse.core.commands/maven-metadata.xml (1.2 kB at 27 kB/s)
[ERROR] No .editorconfig properties applicable for files under '/home/srafi/after-cam-ready/compare_/compile_repair_output/work/829465e3dd48'
[INFO] Checked 0 files
[INFO] 
[INFO] --- maven-install-plugin:2.4:install (default-install) @ tessera ---
[INFO] Installing /home/srafi/after-cam-ready/compare_/compile_repair_output/work/829465e3dd48/pom.xml to /home/srafi/.m2/repository/net/consensys/quorum/tessera/tessera/20.10.1-SNAPSHOT/tessera-20.10.1-SNAPSHOT.pom
[INFO] 
[INFO] ----------------< net.consensys.quorum.tessera:shared >-----------------
[INFO] Building shared 20.10.1-SNAPSHOT                                  [2/22]
[INFO] --------------------------------[ jar ]---------------------------------
[INFO] Downloading from synergian-repo: https://raw.github.com/synergian/wagon-git/releases/org/apache/maven/plugins/maven-surefire-plugin/3.0.0-M8-SNAPSHOT/maven-metadata.xml
[INFO] Downloading from synergian-repo: https://raw.github.com/synergian/wagon-git/releases/org/apache/maven/surefire/surefire/3.0.0-M8-SNAPSHOT/maven-metadata.xml
[INFO] Downloading from central: https://repo.maven.apache.org/maven2/junit/junit-dep/maven-metadata.xml
[INFO] Downloaded from central: https://repo.maven.apache.org/maven2/junit/junit-dep/maven-metadata.xml (563 B at 14 kB/s)
[INFO] 
[INFO] --- maven-clean-plugin:2.5:clean (default-clean) @ shared ---
[INFO] 
[INFO] --- googleformatter-maven-plugin:1.7.3:format (reformat-sources) @ shared ---
[INFO] Found 21 uncompiled/modified files in /home/srafi/after-cam-ready/compare_/compile_repair_output/work/829465e3dd48/shared/src/main/java to reformat.
[INFO] Found 21 uncompiled/modified files in /home/srafi/after-cam-ready/compare_/compile_repair_output/work/829465e3dd48/shared/src/test/java to reformat.
[INFO] Executing: /bin/sh -c cd '/home/srafi/after-cam-ready/compare_/compile_repair_output/work/829465e3dd48' && 'git' 'rev-parse' '--show-prefix'
[INFO] Working directory: /home/srafi/after-cam-ready/compare_/compile_repair_output/work/829465e3dd48
[INFO] Executing: /bin/sh -c cd '/home/srafi/after-cam-ready/compare_/compile_repair_output/work/829465e3dd48' && 'git' 'status' '--porcelain' '.'
[INFO] Working directory: /home/srafi/after-cam-ready/compare_/compile_repair_output/work/829465e3dd48
[INFO] 
[INFO] --- maven-resources-plugin:2.6:resources (default-resources) @ shared ---
[INFO] Using 'UTF-8' encoding to copy filtered resources.
[INFO] Copying 2 resources
[INFO] 
[INFO] --- maven-compiler-plugin:3.8.1:compile (default-compile) @ shared ---
[INFO] Changes detected - recompiling the module!
[INFO] Compiling 21 source files to /home/srafi/after-cam-ready/compare_/compile_repair_output/work/829465e3dd48/shared/target/classes
[INFO] 
[INFO] --- maven-checkstyle-plugin:3.1.1:check (verify-style) @ shared ---
[INFO] 
[INFO] --- maven-resources-plugin:2.6:testResources (default-testResources) @ shared ---
[INFO] Using 'UTF-8' encoding to copy filtered resources.
[INFO] Copying 3 resources
[INFO] 
[INFO] --- maven-compiler-plugin:3.8.1:testCompile (default-testCompile) @ shared ---
[INFO] Changes detected - recompiling the module!
[INFO] Compiling 21 source files to /home/srafi/after-cam-ready/compare_/compile_repair_output/work/829465e3dd48/shared/target/test-classes
[INFO] /home/srafi/after-cam-ready/compare_/compile_repair_output/work/829465e3dd48/shared/src/test/java/com/quorum/tessera/nio/unix/DelegatingFileSystemProviderTest.java: /home/srafi/after-cam-ready/compare_/compile_repair_output/work/829465e3dd48/shared/src/test/java/com/quorum/tessera/nio/unix/DelegatingFileSystemProviderTest.java uses unchecked or unsafe operations.
[INFO] /home/srafi/after-cam-ready/compare_/compile_repair_output/work/829465e3dd48/shared/src/test/java/com/quorum/tessera/nio/unix/DelegatingFileSystemProviderTest.java: Recompile with -Xlint:unchecked for details.
[INFO] 
[INFO] --- maven-surefire-plugin:3.0.0-M8-SNAPSHOT:test (default-test) @ shared ---
[INFO] Downloading from synergian-repo: https://raw.github.com/synergian/wagon-git/releases/org/apache/maven/surefire/maven-surefire-common/3.0.0-M8-SNAPSHOT/maven-metadata.xml
[INFO] Downloading from apache.snapshots: https://repository.apache.org/snapshots/org/apache/maven/surefire/maven-surefire-common/3.0.0-M8-SNAPSHOT/maven-metadata.xml
[INFO] Downloading from synergian-repo: https://raw.github.com/synergian/wagon-git/releases/org/apache/maven/surefire/surefire-api/3.0.0-M8-SNAPSHOT/maven-metadata.xml
[INFO] Downloading from apache.snapshots: https://repository.apache.org/snapshots/org/apache/maven/surefire/surefire-api/3.0.0-M8-SNAPSHOT/maven-metadata.xml
[INFO] Downloading from synergian-repo: https://raw.github.com/synergian/wagon-git/releases/org/apache/maven/surefire/surefire-logger-api/3.0.0-M8-SNAPSHOT/maven-metadata.xml
[INFO] Downloading from apache.snapshots: https://repository.apache.org/snapshots/org/apache/maven/surefire/surefire-logger-api/3.0.0-M8-SNAPSHOT/maven-metadata.xml
[INFO] Downloading from synergian-repo: https://raw.github.com/synergian/wagon-git/releases/org/apache/maven/surefire/surefire-shared-utils/3.0.0-M8-SNAPSHOT/maven-metadata.xml
[INFO] Downloading from apache.snapshots: https://repository.apache.org/snapshots/org/apache/maven/surefire/surefire-shared-utils/3.0.0-M8-SNAPSHOT/maven-metadata.xml
[INFO] Downloading from apache.snapshots: https://repository.apache.org/snapshots/org/apache/maven/surefire/surefire-extensions-api/3.0.0-M8-SNAPSHOT/maven-metadata.xml
[INFO] Downloading from synergian-repo: https://raw.github.com/synergian/wagon-git/releases/org/apache/maven/surefire/surefire-extensions-api/3.0.0-M8-SNAPSHOT/maven-metadata.xml
[INFO] Downloading from synergian-repo: https://raw.github.com/synergian/wagon-git/releases/org/apache/maven/surefire/surefire-booter/3.0.0-M8-SNAPSHOT/maven-metadata.xml
[INFO] Downloading from apache.snapshots: https://repository.apache.org/snapshots/org/apache/maven/surefire/surefire-booter/3.0.0-M8-SNAPSHOT/maven-metadata.xml
[INFO] Downloading from synergian-repo: https://raw.github.com/synergian/wagon-git/releases/org/apache/maven/surefire/surefire-extensions-spi/3.0.0-M8-SNAPSHOT/maven-metadata.xml
[INFO] Downloading from apache.snapshots: https://repository.apache.org/snapshots/org/apache/maven/surefire/surefire-extensions-spi/3.0.0-M8-SNAPSHOT/maven-metadata.xml
[INFO] Tests are skipped.
[INFO] 
[INFO] --- maven-jar-plugin:3.1.2:jar (default-jar) @ shared ---
[INFO] Building jar: /home/srafi/after-cam-ready/compare_/compile_repair_output/work/829465e3dd48/shared/target/shared-20.10.1-SNAPSHOT.jar
[INFO] 
[INFO] --- editorconfig-maven-plugin:0.0.10:check (check) @ shared ---
[INFO] Checked 1182 files
[INFO] 
[INFO] --- maven-install-plugin:2.4:install (default-install) @ shared ---
[INFO] Installing /home/srafi/after-cam-ready/compare_/compile_repair_output/work/829465e3dd48/shared/target/shared-20.10.1-SNAPSHOT.jar to /home/srafi/.m2/repository/net/consensys/quorum/tessera/shared/20.10.1-SNAPSHOT/shared-20.10.1-SNAPSHOT.jar
[INFO] Installing /home/srafi/after-cam-ready/compare_/compile_repair_output/work/829465e3dd48/shared/pom.xml to /home/srafi/.m2/repository/net/consensys/quorum/tessera/shared/20.10.1-SNAPSHOT/shared-20.10.1-SNAPSHOT.pom
[INFO] 
[INFO] ----------------< net.consensys.quorum.tessera:argon2 >-----------------
[INFO] Building argon2 20.10.1-SNAPSHOT                                  [3/22]
[INFO] --------------------------------[ jar ]---------------------------------
[INFO] Downloading from central: https://repo.maven.apache.org/maven2/de/mkammerer/argon2-jvm/2.5/argon2-jvm-2.5.pom
[INFO] Downloaded from central: https://repo.maven.apache.org/maven2/de/mkammerer/argon2-jvm/2.5/argon2-jvm-2.5.pom (1.5 kB at 31 kB/s)
[INFO] Downloading from central: https://repo.maven.apache.org/maven2/de/mkammerer/argon2-jvm/2.5/argon2-jvm-2.5.jar
[INFO] Downloaded from central: https://repo.maven.apache.org/maven2/de/mkammerer/argon2-jvm/2.5/argon2-jvm-2.5.jar (407 kB at 4.7 MB/s)
[INFO] 
[INFO] --- maven-clean-plugin:2.5:clean (default-clean) @ argon2 ---
[INFO] 
[INFO] --- googleformatter-maven-plugin:1.7.3:format (reformat-sources) @ argon2 ---
[INFO] Found 4 uncompiled/modified files in /home/srafi/after-cam-ready/compare_/compile_repair_output/work/829465e3dd48/argon2/src/main/java to reformat.
[INFO] Found 1 uncompiled/modified files in /home/srafi/after-cam-ready/compare_/compile_repair_output/work/829465e3dd48/argon2/src/test/java to reformat.
[INFO] Executing: /bin/sh -c cd '/home/srafi/after-cam-ready/compare_/compile_repair_output/work/829465e3dd48' && 'git' 'rev-parse' '--show-prefix'
[INFO] Working directory: /home/srafi/after-cam-ready/compare_/compile_repair_output/work/829465e3dd48
[INFO] Executing: /bin/sh -c cd '/home/srafi/after-cam-ready/compare_/compile_repair_output/work/829465e3dd48' && 'git' 'status' '--porcelain' '.'
[INFO] Working directory: /home/srafi/after-cam-ready/compare_/compile_repair_output/work/829465e3dd48
[INFO] 
[INFO] --- maven-resources-plugin:2.6:resources (default-resources) @ argon2 ---
[INFO] Using 'UTF-8' encoding to copy filtered resources.
[INFO] Copying 1 resource
[INFO] 
[INFO] --- maven-compiler-plugin:3.8.1:compile (default-compile) @ argon2 ---
[INFO] Changes detected - recompiling the module!
[INFO] Compiling 4 source files to /home/srafi/after-cam-ready/compare_/compile_repair_output/work/829465e3dd48/argon2/target/classes
[INFO] 
[INFO] --- maven-checkstyle-plugin:3.1.1:check (verify-style) @ argon2 ---
[INFO] 
[INFO] --- maven-resources-plugin:2.6:testResources (default-testResources) @ argon2 ---
[INFO] Using 'UTF-8' encoding to copy filtered resources.
[INFO] Copying 1 resource
[INFO] 
[INFO] --- maven-compiler-plugin:3.8.1:testCompile (default-testCompile) @ argon2 ---
[INFO] Changes detected - recompiling the module!
[INFO] Compiling 1 source file to /home/srafi/after-cam-ready/compare_/compile_repair_output/work/829465e3dd48/argon2/target/test-classes
[INFO] 
[INFO] --- maven-surefire-plugin:3.0.0-M8-SNAPSHOT:test (default-test) @ argon2 ---
[INFO] Tests are skipped.
[INFO] 
[INFO] --- maven-jar-plugin:3.1.2:jar (default-jar) @ argon2 ---
[INFO] Building jar: /home/srafi/after-cam-ready/compare_/compile_repair_output/work/829465e3dd48/argon2/target/argon2-20.10.1-SNAPSHOT.jar
[INFO] 
[INFO] --- editorconfig-maven-plugin:0.0.10:check (check) @ argon2 ---
[INFO] Checked 1182 files
[INFO] 
[INFO] --- maven-install-plugin:2.4:install (default-install) @ argon2 ---
[INFO] Installing /home/srafi/after-cam-ready/compare_/compile_repair_output/work/829465e3dd48/argon2/target/argon2-20.10.1-SNAPSHOT.jar to /home/srafi/.m2/repository/net/consensys/quorum/tessera/argon2/20.10.1-SNAPSHOT/argon2-20.10.1-SNAPSHOT.jar
[INFO] Installing /home/srafi/after-cam-ready/compare_/compile_repair_output/work/829465e3dd48/argon2/pom.xml to /home/srafi/.m2/repository/net/consensys/quorum/tessera/argon2/20.10.1-SNAPSHOT/argon2-20.10.1-SNAPSHOT.pom
[INFO] 
[INFO] -----------------< net.consensys.quorum.tessera:tests >-----------------
[INFO] Building tests 20.10.1-SNAPSHOT                                   [4/22]
[INFO] --------------------------------[ pom ]---------------------------------
[INFO] 
[INFO] --- maven-clean-plugin:2.5:clean (default-clean) @ tests ---
[INFO] 
[INFO] --- googleformatter-maven-plugin:1.7.3:format (reformat-sources) @ tests ---
[INFO] Project packaging is POM, skipping...
[INFO] 
[INFO] --- maven-checkstyle-plugin:3.1.1:check (verify-style) @ tests ---
[INFO] 
[INFO] --- editorconfig-maven-plugin:0.0.10:check (check) @ tests ---
[INFO] Checked 1182 files
[INFO] 
[INFO] --- maven-install-plugin:2.4:install (default-install) @ tests ---
[INFO] Installing /home/srafi/after-cam-ready/compare_/compile_repair_output/work/829465e3dd48/tests/pom.xml to /home/srafi/.m2/repository/net/consensys/quorum/tessera/tests/20.10.1-SNAPSHOT/tests-20.10.1-SNAPSHOT.pom
[INFO] 
[INFO] ---------------< net.consensys.quorum.tessera:test-util >---------------
[INFO] Building test-util 20.10.1-SNAPSHOT                               [5/22]
[INFO] --------------------------------[ jar ]---------------------------------
[INFO] Downloading from central: https://repo.maven.apache.org/maven2/org/glassfish/javax.el/3.0.1-b10/javax.el-3.0.1-b10.pom
[INFO] Downloaded from central: https://repo.maven.apache.org/maven2/org/glassfish/javax.el/3.0.1-b10/javax.el-3.0.1-b10.pom (18 kB at 373 kB/s)
[INFO] Downloading from central: https://repo.maven.apache.org/maven2/org/glassfish/javax.el/3.0.1-b10/javax.el-3.0.1-b10.jar
[INFO] Downloaded from central: https://repo.maven.apache.org/maven2/org/glassfish/javax.el/3.0.1-b10/javax.el-3.0.1-b10.jar (237 kB at 4.0 MB/s)
[INFO] 
[INFO] --- maven-clean-plugin:2.5:clean (default-clean) @ test-util ---
[INFO] 
[INFO] --- googleformatter-maven-plugin:1.7.3:format (reformat-sources) @ test-util ---
[INFO] Found 1 uncompiled/modified files in /home/srafi/after-cam-ready/compare_/compile_repair_output/work/829465e3dd48/tests/test-util/src/main/java to reformat.
[INFO] Directory /home/srafi/after-cam-ready/compare_/compile_repair_output/work/829465e3dd48/tests/test-util/src/test/java does not exist, skipping file collection.
[INFO] Executing: /bin/sh -c cd '/home/srafi/after-cam-ready/compare_/compile_repair_output/work/829465e3dd48' && 'git' 'rev-parse' '--show-prefix'
[INFO] Working directory: /home/srafi/after-cam-ready/compare_/compile_repair_output/work/829465e3dd48
[INFO] Executing: /bin/sh -c cd '/home/srafi/after-cam-ready/compare_/compile_repair_output/work/829465e3dd48' && 'git' 'status' '--porcelain' '.'
[INFO] Working directory: /home/srafi/after-cam-ready/compare_/compile_repair_output/work/829465e3dd48
[INFO] 
[INFO] --- maven-resources-plugin:2.6:resources (default-resources) @ test-util ---
[INFO] Using 'UTF-8' encoding to copy filtered resources.
[INFO] skip non existing resourceDirectory /home/srafi/after-cam-ready/compare_/compile_repair_output/work/829465e3dd48/tests/test-util/src/main/resources
[INFO] 
[INFO] --- maven-compiler-plugin:3.8.1:compile (default-compile) @ test-util ---
[INFO] Changes detected - recompiling the module!
[INFO] Compiling 1 source file to /home/srafi/after-cam-ready/compare_/compile_repair_output/work/829465e3dd48/tests/test-util/target/classes
[INFO] 
[INFO] --- maven-checkstyle-plugin:3.1.1:check (verify-style) @ test-util ---
[INFO] 
[INFO] --- maven-resources-plugin:2.6:testResources (default-testResources) @ test-util ---
[INFO] Using 'UTF-8' encoding to copy filtered resources.
[INFO] skip non existing resourceDirectory /home/srafi/after-cam-ready/compare_/compile_repair_output/work/829465e3dd48/tests/test-util/src/test/resources
[INFO] 
[INFO] --- maven-compiler-plugin:3.8.1:testCompile (default-testCompile) @ test-util ---
[INFO] No sources to compile
[INFO] 
[INFO] --- maven-surefire-plugin:3.0.0-M8-SNAPSHOT:test (default-test) @ test-util ---
[INFO] Tests are skipped.
[INFO] 
[INFO] --- maven-jar-plugin:3.1.2:jar (default-jar) @ test-util ---
[INFO] Building jar: /home/srafi/after-cam-ready/compare_/compile_repair_output/work/829465e3dd48/tests/test-util/target/test-util-20.10.1-SNAPSHOT.jar
[INFO] 
[INFO] --- editorconfig-maven-plugin:0.0.10:check (check) @ test-util ---
[INFO] Checked 1182 files
[INFO] 
[INFO] --- maven-install-plugin:2.4:install (default-install) @ test-util ---
[INFO] Installing /home/srafi/after-cam-ready/compare_/compile_repair_output/work/829465e3dd48/tests/test-util/target/test-util-20.10.1-SNAPSHOT.jar to /home/srafi/.m2/repository/net/consensys/quorum/tessera/test-util/20.10.1-SNAPSHOT/test-util-20.10.1-SNAPSHOT.jar
[INFO] Installing /home/srafi/after-cam-ready/compare_/compile_repair_output/work/829465e3dd48/tests/test-util/pom.xml to /home/srafi/.m2/repository/net/consensys/quorum/tessera/test-util/20.10.1-SNAPSHOT/test-util-20.10.1-SNAPSHOT.pom
[INFO] 
[INFO] ------------< net.consensys.quorum.tessera:service-locator >------------
[INFO] Building service-locator 20.10.1-SNAPSHOT                         [6/22]
[INFO] --------------------------------[ pom ]---------------------------------
[INFO] 
[INFO] --- maven-clean-plugin:2.5:clean (default-clean) @ service-locator ---
[INFO] 
[INFO] --- googleformatter-maven-plugin:1.7.3:format (reformat-sources) @ service-locator ---
[INFO] Project packaging is POM, skipping...
[INFO] 
[INFO] --- maven-checkstyle-plugin:3.1.1:check (verify-style) @ service-locator ---
[INFO] 
[INFO] --- editorconfig-maven-plugin:0.0.10:check (check) @ service-locator ---
[INFO] Checked 1182 files
[INFO] 
[INFO] --- maven-install-plugin:2.4:install (default-install) @ service-locator ---
[INFO] Installing /home/srafi/after-cam-ready/compare_/compile_repair_output/work/829465e3dd48/service-locator/pom.xml to /home/srafi/.m2/repository/net/consensys/quorum/tessera/service-locator/20.10.1-SNAPSHOT/service-locator-20.10.1-SNAPSHOT.pom
[INFO] 
[INFO] ----------< net.consensys.quorum.tessera:service-locator-api >----------
[INFO] Building service-locator-api 20.10.1-SNAPSHOT                     [7/22]
[INFO] --------------------------------[ jar ]---------------------------------
[INFO] 
[INFO] --- maven-clean-plugin:2.5:clean (default-clean) @ service-locator-api ---
[INFO] 
[INFO] --- googleformatter-maven-plugin:1.7.3:format (reformat-sources) @ service-locator-api ---
[INFO] Found 2 uncompiled/modified files in /home/srafi/after-cam-ready/compare_/compile_repair_output/work/829465e3dd48/service-locator/service-locator-api/src/main/java to reformat.
[INFO] Directory /home/srafi/after-cam-ready/compare_/compile_repair_output/work/829465e3dd48/service-locator/service-locator-api/src/test/java does not exist, skipping file collection.
[INFO] Executing: /bin/sh -c cd '/home/srafi/after-cam-ready/compare_/compile_repair_output/work/829465e3dd48' && 'git' 'rev-parse' '--show-prefix'
[INFO] Working directory: /home/srafi/after-cam-ready/compare_/compile_repair_output/work/829465e3dd48
[INFO] Executing: /bin/sh -c cd '/home/srafi/after-cam-ready/compare_/compile_repair_output/work/829465e3dd48' && 'git' 'status' '--porcelain' '.'
[INFO] Working directory: /home/srafi/after-cam-ready/compare_/compile_repair_output/work/829465e3dd48
[INFO] 
[INFO] --- maven-resources-plugin:2.6:resources (default-resources) @ service-locator-api ---
[INFO] Using 'UTF-8' encoding to copy filtered resources.
[INFO] skip non existing resourceDirectory /home/srafi/after-cam-ready/compare_/compile_repair_output/work/829465e3dd48/service-locator/service-locator-api/src/main/resources
[INFO] 
[INFO] --- maven-compiler-plugin:3.8.1:compile (default-compile) @ service-locator-api ---
[INFO] Changes detected - recompiling the module!
[INFO] Compiling 2 source files to /home/srafi/after-cam-ready/compare_/compile_repair_output/work/829465e3dd48/service-locator/service-locator-api/target/classes
[INFO] 
[INFO] --- maven-checkstyle-plugin:3.1.1:check (verify-style) @ service-locator-api ---
[INFO] 
[INFO] --- maven-resources-plugin:2.6:testResources (default-testResources) @ service-locator-api ---
[INFO] Using 'UTF-8' encoding to copy filtered resources.
[INFO] skip non existing resourceDirectory /home/srafi/after-cam-ready/compare_/compile_repair_output/work/829465e3dd48/service-locator/service-locator-api/src/test/resources
[INFO] 
[INFO] --- maven-compiler-plugin:3.8.1:testCompile (default-testCompile) @ service-locator-api ---
[INFO] No sources to compile
[INFO] 
[INFO] --- maven-surefire-plugin:3.0.0-M8-SNAPSHOT:test (default-test) @ service-locator-api ---
[INFO] Tests are skipped.
[INFO] 
[INFO] --- maven-jar-plugin:3.1.2:jar (default-jar) @ service-locator-api ---
[INFO] Building jar: /home/srafi/after-cam-ready/compare_/compile_repair_output/work/829465e3dd48/service-locator/service-locator-api/target/service-locator-api-20.10.1-SNAPSHOT.jar
[INFO] 
[INFO] --- editorconfig-maven-plugin:0.0.10:check (check) @ service-locator-api ---
[INFO] Checked 1182 files
[INFO] 
[INFO] --- maven-install-plugin:2.4:install (default-install) @ service-locator-api ---
[INFO] Installing /home/srafi/after-cam-ready/compare_/compile_repair_output/work/829465e3dd48/service-locator/service-locator-api/target/service-locator-api-20.10.1-SNAPSHOT.jar to /home/srafi/.m2/repository/net/consensys/quorum/tessera/service-locator-api/20.10.1-SNAPSHOT/service-locator-api-20.10.1-SNAPSHOT.jar
[INFO] Installing /home/srafi/after-cam-ready/compare_/compile_repair_output/work/829465e3dd48/service-locator/service-locator-api/pom.xml to /home/srafi/.m2/repository/net/consensys/quorum/tessera/service-locator-api/20.10.1-SNAPSHOT/service-locator-api-20.10.1-SNAPSHOT.pom
[INFO] 
[INFO] --------------< net.consensys.quorum.tessera:encryption >---------------
[INFO] Building encryption 20.10.1-SNAPSHOT                              [8/22]
[INFO] --------------------------------[ pom ]---------------------------------
[INFO] 
[INFO] --- maven-clean-plugin:2.5:clean (default-clean) @ encryption ---
[INFO] 
[INFO] --- googleformatter-maven-plugin:1.7.3:format (reformat-sources) @ encryption ---
[INFO] Project packaging is POM, skipping...
[INFO] 
[INFO] --- maven-checkstyle-plugin:3.1.1:check (verify-style) @ encryption ---
[INFO] 
[INFO] --- editorconfig-maven-plugin:0.0.10:check (check) @ encryption ---
[INFO] Checked 1182 files
[INFO] 
[INFO] --- maven-install-plugin:2.4:install (default-install) @ encryption ---
[INFO] Installing /home/srafi/after-cam-ready/compare_/compile_repair_output/work/829465e3dd48/encryption/pom.xml to /home/srafi/.m2/repository/net/consensys/quorum/tessera/encryption/20.10.1-SNAPSHOT/encryption-20.10.1-SNAPSHOT.pom
[INFO] 
[INFO] ------------< net.consensys.quorum.tessera:encryption-api >-------------
[INFO] Building encryption-api 20.10.1-SNAPSHOT                          [9/22]
[INFO] --------------------------------[ jar ]---------------------------------
[INFO] 
[INFO] --- maven-clean-plugin:2.5:clean (default-clean) @ encryption-api ---
[INFO] 
[INFO] --- googleformatter-maven-plugin:1.7.3:format (reformat-sources) @ encryption-api ---
[INFO] Found 20 uncompiled/modified files in /home/srafi/after-cam-ready/compare_/compile_repair_output/work/829465e3dd48/encryption/encryption-api/src/main/java to reformat.
[INFO] Found 12 uncompiled/modified files in /home/srafi/after-cam-ready/compare_/compile_repair_output/work/829465e3dd48/encryption/encryption-api/src/test/java to reformat.
[INFO] Executing: /bin/sh -c cd '/home/srafi/after-cam-ready/compare_/compile_repair_output/work/829465e3dd48' && 'git' 'rev-parse' '--show-prefix'
[INFO] Working directory: /home/srafi/after-cam-ready/compare_/compile_repair_output/work/829465e3dd48
[INFO] Executing: /bin/sh -c cd '/home/srafi/after-cam-ready/compare_/compile_repair_output/work/829465e3dd48' && 'git' 'status' '--porcelain' '.'
[INFO] Working directory: /home/srafi/after-cam-ready/compare_/compile_repair_output/work/829465e3dd48
[INFO] 
[INFO] --- maven-resources-plugin:2.6:resources (default-resources) @ encryption-api ---
[INFO] Using 'UTF-8' encoding to copy filtered resources.
[INFO] skip non existing resourceDirectory /home/srafi/after-cam-ready/compare_/compile_repair_output/work/829465e3dd48/encryption/encryption-api/src/main/resources
[INFO] 
[INFO] --- maven-compiler-plugin:3.8.1:compile (default-compile) @ encryption-api ---
[INFO] Changes detected - recompiling the module!
[INFO] Compiling 20 source files to /home/srafi/after-cam-ready/compare_/compile_repair_output/work/829465e3dd48/encryption/encryption-api/target/classes
[INFO] 
[INFO] --- maven-checkstyle-plugin:3.1.1:check (verify-style) @ encryption-api ---
[INFO] 
[INFO] --- maven-resources-plugin:2.6:testResources (default-testResources) @ encryption-api ---
[INFO] Using 'UTF-8' encoding to copy filtered resources.
[INFO] Copying 1 resource
[INFO] 
[INFO] --- maven-compiler-plugin:3.8.1:testCompile (default-testCompile) @ encryption-api ---
[INFO] Changes detected - recompiling the module!
[INFO] Compiling 12 source files to /home/srafi/after-cam-ready/compare_/compile_repair_output/work/829465e3dd48/encryption/encryption-api/target/test-classes
[INFO] 
[INFO] --- maven-surefire-plugin:3.0.0-M8-SNAPSHOT:test (default-test) @ encryption-api ---
[INFO] Tests are skipped.
[INFO] 
[INFO] --- maven-jar-plugin:3.1.2:jar (default-jar) @ encryption-api ---
[INFO] Building jar: /home/srafi/after-cam-ready/compare_/compile_repair_output/work/829465e3dd48/encryption/encryption-api/target/encryption-api-20.10.1-SNAPSHOT.jar
[INFO] 
[INFO] --- editorconfig-maven-plugin:0.0.10:check (check) @ encryption-api ---
[INFO] Checked 1182 files
[INFO] 
[INFO] --- maven-install-plugin:2.4:install (default-install) @ encryption-api ---
[INFO] Installing /home/srafi/after-cam-ready/compare_/compile_repair_output/work/829465e3dd48/encryption/encryption-api/target/encryption-api-20.10.1-SNAPSHOT.jar to /home/srafi/.m2/repository/net/consensys/quorum/tessera/encryption-api/20.10.1-SNAPSHOT/encryption-api-20.10.1-SNAPSHOT.jar
[INFO] Installing /home/srafi/after-cam-ready/compare_/compile_repair_output/work/829465e3dd48/encryption/encryption-api/pom.xml to /home/srafi/.m2/repository/net/consensys/quorum/tessera/encryption-api/20.10.1-SNAPSHOT/encryption-api-20.10.1-SNAPSHOT.pom
[INFO] 
[INFO] -----------< net.consensys.quorum.tessera:encryption-jnacl >------------
[INFO] Building encryption-jnacl 20.10.1-SNAPSHOT                       [10/22]
[INFO] --------------------------------[ jar ]---------------------------------
[INFO] Downloading from synergian-repo: https://raw.github.com/synergian/wagon-git/releases/org/apache/maven/plugins/maven-failsafe-plugin/3.0.0-M8-SNAPSHOT/maven-metadata.xml
[INFO] Downloading from central: https://repo.maven.apache.org/maven2/eu/neilalexander/jnacl/1.0.0/jnacl-1.0.0.pom
[INFO] Downloaded from central: https://repo.maven.apache.org/maven2/eu/neilalexander/jnacl/1.0.0/jnacl-1.0.0.pom (6.6 kB at 151 kB/s)
[INFO] Downloading from central: https://repo.maven.apache.org/maven2/eu/neilalexander/jnacl/1.0.0/jnacl-1.0.0.jar
[INFO] Downloaded from central: https://repo.maven.apache.org/maven2/eu/neilalexander/jnacl/1.0.0/jnacl-1.0.0.jar (20 kB at 498 kB/s)
[INFO] 
[INFO] --- maven-clean-plugin:2.5:clean (default-clean) @ encryption-jnacl ---
[INFO] 
[INFO] --- googleformatter-maven-plugin:1.7.3:format (reformat-sources) @ encryption-jnacl ---
[INFO] Found 4 uncompiled/modified files in /home/srafi/after-cam-ready/compare_/compile_repair_output/work/829465e3dd48/encryption/encryption-jnacl/src/main/java to reformat.
[INFO] Found 4 uncompiled/modified files in /home/srafi/after-cam-ready/compare_/compile_repair_output/work/829465e3dd48/encryption/encryption-jnacl/src/test/java to reformat.
[INFO] Executing: /bin/sh -c cd '/home/srafi/after-cam-ready/compare_/compile_repair_output/work/829465e3dd48' && 'git' 'rev-parse' '--show-prefix'
[INFO] Working directory: /home/srafi/after-cam-ready/compare_/compile_repair_output/work/829465e3dd48
[INFO] Executing: /bin/sh -c cd '/home/srafi/after-cam-ready/compare_/compile_repair_output/work/829465e3dd48' && 'git' 'status' '--porcelain' '.'
[INFO] Working directory: /home/srafi/after-cam-ready/compare_/compile_repair_output/work/829465e3dd48
[INFO] 
[INFO] --- maven-resources-plugin:2.6:resources (default-resources) @ encryption-jnacl ---
[INFO] Using 'UTF-8' encoding to copy filtered resources.
[INFO] Copying 1 resource
[INFO] 
[INFO] --- maven-compiler-plugin:3.8.1:compile (default-compile) @ encryption-jnacl ---
[INFO] Changes detected - recompiling the module!
[INFO] Compiling 4 source files to /home/srafi/after-cam-ready/compare_/compile_repair_output/work/829465e3dd48/encryption/encryption-jnacl/target/classes
[INFO] 
[INFO] --- maven-checkstyle-plugin:3.1.1:check (verify-style) @ encryption-jnacl ---
[INFO] 
[INFO] --- maven-resources-plugin:2.6:testResources (default-testResources) @ encryption-jnacl ---
[INFO] Using 'UTF-8' encoding to copy filtered resources.
[INFO] Copying 1 resource
[INFO] 
[INFO] --- maven-compiler-plugin:3.8.1:testCompile (default-testCompile) @ encryption-jnacl ---
[INFO] Changes detected - recompiling the module!
[INFO] Compiling 4 source files to /home/srafi/after-cam-ready/compare_/compile_repair_output/work/829465e3dd48/encryption/encryption-jnacl/target/test-classes
[INFO] 
[INFO] --- maven-surefire-plugin:3.0.0-M8-SNAPSHOT:test (default-test) @ encryption-jnacl ---
[INFO] Tests are skipped.
[INFO] 
[INFO] --- maven-jar-plugin:3.1.2:jar (default-jar) @ encryption-jnacl ---
[INFO] Building jar: /home/srafi/after-cam-ready/compare_/compile_repair_output/work/829465e3dd48/encryption/encryption-jnacl/target/encryption-jnacl-20.10.1-SNAPSHOT.jar
[INFO] 
[INFO] --- maven-failsafe-plugin:3.0.0-M8-SNAPSHOT:integration-test (default) @ encryption-jnacl ---
[INFO] Tests are skipped.
[INFO] 
[INFO] --- editorconfig-maven-plugin:0.0.10:check (check) @ encryption-jnacl ---
[INFO] Checked 1182 files
[INFO] 
[INFO] --- maven-failsafe-plugin:3.0.0-M8-SNAPSHOT:verify (default) @ encryption-jnacl ---
[INFO] Tests are skipped.
[INFO] 
[INFO] --- maven-install-plugin:2.4:install (default-install) @ encryption-jnacl ---
[INFO] Installing /home/srafi/after-cam-ready/compare_/compile_repair_output/work/829465e3dd48/encryption/encryption-jnacl/target/encryption-jnacl-20.10.1-SNAPSHOT.jar to /home/srafi/.m2/repository/net/consensys/quorum/tessera/encryption-jnacl/20.10.1-SNAPSHOT/encryption-jnacl-20.10.1-SNAPSHOT.jar
[INFO] Installing /home/srafi/after-cam-ready/compare_/compile_repair_output/work/829465e3dd48/encryption/encryption-jnacl/pom.xml to /home/srafi/.m2/repository/net/consensys/quorum/tessera/encryption-jnacl/20.10.1-SNAPSHOT/encryption-jnacl-20.10.1-SNAPSHOT.pom
[INFO] 
[INFO] -------------< net.consensys.quorum.tessera:encryption-ec >-------------
[INFO] Building encryption-ec 20.10.1-SNAPSHOT                          [11/22]
[INFO] --------------------------------[ jar ]---------------------------------
[INFO] 
[INFO] --- maven-clean-plugin:2.5:clean (default-clean) @ encryption-ec ---
[INFO] 
[INFO] --- googleformatter-maven-plugin:1.7.3:format (reformat-sources) @ encryption-ec ---
[INFO] Found 2 uncompiled/modified files in /home/srafi/after-cam-ready/compare_/compile_repair_output/work/829465e3dd48/encryption/encryption-ec/src/main/java to reformat.
[INFO] Found 2 uncompiled/modified files in /home/srafi/after-cam-ready/compare_/compile_repair_output/work/829465e3dd48/encryption/encryption-ec/src/test/java to reformat.
[INFO] Executing: /bin/sh -c cd '/home/srafi/after-cam-ready/compare_/compile_repair_output/work/829465e3dd48' && 'git' 'rev-parse' '--show-prefix'
[INFO] Working directory: /home/srafi/after-cam-ready/compare_/compile_repair_output/work/829465e3dd48
[INFO] Executing: /bin/sh -c cd '/home/srafi/after-cam-ready/compare_/compile_repair_output/work/829465e3dd48' && 'git' 'status' '--porcelain' '.'
[INFO] Working directory: /home/srafi/after-cam-ready/compare_/compile_repair_output/work/829465e3dd48
[INFO] 
[INFO] --- maven-resources-plugin:2.6:resources (default-resources) @ encryption-ec ---
[INFO] Using 'UTF-8' encoding to copy filtered resources.
[INFO] Copying 1 resource
[INFO] 
[INFO] --- maven-compiler-plugin:3.8.1:compile (default-compile) @ encryption-ec ---
[INFO] Changes detected - recompiling the module!
[INFO] Compiling 2 source files to /home/srafi/after-cam-ready/compare_/compile_repair_output/work/829465e3dd48/encryption/encryption-ec/target/classes
[INFO] 
[INFO] --- maven-checkstyle-plugin:3.1.1:check (verify-style) @ encryption-ec ---
[INFO] 
[INFO] --- maven-resources-plugin:2.6:testResources (default-testResources) @ encryption-ec ---
[INFO] Using 'UTF-8' encoding to copy filtered resources.
[INFO] skip non existing resourceDirectory /home/srafi/after-cam-ready/compare_/compile_repair_output/work/829465e3dd48/encryption/encryption-ec/src/test/resources
[INFO] 
[INFO] --- maven-compiler-plugin:3.8.1:testCompile (default-testCompile) @ encryption-ec ---
[INFO] Changes detected - recompiling the module!
[INFO] Compiling 2 source files to /home/srafi/after-cam-ready/compare_/compile_repair_output/work/829465e3dd48/encryption/encryption-ec/target/test-classes
[INFO] /home/srafi/after-cam-ready/compare_/compile_repair_output/work/829465e3dd48/encryption/encryption-ec/src/test/java/com/jpmorgan/quorum/encryption/ec/EllipticalCurveEncryptorTest.java: /home/srafi/after-cam-ready/compare_/compile_repair_output/work/829465e3dd48/encryption/encryption-ec/src/test/java/com/jpmorgan/quorum/encryption/ec/EllipticalCurveEncryptorTest.java uses or overrides a deprecated API.
[INFO] /home/srafi/after-cam-ready/compare_/compile_repair_output/work/829465e3dd48/encryption/encryption-ec/src/test/java/com/jpmorgan/quorum/encryption/ec/EllipticalCurveEncryptorTest.java: Recompile with -Xlint:deprecation for details.
[INFO] 
[INFO] --- maven-surefire-plugin:3.0.0-M8-SNAPSHOT:test (default-test) @ encryption-ec ---
[INFO] Tests are skipped.
[INFO] 
[INFO] --- maven-jar-plugin:3.1.2:jar (default-jar) @ encryption-ec ---
[INFO] Building jar: /home/srafi/after-cam-ready/compare_/compile_repair_output/work/829465e3dd48/encryption/encryption-ec/target/encryption-ec-20.10.1-SNAPSHOT.jar
[INFO] 
[INFO] --- editorconfig-maven-plugin:0.0.10:check (check) @ encryption-ec ---
[INFO] Checked 1182 files
[INFO] 
[INFO] --- maven-install-plugin:2.4:install (default-install) @ encryption-ec ---
[INFO] Installing /home/srafi/after-cam-ready/compare_/compile_repair_output/work/829465e3dd48/encryption/encryption-ec/target/encryption-ec-20.10.1-SNAPSHOT.jar to /home/srafi/.m2/repository/net/consensys/quorum/tessera/encryption-ec/20.10.1-SNAPSHOT/encryption-ec-20.10.1-SNAPSHOT.jar
[INFO] Installing /home/srafi/after-cam-ready/compare_/compile_repair_output/work/829465e3dd48/encryption/encryption-ec/pom.xml to /home/srafi/.m2/repository/net/consensys/quorum/tessera/encryption-ec/20.10.1-SNAPSHOT/encryption-ec-20.10.1-SNAPSHOT.pom
[INFO] 
[INFO] ----------------< net.consensys.quorum.tessera:config >-----------------
[INFO] Building config 20.10.1-SNAPSHOT                                 [12/22]
[INFO] --------------------------------[ jar ]---------------------------------
[INFO] Downloading from central: https://repo.maven.apache.org/maven2/org/glassfish/javax.json/1.1.2/javax.json-1.1.2.pom
[INFO] Downloaded from central: https://repo.maven.apache.org/maven2/org/glassfish/javax.json/1.1.2/javax.json-1.1.2.pom (7.8 kB at 199 kB/s)
[INFO] Downloading from central: https://repo.maven.apache.org/maven2/org/hibernate/hibernate-validator/6.0.2.Final/hibernate-validator-6.0.2.Final.pom
[INFO] Downloaded from central: https://repo.maven.apache.org/maven2/org/hibernate/hibernate-validator/6.0.2.Final/hibernate-validator-6.0.2.Final.pom (1.0 kB at 22 kB/s)
[INFO] Downloading from central: https://repo.maven.apache.org/maven2/org/hibernate/validator/hibernate-validator-relocation/6.0.2.Final/hibernate-validator-relocation-6.0.2.Final.pom
[INFO] Downloaded from central: https://repo.maven.apache.org/maven2/org/hibernate/validator/hibernate-validator-relocation/6.0.2.Final/hibernate-validator-relocation-6.0.2.Final.pom (1.0 kB at 24 kB/s)
[INFO] Downloading from central: https://repo.maven.apache.org/maven2/org/hibernate/validator/hibernate-validator-parent/6.0.2.Final/hibernate-validator-parent-6.0.2.Final.pom
[INFO] Downloaded from central: https://repo.maven.apache.org/maven2/org/hibernate/validator/hibernate-validator-parent/6.0.2.Final/hibernate-validator-parent-6.0.2.Final.pom (57 kB at 1.3 MB/s)
[INFO] Downloading from central: https://repo.maven.apache.org/maven2/org/hibernate/validator/hibernate-validator/6.0.2.Final/hibernate-validator-6.0.2.Final.pom
[INFO] Downloaded from central: https://repo.maven.apache.org/maven2/org/hibernate/validator/hibernate-validator/6.0.2.Final/hibernate-validator-6.0.2.Final.pom (20 kB at 490 kB/s)
[WARNING] The artifact org.hibernate:hibernate-validator:jar:6.0.2.Final has been relocated to org.hibernate.validator:hibernate-validator:jar:6.0.2.Final
[INFO] Downloading from central: https://repo.maven.apache.org/maven2/org/glassfish/javax.json/1.1.2/javax.json-1.1.2.jar
[INFO] Downloading from central: https://repo.maven.apache.org/maven2/org/hibernate/validator/hibernate-validator/6.0.2.Final/hibernate-validator-6.0.2.Final.jar
[INFO] Downloaded from central: https://repo.maven.apache.org/maven2/org/glassfish/javax.json/1.1.2/javax.json-1.1.2.jar (101 kB at 2.4 MB/s)
[INFO] Downloaded from central: https://repo.maven.apache.org/maven2/org/hibernate/validator/hibernate-validator/6.0.2.Final/hibernate-validator-6.0.2.Final.jar (1.1 MB at 17 MB/s)
[INFO] 
[INFO] --- maven-clean-plugin:2.5:clean (default-clean) @ config ---
[INFO] 
[INFO] --- googleformatter-maven-plugin:1.7.3:format (reformat-sources) @ config ---
[INFO] Found 113 uncompiled/modified files in /home/srafi/after-cam-ready/compare_/compile_repair_output/work/829465e3dd48/config/src/main/java to reformat.
[INFO] Found 76 uncompiled/modified files in /home/srafi/after-cam-ready/compare_/compile_repair_output/work/829465e3dd48/config/src/test/java to reformat.
[INFO] Executing: /bin/sh -c cd '/home/srafi/after-cam-ready/compare_/compile_repair_output/work/829465e3dd48' && 'git' 'rev-parse' '--show-prefix'
[INFO] Working directory: /home/srafi/after-cam-ready/compare_/compile_repair_output/work/829465e3dd48
[INFO] Executing: /bin/sh -c cd '/home/srafi/after-cam-ready/compare_/compile_repair_output/work/829465e3dd48' && 'git' 'status' '--porcelain' '.'
[INFO] Working directory: /home/srafi/after-cam-ready/compare_/compile_repair_output/work/829465e3dd48
[INFO] 
[INFO] --- maven-resources-plugin:2.6:resources (default-resources) @ config ---
[INFO] Using 'UTF-8' encoding to copy filtered resources.
[INFO] Copying 5 resources
[INFO] 
[INFO] --- maven-compiler-plugin:3.8.1:compile (default-compile) @ config ---
[INFO] Changes detected - recompiling the module!
[INFO] Compiling 113 source files to /home/srafi/after-cam-ready/compare_/compile_repair_output/work/829465e3dd48/config/target/classes
[INFO] /home/srafi/after-cam-ready/compare_/compile_repair_output/work/829465e3dd48/config/src/main/java/com/quorum/tessera/config/Config.java: Some input files use or override a deprecated API.
[INFO] /home/srafi/after-cam-ready/compare_/compile_repair_output/work/829465e3dd48/config/src/main/java/com/quorum/tessera/config/Config.java: Recompile with -Xlint:deprecation for details.
[INFO] /home/srafi/after-cam-ready/compare_/compile_repair_output/work/829465e3dd48/config/src/main/java/com/quorum/tessera/config/KeyVaultConfig.java: Some input files use unchecked or unsafe operations.
[INFO] /home/srafi/after-cam-ready/compare_/compile_repair_output/work/829465e3dd48/config/src/main/java/com/quorum/tessera/config/KeyVaultConfig.java: Recompile with -Xlint:unchecked for details.
[INFO] 
[INFO] --- maven-checkstyle-plugin:3.1.1:check (verify-style) @ config ---
[INFO] 
[INFO] --- maven-resources-plugin:2.6:testResources (default-testResources) @ config ---
[INFO] Using 'UTF-8' encoding to copy filtered resources.
[INFO] Copying 22 resources
[INFO] 
[INFO] --- maven-compiler-plugin:3.8.1:testCompile (default-testCompile) @ config ---
[INFO] Changes detected - recompiling the module!
[INFO] Compiling 76 source files to /home/srafi/after-cam-ready/compare_/compile_repair_output/work/829465e3dd48/config/target/test-classes
[INFO] /home/srafi/after-cam-ready/compare_/compile_repair_output/work/829465e3dd48/config/src/test/java/com/quorum/tessera/config/keypairs/FilesystemKeyPairTest.java: Some input files use or override a deprecated API.
[INFO] /home/srafi/after-cam-ready/compare_/compile_repair_output/work/829465e3dd48/config/src/test/java/com/quorum/tessera/config/keypairs/FilesystemKeyPairTest.java: Recompile with -Xlint:deprecation for details.
[INFO] /home/srafi/after-cam-ready/compare_/compile_repair_output/work/829465e3dd48/config/src/test/java/com/quorum/tessera/config/util/JaxbUtilTest.java: Some input files use unchecked or unsafe operations.
[INFO] /home/srafi/after-cam-ready/compare_/compile_repair_output/work/829465e3dd48/config/src/test/java/com/quorum/tessera/config/util/JaxbUtilTest.java: Recompile with -Xlint:unchecked for details.
[INFO] 
[INFO] --- maven-surefire-plugin:3.0.0-M8-SNAPSHOT:test (default-test) @ config ---
[INFO] Tests are skipped.
[INFO] 
[INFO] --- maven-jar-plugin:3.1.2:jar (default-jar) @ config ---
[INFO] Building jar: /home/srafi/after-cam-ready/compare_/compile_repair_output/work/829465e3dd48/config/target/config-20.10.1-SNAPSHOT.jar
[INFO] 
[INFO] --- maven-failsafe-plugin:3.0.0-M8-SNAPSHOT:integration-test (default) @ config ---
[INFO] Tests are skipped.
[INFO] 
[INFO] --- editorconfig-maven-plugin:0.0.10:check (check) @ config ---
[INFO] Checked 1182 files
[INFO] 
[INFO] --- maven-failsafe-plugin:3.0.0-M8-SNAPSHOT:verify (default) @ config ---
[INFO] Tests are skipped.
[INFO] 
[INFO] --- maven-install-plugin:2.4:install (default-install) @ config ---
[INFO] Installing /home/srafi/after-cam-ready/compare_/compile_repair_output/work/829465e3dd48/config/target/config-20.10.1-SNAPSHOT.jar to /home/srafi/.m2/repository/net/consensys/quorum/tessera/config/20.10.1-SNAPSHOT/config-20.10.1-SNAPSHOT.jar
[INFO] Installing /home/srafi/after-cam-ready/compare_/compile_repair_output/work/829465e3dd48/config/pom.xml to /home/srafi/.m2/repository/net/consensys/quorum/tessera/config/20.10.1-SNAPSHOT/config-20.10.1-SNAPSHOT.pom
[INFO] 
[INFO] ---------------< net.consensys.quorum.tessera:key-vault >---------------
[INFO] Building key-vault 20.10.1-SNAPSHOT                              [13/22]
[INFO] --------------------------------[ pom ]---------------------------------
[INFO] 
[INFO] --- maven-clean-plugin:2.5:clean (default-clean) @ key-vault ---
[INFO] 
[INFO] --- googleformatter-maven-plugin:1.7.3:format (reformat-sources) @ key-vault ---
[INFO] Project packaging is POM, skipping...
[INFO] 
[INFO] --- maven-checkstyle-plugin:3.1.1:check (verify-style) @ key-vault ---
[INFO] 
[INFO] --- editorconfig-maven-plugin:0.0.10:check (check) @ key-vault ---
[INFO] Checked 1182 files
[INFO] 
[INFO] --- maven-install-plugin:2.4:install (default-install) @ key-vault ---
[INFO] Installing /home/srafi/after-cam-ready/compare_/compile_repair_output/work/829465e3dd48/key-vault/pom.xml to /home/srafi/.m2/repository/net/consensys/quorum/tessera/key-vault/20.10.1-SNAPSHOT/key-vault-20.10.1-SNAPSHOT.pom
[INFO] 
[INFO] -------------< net.consensys.quorum.tessera:key-vault-api >-------------
[INFO] Building key-vault-api 20.10.1-SNAPSHOT                          [14/22]
[INFO] --------------------------------[ jar ]---------------------------------
[INFO] 
[INFO] --- maven-clean-plugin:2.5:clean (default-clean) @ key-vault-api ---
[INFO] 
[INFO] --- googleformatter-maven-plugin:1.7.3:format (reformat-sources) @ key-vault-api ---
[INFO] Found 5 uncompiled/modified files in /home/srafi/after-cam-ready/compare_/compile_repair_output/work/829465e3dd48/key-vault/key-vault-api/src/main/java to reformat.
[INFO] Found 5 uncompiled/modified files in /home/srafi/after-cam-ready/compare_/compile_repair_output/work/829465e3dd48/key-vault/key-vault-api/src/test/java to reformat.
[INFO] Executing: /bin/sh -c cd '/home/srafi/after-cam-ready/compare_/compile_repair_output/work/829465e3dd48' && 'git' 'rev-parse' '--show-prefix'
[INFO] Working directory: /home/srafi/after-cam-ready/compare_/compile_repair_output/work/829465e3dd48
[INFO] Executing: /bin/sh -c cd '/home/srafi/after-cam-ready/compare_/compile_repair_output/work/829465e3dd48' && 'git' 'status' '--porcelain' '.'
[INFO] Working directory: /home/srafi/after-cam-ready/compare_/compile_repair_output/work/829465e3dd48
[INFO] 
[INFO] --- maven-resources-plugin:2.6:resources (default-resources) @ key-vault-api ---
[INFO] Using 'UTF-8' encoding to copy filtered resources.
[INFO] skip non existing resourceDirectory /home/srafi/after-cam-ready/compare_/compile_repair_output/work/829465e3dd48/key-vault/key-vault-api/src/main/resources
[INFO] 
[INFO] --- maven-compiler-plugin:3.8.1:compile (default-compile) @ key-vault-api ---
[INFO] Changes detected - recompiling the module!
[INFO] Compiling 5 source files to /home/srafi/after-cam-ready/compare_/compile_repair_output/work/829465e3dd48/key-vault/key-vault-api/target/classes
[INFO] 
[INFO] --- maven-checkstyle-plugin:3.1.1:check (verify-style) @ key-vault-api ---
[INFO] 
[INFO] --- maven-resources-plugin:2.6:testResources (default-testResources) @ key-vault-api ---
[INFO] Using 'UTF-8' encoding to copy filtered resources.
[INFO] Copying 1 resource
[INFO] 
[INFO] --- maven-compiler-plugin:3.8.1:testCompile (default-testCompile) @ key-vault-api ---
[INFO] Changes detected - recompiling the module!
[INFO] Compiling 5 source files to /home/srafi/after-cam-ready/compare_/compile_repair_output/work/829465e3dd48/key-vault/key-vault-api/target/test-classes
[INFO] 
[INFO] --- maven-surefire-plugin:3.0.0-M8-SNAPSHOT:test (default-test) @ key-vault-api ---
[INFO] Tests are skipped.
[INFO] 
[INFO] --- maven-jar-plugin:3.1.2:jar (default-jar) @ key-vault-api ---
[INFO] Building jar: /home/srafi/after-cam-ready/compare_/compile_repair_output/work/829465e3dd48/key-vault/key-vault-api/target/key-vault-api-20.10.1-SNAPSHOT.jar
[INFO] 
[INFO] --- editorconfig-maven-plugin:0.0.10:check (check) @ key-vault-api ---
[INFO] Checked 1182 files
[INFO] 
[INFO] --- maven-install-plugin:2.4:install (default-install) @ key-vault-api ---
[INFO] Installing /home/srafi/after-cam-ready/compare_/compile_repair_output/work/829465e3dd48/key-vault/key-vault-api/target/key-vault-api-20.10.1-SNAPSHOT.jar to /home/srafi/.m2/repository/net/consensys/quorum/tessera/key-vault-api/20.10.1-SNAPSHOT/key-vault-api-20.10.1-SNAPSHOT.jar
[INFO] Installing /home/srafi/after-cam-ready/compare_/compile_repair_output/work/829465e3dd48/key-vault/key-vault-api/pom.xml to /home/srafi/.m2/repository/net/consensys/quorum/tessera/key-vault-api/20.10.1-SNAPSHOT/key-vault-api-20.10.1-SNAPSHOT.pom
[INFO] 
[INFO] ----------------< net.consensys.quorum.tessera:enclave >----------------
[INFO] Building enclave 20.10.1-SNAPSHOT                                [15/22]
[INFO] --------------------------------[ pom ]---------------------------------
[INFO] 
[INFO] --- maven-clean-plugin:2.5:clean (default-clean) @ enclave ---
[INFO] 
[INFO] --- googleformatter-maven-plugin:1.7.3:format (reformat-sources) @ enclave ---
[INFO] Project packaging is POM, skipping...
[INFO] 
[INFO] --- maven-checkstyle-plugin:3.1.1:check (verify-style) @ enclave ---
[INFO] 
[INFO] --- editorconfig-maven-plugin:0.0.10:check (check) @ enclave ---
[INFO] Checked 1182 files
[INFO] 
[INFO] --- maven-install-plugin:2.4:install (default-install) @ enclave ---
[INFO] Installing /home/srafi/after-cam-ready/compare_/compile_repair_output/work/829465e3dd48/enclave/pom.xml to /home/srafi/.m2/repository/net/consensys/quorum/tessera/enclave/20.10.1-SNAPSHOT/enclave-20.10.1-SNAPSHOT.pom
[INFO] 
[INFO] --------------< net.consensys.quorum.tessera:enclave-api >--------------
[INFO] Building enclave-api 20.10.1-SNAPSHOT                            [16/22]
[INFO] --------------------------------[ jar ]---------------------------------
[INFO] 
[INFO] --- maven-clean-plugin:2.5:clean (default-clean) @ enclave-api ---
[INFO] 
[INFO] --- googleformatter-maven-plugin:1.7.3:format (reformat-sources) @ enclave-api ---
[INFO] Found 22 uncompiled/modified files in /home/srafi/after-cam-ready/compare_/compile_repair_output/work/829465e3dd48/enclave/enclave-api/src/main/java to reformat.
[INFO] Found 21 uncompiled/modified files in /home/srafi/after-cam-ready/compare_/compile_repair_output/work/829465e3dd48/enclave/enclave-api/src/test/java to reformat.
[INFO] Executing: /bin/sh -c cd '/home/srafi/after-cam-ready/compare_/compile_repair_output/work/829465e3dd48' && 'git' 'rev-parse' '--show-prefix'
[INFO] Working directory: /home/srafi/after-cam-ready/compare_/compile_repair_output/work/829465e3dd48
[INFO] Executing: /bin/sh -c cd '/home/srafi/after-cam-ready/compare_/compile_repair_output/work/829465e3dd48' && 'git' 'status' '--porcelain' '.'
[INFO] Working directory: /home/srafi/after-cam-ready/compare_/compile_repair_output/work/829465e3dd48
[INFO] 
[INFO] --- maven-resources-plugin:2.6:resources (default-resources) @ enclave-api ---
[INFO] Using 'UTF-8' encoding to copy filtered resources.
[INFO] skip non existing resourceDirectory /home/srafi/after-cam-ready/compare_/compile_repair_output/work/829465e3dd48/enclave/enclave-api/src/main/resources
[INFO] 
[INFO] --- maven-compiler-plugin:3.8.1:compile (default-compile) @ enclave-api ---
[INFO] Changes detected - recompiling the module!
[INFO] Compiling 22 source files to /home/srafi/after-cam-ready/compare_/compile_repair_output/work/829465e3dd48/enclave/enclave-api/target/classes
[INFO] /home/srafi/after-cam-ready/compare_/compile_repair_output/work/829465e3dd48/enclave/enclave-api/src/main/java/com/quorum/tessera/enclave/KeyPairConverter.java: /home/srafi/after-cam-ready/compare_/compile_repair_output/work/829465e3dd48/enclave/enclave-api/src/main/java/com/quorum/tessera/enclave/KeyPairConverter.java uses unchecked or unsafe operations.
[INFO] /home/srafi/after-cam-ready/compare_/compile_repair_output/work/829465e3dd48/enclave/enclave-api/src/main/java/com/quorum/tessera/enclave/KeyPairConverter.java: Recompile with -Xlint:unchecked for details.
[INFO] 
[INFO] --- maven-checkstyle-plugin:3.1.1:check (verify-style) @ enclave-api ---
[INFO] 
[INFO] --- maven-resources-plugin:2.6:testResources (default-testResources) @ enclave-api ---
[INFO] Using 'UTF-8' encoding to copy filtered resources.
[INFO] Copying 3 resources
[INFO] 
[INFO] --- maven-compiler-plugin:3.8.1:testCompile (default-testCompile) @ enclave-api ---
[INFO] Changes detected - recompiling the module!
[INFO] Compiling 21 source files to /home/srafi/after-cam-ready/compare_/compile_repair_output/work/829465e3dd48/enclave/enclave-api/target/test-classes
[INFO] /home/srafi/after-cam-ready/compare_/compile_repair_output/work/829465e3dd48/enclave/enclave-api/src/test/java/com/quorum/tessera/enclave/MockHashicorpKeyVaultServiceFactory.java: Some input files use unchecked or unsafe operations.
[INFO] /home/srafi/after-cam-ready/compare_/compile_repair_output/work/829465e3dd48/enclave/enclave-api/src/test/java/com/quorum/tessera/enclave/MockHashicorpKeyVaultServiceFactory.java: Recompile with -Xlint:unchecked for details.
[INFO] 
[INFO] --- maven-surefire-plugin:3.0.0-M8-SNAPSHOT:test (default-test) @ enclave-api ---
[INFO] Tests are skipped.
[INFO] 
[INFO] --- maven-jar-plugin:3.1.2:jar (default-jar) @ enclave-api ---
[INFO] Building jar: /home/srafi/after-cam-ready/compare_/compile_repair_output/work/829465e3dd48/enclave/enclave-api/target/enclave-api-20.10.1-SNAPSHOT.jar
[INFO] 
[INFO] --- editorconfig-maven-plugin:0.0.10:check (check) @ enclave-api ---
[INFO] Checked 1182 files
[INFO] 
[INFO] --- maven-install-plugin:2.4:install (default-install) @ enclave-api ---
[INFO] Installing /home/srafi/after-cam-ready/compare_/compile_repair_output/work/829465e3dd48/enclave/enclave-api/target/enclave-api-20.10.1-SNAPSHOT.jar to /home/srafi/.m2/repository/net/consensys/quorum/tessera/enclave-api/20.10.1-SNAPSHOT/enclave-api-20.10.1-SNAPSHOT.jar
[INFO] Installing /home/srafi/after-cam-ready/compare_/compile_repair_output/work/829465e3dd48/enclave/enclave-api/pom.xml to /home/srafi/.m2/repository/net/consensys/quorum/tessera/enclave-api/20.10.1-SNAPSHOT/enclave-api-20.10.1-SNAPSHOT.pom
[INFO] 
[INFO] -----------< net.consensys.quorum.tessera:eclipselink-utils >-----------
[INFO] Building eclipselink-utils 20.10.1-SNAPSHOT                      [17/22]
[INFO] --------------------------------[ jar ]---------------------------------
[INFO] 
[INFO] --- maven-clean-plugin:2.5:clean (default-clean) @ eclipselink-utils ---
[INFO] 
[INFO] --- googleformatter-maven-plugin:1.7.3:format (reformat-sources) @ eclipselink-utils ---
[INFO] Found 1 uncompiled/modified files in /home/srafi/after-cam-ready/compare_/compile_repair_output/work/829465e3dd48/eclipselink-utils/src/main/java to reformat.
[INFO] Found 2 uncompiled/modified files in /home/srafi/after-cam-ready/compare_/compile_repair_output/work/829465e3dd48/eclipselink-utils/src/test/java to reformat.
[INFO] Executing: /bin/sh -c cd '/home/srafi/after-cam-ready/compare_/compile_repair_output/work/829465e3dd48' && 'git' 'rev-parse' '--show-prefix'
[INFO] Working directory: /home/srafi/after-cam-ready/compare_/compile_repair_output/work/829465e3dd48
[INFO] Executing: /bin/sh -c cd '/home/srafi/after-cam-ready/compare_/compile_repair_output/work/829465e3dd48' && 'git' 'status' '--porcelain' '.'
[INFO] Working directory: /home/srafi/after-cam-ready/compare_/compile_repair_output/work/829465e3dd48
[INFO] 
[INFO] --- maven-resources-plugin:2.6:resources (default-resources) @ eclipselink-utils ---
[INFO] Using 'UTF-8' encoding to copy filtered resources.
[INFO] skip non existing resourceDirectory /home/srafi/after-cam-ready/compare_/compile_repair_output/work/829465e3dd48/eclipselink-utils/src/main/resources
[INFO] 
[INFO] --- maven-compiler-plugin:3.8.1:compile (default-compile) @ eclipselink-utils ---
[INFO] Changes detected - recompiling the module!
[INFO] Compiling 1 source file to /home/srafi/after-cam-ready/compare_/compile_repair_output/work/829465e3dd48/eclipselink-utils/target/classes
[INFO] 
[INFO] --- maven-checkstyle-plugin:3.1.1:check (verify-style) @ eclipselink-utils ---
[INFO] 
[INFO] --- maven-resources-plugin:2.6:testResources (default-testResources) @ eclipselink-utils ---
[INFO] Using 'UTF-8' encoding to copy filtered resources.
[INFO] Copying 1 resource
[INFO] 
[INFO] --- maven-compiler-plugin:3.8.1:testCompile (default-testCompile) @ eclipselink-utils ---
[INFO] Changes detected - recompiling the module!
[INFO] Compiling 2 source files to /home/srafi/after-cam-ready/compare_/compile_repair_output/work/829465e3dd48/eclipselink-utils/target/test-classes
[INFO] /home/srafi/after-cam-ready/compare_/compile_repair_output/work/829465e3dd48/eclipselink-utils/src/test/java/com/quorum/tessera/eclipselink/AtomicLongSequenceTest.java: /home/srafi/after-cam-ready/compare_/compile_repair_output/work/829465e3dd48/eclipselink-utils/src/test/java/com/quorum/tessera/eclipselink/AtomicLongSequenceTest.java uses unchecked or unsafe operations.
[INFO] /home/srafi/after-cam-ready/compare_/compile_repair_output/work/829465e3dd48/eclipselink-utils/src/test/java/com/quorum/tessera/eclipselink/AtomicLongSequenceTest.java: Recompile with -Xlint:unchecked for details.
[INFO] 
[INFO] --- maven-surefire-plugin:3.0.0-M8-SNAPSHOT:test (default-test) @ eclipselink-utils ---
[INFO] Tests are skipped.
[INFO] 
[INFO] --- maven-jar-plugin:3.1.2:jar (default-jar) @ eclipselink-utils ---
[INFO] Building jar: /home/srafi/after-cam-ready/compare_/compile_repair_output/work/829465e3dd48/eclipselink-utils/target/eclipselink-utils-20.10.1-SNAPSHOT.jar
[INFO] 
[INFO] --- editorconfig-maven-plugin:0.0.10:check (check) @ eclipselink-utils ---
[INFO] Checked 1182 files
[INFO] 
[INFO] --- maven-install-plugin:2.4:install (default-install) @ eclipselink-utils ---
[INFO] Installing /home/srafi/after-cam-ready/compare_/compile_repair_output/work/829465e3dd48/eclipselink-utils/target/eclipselink-utils-20.10.1-SNAPSHOT.jar to /home/srafi/.m2/repository/net/consensys/quorum/tessera/eclipselink-utils/20.10.1-SNAPSHOT/eclipselink-utils-20.10.1-SNAPSHOT.jar
[INFO] Installing /home/srafi/after-cam-ready/compare_/compile_repair_output/work/829465e3dd48/eclipselink-utils/pom.xml to /home/srafi/.m2/repository/net/consensys/quorum/tessera/eclipselink-utils/20.10.1-SNAPSHOT/eclipselink-utils-20.10.1-SNAPSHOT.pom
[INFO] 
[INFO] -------------< net.consensys.quorum.tessera:tessera-data >--------------
[INFO] Building tessera-data 20.10.1-SNAPSHOT                           [18/22]
[INFO] --------------------------------[ jar ]---------------------------------
[INFO] Downloading from central: https://repo.maven.apache.org/maven2/org/springframework/spring-context/5.2.9.RELEASE/spring-context-5.2.9.RELEASE.pom
[INFO] Downloaded from central: https://repo.maven.apache.org/maven2/org/springframework/spring-context/5.2.9.RELEASE/spring-context-5.2.9.RELEASE.pom (2.3 kB at 73 kB/s)
[INFO] Downloading from central: https://repo.maven.apache.org/maven2/org/springframework/spring-aop/5.2.9.RELEASE/spring-aop-5.2.9.RELEASE.pom
[INFO] Downloaded from central: https://repo.maven.apache.org/maven2/org/springframework/spring-aop/5.2.9.RELEASE/spring-aop-5.2.9.RELEASE.pom (1.9 kB at 64 kB/s)
[INFO] Downloading from central: https://repo.maven.apache.org/maven2/org/springframework/spring-beans/5.2.9.RELEASE/spring-beans-5.2.9.RELEASE.pom
[INFO] Downloaded from central: https://repo.maven.apache.org/maven2/org/springframework/spring-beans/5.2.9.RELEASE/spring-beans-5.2.9.RELEASE.pom (1.7 kB at 62 kB/s)
[INFO] Downloading from central: https://repo.maven.apache.org/maven2/org/springframework/spring-core/5.2.9.RELEASE/spring-core-5.2.9.RELEASE.pom
[INFO] Downloaded from central: https://repo.maven.apache.org/maven2/org/springframework/spring-core/5.2.9.RELEASE/spring-core-5.2.9.RELEASE.pom (1.7 kB at 62 kB/s)
[INFO] Downloading from central: https://repo.maven.apache.org/maven2/org/springframework/spring-jcl/5.2.9.RELEASE/spring-jcl-5.2.9.RELEASE.pom
[INFO] Downloaded from central: https://repo.maven.apache.org/maven2/org/springframework/spring-jcl/5.2.9.RELEASE/spring-jcl-5.2.9.RELEASE.pom (1.5 kB at 51 kB/s)
[INFO] Downloading from central: https://repo.maven.apache.org/maven2/org/springframework/spring-expression/5.2.9.RELEASE/spring-expression-5.2.9.RELEASE.pom
[INFO] Downloaded from central: https://repo.maven.apache.org/maven2/org/springframework/spring-expression/5.2.9.RELEASE/spring-expression-5.2.9.RELEASE.pom (1.7 kB at 47 kB/s)
[INFO] Downloading from central: https://repo.maven.apache.org/maven2/org/springframework/spring-orm/5.2.9.RELEASE/spring-orm-5.2.9.RELEASE.pom
[INFO] Downloaded from central: https://repo.maven.apache.org/maven2/org/springframework/spring-orm/5.2.9.RELEASE/spring-orm-5.2.9.RELEASE.pom (2.3 kB at 79 kB/s)
[INFO] Downloading from central: https://repo.maven.apache.org/maven2/org/springframework/spring-jdbc/5.2.9.RELEASE/spring-jdbc-5.2.9.RELEASE.pom
[INFO] Downloaded from central: https://repo.maven.apache.org/maven2/org/springframework/spring-jdbc/5.2.9.RELEASE/spring-jdbc-5.2.9.RELEASE.pom (2.1 kB at 66 kB/s)
[INFO] Downloading from central: https://repo.maven.apache.org/maven2/org/springframework/spring-tx/5.2.9.RELEASE/spring-tx-5.2.9.RELEASE.pom
[INFO] Downloaded from central: https://repo.maven.apache.org/maven2/org/springframework/spring-tx/5.2.9.RELEASE/spring-tx-5.2.9.RELEASE.pom (1.9 kB at 54 kB/s)
[INFO] Downloading from central: https://repo.maven.apache.org/maven2/org/springframework/spring-test/5.2.9.RELEASE/spring-test-5.2.9.RELEASE.pom
[INFO] Downloaded from central: https://repo.maven.apache.org/maven2/org/springframework/spring-test/5.2.9.RELEASE/spring-test-5.2.9.RELEASE.pom (1.7 kB at 45 kB/s)
[INFO] Downloading from central: https://repo.maven.apache.org/maven2/org/springframework/spring-context/5.2.9.RELEASE/spring-context-5.2.9.RELEASE.jar
[INFO] Downloading from central: https://repo.maven.apache.org/maven2/org/springframework/spring-aop/5.2.9.RELEASE/spring-aop-5.2.9.RELEASE.jar
[INFO] Downloading from central: https://repo.maven.apache.org/maven2/org/springframework/spring-core/5.2.9.RELEASE/spring-core-5.2.9.RELEASE.jar
[INFO] Downloading from central: https://repo.maven.apache.org/maven2/org/springframework/spring-beans/5.2.9.RELEASE/spring-beans-5.2.9.RELEASE.jar
[INFO] Downloading from central: https://repo.maven.apache.org/maven2/org/springframework/spring-jcl/5.2.9.RELEASE/spring-jcl-5.2.9.RELEASE.jar
[INFO] Downloaded from central: https://repo.maven.apache.org/maven2/org/springframework/spring-jcl/5.2.9.RELEASE/spring-jcl-5.2.9.RELEASE.jar (24 kB at 436 kB/s)
[INFO] Downloading from central: https://repo.maven.apache.org/maven2/org/springframework/spring-expression/5.2.9.RELEASE/spring-expression-5.2.9.RELEASE.jar
[INFO] Downloaded from central: https://repo.maven.apache.org/maven2/org/springframework/spring-context/5.2.9.RELEASE/spring-context-5.2.9.RELEASE.jar (1.2 MB at 20 MB/s)
[INFO] Downloading from central: https://repo.maven.apache.org/maven2/org/springframework/spring-orm/5.2.9.RELEASE/spring-orm-5.2.9.RELEASE.jar
[INFO] Downloaded from central: https://repo.maven.apache.org/maven2/org/springframework/spring-aop/5.2.9.RELEASE/spring-aop-5.2.9.RELEASE.jar (373 kB at 6.1 MB/s)
[INFO] Downloading from central: https://repo.maven.apache.org/maven2/org/springframework/spring-jdbc/5.2.9.RELEASE/spring-jdbc-5.2.9.RELEASE.jar
[INFO] Downloaded from central: https://repo.maven.apache.org/maven2/org/springframework/spring-core/5.2.9.RELEASE/spring-core-5.2.9.RELEASE.jar (1.4 MB at 20 MB/s)
[INFO] Downloading from central: https://repo.maven.apache.org/maven2/org/springframework/spring-tx/5.2.9.RELEASE/spring-tx-5.2.9.RELEASE.jar
[INFO] Downloaded from central: https://repo.maven.apache.org/maven2/org/springframework/spring-beans/5.2.9.RELEASE/spring-beans-5.2.9.RELEASE.jar (688 kB at 9.3 MB/s)
[INFO] Downloading from central: https://repo.maven.apache.org/maven2/org/springframework/spring-test/5.2.9.RELEASE/spring-test-5.2.9.RELEASE.jar
[INFO] Downloaded from central: https://repo.maven.apache.org/maven2/org/springframework/spring-orm/5.2.9.RELEASE/spring-orm-5.2.9.RELEASE.jar (201 kB at 2.3 MB/s)
[INFO] Downloaded from central: https://repo.maven.apache.org/maven2/org/springframework/spring-jdbc/5.2.9.RELEASE/spring-jdbc-5.2.9.RELEASE.jar (409 kB at 4.3 MB/s)
[INFO] Downloaded from central: https://repo.maven.apache.org/maven2/org/springframework/spring-expression/5.2.9.RELEASE/spring-expression-5.2.9.RELEASE.jar (282 kB at 2.8 MB/s)
[INFO] Downloaded from central: https://repo.maven.apache.org/maven2/org/springframework/spring-tx/5.2.9.RELEASE/spring-tx-5.2.9.RELEASE.jar (315 kB at 2.9 MB/s)
[INFO] Downloaded from central: https://repo.maven.apache.org/maven2/org/springframework/spring-test/5.2.9.RELEASE/spring-test-5.2.9.RELEASE.jar (686 kB at 5.8 MB/s)
[INFO] 
[INFO] --- maven-clean-plugin:2.5:clean (default-clean) @ tessera-data ---
[INFO] 
[INFO] --- googleformatter-maven-plugin:1.7.3:format (reformat-sources) @ tessera-data ---
[INFO] Found 16 uncompiled/modified files in /home/srafi/after-cam-ready/compare_/compile_repair_output/work/829465e3dd48/tessera-data/src/main/java to reformat.
[INFO] Found 14 uncompiled/modified files in /home/srafi/after-cam-ready/compare_/compile_repair_output/work/829465e3dd48/tessera-data/src/test/java to reformat.
[INFO] Executing: /bin/sh -c cd '/home/srafi/after-cam-ready/compare_/compile_repair_output/work/829465e3dd48' && 'git' 'rev-parse' '--show-prefix'
[INFO] Working directory: /home/srafi/after-cam-ready/compare_/compile_repair_output/work/829465e3dd48
[INFO] Executing: /bin/sh -c cd '/home/srafi/after-cam-ready/compare_/compile_repair_output/work/829465e3dd48' && 'git' 'status' '--porcelain' '.'
[INFO] Working directory: /home/srafi/after-cam-ready/compare_/compile_repair_output/work/829465e3dd48
[INFO] 
[INFO] --- maven-resources-plugin:2.6:resources (default-resources) @ tessera-data ---
[INFO] Using 'UTF-8' encoding to copy filtered resources.
[INFO] Copying 1 resource
[INFO] 
[INFO] --- maven-compiler-plugin:3.8.1:compile (default-compile) @ tessera-data ---
[INFO] Changes detected - recompiling the module!
[INFO] Compiling 16 source files to /home/srafi/after-cam-ready/compare_/compile_repair_output/work/829465e3dd48/tessera-data/target/classes
[INFO] /home/srafi/after-cam-ready/compare_/compile_repair_output/work/829465e3dd48/tessera-data/src/main/java/com/quorum/tessera/data/EncryptedTransactionDAOImpl.java: Some input files use unchecked or unsafe operations.
[INFO] /home/srafi/after-cam-ready/compare_/compile_repair_output/work/829465e3dd48/tessera-data/src/main/java/com/quorum/tessera/data/EncryptedTransactionDAOImpl.java: Recompile with -Xlint:unchecked for details.
[INFO] 
[INFO] --- maven-checkstyle-plugin:3.1.1:check (verify-style) @ tessera-data ---
[INFO] 
[INFO] --- maven-resources-plugin:2.6:testResources (default-testResources) @ tessera-data ---
[INFO] Using 'UTF-8' encoding to copy filtered resources.
[INFO] Copying 1 resource
[INFO] 
[INFO] --- maven-compiler-plugin:3.8.1:testCompile (default-testCompile) @ tessera-data ---
[INFO] Changes detected - recompiling the module!
[INFO] Compiling 14 source files to /home/srafi/after-cam-ready/compare_/compile_repair_output/work/829465e3dd48/tessera-data/target/test-classes
[INFO] /home/srafi/after-cam-ready/compare_/compile_repair_output/work/829465e3dd48/tessera-data/src/test/java/com/quorum/tessera/data/EncryptedRawTransactionDAOTest.java: Some input files use unchecked or unsafe operations.
[INFO] /home/srafi/after-cam-ready/compare_/compile_repair_output/work/829465e3dd48/tessera-data/src/test/java/com/quorum/tessera/data/EncryptedRawTransactionDAOTest.java: Recompile with -Xlint:unchecked for details.
[INFO] 
[INFO] --- maven-surefire-plugin:3.0.0-M8-SNAPSHOT:test (default-test) @ tessera-data ---
[INFO] Tests are skipped.
[INFO] 
[INFO] --- maven-jar-plugin:3.1.2:jar (default-jar) @ tessera-data ---
[INFO] Building jar: /home/srafi/after-cam-ready/compare_/compile_repair_output/work/829465e3dd48/tessera-data/target/tessera-data-20.10.1-SNAPSHOT.jar
[INFO] 
[INFO] --- editorconfig-maven-plugin:0.0.10:check (check) @ tessera-data ---
[INFO] Checked 1182 files
[INFO] 
[INFO] --- maven-install-plugin:2.4:install (default-install) @ tessera-data ---
[INFO] Installing /home/srafi/after-cam-ready/compare_/compile_repair_output/work/829465e3dd48/tessera-data/target/tessera-data-20.10.1-SNAPSHOT.jar to /home/srafi/.m2/repository/net/consensys/quorum/tessera/tessera-data/20.10.1-SNAPSHOT/tessera-data-20.10.1-SNAPSHOT.jar
[INFO] Installing /home/srafi/after-cam-ready/compare_/compile_repair_output/work/829465e3dd48/tessera-data/pom.xml to /home/srafi/.m2/repository/net/consensys/quorum/tessera/tessera-data/20.10.1-SNAPSHOT/tessera-data-20.10.1-SNAPSHOT.pom
[INFO] 
[INFO] ------------< net.consensys.quorum.tessera:tessera-context >------------
[INFO] Building tessera-context 20.10.1-SNAPSHOT                        [19/22]
[INFO] --------------------------------[ jar ]---------------------------------
[WARNING] The artifact org.hibernate:hibernate-validator:jar:6.0.2.Final has been relocated to org.hibernate.validator:hibernate-validator:jar:6.0.2.Final
[INFO] 
[INFO] --- maven-clean-plugin:2.5:clean (default-clean) @ tessera-context ---
[INFO] 
[INFO] --- googleformatter-maven-plugin:1.7.3:format (reformat-sources) @ tessera-context ---
[INFO] Found 11 uncompiled/modified files in /home/srafi/after-cam-ready/compare_/compile_repair_output/work/829465e3dd48/tessera-context/src/main/java to reformat.
[INFO] Found 11 uncompiled/modified files in /home/srafi/after-cam-ready/compare_/compile_repair_output/work/829465e3dd48/tessera-context/src/test/java to reformat.
[INFO] Executing: /bin/sh -c cd '/home/srafi/after-cam-ready/compare_/compile_repair_output/work/829465e3dd48' && 'git' 'rev-parse' '--show-prefix'
[INFO] Working directory: /home/srafi/after-cam-ready/compare_/compile_repair_output/work/829465e3dd48
[INFO] Executing: /bin/sh -c cd '/home/srafi/after-cam-ready/compare_/compile_repair_output/work/829465e3dd48' && 'git' 'status' '--porcelain' '.'
[INFO] Working directory: /home/srafi/after-cam-ready/compare_/compile_repair_output/work/829465e3dd48
[INFO] 
[INFO] --- maven-resources-plugin:2.6:resources (default-resources) @ tessera-context ---
[INFO] Using 'UTF-8' encoding to copy filtered resources.
[INFO] skip non existing resourceDirectory /home/srafi/after-cam-ready/compare_/compile_repair_output/work/829465e3dd48/tessera-context/src/main/resources
[INFO] 
[INFO] --- maven-compiler-plugin:3.8.1:compile (default-compile) @ tessera-context ---
[INFO] Changes detected - recompiling the module!
[INFO] Compiling 11 source files to /home/srafi/after-cam-ready/compare_/compile_repair_output/work/829465e3dd48/tessera-context/target/classes
[INFO] 
[INFO] --- maven-checkstyle-plugin:3.1.1:check (verify-style) @ tessera-context ---
[INFO] 
[INFO] --- maven-resources-plugin:2.6:testResources (default-testResources) @ tessera-context ---
[INFO] Using 'UTF-8' encoding to copy filtered resources.
[INFO] Copying 4 resources
[INFO] 
[INFO] --- maven-compiler-plugin:3.8.1:testCompile (default-testCompile) @ tessera-context ---
[INFO] Changes detected - recompiling the module!
[INFO] Compiling 11 source files to /home/srafi/after-cam-ready/compare_/compile_repair_output/work/829465e3dd48/tessera-context/target/test-classes
[INFO] 
[INFO] --- maven-surefire-plugin:3.0.0-M8-SNAPSHOT:test (default-test) @ tessera-context ---
[INFO] Tests are skipped.
[INFO] 
[INFO] --- maven-jar-plugin:3.1.2:jar (default-jar) @ tessera-context ---
[INFO] Building jar: /home/srafi/after-cam-ready/compare_/compile_repair_output/work/829465e3dd48/tessera-context/target/tessera-context-20.10.1-SNAPSHOT.jar
[INFO] 
[INFO] --- editorconfig-maven-plugin:0.0.10:check (check) @ tessera-context ---
[INFO] Checked 1182 files
[INFO] 
[INFO] --- maven-install-plugin:2.4:install (default-install) @ tessera-context ---
[INFO] Installing /home/srafi/after-cam-ready/compare_/compile_repair_output/work/829465e3dd48/tessera-context/target/tessera-context-20.10.1-SNAPSHOT.jar to /home/srafi/.m2/repository/net/consensys/quorum/tessera/tessera-context/20.10.1-SNAPSHOT/tessera-context-20.10.1-SNAPSHOT.jar
[INFO] Installing /home/srafi/after-cam-ready/compare_/compile_repair_output/work/829465e3dd48/tessera-context/pom.xml to /home/srafi/.m2/repository/net/consensys/quorum/tessera/tessera-context/20.10.1-SNAPSHOT/tessera-context-20.10.1-SNAPSHOT.pom
[INFO] 
[INFO] --------------< net.consensys.quorum.tessera:test-utils >---------------
[INFO] Building test-utils 20.10.1-SNAPSHOT                             [20/22]
[INFO] --------------------------------[ pom ]---------------------------------
[INFO] 
[INFO] --- maven-clean-plugin:2.5:clean (default-clean) @ test-utils ---
[INFO] 
[INFO] --- googleformatter-maven-plugin:1.7.3:format (reformat-sources) @ test-utils ---
[INFO] Project packaging is POM, skipping...
[INFO] 
[INFO] --- maven-checkstyle-plugin:3.1.1:check (verify-style) @ test-utils ---
[INFO] 
[INFO] --- editorconfig-maven-plugin:0.0.10:check (check) @ test-utils ---
[INFO] Checked 1182 files
[INFO] 
[INFO] --- maven-install-plugin:2.4:install (default-install) @ test-utils ---
[INFO] Installing /home/srafi/after-cam-ready/compare_/compile_repair_output/work/829465e3dd48/test-utils/pom.xml to /home/srafi/.m2/repository/net/consensys/quorum/tessera/test-utils/20.10.1-SNAPSHOT/test-utils-20.10.1-SNAPSHOT.pom
[INFO] 
[INFO] ---------< net.consensys.quorum.tessera:mock-service-locator >----------
[INFO] Building mock-service-locator 20.10.1-SNAPSHOT                   [21/22]
[INFO] --------------------------------[ jar ]---------------------------------
[INFO] 
[INFO] --- maven-clean-plugin:2.5:clean (default-clean) @ mock-service-locator ---
[INFO] 
[INFO] --- googleformatter-maven-plugin:1.7.3:format (reformat-sources) @ mock-service-locator ---
[INFO] Found 1 uncompiled/modified files in /home/srafi/after-cam-ready/compare_/compile_repair_output/work/829465e3dd48/test-utils/mock-service-locator/src/main/java to reformat.
[INFO] Directory /home/srafi/after-cam-ready/compare_/compile_repair_output/work/829465e3dd48/test-utils/mock-service-locator/src/test/java does not exist, skipping file collection.
[INFO] Executing: /bin/sh -c cd '/home/srafi/after-cam-ready/compare_/compile_repair_output/work/829465e3dd48' && 'git' 'rev-parse' '--show-prefix'
[INFO] Working directory: /home/srafi/after-cam-ready/compare_/compile_repair_output/work/829465e3dd48
[INFO] Executing: /bin/sh -c cd '/home/srafi/after-cam-ready/compare_/compile_repair_output/work/829465e3dd48' && 'git' 'status' '--porcelain' '.'
[INFO] Working directory: /home/srafi/after-cam-ready/compare_/compile_repair_output/work/829465e3dd48
[INFO] 
[INFO] --- maven-resources-plugin:2.6:resources (default-resources) @ mock-service-locator ---
[INFO] Using 'UTF-8' encoding to copy filtered resources.
[INFO] Copying 1 resource
[INFO] 
[INFO] --- maven-compiler-plugin:3.8.1:compile (default-compile) @ mock-service-locator ---
[INFO] Changes detected - recompiling the module!
[INFO] Compiling 1 source file to /home/srafi/after-cam-ready/compare_/compile_repair_output/work/829465e3dd48/test-utils/mock-service-locator/target/classes
[INFO] /home/srafi/after-cam-ready/compare_/compile_repair_output/work/829465e3dd48/test-utils/mock-service-locator/src/main/java/com/jpmorgan/quorum/mock/servicelocator/MockServiceLocator.java: /home/srafi/after-cam-ready/compare_/compile_repair_output/work/829465e3dd48/test-utils/mock-service-locator/src/main/java/com/jpmorgan/quorum/mock/servicelocator/MockServiceLocator.java uses unchecked or unsafe operations.
[INFO] /home/srafi/after-cam-ready/compare_/compile_repair_output/work/829465e3dd48/test-utils/mock-service-locator/src/main/java/com/jpmorgan/quorum/mock/servicelocator/MockServiceLocator.java: Recompile with -Xlint:unchecked for details.
[INFO] 
[INFO] --- maven-checkstyle-plugin:3.1.1:check (verify-style) @ mock-service-locator ---
[INFO] 
[INFO] --- maven-resources-plugin:2.6:testResources (default-testResources) @ mock-service-locator ---
[INFO] Using 'UTF-8' encoding to copy filtered resources.
[INFO] skip non existing resourceDirectory /home/srafi/after-cam-ready/compare_/compile_repair_output/work/829465e3dd48/test-utils/mock-service-locator/src/test/resources
[INFO] 
[INFO] --- maven-compiler-plugin:3.8.1:testCompile (default-testCompile) @ mock-service-locator ---
[INFO] No sources to compile
[INFO] 
[INFO] --- maven-surefire-plugin:3.0.0-M8-SNAPSHOT:test (default-test) @ mock-service-locator ---
[INFO] Tests are skipped.
[INFO] 
[INFO] --- maven-jar-plugin:3.1.2:jar (default-jar) @ mock-service-locator ---
[INFO] Building jar: /home/srafi/after-cam-ready/compare_/compile_repair_output/work/829465e3dd48/test-utils/mock-service-locator/target/mock-service-locator-20.10.1-SNAPSHOT.jar
[INFO] 
[INFO] --- editorconfig-maven-plugin:0.0.10:check (check) @ mock-service-locator ---
[INFO] Checked 1182 files
[INFO] 
[INFO] --- maven-install-plugin:2.4:install (default-install) @ mock-service-locator ---
[INFO] Installing /home/srafi/after-cam-ready/compare_/compile_repair_output/work/829465e3dd48/test-utils/mock-service-locator/target/mock-service-locator-20.10.1-SNAPSHOT.jar to /home/srafi/.m2/repository/net/consensys/quorum/tessera/mock-service-locator/20.10.1-SNAPSHOT/mock-service-locator-20.10.1-SNAPSHOT.jar
[INFO] Installing /home/srafi/after-cam-ready/compare_/compile_repair_output/work/829465e3dd48/test-utils/mock-service-locator/pom.xml to /home/srafi/.m2/repository/net/consensys/quorum/tessera/mock-service-locator/20.10.1-SNAPSHOT/mock-service-locator-20.10.1-SNAPSHOT.pom
[INFO] 
[INFO] -----------< net.consensys.quorum.tessera:tessera-partyinfo >-----------
[INFO] Building tessera-partyinfo 20.10.1-SNAPSHOT                      [22/22]
[INFO] --------------------------------[ jar ]---------------------------------
[INFO] Downloading from central: https://repo.maven.apache.org/maven2/io/swagger/core/v3/swagger-annotations/2.1.5/swagger-annotations-2.1.5.pom
[INFO] Downloaded from central: https://repo.maven.apache.org/maven2/io/swagger/core/v3/swagger-annotations/2.1.5/swagger-annotations-2.1.5.pom (4.3 kB at 120 kB/s)
[INFO] Downloading from central: https://repo.maven.apache.org/maven2/io/swagger/core/v3/swagger-project/2.1.5/swagger-project-2.1.5.pom
[INFO] Downloaded from central: https://repo.maven.apache.org/maven2/io/swagger/core/v3/swagger-project/2.1.5/swagger-project-2.1.5.pom (24 kB at 693 kB/s)
[INFO] Downloading from central: https://repo.maven.apache.org/maven2/io/swagger/core/v3/swagger-annotations/2.1.5/swagger-annotations-2.1.5.jar
[INFO] Downloaded from central: https://repo.maven.apache.org/maven2/io/swagger/core/v3/swagger-annotations/2.1.5/swagger-annotations-2.1.5.jar (34 kB at 1.1 MB/s)
[INFO] 
[INFO] --- maven-clean-plugin:2.5:clean (default-clean) @ tessera-partyinfo ---
[INFO] 
[INFO] --- googleformatter-maven-plugin:1.7.3:format (reformat-sources) @ tessera-partyinfo ---
[INFO] Found 23 uncompiled/modified files in /home/srafi/after-cam-ready/compare_/compile_repair_output/work/829465e3dd48/tessera-partyinfo/src/main/java to reformat.
[INFO] Found 23 uncompiled/modified files in /home/srafi/after-cam-ready/compare_/compile_repair_output/work/829465e3dd48/tessera-partyinfo/src/test/java to reformat.
[INFO] Executing: /bin/sh -c cd '/home/srafi/after-cam-ready/compare_/compile_repair_output/work/829465e3dd48' && 'git' 'rev-parse' '--show-prefix'
[INFO] Working directory: /home/srafi/after-cam-ready/compare_/compile_repair_output/work/829465e3dd48
[INFO] Executing: /bin/sh -c cd '/home/srafi/after-cam-ready/compare_/compile_repair_output/work/829465e3dd48' && 'git' 'status' '--porcelain' '.'
[INFO] Working directory: /home/srafi/after-cam-ready/compare_/compile_repair_output/work/829465e3dd48
[INFO] 
[INFO] --- maven-resources-plugin:2.6:resources (default-resources) @ tessera-partyinfo ---
[INFO] Using 'UTF-8' encoding to copy filtered resources.
[INFO] Copying 4 resources
[INFO] 
[INFO] --- maven-compiler-plugin:3.8.1:compile (default-compile) @ tessera-partyinfo ---
[INFO] Changes detected - recompiling the module!
[INFO] Compiling 23 source files to /home/srafi/after-cam-ready/compare_/compile_repair_output/work/829465e3dd48/tessera-partyinfo/target/classes
[INFO] 
[INFO] --- maven-checkstyle-plugin:3.1.1:check (verify-style) @ tessera-partyinfo ---
[INFO] 
[INFO] --- maven-resources-plugin:2.6:testResources (default-testResources) @ tessera-partyinfo ---
[INFO] Using 'UTF-8' encoding to copy filtered resources.
[INFO] Copying 8 resources
[INFO] 
[INFO] --- maven-compiler-plugin:3.8.1:testCompile (default-testCompile) @ tessera-partyinfo ---
[INFO] Changes detected - recompiling the module!
[INFO] Compiling 23 source files to /home/srafi/after-cam-ready/compare_/compile_repair_output/work/829465e3dd48/tessera-partyinfo/target/test-classes
[INFO] /home/srafi/after-cam-ready/compare_/compile_repair_output/work/829465e3dd48/tessera-partyinfo/src/test/java/com/quorum/tessera/partyinfo/MockP2pClientFactory.java: Some input files use or override a deprecated API.
[INFO] /home/srafi/after-cam-ready/compare_/compile_repair_output/work/829465e3dd48/tessera-partyinfo/src/test/java/com/quorum/tessera/partyinfo/MockP2pClientFactory.java: Recompile with -Xlint:deprecation for details.
[INFO] /home/srafi/after-cam-ready/compare_/compile_repair_output/work/829465e3dd48/tessera-partyinfo/src/test/java/com/quorum/tessera/discovery/MockDiscoveryHelper.java: /home/srafi/after-cam-ready/compare_/compile_repair_output/work/829465e3dd48/tessera-partyinfo/src/test/java/com/quorum/tessera/discovery/MockDiscoveryHelper.java uses unchecked or unsafe operations.
[INFO] /home/srafi/after-cam-ready/compare_/compile_repair_output/work/829465e3dd48/tessera-partyinfo/src/test/java/com/quorum/tessera/discovery/MockDiscoveryHelper.java: Recompile with -Xlint:unchecked for details.
[INFO] 
[INFO] --- maven-surefire-plugin:3.0.0-M8-SNAPSHOT:test (default-test) @ tessera-partyinfo ---
[INFO] Tests are skipped.
[INFO] 
[INFO] --- maven-jar-plugin:3.1.2:jar (default-jar) @ tessera-partyinfo ---
[INFO] Building jar: /home/srafi/after-cam-ready/compare_/compile_repair_output/work/829465e3dd48/tessera-partyinfo/target/tessera-partyinfo-20.10.1-SNAPSHOT.jar
[INFO] 
[INFO] --- editorconfig-maven-plugin:0.0.10:check (check) @ tessera-partyinfo ---
[INFO] Checked 1182 files
[INFO] 
[INFO] --- maven-install-plugin:2.4:install (default-install) @ tessera-partyinfo ---
[INFO] Installing /home/srafi/after-cam-ready/compare_/compile_repair_output/work/829465e3dd48/tessera-partyinfo/target/tessera-partyinfo-20.10.1-SNAPSHOT.jar to /home/srafi/.m2/repository/net/consensys/quorum/tessera/tessera-partyinfo/20.10.1-SNAPSHOT/tessera-partyinfo-20.10.1-SNAPSHOT.jar
[INFO] Installing /home/srafi/after-cam-ready/compare_/compile_repair_output/work/829465e3dd48/tessera-partyinfo/pom.xml to /home/srafi/.m2/repository/net/consensys/quorum/tessera/tessera-partyinfo/20.10.1-SNAPSHOT/tessera-partyinfo-20.10.1-SNAPSHOT.pom
[INFO] ------------------------------------------------------------------------
[INFO] Reactor Summary for tessera 20.10.1-SNAPSHOT:
[INFO] 
[INFO] tessera ............................................ SUCCESS [  2.078 s]
[INFO] shared ............................................. SUCCESS [  4.443 s]
[INFO] argon2 ............................................. SUCCESS [  0.648 s]
[INFO] tests .............................................. SUCCESS [  0.233 s]
[INFO] test-util .......................................... SUCCESS [  0.438 s]
[INFO] service-locator .................................... SUCCESS [  0.236 s]
[INFO] service-locator-api ................................ SUCCESS [  0.292 s]
[INFO] encryption ......................................... SUCCESS [  0.234 s]
[INFO] encryption-api ..................................... SUCCESS [  0.606 s]
[INFO] encryption-jnacl ................................... SUCCESS [  0.700 s]
[INFO] encryption-ec ...................................... SUCCESS [  0.446 s]
[INFO] config ............................................. SUCCESS [  1.903 s]
[INFO] key-vault .......................................... SUCCESS [  0.233 s]
[INFO] key-vault-api ...................................... SUCCESS [  0.389 s]
[INFO] enclave ............................................ SUCCESS [  0.239 s]
[INFO] enclave-api ........................................ SUCCESS [  0.974 s]
[INFO] eclipselink-utils .................................. SUCCESS [  0.370 s]
[INFO] tessera-data ....................................... SUCCESS [  1.143 s]
[INFO] tessera-context .................................... SUCCESS [  0.550 s]
[INFO] test-utils ......................................... SUCCESS [  0.239 s]
[INFO] mock-service-locator ............................... SUCCESS [  0.281 s]
[INFO] tessera-partyinfo .................................. SUCCESS [  0.716 s]
[INFO] ------------------------------------------------------------------------
[INFO] BUILD SUCCESS
[INFO] ------------------------------------------------------------------------
[INFO] Total time:  17.723 s
[INFO] Finished at: 2026-08-15T16:13:45-04:00
[INFO] ------------------------------------------------------------------------
