JAVA_HOME=/usr/lib/jvm/java-8-openjdk-amd64
COMMAND=mvn -B clean install -DskipTests -U -pl extensions-core/protobuf-extensions -am -Ddependency-check.skip=true -Dgpg.skip=true -DfailIfNoTests=false -Dskip.installnodenpm=true -Dskip.npm=true -Dskip.yarn=true -Dlicense.skip=true -Dcheckstyle.skip=true -Drat.skip=true -Denforcer.skip=true -Danimal.sniffer.skip=true -Dmaven.javadoc.skip=true -Dfindbugs.skip=true -Dspotbugs.skip=true -Dwarbucks.skip=true -Dmodernizer.skip=true -Dimpsort.skip=true -Dmdep.analyze.skip=true -Dpgpverify.skip=true -Dxml.skip=true -Dcobertura.skip=true

[INFO] Scanning for projects...
Warning: KebabPizza disabling incompatible org.jacoco:jacoco-maven-plugin from druid
Warning: KebabPizza disabling incompatible org.apache.maven.plugins:maven-enforcer-plugin from druid
Warning: KebabPizza disabling incompatible org.jacoco:jacoco-maven-plugin from druid-processing
Warning: KebabPizza disabling incompatible org.apache.maven.plugins:maven-enforcer-plugin from druid-processing
Warning: KebabPizza disabling incompatible org.jacoco:jacoco-maven-plugin from druid-protobuf-extensions
Warning: KebabPizza disabling incompatible org.apache.maven.plugins:maven-enforcer-plugin from druid-protobuf-extensions
[INFO] ------------------------------------------------------------------------
[INFO] Reactor Build Order:
[INFO] 
[INFO] Druid                                                              [pom]
[INFO] druid-processing                                                   [jar]
[INFO] druid-protobuf-extensions                                          [jar]
[INFO] 
[INFO] -----------------------< org.apache.druid:druid >-----------------------
[INFO] Building Druid 28.0.0-SNAPSHOT                                     [1/3]
[INFO] --------------------------------[ pom ]---------------------------------
[INFO] 
[INFO] --- maven-clean-plugin:2.5:clean (default-clean) @ druid ---
[INFO] 
[INFO] --- maven-checkstyle-plugin:3.0.0:check (validate) @ druid ---
[INFO] 
[INFO] >>> maven-pmd-plugin:3.16.0:check (validate) > :pmd @ druid >>>
[INFO] 
[INFO] --- maven-pmd-plugin:3.16.0:pmd (pmd) @ druid ---
[INFO] 
[INFO] <<< maven-pmd-plugin:3.16.0:check (validate) < :pmd @ druid <<<
[INFO] 
[INFO] 
[INFO] --- maven-pmd-plugin:3.16.0:check (validate) @ druid ---
[INFO] 
[INFO] --- git-commit-id-plugin:4.9.10:revision (default) @ druid ---
[INFO] 
[INFO] --- maven-remote-resources-plugin:1.7.0:process (process-resource-bundles) @ druid ---
[INFO] Preparing remote bundle org.apache.apache.resources:apache-jar-resource-bundle:1.5
[INFO] Copying 3 resources from 1 bundle.
[INFO] 
[INFO] --- forbiddenapis:3.2:check (compile) @ druid ---
[INFO] Skipping execution for packaging "pom"
[INFO] 
[INFO] --- forbiddenapis:3.2:testCheck (testCompile) @ druid ---
[INFO] Skipping execution for packaging "pom"
[INFO] 
[INFO] --- animal-sniffer-maven-plugin:1.17:check (check-java-api) @ druid ---
[INFO] Signature checking is skipped.
[INFO] 
[INFO] --- maven-site-plugin:3.11.0:attach-descriptor (attach-descriptor) @ druid ---
[INFO] No site descriptor found: nothing to attach.
[INFO] 
[INFO] --- cyclonedx-maven-plugin:2.7.9:makeBom (default) @ druid ---
[INFO] CycloneDX: Resolving Dependencies
[INFO] CycloneDX: Creating BOM version 1.4 with 0 component(s)
[INFO] CycloneDX: Writing and validating BOM (XML): /home/srafi/after-cam-ready/compare_/compile_repair_output/work/d8aa2ac6a2e0/target/bom.xml
[INFO]            attaching as druid-28.0.0-SNAPSHOT-cyclonedx.xml
[INFO] CycloneDX: Writing and validating BOM (JSON): /home/srafi/after-cam-ready/compare_/compile_repair_output/work/d8aa2ac6a2e0/target/bom.json
[WARNING] Unknown keyword additionalItems - you should define your own Meta Schema. If the keyword is irrelevant for validation, just use a NonValidationKeyword
[INFO]            attaching as druid-28.0.0-SNAPSHOT-cyclonedx.json
[INFO] 
[INFO] --- maven-install-plugin:2.3.1:install (default) @ druid ---
[INFO] Installing /home/srafi/after-cam-ready/compare_/compile_repair_output/work/d8aa2ac6a2e0/pom.xml to /home/srafi/.m2/repository/org/apache/druid/druid/28.0.0-SNAPSHOT/druid-28.0.0-SNAPSHOT.pom
[INFO] Installing /home/srafi/after-cam-ready/compare_/compile_repair_output/work/d8aa2ac6a2e0/target/bom.xml to /home/srafi/.m2/repository/org/apache/druid/druid/28.0.0-SNAPSHOT/druid-28.0.0-SNAPSHOT-cyclonedx.xml
[INFO] Installing /home/srafi/after-cam-ready/compare_/compile_repair_output/work/d8aa2ac6a2e0/target/bom.json to /home/srafi/.m2/repository/org/apache/druid/druid/28.0.0-SNAPSHOT/druid-28.0.0-SNAPSHOT-cyclonedx.json
[INFO] 
[INFO] --- maven-install-plugin:2.3.1:install (default-install) @ druid ---
[INFO] Installing /home/srafi/after-cam-ready/compare_/compile_repair_output/work/d8aa2ac6a2e0/pom.xml to /home/srafi/.m2/repository/org/apache/druid/druid/28.0.0-SNAPSHOT/druid-28.0.0-SNAPSHOT.pom
[INFO] Installing /home/srafi/after-cam-ready/compare_/compile_repair_output/work/d8aa2ac6a2e0/target/bom.xml to /home/srafi/.m2/repository/org/apache/druid/druid/28.0.0-SNAPSHOT/druid-28.0.0-SNAPSHOT-cyclonedx.xml
[INFO] Installing /home/srafi/after-cam-ready/compare_/compile_repair_output/work/d8aa2ac6a2e0/target/bom.json to /home/srafi/.m2/repository/org/apache/druid/druid/28.0.0-SNAPSHOT/druid-28.0.0-SNAPSHOT-cyclonedx.json
[INFO] 
[INFO] -----------------< org.apache.druid:druid-processing >------------------
[INFO] Building druid-processing 28.0.0-SNAPSHOT                          [2/3]
[INFO] --------------------------------[ jar ]---------------------------------
[INFO] Downloading from apache.snapshots: https://repository.apache.org/snapshots/org/apache/maven/plugins/maven-surefire-plugin/3.0.0-M8-SNAPSHOT/maven-metadata.xml
[INFO] Downloading from apache.snapshots: https://repository.apache.org/snapshots/org/apache/maven/surefire/surefire/3.0.0-M8-SNAPSHOT/maven-metadata.xml
[INFO] Downloading from maven.org: https://repo1.maven.org/maven2/junit/junit-dep/maven-metadata.xml
[INFO] Downloading from sigar: https://repository.mulesoft.org/nexus/content/repositories/public/junit/junit-dep/maven-metadata.xml
[INFO] Downloading from central: https://repo.maven.apache.org/maven2/junit/junit-dep/maven-metadata.xml
[INFO] Downloading from apache.snapshots: https://repository.apache.org/snapshots/junit/junit-dep/maven-metadata.xml
[INFO] Downloaded from maven.org: https://repo1.maven.org/maven2/junit/junit-dep/maven-metadata.xml (563 B at 8.9 kB/s)
[INFO] Downloaded from central: https://repo.maven.apache.org/maven2/junit/junit-dep/maven-metadata.xml (563 B at 7.7 kB/s)
[INFO] Downloaded from sigar: https://repository.mulesoft.org/nexus/content/repositories/public/junit/junit-dep/maven-metadata.xml (610 B at 5.1 kB/s)
[WARNING] The artifact org.hibernate:hibernate-validator:jar:6.2.5.Final has been relocated to org.hibernate.validator:hibernate-validator:jar:6.2.5.Final
[INFO] 
[INFO] --- maven-clean-plugin:2.5:clean (default-clean) @ druid-processing ---
[INFO] 
[INFO] --- maven-checkstyle-plugin:3.0.0:check (validate) @ druid-processing ---
[INFO] 
[INFO] >>> maven-pmd-plugin:3.16.0:check (validate) > :pmd @ druid-processing >>>
[INFO] 
[INFO] --- maven-pmd-plugin:3.16.0:pmd (pmd) @ druid-processing ---
[INFO] PMD version: 6.42.0
[WARNING] There are 1 PMD processing errors:
[WARNING] /home/srafi/after-cam-ready/compare_/compile_repair_output/work/d8aa2ac6a2e0/processing/src/main/java/org/apache/druid/query/aggregation/JavaScriptAggregatorFactory.java: PMDException: Error while parsing /home/srafi/after-cam-ready/compare_/compile_repair_output/work/d8aa2ac6a2e0/processing/src/main/java/org/apache/druid/query/aggregation/JavaScriptAggregatorFactory.java
[INFO] 
[INFO] <<< maven-pmd-plugin:3.16.0:check (validate) < :pmd @ druid-processing <<<
[INFO] 
[INFO] 
[INFO] --- maven-pmd-plugin:3.16.0:check (validate) @ druid-processing ---
[INFO] PMD version: 6.42.0
[INFO] 
[INFO] 
[INFO] --- git-commit-id-plugin:4.9.10:revision (default) @ druid-processing ---
[INFO] 
[INFO] --- antlr4-maven-plugin:4.5.3:antlr4 (default) @ druid-processing ---
[INFO] ANTLR 4: Processing source directory /home/srafi/after-cam-ready/compare_/compile_repair_output/work/d8aa2ac6a2e0/processing/src/main/antlr4
[INFO] Processing grammar: org/apache/druid/math/expr/antlr/Expr.g4
[INFO] 
[INFO] --- maven-remote-resources-plugin:1.7.0:process (process-resource-bundles) @ druid-processing ---
[INFO] Preparing remote bundle org.apache.apache.resources:apache-jar-resource-bundle:1.5
[INFO] Copying 3 resources from 1 bundle.
[WARNING] While downloading org.hibernate:hibernate-validator:6.2.5.Final
  This artifact has been relocated to org.hibernate.validator:hibernate-validator:6.2.5.Final.


[INFO] artifact junit:junit-dep: checking for updates from maven.org
[INFO] artifact junit:junit-dep: checking for updates from sigar
[INFO] artifact junit:junit-dep: checking for updates from central
[INFO] artifact junit:junit: checking for updates from maven.org
[INFO] artifact junit:junit: checking for updates from sigar
[INFO] artifact junit:junit: checking for updates from central
[INFO] 
[INFO] --- maven-dependency-plugin:3.1.1:unpack-dependencies (copy-sigar-lib-to-resources) @ druid-processing ---
[INFO] Unpacking /home/srafi/.m2/repository/org/hyperic/sigar-dist/1.6.5.132/sigar-dist-1.6.5.132.zip to /home/srafi/after-cam-ready/compare_/compile_repair_output/work/d8aa2ac6a2e0/processing/target with includes "**/sigar-bin/lib/*" and excludes "**/sigar-bin/lib/*jar"
[INFO] 
[INFO] --- maven-resources-plugin:3.2.0:resources (default-resources) @ druid-processing ---
[INFO] Using 'UTF-8' encoding to copy filtered resources.
[INFO] Using 'UTF-8' encoding to copy filtered properties files.
[INFO] Copying 23 resources
[INFO] Copying 3 resources
[INFO] 
[INFO] --- maven-compiler-plugin:3.11.0:compile (default-compile) @ druid-processing ---
[INFO] Changes detected - recompiling the module! :source
[INFO] Compiling 2160 source files with javac [debug target 1.8] to target/classes
[INFO] /home/srafi/after-cam-ready/compare_/compile_repair_output/work/d8aa2ac6a2e0/processing/src/main/java/org/apache/druid/segment/transform/TransformSpec.java: Some input files use or override a deprecated API.
[INFO] /home/srafi/after-cam-ready/compare_/compile_repair_output/work/d8aa2ac6a2e0/processing/src/main/java/org/apache/druid/segment/transform/TransformSpec.java: Recompile with -Xlint:deprecation for details.
[INFO] /home/srafi/after-cam-ready/compare_/compile_repair_output/work/d8aa2ac6a2e0/processing/src/main/java/org/apache/druid/query/filter/FallbackPredicate.java: Some input files use unchecked or unsafe operations.
[INFO] /home/srafi/after-cam-ready/compare_/compile_repair_output/work/d8aa2ac6a2e0/processing/src/main/java/org/apache/druid/query/filter/FallbackPredicate.java: Recompile with -Xlint:unchecked for details.
[INFO] 
[INFO] --- forbiddenapis:3.2:check (compile) @ druid-processing ---
[INFO] Scanning for classes to check...
[INFO] Reading bundled API signatures: jdk-unsafe-1.8
[INFO] Reading bundled API signatures: jdk-system-out
[INFO] Reading API signatures: /home/srafi/after-cam-ready/compare_/compile_repair_output/work/d8aa2ac6a2e0/codestyle/joda-time-forbidden-apis.txt
[INFO] Reading API signatures: /home/srafi/after-cam-ready/compare_/compile_repair_output/work/d8aa2ac6a2e0/codestyle/druid-forbidden-apis.txt
[INFO] Loading classes to check...
[INFO] Scanning classes for violations...
[INFO] Scanned 4188 class file(s) for forbidden API invocations (in 0.91s), 0 error(s).
[INFO] 
[INFO] --- maven-resources-plugin:3.2.0:testResources (default-testResources) @ druid-processing ---
[INFO] Using 'UTF-8' encoding to copy filtered resources.
[INFO] Using 'UTF-8' encoding to copy filtered properties files.
[INFO] Copying 58 resources
[INFO] Copying 3 resources
[INFO] 
[INFO] --- maven-compiler-plugin:3.11.0:testCompile (default-testCompile) @ druid-processing ---
[INFO] Changes detected - recompiling the module! :dependency
[INFO] Compiling 994 source files with javac [debug target 1.8] to target/test-classes
[INFO] /home/srafi/after-cam-ready/compare_/compile_repair_output/work/d8aa2ac6a2e0/processing/src/test/java/org/apache/druid/collections/spatial/RTreeTest.java: Some input files use or override a deprecated API.
[INFO] /home/srafi/after-cam-ready/compare_/compile_repair_output/work/d8aa2ac6a2e0/processing/src/test/java/org/apache/druid/collections/spatial/RTreeTest.java: Recompile with -Xlint:deprecation for details.
[INFO] /home/srafi/after-cam-ready/compare_/compile_repair_output/work/d8aa2ac6a2e0/processing/src/test/java/org/apache/druid/query/aggregation/HistogramTest.java: Some input files use unchecked or unsafe operations.
[INFO] /home/srafi/after-cam-ready/compare_/compile_repair_output/work/d8aa2ac6a2e0/processing/src/test/java/org/apache/druid/query/aggregation/HistogramTest.java: Recompile with -Xlint:unchecked for details.
[INFO] 
[INFO] --- forbiddenapis:3.2:testCheck (testCompile) @ druid-processing ---
[INFO] Scanning for classes to check...
[INFO] Reading bundled API signatures: jdk-unsafe-1.8
[INFO] Reading API signatures: /home/srafi/after-cam-ready/compare_/compile_repair_output/work/d8aa2ac6a2e0/codestyle/joda-time-forbidden-apis.txt
[INFO] Reading API signatures: /home/srafi/after-cam-ready/compare_/compile_repair_output/work/d8aa2ac6a2e0/codestyle/druid-forbidden-apis.txt
[INFO] Loading classes to check...
[INFO] Scanning classes for violations...
[INFO] Scanned 1787 class file(s) for forbidden API invocations (in 0.50s), 0 error(s).
[INFO] 
[INFO] --- maven-surefire-plugin:3.0.0-M8-SNAPSHOT:test (default-test) @ druid-processing ---
[INFO] Downloading from apache.snapshots: https://repository.apache.org/snapshots/org/apache/maven/surefire/maven-surefire-common/3.0.0-M8-SNAPSHOT/maven-metadata.xml
[INFO] Downloading from apache.snapshots: https://repository.apache.org/snapshots/org/apache/maven/surefire/surefire-api/3.0.0-M8-SNAPSHOT/maven-metadata.xml
[INFO] Downloading from apache.snapshots: https://repository.apache.org/snapshots/org/apache/maven/surefire/surefire-logger-api/3.0.0-M8-SNAPSHOT/maven-metadata.xml
[INFO] Downloading from apache.snapshots: https://repository.apache.org/snapshots/org/apache/maven/surefire/surefire-shared-utils/3.0.0-M8-SNAPSHOT/maven-metadata.xml
[INFO] Downloading from apache.snapshots: https://repository.apache.org/snapshots/org/apache/maven/surefire/surefire-extensions-api/3.0.0-M8-SNAPSHOT/maven-metadata.xml
[INFO] Downloading from apache.snapshots: https://repository.apache.org/snapshots/org/apache/maven/surefire/surefire-booter/3.0.0-M8-SNAPSHOT/maven-metadata.xml
[INFO] Downloading from apache.snapshots: https://repository.apache.org/snapshots/org/apache/maven/surefire/surefire-extensions-spi/3.0.0-M8-SNAPSHOT/maven-metadata.xml
[INFO] Tests are skipped.
[INFO] 
[INFO] --- animal-sniffer-maven-plugin:1.17:check (check-java-api) @ druid-processing ---
[INFO] Signature checking is skipped.
[INFO] 
[INFO] --- maven-jar-plugin:3.2.2:jar (default-jar) @ druid-processing ---
[INFO] Building jar: /home/srafi/after-cam-ready/compare_/compile_repair_output/work/d8aa2ac6a2e0/processing/target/druid-processing-28.0.0-SNAPSHOT.jar
[INFO] 
[INFO] --- maven-jar-plugin:3.2.2:test-jar (default) @ druid-processing ---
[INFO] Building jar: /home/srafi/after-cam-ready/compare_/compile_repair_output/work/d8aa2ac6a2e0/processing/target/druid-processing-28.0.0-SNAPSHOT-tests.jar
[INFO] 
[INFO] --- maven-site-plugin:3.11.0:attach-descriptor (attach-descriptor) @ druid-processing ---
[INFO] Skipping because packaging 'jar' is not pom.
[INFO] 
[INFO] --- cyclonedx-maven-plugin:2.7.9:makeBom (default) @ druid-processing ---
[INFO] CycloneDX: Resolving Dependencies
[INFO] CycloneDX: Creating BOM version 1.4 with 102 component(s)
[INFO] CycloneDX: Writing and validating BOM (XML): /home/srafi/after-cam-ready/compare_/compile_repair_output/work/d8aa2ac6a2e0/processing/target/bom.xml
[INFO]            attaching as druid-processing-28.0.0-SNAPSHOT-cyclonedx.xml
[INFO] CycloneDX: Writing and validating BOM (JSON): /home/srafi/after-cam-ready/compare_/compile_repair_output/work/d8aa2ac6a2e0/processing/target/bom.json
[INFO]            attaching as druid-processing-28.0.0-SNAPSHOT-cyclonedx.json
[INFO] 
[INFO] --- maven-install-plugin:2.3.1:install (default) @ druid-processing ---
[INFO] Installing /home/srafi/after-cam-ready/compare_/compile_repair_output/work/d8aa2ac6a2e0/processing/target/druid-processing-28.0.0-SNAPSHOT.jar to /home/srafi/.m2/repository/org/apache/druid/druid-processing/28.0.0-SNAPSHOT/druid-processing-28.0.0-SNAPSHOT.jar
[INFO] Installing /home/srafi/after-cam-ready/compare_/compile_repair_output/work/d8aa2ac6a2e0/processing/pom.xml to /home/srafi/.m2/repository/org/apache/druid/druid-processing/28.0.0-SNAPSHOT/druid-processing-28.0.0-SNAPSHOT.pom
[INFO] Installing /home/srafi/after-cam-ready/compare_/compile_repair_output/work/d8aa2ac6a2e0/processing/target/druid-processing-28.0.0-SNAPSHOT-tests.jar to /home/srafi/.m2/repository/org/apache/druid/druid-processing/28.0.0-SNAPSHOT/druid-processing-28.0.0-SNAPSHOT-tests.jar
[INFO] Installing /home/srafi/after-cam-ready/compare_/compile_repair_output/work/d8aa2ac6a2e0/processing/target/bom.xml to /home/srafi/.m2/repository/org/apache/druid/druid-processing/28.0.0-SNAPSHOT/druid-processing-28.0.0-SNAPSHOT-cyclonedx.xml
[INFO] Installing /home/srafi/after-cam-ready/compare_/compile_repair_output/work/d8aa2ac6a2e0/processing/target/bom.json to /home/srafi/.m2/repository/org/apache/druid/druid-processing/28.0.0-SNAPSHOT/druid-processing-28.0.0-SNAPSHOT-cyclonedx.json
[INFO] 
[INFO] --- maven-install-plugin:2.3.1:install (default-install) @ druid-processing ---
[INFO] Installing /home/srafi/after-cam-ready/compare_/compile_repair_output/work/d8aa2ac6a2e0/processing/target/druid-processing-28.0.0-SNAPSHOT.jar to /home/srafi/.m2/repository/org/apache/druid/druid-processing/28.0.0-SNAPSHOT/druid-processing-28.0.0-SNAPSHOT.jar
[INFO] Installing /home/srafi/after-cam-ready/compare_/compile_repair_output/work/d8aa2ac6a2e0/processing/pom.xml to /home/srafi/.m2/repository/org/apache/druid/druid-processing/28.0.0-SNAPSHOT/druid-processing-28.0.0-SNAPSHOT.pom
[INFO] Installing /home/srafi/after-cam-ready/compare_/compile_repair_output/work/d8aa2ac6a2e0/processing/target/druid-processing-28.0.0-SNAPSHOT-tests.jar to /home/srafi/.m2/repository/org/apache/druid/druid-processing/28.0.0-SNAPSHOT/druid-processing-28.0.0-SNAPSHOT-tests.jar
[INFO] Installing /home/srafi/after-cam-ready/compare_/compile_repair_output/work/d8aa2ac6a2e0/processing/target/bom.xml to /home/srafi/.m2/repository/org/apache/druid/druid-processing/28.0.0-SNAPSHOT/druid-processing-28.0.0-SNAPSHOT-cyclonedx.xml
[INFO] Installing /home/srafi/after-cam-ready/compare_/compile_repair_output/work/d8aa2ac6a2e0/processing/target/bom.json to /home/srafi/.m2/repository/org/apache/druid/druid-processing/28.0.0-SNAPSHOT/druid-processing-28.0.0-SNAPSHOT-cyclonedx.json
[INFO] 
[INFO] -------< org.apache.druid.extensions:druid-protobuf-extensions >--------
[INFO] Building druid-protobuf-extensions 28.0.0-SNAPSHOT                 [3/3]
[INFO] --------------------------------[ jar ]---------------------------------
[INFO] Downloading from confluent: https://packages.confluent.io/maven/com/google/protobuf/protobuf-java-util/3.24.0/protobuf-java-util-3.24.0.pom
[INFO] Downloading from maven.org: https://repo1.maven.org/maven2/com/google/protobuf/protobuf-java-util/3.24.0/protobuf-java-util-3.24.0.pom
[INFO] Downloaded from maven.org: https://repo1.maven.org/maven2/com/google/protobuf/protobuf-java-util/3.24.0/protobuf-java-util-3.24.0.pom (2.5 kB at 63 kB/s)
[INFO] Downloading from confluent: https://packages.confluent.io/maven/io/confluent/kafka-schema-registry-client/6.0.1/kafka-schema-registry-client-6.0.1.pom
[INFO] Downloaded from confluent: https://packages.confluent.io/maven/io/confluent/kafka-schema-registry-client/6.0.1/kafka-schema-registry-client-6.0.1.pom (2.6 kB at 130 kB/s)
[INFO] Downloading from confluent: https://packages.confluent.io/maven/io/confluent/kafka-schema-registry-parent/6.0.1/kafka-schema-registry-parent-6.0.1.pom
[INFO] Downloaded from confluent: https://packages.confluent.io/maven/io/confluent/kafka-schema-registry-parent/6.0.1/kafka-schema-registry-parent-6.0.1.pom (17 kB at 1.1 MB/s)
[INFO] Downloading from confluent: https://packages.confluent.io/maven/io/confluent/rest-utils-parent/6.0.1/rest-utils-parent-6.0.1.pom
[INFO] Downloaded from confluent: https://packages.confluent.io/maven/io/confluent/rest-utils-parent/6.0.1/rest-utils-parent-6.0.1.pom (8.3 kB at 38 kB/s)
[INFO] Downloading from confluent: https://packages.confluent.io/maven/io/confluent/common/6.0.1/common-6.0.1.pom
[INFO] Downloaded from confluent: https://packages.confluent.io/maven/io/confluent/common/6.0.1/common-6.0.1.pom (1.3 kB at 168 kB/s)
[INFO] Downloading from confluent: https://packages.confluent.io/maven/io/confluent/common-parent/6.0.1/common-parent-6.0.1.pom
[INFO] Downloaded from confluent: https://packages.confluent.io/maven/io/confluent/common-parent/6.0.1/common-parent-6.0.1.pom (53 kB at 3.5 MB/s)
[INFO] Downloading from maven.org: https://repo1.maven.org/maven2/org/glassfish/jersey/jersey-bom/2.30/jersey-bom-2.30.pom
[INFO] Downloaded from maven.org: https://repo1.maven.org/maven2/org/glassfish/jersey/jersey-bom/2.30/jersey-bom-2.30.pom (19 kB at 403 kB/s)
[INFO] Downloading from confluent: https://packages.confluent.io/maven/org/apache/kafka/kafka-clients/6.0.1-ccs/kafka-clients-6.0.1-ccs.pom
[INFO] Downloaded from confluent: https://packages.confluent.io/maven/org/apache/kafka/kafka-clients/6.0.1-ccs/kafka-clients-6.0.1-ccs.pom (2.7 kB at 11 kB/s)
[INFO] Downloading from confluent: https://packages.confluent.io/maven/org/apache/avro/avro/1.11.1/avro-1.11.1.pom
[INFO] Downloading from maven.org: https://repo1.maven.org/maven2/org/apache/avro/avro/1.11.1/avro-1.11.1.pom
[INFO] Downloaded from maven.org: https://repo1.maven.org/maven2/org/apache/avro/avro/1.11.1/avro-1.11.1.pom (9.5 kB at 288 kB/s)
[INFO] Downloading from confluent: https://packages.confluent.io/maven/org/apache/avro/avro-parent/1.11.1/avro-parent-1.11.1.pom
[INFO] Downloading from maven.org: https://repo1.maven.org/maven2/org/apache/avro/avro-parent/1.11.1/avro-parent-1.11.1.pom
[INFO] Downloaded from maven.org: https://repo1.maven.org/maven2/org/apache/avro/avro-parent/1.11.1/avro-parent-1.11.1.pom (24 kB at 580 kB/s)
[INFO] Downloading from confluent: https://packages.confluent.io/maven/org/apache/avro/avro-toplevel/1.11.1/avro-toplevel-1.11.1.pom
[INFO] Downloading from maven.org: https://repo1.maven.org/maven2/org/apache/avro/avro-toplevel/1.11.1/avro-toplevel-1.11.1.pom
[INFO] Downloaded from maven.org: https://repo1.maven.org/maven2/org/apache/avro/avro-toplevel/1.11.1/avro-toplevel-1.11.1.pom (25 kB at 615 kB/s)
[INFO] Downloading from confluent: https://packages.confluent.io/maven/io/swagger/swagger-annotations/1.6.2/swagger-annotations-1.6.2.pom
[INFO] Downloading from maven.org: https://repo1.maven.org/maven2/io/swagger/swagger-annotations/1.6.2/swagger-annotations-1.6.2.pom
[INFO] Downloaded from maven.org: https://repo1.maven.org/maven2/io/swagger/swagger-annotations/1.6.2/swagger-annotations-1.6.2.pom (6.2 kB at 93 kB/s)
[INFO] Downloading from confluent: https://packages.confluent.io/maven/io/swagger/swagger-project/1.6.2/swagger-project-1.6.2.pom
[INFO] Downloading from maven.org: https://repo1.maven.org/maven2/io/swagger/swagger-project/1.6.2/swagger-project-1.6.2.pom
[INFO] Downloaded from maven.org: https://repo1.maven.org/maven2/io/swagger/swagger-project/1.6.2/swagger-project-1.6.2.pom (26 kB at 799 kB/s)
[INFO] Downloading from confluent: https://packages.confluent.io/maven/io/confluent/common-utils/6.0.1/common-utils-6.0.1.pom
[INFO] Downloaded from confluent: https://packages.confluent.io/maven/io/confluent/common-utils/6.0.1/common-utils-6.0.1.pom (1.4 kB at 48 kB/s)
[INFO] Downloading from confluent: https://packages.confluent.io/maven/io/confluent/kafka-protobuf-provider/6.0.1/kafka-protobuf-provider-6.0.1.pom
[INFO] Downloaded from confluent: https://packages.confluent.io/maven/io/confluent/kafka-protobuf-provider/6.0.1/kafka-protobuf-provider-6.0.1.pom (2.3 kB at 10 kB/s)
[INFO] Downloading from confluent: https://packages.confluent.io/maven/com/squareup/wire/wire-schema/3.2.2/wire-schema-3.2.2.pom
[INFO] Downloading from maven.org: https://repo1.maven.org/maven2/com/squareup/wire/wire-schema/3.2.2/wire-schema-3.2.2.pom
[INFO] Downloaded from maven.org: https://repo1.maven.org/maven2/com/squareup/wire/wire-schema/3.2.2/wire-schema-3.2.2.pom (2.4 kB at 62 kB/s)
[INFO] Downloading from confluent: https://packages.confluent.io/maven/org/jetbrains/kotlin/kotlin-stdlib-jdk8/1.3.71/kotlin-stdlib-jdk8-1.3.71.pom
[INFO] Downloading from maven.org: https://repo1.maven.org/maven2/org/jetbrains/kotlin/kotlin-stdlib-jdk8/1.3.71/kotlin-stdlib-jdk8-1.3.71.pom
[INFO] Downloaded from maven.org: https://repo1.maven.org/maven2/org/jetbrains/kotlin/kotlin-stdlib-jdk8/1.3.71/kotlin-stdlib-jdk8-1.3.71.pom (1.8 kB at 42 kB/s)
[INFO] Downloading from confluent: https://packages.confluent.io/maven/org/jetbrains/kotlin/kotlin-stdlib-jdk7/1.3.71/kotlin-stdlib-jdk7-1.3.71.pom
[INFO] Downloading from maven.org: https://repo1.maven.org/maven2/org/jetbrains/kotlin/kotlin-stdlib-jdk7/1.3.71/kotlin-stdlib-jdk7-1.3.71.pom
[INFO] Downloaded from maven.org: https://repo1.maven.org/maven2/org/jetbrains/kotlin/kotlin-stdlib-jdk7/1.3.71/kotlin-stdlib-jdk7-1.3.71.pom (1.6 kB at 44 kB/s)
[INFO] Downloading from confluent: https://packages.confluent.io/maven/org/jetbrains/kotlin/kotlin-stdlib-common/1.3.71/kotlin-stdlib-common-1.3.71.pom
[INFO] Downloading from maven.org: https://repo1.maven.org/maven2/org/jetbrains/kotlin/kotlin-stdlib-common/1.3.71/kotlin-stdlib-common-1.3.71.pom
[INFO] Downloaded from maven.org: https://repo1.maven.org/maven2/org/jetbrains/kotlin/kotlin-stdlib-common/1.3.71/kotlin-stdlib-common-1.3.71.pom (1.6 kB at 42 kB/s)
[INFO] Downloading from confluent: https://packages.confluent.io/maven/com/squareup/wire/wire-runtime/3.2.2/wire-runtime-3.2.2.pom
[INFO] Downloading from maven.org: https://repo1.maven.org/maven2/com/squareup/wire/wire-runtime/3.2.2/wire-runtime-3.2.2.pom
[INFO] Downloaded from maven.org: https://repo1.maven.org/maven2/com/squareup/wire/wire-runtime/3.2.2/wire-runtime-3.2.2.pom (2.1 kB at 47 kB/s)
[INFO] Downloading from confluent: https://packages.confluent.io/maven/com/squareup/okio/okio/2.5.0/okio-2.5.0.pom
[INFO] Downloading from maven.org: https://repo1.maven.org/maven2/com/squareup/okio/okio/2.5.0/okio-2.5.0.pom
[INFO] Downloaded from maven.org: https://repo1.maven.org/maven2/com/squareup/okio/okio/2.5.0/okio-2.5.0.pom (1.8 kB at 44 kB/s)
[INFO] Downloading from confluent: https://packages.confluent.io/maven/org/glassfish/jersey/core/jersey-common/2.30/jersey-common-2.30.pom
[INFO] Downloading from maven.org: https://repo1.maven.org/maven2/org/glassfish/jersey/core/jersey-common/2.30/jersey-common-2.30.pom
[INFO] Downloaded from maven.org: https://repo1.maven.org/maven2/org/glassfish/jersey/core/jersey-common/2.30/jersey-common-2.30.pom (34 kB at 810 kB/s)
[INFO] Downloading from confluent: https://packages.confluent.io/maven/org/glassfish/jersey/project/2.30/project-2.30.pom
[INFO] Downloading from maven.org: https://repo1.maven.org/maven2/org/glassfish/jersey/project/2.30/project-2.30.pom
[INFO] Downloaded from maven.org: https://repo1.maven.org/maven2/org/glassfish/jersey/project/2.30/project-2.30.pom (97 kB at 2.6 MB/s)
[INFO] Downloading from confluent: https://packages.confluent.io/maven/com/github/os72/protobuf-dynamic/0.9.3/protobuf-dynamic-0.9.3.pom
[INFO] Downloading from maven.org: https://repo1.maven.org/maven2/com/github/os72/protobuf-dynamic/0.9.3/protobuf-dynamic-0.9.3.pom
[INFO] Downloaded from maven.org: https://repo1.maven.org/maven2/com/github/os72/protobuf-dynamic/0.9.3/protobuf-dynamic-0.9.3.pom (3.5 kB at 107 kB/s)
[INFO] Downloading from confluent: https://packages.confluent.io/maven/com/google/protobuf/protobuf-java-util/3.24.0/protobuf-java-util-3.24.0.jar
[INFO] Downloading from confluent: https://packages.confluent.io/maven/io/confluent/kafka-schema-registry-client/6.0.1/kafka-schema-registry-client-6.0.1.jar
[INFO] Downloading from confluent: https://packages.confluent.io/maven/org/apache/avro/avro/1.11.1/avro-1.11.1.jar
[INFO] Downloading from confluent: https://packages.confluent.io/maven/org/apache/kafka/kafka-clients/6.0.1-ccs/kafka-clients-6.0.1-ccs.jar
[INFO] Downloading from confluent: https://packages.confluent.io/maven/io/swagger/swagger-annotations/1.6.2/swagger-annotations-1.6.2.jar
[INFO] Downloaded from confluent: https://packages.confluent.io/maven/io/confluent/kafka-schema-registry-client/6.0.1/kafka-schema-registry-client-6.0.1.jar (110 kB at 3.3 MB/s)
[INFO] Downloading from confluent: https://packages.confluent.io/maven/io/confluent/common-utils/6.0.1/common-utils-6.0.1.jar
[INFO] Downloaded from confluent: https://packages.confluent.io/maven/org/apache/kafka/kafka-clients/6.0.1-ccs/kafka-clients-6.0.1-ccs.jar (3.5 MB at 31 MB/s)
[INFO] Downloading from confluent: https://packages.confluent.io/maven/io/confluent/kafka-protobuf-provider/6.0.1/kafka-protobuf-provider-6.0.1.jar
[INFO] Downloading from confluent: https://packages.confluent.io/maven/com/squareup/wire/wire-schema/3.2.2/wire-schema-3.2.2.jar
[INFO] Downloading from confluent: https://packages.confluent.io/maven/org/jetbrains/kotlin/kotlin-stdlib-jdk8/1.3.71/kotlin-stdlib-jdk8-1.3.71.jar
[INFO] Downloading from confluent: https://packages.confluent.io/maven/org/jetbrains/kotlin/kotlin-stdlib-jdk7/1.3.71/kotlin-stdlib-jdk7-1.3.71.jar
[INFO] Downloaded from confluent: https://packages.confluent.io/maven/io/confluent/common-utils/6.0.1/common-utils-6.0.1.jar (17 kB at 57 kB/s)
[INFO] Downloading from confluent: https://packages.confluent.io/maven/org/jetbrains/kotlin/kotlin-stdlib-common/1.3.71/kotlin-stdlib-common-1.3.71.jar
[INFO] Downloaded from confluent: https://packages.confluent.io/maven/io/confluent/kafka-protobuf-provider/6.0.1/kafka-protobuf-provider-6.0.1.jar (68 kB at 190 kB/s)
[INFO] Downloading from confluent: https://packages.confluent.io/maven/com/squareup/wire/wire-runtime/3.2.2/wire-runtime-3.2.2.jar
[INFO] Downloading from confluent: https://packages.confluent.io/maven/com/squareup/okio/okio/2.5.0/okio-2.5.0.jar
[INFO] Downloading from confluent: https://packages.confluent.io/maven/org/jetbrains/kotlin/kotlin-stdlib/1.4.0/kotlin-stdlib-1.4.0.jar
[INFO] Downloading from confluent: https://packages.confluent.io/maven/com/github/os72/protobuf-dynamic/0.9.3/protobuf-dynamic-0.9.3.jar
[INFO] Downloading from maven.org: https://repo1.maven.org/maven2/com/google/protobuf/protobuf-java-util/3.24.0/protobuf-java-util-3.24.0.jar
[INFO] Downloading from maven.org: https://repo1.maven.org/maven2/org/apache/avro/avro/1.11.1/avro-1.11.1.jar
[INFO] Downloading from maven.org: https://repo1.maven.org/maven2/com/squareup/wire/wire-schema/3.2.2/wire-schema-3.2.2.jar
[INFO] Downloading from maven.org: https://repo1.maven.org/maven2/org/jetbrains/kotlin/kotlin-stdlib-jdk8/1.3.71/kotlin-stdlib-jdk8-1.3.71.jar
[INFO] Downloading from maven.org: https://repo1.maven.org/maven2/io/swagger/swagger-annotations/1.6.2/swagger-annotations-1.6.2.jar
[INFO] Downloaded from maven.org: https://repo1.maven.org/maven2/com/google/protobuf/protobuf-java-util/3.24.0/protobuf-java-util-3.24.0.jar (73 kB at 2.4 MB/s)
[INFO] Downloading from maven.org: https://repo1.maven.org/maven2/org/jetbrains/kotlin/kotlin-stdlib-jdk7/1.3.71/kotlin-stdlib-jdk7-1.3.71.jar
[INFO] Downloaded from maven.org: https://repo1.maven.org/maven2/org/jetbrains/kotlin/kotlin-stdlib-jdk8/1.3.71/kotlin-stdlib-jdk8-1.3.71.jar (15 kB at 281 kB/s)
[INFO] Downloading from maven.org: https://repo1.maven.org/maven2/org/jetbrains/kotlin/kotlin-stdlib-common/1.3.71/kotlin-stdlib-common-1.3.71.jar
[INFO] Downloaded from maven.org: https://repo1.maven.org/maven2/io/swagger/swagger-annotations/1.6.2/swagger-annotations-1.6.2.jar (22 kB at 363 kB/s)
[INFO] Downloading from maven.org: https://repo1.maven.org/maven2/com/squareup/wire/wire-runtime/3.2.2/wire-runtime-3.2.2.jar
[INFO] Downloaded from maven.org: https://repo1.maven.org/maven2/org/jetbrains/kotlin/kotlin-stdlib-jdk7/1.3.71/kotlin-stdlib-jdk7-1.3.71.jar (3.1 kB at 50 kB/s)
[INFO] Downloading from maven.org: https://repo1.maven.org/maven2/com/squareup/okio/okio/2.5.0/okio-2.5.0.jar
[INFO] Downloaded from maven.org: https://repo1.maven.org/maven2/org/apache/avro/avro/1.11.1/avro-1.11.1.jar (610 kB at 9.5 MB/s)
[INFO] Downloading from maven.org: https://repo1.maven.org/maven2/org/jetbrains/kotlin/kotlin-stdlib/1.4.0/kotlin-stdlib-1.4.0.jar
[INFO] Downloaded from maven.org: https://repo1.maven.org/maven2/com/squareup/wire/wire-schema/3.2.2/wire-schema-3.2.2.jar (288 kB at 3.6 MB/s)
[INFO] Downloading from maven.org: https://repo1.maven.org/maven2/com/github/os72/protobuf-dynamic/0.9.3/protobuf-dynamic-0.9.3.jar
[INFO] Downloaded from maven.org: https://repo1.maven.org/maven2/org/jetbrains/kotlin/kotlin-stdlib-common/1.3.71/kotlin-stdlib-common-1.3.71.jar (180 kB at 1.9 MB/s)
[INFO] Downloaded from maven.org: https://repo1.maven.org/maven2/com/squareup/wire/wire-runtime/3.2.2/wire-runtime-3.2.2.jar (116 kB at 1.2 MB/s)
[INFO] Downloaded from maven.org: https://repo1.maven.org/maven2/com/squareup/okio/okio/2.5.0/okio-2.5.0.jar (243 kB at 2.5 MB/s)
[INFO] Downloaded from maven.org: https://repo1.maven.org/maven2/com/github/os72/protobuf-dynamic/0.9.3/protobuf-dynamic-0.9.3.jar (15 kB at 117 kB/s)
[INFO] Downloaded from maven.org: https://repo1.maven.org/maven2/org/jetbrains/kotlin/kotlin-stdlib/1.4.0/kotlin-stdlib-1.4.0.jar (1.5 MB at 11 MB/s)
[INFO] 
[INFO] --- maven-clean-plugin:2.5:clean (default-clean) @ druid-protobuf-extensions ---
[INFO] 
[INFO] --- maven-checkstyle-plugin:3.0.0:check (validate) @ druid-protobuf-extensions ---
[INFO] 
[INFO] >>> maven-pmd-plugin:3.16.0:check (validate) > :pmd @ druid-protobuf-extensions >>>
[INFO] 
[INFO] --- maven-pmd-plugin:3.16.0:pmd (pmd) @ druid-protobuf-extensions ---
[INFO] PMD version: 6.42.0
[INFO] 
[INFO] <<< maven-pmd-plugin:3.16.0:check (validate) < :pmd @ druid-protobuf-extensions <<<
[INFO] 
[INFO] 
[INFO] --- maven-pmd-plugin:3.16.0:check (validate) @ druid-protobuf-extensions ---
[INFO] PMD version: 6.42.0
[INFO] 
[INFO] 
[INFO] --- git-commit-id-plugin:4.9.10:revision (default) @ druid-protobuf-extensions ---
[INFO] 
[INFO] --- maven-remote-resources-plugin:1.7.0:process (process-resource-bundles) @ druid-protobuf-extensions ---
[INFO] Preparing remote bundle org.apache.apache.resources:apache-jar-resource-bundle:1.5
[INFO] Copying 3 resources from 1 bundle.
[INFO] 
[INFO] --- maven-resources-plugin:3.2.0:resources (default-resources) @ druid-protobuf-extensions ---
[INFO] Using 'UTF-8' encoding to copy filtered resources.
[INFO] Using 'UTF-8' encoding to copy filtered properties files.
[INFO] Copying 1 resource
[INFO] Copying 3 resources
[INFO] 
[INFO] --- maven-compiler-plugin:3.11.0:compile (default-compile) @ druid-protobuf-extensions ---
[INFO] Changes detected - recompiling the module! :dependency
[INFO] Compiling 13 source files with javac [debug target 1.8] to target/classes
[INFO] /home/srafi/after-cam-ready/compare_/compile_repair_output/work/d8aa2ac6a2e0/extensions-core/protobuf-extensions/src/main/java/org/apache/druid/data/input/protobuf/ProtobufInputRowParser.java: Some input files use or override a deprecated API.
[INFO] /home/srafi/after-cam-ready/compare_/compile_repair_output/work/d8aa2ac6a2e0/extensions-core/protobuf-extensions/src/main/java/org/apache/druid/data/input/protobuf/ProtobufInputRowParser.java: Recompile with -Xlint:deprecation for details.
[INFO] 
[INFO] --- forbiddenapis:3.2:check (compile) @ druid-protobuf-extensions ---
[INFO] Scanning for classes to check...
[INFO] Reading bundled API signatures: jdk-unsafe-1.8
[INFO] Reading bundled API signatures: jdk-system-out
[INFO] Reading API signatures: /home/srafi/after-cam-ready/compare_/compile_repair_output/work/d8aa2ac6a2e0/codestyle/joda-time-forbidden-apis.txt
[INFO] Reading API signatures: /home/srafi/after-cam-ready/compare_/compile_repair_output/work/d8aa2ac6a2e0/codestyle/druid-forbidden-apis.txt
[INFO] Loading classes to check...
[INFO] Scanning classes for violations...
[INFO] Scanned 16 class file(s) for forbidden API invocations (in 0.03s), 0 error(s).
[INFO] 
[INFO] --- maven-resources-plugin:3.2.0:testResources (default-testResources) @ druid-protobuf-extensions ---
[INFO] Using 'UTF-8' encoding to copy filtered resources.
[INFO] Using 'UTF-8' encoding to copy filtered properties files.
[INFO] Copying 2 resources
[INFO] Copying 3 resources
[INFO] 
[INFO] --- maven-compiler-plugin:3.11.0:testCompile (default-testCompile) @ druid-protobuf-extensions ---
[INFO] Changes detected - recompiling the module! :dependency
[INFO] Compiling 7 source files with javac [debug target 1.8] to target/test-classes
[INFO] /home/srafi/after-cam-ready/compare_/compile_repair_output/work/d8aa2ac6a2e0/extensions-core/protobuf-extensions/src/test/java/org/apache/druid/data/input/protobuf/ProtobufInputRowParserTest.java: Some input files use or override a deprecated API.
[INFO] /home/srafi/after-cam-ready/compare_/compile_repair_output/work/d8aa2ac6a2e0/extensions-core/protobuf-extensions/src/test/java/org/apache/druid/data/input/protobuf/ProtobufInputRowParserTest.java: Recompile with -Xlint:deprecation for details.
[INFO] 
[INFO] --- forbiddenapis:3.2:testCheck (testCompile) @ druid-protobuf-extensions ---
[INFO] Scanning for classes to check...
[INFO] Reading bundled API signatures: jdk-unsafe-1.8
[INFO] Reading API signatures: /home/srafi/after-cam-ready/compare_/compile_repair_output/work/d8aa2ac6a2e0/codestyle/joda-time-forbidden-apis.txt
[INFO] Reading API signatures: /home/srafi/after-cam-ready/compare_/compile_repair_output/work/d8aa2ac6a2e0/codestyle/druid-forbidden-apis.txt
[INFO] Loading classes to check...
[INFO] Scanning classes for violations...
[INFO] Scanned 18 class file(s) for forbidden API invocations (in 0.04s), 0 error(s).
[INFO] 
[INFO] --- maven-surefire-plugin:3.0.0-M8-SNAPSHOT:test (default-test) @ druid-protobuf-extensions ---
[INFO] Tests are skipped.
[INFO] 
[INFO] --- animal-sniffer-maven-plugin:1.17:check (check-java-api) @ druid-protobuf-extensions ---
[INFO] Signature checking is skipped.
[INFO] 
[INFO] --- maven-jar-plugin:3.2.2:jar (default-jar) @ druid-protobuf-extensions ---
[INFO] Building jar: /home/srafi/after-cam-ready/compare_/compile_repair_output/work/d8aa2ac6a2e0/extensions-core/protobuf-extensions/target/druid-protobuf-extensions-28.0.0-SNAPSHOT.jar
[INFO] 
[INFO] --- maven-site-plugin:3.11.0:attach-descriptor (attach-descriptor) @ druid-protobuf-extensions ---
[INFO] Skipping because packaging 'jar' is not pom.
[INFO] 
[INFO] --- cyclonedx-maven-plugin:2.7.9:makeBom (default) @ druid-protobuf-extensions ---
[INFO] CycloneDX: Resolving Dependencies
[INFO] CycloneDX: Creating BOM version 1.4 with 121 component(s)
[INFO] CycloneDX: Writing and validating BOM (XML): /home/srafi/after-cam-ready/compare_/compile_repair_output/work/d8aa2ac6a2e0/extensions-core/protobuf-extensions/target/bom.xml
[INFO]            attaching as druid-protobuf-extensions-28.0.0-SNAPSHOT-cyclonedx.xml
[INFO] CycloneDX: Writing and validating BOM (JSON): /home/srafi/after-cam-ready/compare_/compile_repair_output/work/d8aa2ac6a2e0/extensions-core/protobuf-extensions/target/bom.json
[INFO]            attaching as druid-protobuf-extensions-28.0.0-SNAPSHOT-cyclonedx.json
[INFO] 
[INFO] --- maven-shade-plugin:3.2.1:shade (default) @ druid-protobuf-extensions ---
[INFO] Including org.apache.commons:commons-compress:jar:1.23.0 in the shaded jar.
[INFO] Including com.google.errorprone:error_prone_annotations:jar:2.20.0 in the shaded jar.
[INFO] Including org.slf4j:slf4j-api:jar:1.7.36 in the shaded jar.
[INFO] Including org.lz4:lz4-java:jar:1.8.0 in the shaded jar.
[INFO] Including com.github.luben:zstd-jni:jar:1.5.2-3 in the shaded jar.
[INFO] Including com.google.protobuf:protobuf-java:jar:3.24.0 in the shaded jar.
[INFO] Including com.google.protobuf:protobuf-java-util:jar:3.24.0 in the shaded jar.
[INFO] Including com.google.code.gson:gson:jar:2.8.9 in the shaded jar.
[INFO] Including com.google.j2objc:j2objc-annotations:jar:2.8 in the shaded jar.
[INFO] Including io.confluent:kafka-schema-registry-client:jar:6.0.1 in the shaded jar.
[INFO] Including org.apache.kafka:kafka-clients:jar:6.0.1-ccs in the shaded jar.
[INFO] Including org.xerial.snappy:snappy-java:jar:1.1.10.3 in the shaded jar.
[INFO] Including org.apache.avro:avro:jar:1.11.1 in the shaded jar.
[INFO] Including io.swagger:swagger-annotations:jar:1.6.2 in the shaded jar.
[INFO] Including io.confluent:common-utils:jar:6.0.1 in the shaded jar.
[INFO] Including com.github.os72:protobuf-dynamic:jar:0.9.3 in the shaded jar.
[WARNING] Discovered module-info.class. Shading will break its strong encapsulation.
[INFO] Replacing original artifact with shaded artifact.
[INFO] Replacing /home/srafi/after-cam-ready/compare_/compile_repair_output/work/d8aa2ac6a2e0/extensions-core/protobuf-extensions/target/druid-protobuf-extensions-28.0.0-SNAPSHOT.jar with /home/srafi/after-cam-ready/compare_/compile_repair_output/work/d8aa2ac6a2e0/extensions-core/protobuf-extensions/target/druid-protobuf-extensions-28.0.0-SNAPSHOT-shaded.jar
[INFO] Dependency-reduced POM written at: /home/srafi/after-cam-ready/compare_/compile_repair_output/work/d8aa2ac6a2e0/extensions-core/protobuf-extensions/dependency-reduced-pom.xml
[INFO] Downloading from confluent: https://packages.confluent.io/maven/org/glassfish/jersey/core/jersey-common/2.30/jersey-common-2.30.jar
[INFO] Downloading from maven.org: https://repo1.maven.org/maven2/org/glassfish/jersey/core/jersey-common/2.30/jersey-common-2.30.jar
[INFO] Downloaded from maven.org: https://repo1.maven.org/maven2/org/glassfish/jersey/core/jersey-common/2.30/jersey-common-2.30.jar (1.2 MB at 8.8 MB/s)
[INFO] 
[INFO] --- maven-install-plugin:2.3.1:install (default) @ druid-protobuf-extensions ---
[INFO] Installing /home/srafi/after-cam-ready/compare_/compile_repair_output/work/d8aa2ac6a2e0/extensions-core/protobuf-extensions/target/druid-protobuf-extensions-28.0.0-SNAPSHOT.jar to /home/srafi/.m2/repository/org/apache/druid/extensions/druid-protobuf-extensions/28.0.0-SNAPSHOT/druid-protobuf-extensions-28.0.0-SNAPSHOT.jar
[INFO] Installing /home/srafi/after-cam-ready/compare_/compile_repair_output/work/d8aa2ac6a2e0/extensions-core/protobuf-extensions/dependency-reduced-pom.xml to /home/srafi/.m2/repository/org/apache/druid/extensions/druid-protobuf-extensions/28.0.0-SNAPSHOT/druid-protobuf-extensions-28.0.0-SNAPSHOT.pom
[INFO] Installing /home/srafi/after-cam-ready/compare_/compile_repair_output/work/d8aa2ac6a2e0/extensions-core/protobuf-extensions/target/bom.xml to /home/srafi/.m2/repository/org/apache/druid/extensions/druid-protobuf-extensions/28.0.0-SNAPSHOT/druid-protobuf-extensions-28.0.0-SNAPSHOT-cyclonedx.xml
[INFO] Installing /home/srafi/after-cam-ready/compare_/compile_repair_output/work/d8aa2ac6a2e0/extensions-core/protobuf-extensions/target/bom.json to /home/srafi/.m2/repository/org/apache/druid/extensions/druid-protobuf-extensions/28.0.0-SNAPSHOT/druid-protobuf-extensions-28.0.0-SNAPSHOT-cyclonedx.json
[INFO] 
[INFO] --- maven-install-plugin:2.3.1:install (default-install) @ druid-protobuf-extensions ---
[INFO] Installing /home/srafi/after-cam-ready/compare_/compile_repair_output/work/d8aa2ac6a2e0/extensions-core/protobuf-extensions/target/druid-protobuf-extensions-28.0.0-SNAPSHOT.jar to /home/srafi/.m2/repository/org/apache/druid/extensions/druid-protobuf-extensions/28.0.0-SNAPSHOT/druid-protobuf-extensions-28.0.0-SNAPSHOT.jar
[INFO] Installing /home/srafi/after-cam-ready/compare_/compile_repair_output/work/d8aa2ac6a2e0/extensions-core/protobuf-extensions/dependency-reduced-pom.xml to /home/srafi/.m2/repository/org/apache/druid/extensions/druid-protobuf-extensions/28.0.0-SNAPSHOT/druid-protobuf-extensions-28.0.0-SNAPSHOT.pom
[INFO] Installing /home/srafi/after-cam-ready/compare_/compile_repair_output/work/d8aa2ac6a2e0/extensions-core/protobuf-extensions/target/bom.xml to /home/srafi/.m2/repository/org/apache/druid/extensions/druid-protobuf-extensions/28.0.0-SNAPSHOT/druid-protobuf-extensions-28.0.0-SNAPSHOT-cyclonedx.xml
[INFO] Installing /home/srafi/after-cam-ready/compare_/compile_repair_output/work/d8aa2ac6a2e0/extensions-core/protobuf-extensions/target/bom.json to /home/srafi/.m2/repository/org/apache/druid/extensions/druid-protobuf-extensions/28.0.0-SNAPSHOT/druid-protobuf-extensions-28.0.0-SNAPSHOT-cyclonedx.json
[INFO] ------------------------------------------------------------------------
[INFO] Reactor Summary for Druid 28.0.0-SNAPSHOT:
[INFO] 
[INFO] Druid .............................................. SUCCESS [  2.325 s]
[INFO] druid-processing ................................... SUCCESS [ 29.210 s]
[INFO] druid-protobuf-extensions .......................... SUCCESS [ 10.844 s]
[INFO] ------------------------------------------------------------------------
[INFO] BUILD SUCCESS
[INFO] ------------------------------------------------------------------------
[INFO] Total time:  42.691 s
[INFO] Finished at: 2026-08-15T14:23:54-04:00
[INFO] ------------------------------------------------------------------------
