JAVA_HOME=/usr/lib/jvm/java-8-openjdk-amd64
COMMAND=mvn -B clean install -DskipTests -U -pl pinot-core -am -Ddependency-check.skip=true -Dgpg.skip=true -DfailIfNoTests=false -Dskip.installnodenpm=true -Dskip.npm=true -Dskip.yarn=true -Dlicense.skip=true -Dcheckstyle.skip=true -Drat.skip=true -Denforcer.skip=true -Danimal.sniffer.skip=true -Dmaven.javadoc.skip=true -Dfindbugs.skip=true -Dspotbugs.skip=true -Dwarbucks.skip=true -Dmodernizer.skip=true -Dimpsort.skip=true -Dmdep.analyze.skip=true -Dpgpverify.skip=true -Dxml.skip=true -Dcobertura.skip=true

[INFO] Scanning for projects...
Warning: KebabPizza disabling incompatible org.jacoco:jacoco-maven-plugin from pinot
Warning: KebabPizza disabling incompatible com.mycila:license-maven-plugin from pinot
Warning: KebabPizza disabling incompatible org.apache.rat:apache-rat-plugin from pinot
Warning: KebabPizza disabling incompatible org.apache.maven.plugins:maven-enforcer-plugin from pinot
Warning: KebabPizza disabling incompatible org.jacoco:jacoco-maven-plugin from pinot-spi
Warning: KebabPizza disabling incompatible com.mycila:license-maven-plugin from pinot-spi
Warning: KebabPizza disabling incompatible org.apache.rat:apache-rat-plugin from pinot-spi
Warning: KebabPizza disabling incompatible org.apache.maven.plugins:maven-enforcer-plugin from pinot-spi
Warning: KebabPizza disabling incompatible org.jacoco:jacoco-maven-plugin from pinot-segment-spi
Warning: KebabPizza disabling incompatible com.mycila:license-maven-plugin from pinot-segment-spi
Warning: KebabPizza disabling incompatible org.apache.rat:apache-rat-plugin from pinot-segment-spi
Warning: KebabPizza disabling incompatible org.apache.maven.plugins:maven-enforcer-plugin from pinot-segment-spi
Warning: KebabPizza disabling incompatible org.jacoco:jacoco-maven-plugin from pinot-plugins
Warning: KebabPizza disabling incompatible com.mycila:license-maven-plugin from pinot-plugins
Warning: KebabPizza disabling incompatible org.apache.rat:apache-rat-plugin from pinot-plugins
Warning: KebabPizza disabling incompatible org.apache.maven.plugins:maven-enforcer-plugin from pinot-plugins
Warning: KebabPizza disabling incompatible org.jacoco:jacoco-maven-plugin from pinot-metrics
Warning: KebabPizza disabling incompatible com.mycila:license-maven-plugin from pinot-metrics
Warning: KebabPizza disabling incompatible org.apache.rat:apache-rat-plugin from pinot-metrics
Warning: KebabPizza disabling incompatible org.apache.maven.plugins:maven-enforcer-plugin from pinot-metrics
Warning: KebabPizza disabling incompatible org.jacoco:jacoco-maven-plugin from pinot-yammer
Warning: KebabPizza disabling incompatible com.mycila:license-maven-plugin from pinot-yammer
Warning: KebabPizza disabling incompatible org.apache.rat:apache-rat-plugin from pinot-yammer
Warning: KebabPizza disabling incompatible org.apache.maven.plugins:maven-enforcer-plugin from pinot-yammer
Warning: KebabPizza disabling incompatible org.jacoco:jacoco-maven-plugin from pinot-common
Warning: KebabPizza disabling incompatible com.mycila:license-maven-plugin from pinot-common
Warning: KebabPizza disabling incompatible org.apache.rat:apache-rat-plugin from pinot-common
Warning: KebabPizza disabling incompatible org.apache.maven.plugins:maven-enforcer-plugin from pinot-common
Warning: KebabPizza disabling incompatible org.jacoco:jacoco-maven-plugin from pinot-input-format
Warning: KebabPizza disabling incompatible com.mycila:license-maven-plugin from pinot-input-format
Warning: KebabPizza disabling incompatible org.apache.rat:apache-rat-plugin from pinot-input-format
Warning: KebabPizza disabling incompatible org.apache.maven.plugins:maven-enforcer-plugin from pinot-input-format
Warning: KebabPizza disabling incompatible org.jacoco:jacoco-maven-plugin from pinot-avro-base
Warning: KebabPizza disabling incompatible com.mycila:license-maven-plugin from pinot-avro-base
Warning: KebabPizza disabling incompatible org.apache.rat:apache-rat-plugin from pinot-avro-base
Warning: KebabPizza disabling incompatible org.apache.maven.plugins:maven-enforcer-plugin from pinot-avro-base
Warning: KebabPizza disabling incompatible org.jacoco:jacoco-maven-plugin from pinot-avro
Warning: KebabPizza disabling incompatible com.mycila:license-maven-plugin from pinot-avro
Warning: KebabPizza disabling incompatible org.apache.rat:apache-rat-plugin from pinot-avro
Warning: KebabPizza disabling incompatible org.apache.maven.plugins:maven-enforcer-plugin from pinot-avro
Warning: KebabPizza disabling incompatible org.jacoco:jacoco-maven-plugin from pinot-csv
Warning: KebabPizza disabling incompatible com.mycila:license-maven-plugin from pinot-csv
Warning: KebabPizza disabling incompatible org.apache.rat:apache-rat-plugin from pinot-csv
Warning: KebabPizza disabling incompatible org.apache.maven.plugins:maven-enforcer-plugin from pinot-csv
Warning: KebabPizza disabling incompatible org.jacoco:jacoco-maven-plugin from pinot-json
Warning: KebabPizza disabling incompatible com.mycila:license-maven-plugin from pinot-json
Warning: KebabPizza disabling incompatible org.apache.rat:apache-rat-plugin from pinot-json
Warning: KebabPizza disabling incompatible org.apache.maven.plugins:maven-enforcer-plugin from pinot-json
Warning: KebabPizza disabling incompatible org.jacoco:jacoco-maven-plugin from pinot-segment-local
Warning: KebabPizza disabling incompatible com.mycila:license-maven-plugin from pinot-segment-local
Warning: KebabPizza disabling incompatible org.apache.rat:apache-rat-plugin from pinot-segment-local
Warning: KebabPizza disabling incompatible org.apache.maven.plugins:maven-enforcer-plugin from pinot-segment-local
Warning: KebabPizza disabling incompatible org.jacoco:jacoco-maven-plugin from pinot-core
Warning: KebabPizza disabling incompatible com.mycila:license-maven-plugin from pinot-core
Warning: KebabPizza disabling incompatible org.apache.rat:apache-rat-plugin from pinot-core
Warning: KebabPizza disabling incompatible org.apache.maven.plugins:maven-enforcer-plugin from pinot-core
[INFO] ------------------------------------------------------------------------
[INFO] Detecting the operating system and CPU architecture
[INFO] ------------------------------------------------------------------------
[INFO] os.detected.name: linux
[INFO] os.detected.arch: x86_64
[INFO] os.detected.version: 6.8
[INFO] os.detected.version.major: 6
[INFO] os.detected.version.minor: 8
[INFO] os.detected.release: ubuntu
[INFO] os.detected.release.version: 22.04
[INFO] os.detected.release.like.ubuntu: true
[INFO] os.detected.release.like.debian: true
[INFO] os.detected.classifier: linux-x86_64
[INFO] ------------------------------------------------------------------------
[INFO] Reactor Build Order:
[INFO] 
[INFO] Pinot                                                              [pom]
[INFO] Pinot Service Provider Interface                                   [jar]
[INFO] Pinot Segment Service Provider Interface                           [jar]
[INFO] Pinot Plugins                                                      [pom]
[INFO] Pinot Metrics                                                      [pom]
[INFO] Pinot Yammer Metrics                                               [jar]
[INFO] Pinot Common                                                       [jar]
[INFO] Pinot Input Format                                                 [pom]
[INFO] Pinot Avro Base                                                    [jar]
[INFO] Pinot Avro                                                         [jar]
[INFO] Pinot Csv                                                          [jar]
[INFO] Pinot JSON                                                         [jar]
[INFO] Pinot local segment implementations                                [jar]
[INFO] Pinot Core                                                         [jar]
[INFO] 
[INFO] -----------------------< org.apache.pinot:pinot >-----------------------
[INFO] Building Pinot 0.10.0-SNAPSHOT                                    [1/14]
[INFO] --------------------------------[ pom ]---------------------------------
[INFO] Downloading from central: https://repo.maven.apache.org/maven2/com/diffplug/spotless/spotless-maven-plugin/2.9.0/spotless-maven-plugin-2.9.0.pom
[INFO] Downloaded from central: https://repo.maven.apache.org/maven2/com/diffplug/spotless/spotless-maven-plugin/2.9.0/spotless-maven-plugin-2.9.0.pom (3.2 kB at 12 kB/s)
[INFO] Downloading from central: https://repo.maven.apache.org/maven2/com/diffplug/spotless/spotless-maven-plugin/2.9.0/spotless-maven-plugin-2.9.0.jar
[INFO] Downloaded from central: https://repo.maven.apache.org/maven2/com/diffplug/spotless/spotless-maven-plugin/2.9.0/spotless-maven-plugin-2.9.0.jar (64 kB at 1.6 MB/s)
[INFO] 
[INFO] --- maven-clean-plugin:3.1.0:clean (default-clean) @ pinot ---
[INFO] 
[INFO] --- maven-checkstyle-plugin:3.1.2:check (checkstyle) @ pinot ---
[INFO] 
[INFO] --- buildnumber-maven-plugin:1.3:create (default) @ pinot ---
[INFO] Executing: /bin/sh -c cd /home/srafi/after-cam-ready/compare_/compile_repair_output/work/3508a6e6cad2 && git rev-parse --verify HEAD
[INFO] Working directory: /home/srafi/after-cam-ready/compare_/compile_repair_output/work/3508a6e6cad2
[INFO] Storing buildNumber: 98c536ee80516effc6fe2df642a07c8b05962532 at timestamp: 1786823743524
[WARNING] Cannot get the branch information from the git repository: 
Detecting the current branch failed: fatal: ref HEAD is not a symbolic ref

[INFO] Executing: /bin/sh -c cd /home/srafi/after-cam-ready/compare_/compile_repair_output/work/3508a6e6cad2 && git rev-parse --verify HEAD
[INFO] Working directory: /home/srafi/after-cam-ready/compare_/compile_repair_output/work/3508a6e6cad2
[INFO] Storing buildScmBranch: UNKNOWN
[INFO] 
[INFO] --- maven-remote-resources-plugin:1.6.0:process (process-resource-bundles) @ pinot ---
[INFO] Preparing remote bundle org.apache:apache-jar-resource-bundle:1.4
[INFO] Copying 3 resources from 1 bundle.
[INFO] 
[INFO] --- maven-remote-resources-plugin:1.6.0:process (default) @ pinot ---
[INFO] Preparing remote bundle org.apache:apache-jar-resource-bundle:1.4
[INFO] Copying 3 resources from 1 bundle.
[INFO] 
[INFO] --- maven-site-plugin:3.7.1:attach-descriptor (attach-descriptor) @ pinot ---
[INFO] No site descriptor found: nothing to attach.
[INFO] 
[INFO] --- maven-surefire-plugin:3.0.0-M8-SNAPSHOT:test (integration-tests) @ pinot ---
[INFO] Downloading from apache.snapshots: https://repository.apache.org/snapshots/org/apache/maven/surefire/maven-surefire-common/3.0.0-M8-SNAPSHOT/maven-metadata.xml
[INFO] Downloading from apache.snapshots: https://repository.apache.org/snapshots/org/apache/maven/surefire/surefire-api/3.0.0-M8-SNAPSHOT/maven-metadata.xml
[INFO] Downloading from apache.snapshots: https://repository.apache.org/snapshots/org/apache/maven/surefire/surefire-logger-api/3.0.0-M8-SNAPSHOT/maven-metadata.xml
[INFO] Downloading from apache.snapshots: https://repository.apache.org/snapshots/org/apache/maven/surefire/surefire-shared-utils/3.0.0-M8-SNAPSHOT/maven-metadata.xml
[INFO] Downloading from apache.snapshots: https://repository.apache.org/snapshots/org/apache/maven/surefire/surefire-extensions-api/3.0.0-M8-SNAPSHOT/maven-metadata.xml
[INFO] Downloading from apache.snapshots: https://repository.apache.org/snapshots/org/apache/maven/surefire/surefire-booter/3.0.0-M8-SNAPSHOT/maven-metadata.xml
[INFO] Downloading from apache.snapshots: https://repository.apache.org/snapshots/org/apache/maven/surefire/surefire-extensions-spi/3.0.0-M8-SNAPSHOT/maven-metadata.xml
[INFO] Tests are skipped.
[INFO] 
[INFO] --- spotless-maven-plugin:2.9.0:check (default) @ pinot ---
[INFO] Downloading from central: https://repo.maven.apache.org/maven2/com/diffplug/spotless/spotless-lib/2.13.0/spotless-lib-2.13.0.pom
[INFO] Downloaded from central: https://repo.maven.apache.org/maven2/com/diffplug/spotless/spotless-lib/2.13.0/spotless-lib-2.13.0.pom (1.5 kB at 48 kB/s)
[INFO] Downloading from central: https://repo.maven.apache.org/maven2/com/diffplug/spotless/spotless-lib-extra/2.13.0/spotless-lib-extra-2.13.0.pom
[INFO] Downloaded from central: https://repo.maven.apache.org/maven2/com/diffplug/spotless/spotless-lib-extra/2.13.0/spotless-lib-extra-2.13.0.pom (2.7 kB at 88 kB/s)
[INFO] Downloading from central: https://repo.maven.apache.org/maven2/org/eclipse/jgit/org.eclipse.jgit/5.10.0.202012080955-r/org.eclipse.jgit-5.10.0.202012080955-r.pom
[INFO] Downloaded from central: https://repo.maven.apache.org/maven2/org/eclipse/jgit/org.eclipse.jgit/5.10.0.202012080955-r/org.eclipse.jgit-5.10.0.202012080955-r.pom (7.6 kB at 244 kB/s)
[INFO] Downloading from central: https://repo.maven.apache.org/maven2/org/eclipse/jgit/org.eclipse.jgit-parent/5.10.0.202012080955-r/org.eclipse.jgit-parent-5.10.0.202012080955-r.pom
[INFO] Downloaded from central: https://repo.maven.apache.org/maven2/org/eclipse/jgit/org.eclipse.jgit-parent/5.10.0.202012080955-r/org.eclipse.jgit-parent-5.10.0.202012080955-r.pom (34 kB at 926 kB/s)
[INFO] Downloading from central: https://repo.maven.apache.org/maven2/com/diffplug/spotless/spotless-lib/2.13.0/spotless-lib-2.13.0.jar
[INFO] Downloading from central: https://repo.maven.apache.org/maven2/com/diffplug/spotless/spotless-lib-extra/2.13.0/spotless-lib-extra-2.13.0.jar
[INFO] Downloading from central: https://repo.maven.apache.org/maven2/org/codehaus/groovy/groovy-xml/3.0.7/groovy-xml-3.0.7.jar
[INFO] Downloading from central: https://repo.maven.apache.org/maven2/org/eclipse/jgit/org.eclipse.jgit/5.10.0.202012080955-r/org.eclipse.jgit-5.10.0.202012080955-r.jar
[INFO] Downloading from central: https://repo.maven.apache.org/maven2/org/codehaus/groovy/groovy/3.0.7/groovy-3.0.7.jar
[INFO] Downloaded from central: https://repo.maven.apache.org/maven2/org/codehaus/groovy/groovy-xml/3.0.7/groovy-xml-3.0.7.jar (293 kB at 5.0 MB/s)
[INFO] Downloaded from central: https://repo.maven.apache.org/maven2/com/diffplug/spotless/spotless-lib-extra/2.13.0/spotless-lib-extra-2.13.0.jar (68 kB at 968 kB/s)
[INFO] Downloaded from central: https://repo.maven.apache.org/maven2/com/diffplug/spotless/spotless-lib/2.13.0/spotless-lib-2.13.0.jar (260 kB at 3.6 MB/s)
[INFO] Downloaded from central: https://repo.maven.apache.org/maven2/org/eclipse/jgit/org.eclipse.jgit/5.10.0.202012080955-r/org.eclipse.jgit-5.10.0.202012080955-r.jar (2.9 MB at 23 MB/s)
[INFO] Downloaded from central: https://repo.maven.apache.org/maven2/org/codehaus/groovy/groovy/3.0.7/groovy-3.0.7.jar (7.9 MB at 36 MB/s)
[INFO] 
[INFO] --- maven-install-plugin:2.5.2:install (default-install) @ pinot ---
[INFO] Installing /home/srafi/after-cam-ready/compare_/compile_repair_output/work/3508a6e6cad2/pom.xml to /home/srafi/.m2/repository/org/apache/pinot/pinot/0.10.0-SNAPSHOT/pinot-0.10.0-SNAPSHOT.pom
[INFO] 
[INFO] ---------------------< org.apache.pinot:pinot-spi >---------------------
[INFO] Building Pinot Service Provider Interface 0.10.0-SNAPSHOT         [2/14]
[INFO] --------------------------------[ jar ]---------------------------------
[INFO] Downloading from central: https://repo.maven.apache.org/maven2/org/apache/logging/log4j/log4j-slf4j-impl/2.11.2/log4j-slf4j-impl-2.11.2.pom
[INFO] Downloaded from central: https://repo.maven.apache.org/maven2/org/apache/logging/log4j/log4j-slf4j-impl/2.11.2/log4j-slf4j-impl-2.11.2.pom (10 kB at 299 kB/s)
[INFO] Downloading from central: https://repo.maven.apache.org/maven2/org/apache/logging/log4j/log4j-core/2.11.2/log4j-core-2.11.2.pom
[INFO] Downloaded from central: https://repo.maven.apache.org/maven2/org/apache/logging/log4j/log4j-core/2.11.2/log4j-core-2.11.2.pom (23 kB at 538 kB/s)
[INFO] Downloading from central: https://repo.maven.apache.org/maven2/org/apache/logging/log4j/log4j-1.2-api/2.11.2/log4j-1.2-api-2.11.2.pom
[INFO] Downloaded from central: https://repo.maven.apache.org/maven2/org/apache/logging/log4j/log4j-1.2-api/2.11.2/log4j-1.2-api-2.11.2.pom (7.9 kB at 253 kB/s)
[INFO] Downloading from central: https://repo.maven.apache.org/maven2/org/apache/logging/log4j/log4j-slf4j-impl/2.11.2/log4j-slf4j-impl-2.11.2.jar
[INFO] Downloading from central: https://repo.maven.apache.org/maven2/org/apache/logging/log4j/log4j-core/2.11.2/log4j-core-2.11.2.jar
[INFO] Downloading from central: https://repo.maven.apache.org/maven2/org/apache/logging/log4j/log4j-1.2-api/2.11.2/log4j-1.2-api-2.11.2.jar
[INFO] Downloaded from central: https://repo.maven.apache.org/maven2/org/apache/logging/log4j/log4j-slf4j-impl/2.11.2/log4j-slf4j-impl-2.11.2.jar (23 kB at 726 kB/s)
[INFO] Downloaded from central: https://repo.maven.apache.org/maven2/org/apache/logging/log4j/log4j-1.2-api/2.11.2/log4j-1.2-api-2.11.2.jar (65 kB at 1.6 MB/s)
[INFO] Downloaded from central: https://repo.maven.apache.org/maven2/org/apache/logging/log4j/log4j-core/2.11.2/log4j-core-2.11.2.jar (1.6 MB at 27 MB/s)
[INFO] 
[INFO] --- maven-clean-plugin:3.1.0:clean (default-clean) @ pinot-spi ---
[INFO] 
[INFO] --- maven-checkstyle-plugin:3.1.2:check (checkstyle) @ pinot-spi ---
[INFO] 
[INFO] --- buildnumber-maven-plugin:1.3:create (default) @ pinot-spi ---
[INFO] Executing: /bin/sh -c cd /home/srafi/after-cam-ready/compare_/compile_repair_output/work/3508a6e6cad2/pinot-spi && git rev-parse --verify HEAD
[INFO] Working directory: /home/srafi/after-cam-ready/compare_/compile_repair_output/work/3508a6e6cad2/pinot-spi
[INFO] Storing buildNumber: 98c536ee80516effc6fe2df642a07c8b05962532 at timestamp: 1786823747151
[WARNING] Cannot get the branch information from the git repository: 
Detecting the current branch failed: fatal: ref HEAD is not a symbolic ref

[INFO] Executing: /bin/sh -c cd /home/srafi/after-cam-ready/compare_/compile_repair_output/work/3508a6e6cad2/pinot-spi && git rev-parse --verify HEAD
[INFO] Working directory: /home/srafi/after-cam-ready/compare_/compile_repair_output/work/3508a6e6cad2/pinot-spi
[INFO] Storing buildScmBranch: UNKNOWN
[INFO] 
[INFO] --- maven-remote-resources-plugin:1.6.0:process (process-resource-bundles) @ pinot-spi ---
[INFO] Preparing remote bundle org.apache:apache-jar-resource-bundle:1.4
[INFO] Copying 3 resources from 1 bundle.
[INFO] 
[INFO] --- maven-remote-resources-plugin:1.6.0:process (default) @ pinot-spi ---
[INFO] Preparing remote bundle org.apache:apache-jar-resource-bundle:1.4
[INFO] Copying 3 resources from 1 bundle.
[INFO] 
[INFO] --- maven-resources-plugin:2.6:resources (default-resources) @ pinot-spi ---
[INFO] Using 'UTF-8' encoding to copy filtered resources.
[INFO] skip non existing resourceDirectory /home/srafi/after-cam-ready/compare_/compile_repair_output/work/3508a6e6cad2/pinot-spi/src/main/resources
[INFO] Copying 3 resources
[INFO] Copying 3 resources
[INFO] 
[INFO] --- maven-compiler-plugin:3.8.0:compile (default-compile) @ pinot-spi ---
[INFO] Changes detected - recompiling the module!
[INFO] Compiling 188 source files to /home/srafi/after-cam-ready/compare_/compile_repair_output/work/3508a6e6cad2/pinot-spi/target/classes
[INFO] -------------------------------------------------------------
[ERROR] COMPILATION ERROR : 
[INFO] -------------------------------------------------------------
[ERROR] javac: invalid flag: --release
Usage: javac <options> <source files>
use -help for a list of possible options

[INFO] 1 error
[INFO] -------------------------------------------------------------
[INFO] ------------------------------------------------------------------------
[INFO] Reactor Summary for Pinot 0.10.0-SNAPSHOT:
[INFO] 
[INFO] Pinot .............................................. SUCCESS [  4.207 s]
[INFO] Pinot Service Provider Interface ................... FAILURE [  0.623 s]
[INFO] Pinot Segment Service Provider Interface ........... SKIPPED
[INFO] Pinot Plugins ...................................... SKIPPED
[INFO] Pinot Metrics ...................................... SKIPPED
[INFO] Pinot Yammer Metrics ............................... SKIPPED
[INFO] Pinot Common ....................................... SKIPPED
[INFO] Pinot Input Format ................................. SKIPPED
[INFO] Pinot Avro Base .................................... SKIPPED
[INFO] Pinot Avro ......................................... SKIPPED
[INFO] Pinot Csv .......................................... SKIPPED
[INFO] Pinot JSON ......................................... SKIPPED
[INFO] Pinot local segment implementations ................ SKIPPED
[INFO] Pinot Core ......................................... SKIPPED
[INFO] ------------------------------------------------------------------------
[INFO] BUILD FAILURE
[INFO] ------------------------------------------------------------------------
[INFO] Total time:  5.197 s
[INFO] Finished at: 2026-08-15T15:55:47-04:00
[INFO] ------------------------------------------------------------------------
[ERROR] Failed to execute goal org.apache.maven.plugins:maven-compiler-plugin:3.8.0:compile (default-compile) on project pinot-spi: Compilation failure
[ERROR] javac: invalid flag: --release
[ERROR] Usage: javac <options> <source files>
[ERROR] use -help for a list of possible options
[ERROR] -> [Help 1]
[ERROR] 
[ERROR] To see the full stack trace of the errors, re-run Maven with the -e switch.
[ERROR] Re-run Maven using the -X switch to enable full debug logging.
[ERROR] 
[ERROR] For more information about the errors and possible solutions, please read the following articles:
[ERROR] [Help 1] http://cwiki.apache.org/confluence/display/MAVEN/MojoFailureException
[ERROR] 
[ERROR] After correcting the problems, you can resume the build with the command
[ERROR]   mvn <args> -rf :pinot-spi
