JAVA_HOME=/usr/lib/jvm/java-8-openjdk-amd64
COMMAND=mvn -B clean install -DskipTests -U -pl core -am -Ddependency-check.skip=true -Dgpg.skip=true -DfailIfNoTests=false -Dskip.installnodenpm=true -Dskip.npm=true -Dskip.yarn=true -Dlicense.skip=true -Dcheckstyle.skip=true -Drat.skip=true -Denforcer.skip=true -Danimal.sniffer.skip=true -Dmaven.javadoc.skip=true -Dfindbugs.skip=true -Dspotbugs.skip=true -Dwarbucks.skip=true -Dmodernizer.skip=true -Dimpsort.skip=true -Dmdep.analyze.skip=true -Dpgpverify.skip=true -Dxml.skip=true -Dcobertura.skip=true

[INFO] Scanning for projects...
[INFO] Downloading from central: https://repo.maven.apache.org/maven2/org/apache/maven/archetype/archetype-packaging/2.1/archetype-packaging-2.1.pom
[INFO] Downloaded from central: https://repo.maven.apache.org/maven2/org/apache/maven/archetype/archetype-packaging/2.1/archetype-packaging-2.1.pom (1.5 kB at 7.6 kB/s)
[INFO] Downloading from central: https://repo.maven.apache.org/maven2/org/apache/maven/archetype/maven-archetype/2.1/maven-archetype-2.1.pom
[INFO] Downloaded from central: https://repo.maven.apache.org/maven2/org/apache/maven/archetype/maven-archetype/2.1/maven-archetype-2.1.pom (14 kB at 382 kB/s)
[INFO] Downloading from central: https://repo.maven.apache.org/maven2/org/apache/maven/archetype/archetype-packaging/2.1/archetype-packaging-2.1.jar
[INFO] Downloaded from central: https://repo.maven.apache.org/maven2/org/apache/maven/archetype/archetype-packaging/2.1/archetype-packaging-2.1.jar (7.9 kB at 231 kB/s)
Warning: KebabPizza disabling incompatible org.apache.maven.plugins:maven-enforcer-plugin from cxf
Warning: KebabPizza disabling incompatible org.apache.maven.plugins:maven-enforcer-plugin from cxf-parent
Warning: KebabPizza disabling incompatible org.apache.maven.plugins:maven-enforcer-plugin from cxf-core
[INFO] ------------------------------------------------------------------------
[INFO] Reactor Build Order:
[INFO] 
[INFO] Apache CXF                                                         [pom]
[INFO] Apache CXF Parent                                                  [pom]
[INFO] Apache CXF Core                                                 [bundle]
[INFO] 
[INFO] -------------------------< org.apache.cxf:cxf >-------------------------
[INFO] Building Apache CXF 3.5.0-SNAPSHOT                                 [1/3]
[INFO] --------------------------------[ pom ]---------------------------------
[INFO] 
[INFO] --- maven-clean-plugin:3.1.0:clean (default-clean) @ cxf ---
[INFO] 
[INFO] --- maven-install-plugin:2.5.2:install (default-install) @ cxf ---
[INFO] Installing /home/srafi/after-cam-ready/compare_/compile_repair_output/work/a594eb31af0f/pom.xml to /home/srafi/.m2/repository/org/apache/cxf/cxf/3.5.0-SNAPSHOT/cxf-3.5.0-SNAPSHOT.pom
[INFO] 
[INFO] ---------------------< org.apache.cxf:cxf-parent >----------------------
[INFO] Building Apache CXF Parent 3.5.0-SNAPSHOT                          [2/3]
[INFO] --------------------------------[ pom ]---------------------------------
[INFO] Downloading from central: https://repo.maven.apache.org/maven2/org/apache/cxf/build-utils/cxf-xml2fastinfoset-plugin/3.4.4/cxf-xml2fastinfoset-plugin-3.4.4.pom
[INFO] Downloaded from central: https://repo.maven.apache.org/maven2/org/apache/cxf/build-utils/cxf-xml2fastinfoset-plugin/3.4.4/cxf-xml2fastinfoset-plugin-3.4.4.pom (3.3 kB at 95 kB/s)
[INFO] Downloading from central: https://repo.maven.apache.org/maven2/org/apache/cxf/build-utils/cxf-build-utils/3.4.4/cxf-build-utils-3.4.4.pom
[INFO] Downloaded from central: https://repo.maven.apache.org/maven2/org/apache/cxf/build-utils/cxf-build-utils/3.4.4/cxf-build-utils-3.4.4.pom (11 kB at 236 kB/s)
[INFO] Downloading from central: https://repo.maven.apache.org/maven2/org/apache/cxf/build-utils/cxf-xml2fastinfoset-plugin/3.4.4/cxf-xml2fastinfoset-plugin-3.4.4.jar
[INFO] Downloaded from central: https://repo.maven.apache.org/maven2/org/apache/cxf/build-utils/cxf-xml2fastinfoset-plugin/3.4.4/cxf-xml2fastinfoset-plugin-3.4.4.jar (13 kB at 407 kB/s)
[INFO] 
[INFO] --- maven-clean-plugin:3.1.0:clean (default-clean) @ cxf-parent ---
[INFO] 
[INFO] --- maven-bundle-plugin:5.1.1:cleanVersions (versions) @ cxf-parent ---
[INFO] 
[INFO] --- maven-checkstyle-plugin:3.1.2:checkstyle (validate) @ cxf-parent ---
[INFO] Downloading from central: https://repo.maven.apache.org/maven2/org/apache/cxf/build-utils/cxf-buildtools/3.4.4/cxf-buildtools-3.4.4.pom
[INFO] Downloaded from central: https://repo.maven.apache.org/maven2/org/apache/cxf/build-utils/cxf-buildtools/3.4.4/cxf-buildtools-3.4.4.pom (3.1 kB at 96 kB/s)
[INFO] Downloading from central: https://repo.maven.apache.org/maven2/com/puppycrawl/tools/checkstyle/8.41.1/checkstyle-8.41.1.pom
[INFO] Downloaded from central: https://repo.maven.apache.org/maven2/com/puppycrawl/tools/checkstyle/8.41.1/checkstyle-8.41.1.pom (135 kB at 3.1 MB/s)
[INFO] Downloading from central: https://repo.maven.apache.org/maven2/org/apache/cxf/build-utils/cxf-buildtools/3.4.4/cxf-buildtools-3.4.4.jar
[INFO] Downloading from central: https://repo.maven.apache.org/maven2/com/puppycrawl/tools/checkstyle/8.41.1/checkstyle-8.41.1.jar
[INFO] Downloaded from central: https://repo.maven.apache.org/maven2/org/apache/cxf/build-utils/cxf-buildtools/3.4.4/cxf-buildtools-3.4.4.jar (30 kB at 784 kB/s)
[INFO] Downloaded from central: https://repo.maven.apache.org/maven2/com/puppycrawl/tools/checkstyle/8.41.1/checkstyle-8.41.1.jar (1.6 MB at 13 MB/s)
[INFO] 
[INFO] >>> maven-pmd-plugin:3.13.0:check (validate) > :pmd @ cxf-parent >>>
[INFO] 
[INFO] --- maven-pmd-plugin:3.13.0:pmd (pmd) @ cxf-parent ---
[INFO] 
[INFO] <<< maven-pmd-plugin:3.13.0:check (validate) < :pmd @ cxf-parent <<<
[INFO] 
[INFO] 
[INFO] --- maven-pmd-plugin:3.13.0:check (validate) @ cxf-parent ---
[INFO] PMD version: 6.21.0
[INFO] 
[INFO] --- cxf-xml2fastinfoset-plugin:3.4.4:xml2fastinfoset (xml2fastinfoset) @ cxf-parent ---
[INFO] 
[INFO] --- maven-remote-resources-plugin:1.7.0:process (default) @ cxf-parent ---
[INFO] Preparing remote bundle org.apache:apache-jar-resource-bundle:1.4
[INFO] Copying 3 resources from 1 bundle.
[INFO] 
[INFO] --- maven-install-plugin:2.5.2:install (default-install) @ cxf-parent ---
[INFO] Installing /home/srafi/after-cam-ready/compare_/compile_repair_output/work/a594eb31af0f/parent/pom.xml to /home/srafi/.m2/repository/org/apache/cxf/cxf-parent/3.5.0-SNAPSHOT/cxf-parent-3.5.0-SNAPSHOT.pom
[INFO] 
[INFO] ----------------------< org.apache.cxf:cxf-core >-----------------------
[INFO] Building Apache CXF Core 3.5.0-SNAPSHOT                            [3/3]
[INFO] -------------------------------[ bundle ]-------------------------------
[INFO] Downloading from central: https://repo.maven.apache.org/maven2/org/apache/cxf/cxf-xjc-plugin/3.3.1/cxf-xjc-plugin-3.3.1.pom
[INFO] Downloaded from central: https://repo.maven.apache.org/maven2/org/apache/cxf/cxf-xjc-plugin/3.3.1/cxf-xjc-plugin-3.3.1.pom (6.0 kB at 155 kB/s)
[INFO] Downloading from central: https://repo.maven.apache.org/maven2/org/apache/cxf/xjc-utils/xjc-utils/3.3.1/xjc-utils-3.3.1.pom
[INFO] Downloaded from central: https://repo.maven.apache.org/maven2/org/apache/cxf/xjc-utils/xjc-utils/3.3.1/xjc-utils-3.3.1.pom (26 kB at 429 kB/s)
[INFO] Downloading from central: https://repo.maven.apache.org/maven2/org/apache/cxf/cxf-xjc-plugin/3.3.1/cxf-xjc-plugin-3.3.1.jar
[INFO] Downloaded from central: https://repo.maven.apache.org/maven2/org/apache/cxf/cxf-xjc-plugin/3.3.1/cxf-xjc-plugin-3.3.1.jar (49 kB at 366 kB/s)
[INFO] Downloading from apache.snapshots: https://repository.apache.org/snapshots/org/apache/maven/plugins/maven-surefire-plugin/3.0.0-M8-SNAPSHOT/maven-metadata.xml
[INFO] Downloading from apache.snapshots: https://repository.apache.org/snapshots/org/apache/maven/surefire/surefire/3.0.0-M8-SNAPSHOT/maven-metadata.xml
[INFO] Downloading from central: https://repo.maven.apache.org/maven2/org/glassfish/jaxb/jaxb-runtime/2.3.4/jaxb-runtime-2.3.4.pom
[INFO] Downloaded from central: https://repo.maven.apache.org/maven2/org/glassfish/jaxb/jaxb-runtime/2.3.4/jaxb-runtime-2.3.4.pom (8.8 kB at 183 kB/s)
[INFO] Downloading from central: https://repo.maven.apache.org/maven2/com/sun/xml/bind/mvn/jaxb-runtime-parent/2.3.4/jaxb-runtime-parent-2.3.4.pom
[INFO] Downloaded from central: https://repo.maven.apache.org/maven2/com/sun/xml/bind/mvn/jaxb-runtime-parent/2.3.4/jaxb-runtime-parent-2.3.4.pom (1.1 kB at 34 kB/s)
[INFO] Downloading from central: https://repo.maven.apache.org/maven2/com/sun/xml/bind/mvn/jaxb-parent/2.3.4/jaxb-parent-2.3.4.pom
[INFO] Downloaded from central: https://repo.maven.apache.org/maven2/com/sun/xml/bind/mvn/jaxb-parent/2.3.4/jaxb-parent-2.3.4.pom (29 kB at 758 kB/s)
[INFO] Downloading from central: https://repo.maven.apache.org/maven2/com/sun/xml/bind/jaxb-bom-ext/2.3.4/jaxb-bom-ext-2.3.4.pom
[INFO] Downloaded from central: https://repo.maven.apache.org/maven2/com/sun/xml/bind/jaxb-bom-ext/2.3.4/jaxb-bom-ext-2.3.4.pom (3.4 kB at 95 kB/s)
[INFO] Downloading from central: https://repo.maven.apache.org/maven2/org/glassfish/jaxb/jaxb-bom/2.3.4/jaxb-bom-2.3.4.pom
[INFO] Downloaded from central: https://repo.maven.apache.org/maven2/org/glassfish/jaxb/jaxb-bom/2.3.4/jaxb-bom-2.3.4.pom (9.6 kB at 291 kB/s)
[INFO] Downloading from central: https://repo.maven.apache.org/maven2/org/glassfish/jaxb/txw2/2.3.4/txw2-2.3.4.pom
[INFO] Downloaded from central: https://repo.maven.apache.org/maven2/org/glassfish/jaxb/txw2/2.3.4/txw2-2.3.4.pom (1.7 kB at 39 kB/s)
[INFO] Downloading from central: https://repo.maven.apache.org/maven2/com/sun/xml/bind/mvn/jaxb-txw-parent/2.3.4/jaxb-txw-parent-2.3.4.pom
[INFO] Downloaded from central: https://repo.maven.apache.org/maven2/com/sun/xml/bind/mvn/jaxb-txw-parent/2.3.4/jaxb-txw-parent-2.3.4.pom (1.7 kB at 53 kB/s)
[INFO] Downloading from central: https://repo.maven.apache.org/maven2/org/slf4j/slf4j-jdk14/1.7.32/slf4j-jdk14-1.7.32.pom
[INFO] Downloaded from central: https://repo.maven.apache.org/maven2/org/slf4j/slf4j-jdk14/1.7.32/slf4j-jdk14-1.7.32.pom (1.0 kB at 29 kB/s)
[INFO] Downloading from central: https://repo.maven.apache.org/maven2/com/fasterxml/woodstox/woodstox-core/6.2.6/woodstox-core-6.2.6.pom
[INFO] Downloaded from central: https://repo.maven.apache.org/maven2/com/fasterxml/woodstox/woodstox-core/6.2.6/woodstox-core-6.2.6.pom (8.3 kB at 236 kB/s)
[INFO] Downloading from central: https://repo.maven.apache.org/maven2/org/apache/aries/blueprint/org.apache.aries.blueprint.core/1.10.3/org.apache.aries.blueprint.core-1.10.3.pom
[INFO] Downloaded from central: https://repo.maven.apache.org/maven2/org/apache/aries/blueprint/org.apache.aries.blueprint.core/1.10.3/org.apache.aries.blueprint.core-1.10.3.pom (13 kB at 328 kB/s)
[INFO] Downloading from central: https://repo.maven.apache.org/maven2/org/apache/aries/blueprint/blueprint-parent/1.0.0/blueprint-parent-1.0.0.pom
[INFO] Downloaded from central: https://repo.maven.apache.org/maven2/org/apache/aries/blueprint/blueprint-parent/1.0.0/blueprint-parent-1.0.0.pom (4.5 kB at 129 kB/s)
[INFO] Downloading from central: https://repo.maven.apache.org/maven2/org/apache/aries/parent/2.0.1/parent-2.0.1.pom
[INFO] Downloaded from central: https://repo.maven.apache.org/maven2/org/apache/aries/parent/2.0.1/parent-2.0.1.pom (35 kB at 1.1 MB/s)
[INFO] Downloading from central: https://repo.maven.apache.org/maven2/org/apache/aries/blueprint/org.apache.aries.blueprint.api/1.0.1/org.apache.aries.blueprint.api-1.0.1.pom
[INFO] Downloaded from central: https://repo.maven.apache.org/maven2/org/apache/aries/blueprint/org.apache.aries.blueprint.api/1.0.1/org.apache.aries.blueprint.api-1.0.1.pom (3.4 kB at 106 kB/s)
[INFO] Downloading from central: https://repo.maven.apache.org/maven2/org/apache/aries/parent/2.0.0/parent-2.0.0.pom
[INFO] Downloaded from central: https://repo.maven.apache.org/maven2/org/apache/aries/parent/2.0.0/parent-2.0.0.pom (35 kB at 1.0 MB/s)
[INFO] Downloading from central: https://repo.maven.apache.org/maven2/org/apache/aries/quiesce/org.apache.aries.quiesce.api/1.0.0/org.apache.aries.quiesce.api-1.0.0.pom
[INFO] Downloaded from central: https://repo.maven.apache.org/maven2/org/apache/aries/quiesce/org.apache.aries.quiesce.api/1.0.0/org.apache.aries.quiesce.api-1.0.0.pom (2.4 kB at 59 kB/s)
[INFO] Downloading from central: https://repo.maven.apache.org/maven2/org/apache/aries/proxy/org.apache.aries.proxy.api/1.1.1/org.apache.aries.proxy.api-1.1.1.pom
[INFO] Downloaded from central: https://repo.maven.apache.org/maven2/org/apache/aries/proxy/org.apache.aries.proxy.api/1.1.1/org.apache.aries.proxy.api-1.1.1.pom (3.2 kB at 88 kB/s)
[INFO] Downloading from central: https://repo.maven.apache.org/maven2/org/apache/aries/parent/2.1.0/parent-2.1.0.pom
[INFO] Downloaded from central: https://repo.maven.apache.org/maven2/org/apache/aries/parent/2.1.0/parent-2.1.0.pom (38 kB at 896 kB/s)
[INFO] Downloading from central: https://repo.maven.apache.org/maven2/org/apache/aries/blueprint/blueprint-parser/1.6.1/blueprint-parser-1.6.1.pom
[INFO] Downloaded from central: https://repo.maven.apache.org/maven2/org/apache/aries/blueprint/blueprint-parser/1.6.1/blueprint-parser-1.6.1.pom (4.3 kB at 111 kB/s)
[INFO] Downloading from central: https://repo.maven.apache.org/maven2/org/apache/ws/xmlschema/xmlschema-core/2.3.0/xmlschema-core-2.3.0.pom
[INFO] Downloaded from central: https://repo.maven.apache.org/maven2/org/apache/ws/xmlschema/xmlschema-core/2.3.0/xmlschema-core-2.3.0.pom (6.9 kB at 149 kB/s)
[INFO] Downloading from central: https://repo.maven.apache.org/maven2/org/apache/ws/xmlschema/xmlschema/2.3.0/xmlschema-2.3.0.pom
[INFO] Downloaded from central: https://repo.maven.apache.org/maven2/org/apache/ws/xmlschema/xmlschema/2.3.0/xmlschema-2.3.0.pom (32 kB at 686 kB/s)
[INFO] Downloading from central: https://repo.maven.apache.org/maven2/com/sun/mail/jakarta.mail/1.6.7/jakarta.mail-1.6.7.pom
[INFO] Downloaded from central: https://repo.maven.apache.org/maven2/com/sun/mail/jakarta.mail/1.6.7/jakarta.mail-1.6.7.pom (5.7 kB at 173 kB/s)
[INFO] Downloading from central: https://repo.maven.apache.org/maven2/com/sun/mail/all/1.6.7/all-1.6.7.pom
[INFO] Downloaded from central: https://repo.maven.apache.org/maven2/com/sun/mail/all/1.6.7/all-1.6.7.pom (24 kB at 670 kB/s)
[INFO] Downloading from central: https://repo.maven.apache.org/maven2/com/sun/xml/fastinfoset/FastInfoset/1.2.18/FastInfoset-1.2.18.pom
[INFO] Downloaded from central: https://repo.maven.apache.org/maven2/com/sun/xml/fastinfoset/FastInfoset/1.2.18/FastInfoset-1.2.18.pom (3.2 kB at 77 kB/s)
[INFO] Downloading from central: https://repo.maven.apache.org/maven2/com/sun/xml/fastinfoset/fastinfoset-project/1.2.18/fastinfoset-project-1.2.18.pom
[INFO] Downloaded from central: https://repo.maven.apache.org/maven2/com/sun/xml/fastinfoset/fastinfoset-project/1.2.18/fastinfoset-project-1.2.18.pom (15 kB at 353 kB/s)
[INFO] Downloading from central: https://repo.maven.apache.org/maven2/net/java/dev/msv/msv-core/2013.6.1/msv-core-2013.6.1.pom
[INFO] Downloaded from central: https://repo.maven.apache.org/maven2/net/java/dev/msv/msv-core/2013.6.1/msv-core-2013.6.1.pom (5.2 kB at 154 kB/s)
[INFO] Downloading from central: https://repo.maven.apache.org/maven2/net/java/dev/msv/msv/2013.6.1/msv-2013.6.1.pom
[INFO] Downloaded from central: https://repo.maven.apache.org/maven2/net/java/dev/msv/msv/2013.6.1/msv-2013.6.1.pom (14 kB at 416 kB/s)
[INFO] Downloading from central: https://repo.maven.apache.org/maven2/net/java/dev/msv/xsdlib/2013.6.1/xsdlib-2013.6.1.pom
[INFO] Downloaded from central: https://repo.maven.apache.org/maven2/net/java/dev/msv/xsdlib/2013.6.1/xsdlib-2013.6.1.pom (5.6 kB at 156 kB/s)
[INFO] Downloading from central: https://repo.maven.apache.org/maven2/com/sun/xml/bind/jaxb/isorelax/20090621/isorelax-20090621.pom
[INFO] Downloaded from central: https://repo.maven.apache.org/maven2/com/sun/xml/bind/jaxb/isorelax/20090621/isorelax-20090621.pom (6.0 kB at 170 kB/s)
[INFO] Downloading from central: https://repo.maven.apache.org/maven2/org/springframework/osgi/spring-osgi-io/1.2.1/spring-osgi-io-1.2.1.pom
[INFO] Downloaded from central: https://repo.maven.apache.org/maven2/org/springframework/osgi/spring-osgi-io/1.2.1/spring-osgi-io-1.2.1.pom (1.4 kB at 39 kB/s)
[INFO] Downloading from central: https://repo.maven.apache.org/maven2/org/springframework/osgi/spring-osgi/1.2.1/spring-osgi-1.2.1.pom
[INFO] Downloaded from central: https://repo.maven.apache.org/maven2/org/springframework/osgi/spring-osgi/1.2.1/spring-osgi-1.2.1.pom (39 kB at 915 kB/s)
[INFO] Downloading from central: https://repo.maven.apache.org/maven2/org/springframework/osgi/spring-osgi-core/1.2.1/spring-osgi-core-1.2.1.pom
[INFO] Downloaded from central: https://repo.maven.apache.org/maven2/org/springframework/osgi/spring-osgi-core/1.2.1/spring-osgi-core-1.2.1.pom (3.9 kB at 103 kB/s)
[INFO] Downloading from central: https://repo.maven.apache.org/maven2/org/glassfish/jaxb/jaxb-runtime/2.3.4/jaxb-runtime-2.3.4.jar
[INFO] Downloading from central: https://repo.maven.apache.org/maven2/org/glassfish/jaxb/txw2/2.3.4/txw2-2.3.4.jar
[INFO] Downloading from central: https://repo.maven.apache.org/maven2/org/slf4j/slf4j-jdk14/1.7.32/slf4j-jdk14-1.7.32.jar
[INFO] Downloading from central: https://repo.maven.apache.org/maven2/com/fasterxml/woodstox/woodstox-core/6.2.6/woodstox-core-6.2.6.jar
[INFO] Downloading from central: https://repo.maven.apache.org/maven2/org/springframework/spring-beans/5.3.13/spring-beans-5.3.13.jar
[INFO] Downloaded from central: https://repo.maven.apache.org/maven2/org/glassfish/jaxb/txw2/2.3.4/txw2-2.3.4.jar (72 kB at 1.9 MB/s)
[INFO] Downloading from central: https://repo.maven.apache.org/maven2/org/springframework/spring-core/5.3.13/spring-core-5.3.13.jar
[INFO] Downloaded from central: https://repo.maven.apache.org/maven2/org/slf4j/slf4j-jdk14/1.7.32/slf4j-jdk14-1.7.32.jar (8.5 kB at 157 kB/s)
[INFO] Downloading from central: https://repo.maven.apache.org/maven2/org/springframework/spring-jcl/5.3.13/spring-jcl-5.3.13.jar
[INFO] Downloaded from central: https://repo.maven.apache.org/maven2/org/glassfish/jaxb/jaxb-runtime/2.3.4/jaxb-runtime-2.3.4.jar (1.0 MB at 17 MB/s)
[INFO] Downloading from central: https://repo.maven.apache.org/maven2/org/springframework/spring-context/5.3.13/spring-context-5.3.13.jar
[INFO] Downloaded from central: https://repo.maven.apache.org/maven2/com/fasterxml/woodstox/woodstox-core/6.2.6/woodstox-core-6.2.6.jar (1.6 MB at 17 MB/s)
[INFO] Downloading from central: https://repo.maven.apache.org/maven2/org/springframework/spring-expression/5.3.13/spring-expression-5.3.13.jar
[INFO] Downloaded from central: https://repo.maven.apache.org/maven2/org/springframework/spring-beans/5.3.13/spring-beans-5.3.13.jar (697 kB at 7.3 MB/s)
[INFO] Downloading from central: https://repo.maven.apache.org/maven2/org/springframework/spring-aop/5.3.13/spring-aop-5.3.13.jar
[INFO] Downloaded from central: https://repo.maven.apache.org/maven2/org/springframework/spring-core/5.3.13/spring-core-5.3.13.jar (1.5 MB at 14 MB/s)
[INFO] Downloading from central: https://repo.maven.apache.org/maven2/org/apache/aries/blueprint/org.apache.aries.blueprint.core/1.10.3/org.apache.aries.blueprint.core-1.10.3.jar
[INFO] Downloaded from central: https://repo.maven.apache.org/maven2/org/springframework/spring-jcl/5.3.13/spring-jcl-5.3.13.jar (24 kB at 222 kB/s)
[INFO] Downloading from central: https://repo.maven.apache.org/maven2/org/apache/aries/blueprint/org.apache.aries.blueprint.api/1.0.1/org.apache.aries.blueprint.api-1.0.1.jar
[INFO] Downloaded from central: https://repo.maven.apache.org/maven2/org/springframework/spring-context/5.3.13/spring-context-5.3.13.jar (1.3 MB at 11 MB/s)
[INFO] Downloading from central: https://repo.maven.apache.org/maven2/org/apache/aries/quiesce/org.apache.aries.quiesce.api/1.0.0/org.apache.aries.quiesce.api-1.0.0.jar
[INFO] Downloaded from central: https://repo.maven.apache.org/maven2/org/springframework/spring-aop/5.3.13/spring-aop-5.3.13.jar (383 kB at 2.9 MB/s)
[INFO] Downloading from central: https://repo.maven.apache.org/maven2/org/apache/aries/proxy/org.apache.aries.proxy.api/1.1.1/org.apache.aries.proxy.api-1.1.1.jar
[INFO] Downloaded from central: https://repo.maven.apache.org/maven2/org/springframework/spring-expression/5.3.13/spring-expression-5.3.13.jar (289 kB at 2.0 MB/s)
[INFO] Downloading from central: https://repo.maven.apache.org/maven2/org/apache/aries/blueprint/blueprint-parser/1.6.1/blueprint-parser-1.6.1.jar
[INFO] Downloaded from central: https://repo.maven.apache.org/maven2/org/apache/aries/quiesce/org.apache.aries.quiesce.api/1.0.0/org.apache.aries.quiesce.api-1.0.0.jar (11 kB at 72 kB/s)
[INFO] Downloading from central: https://repo.maven.apache.org/maven2/org/apache/ws/xmlschema/xmlschema-core/2.3.0/xmlschema-core-2.3.0.jar
[INFO] Downloaded from central: https://repo.maven.apache.org/maven2/org/apache/aries/blueprint/org.apache.aries.blueprint.core/1.10.3/org.apache.aries.blueprint.core-1.10.3.jar (547 kB at 3.6 MB/s)
[INFO] Downloading from central: https://repo.maven.apache.org/maven2/com/sun/mail/jakarta.mail/1.6.7/jakarta.mail-1.6.7.jar
[INFO] Downloaded from central: https://repo.maven.apache.org/maven2/org/apache/aries/proxy/org.apache.aries.proxy.api/1.1.1/org.apache.aries.proxy.api-1.1.1.jar (14 kB at 84 kB/s)
[INFO] Downloading from central: https://repo.maven.apache.org/maven2/com/sun/xml/fastinfoset/FastInfoset/1.2.18/FastInfoset-1.2.18.jar
[INFO] Downloaded from central: https://repo.maven.apache.org/maven2/org/apache/aries/blueprint/org.apache.aries.blueprint.api/1.0.1/org.apache.aries.blueprint.api-1.0.1.jar (34 kB at 199 kB/s)
[INFO] Downloading from central: https://repo.maven.apache.org/maven2/net/java/dev/msv/msv-core/2013.6.1/msv-core-2013.6.1.jar
[INFO] Downloaded from central: https://repo.maven.apache.org/maven2/org/apache/aries/blueprint/blueprint-parser/1.6.1/blueprint-parser-1.6.1.jar (83 kB at 460 kB/s)
[INFO] Downloading from central: https://repo.maven.apache.org/maven2/net/java/dev/msv/xsdlib/2013.6.1/xsdlib-2013.6.1.jar
[INFO] Downloaded from central: https://repo.maven.apache.org/maven2/org/apache/ws/xmlschema/xmlschema-core/2.3.0/xmlschema-core-2.3.0.jar (173 kB at 948 kB/s)
[INFO] Downloading from central: https://repo.maven.apache.org/maven2/com/sun/xml/bind/jaxb/isorelax/20090621/isorelax-20090621.jar
[INFO] Downloaded from central: https://repo.maven.apache.org/maven2/com/sun/xml/fastinfoset/FastInfoset/1.2.18/FastInfoset-1.2.18.jar (317 kB at 1.6 MB/s)
[INFO] Downloading from central: https://repo.maven.apache.org/maven2/org/springframework/osgi/spring-osgi-io/1.2.1/spring-osgi-io-1.2.1.jar
[INFO] Downloaded from central: https://repo.maven.apache.org/maven2/com/sun/mail/jakarta.mail/1.6.7/jakarta.mail-1.6.7.jar (677 kB at 3.4 MB/s)
[INFO] Downloading from central: https://repo.maven.apache.org/maven2/org/springframework/osgi/spring-osgi-core/1.2.1/spring-osgi-core-1.2.1.jar
[INFO] Downloaded from central: https://repo.maven.apache.org/maven2/net/java/dev/msv/xsdlib/2013.6.1/xsdlib-2013.6.1.jar (231 kB at 1.1 MB/s)
[INFO] Downloaded from central: https://repo.maven.apache.org/maven2/com/sun/xml/bind/jaxb/isorelax/20090621/isorelax-20090621.jar (65 kB at 292 kB/s)
[INFO] Downloaded from central: https://repo.maven.apache.org/maven2/org/springframework/osgi/spring-osgi-io/1.2.1/spring-osgi-io-1.2.1.jar (36 kB at 158 kB/s)
[INFO] Downloaded from central: https://repo.maven.apache.org/maven2/net/java/dev/msv/msv-core/2013.6.1/msv-core-2013.6.1.jar (699 kB at 3.0 MB/s)
[INFO] Downloaded from central: https://repo.maven.apache.org/maven2/org/springframework/osgi/spring-osgi-core/1.2.1/spring-osgi-core-1.2.1.jar (363 kB at 1.5 MB/s)
[INFO] 
[INFO] --- maven-clean-plugin:3.1.0:clean (default-clean) @ cxf-core ---
[INFO] 
[INFO] --- maven-bundle-plugin:5.1.1:cleanVersions (versions) @ cxf-core ---
[INFO] 
[INFO] --- maven-checkstyle-plugin:3.1.2:checkstyle (validate) @ cxf-core ---
[INFO] 
[INFO] >>> maven-pmd-plugin:3.13.0:check (validate) > :pmd @ cxf-core >>>
[INFO] 
[INFO] --- maven-pmd-plugin:3.13.0:pmd (pmd) @ cxf-core ---
[WARNING] Auxclasspath entry file:/home/srafi/after-cam-ready/compare_/compile_repair_output/work/a594eb31af0f/core/target/test-classes doesn't exist, ignoring it
[WARNING] Auxclasspath entry file:/home/srafi/after-cam-ready/compare_/compile_repair_output/work/a594eb31af0f/core/target/classes doesn't exist, ignoring it
[INFO] Analysis cache created
[INFO] 
[INFO] <<< maven-pmd-plugin:3.13.0:check (validate) < :pmd @ cxf-core <<<
[INFO] 
[INFO] 
[INFO] --- maven-pmd-plugin:3.13.0:check (validate) @ cxf-core ---
[INFO] PMD version: 6.21.0
[INFO] 
[INFO] 
[INFO] --- buildnumber-maven-plugin:1.4:create-timestamp (create-noncanonicalrev) @ cxf-core ---
[INFO] 
[INFO] --- buildnumber-maven-plugin:1.4:create (create-buildnumber) @ cxf-core ---
[INFO] Executing: /bin/sh -c cd '/home/srafi/after-cam-ready/compare_/compile_repair_output/work/a594eb31af0f/core' && 'git' 'rev-parse' '--verify' 'HEAD'
[INFO] Working directory: /home/srafi/after-cam-ready/compare_/compile_repair_output/work/a594eb31af0f/core
[INFO] Storing buildNumber: 69925893ed0e8a8fdfe1164b4e097a5cf5524027 at timestamp: 1786818004048
[WARNING] Cannot get the branch information from the git repository: 
Detecting the current branch failed: fatal: ref HEAD is not a symbolic ref

[INFO] Executing: /bin/sh -c cd '/home/srafi/after-cam-ready/compare_/compile_repair_output/work/a594eb31af0f/core' && 'git' 'rev-parse' '--verify' 'HEAD'
[INFO] Working directory: /home/srafi/after-cam-ready/compare_/compile_repair_output/work/a594eb31af0f/core
[INFO] Storing buildScmBranch: UNKNOWN
[INFO] 
[INFO] --- cxf-xml2fastinfoset-plugin:3.4.4:xml2fastinfoset (xml2fastinfoset) @ cxf-core ---
[INFO] 
[INFO] --- cxf-xjc-plugin:3.3.1:xsdtojava (generate-sources) @ cxf-core ---
[INFO] Downloading from central: https://repo.maven.apache.org/maven2/org/glassfish/jaxb/jaxb-xjc/2.3.2/jaxb-xjc-2.3.2.pom
[INFO] Downloaded from central: https://repo.maven.apache.org/maven2/org/glassfish/jaxb/jaxb-xjc/2.3.2/jaxb-xjc-2.3.2.pom (0 B at 0 B/s)
[INFO] Downloading from central: https://repo.maven.apache.org/maven2/org/glassfish/jaxb/xsom/2.3.2/xsom-2.3.2.pom
[INFO] Downloaded from central: https://repo.maven.apache.org/maven2/org/glassfish/jaxb/xsom/2.3.2/xsom-2.3.2.pom (0 B at 0 B/s)
[INFO] Downloading from central: https://repo.maven.apache.org/maven2/com/sun/xml/bind/external/relaxng-datatype/2.3.2/relaxng-datatype-2.3.2.pom
[INFO] Downloaded from central: https://repo.maven.apache.org/maven2/com/sun/xml/bind/external/relaxng-datatype/2.3.2/relaxng-datatype-2.3.2.pom (0 B at 0 B/s)
[INFO] Downloading from central: https://repo.maven.apache.org/maven2/com/sun/xml/bind/mvn/jaxb-external-parent/2.3.2/jaxb-external-parent-2.3.2.pom
[INFO] Downloaded from central: https://repo.maven.apache.org/maven2/com/sun/xml/bind/mvn/jaxb-external-parent/2.3.2/jaxb-external-parent-2.3.2.pom (0 B at 0 B/s)
[INFO] Downloading from central: https://repo.maven.apache.org/maven2/org/glassfish/jaxb/codemodel/2.3.2/codemodel-2.3.2.pom
[INFO] Downloaded from central: https://repo.maven.apache.org/maven2/org/glassfish/jaxb/codemodel/2.3.2/codemodel-2.3.2.pom (0 B at 0 B/s)
[INFO] Downloading from central: https://repo.maven.apache.org/maven2/com/sun/xml/bind/mvn/jaxb-codemodel-parent/2.3.2/jaxb-codemodel-parent-2.3.2.pom
[INFO] Downloaded from central: https://repo.maven.apache.org/maven2/com/sun/xml/bind/mvn/jaxb-codemodel-parent/2.3.2/jaxb-codemodel-parent-2.3.2.pom (0 B at 0 B/s)
[INFO] Downloading from central: https://repo.maven.apache.org/maven2/com/sun/xml/bind/external/rngom/2.3.2/rngom-2.3.2.pom
[INFO] Downloaded from central: https://repo.maven.apache.org/maven2/com/sun/xml/bind/external/rngom/2.3.2/rngom-2.3.2.pom (0 B at 0 B/s)
[INFO] Downloading from central: https://repo.maven.apache.org/maven2/com/sun/xml/dtd-parser/dtd-parser/1.4.1/dtd-parser-1.4.1.pom
[INFO] Downloaded from central: https://repo.maven.apache.org/maven2/com/sun/xml/dtd-parser/dtd-parser/1.4.1/dtd-parser-1.4.1.pom (0 B at 0 B/s)
[INFO] Downloading from central: https://repo.maven.apache.org/maven2/com/sun/istack/istack-commons-tools/3.0.8/istack-commons-tools-3.0.8.pom
[INFO] Downloaded from central: https://repo.maven.apache.org/maven2/com/sun/istack/istack-commons-tools/3.0.8/istack-commons-tools-3.0.8.pom (0 B at 0 B/s)
[INFO] Downloading from central: https://repo.maven.apache.org/maven2/org/glassfish/jaxb/jaxb-xjc/2.3.2/jaxb-xjc-2.3.2.jar
[INFO] Downloading from central: https://repo.maven.apache.org/maven2/org/glassfish/jaxb/xsom/2.3.2/xsom-2.3.2.jar
[INFO] Downloading from central: https://repo.maven.apache.org/maven2/org/glassfish/jaxb/codemodel/2.3.2/codemodel-2.3.2.jar
[INFO] Downloading from central: https://repo.maven.apache.org/maven2/com/sun/xml/dtd-parser/dtd-parser/1.4.1/dtd-parser-1.4.1.jar
[INFO] Downloading from central: https://repo.maven.apache.org/maven2/com/sun/xml/bind/external/rngom/2.3.2/rngom-2.3.2.jar
[INFO] Downloaded from central: https://repo.maven.apache.org/maven2/org/glassfish/jaxb/jaxb-xjc/2.3.2/jaxb-xjc-2.3.2.jar (0 B at 0 B/s)
[INFO] Downloading from central: https://repo.maven.apache.org/maven2/com/sun/istack/istack-commons-tools/3.0.8/istack-commons-tools-3.0.8.jar
[INFO] Downloaded from central: https://repo.maven.apache.org/maven2/org/glassfish/jaxb/codemodel/2.3.2/codemodel-2.3.2.jar (0 B at 0 B/s)
[INFO] Downloading from central: https://repo.maven.apache.org/maven2/com/sun/xml/bind/external/relaxng-datatype/2.3.2/relaxng-datatype-2.3.2.jar
[INFO] Downloaded from central: https://repo.maven.apache.org/maven2/com/sun/xml/dtd-parser/dtd-parser/1.4.1/dtd-parser-1.4.1.jar (0 B at 0 B/s)
[INFO] Downloaded from central: https://repo.maven.apache.org/maven2/com/sun/xml/bind/external/rngom/2.3.2/rngom-2.3.2.jar (0 B at 0 B/s)
[INFO] Downloaded from central: https://repo.maven.apache.org/maven2/com/sun/istack/istack-commons-tools/3.0.8/istack-commons-tools-3.0.8.jar (0 B at 0 B/s)
[INFO] Downloaded from central: https://repo.maven.apache.org/maven2/org/glassfish/jaxb/xsom/2.3.2/xsom-2.3.2.jar (0 B at 0 B/s)
[INFO] Downloaded from central: https://repo.maven.apache.org/maven2/com/sun/xml/bind/external/relaxng-datatype/2.3.2/relaxng-datatype-2.3.2.jar (0 B at 0 B/s)
[INFO] Downloading from central: https://repo.maven.apache.org/maven2/org/apache/cxf/xjcplugins/cxf-xjc-javadoc/3.3.1/cxf-xjc-javadoc-3.3.1.pom
[INFO] Downloaded from central: https://repo.maven.apache.org/maven2/org/apache/cxf/xjcplugins/cxf-xjc-javadoc/3.3.1/cxf-xjc-javadoc-3.3.1.pom (2.3 kB at 76 kB/s)
[INFO] Downloading from central: https://repo.maven.apache.org/maven2/org/apache/cxf/xjcplugins/cxf-xjc-javadoc/3.3.1/cxf-xjc-javadoc-3.3.1.jar
[INFO] Downloaded from central: https://repo.maven.apache.org/maven2/org/apache/cxf/xjcplugins/cxf-xjc-javadoc/3.3.1/cxf-xjc-javadoc-3.3.1.jar (17 kB at 631 kB/s)
[INFO] Downloading from central: https://repo.maven.apache.org/maven2/org/apache/cxf/xjcplugins/cxf-xjc-dv/3.3.1/cxf-xjc-dv-3.3.1.pom
[INFO] Downloaded from central: https://repo.maven.apache.org/maven2/org/apache/cxf/xjcplugins/cxf-xjc-dv/3.3.1/cxf-xjc-dv-3.3.1.pom (1.9 kB at 63 kB/s)
[INFO] Downloading from central: https://repo.maven.apache.org/maven2/org/apache/cxf/xjcplugins/cxf-xjc-dv/3.3.1/cxf-xjc-dv-3.3.1.jar
[INFO] Downloaded from central: https://repo.maven.apache.org/maven2/org/apache/cxf/xjcplugins/cxf-xjc-dv/3.3.1/cxf-xjc-dv-3.3.1.jar (18 kB at 570 kB/s)
[INFO] 
[INFO] --- maven-remote-resources-plugin:1.7.0:process (default) @ cxf-core ---
[INFO] Preparing remote bundle org.apache:apache-jar-resource-bundle:1.4
[INFO] Copying 3 resources from 1 bundle.
[INFO] 
[INFO] --- maven-resources-plugin:3.1.0:resources (default-resources) @ cxf-core ---
[INFO] Using 'UTF-8' encoding to copy filtered resources.
[INFO] Copying 27 resources
[INFO] Copying 35 resources
[INFO] Copying 1 resource
[INFO] Copying 1 resource
[INFO] Copying 3 resources
[INFO] 
[INFO] --- maven-compiler-plugin:3.8.1:compile (default-compile) @ cxf-core ---
[INFO] Changes detected - recompiling the module!
[INFO] Compiling 611 source files to /home/srafi/after-cam-ready/compare_/compile_repair_output/work/a594eb31af0f/core/target/classes
[WARNING] /home/srafi/after-cam-ready/compare_/compile_repair_output/work/a594eb31af0f/core/src/main/java/org/apache/cxf/annotations/Logging.java:[29,34] org.apache.cxf.interceptor.AbstractLoggingInterceptor in org.apache.cxf.interceptor has been deprecated
[WARNING] /home/srafi/after-cam-ready/compare_/compile_repair_output/work/a594eb31af0f/core/src/main/java/org/apache/cxf/feature/LoggingFeature.java:[22,34] org.apache.cxf.annotations.Logging in org.apache.cxf.annotations has been deprecated
[WARNING] /home/srafi/after-cam-ready/compare_/compile_repair_output/work/a594eb31af0f/core/src/main/java/org/apache/cxf/feature/LoggingFeature.java:[26,34] org.apache.cxf.interceptor.AbstractLoggingInterceptor in org.apache.cxf.interceptor has been deprecated
[WARNING] /home/srafi/after-cam-ready/compare_/compile_repair_output/work/a594eb31af0f/core/src/main/java/org/apache/cxf/feature/LoggingFeature.java:[28,34] org.apache.cxf.interceptor.LoggingInInterceptor in org.apache.cxf.interceptor has been deprecated
[WARNING] /home/srafi/after-cam-ready/compare_/compile_repair_output/work/a594eb31af0f/core/src/main/java/org/apache/cxf/feature/LoggingFeature.java:[29,34] org.apache.cxf.interceptor.LoggingOutInterceptor in org.apache.cxf.interceptor has been deprecated
[WARNING] /home/srafi/after-cam-ready/compare_/compile_repair_output/work/a594eb31af0f/core/src/main/java/org/apache/cxf/annotations/Logging.java:[43,25] org.apache.cxf.interceptor.AbstractLoggingInterceptor in org.apache.cxf.interceptor has been deprecated
[WARNING] /home/srafi/after-cam-ready/compare_/compile_repair_output/work/a594eb31af0f/core/src/main/java/org/apache/cxf/common/util/SpringClassUnwrapper.java:[39,23] isCglibProxyClass(java.lang.Class<?>) in org.springframework.util.ClassUtils has been deprecated
[WARNING] /home/srafi/after-cam-ready/compare_/compile_repair_output/work/a594eb31af0f/core/src/main/java/org/apache/cxf/common/util/SpringClassUnwrapper.java:[94,30] isCglibProxyClass(java.lang.Class<?>) in org.springframework.util.ClassUtils has been deprecated
[INFO] 
[INFO] --- build-helper-maven-plugin:3.1.0:add-test-source (default) @ cxf-core ---
[INFO] Test Source directory: /home/srafi/after-cam-ready/compare_/compile_repair_output/work/a594eb31af0f/core/src/test/java8 added.
[INFO] 
[INFO] --- maven-resources-plugin:3.1.0:testResources (default-testResources) @ cxf-core ---
[INFO] Using 'UTF-8' encoding to copy filtered resources.
[INFO] Copying 84 resources
[INFO] Copying 8 resources
[INFO] skip non existing resourceDirectory /home/srafi/after-cam-ready/compare_/compile_repair_output/work/a594eb31af0f/core/target/generated/src/test/resources
[INFO] Copying 3 resources
[INFO] 
[INFO] --- maven-compiler-plugin:3.8.1:testCompile (default-testCompile) @ cxf-core ---
[INFO] Changes detected - recompiling the module!
[INFO] Compiling 120 source files to /home/srafi/after-cam-ready/compare_/compile_repair_output/work/a594eb31af0f/core/target/test-classes
[WARNING] /home/srafi/after-cam-ready/compare_/compile_repair_output/work/a594eb31af0f/core/src/test/java/org/apache/cxf/common/util/CollectionUtilsTest.java:[56,43] unchecked method invocation: method isEmpty in class org.apache.cxf.common.util.CollectionUtils is applied to given types
  required: java.util.Collection<T>
  found: java.util.Collection
[WARNING] /home/srafi/after-cam-ready/compare_/compile_repair_output/work/a594eb31af0f/core/src/test/java/org/apache/cxf/common/util/CollectionUtilsTest.java:[56,44] unchecked conversion
  required: java.util.Collection<T>
  found:    java.util.Collection
[WARNING] /home/srafi/after-cam-ready/compare_/compile_repair_output/work/a594eb31af0f/core/src/test/java/org/apache/cxf/common/util/CollectionUtilsTest.java:[57,43] unchecked method invocation: method isEmpty in class org.apache.cxf.common.util.CollectionUtils is applied to given types
  required: java.util.Map<K,V>
  found: java.util.Map
[WARNING] /home/srafi/after-cam-ready/compare_/compile_repair_output/work/a594eb31af0f/core/src/test/java/org/apache/cxf/common/util/CollectionUtilsTest.java:[57,44] unchecked conversion
  required: java.util.Map<K,V>
  found:    java.util.Map
[INFO] 
[INFO] --- maven-surefire-plugin:3.0.0-M8-SNAPSHOT:test (default-test) @ cxf-core ---
[INFO] Downloading from apache.snapshots: https://repository.apache.org/snapshots/org/apache/maven/surefire/maven-surefire-common/3.0.0-M8-SNAPSHOT/maven-metadata.xml
[INFO] Downloading from apache.snapshots: https://repository.apache.org/snapshots/org/apache/maven/surefire/surefire-api/3.0.0-M8-SNAPSHOT/maven-metadata.xml
[INFO] Downloading from apache.snapshots: https://repository.apache.org/snapshots/org/apache/maven/surefire/surefire-logger-api/3.0.0-M8-SNAPSHOT/maven-metadata.xml
[INFO] Downloading from apache.snapshots: https://repository.apache.org/snapshots/org/apache/maven/surefire/surefire-shared-utils/3.0.0-M8-SNAPSHOT/maven-metadata.xml
[INFO] Downloading from apache.snapshots: https://repository.apache.org/snapshots/org/apache/maven/surefire/surefire-extensions-api/3.0.0-M8-SNAPSHOT/maven-metadata.xml
[INFO] Downloading from apache.snapshots: https://repository.apache.org/snapshots/org/apache/maven/surefire/surefire-booter/3.0.0-M8-SNAPSHOT/maven-metadata.xml
[INFO] Downloading from apache.snapshots: https://repository.apache.org/snapshots/org/apache/maven/surefire/surefire-extensions-spi/3.0.0-M8-SNAPSHOT/maven-metadata.xml
[INFO] Tests are skipped.
[INFO] 
[INFO] --- maven-bundle-plugin:5.1.1:bundle (default-bundle) @ cxf-core ---
[WARNING] Bundle org.apache.cxf:cxf-core:bundle:3.5.0-SNAPSHOT : Invalid package name: 'META-INF.cxf' in Export-Package
[INFO] 
[INFO] --- maven-install-plugin:2.5.2:install (default-install) @ cxf-core ---
[INFO] Installing /home/srafi/after-cam-ready/compare_/compile_repair_output/work/a594eb31af0f/core/target/cxf-core-3.5.0-SNAPSHOT.jar to /home/srafi/.m2/repository/org/apache/cxf/cxf-core/3.5.0-SNAPSHOT/cxf-core-3.5.0-SNAPSHOT.jar
[INFO] Installing /home/srafi/after-cam-ready/compare_/compile_repair_output/work/a594eb31af0f/core/pom.xml to /home/srafi/.m2/repository/org/apache/cxf/cxf-core/3.5.0-SNAPSHOT/cxf-core-3.5.0-SNAPSHOT.pom
[INFO] 
[INFO] --- maven-bundle-plugin:5.1.1:install (default-install) @ cxf-core ---
[INFO] Local OBR update disabled (enable with -DobrRepository)
[INFO] ------------------------------------------------------------------------
[INFO] Reactor Summary for Apache CXF 3.5.0-SNAPSHOT:
[INFO] 
[INFO] Apache CXF ......................................... SUCCESS [  0.082 s]
[INFO] Apache CXF Parent .................................. SUCCESS [  0.963 s]
[INFO] Apache CXF Core .................................... SUCCESS [ 14.833 s]
[INFO] ------------------------------------------------------------------------
[INFO] BUILD SUCCESS
[INFO] ------------------------------------------------------------------------
[INFO] Total time:  17.410 s
[INFO] Finished at: 2026-08-15T14:20:11-04:00
[INFO] ------------------------------------------------------------------------
