JAVA_HOME=/usr/lib/jvm/java-8-openjdk-amd64
COMMAND=bash /home/srafi/after-cam-ready/compare_/compile_repair_output/work/2387203f1b5b/mvnw -B clean install -DskipTests -U -Ddependency-check.skip=true -Dgpg.skip=true -DfailIfNoTests=false -Dskip.installnodenpm=true -Dskip.npm=true -Dskip.yarn=true -Dlicense.skip=true -Dcheckstyle.skip=true -Drat.skip=true -Denforcer.skip=true -Danimal.sniffer.skip=true -Dmaven.javadoc.skip=true -Dfindbugs.skip=true -Dspotbugs.skip=true -Dwarbucks.skip=true -Dmodernizer.skip=true -Dimpsort.skip=true -Dmdep.analyze.skip=true -Dpgpverify.skip=true -Dxml.skip=true -Dcobertura.skip=true

[INFO] Scanning for projects...
[INFO] Inspecting build with total of 1 modules...
[INFO] Installing Nexus Staging features:
[INFO]   ... total of 1 executions of maven-deploy-plugin replaced with nexus-staging-maven-plugin
[INFO] 
[INFO] ------------< com.fasterxml.jackson.core:jackson-databind >-------------
[INFO] Building jackson-databind 2.14.0
[INFO] -------------------------------[ bundle ]-------------------------------
[INFO] Downloading from central: https://repo.maven.apache.org/maven2/javax/measure/jsr-275/0.9.1/jsr-275-0.9.1.pom
[INFO] Downloaded from central: https://repo.maven.apache.org/maven2/javax/measure/jsr-275/0.9.1/jsr-275-0.9.1.pom (8.1 kB at 39 kB/s)
[INFO] Downloading from central: https://repo.maven.apache.org/maven2/javax/measure/jsr-275/0.9.1/jsr-275-0.9.1.jar
[INFO] Downloaded from central: https://repo.maven.apache.org/maven2/javax/measure/jsr-275/0.9.1/jsr-275-0.9.1.jar (239 kB at 4.3 MB/s)
[INFO] 
[INFO] --- maven-clean-plugin:3.2.0:clean (default-clean) @ jackson-databind ---
[INFO] 
[INFO] --- maven-enforcer-plugin:3.0.0-M3:enforce (enforce-java) @ jackson-databind ---
[INFO] Skipping Rule Enforcement.
[INFO] 
[INFO] --- maven-enforcer-plugin:3.0.0-M3:enforce (enforce-properties) @ jackson-databind ---
[INFO] Skipping Rule Enforcement.
[INFO] 
[INFO] --- jacoco-maven-plugin:0.8.7:prepare-agent (default) @ jackson-databind ---
[INFO] argLine set to -javaagent:/home/srafi/.m2/repository/org/jacoco/org.jacoco.agent/0.8.7/org.jacoco.agent-0.8.7-runtime.jar=destfile=/home/srafi/after-cam-ready/compare_/compile_repair_output/work/2387203f1b5b/target/jacoco.exec
[INFO] 
[INFO] --- replacer:1.5.3:replace (process-packageVersion) @ jackson-databind ---
[INFO] Replacement run on 1 file.
[INFO] 
[INFO] --- build-helper-maven-plugin:3.3.0:add-source (add-generated-sources) @ jackson-databind ---
[INFO] Source directory: /home/srafi/after-cam-ready/compare_/compile_repair_output/work/2387203f1b5b/target/generated-sources added.
[INFO] 
[INFO] --- build-helper-maven-plugin:3.3.0:add-resource (add-resource) @ jackson-databind ---
[INFO] 
[INFO] --- maven-resources-plugin:3.3.0:resources (default-resources) @ jackson-databind ---
[INFO] Copying 2 resources
[INFO] Copying 1 resource to META-INF
[INFO] 
[INFO] --- maven-compiler-plugin:3.10.1:compile (default-compile) @ jackson-databind ---
[INFO] Changes detected - recompiling the module!
[INFO] Compiling 455 source files to /home/srafi/after-cam-ready/compare_/compile_repair_output/work/2387203f1b5b/target/classes
[WARNING] /home/srafi/after-cam-ready/compare_/compile_repair_output/work/2387203f1b5b/src/main/java/com/fasterxml/jackson/databind/deser/std/StdDeserializer.java:[1130,24] NASTY_SMALL_DOUBLE in com.fasterxml.jackson.core.io.NumberInput has been deprecated
[INFO] /home/srafi/after-cam-ready/compare_/compile_repair_output/work/2387203f1b5b/src/main/java/com/fasterxml/jackson/databind/node/ArrayNode.java: Some input files use unchecked or unsafe operations.
[INFO] /home/srafi/after-cam-ready/compare_/compile_repair_output/work/2387203f1b5b/src/main/java/com/fasterxml/jackson/databind/node/ArrayNode.java: Recompile with -Xlint:unchecked for details.
[INFO] 
[INFO] --- maven-resources-plugin:3.3.0:testResources (default-testResources) @ jackson-databind ---
[INFO] Copying 2 resources
[INFO] 
[INFO] --- maven-compiler-plugin:3.10.1:testCompile (default-testCompile) @ jackson-databind ---
[INFO] Changes detected - recompiling the module!
[INFO] Compiling 594 source files to /home/srafi/after-cam-ready/compare_/compile_repair_output/work/2387203f1b5b/target/test-classes
[INFO] /home/srafi/after-cam-ready/compare_/compile_repair_output/work/2387203f1b5b/src/test/java/com/fasterxml/jackson/databind/BaseMapTest.java: /home/srafi/after-cam-ready/compare_/compile_repair_output/work/2387203f1b5b/src/test/java/com/fasterxml/jackson/databind/BaseMapTest.java uses unchecked or unsafe operations.
[INFO] /home/srafi/after-cam-ready/compare_/compile_repair_output/work/2387203f1b5b/src/test/java/com/fasterxml/jackson/databind/BaseMapTest.java: Recompile with -Xlint:unchecked for details.
[INFO] 
[INFO] --- maven-surefire-plugin:2.22.2:test (default-test) @ jackson-databind ---
[INFO] Tests are skipped.
[INFO] 
[INFO] --- jacoco-maven-plugin:0.8.7:report (report) @ jackson-databind ---
[INFO] Skipping JaCoCo execution due to missing execution data file.
[INFO] 
[INFO] --- maven-bundle-plugin:5.1.8:bundle (default-bundle) @ jackson-databind ---
[INFO] Building bundle: /home/srafi/after-cam-ready/compare_/compile_repair_output/work/2387203f1b5b/target/jackson-databind-2.14.0.jar
[INFO] Writing manifest: /home/srafi/after-cam-ready/compare_/compile_repair_output/work/2387203f1b5b/target/classes/META-INF/MANIFEST.MF
[INFO] 
[INFO] --- moditect-maven-plugin:1.0.0.RC2:add-module-info (add-module-infos) @ jackson-databind ---
[INFO] 
[INFO] --- maven-site-plugin:3.12.1:attach-descriptor (attach-descriptor) @ jackson-databind ---
[INFO] Skipping because packaging 'bundle' is not pom.
[INFO] 
[INFO] --- gradle-module-metadata-maven-plugin:0.2.0:gmm (default) @ jackson-databind ---
[INFO] 
[INFO] --- maven-install-plugin:3.0.1:install (default-install) @ jackson-databind ---
[INFO] Installing /home/srafi/after-cam-ready/compare_/compile_repair_output/work/2387203f1b5b/pom.xml to /home/srafi/.m2/repository/com/fasterxml/jackson/core/jackson-databind/2.14.0/jackson-databind-2.14.0.pom
[INFO] Installing /home/srafi/after-cam-ready/compare_/compile_repair_output/work/2387203f1b5b/target/jackson-databind-2.14.0.jar to /home/srafi/.m2/repository/com/fasterxml/jackson/core/jackson-databind/2.14.0/jackson-databind-2.14.0.jar
[INFO] Installing /home/srafi/after-cam-ready/compare_/compile_repair_output/work/2387203f1b5b/target/publications/maven/module.json to /home/srafi/.m2/repository/com/fasterxml/jackson/core/jackson-databind/2.14.0/jackson-databind-2.14.0.module
[INFO] 
[INFO] --- maven-bundle-plugin:5.1.8:install (default-install) @ jackson-databind ---
[INFO] Installing com/fasterxml/jackson/core/jackson-databind/2.14.0/jackson-databind-2.14.0.jar
[INFO] Writing OBR metadata
[INFO] ------------------------------------------------------------------------
[INFO] BUILD SUCCESS
[INFO] ------------------------------------------------------------------------
[INFO] Total time:  8.534 s
[INFO] Finished at: 2026-08-15T16:19:48-04:00
[INFO] ------------------------------------------------------------------------
