JAVA_HOME=/usr/lib/jvm/java-11-openjdk-amd64
COMMAND=mvn -B clean install -DskipTests -U -pl header -am -Ddependency-check.skip=true -Dgpg.skip=true -DfailIfNoTests=false -Dskip.installnodenpm=true -Dskip.npm=true -Dskip.yarn=true -Dlicense.skip=true -Dcheckstyle.skip=true -Drat.skip=true -Denforcer.skip=true -Danimal.sniffer.skip=true -Dmaven.javadoc.skip=true -Dfindbugs.skip=true -Dspotbugs.skip=true -Dwarbucks.skip=true -Dmodernizer.skip=true -Dimpsort.skip=true -Dmdep.analyze.skip=true -Dpgpverify.skip=true -Dxml.skip=true -Dcobertura.skip=true

[INFO] Scanning for projects...
Warning: KebabPizza disabling incompatible org.jacoco:jacoco-maven-plugin from light-4j
Warning: KebabPizza disabling incompatible org.jacoco:jacoco-maven-plugin from decryptor
Warning: KebabPizza disabling incompatible org.jacoco:jacoco-maven-plugin from config
Warning: KebabPizza disabling incompatible org.jacoco:jacoco-maven-plugin from utility
Warning: KebabPizza disabling incompatible org.jacoco:jacoco-maven-plugin from http-string
Warning: KebabPizza disabling incompatible org.jacoco:jacoco-maven-plugin from service
Warning: KebabPizza disabling incompatible org.jacoco:jacoco-maven-plugin from status
Warning: KebabPizza disabling incompatible org.jacoco:jacoco-maven-plugin from common
Warning: KebabPizza disabling incompatible org.jacoco:jacoco-maven-plugin from handler
Warning: KebabPizza disabling incompatible org.jacoco:jacoco-maven-plugin from http-entity
Warning: KebabPizza disabling incompatible org.jacoco:jacoco-maven-plugin from monad-result
Warning: KebabPizza disabling incompatible org.jacoco:jacoco-maven-plugin from switcher
Warning: KebabPizza disabling incompatible org.jacoco:jacoco-maven-plugin from registry
Warning: KebabPizza disabling incompatible org.jacoco:jacoco-maven-plugin from balance
Warning: KebabPizza disabling incompatible org.jacoco:jacoco-maven-plugin from cluster
Warning: KebabPizza disabling incompatible org.jacoco:jacoco-maven-plugin from client
Warning: KebabPizza disabling incompatible org.jacoco:jacoco-maven-plugin from exception
Warning: KebabPizza disabling incompatible org.jacoco:jacoco-maven-plugin from header
[INFO] Inspecting build with total of 18 modules...
[INFO] Installing Nexus Staging features:
[INFO]   ... total of 18 executions of maven-deploy-plugin replaced with nexus-staging-maven-plugin
[INFO] ------------------------------------------------------------------------
[INFO] Reactor Build Order:
[INFO] 
[INFO] Parent POM                                                         [pom]
[INFO] decryptor                                                          [jar]
[INFO] config                                                             [jar]
[INFO] utility                                                            [jar]
[INFO] http-string                                                        [jar]
[INFO] service                                                            [jar]
[INFO] status                                                             [jar]
[INFO] common                                                             [jar]
[INFO] handler                                                            [jar]
[INFO] http-entity                                                        [jar]
[INFO] monad-result                                                       [jar]
[INFO] switcher                                                           [jar]
[INFO] registry                                                           [jar]
[INFO] balance                                                            [jar]
[INFO] cluster                                                            [jar]
[INFO] client                                                             [jar]
[INFO] exception                                                          [jar]
[INFO] header                                                             [jar]
[INFO] 
[INFO] -----------------------< com.networknt:light-4j >-----------------------
[INFO] Building Parent POM 2.1.2-SNAPSHOT                                [1/18]
[INFO] --------------------------------[ pom ]---------------------------------
[INFO] 
[INFO] --- maven-clean-plugin:2.5:clean (default-clean) @ light-4j ---
[INFO] 
[INFO] --- build-helper-maven-plugin:3.0.0:add-test-source (add-test-source) @ light-4j ---
[INFO] Test Source directory: /home/srafi/after-cam-ready/compare_/compile_repair_output/work/6c5c6d44e627/src/integration/java added.
[INFO] 
[INFO] --- build-helper-maven-plugin:3.0.0:add-test-resource (add-test-resource) @ light-4j ---
[INFO] 
[INFO] --- javadoc-packagelist-maven-plugin:1.0.0:gen-package-list (default) @ light-4j ---
[INFO] 
[INFO] >>> maven-source-plugin:3.0.1:jar (attach-sources) > generate-sources @ light-4j >>>
[INFO] 
[INFO] <<< maven-source-plugin:3.0.1:jar (attach-sources) < generate-sources @ light-4j <<<
[INFO] 
[INFO] 
[INFO] --- maven-source-plugin:3.0.1:jar (attach-sources) @ light-4j ---
[INFO] 
[INFO] --- maven-javadoc-plugin:3.1.0:jar (attach-javadocs) @ light-4j ---
[INFO] Skipping javadoc generation
[INFO] 
[INFO] --- maven-install-plugin:2.4:install (default-install) @ light-4j ---
[INFO] Installing /home/srafi/after-cam-ready/compare_/compile_repair_output/work/6c5c6d44e627/pom.xml to /home/srafi/.m2/repository/com/networknt/light-4j/2.1.2-SNAPSHOT/light-4j-2.1.2-SNAPSHOT.pom
[INFO] 
[INFO] ----------------------< com.networknt:decryptor >-----------------------
[INFO] Building decryptor 2.1.2-SNAPSHOT                                 [2/18]
[INFO] --------------------------------[ jar ]---------------------------------
[INFO] 
[INFO] --- maven-clean-plugin:2.5:clean (default-clean) @ decryptor ---
[INFO] 
[INFO] --- maven-resources-plugin:2.6:resources (default-resources) @ decryptor ---
[INFO] Using 'UTF-8' encoding to copy filtered resources.
[INFO] skip non existing resourceDirectory /home/srafi/after-cam-ready/compare_/compile_repair_output/work/6c5c6d44e627/decryptor/src/main/resources
[INFO] 
[INFO] --- maven-compiler-plugin:3.8.0:compile (default-compile) @ decryptor ---
[INFO] Changes detected - recompiling the module!
[INFO] Compiling 7 source files to /home/srafi/after-cam-ready/compare_/compile_repair_output/work/6c5c6d44e627/decryptor/target/classes
[INFO] 
[INFO] --- build-helper-maven-plugin:3.0.0:add-test-source (add-test-source) @ decryptor ---
[INFO] Test Source directory: /home/srafi/after-cam-ready/compare_/compile_repair_output/work/6c5c6d44e627/decryptor/src/integration/java added.
[INFO] 
[INFO] --- build-helper-maven-plugin:3.0.0:add-test-resource (add-test-resource) @ decryptor ---
[INFO] 
[INFO] --- maven-resources-plugin:2.6:testResources (default-testResources) @ decryptor ---
[INFO] Using 'UTF-8' encoding to copy filtered resources.
[INFO] skip non existing resourceDirectory /home/srafi/after-cam-ready/compare_/compile_repair_output/work/6c5c6d44e627/decryptor/src/test/resources
[INFO] skip non existing resourceDirectory /home/srafi/after-cam-ready/compare_/compile_repair_output/work/6c5c6d44e627/decryptor\src\integration\resources
[INFO] 
[INFO] --- maven-compiler-plugin:3.8.0:testCompile (default-testCompile) @ decryptor ---
[INFO] Changes detected - recompiling the module!
[INFO] Compiling 1 source file to /home/srafi/after-cam-ready/compare_/compile_repair_output/work/6c5c6d44e627/decryptor/target/test-classes
[INFO] /home/srafi/after-cam-ready/compare_/compile_repair_output/work/6c5c6d44e627/decryptor/src/test/java/com/networknt/decrypt/AESDecryptorTest.java: /home/srafi/after-cam-ready/compare_/compile_repair_output/work/6c5c6d44e627/decryptor/src/test/java/com/networknt/decrypt/AESDecryptorTest.java uses or overrides a deprecated API.
[INFO] /home/srafi/after-cam-ready/compare_/compile_repair_output/work/6c5c6d44e627/decryptor/src/test/java/com/networknt/decrypt/AESDecryptorTest.java: Recompile with -Xlint:deprecation for details.
[INFO] 
[INFO] --- maven-surefire-plugin:3.0.0-M8-SNAPSHOT:test (default-test) @ decryptor ---
[INFO] Downloading from apache.snapshots: https://repository.apache.org/snapshots/org/apache/maven/surefire/maven-surefire-common/3.0.0-M8-SNAPSHOT/maven-metadata.xml
[INFO] Downloading from apache.snapshots: https://repository.apache.org/snapshots/org/apache/maven/surefire/surefire-api/3.0.0-M8-SNAPSHOT/maven-metadata.xml
[INFO] Downloading from apache.snapshots: https://repository.apache.org/snapshots/org/apache/maven/surefire/surefire-logger-api/3.0.0-M8-SNAPSHOT/maven-metadata.xml
[INFO] Downloading from apache.snapshots: https://repository.apache.org/snapshots/org/apache/maven/surefire/surefire-shared-utils/3.0.0-M8-SNAPSHOT/maven-metadata.xml
[INFO] Downloading from apache.snapshots: https://repository.apache.org/snapshots/org/apache/maven/surefire/surefire-extensions-api/3.0.0-M8-SNAPSHOT/maven-metadata.xml
[INFO] Downloading from apache.snapshots: https://repository.apache.org/snapshots/org/apache/maven/surefire/surefire-booter/3.0.0-M8-SNAPSHOT/maven-metadata.xml
[INFO] Downloading from apache.snapshots: https://repository.apache.org/snapshots/org/apache/maven/surefire/surefire-extensions-spi/3.0.0-M8-SNAPSHOT/maven-metadata.xml
[INFO] Tests are skipped.
[INFO] 
[INFO] --- maven-jar-plugin:2.4:jar (default-jar) @ decryptor ---
[INFO] Building jar: /home/srafi/after-cam-ready/compare_/compile_repair_output/work/6c5c6d44e627/decryptor/target/decryptor-2.1.2-SNAPSHOT.jar
[INFO] 
[INFO] --- javadoc-packagelist-maven-plugin:1.0.0:gen-package-list (default) @ decryptor ---
[INFO] Created package-list
[INFO] 
[INFO] >>> maven-source-plugin:3.0.1:jar (attach-sources) > generate-sources @ decryptor >>>
[INFO] 
[INFO] <<< maven-source-plugin:3.0.1:jar (attach-sources) < generate-sources @ decryptor <<<
[INFO] 
[INFO] 
[INFO] --- maven-source-plugin:3.0.1:jar (attach-sources) @ decryptor ---
[INFO] Building jar: /home/srafi/after-cam-ready/compare_/compile_repair_output/work/6c5c6d44e627/decryptor/target/decryptor-2.1.2-SNAPSHOT-sources.jar
[INFO] 
[INFO] --- maven-javadoc-plugin:3.1.0:jar (attach-javadocs) @ decryptor ---
[INFO] Skipping javadoc generation
[INFO] 
[INFO] --- maven-install-plugin:2.4:install (default-install) @ decryptor ---
[INFO] Installing /home/srafi/after-cam-ready/compare_/compile_repair_output/work/6c5c6d44e627/decryptor/target/decryptor-2.1.2-SNAPSHOT.jar to /home/srafi/.m2/repository/com/networknt/decryptor/2.1.2-SNAPSHOT/decryptor-2.1.2-SNAPSHOT.jar
[INFO] Installing /home/srafi/after-cam-ready/compare_/compile_repair_output/work/6c5c6d44e627/decryptor/pom.xml to /home/srafi/.m2/repository/com/networknt/decryptor/2.1.2-SNAPSHOT/decryptor-2.1.2-SNAPSHOT.pom
[INFO] Installing /home/srafi/after-cam-ready/compare_/compile_repair_output/work/6c5c6d44e627/decryptor/target/decryptor-2.1.2-SNAPSHOT-sources.jar to /home/srafi/.m2/repository/com/networknt/decryptor/2.1.2-SNAPSHOT/decryptor-2.1.2-SNAPSHOT-sources.jar
[INFO] 
[INFO] ------------------------< com.networknt:config >------------------------
[INFO] Building config 2.1.2-SNAPSHOT                                    [3/18]
[INFO] --------------------------------[ jar ]---------------------------------
[INFO] 
[INFO] --- maven-clean-plugin:2.5:clean (default-clean) @ config ---
[INFO] 
[INFO] --- maven-resources-plugin:2.6:resources (default-resources) @ config ---
[INFO] Using 'UTF-8' encoding to copy filtered resources.
[INFO] Copying 2 resources
[INFO] 
[INFO] --- maven-compiler-plugin:3.8.0:compile (default-compile) @ config ---
[INFO] Changes detected - recompiling the module!
[INFO] Compiling 10 source files to /home/srafi/after-cam-ready/compare_/compile_repair_output/work/6c5c6d44e627/config/target/classes
[INFO] /home/srafi/after-cam-ready/compare_/compile_repair_output/work/6c5c6d44e627/config/src/main/java/com/networknt/config/yml/DecryptConstructor.java: /home/srafi/after-cam-ready/compare_/compile_repair_output/work/6c5c6d44e627/config/src/main/java/com/networknt/config/yml/DecryptConstructor.java uses or overrides a deprecated API.
[INFO] /home/srafi/after-cam-ready/compare_/compile_repair_output/work/6c5c6d44e627/config/src/main/java/com/networknt/config/yml/DecryptConstructor.java: Recompile with -Xlint:deprecation for details.
[INFO] /home/srafi/after-cam-ready/compare_/compile_repair_output/work/6c5c6d44e627/config/src/main/java/com/networknt/config/CentralizedManagement.java: Some input files use unchecked or unsafe operations.
[INFO] /home/srafi/after-cam-ready/compare_/compile_repair_output/work/6c5c6d44e627/config/src/main/java/com/networknt/config/CentralizedManagement.java: Recompile with -Xlint:unchecked for details.
[INFO] 
[INFO] --- build-helper-maven-plugin:3.0.0:add-test-source (add-test-source) @ config ---
[INFO] Test Source directory: /home/srafi/after-cam-ready/compare_/compile_repair_output/work/6c5c6d44e627/config/src/integration/java added.
[INFO] 
[INFO] --- build-helper-maven-plugin:3.0.0:add-test-resource (add-test-resource) @ config ---
[INFO] 
[INFO] --- maven-resources-plugin:2.6:testResources (default-testResources) @ config ---
[INFO] Using 'UTF-8' encoding to copy filtered resources.
[INFO] Copying 20 resources
[INFO] skip non existing resourceDirectory /home/srafi/after-cam-ready/compare_/compile_repair_output/work/6c5c6d44e627/config\src\integration\resources
[INFO] 
[INFO] --- maven-compiler-plugin:3.8.0:testCompile (default-testCompile) @ config ---
[INFO] Changes detected - recompiling the module!
[INFO] Compiling 22 source files to /home/srafi/after-cam-ready/compare_/compile_repair_output/work/6c5c6d44e627/config/target/test-classes
[INFO] /home/srafi/after-cam-ready/compare_/compile_repair_output/work/6c5c6d44e627/config/src/test/java/com/networknt/config/TestAutoDecryptor.java: Some input files use or override a deprecated API.
[INFO] /home/srafi/after-cam-ready/compare_/compile_repair_output/work/6c5c6d44e627/config/src/test/java/com/networknt/config/TestAutoDecryptor.java: Recompile with -Xlint:deprecation for details.
[INFO] /home/srafi/after-cam-ready/compare_/compile_repair_output/work/6c5c6d44e627/config/src/test/java/com/networknt/config/TestConfigLoader.java: /home/srafi/after-cam-ready/compare_/compile_repair_output/work/6c5c6d44e627/config/src/test/java/com/networknt/config/TestConfigLoader.java uses unchecked or unsafe operations.
[INFO] /home/srafi/after-cam-ready/compare_/compile_repair_output/work/6c5c6d44e627/config/src/test/java/com/networknt/config/TestConfigLoader.java: Recompile with -Xlint:unchecked for details.
[INFO] 
[INFO] --- maven-surefire-plugin:3.0.0-M8-SNAPSHOT:test (default-test) @ config ---
[INFO] Tests are skipped.
[INFO] 
[INFO] --- maven-jar-plugin:2.4:jar (default-jar) @ config ---
[INFO] Building jar: /home/srafi/after-cam-ready/compare_/compile_repair_output/work/6c5c6d44e627/config/target/config-2.1.2-SNAPSHOT.jar
[INFO] 
[INFO] --- javadoc-packagelist-maven-plugin:1.0.0:gen-package-list (default) @ config ---
[INFO] Created package-list
[INFO] 
[INFO] >>> maven-source-plugin:3.0.1:jar (attach-sources) > generate-sources @ config >>>
[INFO] 
[INFO] <<< maven-source-plugin:3.0.1:jar (attach-sources) < generate-sources @ config <<<
[INFO] 
[INFO] 
[INFO] --- maven-source-plugin:3.0.1:jar (attach-sources) @ config ---
[INFO] Building jar: /home/srafi/after-cam-ready/compare_/compile_repair_output/work/6c5c6d44e627/config/target/config-2.1.2-SNAPSHOT-sources.jar
[INFO] 
[INFO] --- maven-javadoc-plugin:3.1.0:jar (attach-javadocs) @ config ---
[INFO] Skipping javadoc generation
[INFO] 
[INFO] --- maven-install-plugin:2.4:install (default-install) @ config ---
[INFO] Installing /home/srafi/after-cam-ready/compare_/compile_repair_output/work/6c5c6d44e627/config/target/config-2.1.2-SNAPSHOT.jar to /home/srafi/.m2/repository/com/networknt/config/2.1.2-SNAPSHOT/config-2.1.2-SNAPSHOT.jar
[INFO] Installing /home/srafi/after-cam-ready/compare_/compile_repair_output/work/6c5c6d44e627/config/pom.xml to /home/srafi/.m2/repository/com/networknt/config/2.1.2-SNAPSHOT/config-2.1.2-SNAPSHOT.pom
[INFO] Installing /home/srafi/after-cam-ready/compare_/compile_repair_output/work/6c5c6d44e627/config/target/config-2.1.2-SNAPSHOT-sources.jar to /home/srafi/.m2/repository/com/networknt/config/2.1.2-SNAPSHOT/config-2.1.2-SNAPSHOT-sources.jar
[INFO] 
[INFO] -----------------------< com.networknt:utility >------------------------
[INFO] Building utility 2.1.2-SNAPSHOT                                   [4/18]
[INFO] --------------------------------[ jar ]---------------------------------
[INFO] 
[INFO] --- maven-clean-plugin:2.5:clean (default-clean) @ utility ---
[INFO] 
[INFO] --- maven-resources-plugin:2.6:resources (default-resources) @ utility ---
[INFO] Using 'UTF-8' encoding to copy filtered resources.
[INFO] skip non existing resourceDirectory /home/srafi/after-cam-ready/compare_/compile_repair_output/work/6c5c6d44e627/utility/src/main/resources
[INFO] 
[INFO] --- maven-compiler-plugin:3.8.0:compile (default-compile) @ utility ---
[INFO] Changes detected - recompiling the module!
[INFO] Compiling 20 source files to /home/srafi/after-cam-ready/compare_/compile_repair_output/work/6c5c6d44e627/utility/target/classes
[INFO] 
[INFO] --- build-helper-maven-plugin:3.0.0:add-test-source (add-test-source) @ utility ---
[INFO] Test Source directory: /home/srafi/after-cam-ready/compare_/compile_repair_output/work/6c5c6d44e627/utility/src/integration/java added.
[INFO] 
[INFO] --- build-helper-maven-plugin:3.0.0:add-test-resource (add-test-resource) @ utility ---
[INFO] 
[INFO] --- maven-resources-plugin:2.6:testResources (default-testResources) @ utility ---
[INFO] Using 'UTF-8' encoding to copy filtered resources.
[INFO] Copying 8 resources
[INFO] skip non existing resourceDirectory /home/srafi/after-cam-ready/compare_/compile_repair_output/work/6c5c6d44e627/utility\src\integration\resources
[INFO] 
[INFO] --- maven-compiler-plugin:3.8.0:testCompile (default-testCompile) @ utility ---
[INFO] Changes detected - recompiling the module!
[INFO] Compiling 9 source files to /home/srafi/after-cam-ready/compare_/compile_repair_output/work/6c5c6d44e627/utility/target/test-classes
[INFO] 
[INFO] --- maven-surefire-plugin:3.0.0-M8-SNAPSHOT:test (default-test) @ utility ---
[INFO] Tests are skipped.
[INFO] 
[INFO] --- maven-jar-plugin:2.4:jar (default-jar) @ utility ---
[INFO] Building jar: /home/srafi/after-cam-ready/compare_/compile_repair_output/work/6c5c6d44e627/utility/target/utility-2.1.2-SNAPSHOT.jar
[INFO] 
[INFO] --- javadoc-packagelist-maven-plugin:1.0.0:gen-package-list (default) @ utility ---
[INFO] Created package-list
[INFO] 
[INFO] >>> maven-source-plugin:3.0.1:jar (attach-sources) > generate-sources @ utility >>>
[INFO] 
[INFO] <<< maven-source-plugin:3.0.1:jar (attach-sources) < generate-sources @ utility <<<
[INFO] 
[INFO] 
[INFO] --- maven-source-plugin:3.0.1:jar (attach-sources) @ utility ---
[INFO] Building jar: /home/srafi/after-cam-ready/compare_/compile_repair_output/work/6c5c6d44e627/utility/target/utility-2.1.2-SNAPSHOT-sources.jar
[INFO] 
[INFO] --- maven-javadoc-plugin:3.1.0:jar (attach-javadocs) @ utility ---
[INFO] Skipping javadoc generation
[INFO] 
[INFO] --- maven-install-plugin:2.4:install (default-install) @ utility ---
[INFO] Installing /home/srafi/after-cam-ready/compare_/compile_repair_output/work/6c5c6d44e627/utility/target/utility-2.1.2-SNAPSHOT.jar to /home/srafi/.m2/repository/com/networknt/utility/2.1.2-SNAPSHOT/utility-2.1.2-SNAPSHOT.jar
[INFO] Installing /home/srafi/after-cam-ready/compare_/compile_repair_output/work/6c5c6d44e627/utility/pom.xml to /home/srafi/.m2/repository/com/networknt/utility/2.1.2-SNAPSHOT/utility-2.1.2-SNAPSHOT.pom
[INFO] Installing /home/srafi/after-cam-ready/compare_/compile_repair_output/work/6c5c6d44e627/utility/target/utility-2.1.2-SNAPSHOT-sources.jar to /home/srafi/.m2/repository/com/networknt/utility/2.1.2-SNAPSHOT/utility-2.1.2-SNAPSHOT-sources.jar
[INFO] 
[INFO] ---------------------< com.networknt:http-string >----------------------
[INFO] Building http-string 2.1.2-SNAPSHOT                               [5/18]
[INFO] --------------------------------[ jar ]---------------------------------
[INFO] Downloading from central: https://repo.maven.apache.org/maven2/io/undertow/undertow-core/2.2.19.Final/undertow-core-2.2.19.Final.pom
[INFO] Downloaded from central: https://repo.maven.apache.org/maven2/io/undertow/undertow-core/2.2.19.Final/undertow-core-2.2.19.Final.pom (28 kB at 407 kB/s)
[INFO] Downloading from central: https://repo.maven.apache.org/maven2/io/undertow/undertow-parent/2.2.19.Final/undertow-parent-2.2.19.Final.pom
[INFO] Downloaded from central: https://repo.maven.apache.org/maven2/io/undertow/undertow-parent/2.2.19.Final/undertow-parent-2.2.19.Final.pom (31 kB at 992 kB/s)
[INFO] Downloading from central: https://repo.maven.apache.org/maven2/org/jboss/xnio/xnio-api/3.8.7.Final/xnio-api-3.8.7.Final.pom
[INFO] Downloaded from central: https://repo.maven.apache.org/maven2/org/jboss/xnio/xnio-api/3.8.7.Final/xnio-api-3.8.7.Final.pom (8.8 kB at 274 kB/s)
[INFO] Downloading from central: https://repo.maven.apache.org/maven2/org/jboss/xnio/xnio-all/3.8.7.Final/xnio-all-3.8.7.Final.pom
[INFO] Downloaded from central: https://repo.maven.apache.org/maven2/org/jboss/xnio/xnio-all/3.8.7.Final/xnio-all-3.8.7.Final.pom (7.1 kB at 222 kB/s)
[INFO] Downloading from central: https://repo.maven.apache.org/maven2/org/wildfly/common/wildfly-common/1.5.4.Final/wildfly-common-1.5.4.Final.pom
[INFO] Downloaded from central: https://repo.maven.apache.org/maven2/org/wildfly/common/wildfly-common/1.5.4.Final/wildfly-common-1.5.4.Final.pom (7.3 kB at 243 kB/s)
[INFO] Downloading from central: https://repo.maven.apache.org/maven2/org/jboss/xnio/xnio-nio/3.8.7.Final/xnio-nio-3.8.7.Final.pom
[INFO] Downloaded from central: https://repo.maven.apache.org/maven2/org/jboss/xnio/xnio-nio/3.8.7.Final/xnio-nio-3.8.7.Final.pom (8.2 kB at 264 kB/s)
[INFO] Downloading from central: https://repo.maven.apache.org/maven2/io/opentracing/opentracing-api/0.32.0/opentracing-api-0.32.0.pom
[INFO] Downloaded from central: https://repo.maven.apache.org/maven2/io/opentracing/opentracing-api/0.32.0/opentracing-api-0.32.0.pom (1.9 kB at 58 kB/s)
[INFO] Downloading from central: https://repo.maven.apache.org/maven2/io/opentracing/parent/0.32.0/parent-0.32.0.pom
[INFO] Downloaded from central: https://repo.maven.apache.org/maven2/io/opentracing/parent/0.32.0/parent-0.32.0.pom (15 kB at 508 kB/s)
[INFO] Downloading from central: https://repo.maven.apache.org/maven2/io/undertow/undertow-core/2.2.19.Final/undertow-core-2.2.19.Final.jar
[INFO] Downloading from central: https://repo.maven.apache.org/maven2/org/jboss/xnio/xnio-api/3.8.7.Final/xnio-api-3.8.7.Final.jar
[INFO] Downloading from central: https://repo.maven.apache.org/maven2/org/jboss/xnio/xnio-nio/3.8.7.Final/xnio-nio-3.8.7.Final.jar
[INFO] Downloading from central: https://repo.maven.apache.org/maven2/org/wildfly/common/wildfly-common/1.5.4.Final/wildfly-common-1.5.4.Final.jar
[INFO] Downloading from central: https://repo.maven.apache.org/maven2/io/opentracing/opentracing-api/0.32.0/opentracing-api-0.32.0.jar
[INFO] Downloaded from central: https://repo.maven.apache.org/maven2/io/opentracing/opentracing-api/0.32.0/opentracing-api-0.32.0.jar (19 kB at 325 kB/s)
[INFO] Downloaded from central: https://repo.maven.apache.org/maven2/org/jboss/xnio/xnio-nio/3.8.7.Final/xnio-nio-3.8.7.Final.jar (111 kB at 1.9 MB/s)
[INFO] Downloaded from central: https://repo.maven.apache.org/maven2/org/wildfly/common/wildfly-common/1.5.4.Final/wildfly-common-1.5.4.Final.jar (285 kB at 4.0 MB/s)
[INFO] Downloaded from central: https://repo.maven.apache.org/maven2/org/jboss/xnio/xnio-api/3.8.7.Final/xnio-api-3.8.7.Final.jar (585 kB at 6.5 MB/s)
[INFO] Downloaded from central: https://repo.maven.apache.org/maven2/io/undertow/undertow-core/2.2.19.Final/undertow-core-2.2.19.Final.jar (2.4 MB at 24 MB/s)
[INFO] 
[INFO] --- maven-clean-plugin:2.5:clean (default-clean) @ http-string ---
[INFO] 
[INFO] --- maven-resources-plugin:2.6:resources (default-resources) @ http-string ---
[INFO] Using 'UTF-8' encoding to copy filtered resources.
[INFO] skip non existing resourceDirectory /home/srafi/after-cam-ready/compare_/compile_repair_output/work/6c5c6d44e627/http-string/src/main/resources
[INFO] 
[INFO] --- maven-compiler-plugin:3.8.0:compile (default-compile) @ http-string ---
[INFO] Changes detected - recompiling the module!
[INFO] Compiling 3 source files to /home/srafi/after-cam-ready/compare_/compile_repair_output/work/6c5c6d44e627/http-string/target/classes
[INFO] 
[INFO] --- build-helper-maven-plugin:3.0.0:add-test-source (add-test-source) @ http-string ---
[INFO] Test Source directory: /home/srafi/after-cam-ready/compare_/compile_repair_output/work/6c5c6d44e627/http-string/src/integration/java added.
[INFO] 
[INFO] --- build-helper-maven-plugin:3.0.0:add-test-resource (add-test-resource) @ http-string ---
[INFO] 
[INFO] --- maven-resources-plugin:2.6:testResources (default-testResources) @ http-string ---
[INFO] Using 'UTF-8' encoding to copy filtered resources.
[INFO] skip non existing resourceDirectory /home/srafi/after-cam-ready/compare_/compile_repair_output/work/6c5c6d44e627/http-string/src/test/resources
[INFO] skip non existing resourceDirectory /home/srafi/after-cam-ready/compare_/compile_repair_output/work/6c5c6d44e627/http-string\src\integration\resources
[INFO] 
[INFO] --- maven-compiler-plugin:3.8.0:testCompile (default-testCompile) @ http-string ---
[INFO] No sources to compile
[INFO] 
[INFO] --- maven-surefire-plugin:3.0.0-M8-SNAPSHOT:test (default-test) @ http-string ---
[INFO] Tests are skipped.
[INFO] 
[INFO] --- maven-jar-plugin:2.4:jar (default-jar) @ http-string ---
[INFO] Building jar: /home/srafi/after-cam-ready/compare_/compile_repair_output/work/6c5c6d44e627/http-string/target/http-string-2.1.2-SNAPSHOT.jar
[INFO] 
[INFO] --- javadoc-packagelist-maven-plugin:1.0.0:gen-package-list (default) @ http-string ---
[INFO] Created package-list
[INFO] 
[INFO] >>> maven-source-plugin:3.0.1:jar (attach-sources) > generate-sources @ http-string >>>
[INFO] 
[INFO] <<< maven-source-plugin:3.0.1:jar (attach-sources) < generate-sources @ http-string <<<
[INFO] 
[INFO] 
[INFO] --- maven-source-plugin:3.0.1:jar (attach-sources) @ http-string ---
[INFO] Building jar: /home/srafi/after-cam-ready/compare_/compile_repair_output/work/6c5c6d44e627/http-string/target/http-string-2.1.2-SNAPSHOT-sources.jar
[INFO] 
[INFO] --- maven-javadoc-plugin:3.1.0:jar (attach-javadocs) @ http-string ---
[INFO] Skipping javadoc generation
[INFO] 
[INFO] --- maven-install-plugin:2.4:install (default-install) @ http-string ---
[INFO] Installing /home/srafi/after-cam-ready/compare_/compile_repair_output/work/6c5c6d44e627/http-string/target/http-string-2.1.2-SNAPSHOT.jar to /home/srafi/.m2/repository/com/networknt/http-string/2.1.2-SNAPSHOT/http-string-2.1.2-SNAPSHOT.jar
[INFO] Installing /home/srafi/after-cam-ready/compare_/compile_repair_output/work/6c5c6d44e627/http-string/pom.xml to /home/srafi/.m2/repository/com/networknt/http-string/2.1.2-SNAPSHOT/http-string-2.1.2-SNAPSHOT.pom
[INFO] Installing /home/srafi/after-cam-ready/compare_/compile_repair_output/work/6c5c6d44e627/http-string/target/http-string-2.1.2-SNAPSHOT-sources.jar to /home/srafi/.m2/repository/com/networknt/http-string/2.1.2-SNAPSHOT/http-string-2.1.2-SNAPSHOT-sources.jar
[INFO] 
[INFO] -----------------------< com.networknt:service >------------------------
[INFO] Building service 2.1.2-SNAPSHOT                                   [6/18]
[INFO] --------------------------------[ jar ]---------------------------------
[INFO] 
[INFO] --- maven-clean-plugin:2.5:clean (default-clean) @ service ---
[INFO] 
[INFO] --- maven-resources-plugin:2.6:resources (default-resources) @ service ---
[INFO] Using 'UTF-8' encoding to copy filtered resources.
[INFO] Copying 1 resource
[INFO] 
[INFO] --- maven-compiler-plugin:3.8.0:compile (default-compile) @ service ---
[INFO] Changes detected - recompiling the module!
[INFO] Compiling 3 source files to /home/srafi/after-cam-ready/compare_/compile_repair_output/work/6c5c6d44e627/service/target/classes
[INFO] /home/srafi/after-cam-ready/compare_/compile_repair_output/work/6c5c6d44e627/service/src/main/java/com/networknt/service/ServiceConfig.java: Some input files use unchecked or unsafe operations.
[INFO] /home/srafi/after-cam-ready/compare_/compile_repair_output/work/6c5c6d44e627/service/src/main/java/com/networknt/service/ServiceConfig.java: Recompile with -Xlint:unchecked for details.
[INFO] 
[INFO] --- build-helper-maven-plugin:3.0.0:add-test-source (add-test-source) @ service ---
[INFO] Test Source directory: /home/srafi/after-cam-ready/compare_/compile_repair_output/work/6c5c6d44e627/service/src/integration/java added.
[INFO] 
[INFO] --- build-helper-maven-plugin:3.0.0:add-test-resource (add-test-resource) @ service ---
[INFO] 
[INFO] --- maven-resources-plugin:2.6:testResources (default-testResources) @ service ---
[INFO] Using 'UTF-8' encoding to copy filtered resources.
[INFO] Copying 3 resources
[INFO] skip non existing resourceDirectory /home/srafi/after-cam-ready/compare_/compile_repair_output/work/6c5c6d44e627/service\src\integration\resources
[INFO] 
[INFO] --- maven-compiler-plugin:3.8.0:testCompile (default-testCompile) @ service ---
[INFO] Changes detected - recompiling the module!
[INFO] Compiling 52 source files to /home/srafi/after-cam-ready/compare_/compile_repair_output/work/6c5c6d44e627/service/target/test-classes
[INFO] /home/srafi/after-cam-ready/compare_/compile_repair_output/work/6c5c6d44e627/service/src/test/java/com/networknt/service/InfoValidator.java: Some input files use unchecked or unsafe operations.
[INFO] /home/srafi/after-cam-ready/compare_/compile_repair_output/work/6c5c6d44e627/service/src/test/java/com/networknt/service/InfoValidator.java: Recompile with -Xlint:unchecked for details.
[INFO] 
[INFO] --- maven-surefire-plugin:3.0.0-M8-SNAPSHOT:test (default-test) @ service ---
[INFO] Tests are skipped.
[INFO] 
[INFO] --- maven-jar-plugin:2.4:jar (default-jar) @ service ---
[INFO] Building jar: /home/srafi/after-cam-ready/compare_/compile_repair_output/work/6c5c6d44e627/service/target/service-2.1.2-SNAPSHOT.jar
[INFO] 
[INFO] --- javadoc-packagelist-maven-plugin:1.0.0:gen-package-list (default) @ service ---
[INFO] Created package-list
[INFO] 
[INFO] >>> maven-source-plugin:3.0.1:jar (attach-sources) > generate-sources @ service >>>
[INFO] 
[INFO] <<< maven-source-plugin:3.0.1:jar (attach-sources) < generate-sources @ service <<<
[INFO] 
[INFO] 
[INFO] --- maven-source-plugin:3.0.1:jar (attach-sources) @ service ---
[INFO] Building jar: /home/srafi/after-cam-ready/compare_/compile_repair_output/work/6c5c6d44e627/service/target/service-2.1.2-SNAPSHOT-sources.jar
[INFO] 
[INFO] --- maven-javadoc-plugin:3.1.0:jar (attach-javadocs) @ service ---
[INFO] Skipping javadoc generation
[INFO] 
[INFO] --- maven-install-plugin:2.4:install (default-install) @ service ---
[INFO] Installing /home/srafi/after-cam-ready/compare_/compile_repair_output/work/6c5c6d44e627/service/target/service-2.1.2-SNAPSHOT.jar to /home/srafi/.m2/repository/com/networknt/service/2.1.2-SNAPSHOT/service-2.1.2-SNAPSHOT.jar
[INFO] Installing /home/srafi/after-cam-ready/compare_/compile_repair_output/work/6c5c6d44e627/service/pom.xml to /home/srafi/.m2/repository/com/networknt/service/2.1.2-SNAPSHOT/service-2.1.2-SNAPSHOT.pom
[INFO] Installing /home/srafi/after-cam-ready/compare_/compile_repair_output/work/6c5c6d44e627/service/target/service-2.1.2-SNAPSHOT-sources.jar to /home/srafi/.m2/repository/com/networknt/service/2.1.2-SNAPSHOT/service-2.1.2-SNAPSHOT-sources.jar
[INFO] 
[INFO] ------------------------< com.networknt:status >------------------------
[INFO] Building status 2.1.2-SNAPSHOT                                    [7/18]
[INFO] --------------------------------[ jar ]---------------------------------
[INFO] 
[INFO] --- maven-clean-plugin:2.5:clean (default-clean) @ status ---
[INFO] 
[INFO] --- maven-resources-plugin:2.6:resources (default-resources) @ status ---
[INFO] Using 'UTF-8' encoding to copy filtered resources.
[INFO] Copying 1 resource
[INFO] 
[INFO] --- maven-compiler-plugin:3.8.0:compile (default-compile) @ status ---
[INFO] Changes detected - recompiling the module!
[INFO] Compiling 8 source files to /home/srafi/after-cam-ready/compare_/compile_repair_output/work/6c5c6d44e627/status/target/classes
[INFO] 
[INFO] --- build-helper-maven-plugin:3.0.0:add-test-source (add-test-source) @ status ---
[INFO] Test Source directory: /home/srafi/after-cam-ready/compare_/compile_repair_output/work/6c5c6d44e627/status/src/integration/java added.
[INFO] 
[INFO] --- build-helper-maven-plugin:3.0.0:add-test-resource (add-test-resource) @ status ---
[INFO] 
[INFO] --- maven-resources-plugin:2.6:testResources (default-testResources) @ status ---
[INFO] Using 'UTF-8' encoding to copy filtered resources.
[INFO] Copying 2 resources
[INFO] skip non existing resourceDirectory /home/srafi/after-cam-ready/compare_/compile_repair_output/work/6c5c6d44e627/status\src\integration\resources
[INFO] 
[INFO] --- maven-compiler-plugin:3.8.0:testCompile (default-testCompile) @ status ---
[INFO] Changes detected - recompiling the module!
[INFO] Compiling 7 source files to /home/srafi/after-cam-ready/compare_/compile_repair_output/work/6c5c6d44e627/status/target/test-classes
[INFO] /home/srafi/after-cam-ready/compare_/compile_repair_output/work/6c5c6d44e627/status/src/test/java/com/networknt/status/StatusDefaultTest.java: /home/srafi/after-cam-ready/compare_/compile_repair_output/work/6c5c6d44e627/status/src/test/java/com/networknt/status/StatusDefaultTest.java uses unchecked or unsafe operations.
[INFO] /home/srafi/after-cam-ready/compare_/compile_repair_output/work/6c5c6d44e627/status/src/test/java/com/networknt/status/StatusDefaultTest.java: Recompile with -Xlint:unchecked for details.
[INFO] 
[INFO] --- maven-surefire-plugin:3.0.0-M8-SNAPSHOT:test (default-test) @ status ---
[INFO] Tests are skipped.
[INFO] 
[INFO] --- maven-jar-plugin:2.4:jar (default-jar) @ status ---
[INFO] Building jar: /home/srafi/after-cam-ready/compare_/compile_repair_output/work/6c5c6d44e627/status/target/status-2.1.2-SNAPSHOT.jar
[INFO] 
[INFO] --- javadoc-packagelist-maven-plugin:1.0.0:gen-package-list (default) @ status ---
[INFO] Created package-list
[INFO] 
[INFO] >>> maven-source-plugin:3.0.1:jar (attach-sources) > generate-sources @ status >>>
[INFO] 
[INFO] <<< maven-source-plugin:3.0.1:jar (attach-sources) < generate-sources @ status <<<
[INFO] 
[INFO] 
[INFO] --- maven-source-plugin:3.0.1:jar (attach-sources) @ status ---
[INFO] Building jar: /home/srafi/after-cam-ready/compare_/compile_repair_output/work/6c5c6d44e627/status/target/status-2.1.2-SNAPSHOT-sources.jar
[INFO] 
[INFO] --- maven-javadoc-plugin:3.1.0:jar (attach-javadocs) @ status ---
[INFO] Skipping javadoc generation
[INFO] 
[INFO] --- maven-install-plugin:2.4:install (default-install) @ status ---
[INFO] Installing /home/srafi/after-cam-ready/compare_/compile_repair_output/work/6c5c6d44e627/status/target/status-2.1.2-SNAPSHOT.jar to /home/srafi/.m2/repository/com/networknt/status/2.1.2-SNAPSHOT/status-2.1.2-SNAPSHOT.jar
[INFO] Installing /home/srafi/after-cam-ready/compare_/compile_repair_output/work/6c5c6d44e627/status/pom.xml to /home/srafi/.m2/repository/com/networknt/status/2.1.2-SNAPSHOT/status-2.1.2-SNAPSHOT.pom
[INFO] Installing /home/srafi/after-cam-ready/compare_/compile_repair_output/work/6c5c6d44e627/status/target/status-2.1.2-SNAPSHOT-sources.jar to /home/srafi/.m2/repository/com/networknt/status/2.1.2-SNAPSHOT/status-2.1.2-SNAPSHOT-sources.jar
[INFO] 
[INFO] ------------------------< com.networknt:common >------------------------
[INFO] Building common 2.1.2-SNAPSHOT                                    [8/18]
[INFO] --------------------------------[ jar ]---------------------------------
[INFO] 
[INFO] --- maven-clean-plugin:2.5:clean (default-clean) @ common ---
[INFO] 
[INFO] --- maven-resources-plugin:2.6:resources (default-resources) @ common ---
[INFO] Using 'UTF-8' encoding to copy filtered resources.
[INFO] skip non existing resourceDirectory /home/srafi/after-cam-ready/compare_/compile_repair_output/work/6c5c6d44e627/common/src/main/resources
[INFO] 
[INFO] --- maven-compiler-plugin:3.8.0:compile (default-compile) @ common ---
[INFO] Changes detected - recompiling the module!
[INFO] Compiling 2 source files to /home/srafi/after-cam-ready/compare_/compile_repair_output/work/6c5c6d44e627/common/target/classes
[INFO] /home/srafi/after-cam-ready/compare_/compile_repair_output/work/6c5c6d44e627/common/src/main/java/com/networknt/common/DecryptUtil.java: /home/srafi/after-cam-ready/compare_/compile_repair_output/work/6c5c6d44e627/common/src/main/java/com/networknt/common/DecryptUtil.java uses unchecked or unsafe operations.
[INFO] /home/srafi/after-cam-ready/compare_/compile_repair_output/work/6c5c6d44e627/common/src/main/java/com/networknt/common/DecryptUtil.java: Recompile with -Xlint:unchecked for details.
[INFO] 
[INFO] --- build-helper-maven-plugin:3.0.0:add-test-source (add-test-source) @ common ---
[INFO] Test Source directory: /home/srafi/after-cam-ready/compare_/compile_repair_output/work/6c5c6d44e627/common/src/integration/java added.
[INFO] 
[INFO] --- build-helper-maven-plugin:3.0.0:add-test-resource (add-test-resource) @ common ---
[INFO] 
[INFO] --- maven-resources-plugin:2.6:testResources (default-testResources) @ common ---
[INFO] Using 'UTF-8' encoding to copy filtered resources.
[INFO] Copying 3 resources
[INFO] skip non existing resourceDirectory /home/srafi/after-cam-ready/compare_/compile_repair_output/work/6c5c6d44e627/common\src\integration\resources
[INFO] 
[INFO] --- maven-compiler-plugin:3.8.0:testCompile (default-testCompile) @ common ---
[INFO] Changes detected - recompiling the module!
[INFO] Compiling 3 source files to /home/srafi/after-cam-ready/compare_/compile_repair_output/work/6c5c6d44e627/common/target/test-classes
[INFO] 
[INFO] --- maven-surefire-plugin:3.0.0-M8-SNAPSHOT:test (default-test) @ common ---
[INFO] Tests are skipped.
[INFO] 
[INFO] --- maven-jar-plugin:2.4:jar (default-jar) @ common ---
[INFO] Building jar: /home/srafi/after-cam-ready/compare_/compile_repair_output/work/6c5c6d44e627/common/target/common-2.1.2-SNAPSHOT.jar
[INFO] 
[INFO] --- javadoc-packagelist-maven-plugin:1.0.0:gen-package-list (default) @ common ---
[INFO] Created package-list
[INFO] 
[INFO] >>> maven-source-plugin:3.0.1:jar (attach-sources) > generate-sources @ common >>>
[INFO] 
[INFO] <<< maven-source-plugin:3.0.1:jar (attach-sources) < generate-sources @ common <<<
[INFO] 
[INFO] 
[INFO] --- maven-source-plugin:3.0.1:jar (attach-sources) @ common ---
[INFO] Building jar: /home/srafi/after-cam-ready/compare_/compile_repair_output/work/6c5c6d44e627/common/target/common-2.1.2-SNAPSHOT-sources.jar
[INFO] 
[INFO] --- maven-javadoc-plugin:3.1.0:jar (attach-javadocs) @ common ---
[INFO] Skipping javadoc generation
[INFO] 
[INFO] --- maven-install-plugin:2.4:install (default-install) @ common ---
[INFO] Installing /home/srafi/after-cam-ready/compare_/compile_repair_output/work/6c5c6d44e627/common/target/common-2.1.2-SNAPSHOT.jar to /home/srafi/.m2/repository/com/networknt/common/2.1.2-SNAPSHOT/common-2.1.2-SNAPSHOT.jar
[INFO] Installing /home/srafi/after-cam-ready/compare_/compile_repair_output/work/6c5c6d44e627/common/pom.xml to /home/srafi/.m2/repository/com/networknt/common/2.1.2-SNAPSHOT/common-2.1.2-SNAPSHOT.pom
[INFO] Installing /home/srafi/after-cam-ready/compare_/compile_repair_output/work/6c5c6d44e627/common/target/common-2.1.2-SNAPSHOT-sources.jar to /home/srafi/.m2/repository/com/networknt/common/2.1.2-SNAPSHOT/common-2.1.2-SNAPSHOT-sources.jar
[INFO] 
[INFO] -----------------------< com.networknt:handler >------------------------
[INFO] Building handler 2.1.2-SNAPSHOT                                   [9/18]
[INFO] --------------------------------[ jar ]---------------------------------
[INFO] 
[INFO] --- maven-clean-plugin:2.5:clean (default-clean) @ handler ---
[INFO] 
[INFO] --- maven-resources-plugin:2.6:resources (default-resources) @ handler ---
[INFO] Using 'UTF-8' encoding to copy filtered resources.
[INFO] Copying 2 resources
[INFO] 
[INFO] --- maven-compiler-plugin:3.8.0:compile (default-compile) @ handler ---
[INFO] Changes detected - recompiling the module!
[INFO] Compiling 24 source files to /home/srafi/after-cam-ready/compare_/compile_repair_output/work/6c5c6d44e627/handler/target/classes
[INFO] /home/srafi/after-cam-ready/compare_/compile_repair_output/work/6c5c6d44e627/handler/src/main/java/com/networknt/handler/Handler.java: /home/srafi/after-cam-ready/compare_/compile_repair_output/work/6c5c6d44e627/handler/src/main/java/com/networknt/handler/Handler.java uses unchecked or unsafe operations.
[INFO] /home/srafi/after-cam-ready/compare_/compile_repair_output/work/6c5c6d44e627/handler/src/main/java/com/networknt/handler/Handler.java: Recompile with -Xlint:unchecked for details.
[INFO] 
[INFO] --- build-helper-maven-plugin:3.0.0:add-test-source (add-test-source) @ handler ---
[INFO] Test Source directory: /home/srafi/after-cam-ready/compare_/compile_repair_output/work/6c5c6d44e627/handler/src/integration/java added.
[INFO] 
[INFO] --- build-helper-maven-plugin:3.0.0:add-test-resource (add-test-resource) @ handler ---
[INFO] 
[INFO] --- maven-resources-plugin:2.6:testResources (default-testResources) @ handler ---
[INFO] Using 'UTF-8' encoding to copy filtered resources.
[INFO] Copying 6 resources
[INFO] skip non existing resourceDirectory /home/srafi/after-cam-ready/compare_/compile_repair_output/work/6c5c6d44e627/handler\src\integration\resources
[INFO] 
[INFO] --- maven-compiler-plugin:3.8.0:testCompile (default-testCompile) @ handler ---
[INFO] Changes detected - recompiling the module!
[INFO] Compiling 5 source files to /home/srafi/after-cam-ready/compare_/compile_repair_output/work/6c5c6d44e627/handler/target/test-classes
[INFO] 
[INFO] --- maven-surefire-plugin:3.0.0-M8-SNAPSHOT:test (default-test) @ handler ---
[INFO] Tests are skipped.
[INFO] 
[INFO] --- maven-jar-plugin:2.4:jar (default-jar) @ handler ---
[INFO] Building jar: /home/srafi/after-cam-ready/compare_/compile_repair_output/work/6c5c6d44e627/handler/target/handler-2.1.2-SNAPSHOT.jar
[INFO] 
[INFO] --- javadoc-packagelist-maven-plugin:1.0.0:gen-package-list (default) @ handler ---
[INFO] Created package-list
[INFO] 
[INFO] >>> maven-source-plugin:3.0.1:jar (attach-sources) > generate-sources @ handler >>>
[INFO] 
[INFO] <<< maven-source-plugin:3.0.1:jar (attach-sources) < generate-sources @ handler <<<
[INFO] 
[INFO] 
[INFO] --- maven-source-plugin:3.0.1:jar (attach-sources) @ handler ---
[INFO] Building jar: /home/srafi/after-cam-ready/compare_/compile_repair_output/work/6c5c6d44e627/handler/target/handler-2.1.2-SNAPSHOT-sources.jar
[INFO] 
[INFO] --- maven-javadoc-plugin:3.1.0:jar (attach-javadocs) @ handler ---
[INFO] Skipping javadoc generation
[INFO] 
[INFO] --- maven-install-plugin:2.4:install (default-install) @ handler ---
[INFO] Installing /home/srafi/after-cam-ready/compare_/compile_repair_output/work/6c5c6d44e627/handler/target/handler-2.1.2-SNAPSHOT.jar to /home/srafi/.m2/repository/com/networknt/handler/2.1.2-SNAPSHOT/handler-2.1.2-SNAPSHOT.jar
[INFO] Installing /home/srafi/after-cam-ready/compare_/compile_repair_output/work/6c5c6d44e627/handler/pom.xml to /home/srafi/.m2/repository/com/networknt/handler/2.1.2-SNAPSHOT/handler-2.1.2-SNAPSHOT.pom
[INFO] Installing /home/srafi/after-cam-ready/compare_/compile_repair_output/work/6c5c6d44e627/handler/target/handler-2.1.2-SNAPSHOT-sources.jar to /home/srafi/.m2/repository/com/networknt/handler/2.1.2-SNAPSHOT/handler-2.1.2-SNAPSHOT-sources.jar
[INFO] 
[INFO] ---------------------< com.networknt:http-entity >----------------------
[INFO] Building http-entity 2.1.2-SNAPSHOT                              [10/18]
[INFO] --------------------------------[ jar ]---------------------------------
[INFO] 
[INFO] --- maven-clean-plugin:2.5:clean (default-clean) @ http-entity ---
[INFO] 
[INFO] --- maven-resources-plugin:2.6:resources (default-resources) @ http-entity ---
[INFO] Using 'UTF-8' encoding to copy filtered resources.
[INFO] skip non existing resourceDirectory /home/srafi/after-cam-ready/compare_/compile_repair_output/work/6c5c6d44e627/http-entity/src/main/resources
[INFO] 
[INFO] --- maven-compiler-plugin:3.8.0:compile (default-compile) @ http-entity ---
[INFO] Changes detected - recompiling the module!
[INFO] Compiling 12 source files to /home/srafi/after-cam-ready/compare_/compile_repair_output/work/6c5c6d44e627/http-entity/target/classes
[INFO] 
[INFO] --- build-helper-maven-plugin:3.0.0:add-test-source (add-test-source) @ http-entity ---
[INFO] Test Source directory: /home/srafi/after-cam-ready/compare_/compile_repair_output/work/6c5c6d44e627/http-entity/src/integration/java added.
[INFO] 
[INFO] --- build-helper-maven-plugin:3.0.0:add-test-resource (add-test-resource) @ http-entity ---
[INFO] 
[INFO] --- maven-resources-plugin:2.6:testResources (default-testResources) @ http-entity ---
[INFO] Using 'UTF-8' encoding to copy filtered resources.
[INFO] Copying 1 resource
[INFO] skip non existing resourceDirectory /home/srafi/after-cam-ready/compare_/compile_repair_output/work/6c5c6d44e627/http-entity\src\integration\resources
[INFO] 
[INFO] --- maven-compiler-plugin:3.8.0:testCompile (default-testCompile) @ http-entity ---
[INFO] No sources to compile
[INFO] 
[INFO] --- maven-surefire-plugin:3.0.0-M8-SNAPSHOT:test (default-test) @ http-entity ---
[INFO] Tests are skipped.
[INFO] 
[INFO] --- maven-jar-plugin:2.4:jar (default-jar) @ http-entity ---
[INFO] Building jar: /home/srafi/after-cam-ready/compare_/compile_repair_output/work/6c5c6d44e627/http-entity/target/http-entity-2.1.2-SNAPSHOT.jar
[INFO] 
[INFO] --- javadoc-packagelist-maven-plugin:1.0.0:gen-package-list (default) @ http-entity ---
[INFO] Created package-list
[INFO] 
[INFO] >>> maven-source-plugin:3.0.1:jar (attach-sources) > generate-sources @ http-entity >>>
[INFO] 
[INFO] <<< maven-source-plugin:3.0.1:jar (attach-sources) < generate-sources @ http-entity <<<
[INFO] 
[INFO] 
[INFO] --- maven-source-plugin:3.0.1:jar (attach-sources) @ http-entity ---
[INFO] Building jar: /home/srafi/after-cam-ready/compare_/compile_repair_output/work/6c5c6d44e627/http-entity/target/http-entity-2.1.2-SNAPSHOT-sources.jar
[INFO] 
[INFO] --- maven-javadoc-plugin:3.1.0:jar (attach-javadocs) @ http-entity ---
[INFO] Skipping javadoc generation
[INFO] 
[INFO] --- maven-install-plugin:2.4:install (default-install) @ http-entity ---
[INFO] Installing /home/srafi/after-cam-ready/compare_/compile_repair_output/work/6c5c6d44e627/http-entity/target/http-entity-2.1.2-SNAPSHOT.jar to /home/srafi/.m2/repository/com/networknt/http-entity/2.1.2-SNAPSHOT/http-entity-2.1.2-SNAPSHOT.jar
[INFO] Installing /home/srafi/after-cam-ready/compare_/compile_repair_output/work/6c5c6d44e627/http-entity/pom.xml to /home/srafi/.m2/repository/com/networknt/http-entity/2.1.2-SNAPSHOT/http-entity-2.1.2-SNAPSHOT.pom
[INFO] Installing /home/srafi/after-cam-ready/compare_/compile_repair_output/work/6c5c6d44e627/http-entity/target/http-entity-2.1.2-SNAPSHOT-sources.jar to /home/srafi/.m2/repository/com/networknt/http-entity/2.1.2-SNAPSHOT/http-entity-2.1.2-SNAPSHOT-sources.jar
[INFO] 
[INFO] ---------------------< com.networknt:monad-result >---------------------
[INFO] Building monad-result 2.1.2-SNAPSHOT                             [11/18]
[INFO] --------------------------------[ jar ]---------------------------------
[INFO] 
[INFO] --- maven-clean-plugin:2.5:clean (default-clean) @ monad-result ---
[INFO] 
[INFO] --- maven-resources-plugin:2.6:resources (default-resources) @ monad-result ---
[INFO] Using 'UTF-8' encoding to copy filtered resources.
[INFO] skip non existing resourceDirectory /home/srafi/after-cam-ready/compare_/compile_repair_output/work/6c5c6d44e627/monad-result/src/main/resources
[INFO] 
[INFO] --- maven-compiler-plugin:3.8.0:compile (default-compile) @ monad-result ---
[INFO] Changes detected - recompiling the module!
[INFO] Compiling 3 source files to /home/srafi/after-cam-ready/compare_/compile_repair_output/work/6c5c6d44e627/monad-result/target/classes
[INFO] /home/srafi/after-cam-ready/compare_/compile_repair_output/work/6c5c6d44e627/monad-result/src/main/java/com/networknt/monad/Result.java: /home/srafi/after-cam-ready/compare_/compile_repair_output/work/6c5c6d44e627/monad-result/src/main/java/com/networknt/monad/Result.java uses unchecked or unsafe operations.
[INFO] /home/srafi/after-cam-ready/compare_/compile_repair_output/work/6c5c6d44e627/monad-result/src/main/java/com/networknt/monad/Result.java: Recompile with -Xlint:unchecked for details.
[INFO] 
[INFO] --- build-helper-maven-plugin:3.0.0:add-test-source (add-test-source) @ monad-result ---
[INFO] Test Source directory: /home/srafi/after-cam-ready/compare_/compile_repair_output/work/6c5c6d44e627/monad-result/src/integration/java added.
[INFO] 
[INFO] --- build-helper-maven-plugin:3.0.0:add-test-resource (add-test-resource) @ monad-result ---
[INFO] 
[INFO] --- maven-resources-plugin:2.6:testResources (default-testResources) @ monad-result ---
[INFO] Using 'UTF-8' encoding to copy filtered resources.
[INFO] Copying 1 resource
[INFO] skip non existing resourceDirectory /home/srafi/after-cam-ready/compare_/compile_repair_output/work/6c5c6d44e627/monad-result\src\integration\resources
[INFO] 
[INFO] --- maven-compiler-plugin:3.8.0:testCompile (default-testCompile) @ monad-result ---
[INFO] Changes detected - recompiling the module!
[INFO] Compiling 1 source file to /home/srafi/after-cam-ready/compare_/compile_repair_output/work/6c5c6d44e627/monad-result/target/test-classes
[INFO] 
[INFO] --- maven-surefire-plugin:3.0.0-M8-SNAPSHOT:test (default-test) @ monad-result ---
[INFO] Tests are skipped.
[INFO] 
[INFO] --- maven-jar-plugin:2.4:jar (default-jar) @ monad-result ---
[INFO] Building jar: /home/srafi/after-cam-ready/compare_/compile_repair_output/work/6c5c6d44e627/monad-result/target/monad-result-2.1.2-SNAPSHOT.jar
[INFO] 
[INFO] --- javadoc-packagelist-maven-plugin:1.0.0:gen-package-list (default) @ monad-result ---
[INFO] Created package-list
[INFO] 
[INFO] >>> maven-source-plugin:3.0.1:jar (attach-sources) > generate-sources @ monad-result >>>
[INFO] 
[INFO] <<< maven-source-plugin:3.0.1:jar (attach-sources) < generate-sources @ monad-result <<<
[INFO] 
[INFO] 
[INFO] --- maven-source-plugin:3.0.1:jar (attach-sources) @ monad-result ---
[INFO] Building jar: /home/srafi/after-cam-ready/compare_/compile_repair_output/work/6c5c6d44e627/monad-result/target/monad-result-2.1.2-SNAPSHOT-sources.jar
[INFO] 
[INFO] --- maven-javadoc-plugin:3.1.0:jar (attach-javadocs) @ monad-result ---
[INFO] Skipping javadoc generation
[INFO] 
[INFO] --- maven-install-plugin:2.4:install (default-install) @ monad-result ---
[INFO] Installing /home/srafi/after-cam-ready/compare_/compile_repair_output/work/6c5c6d44e627/monad-result/target/monad-result-2.1.2-SNAPSHOT.jar to /home/srafi/.m2/repository/com/networknt/monad-result/2.1.2-SNAPSHOT/monad-result-2.1.2-SNAPSHOT.jar
[INFO] Installing /home/srafi/after-cam-ready/compare_/compile_repair_output/work/6c5c6d44e627/monad-result/pom.xml to /home/srafi/.m2/repository/com/networknt/monad-result/2.1.2-SNAPSHOT/monad-result-2.1.2-SNAPSHOT.pom
[INFO] Installing /home/srafi/after-cam-ready/compare_/compile_repair_output/work/6c5c6d44e627/monad-result/target/monad-result-2.1.2-SNAPSHOT-sources.jar to /home/srafi/.m2/repository/com/networknt/monad-result/2.1.2-SNAPSHOT/monad-result-2.1.2-SNAPSHOT-sources.jar
[INFO] 
[INFO] -----------------------< com.networknt:switcher >-----------------------
[INFO] Building switcher 2.1.2-SNAPSHOT                                 [12/18]
[INFO] --------------------------------[ jar ]---------------------------------
[INFO] 
[INFO] --- maven-clean-plugin:2.5:clean (default-clean) @ switcher ---
[INFO] 
[INFO] --- maven-resources-plugin:2.6:resources (default-resources) @ switcher ---
[INFO] Using 'UTF-8' encoding to copy filtered resources.
[INFO] skip non existing resourceDirectory /home/srafi/after-cam-ready/compare_/compile_repair_output/work/6c5c6d44e627/switcher/src/main/resources
[INFO] 
[INFO] --- maven-compiler-plugin:3.8.0:compile (default-compile) @ switcher ---
[INFO] Changes detected - recompiling the module!
[INFO] Compiling 5 source files to /home/srafi/after-cam-ready/compare_/compile_repair_output/work/6c5c6d44e627/switcher/target/classes
[INFO] /home/srafi/after-cam-ready/compare_/compile_repair_output/work/6c5c6d44e627/switcher/src/main/java/com/networknt/switcher/LocalSwitcherService.java: /home/srafi/after-cam-ready/compare_/compile_repair_output/work/6c5c6d44e627/switcher/src/main/java/com/networknt/switcher/LocalSwitcherService.java uses unchecked or unsafe operations.
[INFO] /home/srafi/after-cam-ready/compare_/compile_repair_output/work/6c5c6d44e627/switcher/src/main/java/com/networknt/switcher/LocalSwitcherService.java: Recompile with -Xlint:unchecked for details.
[INFO] 
[INFO] --- build-helper-maven-plugin:3.0.0:add-test-source (add-test-source) @ switcher ---
[INFO] Test Source directory: /home/srafi/after-cam-ready/compare_/compile_repair_output/work/6c5c6d44e627/switcher/src/integration/java added.
[INFO] 
[INFO] --- build-helper-maven-plugin:3.0.0:add-test-resource (add-test-resource) @ switcher ---
[INFO] 
[INFO] --- maven-resources-plugin:2.6:testResources (default-testResources) @ switcher ---
[INFO] Using 'UTF-8' encoding to copy filtered resources.
[INFO] Copying 1 resource
[INFO] skip non existing resourceDirectory /home/srafi/after-cam-ready/compare_/compile_repair_output/work/6c5c6d44e627/switcher\src\integration\resources
[INFO] 
[INFO] --- maven-compiler-plugin:3.8.0:testCompile (default-testCompile) @ switcher ---
[INFO] Changes detected - recompiling the module!
[INFO] Compiling 1 source file to /home/srafi/after-cam-ready/compare_/compile_repair_output/work/6c5c6d44e627/switcher/target/test-classes
[INFO] 
[INFO] --- maven-surefire-plugin:3.0.0-M8-SNAPSHOT:test (default-test) @ switcher ---
[INFO] Tests are skipped.
[INFO] 
[INFO] --- maven-jar-plugin:2.4:jar (default-jar) @ switcher ---
[INFO] Building jar: /home/srafi/after-cam-ready/compare_/compile_repair_output/work/6c5c6d44e627/switcher/target/switcher-2.1.2-SNAPSHOT.jar
[INFO] 
[INFO] --- javadoc-packagelist-maven-plugin:1.0.0:gen-package-list (default) @ switcher ---
[INFO] Created package-list
[INFO] 
[INFO] >>> maven-source-plugin:3.0.1:jar (attach-sources) > generate-sources @ switcher >>>
[INFO] 
[INFO] <<< maven-source-plugin:3.0.1:jar (attach-sources) < generate-sources @ switcher <<<
[INFO] 
[INFO] 
[INFO] --- maven-source-plugin:3.0.1:jar (attach-sources) @ switcher ---
[INFO] Building jar: /home/srafi/after-cam-ready/compare_/compile_repair_output/work/6c5c6d44e627/switcher/target/switcher-2.1.2-SNAPSHOT-sources.jar
[INFO] 
[INFO] --- maven-javadoc-plugin:3.1.0:jar (attach-javadocs) @ switcher ---
[INFO] Skipping javadoc generation
[INFO] 
[INFO] --- maven-install-plugin:2.4:install (default-install) @ switcher ---
[INFO] Installing /home/srafi/after-cam-ready/compare_/compile_repair_output/work/6c5c6d44e627/switcher/target/switcher-2.1.2-SNAPSHOT.jar to /home/srafi/.m2/repository/com/networknt/switcher/2.1.2-SNAPSHOT/switcher-2.1.2-SNAPSHOT.jar
[INFO] Installing /home/srafi/after-cam-ready/compare_/compile_repair_output/work/6c5c6d44e627/switcher/pom.xml to /home/srafi/.m2/repository/com/networknt/switcher/2.1.2-SNAPSHOT/switcher-2.1.2-SNAPSHOT.pom
[INFO] Installing /home/srafi/after-cam-ready/compare_/compile_repair_output/work/6c5c6d44e627/switcher/target/switcher-2.1.2-SNAPSHOT-sources.jar to /home/srafi/.m2/repository/com/networknt/switcher/2.1.2-SNAPSHOT/switcher-2.1.2-SNAPSHOT-sources.jar
[INFO] 
[INFO] -----------------------< com.networknt:registry >-----------------------
[INFO] Building registry 2.1.2-SNAPSHOT                                 [13/18]
[INFO] --------------------------------[ jar ]---------------------------------
[INFO] 
[INFO] --- maven-clean-plugin:2.5:clean (default-clean) @ registry ---
[INFO] 
[INFO] --- maven-resources-plugin:2.6:resources (default-resources) @ registry ---
[INFO] Using 'UTF-8' encoding to copy filtered resources.
[INFO] skip non existing resourceDirectory /home/srafi/after-cam-ready/compare_/compile_repair_output/work/6c5c6d44e627/registry/src/main/resources
[INFO] 
[INFO] --- maven-compiler-plugin:3.8.0:compile (default-compile) @ registry ---
[INFO] Changes detected - recompiling the module!
[INFO] Compiling 10 source files to /home/srafi/after-cam-ready/compare_/compile_repair_output/work/6c5c6d44e627/registry/target/classes
[INFO] /home/srafi/after-cam-ready/compare_/compile_repair_output/work/6c5c6d44e627/registry/src/main/java/com/networknt/registry/support/DirectRegistry.java: /home/srafi/after-cam-ready/compare_/compile_repair_output/work/6c5c6d44e627/registry/src/main/java/com/networknt/registry/support/DirectRegistry.java uses unchecked or unsafe operations.
[INFO] /home/srafi/after-cam-ready/compare_/compile_repair_output/work/6c5c6d44e627/registry/src/main/java/com/networknt/registry/support/DirectRegistry.java: Recompile with -Xlint:unchecked for details.
[INFO] 
[INFO] --- build-helper-maven-plugin:3.0.0:add-test-source (add-test-source) @ registry ---
[INFO] Test Source directory: /home/srafi/after-cam-ready/compare_/compile_repair_output/work/6c5c6d44e627/registry/src/integration/java added.
[INFO] 
[INFO] --- build-helper-maven-plugin:3.0.0:add-test-resource (add-test-resource) @ registry ---
[INFO] 
[INFO] --- maven-resources-plugin:2.6:testResources (default-testResources) @ registry ---
[INFO] Using 'UTF-8' encoding to copy filtered resources.
[INFO] Copying 3 resources
[INFO] skip non existing resourceDirectory /home/srafi/after-cam-ready/compare_/compile_repair_output/work/6c5c6d44e627/registry\src\integration\resources
[INFO] 
[INFO] --- maven-compiler-plugin:3.8.0:testCompile (default-testCompile) @ registry ---
[INFO] Changes detected - recompiling the module!
[INFO] Compiling 2 source files to /home/srafi/after-cam-ready/compare_/compile_repair_output/work/6c5c6d44e627/registry/target/test-classes
[INFO] 
[INFO] --- maven-surefire-plugin:3.0.0-M8-SNAPSHOT:test (default-test) @ registry ---
[INFO] Tests are skipped.
[INFO] 
[INFO] --- maven-jar-plugin:2.4:jar (default-jar) @ registry ---
[INFO] Building jar: /home/srafi/after-cam-ready/compare_/compile_repair_output/work/6c5c6d44e627/registry/target/registry-2.1.2-SNAPSHOT.jar
[INFO] 
[INFO] --- javadoc-packagelist-maven-plugin:1.0.0:gen-package-list (default) @ registry ---
[INFO] Created package-list
[INFO] 
[INFO] >>> maven-source-plugin:3.0.1:jar (attach-sources) > generate-sources @ registry >>>
[INFO] 
[INFO] <<< maven-source-plugin:3.0.1:jar (attach-sources) < generate-sources @ registry <<<
[INFO] 
[INFO] 
[INFO] --- maven-source-plugin:3.0.1:jar (attach-sources) @ registry ---
[INFO] Building jar: /home/srafi/after-cam-ready/compare_/compile_repair_output/work/6c5c6d44e627/registry/target/registry-2.1.2-SNAPSHOT-sources.jar
[INFO] 
[INFO] --- maven-javadoc-plugin:3.1.0:jar (attach-javadocs) @ registry ---
[INFO] Skipping javadoc generation
[INFO] 
[INFO] --- maven-install-plugin:2.4:install (default-install) @ registry ---
[INFO] Installing /home/srafi/after-cam-ready/compare_/compile_repair_output/work/6c5c6d44e627/registry/target/registry-2.1.2-SNAPSHOT.jar to /home/srafi/.m2/repository/com/networknt/registry/2.1.2-SNAPSHOT/registry-2.1.2-SNAPSHOT.jar
[INFO] Installing /home/srafi/after-cam-ready/compare_/compile_repair_output/work/6c5c6d44e627/registry/pom.xml to /home/srafi/.m2/repository/com/networknt/registry/2.1.2-SNAPSHOT/registry-2.1.2-SNAPSHOT.pom
[INFO] Installing /home/srafi/after-cam-ready/compare_/compile_repair_output/work/6c5c6d44e627/registry/target/registry-2.1.2-SNAPSHOT-sources.jar to /home/srafi/.m2/repository/com/networknt/registry/2.1.2-SNAPSHOT/registry-2.1.2-SNAPSHOT-sources.jar
[INFO] 
[INFO] -----------------------< com.networknt:balance >------------------------
[INFO] Building balance 2.1.2-SNAPSHOT                                  [14/18]
[INFO] --------------------------------[ jar ]---------------------------------
[INFO] 
[INFO] --- maven-clean-plugin:2.5:clean (default-clean) @ balance ---
[INFO] 
[INFO] --- maven-resources-plugin:2.6:resources (default-resources) @ balance ---
[INFO] Using 'UTF-8' encoding to copy filtered resources.
[INFO] skip non existing resourceDirectory /home/srafi/after-cam-ready/compare_/compile_repair_output/work/6c5c6d44e627/balance/src/main/resources
[INFO] 
[INFO] --- maven-compiler-plugin:3.8.0:compile (default-compile) @ balance ---
[INFO] Changes detected - recompiling the module!
[INFO] Compiling 4 source files to /home/srafi/after-cam-ready/compare_/compile_repair_output/work/6c5c6d44e627/balance/target/classes
[INFO] /home/srafi/after-cam-ready/compare_/compile_repair_output/work/6c5c6d44e627/balance/src/main/java/com/networknt/balance/LocalFirstLoadBalance.java: /home/srafi/after-cam-ready/compare_/compile_repair_output/work/6c5c6d44e627/balance/src/main/java/com/networknt/balance/LocalFirstLoadBalance.java uses or overrides a deprecated API.
[INFO] /home/srafi/after-cam-ready/compare_/compile_repair_output/work/6c5c6d44e627/balance/src/main/java/com/networknt/balance/LocalFirstLoadBalance.java: Recompile with -Xlint:deprecation for details.
[INFO] 
[INFO] --- build-helper-maven-plugin:3.0.0:add-test-source (add-test-source) @ balance ---
[INFO] Test Source directory: /home/srafi/after-cam-ready/compare_/compile_repair_output/work/6c5c6d44e627/balance/src/integration/java added.
[INFO] 
[INFO] --- build-helper-maven-plugin:3.0.0:add-test-resource (add-test-resource) @ balance ---
[INFO] 
[INFO] --- maven-resources-plugin:2.6:testResources (default-testResources) @ balance ---
[INFO] Using 'UTF-8' encoding to copy filtered resources.
[INFO] Copying 1 resource
[INFO] skip non existing resourceDirectory /home/srafi/after-cam-ready/compare_/compile_repair_output/work/6c5c6d44e627/balance\src\integration\resources
[INFO] 
[INFO] --- maven-compiler-plugin:3.8.0:testCompile (default-testCompile) @ balance ---
[INFO] Changes detected - recompiling the module!
[INFO] Compiling 3 source files to /home/srafi/after-cam-ready/compare_/compile_repair_output/work/6c5c6d44e627/balance/target/test-classes
[INFO] 
[INFO] --- maven-surefire-plugin:3.0.0-M8-SNAPSHOT:test (default-test) @ balance ---
[INFO] Tests are skipped.
[INFO] 
[INFO] --- maven-jar-plugin:2.4:jar (default-jar) @ balance ---
[INFO] Building jar: /home/srafi/after-cam-ready/compare_/compile_repair_output/work/6c5c6d44e627/balance/target/balance-2.1.2-SNAPSHOT.jar
[INFO] 
[INFO] --- javadoc-packagelist-maven-plugin:1.0.0:gen-package-list (default) @ balance ---
[INFO] Created package-list
[INFO] 
[INFO] >>> maven-source-plugin:3.0.1:jar (attach-sources) > generate-sources @ balance >>>
[INFO] 
[INFO] <<< maven-source-plugin:3.0.1:jar (attach-sources) < generate-sources @ balance <<<
[INFO] 
[INFO] 
[INFO] --- maven-source-plugin:3.0.1:jar (attach-sources) @ balance ---
[INFO] Building jar: /home/srafi/after-cam-ready/compare_/compile_repair_output/work/6c5c6d44e627/balance/target/balance-2.1.2-SNAPSHOT-sources.jar
[INFO] 
[INFO] --- maven-javadoc-plugin:3.1.0:jar (attach-javadocs) @ balance ---
[INFO] Skipping javadoc generation
[INFO] 
[INFO] --- maven-install-plugin:2.4:install (default-install) @ balance ---
[INFO] Installing /home/srafi/after-cam-ready/compare_/compile_repair_output/work/6c5c6d44e627/balance/target/balance-2.1.2-SNAPSHOT.jar to /home/srafi/.m2/repository/com/networknt/balance/2.1.2-SNAPSHOT/balance-2.1.2-SNAPSHOT.jar
[INFO] Installing /home/srafi/after-cam-ready/compare_/compile_repair_output/work/6c5c6d44e627/balance/pom.xml to /home/srafi/.m2/repository/com/networknt/balance/2.1.2-SNAPSHOT/balance-2.1.2-SNAPSHOT.pom
[INFO] Installing /home/srafi/after-cam-ready/compare_/compile_repair_output/work/6c5c6d44e627/balance/target/balance-2.1.2-SNAPSHOT-sources.jar to /home/srafi/.m2/repository/com/networknt/balance/2.1.2-SNAPSHOT/balance-2.1.2-SNAPSHOT-sources.jar
[INFO] 
[INFO] -----------------------< com.networknt:cluster >------------------------
[INFO] Building cluster 2.1.2-SNAPSHOT                                  [15/18]
[INFO] --------------------------------[ jar ]---------------------------------
[INFO] 
[INFO] --- maven-clean-plugin:2.5:clean (default-clean) @ cluster ---
[INFO] 
[INFO] --- maven-resources-plugin:2.6:resources (default-resources) @ cluster ---
[INFO] Using 'UTF-8' encoding to copy filtered resources.
[INFO] skip non existing resourceDirectory /home/srafi/after-cam-ready/compare_/compile_repair_output/work/6c5c6d44e627/cluster/src/main/resources
[INFO] 
[INFO] --- maven-compiler-plugin:3.8.0:compile (default-compile) @ cluster ---
[INFO] Changes detected - recompiling the module!
[INFO] Compiling 2 source files to /home/srafi/after-cam-ready/compare_/compile_repair_output/work/6c5c6d44e627/cluster/target/classes
[INFO] 
[INFO] --- build-helper-maven-plugin:3.0.0:add-test-source (add-test-source) @ cluster ---
[INFO] Test Source directory: /home/srafi/after-cam-ready/compare_/compile_repair_output/work/6c5c6d44e627/cluster/src/integration/java added.
[INFO] 
[INFO] --- build-helper-maven-plugin:3.0.0:add-test-resource (add-test-resource) @ cluster ---
[INFO] 
[INFO] --- maven-resources-plugin:2.6:testResources (default-testResources) @ cluster ---
[INFO] Using 'UTF-8' encoding to copy filtered resources.
[INFO] Copying 2 resources
[INFO] skip non existing resourceDirectory /home/srafi/after-cam-ready/compare_/compile_repair_output/work/6c5c6d44e627/cluster\src\integration\resources
[INFO] 
[INFO] --- maven-compiler-plugin:3.8.0:testCompile (default-testCompile) @ cluster ---
[INFO] Changes detected - recompiling the module!
[INFO] Compiling 1 source file to /home/srafi/after-cam-ready/compare_/compile_repair_output/work/6c5c6d44e627/cluster/target/test-classes
[INFO] 
[INFO] --- maven-surefire-plugin:3.0.0-M8-SNAPSHOT:test (default-test) @ cluster ---
[INFO] Tests are skipped.
[INFO] 
[INFO] --- maven-jar-plugin:2.4:jar (default-jar) @ cluster ---
[INFO] Building jar: /home/srafi/after-cam-ready/compare_/compile_repair_output/work/6c5c6d44e627/cluster/target/cluster-2.1.2-SNAPSHOT.jar
[INFO] 
[INFO] --- javadoc-packagelist-maven-plugin:1.0.0:gen-package-list (default) @ cluster ---
[INFO] Created package-list
[INFO] 
[INFO] >>> maven-source-plugin:3.0.1:jar (attach-sources) > generate-sources @ cluster >>>
[INFO] 
[INFO] <<< maven-source-plugin:3.0.1:jar (attach-sources) < generate-sources @ cluster <<<
[INFO] 
[INFO] 
[INFO] --- maven-source-plugin:3.0.1:jar (attach-sources) @ cluster ---
[INFO] Building jar: /home/srafi/after-cam-ready/compare_/compile_repair_output/work/6c5c6d44e627/cluster/target/cluster-2.1.2-SNAPSHOT-sources.jar
[INFO] 
[INFO] --- maven-javadoc-plugin:3.1.0:jar (attach-javadocs) @ cluster ---
[INFO] Skipping javadoc generation
[INFO] 
[INFO] --- maven-install-plugin:2.4:install (default-install) @ cluster ---
[INFO] Installing /home/srafi/after-cam-ready/compare_/compile_repair_output/work/6c5c6d44e627/cluster/target/cluster-2.1.2-SNAPSHOT.jar to /home/srafi/.m2/repository/com/networknt/cluster/2.1.2-SNAPSHOT/cluster-2.1.2-SNAPSHOT.jar
[INFO] Installing /home/srafi/after-cam-ready/compare_/compile_repair_output/work/6c5c6d44e627/cluster/pom.xml to /home/srafi/.m2/repository/com/networknt/cluster/2.1.2-SNAPSHOT/cluster-2.1.2-SNAPSHOT.pom
[INFO] Installing /home/srafi/after-cam-ready/compare_/compile_repair_output/work/6c5c6d44e627/cluster/target/cluster-2.1.2-SNAPSHOT-sources.jar to /home/srafi/.m2/repository/com/networknt/cluster/2.1.2-SNAPSHOT/cluster-2.1.2-SNAPSHOT-sources.jar
[INFO] 
[INFO] ------------------------< com.networknt:client >------------------------
[INFO] Building client 2.1.2-SNAPSHOT                                   [16/18]
[INFO] --------------------------------[ jar ]---------------------------------
[INFO] Downloading from central: https://repo.maven.apache.org/maven2/io/jaegertracing/jaeger-client/1.8.0/jaeger-client-1.8.0.pom
[INFO] Downloaded from central: https://repo.maven.apache.org/maven2/io/jaegertracing/jaeger-client/1.8.0/jaeger-client-1.8.0.pom (1.9 kB at 63 kB/s)
[INFO] Downloading from central: https://repo.maven.apache.org/maven2/io/jaegertracing/jaeger-thrift/1.8.0/jaeger-thrift-1.8.0.pom
[INFO] Downloaded from central: https://repo.maven.apache.org/maven2/io/jaegertracing/jaeger-thrift/1.8.0/jaeger-thrift-1.8.0.pom (2.4 kB at 76 kB/s)
[INFO] Downloading from central: https://repo.maven.apache.org/maven2/io/jaegertracing/jaeger-core/1.8.0/jaeger-core-1.8.0.pom
[INFO] Downloaded from central: https://repo.maven.apache.org/maven2/io/jaegertracing/jaeger-core/1.8.0/jaeger-core-1.8.0.pom (2.0 kB at 68 kB/s)
[INFO] Downloading from central: https://repo.maven.apache.org/maven2/io/jaegertracing/jaeger-tracerresolver/1.8.0/jaeger-tracerresolver-1.8.0.pom
[INFO] Downloaded from central: https://repo.maven.apache.org/maven2/io/jaegertracing/jaeger-tracerresolver/1.8.0/jaeger-tracerresolver-1.8.0.pom (1.7 kB at 57 kB/s)
[INFO] Downloading from central: https://repo.maven.apache.org/maven2/io/opentracing/contrib/opentracing-tracerresolver/0.1.8/opentracing-tracerresolver-0.1.8.pom
[INFO] Downloaded from central: https://repo.maven.apache.org/maven2/io/opentracing/contrib/opentracing-tracerresolver/0.1.8/opentracing-tracerresolver-0.1.8.pom (3.5 kB at 122 kB/s)
[INFO] Downloading from central: https://repo.maven.apache.org/maven2/io/opentracing/contrib/opentracing-tracerresolver-parent/0.1.8/opentracing-tracerresolver-parent-0.1.8.pom
[INFO] Downloaded from central: https://repo.maven.apache.org/maven2/io/opentracing/contrib/opentracing-tracerresolver-parent/0.1.8/opentracing-tracerresolver-parent-0.1.8.pom (11 kB at 382 kB/s)
[INFO] Downloading from central: https://repo.maven.apache.org/maven2/io/jaegertracing/jaeger-client/1.8.0/jaeger-client-1.8.0.jar
[INFO] Downloading from central: https://repo.maven.apache.org/maven2/io/jaegertracing/jaeger-thrift/1.8.0/jaeger-thrift-1.8.0.jar
[INFO] Downloading from central: https://repo.maven.apache.org/maven2/io/jaegertracing/jaeger-tracerresolver/1.8.0/jaeger-tracerresolver-1.8.0.jar
[INFO] Downloading from central: https://repo.maven.apache.org/maven2/io/jaegertracing/jaeger-core/1.8.0/jaeger-core-1.8.0.jar
[INFO] Downloading from central: https://repo.maven.apache.org/maven2/io/opentracing/contrib/opentracing-tracerresolver/0.1.8/opentracing-tracerresolver-0.1.8.jar
[INFO] Downloaded from central: https://repo.maven.apache.org/maven2/io/jaegertracing/jaeger-client/1.8.0/jaeger-client-1.8.0.jar (1.1 kB at 32 kB/s)
[INFO] Downloaded from central: https://repo.maven.apache.org/maven2/io/opentracing/contrib/opentracing-tracerresolver/0.1.8/opentracing-tracerresolver-0.1.8.jar (7.8 kB at 211 kB/s)
[INFO] Downloaded from central: https://repo.maven.apache.org/maven2/io/jaegertracing/jaeger-tracerresolver/1.8.0/jaeger-tracerresolver-1.8.0.jar (2.6 kB at 59 kB/s)
[INFO] Downloaded from central: https://repo.maven.apache.org/maven2/io/jaegertracing/jaeger-thrift/1.8.0/jaeger-thrift-1.8.0.jar (705 kB at 11 MB/s)
[INFO] Downloaded from central: https://repo.maven.apache.org/maven2/io/jaegertracing/jaeger-core/1.8.0/jaeger-core-1.8.0.jar (145 kB at 1.2 MB/s)
[INFO] 
[INFO] --- maven-clean-plugin:2.5:clean (default-clean) @ client ---
[INFO] 
[INFO] --- maven-resources-plugin:2.6:resources (default-resources) @ client ---
[INFO] Using 'UTF-8' encoding to copy filtered resources.
[INFO] Copying 1 resource
[INFO] 
[INFO] --- maven-compiler-plugin:3.8.0:compile (default-compile) @ client ---
[INFO] Changes detected - recompiling the module!
[INFO] Compiling 73 source files to /home/srafi/after-cam-ready/compare_/compile_repair_output/work/6c5c6d44e627/client/target/classes
[INFO] /home/srafi/after-cam-ready/compare_/compile_repair_output/work/6c5c6d44e627/client/src/main/java/com/networknt/client/oauth/SAMLBearerRequest.java: Some input files use unchecked or unsafe operations.
[INFO] /home/srafi/after-cam-ready/compare_/compile_repair_output/work/6c5c6d44e627/client/src/main/java/com/networknt/client/oauth/SAMLBearerRequest.java: Recompile with -Xlint:unchecked for details.
[INFO] 
[INFO] --- build-helper-maven-plugin:3.0.0:add-test-source (add-test-source) @ client ---
[INFO] Test Source directory: /home/srafi/after-cam-ready/compare_/compile_repair_output/work/6c5c6d44e627/client/src/integration/java added.
[INFO] 
[INFO] --- build-helper-maven-plugin:3.0.0:add-test-resource (add-test-resource) @ client ---
[INFO] 
[INFO] --- maven-resources-plugin:2.6:testResources (default-testResources) @ client ---
[INFO] Using 'UTF-8' encoding to copy filtered resources.
[INFO] Copying 17 resources
[INFO] skip non existing resourceDirectory /home/srafi/after-cam-ready/compare_/compile_repair_output/work/6c5c6d44e627/client\src\integration\resources
[INFO] 
[INFO] --- maven-compiler-plugin:3.8.0:testCompile (default-testCompile) @ client ---
[INFO] Changes detected - recompiling the module!
[INFO] Compiling 23 source files to /home/srafi/after-cam-ready/compare_/compile_repair_output/work/6c5c6d44e627/client/target/test-classes
[INFO] /home/srafi/after-cam-ready/compare_/compile_repair_output/work/6c5c6d44e627/client/src/test/java/com/networknt/client/Http2ClientTest.java: Some input files use or override a deprecated API.
[INFO] /home/srafi/after-cam-ready/compare_/compile_repair_output/work/6c5c6d44e627/client/src/test/java/com/networknt/client/Http2ClientTest.java: Recompile with -Xlint:deprecation for details.
[INFO] /home/srafi/after-cam-ready/compare_/compile_repair_output/work/6c5c6d44e627/client/src/test/java/com/networknt/client/oauth/LongestExpireCacheStrategyTest.java: Some input files use unchecked or unsafe operations.
[INFO] /home/srafi/after-cam-ready/compare_/compile_repair_output/work/6c5c6d44e627/client/src/test/java/com/networknt/client/oauth/LongestExpireCacheStrategyTest.java: Recompile with -Xlint:unchecked for details.
[INFO] 
[INFO] --- maven-surefire-plugin:3.0.0-M8-SNAPSHOT:test (default-test) @ client ---
[INFO] Tests are skipped.
[INFO] 
[INFO] --- maven-jar-plugin:2.4:jar (default-jar) @ client ---
[INFO] Building jar: /home/srafi/after-cam-ready/compare_/compile_repair_output/work/6c5c6d44e627/client/target/client-2.1.2-SNAPSHOT.jar
[INFO] 
[INFO] --- javadoc-packagelist-maven-plugin:1.0.0:gen-package-list (default) @ client ---
[INFO] Created package-list
[INFO] 
[INFO] >>> maven-source-plugin:3.0.1:jar (attach-sources) > generate-sources @ client >>>
[INFO] 
[INFO] <<< maven-source-plugin:3.0.1:jar (attach-sources) < generate-sources @ client <<<
[INFO] 
[INFO] 
[INFO] --- maven-source-plugin:3.0.1:jar (attach-sources) @ client ---
[INFO] Building jar: /home/srafi/after-cam-ready/compare_/compile_repair_output/work/6c5c6d44e627/client/target/client-2.1.2-SNAPSHOT-sources.jar
[INFO] 
[INFO] --- maven-javadoc-plugin:3.1.0:jar (attach-javadocs) @ client ---
[INFO] Skipping javadoc generation
[INFO] 
[INFO] --- maven-install-plugin:2.4:install (default-install) @ client ---
[INFO] Installing /home/srafi/after-cam-ready/compare_/compile_repair_output/work/6c5c6d44e627/client/target/client-2.1.2-SNAPSHOT.jar to /home/srafi/.m2/repository/com/networknt/client/2.1.2-SNAPSHOT/client-2.1.2-SNAPSHOT.jar
[INFO] Installing /home/srafi/after-cam-ready/compare_/compile_repair_output/work/6c5c6d44e627/client/pom.xml to /home/srafi/.m2/repository/com/networknt/client/2.1.2-SNAPSHOT/client-2.1.2-SNAPSHOT.pom
[INFO] Installing /home/srafi/after-cam-ready/compare_/compile_repair_output/work/6c5c6d44e627/client/target/client-2.1.2-SNAPSHOT-sources.jar to /home/srafi/.m2/repository/com/networknt/client/2.1.2-SNAPSHOT/client-2.1.2-SNAPSHOT-sources.jar
[INFO] 
[INFO] ----------------------< com.networknt:exception >-----------------------
[INFO] Building exception 2.1.2-SNAPSHOT                                [17/18]
[INFO] --------------------------------[ jar ]---------------------------------
[INFO] 
[INFO] --- maven-clean-plugin:2.5:clean (default-clean) @ exception ---
[INFO] 
[INFO] --- maven-resources-plugin:2.6:resources (default-resources) @ exception ---
[INFO] Using 'UTF-8' encoding to copy filtered resources.
[INFO] Copying 1 resource
[INFO] 
[INFO] --- maven-compiler-plugin:3.8.0:compile (default-compile) @ exception ---
[INFO] Changes detected - recompiling the module!
[INFO] Compiling 2 source files to /home/srafi/after-cam-ready/compare_/compile_repair_output/work/6c5c6d44e627/exception/target/classes
[INFO] 
[INFO] --- build-helper-maven-plugin:3.0.0:add-test-source (add-test-source) @ exception ---
[INFO] Test Source directory: /home/srafi/after-cam-ready/compare_/compile_repair_output/work/6c5c6d44e627/exception/src/integration/java added.
[INFO] 
[INFO] --- build-helper-maven-plugin:3.0.0:add-test-resource (add-test-resource) @ exception ---
[INFO] 
[INFO] --- maven-resources-plugin:2.6:testResources (default-testResources) @ exception ---
[INFO] Using 'UTF-8' encoding to copy filtered resources.
[INFO] Copying 1 resource
[INFO] skip non existing resourceDirectory /home/srafi/after-cam-ready/compare_/compile_repair_output/work/6c5c6d44e627/exception\src\integration\resources
[INFO] 
[INFO] --- maven-compiler-plugin:3.8.0:testCompile (default-testCompile) @ exception ---
[INFO] Changes detected - recompiling the module!
[INFO] Compiling 1 source file to /home/srafi/after-cam-ready/compare_/compile_repair_output/work/6c5c6d44e627/exception/target/test-classes
[INFO] 
[INFO] --- maven-surefire-plugin:3.0.0-M8-SNAPSHOT:test (default-test) @ exception ---
[INFO] Tests are skipped.
[INFO] 
[INFO] --- maven-jar-plugin:2.4:jar (default-jar) @ exception ---
[INFO] Building jar: /home/srafi/after-cam-ready/compare_/compile_repair_output/work/6c5c6d44e627/exception/target/exception-2.1.2-SNAPSHOT.jar
[INFO] 
[INFO] --- javadoc-packagelist-maven-plugin:1.0.0:gen-package-list (default) @ exception ---
[INFO] Created package-list
[INFO] 
[INFO] >>> maven-source-plugin:3.0.1:jar (attach-sources) > generate-sources @ exception >>>
[INFO] 
[INFO] <<< maven-source-plugin:3.0.1:jar (attach-sources) < generate-sources @ exception <<<
[INFO] 
[INFO] 
[INFO] --- maven-source-plugin:3.0.1:jar (attach-sources) @ exception ---
[INFO] Building jar: /home/srafi/after-cam-ready/compare_/compile_repair_output/work/6c5c6d44e627/exception/target/exception-2.1.2-SNAPSHOT-sources.jar
[INFO] 
[INFO] --- maven-javadoc-plugin:3.1.0:jar (attach-javadocs) @ exception ---
[INFO] Skipping javadoc generation
[INFO] 
[INFO] --- maven-install-plugin:2.4:install (default-install) @ exception ---
[INFO] Installing /home/srafi/after-cam-ready/compare_/compile_repair_output/work/6c5c6d44e627/exception/target/exception-2.1.2-SNAPSHOT.jar to /home/srafi/.m2/repository/com/networknt/exception/2.1.2-SNAPSHOT/exception-2.1.2-SNAPSHOT.jar
[INFO] Installing /home/srafi/after-cam-ready/compare_/compile_repair_output/work/6c5c6d44e627/exception/pom.xml to /home/srafi/.m2/repository/com/networknt/exception/2.1.2-SNAPSHOT/exception-2.1.2-SNAPSHOT.pom
[INFO] Installing /home/srafi/after-cam-ready/compare_/compile_repair_output/work/6c5c6d44e627/exception/target/exception-2.1.2-SNAPSHOT-sources.jar to /home/srafi/.m2/repository/com/networknt/exception/2.1.2-SNAPSHOT/exception-2.1.2-SNAPSHOT-sources.jar
[INFO] 
[INFO] ------------------------< com.networknt:header >------------------------
[INFO] Building header 2.1.2-SNAPSHOT                                   [18/18]
[INFO] --------------------------------[ jar ]---------------------------------
[INFO] 
[INFO] --- maven-clean-plugin:2.5:clean (default-clean) @ header ---
[INFO] 
[INFO] --- maven-resources-plugin:2.6:resources (default-resources) @ header ---
[INFO] Using 'UTF-8' encoding to copy filtered resources.
[INFO] Copying 1 resource
[INFO] 
[INFO] --- maven-compiler-plugin:3.8.0:compile (default-compile) @ header ---
[INFO] Changes detected - recompiling the module!
[INFO] Compiling 2 source files to /home/srafi/after-cam-ready/compare_/compile_repair_output/work/6c5c6d44e627/header/target/classes
[INFO] /home/srafi/after-cam-ready/compare_/compile_repair_output/work/6c5c6d44e627/header/src/main/java/com/networknt/header/HeaderConfig.java: Some input files use unchecked or unsafe operations.
[INFO] /home/srafi/after-cam-ready/compare_/compile_repair_output/work/6c5c6d44e627/header/src/main/java/com/networknt/header/HeaderConfig.java: Recompile with -Xlint:unchecked for details.
[INFO] 
[INFO] --- build-helper-maven-plugin:3.0.0:add-test-source (add-test-source) @ header ---
[INFO] Test Source directory: /home/srafi/after-cam-ready/compare_/compile_repair_output/work/6c5c6d44e627/header/src/integration/java added.
[INFO] 
[INFO] --- build-helper-maven-plugin:3.0.0:add-test-resource (add-test-resource) @ header ---
[INFO] 
[INFO] --- maven-resources-plugin:2.6:testResources (default-testResources) @ header ---
[INFO] Using 'UTF-8' encoding to copy filtered resources.
[INFO] Copying 3 resources
[INFO] skip non existing resourceDirectory /home/srafi/after-cam-ready/compare_/compile_repair_output/work/6c5c6d44e627/header\src\integration\resources
[INFO] 
[INFO] --- maven-compiler-plugin:3.8.0:testCompile (default-testCompile) @ header ---
[INFO] Changes detected - recompiling the module!
[INFO] Compiling 2 source files to /home/srafi/after-cam-ready/compare_/compile_repair_output/work/6c5c6d44e627/header/target/test-classes
[INFO] 
[INFO] --- maven-surefire-plugin:3.0.0-M8-SNAPSHOT:test (default-test) @ header ---
[INFO] Tests are skipped.
[INFO] 
[INFO] --- maven-jar-plugin:2.4:jar (default-jar) @ header ---
[INFO] Building jar: /home/srafi/after-cam-ready/compare_/compile_repair_output/work/6c5c6d44e627/header/target/header-2.1.2-SNAPSHOT.jar
[INFO] 
[INFO] --- javadoc-packagelist-maven-plugin:1.0.0:gen-package-list (default) @ header ---
[INFO] Created package-list
[INFO] 
[INFO] >>> maven-source-plugin:3.0.1:jar (attach-sources) > generate-sources @ header >>>
[INFO] 
[INFO] <<< maven-source-plugin:3.0.1:jar (attach-sources) < generate-sources @ header <<<
[INFO] 
[INFO] 
[INFO] --- maven-source-plugin:3.0.1:jar (attach-sources) @ header ---
[INFO] Building jar: /home/srafi/after-cam-ready/compare_/compile_repair_output/work/6c5c6d44e627/header/target/header-2.1.2-SNAPSHOT-sources.jar
[INFO] 
[INFO] --- maven-javadoc-plugin:3.1.0:jar (attach-javadocs) @ header ---
[INFO] Skipping javadoc generation
[INFO] 
[INFO] --- maven-install-plugin:2.4:install (default-install) @ header ---
[INFO] Installing /home/srafi/after-cam-ready/compare_/compile_repair_output/work/6c5c6d44e627/header/target/header-2.1.2-SNAPSHOT.jar to /home/srafi/.m2/repository/com/networknt/header/2.1.2-SNAPSHOT/header-2.1.2-SNAPSHOT.jar
[INFO] Installing /home/srafi/after-cam-ready/compare_/compile_repair_output/work/6c5c6d44e627/header/pom.xml to /home/srafi/.m2/repository/com/networknt/header/2.1.2-SNAPSHOT/header-2.1.2-SNAPSHOT.pom
[INFO] Installing /home/srafi/after-cam-ready/compare_/compile_repair_output/work/6c5c6d44e627/header/target/header-2.1.2-SNAPSHOT-sources.jar to /home/srafi/.m2/repository/com/networknt/header/2.1.2-SNAPSHOT/header-2.1.2-SNAPSHOT-sources.jar
[INFO] ------------------------------------------------------------------------
[INFO] Reactor Summary for Parent POM 2.1.2-SNAPSHOT:
[INFO] 
[INFO] Parent POM ......................................... SUCCESS [  0.557 s]
[INFO] decryptor .......................................... SUCCESS [  3.626 s]
[INFO] config ............................................. SUCCESS [  0.639 s]
[INFO] utility ............................................ SUCCESS [  0.376 s]
[INFO] http-string ........................................ SUCCESS [  0.494 s]
[INFO] service ............................................ SUCCESS [  0.196 s]
[INFO] status ............................................. SUCCESS [  0.231 s]
[INFO] common ............................................. SUCCESS [  0.115 s]
[INFO] handler ............................................ SUCCESS [  0.329 s]
[INFO] http-entity ........................................ SUCCESS [  0.164 s]
[INFO] monad-result ....................................... SUCCESS [  0.093 s]
[INFO] switcher ........................................... SUCCESS [  0.078 s]
[INFO] registry ........................................... SUCCESS [  0.168 s]
[INFO] balance ............................................ SUCCESS [  0.122 s]
[INFO] cluster ............................................ SUCCESS [  0.094 s]
[INFO] client ............................................. SUCCESS [  1.129 s]
[INFO] exception .......................................... SUCCESS [  0.117 s]
[INFO] header ............................................. SUCCESS [  0.123 s]
[INFO] ------------------------------------------------------------------------
[INFO] BUILD SUCCESS
[INFO] ------------------------------------------------------------------------
[INFO] Total time:  9.154 s
[INFO] Finished at: 2026-08-15T16:35:20-04:00
[INFO] ------------------------------------------------------------------------
