JAVA_HOME=/usr/lib/jvm/java-8-openjdk-amd64
COMMAND=mvn -B clean install -DskipTests -U -pl handler -am -Ddependency-check.skip=true -Dgpg.skip=true -DfailIfNoTests=false -Dskip.installnodenpm=true -Dskip.npm=true -Dskip.yarn=true -Dlicense.skip=true -Dcheckstyle.skip=true -Drat.skip=true -Denforcer.skip=true -Danimal.sniffer.skip=true -Dmaven.javadoc.skip=true -Dfindbugs.skip=true -Dspotbugs.skip=true -Dwarbucks.skip=true -Dmodernizer.skip=true -Dimpsort.skip=true -Dmdep.analyze.skip=true -Dpgpverify.skip=true -Dxml.skip=true -Dcobertura.skip=true

[INFO] Scanning for projects...
Warning: KebabPizza disabling incompatible org.jacoco:jacoco-maven-plugin from light-4j
Warning: KebabPizza disabling incompatible org.jacoco:jacoco-maven-plugin from decryptor
Warning: KebabPizza disabling incompatible org.jacoco:jacoco-maven-plugin from config
Warning: KebabPizza disabling incompatible org.jacoco:jacoco-maven-plugin from utility
Warning: KebabPizza disabling incompatible org.jacoco:jacoco-maven-plugin from http-string
Warning: KebabPizza disabling incompatible org.jacoco:jacoco-maven-plugin from service
Warning: KebabPizza disabling incompatible org.jacoco:jacoco-maven-plugin from status
Warning: KebabPizza disabling incompatible org.jacoco:jacoco-maven-plugin from common
Warning: KebabPizza disabling incompatible org.jacoco:jacoco-maven-plugin from handler
[INFO] Inspecting build with total of 9 modules...
[INFO] Installing Nexus Staging features:
[INFO]   ... total of 9 executions of maven-deploy-plugin replaced with nexus-staging-maven-plugin
[INFO] ------------------------------------------------------------------------
[INFO] Reactor Build Order:
[INFO] 
[INFO] Parent POM                                                         [pom]
[INFO] decryptor                                                          [jar]
[INFO] config                                                             [jar]
[INFO] utility                                                            [jar]
[INFO] http-string                                                        [jar]
[INFO] service                                                            [jar]
[INFO] status                                                             [jar]
[INFO] common                                                             [jar]
[INFO] handler                                                            [jar]
[INFO] 
[INFO] -----------------------< com.networknt:light-4j >-----------------------
[INFO] Building Parent POM 2.0.22-SNAPSHOT                                [1/9]
[INFO] --------------------------------[ pom ]---------------------------------
[INFO] 
[INFO] --- maven-clean-plugin:2.5:clean (default-clean) @ light-4j ---
[INFO] 
[INFO] --- build-helper-maven-plugin:3.0.0:add-test-source (add-test-source) @ light-4j ---
[INFO] Test Source directory: /home/srafi/after-cam-ready/compare_/compile_repair_output/work/b7d6b7499f59/src/integration/java added.
[INFO] 
[INFO] --- build-helper-maven-plugin:3.0.0:add-test-resource (add-test-resource) @ light-4j ---
[INFO] 
[INFO] --- javadoc-packagelist-maven-plugin:1.0.0:gen-package-list (default) @ light-4j ---
[INFO] 
[INFO] >>> maven-source-plugin:3.0.1:jar (attach-sources) > generate-sources @ light-4j >>>
[INFO] 
[INFO] <<< maven-source-plugin:3.0.1:jar (attach-sources) < generate-sources @ light-4j <<<
[INFO] 
[INFO] 
[INFO] --- maven-source-plugin:3.0.1:jar (attach-sources) @ light-4j ---
[INFO] 
[INFO] --- maven-javadoc-plugin:3.1.0:jar (attach-javadocs) @ light-4j ---
[INFO] Skipping javadoc generation
[INFO] 
[INFO] --- maven-install-plugin:2.4:install (default-install) @ light-4j ---
[INFO] Installing /home/srafi/after-cam-ready/compare_/compile_repair_output/work/b7d6b7499f59/pom.xml to /home/srafi/.m2/repository/com/networknt/light-4j/2.0.22-SNAPSHOT/light-4j-2.0.22-SNAPSHOT.pom
[INFO] 
[INFO] ----------------------< com.networknt:decryptor >-----------------------
[INFO] Building decryptor 2.0.22-SNAPSHOT                                 [2/9]
[INFO] --------------------------------[ jar ]---------------------------------
[INFO] 
[INFO] --- maven-clean-plugin:2.5:clean (default-clean) @ decryptor ---
[INFO] 
[INFO] --- maven-resources-plugin:2.6:resources (default-resources) @ decryptor ---
[INFO] Using 'UTF-8' encoding to copy filtered resources.
[INFO] skip non existing resourceDirectory /home/srafi/after-cam-ready/compare_/compile_repair_output/work/b7d6b7499f59/decryptor/src/main/resources
[INFO] 
[INFO] --- maven-compiler-plugin:3.8.0:compile (default-compile) @ decryptor ---
[INFO] Changes detected - recompiling the module!
[INFO] Compiling 4 source files to /home/srafi/after-cam-ready/compare_/compile_repair_output/work/b7d6b7499f59/decryptor/target/classes
[INFO] ------------------------------------------------------------------------
[INFO] Reactor Summary for Parent POM 2.0.22-SNAPSHOT:
[INFO] 
[INFO] Parent POM ......................................... SUCCESS [  0.562 s]
[INFO] decryptor .......................................... FAILURE [  0.127 s]
[INFO] config ............................................. SKIPPED
[INFO] utility ............................................ SKIPPED
[INFO] http-string ........................................ SKIPPED
[INFO] service ............................................ SKIPPED
[INFO] status ............................................. SKIPPED
[INFO] common ............................................. SKIPPED
[INFO] handler ............................................ SKIPPED
[INFO] ------------------------------------------------------------------------
[INFO] BUILD FAILURE
[INFO] ------------------------------------------------------------------------
[INFO] Total time:  1.120 s
[INFO] Finished at: 2026-08-15T16:35:45-04:00
[INFO] ------------------------------------------------------------------------
[ERROR] Failed to execute goal org.apache.maven.plugins:maven-compiler-plugin:3.8.0:compile (default-compile) on project decryptor: Fatal error compiling: invalid flag: --release -> [Help 1]
[ERROR] 
[ERROR] To see the full stack trace of the errors, re-run Maven with the -e switch.
[ERROR] Re-run Maven using the -X switch to enable full debug logging.
[ERROR] 
[ERROR] For more information about the errors and possible solutions, please read the following articles:
[ERROR] [Help 1] http://cwiki.apache.org/confluence/display/MAVEN/MojoExecutionException
[ERROR] 
[ERROR] After correcting the problems, you can resume the build with the command
[ERROR]   mvn <args> -rf :decryptor
