JAVA_HOME=/usr/lib/jvm/java-11-openjdk-amd64
COMMAND=mvn -B clean install -DskipTests -U -pl handler -am -Ddependency-check.skip=true -Dgpg.skip=true -DfailIfNoTests=false -Dskip.installnodenpm=true -Dskip.npm=true -Dskip.yarn=true -Dlicense.skip=true -Dcheckstyle.skip=true -Drat.skip=true -Denforcer.skip=true -Danimal.sniffer.skip=true -Dmaven.javadoc.skip=true -Dfindbugs.skip=true -Dspotbugs.skip=true -Dwarbucks.skip=true -Dmodernizer.skip=true -Dimpsort.skip=true -Dmdep.analyze.skip=true -Dpgpverify.skip=true -Dxml.skip=true -Dcobertura.skip=true

[INFO] Scanning for projects...
Warning: KebabPizza disabling incompatible org.jacoco:jacoco-maven-plugin from light-4j
Warning: KebabPizza disabling incompatible org.jacoco:jacoco-maven-plugin from decryptor
Warning: KebabPizza disabling incompatible org.jacoco:jacoco-maven-plugin from config
Warning: KebabPizza disabling incompatible org.jacoco:jacoco-maven-plugin from utility
Warning: KebabPizza disabling incompatible org.jacoco:jacoco-maven-plugin from http-string
Warning: KebabPizza disabling incompatible org.jacoco:jacoco-maven-plugin from service
Warning: KebabPizza disabling incompatible org.jacoco:jacoco-maven-plugin from status
Warning: KebabPizza disabling incompatible org.jacoco:jacoco-maven-plugin from common
Warning: KebabPizza disabling incompatible org.jacoco:jacoco-maven-plugin from handler
[INFO] Inspecting build with total of 9 modules...
[INFO] Installing Nexus Staging features:
[INFO]   ... total of 9 executions of maven-deploy-plugin replaced with nexus-staging-maven-plugin
[INFO] ------------------------------------------------------------------------
[INFO] Reactor Build Order:
[INFO] 
[INFO] Parent POM                                                         [pom]
[INFO] decryptor                                                          [jar]
[INFO] config                                                             [jar]
[INFO] utility                                                            [jar]
[INFO] http-string                                                        [jar]
[INFO] service                                                            [jar]
[INFO] status                                                             [jar]
[INFO] common                                                             [jar]
[INFO] handler                                                            [jar]
[INFO] 
[INFO] -----------------------< com.networknt:light-4j >-----------------------
[INFO] Building Parent POM 2.0.22-SNAPSHOT                                [1/9]
[INFO] --------------------------------[ pom ]---------------------------------
[INFO] 
[INFO] --- maven-clean-plugin:2.5:clean (default-clean) @ light-4j ---
[INFO] 
[INFO] --- build-helper-maven-plugin:3.0.0:add-test-source (add-test-source) @ light-4j ---
[INFO] Test Source directory: /home/srafi/after-cam-ready/compare_/compile_repair_output/work/b7d6b7499f59/src/integration/java added.
[INFO] 
[INFO] --- build-helper-maven-plugin:3.0.0:add-test-resource (add-test-resource) @ light-4j ---
[INFO] 
[INFO] --- javadoc-packagelist-maven-plugin:1.0.0:gen-package-list (default) @ light-4j ---
[INFO] 
[INFO] >>> maven-source-plugin:3.0.1:jar (attach-sources) > generate-sources @ light-4j >>>
[INFO] 
[INFO] <<< maven-source-plugin:3.0.1:jar (attach-sources) < generate-sources @ light-4j <<<
[INFO] 
[INFO] 
[INFO] --- maven-source-plugin:3.0.1:jar (attach-sources) @ light-4j ---
[INFO] 
[INFO] --- maven-javadoc-plugin:3.1.0:jar (attach-javadocs) @ light-4j ---
[INFO] Skipping javadoc generation
[INFO] 
[INFO] --- maven-install-plugin:2.4:install (default-install) @ light-4j ---
[INFO] Installing /home/srafi/after-cam-ready/compare_/compile_repair_output/work/b7d6b7499f59/pom.xml to /home/srafi/.m2/repository/com/networknt/light-4j/2.0.22-SNAPSHOT/light-4j-2.0.22-SNAPSHOT.pom
[INFO] 
[INFO] ----------------------< com.networknt:decryptor >-----------------------
[INFO] Building decryptor 2.0.22-SNAPSHOT                                 [2/9]
[INFO] --------------------------------[ jar ]---------------------------------
[INFO] 
[INFO] --- maven-clean-plugin:2.5:clean (default-clean) @ decryptor ---
[INFO] 
[INFO] --- maven-resources-plugin:2.6:resources (default-resources) @ decryptor ---
[INFO] Using 'UTF-8' encoding to copy filtered resources.
[INFO] skip non existing resourceDirectory /home/srafi/after-cam-ready/compare_/compile_repair_output/work/b7d6b7499f59/decryptor/src/main/resources
[INFO] 
[INFO] --- maven-compiler-plugin:3.8.0:compile (default-compile) @ decryptor ---
[INFO] Changes detected - recompiling the module!
[INFO] Compiling 4 source files to /home/srafi/after-cam-ready/compare_/compile_repair_output/work/b7d6b7499f59/decryptor/target/classes
[INFO] 
[INFO] --- build-helper-maven-plugin:3.0.0:add-test-source (add-test-source) @ decryptor ---
[INFO] Test Source directory: /home/srafi/after-cam-ready/compare_/compile_repair_output/work/b7d6b7499f59/decryptor/src/integration/java added.
[INFO] 
[INFO] --- build-helper-maven-plugin:3.0.0:add-test-resource (add-test-resource) @ decryptor ---
[INFO] 
[INFO] --- maven-resources-plugin:2.6:testResources (default-testResources) @ decryptor ---
[INFO] Using 'UTF-8' encoding to copy filtered resources.
[INFO] skip non existing resourceDirectory /home/srafi/after-cam-ready/compare_/compile_repair_output/work/b7d6b7499f59/decryptor/src/test/resources
[INFO] skip non existing resourceDirectory /home/srafi/after-cam-ready/compare_/compile_repair_output/work/b7d6b7499f59/decryptor\src\integration\resources
[INFO] 
[INFO] --- maven-compiler-plugin:3.8.0:testCompile (default-testCompile) @ decryptor ---
[INFO] Changes detected - recompiling the module!
[INFO] Compiling 1 source file to /home/srafi/after-cam-ready/compare_/compile_repair_output/work/b7d6b7499f59/decryptor/target/test-classes
[INFO] 
[INFO] --- maven-surefire-plugin:3.0.0-M8-SNAPSHOT:test (default-test) @ decryptor ---
[INFO] Downloading from apache.snapshots: https://repository.apache.org/snapshots/org/apache/maven/surefire/maven-surefire-common/3.0.0-M8-SNAPSHOT/maven-metadata.xml
[INFO] Downloading from apache.snapshots: https://repository.apache.org/snapshots/org/apache/maven/surefire/surefire-api/3.0.0-M8-SNAPSHOT/maven-metadata.xml
[INFO] Downloading from apache.snapshots: https://repository.apache.org/snapshots/org/apache/maven/surefire/surefire-logger-api/3.0.0-M8-SNAPSHOT/maven-metadata.xml
[INFO] Downloading from apache.snapshots: https://repository.apache.org/snapshots/org/apache/maven/surefire/surefire-shared-utils/3.0.0-M8-SNAPSHOT/maven-metadata.xml
[INFO] Downloading from apache.snapshots: https://repository.apache.org/snapshots/org/apache/maven/surefire/surefire-extensions-api/3.0.0-M8-SNAPSHOT/maven-metadata.xml
[INFO] Downloading from apache.snapshots: https://repository.apache.org/snapshots/org/apache/maven/surefire/surefire-booter/3.0.0-M8-SNAPSHOT/maven-metadata.xml
[INFO] Downloading from apache.snapshots: https://repository.apache.org/snapshots/org/apache/maven/surefire/surefire-extensions-spi/3.0.0-M8-SNAPSHOT/maven-metadata.xml
[INFO] Tests are skipped.
[INFO] 
[INFO] --- maven-jar-plugin:2.4:jar (default-jar) @ decryptor ---
[INFO] Building jar: /home/srafi/after-cam-ready/compare_/compile_repair_output/work/b7d6b7499f59/decryptor/target/decryptor-2.0.22-SNAPSHOT.jar
[INFO] 
[INFO] --- javadoc-packagelist-maven-plugin:1.0.0:gen-package-list (default) @ decryptor ---
[INFO] Created package-list
[INFO] 
[INFO] >>> maven-source-plugin:3.0.1:jar (attach-sources) > generate-sources @ decryptor >>>
[INFO] 
[INFO] <<< maven-source-plugin:3.0.1:jar (attach-sources) < generate-sources @ decryptor <<<
[INFO] 
[INFO] 
[INFO] --- maven-source-plugin:3.0.1:jar (attach-sources) @ decryptor ---
[INFO] Building jar: /home/srafi/after-cam-ready/compare_/compile_repair_output/work/b7d6b7499f59/decryptor/target/decryptor-2.0.22-SNAPSHOT-sources.jar
[INFO] 
[INFO] --- maven-javadoc-plugin:3.1.0:jar (attach-javadocs) @ decryptor ---
[INFO] Skipping javadoc generation
[INFO] 
[INFO] --- maven-install-plugin:2.4:install (default-install) @ decryptor ---
[INFO] Installing /home/srafi/after-cam-ready/compare_/compile_repair_output/work/b7d6b7499f59/decryptor/target/decryptor-2.0.22-SNAPSHOT.jar to /home/srafi/.m2/repository/com/networknt/decryptor/2.0.22-SNAPSHOT/decryptor-2.0.22-SNAPSHOT.jar
[INFO] Installing /home/srafi/after-cam-ready/compare_/compile_repair_output/work/b7d6b7499f59/decryptor/pom.xml to /home/srafi/.m2/repository/com/networknt/decryptor/2.0.22-SNAPSHOT/decryptor-2.0.22-SNAPSHOT.pom
[INFO] Installing /home/srafi/after-cam-ready/compare_/compile_repair_output/work/b7d6b7499f59/decryptor/target/decryptor-2.0.22-SNAPSHOT-sources.jar to /home/srafi/.m2/repository/com/networknt/decryptor/2.0.22-SNAPSHOT/decryptor-2.0.22-SNAPSHOT-sources.jar
[INFO] 
[INFO] ------------------------< com.networknt:config >------------------------
[INFO] Building config 2.0.22-SNAPSHOT                                    [3/9]
[INFO] --------------------------------[ jar ]---------------------------------
[INFO] 
[INFO] --- maven-clean-plugin:2.5:clean (default-clean) @ config ---
[INFO] 
[INFO] --- maven-resources-plugin:2.6:resources (default-resources) @ config ---
[INFO] Using 'UTF-8' encoding to copy filtered resources.
[INFO] Copying 1 resource
[INFO] 
[INFO] --- maven-compiler-plugin:3.8.0:compile (default-compile) @ config ---
[INFO] Changes detected - recompiling the module!
[INFO] Compiling 9 source files to /home/srafi/after-cam-ready/compare_/compile_repair_output/work/b7d6b7499f59/config/target/classes
[INFO] /home/srafi/after-cam-ready/compare_/compile_repair_output/work/b7d6b7499f59/config/src/main/java/com/networknt/config/CentralizedManagement.java: Some input files use unchecked or unsafe operations.
[INFO] /home/srafi/after-cam-ready/compare_/compile_repair_output/work/b7d6b7499f59/config/src/main/java/com/networknt/config/CentralizedManagement.java: Recompile with -Xlint:unchecked for details.
[INFO] 
[INFO] --- build-helper-maven-plugin:3.0.0:add-test-source (add-test-source) @ config ---
[INFO] Test Source directory: /home/srafi/after-cam-ready/compare_/compile_repair_output/work/b7d6b7499f59/config/src/integration/java added.
[INFO] 
[INFO] --- build-helper-maven-plugin:3.0.0:add-test-resource (add-test-resource) @ config ---
[INFO] 
[INFO] --- maven-resources-plugin:2.6:testResources (default-testResources) @ config ---
[INFO] Using 'UTF-8' encoding to copy filtered resources.
[INFO] Copying 16 resources
[INFO] skip non existing resourceDirectory /home/srafi/after-cam-ready/compare_/compile_repair_output/work/b7d6b7499f59/config\src\integration\resources
[INFO] 
[INFO] --- maven-compiler-plugin:3.8.0:testCompile (default-testCompile) @ config ---
[INFO] Changes detected - recompiling the module!
[INFO] Compiling 21 source files to /home/srafi/after-cam-ready/compare_/compile_repair_output/work/b7d6b7499f59/config/target/test-classes
[INFO] /home/srafi/after-cam-ready/compare_/compile_repair_output/work/b7d6b7499f59/config/src/test/java/com/networknt/config/TestConfigLoader.java: /home/srafi/after-cam-ready/compare_/compile_repair_output/work/b7d6b7499f59/config/src/test/java/com/networknt/config/TestConfigLoader.java uses unchecked or unsafe operations.
[INFO] /home/srafi/after-cam-ready/compare_/compile_repair_output/work/b7d6b7499f59/config/src/test/java/com/networknt/config/TestConfigLoader.java: Recompile with -Xlint:unchecked for details.
[INFO] 
[INFO] --- maven-surefire-plugin:3.0.0-M8-SNAPSHOT:test (default-test) @ config ---
[INFO] Tests are skipped.
[INFO] 
[INFO] --- maven-jar-plugin:2.4:jar (default-jar) @ config ---
[INFO] Building jar: /home/srafi/after-cam-ready/compare_/compile_repair_output/work/b7d6b7499f59/config/target/config-2.0.22-SNAPSHOT.jar
[INFO] 
[INFO] --- javadoc-packagelist-maven-plugin:1.0.0:gen-package-list (default) @ config ---
[INFO] Created package-list
[INFO] 
[INFO] >>> maven-source-plugin:3.0.1:jar (attach-sources) > generate-sources @ config >>>
[INFO] 
[INFO] <<< maven-source-plugin:3.0.1:jar (attach-sources) < generate-sources @ config <<<
[INFO] 
[INFO] 
[INFO] --- maven-source-plugin:3.0.1:jar (attach-sources) @ config ---
[INFO] Building jar: /home/srafi/after-cam-ready/compare_/compile_repair_output/work/b7d6b7499f59/config/target/config-2.0.22-SNAPSHOT-sources.jar
[INFO] 
[INFO] --- maven-javadoc-plugin:3.1.0:jar (attach-javadocs) @ config ---
[INFO] Skipping javadoc generation
[INFO] 
[INFO] --- maven-install-plugin:2.4:install (default-install) @ config ---
[INFO] Installing /home/srafi/after-cam-ready/compare_/compile_repair_output/work/b7d6b7499f59/config/target/config-2.0.22-SNAPSHOT.jar to /home/srafi/.m2/repository/com/networknt/config/2.0.22-SNAPSHOT/config-2.0.22-SNAPSHOT.jar
[INFO] Installing /home/srafi/after-cam-ready/compare_/compile_repair_output/work/b7d6b7499f59/config/pom.xml to /home/srafi/.m2/repository/com/networknt/config/2.0.22-SNAPSHOT/config-2.0.22-SNAPSHOT.pom
[INFO] Installing /home/srafi/after-cam-ready/compare_/compile_repair_output/work/b7d6b7499f59/config/target/config-2.0.22-SNAPSHOT-sources.jar to /home/srafi/.m2/repository/com/networknt/config/2.0.22-SNAPSHOT/config-2.0.22-SNAPSHOT-sources.jar
[INFO] 
[INFO] -----------------------< com.networknt:utility >------------------------
[INFO] Building utility 2.0.22-SNAPSHOT                                   [4/9]
[INFO] --------------------------------[ jar ]---------------------------------
[INFO] 
[INFO] --- maven-clean-plugin:2.5:clean (default-clean) @ utility ---
[INFO] 
[INFO] --- maven-resources-plugin:2.6:resources (default-resources) @ utility ---
[INFO] Using 'UTF-8' encoding to copy filtered resources.
[INFO] skip non existing resourceDirectory /home/srafi/after-cam-ready/compare_/compile_repair_output/work/b7d6b7499f59/utility/src/main/resources
[INFO] 
[INFO] --- maven-compiler-plugin:3.8.0:compile (default-compile) @ utility ---
[INFO] Changes detected - recompiling the module!
[INFO] Compiling 17 source files to /home/srafi/after-cam-ready/compare_/compile_repair_output/work/b7d6b7499f59/utility/target/classes
[INFO] 
[INFO] --- build-helper-maven-plugin:3.0.0:add-test-source (add-test-source) @ utility ---
[INFO] Test Source directory: /home/srafi/after-cam-ready/compare_/compile_repair_output/work/b7d6b7499f59/utility/src/integration/java added.
[INFO] 
[INFO] --- build-helper-maven-plugin:3.0.0:add-test-resource (add-test-resource) @ utility ---
[INFO] 
[INFO] --- maven-resources-plugin:2.6:testResources (default-testResources) @ utility ---
[INFO] Using 'UTF-8' encoding to copy filtered resources.
[INFO] Copying 10 resources
[INFO] skip non existing resourceDirectory /home/srafi/after-cam-ready/compare_/compile_repair_output/work/b7d6b7499f59/utility\src\integration\resources
[INFO] 
[INFO] --- maven-compiler-plugin:3.8.0:testCompile (default-testCompile) @ utility ---
[INFO] Changes detected - recompiling the module!
[INFO] Compiling 8 source files to /home/srafi/after-cam-ready/compare_/compile_repair_output/work/b7d6b7499f59/utility/target/test-classes
[INFO] 
[INFO] --- maven-surefire-plugin:3.0.0-M8-SNAPSHOT:test (default-test) @ utility ---
[INFO] Tests are skipped.
[INFO] 
[INFO] --- maven-jar-plugin:2.4:jar (default-jar) @ utility ---
[INFO] Building jar: /home/srafi/after-cam-ready/compare_/compile_repair_output/work/b7d6b7499f59/utility/target/utility-2.0.22-SNAPSHOT.jar
[INFO] 
[INFO] --- javadoc-packagelist-maven-plugin:1.0.0:gen-package-list (default) @ utility ---
[INFO] Created package-list
[INFO] 
[INFO] >>> maven-source-plugin:3.0.1:jar (attach-sources) > generate-sources @ utility >>>
[INFO] 
[INFO] <<< maven-source-plugin:3.0.1:jar (attach-sources) < generate-sources @ utility <<<
[INFO] 
[INFO] 
[INFO] --- maven-source-plugin:3.0.1:jar (attach-sources) @ utility ---
[INFO] Building jar: /home/srafi/after-cam-ready/compare_/compile_repair_output/work/b7d6b7499f59/utility/target/utility-2.0.22-SNAPSHOT-sources.jar
[INFO] 
[INFO] --- maven-javadoc-plugin:3.1.0:jar (attach-javadocs) @ utility ---
[INFO] Skipping javadoc generation
[INFO] 
[INFO] --- maven-install-plugin:2.4:install (default-install) @ utility ---
[INFO] Installing /home/srafi/after-cam-ready/compare_/compile_repair_output/work/b7d6b7499f59/utility/target/utility-2.0.22-SNAPSHOT.jar to /home/srafi/.m2/repository/com/networknt/utility/2.0.22-SNAPSHOT/utility-2.0.22-SNAPSHOT.jar
[INFO] Installing /home/srafi/after-cam-ready/compare_/compile_repair_output/work/b7d6b7499f59/utility/pom.xml to /home/srafi/.m2/repository/com/networknt/utility/2.0.22-SNAPSHOT/utility-2.0.22-SNAPSHOT.pom
[INFO] Installing /home/srafi/after-cam-ready/compare_/compile_repair_output/work/b7d6b7499f59/utility/target/utility-2.0.22-SNAPSHOT-sources.jar to /home/srafi/.m2/repository/com/networknt/utility/2.0.22-SNAPSHOT/utility-2.0.22-SNAPSHOT-sources.jar
[INFO] 
[INFO] ---------------------< com.networknt:http-string >----------------------
[INFO] Building http-string 2.0.22-SNAPSHOT                               [5/9]
[INFO] --------------------------------[ jar ]---------------------------------
[INFO] 
[INFO] --- maven-clean-plugin:2.5:clean (default-clean) @ http-string ---
[INFO] 
[INFO] --- maven-resources-plugin:2.6:resources (default-resources) @ http-string ---
[INFO] Using 'UTF-8' encoding to copy filtered resources.
[INFO] skip non existing resourceDirectory /home/srafi/after-cam-ready/compare_/compile_repair_output/work/b7d6b7499f59/http-string/src/main/resources
[INFO] 
[INFO] --- maven-compiler-plugin:3.8.0:compile (default-compile) @ http-string ---
[INFO] Changes detected - recompiling the module!
[INFO] Compiling 3 source files to /home/srafi/after-cam-ready/compare_/compile_repair_output/work/b7d6b7499f59/http-string/target/classes
[INFO] 
[INFO] --- build-helper-maven-plugin:3.0.0:add-test-source (add-test-source) @ http-string ---
[INFO] Test Source directory: /home/srafi/after-cam-ready/compare_/compile_repair_output/work/b7d6b7499f59/http-string/src/integration/java added.
[INFO] 
[INFO] --- build-helper-maven-plugin:3.0.0:add-test-resource (add-test-resource) @ http-string ---
[INFO] 
[INFO] --- maven-resources-plugin:2.6:testResources (default-testResources) @ http-string ---
[INFO] Using 'UTF-8' encoding to copy filtered resources.
[INFO] skip non existing resourceDirectory /home/srafi/after-cam-ready/compare_/compile_repair_output/work/b7d6b7499f59/http-string/src/test/resources
[INFO] skip non existing resourceDirectory /home/srafi/after-cam-ready/compare_/compile_repair_output/work/b7d6b7499f59/http-string\src\integration\resources
[INFO] 
[INFO] --- maven-compiler-plugin:3.8.0:testCompile (default-testCompile) @ http-string ---
[INFO] No sources to compile
[INFO] 
[INFO] --- maven-surefire-plugin:3.0.0-M8-SNAPSHOT:test (default-test) @ http-string ---
[INFO] Tests are skipped.
[INFO] 
[INFO] --- maven-jar-plugin:2.4:jar (default-jar) @ http-string ---
[INFO] Building jar: /home/srafi/after-cam-ready/compare_/compile_repair_output/work/b7d6b7499f59/http-string/target/http-string-2.0.22-SNAPSHOT.jar
[INFO] 
[INFO] --- javadoc-packagelist-maven-plugin:1.0.0:gen-package-list (default) @ http-string ---
[INFO] Created package-list
[INFO] 
[INFO] >>> maven-source-plugin:3.0.1:jar (attach-sources) > generate-sources @ http-string >>>
[INFO] 
[INFO] <<< maven-source-plugin:3.0.1:jar (attach-sources) < generate-sources @ http-string <<<
[INFO] 
[INFO] 
[INFO] --- maven-source-plugin:3.0.1:jar (attach-sources) @ http-string ---
[INFO] Building jar: /home/srafi/after-cam-ready/compare_/compile_repair_output/work/b7d6b7499f59/http-string/target/http-string-2.0.22-SNAPSHOT-sources.jar
[INFO] 
[INFO] --- maven-javadoc-plugin:3.1.0:jar (attach-javadocs) @ http-string ---
[INFO] Skipping javadoc generation
[INFO] 
[INFO] --- maven-install-plugin:2.4:install (default-install) @ http-string ---
[INFO] Installing /home/srafi/after-cam-ready/compare_/compile_repair_output/work/b7d6b7499f59/http-string/target/http-string-2.0.22-SNAPSHOT.jar to /home/srafi/.m2/repository/com/networknt/http-string/2.0.22-SNAPSHOT/http-string-2.0.22-SNAPSHOT.jar
[INFO] Installing /home/srafi/after-cam-ready/compare_/compile_repair_output/work/b7d6b7499f59/http-string/pom.xml to /home/srafi/.m2/repository/com/networknt/http-string/2.0.22-SNAPSHOT/http-string-2.0.22-SNAPSHOT.pom
[INFO] Installing /home/srafi/after-cam-ready/compare_/compile_repair_output/work/b7d6b7499f59/http-string/target/http-string-2.0.22-SNAPSHOT-sources.jar to /home/srafi/.m2/repository/com/networknt/http-string/2.0.22-SNAPSHOT/http-string-2.0.22-SNAPSHOT-sources.jar
[INFO] 
[INFO] -----------------------< com.networknt:service >------------------------
[INFO] Building service 2.0.22-SNAPSHOT                                   [6/9]
[INFO] --------------------------------[ jar ]---------------------------------
[INFO] 
[INFO] --- maven-clean-plugin:2.5:clean (default-clean) @ service ---
[INFO] 
[INFO] --- maven-resources-plugin:2.6:resources (default-resources) @ service ---
[INFO] Using 'UTF-8' encoding to copy filtered resources.
[INFO] skip non existing resourceDirectory /home/srafi/after-cam-ready/compare_/compile_repair_output/work/b7d6b7499f59/service/src/main/resources
[INFO] 
[INFO] --- maven-compiler-plugin:3.8.0:compile (default-compile) @ service ---
[INFO] Changes detected - recompiling the module!
[INFO] Compiling 3 source files to /home/srafi/after-cam-ready/compare_/compile_repair_output/work/b7d6b7499f59/service/target/classes
[INFO] /home/srafi/after-cam-ready/compare_/compile_repair_output/work/b7d6b7499f59/service/src/main/java/com/networknt/service/ServiceUtil.java: /home/srafi/after-cam-ready/compare_/compile_repair_output/work/b7d6b7499f59/service/src/main/java/com/networknt/service/ServiceUtil.java uses unchecked or unsafe operations.
[INFO] /home/srafi/after-cam-ready/compare_/compile_repair_output/work/b7d6b7499f59/service/src/main/java/com/networknt/service/ServiceUtil.java: Recompile with -Xlint:unchecked for details.
[INFO] 
[INFO] --- build-helper-maven-plugin:3.0.0:add-test-source (add-test-source) @ service ---
[INFO] Test Source directory: /home/srafi/after-cam-ready/compare_/compile_repair_output/work/b7d6b7499f59/service/src/integration/java added.
[INFO] 
[INFO] --- build-helper-maven-plugin:3.0.0:add-test-resource (add-test-resource) @ service ---
[INFO] 
[INFO] --- maven-resources-plugin:2.6:testResources (default-testResources) @ service ---
[INFO] Using 'UTF-8' encoding to copy filtered resources.
[INFO] Copying 2 resources
[INFO] skip non existing resourceDirectory /home/srafi/after-cam-ready/compare_/compile_repair_output/work/b7d6b7499f59/service\src\integration\resources
[INFO] 
[INFO] --- maven-compiler-plugin:3.8.0:testCompile (default-testCompile) @ service ---
[INFO] Changes detected - recompiling the module!
[INFO] Compiling 51 source files to /home/srafi/after-cam-ready/compare_/compile_repair_output/work/b7d6b7499f59/service/target/test-classes
[INFO] /home/srafi/after-cam-ready/compare_/compile_repair_output/work/b7d6b7499f59/service/src/test/java/com/networknt/service/SingletonServiceFactoryTest.java: Some input files use unchecked or unsafe operations.
[INFO] /home/srafi/after-cam-ready/compare_/compile_repair_output/work/b7d6b7499f59/service/src/test/java/com/networknt/service/SingletonServiceFactoryTest.java: Recompile with -Xlint:unchecked for details.
[INFO] 
[INFO] --- maven-surefire-plugin:3.0.0-M8-SNAPSHOT:test (default-test) @ service ---
[INFO] Tests are skipped.
[INFO] 
[INFO] --- maven-jar-plugin:2.4:jar (default-jar) @ service ---
[INFO] Building jar: /home/srafi/after-cam-ready/compare_/compile_repair_output/work/b7d6b7499f59/service/target/service-2.0.22-SNAPSHOT.jar
[INFO] 
[INFO] --- javadoc-packagelist-maven-plugin:1.0.0:gen-package-list (default) @ service ---
[INFO] Created package-list
[INFO] 
[INFO] >>> maven-source-plugin:3.0.1:jar (attach-sources) > generate-sources @ service >>>
[INFO] 
[INFO] <<< maven-source-plugin:3.0.1:jar (attach-sources) < generate-sources @ service <<<
[INFO] 
[INFO] 
[INFO] --- maven-source-plugin:3.0.1:jar (attach-sources) @ service ---
[INFO] Building jar: /home/srafi/after-cam-ready/compare_/compile_repair_output/work/b7d6b7499f59/service/target/service-2.0.22-SNAPSHOT-sources.jar
[INFO] 
[INFO] --- maven-javadoc-plugin:3.1.0:jar (attach-javadocs) @ service ---
[INFO] Skipping javadoc generation
[INFO] 
[INFO] --- maven-install-plugin:2.4:install (default-install) @ service ---
[INFO] Installing /home/srafi/after-cam-ready/compare_/compile_repair_output/work/b7d6b7499f59/service/target/service-2.0.22-SNAPSHOT.jar to /home/srafi/.m2/repository/com/networknt/service/2.0.22-SNAPSHOT/service-2.0.22-SNAPSHOT.jar
[INFO] Installing /home/srafi/after-cam-ready/compare_/compile_repair_output/work/b7d6b7499f59/service/pom.xml to /home/srafi/.m2/repository/com/networknt/service/2.0.22-SNAPSHOT/service-2.0.22-SNAPSHOT.pom
[INFO] Installing /home/srafi/after-cam-ready/compare_/compile_repair_output/work/b7d6b7499f59/service/target/service-2.0.22-SNAPSHOT-sources.jar to /home/srafi/.m2/repository/com/networknt/service/2.0.22-SNAPSHOT/service-2.0.22-SNAPSHOT-sources.jar
[INFO] 
[INFO] ------------------------< com.networknt:status >------------------------
[INFO] Building status 2.0.22-SNAPSHOT                                    [7/9]
[INFO] --------------------------------[ jar ]---------------------------------
[INFO] 
[INFO] --- maven-clean-plugin:2.5:clean (default-clean) @ status ---
[INFO] 
[INFO] --- maven-resources-plugin:2.6:resources (default-resources) @ status ---
[INFO] Using 'UTF-8' encoding to copy filtered resources.
[INFO] Copying 1 resource
[INFO] 
[INFO] --- maven-compiler-plugin:3.8.0:compile (default-compile) @ status ---
[INFO] Changes detected - recompiling the module!
[INFO] Compiling 7 source files to /home/srafi/after-cam-ready/compare_/compile_repair_output/work/b7d6b7499f59/status/target/classes
[INFO] 
[INFO] --- build-helper-maven-plugin:3.0.0:add-test-source (add-test-source) @ status ---
[INFO] Test Source directory: /home/srafi/after-cam-ready/compare_/compile_repair_output/work/b7d6b7499f59/status/src/integration/java added.
[INFO] 
[INFO] --- build-helper-maven-plugin:3.0.0:add-test-resource (add-test-resource) @ status ---
[INFO] 
[INFO] --- maven-resources-plugin:2.6:testResources (default-testResources) @ status ---
[INFO] Using 'UTF-8' encoding to copy filtered resources.
[INFO] Copying 1 resource
[INFO] skip non existing resourceDirectory /home/srafi/after-cam-ready/compare_/compile_repair_output/work/b7d6b7499f59/status\src\integration\resources
[INFO] 
[INFO] --- maven-compiler-plugin:3.8.0:testCompile (default-testCompile) @ status ---
[INFO] Changes detected - recompiling the module!
[INFO] Compiling 5 source files to /home/srafi/after-cam-ready/compare_/compile_repair_output/work/b7d6b7499f59/status/target/test-classes
[INFO] 
[INFO] --- maven-surefire-plugin:3.0.0-M8-SNAPSHOT:test (default-test) @ status ---
[INFO] Tests are skipped.
[INFO] 
[INFO] --- maven-jar-plugin:2.4:jar (default-jar) @ status ---
[INFO] Building jar: /home/srafi/after-cam-ready/compare_/compile_repair_output/work/b7d6b7499f59/status/target/status-2.0.22-SNAPSHOT.jar
[INFO] 
[INFO] --- javadoc-packagelist-maven-plugin:1.0.0:gen-package-list (default) @ status ---
[INFO] Created package-list
[INFO] 
[INFO] >>> maven-source-plugin:3.0.1:jar (attach-sources) > generate-sources @ status >>>
[INFO] 
[INFO] <<< maven-source-plugin:3.0.1:jar (attach-sources) < generate-sources @ status <<<
[INFO] 
[INFO] 
[INFO] --- maven-source-plugin:3.0.1:jar (attach-sources) @ status ---
[INFO] Building jar: /home/srafi/after-cam-ready/compare_/compile_repair_output/work/b7d6b7499f59/status/target/status-2.0.22-SNAPSHOT-sources.jar
[INFO] 
[INFO] --- maven-javadoc-plugin:3.1.0:jar (attach-javadocs) @ status ---
[INFO] Skipping javadoc generation
[INFO] 
[INFO] --- maven-install-plugin:2.4:install (default-install) @ status ---
[INFO] Installing /home/srafi/after-cam-ready/compare_/compile_repair_output/work/b7d6b7499f59/status/target/status-2.0.22-SNAPSHOT.jar to /home/srafi/.m2/repository/com/networknt/status/2.0.22-SNAPSHOT/status-2.0.22-SNAPSHOT.jar
[INFO] Installing /home/srafi/after-cam-ready/compare_/compile_repair_output/work/b7d6b7499f59/status/pom.xml to /home/srafi/.m2/repository/com/networknt/status/2.0.22-SNAPSHOT/status-2.0.22-SNAPSHOT.pom
[INFO] Installing /home/srafi/after-cam-ready/compare_/compile_repair_output/work/b7d6b7499f59/status/target/status-2.0.22-SNAPSHOT-sources.jar to /home/srafi/.m2/repository/com/networknt/status/2.0.22-SNAPSHOT/status-2.0.22-SNAPSHOT-sources.jar
[INFO] 
[INFO] ------------------------< com.networknt:common >------------------------
[INFO] Building common 2.0.22-SNAPSHOT                                    [8/9]
[INFO] --------------------------------[ jar ]---------------------------------
[INFO] 
[INFO] --- maven-clean-plugin:2.5:clean (default-clean) @ common ---
[INFO] 
[INFO] --- maven-resources-plugin:2.6:resources (default-resources) @ common ---
[INFO] Using 'UTF-8' encoding to copy filtered resources.
[INFO] skip non existing resourceDirectory /home/srafi/after-cam-ready/compare_/compile_repair_output/work/b7d6b7499f59/common/src/main/resources
[INFO] 
[INFO] --- maven-compiler-plugin:3.8.0:compile (default-compile) @ common ---
[INFO] Changes detected - recompiling the module!
[INFO] Compiling 2 source files to /home/srafi/after-cam-ready/compare_/compile_repair_output/work/b7d6b7499f59/common/target/classes
[INFO] /home/srafi/after-cam-ready/compare_/compile_repair_output/work/b7d6b7499f59/common/src/main/java/com/networknt/common/DecryptUtil.java: /home/srafi/after-cam-ready/compare_/compile_repair_output/work/b7d6b7499f59/common/src/main/java/com/networknt/common/DecryptUtil.java uses unchecked or unsafe operations.
[INFO] /home/srafi/after-cam-ready/compare_/compile_repair_output/work/b7d6b7499f59/common/src/main/java/com/networknt/common/DecryptUtil.java: Recompile with -Xlint:unchecked for details.
[INFO] 
[INFO] --- build-helper-maven-plugin:3.0.0:add-test-source (add-test-source) @ common ---
[INFO] Test Source directory: /home/srafi/after-cam-ready/compare_/compile_repair_output/work/b7d6b7499f59/common/src/integration/java added.
[INFO] 
[INFO] --- build-helper-maven-plugin:3.0.0:add-test-resource (add-test-resource) @ common ---
[INFO] 
[INFO] --- maven-resources-plugin:2.6:testResources (default-testResources) @ common ---
[INFO] Using 'UTF-8' encoding to copy filtered resources.
[INFO] Copying 3 resources
[INFO] skip non existing resourceDirectory /home/srafi/after-cam-ready/compare_/compile_repair_output/work/b7d6b7499f59/common\src\integration\resources
[INFO] 
[INFO] --- maven-compiler-plugin:3.8.0:testCompile (default-testCompile) @ common ---
[INFO] Changes detected - recompiling the module!
[INFO] Compiling 2 source files to /home/srafi/after-cam-ready/compare_/compile_repair_output/work/b7d6b7499f59/common/target/test-classes
[INFO] 
[INFO] --- maven-surefire-plugin:3.0.0-M8-SNAPSHOT:test (default-test) @ common ---
[INFO] Tests are skipped.
[INFO] 
[INFO] --- maven-jar-plugin:2.4:jar (default-jar) @ common ---
[INFO] Building jar: /home/srafi/after-cam-ready/compare_/compile_repair_output/work/b7d6b7499f59/common/target/common-2.0.22-SNAPSHOT.jar
[INFO] 
[INFO] --- javadoc-packagelist-maven-plugin:1.0.0:gen-package-list (default) @ common ---
[INFO] Created package-list
[INFO] 
[INFO] >>> maven-source-plugin:3.0.1:jar (attach-sources) > generate-sources @ common >>>
[INFO] 
[INFO] <<< maven-source-plugin:3.0.1:jar (attach-sources) < generate-sources @ common <<<
[INFO] 
[INFO] 
[INFO] --- maven-source-plugin:3.0.1:jar (attach-sources) @ common ---
[INFO] Building jar: /home/srafi/after-cam-ready/compare_/compile_repair_output/work/b7d6b7499f59/common/target/common-2.0.22-SNAPSHOT-sources.jar
[INFO] 
[INFO] --- maven-javadoc-plugin:3.1.0:jar (attach-javadocs) @ common ---
[INFO] Skipping javadoc generation
[INFO] 
[INFO] --- maven-install-plugin:2.4:install (default-install) @ common ---
[INFO] Installing /home/srafi/after-cam-ready/compare_/compile_repair_output/work/b7d6b7499f59/common/target/common-2.0.22-SNAPSHOT.jar to /home/srafi/.m2/repository/com/networknt/common/2.0.22-SNAPSHOT/common-2.0.22-SNAPSHOT.jar
[INFO] Installing /home/srafi/after-cam-ready/compare_/compile_repair_output/work/b7d6b7499f59/common/pom.xml to /home/srafi/.m2/repository/com/networknt/common/2.0.22-SNAPSHOT/common-2.0.22-SNAPSHOT.pom
[INFO] Installing /home/srafi/after-cam-ready/compare_/compile_repair_output/work/b7d6b7499f59/common/target/common-2.0.22-SNAPSHOT-sources.jar to /home/srafi/.m2/repository/com/networknt/common/2.0.22-SNAPSHOT/common-2.0.22-SNAPSHOT-sources.jar
[INFO] 
[INFO] -----------------------< com.networknt:handler >------------------------
[INFO] Building handler 2.0.22-SNAPSHOT                                   [9/9]
[INFO] --------------------------------[ jar ]---------------------------------
[INFO] 
[INFO] --- maven-clean-plugin:2.5:clean (default-clean) @ handler ---
[INFO] 
[INFO] --- maven-resources-plugin:2.6:resources (default-resources) @ handler ---
[INFO] Using 'UTF-8' encoding to copy filtered resources.
[INFO] skip non existing resourceDirectory /home/srafi/after-cam-ready/compare_/compile_repair_output/work/b7d6b7499f59/handler/src/main/resources
[INFO] 
[INFO] --- maven-compiler-plugin:3.8.0:compile (default-compile) @ handler ---
[INFO] Changes detected - recompiling the module!
[INFO] Compiling 11 source files to /home/srafi/after-cam-ready/compare_/compile_repair_output/work/b7d6b7499f59/handler/target/classes
[INFO] /home/srafi/after-cam-ready/compare_/compile_repair_output/work/b7d6b7499f59/handler/src/main/java/com/networknt/handler/Handler.java: /home/srafi/after-cam-ready/compare_/compile_repair_output/work/b7d6b7499f59/handler/src/main/java/com/networknt/handler/Handler.java uses unchecked or unsafe operations.
[INFO] /home/srafi/after-cam-ready/compare_/compile_repair_output/work/b7d6b7499f59/handler/src/main/java/com/networknt/handler/Handler.java: Recompile with -Xlint:unchecked for details.
[INFO] 
[INFO] --- build-helper-maven-plugin:3.0.0:add-test-source (add-test-source) @ handler ---
[INFO] Test Source directory: /home/srafi/after-cam-ready/compare_/compile_repair_output/work/b7d6b7499f59/handler/src/integration/java added.
[INFO] 
[INFO] --- build-helper-maven-plugin:3.0.0:add-test-resource (add-test-resource) @ handler ---
[INFO] 
[INFO] --- maven-resources-plugin:2.6:testResources (default-testResources) @ handler ---
[INFO] Using 'UTF-8' encoding to copy filtered resources.
[INFO] Copying 5 resources
[INFO] skip non existing resourceDirectory /home/srafi/after-cam-ready/compare_/compile_repair_output/work/b7d6b7499f59/handler\src\integration\resources
[INFO] 
[INFO] --- maven-compiler-plugin:3.8.0:testCompile (default-testCompile) @ handler ---
[INFO] Changes detected - recompiling the module!
[INFO] Compiling 5 source files to /home/srafi/after-cam-ready/compare_/compile_repair_output/work/b7d6b7499f59/handler/target/test-classes
[INFO] 
[INFO] --- maven-surefire-plugin:3.0.0-M8-SNAPSHOT:test (default-test) @ handler ---
[INFO] Tests are skipped.
[INFO] 
[INFO] --- maven-jar-plugin:2.4:jar (default-jar) @ handler ---
[INFO] Building jar: /home/srafi/after-cam-ready/compare_/compile_repair_output/work/b7d6b7499f59/handler/target/handler-2.0.22-SNAPSHOT.jar
[INFO] 
[INFO] --- javadoc-packagelist-maven-plugin:1.0.0:gen-package-list (default) @ handler ---
[INFO] Created package-list
[INFO] 
[INFO] >>> maven-source-plugin:3.0.1:jar (attach-sources) > generate-sources @ handler >>>
[INFO] 
[INFO] <<< maven-source-plugin:3.0.1:jar (attach-sources) < generate-sources @ handler <<<
[INFO] 
[INFO] 
[INFO] --- maven-source-plugin:3.0.1:jar (attach-sources) @ handler ---
[INFO] Building jar: /home/srafi/after-cam-ready/compare_/compile_repair_output/work/b7d6b7499f59/handler/target/handler-2.0.22-SNAPSHOT-sources.jar
[INFO] 
[INFO] --- maven-javadoc-plugin:3.1.0:jar (attach-javadocs) @ handler ---
[INFO] Skipping javadoc generation
[INFO] 
[INFO] --- maven-install-plugin:2.4:install (default-install) @ handler ---
[INFO] Installing /home/srafi/after-cam-ready/compare_/compile_repair_output/work/b7d6b7499f59/handler/target/handler-2.0.22-SNAPSHOT.jar to /home/srafi/.m2/repository/com/networknt/handler/2.0.22-SNAPSHOT/handler-2.0.22-SNAPSHOT.jar
[INFO] Installing /home/srafi/after-cam-ready/compare_/compile_repair_output/work/b7d6b7499f59/handler/pom.xml to /home/srafi/.m2/repository/com/networknt/handler/2.0.22-SNAPSHOT/handler-2.0.22-SNAPSHOT.pom
[INFO] Installing /home/srafi/after-cam-ready/compare_/compile_repair_output/work/b7d6b7499f59/handler/target/handler-2.0.22-SNAPSHOT-sources.jar to /home/srafi/.m2/repository/com/networknt/handler/2.0.22-SNAPSHOT/handler-2.0.22-SNAPSHOT-sources.jar
[INFO] ------------------------------------------------------------------------
[INFO] Reactor Summary for Parent POM 2.0.22-SNAPSHOT:
[INFO] 
[INFO] Parent POM ......................................... SUCCESS [  0.542 s]
[INFO] decryptor .......................................... SUCCESS [  3.561 s]
[INFO] config ............................................. SUCCESS [  0.541 s]
[INFO] utility ............................................ SUCCESS [  0.380 s]
[INFO] http-string ........................................ SUCCESS [  0.101 s]
[INFO] service ............................................ SUCCESS [  0.205 s]
[INFO] status ............................................. SUCCESS [  0.154 s]
[INFO] common ............................................. SUCCESS [  0.098 s]
[INFO] handler ............................................ SUCCESS [  0.175 s]
[INFO] ------------------------------------------------------------------------
[INFO] BUILD SUCCESS
[INFO] ------------------------------------------------------------------------
[INFO] Total time:  6.237 s
[INFO] Finished at: 2026-08-15T16:35:52-04:00
[INFO] ------------------------------------------------------------------------
