JAVA_HOME=/usr/lib/jvm/java-11-openjdk-amd64
COMMAND=mvn -B clean install -DskipTests -U -pl guava -am -Ddependency-check.skip=true -Dgpg.skip=true -DfailIfNoTests=false -Dskip.installnodenpm=true -Dskip.npm=true -Dskip.yarn=true -Dlicense.skip=true -Dcheckstyle.skip=true -Drat.skip=true -Denforcer.skip=true -Danimal.sniffer.skip=true -Dmaven.javadoc.skip=true -Dfindbugs.skip=true -Dspotbugs.skip=true -Dwarbucks.skip=true -Dmodernizer.skip=true -Dimpsort.skip=true -Dmdep.analyze.skip=true -Dpgpverify.skip=true -Dxml.skip=true -Dcobertura.skip=true

[INFO] Scanning for projects...
Warning: KebabPizza disabling incompatible org.apache.maven.plugins:maven-enforcer-plugin from junit-quickcheck
Warning: KebabPizza disabling incompatible org.apache.maven.plugins:maven-enforcer-plugin from junit-quickcheck-core
Warning: KebabPizza disabling incompatible org.jacoco:jacoco-maven-plugin from junit-quickcheck-core
Warning: KebabPizza disabling incompatible org.apache.maven.plugins:maven-enforcer-plugin from junit-quickcheck-generators
Warning: KebabPizza disabling incompatible org.jacoco:jacoco-maven-plugin from junit-quickcheck-generators
Warning: KebabPizza disabling incompatible org.apache.maven.plugins:maven-enforcer-plugin from junit-quickcheck-guava
Warning: KebabPizza disabling incompatible org.jacoco:jacoco-maven-plugin from junit-quickcheck-guava
[INFO] ------------------------------------------------------------------------
[INFO] Reactor Build Order:
[INFO] 
[INFO] junit-quickcheck                                                   [pom]
[INFO] junit-quickcheck-core                                              [jar]
[INFO] junit-quickcheck-generators                                        [jar]
[INFO] junit-quickcheck-guava                                             [jar]
[INFO] 
[INFO] --------------------< com.pholser:junit-quickcheck >--------------------
[INFO] Building junit-quickcheck 0.9                                      [1/4]
[INFO] --------------------------------[ pom ]---------------------------------
[INFO] 
[INFO] --- maven-clean-plugin:2.5:clean (default-clean) @ junit-quickcheck ---
[INFO] 
[INFO] --- maven-install-plugin:2.4:install (default-install) @ junit-quickcheck ---
[INFO] Installing /home/srafi/after-cam-ready/compare_/compile_repair_output/work/fe8bb25bbcca/pom.xml to /home/srafi/.m2/repository/com/pholser/junit-quickcheck/0.9/junit-quickcheck-0.9.pom
[INFO] 
[INFO] -----------------< com.pholser:junit-quickcheck-core >------------------
[INFO] Building junit-quickcheck-core 0.9                                 [2/4]
[INFO] --------------------------------[ jar ]---------------------------------
[INFO] 
[INFO] --- maven-clean-plugin:2.5:clean (default-clean) @ junit-quickcheck-core ---
[INFO] 
[INFO] --- maven-resources-plugin:2.6:resources (default-resources) @ junit-quickcheck-core ---
[INFO] Using 'UTF-8' encoding to copy filtered resources.
[INFO] Copying 1 resource
[INFO] 
[INFO] --- maven-compiler-plugin:3.5.1:compile (default-compile) @ junit-quickcheck-core ---
[INFO] Changes detected - recompiling the module!
[INFO] Compiling 73 source files to /home/srafi/after-cam-ready/compare_/compile_repair_output/work/fe8bb25bbcca/core/target/classes
[INFO] /home/srafi/after-cam-ready/compare_/compile_repair_output/work/fe8bb25bbcca/core/src/main/java/com/pholser/junit/quickcheck/internal/generator/EnumGenerator.java: Some input files use or override a deprecated API.
[INFO] /home/srafi/after-cam-ready/compare_/compile_repair_output/work/fe8bb25bbcca/core/src/main/java/com/pholser/junit/quickcheck/internal/generator/EnumGenerator.java: Recompile with -Xlint:deprecation for details.
[INFO] /home/srafi/after-cam-ready/compare_/compile_repair_output/work/fe8bb25bbcca/core/src/main/java/com/pholser/junit/quickcheck/generator/Generators.java: /home/srafi/after-cam-ready/compare_/compile_repair_output/work/fe8bb25bbcca/core/src/main/java/com/pholser/junit/quickcheck/generator/Generators.java uses unchecked or unsafe operations.
[INFO] /home/srafi/after-cam-ready/compare_/compile_repair_output/work/fe8bb25bbcca/core/src/main/java/com/pholser/junit/quickcheck/generator/Generators.java: Recompile with -Xlint:unchecked for details.
[INFO] -------------------------------------------------------------
[ERROR] COMPILATION ERROR : 
[INFO] -------------------------------------------------------------
[ERROR] /home/srafi/after-cam-ready/compare_/compile_repair_output/work/fe8bb25bbcca/core/src/main/java/com/pholser/junit/quickcheck/internal/FakeAnnotatedTypeFactory.java:[50,26] com.pholser.junit.quickcheck.internal.FakeAnnotatedTypeFactory.FakeAnnotatedArrayType is not abstract and does not override abstract method getAnnotatedOwnerType() in java.lang.reflect.AnnotatedArrayType
[INFO] 1 error
[INFO] -------------------------------------------------------------
[INFO] ------------------------------------------------------------------------
[INFO] Reactor Summary for junit-quickcheck 0.9:
[INFO] 
[INFO] junit-quickcheck ................................... SUCCESS [  0.133 s]
[INFO] junit-quickcheck-core .............................. FAILURE [  1.268 s]
[INFO] junit-quickcheck-generators ........................ SKIPPED
[INFO] junit-quickcheck-guava ............................. SKIPPED
[INFO] ------------------------------------------------------------------------
[INFO] BUILD FAILURE
[INFO] ------------------------------------------------------------------------
[INFO] Total time:  1.492 s
[INFO] Finished at: 2026-08-15T16:42:29-04:00
[INFO] ------------------------------------------------------------------------
[ERROR] Failed to execute goal org.apache.maven.plugins:maven-compiler-plugin:3.5.1:compile (default-compile) on project junit-quickcheck-core: Compilation failure
[ERROR] /home/srafi/after-cam-ready/compare_/compile_repair_output/work/fe8bb25bbcca/core/src/main/java/com/pholser/junit/quickcheck/internal/FakeAnnotatedTypeFactory.java:[50,26] com.pholser.junit.quickcheck.internal.FakeAnnotatedTypeFactory.FakeAnnotatedArrayType is not abstract and does not override abstract method getAnnotatedOwnerType() in java.lang.reflect.AnnotatedArrayType
[ERROR] -> [Help 1]
[ERROR] 
[ERROR] To see the full stack trace of the errors, re-run Maven with the -e switch.
[ERROR] Re-run Maven using the -X switch to enable full debug logging.
[ERROR] 
[ERROR] For more information about the errors and possible solutions, please read the following articles:
[ERROR] [Help 1] http://cwiki.apache.org/confluence/display/MAVEN/MojoFailureException
[ERROR] 
[ERROR] After correcting the problems, you can resume the build with the command
[ERROR]   mvn <args> -rf :junit-quickcheck-core
