JAVA_HOME=/usr/lib/jvm/java-8-openjdk-amd64
COMMAND=mvn -B clean install -DskipTests -U -pl base -am -Ddependency-check.skip=true -Dgpg.skip=true -DfailIfNoTests=false -Dskip.installnodenpm=true -Dskip.npm=true -Dskip.yarn=true -Dlicense.skip=true -Dcheckstyle.skip=true -Drat.skip=true -Denforcer.skip=true -Danimal.sniffer.skip=true -Dmaven.javadoc.skip=true -Dfindbugs.skip=true -Dspotbugs.skip=true -Dwarbucks.skip=true -Dmodernizer.skip=true -Dimpsort.skip=true -Dmdep.analyze.skip=true -Dpgpverify.skip=true -Dxml.skip=true -Dcobertura.skip=true

[INFO] Scanning for projects...
[WARNING] 
[WARNING] Some problems were encountered while building the effective model for tk.mybatis:mapper:jar:4.1.5
[WARNING] 'build.plugins.plugin.version' for org.apache.maven.plugins:maven-compiler-plugin is missing. @ tk.mybatis:mapper-parent:3, /home/srafi/.m2/repository/tk/mybatis/mapper-parent/3/mapper-parent-3.pom, line 141, column 21
[WARNING] 'build.plugins.plugin.version' for org.apache.maven.plugins:maven-shade-plugin is missing. @ line 79, column 21
[WARNING] 'build.plugins.plugin.version' for org.apache.maven.plugins:maven-source-plugin is missing. @ tk.mybatis:mapper-parent:3, /home/srafi/.m2/repository/tk/mybatis/mapper-parent/3/mapper-parent-3.pom, line 149, column 21
[WARNING] 
[WARNING] Some problems were encountered while building the effective model for tk.mybatis:mapper-all-dependencies:jar:4.1.5
[WARNING] 'build.plugins.plugin.version' for org.apache.maven.plugins:maven-compiler-plugin is missing. @ tk.mybatis:mapper-parent:3, /home/srafi/.m2/repository/tk/mybatis/mapper-parent/3/mapper-parent-3.pom, line 141, column 21
[WARNING] 'build.plugins.plugin.version' for org.apache.maven.plugins:maven-source-plugin is missing. @ tk.mybatis:mapper-parent:3, /home/srafi/.m2/repository/tk/mybatis/mapper-parent/3/mapper-parent-3.pom, line 149, column 21
[WARNING] 
[WARNING] Some problems were encountered while building the effective model for tk.mybatis:mapper-all:pom:4.1.5
[WARNING] 'build.plugins.plugin.version' for org.apache.maven.plugins:maven-compiler-plugin is missing. @ tk.mybatis:mapper-parent:3, /home/srafi/.m2/repository/tk/mybatis/mapper-parent/3/mapper-parent-3.pom, line 141, column 21
[WARNING] 'build.plugins.plugin.version' for org.apache.maven.plugins:maven-source-plugin is missing. @ tk.mybatis:mapper-parent:3, /home/srafi/.m2/repository/tk/mybatis/mapper-parent/3/mapper-parent-3.pom, line 149, column 21
[WARNING] 
[WARNING] Some problems were encountered while building the effective model for tk.mybatis:mapper-base:jar:1.1.5
[WARNING] 'build.plugins.plugin.version' for org.apache.maven.plugins:maven-compiler-plugin is missing. @ tk.mybatis:mapper-parent:3, /home/srafi/.m2/repository/tk/mybatis/mapper-parent/3/mapper-parent-3.pom, line 141, column 21
[WARNING] 'build.plugins.plugin.version' for org.apache.maven.plugins:maven-source-plugin is missing. @ tk.mybatis:mapper-parent:3, /home/srafi/.m2/repository/tk/mybatis/mapper-parent/3/mapper-parent-3.pom, line 149, column 21
[WARNING] 
[WARNING] Some problems were encountered while building the effective model for tk.mybatis:mapper-core:jar:1.1.5
[WARNING] 'build.plugins.plugin.version' for org.apache.maven.plugins:maven-compiler-plugin is missing. @ tk.mybatis:mapper-parent:3, /home/srafi/.m2/repository/tk/mybatis/mapper-parent/3/mapper-parent-3.pom, line 141, column 21
[WARNING] 'build.plugins.plugin.version' for org.apache.maven.plugins:maven-source-plugin is missing. @ tk.mybatis:mapper-parent:3, /home/srafi/.m2/repository/tk/mybatis/mapper-parent/3/mapper-parent-3.pom, line 149, column 21
[WARNING] 
[WARNING] Some problems were encountered while building the effective model for tk.mybatis:mapper-extra:jar:1.1.5
[WARNING] 'build.plugins.plugin.version' for org.apache.maven.plugins:maven-compiler-plugin is missing. @ tk.mybatis:mapper-parent:3, /home/srafi/.m2/repository/tk/mybatis/mapper-parent/3/mapper-parent-3.pom, line 141, column 21
[WARNING] 'build.plugins.plugin.version' for org.apache.maven.plugins:maven-source-plugin is missing. @ tk.mybatis:mapper-parent:3, /home/srafi/.m2/repository/tk/mybatis/mapper-parent/3/mapper-parent-3.pom, line 149, column 21
[WARNING] 
[WARNING] Some problems were encountered while building the effective model for tk.mybatis:mapper-spring:jar:1.1.5
[WARNING] 'build.plugins.plugin.version' for org.apache.maven.plugins:maven-compiler-plugin is missing. @ tk.mybatis:mapper-parent:3, /home/srafi/.m2/repository/tk/mybatis/mapper-parent/3/mapper-parent-3.pom, line 141, column 21
[WARNING] 'build.plugins.plugin.version' for org.apache.maven.plugins:maven-source-plugin is missing. @ tk.mybatis:mapper-parent:3, /home/srafi/.m2/repository/tk/mybatis/mapper-parent/3/mapper-parent-3.pom, line 149, column 21
[WARNING] 
[WARNING] Some problems were encountered while building the effective model for tk.mybatis:mapper-weekend:jar:1.1.5
[WARNING] 'build.plugins.plugin.version' for org.apache.maven.plugins:maven-compiler-plugin is missing. @ tk.mybatis:mapper-parent:3, /home/srafi/.m2/repository/tk/mybatis/mapper-parent/3/mapper-parent-3.pom, line 141, column 21
[WARNING] 'build.plugins.plugin.version' for org.apache.maven.plugins:maven-source-plugin is missing. @ tk.mybatis:mapper-parent:3, /home/srafi/.m2/repository/tk/mybatis/mapper-parent/3/mapper-parent-3.pom, line 149, column 21
[WARNING] 
[WARNING] Some problems were encountered while building the effective model for tk.mybatis:mapper-generator:jar:1.1.5
[WARNING] 'build.plugins.plugin.version' for org.apache.maven.plugins:maven-compiler-plugin is missing. @ tk.mybatis:mapper-parent:3, /home/srafi/.m2/repository/tk/mybatis/mapper-parent/3/mapper-parent-3.pom, line 141, column 21
[WARNING] 'build.plugins.plugin.version' for org.apache.maven.plugins:maven-source-plugin is missing. @ tk.mybatis:mapper-parent:3, /home/srafi/.m2/repository/tk/mybatis/mapper-parent/3/mapper-parent-3.pom, line 149, column 21
[WARNING] 
[WARNING] Some problems were encountered while building the effective model for tk.mybatis:mapper-spring-boot-autoconfigure:jar:2.1.5
[WARNING] 'build.plugins.plugin.version' for org.apache.maven.plugins:maven-compiler-plugin is missing. @ tk.mybatis:mapper-parent:3, /home/srafi/.m2/repository/tk/mybatis/mapper-parent/3/mapper-parent-3.pom, line 141, column 21
[WARNING] 'build.plugins.plugin.version' for org.apache.maven.plugins:maven-source-plugin is missing. @ tk.mybatis:mapper-parent:3, /home/srafi/.m2/repository/tk/mybatis/mapper-parent/3/mapper-parent-3.pom, line 149, column 21
[WARNING] 
[WARNING] Some problems were encountered while building the effective model for tk.mybatis:mapper-spring-boot-starter:jar:2.1.5
[WARNING] 'build.plugins.plugin.version' for org.apache.maven.plugins:maven-compiler-plugin is missing. @ tk.mybatis:mapper-parent:3, /home/srafi/.m2/repository/tk/mybatis/mapper-parent/3/mapper-parent-3.pom, line 141, column 21
[WARNING] 'build.plugins.plugin.version' for org.apache.maven.plugins:maven-source-plugin is missing. @ tk.mybatis:mapper-parent:3, /home/srafi/.m2/repository/tk/mybatis/mapper-parent/3/mapper-parent-3.pom, line 149, column 21
[WARNING] 
[WARNING] Some problems were encountered while building the effective model for tk.mybatis:mapper-spring-boot-sample-annotation:jar:2.1.5
[WARNING] 'build.plugins.plugin.version' for org.apache.maven.plugins:maven-compiler-plugin is missing. @ tk.mybatis:mapper-parent:3, /home/srafi/.m2/repository/tk/mybatis/mapper-parent/3/mapper-parent-3.pom, line 141, column 21
[WARNING] 'build.plugins.plugin.version' for org.apache.maven.plugins:maven-source-plugin is missing. @ tk.mybatis:mapper-parent:3, /home/srafi/.m2/repository/tk/mybatis/mapper-parent/3/mapper-parent-3.pom, line 149, column 21
[WARNING] 
[WARNING] Some problems were encountered while building the effective model for tk.mybatis:mapper-spring-boot-sample-xml:jar:2.1.5
[WARNING] 'build.plugins.plugin.version' for org.apache.maven.plugins:maven-compiler-plugin is missing. @ tk.mybatis:mapper-parent:3, /home/srafi/.m2/repository/tk/mybatis/mapper-parent/3/mapper-parent-3.pom, line 141, column 21
[WARNING] 'build.plugins.plugin.version' for org.apache.maven.plugins:maven-source-plugin is missing. @ tk.mybatis:mapper-parent:3, /home/srafi/.m2/repository/tk/mybatis/mapper-parent/3/mapper-parent-3.pom, line 149, column 21
[WARNING] 
[WARNING] Some problems were encountered while building the effective model for tk.mybatis:mapper-spring-boot-samples:pom:2.1.5
[WARNING] 'build.plugins.plugin.version' for org.apache.maven.plugins:maven-compiler-plugin is missing. @ tk.mybatis:mapper-parent:3, /home/srafi/.m2/repository/tk/mybatis/mapper-parent/3/mapper-parent-3.pom, line 141, column 21
[WARNING] 'build.plugins.plugin.version' for org.apache.maven.plugins:maven-source-plugin is missing. @ tk.mybatis:mapper-parent:3, /home/srafi/.m2/repository/tk/mybatis/mapper-parent/3/mapper-parent-3.pom, line 149, column 21
[WARNING] 
[WARNING] Some problems were encountered while building the effective model for tk.mybatis:mapper-spring-boot:pom:2.1.5
[WARNING] 'build.plugins.plugin.version' for org.apache.maven.plugins:maven-compiler-plugin is missing. @ tk.mybatis:mapper-parent:3, /home/srafi/.m2/repository/tk/mybatis/mapper-parent/3/mapper-parent-3.pom, line 141, column 21
[WARNING] 'build.plugins.plugin.version' for org.apache.maven.plugins:maven-source-plugin is missing. @ tk.mybatis:mapper-parent:3, /home/srafi/.m2/repository/tk/mybatis/mapper-parent/3/mapper-parent-3.pom, line 149, column 21
[WARNING] 
[WARNING] Some problems were encountered while building the effective model for tk.mybatis:mapper-modules:pom:1.1.5
[WARNING] 'build.plugins.plugin.version' for org.apache.maven.plugins:maven-compiler-plugin is missing. @ tk.mybatis:mapper-parent:3, /home/srafi/.m2/repository/tk/mybatis/mapper-parent/3/mapper-parent-3.pom, line 141, column 21
[WARNING] 'build.plugins.plugin.version' for org.apache.maven.plugins:maven-source-plugin is missing. @ tk.mybatis:mapper-parent:3, /home/srafi/.m2/repository/tk/mybatis/mapper-parent/3/mapper-parent-3.pom, line 149, column 21
[WARNING] 
[WARNING] It is highly recommended to fix these problems because they threaten the stability of your build.
[WARNING] 
[WARNING] For this reason, future Maven versions might no longer support building such malformed projects.
[WARNING] 
[INFO] ------------------------------------------------------------------------
[INFO] Reactor Build Order:
[INFO] 
[INFO] mapper-parent                                                      [pom]
[INFO] mapper-core                                                        [jar]
[INFO] mapper-base                                                        [jar]
[INFO] 
[INFO] ---------------------< tk.mybatis:mapper-modules >----------------------
[INFO] Building mapper-parent 1.1.5                                       [1/3]
[INFO] --------------------------------[ pom ]---------------------------------
[INFO] Downloading from central: https://repo.maven.apache.org/maven2/org/apache/maven/plugins/maven-compiler-plugin/maven-metadata.xml
[INFO] Downloaded from central: https://repo.maven.apache.org/maven2/org/apache/maven/plugins/maven-compiler-plugin/maven-metadata.xml (1.5 kB at 4.0 kB/s)
[INFO] Downloading from central: https://repo.maven.apache.org/maven2/org/apache/maven/plugins/maven-compiler-plugin/4.0.0-beta-4/maven-compiler-plugin-4.0.0-beta-4.pom
[INFO] Downloaded from central: https://repo.maven.apache.org/maven2/org/apache/maven/plugins/maven-compiler-plugin/4.0.0-beta-4/maven-compiler-plugin-4.0.0-beta-4.pom (11 kB at 270 kB/s)
[INFO] Downloading from central: https://repo.maven.apache.org/maven2/org/apache/maven/plugins/maven-compiler-plugin/4.0.0-beta-4/maven-compiler-plugin-4.0.0-beta-4.jar
[INFO] Downloaded from central: https://repo.maven.apache.org/maven2/org/apache/maven/plugins/maven-compiler-plugin/4.0.0-beta-4/maven-compiler-plugin-4.0.0-beta-4.jar (183 kB at 2.3 MB/s)
[INFO] Downloading from central: https://repo.maven.apache.org/maven2/org/apache/maven/plugins/maven-compiler-plugin/4.0.0-beta-3/maven-compiler-plugin-4.0.0-beta-3.pom
[INFO] Downloaded from central: https://repo.maven.apache.org/maven2/org/apache/maven/plugins/maven-compiler-plugin/4.0.0-beta-3/maven-compiler-plugin-4.0.0-beta-3.pom (26 kB at 717 kB/s)
[INFO] Downloading from central: https://repo.maven.apache.org/maven2/org/apache/maven/plugins/maven-compiler-plugin/4.0.0-beta-3/maven-compiler-plugin-4.0.0-beta-3.jar
[INFO] Downloaded from central: https://repo.maven.apache.org/maven2/org/apache/maven/plugins/maven-compiler-plugin/4.0.0-beta-3/maven-compiler-plugin-4.0.0-beta-3.jar (174 kB at 1.7 MB/s)
[INFO] Downloading from central: https://repo.maven.apache.org/maven2/org/apache/maven/plugins/maven-source-plugin/maven-metadata.xml
[INFO] Downloaded from central: https://repo.maven.apache.org/maven2/org/apache/maven/plugins/maven-source-plugin/maven-metadata.xml (1.1 kB at 32 kB/s)
[INFO] 
[INFO] --- maven-clean-plugin:2.5:clean (default-clean) @ mapper-modules ---
[INFO] 
[INFO] --- maven-source-plugin:3.4.0:jar-no-fork (default) @ mapper-modules ---
[INFO] 
[INFO] --- maven-install-plugin:2.4:install (default-install) @ mapper-modules ---
[INFO] Installing /home/srafi/after-cam-ready/compare_/compile_repair_output/work/64bf35f5e847/pom.xml to /home/srafi/.m2/repository/tk/mybatis/mapper-modules/1.1.5/mapper-modules-1.1.5.pom
[INFO] 
[INFO] -----------------------< tk.mybatis:mapper-core >-----------------------
[INFO] Building mapper-core 1.1.5                                         [2/3]
[INFO] --------------------------------[ jar ]---------------------------------
[INFO] 
[INFO] --- maven-clean-plugin:2.5:clean (default-clean) @ mapper-core ---
[INFO] 
[INFO] --- maven-resources-plugin:2.6:resources (default-resources) @ mapper-core ---
[INFO] Using 'UTF-8' encoding to copy filtered resources.
[INFO] skip non existing resourceDirectory /home/srafi/after-cam-ready/compare_/compile_repair_output/work/64bf35f5e847/core/src/main/resources
[INFO] 
[INFO] --- maven-compiler-plugin:3.1:compile (default-compile) @ mapper-core ---
[INFO] Changes detected - recompiling the module!
[INFO] Compiling 46 source files to /home/srafi/after-cam-ready/compare_/compile_repair_output/work/64bf35f5e847/core/target/classes
[WARNING] /home/srafi/after-cam-ready/compare_/compile_repair_output/work/64bf35f5e847/core/src/main/java/tk/mybatis/mapper/mapperhelper/SelectKeyHelper.java: /home/srafi/after-cam-ready/compare_/compile_repair_output/work/64bf35f5e847/core/src/main/java/tk/mybatis/mapper/mapperhelper/SelectKeyHelper.java uses or overrides a deprecated API.
[WARNING] /home/srafi/after-cam-ready/compare_/compile_repair_output/work/64bf35f5e847/core/src/main/java/tk/mybatis/mapper/mapperhelper/SelectKeyHelper.java: Recompile with -Xlint:deprecation for details.
[WARNING] /home/srafi/after-cam-ready/compare_/compile_repair_output/work/64bf35f5e847/core/src/main/java/tk/mybatis/mapper/version/VersionUtil.java: /home/srafi/after-cam-ready/compare_/compile_repair_output/work/64bf35f5e847/core/src/main/java/tk/mybatis/mapper/version/VersionUtil.java uses unchecked or unsafe operations.
[WARNING] /home/srafi/after-cam-ready/compare_/compile_repair_output/work/64bf35f5e847/core/src/main/java/tk/mybatis/mapper/version/VersionUtil.java: Recompile with -Xlint:unchecked for details.
[INFO] 
[INFO] --- maven-resources-plugin:2.6:testResources (default-testResources) @ mapper-core ---
[INFO] Using 'UTF-8' encoding to copy filtered resources.
[INFO] skip non existing resourceDirectory /home/srafi/after-cam-ready/compare_/compile_repair_output/work/64bf35f5e847/core/src/test/resources
[INFO] Copying 11 resources
[INFO] 
[INFO] --- maven-compiler-plugin:3.1:testCompile (default-testCompile) @ mapper-core ---
[INFO] Changes detected - recompiling the module!
[INFO] Compiling 11 source files to /home/srafi/after-cam-ready/compare_/compile_repair_output/work/64bf35f5e847/core/target/test-classes
[INFO] 
[INFO] --- maven-surefire-plugin:3.0.0-M8-SNAPSHOT:test (default-test) @ mapper-core ---
[INFO] Downloading from apache.snapshots: https://repository.apache.org/snapshots/org/apache/maven/surefire/maven-surefire-common/3.0.0-M8-SNAPSHOT/maven-metadata.xml
[INFO] Downloading from apache.snapshots: https://repository.apache.org/snapshots/org/apache/maven/surefire/surefire-api/3.0.0-M8-SNAPSHOT/maven-metadata.xml
[INFO] Downloading from apache.snapshots: https://repository.apache.org/snapshots/org/apache/maven/surefire/surefire-logger-api/3.0.0-M8-SNAPSHOT/maven-metadata.xml
[INFO] Downloading from apache.snapshots: https://repository.apache.org/snapshots/org/apache/maven/surefire/surefire-shared-utils/3.0.0-M8-SNAPSHOT/maven-metadata.xml
[INFO] Downloading from apache.snapshots: https://repository.apache.org/snapshots/org/apache/maven/surefire/surefire-extensions-api/3.0.0-M8-SNAPSHOT/maven-metadata.xml
[INFO] Downloading from apache.snapshots: https://repository.apache.org/snapshots/org/apache/maven/surefire/surefire-booter/3.0.0-M8-SNAPSHOT/maven-metadata.xml
[INFO] Downloading from apache.snapshots: https://repository.apache.org/snapshots/org/apache/maven/surefire/surefire-extensions-spi/3.0.0-M8-SNAPSHOT/maven-metadata.xml
[INFO] Tests are skipped.
[INFO] 
[INFO] --- maven-jar-plugin:2.4:jar (default-jar) @ mapper-core ---
[INFO] Building jar: /home/srafi/after-cam-ready/compare_/compile_repair_output/work/64bf35f5e847/core/target/mapper-core-1.1.5.jar
[INFO] 
[INFO] --- maven-source-plugin:3.4.0:jar-no-fork (default) @ mapper-core ---
[INFO] Building jar: /home/srafi/after-cam-ready/compare_/compile_repair_output/work/64bf35f5e847/core/target/mapper-core-1.1.5-sources.jar
[INFO] 
[INFO] --- maven-install-plugin:2.4:install (default-install) @ mapper-core ---
[INFO] Installing /home/srafi/after-cam-ready/compare_/compile_repair_output/work/64bf35f5e847/core/target/mapper-core-1.1.5.jar to /home/srafi/.m2/repository/tk/mybatis/mapper-core/1.1.5/mapper-core-1.1.5.jar
[INFO] Installing /home/srafi/after-cam-ready/compare_/compile_repair_output/work/64bf35f5e847/core/pom.xml to /home/srafi/.m2/repository/tk/mybatis/mapper-core/1.1.5/mapper-core-1.1.5.pom
[INFO] Installing /home/srafi/after-cam-ready/compare_/compile_repair_output/work/64bf35f5e847/core/target/mapper-core-1.1.5-sources.jar to /home/srafi/.m2/repository/tk/mybatis/mapper-core/1.1.5/mapper-core-1.1.5-sources.jar
[INFO] 
[INFO] -----------------------< tk.mybatis:mapper-base >-----------------------
[INFO] Building mapper-base 1.1.5                                         [3/3]
[INFO] --------------------------------[ jar ]---------------------------------
[INFO] 
[INFO] --- maven-clean-plugin:2.5:clean (default-clean) @ mapper-base ---
[INFO] 
[INFO] --- maven-resources-plugin:2.6:resources (default-resources) @ mapper-base ---
[INFO] Using 'UTF-8' encoding to copy filtered resources.
[INFO] skip non existing resourceDirectory /home/srafi/after-cam-ready/compare_/compile_repair_output/work/64bf35f5e847/base/src/main/resources
[INFO] 
[INFO] --- maven-compiler-plugin:3.1:compile (default-compile) @ mapper-base ---
[INFO] Changes detected - recompiling the module!
[INFO] Compiling 54 source files to /home/srafi/after-cam-ready/compare_/compile_repair_output/work/64bf35f5e847/base/target/classes
[INFO] 
[INFO] --- maven-resources-plugin:2.6:testResources (default-testResources) @ mapper-base ---
[INFO] Using 'UTF-8' encoding to copy filtered resources.
[INFO] Copying 4 resources
[INFO] Copying 161 resources
[INFO] 
[INFO] --- maven-compiler-plugin:3.1:testCompile (default-testCompile) @ mapper-base ---
[INFO] Changes detected - recompiling the module!
[INFO] Compiling 141 source files to /home/srafi/after-cam-ready/compare_/compile_repair_output/work/64bf35f5e847/base/target/test-classes
[WARNING] /home/srafi/after-cam-ready/compare_/compile_repair_output/work/64bf35f5e847/base/src/test/java/tk/mybatis/mapper/test/country/TestDeleteByPrimaryKey.java: Some input files use unchecked or unsafe operations.
[WARNING] /home/srafi/after-cam-ready/compare_/compile_repair_output/work/64bf35f5e847/base/src/test/java/tk/mybatis/mapper/test/country/TestDeleteByPrimaryKey.java: Recompile with -Xlint:unchecked for details.
[INFO] 
[INFO] --- maven-surefire-plugin:3.0.0-M8-SNAPSHOT:test (default-test) @ mapper-base ---
[INFO] Tests are skipped.
[INFO] 
[INFO] --- maven-jar-plugin:2.4:jar (default-jar) @ mapper-base ---
[INFO] Building jar: /home/srafi/after-cam-ready/compare_/compile_repair_output/work/64bf35f5e847/base/target/mapper-base-1.1.5.jar
[INFO] 
[INFO] --- maven-source-plugin:3.4.0:jar-no-fork (default) @ mapper-base ---
[INFO] Building jar: /home/srafi/after-cam-ready/compare_/compile_repair_output/work/64bf35f5e847/base/target/mapper-base-1.1.5-sources.jar
[INFO] 
[INFO] --- maven-install-plugin:2.4:install (default-install) @ mapper-base ---
[INFO] Installing /home/srafi/after-cam-ready/compare_/compile_repair_output/work/64bf35f5e847/base/target/mapper-base-1.1.5.jar to /home/srafi/.m2/repository/tk/mybatis/mapper-base/1.1.5/mapper-base-1.1.5.jar
[INFO] Installing /home/srafi/after-cam-ready/compare_/compile_repair_output/work/64bf35f5e847/base/pom.xml to /home/srafi/.m2/repository/tk/mybatis/mapper-base/1.1.5/mapper-base-1.1.5.pom
[INFO] Installing /home/srafi/after-cam-ready/compare_/compile_repair_output/work/64bf35f5e847/base/target/mapper-base-1.1.5-sources.jar to /home/srafi/.m2/repository/tk/mybatis/mapper-base/1.1.5/mapper-base-1.1.5-sources.jar
[INFO] ------------------------------------------------------------------------
[INFO] Reactor Summary for mapper-parent 1.1.5:
[INFO] 
[INFO] mapper-parent ...................................... SUCCESS [  1.150 s]
[INFO] mapper-core ........................................ SUCCESS [  3.816 s]
[INFO] mapper-base ........................................ SUCCESS [  0.401 s]
[INFO] ------------------------------------------------------------------------
[INFO] BUILD SUCCESS
[INFO] ------------------------------------------------------------------------
[INFO] Total time:  5.533 s
[INFO] Finished at: 2026-08-15T14:08:56-04:00
[INFO] ------------------------------------------------------------------------
