JAVA_HOME=/usr/lib/jvm/java-8-openjdk-amd64
COMMAND=mvn -B clean install -DskipTests -U -Ddependency-check.skip=true -Dgpg.skip=true -DfailIfNoTests=false -Dskip.installnodenpm=true -Dskip.npm=true -Dskip.yarn=true -Dlicense.skip=true -Dcheckstyle.skip=true -Drat.skip=true -Denforcer.skip=true -Danimal.sniffer.skip=true -Dmaven.javadoc.skip=true -Dfindbugs.skip=true -Dspotbugs.skip=true -Dwarbucks.skip=true -Dmodernizer.skip=true -Dimpsort.skip=true -Dmdep.analyze.skip=true -Dpgpverify.skip=true -Dxml.skip=true -Dcobertura.skip=true

[INFO] Scanning for projects...
Warning: KebabPizza disabling incompatible org.codehaus.mojo:license-maven-plugin from soot
[INFO] 
[INFO] -------------------------< org.soot-oss:soot >--------------------------
[INFO] Building Soot - a J*va Optimization Framework 4.3.0-SNAPSHOT
[INFO] --------------------------------[ jar ]---------------------------------
[INFO] Downloading from central: https://repo.maven.apache.org/maven2/org/smali/dexlib2/2.5.2/dexlib2-2.5.2.pom
[INFO] Downloaded from central: https://repo.maven.apache.org/maven2/org/smali/dexlib2/2.5.2/dexlib2-2.5.2.pom (1.9 kB at 6.6 kB/s)
[INFO] Downloading from central: https://repo.maven.apache.org/maven2/xmlpull/xmlpull/1.1.3.4d_b4_min/xmlpull-1.1.3.4d_b4_min.pom
[INFO] Downloaded from central: https://repo.maven.apache.org/maven2/xmlpull/xmlpull/1.1.3.4d_b4_min/xmlpull-1.1.3.4d_b4_min.pom (394 B at 12 kB/s)
[INFO] Downloading from sonatype-snapshot: https://oss.sonatype.org/content/repositories/snapshots/de/upb/cs/swt/axml/2.1.0-SNAPSHOT/maven-metadata.xml
[INFO] Downloading from sonatype-snapshot: https://oss.sonatype.org/content/repositories/snapshots/de/upb/cs/swt/axml/2.1.0-SNAPSHOT/axml-2.1.0-SNAPSHOT.pom
[WARNING] The POM for de.upb.cs.swt:axml:jar:2.1.0-SNAPSHOT is missing, no dependency information available
[INFO] Downloading from central: https://repo.maven.apache.org/maven2/ca/mcgill/sable/polyglot/2006/polyglot-2006.pom
[INFO] Downloaded from central: https://repo.maven.apache.org/maven2/ca/mcgill/sable/polyglot/2006/polyglot-2006.pom (1.9 kB at 50 kB/s)
[INFO] Downloading from sonatype-snapshot: https://oss.sonatype.org/content/repositories/snapshots/de/upb/cs/swt/heros/1.2.3-SNAPSHOT/maven-metadata.xml
[INFO] Downloading from sonatype-snapshot: https://oss.sonatype.org/content/repositories/snapshots/de/upb/cs/swt/heros/1.2.3-SNAPSHOT/heros-1.2.3-SNAPSHOT.pom
[WARNING] The POM for de.upb.cs.swt:heros:jar:1.2.3-SNAPSHOT is missing, no dependency information available
[INFO] Downloading from sonatype-snapshot: https://oss.sonatype.org/content/repositories/snapshots/ca/mcgill/sable/jasmin/3.0.3-SNAPSHOT/maven-metadata.xml
[INFO] Downloading from sonatype-snapshot: https://oss.sonatype.org/content/repositories/snapshots/ca/mcgill/sable/jasmin/3.0.3-SNAPSHOT/jasmin-3.0.3-SNAPSHOT.pom
[WARNING] The POM for ca.mcgill.sable:jasmin:jar:3.0.3-SNAPSHOT is missing, no dependency information available
[INFO] Downloading from central: https://repo.maven.apache.org/maven2/com/google/android/android/4.1.1.4/android-4.1.1.4.pom
[INFO] Downloaded from central: https://repo.maven.apache.org/maven2/com/google/android/android/4.1.1.4/android-4.1.1.4.pom (2.9 kB at 90 kB/s)
[INFO] Downloading from central: https://repo.maven.apache.org/maven2/org/apache/httpcomponents/httpclient/4.0.1/httpclient-4.0.1.pom
[INFO] Downloaded from central: https://repo.maven.apache.org/maven2/org/apache/httpcomponents/httpclient/4.0.1/httpclient-4.0.1.pom (6.8 kB at 194 kB/s)
[INFO] Downloading from central: https://repo.maven.apache.org/maven2/org/apache/httpcomponents/httpcomponents-client/4.0.1/httpcomponents-client-4.0.1.pom
[INFO] Downloaded from central: https://repo.maven.apache.org/maven2/org/apache/httpcomponents/httpcomponents-client/4.0.1/httpcomponents-client-4.0.1.pom (9.2 kB at 287 kB/s)
[INFO] Downloading from central: https://repo.maven.apache.org/maven2/org/khronos/opengl-api/gl1.1-android-2.1_r1/opengl-api-gl1.1-android-2.1_r1.pom
[INFO] Downloaded from central: https://repo.maven.apache.org/maven2/org/khronos/opengl-api/gl1.1-android-2.1_r1/opengl-api-gl1.1-android-2.1_r1.pom (1.6 kB at 40 kB/s)
[INFO] Downloading from central: https://repo.maven.apache.org/maven2/xerces/xmlParserAPIs/2.6.2/xmlParserAPIs-2.6.2.pom
[INFO] Downloaded from central: https://repo.maven.apache.org/maven2/xerces/xmlParserAPIs/2.6.2/xmlParserAPIs-2.6.2.pom (153 B at 3.6 kB/s)
[INFO] Downloading from central: https://repo.maven.apache.org/maven2/xpp3/xpp3/1.1.4c/xpp3-1.1.4c.pom
[INFO] Downloaded from central: https://repo.maven.apache.org/maven2/xpp3/xpp3/1.1.4c/xpp3-1.1.4c.pom (2.1 kB at 53 kB/s)
[INFO] Downloading from central: https://repo.maven.apache.org/maven2/org/json/json/20080701/json-20080701.pom
[INFO] Downloaded from central: https://repo.maven.apache.org/maven2/org/json/json/20080701/json-20080701.pom (1.7 kB at 36 kB/s)
[INFO] Downloading from central: https://repo.maven.apache.org/maven2/javax/xml/bind/jaxb-api/2.4.0-b180725.0427/jaxb-api-2.4.0-b180725.0427.pom
[INFO] Downloaded from central: https://repo.maven.apache.org/maven2/javax/xml/bind/jaxb-api/2.4.0-b180725.0427/jaxb-api-2.4.0-b180725.0427.pom (20 kB at 547 kB/s)
[INFO] Downloading from central: https://repo.maven.apache.org/maven2/javax/xml/bind/jaxb-api-parent/2.4.0-b180725.0427/jaxb-api-parent-2.4.0-b180725.0427.pom
[INFO] Downloaded from central: https://repo.maven.apache.org/maven2/javax/xml/bind/jaxb-api-parent/2.4.0-b180725.0427/jaxb-api-parent-2.4.0-b180725.0427.pom (8.1 kB at 246 kB/s)
[INFO] Downloading from central: https://repo.maven.apache.org/maven2/org/glassfish/jaxb/jaxb-runtime/2.4.0-b180830.0438/jaxb-runtime-2.4.0-b180830.0438.pom
[INFO] Downloaded from central: https://repo.maven.apache.org/maven2/org/glassfish/jaxb/jaxb-runtime/2.4.0-b180830.0438/jaxb-runtime-2.4.0-b180830.0438.pom (0 B at 0 B/s)
[INFO] Downloading from central: https://repo.maven.apache.org/maven2/com/sun/xml/bind/mvn/jaxb-runtime-parent/2.4.0-b180830.0438/jaxb-runtime-parent-2.4.0-b180830.0438.pom
[INFO] Downloaded from central: https://repo.maven.apache.org/maven2/com/sun/xml/bind/mvn/jaxb-runtime-parent/2.4.0-b180830.0438/jaxb-runtime-parent-2.4.0-b180830.0438.pom (0 B at 0 B/s)
[INFO] Downloading from central: https://repo.maven.apache.org/maven2/org/glassfish/jaxb/txw2/2.4.0-b180830.0438/txw2-2.4.0-b180830.0438.pom
[INFO] Downloaded from central: https://repo.maven.apache.org/maven2/org/glassfish/jaxb/txw2/2.4.0-b180830.0438/txw2-2.4.0-b180830.0438.pom (0 B at 0 B/s)
[INFO] Downloading from central: https://repo.maven.apache.org/maven2/com/sun/xml/bind/mvn/jaxb-txw-parent/2.4.0-b180830.0438/jaxb-txw-parent-2.4.0-b180830.0438.pom
[INFO] Downloaded from central: https://repo.maven.apache.org/maven2/com/sun/xml/bind/mvn/jaxb-txw-parent/2.4.0-b180830.0438/jaxb-txw-parent-2.4.0-b180830.0438.pom (0 B at 0 B/s)
[INFO] Downloading from central: https://repo.maven.apache.org/maven2/org/smali/dexlib2/2.5.2/dexlib2-2.5.2.jar
[INFO] Downloading from central: https://repo.maven.apache.org/maven2/com/google/guava/guava/27.1-android/guava-27.1-android.jar
[INFO] Downloading from central: https://repo.maven.apache.org/maven2/xmlpull/xmlpull/1.1.3.4d_b4_min/xmlpull-1.1.3.4d_b4_min.jar
[INFO] Downloading from central: https://repo.maven.apache.org/maven2/com/google/android/android/4.1.1.4/android-4.1.1.4.jar
[INFO] Downloading from central: https://repo.maven.apache.org/maven2/ca/mcgill/sable/polyglot/2006/polyglot-2006.jar
[INFO] Downloaded from central: https://repo.maven.apache.org/maven2/xmlpull/xmlpull/1.1.3.4d_b4_min/xmlpull-1.1.3.4d_b4_min.jar (25 kB at 446 kB/s)
[INFO] Downloading from central: https://repo.maven.apache.org/maven2/org/apache/httpcomponents/httpclient/4.0.1/httpclient-4.0.1.jar
[INFO] Downloaded from central: https://repo.maven.apache.org/maven2/org/smali/dexlib2/2.5.2/dexlib2-2.5.2.jar (1.1 MB at 13 MB/s)
[INFO] Downloading from central: https://repo.maven.apache.org/maven2/org/khronos/opengl-api/gl1.1-android-2.1_r1/opengl-api-gl1.1-android-2.1_r1.jar
[INFO] Downloaded from central: https://repo.maven.apache.org/maven2/ca/mcgill/sable/polyglot/2006/polyglot-2006.jar (865 kB at 8.8 MB/s)
[INFO] Downloading from central: https://repo.maven.apache.org/maven2/xerces/xmlParserAPIs/2.6.2/xmlParserAPIs-2.6.2.jar
[INFO] Downloaded from central: https://repo.maven.apache.org/maven2/org/apache/httpcomponents/httpclient/4.0.1/httpclient-4.0.1.jar (291 kB at 2.5 MB/s)
[INFO] Downloaded from central: https://repo.maven.apache.org/maven2/org/khronos/opengl-api/gl1.1-android-2.1_r1/opengl-api-gl1.1-android-2.1_r1.jar (18 kB at 159 kB/s)
[INFO] Downloading from central: https://repo.maven.apache.org/maven2/xpp3/xpp3/1.1.4c/xpp3-1.1.4c.jar
[INFO] Downloading from central: https://repo.maven.apache.org/maven2/org/json/json/20080701/json-20080701.jar
[INFO] Downloaded from central: https://repo.maven.apache.org/maven2/com/google/guava/guava/27.1-android/guava-27.1-android.jar (2.6 MB at 22 MB/s)
[INFO] Downloading from central: https://repo.maven.apache.org/maven2/javax/xml/bind/jaxb-api/2.4.0-b180725.0427/jaxb-api-2.4.0-b180725.0427.jar
[INFO] Downloaded from central: https://repo.maven.apache.org/maven2/xerces/xmlParserAPIs/2.6.2/xmlParserAPIs-2.6.2.jar (125 kB at 917 kB/s)
[INFO] Downloading from central: https://repo.maven.apache.org/maven2/org/glassfish/jaxb/jaxb-runtime/2.4.0-b180830.0438/jaxb-runtime-2.4.0-b180830.0438.jar
[INFO] Downloaded from central: https://repo.maven.apache.org/maven2/org/json/json/20080701/json-20080701.jar (38 kB at 248 kB/s)
[INFO] Downloading from central: https://repo.maven.apache.org/maven2/org/glassfish/jaxb/txw2/2.4.0-b180830.0438/txw2-2.4.0-b180830.0438.jar
[INFO] Downloaded from central: https://repo.maven.apache.org/maven2/org/glassfish/jaxb/jaxb-runtime/2.4.0-b180830.0438/jaxb-runtime-2.4.0-b180830.0438.jar (0 B at 0 B/s)
[INFO] Downloaded from central: https://repo.maven.apache.org/maven2/javax/xml/bind/jaxb-api/2.4.0-b180725.0427/jaxb-api-2.4.0-b180725.0427.jar (128 kB at 831 kB/s)
[INFO] Downloaded from central: https://repo.maven.apache.org/maven2/xpp3/xpp3/1.1.4c/xpp3-1.1.4c.jar (120 kB at 780 kB/s)
[INFO] Downloaded from central: https://repo.maven.apache.org/maven2/org/glassfish/jaxb/txw2/2.4.0-b180830.0438/txw2-2.4.0-b180830.0438.jar (0 B at 0 B/s)
[INFO] Downloaded from central: https://repo.maven.apache.org/maven2/com/google/android/android/4.1.1.4/android-4.1.1.4.jar (13 MB at 53 MB/s)
[INFO] Downloading from sonatype-snapshot: https://oss.sonatype.org/content/repositories/snapshots/de/upb/cs/swt/axml/2.1.0-SNAPSHOT/axml-2.1.0-SNAPSHOT.jar
[INFO] Downloading from sonatype-snapshot: https://oss.sonatype.org/content/repositories/snapshots/de/upb/cs/swt/heros/1.2.3-SNAPSHOT/heros-1.2.3-SNAPSHOT.jar
[INFO] Downloading from sonatype-snapshot: https://oss.sonatype.org/content/repositories/snapshots/ca/mcgill/sable/jasmin/3.0.3-SNAPSHOT/jasmin-3.0.3-SNAPSHOT.jar
[INFO] ------------------------------------------------------------------------
[INFO] BUILD FAILURE
[INFO] ------------------------------------------------------------------------
[INFO] Total time:  1.652 s
[INFO] Finished at: 2026-08-15T16:56:52-04:00
[INFO] ------------------------------------------------------------------------
[ERROR] Failed to execute goal on project soot: Could not resolve dependencies for project org.soot-oss:soot:jar:4.3.0-SNAPSHOT: The following artifacts could not be resolved: de.upb.cs.swt:axml:jar:2.1.0-SNAPSHOT, de.upb.cs.swt:heros:jar:1.2.3-SNAPSHOT, ca.mcgill.sable:jasmin:jar:3.0.3-SNAPSHOT: Could not find artifact de.upb.cs.swt:axml:jar:2.1.0-SNAPSHOT in sonatype-snapshot (https://oss.sonatype.org/content/repositories/snapshots) -> [Help 1]
[ERROR] 
[ERROR] To see the full stack trace of the errors, re-run Maven with the -e switch.
[ERROR] Re-run Maven using the -X switch to enable full debug logging.
[ERROR] 
[ERROR] For more information about the errors and possible solutions, please read the following articles:
[ERROR] [Help 1] http://cwiki.apache.org/confluence/display/MAVEN/DependencyResolutionException
