JAVA_HOME=/usr/lib/jvm/java-17-openjdk-amd64
COMMAND=mvn -B clean install -DskipTests -U -Ddependency-check.skip=true -Dgpg.skip=true -DfailIfNoTests=false -Dskip.installnodenpm=true -Dskip.npm=true -Dskip.yarn=true -Dlicense.skip=true -Dcheckstyle.skip=true -Drat.skip=true -Denforcer.skip=true -Danimal.sniffer.skip=true -Dmaven.javadoc.skip=true -Dfindbugs.skip=true -Dspotbugs.skip=true -Dwarbucks.skip=true -Dmodernizer.skip=true -Dimpsort.skip=true -Dmdep.analyze.skip=true -Dpgpverify.skip=true -Dxml.skip=true -Dcobertura.skip=true

[INFO] Scanning for projects...
Warning: KebabPizza disabling incompatible org.codehaus.mojo:license-maven-plugin from soot
[INFO] 
[INFO] -------------------------< org.soot-oss:soot >--------------------------
[INFO] Building Soot - a J*va Optimization Framework 4.3.0-SNAPSHOT
[INFO] --------------------------------[ jar ]---------------------------------
[INFO] Downloading from sonatype-snapshot: https://oss.sonatype.org/content/repositories/snapshots/de/upb/cs/swt/axml/2.1.0-SNAPSHOT/maven-metadata.xml
[INFO] Downloading from sonatype-snapshot: https://oss.sonatype.org/content/repositories/snapshots/de/upb/cs/swt/axml/2.1.0-SNAPSHOT/axml-2.1.0-SNAPSHOT.pom
[WARNING] The POM for de.upb.cs.swt:axml:jar:2.1.0-SNAPSHOT is missing, no dependency information available
[INFO] Downloading from sonatype-snapshot: https://oss.sonatype.org/content/repositories/snapshots/de/upb/cs/swt/heros/1.2.3-SNAPSHOT/maven-metadata.xml
[INFO] Downloading from sonatype-snapshot: https://oss.sonatype.org/content/repositories/snapshots/de/upb/cs/swt/heros/1.2.3-SNAPSHOT/heros-1.2.3-SNAPSHOT.pom
[WARNING] The POM for de.upb.cs.swt:heros:jar:1.2.3-SNAPSHOT is missing, no dependency information available
[INFO] Downloading from sonatype-snapshot: https://oss.sonatype.org/content/repositories/snapshots/ca/mcgill/sable/jasmin/3.0.3-SNAPSHOT/maven-metadata.xml
[INFO] Downloading from sonatype-snapshot: https://oss.sonatype.org/content/repositories/snapshots/ca/mcgill/sable/jasmin/3.0.3-SNAPSHOT/jasmin-3.0.3-SNAPSHOT.pom
[WARNING] The POM for ca.mcgill.sable:jasmin:jar:3.0.3-SNAPSHOT is missing, no dependency information available
[INFO] Downloading from sonatype-snapshot: https://oss.sonatype.org/content/repositories/snapshots/de/upb/cs/swt/axml/2.1.0-SNAPSHOT/axml-2.1.0-SNAPSHOT.jar
[INFO] Downloading from sonatype-snapshot: https://oss.sonatype.org/content/repositories/snapshots/de/upb/cs/swt/heros/1.2.3-SNAPSHOT/heros-1.2.3-SNAPSHOT.jar
[INFO] Downloading from sonatype-snapshot: https://oss.sonatype.org/content/repositories/snapshots/ca/mcgill/sable/jasmin/3.0.3-SNAPSHOT/jasmin-3.0.3-SNAPSHOT.jar
[INFO] ------------------------------------------------------------------------
[INFO] BUILD FAILURE
[INFO] ------------------------------------------------------------------------
[INFO] Total time:  0.588 s
[INFO] Finished at: 2026-08-15T16:56:55-04:00
[INFO] ------------------------------------------------------------------------
[ERROR] Failed to execute goal on project soot: Could not resolve dependencies for project org.soot-oss:soot:jar:4.3.0-SNAPSHOT: The following artifacts could not be resolved: de.upb.cs.swt:axml:jar:2.1.0-SNAPSHOT, de.upb.cs.swt:heros:jar:1.2.3-SNAPSHOT, ca.mcgill.sable:jasmin:jar:3.0.3-SNAPSHOT: Could not find artifact de.upb.cs.swt:axml:jar:2.1.0-SNAPSHOT in sonatype-snapshot (https://oss.sonatype.org/content/repositories/snapshots) -> [Help 1]
[ERROR] 
[ERROR] To see the full stack trace of the errors, re-run Maven with the -e switch.
[ERROR] Re-run Maven using the -X switch to enable full debug logging.
[ERROR] 
[ERROR] For more information about the errors and possible solutions, please read the following articles:
[ERROR] [Help 1] http://cwiki.apache.org/confluence/display/MAVEN/DependencyResolutionException
