JAVA_HOME=/usr/lib/jvm/java-8-openjdk-amd64
COMMAND=mvn -B clean install -DskipTests -U -Ddependency-check.skip=true -Dgpg.skip=true -DfailIfNoTests=false -Dskip.installnodenpm=true -Dskip.npm=true -Dskip.yarn=true -Dlicense.skip=true -Dcheckstyle.skip=true -Drat.skip=true -Denforcer.skip=true -Danimal.sniffer.skip=true -Dmaven.javadoc.skip=true -Dfindbugs.skip=true -Dspotbugs.skip=true -Dwarbucks.skip=true -Dmodernizer.skip=true -Dimpsort.skip=true -Dmdep.analyze.skip=true -Dpgpverify.skip=true -Dxml.skip=true -Dcobertura.skip=true

[INFO] Scanning for projects...
Warning: KebabPizza disabling incompatible org.codehaus.mojo:license-maven-plugin from soot
[INFO] 
[INFO] -------------------------< org.soot-oss:soot >--------------------------
[INFO] Building Soot - a J*va Optimization Framework 4.3.0
[INFO] --------------------------------[ jar ]---------------------------------
[INFO] Downloading from central: https://repo.maven.apache.org/maven2/de/upb/cs/swt/axml/2.1.0/axml-2.1.0.pom
[WARNING] The POM for de.upb.cs.swt:axml:jar:2.1.0 is missing, no dependency information available
[INFO] Downloading from central: https://repo.maven.apache.org/maven2/de/upb/cs/swt/heros/1.2.3/heros-1.2.3.pom
[INFO] Downloaded from central: https://repo.maven.apache.org/maven2/de/upb/cs/swt/heros/1.2.3/heros-1.2.3.pom (9.9 kB at 120 kB/s)
[INFO] Downloading from central: https://repo.maven.apache.org/maven2/org/functionaljava/functionaljava/4.2/functionaljava-4.2.pom
[INFO] Downloaded from central: https://repo.maven.apache.org/maven2/org/functionaljava/functionaljava/4.2/functionaljava-4.2.pom (1.4 kB at 36 kB/s)
[INFO] Downloading from sonatype: https://oss.sonatype.org/content/repositories/snapshots/com/google/guava/guava/maven-metadata.xml
[INFO] Downloading from central: https://repo.maven.apache.org/maven2/com/google/guava/guava/maven-metadata.xml
[INFO] Downloaded from central: https://repo.maven.apache.org/maven2/com/google/guava/guava/maven-metadata.xml (5.8 kB at 141 kB/s)
[INFO] Downloading from central: https://repo.maven.apache.org/maven2/com/google/errorprone/error_prone_annotations/2.23.0/error_prone_annotations-2.23.0.pom
[INFO] Downloaded from central: https://repo.maven.apache.org/maven2/com/google/errorprone/error_prone_annotations/2.23.0/error_prone_annotations-2.23.0.pom (1.8 kB at 51 kB/s)
[INFO] Downloading from central: https://repo.maven.apache.org/maven2/com/google/errorprone/error_prone_parent/2.23.0/error_prone_parent-2.23.0.pom
[INFO] Downloaded from central: https://repo.maven.apache.org/maven2/com/google/errorprone/error_prone_parent/2.23.0/error_prone_parent-2.23.0.pom (13 kB at 346 kB/s)
[INFO] Downloading from central: https://repo.maven.apache.org/maven2/com/google/errorprone/error_prone_annotations/2.26.1/error_prone_annotations-2.26.1.pom
[INFO] Downloaded from central: https://repo.maven.apache.org/maven2/com/google/errorprone/error_prone_annotations/2.26.1/error_prone_annotations-2.26.1.pom (4.3 kB at 125 kB/s)
[INFO] Downloading from central: https://repo.maven.apache.org/maven2/com/google/errorprone/error_prone_parent/2.26.1/error_prone_parent-2.26.1.pom
[INFO] Downloaded from central: https://repo.maven.apache.org/maven2/com/google/errorprone/error_prone_parent/2.26.1/error_prone_parent-2.26.1.pom (13 kB at 375 kB/s)
[INFO] Downloading from central: https://repo.maven.apache.org/maven2/com/google/errorprone/error_prone_annotations/2.41.0/error_prone_annotations-2.41.0.pom
[INFO] Downloaded from central: https://repo.maven.apache.org/maven2/com/google/errorprone/error_prone_annotations/2.41.0/error_prone_annotations-2.41.0.pom (4.3 kB at 106 kB/s)
[INFO] Downloading from central: https://repo.maven.apache.org/maven2/com/google/errorprone/error_prone_parent/2.41.0/error_prone_parent-2.41.0.pom
[INFO] Downloaded from central: https://repo.maven.apache.org/maven2/com/google/errorprone/error_prone_parent/2.41.0/error_prone_parent-2.41.0.pom (16 kB at 398 kB/s)
[INFO] Downloading from central: https://repo.maven.apache.org/maven2/com/google/errorprone/error_prone_annotations/2.47.0/error_prone_annotations-2.47.0.pom
[INFO] Downloaded from central: https://repo.maven.apache.org/maven2/com/google/errorprone/error_prone_annotations/2.47.0/error_prone_annotations-2.47.0.pom (4.3 kB at 97 kB/s)
[INFO] Downloading from central: https://repo.maven.apache.org/maven2/com/google/errorprone/error_prone_parent/2.47.0/error_prone_parent-2.47.0.pom
[INFO] Downloaded from central: https://repo.maven.apache.org/maven2/com/google/errorprone/error_prone_parent/2.47.0/error_prone_parent-2.47.0.pom (16 kB at 369 kB/s)
[INFO] Downloading from central: https://repo.maven.apache.org/maven2/ca/mcgill/sable/jasmin/3.0.3/jasmin-3.0.3.pom
[INFO] Downloaded from central: https://repo.maven.apache.org/maven2/ca/mcgill/sable/jasmin/3.0.3/jasmin-3.0.3.pom (11 kB at 199 kB/s)
[INFO] Downloading from central: https://repo.maven.apache.org/maven2/ca/mcgill/sable/java_cup/0.9.2/java_cup-0.9.2.pom
[INFO] Downloaded from central: https://repo.maven.apache.org/maven2/ca/mcgill/sable/java_cup/0.9.2/java_cup-0.9.2.pom (1.9 kB at 30 kB/s)
[INFO] Downloading from central: https://repo.maven.apache.org/maven2/de/upb/cs/swt/axml/2.1.0/axml-2.1.0.jar
[INFO] Downloading from central: https://repo.maven.apache.org/maven2/de/upb/cs/swt/heros/1.2.3/heros-1.2.3.jar
[INFO] Downloading from central: https://repo.maven.apache.org/maven2/ca/mcgill/sable/jasmin/3.0.3/jasmin-3.0.3.jar
[INFO] Downloading from central: https://repo.maven.apache.org/maven2/ca/mcgill/sable/java_cup/0.9.2/java_cup-0.9.2.jar
[INFO] Downloading from central: https://repo.maven.apache.org/maven2/org/functionaljava/functionaljava/4.2/functionaljava-4.2.jar
[INFO] Downloaded from central: https://repo.maven.apache.org/maven2/de/upb/cs/swt/heros/1.2.3/heros-1.2.3.jar (191 kB at 4.1 MB/s)
[INFO] Downloaded from central: https://repo.maven.apache.org/maven2/ca/mcgill/sable/jasmin/3.0.3/jasmin-3.0.3.jar (331 kB at 5.1 MB/s)
[INFO] Downloaded from central: https://repo.maven.apache.org/maven2/ca/mcgill/sable/java_cup/0.9.2/java_cup-0.9.2.jar (123 kB at 1.5 MB/s)
[INFO] Downloaded from central: https://repo.maven.apache.org/maven2/org/functionaljava/functionaljava/4.2/functionaljava-4.2.jar (1.8 MB at 17 MB/s)
[INFO] ------------------------------------------------------------------------
[INFO] BUILD FAILURE
[INFO] ------------------------------------------------------------------------
[INFO] Total time:  1.786 s
[INFO] Finished at: 2026-08-15T16:56:57-04:00
[INFO] ------------------------------------------------------------------------
[ERROR] Failed to execute goal on project soot: Could not resolve dependencies for project org.soot-oss:soot:jar:4.3.0: Could not find artifact de.upb.cs.swt:axml:jar:2.1.0 in central (https://repo.maven.apache.org/maven2) -> [Help 1]
[ERROR] 
[ERROR] To see the full stack trace of the errors, re-run Maven with the -e switch.
[ERROR] Re-run Maven using the -X switch to enable full debug logging.
[ERROR] 
[ERROR] For more information about the errors and possible solutions, please read the following articles:
[ERROR] [Help 1] http://cwiki.apache.org/confluence/display/MAVEN/DependencyResolutionException
