JAVA_HOME=/usr/lib/jvm/java-11-openjdk-amd64
COMMAND=mvn -B clean install -DskipTests -U -Ddependency-check.skip=true -Dgpg.skip=true -DfailIfNoTests=false -Dskip.installnodenpm=true -Dskip.npm=true -Dskip.yarn=true -Dlicense.skip=true -Dcheckstyle.skip=true -Drat.skip=true -Denforcer.skip=true -Danimal.sniffer.skip=true -Dmaven.javadoc.skip=true -Dfindbugs.skip=true -Dspotbugs.skip=true -Dwarbucks.skip=true -Dmodernizer.skip=true -Dimpsort.skip=true -Dmdep.analyze.skip=true -Dpgpverify.skip=true -Dxml.skip=true -Dcobertura.skip=true

[INFO] Scanning for projects...
Warning: KebabPizza disabling incompatible org.codehaus.mojo:license-maven-plugin from soot
[INFO] 
[INFO] -------------------------< org.soot-oss:soot >--------------------------
[INFO] Building Soot - a J*va Optimization Framework 4.3.0
[INFO] --------------------------------[ jar ]---------------------------------
[INFO] Downloading from central: https://repo.maven.apache.org/maven2/de/upb/cs/swt/axml/2.1.0/axml-2.1.0.pom
[WARNING] The POM for de.upb.cs.swt:axml:jar:2.1.0 is missing, no dependency information available
[INFO] Downloading from central: https://repo.maven.apache.org/maven2/com/google/guava/guava/maven-metadata.xml
[INFO] Downloading from sonatype: https://oss.sonatype.org/content/repositories/snapshots/com/google/guava/guava/maven-metadata.xml
[INFO] Downloaded from central: https://repo.maven.apache.org/maven2/com/google/guava/guava/maven-metadata.xml (5.8 kB at 98 kB/s)
[INFO] Downloading from central: https://repo.maven.apache.org/maven2/de/upb/cs/swt/axml/2.1.0/axml-2.1.0.jar
[INFO] ------------------------------------------------------------------------
[INFO] BUILD FAILURE
[INFO] ------------------------------------------------------------------------
[INFO] Total time:  0.847 s
[INFO] Finished at: 2026-08-15T16:57:03-04:00
[INFO] ------------------------------------------------------------------------
[ERROR] Failed to execute goal on project soot: Could not resolve dependencies for project org.soot-oss:soot:jar:4.3.0: Could not find artifact de.upb.cs.swt:axml:jar:2.1.0 in central (https://repo.maven.apache.org/maven2) -> [Help 1]
[ERROR] 
[ERROR] To see the full stack trace of the errors, re-run Maven with the -e switch.
[ERROR] Re-run Maven using the -X switch to enable full debug logging.
[ERROR] 
[ERROR] For more information about the errors and possible solutions, please read the following articles:
[ERROR] [Help 1] http://cwiki.apache.org/confluence/display/MAVEN/DependencyResolutionException
