JAVA_HOME=/usr/lib/jvm/java-8-openjdk-amd64
COMMAND=bash /home/srafi/after-cam-ready/compare_/compile_repair_output/work/2e0d3e246149/mvnw -B clean install -DskipTests -U -pl components-starter/camel-gson-starter -am -Ddependency-check.skip=true -Dgpg.skip=true -DfailIfNoTests=false -Dskip.installnodenpm=true -Dskip.npm=true -Dskip.yarn=true -Dlicense.skip=true -Dcheckstyle.skip=true -Drat.skip=true -Denforcer.skip=true -Danimal.sniffer.skip=true -Dmaven.javadoc.skip=true -Dfindbugs.skip=true -Dspotbugs.skip=true -Dwarbucks.skip=true -Dmodernizer.skip=true -Dimpsort.skip=true -Dmdep.analyze.skip=true -Dpgpverify.skip=true -Dxml.skip=true -Dcobertura.skip=true

[INFO] BuildTimeEventSpy is registered.
[INFO] Scanning for projects...
[INFO] Downloading from central: https://repo.maven.apache.org/maven2/org/apache/camel/camel-dependencies/3.20.0/camel-dependencies-3.20.0.pom
[INFO] Downloaded from central: https://repo.maven.apache.org/maven2/org/apache/camel/camel-dependencies/3.20.0/camel-dependencies-3.20.0.pom (33 kB at 121 kB/s)
[INFO] Downloading from central: https://repo.maven.apache.org/maven2/org/apache/camel/camel-parent/3.20.0/camel-parent-3.20.0.pom
[INFO] Downloaded from central: https://repo.maven.apache.org/maven2/org/apache/camel/camel-parent/3.20.0/camel-parent-3.20.0.pom (175 kB at 3.0 MB/s)
[INFO] Downloading from central: https://repo.maven.apache.org/maven2/org/apache/camel/camel/3.20.0/camel-3.20.0.pom
[INFO] Downloaded from central: https://repo.maven.apache.org/maven2/org/apache/camel/camel/3.20.0/camel-3.20.0.pom (13 kB at 264 kB/s)
[INFO] Downloading from central: https://repo.maven.apache.org/maven2/org/apache/camel/tooling-parent/3.20.0/tooling-parent-3.20.0.pom
[INFO] Downloaded from central: https://repo.maven.apache.org/maven2/org/apache/camel/tooling-parent/3.20.0/tooling-parent-3.20.0.pom (7.9 kB at 18 kB/s)
[INFO] Downloading from central: https://repo.maven.apache.org/maven2/org/apache/camel/tooling/3.20.0/tooling-3.20.0.pom
[INFO] Downloaded from central: https://repo.maven.apache.org/maven2/org/apache/camel/tooling/3.20.0/tooling-3.20.0.pom (1.8 kB at 36 kB/s)
[INFO] Downloading from central: https://repo.maven.apache.org/maven2/org/springframework/boot/spring-boot-dependencies/2.7.6/spring-boot-dependencies-2.7.6.pom
[INFO] Downloaded from central: https://repo.maven.apache.org/maven2/org/springframework/boot/spring-boot-dependencies/2.7.6/spring-boot-dependencies-2.7.6.pom (111 kB at 2.3 MB/s)
[INFO] Downloading from central: https://repo.maven.apache.org/maven2/io/dropwizard/metrics/metrics-bom/4.2.13/metrics-bom-4.2.13.pom
[INFO] Downloaded from central: https://repo.maven.apache.org/maven2/io/dropwizard/metrics/metrics-bom/4.2.13/metrics-bom-4.2.13.pom (6.9 kB at 149 kB/s)
[INFO] Downloading from central: https://repo.maven.apache.org/maven2/io/dropwizard/metrics/metrics-parent/4.2.13/metrics-parent-4.2.13.pom
[INFO] Downloaded from central: https://repo.maven.apache.org/maven2/io/dropwizard/metrics/metrics-parent/4.2.13/metrics-parent-4.2.13.pom (20 kB at 463 kB/s)
[INFO] Downloading from central: https://repo.maven.apache.org/maven2/org/codehaus/groovy/groovy-bom/3.0.13/groovy-bom-3.0.13.pom
[INFO] Downloaded from central: https://repo.maven.apache.org/maven2/org/codehaus/groovy/groovy-bom/3.0.13/groovy-bom-3.0.13.pom (26 kB at 575 kB/s)
[INFO] Downloading from central: https://repo.maven.apache.org/maven2/org/infinispan/infinispan-bom/13.0.12.Final/infinispan-bom-13.0.12.Final.pom
[INFO] Downloaded from central: https://repo.maven.apache.org/maven2/org/infinispan/infinispan-bom/13.0.12.Final/infinispan-bom-13.0.12.Final.pom (18 kB at 456 kB/s)
[INFO] Downloading from central: https://repo.maven.apache.org/maven2/org/infinispan/infinispan-build-configuration-parent/13.0.12.Final/infinispan-build-configuration-parent-13.0.12.Final.pom
[INFO] Downloaded from central: https://repo.maven.apache.org/maven2/org/infinispan/infinispan-build-configuration-parent/13.0.12.Final/infinispan-build-configuration-parent-13.0.12.Final.pom (15 kB at 395 kB/s)
[INFO] Downloading from central: https://repo.maven.apache.org/maven2/org/eclipse/jetty/jetty-bom/9.4.49.v20220914/jetty-bom-9.4.49.v20220914.pom
[INFO] Downloaded from central: https://repo.maven.apache.org/maven2/org/eclipse/jetty/jetty-bom/9.4.49.v20220914/jetty-bom-9.4.49.v20220914.pom (18 kB at 453 kB/s)
[INFO] Downloading from central: https://repo.maven.apache.org/maven2/io/micrometer/micrometer-bom/1.9.6/micrometer-bom-1.9.6.pom
[INFO] Downloaded from central: https://repo.maven.apache.org/maven2/io/micrometer/micrometer-bom/1.9.6/micrometer-bom-1.9.6.pom (7.1 kB at 161 kB/s)
[INFO] Downloading from central: https://repo.maven.apache.org/maven2/io/projectreactor/reactor-bom/2020.0.25/reactor-bom-2020.0.25.pom
[INFO] Downloaded from central: https://repo.maven.apache.org/maven2/io/projectreactor/reactor-bom/2020.0.25/reactor-bom-2020.0.25.pom (4.6 kB at 104 kB/s)
[INFO] Downloading from central: https://repo.maven.apache.org/maven2/org/springframework/data/spring-data-bom/2021.2.6/spring-data-bom-2021.2.6.pom
[INFO] Downloaded from central: https://repo.maven.apache.org/maven2/org/springframework/data/spring-data-bom/2021.2.6/spring-data-bom-2021.2.6.pom (5.7 kB at 118 kB/s)
[INFO] Downloading from central: https://repo.maven.apache.org/maven2/org/springframework/integration/spring-integration-bom/5.5.15/spring-integration-bom-5.5.15.pom
[INFO] Downloaded from central: https://repo.maven.apache.org/maven2/org/springframework/integration/spring-integration-bom/5.5.15/spring-integration-bom-5.5.15.pom (9.2 kB at 230 kB/s)
[INFO] Downloading from central: https://repo.maven.apache.org/maven2/org/springframework/security/spring-security-bom/5.7.5/spring-security-bom-5.7.5.pom
[INFO] Downloaded from central: https://repo.maven.apache.org/maven2/org/springframework/security/spring-security-bom/5.7.5/spring-security-bom-5.7.5.pom (5.7 kB at 130 kB/s)
[INFO] Downloading from central: https://repo.maven.apache.org/maven2/org/springframework/session/spring-session-bom/2021.2.0/spring-session-bom-2021.2.0.pom
[INFO] Downloaded from central: https://repo.maven.apache.org/maven2/org/springframework/session/spring-session-bom/2021.2.0/spring-session-bom-2021.2.0.pom (3.1 kB at 58 kB/s)
[WARNING] 
[WARNING] Some problems were encountered while building the effective model for org.apache.camel.springboot:camel-spring-boot-starter-generator:pom:3.20.0
[WARNING] The expression ${name} is deprecated. Please use ${project.name} instead.
[WARNING] 
[WARNING] It is highly recommended to fix these problems because they threaten the stability of your build.
[WARNING] 
[WARNING] For this reason, future Maven versions might no longer support building such malformed projects.
[WARNING] 
[INFO] ------------------------------------------------------------------------
[INFO] Reactor Build Order:
[INFO] 
[INFO] Camel SB                                                           [pom]
[INFO] Camel SB :: Parent                                                 [pom]
[INFO] Camel SB Tooling                                                   [pom]
[INFO] Camel SB Tooling :: Generator Maven Plugin                [maven-plugin]
[INFO] Camel SB Tooling :: Dependencies BOM Generator                     [pom]
[INFO] Camel SB Tooling :: Dependencies BOM                               [pom]
[INFO] Camel SB Tooling :: Starter Parent                                 [pom]
[INFO] Camel SB :: Core Modules                                           [pom]
[INFO] Camel SB :: Spring Boot                                            [jar]
[INFO] Camel SB Starters                                                  [pom]
[INFO] Camel SB Starters :: Core                                          [jar]
[INFO] Camel SB Starters :: Gson                                          [jar]
[INFO] 
[INFO] --------------< org.apache.camel.springboot:spring-boot >---------------
[INFO] Building Camel SB 3.20.0                                          [1/12]
[INFO] --------------------------------[ pom ]---------------------------------
[INFO] 
[INFO] --- maven-clean-plugin:3.1.0:clean (default-clean) @ spring-boot ---
[INFO] 
[INFO] --- maven-enforcer-plugin:3.0.0:enforce (enforce-maven-version) @ spring-boot ---
[INFO] Skipping Rule Enforcement.
[INFO] 
[INFO] --- maven-enforcer-plugin:3.0.0:enforce (enforce-java-version) @ spring-boot ---
[INFO] Skipping Rule Enforcement.
[INFO] 
[INFO] --- maven-site-plugin:3.11.0:attach-descriptor (attach-descriptor) @ spring-boot ---
[INFO] No site descriptor found: nothing to attach.
[INFO] 
[INFO] --- maven-install-plugin:2.5.2:install (default-install) @ spring-boot ---
[INFO] Installing /home/srafi/after-cam-ready/compare_/compile_repair_output/work/2e0d3e246149/pom.xml to /home/srafi/.m2/repository/org/apache/camel/springboot/spring-boot/3.20.0/spring-boot-3.20.0.pom
[INFO] 
[INFO] -----------< org.apache.camel.springboot:spring-boot-parent >-----------
[INFO] Building Camel SB :: Parent 3.20.0                                [2/12]
[INFO] --------------------------------[ pom ]---------------------------------
[INFO] 
[INFO] --- maven-clean-plugin:3.1.0:clean (default-clean) @ spring-boot-parent ---
[INFO] 
[INFO] --- maven-enforcer-plugin:3.0.0:enforce (enforce-maven-version) @ spring-boot-parent ---
[INFO] Skipping Rule Enforcement.
[INFO] 
[INFO] --- maven-enforcer-plugin:3.0.0:enforce (enforce-java-version) @ spring-boot-parent ---
[INFO] Skipping Rule Enforcement.
[INFO] 
[INFO] --- maven-site-plugin:3.11.0:attach-descriptor (attach-descriptor) @ spring-boot-parent ---
[INFO] No site descriptor found: nothing to attach.
[INFO] 
[INFO] --- maven-install-plugin:2.5.2:install (default-install) @ spring-boot-parent ---
[INFO] Installing /home/srafi/after-cam-ready/compare_/compile_repair_output/work/2e0d3e246149/parent/pom.xml to /home/srafi/.m2/repository/org/apache/camel/springboot/spring-boot-parent/3.20.0/spring-boot-parent-3.20.0.pom
[INFO] 
[INFO] ----------------< org.apache.camel.springboot:tooling >-----------------
[INFO] Building Camel SB Tooling 3.20.0                                  [3/12]
[INFO] --------------------------------[ pom ]---------------------------------
[INFO] 
[INFO] --- maven-clean-plugin:3.1.0:clean (default-clean) @ tooling ---
[INFO] 
[INFO] --- maven-enforcer-plugin:3.0.0:enforce (enforce-maven-version) @ tooling ---
[INFO] Skipping Rule Enforcement.
[INFO] 
[INFO] --- maven-enforcer-plugin:3.0.0:enforce (enforce-java-version) @ tooling ---
[INFO] Skipping Rule Enforcement.
[INFO] 
[INFO] --- maven-site-plugin:3.11.0:attach-descriptor (attach-descriptor) @ tooling ---
[INFO] No site descriptor found: nothing to attach.
[INFO] 
[INFO] --- maven-install-plugin:2.5.2:install (default-install) @ tooling ---
[INFO] Installing /home/srafi/after-cam-ready/compare_/compile_repair_output/work/2e0d3e246149/tooling/pom.xml to /home/srafi/.m2/repository/org/apache/camel/springboot/tooling/3.20.0/tooling-3.20.0.pom
[INFO] 
[INFO] --< org.apache.camel.springboot:camel-spring-boot-generator-maven-plugin >--
[INFO] Building Camel SB Tooling :: Generator Maven Plugin 3.20.0        [4/12]
[INFO] ----------------------------[ maven-plugin ]----------------------------
[INFO] Downloading from central: https://repo.maven.apache.org/maven2/org/apache/camel/camel-package-maven-plugin/3.20.0/camel-package-maven-plugin-3.20.0.pom
[INFO] Downloaded from central: https://repo.maven.apache.org/maven2/org/apache/camel/camel-package-maven-plugin/3.20.0/camel-package-maven-plugin-3.20.0.pom (7.3 kB at 18 kB/s)
[INFO] Downloading from central: https://repo.maven.apache.org/maven2/org/apache/camel/maven-plugins/3.20.0/maven-plugins-3.20.0.pom
[INFO] Downloaded from central: https://repo.maven.apache.org/maven2/org/apache/camel/maven-plugins/3.20.0/maven-plugins-3.20.0.pom (2.9 kB at 8.0 kB/s)
[INFO] Downloading from central: https://repo.maven.apache.org/maven2/org/apache/camel/camel-util-json/3.20.0/camel-util-json-3.20.0.pom
[INFO] Downloaded from central: https://repo.maven.apache.org/maven2/org/apache/camel/camel-util-json/3.20.0/camel-util-json-3.20.0.pom (4.1 kB at 81 kB/s)
[INFO] Downloading from central: https://repo.maven.apache.org/maven2/org/apache/camel/camel-tooling-util/3.20.0/camel-tooling-util-3.20.0.pom
[INFO] Downloaded from central: https://repo.maven.apache.org/maven2/org/apache/camel/camel-tooling-util/3.20.0/camel-tooling-util-3.20.0.pom (4.1 kB at 9.8 kB/s)
[INFO] Downloading from central: https://repo.maven.apache.org/maven2/org/apache/camel/camel-tooling-model/3.20.0/camel-tooling-model-3.20.0.pom
[INFO] Downloaded from central: https://repo.maven.apache.org/maven2/org/apache/camel/camel-tooling-model/3.20.0/camel-tooling-model-3.20.0.pom (4.3 kB at 78 kB/s)
[INFO] Downloading from central: https://repo.maven.apache.org/maven2/org/apache/camel/spi-annotations/3.20.0/spi-annotations-3.20.0.pom
[INFO] Downloaded from central: https://repo.maven.apache.org/maven2/org/apache/camel/spi-annotations/3.20.0/spi-annotations-3.20.0.pom (4.2 kB at 9.8 kB/s)
[INFO] Downloading from central: https://repo.maven.apache.org/maven2/org/apache/camel/bom-generator-maven-plugin/3.20.0/bom-generator-maven-plugin-3.20.0.pom
[INFO] Downloaded from central: https://repo.maven.apache.org/maven2/org/apache/camel/bom-generator-maven-plugin/3.20.0/bom-generator-maven-plugin-3.20.0.pom (5.1 kB at 9.4 kB/s)
[INFO] Downloading from central: https://repo.maven.apache.org/maven2/org/apache/maven/resolver/maven-resolver-api/1.8.2/maven-resolver-api-1.8.2.pom
[INFO] Downloaded from central: https://repo.maven.apache.org/maven2/org/apache/maven/resolver/maven-resolver-api/1.8.2/maven-resolver-api-1.8.2.pom (2.6 kB at 47 kB/s)
[INFO] Downloading from central: https://repo.maven.apache.org/maven2/org/apache/maven/resolver/maven-resolver/1.8.2/maven-resolver-1.8.2.pom
[INFO] Downloaded from central: https://repo.maven.apache.org/maven2/org/apache/maven/resolver/maven-resolver/1.8.2/maven-resolver-1.8.2.pom (21 kB at 384 kB/s)
[INFO] Downloading from central: https://repo.maven.apache.org/maven2/org/apache/maven/resolver/maven-resolver-util/1.8.2/maven-resolver-util-1.8.2.pom
[INFO] Downloaded from central: https://repo.maven.apache.org/maven2/org/apache/maven/resolver/maven-resolver-util/1.8.2/maven-resolver-util-1.8.2.pom (2.8 kB at 57 kB/s)
[INFO] Downloading from central: https://repo.maven.apache.org/maven2/org/apache/maven/maven-compat/3.8.6/maven-compat-3.8.6.pom
[INFO] Downloaded from central: https://repo.maven.apache.org/maven2/org/apache/maven/maven-compat/3.8.6/maven-compat-3.8.6.pom (4.6 kB at 103 kB/s)
[INFO] Downloading from central: https://repo.maven.apache.org/maven2/org/asciidoctor/asciidoctorj/2.5.5/asciidoctorj-2.5.5.pom
[INFO] Downloaded from central: https://repo.maven.apache.org/maven2/org/asciidoctor/asciidoctorj/2.5.5/asciidoctorj-2.5.5.pom (2.8 kB at 46 kB/s)
[INFO] Downloading from central: https://repo.maven.apache.org/maven2/org/asciidoctor/asciidoctorj-api/2.5.5/asciidoctorj-api-2.5.5.pom
[INFO] Downloaded from central: https://repo.maven.apache.org/maven2/org/asciidoctor/asciidoctorj-api/2.5.5/asciidoctorj-api-2.5.5.pom (2.1 kB at 26 kB/s)
[INFO] Downloading from central: https://repo.maven.apache.org/maven2/org/jruby/jruby/9.3.4.0/jruby-9.3.4.0.pom
[INFO] Downloaded from central: https://repo.maven.apache.org/maven2/org/jruby/jruby/9.3.4.0/jruby-9.3.4.0.pom (6.9 kB at 93 kB/s)
[INFO] Downloading from central: https://repo.maven.apache.org/maven2/org/jruby/jruby-artifacts/9.3.4.0/jruby-artifacts-9.3.4.0.pom
[INFO] Downloaded from central: https://repo.maven.apache.org/maven2/org/jruby/jruby-artifacts/9.3.4.0/jruby-artifacts-9.3.4.0.pom (4.0 kB at 76 kB/s)
[INFO] Downloading from central: https://repo.maven.apache.org/maven2/org/jruby/jruby-parent/9.3.4.0/jruby-parent-9.3.4.0.pom
[INFO] Downloaded from central: https://repo.maven.apache.org/maven2/org/jruby/jruby-parent/9.3.4.0/jruby-parent-9.3.4.0.pom (25 kB at 448 kB/s)
[INFO] Downloading from central: https://repo.maven.apache.org/maven2/org/jruby/jruby-base/9.3.4.0/jruby-base-9.3.4.0.pom
[INFO] Downloaded from central: https://repo.maven.apache.org/maven2/org/jruby/jruby-base/9.3.4.0/jruby-base-9.3.4.0.pom (28 kB at 545 kB/s)
[INFO] Downloading from central: https://repo.maven.apache.org/maven2/org/ow2/asm/asm-util/9.2/asm-util-9.2.pom
[INFO] Downloaded from central: https://repo.maven.apache.org/maven2/org/ow2/asm/asm-util/9.2/asm-util-9.2.pom (2.9 kB at 47 kB/s)
[INFO] Downloading from central: https://repo.maven.apache.org/maven2/com/github/jnr/jnr-netdb/1.2.0/jnr-netdb-1.2.0.pom
[INFO] Downloaded from central: https://repo.maven.apache.org/maven2/com/github/jnr/jnr-netdb/1.2.0/jnr-netdb-1.2.0.pom (3.0 kB at 48 kB/s)
[INFO] Downloading from central: https://repo.maven.apache.org/maven2/com/github/jnr/jnr-enxio/0.32.13/jnr-enxio-0.32.13.pom
[INFO] Downloaded from central: https://repo.maven.apache.org/maven2/com/github/jnr/jnr-enxio/0.32.13/jnr-enxio-0.32.13.pom (5.4 kB at 99 kB/s)
[INFO] Downloading from central: https://repo.maven.apache.org/maven2/com/github/jnr/jnr-constants/0.10.3/jnr-constants-0.10.3.pom
[INFO] Downloaded from central: https://repo.maven.apache.org/maven2/com/github/jnr/jnr-constants/0.10.3/jnr-constants-0.10.3.pom (4.4 kB at 80 kB/s)
[INFO] Downloading from central: https://repo.maven.apache.org/maven2/com/github/jnr/jnr-unixsocket/0.38.17/jnr-unixsocket-0.38.17.pom
[INFO] Downloaded from central: https://repo.maven.apache.org/maven2/com/github/jnr/jnr-unixsocket/0.38.17/jnr-unixsocket-0.38.17.pom (11 kB at 229 kB/s)
[INFO] Downloading from central: https://repo.maven.apache.org/maven2/com/github/jnr/jnr-posix/3.1.15/jnr-posix-3.1.15.pom
[INFO] Downloaded from central: https://repo.maven.apache.org/maven2/com/github/jnr/jnr-posix/3.1.15/jnr-posix-3.1.15.pom (7.6 kB at 144 kB/s)
[INFO] Downloading from central: https://repo.maven.apache.org/maven2/com/github/jnr/jnr-ffi/2.2.11/jnr-ffi-2.2.11.pom
[INFO] Downloaded from central: https://repo.maven.apache.org/maven2/com/github/jnr/jnr-ffi/2.2.11/jnr-ffi-2.2.11.pom (10 kB at 178 kB/s)
[INFO] Downloading from central: https://repo.maven.apache.org/maven2/com/github/jnr/jffi/1.3.9/jffi-1.3.9.pom
[INFO] Downloaded from central: https://repo.maven.apache.org/maven2/com/github/jnr/jffi/1.3.9/jffi-1.3.9.pom (12 kB at 215 kB/s)
[INFO] Downloading from central: https://repo.maven.apache.org/maven2/org/jruby/dirgra/0.3/dirgra-0.3.pom
[INFO] Downloaded from central: https://repo.maven.apache.org/maven2/org/jruby/dirgra/0.3/dirgra-0.3.pom (2.9 kB at 65 kB/s)
[INFO] Downloading from central: https://repo.maven.apache.org/maven2/com/headius/invokebinder/1.12/invokebinder-1.12.pom
[INFO] Downloaded from central: https://repo.maven.apache.org/maven2/com/headius/invokebinder/1.12/invokebinder-1.12.pom (4.5 kB at 91 kB/s)
[INFO] Downloading from central: https://repo.maven.apache.org/maven2/com/headius/options/1.6/options-1.6.pom
[INFO] Downloaded from central: https://repo.maven.apache.org/maven2/com/headius/options/1.6/options-1.6.pom (2.7 kB at 56 kB/s)
[INFO] Downloading from central: https://repo.maven.apache.org/maven2/me/qmx/jitescript/jitescript/0.4.1/jitescript-0.4.1.pom
[INFO] Downloaded from central: https://repo.maven.apache.org/maven2/me/qmx/jitescript/jitescript/0.4.1/jitescript-0.4.1.pom (5.8 kB at 94 kB/s)
[INFO] Downloading from central: https://repo.maven.apache.org/maven2/com/headius/backport9/1.12/backport9-1.12.pom
[INFO] Downloaded from central: https://repo.maven.apache.org/maven2/com/headius/backport9/1.12/backport9-1.12.pom (3.0 kB at 62 kB/s)
[INFO] Downloading from central: https://repo.maven.apache.org/maven2/org/jruby/jruby-stdlib/9.3.4.0/jruby-stdlib-9.3.4.0.pom
[INFO] Downloaded from central: https://repo.maven.apache.org/maven2/org/jruby/jruby-stdlib/9.3.4.0/jruby-stdlib-9.3.4.0.pom (27 kB at 406 kB/s)
[INFO] Downloading from central: https://repo.maven.apache.org/maven2/org/springframework/boot/spring-boot/2.7.6/spring-boot-2.7.6.pom
[INFO] Downloaded from central: https://repo.maven.apache.org/maven2/org/springframework/boot/spring-boot/2.7.6/spring-boot-2.7.6.pom (2.2 kB at 41 kB/s)
[INFO] Downloading from central: https://repo.maven.apache.org/maven2/org/springframework/boot/spring-boot-autoconfigure/2.7.6/spring-boot-autoconfigure-2.7.6.pom
[INFO] Downloaded from central: https://repo.maven.apache.org/maven2/org/springframework/boot/spring-boot-autoconfigure/2.7.6/spring-boot-autoconfigure-2.7.6.pom (2.1 kB at 27 kB/s)
[INFO] Downloading from central: https://repo.maven.apache.org/maven2/org/freemarker/freemarker/2.3.31/freemarker-2.3.31.pom
[INFO] Downloaded from central: https://repo.maven.apache.org/maven2/org/freemarker/freemarker/2.3.31/freemarker-2.3.31.pom (3.4 kB at 67 kB/s)
[INFO] Downloading from central: https://repo.maven.apache.org/maven2/org/apache/camel/camel-package-maven-plugin/3.20.0/camel-package-maven-plugin-3.20.0.jar
[INFO] Downloading from central: https://repo.maven.apache.org/maven2/org/apache/camel/camel-tooling-util/3.20.0/camel-tooling-util-3.20.0.jar
[INFO] Downloading from central: https://repo.maven.apache.org/maven2/org/apache/camel/camel-tooling-model/3.20.0/camel-tooling-model-3.20.0.jar
[INFO] Downloading from central: https://repo.maven.apache.org/maven2/org/apache/camel/bom-generator-maven-plugin/3.20.0/bom-generator-maven-plugin-3.20.0.jar
[INFO] Downloading from central: https://repo.maven.apache.org/maven2/org/apache/maven/resolver/maven-resolver-api/1.8.2/maven-resolver-api-1.8.2.jar
[INFO] Downloaded from central: https://repo.maven.apache.org/maven2/org/apache/camel/camel-tooling-model/3.20.0/camel-tooling-model-3.20.0.jar (47 kB at 847 kB/s)
[INFO] Downloading from central: https://repo.maven.apache.org/maven2/org/apache/maven/resolver/maven-resolver-util/1.8.2/maven-resolver-util-1.8.2.jar
[INFO] Downloaded from central: https://repo.maven.apache.org/maven2/org/apache/maven/resolver/maven-resolver-api/1.8.2/maven-resolver-api-1.8.2.jar (154 kB at 1.9 MB/s)
[INFO] Downloading from central: https://repo.maven.apache.org/maven2/org/apache/camel/camel-util-json/3.20.0/camel-util-json-3.20.0.jar
[INFO] Downloaded from central: https://repo.maven.apache.org/maven2/org/apache/maven/resolver/maven-resolver-util/1.8.2/maven-resolver-util-1.8.2.jar (176 kB at 1.9 MB/s)
[INFO] Downloading from central: https://repo.maven.apache.org/maven2/org/apache/maven/maven-core/3.8.6/maven-core-3.8.6.jar
[INFO] Downloaded from central: https://repo.maven.apache.org/maven2/org/apache/camel/camel-util-json/3.20.0/camel-util-json-3.20.0.jar (41 kB at 312 kB/s)
[INFO] Downloading from central: https://repo.maven.apache.org/maven2/org/apache/maven/maven-settings-builder/3.8.6/maven-settings-builder-3.8.6.jar
[INFO] Downloaded from central: https://repo.maven.apache.org/maven2/org/apache/maven/maven-core/3.8.6/maven-core-3.8.6.jar (646 kB at 4.6 MB/s)
[INFO] Downloading from central: https://repo.maven.apache.org/maven2/org/apache/maven/maven-builder-support/3.8.6/maven-builder-support-3.8.6.jar
[INFO] Downloaded from central: https://repo.maven.apache.org/maven2/org/apache/maven/maven-settings-builder/3.8.6/maven-settings-builder-3.8.6.jar (42 kB at 238 kB/s)
[INFO] Downloading from central: https://repo.maven.apache.org/maven2/org/apache/maven/maven-model-builder/3.8.6/maven-model-builder-3.8.6.jar
[INFO] Downloaded from central: https://repo.maven.apache.org/maven2/org/apache/maven/maven-builder-support/3.8.6/maven-builder-support-3.8.6.jar (14 kB at 80 kB/s)
[INFO] Downloading from central: https://repo.maven.apache.org/maven2/org/apache/maven/maven-resolver-provider/3.8.6/maven-resolver-provider-3.8.6.jar
[INFO] Downloaded from central: https://repo.maven.apache.org/maven2/org/apache/maven/maven-resolver-provider/3.8.6/maven-resolver-provider-3.8.6.jar (67 kB at 320 kB/s)
[INFO] Downloading from central: https://repo.maven.apache.org/maven2/org/apache/maven/maven-plugin-api/3.8.6/maven-plugin-api-3.8.6.jar
[INFO] Downloaded from central: https://repo.maven.apache.org/maven2/org/apache/maven/maven-model-builder/3.8.6/maven-model-builder-3.8.6.jar (196 kB at 851 kB/s)
[INFO] Downloading from central: https://repo.maven.apache.org/maven2/org/apache/maven/maven-compat/3.8.6/maven-compat-3.8.6.jar
[INFO] Downloaded from central: https://repo.maven.apache.org/maven2/org/apache/maven/maven-plugin-api/3.8.6/maven-plugin-api-3.8.6.jar (47 kB at 185 kB/s)
[INFO] Downloading from central: https://repo.maven.apache.org/maven2/org/asciidoctor/asciidoctorj/2.5.5/asciidoctorj-2.5.5.jar
[INFO] Downloaded from central: https://repo.maven.apache.org/maven2/org/apache/maven/maven-compat/3.8.6/maven-compat-3.8.6.jar (288 kB at 967 kB/s)
[INFO] Downloading from central: https://repo.maven.apache.org/maven2/org/asciidoctor/asciidoctorj-api/2.5.5/asciidoctorj-api-2.5.5.jar
[INFO] Downloaded from central: https://repo.maven.apache.org/maven2/org/asciidoctor/asciidoctorj-api/2.5.5/asciidoctorj-api-2.5.5.jar (62 kB at 183 kB/s)
[INFO] Downloading from central: https://repo.maven.apache.org/maven2/org/jruby/jruby/9.3.4.0/jruby-9.3.4.0.jar
[INFO] Downloaded from central: https://repo.maven.apache.org/maven2/org/asciidoctor/asciidoctorj/2.5.5/asciidoctorj-2.5.5.jar (1.9 MB at 5.2 MB/s)
[INFO] Downloading from central: https://repo.maven.apache.org/maven2/org/jruby/jruby-base/9.3.4.0/jruby-base-9.3.4.0.jar
[INFO] Downloaded from central: https://repo.maven.apache.org/maven2/org/jruby/jruby/9.3.4.0/jruby-9.3.4.0.jar (26 kB at 64 kB/s)
[INFO] Downloading from central: https://repo.maven.apache.org/maven2/org/ow2/asm/asm-util/9.2/asm-util-9.2.jar
[INFO] Downloaded from central: https://repo.maven.apache.org/maven2/org/ow2/asm/asm-util/9.2/asm-util-9.2.jar (85 kB at 191 kB/s)
[INFO] Downloading from central: https://repo.maven.apache.org/maven2/com/github/jnr/jnr-netdb/1.2.0/jnr-netdb-1.2.0.jar
[INFO] Downloaded from central: https://repo.maven.apache.org/maven2/com/github/jnr/jnr-netdb/1.2.0/jnr-netdb-1.2.0.jar (63 kB at 130 kB/s)
[INFO] Downloading from central: https://repo.maven.apache.org/maven2/com/github/jnr/jnr-enxio/0.32.13/jnr-enxio-0.32.13.jar
[INFO] Downloaded from central: https://repo.maven.apache.org/maven2/org/apache/camel/bom-generator-maven-plugin/3.20.0/bom-generator-maven-plugin-3.20.0.jar (19 kB at 38 kB/s)
[INFO] Downloading from central: https://repo.maven.apache.org/maven2/com/github/jnr/jnr-unixsocket/0.38.17/jnr-unixsocket-0.38.17.jar
[INFO] Downloaded from central: https://repo.maven.apache.org/maven2/com/github/jnr/jnr-enxio/0.32.13/jnr-enxio-0.32.13.jar (34 kB at 66 kB/s)
[INFO] Downloading from central: https://repo.maven.apache.org/maven2/com/github/jnr/jnr-posix/3.1.15/jnr-posix-3.1.15.jar
[INFO] Downloaded from central: https://repo.maven.apache.org/maven2/org/apache/camel/camel-tooling-util/3.20.0/camel-tooling-util-3.20.0.jar (52 kB at 100 kB/s)
[INFO] Downloading from central: https://repo.maven.apache.org/maven2/com/github/jnr/jnr-constants/0.10.3/jnr-constants-0.10.3.jar
[INFO] Downloaded from central: https://repo.maven.apache.org/maven2/com/github/jnr/jnr-unixsocket/0.38.17/jnr-unixsocket-0.38.17.jar (48 kB at 88 kB/s)
[INFO] Downloading from central: https://repo.maven.apache.org/maven2/com/github/jnr/jnr-ffi/2.2.11/jnr-ffi-2.2.11.jar
[INFO] Downloaded from central: https://repo.maven.apache.org/maven2/com/github/jnr/jnr-posix/3.1.15/jnr-posix-3.1.15.jar (278 kB at 501 kB/s)
[INFO] Downloading from central: https://repo.maven.apache.org/maven2/com/github/jnr/jnr-a64asm/1.0.0/jnr-a64asm-1.0.0.jar
[INFO] Downloaded from central: https://repo.maven.apache.org/maven2/org/jruby/jruby-base/9.3.4.0/jruby-base-9.3.4.0.jar (8.5 MB at 15 MB/s)
[INFO] Downloading from central: https://repo.maven.apache.org/maven2/com/github/jnr/jffi/1.3.9/jffi-1.3.9.jar
[INFO] Downloaded from central: https://repo.maven.apache.org/maven2/com/github/jnr/jnr-a64asm/1.0.0/jnr-a64asm-1.0.0.jar (86 kB at 145 kB/s)
[INFO] Downloading from central: https://repo.maven.apache.org/maven2/com/github/jnr/jffi/1.3.9/jffi-1.3.9-native.jar
[INFO] Downloaded from central: https://repo.maven.apache.org/maven2/com/github/jnr/jnr-ffi/2.2.11/jnr-ffi-2.2.11.jar (724 kB at 1.2 MB/s)
[INFO] Downloading from central: https://repo.maven.apache.org/maven2/org/jruby/dirgra/0.3/dirgra-0.3.jar
[INFO] Downloaded from central: https://repo.maven.apache.org/maven2/org/apache/camel/camel-package-maven-plugin/3.20.0/camel-package-maven-plugin-3.20.0.jar (371 kB at 615 kB/s)
[INFO] Downloading from central: https://repo.maven.apache.org/maven2/com/headius/invokebinder/1.12/invokebinder-1.12.jar
[INFO] Downloaded from central: https://repo.maven.apache.org/maven2/com/github/jnr/jffi/1.3.9/jffi-1.3.9.jar (155 kB at 246 kB/s)
[INFO] Downloading from central: https://repo.maven.apache.org/maven2/com/headius/options/1.6/options-1.6.jar
[INFO] Downloaded from central: https://repo.maven.apache.org/maven2/org/jruby/dirgra/0.3/dirgra-0.3.jar (16 kB at 26 kB/s)
[INFO] Downloading from central: https://repo.maven.apache.org/maven2/joda-time/joda-time/2.10.10/joda-time-2.10.10.jar
[INFO] Downloaded from central: https://repo.maven.apache.org/maven2/com/github/jnr/jffi/1.3.9/jffi-1.3.9-native.jar (875 kB at 1.4 MB/s)
[INFO] Downloading from central: https://repo.maven.apache.org/maven2/me/qmx/jitescript/jitescript/0.4.1/jitescript-0.4.1.jar
[INFO] Downloaded from central: https://repo.maven.apache.org/maven2/com/github/jnr/jnr-constants/0.10.3/jnr-constants-0.10.3.jar (1.6 MB at 2.5 MB/s)
[INFO] Downloading from central: https://repo.maven.apache.org/maven2/com/headius/backport9/1.12/backport9-1.12.jar
[INFO] Downloaded from central: https://repo.maven.apache.org/maven2/com/headius/invokebinder/1.12/invokebinder-1.12.jar (51 kB at 79 kB/s)
[INFO] Downloading from central: https://repo.maven.apache.org/maven2/org/jruby/jruby-stdlib/9.3.4.0/jruby-stdlib-9.3.4.0.jar
[INFO] Downloaded from central: https://repo.maven.apache.org/maven2/com/headius/options/1.6/options-1.6.jar (15 kB at 22 kB/s)
[INFO] Downloading from central: https://repo.maven.apache.org/maven2/org/springframework/boot/spring-boot/2.7.6/spring-boot-2.7.6.jar
[INFO] Downloaded from central: https://repo.maven.apache.org/maven2/com/headius/backport9/1.12/backport9-1.12.jar (14 kB at 20 kB/s)
[INFO] Downloading from central: https://repo.maven.apache.org/maven2/org/springframework/boot/spring-boot-autoconfigure/2.7.6/spring-boot-autoconfigure-2.7.6.jar
[INFO] Downloaded from central: https://repo.maven.apache.org/maven2/me/qmx/jitescript/jitescript/0.4.1/jitescript-0.4.1.jar (23 kB at 33 kB/s)
[INFO] Downloading from central: https://repo.maven.apache.org/maven2/org/freemarker/freemarker/2.3.31/freemarker-2.3.31.jar
[INFO] Downloaded from central: https://repo.maven.apache.org/maven2/joda-time/joda-time/2.10.10/joda-time-2.10.10.jar (644 kB at 870 kB/s)
[INFO] Downloading from central: https://repo.maven.apache.org/maven2/org/apache/camel/spi-annotations/3.20.0/spi-annotations-3.20.0.jar
[INFO] Downloaded from central: https://repo.maven.apache.org/maven2/org/springframework/boot/spring-boot/2.7.6/spring-boot-2.7.6.jar (1.5 MB at 1.9 MB/s)
[INFO] Downloaded from central: https://repo.maven.apache.org/maven2/org/springframework/boot/spring-boot-autoconfigure/2.7.6/spring-boot-autoconfigure-2.7.6.jar (1.7 MB at 2.2 MB/s)
[INFO] Downloaded from central: https://repo.maven.apache.org/maven2/org/freemarker/freemarker/2.3.31/freemarker-2.3.31.jar (1.7 MB at 2.2 MB/s)
[INFO] Downloaded from central: https://repo.maven.apache.org/maven2/org/jruby/jruby-stdlib/9.3.4.0/jruby-stdlib-9.3.4.0.jar (13 MB at 16 MB/s)
[INFO] Downloaded from central: https://repo.maven.apache.org/maven2/org/apache/camel/spi-annotations/3.20.0/spi-annotations-3.20.0.jar (22 kB at 16 kB/s)
[INFO] 
[INFO] --- maven-clean-plugin:3.1.0:clean (default-clean) @ camel-spring-boot-generator-maven-plugin ---
[INFO] 
[INFO] --- maven-enforcer-plugin:3.0.0:enforce (enforce-maven-version) @ camel-spring-boot-generator-maven-plugin ---
[INFO] Skipping Rule Enforcement.
[INFO] 
[INFO] --- maven-enforcer-plugin:3.0.0:enforce (enforce-java-version) @ camel-spring-boot-generator-maven-plugin ---
[INFO] Skipping Rule Enforcement.
[INFO] 
[INFO] --- maven-resources-plugin:3.2.0:resources (default-resources) @ camel-spring-boot-generator-maven-plugin ---
[INFO] Using 'UTF-8' encoding to copy filtered resources.
[INFO] Using 'UTF-8' encoding to copy filtered properties files.
[INFO] Copying 5 resources
[INFO] 
[INFO] --- maven-compiler-plugin:3.10.1:compile (default-compile) @ camel-spring-boot-generator-maven-plugin ---
[INFO] Changes detected - recompiling the module!
[INFO] Compiling 11 source files to /home/srafi/after-cam-ready/compare_/compile_repair_output/work/2e0d3e246149/tooling/camel-spring-boot-generator-maven-plugin/target/classes
[INFO] ------------------------------------------------------------------------
[INFO] Reactor Summary for Camel SB 3.20.0:
[INFO] 
[INFO] Camel SB ........................................... SUCCESS [  0.487 s]
[INFO] Camel SB :: Parent ................................. SUCCESS [  0.007 s]
[INFO] Camel SB Tooling ................................... SUCCESS [  0.004 s]
[INFO] Camel SB Tooling :: Generator Maven Plugin ......... FAILURE [  5.600 s]
[INFO] Camel SB Tooling :: Dependencies BOM Generator ..... SKIPPED
[INFO] Camel SB Tooling :: Dependencies BOM ............... SKIPPED
[INFO] Camel SB Tooling :: Starter Parent ................. SKIPPED
[INFO] Camel SB :: Core Modules ........................... SKIPPED
[INFO] Camel SB :: Spring Boot ............................ SKIPPED
[INFO] Camel SB Starters .................................. SKIPPED
[INFO] Camel SB Starters :: Core .......................... SKIPPED
[INFO] Camel SB Starters :: Gson .......................... SKIPPED
[INFO] ------------------------------------------------------------------------
[INFO] BUILD FAILURE
[INFO] ------------------------------------------------------------------------
[INFO] Total time:  9.076 s
[INFO] Finished at: 2026-08-15T14:16:05-04:00
[INFO] ------------------------------------------------------------------------
[ERROR] Failed to execute goal org.apache.maven.plugins:maven-compiler-plugin:3.10.1:compile (default-compile) on project camel-spring-boot-generator-maven-plugin: Fatal error compiling: invalid target release: 11 -> [Help 1]
[ERROR] 
[ERROR] To see the full stack trace of the errors, re-run Maven with the -e switch.
[ERROR] Re-run Maven using the -X switch to enable full debug logging.
[ERROR] 
[ERROR] For more information about the errors and possible solutions, please read the following articles:
[ERROR] [Help 1] http://cwiki.apache.org/confluence/display/MAVEN/MojoExecutionException
[ERROR] 
[ERROR] After correcting the problems, you can resume the build with the command
[ERROR]   mvn <args> -rf :camel-spring-boot-generator-maven-plugin
