JAVA_HOME=/usr/lib/jvm/java-11-openjdk-amd64
COMMAND=bash /home/srafi/after-cam-ready/compare_/compile_repair_output/work/2e0d3e246149/mvnw -B clean install -DskipTests -U -pl components-starter/camel-gson-starter -am -Ddependency-check.skip=true -Dgpg.skip=true -DfailIfNoTests=false -Dskip.installnodenpm=true -Dskip.npm=true -Dskip.yarn=true -Dlicense.skip=true -Dcheckstyle.skip=true -Drat.skip=true -Denforcer.skip=true -Danimal.sniffer.skip=true -Dmaven.javadoc.skip=true -Dfindbugs.skip=true -Dspotbugs.skip=true -Dwarbucks.skip=true -Dmodernizer.skip=true -Dimpsort.skip=true -Dmdep.analyze.skip=true -Dpgpverify.skip=true -Dxml.skip=true -Dcobertura.skip=true

[INFO] BuildTimeEventSpy is registered.
[INFO] Scanning for projects...
[WARNING] 
[WARNING] Some problems were encountered while building the effective model for org.apache.camel.springboot:camel-spring-boot-starter-generator:pom:3.20.0
[WARNING] The expression ${name} is deprecated. Please use ${project.name} instead.
[WARNING] 
[WARNING] It is highly recommended to fix these problems because they threaten the stability of your build.
[WARNING] 
[WARNING] For this reason, future Maven versions might no longer support building such malformed projects.
[WARNING] 
[INFO] ------------------------------------------------------------------------
[INFO] Reactor Build Order:
[INFO] 
[INFO] Camel SB                                                           [pom]
[INFO] Camel SB :: Parent                                                 [pom]
[INFO] Camel SB Tooling                                                   [pom]
[INFO] Camel SB Tooling :: Generator Maven Plugin                [maven-plugin]
[INFO] Camel SB Tooling :: Dependencies BOM Generator                     [pom]
[INFO] Camel SB Tooling :: Dependencies BOM                               [pom]
[INFO] Camel SB Tooling :: Starter Parent                                 [pom]
[INFO] Camel SB :: Core Modules                                           [pom]
[INFO] Camel SB :: Spring Boot                                            [jar]
[INFO] Camel SB Starters                                                  [pom]
[INFO] Camel SB Starters :: Core                                          [jar]
[INFO] Camel SB Starters :: Gson                                          [jar]
[INFO] 
[INFO] --------------< org.apache.camel.springboot:spring-boot >---------------
[INFO] Building Camel SB 3.20.0                                          [1/12]
[INFO] --------------------------------[ pom ]---------------------------------
[INFO] 
[INFO] --- maven-clean-plugin:3.1.0:clean (default-clean) @ spring-boot ---
[INFO] 
[INFO] --- maven-enforcer-plugin:3.0.0:enforce (enforce-maven-version) @ spring-boot ---
[INFO] Skipping Rule Enforcement.
[INFO] 
[INFO] --- maven-enforcer-plugin:3.0.0:enforce (enforce-java-version) @ spring-boot ---
[INFO] Skipping Rule Enforcement.
[INFO] 
[INFO] --- maven-site-plugin:3.11.0:attach-descriptor (attach-descriptor) @ spring-boot ---
[INFO] No site descriptor found: nothing to attach.
[INFO] 
[INFO] --- maven-install-plugin:2.5.2:install (default-install) @ spring-boot ---
[INFO] Installing /home/srafi/after-cam-ready/compare_/compile_repair_output/work/2e0d3e246149/pom.xml to /home/srafi/.m2/repository/org/apache/camel/springboot/spring-boot/3.20.0/spring-boot-3.20.0.pom
[INFO] 
[INFO] -----------< org.apache.camel.springboot:spring-boot-parent >-----------
[INFO] Building Camel SB :: Parent 3.20.0                                [2/12]
[INFO] --------------------------------[ pom ]---------------------------------
[INFO] 
[INFO] --- maven-clean-plugin:3.1.0:clean (default-clean) @ spring-boot-parent ---
[INFO] 
[INFO] --- maven-enforcer-plugin:3.0.0:enforce (enforce-maven-version) @ spring-boot-parent ---
[INFO] Skipping Rule Enforcement.
[INFO] 
[INFO] --- maven-enforcer-plugin:3.0.0:enforce (enforce-java-version) @ spring-boot-parent ---
[INFO] Skipping Rule Enforcement.
[INFO] 
[INFO] --- maven-site-plugin:3.11.0:attach-descriptor (attach-descriptor) @ spring-boot-parent ---
[INFO] No site descriptor found: nothing to attach.
[INFO] 
[INFO] --- maven-install-plugin:2.5.2:install (default-install) @ spring-boot-parent ---
[INFO] Installing /home/srafi/after-cam-ready/compare_/compile_repair_output/work/2e0d3e246149/parent/pom.xml to /home/srafi/.m2/repository/org/apache/camel/springboot/spring-boot-parent/3.20.0/spring-boot-parent-3.20.0.pom
[INFO] 
[INFO] ----------------< org.apache.camel.springboot:tooling >-----------------
[INFO] Building Camel SB Tooling 3.20.0                                  [3/12]
[INFO] --------------------------------[ pom ]---------------------------------
[INFO] 
[INFO] --- maven-clean-plugin:3.1.0:clean (default-clean) @ tooling ---
[INFO] 
[INFO] --- maven-enforcer-plugin:3.0.0:enforce (enforce-maven-version) @ tooling ---
[INFO] Skipping Rule Enforcement.
[INFO] 
[INFO] --- maven-enforcer-plugin:3.0.0:enforce (enforce-java-version) @ tooling ---
[INFO] Skipping Rule Enforcement.
[INFO] 
[INFO] --- maven-site-plugin:3.11.0:attach-descriptor (attach-descriptor) @ tooling ---
[INFO] No site descriptor found: nothing to attach.
[INFO] 
[INFO] --- maven-install-plugin:2.5.2:install (default-install) @ tooling ---
[INFO] Installing /home/srafi/after-cam-ready/compare_/compile_repair_output/work/2e0d3e246149/tooling/pom.xml to /home/srafi/.m2/repository/org/apache/camel/springboot/tooling/3.20.0/tooling-3.20.0.pom
[INFO] 
[INFO] --< org.apache.camel.springboot:camel-spring-boot-generator-maven-plugin >--
[INFO] Building Camel SB Tooling :: Generator Maven Plugin 3.20.0        [4/12]
[INFO] ----------------------------[ maven-plugin ]----------------------------
[INFO] 
[INFO] --- maven-clean-plugin:3.1.0:clean (default-clean) @ camel-spring-boot-generator-maven-plugin ---
[INFO] 
[INFO] --- maven-enforcer-plugin:3.0.0:enforce (enforce-maven-version) @ camel-spring-boot-generator-maven-plugin ---
[INFO] Skipping Rule Enforcement.
[INFO] 
[INFO] --- maven-enforcer-plugin:3.0.0:enforce (enforce-java-version) @ camel-spring-boot-generator-maven-plugin ---
[INFO] Skipping Rule Enforcement.
[INFO] 
[INFO] --- maven-resources-plugin:3.2.0:resources (default-resources) @ camel-spring-boot-generator-maven-plugin ---
[INFO] Using 'UTF-8' encoding to copy filtered resources.
[INFO] Using 'UTF-8' encoding to copy filtered properties files.
[INFO] Copying 5 resources
[INFO] 
[INFO] --- maven-compiler-plugin:3.10.1:compile (default-compile) @ camel-spring-boot-generator-maven-plugin ---
[INFO] Changes detected - recompiling the module!
[INFO] Compiling 11 source files to /home/srafi/after-cam-ready/compare_/compile_repair_output/work/2e0d3e246149/tooling/camel-spring-boot-generator-maven-plugin/target/classes
[INFO] /home/srafi/after-cam-ready/compare_/compile_repair_output/work/2e0d3e246149/tooling/camel-spring-boot-generator-maven-plugin/src/main/java/org/apache/camel/springboot/maven/StarterGeneratorMojo.java: Some input files use or override a deprecated API.
[INFO] /home/srafi/after-cam-ready/compare_/compile_repair_output/work/2e0d3e246149/tooling/camel-spring-boot-generator-maven-plugin/src/main/java/org/apache/camel/springboot/maven/StarterGeneratorMojo.java: Recompile with -Xlint:deprecation for details.
[INFO] /home/srafi/after-cam-ready/compare_/compile_repair_output/work/2e0d3e246149/tooling/camel-spring-boot-generator-maven-plugin/src/main/java/org/apache/camel/springboot/maven/BomDependenciesGeneratorMojo.java: /home/srafi/after-cam-ready/compare_/compile_repair_output/work/2e0d3e246149/tooling/camel-spring-boot-generator-maven-plugin/src/main/java/org/apache/camel/springboot/maven/BomDependenciesGeneratorMojo.java uses unchecked or unsafe operations.
[INFO] /home/srafi/after-cam-ready/compare_/compile_repair_output/work/2e0d3e246149/tooling/camel-spring-boot-generator-maven-plugin/src/main/java/org/apache/camel/springboot/maven/BomDependenciesGeneratorMojo.java: Recompile with -Xlint:unchecked for details.
[INFO] 
[INFO] --- maven-plugin-plugin:3.7.0:descriptor (default-descriptor) @ camel-spring-boot-generator-maven-plugin ---
[INFO] Downloading from central: https://repo.maven.apache.org/maven2/org/apache/maven/plugin-tools/maven-plugin-tools-api/3.7.0/maven-plugin-tools-api-3.7.0.pom
[INFO] Downloaded from central: https://repo.maven.apache.org/maven2/org/apache/maven/plugin-tools/maven-plugin-tools-api/3.7.0/maven-plugin-tools-api-3.7.0.pom (4.3 kB at 21 kB/s)
[INFO] Downloading from central: https://repo.maven.apache.org/maven2/org/apache/maven/plugin-tools/maven-plugin-tools-generators/3.7.0/maven-plugin-tools-generators-3.7.0.pom
[INFO] Downloaded from central: https://repo.maven.apache.org/maven2/org/apache/maven/plugin-tools/maven-plugin-tools-generators/3.7.0/maven-plugin-tools-generators-3.7.0.pom (3.8 kB at 128 kB/s)
[INFO] Downloading from central: https://repo.maven.apache.org/maven2/org/jsoup/jsoup/1.15.3/jsoup-1.15.3.pom
[INFO] Downloaded from central: https://repo.maven.apache.org/maven2/org/jsoup/jsoup/1.15.3/jsoup-1.15.3.pom (13 kB at 402 kB/s)
[INFO] Downloading from central: https://repo.maven.apache.org/maven2/org/apache/maven/plugin-tools/maven-plugin-tools-java/3.7.0/maven-plugin-tools-java-3.7.0.pom
[INFO] Downloaded from central: https://repo.maven.apache.org/maven2/org/apache/maven/plugin-tools/maven-plugin-tools-java/3.7.0/maven-plugin-tools-java-3.7.0.pom (2.8 kB at 84 kB/s)
[INFO] Downloading from central: https://repo.maven.apache.org/maven2/org/apache/maven/plugin-tools/maven-plugin-tools-annotations/3.7.0/maven-plugin-tools-annotations-3.7.0.pom
[INFO] Downloaded from central: https://repo.maven.apache.org/maven2/org/apache/maven/plugin-tools/maven-plugin-tools-annotations/3.7.0/maven-plugin-tools-annotations-3.7.0.pom (5.0 kB at 162 kB/s)
[INFO] Downloading from central: https://repo.maven.apache.org/maven2/org/codehaus/plexus/plexus-archiver/4.5.0/plexus-archiver-4.5.0.pom
[INFO] Downloaded from central: https://repo.maven.apache.org/maven2/org/codehaus/plexus/plexus-archiver/4.5.0/plexus-archiver-4.5.0.pom (6.5 kB at 168 kB/s)
[INFO] Downloading from central: https://repo.maven.apache.org/maven2/com/github/luben/zstd-jni/1.5.2-4/zstd-jni-1.5.2-4.pom
[INFO] Downloaded from central: https://repo.maven.apache.org/maven2/com/github/luben/zstd-jni/1.5.2-4/zstd-jni-1.5.2-4.pom (1.9 kB at 66 kB/s)
[INFO] Downloading from central: https://repo.maven.apache.org/maven2/org/apache/maven/plugin-tools/maven-plugin-tools-ant/3.7.0/maven-plugin-tools-ant-3.7.0.pom
[INFO] Downloaded from central: https://repo.maven.apache.org/maven2/org/apache/maven/plugin-tools/maven-plugin-tools-ant/3.7.0/maven-plugin-tools-ant-3.7.0.pom (2.4 kB at 78 kB/s)
[INFO] Downloading from central: https://repo.maven.apache.org/maven2/org/apache/maven/plugin-tools/maven-script/3.7.0/maven-script-3.7.0.pom
[INFO] Downloaded from central: https://repo.maven.apache.org/maven2/org/apache/maven/plugin-tools/maven-script/3.7.0/maven-script-3.7.0.pom (1.7 kB at 51 kB/s)
[INFO] Downloading from central: https://repo.maven.apache.org/maven2/org/apache/maven/plugin-tools/maven-plugin-tools-model/3.7.0/maven-plugin-tools-model-3.7.0.pom
[INFO] Downloaded from central: https://repo.maven.apache.org/maven2/org/apache/maven/plugin-tools/maven-plugin-tools-model/3.7.0/maven-plugin-tools-model-3.7.0.pom (3.1 kB at 87 kB/s)
[INFO] Downloading from central: https://repo.maven.apache.org/maven2/org/apache/maven/plugin-tools/maven-plugin-tools-beanshell/3.7.0/maven-plugin-tools-beanshell-3.7.0.pom
[INFO] Downloaded from central: https://repo.maven.apache.org/maven2/org/apache/maven/plugin-tools/maven-plugin-tools-beanshell/3.7.0/maven-plugin-tools-beanshell-3.7.0.pom (2.1 kB at 67 kB/s)
[INFO] Downloading from central: https://repo.maven.apache.org/maven2/org/apache/maven/plugin-tools/maven-plugin-tools-api/3.7.0/maven-plugin-tools-api-3.7.0.jar
[INFO] Downloading from central: https://repo.maven.apache.org/maven2/org/apache/maven/plugin-tools/maven-plugin-tools-generators/3.7.0/maven-plugin-tools-generators-3.7.0.jar
[INFO] Downloading from central: https://repo.maven.apache.org/maven2/org/apache/maven/plugin-tools/maven-plugin-tools-java/3.7.0/maven-plugin-tools-java-3.7.0.jar
[INFO] Downloading from central: https://repo.maven.apache.org/maven2/org/apache/maven/plugin-tools/maven-plugin-tools-annotations/3.7.0/maven-plugin-tools-annotations-3.7.0.jar
[INFO] Downloading from central: https://repo.maven.apache.org/maven2/org/jsoup/jsoup/1.15.3/jsoup-1.15.3.jar
[INFO] Downloaded from central: https://repo.maven.apache.org/maven2/org/apache/maven/plugin-tools/maven-plugin-tools-api/3.7.0/maven-plugin-tools-api-3.7.0.jar (51 kB at 1.3 MB/s)
[INFO] Downloading from central: https://repo.maven.apache.org/maven2/org/codehaus/plexus/plexus-archiver/4.5.0/plexus-archiver-4.5.0.jar
[INFO] Downloaded from central: https://repo.maven.apache.org/maven2/org/apache/maven/plugin-tools/maven-plugin-tools-annotations/3.7.0/maven-plugin-tools-annotations-3.7.0.jar (74 kB at 1.1 MB/s)
[INFO] Downloading from central: https://repo.maven.apache.org/maven2/com/github/luben/zstd-jni/1.5.2-4/zstd-jni-1.5.2-4.jar
[INFO] Downloaded from central: https://repo.maven.apache.org/maven2/org/apache/maven/plugin-tools/maven-plugin-tools-java/3.7.0/maven-plugin-tools-java-3.7.0.jar (19 kB at 266 kB/s)
[INFO] Downloading from central: https://repo.maven.apache.org/maven2/org/apache/maven/plugin-tools/maven-plugin-tools-ant/3.7.0/maven-plugin-tools-ant-3.7.0.jar
[INFO] Downloaded from central: https://repo.maven.apache.org/maven2/org/apache/maven/plugin-tools/maven-plugin-tools-generators/3.7.0/maven-plugin-tools-generators-3.7.0.jar (54 kB at 777 kB/s)
[INFO] Downloading from central: https://repo.maven.apache.org/maven2/org/apache/maven/plugin-tools/maven-plugin-tools-model/3.7.0/maven-plugin-tools-model-3.7.0.jar
[INFO] Downloaded from central: https://repo.maven.apache.org/maven2/org/codehaus/plexus/plexus-archiver/4.5.0/plexus-archiver-4.5.0.jar (217 kB at 2.5 MB/s)
[INFO] Downloading from central: https://repo.maven.apache.org/maven2/org/apache/maven/plugin-tools/maven-plugin-tools-beanshell/3.7.0/maven-plugin-tools-beanshell-3.7.0.jar
[INFO] Downloaded from central: https://repo.maven.apache.org/maven2/org/jsoup/jsoup/1.15.3/jsoup-1.15.3.jar (438 kB at 4.8 MB/s)
[INFO] Downloaded from central: https://repo.maven.apache.org/maven2/org/apache/maven/plugin-tools/maven-plugin-tools-ant/3.7.0/maven-plugin-tools-ant-3.7.0.jar (14 kB at 129 kB/s)
[INFO] Downloaded from central: https://repo.maven.apache.org/maven2/org/apache/maven/plugin-tools/maven-plugin-tools-model/3.7.0/maven-plugin-tools-model-3.7.0.jar (30 kB at 270 kB/s)
[INFO] Downloaded from central: https://repo.maven.apache.org/maven2/org/apache/maven/plugin-tools/maven-plugin-tools-beanshell/3.7.0/maven-plugin-tools-beanshell-3.7.0.jar (14 kB at 118 kB/s)
[INFO] Downloaded from central: https://repo.maven.apache.org/maven2/com/github/luben/zstd-jni/1.5.2-4/zstd-jni-1.5.2-4.jar (5.5 MB at 23 MB/s)
[INFO] Using 'UTF-8' encoding to read mojo source files.
[INFO] java-annotations mojo extractor found 7 mojo descriptors.
[INFO] java-javadoc mojo extractor found 0 mojo descriptor.
[INFO] ant mojo extractor found 0 mojo descriptor.
[INFO] bsh mojo extractor found 0 mojo descriptor.
[INFO] 
[INFO] --- maven-resources-plugin:3.2.0:testResources (default-testResources) @ camel-spring-boot-generator-maven-plugin ---
[INFO] Using 'UTF-8' encoding to copy filtered resources.
[INFO] Using 'UTF-8' encoding to copy filtered properties files.
[INFO] skip non existing resourceDirectory /home/srafi/after-cam-ready/compare_/compile_repair_output/work/2e0d3e246149/tooling/camel-spring-boot-generator-maven-plugin/src/test/resources
[INFO] 
[INFO] --- maven-compiler-plugin:3.10.1:testCompile (default-testCompile) @ camel-spring-boot-generator-maven-plugin ---
[INFO] No sources to compile
[INFO] 
[INFO] --- maven-surefire-plugin:3.0.0-M4:test (default-test) @ camel-spring-boot-generator-maven-plugin ---
[INFO] Tests are skipped.
[INFO] 
[INFO] --- maven-jar-plugin:3.2.2:jar (default-jar) @ camel-spring-boot-generator-maven-plugin ---
[INFO] Building jar: /home/srafi/after-cam-ready/compare_/compile_repair_output/work/2e0d3e246149/tooling/camel-spring-boot-generator-maven-plugin/target/camel-spring-boot-generator-maven-plugin-3.20.0.jar
[INFO] 
[INFO] --- maven-plugin-plugin:3.7.0:addPluginArtifactMetadata (default-addPluginArtifactMetadata) @ camel-spring-boot-generator-maven-plugin ---
[INFO] 
[INFO] --- maven-site-plugin:3.11.0:attach-descriptor (attach-descriptor) @ camel-spring-boot-generator-maven-plugin ---
[INFO] Skipping because packaging 'maven-plugin' is not pom.
[INFO] 
[INFO] --- maven-install-plugin:2.5.2:install (default-install) @ camel-spring-boot-generator-maven-plugin ---
[INFO] Installing /home/srafi/after-cam-ready/compare_/compile_repair_output/work/2e0d3e246149/tooling/camel-spring-boot-generator-maven-plugin/target/camel-spring-boot-generator-maven-plugin-3.20.0.jar to /home/srafi/.m2/repository/org/apache/camel/springboot/camel-spring-boot-generator-maven-plugin/3.20.0/camel-spring-boot-generator-maven-plugin-3.20.0.jar
[INFO] Installing /home/srafi/after-cam-ready/compare_/compile_repair_output/work/2e0d3e246149/tooling/camel-spring-boot-generator-maven-plugin/pom.xml to /home/srafi/.m2/repository/org/apache/camel/springboot/camel-spring-boot-generator-maven-plugin/3.20.0/camel-spring-boot-generator-maven-plugin-3.20.0.pom
[INFO] 
[INFO] --< org.apache.camel.springboot:camel-spring-boot-dependencies-generator >--
[INFO] Building Camel SB Tooling :: Dependencies BOM Generator 3.20.0    [5/12]
[INFO] --------------------------------[ pom ]---------------------------------
[INFO] 
[INFO] --- maven-clean-plugin:3.1.0:clean (default-clean) @ camel-spring-boot-dependencies-generator ---
[INFO] 
[INFO] --- maven-enforcer-plugin:3.0.0:enforce (enforce-maven-version) @ camel-spring-boot-dependencies-generator ---
[INFO] Skipping Rule Enforcement.
[INFO] 
[INFO] --- maven-enforcer-plugin:3.0.0:enforce (enforce-java-version) @ camel-spring-boot-dependencies-generator ---
[INFO] Skipping Rule Enforcement.
[INFO] 
[INFO] --- camel-spring-boot-generator-maven-plugin:3.20.0:generate-dependencies-bom (default) @ camel-spring-boot-dependencies-generator ---
[WARNING] Dependency {groupId=org.apache.camel.springboot, artifactId=camel-core-starter, version=3.20.0, type=jar} excluded from BOM
[WARNING] Dependency {groupId=org.apache.camel.springboot, artifactId=camel-core-engine-starter, version=3.20.0, type=jar} excluded from BOM
[WARNING] Dependency {groupId=org.apache.camel.springboot, artifactId=camel-spring-boot-starter, version=3.20.0, type=jar} excluded from BOM
[INFO] File: /home/srafi/after-cam-ready/compare_/compile_repair_output/work/2e0d3e246149/tooling/camel-spring-boot-dependencies-generator/../camel-spring-boot-dependencies/pom.xml is updated
[INFO] 
[INFO] --- maven-site-plugin:3.11.0:attach-descriptor (attach-descriptor) @ camel-spring-boot-dependencies-generator ---
[INFO] No site descriptor found: nothing to attach.
[INFO] 
[INFO] --- maven-install-plugin:2.5.2:install (default-install) @ camel-spring-boot-dependencies-generator ---
[INFO] Installing /home/srafi/after-cam-ready/compare_/compile_repair_output/work/2e0d3e246149/tooling/camel-spring-boot-dependencies-generator/pom.xml to /home/srafi/.m2/repository/org/apache/camel/springboot/camel-spring-boot-dependencies-generator/3.20.0/camel-spring-boot-dependencies-generator-3.20.0.pom
[INFO] 
[INFO] -----< org.apache.camel.springboot:camel-spring-boot-dependencies >-----
[INFO] Building Camel SB Tooling :: Dependencies BOM 3.20.0              [6/12]
[INFO] --------------------------------[ pom ]---------------------------------
[INFO] 
[INFO] --- maven-clean-plugin:3.1.0:clean (default-clean) @ camel-spring-boot-dependencies ---
[INFO] 
[INFO] --- maven-enforcer-plugin:3.0.0:enforce (enforce-maven-version) @ camel-spring-boot-dependencies ---
[INFO] Skipping Rule Enforcement.
[INFO] 
[INFO] --- maven-enforcer-plugin:3.0.0:enforce (enforce-java-version) @ camel-spring-boot-dependencies ---
[INFO] Skipping Rule Enforcement.
[INFO] 
[INFO] --- maven-site-plugin:3.11.0:attach-descriptor (attach-descriptor) @ camel-spring-boot-dependencies ---
[INFO] No site descriptor found: nothing to attach.
[INFO] 
[INFO] --- maven-install-plugin:2.5.2:install (default-install) @ camel-spring-boot-dependencies ---
[INFO] Installing /home/srafi/after-cam-ready/compare_/compile_repair_output/work/2e0d3e246149/tooling/camel-spring-boot-dependencies/pom.xml to /home/srafi/.m2/repository/org/apache/camel/springboot/camel-spring-boot-dependencies/3.20.0/camel-spring-boot-dependencies-3.20.0.pom
[INFO] 
[INFO] ----------< org.apache.camel.springboot:camel-starter-parent >----------
[INFO] Building Camel SB Tooling :: Starter Parent 3.20.0                [7/12]
[INFO] --------------------------------[ pom ]---------------------------------
[INFO] 
[INFO] --- maven-clean-plugin:3.1.0:clean (default-clean) @ camel-starter-parent ---
[INFO] 
[INFO] --- maven-enforcer-plugin:3.0.0:enforce (enforce-maven-version) @ camel-starter-parent ---
[INFO] Skipping Rule Enforcement.
[INFO] 
[INFO] --- maven-enforcer-plugin:3.0.0:enforce (enforce-java-version) @ camel-starter-parent ---
[INFO] Skipping Rule Enforcement.
[INFO] 
[INFO] --- maven-site-plugin:3.11.0:attach-descriptor (attach-descriptor) @ camel-starter-parent ---
[INFO] No site descriptor found: nothing to attach.
[INFO] 
[INFO] --- maven-install-plugin:2.5.2:install (default-install) @ camel-starter-parent ---
[INFO] Installing /home/srafi/after-cam-ready/compare_/compile_repair_output/work/2e0d3e246149/tooling/camel-starter-parent/pom.xml to /home/srafi/.m2/repository/org/apache/camel/springboot/camel-starter-parent/3.20.0/camel-starter-parent-3.20.0.pom
[INFO] 
[INFO] --------------< org.apache.camel.springboot:core-modules >--------------
[INFO] Building Camel SB :: Core Modules 3.20.0                          [8/12]
[INFO] --------------------------------[ pom ]---------------------------------
[INFO] 
[INFO] --- maven-clean-plugin:3.1.0:clean (default-clean) @ core-modules ---
[INFO] 
[INFO] --- maven-enforcer-plugin:3.0.0:enforce (enforce-maven-version) @ core-modules ---
[INFO] Skipping Rule Enforcement.
[INFO] 
[INFO] --- maven-enforcer-plugin:3.0.0:enforce (enforce-java-version) @ core-modules ---
[INFO] Skipping Rule Enforcement.
[INFO] 
[INFO] --- maven-site-plugin:3.11.0:attach-descriptor (attach-descriptor) @ core-modules ---
[INFO] No site descriptor found: nothing to attach.
[INFO] 
[INFO] --- camel-spring-boot-generator-maven-plugin:3.20.0:update-spring-boot-auto-configuration-readme (readme) @ core-modules ---
[INFO] 
[INFO] --- maven-install-plugin:2.5.2:install (default-install) @ core-modules ---
[INFO] Installing /home/srafi/after-cam-ready/compare_/compile_repair_output/work/2e0d3e246149/core/pom.xml to /home/srafi/.m2/repository/org/apache/camel/springboot/core-modules/3.20.0/core-modules-3.20.0.pom
[INFO] 
[INFO] -----------< org.apache.camel.springboot:camel-spring-boot >------------
[INFO] Building Camel SB :: Spring Boot 3.20.0                           [9/12]
[INFO] --------------------------------[ jar ]---------------------------------
[INFO] Downloading from central: https://repo.maven.apache.org/maven2/org/springframework/boot/spring-boot-starter/2.7.6/spring-boot-starter-2.7.6.pom
[INFO] Downloaded from central: https://repo.maven.apache.org/maven2/org/springframework/boot/spring-boot-starter/2.7.6/spring-boot-starter-2.7.6.pom (3.1 kB at 90 kB/s)
[INFO] Downloading from central: https://repo.maven.apache.org/maven2/org/springframework/boot/spring-boot-starter-logging/2.7.6/spring-boot-starter-logging-2.7.6.pom
[INFO] Downloaded from central: https://repo.maven.apache.org/maven2/org/springframework/boot/spring-boot-starter-logging/2.7.6/spring-boot-starter-logging-2.7.6.pom (2.5 kB at 78 kB/s)
[INFO] Downloading from central: https://repo.maven.apache.org/maven2/org/springframework/boot/spring-boot-configuration-processor/2.7.6/spring-boot-configuration-processor-2.7.6.pom
[INFO] Downloaded from central: https://repo.maven.apache.org/maven2/org/springframework/boot/spring-boot-configuration-processor/2.7.6/spring-boot-configuration-processor-2.7.6.pom (1.9 kB at 66 kB/s)
[INFO] Downloading from central: https://repo.maven.apache.org/maven2/org/springframework/boot/spring-boot-autoconfigure-processor/2.7.6/spring-boot-autoconfigure-processor-2.7.6.pom
[INFO] Downloaded from central: https://repo.maven.apache.org/maven2/org/springframework/boot/spring-boot-autoconfigure-processor/2.7.6/spring-boot-autoconfigure-processor-2.7.6.pom (1.9 kB at 8.8 kB/s)
[INFO] Downloading from central: https://repo.maven.apache.org/maven2/org/springframework/boot/spring-boot-starter-actuator/2.7.6/spring-boot-starter-actuator-2.7.6.pom
[INFO] Downloaded from central: https://repo.maven.apache.org/maven2/org/springframework/boot/spring-boot-starter-actuator/2.7.6/spring-boot-starter-actuator-2.7.6.pom (2.6 kB at 84 kB/s)
[INFO] Downloading from central: https://repo.maven.apache.org/maven2/org/springframework/boot/spring-boot-actuator-autoconfigure/2.7.6/spring-boot-actuator-autoconfigure-2.7.6.pom
[INFO] Downloaded from central: https://repo.maven.apache.org/maven2/org/springframework/boot/spring-boot-actuator-autoconfigure/2.7.6/spring-boot-actuator-autoconfigure-2.7.6.pom (2.9 kB at 86 kB/s)
[INFO] Downloading from central: https://repo.maven.apache.org/maven2/org/springframework/boot/spring-boot-actuator/2.7.6/spring-boot-actuator-2.7.6.pom
[INFO] Downloaded from central: https://repo.maven.apache.org/maven2/org/springframework/boot/spring-boot-actuator/2.7.6/spring-boot-actuator-2.7.6.pom (2.1 kB at 50 kB/s)
[INFO] Downloading from central: https://repo.maven.apache.org/maven2/io/micrometer/micrometer-core/1.9.6/micrometer-core-1.9.6.pom
[INFO] Downloaded from central: https://repo.maven.apache.org/maven2/io/micrometer/micrometer-core/1.9.6/micrometer-core-1.9.6.pom (8.6 kB at 276 kB/s)
[INFO] Downloading from central: https://repo.maven.apache.org/maven2/org/apache/camel/camel-spring/3.20.0/camel-spring-3.20.0.pom
[INFO] Downloaded from central: https://repo.maven.apache.org/maven2/org/apache/camel/camel-spring/3.20.0/camel-spring-3.20.0.pom (3.5 kB at 14 kB/s)
[INFO] Downloading from central: https://repo.maven.apache.org/maven2/org/apache/camel/components/3.20.0/components-3.20.0.pom
[INFO] Downloaded from central: https://repo.maven.apache.org/maven2/org/apache/camel/components/3.20.0/components-3.20.0.pom (7.6 kB at 223 kB/s)
[INFO] Downloading from central: https://repo.maven.apache.org/maven2/org/apache/camel/camel-core-engine/3.20.0/camel-core-engine-3.20.0.pom
[INFO] Downloaded from central: https://repo.maven.apache.org/maven2/org/apache/camel/camel-core-engine/3.20.0/camel-core-engine-3.20.0.pom (6.1 kB at 197 kB/s)
[INFO] Downloading from central: https://repo.maven.apache.org/maven2/org/apache/camel/core/3.20.0/core-3.20.0.pom
[INFO] Downloaded from central: https://repo.maven.apache.org/maven2/org/apache/camel/core/3.20.0/core-3.20.0.pom (6.3 kB at 184 kB/s)
[INFO] Downloading from central: https://repo.maven.apache.org/maven2/org/apache/camel/camel-api/3.20.0/camel-api-3.20.0.pom
[INFO] Downloaded from central: https://repo.maven.apache.org/maven2/org/apache/camel/camel-api/3.20.0/camel-api-3.20.0.pom (3.2 kB at 101 kB/s)
[INFO] Downloading from central: https://repo.maven.apache.org/maven2/org/apache/camel/camel-util/3.20.0/camel-util-3.20.0.pom
[INFO] Downloaded from central: https://repo.maven.apache.org/maven2/org/apache/camel/camel-util/3.20.0/camel-util-3.20.0.pom (2.3 kB at 22 kB/s)
[INFO] Downloading from central: https://repo.maven.apache.org/maven2/org/apache/camel/camel-base-engine/3.20.0/camel-base-engine-3.20.0.pom
[INFO] Downloaded from central: https://repo.maven.apache.org/maven2/org/apache/camel/camel-base-engine/3.20.0/camel-base-engine-3.20.0.pom (2.1 kB at 53 kB/s)
[INFO] Downloading from central: https://repo.maven.apache.org/maven2/org/apache/camel/camel-base/3.20.0/camel-base-3.20.0.pom
[INFO] Downloaded from central: https://repo.maven.apache.org/maven2/org/apache/camel/camel-base/3.20.0/camel-base-3.20.0.pom (2.7 kB at 81 kB/s)
[INFO] Downloading from central: https://repo.maven.apache.org/maven2/org/apache/camel/camel-management-api/3.20.0/camel-management-api-3.20.0.pom
[INFO] Downloaded from central: https://repo.maven.apache.org/maven2/org/apache/camel/camel-management-api/3.20.0/camel-management-api-3.20.0.pom (2.1 kB at 18 kB/s)
[INFO] Downloading from central: https://repo.maven.apache.org/maven2/org/apache/camel/camel-support/3.20.0/camel-support-3.20.0.pom
[INFO] Downloaded from central: https://repo.maven.apache.org/maven2/org/apache/camel/camel-support/3.20.0/camel-support-3.20.0.pom (2.5 kB at 65 kB/s)
[INFO] Downloading from central: https://repo.maven.apache.org/maven2/org/apache/camel/camel-core-reifier/3.20.0/camel-core-reifier-3.20.0.pom
[INFO] Downloaded from central: https://repo.maven.apache.org/maven2/org/apache/camel/camel-core-reifier/3.20.0/camel-core-reifier-3.20.0.pom (3.6 kB at 89 kB/s)
[INFO] Downloading from central: https://repo.maven.apache.org/maven2/org/apache/camel/camel-core-model/3.20.0/camel-core-model-3.20.0.pom
[INFO] Downloaded from central: https://repo.maven.apache.org/maven2/org/apache/camel/camel-core-model/3.20.0/camel-core-model-3.20.0.pom (3.8 kB at 117 kB/s)
[INFO] Downloading from central: https://repo.maven.apache.org/maven2/org/apache/camel/camel-core-processor/3.20.0/camel-core-processor-3.20.0.pom
[INFO] Downloaded from central: https://repo.maven.apache.org/maven2/org/apache/camel/camel-core-processor/3.20.0/camel-core-processor-3.20.0.pom (3.1 kB at 106 kB/s)
[INFO] Downloading from central: https://repo.maven.apache.org/maven2/org/springframework/spring-tx/5.3.24/spring-tx-5.3.24.pom
[INFO] Downloaded from central: https://repo.maven.apache.org/maven2/org/springframework/spring-tx/5.3.24/spring-tx-5.3.24.pom (2.2 kB at 76 kB/s)
[INFO] Downloading from central: https://repo.maven.apache.org/maven2/org/apache/camel/camel-spring-main/3.20.0/camel-spring-main-3.20.0.pom
[INFO] Downloaded from central: https://repo.maven.apache.org/maven2/org/apache/camel/camel-spring-main/3.20.0/camel-spring-main-3.20.0.pom (2.1 kB at 7.6 kB/s)
[INFO] Downloading from central: https://repo.maven.apache.org/maven2/org/apache/camel/camel-main/3.20.0/camel-main-3.20.0.pom
[INFO] Downloaded from central: https://repo.maven.apache.org/maven2/org/apache/camel/camel-main/3.20.0/camel-main-3.20.0.pom (5.4 kB at 19 kB/s)
[INFO] Downloading from central: https://repo.maven.apache.org/maven2/org/apache/camel/camel-core-languages/3.20.0/camel-core-languages-3.20.0.pom
[INFO] Downloaded from central: https://repo.maven.apache.org/maven2/org/apache/camel/camel-core-languages/3.20.0/camel-core-languages-3.20.0.pom (2.4 kB at 80 kB/s)
[INFO] Downloading from central: https://repo.maven.apache.org/maven2/org/apache/camel/camel-xml-jaxb-dsl/3.20.0/camel-xml-jaxb-dsl-3.20.0.pom
[INFO] Downloaded from central: https://repo.maven.apache.org/maven2/org/apache/camel/camel-xml-jaxb-dsl/3.20.0/camel-xml-jaxb-dsl-3.20.0.pom (2.2 kB at 8.7 kB/s)
[INFO] Downloading from central: https://repo.maven.apache.org/maven2/org/apache/camel/dsl/3.20.0/dsl-3.20.0.pom
[INFO] Downloaded from central: https://repo.maven.apache.org/maven2/org/apache/camel/dsl/3.20.0/dsl-3.20.0.pom (6.3 kB at 28 kB/s)
[INFO] Downloading from central: https://repo.maven.apache.org/maven2/org/apache/camel/camel-xml-jaxb/3.20.0/camel-xml-jaxb-3.20.0.pom
[INFO] Downloaded from central: https://repo.maven.apache.org/maven2/org/apache/camel/camel-xml-jaxb/3.20.0/camel-xml-jaxb-3.20.0.pom (3.6 kB at 118 kB/s)
[INFO] Downloading from central: https://repo.maven.apache.org/maven2/org/apache/camel/camel-xml-jaxp/3.20.0/camel-xml-jaxp-3.20.0.pom
[INFO] Downloaded from central: https://repo.maven.apache.org/maven2/org/apache/camel/camel-xml-jaxp/3.20.0/camel-xml-jaxp-3.20.0.pom (2.4 kB at 79 kB/s)
[INFO] Downloading from central: https://repo.maven.apache.org/maven2/org/apache/camel/camel-xml-io-util/3.20.0/camel-xml-io-util-3.20.0.pom
[INFO] Downloaded from central: https://repo.maven.apache.org/maven2/org/apache/camel/camel-xml-io-util/3.20.0/camel-xml-io-util-3.20.0.pom (1.7 kB at 60 kB/s)
[INFO] Downloading from central: https://repo.maven.apache.org/maven2/org/apache/camel/camel-dsl-support/3.20.0/camel-dsl-support-3.20.0.pom
[INFO] Downloaded from central: https://repo.maven.apache.org/maven2/org/apache/camel/camel-dsl-support/3.20.0/camel-dsl-support-3.20.0.pom (2.2 kB at 9.1 kB/s)
[INFO] Downloading from central: https://repo.maven.apache.org/maven2/org/apache/camel/camel-spring-xml/3.20.0/camel-spring-xml-3.20.0.pom
[INFO] Downloaded from central: https://repo.maven.apache.org/maven2/org/apache/camel/camel-spring-xml/3.20.0/camel-spring-xml-3.20.0.pom (21 kB at 66 kB/s)
[INFO] Downloading from central: https://repo.maven.apache.org/maven2/org/apache/camel/camel-core-xml/3.20.0/camel-core-xml-3.20.0.pom
[INFO] Downloaded from central: https://repo.maven.apache.org/maven2/org/apache/camel/camel-core-xml/3.20.0/camel-core-xml-3.20.0.pom (2.0 kB at 8.7 kB/s)
[INFO] Downloading from central: https://repo.maven.apache.org/maven2/org/apache/camel/camel-cloud/3.20.0/camel-cloud-3.20.0.pom
[INFO] Downloaded from central: https://repo.maven.apache.org/maven2/org/apache/camel/camel-cloud/3.20.0/camel-cloud-3.20.0.pom (1.9 kB at 9.6 kB/s)
[INFO] Downloading from central: https://repo.maven.apache.org/maven2/org/apache/camel/camel-cluster/3.20.0/camel-cluster-3.20.0.pom
[INFO] Downloaded from central: https://repo.maven.apache.org/maven2/org/apache/camel/camel-cluster/3.20.0/camel-cluster-3.20.0.pom (2.4 kB at 80 kB/s)
[INFO] Downloading from central: https://repo.maven.apache.org/maven2/org/apache/camel/camel-health/3.20.0/camel-health-3.20.0.pom
[INFO] Downloaded from central: https://repo.maven.apache.org/maven2/org/apache/camel/camel-health/3.20.0/camel-health-3.20.0.pom (2.2 kB at 71 kB/s)
[INFO] Downloading from central: https://repo.maven.apache.org/maven2/org/springframework/boot/spring-boot-starter-web/2.7.6/spring-boot-starter-web-2.7.6.pom
[INFO] Downloaded from central: https://repo.maven.apache.org/maven2/org/springframework/boot/spring-boot-starter-web/2.7.6/spring-boot-starter-web-2.7.6.pom (3.0 kB at 84 kB/s)
[INFO] Downloading from central: https://repo.maven.apache.org/maven2/org/springframework/boot/spring-boot-starter-json/2.7.6/spring-boot-starter-json-2.7.6.pom
[INFO] Downloaded from central: https://repo.maven.apache.org/maven2/org/springframework/boot/spring-boot-starter-json/2.7.6/spring-boot-starter-json-2.7.6.pom (3.1 kB at 107 kB/s)
[INFO] Downloading from central: https://repo.maven.apache.org/maven2/com/fasterxml/jackson/datatype/jackson-datatype-jdk8/2.13.4/jackson-datatype-jdk8-2.13.4.pom
[INFO] Downloaded from central: https://repo.maven.apache.org/maven2/com/fasterxml/jackson/datatype/jackson-datatype-jdk8/2.13.4/jackson-datatype-jdk8-2.13.4.pom (2.6 kB at 80 kB/s)
[INFO] Downloading from central: https://repo.maven.apache.org/maven2/com/fasterxml/jackson/module/jackson-module-parameter-names/2.13.4/jackson-module-parameter-names-2.13.4.pom
[INFO] Downloaded from central: https://repo.maven.apache.org/maven2/com/fasterxml/jackson/module/jackson-module-parameter-names/2.13.4/jackson-module-parameter-names-2.13.4.pom (4.4 kB at 132 kB/s)
[INFO] Downloading from central: https://repo.maven.apache.org/maven2/org/springframework/boot/spring-boot-starter-tomcat/2.7.6/spring-boot-starter-tomcat-2.7.6.pom
[INFO] Downloaded from central: https://repo.maven.apache.org/maven2/org/springframework/boot/spring-boot-starter-tomcat/2.7.6/spring-boot-starter-tomcat-2.7.6.pom (3.1 kB at 87 kB/s)
[INFO] Downloading from central: https://repo.maven.apache.org/maven2/org/apache/tomcat/embed/tomcat-embed-core/9.0.69/tomcat-embed-core-9.0.69.pom
[INFO] Downloaded from central: https://repo.maven.apache.org/maven2/org/apache/tomcat/embed/tomcat-embed-core/9.0.69/tomcat-embed-core-9.0.69.pom (1.7 kB at 39 kB/s)
[INFO] Downloading from central: https://repo.maven.apache.org/maven2/org/apache/tomcat/embed/tomcat-embed-el/9.0.69/tomcat-embed-el-9.0.69.pom
[INFO] Downloaded from central: https://repo.maven.apache.org/maven2/org/apache/tomcat/embed/tomcat-embed-el/9.0.69/tomcat-embed-el-9.0.69.pom (1.5 kB at 41 kB/s)
[INFO] Downloading from central: https://repo.maven.apache.org/maven2/org/apache/tomcat/embed/tomcat-embed-websocket/9.0.69/tomcat-embed-websocket-9.0.69.pom
[INFO] Downloaded from central: https://repo.maven.apache.org/maven2/org/apache/tomcat/embed/tomcat-embed-websocket/9.0.69/tomcat-embed-websocket-9.0.69.pom (1.7 kB at 50 kB/s)
[INFO] Downloading from central: https://repo.maven.apache.org/maven2/org/apache/camel/camel-test-spring-junit5/3.20.0/camel-test-spring-junit5-3.20.0.pom
[INFO] Downloaded from central: https://repo.maven.apache.org/maven2/org/apache/camel/camel-test-spring-junit5/3.20.0/camel-test-spring-junit5-3.20.0.pom (2.5 kB at 9.1 kB/s)
[INFO] Downloading from central: https://repo.maven.apache.org/maven2/org/apache/camel/camel-test-parent/3.20.0/camel-test-parent-3.20.0.pom
[INFO] Downloaded from central: https://repo.maven.apache.org/maven2/org/apache/camel/camel-test-parent/3.20.0/camel-test-parent-3.20.0.pom (1.7 kB at 7.5 kB/s)
[INFO] Downloading from central: https://repo.maven.apache.org/maven2/org/apache/camel/camel-test-junit5/3.20.0/camel-test-junit5-3.20.0.pom
[INFO] Downloaded from central: https://repo.maven.apache.org/maven2/org/apache/camel/camel-test-junit5/3.20.0/camel-test-junit5-3.20.0.pom (6.8 kB at 32 kB/s)
[INFO] Downloading from central: https://repo.maven.apache.org/maven2/org/apache/camel/camel-bean/3.20.0/camel-bean-3.20.0.pom
[INFO] Downloaded from central: https://repo.maven.apache.org/maven2/org/apache/camel/camel-bean/3.20.0/camel-bean-3.20.0.pom (1.9 kB at 52 kB/s)
[INFO] Downloading from central: https://repo.maven.apache.org/maven2/org/apache/camel/camel-browse/3.20.0/camel-browse-3.20.0.pom
[INFO] Downloaded from central: https://repo.maven.apache.org/maven2/org/apache/camel/camel-browse/3.20.0/camel-browse-3.20.0.pom (1.9 kB at 56 kB/s)
[INFO] Downloading from central: https://repo.maven.apache.org/maven2/org/apache/camel/camel-controlbus/3.20.0/camel-controlbus-3.20.0.pom
[INFO] Downloaded from central: https://repo.maven.apache.org/maven2/org/apache/camel/camel-controlbus/3.20.0/camel-controlbus-3.20.0.pom (1.9 kB at 47 kB/s)
[INFO] Downloading from central: https://repo.maven.apache.org/maven2/org/apache/camel/camel-dataformat/3.20.0/camel-dataformat-3.20.0.pom
[INFO] Downloaded from central: https://repo.maven.apache.org/maven2/org/apache/camel/camel-dataformat/3.20.0/camel-dataformat-3.20.0.pom (1.9 kB at 52 kB/s)
[INFO] Downloading from central: https://repo.maven.apache.org/maven2/org/apache/camel/camel-dataset/3.20.0/camel-dataset-3.20.0.pom
[INFO] Downloaded from central: https://repo.maven.apache.org/maven2/org/apache/camel/camel-dataset/3.20.0/camel-dataset-3.20.0.pom (1.9 kB at 64 kB/s)
[INFO] Downloading from central: https://repo.maven.apache.org/maven2/org/apache/camel/camel-mock/3.20.0/camel-mock-3.20.0.pom
[INFO] Downloaded from central: https://repo.maven.apache.org/maven2/org/apache/camel/camel-mock/3.20.0/camel-mock-3.20.0.pom (1.9 kB at 58 kB/s)
[INFO] Downloading from central: https://repo.maven.apache.org/maven2/org/apache/camel/camel-direct/3.20.0/camel-direct-3.20.0.pom
[INFO] Downloaded from central: https://repo.maven.apache.org/maven2/org/apache/camel/camel-direct/3.20.0/camel-direct-3.20.0.pom (1.9 kB at 55 kB/s)
[INFO] Downloading from central: https://repo.maven.apache.org/maven2/org/apache/camel/camel-directvm/3.20.0/camel-directvm-3.20.0.pom
[INFO] Downloaded from central: https://repo.maven.apache.org/maven2/org/apache/camel/camel-directvm/3.20.0/camel-directvm-3.20.0.pom (1.9 kB at 53 kB/s)
[INFO] Downloading from central: https://repo.maven.apache.org/maven2/org/apache/camel/camel-file/3.20.0/camel-file-3.20.0.pom
[INFO] Downloaded from central: https://repo.maven.apache.org/maven2/org/apache/camel/camel-file/3.20.0/camel-file-3.20.0.pom (2.0 kB at 66 kB/s)
[INFO] Downloading from central: https://repo.maven.apache.org/maven2/org/apache/camel/camel-language/3.20.0/camel-language-3.20.0.pom
[INFO] Downloaded from central: https://repo.maven.apache.org/maven2/org/apache/camel/camel-language/3.20.0/camel-language-3.20.0.pom (1.9 kB at 48 kB/s)
[INFO] Downloading from central: https://repo.maven.apache.org/maven2/org/apache/camel/camel-log/3.20.0/camel-log-3.20.0.pom
[INFO] Downloaded from central: https://repo.maven.apache.org/maven2/org/apache/camel/camel-log/3.20.0/camel-log-3.20.0.pom (1.9 kB at 46 kB/s)
[INFO] Downloading from central: https://repo.maven.apache.org/maven2/org/apache/camel/camel-ref/3.20.0/camel-ref-3.20.0.pom
[INFO] Downloaded from central: https://repo.maven.apache.org/maven2/org/apache/camel/camel-ref/3.20.0/camel-ref-3.20.0.pom (1.9 kB at 54 kB/s)
[INFO] Downloading from central: https://repo.maven.apache.org/maven2/org/apache/camel/camel-rest/3.20.0/camel-rest-3.20.0.pom
[INFO] Downloaded from central: https://repo.maven.apache.org/maven2/org/apache/camel/camel-rest/3.20.0/camel-rest-3.20.0.pom (2.0 kB at 51 kB/s)
[INFO] Downloading from central: https://repo.maven.apache.org/maven2/org/apache/camel/camel-saga/3.20.0/camel-saga-3.20.0.pom
[INFO] Downloaded from central: https://repo.maven.apache.org/maven2/org/apache/camel/camel-saga/3.20.0/camel-saga-3.20.0.pom (1.9 kB at 5.3 kB/s)
[INFO] Downloading from central: https://repo.maven.apache.org/maven2/org/apache/camel/camel-scheduler/3.20.0/camel-scheduler-3.20.0.pom
[INFO] Downloaded from central: https://repo.maven.apache.org/maven2/org/apache/camel/camel-scheduler/3.20.0/camel-scheduler-3.20.0.pom (1.9 kB at 55 kB/s)
[INFO] Downloading from central: https://repo.maven.apache.org/maven2/org/apache/camel/camel-seda/3.20.0/camel-seda-3.20.0.pom
[INFO] Downloaded from central: https://repo.maven.apache.org/maven2/org/apache/camel/camel-seda/3.20.0/camel-seda-3.20.0.pom (1.9 kB at 43 kB/s)
[INFO] Downloading from central: https://repo.maven.apache.org/maven2/org/apache/camel/camel-stub/3.20.0/camel-stub-3.20.0.pom
[INFO] Downloaded from central: https://repo.maven.apache.org/maven2/org/apache/camel/camel-stub/3.20.0/camel-stub-3.20.0.pom (1.8 kB at 50 kB/s)
[INFO] Downloading from central: https://repo.maven.apache.org/maven2/org/apache/camel/camel-vm/3.20.0/camel-vm-3.20.0.pom
[INFO] Downloaded from central: https://repo.maven.apache.org/maven2/org/apache/camel/camel-vm/3.20.0/camel-vm-3.20.0.pom (1.8 kB at 50 kB/s)
[INFO] Downloading from central: https://repo.maven.apache.org/maven2/org/apache/camel/camel-timer/3.20.0/camel-timer-3.20.0.pom
[INFO] Downloaded from central: https://repo.maven.apache.org/maven2/org/apache/camel/camel-timer/3.20.0/camel-timer-3.20.0.pom (1.9 kB at 60 kB/s)
[INFO] Downloading from central: https://repo.maven.apache.org/maven2/org/apache/camel/camel-validator/3.20.0/camel-validator-3.20.0.pom
[INFO] Downloaded from central: https://repo.maven.apache.org/maven2/org/apache/camel/camel-validator/3.20.0/camel-validator-3.20.0.pom (2.1 kB at 64 kB/s)
[INFO] Downloading from central: https://repo.maven.apache.org/maven2/org/apache/camel/camel-xpath/3.20.0/camel-xpath-3.20.0.pom
[INFO] Downloaded from central: https://repo.maven.apache.org/maven2/org/apache/camel/camel-xpath/3.20.0/camel-xpath-3.20.0.pom (2.0 kB at 70 kB/s)
[INFO] Downloading from central: https://repo.maven.apache.org/maven2/org/apache/camel/camel-xslt/3.20.0/camel-xslt-3.20.0.pom
[INFO] Downloaded from central: https://repo.maven.apache.org/maven2/org/apache/camel/camel-xslt/3.20.0/camel-xslt-3.20.0.pom (2.0 kB at 62 kB/s)
[INFO] Downloading from central: https://repo.maven.apache.org/maven2/org/apache/camel/camel-management/3.20.0/camel-management-3.20.0.pom
[INFO] Downloaded from central: https://repo.maven.apache.org/maven2/org/apache/camel/camel-management/3.20.0/camel-management-3.20.0.pom (3.1 kB at 11 kB/s)
[INFO] Downloading from central: https://repo.maven.apache.org/maven2/org/springframework/boot/spring-boot-starter-test/2.7.6/spring-boot-starter-test-2.7.6.pom
[INFO] Downloaded from central: https://repo.maven.apache.org/maven2/org/springframework/boot/spring-boot-starter-test/2.7.6/spring-boot-starter-test-2.7.6.pom (4.7 kB at 139 kB/s)
[INFO] Downloading from central: https://repo.maven.apache.org/maven2/org/springframework/boot/spring-boot-test/2.7.6/spring-boot-test-2.7.6.pom
[INFO] Downloaded from central: https://repo.maven.apache.org/maven2/org/springframework/boot/spring-boot-test/2.7.6/spring-boot-test-2.7.6.pom (2.1 kB at 66 kB/s)
[INFO] Downloading from central: https://repo.maven.apache.org/maven2/org/springframework/boot/spring-boot-test-autoconfigure/2.7.6/spring-boot-test-autoconfigure-2.7.6.pom
[INFO] Downloaded from central: https://repo.maven.apache.org/maven2/org/springframework/boot/spring-boot-test-autoconfigure/2.7.6/spring-boot-test-autoconfigure-2.7.6.pom (2.5 kB at 67 kB/s)
[INFO] Downloading from central: https://repo.maven.apache.org/maven2/org/apache/camel/camel-jetty/3.20.0/camel-jetty-3.20.0.pom
[INFO] Downloaded from central: https://repo.maven.apache.org/maven2/org/apache/camel/camel-jetty/3.20.0/camel-jetty-3.20.0.pom (4.0 kB at 12 kB/s)
[INFO] Downloading from central: https://repo.maven.apache.org/maven2/org/apache/camel/camel-http-common/3.20.0/camel-http-common-3.20.0.pom
[INFO] Downloaded from central: https://repo.maven.apache.org/maven2/org/apache/camel/camel-http-common/3.20.0/camel-http-common-3.20.0.pom (2.9 kB at 13 kB/s)
[INFO] Downloading from central: https://repo.maven.apache.org/maven2/org/apache/camel/camel-http-base/3.20.0/camel-http-base-3.20.0.pom
[INFO] Downloaded from central: https://repo.maven.apache.org/maven2/org/apache/camel/camel-http-base/3.20.0/camel-http-base-3.20.0.pom (1.9 kB at 7.7 kB/s)
[INFO] Downloading from central: https://repo.maven.apache.org/maven2/org/apache/camel/camel-attachments/3.20.0/camel-attachments-3.20.0.pom
[INFO] Downloaded from central: https://repo.maven.apache.org/maven2/org/apache/camel/camel-attachments/3.20.0/camel-attachments-3.20.0.pom (2.3 kB at 9.6 kB/s)
[INFO] Downloading from central: https://repo.maven.apache.org/maven2/org/apache/camel/camel-jetty-common/3.20.0/camel-jetty-common-3.20.0.pom
[INFO] Downloaded from central: https://repo.maven.apache.org/maven2/org/apache/camel/camel-jetty-common/3.20.0/camel-jetty-common-3.20.0.pom (4.0 kB at 13 kB/s)
[INFO] Downloading from central: https://repo.maven.apache.org/maven2/org/eclipse/jetty/jetty-server/9.4.50.v20221201/jetty-server-9.4.50.v20221201.pom
[INFO] Downloaded from central: https://repo.maven.apache.org/maven2/org/eclipse/jetty/jetty-server/9.4.50.v20221201/jetty-server-9.4.50.v20221201.pom (3.4 kB at 98 kB/s)
[INFO] Downloading from central: https://repo.maven.apache.org/maven2/org/eclipse/jetty/jetty-project/9.4.50.v20221201/jetty-project-9.4.50.v20221201.pom
[INFO] Downloaded from central: https://repo.maven.apache.org/maven2/org/eclipse/jetty/jetty-project/9.4.50.v20221201/jetty-project-9.4.50.v20221201.pom (72 kB at 1.8 MB/s)
[INFO] Downloading from central: https://repo.maven.apache.org/maven2/org/infinispan/infinispan-bom/11.0.16.Final/infinispan-bom-11.0.16.Final.pom
[INFO] Downloaded from central: https://repo.maven.apache.org/maven2/org/infinispan/infinispan-bom/11.0.16.Final/infinispan-bom-11.0.16.Final.pom (18 kB at 483 kB/s)
[INFO] Downloading from central: https://repo.maven.apache.org/maven2/org/infinispan/infinispan-build-configuration-parent/11.0.16.Final/infinispan-build-configuration-parent-11.0.16.Final.pom
[INFO] Downloaded from central: https://repo.maven.apache.org/maven2/org/infinispan/infinispan-build-configuration-parent/11.0.16.Final/infinispan-build-configuration-parent-11.0.16.Final.pom (16 kB at 518 kB/s)
[INFO] Downloading from central: https://repo.maven.apache.org/maven2/org/eclipse/jetty/jetty-http/9.4.50.v20221201/jetty-http-9.4.50.v20221201.pom
[INFO] Downloaded from central: https://repo.maven.apache.org/maven2/org/eclipse/jetty/jetty-http/9.4.50.v20221201/jetty-http-9.4.50.v20221201.pom (4.0 kB at 112 kB/s)
[INFO] Downloading from central: https://repo.maven.apache.org/maven2/org/eclipse/jetty/jetty-util/9.4.50.v20221201/jetty-util-9.4.50.v20221201.pom
[INFO] Downloaded from central: https://repo.maven.apache.org/maven2/org/eclipse/jetty/jetty-util/9.4.50.v20221201/jetty-util-9.4.50.v20221201.pom (4.0 kB at 112 kB/s)
[INFO] Downloading from central: https://repo.maven.apache.org/maven2/org/eclipse/jetty/jetty-io/9.4.50.v20221201/jetty-io-9.4.50.v20221201.pom
[INFO] Downloaded from central: https://repo.maven.apache.org/maven2/org/eclipse/jetty/jetty-io/9.4.50.v20221201/jetty-io-9.4.50.v20221201.pom (1.2 kB at 39 kB/s)
[INFO] Downloading from central: https://repo.maven.apache.org/maven2/org/eclipse/jetty/jetty-servlet/9.4.50.v20221201/jetty-servlet-9.4.50.v20221201.pom
[INFO] Downloaded from central: https://repo.maven.apache.org/maven2/org/eclipse/jetty/jetty-servlet/9.4.50.v20221201/jetty-servlet-9.4.50.v20221201.pom (2.3 kB at 48 kB/s)
[INFO] Downloading from central: https://repo.maven.apache.org/maven2/org/eclipse/jetty/jetty-security/9.4.50.v20221201/jetty-security-9.4.50.v20221201.pom
[INFO] Downloaded from central: https://repo.maven.apache.org/maven2/org/eclipse/jetty/jetty-security/9.4.50.v20221201/jetty-security-9.4.50.v20221201.pom (2.1 kB at 58 kB/s)
[INFO] Downloading from central: https://repo.maven.apache.org/maven2/org/eclipse/jetty/jetty-util-ajax/9.4.50.v20221201/jetty-util-ajax-9.4.50.v20221201.pom
[INFO] Downloaded from central: https://repo.maven.apache.org/maven2/org/eclipse/jetty/jetty-util-ajax/9.4.50.v20221201/jetty-util-ajax-9.4.50.v20221201.pom (1.3 kB at 37 kB/s)
[INFO] Downloading from central: https://repo.maven.apache.org/maven2/org/eclipse/jetty/jetty-servlets/9.4.50.v20221201/jetty-servlets-9.4.50.v20221201.pom
[INFO] Downloaded from central: https://repo.maven.apache.org/maven2/org/eclipse/jetty/jetty-servlets/9.4.50.v20221201/jetty-servlets-9.4.50.v20221201.pom (2.6 kB at 82 kB/s)
[INFO] Downloading from central: https://repo.maven.apache.org/maven2/org/eclipse/jetty/jetty-continuation/9.4.50.v20221201/jetty-continuation-9.4.50.v20221201.pom
[INFO] Downloaded from central: https://repo.maven.apache.org/maven2/org/eclipse/jetty/jetty-continuation/9.4.50.v20221201/jetty-continuation-9.4.50.v20221201.pom (952 B at 27 kB/s)
[INFO] Downloading from central: https://repo.maven.apache.org/maven2/org/eclipse/jetty/jetty-client/9.4.50.v20221201/jetty-client-9.4.50.v20221201.pom
[INFO] Downloaded from central: https://repo.maven.apache.org/maven2/org/eclipse/jetty/jetty-client/9.4.50.v20221201/jetty-client-9.4.50.v20221201.pom (5.1 kB at 159 kB/s)
[INFO] Downloading from central: https://repo.maven.apache.org/maven2/org/eclipse/jetty/jetty-jmx/9.4.50.v20221201/jetty-jmx-9.4.50.v20221201.pom
[INFO] Downloaded from central: https://repo.maven.apache.org/maven2/org/eclipse/jetty/jetty-jmx/9.4.50.v20221201/jetty-jmx-9.4.50.v20221201.pom (1.2 kB at 38 kB/s)
[INFO] Downloading from central: https://repo.maven.apache.org/maven2/org/apache/camel/camel-jackson/3.20.0/camel-jackson-3.20.0.pom
[INFO] Downloaded from central: https://repo.maven.apache.org/maven2/org/apache/camel/camel-jackson/3.20.0/camel-jackson-3.20.0.pom (2.2 kB at 19 kB/s)
[INFO] Downloading from central: https://repo.maven.apache.org/maven2/org/apache/camel/camel-http/3.20.0/camel-http-3.20.0.pom
[INFO] Downloaded from central: https://repo.maven.apache.org/maven2/org/apache/camel/camel-http/3.20.0/camel-http-3.20.0.pom (2.7 kB at 9.0 kB/s)
[INFO] Downloading from central: https://repo.maven.apache.org/maven2/org/springframework/boot/spring-boot-starter/2.7.6/spring-boot-starter-2.7.6.jar
[INFO] Downloading from central: https://repo.maven.apache.org/maven2/org/springframework/boot/spring-boot-starter-logging/2.7.6/spring-boot-starter-logging-2.7.6.jar
[INFO] Downloading from central: https://repo.maven.apache.org/maven2/org/springframework/boot/spring-boot-configuration-processor/2.7.6/spring-boot-configuration-processor-2.7.6.jar
[INFO] Downloading from central: https://repo.maven.apache.org/maven2/org/springframework/boot/spring-boot-autoconfigure-processor/2.7.6/spring-boot-autoconfigure-processor-2.7.6.jar
[INFO] Downloading from central: https://repo.maven.apache.org/maven2/org/springframework/boot/spring-boot-starter-actuator/2.7.6/spring-boot-starter-actuator-2.7.6.jar
[INFO] Downloaded from central: https://repo.maven.apache.org/maven2/org/springframework/boot/spring-boot-starter/2.7.6/spring-boot-starter-2.7.6.jar (4.8 kB at 154 kB/s)
[INFO] Downloading from central: https://repo.maven.apache.org/maven2/org/springframework/boot/spring-boot-actuator-autoconfigure/2.7.6/spring-boot-actuator-autoconfigure-2.7.6.jar
[INFO] Downloaded from central: https://repo.maven.apache.org/maven2/org/springframework/boot/spring-boot-starter-actuator/2.7.6/spring-boot-starter-actuator-2.7.6.jar (4.8 kB at 141 kB/s)
[INFO] Downloading from central: https://repo.maven.apache.org/maven2/org/springframework/boot/spring-boot-actuator/2.7.6/spring-boot-actuator-2.7.6.jar
[INFO] Downloaded from central: https://repo.maven.apache.org/maven2/org/springframework/boot/spring-boot-starter-logging/2.7.6/spring-boot-starter-logging-2.7.6.jar (4.8 kB at 136 kB/s)
[INFO] Downloading from central: https://repo.maven.apache.org/maven2/io/micrometer/micrometer-core/1.9.6/micrometer-core-1.9.6.jar
[INFO] Downloaded from central: https://repo.maven.apache.org/maven2/org/springframework/boot/spring-boot-configuration-processor/2.7.6/spring-boot-configuration-processor-2.7.6.jar (119 kB at 3.0 MB/s)
[INFO] Downloading from central: https://repo.maven.apache.org/maven2/org/apache/camel/camel-spring/3.20.0/camel-spring-3.20.0.jar
[INFO] Downloaded from central: https://repo.maven.apache.org/maven2/org/springframework/boot/spring-boot-actuator-autoconfigure/2.7.6/spring-boot-actuator-autoconfigure-2.7.6.jar (570 kB at 8.4 MB/s)
[INFO] Downloading from central: https://repo.maven.apache.org/maven2/org/apache/camel/camel-core-engine/3.20.0/camel-core-engine-3.20.0.jar
[INFO] Downloaded from central: https://repo.maven.apache.org/maven2/org/springframework/boot/spring-boot-actuator/2.7.6/spring-boot-actuator-2.7.6.jar (686 kB at 9.3 MB/s)
[INFO] Downloading from central: https://repo.maven.apache.org/maven2/org/apache/camel/camel-api/3.20.0/camel-api-3.20.0.jar
[INFO] Downloaded from central: https://repo.maven.apache.org/maven2/org/apache/camel/camel-api/3.20.0/camel-api-3.20.0.jar (555 kB at 4.3 MB/s)
[INFO] Downloading from central: https://repo.maven.apache.org/maven2/org/apache/camel/camel-core-reifier/3.20.0/camel-core-reifier-3.20.0.jar
[INFO] Downloaded from central: https://repo.maven.apache.org/maven2/org/apache/camel/camel-core-reifier/3.20.0/camel-core-reifier-3.20.0.jar (270 kB at 1.5 MB/s)
[INFO] Downloading from central: https://repo.maven.apache.org/maven2/org/apache/camel/camel-util/3.20.0/camel-util-3.20.0.jar
[INFO] Downloaded from central: https://repo.maven.apache.org/maven2/org/apache/camel/camel-util/3.20.0/camel-util-3.20.0.jar (191 kB at 814 kB/s)
[INFO] Downloading from central: https://repo.maven.apache.org/maven2/org/apache/camel/camel-management-api/3.20.0/camel-management-api-3.20.0.jar
[INFO] Downloaded from central: https://repo.maven.apache.org/maven2/org/apache/camel/camel-spring/3.20.0/camel-spring-3.20.0.jar (96 kB at 407 kB/s)
[INFO] Downloading from central: https://repo.maven.apache.org/maven2/org/springframework/spring-tx/5.3.24/spring-tx-5.3.24.jar
[INFO] Downloaded from central: https://repo.maven.apache.org/maven2/io/micrometer/micrometer-core/1.9.6/micrometer-core-1.9.6.jar (659 kB at 2.6 MB/s)
[INFO] Downloading from central: https://repo.maven.apache.org/maven2/org/apache/camel/camel-spring-main/3.20.0/camel-spring-main-3.20.0.jar
[INFO] Downloaded from central: https://repo.maven.apache.org/maven2/org/apache/camel/camel-core-engine/3.20.0/camel-core-engine-3.20.0.jar (118 kB at 461 kB/s)
[INFO] Downloading from central: https://repo.maven.apache.org/maven2/org/apache/camel/camel-main/3.20.0/camel-main-3.20.0.jar
[INFO] Downloaded from central: https://repo.maven.apache.org/maven2/org/springframework/boot/spring-boot-autoconfigure-processor/2.7.6/spring-boot-autoconfigure-processor-2.7.6.jar (21 kB at 79 kB/s)
[INFO] Downloading from central: https://repo.maven.apache.org/maven2/org/apache/camel/camel-base/3.20.0/camel-base-3.20.0.jar
[INFO] Downloaded from central: https://repo.maven.apache.org/maven2/org/apache/camel/camel-management-api/3.20.0/camel-management-api-3.20.0.jar (130 kB at 475 kB/s)
[INFO] Downloading from central: https://repo.maven.apache.org/maven2/org/apache/camel/camel-core-languages/3.20.0/camel-core-languages-3.20.0.jar
[INFO] Downloaded from central: https://repo.maven.apache.org/maven2/org/springframework/spring-tx/5.3.24/spring-tx-5.3.24.jar (333 kB at 1.2 MB/s)
[INFO] Downloading from central: https://repo.maven.apache.org/maven2/org/apache/camel/camel-xml-jaxb-dsl/3.20.0/camel-xml-jaxb-dsl-3.20.0.jar
[INFO] Downloaded from central: https://repo.maven.apache.org/maven2/org/apache/camel/camel-base/3.20.0/camel-base-3.20.0.jar (188 kB at 610 kB/s)
[INFO] Downloading from central: https://repo.maven.apache.org/maven2/org/apache/camel/camel-xml-jaxb/3.20.0/camel-xml-jaxb-3.20.0.jar
[INFO] Downloaded from central: https://repo.maven.apache.org/maven2/org/apache/camel/camel-core-languages/3.20.0/camel-core-languages-3.20.0.jar (204 kB at 648 kB/s)
[INFO] Downloading from central: https://repo.maven.apache.org/maven2/org/apache/camel/camel-dsl-support/3.20.0/camel-dsl-support-3.20.0.jar
[INFO] Downloaded from central: https://repo.maven.apache.org/maven2/org/apache/camel/camel-xml-jaxb/3.20.0/camel-xml-jaxb-3.20.0.jar (26 kB at 76 kB/s)
[INFO] Downloading from central: https://repo.maven.apache.org/maven2/org/apache/camel/camel-spring-xml/3.20.0/camel-spring-xml-3.20.0.jar
[INFO] Downloaded from central: https://repo.maven.apache.org/maven2/org/apache/camel/camel-spring-main/3.20.0/camel-spring-main-3.20.0.jar (17 kB at 37 kB/s)
[INFO] Downloading from central: https://repo.maven.apache.org/maven2/org/apache/camel/camel-xml-jaxp/3.20.0/camel-xml-jaxp-3.20.0.jar
[INFO] Downloaded from central: https://repo.maven.apache.org/maven2/org/apache/camel/camel-main/3.20.0/camel-main-3.20.0.jar (265 kB at 553 kB/s)
[INFO] Downloading from central: https://repo.maven.apache.org/maven2/org/apache/camel/camel-xml-io-util/3.20.0/camel-xml-io-util-3.20.0.jar
[INFO] Downloaded from central: https://repo.maven.apache.org/maven2/org/apache/camel/camel-xml-io-util/3.20.0/camel-xml-io-util-3.20.0.jar (18 kB at 36 kB/s)
[INFO] Downloading from central: https://repo.maven.apache.org/maven2/org/apache/camel/camel-core-xml/3.20.0/camel-core-xml-3.20.0.jar
[INFO] Downloaded from central: https://repo.maven.apache.org/maven2/org/apache/camel/camel-spring-xml/3.20.0/camel-spring-xml-3.20.0.jar (273 kB at 473 kB/s)
[INFO] Downloading from central: https://repo.maven.apache.org/maven2/org/apache/camel/camel-cloud/3.20.0/camel-cloud-3.20.0.jar
[INFO] Downloaded from central: https://repo.maven.apache.org/maven2/org/apache/camel/camel-xml-jaxb-dsl/3.20.0/camel-xml-jaxb-dsl-3.20.0.jar (14 kB at 24 kB/s)
[INFO] Downloading from central: https://repo.maven.apache.org/maven2/org/apache/camel/camel-core-model/3.20.0/camel-core-model-3.20.0.jar
[INFO] Downloaded from central: https://repo.maven.apache.org/maven2/org/apache/camel/camel-dsl-support/3.20.0/camel-dsl-support-3.20.0.jar (15 kB at 24 kB/s)
[INFO] Downloading from central: https://repo.maven.apache.org/maven2/org/apache/camel/camel-core-processor/3.20.0/camel-core-processor-3.20.0.jar
[INFO] Downloaded from central: https://repo.maven.apache.org/maven2/org/apache/camel/camel-core-model/3.20.0/camel-core-model-3.20.0.jar (1.2 MB at 1.8 MB/s)
[INFO] Downloading from central: https://repo.maven.apache.org/maven2/org/apache/camel/camel-cluster/3.20.0/camel-cluster-3.20.0.jar
[INFO] Downloaded from central: https://repo.maven.apache.org/maven2/org/apache/camel/camel-core-processor/3.20.0/camel-core-processor-3.20.0.jar (469 kB at 724 kB/s)
[INFO] Downloading from central: https://repo.maven.apache.org/maven2/org/apache/camel/camel-base-engine/3.20.0/camel-base-engine-3.20.0.jar
[INFO] Downloaded from central: https://repo.maven.apache.org/maven2/org/apache/camel/camel-cluster/3.20.0/camel-cluster-3.20.0.jar (31 kB at 45 kB/s)
[INFO] Downloaded from central: https://repo.maven.apache.org/maven2/org/apache/camel/camel-base-engine/3.20.0/camel-base-engine-3.20.0.jar (503 kB at 736 kB/s)
[INFO] Downloading from central: https://repo.maven.apache.org/maven2/org/apache/camel/camel-health/3.20.0/camel-health-3.20.0.jar
[INFO] Downloading from central: https://repo.maven.apache.org/maven2/org/springframework/boot/spring-boot-starter-web/2.7.6/spring-boot-starter-web-2.7.6.jar
[INFO] Downloaded from central: https://repo.maven.apache.org/maven2/org/apache/camel/camel-xml-jaxp/3.20.0/camel-xml-jaxp-3.20.0.jar (98 kB at 142 kB/s)
[INFO] Downloading from central: https://repo.maven.apache.org/maven2/org/springframework/boot/spring-boot-starter-json/2.7.6/spring-boot-starter-json-2.7.6.jar
[INFO] Downloaded from central: https://repo.maven.apache.org/maven2/org/apache/camel/camel-health/3.20.0/camel-health-3.20.0.jar (36 kB at 51 kB/s)
[INFO] Downloading from central: https://repo.maven.apache.org/maven2/com/fasterxml/jackson/datatype/jackson-datatype-jdk8/2.13.4/jackson-datatype-jdk8-2.13.4.jar
[INFO] Downloaded from central: https://repo.maven.apache.org/maven2/org/springframework/boot/spring-boot-starter-web/2.7.6/spring-boot-starter-web-2.7.6.jar (4.8 kB at 6.7 kB/s)
[INFO] Downloading from central: https://repo.maven.apache.org/maven2/com/fasterxml/jackson/module/jackson-module-parameter-names/2.13.4/jackson-module-parameter-names-2.13.4.jar
[INFO] Downloaded from central: https://repo.maven.apache.org/maven2/org/springframework/boot/spring-boot-starter-json/2.7.6/spring-boot-starter-json-2.7.6.jar (4.7 kB at 6.6 kB/s)
[INFO] Downloading from central: https://repo.maven.apache.org/maven2/org/springframework/boot/spring-boot-starter-tomcat/2.7.6/spring-boot-starter-tomcat-2.7.6.jar
[INFO] Downloaded from central: https://repo.maven.apache.org/maven2/com/fasterxml/jackson/datatype/jackson-datatype-jdk8/2.13.4/jackson-datatype-jdk8-2.13.4.jar (35 kB at 47 kB/s)
[INFO] Downloading from central: https://repo.maven.apache.org/maven2/org/apache/tomcat/embed/tomcat-embed-core/9.0.69/tomcat-embed-core-9.0.69.jar
[INFO] Downloaded from central: https://repo.maven.apache.org/maven2/com/fasterxml/jackson/module/jackson-module-parameter-names/2.13.4/jackson-module-parameter-names-2.13.4.jar (9.5 kB at 13 kB/s)
[INFO] Downloading from central: https://repo.maven.apache.org/maven2/org/apache/tomcat/embed/tomcat-embed-el/9.0.69/tomcat-embed-el-9.0.69.jar
[INFO] Downloaded from central: https://repo.maven.apache.org/maven2/org/springframework/boot/spring-boot-starter-tomcat/2.7.6/spring-boot-starter-tomcat-2.7.6.jar (4.8 kB at 6.3 kB/s)
[INFO] Downloading from central: https://repo.maven.apache.org/maven2/org/apache/tomcat/embed/tomcat-embed-websocket/9.0.69/tomcat-embed-websocket-9.0.69.jar
[INFO] Downloaded from central: https://repo.maven.apache.org/maven2/org/apache/tomcat/embed/tomcat-embed-el/9.0.69/tomcat-embed-el-9.0.69.jar (256 kB at 324 kB/s)
[INFO] Downloading from central: https://repo.maven.apache.org/maven2/org/apache/camel/camel-test-spring-junit5/3.20.0/camel-test-spring-junit5-3.20.0.jar
[INFO] Downloaded from central: https://repo.maven.apache.org/maven2/org/apache/camel/camel-core-xml/3.20.0/camel-core-xml-3.20.0.jar (99 kB at 124 kB/s)
[INFO] Downloading from central: https://repo.maven.apache.org/maven2/org/apache/camel/camel-test-junit5/3.20.0/camel-test-junit5-3.20.0.jar
[INFO] Downloaded from central: https://repo.maven.apache.org/maven2/org/apache/tomcat/embed/tomcat-embed-websocket/9.0.69/tomcat-embed-websocket-9.0.69.jar (279 kB at 345 kB/s)
[INFO] Downloading from central: https://repo.maven.apache.org/maven2/org/apache/camel/camel-browse/3.20.0/camel-browse-3.20.0.jar
[INFO] Downloaded from central: https://repo.maven.apache.org/maven2/org/apache/tomcat/embed/tomcat-embed-core/9.0.69/tomcat-embed-core-9.0.69.jar (3.4 MB at 4.2 MB/s)
[INFO] Downloading from central: https://repo.maven.apache.org/maven2/org/apache/camel/camel-controlbus/3.20.0/camel-controlbus-3.20.0.jar
[INFO] Downloaded from central: https://repo.maven.apache.org/maven2/org/apache/camel/camel-cloud/3.20.0/camel-cloud-3.20.0.jar (84 kB at 101 kB/s)
[INFO] Downloading from central: https://repo.maven.apache.org/maven2/org/apache/camel/camel-dataformat/3.20.0/camel-dataformat-3.20.0.jar
[INFO] Downloaded from central: https://repo.maven.apache.org/maven2/org/apache/camel/camel-browse/3.20.0/camel-browse-3.20.0.jar (22 kB at 26 kB/s)
[INFO] Downloading from central: https://repo.maven.apache.org/maven2/org/apache/camel/camel-dataset/3.20.0/camel-dataset-3.20.0.jar
[INFO] Downloaded from central: https://repo.maven.apache.org/maven2/org/apache/camel/camel-dataformat/3.20.0/camel-dataformat-3.20.0.jar (23 kB at 26 kB/s)
[INFO] Downloading from central: https://repo.maven.apache.org/maven2/org/apache/camel/camel-direct/3.20.0/camel-direct-3.20.0.jar
[INFO] Downloaded from central: https://repo.maven.apache.org/maven2/org/apache/camel/camel-controlbus/3.20.0/camel-controlbus-3.20.0.jar (30 kB at 35 kB/s)
[INFO] Downloading from central: https://repo.maven.apache.org/maven2/org/apache/camel/camel-directvm/3.20.0/camel-directvm-3.20.0.jar
[INFO] Downloaded from central: https://repo.maven.apache.org/maven2/org/apache/camel/camel-direct/3.20.0/camel-direct-3.20.0.jar (28 kB at 31 kB/s)
[INFO] Downloading from central: https://repo.maven.apache.org/maven2/org/apache/camel/camel-language/3.20.0/camel-language-3.20.0.jar
[INFO] Downloaded from central: https://repo.maven.apache.org/maven2/org/apache/camel/camel-directvm/3.20.0/camel-directvm-3.20.0.jar (38 kB at 41 kB/s)
[INFO] Downloading from central: https://repo.maven.apache.org/maven2/org/apache/camel/camel-mock/3.20.0/camel-mock-3.20.0.jar
[INFO] Downloaded from central: https://repo.maven.apache.org/maven2/org/apache/camel/camel-language/3.20.0/camel-language-3.20.0.jar (28 kB at 30 kB/s)
[INFO] Downloading from central: https://repo.maven.apache.org/maven2/org/apache/camel/camel-ref/3.20.0/camel-ref-3.20.0.jar
[INFO] Downloaded from central: https://repo.maven.apache.org/maven2/org/apache/camel/camel-mock/3.20.0/camel-mock-3.20.0.jar (105 kB at 109 kB/s)
[INFO] Downloading from central: https://repo.maven.apache.org/maven2/org/apache/camel/camel-rest/3.20.0/camel-rest-3.20.0.jar
[INFO] Downloaded from central: https://repo.maven.apache.org/maven2/org/apache/camel/camel-ref/3.20.0/camel-ref-3.20.0.jar (20 kB at 21 kB/s)
[INFO] Downloading from central: https://repo.maven.apache.org/maven2/org/apache/camel/camel-saga/3.20.0/camel-saga-3.20.0.jar
[INFO] Downloaded from central: https://repo.maven.apache.org/maven2/org/apache/camel/camel-rest/3.20.0/camel-rest-3.20.0.jar (74 kB at 74 kB/s)
[INFO] Downloading from central: https://repo.maven.apache.org/maven2/org/apache/camel/camel-scheduler/3.20.0/camel-scheduler-3.20.0.jar
[INFO] Downloaded from central: https://repo.maven.apache.org/maven2/org/apache/camel/camel-test-junit5/3.20.0/camel-test-junit5-3.20.0.jar (63 kB at 63 kB/s)
[INFO] Downloading from central: https://repo.maven.apache.org/maven2/org/apache/camel/camel-seda/3.20.0/camel-seda-3.20.0.jar
[INFO] Downloaded from central: https://repo.maven.apache.org/maven2/org/apache/camel/camel-saga/3.20.0/camel-saga-3.20.0.jar (24 kB at 24 kB/s)
[INFO] Downloading from central: https://repo.maven.apache.org/maven2/org/apache/camel/camel-stub/3.20.0/camel-stub-3.20.0.jar
[INFO] Downloaded from central: https://repo.maven.apache.org/maven2/org/apache/camel/camel-scheduler/3.20.0/camel-scheduler-3.20.0.jar (31 kB at 30 kB/s)
[INFO] Downloading from central: https://repo.maven.apache.org/maven2/org/apache/camel/camel-timer/3.20.0/camel-timer-3.20.0.jar
[INFO] Downloaded from central: https://repo.maven.apache.org/maven2/org/apache/camel/camel-seda/3.20.0/camel-seda-3.20.0.jar (56 kB at 54 kB/s)
[INFO] Downloading from central: https://repo.maven.apache.org/maven2/org/apache/camel/camel-validator/3.20.0/camel-validator-3.20.0.jar
[INFO] Downloaded from central: https://repo.maven.apache.org/maven2/org/apache/camel/camel-stub/3.20.0/camel-stub-3.20.0.jar (24 kB at 23 kB/s)
[INFO] Downloading from central: https://repo.maven.apache.org/maven2/org/apache/camel/camel-vm/3.20.0/camel-vm-3.20.0.jar
[INFO] Downloaded from central: https://repo.maven.apache.org/maven2/org/apache/camel/camel-dataset/3.20.0/camel-dataset-3.20.0.jar (51 kB at 48 kB/s)
[INFO] Downloading from central: https://repo.maven.apache.org/maven2/org/apache/camel/camel-xpath/3.20.0/camel-xpath-3.20.0.jar
[INFO] Downloaded from central: https://repo.maven.apache.org/maven2/org/apache/camel/camel-timer/3.20.0/camel-timer-3.20.0.jar (33 kB at 31 kB/s)
[INFO] Downloading from central: https://repo.maven.apache.org/maven2/org/apache/camel/camel-xslt/3.20.0/camel-xslt-3.20.0.jar
[INFO] Downloaded from central: https://repo.maven.apache.org/maven2/org/apache/camel/camel-test-spring-junit5/3.20.0/camel-test-spring-junit5-3.20.0.jar (59 kB at 55 kB/s)
[INFO] Downloading from central: https://repo.maven.apache.org/maven2/org/apache/camel/camel-management/3.20.0/camel-management-3.20.0.jar
[INFO] Downloaded from central: https://repo.maven.apache.org/maven2/org/apache/camel/camel-validator/3.20.0/camel-validator-3.20.0.jar (32 kB at 30 kB/s)
[INFO] Downloading from central: https://repo.maven.apache.org/maven2/org/apache/camel/camel-bean/3.20.0/camel-bean-3.20.0.jar
[INFO] Downloaded from central: https://repo.maven.apache.org/maven2/org/apache/camel/camel-vm/3.20.0/camel-vm-3.20.0.jar (21 kB at 19 kB/s)
[INFO] Downloading from central: https://repo.maven.apache.org/maven2/org/apache/camel/camel-log/3.20.0/camel-log-3.20.0.jar
[INFO] Downloaded from central: https://repo.maven.apache.org/maven2/org/apache/camel/camel-xpath/3.20.0/camel-xpath-3.20.0.jar (48 kB at 44 kB/s)
[INFO] Downloading from central: https://repo.maven.apache.org/maven2/org/springframework/boot/spring-boot-starter-test/2.7.6/spring-boot-starter-test-2.7.6.jar
[INFO] Downloaded from central: https://repo.maven.apache.org/maven2/org/apache/camel/camel-log/3.20.0/camel-log-3.20.0.jar (37 kB at 33 kB/s)
[INFO] Downloading from central: https://repo.maven.apache.org/maven2/org/springframework/boot/spring-boot-test/2.7.6/spring-boot-test-2.7.6.jar
[INFO] Downloaded from central: https://repo.maven.apache.org/maven2/org/springframework/boot/spring-boot-starter-test/2.7.6/spring-boot-starter-test-2.7.6.jar (4.8 kB at 4.2 kB/s)
[INFO] Downloading from central: https://repo.maven.apache.org/maven2/org/springframework/boot/spring-boot-test-autoconfigure/2.7.6/spring-boot-test-autoconfigure-2.7.6.jar
[INFO] Downloaded from central: https://repo.maven.apache.org/maven2/org/apache/camel/camel-bean/3.20.0/camel-bean-3.20.0.jar (147 kB at 128 kB/s)
[INFO] Downloading from central: https://repo.maven.apache.org/maven2/org/apache/camel/camel-jetty/3.20.0/camel-jetty-3.20.0.jar
[INFO] Downloaded from central: https://repo.maven.apache.org/maven2/org/springframework/boot/spring-boot-test/2.7.6/spring-boot-test-2.7.6.jar (238 kB at 202 kB/s)
[INFO] Downloading from central: https://repo.maven.apache.org/maven2/org/apache/camel/camel-support/3.20.0/camel-support-3.20.0.jar
[INFO] Downloaded from central: https://repo.maven.apache.org/maven2/org/springframework/boot/spring-boot-test-autoconfigure/2.7.6/spring-boot-test-autoconfigure-2.7.6.jar (216 kB at 182 kB/s)
[INFO] Downloading from central: https://repo.maven.apache.org/maven2/org/apache/camel/camel-http-common/3.20.0/camel-http-common-3.20.0.jar
[INFO] Downloaded from central: https://repo.maven.apache.org/maven2/org/apache/camel/camel-support/3.20.0/camel-support-3.20.0.jar (830 kB at 670 kB/s)
[INFO] Downloading from central: https://repo.maven.apache.org/maven2/org/apache/camel/camel-http-base/3.20.0/camel-http-base-3.20.0.jar
[INFO] Downloaded from central: https://repo.maven.apache.org/maven2/org/apache/camel/camel-xslt/3.20.0/camel-xslt-3.20.0.jar (59 kB at 45 kB/s)
[INFO] Downloading from central: https://repo.maven.apache.org/maven2/org/apache/camel/camel-attachments/3.20.0/camel-attachments-3.20.0.jar
[INFO] Downloaded from central: https://repo.maven.apache.org/maven2/org/apache/camel/camel-http-common/3.20.0/camel-http-common-3.20.0.jar (78 kB at 55 kB/s)
[INFO] Downloading from central: https://repo.maven.apache.org/maven2/org/apache/camel/camel-jetty-common/3.20.0/camel-jetty-common-3.20.0.jar
[INFO] Downloaded from central: https://repo.maven.apache.org/maven2/org/apache/camel/camel-jetty/3.20.0/camel-jetty-3.20.0.jar (52 kB at 37 kB/s)
[INFO] Downloading from central: https://repo.maven.apache.org/maven2/org/eclipse/jetty/jetty-server/9.4.50.v20221201/jetty-server-9.4.50.v20221201.jar
[INFO] Downloaded from central: https://repo.maven.apache.org/maven2/org/apache/camel/camel-http-base/3.20.0/camel-http-base-3.20.0.jar (24 kB at 16 kB/s)
[INFO] Downloading from central: https://repo.maven.apache.org/maven2/org/eclipse/jetty/jetty-http/9.4.50.v20221201/jetty-http-9.4.50.v20221201.jar
[INFO] Downloaded from central: https://repo.maven.apache.org/maven2/org/apache/camel/camel-attachments/3.20.0/camel-attachments-3.20.0.jar (21 kB at 14 kB/s)
[INFO] Downloading from central: https://repo.maven.apache.org/maven2/org/eclipse/jetty/jetty-io/9.4.50.v20221201/jetty-io-9.4.50.v20221201.jar
[INFO] Downloaded from central: https://repo.maven.apache.org/maven2/org/eclipse/jetty/jetty-server/9.4.50.v20221201/jetty-server-9.4.50.v20221201.jar (736 kB at 494 kB/s)
[INFO] Downloading from central: https://repo.maven.apache.org/maven2/org/eclipse/jetty/jetty-servlet/9.4.50.v20221201/jetty-servlet-9.4.50.v20221201.jar
[INFO] Downloaded from central: https://repo.maven.apache.org/maven2/org/eclipse/jetty/jetty-http/9.4.50.v20221201/jetty-http-9.4.50.v20221201.jar (235 kB at 157 kB/s)
[INFO] Downloading from central: https://repo.maven.apache.org/maven2/org/eclipse/jetty/jetty-util-ajax/9.4.50.v20221201/jetty-util-ajax-9.4.50.v20221201.jar
[INFO] Downloaded from central: https://repo.maven.apache.org/maven2/org/eclipse/jetty/jetty-io/9.4.50.v20221201/jetty-io-9.4.50.v20221201.jar (183 kB at 120 kB/s)
[INFO] Downloading from central: https://repo.maven.apache.org/maven2/org/eclipse/jetty/jetty-security/9.4.50.v20221201/jetty-security-9.4.50.v20221201.jar
[INFO] Downloaded from central: https://repo.maven.apache.org/maven2/org/eclipse/jetty/jetty-servlet/9.4.50.v20221201/jetty-servlet-9.4.50.v20221201.jar (146 kB at 96 kB/s)
[INFO] Downloading from central: https://repo.maven.apache.org/maven2/org/eclipse/jetty/jetty-servlets/9.4.50.v20221201/jetty-servlets-9.4.50.v20221201.jar
[INFO] Downloaded from central: https://repo.maven.apache.org/maven2/org/eclipse/jetty/jetty-util-ajax/9.4.50.v20221201/jetty-util-ajax-9.4.50.v20221201.jar (67 kB at 44 kB/s)
[INFO] Downloading from central: https://repo.maven.apache.org/maven2/org/eclipse/jetty/jetty-continuation/9.4.50.v20221201/jetty-continuation-9.4.50.v20221201.jar
[INFO] Downloaded from central: https://repo.maven.apache.org/maven2/org/eclipse/jetty/jetty-security/9.4.50.v20221201/jetty-security-9.4.50.v20221201.jar (119 kB at 77 kB/s)
[INFO] Downloading from central: https://repo.maven.apache.org/maven2/org/eclipse/jetty/jetty-client/9.4.50.v20221201/jetty-client-9.4.50.v20221201.jar
[INFO] Downloaded from central: https://repo.maven.apache.org/maven2/org/eclipse/jetty/jetty-servlets/9.4.50.v20221201/jetty-servlets-9.4.50.v20221201.jar (108 kB at 69 kB/s)
[INFO] Downloading from central: https://repo.maven.apache.org/maven2/org/eclipse/jetty/jetty-jmx/9.4.50.v20221201/jetty-jmx-9.4.50.v20221201.jar
[INFO] Downloaded from central: https://repo.maven.apache.org/maven2/org/eclipse/jetty/jetty-continuation/9.4.50.v20221201/jetty-continuation-9.4.50.v20221201.jar (25 kB at 16 kB/s)
[INFO] Downloading from central: https://repo.maven.apache.org/maven2/org/eclipse/jetty/jetty-util/9.4.50.v20221201/jetty-util-9.4.50.v20221201.jar
[INFO] Downloaded from central: https://repo.maven.apache.org/maven2/org/eclipse/jetty/jetty-client/9.4.50.v20221201/jetty-client-9.4.50.v20221201.jar (328 kB at 207 kB/s)
[INFO] Downloading from central: https://repo.maven.apache.org/maven2/org/apache/camel/camel-jackson/3.20.0/camel-jackson-3.20.0.jar
[INFO] Downloaded from central: https://repo.maven.apache.org/maven2/org/eclipse/jetty/jetty-jmx/9.4.50.v20221201/jetty-jmx-9.4.50.v20221201.jar (42 kB at 27 kB/s)
[INFO] Downloading from central: https://repo.maven.apache.org/maven2/org/apache/camel/camel-http/3.20.0/camel-http-3.20.0.jar
[INFO] Downloaded from central: https://repo.maven.apache.org/maven2/org/apache/camel/camel-management/3.20.0/camel-management-3.20.0.jar (274 kB at 171 kB/s)
[INFO] Downloading from central: https://repo.maven.apache.org/maven2/org/apache/camel/camel-file/3.20.0/camel-file-3.20.0.jar
[INFO] Downloaded from central: https://repo.maven.apache.org/maven2/org/eclipse/jetty/jetty-util/9.4.50.v20221201/jetty-util-9.4.50.v20221201.jar (583 kB at 363 kB/s)
[INFO] Downloaded from central: https://repo.maven.apache.org/maven2/org/apache/camel/camel-file/3.20.0/camel-file-3.20.0.jar (230 kB at 140 kB/s)
[INFO] Downloaded from central: https://repo.maven.apache.org/maven2/org/apache/camel/camel-jackson/3.20.0/camel-jackson-3.20.0.jar (37 kB at 22 kB/s)
[INFO] Downloaded from central: https://repo.maven.apache.org/maven2/org/apache/camel/camel-jetty-common/3.20.0/camel-jetty-common-3.20.0.jar (60 kB at 36 kB/s)
[INFO] Downloaded from central: https://repo.maven.apache.org/maven2/org/apache/camel/camel-http/3.20.0/camel-http-3.20.0.jar (121 kB at 64 kB/s)
[INFO] 
[INFO] --- maven-clean-plugin:3.1.0:clean (default-clean) @ camel-spring-boot ---
[INFO] 
[INFO] --- maven-enforcer-plugin:3.0.0:enforce (enforce-maven-version) @ camel-spring-boot ---
[INFO] Skipping Rule Enforcement.
[INFO] 
[INFO] --- maven-enforcer-plugin:3.0.0:enforce (enforce-java-version) @ camel-spring-boot ---
[INFO] Skipping Rule Enforcement.
[INFO] 
[INFO] --- maven-resources-plugin:3.2.0:resources (default-resources) @ camel-spring-boot ---
[INFO] Using 'UTF-8' encoding to copy filtered resources.
[INFO] Using 'UTF-8' encoding to copy filtered properties files.
[INFO] Copying 2 resources
[INFO] 
[INFO] --- maven-compiler-plugin:3.10.1:compile (default-compile) @ camel-spring-boot ---
[INFO] Changes detected - recompiling the module!
[INFO] Compiling 69 source files to /home/srafi/after-cam-ready/compare_/compile_repair_output/work/2e0d3e246149/core/camel-spring-boot/target/classes
[INFO] /home/srafi/after-cam-ready/compare_/compile_repair_output/work/2e0d3e246149/core/camel-spring-boot/src/main/java/org/apache/camel/spring/boot/cloud/CamelCloudConfigurationProperties.java: Some input files use or override a deprecated API.
[INFO] /home/srafi/after-cam-ready/compare_/compile_repair_output/work/2e0d3e246149/core/camel-spring-boot/src/main/java/org/apache/camel/spring/boot/cloud/CamelCloudConfigurationProperties.java: Recompile with -Xlint:deprecation for details.
[INFO] /home/srafi/after-cam-ready/compare_/compile_repair_output/work/2e0d3e246149/core/camel-spring-boot/src/main/java/org/apache/camel/spring/boot/SpringTypeConverter.java: Some input files use unchecked or unsafe operations.
[INFO] /home/srafi/after-cam-ready/compare_/compile_repair_output/work/2e0d3e246149/core/camel-spring-boot/src/main/java/org/apache/camel/spring/boot/SpringTypeConverter.java: Recompile with -Xlint:unchecked for details.
[INFO] 
[INFO] --- camel-package-maven-plugin:3.20.0:prepare-components (generate) @ camel-spring-boot ---
[INFO] 
[INFO] --- camel-package-maven-plugin:3.20.0:generate-components-list (generate) @ camel-spring-boot ---
[INFO] 
[INFO] --- maven-resources-plugin:3.2.0:testResources (default-testResources) @ camel-spring-boot ---
[INFO] Using 'UTF-8' encoding to copy filtered resources.
[INFO] Using 'UTF-8' encoding to copy filtered properties files.
[INFO] Copying 5 resources
[INFO] 
[INFO] --- maven-compiler-plugin:3.10.1:testCompile (default-testCompile) @ camel-spring-boot ---
[INFO] Changes detected - recompiling the module!
[INFO] Compiling 82 source files to /home/srafi/after-cam-ready/compare_/compile_repair_output/work/2e0d3e246149/core/camel-spring-boot/target/test-classes
[INFO] /home/srafi/after-cam-ready/compare_/compile_repair_output/work/2e0d3e246149/core/camel-spring-boot/src/test/java/org/apache/camel/spring/boot/cloud/CamelCloudServiceCallTest.java: Some input files use or override a deprecated API.
[INFO] /home/srafi/after-cam-ready/compare_/compile_repair_output/work/2e0d3e246149/core/camel-spring-boot/src/test/java/org/apache/camel/spring/boot/cloud/CamelCloudServiceCallTest.java: Recompile with -Xlint:deprecation for details.
[INFO] 
[INFO] --- maven-surefire-plugin:3.0.0-M4:test (default-test) @ camel-spring-boot ---
[INFO] Tests are skipped.
[INFO] 
[INFO] --- maven-jar-plugin:3.2.2:jar (default-jar) @ camel-spring-boot ---
[INFO] Building jar: /home/srafi/after-cam-ready/compare_/compile_repair_output/work/2e0d3e246149/core/camel-spring-boot/target/camel-spring-boot-3.20.0.jar
[INFO] 
[INFO] --- maven-site-plugin:3.11.0:attach-descriptor (attach-descriptor) @ camel-spring-boot ---
[INFO] Skipping because packaging 'jar' is not pom.
[INFO] 
[INFO] --- camel-spring-boot-generator-maven-plugin:3.20.0:update-spring-boot-auto-configuration-readme (readme) @ camel-spring-boot ---
[INFO] 
[INFO] --- maven-install-plugin:2.5.2:install (default-install) @ camel-spring-boot ---
[INFO] Installing /home/srafi/after-cam-ready/compare_/compile_repair_output/work/2e0d3e246149/core/camel-spring-boot/target/camel-spring-boot-3.20.0.jar to /home/srafi/.m2/repository/org/apache/camel/springboot/camel-spring-boot/3.20.0/camel-spring-boot-3.20.0.jar
[INFO] Installing /home/srafi/after-cam-ready/compare_/compile_repair_output/work/2e0d3e246149/core/camel-spring-boot/pom.xml to /home/srafi/.m2/repository/org/apache/camel/springboot/camel-spring-boot/3.20.0/camel-spring-boot-3.20.0.pom
[INFO] 
[INFO] -----------< org.apache.camel.springboot:components-starter >-----------
[INFO] Building Camel SB Starters 3.20.0                                [10/12]
[INFO] --------------------------------[ pom ]---------------------------------
[INFO] Downloading from central: https://repo.maven.apache.org/maven2/org/yaml/snakeyaml/1.30/snakeyaml-1.30.pom
[INFO] Downloaded from central: https://repo.maven.apache.org/maven2/org/yaml/snakeyaml/1.30/snakeyaml-1.30.pom (37 kB at 1.2 MB/s)
[INFO] Downloading from central: https://repo.maven.apache.org/maven2/org/mockito/mockito-core/4.5.1/mockito-core-4.5.1.pom
[INFO] Downloaded from central: https://repo.maven.apache.org/maven2/org/mockito/mockito-core/4.5.1/mockito-core-4.5.1.pom (2.5 kB at 78 kB/s)
[INFO] Downloading from central: https://repo.maven.apache.org/maven2/org/mockito/mockito-junit-jupiter/4.5.1/mockito-junit-jupiter-4.5.1.pom
[INFO] Downloaded from central: https://repo.maven.apache.org/maven2/org/mockito/mockito-junit-jupiter/4.5.1/mockito-junit-jupiter-4.5.1.pom (2.3 kB at 72 kB/s)
[INFO] 
[INFO] --- maven-clean-plugin:3.1.0:clean (default-clean) @ components-starter ---
[INFO] 
[INFO] --- maven-enforcer-plugin:3.0.0:enforce (enforce-maven-version) @ components-starter ---
[INFO] Skipping Rule Enforcement.
[INFO] 
[INFO] --- maven-enforcer-plugin:3.0.0:enforce (enforce-java-version) @ components-starter ---
[INFO] Skipping Rule Enforcement.
[INFO] 
[INFO] --- camel-spring-boot-generator-maven-plugin:3.20.0:prepare-spring-boot-starter (generate) @ components-starter ---
[INFO] 
[INFO] --- camel-spring-boot-generator-maven-plugin:3.20.0:prepare-spring-boot-auto-configuration (generate) @ components-starter ---
[INFO] 
[INFO] --- camel-spring-boot-generator-maven-plugin:3.20.0:prepare-catalog-springboot (generate) @ components-starter ---
[INFO] 
[INFO] --- maven-site-plugin:3.11.0:attach-descriptor (attach-descriptor) @ components-starter ---
[INFO] No site descriptor found: nothing to attach.
[INFO] 
[INFO] --- camel-spring-boot-generator-maven-plugin:3.20.0:update-spring-boot-auto-configuration-readme (readme) @ components-starter ---
[INFO] 
[INFO] --- maven-install-plugin:2.5.2:install (default-install) @ components-starter ---
[INFO] Installing /home/srafi/after-cam-ready/compare_/compile_repair_output/work/2e0d3e246149/components-starter/pom.xml to /home/srafi/.m2/repository/org/apache/camel/springboot/components-starter/3.20.0/components-starter-3.20.0.pom
[INFO] 
[INFO] -----------< org.apache.camel.springboot:camel-core-starter >-----------
[INFO] Building Camel SB Starters :: Core 3.20.0                        [11/12]
[INFO] --------------------------------[ jar ]---------------------------------
[INFO] Downloading from central: https://repo.maven.apache.org/maven2/org/yaml/snakeyaml/1.30/snakeyaml-1.30.jar
[INFO] Downloading from central: https://repo.maven.apache.org/maven2/org/mockito/mockito-core/4.5.1/mockito-core-4.5.1.jar
[INFO] Downloading from central: https://repo.maven.apache.org/maven2/org/mockito/mockito-junit-jupiter/4.5.1/mockito-junit-jupiter-4.5.1.jar
[INFO] Downloaded from central: https://repo.maven.apache.org/maven2/org/yaml/snakeyaml/1.30/snakeyaml-1.30.jar (332 kB at 11 MB/s)
[INFO] Downloaded from central: https://repo.maven.apache.org/maven2/org/mockito/mockito-junit-jupiter/4.5.1/mockito-junit-jupiter-4.5.1.jar (5.4 kB at 160 kB/s)
[INFO] Downloaded from central: https://repo.maven.apache.org/maven2/org/mockito/mockito-core/4.5.1/mockito-core-4.5.1.jar (662 kB at 17 MB/s)
[INFO] 
[INFO] --- maven-clean-plugin:3.1.0:clean (default-clean) @ camel-core-starter ---
[INFO] 
[INFO] --- maven-enforcer-plugin:3.0.0:enforce (enforce-maven-version) @ camel-core-starter ---
[INFO] Skipping Rule Enforcement.
[INFO] 
[INFO] --- maven-enforcer-plugin:3.0.0:enforce (enforce-java-version) @ camel-core-starter ---
[INFO] Skipping Rule Enforcement.
[INFO] 
[INFO] --- camel-spring-boot-generator-maven-plugin:3.20.0:prepare-spring-boot-starter (generate) @ camel-core-starter ---
Aug 15, 2026 2:16:25 PM freemarker.log._JULLoggerFactory$JULLogger error
SEVERE: DefaultObjectWrapper.incompatibleImprovements was set to the object returned by Configuration.getVersion(). That defeats the purpose of incompatibleImprovements, and makes upgrading FreeMarker a potentially breaking change. Also, this probably won't be allowed starting from 2.4.0. Instead, set incompatibleImprovements to the highest concrete version that's known to be compatible with your application.
Aug 15, 2026 2:16:25 PM freemarker.log._JULLoggerFactory$JULLogger error
SEVERE: Configuration.incompatibleImprovements was set to the object returned by Configuration.getVersion(). That defeats the purpose of incompatibleImprovements, and makes upgrading FreeMarker a potentially breaking change. Also, this probably won't be allowed starting from 2.4.0. Instead, set incompatibleImprovements to the highest concrete version that's known to be compatible with your application.
[INFO] 
[INFO] --- camel-spring-boot-generator-maven-plugin:3.20.0:prepare-spring-boot-auto-configuration (generate) @ camel-core-starter ---
[INFO] 
[INFO] --- camel-spring-boot-generator-maven-plugin:3.20.0:prepare-catalog-springboot (generate) @ camel-core-starter ---
[INFO] Others found: core-engine, other.prope
[INFO] 
[INFO] --- maven-resources-plugin:3.2.0:resources (default-resources) @ camel-core-starter ---
[INFO] Using 'UTF-8' encoding to copy filtered resources.
[INFO] Using 'UTF-8' encoding to copy filtered properties files.
[INFO] Copying 4 resources
[INFO] 
[INFO] --- maven-compiler-plugin:3.10.1:compile (default-compile) @ camel-core-starter ---
[INFO] Changes detected - recompiling the module!
[INFO] Compiling 26 source files to /home/srafi/after-cam-ready/compare_/compile_repair_output/work/2e0d3e246149/components-starter/camel-core-starter/target/classes
[INFO] /home/srafi/after-cam-ready/compare_/compile_repair_output/work/2e0d3e246149/components-starter/camel-core-starter/src/main/java/org/apache/camel/model/rest/springboot/RestConfigurationDefinitionAutoConfiguration.java: /home/srafi/after-cam-ready/compare_/compile_repair_output/work/2e0d3e246149/components-starter/camel-core-starter/src/main/java/org/apache/camel/model/rest/springboot/RestConfigurationDefinitionAutoConfiguration.java uses or overrides a deprecated API.
[INFO] /home/srafi/after-cam-ready/compare_/compile_repair_output/work/2e0d3e246149/components-starter/camel-core-starter/src/main/java/org/apache/camel/model/rest/springboot/RestConfigurationDefinitionAutoConfiguration.java: Recompile with -Xlint:deprecation for details.
[INFO] 
[INFO] --- maven-resources-plugin:3.2.0:testResources (default-testResources) @ camel-core-starter ---
[INFO] Using 'UTF-8' encoding to copy filtered resources.
[INFO] Using 'UTF-8' encoding to copy filtered properties files.
[INFO] skip non existing resourceDirectory /home/srafi/after-cam-ready/compare_/compile_repair_output/work/2e0d3e246149/components-starter/camel-core-starter/src/test/resources
[INFO] 
[INFO] --- maven-compiler-plugin:3.10.1:testCompile (default-testCompile) @ camel-core-starter ---
[INFO] No sources to compile
[INFO] 
[INFO] --- maven-surefire-plugin:3.0.0-M4:test (default-test) @ camel-core-starter ---
[INFO] Tests are skipped.
[INFO] 
[INFO] --- maven-jar-plugin:3.2.2:jar (default-jar) @ camel-core-starter ---
[INFO] Building jar: /home/srafi/after-cam-ready/compare_/compile_repair_output/work/2e0d3e246149/components-starter/camel-core-starter/target/camel-core-starter-3.20.0.jar
[INFO] 
[INFO] --- maven-site-plugin:3.11.0:attach-descriptor (attach-descriptor) @ camel-core-starter ---
[INFO] Skipping because packaging 'jar' is not pom.
[INFO] 
[INFO] --- camel-spring-boot-generator-maven-plugin:3.20.0:update-spring-boot-auto-configuration-readme (readme) @ camel-core-starter ---
[INFO] 
[INFO] --- maven-install-plugin:2.5.2:install (default-install) @ camel-core-starter ---
[INFO] Installing /home/srafi/after-cam-ready/compare_/compile_repair_output/work/2e0d3e246149/components-starter/camel-core-starter/target/camel-core-starter-3.20.0.jar to /home/srafi/.m2/repository/org/apache/camel/springboot/camel-core-starter/3.20.0/camel-core-starter-3.20.0.jar
[INFO] Installing /home/srafi/after-cam-ready/compare_/compile_repair_output/work/2e0d3e246149/components-starter/camel-core-starter/pom.xml to /home/srafi/.m2/repository/org/apache/camel/springboot/camel-core-starter/3.20.0/camel-core-starter-3.20.0.pom
[INFO] 
[INFO] -----------< org.apache.camel.springboot:camel-gson-starter >-----------
[INFO] Building Camel SB Starters :: Gson 3.20.0                        [12/12]
[INFO] --------------------------------[ jar ]---------------------------------
[INFO] Downloading from central: https://repo.maven.apache.org/maven2/org/apache/camel/camel-gson/3.20.0/camel-gson-3.20.0.pom
[INFO] Downloaded from central: https://repo.maven.apache.org/maven2/org/apache/camel/camel-gson/3.20.0/camel-gson-3.20.0.pom (2.0 kB at 3.9 kB/s)
[INFO] Downloading from central: https://repo.maven.apache.org/maven2/org/apache/camel/camel-gson/3.20.0/camel-gson-3.20.0.jar
[INFO] Downloaded from central: https://repo.maven.apache.org/maven2/org/apache/camel/camel-gson/3.20.0/camel-gson-3.20.0.jar (18 kB at 35 kB/s)
[INFO] 
[INFO] --- maven-clean-plugin:3.1.0:clean (default-clean) @ camel-gson-starter ---
[INFO] 
[INFO] --- maven-enforcer-plugin:3.0.0:enforce (enforce-maven-version) @ camel-gson-starter ---
[INFO] Skipping Rule Enforcement.
[INFO] 
[INFO] --- maven-enforcer-plugin:3.0.0:enforce (enforce-java-version) @ camel-gson-starter ---
[INFO] Skipping Rule Enforcement.
[INFO] 
[INFO] --- camel-spring-boot-generator-maven-plugin:3.20.0:prepare-spring-boot-starter (generate) @ camel-gson-starter ---
Aug 15, 2026 2:16:26 PM freemarker.log._JULLoggerFactory$JULLogger error
SEVERE: DefaultObjectWrapper.incompatibleImprovements was set to the object returned by Configuration.getVersion(). That defeats the purpose of incompatibleImprovements, and makes upgrading FreeMarker a potentially breaking change. Also, this probably won't be allowed starting from 2.4.0. Instead, set incompatibleImprovements to the highest concrete version that's known to be compatible with your application.
Aug 15, 2026 2:16:26 PM freemarker.log._JULLoggerFactory$JULLogger error
SEVERE: Configuration.incompatibleImprovements was set to the object returned by Configuration.getVersion(). That defeats the purpose of incompatibleImprovements, and makes upgrading FreeMarker a potentially breaking change. Also, this probably won't be allowed starting from 2.4.0. Instead, set incompatibleImprovements to the highest concrete version that's known to be compatible with your application.
[INFO] 
[INFO] --- camel-spring-boot-generator-maven-plugin:3.20.0:prepare-spring-boot-auto-configuration (generate) @ camel-gson-starter ---
[INFO] 
[INFO] --- camel-spring-boot-generator-maven-plugin:3.20.0:prepare-catalog-springboot (generate) @ camel-gson-starter ---
[INFO] Others found: dataformat.prope
[INFO] Dataformats found: gson
[INFO] 
[INFO] --- maven-resources-plugin:3.2.0:resources (default-resources) @ camel-gson-starter ---
[INFO] Using 'UTF-8' encoding to copy filtered resources.
[INFO] Using 'UTF-8' encoding to copy filtered properties files.
[INFO] Copying 4 resources
[INFO] 
[INFO] --- maven-compiler-plugin:3.10.1:compile (default-compile) @ camel-gson-starter ---
[INFO] Changes detected - recompiling the module!
[INFO] Compiling 2 source files to /home/srafi/after-cam-ready/compare_/compile_repair_output/work/2e0d3e246149/components-starter/camel-gson-starter/target/classes
[INFO] 
[INFO] --- maven-resources-plugin:3.2.0:testResources (default-testResources) @ camel-gson-starter ---
[INFO] Using 'UTF-8' encoding to copy filtered resources.
[INFO] Using 'UTF-8' encoding to copy filtered properties files.
[INFO] Copying 3 resources
[INFO] 
[INFO] --- maven-compiler-plugin:3.10.1:testCompile (default-testCompile) @ camel-gson-starter ---
[INFO] Changes detected - recompiling the module!
[INFO] Compiling 15 source files to /home/srafi/after-cam-ready/compare_/compile_repair_output/work/2e0d3e246149/components-starter/camel-gson-starter/target/test-classes
[INFO] 
[INFO] --- maven-surefire-plugin:3.0.0-M4:test (default-test) @ camel-gson-starter ---
[INFO] Tests are skipped.
[INFO] 
[INFO] --- maven-jar-plugin:3.2.2:jar (default-jar) @ camel-gson-starter ---
[INFO] Building jar: /home/srafi/after-cam-ready/compare_/compile_repair_output/work/2e0d3e246149/components-starter/camel-gson-starter/target/camel-gson-starter-3.20.0.jar
[INFO] 
[INFO] --- maven-site-plugin:3.11.0:attach-descriptor (attach-descriptor) @ camel-gson-starter ---
[INFO] Skipping because packaging 'jar' is not pom.
[INFO] 
[INFO] --- camel-spring-boot-generator-maven-plugin:3.20.0:update-spring-boot-auto-configuration-readme (readme) @ camel-gson-starter ---
[INFO] 
[INFO] --- maven-install-plugin:2.5.2:install (default-install) @ camel-gson-starter ---
[INFO] Installing /home/srafi/after-cam-ready/compare_/compile_repair_output/work/2e0d3e246149/components-starter/camel-gson-starter/target/camel-gson-starter-3.20.0.jar to /home/srafi/.m2/repository/org/apache/camel/springboot/camel-gson-starter/3.20.0/camel-gson-starter-3.20.0.jar
[INFO] Installing /home/srafi/after-cam-ready/compare_/compile_repair_output/work/2e0d3e246149/components-starter/camel-gson-starter/pom.xml to /home/srafi/.m2/repository/org/apache/camel/springboot/camel-gson-starter/3.20.0/camel-gson-starter-3.20.0.pom
[INFO] ------------------------------------------------------------------------
[INFO] Reactor Summary for Camel SB 3.20.0:
[INFO] 
[INFO] Camel SB ........................................... SUCCESS [  0.498 s]
[INFO] Camel SB :: Parent ................................. SUCCESS [  0.007 s]
[INFO] Camel SB Tooling ................................... SUCCESS [  0.005 s]
[INFO] Camel SB Tooling :: Generator Maven Plugin ......... SUCCESS [  3.144 s]
[INFO] Camel SB Tooling :: Dependencies BOM Generator ..... SUCCESS [  0.504 s]
[INFO] Camel SB Tooling :: Dependencies BOM ............... SUCCESS [  0.006 s]
[INFO] Camel SB Tooling :: Starter Parent ................. SUCCESS [  0.008 s]
[INFO] Camel SB :: Core Modules ........................... SUCCESS [  0.007 s]
[INFO] Camel SB :: Spring Boot ............................ SUCCESS [ 12.222 s]
[INFO] Camel SB Starters .................................. SUCCESS [  0.127 s]
[INFO] Camel SB Starters :: Core .......................... SUCCESS [  0.634 s]
[INFO] Camel SB Starters :: Gson .......................... SUCCESS [  1.544 s]
[INFO] ------------------------------------------------------------------------
[INFO] BUILD SUCCESS
[INFO] ------------------------------------------------------------------------
[INFO] Total time:  20.185 s
[INFO] Finished at: 2026-08-15T14:16:27-04:00
[INFO] ------------------------------------------------------------------------
