JAVA_HOME=/usr/lib/jvm/java-8-openjdk-amd64
COMMAND=mvn -B clean install -DskipTests -U -Ddependency-check.skip=true -Dgpg.skip=true -DfailIfNoTests=false -Dskip.installnodenpm=true -Dskip.npm=true -Dskip.yarn=true -Dlicense.skip=true -Dcheckstyle.skip=true -Drat.skip=true -Denforcer.skip=true -Danimal.sniffer.skip=true -Dmaven.javadoc.skip=true -Dfindbugs.skip=true -Dspotbugs.skip=true -Dwarbucks.skip=true -Dmodernizer.skip=true -Dimpsort.skip=true -Dmdep.analyze.skip=true -Dpgpverify.skip=true -Dxml.skip=true -Dcobertura.skip=true

[INFO] Scanning for projects...
[INFO] Downloading from dynamodb-local: https://s3-us-west-2.amazonaws.com/dynamodb-local/release/com/amazonaws/aws-java-sdk-bom/1.12.51/aws-java-sdk-bom-1.12.51.pom
[INFO] Downloading from central: https://repo.maven.apache.org/maven2/com/amazonaws/aws-java-sdk-bom/1.12.51/aws-java-sdk-bom-1.12.51.pom
[INFO] Downloaded from central: https://repo.maven.apache.org/maven2/com/amazonaws/aws-java-sdk-bom/1.12.51/aws-java-sdk-bom-1.12.51.pom (60 kB at 211 kB/s)
[INFO] Downloading from dynamodb-local: https://s3-us-west-2.amazonaws.com/dynamodb-local/release/com/amazonaws/aws-java-sdk-pom/1.12.51/aws-java-sdk-pom-1.12.51.pom
[INFO] Downloading from central: https://repo.maven.apache.org/maven2/com/amazonaws/aws-java-sdk-pom/1.12.51/aws-java-sdk-pom-1.12.51.pom
[INFO] Downloaded from central: https://repo.maven.apache.org/maven2/com/amazonaws/aws-java-sdk-pom/1.12.51/aws-java-sdk-pom-1.12.51.pom (22 kB at 460 kB/s)
Warning: KebabPizza disabling incompatible org.jacoco:jacoco-maven-plugin from aws-dynamodb-encryption-java
[INFO] ------------------------------------------------------------------------
[INFO] Reactor Build Order:
[INFO] 
[INFO] aws-dynamodb-encryption-java :: SDK1                               [jar]
[INFO] aws-dynamodb-encryption-java :: POM                                [pom]
[INFO] aws-dynamodb-encryption-java :: SDK1 Examples                      [jar]
[INFO] 
[INFO] -------------< com.amazonaws:aws-dynamodb-encryption-java >-------------
[INFO] Building aws-dynamodb-encryption-java :: SDK1 2.0.3                [1/3]
[INFO] --------------------------------[ jar ]---------------------------------
[INFO] Downloading from dynamodb-local: https://s3-us-west-2.amazonaws.com/dynamodb-local/release/com/amazonaws/aws-java-sdk-dynamodb/1.12.51/aws-java-sdk-dynamodb-1.12.51.pom
[INFO] Downloading from central: https://repo.maven.apache.org/maven2/com/amazonaws/aws-java-sdk-dynamodb/1.12.51/aws-java-sdk-dynamodb-1.12.51.pom
[INFO] Downloaded from central: https://repo.maven.apache.org/maven2/com/amazonaws/aws-java-sdk-dynamodb/1.12.51/aws-java-sdk-dynamodb-1.12.51.pom (4.4 kB at 148 kB/s)
[INFO] Downloading from dynamodb-local: https://s3-us-west-2.amazonaws.com/dynamodb-local/release/com/amazonaws/aws-java-sdk-s3/1.12.51/aws-java-sdk-s3-1.12.51.pom
[INFO] Downloading from central: https://repo.maven.apache.org/maven2/com/amazonaws/aws-java-sdk-s3/1.12.51/aws-java-sdk-s3-1.12.51.pom
[INFO] Downloaded from central: https://repo.maven.apache.org/maven2/com/amazonaws/aws-java-sdk-s3/1.12.51/aws-java-sdk-s3-1.12.51.pom (3.8 kB at 104 kB/s)
[INFO] Downloading from dynamodb-local: https://s3-us-west-2.amazonaws.com/dynamodb-local/release/com/amazonaws/aws-java-sdk-kms/1.12.51/aws-java-sdk-kms-1.12.51.pom
[INFO] Downloading from central: https://repo.maven.apache.org/maven2/com/amazonaws/aws-java-sdk-kms/1.12.51/aws-java-sdk-kms-1.12.51.pom
[INFO] Downloaded from central: https://repo.maven.apache.org/maven2/com/amazonaws/aws-java-sdk-kms/1.12.51/aws-java-sdk-kms-1.12.51.pom (3.5 kB at 98 kB/s)
[INFO] Downloading from dynamodb-local: https://s3-us-west-2.amazonaws.com/dynamodb-local/release/com/amazonaws/aws-java-sdk-core/1.12.51/aws-java-sdk-core-1.12.51.pom
[INFO] Downloading from central: https://repo.maven.apache.org/maven2/com/amazonaws/aws-java-sdk-core/1.12.51/aws-java-sdk-core-1.12.51.pom
[INFO] Downloaded from central: https://repo.maven.apache.org/maven2/com/amazonaws/aws-java-sdk-core/1.12.51/aws-java-sdk-core-1.12.51.pom (4.5 kB at 129 kB/s)
[INFO] Downloading from dynamodb-local: https://s3-us-west-2.amazonaws.com/dynamodb-local/release/com/fasterxml/jackson/dataformat/jackson-dataformat-cbor/2.12.3/jackson-dataformat-cbor-2.12.3.pom
[INFO] Downloading from central: https://repo.maven.apache.org/maven2/com/fasterxml/jackson/dataformat/jackson-dataformat-cbor/2.12.3/jackson-dataformat-cbor-2.12.3.pom
[INFO] Downloaded from central: https://repo.maven.apache.org/maven2/com/fasterxml/jackson/dataformat/jackson-dataformat-cbor/2.12.3/jackson-dataformat-cbor-2.12.3.pom (2.8 kB at 92 kB/s)
[INFO] Downloading from dynamodb-local: https://s3-us-west-2.amazonaws.com/dynamodb-local/release/com/fasterxml/jackson/dataformat/jackson-dataformats-binary/2.12.3/jackson-dataformats-binary-2.12.3.pom
[INFO] Downloading from central: https://repo.maven.apache.org/maven2/com/fasterxml/jackson/dataformat/jackson-dataformats-binary/2.12.3/jackson-dataformats-binary-2.12.3.pom
[INFO] Downloaded from central: https://repo.maven.apache.org/maven2/com/fasterxml/jackson/dataformat/jackson-dataformats-binary/2.12.3/jackson-dataformats-binary-2.12.3.pom (3.5 kB at 113 kB/s)
[INFO] Downloading from dynamodb-local: https://s3-us-west-2.amazonaws.com/dynamodb-local/release/com/amazonaws/jmespath-java/1.12.51/jmespath-java-1.12.51.pom
[INFO] Downloading from central: https://repo.maven.apache.org/maven2/com/amazonaws/jmespath-java/1.12.51/jmespath-java-1.12.51.pom
[INFO] Downloaded from central: https://repo.maven.apache.org/maven2/com/amazonaws/jmespath-java/1.12.51/jmespath-java-1.12.51.pom (3.4 kB at 104 kB/s)
[INFO] Downloading from dynamodb-local: https://s3-us-west-2.amazonaws.com/dynamodb-local/release/org/testng/testng/6.10/testng-6.10.pom
[INFO] Downloading from central: https://repo.maven.apache.org/maven2/org/testng/testng/6.10/testng-6.10.pom
[INFO] Downloaded from central: https://repo.maven.apache.org/maven2/org/testng/testng/6.10/testng-6.10.pom (2.6 kB at 80 kB/s)
[INFO] Downloading from dynamodb-local: https://s3-us-west-2.amazonaws.com/dynamodb-local/release/org/quicktheories/quicktheories/0.25/quicktheories-0.25.pom
[INFO] Downloading from central: https://repo.maven.apache.org/maven2/org/quicktheories/quicktheories/0.25/quicktheories-0.25.pom
[INFO] Downloaded from central: https://repo.maven.apache.org/maven2/org/quicktheories/quicktheories/0.25/quicktheories-0.25.pom (3.7 kB at 95 kB/s)
[INFO] Downloading from dynamodb-local: https://s3-us-west-2.amazonaws.com/dynamodb-local/release/org/quicktheories/quicktheories-parent/0.25/quicktheories-parent-0.25.pom
[INFO] Downloading from central: https://repo.maven.apache.org/maven2/org/quicktheories/quicktheories-parent/0.25/quicktheories-parent-0.25.pom
[INFO] Downloaded from central: https://repo.maven.apache.org/maven2/org/quicktheories/quicktheories-parent/0.25/quicktheories-parent-0.25.pom (4.9 kB at 43 kB/s)
[INFO] Downloading from dynamodb-local: https://s3-us-west-2.amazonaws.com/dynamodb-local/release/org/bouncycastle/bcprov-ext-jdk15on/1.69/bcprov-ext-jdk15on-1.69.pom
[INFO] Downloading from central: https://repo.maven.apache.org/maven2/org/bouncycastle/bcprov-ext-jdk15on/1.69/bcprov-ext-jdk15on-1.69.pom
[INFO] Downloaded from central: https://repo.maven.apache.org/maven2/org/bouncycastle/bcprov-ext-jdk15on/1.69/bcprov-ext-jdk15on-1.69.pom (1.1 kB at 32 kB/s)
[INFO] Downloading from dynamodb-local: https://s3-us-west-2.amazonaws.com/dynamodb-local/release/com/amazonaws/DynamoDBLocal/1.10.5.1/DynamoDBLocal-1.10.5.1.pom
[INFO] Downloaded from dynamodb-local: https://s3-us-west-2.amazonaws.com/dynamodb-local/release/com/amazonaws/DynamoDBLocal/1.10.5.1/DynamoDBLocal-1.10.5.1.pom (5.9 kB at 16 kB/s)
[INFO] Downloading from dynamodb-local: https://s3-us-west-2.amazonaws.com/dynamodb-local/release/org/antlr/antlr4-runtime/4.1/antlr4-runtime-4.1.pom
[INFO] Downloading from central: https://repo.maven.apache.org/maven2/org/antlr/antlr4-runtime/4.1/antlr4-runtime-4.1.pom
[INFO] Downloaded from central: https://repo.maven.apache.org/maven2/org/antlr/antlr4-runtime/4.1/antlr4-runtime-4.1.pom (2.0 kB at 48 kB/s)
[INFO] Downloading from dynamodb-local: https://s3-us-west-2.amazonaws.com/dynamodb-local/release/org/antlr/antlr4-master/4.1/antlr4-master-4.1.pom
[INFO] Downloading from central: https://repo.maven.apache.org/maven2/org/antlr/antlr4-master/4.1/antlr4-master-4.1.pom
[INFO] Downloaded from central: https://repo.maven.apache.org/maven2/org/antlr/antlr4-master/4.1/antlr4-master-4.1.pom (8.0 kB at 200 kB/s)
[INFO] Downloading from dynamodb-local: https://s3-us-west-2.amazonaws.com/dynamodb-local/release/org/apache/logging/log4j/log4j-api/2.1/log4j-api-2.1.pom
[INFO] Downloading from central: https://repo.maven.apache.org/maven2/org/apache/logging/log4j/log4j-api/2.1/log4j-api-2.1.pom
[INFO] Downloaded from central: https://repo.maven.apache.org/maven2/org/apache/logging/log4j/log4j-api/2.1/log4j-api-2.1.pom (8.1 kB at 208 kB/s)
[INFO] Downloading from dynamodb-local: https://s3-us-west-2.amazonaws.com/dynamodb-local/release/org/apache/logging/log4j/log4j/2.1/log4j-2.1.pom
[INFO] Downloading from central: https://repo.maven.apache.org/maven2/org/apache/logging/log4j/log4j/2.1/log4j-2.1.pom
[INFO] Downloaded from central: https://repo.maven.apache.org/maven2/org/apache/logging/log4j/log4j/2.1/log4j-2.1.pom (46 kB at 1.2 MB/s)
[INFO] Downloading from dynamodb-local: https://s3-us-west-2.amazonaws.com/dynamodb-local/release/org/apache/logging/log4j/log4j-core/2.1/log4j-core-2.1.pom
[INFO] Downloading from central: https://repo.maven.apache.org/maven2/org/apache/logging/log4j/log4j-core/2.1/log4j-core-2.1.pom
[INFO] Downloaded from central: https://repo.maven.apache.org/maven2/org/apache/logging/log4j/log4j-core/2.1/log4j-core-2.1.pom (16 kB at 332 kB/s)
[INFO] Downloading from dynamodb-local: https://s3-us-west-2.amazonaws.com/dynamodb-local/release/com/googlecode/multithreadedtc/multithreadedtc/1.01/multithreadedtc-1.01.pom
[INFO] Downloading from central: https://repo.maven.apache.org/maven2/com/googlecode/multithreadedtc/multithreadedtc/1.01/multithreadedtc-1.01.pom
[INFO] Downloaded from central: https://repo.maven.apache.org/maven2/com/googlecode/multithreadedtc/multithreadedtc/1.01/multithreadedtc-1.01.pom (2.4 kB at 60 kB/s)
[INFO] Downloading from dynamodb-local: https://s3-us-west-2.amazonaws.com/dynamodb-local/release/com/amazonaws/aws-java-sdk-dynamodb/1.12.51/aws-java-sdk-dynamodb-1.12.51.jar
[INFO] Downloading from dynamodb-local: https://s3-us-west-2.amazonaws.com/dynamodb-local/release/com/amazonaws/aws-java-sdk-s3/1.12.51/aws-java-sdk-s3-1.12.51.jar
[INFO] Downloading from dynamodb-local: https://s3-us-west-2.amazonaws.com/dynamodb-local/release/com/amazonaws/aws-java-sdk-core/1.12.51/aws-java-sdk-core-1.12.51.jar
[INFO] Downloading from dynamodb-local: https://s3-us-west-2.amazonaws.com/dynamodb-local/release/com/amazonaws/jmespath-java/1.12.51/jmespath-java-1.12.51.jar
[INFO] Downloading from dynamodb-local: https://s3-us-west-2.amazonaws.com/dynamodb-local/release/com/fasterxml/jackson/dataformat/jackson-dataformat-cbor/2.12.3/jackson-dataformat-cbor-2.12.3.jar
[INFO] Downloading from dynamodb-local: https://s3-us-west-2.amazonaws.com/dynamodb-local/release/com/amazonaws/aws-java-sdk-kms/1.12.51/aws-java-sdk-kms-1.12.51.jar
[INFO] Downloading from dynamodb-local: https://s3-us-west-2.amazonaws.com/dynamodb-local/release/org/testng/testng/6.10/testng-6.10.jar
[INFO] Downloading from dynamodb-local: https://s3-us-west-2.amazonaws.com/dynamodb-local/release/org/quicktheories/quicktheories/0.25/quicktheories-0.25.jar
[INFO] Downloading from dynamodb-local: https://s3-us-west-2.amazonaws.com/dynamodb-local/release/org/bouncycastle/bcprov-ext-jdk15on/1.69/bcprov-ext-jdk15on-1.69.jar
[INFO] Downloading from dynamodb-local: https://s3-us-west-2.amazonaws.com/dynamodb-local/release/com/amazonaws/DynamoDBLocal/1.10.5.1/DynamoDBLocal-1.10.5.1.jar
[INFO] Downloading from dynamodb-local: https://s3-us-west-2.amazonaws.com/dynamodb-local/release/org/antlr/antlr4-runtime/4.1/antlr4-runtime-4.1.jar
[INFO] Downloading from dynamodb-local: https://s3-us-west-2.amazonaws.com/dynamodb-local/release/org/apache/logging/log4j/log4j-api/2.1/log4j-api-2.1.jar
[INFO] Downloading from dynamodb-local: https://s3-us-west-2.amazonaws.com/dynamodb-local/release/org/apache/logging/log4j/log4j-core/2.1/log4j-core-2.1.jar
[INFO] Downloading from dynamodb-local: https://s3-us-west-2.amazonaws.com/dynamodb-local/release/com/googlecode/multithreadedtc/multithreadedtc/1.01/multithreadedtc-1.01.jar
[INFO] Downloaded from dynamodb-local: https://s3-us-west-2.amazonaws.com/dynamodb-local/release/com/amazonaws/DynamoDBLocal/1.10.5.1/DynamoDBLocal-1.10.5.1.jar (3.6 MB at 3.1 MB/s)
[INFO] Downloading from central: https://repo.maven.apache.org/maven2/com/amazonaws/aws-java-sdk-dynamodb/1.12.51/aws-java-sdk-dynamodb-1.12.51.jar
[INFO] Downloading from central: https://repo.maven.apache.org/maven2/com/amazonaws/aws-java-sdk-s3/1.12.51/aws-java-sdk-s3-1.12.51.jar
[INFO] Downloading from central: https://repo.maven.apache.org/maven2/com/fasterxml/jackson/dataformat/jackson-dataformat-cbor/2.12.3/jackson-dataformat-cbor-2.12.3.jar
[INFO] Downloading from central: https://repo.maven.apache.org/maven2/com/amazonaws/aws-java-sdk-core/1.12.51/aws-java-sdk-core-1.12.51.jar
[INFO] Downloading from central: https://repo.maven.apache.org/maven2/com/amazonaws/jmespath-java/1.12.51/jmespath-java-1.12.51.jar
[INFO] Downloaded from central: https://repo.maven.apache.org/maven2/com/fasterxml/jackson/dataformat/jackson-dataformat-cbor/2.12.3/jackson-dataformat-cbor-2.12.3.jar (61 kB at 1.1 MB/s)
[INFO] Downloading from central: https://repo.maven.apache.org/maven2/com/amazonaws/aws-java-sdk-kms/1.12.51/aws-java-sdk-kms-1.12.51.jar
[INFO] Downloaded from central: https://repo.maven.apache.org/maven2/com/amazonaws/aws-java-sdk-core/1.12.51/aws-java-sdk-core-1.12.51.jar (1.0 MB at 6.6 MB/s)
[INFO] Downloading from central: https://repo.maven.apache.org/maven2/org/testng/testng/6.10/testng-6.10.jar
[INFO] Downloaded from central: https://repo.maven.apache.org/maven2/com/amazonaws/aws-java-sdk-kms/1.12.51/aws-java-sdk-kms-1.12.51.jar (628 kB at 3.4 MB/s)
[INFO] Downloading from central: https://repo.maven.apache.org/maven2/org/quicktheories/quicktheories/0.25/quicktheories-0.25.jar
[INFO] Downloaded from central: https://repo.maven.apache.org/maven2/org/testng/testng/6.10/testng-6.10.jar (761 kB at 3.3 MB/s)
[INFO] Downloading from central: https://repo.maven.apache.org/maven2/org/bouncycastle/bcprov-ext-jdk15on/1.69/bcprov-ext-jdk15on-1.69.jar
[INFO] Downloaded from central: https://repo.maven.apache.org/maven2/com/amazonaws/aws-java-sdk-s3/1.12.51/aws-java-sdk-s3-1.12.51.jar (1.2 MB at 5.2 MB/s)
[INFO] Downloading from central: https://repo.maven.apache.org/maven2/org/antlr/antlr4-runtime/4.1/antlr4-runtime-4.1.jar
[INFO] Downloaded from central: https://repo.maven.apache.org/maven2/com/amazonaws/aws-java-sdk-dynamodb/1.12.51/aws-java-sdk-dynamodb-1.12.51.jar (2.0 MB at 7.7 MB/s)
[INFO] Downloading from central: https://repo.maven.apache.org/maven2/org/apache/logging/log4j/log4j-api/2.1/log4j-api-2.1.jar
[INFO] Downloaded from central: https://repo.maven.apache.org/maven2/com/amazonaws/jmespath-java/1.12.51/jmespath-java-1.12.51.jar (28 kB at 101 kB/s)
[INFO] Downloading from central: https://repo.maven.apache.org/maven2/org/apache/logging/log4j/log4j-core/2.1/log4j-core-2.1.jar
[INFO] Downloaded from central: https://repo.maven.apache.org/maven2/org/antlr/antlr4-runtime/4.1/antlr4-runtime-4.1.jar (253 kB at 890 kB/s)
[INFO] Downloading from central: https://repo.maven.apache.org/maven2/com/googlecode/multithreadedtc/multithreadedtc/1.01/multithreadedtc-1.01.jar
[INFO] Downloaded from central: https://repo.maven.apache.org/maven2/org/apache/logging/log4j/log4j-api/2.1/log4j-api-2.1.jar (134 kB at 445 kB/s)
[INFO] Downloaded from central: https://repo.maven.apache.org/maven2/org/quicktheories/quicktheories/0.25/quicktheories-0.25.jar (135 kB at 436 kB/s)
[INFO] Downloaded from central: https://repo.maven.apache.org/maven2/com/googlecode/multithreadedtc/multithreadedtc/1.01/multithreadedtc-1.01.jar (19 kB at 60 kB/s)
[INFO] Downloaded from central: https://repo.maven.apache.org/maven2/org/apache/logging/log4j/log4j-core/2.1/log4j-core-2.1.jar (825 kB at 2.5 MB/s)
[INFO] Downloaded from central: https://repo.maven.apache.org/maven2/org/bouncycastle/bcprov-ext-jdk15on/1.69/bcprov-ext-jdk15on-1.69.jar (5.8 MB at 18 MB/s)
[INFO] 
[INFO] --- maven-clean-plugin:2.5:clean (default-clean) @ aws-dynamodb-encryption-java ---
[INFO] 
[INFO] --- maven-checkstyle-plugin:3.1.0:check (checkstyle) @ aws-dynamodb-encryption-java ---
[INFO] 
[INFO] --- maven-resources-plugin:2.6:resources (default-resources) @ aws-dynamodb-encryption-java ---
[INFO] Using 'UTF-8' encoding to copy filtered resources.
[INFO] Copying 1 resource
[INFO] 
[INFO] --- maven-compiler-plugin:3.8.0:compile (default-compile) @ aws-dynamodb-encryption-java ---
[INFO] Changes detected - recompiling the module!
[INFO] Compiling 35 source files to /home/srafi/after-cam-ready/compare_/compile_repair_output/work/eba4a6406d50/sdk1/target/classes
[INFO] /home/srafi/after-cam-ready/compare_/compile_repair_output/work/eba4a6406d50/sdk1/src/main/java/com/amazonaws/services/dynamodbv2/datamodeling/AttributeEncryptor.java: /home/srafi/after-cam-ready/compare_/compile_repair_output/work/eba4a6406d50/sdk1/src/main/java/com/amazonaws/services/dynamodbv2/datamodeling/AttributeEncryptor.java uses or overrides a deprecated API.
[INFO] /home/srafi/after-cam-ready/compare_/compile_repair_output/work/eba4a6406d50/sdk1/src/main/java/com/amazonaws/services/dynamodbv2/datamodeling/AttributeEncryptor.java: Recompile with -Xlint:deprecation for details.
[INFO] 
[INFO] --- maven-resources-plugin:2.6:testResources (default-testResources) @ aws-dynamodb-encryption-java ---
[INFO] Using 'UTF-8' encoding to copy filtered resources.
[INFO] Copying 30 resources
[INFO] 
[INFO] --- maven-compiler-plugin:3.8.0:testCompile (default-testCompile) @ aws-dynamodb-encryption-java ---
[INFO] Changes detected - recompiling the module!
[INFO] Compiling 86 source files to /home/srafi/after-cam-ready/compare_/compile_repair_output/work/eba4a6406d50/sdk1/target/test-classes
[INFO] /home/srafi/after-cam-ready/compare_/compile_repair_output/work/eba4a6406d50/sdk1/src/test/java/com/amazonaws/services/dynamodbv2/mapper/integration/ComplexTypeITCase.java: Some input files use or override a deprecated API.
[INFO] /home/srafi/after-cam-ready/compare_/compile_repair_output/work/eba4a6406d50/sdk1/src/test/java/com/amazonaws/services/dynamodbv2/mapper/integration/ComplexTypeITCase.java: Recompile with -Xlint:deprecation for details.
[INFO] /home/srafi/after-cam-ready/compare_/compile_repair_output/work/eba4a6406d50/sdk1/src/test/java/com/amazonaws/services/dynamodbv2/mapper/integration/DynamoDBTestBase.java: Some input files use unchecked or unsafe operations.
[INFO] /home/srafi/after-cam-ready/compare_/compile_repair_output/work/eba4a6406d50/sdk1/src/test/java/com/amazonaws/services/dynamodbv2/mapper/integration/DynamoDBTestBase.java: Recompile with -Xlint:unchecked for details.
[INFO] 
[INFO] --- maven-dependency-plugin:3.1.1:copy-dependencies (copy) @ aws-dynamodb-encryption-java ---
[INFO] Copying libsqlite4java-linux-i386-1.0.392.so to /home/srafi/after-cam-ready/compare_/compile_repair_output/work/eba4a6406d50/sdk1/target/test-lib/libsqlite4java-linux-i386-1.0.392.so
[INFO] Copying libsqlite4java-linux-amd64-1.0.392.so to /home/srafi/after-cam-ready/compare_/compile_repair_output/work/eba4a6406d50/sdk1/target/test-lib/libsqlite4java-linux-amd64-1.0.392.so
[INFO] Copying sqlite4java-win32-x64-1.0.392.dll to /home/srafi/after-cam-ready/compare_/compile_repair_output/work/eba4a6406d50/sdk1/target/test-lib/sqlite4java-win32-x64-1.0.392.dll
[INFO] Copying sqlite4java-win32-x86-1.0.392.dll to /home/srafi/after-cam-ready/compare_/compile_repair_output/work/eba4a6406d50/sdk1/target/test-lib/sqlite4java-win32-x86-1.0.392.dll
[INFO] Copying libsqlite4java-osx-1.0.392.dylib to /home/srafi/after-cam-ready/compare_/compile_repair_output/work/eba4a6406d50/sdk1/target/test-lib/libsqlite4java-osx-1.0.392.dylib
[INFO] 
[INFO] --- maven-surefire-plugin:3.0.0-M8-SNAPSHOT:test (default-test) @ aws-dynamodb-encryption-java ---
[INFO] Downloading from apache.snapshots: https://repository.apache.org/snapshots/org/apache/maven/surefire/maven-surefire-common/3.0.0-M8-SNAPSHOT/maven-metadata.xml
[INFO] Downloading from apache.snapshots: https://repository.apache.org/snapshots/org/apache/maven/surefire/surefire-api/3.0.0-M8-SNAPSHOT/maven-metadata.xml
[INFO] Downloading from apache.snapshots: https://repository.apache.org/snapshots/org/apache/maven/surefire/surefire-logger-api/3.0.0-M8-SNAPSHOT/maven-metadata.xml
[INFO] Downloading from apache.snapshots: https://repository.apache.org/snapshots/org/apache/maven/surefire/surefire-shared-utils/3.0.0-M8-SNAPSHOT/maven-metadata.xml
[INFO] Downloading from apache.snapshots: https://repository.apache.org/snapshots/org/apache/maven/surefire/surefire-extensions-api/3.0.0-M8-SNAPSHOT/maven-metadata.xml
[INFO] Downloading from apache.snapshots: https://repository.apache.org/snapshots/org/apache/maven/surefire/surefire-booter/3.0.0-M8-SNAPSHOT/maven-metadata.xml
[INFO] Downloading from apache.snapshots: https://repository.apache.org/snapshots/org/apache/maven/surefire/surefire-extensions-spi/3.0.0-M8-SNAPSHOT/maven-metadata.xml
[INFO] Tests are skipped.
[INFO] 
[INFO] --- maven-jar-plugin:2.4:jar (default-jar) @ aws-dynamodb-encryption-java ---
[INFO] Building jar: /home/srafi/after-cam-ready/compare_/compile_repair_output/work/eba4a6406d50/sdk1/target/aws-dynamodb-encryption-java-2.0.3.jar
[INFO] 
[INFO] --- maven-failsafe-plugin:3.0.0-M8-SNAPSHOT:integration-test (default) @ aws-dynamodb-encryption-java ---
[INFO] Tests are skipped.
[INFO] 
[INFO] --- maven-failsafe-plugin:3.0.0-M8-SNAPSHOT:verify (default) @ aws-dynamodb-encryption-java ---
[INFO] Tests are skipped.
[INFO] 
[INFO] --- maven-install-plugin:2.4:install (default-install) @ aws-dynamodb-encryption-java ---
[INFO] Installing /home/srafi/after-cam-ready/compare_/compile_repair_output/work/eba4a6406d50/sdk1/target/aws-dynamodb-encryption-java-2.0.3.jar to /home/srafi/.m2/repository/com/amazonaws/aws-dynamodb-encryption-java/2.0.3/aws-dynamodb-encryption-java-2.0.3.jar
[INFO] Installing /home/srafi/after-cam-ready/compare_/compile_repair_output/work/eba4a6406d50/sdk1/pom.xml to /home/srafi/.m2/repository/com/amazonaws/aws-dynamodb-encryption-java/2.0.3/aws-dynamodb-encryption-java-2.0.3.pom
[INFO] 
[INFO] -------< software.amazon.cryptools:dynamodbencryptionclient-pom >-------
[INFO] Building aws-dynamodb-encryption-java :: POM 2.0.3                 [2/3]
[INFO] --------------------------------[ pom ]---------------------------------
[INFO] 
[INFO] --- maven-clean-plugin:2.5:clean (default-clean) @ dynamodbencryptionclient-pom ---
[INFO] 
[INFO] --- maven-install-plugin:2.4:install (default-install) @ dynamodbencryptionclient-pom ---
[INFO] Installing /home/srafi/after-cam-ready/compare_/compile_repair_output/work/eba4a6406d50/pom.xml to /home/srafi/.m2/repository/software/amazon/cryptools/dynamodbencryptionclient-pom/2.0.3/dynamodbencryptionclient-pom-2.0.3.pom
[INFO] 
[INFO] --< software.amazon.cryptools:dynamodbencryptionclient-sdk1examples >---
[INFO] Building aws-dynamodb-encryption-java :: SDK1 Examples 2.0.3       [3/3]
[INFO] --------------------------------[ jar ]---------------------------------
[INFO] Downloading from dynamodb-local: https://s3-us-west-2.amazonaws.com/dynamodb-local/release/com/amazonaws/aws-java-sdk-dynamodb/1.10.5.1/aws-java-sdk-dynamodb-1.10.5.1.pom
[INFO] Downloading from central: https://repo.maven.apache.org/maven2/com/amazonaws/aws-java-sdk-dynamodb/1.10.5.1/aws-java-sdk-dynamodb-1.10.5.1.pom
[INFO] Downloaded from central: https://repo.maven.apache.org/maven2/com/amazonaws/aws-java-sdk-dynamodb/1.10.5.1/aws-java-sdk-dynamodb-1.10.5.1.pom (3.8 kB at 111 kB/s)
[INFO] Downloading from dynamodb-local: https://s3-us-west-2.amazonaws.com/dynamodb-local/release/com/amazonaws/aws-java-sdk-pom/1.10.5.1/aws-java-sdk-pom-1.10.5.1.pom
[INFO] Downloading from central: https://repo.maven.apache.org/maven2/com/amazonaws/aws-java-sdk-pom/1.10.5.1/aws-java-sdk-pom-1.10.5.1.pom
[INFO] Downloaded from central: https://repo.maven.apache.org/maven2/com/amazonaws/aws-java-sdk-pom/1.10.5.1/aws-java-sdk-pom-1.10.5.1.pom (6.6 kB at 189 kB/s)
[INFO] Downloading from dynamodb-local: https://s3-us-west-2.amazonaws.com/dynamodb-local/release/com/amazonaws/aws-java-sdk-s3/1.10.5.1/aws-java-sdk-s3-1.10.5.1.pom
[INFO] Downloading from central: https://repo.maven.apache.org/maven2/com/amazonaws/aws-java-sdk-s3/1.10.5.1/aws-java-sdk-s3-1.10.5.1.pom
[INFO] Downloaded from central: https://repo.maven.apache.org/maven2/com/amazonaws/aws-java-sdk-s3/1.10.5.1/aws-java-sdk-s3-1.10.5.1.pom (3.4 kB at 91 kB/s)
[INFO] Downloading from dynamodb-local: https://s3-us-west-2.amazonaws.com/dynamodb-local/release/com/amazonaws/aws-java-sdk-kms/1.10.5.1/aws-java-sdk-kms-1.10.5.1.pom
[INFO] Downloading from central: https://repo.maven.apache.org/maven2/com/amazonaws/aws-java-sdk-kms/1.10.5.1/aws-java-sdk-kms-1.10.5.1.pom
[INFO] Downloaded from central: https://repo.maven.apache.org/maven2/com/amazonaws/aws-java-sdk-kms/1.10.5.1/aws-java-sdk-kms-1.10.5.1.pom (3.2 kB at 93 kB/s)
[INFO] Downloading from dynamodb-local: https://s3-us-west-2.amazonaws.com/dynamodb-local/release/com/amazonaws/aws-java-sdk-core/1.10.5.1/aws-java-sdk-core-1.10.5.1.pom
[INFO] Downloading from central: https://repo.maven.apache.org/maven2/com/amazonaws/aws-java-sdk-core/1.10.5.1/aws-java-sdk-core-1.10.5.1.pom
[INFO] Downloaded from central: https://repo.maven.apache.org/maven2/com/amazonaws/aws-java-sdk-core/1.10.5.1/aws-java-sdk-core-1.10.5.1.pom (2.8 kB at 75 kB/s)
[INFO] 
[INFO] --- maven-clean-plugin:2.5:clean (default-clean) @ dynamodbencryptionclient-sdk1examples ---
[INFO] 
[INFO] --- maven-resources-plugin:2.6:resources (default-resources) @ dynamodbencryptionclient-sdk1examples ---
[WARNING] Using platform encoding (UTF-8 actually) to copy filtered resources, i.e. build is platform dependent!
[INFO] skip non existing resourceDirectory /home/srafi/after-cam-ready/compare_/compile_repair_output/work/eba4a6406d50/examples/src/main/resources
[INFO] 
[INFO] --- maven-compiler-plugin:3.8.0:compile (default-compile) @ dynamodbencryptionclient-sdk1examples ---
[INFO] Changes detected - recompiling the module!
[WARNING] File encoding has not been set, using platform encoding UTF-8, i.e. build is platform dependent!
[INFO] Compiling 7 source files to /home/srafi/after-cam-ready/compare_/compile_repair_output/work/eba4a6406d50/examples/target/classes
[INFO] 
[INFO] --- maven-resources-plugin:2.6:testResources (default-testResources) @ dynamodbencryptionclient-sdk1examples ---
[WARNING] Using platform encoding (UTF-8 actually) to copy filtered resources, i.e. build is platform dependent!
[INFO] skip non existing resourceDirectory /home/srafi/after-cam-ready/compare_/compile_repair_output/work/eba4a6406d50/examples/src/test/resources
[INFO] 
[INFO] --- maven-compiler-plugin:3.8.0:testCompile (default-testCompile) @ dynamodbencryptionclient-sdk1examples ---
[INFO] Changes detected - recompiling the module!
[WARNING] File encoding has not been set, using platform encoding UTF-8, i.e. build is platform dependent!
[INFO] Compiling 8 source files to /home/srafi/after-cam-ready/compare_/compile_repair_output/work/eba4a6406d50/examples/target/test-classes
[INFO] 
[INFO] --- maven-dependency-plugin:3.1.1:copy-dependencies (copy) @ dynamodbencryptionclient-sdk1examples ---
[INFO] Copying libsqlite4java-linux-i386-1.0.392.so to /home/srafi/after-cam-ready/compare_/compile_repair_output/work/eba4a6406d50/examples/target/test-lib/libsqlite4java-linux-i386-1.0.392.so
[INFO] Copying libsqlite4java-linux-amd64-1.0.392.so to /home/srafi/after-cam-ready/compare_/compile_repair_output/work/eba4a6406d50/examples/target/test-lib/libsqlite4java-linux-amd64-1.0.392.so
[INFO] Copying sqlite4java-win32-x64-1.0.392.dll to /home/srafi/after-cam-ready/compare_/compile_repair_output/work/eba4a6406d50/examples/target/test-lib/sqlite4java-win32-x64-1.0.392.dll
[INFO] Copying sqlite4java-win32-x86-1.0.392.dll to /home/srafi/after-cam-ready/compare_/compile_repair_output/work/eba4a6406d50/examples/target/test-lib/sqlite4java-win32-x86-1.0.392.dll
[INFO] Copying libsqlite4java-osx-1.0.392.dylib to /home/srafi/after-cam-ready/compare_/compile_repair_output/work/eba4a6406d50/examples/target/test-lib/libsqlite4java-osx-1.0.392.dylib
[INFO] 
[INFO] --- maven-surefire-plugin:3.0.0-M8-SNAPSHOT:test (default-test) @ dynamodbencryptionclient-sdk1examples ---
[INFO] Tests are skipped.
[INFO] 
[INFO] --- maven-jar-plugin:2.4:jar (default-jar) @ dynamodbencryptionclient-sdk1examples ---
[INFO] Building jar: /home/srafi/after-cam-ready/compare_/compile_repair_output/work/eba4a6406d50/examples/target/dynamodbencryptionclient-sdk1examples-2.0.3.jar
[INFO] 
[INFO] --- maven-failsafe-plugin:3.0.0-M8-SNAPSHOT:integration-test (default) @ dynamodbencryptionclient-sdk1examples ---
[INFO] Tests are skipped.
[INFO] 
[INFO] --- maven-failsafe-plugin:3.0.0-M8-SNAPSHOT:verify (default) @ dynamodbencryptionclient-sdk1examples ---
[INFO] Tests are skipped.
[INFO] 
[INFO] --- maven-install-plugin:2.4:install (default-install) @ dynamodbencryptionclient-sdk1examples ---
[INFO] Installing /home/srafi/after-cam-ready/compare_/compile_repair_output/work/eba4a6406d50/examples/target/dynamodbencryptionclient-sdk1examples-2.0.3.jar to /home/srafi/.m2/repository/software/amazon/cryptools/dynamodbencryptionclient-sdk1examples/2.0.3/dynamodbencryptionclient-sdk1examples-2.0.3.jar
[INFO] Installing /home/srafi/after-cam-ready/compare_/compile_repair_output/work/eba4a6406d50/examples/pom.xml to /home/srafi/.m2/repository/software/amazon/cryptools/dynamodbencryptionclient-sdk1examples/2.0.3/dynamodbencryptionclient-sdk1examples-2.0.3.pom
[INFO] ------------------------------------------------------------------------
[INFO] Reactor Summary for aws-dynamodb-encryption-java :: POM 2.0.3:
[INFO] 
[INFO] aws-dynamodb-encryption-java :: SDK1 ............... SUCCESS [ 11.492 s]
[INFO] aws-dynamodb-encryption-java :: POM ................ SUCCESS [  0.004 s]
[INFO] aws-dynamodb-encryption-java :: SDK1 Examples ...... SUCCESS [  1.370 s]
[INFO] ------------------------------------------------------------------------
[INFO] BUILD SUCCESS
[INFO] ------------------------------------------------------------------------
[INFO] Total time:  14.177 s
[INFO] Finished at: 2026-08-15T16:10:30-04:00
[INFO] ------------------------------------------------------------------------
