JAVA_HOME=/usr/lib/jvm/java-8-openjdk-amd64
COMMAND=bash /home/srafi/after-cam-ready/compare_/compile_repair_output/work/49f640664625/mvnw -B clean install -DskipTests -U -Ddependency-check.skip=true -Dgpg.skip=true -DfailIfNoTests=false -Dskip.installnodenpm=true -Dskip.npm=true -Dskip.yarn=true -Dlicense.skip=true -Dcheckstyle.skip=true -Drat.skip=true -Denforcer.skip=true -Danimal.sniffer.skip=true -Dmaven.javadoc.skip=true -Dfindbugs.skip=true -Dspotbugs.skip=true -Dwarbucks.skip=true -Dmodernizer.skip=true -Dimpsort.skip=true -Dmdep.analyze.skip=true -Dpgpverify.skip=true -Dxml.skip=true -Dcobertura.skip=true

[INFO] Scanning for projects...
[INFO] Downloading from central: https://repo.maven.apache.org/maven2/org/apache/maven/scm/maven-scm-provider-gitexe/1.13.0/maven-scm-provider-gitexe-1.13.0.pom
[INFO] Downloaded from central: https://repo.maven.apache.org/maven2/org/apache/maven/scm/maven-scm-provider-gitexe/1.13.0/maven-scm-provider-gitexe-1.13.0.pom (2.6 kB at 10 kB/s)
[INFO] Downloading from central: https://repo.maven.apache.org/maven2/org/apache/maven/scm/maven-scm-providers-git/1.13.0/maven-scm-providers-git-1.13.0.pom
[INFO] Downloaded from central: https://repo.maven.apache.org/maven2/org/apache/maven/scm/maven-scm-providers-git/1.13.0/maven-scm-providers-git-1.13.0.pom (2.2 kB at 65 kB/s)
[INFO] Downloading from central: https://repo.maven.apache.org/maven2/org/apache/maven/scm/maven-scm-providers/1.13.0/maven-scm-providers-1.13.0.pom
[INFO] Downloaded from central: https://repo.maven.apache.org/maven2/org/apache/maven/scm/maven-scm-providers/1.13.0/maven-scm-providers-1.13.0.pom (3.6 kB at 100 kB/s)
[INFO] Downloading from central: https://repo.maven.apache.org/maven2/org/apache/maven/scm/maven-scm/1.13.0/maven-scm-1.13.0.pom
[INFO] Downloaded from central: https://repo.maven.apache.org/maven2/org/apache/maven/scm/maven-scm/1.13.0/maven-scm-1.13.0.pom (26 kB at 697 kB/s)
[INFO] Downloading from central: https://repo.maven.apache.org/maven2/org/apache/maven/scm/maven-scm-provider-git-commons/1.13.0/maven-scm-provider-git-commons-1.13.0.pom
[INFO] Downloaded from central: https://repo.maven.apache.org/maven2/org/apache/maven/scm/maven-scm-provider-git-commons/1.13.0/maven-scm-provider-git-commons-1.13.0.pom (2.7 kB at 90 kB/s)
[INFO] Downloading from central: https://repo.maven.apache.org/maven2/org/apache/maven/scm/maven-scm-api/1.13.0/maven-scm-api-1.13.0.pom
[INFO] Downloaded from central: https://repo.maven.apache.org/maven2/org/apache/maven/scm/maven-scm-api/1.13.0/maven-scm-api-1.13.0.pom (1.6 kB at 44 kB/s)
[INFO] Downloading from central: https://repo.maven.apache.org/maven2/org/apache/maven/scm/maven-scm-provider-gitexe/1.13.0/maven-scm-provider-gitexe-1.13.0.jar
[INFO] Downloading from central: https://repo.maven.apache.org/maven2/org/apache/maven/scm/maven-scm-provider-git-commons/1.13.0/maven-scm-provider-git-commons-1.13.0.jar
[INFO] Downloading from central: https://repo.maven.apache.org/maven2/org/apache/maven/scm/maven-scm-api/1.13.0/maven-scm-api-1.13.0.jar
[INFO] Downloaded from central: https://repo.maven.apache.org/maven2/org/apache/maven/scm/maven-scm-provider-gitexe/1.13.0/maven-scm-provider-gitexe-1.13.0.jar (72 kB at 2.0 MB/s)
[INFO] Downloaded from central: https://repo.maven.apache.org/maven2/org/apache/maven/scm/maven-scm-provider-git-commons/1.13.0/maven-scm-provider-git-commons-1.13.0.jar (36 kB at 634 kB/s)
[INFO] Downloaded from central: https://repo.maven.apache.org/maven2/org/apache/maven/scm/maven-scm-api/1.13.0/maven-scm-api-1.13.0.jar (112 kB at 1.9 MB/s)
[INFO] Downloading from central: https://repo.maven.apache.org/maven2/org/apache/maven/scm/maven-scm-manager-plexus/1.13.0/maven-scm-manager-plexus-1.13.0.pom
[INFO] Downloaded from central: https://repo.maven.apache.org/maven2/org/apache/maven/scm/maven-scm-manager-plexus/1.13.0/maven-scm-manager-plexus-1.13.0.pom (2.2 kB at 66 kB/s)
[INFO] Downloading from central: https://repo.maven.apache.org/maven2/org/apache/maven/scm/maven-scm-managers/1.13.0/maven-scm-managers-1.13.0.pom
[INFO] Downloaded from central: https://repo.maven.apache.org/maven2/org/apache/maven/scm/maven-scm-managers/1.13.0/maven-scm-managers-1.13.0.pom (1.5 kB at 34 kB/s)
[INFO] Downloading from central: https://repo.maven.apache.org/maven2/org/apache/maven/scm/maven-scm-manager-plexus/1.13.0/maven-scm-manager-plexus-1.13.0.jar
[INFO] Downloaded from central: https://repo.maven.apache.org/maven2/org/apache/maven/scm/maven-scm-manager-plexus/1.13.0/maven-scm-manager-plexus-1.13.0.jar (11 kB at 325 kB/s)
[INFO] Inspecting build with total of 1 modules...
[INFO] Installing Nexus Staging features:
[INFO]   ... total of 1 executions of maven-deploy-plugin replaced with nexus-staging-maven-plugin
[INFO] 
[INFO] -----------< com.fasterxml.jackson.core:jackson-annotations >-----------
[INFO] Building Jackson-annotations 2.14.0
[INFO] -------------------------------[ bundle ]-------------------------------
[INFO] Downloading from central: https://repo.maven.apache.org/maven2/de/jjohannes/gradle-module-metadata-maven-plugin/0.2.0/gradle-module-metadata-maven-plugin-0.2.0.pom
[INFO] Downloaded from central: https://repo.maven.apache.org/maven2/de/jjohannes/gradle-module-metadata-maven-plugin/0.2.0/gradle-module-metadata-maven-plugin-0.2.0.pom (5.4 kB at 162 kB/s)
[INFO] Downloading from central: https://repo.maven.apache.org/maven2/de/jjohannes/gradle-module-metadata-maven-plugin/0.2.0/gradle-module-metadata-maven-plugin-0.2.0.jar
[INFO] Downloaded from central: https://repo.maven.apache.org/maven2/de/jjohannes/gradle-module-metadata-maven-plugin/0.2.0/gradle-module-metadata-maven-plugin-0.2.0.jar (23 kB at 769 kB/s)
[INFO] Downloading from central: https://repo.maven.apache.org/maven2/org/moditect/moditect-maven-plugin/1.0.0.RC2/moditect-maven-plugin-1.0.0.RC2.pom
[INFO] Downloaded from central: https://repo.maven.apache.org/maven2/org/moditect/moditect-maven-plugin/1.0.0.RC2/moditect-maven-plugin-1.0.0.RC2.pom (4.0 kB at 124 kB/s)
[INFO] Downloading from central: https://repo.maven.apache.org/maven2/org/moditect/moditect-parent/1.0.0.RC2/moditect-parent-1.0.0.RC2.pom
[INFO] Downloaded from central: https://repo.maven.apache.org/maven2/org/moditect/moditect-parent/1.0.0.RC2/moditect-parent-1.0.0.RC2.pom (7.3 kB at 179 kB/s)
[INFO] Downloading from central: https://repo.maven.apache.org/maven2/org/moditect/moditect-org-parent/1.0.0.Final/moditect-org-parent-1.0.0.Final.pom
[INFO] Downloaded from central: https://repo.maven.apache.org/maven2/org/moditect/moditect-org-parent/1.0.0.Final/moditect-org-parent-1.0.0.Final.pom (18 kB at 554 kB/s)
[INFO] Downloading from central: https://repo.maven.apache.org/maven2/org/moditect/moditect-maven-plugin/1.0.0.RC2/moditect-maven-plugin-1.0.0.RC2.jar
[INFO] Downloaded from central: https://repo.maven.apache.org/maven2/org/moditect/moditect-maven-plugin/1.0.0.RC2/moditect-maven-plugin-1.0.0.RC2.jar (46 kB at 1.4 MB/s)
[INFO] 
[INFO] --- maven-clean-plugin:3.2.0:clean (default-clean) @ jackson-annotations ---
[INFO] 
[INFO] --- maven-enforcer-plugin:3.0.0-M3:enforce (enforce-java) @ jackson-annotations ---
[INFO] Skipping Rule Enforcement.
[INFO] 
[INFO] --- build-helper-maven-plugin:3.3.0:add-source (add-generated-sources) @ jackson-annotations ---
[INFO] Source directory: /home/srafi/after-cam-ready/compare_/compile_repair_output/work/49f640664625/target/generated-sources added.
[INFO] 
[INFO] --- build-helper-maven-plugin:3.3.0:add-resource (add-resource) @ jackson-annotations ---
[INFO] 
[INFO] --- maven-resources-plugin:3.3.0:resources (default-resources) @ jackson-annotations ---
[INFO] skip non existing resourceDirectory /home/srafi/after-cam-ready/compare_/compile_repair_output/work/49f640664625/src/main/resources
[INFO] Copying 1 resource to META-INF
[INFO] 
[INFO] --- maven-compiler-plugin:3.10.1:compile (default-compile) @ jackson-annotations ---
[INFO] Changes detected - recompiling the module!
[INFO] Compiling 46 source files to /home/srafi/after-cam-ready/compare_/compile_repair_output/work/49f640664625/target/classes
[WARNING] bootstrap class path not set in conjunction with -source 1.6
[INFO] 
[INFO] --- maven-resources-plugin:3.3.0:testResources (default-testResources) @ jackson-annotations ---
[INFO] skip non existing resourceDirectory /home/srafi/after-cam-ready/compare_/compile_repair_output/work/49f640664625/src/test/resources
[INFO] 
[INFO] --- maven-compiler-plugin:3.10.1:testCompile (default-testCompile) @ jackson-annotations ---
[INFO] Changes detected - recompiling the module!
[INFO] Compiling 11 source files to /home/srafi/after-cam-ready/compare_/compile_repair_output/work/49f640664625/target/test-classes
[WARNING] bootstrap class path not set in conjunction with -source 1.6
[INFO] 
[INFO] --- maven-surefire-plugin:2.22.2:test (default-test) @ jackson-annotations ---
[INFO] Tests are skipped.
[INFO] 
[INFO] --- maven-bundle-plugin:5.1.8:bundle (default-bundle) @ jackson-annotations ---
[INFO] Building bundle: /home/srafi/after-cam-ready/compare_/compile_repair_output/work/49f640664625/target/jackson-annotations-2.14.0.jar
[INFO] Writing manifest: /home/srafi/after-cam-ready/compare_/compile_repair_output/work/49f640664625/target/classes/META-INF/MANIFEST.MF
[INFO] 
[INFO] --- moditect-maven-plugin:1.0.0.RC2:add-module-info (add-module-infos) @ jackson-annotations ---
[INFO] Downloading from central: https://repo.maven.apache.org/maven2/org/moditect/moditect/1.0.0.RC2/moditect-1.0.0.RC2.pom
[INFO] Downloaded from central: https://repo.maven.apache.org/maven2/org/moditect/moditect/1.0.0.RC2/moditect-1.0.0.RC2.pom (4.6 kB at 131 kB/s)
[INFO] Downloading from central: https://repo.maven.apache.org/maven2/com/beust/jcommander/1.60/jcommander-1.60.pom
[INFO] Downloaded from central: https://repo.maven.apache.org/maven2/com/beust/jcommander/1.60/jcommander-1.60.pom (1.2 kB at 36 kB/s)
[INFO] Downloading from central: https://repo.maven.apache.org/maven2/org/moditect/moditect/1.0.0.RC2/moditect-1.0.0.RC2.jar
[INFO] Downloading from central: https://repo.maven.apache.org/maven2/com/beust/jcommander/1.60/jcommander-1.60.jar
[INFO] Downloaded from central: https://repo.maven.apache.org/maven2/com/beust/jcommander/1.60/jcommander-1.60.jar (62 kB at 1.6 MB/s)
[INFO] Downloaded from central: https://repo.maven.apache.org/maven2/org/moditect/moditect/1.0.0.RC2/moditect-1.0.0.RC2.jar (1.4 MB at 22 MB/s)
[INFO] 
[INFO] --- gradle-module-metadata-maven-plugin:0.2.0:gmm (default) @ jackson-annotations ---
[INFO] 
[INFO] --- maven-site-plugin:3.12.1:attach-descriptor (attach-descriptor) @ jackson-annotations ---
[INFO] Skipping because packaging 'bundle' is not pom.
[INFO] 
[INFO] --- maven-install-plugin:3.0.1:install (default-install) @ jackson-annotations ---
[INFO] Installing /home/srafi/after-cam-ready/compare_/compile_repair_output/work/49f640664625/pom.xml to /home/srafi/.m2/repository/com/fasterxml/jackson/core/jackson-annotations/2.14.0/jackson-annotations-2.14.0.pom
[INFO] Installing /home/srafi/after-cam-ready/compare_/compile_repair_output/work/49f640664625/target/jackson-annotations-2.14.0.jar to /home/srafi/.m2/repository/com/fasterxml/jackson/core/jackson-annotations/2.14.0/jackson-annotations-2.14.0.jar
[INFO] Installing /home/srafi/after-cam-ready/compare_/compile_repair_output/work/49f640664625/target/publications/maven/module.json to /home/srafi/.m2/repository/com/fasterxml/jackson/core/jackson-annotations/2.14.0/jackson-annotations-2.14.0.module
[INFO] 
[INFO] --- maven-bundle-plugin:5.1.8:install (default-install) @ jackson-annotations ---
[INFO] Installing com/fasterxml/jackson/core/jackson-annotations/2.14.0/jackson-annotations-2.14.0.jar
[INFO] Writing OBR metadata
[INFO] ------------------------------------------------------------------------
[INFO] BUILD SUCCESS
[INFO] ------------------------------------------------------------------------
[INFO] Total time:  3.633 s
[INFO] Finished at: 2026-08-15T16:18:50-04:00
[INFO] ------------------------------------------------------------------------
