JAVA_HOME=/usr/lib/jvm/java-8-openjdk-amd64
COMMAND=mvn -B clean install -DskipTests -U -pl body -am -Ddependency-check.skip=true -Dgpg.skip=true -DfailIfNoTests=false -Dskip.installnodenpm=true -Dskip.npm=true -Dskip.yarn=true -Dlicense.skip=true -Dcheckstyle.skip=true -Drat.skip=true -Denforcer.skip=true -Danimal.sniffer.skip=true -Dmaven.javadoc.skip=true -Dfindbugs.skip=true -Dspotbugs.skip=true -Dwarbucks.skip=true -Dmodernizer.skip=true -Dimpsort.skip=true -Dmdep.analyze.skip=true -Dpgpverify.skip=true -Dxml.skip=true -Dcobertura.skip=true

[INFO] Scanning for projects...
Warning: KebabPizza disabling incompatible org.jacoco:jacoco-maven-plugin from light-4j
Warning: KebabPizza disabling incompatible org.jacoco:jacoco-maven-plugin from decryptor
Warning: KebabPizza disabling incompatible org.jacoco:jacoco-maven-plugin from config
Warning: KebabPizza disabling incompatible org.jacoco:jacoco-maven-plugin from utility
Warning: KebabPizza disabling incompatible org.jacoco:jacoco-maven-plugin from http-string
Warning: KebabPizza disabling incompatible org.jacoco:jacoco-maven-plugin from service
Warning: KebabPizza disabling incompatible org.jacoco:jacoco-maven-plugin from status
Warning: KebabPizza disabling incompatible org.jacoco:jacoco-maven-plugin from common
Warning: KebabPizza disabling incompatible org.jacoco:jacoco-maven-plugin from handler
Warning: KebabPizza disabling incompatible org.jacoco:jacoco-maven-plugin from monad-result
Warning: KebabPizza disabling incompatible org.jacoco:jacoco-maven-plugin from switcher
Warning: KebabPizza disabling incompatible org.jacoco:jacoco-maven-plugin from registry
Warning: KebabPizza disabling incompatible org.jacoco:jacoco-maven-plugin from balance
Warning: KebabPizza disabling incompatible org.jacoco:jacoco-maven-plugin from cluster
Warning: KebabPizza disabling incompatible org.jacoco:jacoco-maven-plugin from client
Warning: KebabPizza disabling incompatible org.jacoco:jacoco-maven-plugin from exception
Warning: KebabPizza disabling incompatible org.jacoco:jacoco-maven-plugin from body
[INFO] Inspecting build with total of 17 modules...
[INFO] Installing Nexus Staging features:
[INFO]   ... total of 17 executions of maven-deploy-plugin replaced with nexus-staging-maven-plugin
[INFO] ------------------------------------------------------------------------
[INFO] Reactor Build Order:
[INFO] 
[INFO] Parent POM                                                         [pom]
[INFO] decryptor                                                          [jar]
[INFO] config                                                             [jar]
[INFO] utility                                                            [jar]
[INFO] http-string                                                        [jar]
[INFO] service                                                            [jar]
[INFO] status                                                             [jar]
[INFO] common                                                             [jar]
[INFO] handler                                                            [jar]
[INFO] monad-result                                                       [jar]
[INFO] switcher                                                           [jar]
[INFO] registry                                                           [jar]
[INFO] balance                                                            [jar]
[INFO] cluster                                                            [jar]
[INFO] client                                                             [jar]
[INFO] exception                                                          [jar]
[INFO] body                                                               [jar]
[INFO] 
[INFO] -----------------------< com.networknt:light-4j >-----------------------
[INFO] Building Parent POM 1.6.37-SNAPSHOT                               [1/17]
[INFO] --------------------------------[ pom ]---------------------------------
[INFO] 
[INFO] --- maven-clean-plugin:2.5:clean (default-clean) @ light-4j ---
[INFO] 
[INFO] --- build-helper-maven-plugin:3.0.0:add-test-source (add-test-source) @ light-4j ---
[INFO] Test Source directory: /home/srafi/after-cam-ready/compare_/compile_repair_output/work/933d85c96213/src/integration/java added.
[INFO] 
[INFO] --- build-helper-maven-plugin:3.0.0:add-test-resource (add-test-resource) @ light-4j ---
[INFO] 
[INFO] >>> maven-source-plugin:3.0.1:jar (attach-sources) > generate-sources @ light-4j >>>
[INFO] 
[INFO] <<< maven-source-plugin:3.0.1:jar (attach-sources) < generate-sources @ light-4j <<<
[INFO] 
[INFO] 
[INFO] --- maven-source-plugin:3.0.1:jar (attach-sources) @ light-4j ---
[INFO] 
[INFO] --- maven-javadoc-plugin:3.1.0:jar (attach-javadocs) @ light-4j ---
[INFO] Skipping javadoc generation
[INFO] 
[INFO] --- maven-install-plugin:2.4:install (default-install) @ light-4j ---
[INFO] Installing /home/srafi/after-cam-ready/compare_/compile_repair_output/work/933d85c96213/pom.xml to /home/srafi/.m2/repository/com/networknt/light-4j/1.6.37-SNAPSHOT/light-4j-1.6.37-SNAPSHOT.pom
[INFO] 
[INFO] ----------------------< com.networknt:decryptor >-----------------------
[INFO] Building decryptor 1.6.37-SNAPSHOT                                [2/17]
[INFO] --------------------------------[ jar ]---------------------------------
[INFO] 
[INFO] --- maven-clean-plugin:2.5:clean (default-clean) @ decryptor ---
[INFO] 
[INFO] --- maven-resources-plugin:2.6:resources (default-resources) @ decryptor ---
[INFO] Using 'UTF-8' encoding to copy filtered resources.
[INFO] skip non existing resourceDirectory /home/srafi/after-cam-ready/compare_/compile_repair_output/work/933d85c96213/decryptor/src/main/resources
[INFO] 
[INFO] --- maven-compiler-plugin:3.8.0:compile (default-compile) @ decryptor ---
[INFO] Changes detected - recompiling the module!
[INFO] Compiling 4 source files to /home/srafi/after-cam-ready/compare_/compile_repair_output/work/933d85c96213/decryptor/target/classes
[INFO] 
[INFO] --- build-helper-maven-plugin:3.0.0:add-test-source (add-test-source) @ decryptor ---
[INFO] Test Source directory: /home/srafi/after-cam-ready/compare_/compile_repair_output/work/933d85c96213/decryptor/src/integration/java added.
[INFO] 
[INFO] --- build-helper-maven-plugin:3.0.0:add-test-resource (add-test-resource) @ decryptor ---
[INFO] 
[INFO] --- maven-resources-plugin:2.6:testResources (default-testResources) @ decryptor ---
[INFO] Using 'UTF-8' encoding to copy filtered resources.
[INFO] skip non existing resourceDirectory /home/srafi/after-cam-ready/compare_/compile_repair_output/work/933d85c96213/decryptor/src/test/resources
[INFO] skip non existing resourceDirectory /home/srafi/after-cam-ready/compare_/compile_repair_output/work/933d85c96213/decryptor\src\integration\resources
[INFO] 
[INFO] --- maven-compiler-plugin:3.8.0:testCompile (default-testCompile) @ decryptor ---
[INFO] Changes detected - recompiling the module!
[INFO] Compiling 1 source file to /home/srafi/after-cam-ready/compare_/compile_repair_output/work/933d85c96213/decryptor/target/test-classes
[INFO] 
[INFO] --- maven-surefire-plugin:3.0.0-M8-SNAPSHOT:test (default-test) @ decryptor ---
[INFO] Downloading from apache.snapshots: https://repository.apache.org/snapshots/org/apache/maven/surefire/maven-surefire-common/3.0.0-M8-SNAPSHOT/maven-metadata.xml
[INFO] Downloading from apache.snapshots: https://repository.apache.org/snapshots/org/apache/maven/surefire/surefire-api/3.0.0-M8-SNAPSHOT/maven-metadata.xml
[INFO] Downloading from apache.snapshots: https://repository.apache.org/snapshots/org/apache/maven/surefire/surefire-logger-api/3.0.0-M8-SNAPSHOT/maven-metadata.xml
[INFO] Downloading from apache.snapshots: https://repository.apache.org/snapshots/org/apache/maven/surefire/surefire-shared-utils/3.0.0-M8-SNAPSHOT/maven-metadata.xml
[INFO] Downloading from apache.snapshots: https://repository.apache.org/snapshots/org/apache/maven/surefire/surefire-extensions-api/3.0.0-M8-SNAPSHOT/maven-metadata.xml
[INFO] Downloading from apache.snapshots: https://repository.apache.org/snapshots/org/apache/maven/surefire/surefire-booter/3.0.0-M8-SNAPSHOT/maven-metadata.xml
[INFO] Downloading from apache.snapshots: https://repository.apache.org/snapshots/org/apache/maven/surefire/surefire-extensions-spi/3.0.0-M8-SNAPSHOT/maven-metadata.xml
[INFO] Tests are skipped.
[INFO] 
[INFO] --- maven-jar-plugin:2.4:jar (default-jar) @ decryptor ---
[INFO] Building jar: /home/srafi/after-cam-ready/compare_/compile_repair_output/work/933d85c96213/decryptor/target/decryptor-1.6.37-SNAPSHOT.jar
[INFO] 
[INFO] >>> maven-source-plugin:3.0.1:jar (attach-sources) > generate-sources @ decryptor >>>
[INFO] 
[INFO] <<< maven-source-plugin:3.0.1:jar (attach-sources) < generate-sources @ decryptor <<<
[INFO] 
[INFO] 
[INFO] --- maven-source-plugin:3.0.1:jar (attach-sources) @ decryptor ---
[INFO] Building jar: /home/srafi/after-cam-ready/compare_/compile_repair_output/work/933d85c96213/decryptor/target/decryptor-1.6.37-SNAPSHOT-sources.jar
[INFO] 
[INFO] --- maven-javadoc-plugin:3.1.0:jar (attach-javadocs) @ decryptor ---
[INFO] Skipping javadoc generation
[INFO] 
[INFO] --- maven-install-plugin:2.4:install (default-install) @ decryptor ---
[INFO] Installing /home/srafi/after-cam-ready/compare_/compile_repair_output/work/933d85c96213/decryptor/target/decryptor-1.6.37-SNAPSHOT.jar to /home/srafi/.m2/repository/com/networknt/decryptor/1.6.37-SNAPSHOT/decryptor-1.6.37-SNAPSHOT.jar
[INFO] Installing /home/srafi/after-cam-ready/compare_/compile_repair_output/work/933d85c96213/decryptor/pom.xml to /home/srafi/.m2/repository/com/networknt/decryptor/1.6.37-SNAPSHOT/decryptor-1.6.37-SNAPSHOT.pom
[INFO] Installing /home/srafi/after-cam-ready/compare_/compile_repair_output/work/933d85c96213/decryptor/target/decryptor-1.6.37-SNAPSHOT-sources.jar to /home/srafi/.m2/repository/com/networknt/decryptor/1.6.37-SNAPSHOT/decryptor-1.6.37-SNAPSHOT-sources.jar
[INFO] 
[INFO] ------------------------< com.networknt:config >------------------------
[INFO] Building config 1.6.37-SNAPSHOT                                   [3/17]
[INFO] --------------------------------[ jar ]---------------------------------
[INFO] 
[INFO] --- maven-clean-plugin:2.5:clean (default-clean) @ config ---
[INFO] 
[INFO] --- maven-resources-plugin:2.6:resources (default-resources) @ config ---
[INFO] Using 'UTF-8' encoding to copy filtered resources.
[INFO] Copying 1 resource
[INFO] 
[INFO] --- maven-compiler-plugin:3.8.0:compile (default-compile) @ config ---
[INFO] Changes detected - recompiling the module!
[INFO] Compiling 9 source files to /home/srafi/after-cam-ready/compare_/compile_repair_output/work/933d85c96213/config/target/classes
[INFO] 
[INFO] --- build-helper-maven-plugin:3.0.0:add-test-source (add-test-source) @ config ---
[INFO] Test Source directory: /home/srafi/after-cam-ready/compare_/compile_repair_output/work/933d85c96213/config/src/integration/java added.
[INFO] 
[INFO] --- build-helper-maven-plugin:3.0.0:add-test-resource (add-test-resource) @ config ---
[INFO] 
[INFO] --- maven-resources-plugin:2.6:testResources (default-testResources) @ config ---
[INFO] Using 'UTF-8' encoding to copy filtered resources.
[INFO] Copying 16 resources
[INFO] skip non existing resourceDirectory /home/srafi/after-cam-ready/compare_/compile_repair_output/work/933d85c96213/config\src\integration\resources
[INFO] 
[INFO] --- maven-compiler-plugin:3.8.0:testCompile (default-testCompile) @ config ---
[INFO] Changes detected - recompiling the module!
[INFO] Compiling 21 source files to /home/srafi/after-cam-ready/compare_/compile_repair_output/work/933d85c96213/config/target/test-classes
[INFO] 
[INFO] --- maven-surefire-plugin:3.0.0-M8-SNAPSHOT:test (default-test) @ config ---
[INFO] Tests are skipped.
[INFO] 
[INFO] --- maven-jar-plugin:2.4:jar (default-jar) @ config ---
[INFO] Building jar: /home/srafi/after-cam-ready/compare_/compile_repair_output/work/933d85c96213/config/target/config-1.6.37-SNAPSHOT.jar
[INFO] 
[INFO] >>> maven-source-plugin:3.0.1:jar (attach-sources) > generate-sources @ config >>>
[INFO] 
[INFO] <<< maven-source-plugin:3.0.1:jar (attach-sources) < generate-sources @ config <<<
[INFO] 
[INFO] 
[INFO] --- maven-source-plugin:3.0.1:jar (attach-sources) @ config ---
[INFO] Building jar: /home/srafi/after-cam-ready/compare_/compile_repair_output/work/933d85c96213/config/target/config-1.6.37-SNAPSHOT-sources.jar
[INFO] 
[INFO] --- maven-javadoc-plugin:3.1.0:jar (attach-javadocs) @ config ---
[INFO] Skipping javadoc generation
[INFO] 
[INFO] --- maven-install-plugin:2.4:install (default-install) @ config ---
[INFO] Installing /home/srafi/after-cam-ready/compare_/compile_repair_output/work/933d85c96213/config/target/config-1.6.37-SNAPSHOT.jar to /home/srafi/.m2/repository/com/networknt/config/1.6.37-SNAPSHOT/config-1.6.37-SNAPSHOT.jar
[INFO] Installing /home/srafi/after-cam-ready/compare_/compile_repair_output/work/933d85c96213/config/pom.xml to /home/srafi/.m2/repository/com/networknt/config/1.6.37-SNAPSHOT/config-1.6.37-SNAPSHOT.pom
[INFO] Installing /home/srafi/after-cam-ready/compare_/compile_repair_output/work/933d85c96213/config/target/config-1.6.37-SNAPSHOT-sources.jar to /home/srafi/.m2/repository/com/networknt/config/1.6.37-SNAPSHOT/config-1.6.37-SNAPSHOT-sources.jar
[INFO] 
[INFO] -----------------------< com.networknt:utility >------------------------
[INFO] Building utility 1.6.37-SNAPSHOT                                  [4/17]
[INFO] --------------------------------[ jar ]---------------------------------
[INFO] 
[INFO] --- maven-clean-plugin:2.5:clean (default-clean) @ utility ---
[INFO] 
[INFO] --- maven-resources-plugin:2.6:resources (default-resources) @ utility ---
[INFO] Using 'UTF-8' encoding to copy filtered resources.
[INFO] skip non existing resourceDirectory /home/srafi/after-cam-ready/compare_/compile_repair_output/work/933d85c96213/utility/src/main/resources
[INFO] 
[INFO] --- maven-compiler-plugin:3.8.0:compile (default-compile) @ utility ---
[INFO] Changes detected - recompiling the module!
[INFO] Compiling 17 source files to /home/srafi/after-cam-ready/compare_/compile_repair_output/work/933d85c96213/utility/target/classes
[INFO] 
[INFO] --- build-helper-maven-plugin:3.0.0:add-test-source (add-test-source) @ utility ---
[INFO] Test Source directory: /home/srafi/after-cam-ready/compare_/compile_repair_output/work/933d85c96213/utility/src/integration/java added.
[INFO] 
[INFO] --- build-helper-maven-plugin:3.0.0:add-test-resource (add-test-resource) @ utility ---
[INFO] 
[INFO] --- maven-resources-plugin:2.6:testResources (default-testResources) @ utility ---
[INFO] Using 'UTF-8' encoding to copy filtered resources.
[INFO] Copying 5 resources
[INFO] skip non existing resourceDirectory /home/srafi/after-cam-ready/compare_/compile_repair_output/work/933d85c96213/utility\src\integration\resources
[INFO] 
[INFO] --- maven-compiler-plugin:3.8.0:testCompile (default-testCompile) @ utility ---
[INFO] Changes detected - recompiling the module!
[INFO] Compiling 8 source files to /home/srafi/after-cam-ready/compare_/compile_repair_output/work/933d85c96213/utility/target/test-classes
[INFO] 
[INFO] --- maven-surefire-plugin:3.0.0-M8-SNAPSHOT:test (default-test) @ utility ---
[INFO] Tests are skipped.
[INFO] 
[INFO] --- maven-jar-plugin:2.4:jar (default-jar) @ utility ---
[INFO] Building jar: /home/srafi/after-cam-ready/compare_/compile_repair_output/work/933d85c96213/utility/target/utility-1.6.37-SNAPSHOT.jar
[INFO] 
[INFO] >>> maven-source-plugin:3.0.1:jar (attach-sources) > generate-sources @ utility >>>
[INFO] 
[INFO] <<< maven-source-plugin:3.0.1:jar (attach-sources) < generate-sources @ utility <<<
[INFO] 
[INFO] 
[INFO] --- maven-source-plugin:3.0.1:jar (attach-sources) @ utility ---
[INFO] Building jar: /home/srafi/after-cam-ready/compare_/compile_repair_output/work/933d85c96213/utility/target/utility-1.6.37-SNAPSHOT-sources.jar
[INFO] 
[INFO] --- maven-javadoc-plugin:3.1.0:jar (attach-javadocs) @ utility ---
[INFO] Skipping javadoc generation
[INFO] 
[INFO] --- maven-install-plugin:2.4:install (default-install) @ utility ---
[INFO] Installing /home/srafi/after-cam-ready/compare_/compile_repair_output/work/933d85c96213/utility/target/utility-1.6.37-SNAPSHOT.jar to /home/srafi/.m2/repository/com/networknt/utility/1.6.37-SNAPSHOT/utility-1.6.37-SNAPSHOT.jar
[INFO] Installing /home/srafi/after-cam-ready/compare_/compile_repair_output/work/933d85c96213/utility/pom.xml to /home/srafi/.m2/repository/com/networknt/utility/1.6.37-SNAPSHOT/utility-1.6.37-SNAPSHOT.pom
[INFO] Installing /home/srafi/after-cam-ready/compare_/compile_repair_output/work/933d85c96213/utility/target/utility-1.6.37-SNAPSHOT-sources.jar to /home/srafi/.m2/repository/com/networknt/utility/1.6.37-SNAPSHOT/utility-1.6.37-SNAPSHOT-sources.jar
[INFO] 
[INFO] ---------------------< com.networknt:http-string >----------------------
[INFO] Building http-string 1.6.37-SNAPSHOT                              [5/17]
[INFO] --------------------------------[ jar ]---------------------------------
[INFO] 
[INFO] --- maven-clean-plugin:2.5:clean (default-clean) @ http-string ---
[INFO] 
[INFO] --- maven-resources-plugin:2.6:resources (default-resources) @ http-string ---
[INFO] Using 'UTF-8' encoding to copy filtered resources.
[INFO] skip non existing resourceDirectory /home/srafi/after-cam-ready/compare_/compile_repair_output/work/933d85c96213/http-string/src/main/resources
[INFO] 
[INFO] --- maven-compiler-plugin:3.8.0:compile (default-compile) @ http-string ---
[INFO] Changes detected - recompiling the module!
[INFO] Compiling 3 source files to /home/srafi/after-cam-ready/compare_/compile_repair_output/work/933d85c96213/http-string/target/classes
[INFO] 
[INFO] --- build-helper-maven-plugin:3.0.0:add-test-source (add-test-source) @ http-string ---
[INFO] Test Source directory: /home/srafi/after-cam-ready/compare_/compile_repair_output/work/933d85c96213/http-string/src/integration/java added.
[INFO] 
[INFO] --- build-helper-maven-plugin:3.0.0:add-test-resource (add-test-resource) @ http-string ---
[INFO] 
[INFO] --- maven-resources-plugin:2.6:testResources (default-testResources) @ http-string ---
[INFO] Using 'UTF-8' encoding to copy filtered resources.
[INFO] skip non existing resourceDirectory /home/srafi/after-cam-ready/compare_/compile_repair_output/work/933d85c96213/http-string/src/test/resources
[INFO] skip non existing resourceDirectory /home/srafi/after-cam-ready/compare_/compile_repair_output/work/933d85c96213/http-string\src\integration\resources
[INFO] 
[INFO] --- maven-compiler-plugin:3.8.0:testCompile (default-testCompile) @ http-string ---
[INFO] No sources to compile
[INFO] 
[INFO] --- maven-surefire-plugin:3.0.0-M8-SNAPSHOT:test (default-test) @ http-string ---
[INFO] Tests are skipped.
[INFO] 
[INFO] --- maven-jar-plugin:2.4:jar (default-jar) @ http-string ---
[INFO] Building jar: /home/srafi/after-cam-ready/compare_/compile_repair_output/work/933d85c96213/http-string/target/http-string-1.6.37-SNAPSHOT.jar
[INFO] 
[INFO] >>> maven-source-plugin:3.0.1:jar (attach-sources) > generate-sources @ http-string >>>
[INFO] 
[INFO] <<< maven-source-plugin:3.0.1:jar (attach-sources) < generate-sources @ http-string <<<
[INFO] 
[INFO] 
[INFO] --- maven-source-plugin:3.0.1:jar (attach-sources) @ http-string ---
[INFO] Building jar: /home/srafi/after-cam-ready/compare_/compile_repair_output/work/933d85c96213/http-string/target/http-string-1.6.37-SNAPSHOT-sources.jar
[INFO] 
[INFO] --- maven-javadoc-plugin:3.1.0:jar (attach-javadocs) @ http-string ---
[INFO] Skipping javadoc generation
[INFO] 
[INFO] --- maven-install-plugin:2.4:install (default-install) @ http-string ---
[INFO] Installing /home/srafi/after-cam-ready/compare_/compile_repair_output/work/933d85c96213/http-string/target/http-string-1.6.37-SNAPSHOT.jar to /home/srafi/.m2/repository/com/networknt/http-string/1.6.37-SNAPSHOT/http-string-1.6.37-SNAPSHOT.jar
[INFO] Installing /home/srafi/after-cam-ready/compare_/compile_repair_output/work/933d85c96213/http-string/pom.xml to /home/srafi/.m2/repository/com/networknt/http-string/1.6.37-SNAPSHOT/http-string-1.6.37-SNAPSHOT.pom
[INFO] Installing /home/srafi/after-cam-ready/compare_/compile_repair_output/work/933d85c96213/http-string/target/http-string-1.6.37-SNAPSHOT-sources.jar to /home/srafi/.m2/repository/com/networknt/http-string/1.6.37-SNAPSHOT/http-string-1.6.37-SNAPSHOT-sources.jar
[INFO] 
[INFO] -----------------------< com.networknt:service >------------------------
[INFO] Building service 1.6.37-SNAPSHOT                                  [6/17]
[INFO] --------------------------------[ jar ]---------------------------------
[INFO] 
[INFO] --- maven-clean-plugin:2.5:clean (default-clean) @ service ---
[INFO] 
[INFO] --- maven-resources-plugin:2.6:resources (default-resources) @ service ---
[INFO] Using 'UTF-8' encoding to copy filtered resources.
[INFO] skip non existing resourceDirectory /home/srafi/after-cam-ready/compare_/compile_repair_output/work/933d85c96213/service/src/main/resources
[INFO] 
[INFO] --- maven-compiler-plugin:3.8.0:compile (default-compile) @ service ---
[INFO] Changes detected - recompiling the module!
[INFO] Compiling 3 source files to /home/srafi/after-cam-ready/compare_/compile_repair_output/work/933d85c96213/service/target/classes
[INFO] 
[INFO] --- build-helper-maven-plugin:3.0.0:add-test-source (add-test-source) @ service ---
[INFO] Test Source directory: /home/srafi/after-cam-ready/compare_/compile_repair_output/work/933d85c96213/service/src/integration/java added.
[INFO] 
[INFO] --- build-helper-maven-plugin:3.0.0:add-test-resource (add-test-resource) @ service ---
[INFO] 
[INFO] --- maven-resources-plugin:2.6:testResources (default-testResources) @ service ---
[INFO] Using 'UTF-8' encoding to copy filtered resources.
[INFO] Copying 2 resources
[INFO] skip non existing resourceDirectory /home/srafi/after-cam-ready/compare_/compile_repair_output/work/933d85c96213/service\src\integration\resources
[INFO] 
[INFO] --- maven-compiler-plugin:3.8.0:testCompile (default-testCompile) @ service ---
[INFO] Changes detected - recompiling the module!
[INFO] Compiling 49 source files to /home/srafi/after-cam-ready/compare_/compile_repair_output/work/933d85c96213/service/target/test-classes
[INFO] 
[INFO] --- maven-surefire-plugin:3.0.0-M8-SNAPSHOT:test (default-test) @ service ---
[INFO] Tests are skipped.
[INFO] 
[INFO] --- maven-jar-plugin:2.4:jar (default-jar) @ service ---
[INFO] Building jar: /home/srafi/after-cam-ready/compare_/compile_repair_output/work/933d85c96213/service/target/service-1.6.37-SNAPSHOT.jar
[INFO] 
[INFO] >>> maven-source-plugin:3.0.1:jar (attach-sources) > generate-sources @ service >>>
[INFO] 
[INFO] <<< maven-source-plugin:3.0.1:jar (attach-sources) < generate-sources @ service <<<
[INFO] 
[INFO] 
[INFO] --- maven-source-plugin:3.0.1:jar (attach-sources) @ service ---
[INFO] Building jar: /home/srafi/after-cam-ready/compare_/compile_repair_output/work/933d85c96213/service/target/service-1.6.37-SNAPSHOT-sources.jar
[INFO] 
[INFO] --- maven-javadoc-plugin:3.1.0:jar (attach-javadocs) @ service ---
[INFO] Skipping javadoc generation
[INFO] 
[INFO] --- maven-install-plugin:2.4:install (default-install) @ service ---
[INFO] Installing /home/srafi/after-cam-ready/compare_/compile_repair_output/work/933d85c96213/service/target/service-1.6.37-SNAPSHOT.jar to /home/srafi/.m2/repository/com/networknt/service/1.6.37-SNAPSHOT/service-1.6.37-SNAPSHOT.jar
[INFO] Installing /home/srafi/after-cam-ready/compare_/compile_repair_output/work/933d85c96213/service/pom.xml to /home/srafi/.m2/repository/com/networknt/service/1.6.37-SNAPSHOT/service-1.6.37-SNAPSHOT.pom
[INFO] Installing /home/srafi/after-cam-ready/compare_/compile_repair_output/work/933d85c96213/service/target/service-1.6.37-SNAPSHOT-sources.jar to /home/srafi/.m2/repository/com/networknt/service/1.6.37-SNAPSHOT/service-1.6.37-SNAPSHOT-sources.jar
[INFO] 
[INFO] ------------------------< com.networknt:status >------------------------
[INFO] Building status 1.6.37-SNAPSHOT                                   [7/17]
[INFO] --------------------------------[ jar ]---------------------------------
[INFO] 
[INFO] --- maven-clean-plugin:2.5:clean (default-clean) @ status ---
[INFO] 
[INFO] --- maven-resources-plugin:2.6:resources (default-resources) @ status ---
[INFO] Using 'UTF-8' encoding to copy filtered resources.
[INFO] Copying 1 resource
[INFO] 
[INFO] --- maven-compiler-plugin:3.8.0:compile (default-compile) @ status ---
[INFO] Changes detected - recompiling the module!
[INFO] Compiling 8 source files to /home/srafi/after-cam-ready/compare_/compile_repair_output/work/933d85c96213/status/target/classes
[INFO] 
[INFO] --- build-helper-maven-plugin:3.0.0:add-test-source (add-test-source) @ status ---
[INFO] Test Source directory: /home/srafi/after-cam-ready/compare_/compile_repair_output/work/933d85c96213/status/src/integration/java added.
[INFO] 
[INFO] --- build-helper-maven-plugin:3.0.0:add-test-resource (add-test-resource) @ status ---
[INFO] 
[INFO] --- maven-resources-plugin:2.6:testResources (default-testResources) @ status ---
[INFO] Using 'UTF-8' encoding to copy filtered resources.
[INFO] Copying 1 resource
[INFO] skip non existing resourceDirectory /home/srafi/after-cam-ready/compare_/compile_repair_output/work/933d85c96213/status\src\integration\resources
[INFO] 
[INFO] --- maven-compiler-plugin:3.8.0:testCompile (default-testCompile) @ status ---
[INFO] Changes detected - recompiling the module!
[INFO] Compiling 7 source files to /home/srafi/after-cam-ready/compare_/compile_repair_output/work/933d85c96213/status/target/test-classes
[INFO] 
[INFO] --- maven-surefire-plugin:3.0.0-M8-SNAPSHOT:test (default-test) @ status ---
[INFO] Tests are skipped.
[INFO] 
[INFO] --- maven-jar-plugin:2.4:jar (default-jar) @ status ---
[INFO] Building jar: /home/srafi/after-cam-ready/compare_/compile_repair_output/work/933d85c96213/status/target/status-1.6.37-SNAPSHOT.jar
[INFO] 
[INFO] >>> maven-source-plugin:3.0.1:jar (attach-sources) > generate-sources @ status >>>
[INFO] 
[INFO] <<< maven-source-plugin:3.0.1:jar (attach-sources) < generate-sources @ status <<<
[INFO] 
[INFO] 
[INFO] --- maven-source-plugin:3.0.1:jar (attach-sources) @ status ---
[INFO] Building jar: /home/srafi/after-cam-ready/compare_/compile_repair_output/work/933d85c96213/status/target/status-1.6.37-SNAPSHOT-sources.jar
[INFO] 
[INFO] --- maven-javadoc-plugin:3.1.0:jar (attach-javadocs) @ status ---
[INFO] Skipping javadoc generation
[INFO] 
[INFO] --- maven-install-plugin:2.4:install (default-install) @ status ---
[INFO] Installing /home/srafi/after-cam-ready/compare_/compile_repair_output/work/933d85c96213/status/target/status-1.6.37-SNAPSHOT.jar to /home/srafi/.m2/repository/com/networknt/status/1.6.37-SNAPSHOT/status-1.6.37-SNAPSHOT.jar
[INFO] Installing /home/srafi/after-cam-ready/compare_/compile_repair_output/work/933d85c96213/status/pom.xml to /home/srafi/.m2/repository/com/networknt/status/1.6.37-SNAPSHOT/status-1.6.37-SNAPSHOT.pom
[INFO] Installing /home/srafi/after-cam-ready/compare_/compile_repair_output/work/933d85c96213/status/target/status-1.6.37-SNAPSHOT-sources.jar to /home/srafi/.m2/repository/com/networknt/status/1.6.37-SNAPSHOT/status-1.6.37-SNAPSHOT-sources.jar
[INFO] 
[INFO] ------------------------< com.networknt:common >------------------------
[INFO] Building common 1.6.37-SNAPSHOT                                   [8/17]
[INFO] --------------------------------[ jar ]---------------------------------
[INFO] 
[INFO] --- maven-clean-plugin:2.5:clean (default-clean) @ common ---
[INFO] 
[INFO] --- maven-resources-plugin:2.6:resources (default-resources) @ common ---
[INFO] Using 'UTF-8' encoding to copy filtered resources.
[INFO] skip non existing resourceDirectory /home/srafi/after-cam-ready/compare_/compile_repair_output/work/933d85c96213/common/src/main/resources
[INFO] 
[INFO] --- maven-compiler-plugin:3.8.0:compile (default-compile) @ common ---
[INFO] Changes detected - recompiling the module!
[INFO] Compiling 2 source files to /home/srafi/after-cam-ready/compare_/compile_repair_output/work/933d85c96213/common/target/classes
[INFO] 
[INFO] --- build-helper-maven-plugin:3.0.0:add-test-source (add-test-source) @ common ---
[INFO] Test Source directory: /home/srafi/after-cam-ready/compare_/compile_repair_output/work/933d85c96213/common/src/integration/java added.
[INFO] 
[INFO] --- build-helper-maven-plugin:3.0.0:add-test-resource (add-test-resource) @ common ---
[INFO] 
[INFO] --- maven-resources-plugin:2.6:testResources (default-testResources) @ common ---
[INFO] Using 'UTF-8' encoding to copy filtered resources.
[INFO] Copying 3 resources
[INFO] skip non existing resourceDirectory /home/srafi/after-cam-ready/compare_/compile_repair_output/work/933d85c96213/common\src\integration\resources
[INFO] 
[INFO] --- maven-compiler-plugin:3.8.0:testCompile (default-testCompile) @ common ---
[INFO] Changes detected - recompiling the module!
[INFO] Compiling 2 source files to /home/srafi/after-cam-ready/compare_/compile_repair_output/work/933d85c96213/common/target/test-classes
[INFO] 
[INFO] --- maven-surefire-plugin:3.0.0-M8-SNAPSHOT:test (default-test) @ common ---
[INFO] Tests are skipped.
[INFO] 
[INFO] --- maven-jar-plugin:2.4:jar (default-jar) @ common ---
[INFO] Building jar: /home/srafi/after-cam-ready/compare_/compile_repair_output/work/933d85c96213/common/target/common-1.6.37-SNAPSHOT.jar
[INFO] 
[INFO] >>> maven-source-plugin:3.0.1:jar (attach-sources) > generate-sources @ common >>>
[INFO] 
[INFO] <<< maven-source-plugin:3.0.1:jar (attach-sources) < generate-sources @ common <<<
[INFO] 
[INFO] 
[INFO] --- maven-source-plugin:3.0.1:jar (attach-sources) @ common ---
[INFO] Building jar: /home/srafi/after-cam-ready/compare_/compile_repair_output/work/933d85c96213/common/target/common-1.6.37-SNAPSHOT-sources.jar
[INFO] 
[INFO] --- maven-javadoc-plugin:3.1.0:jar (attach-javadocs) @ common ---
[INFO] Skipping javadoc generation
[INFO] 
[INFO] --- maven-install-plugin:2.4:install (default-install) @ common ---
[INFO] Installing /home/srafi/after-cam-ready/compare_/compile_repair_output/work/933d85c96213/common/target/common-1.6.37-SNAPSHOT.jar to /home/srafi/.m2/repository/com/networknt/common/1.6.37-SNAPSHOT/common-1.6.37-SNAPSHOT.jar
[INFO] Installing /home/srafi/after-cam-ready/compare_/compile_repair_output/work/933d85c96213/common/pom.xml to /home/srafi/.m2/repository/com/networknt/common/1.6.37-SNAPSHOT/common-1.6.37-SNAPSHOT.pom
[INFO] Installing /home/srafi/after-cam-ready/compare_/compile_repair_output/work/933d85c96213/common/target/common-1.6.37-SNAPSHOT-sources.jar to /home/srafi/.m2/repository/com/networknt/common/1.6.37-SNAPSHOT/common-1.6.37-SNAPSHOT-sources.jar
[INFO] 
[INFO] -----------------------< com.networknt:handler >------------------------
[INFO] Building handler 1.6.37-SNAPSHOT                                  [9/17]
[INFO] --------------------------------[ jar ]---------------------------------
[INFO] 
[INFO] --- maven-clean-plugin:2.5:clean (default-clean) @ handler ---
[INFO] 
[INFO] --- maven-resources-plugin:2.6:resources (default-resources) @ handler ---
[INFO] Using 'UTF-8' encoding to copy filtered resources.
[INFO] skip non existing resourceDirectory /home/srafi/after-cam-ready/compare_/compile_repair_output/work/933d85c96213/handler/src/main/resources
[INFO] 
[INFO] --- maven-compiler-plugin:3.8.0:compile (default-compile) @ handler ---
[INFO] Changes detected - recompiling the module!
[INFO] Compiling 11 source files to /home/srafi/after-cam-ready/compare_/compile_repair_output/work/933d85c96213/handler/target/classes
[INFO] 
[INFO] --- build-helper-maven-plugin:3.0.0:add-test-source (add-test-source) @ handler ---
[INFO] Test Source directory: /home/srafi/after-cam-ready/compare_/compile_repair_output/work/933d85c96213/handler/src/integration/java added.
[INFO] 
[INFO] --- build-helper-maven-plugin:3.0.0:add-test-resource (add-test-resource) @ handler ---
[INFO] 
[INFO] --- maven-resources-plugin:2.6:testResources (default-testResources) @ handler ---
[INFO] Using 'UTF-8' encoding to copy filtered resources.
[INFO] Copying 5 resources
[INFO] skip non existing resourceDirectory /home/srafi/after-cam-ready/compare_/compile_repair_output/work/933d85c96213/handler\src\integration\resources
[INFO] 
[INFO] --- maven-compiler-plugin:3.8.0:testCompile (default-testCompile) @ handler ---
[INFO] Changes detected - recompiling the module!
[INFO] Compiling 5 source files to /home/srafi/after-cam-ready/compare_/compile_repair_output/work/933d85c96213/handler/target/test-classes
[INFO] 
[INFO] --- maven-surefire-plugin:3.0.0-M8-SNAPSHOT:test (default-test) @ handler ---
[INFO] Tests are skipped.
[INFO] 
[INFO] --- maven-jar-plugin:2.4:jar (default-jar) @ handler ---
[INFO] Building jar: /home/srafi/after-cam-ready/compare_/compile_repair_output/work/933d85c96213/handler/target/handler-1.6.37-SNAPSHOT.jar
[INFO] 
[INFO] >>> maven-source-plugin:3.0.1:jar (attach-sources) > generate-sources @ handler >>>
[INFO] 
[INFO] <<< maven-source-plugin:3.0.1:jar (attach-sources) < generate-sources @ handler <<<
[INFO] 
[INFO] 
[INFO] --- maven-source-plugin:3.0.1:jar (attach-sources) @ handler ---
[INFO] Building jar: /home/srafi/after-cam-ready/compare_/compile_repair_output/work/933d85c96213/handler/target/handler-1.6.37-SNAPSHOT-sources.jar
[INFO] 
[INFO] --- maven-javadoc-plugin:3.1.0:jar (attach-javadocs) @ handler ---
[INFO] Skipping javadoc generation
[INFO] 
[INFO] --- maven-install-plugin:2.4:install (default-install) @ handler ---
[INFO] Installing /home/srafi/after-cam-ready/compare_/compile_repair_output/work/933d85c96213/handler/target/handler-1.6.37-SNAPSHOT.jar to /home/srafi/.m2/repository/com/networknt/handler/1.6.37-SNAPSHOT/handler-1.6.37-SNAPSHOT.jar
[INFO] Installing /home/srafi/after-cam-ready/compare_/compile_repair_output/work/933d85c96213/handler/pom.xml to /home/srafi/.m2/repository/com/networknt/handler/1.6.37-SNAPSHOT/handler-1.6.37-SNAPSHOT.pom
[INFO] Installing /home/srafi/after-cam-ready/compare_/compile_repair_output/work/933d85c96213/handler/target/handler-1.6.37-SNAPSHOT-sources.jar to /home/srafi/.m2/repository/com/networknt/handler/1.6.37-SNAPSHOT/handler-1.6.37-SNAPSHOT-sources.jar
[INFO] 
[INFO] ---------------------< com.networknt:monad-result >---------------------
[INFO] Building monad-result 1.6.37-SNAPSHOT                            [10/17]
[INFO] --------------------------------[ jar ]---------------------------------
[INFO] 
[INFO] --- maven-clean-plugin:2.5:clean (default-clean) @ monad-result ---
[INFO] 
[INFO] --- maven-resources-plugin:2.6:resources (default-resources) @ monad-result ---
[INFO] Using 'UTF-8' encoding to copy filtered resources.
[INFO] skip non existing resourceDirectory /home/srafi/after-cam-ready/compare_/compile_repair_output/work/933d85c96213/monad-result/src/main/resources
[INFO] 
[INFO] --- maven-compiler-plugin:3.8.0:compile (default-compile) @ monad-result ---
[INFO] Changes detected - recompiling the module!
[INFO] Compiling 3 source files to /home/srafi/after-cam-ready/compare_/compile_repair_output/work/933d85c96213/monad-result/target/classes
[INFO] 
[INFO] --- build-helper-maven-plugin:3.0.0:add-test-source (add-test-source) @ monad-result ---
[INFO] Test Source directory: /home/srafi/after-cam-ready/compare_/compile_repair_output/work/933d85c96213/monad-result/src/integration/java added.
[INFO] 
[INFO] --- build-helper-maven-plugin:3.0.0:add-test-resource (add-test-resource) @ monad-result ---
[INFO] 
[INFO] --- maven-resources-plugin:2.6:testResources (default-testResources) @ monad-result ---
[INFO] Using 'UTF-8' encoding to copy filtered resources.
[INFO] Copying 1 resource
[INFO] skip non existing resourceDirectory /home/srafi/after-cam-ready/compare_/compile_repair_output/work/933d85c96213/monad-result\src\integration\resources
[INFO] 
[INFO] --- maven-compiler-plugin:3.8.0:testCompile (default-testCompile) @ monad-result ---
[INFO] Changes detected - recompiling the module!
[INFO] Compiling 1 source file to /home/srafi/after-cam-ready/compare_/compile_repair_output/work/933d85c96213/monad-result/target/test-classes
[INFO] 
[INFO] --- maven-surefire-plugin:3.0.0-M8-SNAPSHOT:test (default-test) @ monad-result ---
[INFO] Tests are skipped.
[INFO] 
[INFO] --- maven-jar-plugin:2.4:jar (default-jar) @ monad-result ---
[INFO] Building jar: /home/srafi/after-cam-ready/compare_/compile_repair_output/work/933d85c96213/monad-result/target/monad-result-1.6.37-SNAPSHOT.jar
[INFO] 
[INFO] >>> maven-source-plugin:3.0.1:jar (attach-sources) > generate-sources @ monad-result >>>
[INFO] 
[INFO] <<< maven-source-plugin:3.0.1:jar (attach-sources) < generate-sources @ monad-result <<<
[INFO] 
[INFO] 
[INFO] --- maven-source-plugin:3.0.1:jar (attach-sources) @ monad-result ---
[INFO] Building jar: /home/srafi/after-cam-ready/compare_/compile_repair_output/work/933d85c96213/monad-result/target/monad-result-1.6.37-SNAPSHOT-sources.jar
[INFO] 
[INFO] --- maven-javadoc-plugin:3.1.0:jar (attach-javadocs) @ monad-result ---
[INFO] Skipping javadoc generation
[INFO] 
[INFO] --- maven-install-plugin:2.4:install (default-install) @ monad-result ---
[INFO] Installing /home/srafi/after-cam-ready/compare_/compile_repair_output/work/933d85c96213/monad-result/target/monad-result-1.6.37-SNAPSHOT.jar to /home/srafi/.m2/repository/com/networknt/monad-result/1.6.37-SNAPSHOT/monad-result-1.6.37-SNAPSHOT.jar
[INFO] Installing /home/srafi/after-cam-ready/compare_/compile_repair_output/work/933d85c96213/monad-result/pom.xml to /home/srafi/.m2/repository/com/networknt/monad-result/1.6.37-SNAPSHOT/monad-result-1.6.37-SNAPSHOT.pom
[INFO] Installing /home/srafi/after-cam-ready/compare_/compile_repair_output/work/933d85c96213/monad-result/target/monad-result-1.6.37-SNAPSHOT-sources.jar to /home/srafi/.m2/repository/com/networknt/monad-result/1.6.37-SNAPSHOT/monad-result-1.6.37-SNAPSHOT-sources.jar
[INFO] 
[INFO] -----------------------< com.networknt:switcher >-----------------------
[INFO] Building switcher 1.6.37-SNAPSHOT                                [11/17]
[INFO] --------------------------------[ jar ]---------------------------------
[INFO] 
[INFO] --- maven-clean-plugin:2.5:clean (default-clean) @ switcher ---
[INFO] 
[INFO] --- maven-resources-plugin:2.6:resources (default-resources) @ switcher ---
[INFO] Using 'UTF-8' encoding to copy filtered resources.
[INFO] skip non existing resourceDirectory /home/srafi/after-cam-ready/compare_/compile_repair_output/work/933d85c96213/switcher/src/main/resources
[INFO] 
[INFO] --- maven-compiler-plugin:3.8.0:compile (default-compile) @ switcher ---
[INFO] Changes detected - recompiling the module!
[INFO] Compiling 5 source files to /home/srafi/after-cam-ready/compare_/compile_repair_output/work/933d85c96213/switcher/target/classes
[INFO] 
[INFO] --- build-helper-maven-plugin:3.0.0:add-test-source (add-test-source) @ switcher ---
[INFO] Test Source directory: /home/srafi/after-cam-ready/compare_/compile_repair_output/work/933d85c96213/switcher/src/integration/java added.
[INFO] 
[INFO] --- build-helper-maven-plugin:3.0.0:add-test-resource (add-test-resource) @ switcher ---
[INFO] 
[INFO] --- maven-resources-plugin:2.6:testResources (default-testResources) @ switcher ---
[INFO] Using 'UTF-8' encoding to copy filtered resources.
[INFO] Copying 1 resource
[INFO] skip non existing resourceDirectory /home/srafi/after-cam-ready/compare_/compile_repair_output/work/933d85c96213/switcher\src\integration\resources
[INFO] 
[INFO] --- maven-compiler-plugin:3.8.0:testCompile (default-testCompile) @ switcher ---
[INFO] Changes detected - recompiling the module!
[INFO] Compiling 1 source file to /home/srafi/after-cam-ready/compare_/compile_repair_output/work/933d85c96213/switcher/target/test-classes
[INFO] 
[INFO] --- maven-surefire-plugin:3.0.0-M8-SNAPSHOT:test (default-test) @ switcher ---
[INFO] Tests are skipped.
[INFO] 
[INFO] --- maven-jar-plugin:2.4:jar (default-jar) @ switcher ---
[INFO] Building jar: /home/srafi/after-cam-ready/compare_/compile_repair_output/work/933d85c96213/switcher/target/switcher-1.6.37-SNAPSHOT.jar
[INFO] 
[INFO] >>> maven-source-plugin:3.0.1:jar (attach-sources) > generate-sources @ switcher >>>
[INFO] 
[INFO] <<< maven-source-plugin:3.0.1:jar (attach-sources) < generate-sources @ switcher <<<
[INFO] 
[INFO] 
[INFO] --- maven-source-plugin:3.0.1:jar (attach-sources) @ switcher ---
[INFO] Building jar: /home/srafi/after-cam-ready/compare_/compile_repair_output/work/933d85c96213/switcher/target/switcher-1.6.37-SNAPSHOT-sources.jar
[INFO] 
[INFO] --- maven-javadoc-plugin:3.1.0:jar (attach-javadocs) @ switcher ---
[INFO] Skipping javadoc generation
[INFO] 
[INFO] --- maven-install-plugin:2.4:install (default-install) @ switcher ---
[INFO] Installing /home/srafi/after-cam-ready/compare_/compile_repair_output/work/933d85c96213/switcher/target/switcher-1.6.37-SNAPSHOT.jar to /home/srafi/.m2/repository/com/networknt/switcher/1.6.37-SNAPSHOT/switcher-1.6.37-SNAPSHOT.jar
[INFO] Installing /home/srafi/after-cam-ready/compare_/compile_repair_output/work/933d85c96213/switcher/pom.xml to /home/srafi/.m2/repository/com/networknt/switcher/1.6.37-SNAPSHOT/switcher-1.6.37-SNAPSHOT.pom
[INFO] Installing /home/srafi/after-cam-ready/compare_/compile_repair_output/work/933d85c96213/switcher/target/switcher-1.6.37-SNAPSHOT-sources.jar to /home/srafi/.m2/repository/com/networknt/switcher/1.6.37-SNAPSHOT/switcher-1.6.37-SNAPSHOT-sources.jar
[INFO] 
[INFO] -----------------------< com.networknt:registry >-----------------------
[INFO] Building registry 1.6.37-SNAPSHOT                                [12/17]
[INFO] --------------------------------[ jar ]---------------------------------
[INFO] 
[INFO] --- maven-clean-plugin:2.5:clean (default-clean) @ registry ---
[INFO] 
[INFO] --- maven-resources-plugin:2.6:resources (default-resources) @ registry ---
[INFO] Using 'UTF-8' encoding to copy filtered resources.
[INFO] skip non existing resourceDirectory /home/srafi/after-cam-ready/compare_/compile_repair_output/work/933d85c96213/registry/src/main/resources
[INFO] 
[INFO] --- maven-compiler-plugin:3.8.0:compile (default-compile) @ registry ---
[INFO] Changes detected - recompiling the module!
[INFO] Compiling 15 source files to /home/srafi/after-cam-ready/compare_/compile_repair_output/work/933d85c96213/registry/target/classes
[INFO] 
[INFO] --- build-helper-maven-plugin:3.0.0:add-test-source (add-test-source) @ registry ---
[INFO] Test Source directory: /home/srafi/after-cam-ready/compare_/compile_repair_output/work/933d85c96213/registry/src/integration/java added.
[INFO] 
[INFO] --- build-helper-maven-plugin:3.0.0:add-test-resource (add-test-resource) @ registry ---
[INFO] 
[INFO] --- maven-resources-plugin:2.6:testResources (default-testResources) @ registry ---
[INFO] Using 'UTF-8' encoding to copy filtered resources.
[INFO] Copying 3 resources
[INFO] skip non existing resourceDirectory /home/srafi/after-cam-ready/compare_/compile_repair_output/work/933d85c96213/registry\src\integration\resources
[INFO] 
[INFO] --- maven-compiler-plugin:3.8.0:testCompile (default-testCompile) @ registry ---
[INFO] Changes detected - recompiling the module!
[INFO] Compiling 2 source files to /home/srafi/after-cam-ready/compare_/compile_repair_output/work/933d85c96213/registry/target/test-classes
[INFO] 
[INFO] --- maven-surefire-plugin:3.0.0-M8-SNAPSHOT:test (default-test) @ registry ---
[INFO] Tests are skipped.
[INFO] 
[INFO] --- maven-jar-plugin:2.4:jar (default-jar) @ registry ---
[INFO] Building jar: /home/srafi/after-cam-ready/compare_/compile_repair_output/work/933d85c96213/registry/target/registry-1.6.37-SNAPSHOT.jar
[INFO] 
[INFO] >>> maven-source-plugin:3.0.1:jar (attach-sources) > generate-sources @ registry >>>
[INFO] 
[INFO] <<< maven-source-plugin:3.0.1:jar (attach-sources) < generate-sources @ registry <<<
[INFO] 
[INFO] 
[INFO] --- maven-source-plugin:3.0.1:jar (attach-sources) @ registry ---
[INFO] Building jar: /home/srafi/after-cam-ready/compare_/compile_repair_output/work/933d85c96213/registry/target/registry-1.6.37-SNAPSHOT-sources.jar
[INFO] 
[INFO] --- maven-javadoc-plugin:3.1.0:jar (attach-javadocs) @ registry ---
[INFO] Skipping javadoc generation
[INFO] 
[INFO] --- maven-install-plugin:2.4:install (default-install) @ registry ---
[INFO] Installing /home/srafi/after-cam-ready/compare_/compile_repair_output/work/933d85c96213/registry/target/registry-1.6.37-SNAPSHOT.jar to /home/srafi/.m2/repository/com/networknt/registry/1.6.37-SNAPSHOT/registry-1.6.37-SNAPSHOT.jar
[INFO] Installing /home/srafi/after-cam-ready/compare_/compile_repair_output/work/933d85c96213/registry/pom.xml to /home/srafi/.m2/repository/com/networknt/registry/1.6.37-SNAPSHOT/registry-1.6.37-SNAPSHOT.pom
[INFO] Installing /home/srafi/after-cam-ready/compare_/compile_repair_output/work/933d85c96213/registry/target/registry-1.6.37-SNAPSHOT-sources.jar to /home/srafi/.m2/repository/com/networknt/registry/1.6.37-SNAPSHOT/registry-1.6.37-SNAPSHOT-sources.jar
[INFO] 
[INFO] -----------------------< com.networknt:balance >------------------------
[INFO] Building balance 1.6.37-SNAPSHOT                                 [13/17]
[INFO] --------------------------------[ jar ]---------------------------------
[INFO] 
[INFO] --- maven-clean-plugin:2.5:clean (default-clean) @ balance ---
[INFO] 
[INFO] --- maven-resources-plugin:2.6:resources (default-resources) @ balance ---
[INFO] Using 'UTF-8' encoding to copy filtered resources.
[INFO] skip non existing resourceDirectory /home/srafi/after-cam-ready/compare_/compile_repair_output/work/933d85c96213/balance/src/main/resources
[INFO] 
[INFO] --- maven-compiler-plugin:3.8.0:compile (default-compile) @ balance ---
[INFO] Changes detected - recompiling the module!
[INFO] Compiling 4 source files to /home/srafi/after-cam-ready/compare_/compile_repair_output/work/933d85c96213/balance/target/classes
[INFO] 
[INFO] --- build-helper-maven-plugin:3.0.0:add-test-source (add-test-source) @ balance ---
[INFO] Test Source directory: /home/srafi/after-cam-ready/compare_/compile_repair_output/work/933d85c96213/balance/src/integration/java added.
[INFO] 
[INFO] --- build-helper-maven-plugin:3.0.0:add-test-resource (add-test-resource) @ balance ---
[INFO] 
[INFO] --- maven-resources-plugin:2.6:testResources (default-testResources) @ balance ---
[INFO] Using 'UTF-8' encoding to copy filtered resources.
[INFO] Copying 1 resource
[INFO] skip non existing resourceDirectory /home/srafi/after-cam-ready/compare_/compile_repair_output/work/933d85c96213/balance\src\integration\resources
[INFO] 
[INFO] --- maven-compiler-plugin:3.8.0:testCompile (default-testCompile) @ balance ---
[INFO] Changes detected - recompiling the module!
[INFO] Compiling 3 source files to /home/srafi/after-cam-ready/compare_/compile_repair_output/work/933d85c96213/balance/target/test-classes
[INFO] 
[INFO] --- maven-surefire-plugin:3.0.0-M8-SNAPSHOT:test (default-test) @ balance ---
[INFO] Tests are skipped.
[INFO] 
[INFO] --- maven-jar-plugin:2.4:jar (default-jar) @ balance ---
[INFO] Building jar: /home/srafi/after-cam-ready/compare_/compile_repair_output/work/933d85c96213/balance/target/balance-1.6.37-SNAPSHOT.jar
[INFO] 
[INFO] >>> maven-source-plugin:3.0.1:jar (attach-sources) > generate-sources @ balance >>>
[INFO] 
[INFO] <<< maven-source-plugin:3.0.1:jar (attach-sources) < generate-sources @ balance <<<
[INFO] 
[INFO] 
[INFO] --- maven-source-plugin:3.0.1:jar (attach-sources) @ balance ---
[INFO] Building jar: /home/srafi/after-cam-ready/compare_/compile_repair_output/work/933d85c96213/balance/target/balance-1.6.37-SNAPSHOT-sources.jar
[INFO] 
[INFO] --- maven-javadoc-plugin:3.1.0:jar (attach-javadocs) @ balance ---
[INFO] Skipping javadoc generation
[INFO] 
[INFO] --- maven-install-plugin:2.4:install (default-install) @ balance ---
[INFO] Installing /home/srafi/after-cam-ready/compare_/compile_repair_output/work/933d85c96213/balance/target/balance-1.6.37-SNAPSHOT.jar to /home/srafi/.m2/repository/com/networknt/balance/1.6.37-SNAPSHOT/balance-1.6.37-SNAPSHOT.jar
[INFO] Installing /home/srafi/after-cam-ready/compare_/compile_repair_output/work/933d85c96213/balance/pom.xml to /home/srafi/.m2/repository/com/networknt/balance/1.6.37-SNAPSHOT/balance-1.6.37-SNAPSHOT.pom
[INFO] Installing /home/srafi/after-cam-ready/compare_/compile_repair_output/work/933d85c96213/balance/target/balance-1.6.37-SNAPSHOT-sources.jar to /home/srafi/.m2/repository/com/networknt/balance/1.6.37-SNAPSHOT/balance-1.6.37-SNAPSHOT-sources.jar
[INFO] 
[INFO] -----------------------< com.networknt:cluster >------------------------
[INFO] Building cluster 1.6.37-SNAPSHOT                                 [14/17]
[INFO] --------------------------------[ jar ]---------------------------------
[INFO] 
[INFO] --- maven-clean-plugin:2.5:clean (default-clean) @ cluster ---
[INFO] 
[INFO] --- maven-resources-plugin:2.6:resources (default-resources) @ cluster ---
[INFO] Using 'UTF-8' encoding to copy filtered resources.
[INFO] skip non existing resourceDirectory /home/srafi/after-cam-ready/compare_/compile_repair_output/work/933d85c96213/cluster/src/main/resources
[INFO] 
[INFO] --- maven-compiler-plugin:3.8.0:compile (default-compile) @ cluster ---
[INFO] Changes detected - recompiling the module!
[INFO] Compiling 2 source files to /home/srafi/after-cam-ready/compare_/compile_repair_output/work/933d85c96213/cluster/target/classes
[INFO] 
[INFO] --- build-helper-maven-plugin:3.0.0:add-test-source (add-test-source) @ cluster ---
[INFO] Test Source directory: /home/srafi/after-cam-ready/compare_/compile_repair_output/work/933d85c96213/cluster/src/integration/java added.
[INFO] 
[INFO] --- build-helper-maven-plugin:3.0.0:add-test-resource (add-test-resource) @ cluster ---
[INFO] 
[INFO] --- maven-resources-plugin:2.6:testResources (default-testResources) @ cluster ---
[INFO] Using 'UTF-8' encoding to copy filtered resources.
[INFO] Copying 2 resources
[INFO] skip non existing resourceDirectory /home/srafi/after-cam-ready/compare_/compile_repair_output/work/933d85c96213/cluster\src\integration\resources
[INFO] 
[INFO] --- maven-compiler-plugin:3.8.0:testCompile (default-testCompile) @ cluster ---
[INFO] Changes detected - recompiling the module!
[INFO] Compiling 1 source file to /home/srafi/after-cam-ready/compare_/compile_repair_output/work/933d85c96213/cluster/target/test-classes
[INFO] 
[INFO] --- maven-surefire-plugin:3.0.0-M8-SNAPSHOT:test (default-test) @ cluster ---
[INFO] Tests are skipped.
[INFO] 
[INFO] --- maven-jar-plugin:2.4:jar (default-jar) @ cluster ---
[INFO] Building jar: /home/srafi/after-cam-ready/compare_/compile_repair_output/work/933d85c96213/cluster/target/cluster-1.6.37-SNAPSHOT.jar
[INFO] 
[INFO] >>> maven-source-plugin:3.0.1:jar (attach-sources) > generate-sources @ cluster >>>
[INFO] 
[INFO] <<< maven-source-plugin:3.0.1:jar (attach-sources) < generate-sources @ cluster <<<
[INFO] 
[INFO] 
[INFO] --- maven-source-plugin:3.0.1:jar (attach-sources) @ cluster ---
[INFO] Building jar: /home/srafi/after-cam-ready/compare_/compile_repair_output/work/933d85c96213/cluster/target/cluster-1.6.37-SNAPSHOT-sources.jar
[INFO] 
[INFO] --- maven-javadoc-plugin:3.1.0:jar (attach-javadocs) @ cluster ---
[INFO] Skipping javadoc generation
[INFO] 
[INFO] --- maven-install-plugin:2.4:install (default-install) @ cluster ---
[INFO] Installing /home/srafi/after-cam-ready/compare_/compile_repair_output/work/933d85c96213/cluster/target/cluster-1.6.37-SNAPSHOT.jar to /home/srafi/.m2/repository/com/networknt/cluster/1.6.37-SNAPSHOT/cluster-1.6.37-SNAPSHOT.jar
[INFO] Installing /home/srafi/after-cam-ready/compare_/compile_repair_output/work/933d85c96213/cluster/pom.xml to /home/srafi/.m2/repository/com/networknt/cluster/1.6.37-SNAPSHOT/cluster-1.6.37-SNAPSHOT.pom
[INFO] Installing /home/srafi/after-cam-ready/compare_/compile_repair_output/work/933d85c96213/cluster/target/cluster-1.6.37-SNAPSHOT-sources.jar to /home/srafi/.m2/repository/com/networknt/cluster/1.6.37-SNAPSHOT/cluster-1.6.37-SNAPSHOT-sources.jar
[INFO] 
[INFO] ------------------------< com.networknt:client >------------------------
[INFO] Building client 1.6.37-SNAPSHOT                                  [15/17]
[INFO] --------------------------------[ jar ]---------------------------------
[INFO] 
[INFO] --- maven-clean-plugin:2.5:clean (default-clean) @ client ---
[INFO] 
[INFO] --- maven-resources-plugin:2.6:resources (default-resources) @ client ---
[INFO] Using 'UTF-8' encoding to copy filtered resources.
[INFO] Copying 2 resources
[INFO] 
[INFO] --- maven-compiler-plugin:3.8.0:compile (default-compile) @ client ---
[INFO] Changes detected - recompiling the module!
[INFO] Compiling 63 source files to /home/srafi/after-cam-ready/compare_/compile_repair_output/work/933d85c96213/client/target/classes
[INFO] 
[INFO] --- build-helper-maven-plugin:3.0.0:add-test-source (add-test-source) @ client ---
[INFO] Test Source directory: /home/srafi/after-cam-ready/compare_/compile_repair_output/work/933d85c96213/client/src/integration/java added.
[INFO] 
[INFO] --- build-helper-maven-plugin:3.0.0:add-test-resource (add-test-resource) @ client ---
[INFO] 
[INFO] --- maven-resources-plugin:2.6:testResources (default-testResources) @ client ---
[INFO] Using 'UTF-8' encoding to copy filtered resources.
[INFO] Copying 12 resources
[INFO] skip non existing resourceDirectory /home/srafi/after-cam-ready/compare_/compile_repair_output/work/933d85c96213/client\src\integration\resources
[INFO] 
[INFO] --- maven-compiler-plugin:3.8.0:testCompile (default-testCompile) @ client ---
[INFO] Changes detected - recompiling the module!
[INFO] Compiling 15 source files to /home/srafi/after-cam-ready/compare_/compile_repair_output/work/933d85c96213/client/target/test-classes
[INFO] 
[INFO] --- maven-surefire-plugin:3.0.0-M8-SNAPSHOT:test (default-test) @ client ---
[INFO] Tests are skipped.
[INFO] 
[INFO] --- maven-jar-plugin:2.4:jar (default-jar) @ client ---
[INFO] Building jar: /home/srafi/after-cam-ready/compare_/compile_repair_output/work/933d85c96213/client/target/client-1.6.37-SNAPSHOT.jar
[INFO] 
[INFO] >>> maven-source-plugin:3.0.1:jar (attach-sources) > generate-sources @ client >>>
[INFO] 
[INFO] <<< maven-source-plugin:3.0.1:jar (attach-sources) < generate-sources @ client <<<
[INFO] 
[INFO] 
[INFO] --- maven-source-plugin:3.0.1:jar (attach-sources) @ client ---
[INFO] Building jar: /home/srafi/after-cam-ready/compare_/compile_repair_output/work/933d85c96213/client/target/client-1.6.37-SNAPSHOT-sources.jar
[INFO] 
[INFO] --- maven-javadoc-plugin:3.1.0:jar (attach-javadocs) @ client ---
[INFO] Skipping javadoc generation
[INFO] 
[INFO] --- maven-install-plugin:2.4:install (default-install) @ client ---
[INFO] Installing /home/srafi/after-cam-ready/compare_/compile_repair_output/work/933d85c96213/client/target/client-1.6.37-SNAPSHOT.jar to /home/srafi/.m2/repository/com/networknt/client/1.6.37-SNAPSHOT/client-1.6.37-SNAPSHOT.jar
[INFO] Installing /home/srafi/after-cam-ready/compare_/compile_repair_output/work/933d85c96213/client/pom.xml to /home/srafi/.m2/repository/com/networknt/client/1.6.37-SNAPSHOT/client-1.6.37-SNAPSHOT.pom
[INFO] Installing /home/srafi/after-cam-ready/compare_/compile_repair_output/work/933d85c96213/client/target/client-1.6.37-SNAPSHOT-sources.jar to /home/srafi/.m2/repository/com/networknt/client/1.6.37-SNAPSHOT/client-1.6.37-SNAPSHOT-sources.jar
[INFO] 
[INFO] ----------------------< com.networknt:exception >-----------------------
[INFO] Building exception 1.6.37-SNAPSHOT                               [16/17]
[INFO] --------------------------------[ jar ]---------------------------------
[INFO] 
[INFO] --- maven-clean-plugin:2.5:clean (default-clean) @ exception ---
[INFO] 
[INFO] --- maven-resources-plugin:2.6:resources (default-resources) @ exception ---
[INFO] Using 'UTF-8' encoding to copy filtered resources.
[INFO] Copying 1 resource
[INFO] 
[INFO] --- maven-compiler-plugin:3.8.0:compile (default-compile) @ exception ---
[INFO] Changes detected - recompiling the module!
[INFO] Compiling 2 source files to /home/srafi/after-cam-ready/compare_/compile_repair_output/work/933d85c96213/exception/target/classes
[INFO] 
[INFO] --- build-helper-maven-plugin:3.0.0:add-test-source (add-test-source) @ exception ---
[INFO] Test Source directory: /home/srafi/after-cam-ready/compare_/compile_repair_output/work/933d85c96213/exception/src/integration/java added.
[INFO] 
[INFO] --- build-helper-maven-plugin:3.0.0:add-test-resource (add-test-resource) @ exception ---
[INFO] 
[INFO] --- maven-resources-plugin:2.6:testResources (default-testResources) @ exception ---
[INFO] Using 'UTF-8' encoding to copy filtered resources.
[INFO] Copying 1 resource
[INFO] skip non existing resourceDirectory /home/srafi/after-cam-ready/compare_/compile_repair_output/work/933d85c96213/exception\src\integration\resources
[INFO] 
[INFO] --- maven-compiler-plugin:3.8.0:testCompile (default-testCompile) @ exception ---
[INFO] Changes detected - recompiling the module!
[INFO] Compiling 1 source file to /home/srafi/after-cam-ready/compare_/compile_repair_output/work/933d85c96213/exception/target/test-classes
[INFO] 
[INFO] --- maven-surefire-plugin:3.0.0-M8-SNAPSHOT:test (default-test) @ exception ---
[INFO] Tests are skipped.
[INFO] 
[INFO] --- maven-jar-plugin:2.4:jar (default-jar) @ exception ---
[INFO] Building jar: /home/srafi/after-cam-ready/compare_/compile_repair_output/work/933d85c96213/exception/target/exception-1.6.37-SNAPSHOT.jar
[INFO] 
[INFO] >>> maven-source-plugin:3.0.1:jar (attach-sources) > generate-sources @ exception >>>
[INFO] 
[INFO] <<< maven-source-plugin:3.0.1:jar (attach-sources) < generate-sources @ exception <<<
[INFO] 
[INFO] 
[INFO] --- maven-source-plugin:3.0.1:jar (attach-sources) @ exception ---
[INFO] Building jar: /home/srafi/after-cam-ready/compare_/compile_repair_output/work/933d85c96213/exception/target/exception-1.6.37-SNAPSHOT-sources.jar
[INFO] 
[INFO] --- maven-javadoc-plugin:3.1.0:jar (attach-javadocs) @ exception ---
[INFO] Skipping javadoc generation
[INFO] 
[INFO] --- maven-install-plugin:2.4:install (default-install) @ exception ---
[INFO] Installing /home/srafi/after-cam-ready/compare_/compile_repair_output/work/933d85c96213/exception/target/exception-1.6.37-SNAPSHOT.jar to /home/srafi/.m2/repository/com/networknt/exception/1.6.37-SNAPSHOT/exception-1.6.37-SNAPSHOT.jar
[INFO] Installing /home/srafi/after-cam-ready/compare_/compile_repair_output/work/933d85c96213/exception/pom.xml to /home/srafi/.m2/repository/com/networknt/exception/1.6.37-SNAPSHOT/exception-1.6.37-SNAPSHOT.pom
[INFO] Installing /home/srafi/after-cam-ready/compare_/compile_repair_output/work/933d85c96213/exception/target/exception-1.6.37-SNAPSHOT-sources.jar to /home/srafi/.m2/repository/com/networknt/exception/1.6.37-SNAPSHOT/exception-1.6.37-SNAPSHOT-sources.jar
[INFO] 
[INFO] -------------------------< com.networknt:body >-------------------------
[INFO] Building body 1.6.37-SNAPSHOT                                    [17/17]
[INFO] --------------------------------[ jar ]---------------------------------
[INFO] 
[INFO] --- maven-clean-plugin:2.5:clean (default-clean) @ body ---
[INFO] 
[INFO] --- maven-resources-plugin:2.6:resources (default-resources) @ body ---
[INFO] Using 'UTF-8' encoding to copy filtered resources.
[INFO] Copying 1 resource
[INFO] 
[INFO] --- maven-compiler-plugin:3.8.0:compile (default-compile) @ body ---
[INFO] Changes detected - recompiling the module!
[INFO] Compiling 3 source files to /home/srafi/after-cam-ready/compare_/compile_repair_output/work/933d85c96213/body/target/classes
[INFO] 
[INFO] --- build-helper-maven-plugin:3.0.0:add-test-source (add-test-source) @ body ---
[INFO] Test Source directory: /home/srafi/after-cam-ready/compare_/compile_repair_output/work/933d85c96213/body/src/integration/java added.
[INFO] 
[INFO] --- build-helper-maven-plugin:3.0.0:add-test-resource (add-test-resource) @ body ---
[INFO] 
[INFO] --- maven-resources-plugin:2.6:testResources (default-testResources) @ body ---
[INFO] Using 'UTF-8' encoding to copy filtered resources.
[INFO] Copying 1 resource
[INFO] skip non existing resourceDirectory /home/srafi/after-cam-ready/compare_/compile_repair_output/work/933d85c96213/body\src\integration\resources
[INFO] 
[INFO] --- maven-compiler-plugin:3.8.0:testCompile (default-testCompile) @ body ---
[INFO] Changes detected - recompiling the module!
[INFO] Compiling 4 source files to /home/srafi/after-cam-ready/compare_/compile_repair_output/work/933d85c96213/body/target/test-classes
[INFO] 
[INFO] --- maven-surefire-plugin:3.0.0-M8-SNAPSHOT:test (default-test) @ body ---
[INFO] Tests are skipped.
[INFO] 
[INFO] --- maven-jar-plugin:2.4:jar (default-jar) @ body ---
[INFO] Building jar: /home/srafi/after-cam-ready/compare_/compile_repair_output/work/933d85c96213/body/target/body-1.6.37-SNAPSHOT.jar
[INFO] 
[INFO] >>> maven-source-plugin:3.0.1:jar (attach-sources) > generate-sources @ body >>>
[INFO] 
[INFO] <<< maven-source-plugin:3.0.1:jar (attach-sources) < generate-sources @ body <<<
[INFO] 
[INFO] 
[INFO] --- maven-source-plugin:3.0.1:jar (attach-sources) @ body ---
[INFO] Building jar: /home/srafi/after-cam-ready/compare_/compile_repair_output/work/933d85c96213/body/target/body-1.6.37-SNAPSHOT-sources.jar
[INFO] 
[INFO] --- maven-javadoc-plugin:3.1.0:jar (attach-javadocs) @ body ---
[INFO] Skipping javadoc generation
[INFO] 
[INFO] --- maven-install-plugin:2.4:install (default-install) @ body ---
[INFO] Installing /home/srafi/after-cam-ready/compare_/compile_repair_output/work/933d85c96213/body/target/body-1.6.37-SNAPSHOT.jar to /home/srafi/.m2/repository/com/networknt/body/1.6.37-SNAPSHOT/body-1.6.37-SNAPSHOT.jar
[INFO] Installing /home/srafi/after-cam-ready/compare_/compile_repair_output/work/933d85c96213/body/pom.xml to /home/srafi/.m2/repository/com/networknt/body/1.6.37-SNAPSHOT/body-1.6.37-SNAPSHOT.pom
[INFO] Installing /home/srafi/after-cam-ready/compare_/compile_repair_output/work/933d85c96213/body/target/body-1.6.37-SNAPSHOT-sources.jar to /home/srafi/.m2/repository/com/networknt/body/1.6.37-SNAPSHOT/body-1.6.37-SNAPSHOT-sources.jar
[INFO] ------------------------------------------------------------------------
[INFO] Reactor Summary for Parent POM 1.6.37-SNAPSHOT:
[INFO] 
[INFO] Parent POM ......................................... SUCCESS [  0.530 s]
[INFO] decryptor .......................................... SUCCESS [  4.864 s]
[INFO] config ............................................. SUCCESS [  2.821 s]
[INFO] utility ............................................ SUCCESS [  2.657 s]
[INFO] http-string ........................................ SUCCESS [  0.893 s]
[INFO] service ............................................ SUCCESS [  2.255 s]
[INFO] status ............................................. SUCCESS [  2.182 s]
[INFO] common ............................................. SUCCESS [  1.786 s]
[INFO] handler ............................................ SUCCESS [  2.194 s]
[INFO] monad-result ....................................... SUCCESS [  1.772 s]
[INFO] switcher ........................................... SUCCESS [  1.744 s]
[INFO] registry ........................................... SUCCESS [  2.487 s]
[INFO] balance ............................................ SUCCESS [  1.952 s]
[INFO] cluster ............................................ SUCCESS [  1.887 s]
[INFO] client ............................................. SUCCESS [  4.981 s]
[INFO] exception .......................................... SUCCESS [  1.969 s]
[INFO] body ............................................... SUCCESS [  2.416 s]
[INFO] ------------------------------------------------------------------------
[INFO] BUILD SUCCESS
[INFO] ------------------------------------------------------------------------
[INFO] Total time:  39.827 s
[INFO] Finished at: 2026-08-15T16:33:51-04:00
[INFO] ------------------------------------------------------------------------
