JAVA_HOME=/usr/lib/jvm/java-8-openjdk-amd64
COMMAND=mvn -B clean install -DskipTests -U -pl hadoop-common-project/hadoop-common -am -Ddependency-check.skip=true -Dgpg.skip=true -DfailIfNoTests=false -Dskip.installnodenpm=true -Dskip.npm=true -Dskip.yarn=true -Dlicense.skip=true -Dcheckstyle.skip=true -Drat.skip=true -Denforcer.skip=true -Danimal.sniffer.skip=true -Dmaven.javadoc.skip=true -Dfindbugs.skip=true -Dspotbugs.skip=true -Dwarbucks.skip=true -Dmodernizer.skip=true -Dimpsort.skip=true -Dmdep.analyze.skip=true -Dpgpverify.skip=true -Dxml.skip=true -Dcobertura.skip=true

[INFO] Scanning for projects...
[WARNING] 
[WARNING] Some problems were encountered while building the effective model for org.apache.hadoop:hadoop-common:jar:3.3.0-SNAPSHOT
[WARNING] 'dependencies.dependency.(groupId:artifactId:type:classifier)' must be unique: org.assertj:assertj-core:jar -> duplicate declaration of version (?) @ line 351, column 17
[WARNING] 
[WARNING] It is highly recommended to fix these problems because they threaten the stability of your build.
[WARNING] 
[WARNING] For this reason, future Maven versions might no longer support building such malformed projects.
[WARNING] 
Warning: KebabPizza disabling incompatible org.apache.maven.plugins:maven-enforcer-plugin from hadoop-main
Warning: KebabPizza disabling incompatible org.apache.rat:apache-rat-plugin from hadoop-main
Warning: KebabPizza disabling incompatible org.apache.maven.plugins:maven-enforcer-plugin from hadoop-build-tools
Warning: KebabPizza disabling incompatible org.apache.rat:apache-rat-plugin from hadoop-build-tools
Warning: KebabPizza disabling incompatible org.apache.maven.plugins:maven-enforcer-plugin from hadoop-project
Warning: KebabPizza disabling incompatible org.apache.rat:apache-rat-plugin from hadoop-project
Warning: KebabPizza disabling incompatible org.apache.maven.plugins:maven-enforcer-plugin from hadoop-annotations
Warning: KebabPizza disabling incompatible org.apache.rat:apache-rat-plugin from hadoop-annotations
Warning: KebabPizza disabling incompatible org.apache.maven.plugins:maven-enforcer-plugin from hadoop-project-dist
Warning: KebabPizza disabling incompatible org.apache.rat:apache-rat-plugin from hadoop-project-dist
Warning: KebabPizza disabling incompatible org.apache.maven.plugins:maven-enforcer-plugin from hadoop-maven-plugins
Warning: KebabPizza disabling incompatible org.apache.rat:apache-rat-plugin from hadoop-maven-plugins
Warning: KebabPizza disabling incompatible org.apache.maven.plugins:maven-enforcer-plugin from hadoop-minikdc
Warning: KebabPizza disabling incompatible org.apache.rat:apache-rat-plugin from hadoop-minikdc
Warning: KebabPizza disabling incompatible org.apache.maven.plugins:maven-enforcer-plugin from hadoop-auth
Warning: KebabPizza disabling incompatible org.apache.rat:apache-rat-plugin from hadoop-auth
Warning: KebabPizza disabling incompatible org.apache.maven.plugins:maven-enforcer-plugin from hadoop-common
Warning: KebabPizza disabling incompatible org.apache.rat:apache-rat-plugin from hadoop-common
[INFO] ------------------------------------------------------------------------
[INFO] Detecting the operating system and CPU architecture
[INFO] ------------------------------------------------------------------------
[INFO] os.detected.name: linux
[INFO] os.detected.arch: x86_64
[INFO] os.detected.version: 6.8
[INFO] os.detected.version.major: 6
[INFO] os.detected.version.minor: 8
[INFO] os.detected.release: ubuntu
[INFO] os.detected.release.version: 22.04
[INFO] os.detected.release.like.ubuntu: true
[INFO] os.detected.release.like.debian: true
[INFO] os.detected.classifier: linux-x86_64
[INFO] ------------------------------------------------------------------------
[INFO] Reactor Build Order:
[INFO] 
[INFO] Apache Hadoop Main                                                 [pom]
[INFO] Apache Hadoop Build Tools                                          [jar]
[INFO] Apache Hadoop Project POM                                          [pom]
[INFO] Apache Hadoop Annotations                                          [jar]
[INFO] Apache Hadoop Project Dist POM                                     [pom]
[INFO] Apache Hadoop Maven Plugins                               [maven-plugin]
[INFO] Apache Hadoop MiniKDC                                              [jar]
[INFO] Apache Hadoop Auth                                                 [jar]
[INFO] Apache Hadoop Common                                               [jar]
[INFO] 
[INFO] -------------------< org.apache.hadoop:hadoop-main >--------------------
[INFO] Building Apache Hadoop Main 3.3.0-SNAPSHOT                         [1/9]
[INFO] --------------------------------[ pom ]---------------------------------
[INFO] 
[INFO] --- maven-clean-plugin:2.5:clean (default-clean) @ hadoop-main ---
[INFO] 
[INFO] --- maven-site-plugin:3.6:attach-descriptor (attach-descriptor) @ hadoop-main ---
[INFO] No site descriptor found: nothing to attach.
[INFO] 
[INFO] --- maven-install-plugin:2.4:install (default-install) @ hadoop-main ---
[INFO] Installing /home/srafi/after-cam-ready/compare_/compile_repair_output/work/4f5906e36967/pom.xml to /home/srafi/.m2/repository/org/apache/hadoop/hadoop-main/3.3.0-SNAPSHOT/hadoop-main-3.3.0-SNAPSHOT.pom
[INFO] 
[INFO] ----------------< org.apache.hadoop:hadoop-build-tools >----------------
[INFO] Building Apache Hadoop Build Tools 3.3.0-SNAPSHOT                  [2/9]
[INFO] --------------------------------[ jar ]---------------------------------
[INFO] 
[INFO] --- maven-clean-plugin:2.5:clean (default-clean) @ hadoop-build-tools ---
[INFO] 
[INFO] --- maven-resources-plugin:3.0.1:copy-resources (copy-resources) @ hadoop-build-tools ---
[INFO] Using 'UTF-8' encoding to copy filtered resources.
[INFO] Copying 2 resources
[INFO] 
[INFO] --- maven-antrun-plugin:1.7:run (dummy) @ hadoop-build-tools ---
[INFO] No ant target defined - SKIPPED
[INFO] 
[INFO] --- maven-resources-plugin:3.0.1:resources (default-resources) @ hadoop-build-tools ---
[INFO] Using 'UTF-8' encoding to copy filtered resources.
[INFO] Copying 2 resources to META-INF
[INFO] Copying 3 resources
[INFO] 
[INFO] --- maven-remote-resources-plugin:1.5:bundle (default) @ hadoop-build-tools ---
[INFO] 
[INFO] --- maven-compiler-plugin:3.1:compile (default-compile) @ hadoop-build-tools ---
[INFO] No sources to compile
[INFO] 
[INFO] --- maven-resources-plugin:3.0.1:testResources (default-testResources) @ hadoop-build-tools ---
[INFO] Using 'UTF-8' encoding to copy filtered resources.
[INFO] skip non existing resourceDirectory /home/srafi/after-cam-ready/compare_/compile_repair_output/work/4f5906e36967/hadoop-build-tools/src/test/resources
[INFO] 
[INFO] --- maven-compiler-plugin:3.1:testCompile (default-testCompile) @ hadoop-build-tools ---
[INFO] No sources to compile
[INFO] 
[INFO] --- maven-surefire-plugin:3.0.0-M8-SNAPSHOT:test (default-test) @ hadoop-build-tools ---
[INFO] Downloading from apache.snapshots: https://repository.apache.org/snapshots/org/apache/maven/surefire/maven-surefire-common/3.0.0-M8-SNAPSHOT/maven-metadata.xml
[INFO] Downloading from apache.snapshots: https://repository.apache.org/snapshots/org/apache/maven/surefire/surefire-api/3.0.0-M8-SNAPSHOT/maven-metadata.xml
[INFO] Downloading from apache.snapshots: https://repository.apache.org/snapshots/org/apache/maven/surefire/surefire-logger-api/3.0.0-M8-SNAPSHOT/maven-metadata.xml
[INFO] Downloading from apache.snapshots: https://repository.apache.org/snapshots/org/apache/maven/surefire/surefire-shared-utils/3.0.0-M8-SNAPSHOT/maven-metadata.xml
[INFO] Downloading from apache.snapshots: https://repository.apache.org/snapshots/org/apache/maven/surefire/surefire-extensions-api/3.0.0-M8-SNAPSHOT/maven-metadata.xml
[INFO] Downloading from apache.snapshots: https://repository.apache.org/snapshots/org/apache/maven/surefire/surefire-booter/3.0.0-M8-SNAPSHOT/maven-metadata.xml
[INFO] Downloading from apache.snapshots: https://repository.apache.org/snapshots/org/apache/maven/surefire/surefire-extensions-spi/3.0.0-M8-SNAPSHOT/maven-metadata.xml
[INFO] Tests are skipped.
[INFO] 
[INFO] --- maven-jar-plugin:2.4:jar (default-jar) @ hadoop-build-tools ---
[INFO] Building jar: /home/srafi/after-cam-ready/compare_/compile_repair_output/work/4f5906e36967/hadoop-build-tools/target/hadoop-build-tools-3.3.0-SNAPSHOT.jar
[INFO] 
[INFO] --- maven-site-plugin:3.6:attach-descriptor (attach-descriptor) @ hadoop-build-tools ---
[INFO] Skipping because packaging 'jar' is not pom.
[INFO] 
[INFO] --- maven-install-plugin:2.4:install (default-install) @ hadoop-build-tools ---
[INFO] Installing /home/srafi/after-cam-ready/compare_/compile_repair_output/work/4f5906e36967/hadoop-build-tools/target/hadoop-build-tools-3.3.0-SNAPSHOT.jar to /home/srafi/.m2/repository/org/apache/hadoop/hadoop-build-tools/3.3.0-SNAPSHOT/hadoop-build-tools-3.3.0-SNAPSHOT.jar
[INFO] Installing /home/srafi/after-cam-ready/compare_/compile_repair_output/work/4f5906e36967/hadoop-build-tools/pom.xml to /home/srafi/.m2/repository/org/apache/hadoop/hadoop-build-tools/3.3.0-SNAPSHOT/hadoop-build-tools-3.3.0-SNAPSHOT.pom
[INFO] 
[INFO] ------------------< org.apache.hadoop:hadoop-project >------------------
[INFO] Building Apache Hadoop Project POM 3.3.0-SNAPSHOT                  [3/9]
[INFO] --------------------------------[ pom ]---------------------------------
[INFO] 
[INFO] --- maven-clean-plugin:2.5:clean (default-clean) @ hadoop-project ---
[INFO] Deleting /home/srafi/after-cam-ready/compare_/compile_repair_output/work/4f5906e36967/hadoop-project (includes = [dependency-reduced-pom.xml], excludes = [])
[INFO] 
[INFO] --- maven-antrun-plugin:1.7:run (create-testdirs) @ hadoop-project ---
[INFO] Executing tasks

main:
    [mkdir] Created dir: /home/srafi/after-cam-ready/compare_/compile_repair_output/work/4f5906e36967/hadoop-project/target/test-dir
[INFO] Executed tasks
[INFO] 
[INFO] --- maven-remote-resources-plugin:1.5:process (default) @ hadoop-project ---
[INFO] 
[INFO] --- maven-site-plugin:3.6:attach-descriptor (attach-descriptor) @ hadoop-project ---
[INFO] Attaching 'src/site/site.xml' site descriptor with classifier 'site'.
[INFO] 
[INFO] --- maven-install-plugin:2.5.1:install (default-install) @ hadoop-project ---
[INFO] Installing /home/srafi/after-cam-ready/compare_/compile_repair_output/work/4f5906e36967/hadoop-project/pom.xml to /home/srafi/.m2/repository/org/apache/hadoop/hadoop-project/3.3.0-SNAPSHOT/hadoop-project-3.3.0-SNAPSHOT.pom
[INFO] Installing /home/srafi/after-cam-ready/compare_/compile_repair_output/work/4f5906e36967/hadoop-project/target/hadoop-project-3.3.0-SNAPSHOT-site.xml to /home/srafi/.m2/repository/org/apache/hadoop/hadoop-project/3.3.0-SNAPSHOT/hadoop-project-3.3.0-SNAPSHOT-site.xml
[INFO] 
[INFO] ----------------< org.apache.hadoop:hadoop-annotations >----------------
[INFO] Building Apache Hadoop Annotations 3.3.0-SNAPSHOT                  [4/9]
[INFO] --------------------------------[ jar ]---------------------------------
[INFO] 
[INFO] --- maven-clean-plugin:2.5:clean (default-clean) @ hadoop-annotations ---
[INFO] Deleting /home/srafi/after-cam-ready/compare_/compile_repair_output/work/4f5906e36967/hadoop-common-project/hadoop-annotations (includes = [dependency-reduced-pom.xml], excludes = [])
[INFO] 
[INFO] --- maven-antrun-plugin:1.7:run (create-testdirs) @ hadoop-annotations ---
[INFO] Executing tasks

main:
    [mkdir] Created dir: /home/srafi/after-cam-ready/compare_/compile_repair_output/work/4f5906e36967/hadoop-common-project/hadoop-annotations/target/test-dir
[INFO] Executed tasks
[INFO] 
[INFO] --- maven-remote-resources-plugin:1.5:process (default) @ hadoop-annotations ---
[INFO] 
[INFO] --- maven-resources-plugin:2.6:resources (default-resources) @ hadoop-annotations ---
[INFO] Using 'UTF-8' encoding to copy filtered resources.
[INFO] skip non existing resourceDirectory /home/srafi/after-cam-ready/compare_/compile_repair_output/work/4f5906e36967/hadoop-common-project/hadoop-annotations/src/main/resources
[INFO] Copying 2 resources
[INFO] 
[INFO] --- maven-compiler-plugin:3.1:compile (default-compile) @ hadoop-annotations ---
[INFO] Compiling 9 source files to /home/srafi/after-cam-ready/compare_/compile_repair_output/work/4f5906e36967/hadoop-common-project/hadoop-annotations/target/classes
[INFO] 
[INFO] --- maven-resources-plugin:2.6:testResources (default-testResources) @ hadoop-annotations ---
[INFO] Using 'UTF-8' encoding to copy filtered resources.
[INFO] skip non existing resourceDirectory /home/srafi/after-cam-ready/compare_/compile_repair_output/work/4f5906e36967/hadoop-common-project/hadoop-annotations/src/test/resources
[INFO] Copying 2 resources
[INFO] 
[INFO] --- maven-compiler-plugin:3.1:testCompile (default-testCompile) @ hadoop-annotations ---
[INFO] No sources to compile
[INFO] 
[INFO] --- maven-surefire-plugin:3.0.0-M8-SNAPSHOT:test (default-test) @ hadoop-annotations ---
[INFO] Tests are skipped.
[INFO] 
[INFO] --- maven-jar-plugin:2.5:jar (default-jar) @ hadoop-annotations ---
[INFO] Building jar: /home/srafi/after-cam-ready/compare_/compile_repair_output/work/4f5906e36967/hadoop-common-project/hadoop-annotations/target/hadoop-annotations-3.3.0-SNAPSHOT.jar
[INFO] 
[INFO] --- maven-site-plugin:3.6:attach-descriptor (attach-descriptor) @ hadoop-annotations ---
[INFO] Skipping because packaging 'jar' is not pom.
[INFO] 
[INFO] --- maven-install-plugin:2.5.1:install (default-install) @ hadoop-annotations ---
[INFO] Installing /home/srafi/after-cam-ready/compare_/compile_repair_output/work/4f5906e36967/hadoop-common-project/hadoop-annotations/target/hadoop-annotations-3.3.0-SNAPSHOT.jar to /home/srafi/.m2/repository/org/apache/hadoop/hadoop-annotations/3.3.0-SNAPSHOT/hadoop-annotations-3.3.0-SNAPSHOT.jar
[INFO] Installing /home/srafi/after-cam-ready/compare_/compile_repair_output/work/4f5906e36967/hadoop-common-project/hadoop-annotations/pom.xml to /home/srafi/.m2/repository/org/apache/hadoop/hadoop-annotations/3.3.0-SNAPSHOT/hadoop-annotations-3.3.0-SNAPSHOT.pom
[INFO] 
[INFO] ---------------< org.apache.hadoop:hadoop-project-dist >----------------
[INFO] Building Apache Hadoop Project Dist POM 3.3.0-SNAPSHOT             [5/9]
[INFO] --------------------------------[ pom ]---------------------------------
[INFO] 
[INFO] --- maven-clean-plugin:2.5:clean (default-clean) @ hadoop-project-dist ---
[INFO] Deleting /home/srafi/after-cam-ready/compare_/compile_repair_output/work/4f5906e36967/hadoop-project-dist (includes = [dependency-reduced-pom.xml], excludes = [])
[INFO] 
[INFO] --- maven-antrun-plugin:1.7:run (create-testdirs) @ hadoop-project-dist ---
[INFO] Executing tasks

main:
    [mkdir] Created dir: /home/srafi/after-cam-ready/compare_/compile_repair_output/work/4f5906e36967/hadoop-project-dist/target/test-dir
    [mkdir] Created dir: /home/srafi/after-cam-ready/compare_/compile_repair_output/work/4f5906e36967/hadoop-project-dist/target/test/data
[INFO] Executed tasks
[INFO] 
[INFO] --- maven-remote-resources-plugin:1.5:process (default) @ hadoop-project-dist ---
[INFO] 
[INFO] --- maven-jar-plugin:2.5:jar (prepare-jar) @ hadoop-project-dist ---
[WARNING] JAR will be empty - no content was marked for inclusion!
[INFO] Building jar: /home/srafi/after-cam-ready/compare_/compile_repair_output/work/4f5906e36967/hadoop-project-dist/target/hadoop-project-dist-3.3.0-SNAPSHOT.jar
[INFO] 
[INFO] --- maven-jar-plugin:2.5:test-jar (prepare-test-jar) @ hadoop-project-dist ---
[WARNING] JAR will be empty - no content was marked for inclusion!
[INFO] Building jar: /home/srafi/after-cam-ready/compare_/compile_repair_output/work/4f5906e36967/hadoop-project-dist/target/hadoop-project-dist-3.3.0-SNAPSHOT-tests.jar
[INFO] 
[INFO] --- maven-site-plugin:3.6:attach-descriptor (attach-descriptor) @ hadoop-project-dist ---
[INFO] No site descriptor found: nothing to attach.
[INFO] 
[INFO] --- maven-install-plugin:2.5.1:install (default-install) @ hadoop-project-dist ---
[INFO] Installing /home/srafi/after-cam-ready/compare_/compile_repair_output/work/4f5906e36967/hadoop-project-dist/pom.xml to /home/srafi/.m2/repository/org/apache/hadoop/hadoop-project-dist/3.3.0-SNAPSHOT/hadoop-project-dist-3.3.0-SNAPSHOT.pom
[INFO] Installing /home/srafi/after-cam-ready/compare_/compile_repair_output/work/4f5906e36967/hadoop-project-dist/target/hadoop-project-dist-3.3.0-SNAPSHOT-tests.jar to /home/srafi/.m2/repository/org/apache/hadoop/hadoop-project-dist/3.3.0-SNAPSHOT/hadoop-project-dist-3.3.0-SNAPSHOT-tests.jar
[INFO] 
[INFO] ---------------< org.apache.hadoop:hadoop-maven-plugins >---------------
[INFO] Building Apache Hadoop Maven Plugins 3.3.0-SNAPSHOT                [6/9]
[INFO] ----------------------------[ maven-plugin ]----------------------------
[INFO] 
[INFO] --- maven-clean-plugin:2.5:clean (default-clean) @ hadoop-maven-plugins ---
[INFO] Deleting /home/srafi/after-cam-ready/compare_/compile_repair_output/work/4f5906e36967/hadoop-maven-plugins (includes = [dependency-reduced-pom.xml], excludes = [])
[INFO] 
[INFO] --- maven-antrun-plugin:1.7:run (create-testdirs) @ hadoop-maven-plugins ---
[INFO] Executing tasks

main:
    [mkdir] Created dir: /home/srafi/after-cam-ready/compare_/compile_repair_output/work/4f5906e36967/hadoop-maven-plugins/target/test-dir
[INFO] Executed tasks
[INFO] 
[INFO] --- maven-remote-resources-plugin:1.5:process (default) @ hadoop-maven-plugins ---
[INFO] 
[INFO] --- maven-resources-plugin:2.6:resources (default-resources) @ hadoop-maven-plugins ---
[INFO] Using 'UTF-8' encoding to copy filtered resources.
[INFO] skip non existing resourceDirectory /home/srafi/after-cam-ready/compare_/compile_repair_output/work/4f5906e36967/hadoop-maven-plugins/src/main/resources
[INFO] Copying 2 resources
[INFO] 
[INFO] --- maven-compiler-plugin:3.1:compile (default-compile) @ hadoop-maven-plugins ---
[INFO] Compiling 13 source files to /home/srafi/after-cam-ready/compare_/compile_repair_output/work/4f5906e36967/hadoop-maven-plugins/target/classes
[WARNING] /home/srafi/after-cam-ready/compare_/compile_repair_output/work/4f5906e36967/hadoop-maven-plugins/src/main/java/org/apache/hadoop/maven/plugin/resourcegz/ResourceGzMojo.java: /home/srafi/after-cam-ready/compare_/compile_repair_output/work/4f5906e36967/hadoop-maven-plugins/src/main/java/org/apache/hadoop/maven/plugin/resourcegz/ResourceGzMojo.java uses or overrides a deprecated API.
[WARNING] /home/srafi/after-cam-ready/compare_/compile_repair_output/work/4f5906e36967/hadoop-maven-plugins/src/main/java/org/apache/hadoop/maven/plugin/resourcegz/ResourceGzMojo.java: Recompile with -Xlint:deprecation for details.
[INFO] 
[INFO] --- maven-plugin-plugin:3.6.0:descriptor (default-descriptor) @ hadoop-maven-plugins ---
[INFO] Using 'UTF-8' encoding to read mojo source files.
[INFO] java-javadoc mojo extractor found 0 mojo descriptor.
[INFO] java-annotations mojo extractor found 7 mojo descriptors.
[INFO] 
[INFO] --- maven-resources-plugin:2.6:testResources (default-testResources) @ hadoop-maven-plugins ---
[INFO] Using 'UTF-8' encoding to copy filtered resources.
[INFO] skip non existing resourceDirectory /home/srafi/after-cam-ready/compare_/compile_repair_output/work/4f5906e36967/hadoop-maven-plugins/src/test/resources
[INFO] Copying 2 resources
[INFO] 
[INFO] --- maven-compiler-plugin:3.1:testCompile (default-testCompile) @ hadoop-maven-plugins ---
[INFO] No sources to compile
[INFO] 
[INFO] --- maven-surefire-plugin:3.0.0-M8-SNAPSHOT:test (default-test) @ hadoop-maven-plugins ---
[INFO] Tests are skipped.
[INFO] 
[INFO] --- maven-jar-plugin:2.5:jar (default-jar) @ hadoop-maven-plugins ---
[INFO] Building jar: /home/srafi/after-cam-ready/compare_/compile_repair_output/work/4f5906e36967/hadoop-maven-plugins/target/hadoop-maven-plugins-3.3.0-SNAPSHOT.jar
[INFO] 
[INFO] --- maven-plugin-plugin:3.6.0:addPluginArtifactMetadata (default-addPluginArtifactMetadata) @ hadoop-maven-plugins ---
[INFO] 
[INFO] --- maven-site-plugin:3.6:attach-descriptor (attach-descriptor) @ hadoop-maven-plugins ---
[INFO] Skipping because packaging 'maven-plugin' is not pom.
[INFO] 
[INFO] --- maven-install-plugin:2.5.1:install (default-install) @ hadoop-maven-plugins ---
[INFO] Installing /home/srafi/after-cam-ready/compare_/compile_repair_output/work/4f5906e36967/hadoop-maven-plugins/target/hadoop-maven-plugins-3.3.0-SNAPSHOT.jar to /home/srafi/.m2/repository/org/apache/hadoop/hadoop-maven-plugins/3.3.0-SNAPSHOT/hadoop-maven-plugins-3.3.0-SNAPSHOT.jar
[INFO] Installing /home/srafi/after-cam-ready/compare_/compile_repair_output/work/4f5906e36967/hadoop-maven-plugins/pom.xml to /home/srafi/.m2/repository/org/apache/hadoop/hadoop-maven-plugins/3.3.0-SNAPSHOT/hadoop-maven-plugins-3.3.0-SNAPSHOT.pom
[INFO] 
[INFO] ------------------< org.apache.hadoop:hadoop-minikdc >------------------
[INFO] Building Apache Hadoop MiniKDC 3.3.0-SNAPSHOT                      [7/9]
[INFO] --------------------------------[ jar ]---------------------------------
[INFO] 
[INFO] --- maven-clean-plugin:2.5:clean (default-clean) @ hadoop-minikdc ---
[INFO] Deleting /home/srafi/after-cam-ready/compare_/compile_repair_output/work/4f5906e36967/hadoop-common-project/hadoop-minikdc (includes = [dependency-reduced-pom.xml], excludes = [])
[INFO] 
[INFO] --- maven-antrun-plugin:1.7:run (create-testdirs) @ hadoop-minikdc ---
[INFO] Executing tasks

main:
    [mkdir] Created dir: /home/srafi/after-cam-ready/compare_/compile_repair_output/work/4f5906e36967/hadoop-common-project/hadoop-minikdc/target/test-dir
[INFO] Executed tasks
[INFO] 
[INFO] --- maven-remote-resources-plugin:1.5:process (default) @ hadoop-minikdc ---
[INFO] 
[INFO] --- maven-resources-plugin:2.6:resources (default-resources) @ hadoop-minikdc ---
[INFO] Using 'UTF-8' encoding to copy filtered resources.
[INFO] Copying 1 resource
[INFO] Copying 2 resources
[INFO] 
[INFO] --- maven-compiler-plugin:3.1:compile (default-compile) @ hadoop-minikdc ---
[INFO] Compiling 2 source files to /home/srafi/after-cam-ready/compare_/compile_repair_output/work/4f5906e36967/hadoop-common-project/hadoop-minikdc/target/classes
[INFO] 
[INFO] --- maven-resources-plugin:2.6:testResources (default-testResources) @ hadoop-minikdc ---
[INFO] Using 'UTF-8' encoding to copy filtered resources.
[INFO] skip non existing resourceDirectory /home/srafi/after-cam-ready/compare_/compile_repair_output/work/4f5906e36967/hadoop-common-project/hadoop-minikdc/src/test/resources
[INFO] Copying 2 resources
[INFO] 
[INFO] --- maven-compiler-plugin:3.1:testCompile (default-testCompile) @ hadoop-minikdc ---
[INFO] Compiling 2 source files to /home/srafi/after-cam-ready/compare_/compile_repair_output/work/4f5906e36967/hadoop-common-project/hadoop-minikdc/target/test-classes
[INFO] 
[INFO] --- maven-surefire-plugin:3.0.0-M8-SNAPSHOT:test (default-test) @ hadoop-minikdc ---
[INFO] Tests are skipped.
[INFO] 
[INFO] --- maven-jar-plugin:2.5:jar (default-jar) @ hadoop-minikdc ---
[INFO] Building jar: /home/srafi/after-cam-ready/compare_/compile_repair_output/work/4f5906e36967/hadoop-common-project/hadoop-minikdc/target/hadoop-minikdc-3.3.0-SNAPSHOT.jar
[INFO] 
[INFO] --- maven-site-plugin:3.6:attach-descriptor (attach-descriptor) @ hadoop-minikdc ---
[INFO] Skipping because packaging 'jar' is not pom.
[INFO] 
[INFO] --- maven-install-plugin:2.5.1:install (default-install) @ hadoop-minikdc ---
[INFO] Installing /home/srafi/after-cam-ready/compare_/compile_repair_output/work/4f5906e36967/hadoop-common-project/hadoop-minikdc/target/hadoop-minikdc-3.3.0-SNAPSHOT.jar to /home/srafi/.m2/repository/org/apache/hadoop/hadoop-minikdc/3.3.0-SNAPSHOT/hadoop-minikdc-3.3.0-SNAPSHOT.jar
[INFO] Installing /home/srafi/after-cam-ready/compare_/compile_repair_output/work/4f5906e36967/hadoop-common-project/hadoop-minikdc/pom.xml to /home/srafi/.m2/repository/org/apache/hadoop/hadoop-minikdc/3.3.0-SNAPSHOT/hadoop-minikdc-3.3.0-SNAPSHOT.pom
[INFO] 
[INFO] -------------------< org.apache.hadoop:hadoop-auth >--------------------
[INFO] Building Apache Hadoop Auth 3.3.0-SNAPSHOT                         [8/9]
[INFO] --------------------------------[ jar ]---------------------------------
[INFO] Downloading from apache.snapshots.https: https://repository.apache.org/content/repositories/snapshots/org/eclipse/jetty/jetty-util/9.3.27.v20190418/jetty-util-9.3.27.v20190418.pom
[INFO] Downloading from repository.jboss.org: https://repository.jboss.org/nexus/content/groups/public/org/eclipse/jetty/jetty-util/9.3.27.v20190418/jetty-util-9.3.27.v20190418.pom
[INFO] Downloading from central: https://repo.maven.apache.org/maven2/org/eclipse/jetty/jetty-util/9.3.27.v20190418/jetty-util-9.3.27.v20190418.pom
[INFO] Downloaded from central: https://repo.maven.apache.org/maven2/org/eclipse/jetty/jetty-util/9.3.27.v20190418/jetty-util-9.3.27.v20190418.pom (2.8 kB at 34 kB/s)
[INFO] Downloading from apache.snapshots.https: https://repository.apache.org/content/repositories/snapshots/org/eclipse/jetty/jetty-project/9.3.27.v20190418/jetty-project-9.3.27.v20190418.pom
[INFO] Downloading from repository.jboss.org: https://repository.jboss.org/nexus/content/groups/public/org/eclipse/jetty/jetty-project/9.3.27.v20190418/jetty-project-9.3.27.v20190418.pom
[INFO] Downloading from central: https://repo.maven.apache.org/maven2/org/eclipse/jetty/jetty-project/9.3.27.v20190418/jetty-project-9.3.27.v20190418.pom
[INFO] Downloaded from central: https://repo.maven.apache.org/maven2/org/eclipse/jetty/jetty-project/9.3.27.v20190418/jetty-project-9.3.27.v20190418.pom (50 kB at 988 kB/s)
[INFO] Downloading from apache.snapshots.https: https://repository.apache.org/content/repositories/snapshots/org/eclipse/jetty/jetty-server/9.3.27.v20190418/jetty-server-9.3.27.v20190418.pom
[INFO] Downloading from repository.jboss.org: https://repository.jboss.org/nexus/content/groups/public/org/eclipse/jetty/jetty-server/9.3.27.v20190418/jetty-server-9.3.27.v20190418.pom
[INFO] Downloading from central: https://repo.maven.apache.org/maven2/org/eclipse/jetty/jetty-server/9.3.27.v20190418/jetty-server-9.3.27.v20190418.pom
[INFO] Downloaded from central: https://repo.maven.apache.org/maven2/org/eclipse/jetty/jetty-server/9.3.27.v20190418/jetty-server-9.3.27.v20190418.pom (2.7 kB at 78 kB/s)
[INFO] Downloading from apache.snapshots.https: https://repository.apache.org/content/repositories/snapshots/org/eclipse/jetty/jetty-http/9.3.27.v20190418/jetty-http-9.3.27.v20190418.pom
[INFO] Downloading from repository.jboss.org: https://repository.jboss.org/nexus/content/groups/public/org/eclipse/jetty/jetty-http/9.3.27.v20190418/jetty-http-9.3.27.v20190418.pom
[INFO] Downloading from central: https://repo.maven.apache.org/maven2/org/eclipse/jetty/jetty-http/9.3.27.v20190418/jetty-http-9.3.27.v20190418.pom
[INFO] Downloaded from central: https://repo.maven.apache.org/maven2/org/eclipse/jetty/jetty-http/9.3.27.v20190418/jetty-http-9.3.27.v20190418.pom (1.6 kB at 48 kB/s)
[INFO] Downloading from apache.snapshots.https: https://repository.apache.org/content/repositories/snapshots/org/eclipse/jetty/jetty-io/9.3.27.v20190418/jetty-io-9.3.27.v20190418.pom
[INFO] Downloading from repository.jboss.org: https://repository.jboss.org/nexus/content/groups/public/org/eclipse/jetty/jetty-io/9.3.27.v20190418/jetty-io-9.3.27.v20190418.pom
[INFO] Downloading from central: https://repo.maven.apache.org/maven2/org/eclipse/jetty/jetty-io/9.3.27.v20190418/jetty-io-9.3.27.v20190418.pom
[INFO] Downloaded from central: https://repo.maven.apache.org/maven2/org/eclipse/jetty/jetty-io/9.3.27.v20190418/jetty-io-9.3.27.v20190418.pom (1.3 kB at 33 kB/s)
[INFO] Downloading from apache.snapshots.https: https://repository.apache.org/content/repositories/snapshots/org/eclipse/jetty/jetty-servlet/9.3.27.v20190418/jetty-servlet-9.3.27.v20190418.pom
[INFO] Downloading from repository.jboss.org: https://repository.jboss.org/nexus/content/groups/public/org/eclipse/jetty/jetty-servlet/9.3.27.v20190418/jetty-servlet-9.3.27.v20190418.pom
[INFO] Downloading from central: https://repo.maven.apache.org/maven2/org/eclipse/jetty/jetty-servlet/9.3.27.v20190418/jetty-servlet-9.3.27.v20190418.pom
[INFO] Downloaded from central: https://repo.maven.apache.org/maven2/org/eclipse/jetty/jetty-servlet/9.3.27.v20190418/jetty-servlet-9.3.27.v20190418.pom (2.1 kB at 59 kB/s)
[INFO] Downloading from apache.snapshots.https: https://repository.apache.org/content/repositories/snapshots/org/eclipse/jetty/jetty-security/9.3.27.v20190418/jetty-security-9.3.27.v20190418.pom
[INFO] Downloading from repository.jboss.org: https://repository.jboss.org/nexus/content/groups/public/org/eclipse/jetty/jetty-security/9.3.27.v20190418/jetty-security-9.3.27.v20190418.pom
[INFO] Downloading from central: https://repo.maven.apache.org/maven2/org/eclipse/jetty/jetty-security/9.3.27.v20190418/jetty-security-9.3.27.v20190418.pom
[INFO] Downloaded from central: https://repo.maven.apache.org/maven2/org/eclipse/jetty/jetty-security/9.3.27.v20190418/jetty-security-9.3.27.v20190418.pom (2.0 kB at 45 kB/s)
[INFO] Downloading from apache.snapshots.https: https://repository.apache.org/content/repositories/snapshots/org/eclipse/jetty/jetty-util/9.3.27.v20190418/jetty-util-9.3.27.v20190418.jar
[INFO] Downloading from apache.snapshots.https: https://repository.apache.org/content/repositories/snapshots/org/eclipse/jetty/jetty-http/9.3.27.v20190418/jetty-http-9.3.27.v20190418.jar
[INFO] Downloading from apache.snapshots.https: https://repository.apache.org/content/repositories/snapshots/org/eclipse/jetty/jetty-server/9.3.27.v20190418/jetty-server-9.3.27.v20190418.jar
[INFO] Downloading from apache.snapshots.https: https://repository.apache.org/content/repositories/snapshots/org/eclipse/jetty/jetty-servlet/9.3.27.v20190418/jetty-servlet-9.3.27.v20190418.jar
[INFO] Downloading from apache.snapshots.https: https://repository.apache.org/content/repositories/snapshots/org/eclipse/jetty/jetty-io/9.3.27.v20190418/jetty-io-9.3.27.v20190418.jar
[INFO] Downloading from apache.snapshots.https: https://repository.apache.org/content/repositories/snapshots/org/eclipse/jetty/jetty-security/9.3.27.v20190418/jetty-security-9.3.27.v20190418.jar
[INFO] Downloading from repository.jboss.org: https://repository.jboss.org/nexus/content/groups/public/org/eclipse/jetty/jetty-util/9.3.27.v20190418/jetty-util-9.3.27.v20190418.jar
[INFO] Downloading from repository.jboss.org: https://repository.jboss.org/nexus/content/groups/public/org/eclipse/jetty/jetty-http/9.3.27.v20190418/jetty-http-9.3.27.v20190418.jar
[INFO] Downloading from repository.jboss.org: https://repository.jboss.org/nexus/content/groups/public/org/eclipse/jetty/jetty-server/9.3.27.v20190418/jetty-server-9.3.27.v20190418.jar
[INFO] Downloading from repository.jboss.org: https://repository.jboss.org/nexus/content/groups/public/org/eclipse/jetty/jetty-servlet/9.3.27.v20190418/jetty-servlet-9.3.27.v20190418.jar
[INFO] Downloading from repository.jboss.org: https://repository.jboss.org/nexus/content/groups/public/org/eclipse/jetty/jetty-io/9.3.27.v20190418/jetty-io-9.3.27.v20190418.jar
[INFO] Downloading from repository.jboss.org: https://repository.jboss.org/nexus/content/groups/public/org/eclipse/jetty/jetty-security/9.3.27.v20190418/jetty-security-9.3.27.v20190418.jar
[INFO] Downloading from central: https://repo.maven.apache.org/maven2/org/eclipse/jetty/jetty-util/9.3.27.v20190418/jetty-util-9.3.27.v20190418.jar
[INFO] Downloading from central: https://repo.maven.apache.org/maven2/org/eclipse/jetty/jetty-server/9.3.27.v20190418/jetty-server-9.3.27.v20190418.jar
[INFO] Downloading from central: https://repo.maven.apache.org/maven2/org/eclipse/jetty/jetty-io/9.3.27.v20190418/jetty-io-9.3.27.v20190418.jar
[INFO] Downloading from central: https://repo.maven.apache.org/maven2/org/eclipse/jetty/jetty-http/9.3.27.v20190418/jetty-http-9.3.27.v20190418.jar
[INFO] Downloading from central: https://repo.maven.apache.org/maven2/org/eclipse/jetty/jetty-servlet/9.3.27.v20190418/jetty-servlet-9.3.27.v20190418.jar
[INFO] Downloaded from central: https://repo.maven.apache.org/maven2/org/eclipse/jetty/jetty-util/9.3.27.v20190418/jetty-util-9.3.27.v20190418.jar (462 kB at 8.7 MB/s)
[INFO] Downloading from central: https://repo.maven.apache.org/maven2/org/eclipse/jetty/jetty-security/9.3.27.v20190418/jetty-security-9.3.27.v20190418.jar
[INFO] Downloaded from central: https://repo.maven.apache.org/maven2/org/eclipse/jetty/jetty-io/9.3.27.v20190418/jetty-io-9.3.27.v20190418.jar (122 kB at 2.1 MB/s)
[INFO] Downloaded from central: https://repo.maven.apache.org/maven2/org/eclipse/jetty/jetty-http/9.3.27.v20190418/jetty-http-9.3.27.v20190418.jar (151 kB at 2.4 MB/s)
[INFO] Downloaded from central: https://repo.maven.apache.org/maven2/org/eclipse/jetty/jetty-server/9.3.27.v20190418/jetty-server-9.3.27.v20190418.jar (528 kB at 7.0 MB/s)
[INFO] Downloaded from central: https://repo.maven.apache.org/maven2/org/eclipse/jetty/jetty-servlet/9.3.27.v20190418/jetty-servlet-9.3.27.v20190418.jar (119 kB at 1.5 MB/s)
[INFO] Downloaded from central: https://repo.maven.apache.org/maven2/org/eclipse/jetty/jetty-security/9.3.27.v20190418/jetty-security-9.3.27.v20190418.jar (95 kB at 1.2 MB/s)
[INFO] 
[INFO] --- maven-clean-plugin:2.5:clean (default-clean) @ hadoop-auth ---
[INFO] Deleting /home/srafi/after-cam-ready/compare_/compile_repair_output/work/4f5906e36967/hadoop-common-project/hadoop-auth (includes = [dependency-reduced-pom.xml], excludes = [])
[INFO] 
[INFO] --- maven-antrun-plugin:1.7:run (create-testdirs) @ hadoop-auth ---
[INFO] Executing tasks

main:
    [mkdir] Created dir: /home/srafi/after-cam-ready/compare_/compile_repair_output/work/4f5906e36967/hadoop-common-project/hadoop-auth/target/test-dir
[INFO] Executed tasks
[INFO] 
[INFO] --- maven-remote-resources-plugin:1.5:process (default) @ hadoop-auth ---
[INFO] 
[INFO] --- maven-resources-plugin:2.6:resources (default-resources) @ hadoop-auth ---
[INFO] Using 'UTF-8' encoding to copy filtered resources.
[INFO] skip non existing resourceDirectory /home/srafi/after-cam-ready/compare_/compile_repair_output/work/4f5906e36967/hadoop-common-project/hadoop-auth/src/main/resources
[INFO] Copying 2 resources
[INFO] 
[INFO] --- maven-compiler-plugin:3.1:compile (default-compile) @ hadoop-auth ---
[INFO] Compiling 31 source files to /home/srafi/after-cam-ready/compare_/compile_repair_output/work/4f5906e36967/hadoop-common-project/hadoop-auth/target/classes
[WARNING] /home/srafi/after-cam-ready/compare_/compile_repair_output/work/4f5906e36967/hadoop-common-project/hadoop-auth/src/main/java/org/apache/hadoop/security/authentication/client/KerberosAuthenticator.java: /home/srafi/after-cam-ready/compare_/compile_repair_output/work/4f5906e36967/hadoop-common-project/hadoop-auth/src/main/java/org/apache/hadoop/security/authentication/client/KerberosAuthenticator.java uses unchecked or unsafe operations.
[WARNING] /home/srafi/after-cam-ready/compare_/compile_repair_output/work/4f5906e36967/hadoop-common-project/hadoop-auth/src/main/java/org/apache/hadoop/security/authentication/client/KerberosAuthenticator.java: Recompile with -Xlint:unchecked for details.
[INFO] 
[INFO] --- maven-resources-plugin:2.6:testResources (default-testResources) @ hadoop-auth ---
[INFO] Using 'UTF-8' encoding to copy filtered resources.
[INFO] skip non existing resourceDirectory /home/srafi/after-cam-ready/compare_/compile_repair_output/work/4f5906e36967/hadoop-common-project/hadoop-auth/src/test/resources
[INFO] Copying 2 resources
[INFO] 
[INFO] --- maven-compiler-plugin:3.1:testCompile (default-testCompile) @ hadoop-auth ---
[INFO] Compiling 27 source files to /home/srafi/after-cam-ready/compare_/compile_repair_output/work/4f5906e36967/hadoop-common-project/hadoop-auth/target/test-classes
[INFO] 
[INFO] --- maven-surefire-plugin:3.0.0-M8-SNAPSHOT:test (default-test) @ hadoop-auth ---
[INFO] Tests are skipped.
[INFO] 
[INFO] >>> maven-source-plugin:2.3:jar (default) > generate-sources @ hadoop-auth >>>
[INFO] 
[INFO] --- maven-antrun-plugin:1.7:run (create-testdirs) @ hadoop-auth ---
[INFO] Executing tasks

main:
[INFO] Executed tasks
[INFO] 
[INFO] <<< maven-source-plugin:2.3:jar (default) < generate-sources @ hadoop-auth <<<
[INFO] 
[INFO] 
[INFO] --- maven-source-plugin:2.3:jar (default) @ hadoop-auth ---
[INFO] Building jar: /home/srafi/after-cam-ready/compare_/compile_repair_output/work/4f5906e36967/hadoop-common-project/hadoop-auth/target/hadoop-auth-3.3.0-SNAPSHOT-sources.jar
[INFO] 
[INFO] --- maven-jar-plugin:2.5:jar (prepare-jar) @ hadoop-auth ---
[INFO] Building jar: /home/srafi/after-cam-ready/compare_/compile_repair_output/work/4f5906e36967/hadoop-common-project/hadoop-auth/target/hadoop-auth-3.3.0-SNAPSHOT.jar
[INFO] 
[INFO] --- maven-jar-plugin:2.5:test-jar (prepare-test-jar) @ hadoop-auth ---
[INFO] Building jar: /home/srafi/after-cam-ready/compare_/compile_repair_output/work/4f5906e36967/hadoop-common-project/hadoop-auth/target/hadoop-auth-3.3.0-SNAPSHOT-tests.jar
[INFO] 
[INFO] --- maven-jar-plugin:2.5:jar (default-jar) @ hadoop-auth ---
[INFO] 
[INFO] --- maven-site-plugin:3.6:attach-descriptor (attach-descriptor) @ hadoop-auth ---
[INFO] Skipping because packaging 'jar' is not pom.
[INFO] 
[INFO] --- maven-install-plugin:2.5.1:install (default-install) @ hadoop-auth ---
[INFO] Installing /home/srafi/after-cam-ready/compare_/compile_repair_output/work/4f5906e36967/hadoop-common-project/hadoop-auth/target/hadoop-auth-3.3.0-SNAPSHOT.jar to /home/srafi/.m2/repository/org/apache/hadoop/hadoop-auth/3.3.0-SNAPSHOT/hadoop-auth-3.3.0-SNAPSHOT.jar
[INFO] Installing /home/srafi/after-cam-ready/compare_/compile_repair_output/work/4f5906e36967/hadoop-common-project/hadoop-auth/pom.xml to /home/srafi/.m2/repository/org/apache/hadoop/hadoop-auth/3.3.0-SNAPSHOT/hadoop-auth-3.3.0-SNAPSHOT.pom
[INFO] Installing /home/srafi/after-cam-ready/compare_/compile_repair_output/work/4f5906e36967/hadoop-common-project/hadoop-auth/target/hadoop-auth-3.3.0-SNAPSHOT-sources.jar to /home/srafi/.m2/repository/org/apache/hadoop/hadoop-auth/3.3.0-SNAPSHOT/hadoop-auth-3.3.0-SNAPSHOT-sources.jar
[INFO] Installing /home/srafi/after-cam-ready/compare_/compile_repair_output/work/4f5906e36967/hadoop-common-project/hadoop-auth/target/hadoop-auth-3.3.0-SNAPSHOT-tests.jar to /home/srafi/.m2/repository/org/apache/hadoop/hadoop-auth/3.3.0-SNAPSHOT/hadoop-auth-3.3.0-SNAPSHOT-tests.jar
[INFO] 
[INFO] ------------------< org.apache.hadoop:hadoop-common >-------------------
[INFO] Building Apache Hadoop Common 3.3.0-SNAPSHOT                       [9/9]
[INFO] --------------------------------[ jar ]---------------------------------
[INFO] Downloading from apache.snapshots.https: https://repository.apache.org/content/repositories/snapshots/org/eclipse/jetty/jetty-webapp/9.3.27.v20190418/jetty-webapp-9.3.27.v20190418.pom
[INFO] Downloading from repository.jboss.org: https://repository.jboss.org/nexus/content/groups/public/org/eclipse/jetty/jetty-webapp/9.3.27.v20190418/jetty-webapp-9.3.27.v20190418.pom
[INFO] Downloading from central: https://repo.maven.apache.org/maven2/org/eclipse/jetty/jetty-webapp/9.3.27.v20190418/jetty-webapp-9.3.27.v20190418.pom
[INFO] Downloaded from central: https://repo.maven.apache.org/maven2/org/eclipse/jetty/jetty-webapp/9.3.27.v20190418/jetty-webapp-9.3.27.v20190418.pom (3.0 kB at 93 kB/s)
[INFO] Downloading from apache.snapshots.https: https://repository.apache.org/content/repositories/snapshots/org/eclipse/jetty/jetty-xml/9.3.27.v20190418/jetty-xml-9.3.27.v20190418.pom
[INFO] Downloading from repository.jboss.org: https://repository.jboss.org/nexus/content/groups/public/org/eclipse/jetty/jetty-xml/9.3.27.v20190418/jetty-xml-9.3.27.v20190418.pom
[INFO] Downloading from central: https://repo.maven.apache.org/maven2/org/eclipse/jetty/jetty-xml/9.3.27.v20190418/jetty-xml-9.3.27.v20190418.pom
[INFO] Downloaded from central: https://repo.maven.apache.org/maven2/org/eclipse/jetty/jetty-xml/9.3.27.v20190418/jetty-xml-9.3.27.v20190418.pom (1.3 kB at 35 kB/s)
[INFO] Downloading from apache.snapshots.https: https://repository.apache.org/content/repositories/snapshots/org/eclipse/jetty/jetty-util-ajax/9.3.27.v20190418/jetty-util-ajax-9.3.27.v20190418.pom
[INFO] Downloading from repository.jboss.org: https://repository.jboss.org/nexus/content/groups/public/org/eclipse/jetty/jetty-util-ajax/9.3.27.v20190418/jetty-util-ajax-9.3.27.v20190418.pom
[INFO] Downloading from central: https://repo.maven.apache.org/maven2/org/eclipse/jetty/jetty-util-ajax/9.3.27.v20190418/jetty-util-ajax-9.3.27.v20190418.pom
[INFO] Downloaded from central: https://repo.maven.apache.org/maven2/org/eclipse/jetty/jetty-util-ajax/9.3.27.v20190418/jetty-util-ajax-9.3.27.v20190418.pom (1.5 kB at 38 kB/s)
[INFO] Downloading from apache.snapshots.https: https://repository.apache.org/content/repositories/snapshots/com/google/protobuf/protobuf-java/3.7.1/protobuf-java-3.7.1.pom
[INFO] Downloading from repository.jboss.org: https://repository.jboss.org/nexus/content/groups/public/com/google/protobuf/protobuf-java/3.7.1/protobuf-java-3.7.1.pom
[INFO] Downloading from central: https://repo.maven.apache.org/maven2/com/google/protobuf/protobuf-java/3.7.1/protobuf-java-3.7.1.pom
[INFO] Downloaded from central: https://repo.maven.apache.org/maven2/com/google/protobuf/protobuf-java/3.7.1/protobuf-java-3.7.1.pom (5.3 kB at 156 kB/s)
[INFO] Downloading from apache.snapshots.https: https://repository.apache.org/content/repositories/snapshots/com/google/protobuf/protobuf-parent/3.7.1/protobuf-parent-3.7.1.pom
[INFO] Downloading from repository.jboss.org: https://repository.jboss.org/nexus/content/groups/public/com/google/protobuf/protobuf-parent/3.7.1/protobuf-parent-3.7.1.pom
[INFO] Downloading from central: https://repo.maven.apache.org/maven2/com/google/protobuf/protobuf-parent/3.7.1/protobuf-parent-3.7.1.pom
[INFO] Downloaded from central: https://repo.maven.apache.org/maven2/com/google/protobuf/protobuf-parent/3.7.1/protobuf-parent-3.7.1.pom (7.2 kB at 207 kB/s)
[INFO] Downloading from apache.snapshots.https: https://repository.apache.org/content/repositories/snapshots/com/google/protobuf/protobuf-bom/3.7.1/protobuf-bom-3.7.1.pom
[INFO] Downloading from repository.jboss.org: https://repository.jboss.org/nexus/content/groups/public/com/google/protobuf/protobuf-bom/3.7.1/protobuf-bom-3.7.1.pom
[INFO] Downloading from central: https://repo.maven.apache.org/maven2/com/google/protobuf/protobuf-bom/3.7.1/protobuf-bom-3.7.1.pom
[INFO] Downloaded from central: https://repo.maven.apache.org/maven2/com/google/protobuf/protobuf-bom/3.7.1/protobuf-bom-3.7.1.pom (3.6 kB at 105 kB/s)
[INFO] Downloading from apache.snapshots.https: https://repository.apache.org/content/repositories/snapshots/org/eclipse/jetty/jetty-webapp/9.3.27.v20190418/jetty-webapp-9.3.27.v20190418.jar
[INFO] Downloading from apache.snapshots.https: https://repository.apache.org/content/repositories/snapshots/org/eclipse/jetty/jetty-util-ajax/9.3.27.v20190418/jetty-util-ajax-9.3.27.v20190418.jar
[INFO] Downloading from apache.snapshots.https: https://repository.apache.org/content/repositories/snapshots/org/eclipse/jetty/jetty-xml/9.3.27.v20190418/jetty-xml-9.3.27.v20190418.jar
[INFO] Downloading from apache.snapshots.https: https://repository.apache.org/content/repositories/snapshots/com/google/protobuf/protobuf-java/3.7.1/protobuf-java-3.7.1.jar
[INFO] Downloading from repository.jboss.org: https://repository.jboss.org/nexus/content/groups/public/org/eclipse/jetty/jetty-webapp/9.3.27.v20190418/jetty-webapp-9.3.27.v20190418.jar
[INFO] Downloading from repository.jboss.org: https://repository.jboss.org/nexus/content/groups/public/org/eclipse/jetty/jetty-xml/9.3.27.v20190418/jetty-xml-9.3.27.v20190418.jar
[INFO] Downloading from repository.jboss.org: https://repository.jboss.org/nexus/content/groups/public/com/google/protobuf/protobuf-java/3.7.1/protobuf-java-3.7.1.jar
[INFO] Downloading from repository.jboss.org: https://repository.jboss.org/nexus/content/groups/public/org/eclipse/jetty/jetty-util-ajax/9.3.27.v20190418/jetty-util-ajax-9.3.27.v20190418.jar
[INFO] Downloading from central: https://repo.maven.apache.org/maven2/org/eclipse/jetty/jetty-webapp/9.3.27.v20190418/jetty-webapp-9.3.27.v20190418.jar
[INFO] Downloading from central: https://repo.maven.apache.org/maven2/org/eclipse/jetty/jetty-xml/9.3.27.v20190418/jetty-xml-9.3.27.v20190418.jar
[INFO] Downloading from central: https://repo.maven.apache.org/maven2/com/google/protobuf/protobuf-java/3.7.1/protobuf-java-3.7.1.jar
[INFO] Downloading from central: https://repo.maven.apache.org/maven2/org/eclipse/jetty/jetty-util-ajax/9.3.27.v20190418/jetty-util-ajax-9.3.27.v20190418.jar
[INFO] Downloaded from central: https://repo.maven.apache.org/maven2/org/eclipse/jetty/jetty-util-ajax/9.3.27.v20190418/jetty-util-ajax-9.3.27.v20190418.jar (39 kB at 1.1 MB/s)
[INFO] Downloaded from central: https://repo.maven.apache.org/maven2/org/eclipse/jetty/jetty-webapp/9.3.27.v20190418/jetty-webapp-9.3.27.v20190418.jar (115 kB at 3.2 MB/s)
[INFO] Downloaded from central: https://repo.maven.apache.org/maven2/org/eclipse/jetty/jetty-xml/9.3.27.v20190418/jetty-xml-9.3.27.v20190418.jar (52 kB at 1.1 MB/s)
[INFO] Downloaded from central: https://repo.maven.apache.org/maven2/com/google/protobuf/protobuf-java/3.7.1/protobuf-java-3.7.1.jar (1.4 MB at 22 MB/s)
[INFO] 
[INFO] --- maven-clean-plugin:2.5:clean (default-clean) @ hadoop-common ---
[INFO] Deleting /home/srafi/after-cam-ready/compare_/compile_repair_output/work/4f5906e36967/hadoop-common-project/hadoop-common/src/site/markdown (includes = [UnixShellAPI.md], excludes = [])
[INFO] Deleting /home/srafi/after-cam-ready/compare_/compile_repair_output/work/4f5906e36967/hadoop-common-project/hadoop-common/src/site/resources (includes = [configuration.xsl, core-default.xml], excludes = [])
[INFO] 
[INFO] --- maven-antrun-plugin:1.7:run (create-testdirs) @ hadoop-common ---
[INFO] Executing tasks

main:
    [mkdir] Created dir: /home/srafi/after-cam-ready/compare_/compile_repair_output/work/4f5906e36967/hadoop-common-project/hadoop-common/target/test-dir
    [mkdir] Created dir: /home/srafi/after-cam-ready/compare_/compile_repair_output/work/4f5906e36967/hadoop-common-project/hadoop-common/target/test/data
[INFO] Executed tasks
[INFO] 
[INFO] --- protobuf-maven-plugin:0.5.1:compile (src-compile-protoc) @ hadoop-common ---
[INFO] Compiling 14 proto file(s) to /home/srafi/after-cam-ready/compare_/compile_repair_output/work/4f5906e36967/hadoop-common-project/hadoop-common/target/generated-sources/java
[INFO] 
[INFO] --- hadoop-maven-plugins:3.3.0-SNAPSHOT:version-info (version-info) @ hadoop-common ---
[INFO] SCM: GIT
[INFO] Computed MD5: fb95c5e0d1268543c6e069832b7fc614
[INFO] 
[INFO] --- hadoop-maven-plugins:3.3.0-SNAPSHOT:resource-gz (resource-gz) @ hadoop-common ---
[INFO] Compressing /home/srafi/after-cam-ready/compare_/compile_repair_output/work/4f5906e36967/hadoop-common-project/hadoop-common/src/main/webapps/static/hadoop.css to /home/srafi/after-cam-ready/compare_/compile_repair_output/work/4f5906e36967/hadoop-common-project/hadoop-common/target/webapps/static/hadoop.css.gz
[INFO] 
[INFO] --- maven-remote-resources-plugin:1.5:process (default) @ hadoop-common ---
[INFO] 
[INFO] --- maven-resources-plugin:2.6:resources (default-resources) @ hadoop-common ---
[INFO] Using 'UTF-8' encoding to copy filtered resources.
[INFO] Copying 11 resources
[INFO] Copying 1 resource
[INFO] Copying 2 resources
[INFO] 
[INFO] --- maven-compiler-plugin:3.1:compile (default-compile) @ hadoop-common ---
[INFO] Compiling 1027 source files to /home/srafi/after-cam-ready/compare_/compile_repair_output/work/4f5906e36967/hadoop-common-project/hadoop-common/target/classes
[WARNING] /home/srafi/after-cam-ready/compare_/compile_repair_output/work/4f5906e36967/hadoop-common-project/hadoop-common/src/main/java/org/apache/hadoop/util/SignalLogger.java:[21,16] sun.misc.Signal is internal proprietary API and may be removed in a future release
[WARNING] /home/srafi/after-cam-ready/compare_/compile_repair_output/work/4f5906e36967/hadoop-common-project/hadoop-common/src/main/java/org/apache/hadoop/util/SignalLogger.java:[22,16] sun.misc.SignalHandler is internal proprietary API and may be removed in a future release
[WARNING] /home/srafi/after-cam-ready/compare_/compile_repair_output/work/4f5906e36967/hadoop-common-project/hadoop-common/src/main/java/org/apache/hadoop/io/nativeio/NativeIO.java:[48,16] sun.misc.Unsafe is internal proprietary API and may be removed in a future release
[WARNING] /home/srafi/after-cam-ready/compare_/compile_repair_output/work/4f5906e36967/hadoop-common-project/hadoop-common/src/main/java/org/apache/hadoop/service/launcher/IrqHandler.java:[26,16] sun.misc.Signal is internal proprietary API and may be removed in a future release
[WARNING] /home/srafi/after-cam-ready/compare_/compile_repair_output/work/4f5906e36967/hadoop-common-project/hadoop-common/src/main/java/org/apache/hadoop/service/launcher/IrqHandler.java:[27,16] sun.misc.SignalHandler is internal proprietary API and may be removed in a future release
[WARNING] /home/srafi/after-cam-ready/compare_/compile_repair_output/work/4f5906e36967/hadoop-common-project/hadoop-common/src/main/java/org/apache/hadoop/io/FastByteComparisons.java:[27,16] sun.misc.Unsafe is internal proprietary API and may be removed in a future release
[WARNING] /home/srafi/after-cam-ready/compare_/compile_repair_output/work/4f5906e36967/hadoop-common-project/hadoop-common/src/main/java/org/apache/hadoop/util/SignalLogger.java:[44,43] sun.misc.SignalHandler is internal proprietary API and may be removed in a future release
[WARNING] /home/srafi/after-cam-ready/compare_/compile_repair_output/work/4f5906e36967/hadoop-common-project/hadoop-common/src/main/java/org/apache/hadoop/util/SignalLogger.java:[46,19] sun.misc.SignalHandler is internal proprietary API and may be removed in a future release
[WARNING] /home/srafi/after-cam-ready/compare_/compile_repair_output/work/4f5906e36967/hadoop-common-project/hadoop-common/src/main/java/org/apache/hadoop/util/SignalLogger.java:[50,39] sun.misc.Signal is internal proprietary API and may be removed in a future release
[WARNING] /home/srafi/after-cam-ready/compare_/compile_repair_output/work/4f5906e36967/hadoop-common-project/hadoop-common/src/main/java/org/apache/hadoop/util/SignalLogger.java:[50,21] sun.misc.Signal is internal proprietary API and may be removed in a future release
[WARNING] /home/srafi/after-cam-ready/compare_/compile_repair_output/work/4f5906e36967/hadoop-common-project/hadoop-common/src/main/java/org/apache/hadoop/util/SignalLogger.java:[59,24] sun.misc.Signal is internal proprietary API and may be removed in a future release
[WARNING] /home/srafi/after-cam-ready/compare_/compile_repair_output/work/4f5906e36967/hadoop-common-project/hadoop-common/src/main/java/org/apache/hadoop/io/nativeio/NativeIO.java:[868,17] sun.misc.Unsafe is internal proprietary API and may be removed in a future release
[WARNING] /home/srafi/after-cam-ready/compare_/compile_repair_output/work/4f5906e36967/hadoop-common-project/hadoop-common/src/main/java/org/apache/hadoop/io/nativeio/NativeIO.java:[870,7] sun.misc.Unsafe is internal proprietary API and may be removed in a future release
[WARNING] /home/srafi/after-cam-ready/compare_/compile_repair_output/work/4f5906e36967/hadoop-common-project/hadoop-common/src/main/java/org/apache/hadoop/io/nativeio/NativeIO.java:[870,24] sun.misc.Unsafe is internal proprietary API and may be removed in a future release
[WARNING] /home/srafi/after-cam-ready/compare_/compile_repair_output/work/4f5906e36967/hadoop-common-project/hadoop-common/src/main/java/org/apache/hadoop/service/launcher/IrqHandler.java:[42,42] sun.misc.SignalHandler is internal proprietary API and may be removed in a future release
[WARNING] /home/srafi/after-cam-ready/compare_/compile_repair_output/work/4f5906e36967/hadoop-common-project/hadoop-common/src/main/java/org/apache/hadoop/service/launcher/IrqHandler.java:[71,11] sun.misc.Signal is internal proprietary API and may be removed in a future release
[WARNING] /home/srafi/after-cam-ready/compare_/compile_repair_output/work/4f5906e36967/hadoop-common-project/hadoop-common/src/main/java/org/apache/hadoop/service/launcher/IrqHandler.java:[92,20] sun.misc.Signal is internal proprietary API and may be removed in a future release
[WARNING] /home/srafi/after-cam-ready/compare_/compile_repair_output/work/4f5906e36967/hadoop-common-project/hadoop-common/src/main/java/org/apache/hadoop/service/launcher/IrqHandler.java:[93,7] sun.misc.Signal is internal proprietary API and may be removed in a future release
[WARNING] /home/srafi/after-cam-ready/compare_/compile_repair_output/work/4f5906e36967/hadoop-common-project/hadoop-common/src/main/java/org/apache/hadoop/service/launcher/IrqHandler.java:[113,5] sun.misc.Signal is internal proprietary API and may be removed in a future release
[WARNING] /home/srafi/after-cam-ready/compare_/compile_repair_output/work/4f5906e36967/hadoop-common-project/hadoop-common/src/main/java/org/apache/hadoop/service/launcher/IrqHandler.java:[126,22] sun.misc.Signal is internal proprietary API and may be removed in a future release
[WARNING] /home/srafi/after-cam-ready/compare_/compile_repair_output/work/4f5906e36967/hadoop-common-project/hadoop-common/src/main/java/org/apache/hadoop/io/FastByteComparisons.java:[134,20] sun.misc.Unsafe is internal proprietary API and may be removed in a future release
[WARNING] /home/srafi/after-cam-ready/compare_/compile_repair_output/work/4f5906e36967/hadoop-common-project/hadoop-common/src/main/java/org/apache/hadoop/io/FastByteComparisons.java:[140,22] sun.misc.Unsafe is internal proprietary API and may be removed in a future release
[WARNING] /home/srafi/after-cam-ready/compare_/compile_repair_output/work/4f5906e36967/hadoop-common-project/hadoop-common/src/main/java/org/apache/hadoop/io/FastByteComparisons.java:[145,29] sun.misc.Unsafe is internal proprietary API and may be removed in a future release
[WARNING] /home/srafi/after-cam-ready/compare_/compile_repair_output/work/4f5906e36967/hadoop-common-project/hadoop-common/src/main/java/org/apache/hadoop/security/token/delegation/ZKDelegationTokenSecretManager.java: Some input files use or override a deprecated API.
[WARNING] /home/srafi/after-cam-ready/compare_/compile_repair_output/work/4f5906e36967/hadoop-common-project/hadoop-common/src/main/java/org/apache/hadoop/security/token/delegation/ZKDelegationTokenSecretManager.java: Recompile with -Xlint:deprecation for details.
[WARNING] /home/srafi/after-cam-ready/compare_/compile_repair_output/work/4f5906e36967/hadoop-common-project/hadoop-common/src/main/java/org/apache/hadoop/fs/FileSystem.java: Some input files use unchecked or unsafe operations.
[WARNING] /home/srafi/after-cam-ready/compare_/compile_repair_output/work/4f5906e36967/hadoop-common-project/hadoop-common/src/main/java/org/apache/hadoop/fs/FileSystem.java: Recompile with -Xlint:unchecked for details.
[INFO] 
[INFO] --- avro-maven-plugin:1.7.7:schema (generate-avro-test-sources) @ hadoop-common ---
[INFO] 
[INFO] --- protobuf-maven-plugin:0.5.1:test-compile (src-test-compile-protoc) @ hadoop-common ---
[INFO] Compiling 2 proto file(s) to /home/srafi/after-cam-ready/compare_/compile_repair_output/work/4f5906e36967/hadoop-common-project/hadoop-common/target/generated-test-sources/java
[INFO] 
[INFO] --- maven-resources-plugin:2.6:testResources (default-testResources) @ hadoop-common ---
[INFO] Using 'UTF-8' encoding to copy filtered resources.
[INFO] Copying 30 resources
[INFO] Copying 2 resources
[INFO] 
[INFO] --- maven-antrun-plugin:1.7:run (create-log-dir) @ hadoop-common ---
[INFO] Executing tasks

main:
   [delete] Deleting directory /home/srafi/after-cam-ready/compare_/compile_repair_output/work/4f5906e36967/hadoop-common-project/hadoop-common/target/test/data
    [mkdir] Created dir: /home/srafi/after-cam-ready/compare_/compile_repair_output/work/4f5906e36967/hadoop-common-project/hadoop-common/target/test/data
    [mkdir] Created dir: /home/srafi/after-cam-ready/compare_/compile_repair_output/work/4f5906e36967/hadoop-common-project/hadoop-common/target/log
     [copy] Copying 8 files to /home/srafi/after-cam-ready/compare_/compile_repair_output/work/4f5906e36967/hadoop-common-project/hadoop-common/target/test-classes
[INFO] Executed tasks
[INFO] 
[INFO] --- maven-compiler-plugin:3.1:testCompile (default-testCompile) @ hadoop-common ---
[INFO] Compiling 650 source files to /home/srafi/after-cam-ready/compare_/compile_repair_output/work/4f5906e36967/hadoop-common-project/hadoop-common/target/test-classes
[WARNING] /home/srafi/after-cam-ready/compare_/compile_repair_output/work/4f5906e36967/hadoop-common-project/hadoop-common/src/test/java/org/apache/hadoop/security/ssl/KeyStoreTestUtil.java: Some input files use or override a deprecated API.
[WARNING] /home/srafi/after-cam-ready/compare_/compile_repair_output/work/4f5906e36967/hadoop-common-project/hadoop-common/src/test/java/org/apache/hadoop/security/ssl/KeyStoreTestUtil.java: Recompile with -Xlint:deprecation for details.
[WARNING] /home/srafi/after-cam-ready/compare_/compile_repair_output/work/4f5906e36967/hadoop-common-project/hadoop-common/src/test/java/org/apache/hadoop/test/LambdaTestUtils.java: Some input files use unchecked or unsafe operations.
[WARNING] /home/srafi/after-cam-ready/compare_/compile_repair_output/work/4f5906e36967/hadoop-common-project/hadoop-common/src/test/java/org/apache/hadoop/test/LambdaTestUtils.java: Recompile with -Xlint:unchecked for details.
[INFO] 
[INFO] --- maven-surefire-plugin:3.0.0-M8-SNAPSHOT:test (default-test) @ hadoop-common ---
[INFO] Tests are skipped.
[INFO] 
[INFO] --- maven-jar-plugin:2.5:jar (prepare-jar) @ hadoop-common ---
[INFO] Building jar: /home/srafi/after-cam-ready/compare_/compile_repair_output/work/4f5906e36967/hadoop-common-project/hadoop-common/target/hadoop-common-3.3.0-SNAPSHOT.jar
[INFO] 
[INFO] --- maven-jar-plugin:2.5:test-jar (prepare-test-jar) @ hadoop-common ---
[INFO] Building jar: /home/srafi/after-cam-ready/compare_/compile_repair_output/work/4f5906e36967/hadoop-common-project/hadoop-common/target/hadoop-common-3.3.0-SNAPSHOT-tests.jar
[INFO] 
[INFO] --- maven-jar-plugin:2.5:jar (default-jar) @ hadoop-common ---
[INFO] 
[INFO] --- maven-site-plugin:3.6:attach-descriptor (attach-descriptor) @ hadoop-common ---
[INFO] Skipping because packaging 'jar' is not pom.
[INFO] 
[INFO] --- maven-install-plugin:2.5.1:install (default-install) @ hadoop-common ---
[INFO] Installing /home/srafi/after-cam-ready/compare_/compile_repair_output/work/4f5906e36967/hadoop-common-project/hadoop-common/target/hadoop-common-3.3.0-SNAPSHOT.jar to /home/srafi/.m2/repository/org/apache/hadoop/hadoop-common/3.3.0-SNAPSHOT/hadoop-common-3.3.0-SNAPSHOT.jar
[INFO] Installing /home/srafi/after-cam-ready/compare_/compile_repair_output/work/4f5906e36967/hadoop-common-project/hadoop-common/pom.xml to /home/srafi/.m2/repository/org/apache/hadoop/hadoop-common/3.3.0-SNAPSHOT/hadoop-common-3.3.0-SNAPSHOT.pom
[INFO] Installing /home/srafi/after-cam-ready/compare_/compile_repair_output/work/4f5906e36967/hadoop-common-project/hadoop-common/target/hadoop-common-3.3.0-SNAPSHOT-tests.jar to /home/srafi/.m2/repository/org/apache/hadoop/hadoop-common/3.3.0-SNAPSHOT/hadoop-common-3.3.0-SNAPSHOT-tests.jar
[INFO] ------------------------------------------------------------------------
[INFO] Reactor Summary for Apache Hadoop Main 3.3.0-SNAPSHOT:
[INFO] 
[INFO] Apache Hadoop Main ................................. SUCCESS [  0.438 s]
[INFO] Apache Hadoop Build Tools .......................... SUCCESS [  3.208 s]
[INFO] Apache Hadoop Project POM .......................... SUCCESS [  0.429 s]
[INFO] Apache Hadoop Annotations .......................... SUCCESS [  0.483 s]
[INFO] Apache Hadoop Project Dist POM ..................... SUCCESS [  0.032 s]
[INFO] Apache Hadoop Maven Plugins ........................ SUCCESS [  1.075 s]
[INFO] Apache Hadoop MiniKDC .............................. SUCCESS [  0.202 s]
[INFO] Apache Hadoop Auth ................................. SUCCESS [  7.338 s]
[INFO] Apache Hadoop Common ............................... SUCCESS [ 13.297 s]
[INFO] ------------------------------------------------------------------------
[INFO] BUILD SUCCESS
[INFO] ------------------------------------------------------------------------
[INFO] Total time:  27.302 s
[INFO] Finished at: 2026-08-15T15:10:00-04:00
[INFO] ------------------------------------------------------------------------
