JAVA_HOME=/usr/lib/jvm/java-8-openjdk-amd64
COMMAND=mvn -B clean install -DskipTests -U -pl unirest -am -Ddependency-check.skip=true -Dgpg.skip=true -DfailIfNoTests=false -Dskip.installnodenpm=true -Dskip.npm=true -Dskip.yarn=true -Dlicense.skip=true -Dcheckstyle.skip=true -Drat.skip=true -Denforcer.skip=true -Danimal.sniffer.skip=true -Dmaven.javadoc.skip=true -Dfindbugs.skip=true -Dspotbugs.skip=true -Dwarbucks.skip=true -Dmodernizer.skip=true -Dimpsort.skip=true -Dmdep.analyze.skip=true -Dpgpverify.skip=true -Dxml.skip=true -Dcobertura.skip=true

[INFO] Scanning for projects...
Warning: KebabPizza disabling incompatible org.jacoco:jacoco-maven-plugin from unirest-java-parent
Warning: KebabPizza disabling incompatible org.apache.maven.plugins:maven-enforcer-plugin from unirest-java-parent
Warning: KebabPizza disabling incompatible org.jacoco:jacoco-maven-plugin from unirest-java
Warning: KebabPizza disabling incompatible org.apache.maven.plugins:maven-enforcer-plugin from unirest-java
[INFO] Inspecting build with total of 2 modules...
[INFO] Installing Nexus Staging features:
[INFO]   ... total of 2 executions of maven-deploy-plugin replaced with nexus-staging-maven-plugin
[INFO] ------------------------------------------------------------------------
[INFO] Reactor Build Order:
[INFO] 
[INFO] unirest                                                            [pom]
[INFO] unirest-java                                                       [jar]
[INFO] 
[INFO] -------------------< com.konghq:unirest-java-parent >-------------------
[INFO] Building unirest 3.11.06-SNAPSHOT                                  [1/2]
[INFO] --------------------------------[ pom ]---------------------------------
[INFO] Downloading from central: https://repo.maven.apache.org/maven2/com/mycila/maven-license-plugin/maven-license-plugin/1.8.0/maven-license-plugin-1.8.0.pom
[INFO] Downloaded from central: https://repo.maven.apache.org/maven2/com/mycila/maven-license-plugin/maven-license-plugin/1.8.0/maven-license-plugin-1.8.0.pom (16 kB at 65 kB/s)
[INFO] Downloading from central: https://repo.maven.apache.org/maven2/com/mycila/maven-license-plugin/maven-license-plugin/1.8.0/maven-license-plugin-1.8.0.jar
[INFO] Downloaded from central: https://repo.maven.apache.org/maven2/com/mycila/maven-license-plugin/maven-license-plugin/1.8.0/maven-license-plugin-1.8.0.jar (54 kB at 1.3 MB/s)
[INFO] Downloading from central: https://repo.maven.apache.org/maven2/org/mockito/mockito-junit-jupiter/3.5.13/mockito-junit-jupiter-3.5.13.pom
[INFO] Downloaded from central: https://repo.maven.apache.org/maven2/org/mockito/mockito-junit-jupiter/3.5.13/mockito-junit-jupiter-3.5.13.pom (25 kB at 739 kB/s)
[INFO] Downloading from central: https://repo.maven.apache.org/maven2/org/junit/jupiter/junit-jupiter-api/5.4.2/junit-jupiter-api-5.4.2.pom
[INFO] Downloaded from central: https://repo.maven.apache.org/maven2/org/junit/jupiter/junit-jupiter-api/5.4.2/junit-jupiter-api-5.4.2.pom (2.4 kB at 79 kB/s)
[INFO] Downloading from central: https://repo.maven.apache.org/maven2/org/junit/platform/junit-platform-commons/1.4.2/junit-platform-commons-1.4.2.pom
[INFO] Downloaded from central: https://repo.maven.apache.org/maven2/org/junit/platform/junit-platform-commons/1.4.2/junit-platform-commons-1.4.2.pom (2.0 kB at 55 kB/s)
[INFO] 
[INFO] --- maven-clean-plugin:2.5:clean (default-clean) @ unirest-java-parent ---
[INFO] 
[INFO] --- maven-license-plugin:1.8.0:format (default) @ unirest-java-parent ---
[INFO] Updating license headers...
[INFO] 
[INFO] --- maven-checkstyle-plugin:3.1.1:checkstyle (auto-checkstyle) @ unirest-java-parent ---
[INFO] Downloading from central: https://repo.maven.apache.org/maven2/com/puppycrawl/tools/checkstyle/8.36.2/checkstyle-8.36.2.pom
[INFO] Downloaded from central: https://repo.maven.apache.org/maven2/com/puppycrawl/tools/checkstyle/8.36.2/checkstyle-8.36.2.pom (135 kB at 3.6 MB/s)
[INFO] Downloading from central: https://repo.maven.apache.org/maven2/info/picocli/picocli/4.5.1/picocli-4.5.1.pom
[INFO] Downloaded from central: https://repo.maven.apache.org/maven2/info/picocli/picocli/4.5.1/picocli-4.5.1.pom (1.4 kB at 35 kB/s)
[INFO] Downloading from central: https://repo.maven.apache.org/maven2/net/sf/saxon/Saxon-HE/10.2/Saxon-HE-10.2.pom
[INFO] Downloaded from central: https://repo.maven.apache.org/maven2/net/sf/saxon/Saxon-HE/10.2/Saxon-HE-10.2.pom (4.3 kB at 104 kB/s)
[INFO] Downloading from central: https://repo.maven.apache.org/maven2/com/puppycrawl/tools/checkstyle/8.36.2/checkstyle-8.36.2.jar
[INFO] Downloading from central: https://repo.maven.apache.org/maven2/info/picocli/picocli/4.5.1/picocli-4.5.1.jar
[INFO] Downloading from central: https://repo.maven.apache.org/maven2/net/sf/saxon/Saxon-HE/10.2/Saxon-HE-10.2.jar
[INFO] Downloaded from central: https://repo.maven.apache.org/maven2/info/picocli/picocli/4.5.1/picocli-4.5.1.jar (390 kB at 5.6 MB/s)
[INFO] Downloaded from central: https://repo.maven.apache.org/maven2/com/puppycrawl/tools/checkstyle/8.36.2/checkstyle-8.36.2.jar (1.6 MB at 18 MB/s)
[INFO] Downloaded from central: https://repo.maven.apache.org/maven2/net/sf/saxon/Saxon-HE/10.2/Saxon-HE-10.2.jar (5.7 MB at 30 MB/s)
[INFO] 
[INFO] --- maven-checkstyle-plugin:3.1.1:check (auto-checkstyle) @ unirest-java-parent ---
[INFO] 
[INFO] >>> maven-source-plugin:2.2.1:jar (attach-sources) > generate-sources @ unirest-java-parent >>>
[INFO] 
[INFO] --- maven-license-plugin:1.8.0:format (default) @ unirest-java-parent ---
[INFO] Updating license headers...
[INFO] 
[INFO] <<< maven-source-plugin:2.2.1:jar (attach-sources) < generate-sources @ unirest-java-parent <<<
[INFO] 
[INFO] 
[INFO] --- maven-source-plugin:2.2.1:jar (attach-sources) @ unirest-java-parent ---
[INFO] 
[INFO] --- maven-javadoc-plugin:3.2.0:jar (attach-javadocs) @ unirest-java-parent ---
[INFO] Skipping javadoc generation
[INFO] 
[INFO] --- maven-install-plugin:2.4:install (default-install) @ unirest-java-parent ---
[INFO] Installing /home/srafi/after-cam-ready/compare_/compile_repair_output/work/c28c0a480331/pom.xml to /home/srafi/.m2/repository/com/konghq/unirest-java-parent/3.11.06-SNAPSHOT/unirest-java-parent-3.11.06-SNAPSHOT.pom
[INFO] 
[INFO] ----------------------< com.konghq:unirest-java >-----------------------
[INFO] Building unirest-java 3.11.06-SNAPSHOT                             [2/2]
[INFO] --------------------------------[ jar ]---------------------------------
[INFO] Downloading from central: https://repo.maven.apache.org/maven2/org/apache/httpcomponents/httpcore-nio/4.4.13/httpcore-nio-4.4.13.pom
[INFO] Downloaded from central: https://repo.maven.apache.org/maven2/org/apache/httpcomponents/httpcore-nio/4.4.13/httpcore-nio-4.4.13.pom (0 B at 0 B/s)
[INFO] Downloading from central: https://repo.maven.apache.org/maven2/com/fasterxml/jackson/datatype/jackson-datatype-guava/2.11.3/jackson-datatype-guava-2.11.3.pom
[INFO] Downloaded from central: https://repo.maven.apache.org/maven2/com/fasterxml/jackson/datatype/jackson-datatype-guava/2.11.3/jackson-datatype-guava-2.11.3.pom (3.0 kB at 23 kB/s)
[INFO] Downloading from central: https://repo.maven.apache.org/maven2/com/fasterxml/jackson/datatype/jackson-datatypes-collections/2.11.3/jackson-datatypes-collections-2.11.3.pom
[INFO] Downloaded from central: https://repo.maven.apache.org/maven2/com/fasterxml/jackson/datatype/jackson-datatypes-collections/2.11.3/jackson-datatypes-collections-2.11.3.pom (2.1 kB at 17 kB/s)
[INFO] Downloading from central: https://repo.maven.apache.org/maven2/com/sparkjava/spark-core/2.9.3/spark-core-2.9.3.pom
[INFO] Downloaded from central: https://repo.maven.apache.org/maven2/com/sparkjava/spark-core/2.9.3/spark-core-2.9.3.pom (7.5 kB at 141 kB/s)
[INFO] Downloading from central: https://repo.maven.apache.org/maven2/org/eclipse/jetty/jetty-server/9.4.31.v20200723/jetty-server-9.4.31.v20200723.pom
[INFO] Downloaded from central: https://repo.maven.apache.org/maven2/org/eclipse/jetty/jetty-server/9.4.31.v20200723/jetty-server-9.4.31.v20200723.pom (2.8 kB at 59 kB/s)
[INFO] Downloading from central: https://repo.maven.apache.org/maven2/org/eclipse/jetty/jetty-webapp/9.4.31.v20200723/jetty-webapp-9.4.31.v20200723.pom
[INFO] Downloaded from central: https://repo.maven.apache.org/maven2/org/eclipse/jetty/jetty-webapp/9.4.31.v20200723/jetty-webapp-9.4.31.v20200723.pom (3.2 kB at 70 kB/s)
[INFO] Downloading from central: https://repo.maven.apache.org/maven2/org/eclipse/jetty/jetty-servlet/9.4.31.v20200723/jetty-servlet-9.4.31.v20200723.pom
[INFO] Downloaded from central: https://repo.maven.apache.org/maven2/org/eclipse/jetty/jetty-servlet/9.4.31.v20200723/jetty-servlet-9.4.31.v20200723.pom (2.3 kB at 43 kB/s)
[INFO] Downloading from central: https://repo.maven.apache.org/maven2/org/eclipse/jetty/jetty-security/9.4.31.v20200723/jetty-security-9.4.31.v20200723.pom
[INFO] Downloaded from central: https://repo.maven.apache.org/maven2/org/eclipse/jetty/jetty-security/9.4.31.v20200723/jetty-security-9.4.31.v20200723.pom (2.3 kB at 43 kB/s)
[INFO] Downloading from central: https://repo.maven.apache.org/maven2/org/eclipse/jetty/websocket/websocket-server/9.4.31.v20200723/websocket-server-9.4.31.v20200723.pom
[INFO] Downloaded from central: https://repo.maven.apache.org/maven2/org/eclipse/jetty/websocket/websocket-server/9.4.31.v20200723/websocket-server-9.4.31.v20200723.pom (4.1 kB at 95 kB/s)
[INFO] Downloading from central: https://repo.maven.apache.org/maven2/org/eclipse/jetty/websocket/websocket-servlet/9.4.31.v20200723/websocket-servlet-9.4.31.v20200723.pom
[INFO] Downloaded from central: https://repo.maven.apache.org/maven2/org/eclipse/jetty/websocket/websocket-servlet/9.4.31.v20200723/websocket-servlet-9.4.31.v20200723.pom (2.2 kB at 49 kB/s)
[INFO] Downloading from central: https://repo.maven.apache.org/maven2/com/github/paweladamski/HttpClientMock/1.8.1/HttpClientMock-1.8.1.pom
[INFO] Downloaded from central: https://repo.maven.apache.org/maven2/com/github/paweladamski/HttpClientMock/1.8.1/HttpClientMock-1.8.1.pom (5.4 kB at 12 kB/s)
[INFO] Downloading from central: https://repo.maven.apache.org/maven2/org/apache/httpcomponents/httpcore-nio/4.4.13/httpcore-nio-4.4.13.jar
[INFO] Downloading from central: https://repo.maven.apache.org/maven2/com/fasterxml/jackson/datatype/jackson-datatype-guava/2.11.3/jackson-datatype-guava-2.11.3.jar
[INFO] Downloading from central: https://repo.maven.apache.org/maven2/com/sparkjava/spark-core/2.9.3/spark-core-2.9.3.jar
[INFO] Downloading from central: https://repo.maven.apache.org/maven2/org/eclipse/jetty/jetty-server/9.4.31.v20200723/jetty-server-9.4.31.v20200723.jar
[INFO] Downloading from central: https://repo.maven.apache.org/maven2/org/eclipse/jetty/jetty-webapp/9.4.31.v20200723/jetty-webapp-9.4.31.v20200723.jar
[INFO] Downloaded from central: https://repo.maven.apache.org/maven2/org/eclipse/jetty/jetty-server/9.4.31.v20200723/jetty-server-9.4.31.v20200723.jar (703 kB at 16 MB/s)
[INFO] Downloading from central: https://repo.maven.apache.org/maven2/org/eclipse/jetty/jetty-servlet/9.4.31.v20200723/jetty-servlet-9.4.31.v20200723.jar
[INFO] Downloaded from central: https://repo.maven.apache.org/maven2/com/fasterxml/jackson/datatype/jackson-datatype-guava/2.11.3/jackson-datatype-guava-2.11.3.jar (85 kB at 1.8 MB/s)
[INFO] Downloading from central: https://repo.maven.apache.org/maven2/org/eclipse/jetty/jetty-security/9.4.31.v20200723/jetty-security-9.4.31.v20200723.jar
[INFO] Downloaded from central: https://repo.maven.apache.org/maven2/org/apache/httpcomponents/httpcore-nio/4.4.13/httpcore-nio-4.4.13.jar (369 kB at 7.2 MB/s)
[INFO] Downloading from central: https://repo.maven.apache.org/maven2/org/eclipse/jetty/websocket/websocket-server/9.4.31.v20200723/websocket-server-9.4.31.v20200723.jar
[INFO] Downloaded from central: https://repo.maven.apache.org/maven2/com/sparkjava/spark-core/2.9.3/spark-core-2.9.3.jar (162 kB at 2.8 MB/s)
[INFO] Downloading from central: https://repo.maven.apache.org/maven2/org/eclipse/jetty/websocket/websocket-servlet/9.4.31.v20200723/websocket-servlet-9.4.31.v20200723.jar
[INFO] Downloaded from central: https://repo.maven.apache.org/maven2/org/eclipse/jetty/jetty-webapp/9.4.31.v20200723/jetty-webapp-9.4.31.v20200723.jar (138 kB at 2.1 MB/s)
[INFO] Downloading from central: https://repo.maven.apache.org/maven2/com/github/paweladamski/HttpClientMock/1.8.1/HttpClientMock-1.8.1.jar
[INFO] Downloaded from central: https://repo.maven.apache.org/maven2/org/eclipse/jetty/jetty-servlet/9.4.31.v20200723/jetty-servlet-9.4.31.v20200723.jar (132 kB at 1.6 MB/s)
[INFO] Downloading from central: https://repo.maven.apache.org/maven2/org/mockito/mockito-junit-jupiter/3.5.13/mockito-junit-jupiter-3.5.13.jar
[INFO] Downloaded from central: https://repo.maven.apache.org/maven2/org/eclipse/jetty/jetty-security/9.4.31.v20200723/jetty-security-9.4.31.v20200723.jar (118 kB at 1.4 MB/s)
[INFO] Downloaded from central: https://repo.maven.apache.org/maven2/org/eclipse/jetty/websocket/websocket-server/9.4.31.v20200723/websocket-server-9.4.31.v20200723.jar (45 kB at 472 kB/s)
[INFO] Downloaded from central: https://repo.maven.apache.org/maven2/org/mockito/mockito-junit-jupiter/3.5.13/mockito-junit-jupiter-3.5.13.jar (4.9 kB at 45 kB/s)
[INFO] Downloaded from central: https://repo.maven.apache.org/maven2/org/eclipse/jetty/websocket/websocket-servlet/9.4.31.v20200723/websocket-servlet-9.4.31.v20200723.jar (30 kB at 268 kB/s)
[INFO] Downloaded from central: https://repo.maven.apache.org/maven2/com/github/paweladamski/HttpClientMock/1.8.1/HttpClientMock-1.8.1.jar (51 kB at 111 kB/s)
[INFO] 
[INFO] --- maven-clean-plugin:2.5:clean (default-clean) @ unirest-java ---
[INFO] 
[INFO] --- maven-license-plugin:1.8.0:format (default) @ unirest-java ---
[INFO] Updating license headers...
[INFO] 
[INFO] --- maven-resources-plugin:2.6:resources (default-resources) @ unirest-java ---
[INFO] Using 'UTF-8' encoding to copy filtered resources.
[INFO] skip non existing resourceDirectory /home/srafi/after-cam-ready/compare_/compile_repair_output/work/c28c0a480331/unirest/src/main/resources
[INFO] 
[INFO] --- maven-compiler-plugin:3.8.1:compile (default-compile) @ unirest-java ---
[INFO] Changes detected - recompiling the module!
[INFO] Compiling 108 source files to /home/srafi/after-cam-ready/compare_/compile_repair_output/work/c28c0a480331/unirest/target/classes
[INFO] 
[INFO] --- maven-checkstyle-plugin:3.1.1:checkstyle (auto-checkstyle) @ unirest-java ---
[INFO] 
[INFO] --- maven-checkstyle-plugin:3.1.1:check (auto-checkstyle) @ unirest-java ---
[INFO] 
[INFO] --- maven-resources-plugin:2.6:testResources (default-testResources) @ unirest-java ---
[INFO] Using 'UTF-8' encoding to copy filtered resources.
[INFO] Copying 10 resources
[INFO] 
[INFO] --- maven-compiler-plugin:3.8.1:testCompile (default-testCompile) @ unirest-java ---
[INFO] Changes detected - recompiling the module!
[INFO] Compiling 91 source files to /home/srafi/after-cam-ready/compare_/compile_repair_output/work/c28c0a480331/unirest/target/test-classes
[INFO] 
[INFO] --- maven-surefire-plugin:3.0.0-M8-SNAPSHOT:test (default-test) @ unirest-java ---
[INFO] Downloading from apache.snapshots: https://repository.apache.org/snapshots/org/apache/maven/surefire/maven-surefire-common/3.0.0-M8-SNAPSHOT/maven-metadata.xml
[INFO] Downloading from apache.snapshots: https://repository.apache.org/snapshots/org/apache/maven/surefire/surefire-api/3.0.0-M8-SNAPSHOT/maven-metadata.xml
[INFO] Downloading from apache.snapshots: https://repository.apache.org/snapshots/org/apache/maven/surefire/surefire-logger-api/3.0.0-M8-SNAPSHOT/maven-metadata.xml
[INFO] Downloading from apache.snapshots: https://repository.apache.org/snapshots/org/apache/maven/surefire/surefire-shared-utils/3.0.0-M8-SNAPSHOT/maven-metadata.xml
[INFO] Downloading from apache.snapshots: https://repository.apache.org/snapshots/org/apache/maven/surefire/surefire-extensions-api/3.0.0-M8-SNAPSHOT/maven-metadata.xml
[INFO] Downloading from apache.snapshots: https://repository.apache.org/snapshots/org/apache/maven/surefire/surefire-booter/3.0.0-M8-SNAPSHOT/maven-metadata.xml
[INFO] Downloading from apache.snapshots: https://repository.apache.org/snapshots/org/apache/maven/surefire/surefire-extensions-spi/3.0.0-M8-SNAPSHOT/maven-metadata.xml
[INFO] Tests are skipped.
[INFO] 
[INFO] --- maven-jar-plugin:3.1.0:jar (default-jar) @ unirest-java ---
[INFO] Building jar: /home/srafi/after-cam-ready/compare_/compile_repair_output/work/c28c0a480331/unirest/target/unirest-java-3.11.06-SNAPSHOT.jar
[INFO] 
[INFO] >>> maven-source-plugin:2.2.1:jar (attach-sources) > generate-sources @ unirest-java >>>
[INFO] 
[INFO] --- maven-license-plugin:1.8.0:format (default) @ unirest-java ---
[INFO] Updating license headers...
[INFO] 
[INFO] <<< maven-source-plugin:2.2.1:jar (attach-sources) < generate-sources @ unirest-java <<<
[INFO] 
[INFO] 
[INFO] --- maven-source-plugin:2.2.1:jar (attach-sources) @ unirest-java ---
[INFO] Building jar: /home/srafi/after-cam-ready/compare_/compile_repair_output/work/c28c0a480331/unirest/target/unirest-java-3.11.06-SNAPSHOT-sources.jar
[INFO] 
[INFO] --- maven-javadoc-plugin:3.2.0:jar (attach-javadocs) @ unirest-java ---
[INFO] Skipping javadoc generation
[INFO] 
[INFO] --- maven-shade-plugin:3.2.4:shade (default) @ unirest-java ---
[INFO] Including org.apache.httpcomponents:httpclient:jar:4.5.13 in the shaded jar.
[INFO] Including org.apache.httpcomponents:httpcore:jar:4.4.13 in the shaded jar.
[INFO] Including commons-logging:commons-logging:jar:1.2 in the shaded jar.
[INFO] Including commons-codec:commons-codec:jar:1.11 in the shaded jar.
[INFO] Including org.apache.httpcomponents:httpmime:jar:4.5.13 in the shaded jar.
[INFO] Including org.apache.httpcomponents:httpcore-nio:jar:4.4.13 in the shaded jar.
[INFO] Including org.apache.httpcomponents:httpasyncclient:jar:4.1.4 in the shaded jar.
[INFO] Including com.google.code.gson:gson:jar:2.8.6 in the shaded jar.
[WARNING] Discovered module-info.class. Shading will break its strong encapsulation.
[WARNING] commons-codec-1.11.jar, commons-logging-1.2.jar, gson-2.8.6.jar, httpasyncclient-4.1.4.jar, httpclient-4.5.13.jar, httpcore-4.4.13.jar, httpcore-nio-4.4.13.jar, httpmime-4.5.13.jar, unirest-java-3.11.06-SNAPSHOT.jar define 1 overlapping resource: 
[WARNING]   - META-INF/MANIFEST.MF
[WARNING] httpasyncclient-4.1.4.jar, httpclient-4.5.13.jar, httpcore-4.4.13.jar, httpcore-nio-4.4.13.jar, httpmime-4.5.13.jar define 3 overlapping resources: 
[WARNING]   - META-INF/DEPENDENCIES
[WARNING]   - META-INF/LICENSE
[WARNING]   - META-INF/NOTICE
[WARNING] commons-codec-1.11.jar, commons-logging-1.2.jar define 2 overlapping resources: 
[WARNING]   - META-INF/LICENSE.txt
[WARNING]   - META-INF/NOTICE.txt
[WARNING] maven-shade-plugin has detected that some class files are
[WARNING] present in two or more JARs. When this happens, only one
[WARNING] single version of the class is copied to the uber jar.
[WARNING] Usually this is not harmful and you can skip these warnings,
[WARNING] otherwise try to manually exclude artifacts based on
[WARNING] mvn dependency:tree -Ddetail=true and the above output.
[WARNING] See http://maven.apache.org/plugins/maven-shade-plugin/
[INFO] Attaching shaded artifact.
[INFO] 
[INFO] --- maven-install-plugin:2.4:install (default-install) @ unirest-java ---
[INFO] Installing /home/srafi/after-cam-ready/compare_/compile_repair_output/work/c28c0a480331/unirest/target/unirest-java-3.11.06-SNAPSHOT.jar to /home/srafi/.m2/repository/com/konghq/unirest-java/3.11.06-SNAPSHOT/unirest-java-3.11.06-SNAPSHOT.jar
[INFO] Installing /home/srafi/after-cam-ready/compare_/compile_repair_output/work/c28c0a480331/unirest/pom.xml to /home/srafi/.m2/repository/com/konghq/unirest-java/3.11.06-SNAPSHOT/unirest-java-3.11.06-SNAPSHOT.pom
[INFO] Installing /home/srafi/after-cam-ready/compare_/compile_repair_output/work/c28c0a480331/unirest/target/unirest-java-3.11.06-SNAPSHOT-sources.jar to /home/srafi/.m2/repository/com/konghq/unirest-java/3.11.06-SNAPSHOT/unirest-java-3.11.06-SNAPSHOT-sources.jar
[INFO] Installing /home/srafi/after-cam-ready/compare_/compile_repair_output/work/c28c0a480331/unirest/target/unirest-java-3.11.06-SNAPSHOT-standalone.jar to /home/srafi/.m2/repository/com/konghq/unirest-java/3.11.06-SNAPSHOT/unirest-java-3.11.06-SNAPSHOT-standalone.jar
[INFO] ------------------------------------------------------------------------
[INFO] Reactor Summary for unirest 3.11.06-SNAPSHOT:
[INFO] 
[INFO] unirest ............................................ SUCCESS [  1.493 s]
[INFO] unirest-java ....................................... SUCCESS [  7.652 s]
[INFO] ------------------------------------------------------------------------
[INFO] BUILD SUCCESS
[INFO] ------------------------------------------------------------------------
[INFO] Total time:  9.520 s
[INFO] Finished at: 2026-08-15T16:30:25-04:00
[INFO] ------------------------------------------------------------------------
