JAVA_HOME=/usr/lib/jvm/java-8-openjdk-amd64
COMMAND=bash /home/srafi/after-cam-ready/compare_/compile_repair_output/work/82b196060803/mvnw -B clean install -DskipTests -U -Ddependency-check.skip=true -Dgpg.skip=true -DfailIfNoTests=false -Dskip.installnodenpm=true -Dskip.npm=true -Dskip.yarn=true -Dlicense.skip=true -Dcheckstyle.skip=true -Drat.skip=true -Denforcer.skip=true -Danimal.sniffer.skip=true -Dmaven.javadoc.skip=true -Dfindbugs.skip=true -Dspotbugs.skip=true -Dwarbucks.skip=true -Dmodernizer.skip=true -Dimpsort.skip=true -Dmdep.analyze.skip=true -Dpgpverify.skip=true -Dxml.skip=true -Dcobertura.skip=true

[INFO] Scanning for projects...
[INFO] 
[INFO] --------------< org.springframework.data:spring-data-jpa >--------------
[INFO] Building Spring Data JPA 2.7.0
[INFO] --------------------------------[ jar ]---------------------------------
[INFO] Downloading from spring-libs: https://repo.spring.io/libs-snapshot/org/springframework/spring-orm/5.3.20/spring-orm-5.3.20.jar
[INFO] Downloading from spring-libs: https://repo.spring.io/libs-snapshot/org/hsqldb/hsqldb/2.5.1/hsqldb-2.5.1.jar
[INFO] Downloading from spring-libs: https://repo.spring.io/libs-snapshot/org/springframework/spring-instrument/5.3.20/spring-instrument-5.3.20.jar
[INFO] Downloading from spring-libs: https://repo.spring.io/libs-snapshot/org/springframework/spring-aspects/5.3.20/spring-aspects-5.3.20.jar
[INFO] Downloading from spring-libs: https://repo.spring.io/libs-snapshot/mysql/mysql-connector-java/8.0.23/mysql-connector-java-8.0.23.jar
[INFO] Downloading from spring-libs: https://repo.spring.io/libs-snapshot/org/testcontainers/mysql/1.17.1/mysql-1.17.1.jar
[INFO] Downloading from spring-libs: https://repo.spring.io/libs-snapshot/io/vavr/vavr/0.10.3/vavr-0.10.3.jar
[INFO] Downloading from spring-libs: https://repo.spring.io/libs-snapshot/org/testcontainers/postgresql/1.17.1/postgresql-1.17.1.jar
[INFO] Downloading from spring-libs: https://repo.spring.io/libs-snapshot/org/testcontainers/jdbc/1.17.1/jdbc-1.17.1.jar
[INFO] Downloading from spring-libs: https://repo.spring.io/libs-snapshot/org/postgresql/postgresql/42.2.19/postgresql-42.2.19.jar
[INFO] Downloading from spring-libs: https://repo.spring.io/libs-snapshot/org/eclipse/persistence/org.eclipse.persistence.jpa/2.7.9/org.eclipse.persistence.jpa-2.7.9.jar
[INFO] Downloading from spring-libs: https://repo.spring.io/libs-snapshot/org/eclipse/persistence/org.eclipse.persistence.antlr/2.7.9/org.eclipse.persistence.antlr-2.7.9.jar
[INFO] Downloading from spring-libs: https://repo.spring.io/libs-snapshot/io/vavr/vavr-match/0.10.3/vavr-match-0.10.3.jar
[INFO] Downloading from spring-libs: https://repo.spring.io/libs-snapshot/org/eclipse/persistence/org.eclipse.persistence.asm/9.1.0/org.eclipse.persistence.asm-9.1.0.jar
[INFO] Downloading from spring-libs: https://repo.spring.io/libs-snapshot/org/eclipse/persistence/org.eclipse.persistence.jpa.jpql/2.7.9/org.eclipse.persistence.jpa.jpql-2.7.9.jar
[INFO] Downloading from spring-libs: https://repo.spring.io/libs-snapshot/org/eclipse/persistence/org.eclipse.persistence.core/2.7.9/org.eclipse.persistence.core-2.7.9.jar
[INFO] Downloading from spring-libs: https://repo.spring.io/libs-snapshot/org/hibernate/hibernate-core/5.6.0.Final/hibernate-core-5.6.0.Final.jar
[INFO] Downloading from spring-libs: https://repo.spring.io/libs-snapshot/net/bytebuddy/byte-buddy/1.11.20/byte-buddy-1.11.20.jar
[INFO] Downloading from spring-libs: https://repo.spring.io/libs-snapshot/org/hibernate/hibernate-jpamodelgen/5.6.0.Final/hibernate-jpamodelgen-5.6.0.Final.jar
[INFO] Downloading from spring-libs: https://repo.spring.io/libs-snapshot/com/querydsl/querydsl-apt/5.0.0/querydsl-apt-5.0.0-jpa.jar
[INFO] Downloading from spring-libs: https://repo.spring.io/libs-snapshot/com/querydsl/querydsl-codegen/5.0.0/querydsl-codegen-5.0.0.jar
[INFO] Downloading from spring-libs: https://repo.spring.io/libs-snapshot/com/querydsl/codegen-utils/5.0.0/codegen-utils-5.0.0.jar
[INFO] Downloading from spring-libs: https://repo.spring.io/libs-snapshot/org/eclipse/jdt/ecj/3.26.0/ecj-3.26.0.jar
[INFO] Downloading from spring-libs: https://repo.spring.io/libs-snapshot/io/github/classgraph/classgraph/4.8.108/classgraph-4.8.108.jar
[INFO] Downloading from spring-libs: https://repo.spring.io/libs-snapshot/com/querydsl/querydsl-jpa/5.0.0/querydsl-jpa-5.0.0.jar
[INFO] Downloading from spring-libs: https://repo.spring.io/libs-snapshot/com/querydsl/querydsl-core/5.0.0/querydsl-core-5.0.0.jar
[INFO] Downloading from spring-libs: https://repo.spring.io/libs-snapshot/org/jmolecules/integrations/jmolecules-spring/0.9.0/jmolecules-spring-0.9.0.jar
[INFO] Downloading from spring-libs: https://repo.spring.io/libs-snapshot/org/jmolecules/jmolecules-ddd/1.4.0/jmolecules-ddd-1.4.0.jar
[INFO] Downloading from spring-libs-snapshot: https://repo.spring.io/libs-snapshot/org/springframework/spring-orm/5.3.20/spring-orm-5.3.20.jar
[INFO] Downloading from spring-libs-snapshot: https://repo.spring.io/libs-snapshot/org/springframework/spring-instrument/5.3.20/spring-instrument-5.3.20.jar
[INFO] Downloading from spring-libs-snapshot: https://repo.spring.io/libs-snapshot/org/springframework/spring-aspects/5.3.20/spring-aspects-5.3.20.jar
[INFO] Downloading from spring-libs-snapshot: https://repo.spring.io/libs-snapshot/org/hsqldb/hsqldb/2.5.1/hsqldb-2.5.1.jar
[INFO] Downloading from spring-libs-snapshot: https://repo.spring.io/libs-snapshot/mysql/mysql-connector-java/8.0.23/mysql-connector-java-8.0.23.jar
[INFO] Downloading from spring-libs-snapshot: https://repo.spring.io/libs-snapshot/org/testcontainers/mysql/1.17.1/mysql-1.17.1.jar
[INFO] Downloading from spring-libs-snapshot: https://repo.spring.io/libs-snapshot/org/testcontainers/jdbc/1.17.1/jdbc-1.17.1.jar
[INFO] Downloading from spring-libs-snapshot: https://repo.spring.io/libs-snapshot/org/postgresql/postgresql/42.2.19/postgresql-42.2.19.jar
[INFO] Downloading from spring-libs-snapshot: https://repo.spring.io/libs-snapshot/org/testcontainers/postgresql/1.17.1/postgresql-1.17.1.jar
[INFO] Downloading from spring-libs-snapshot: https://repo.spring.io/libs-snapshot/io/vavr/vavr/0.10.3/vavr-0.10.3.jar
[INFO] Downloading from spring-libs-snapshot: https://repo.spring.io/libs-snapshot/io/vavr/vavr-match/0.10.3/vavr-match-0.10.3.jar
[INFO] Downloading from spring-libs-snapshot: https://repo.spring.io/libs-snapshot/org/eclipse/persistence/org.eclipse.persistence.jpa/2.7.9/org.eclipse.persistence.jpa-2.7.9.jar
[INFO] Downloading from spring-libs-snapshot: https://repo.spring.io/libs-snapshot/org/eclipse/persistence/org.eclipse.persistence.asm/9.1.0/org.eclipse.persistence.asm-9.1.0.jar
[INFO] Downloading from spring-libs-snapshot: https://repo.spring.io/libs-snapshot/org/eclipse/persistence/org.eclipse.persistence.antlr/2.7.9/org.eclipse.persistence.antlr-2.7.9.jar
[INFO] Downloading from spring-libs-snapshot: https://repo.spring.io/libs-snapshot/org/eclipse/persistence/org.eclipse.persistence.jpa.jpql/2.7.9/org.eclipse.persistence.jpa.jpql-2.7.9.jar
[INFO] Downloading from spring-libs-snapshot: https://repo.spring.io/libs-snapshot/org/eclipse/persistence/org.eclipse.persistence.core/2.7.9/org.eclipse.persistence.core-2.7.9.jar
[INFO] Downloading from spring-libs-snapshot: https://repo.spring.io/libs-snapshot/org/hibernate/hibernate-core/5.6.0.Final/hibernate-core-5.6.0.Final.jar
[INFO] Downloading from spring-libs-snapshot: https://repo.spring.io/libs-snapshot/net/bytebuddy/byte-buddy/1.11.20/byte-buddy-1.11.20.jar
[INFO] Downloading from spring-libs-snapshot: https://repo.spring.io/libs-snapshot/org/hibernate/hibernate-jpamodelgen/5.6.0.Final/hibernate-jpamodelgen-5.6.0.Final.jar
[INFO] Downloading from spring-libs-snapshot: https://repo.spring.io/libs-snapshot/com/querydsl/querydsl-apt/5.0.0/querydsl-apt-5.0.0-jpa.jar
[INFO] Downloading from spring-libs-snapshot: https://repo.spring.io/libs-snapshot/com/querydsl/querydsl-codegen/5.0.0/querydsl-codegen-5.0.0.jar
[INFO] Downloading from spring-libs-snapshot: https://repo.spring.io/libs-snapshot/com/querydsl/codegen-utils/5.0.0/codegen-utils-5.0.0.jar
[INFO] Downloading from spring-libs-snapshot: https://repo.spring.io/libs-snapshot/org/eclipse/jdt/ecj/3.26.0/ecj-3.26.0.jar
[INFO] Downloading from spring-libs-snapshot: https://repo.spring.io/libs-snapshot/io/github/classgraph/classgraph/4.8.108/classgraph-4.8.108.jar
[INFO] Downloading from spring-libs-snapshot: https://repo.spring.io/libs-snapshot/com/querydsl/querydsl-jpa/5.0.0/querydsl-jpa-5.0.0.jar
[INFO] Downloading from spring-libs-snapshot: https://repo.spring.io/libs-snapshot/com/querydsl/querydsl-core/5.0.0/querydsl-core-5.0.0.jar
[INFO] Downloading from spring-libs-snapshot: https://repo.spring.io/libs-snapshot/org/jmolecules/integrations/jmolecules-spring/0.9.0/jmolecules-spring-0.9.0.jar
[INFO] Downloading from spring-libs-snapshot: https://repo.spring.io/libs-snapshot/org/jmolecules/jmolecules-ddd/1.4.0/jmolecules-ddd-1.4.0.jar
[INFO] Downloading from central: https://repo.maven.apache.org/maven2/org/springframework/spring-orm/5.3.20/spring-orm-5.3.20.jar
[INFO] Downloading from central: https://repo.maven.apache.org/maven2/org/springframework/spring-instrument/5.3.20/spring-instrument-5.3.20.jar
[INFO] Downloading from central: https://repo.maven.apache.org/maven2/org/springframework/spring-aspects/5.3.20/spring-aspects-5.3.20.jar
[INFO] Downloading from central: https://repo.maven.apache.org/maven2/org/hsqldb/hsqldb/2.5.1/hsqldb-2.5.1.jar
[INFO] Downloading from central: https://repo.maven.apache.org/maven2/mysql/mysql-connector-java/8.0.23/mysql-connector-java-8.0.23.jar
[INFO] Downloaded from central: https://repo.maven.apache.org/maven2/org/springframework/spring-instrument/5.3.20/spring-instrument-5.3.20.jar (7.5 kB at 89 kB/s)
[INFO] Downloading from central: https://repo.maven.apache.org/maven2/org/testcontainers/mysql/1.17.1/mysql-1.17.1.jar
[INFO] Downloaded from central: https://repo.maven.apache.org/maven2/org/springframework/spring-aspects/5.3.20/spring-aspects-5.3.20.jar (47 kB at 531 kB/s)
[INFO] Downloading from central: https://repo.maven.apache.org/maven2/org/testcontainers/jdbc/1.17.1/jdbc-1.17.1.jar
[INFO] Downloaded from central: https://repo.maven.apache.org/maven2/org/springframework/spring-orm/5.3.20/spring-orm-5.3.20.jar (204 kB at 1.9 MB/s)
[INFO] Downloading from central: https://repo.maven.apache.org/maven2/org/postgresql/postgresql/42.2.19/postgresql-42.2.19.jar
[INFO] Downloaded from central: https://repo.maven.apache.org/maven2/org/testcontainers/mysql/1.17.1/mysql-1.17.1.jar (9.1 kB at 79 kB/s)
[INFO] Downloading from central: https://repo.maven.apache.org/maven2/org/testcontainers/postgresql/1.17.1/postgresql-1.17.1.jar
[INFO] Downloaded from central: https://repo.maven.apache.org/maven2/org/testcontainers/jdbc/1.17.1/jdbc-1.17.1.jar (29 kB at 230 kB/s)
[INFO] Downloading from central: https://repo.maven.apache.org/maven2/io/vavr/vavr/0.10.3/vavr-0.10.3.jar
[INFO] Downloaded from central: https://repo.maven.apache.org/maven2/org/hsqldb/hsqldb/2.5.1/hsqldb-2.5.1.jar (1.6 MB at 12 MB/s)
[INFO] Downloading from central: https://repo.maven.apache.org/maven2/io/vavr/vavr-match/0.10.3/vavr-match-0.10.3.jar
[INFO] Downloaded from central: https://repo.maven.apache.org/maven2/org/testcontainers/postgresql/1.17.1/postgresql-1.17.1.jar (9.7 kB at 66 kB/s)
[INFO] Downloading from central: https://repo.maven.apache.org/maven2/org/eclipse/persistence/org.eclipse.persistence.jpa/2.7.9/org.eclipse.persistence.jpa-2.7.9.jar
[INFO] Downloaded from central: https://repo.maven.apache.org/maven2/mysql/mysql-connector-java/8.0.23/mysql-connector-java-8.0.23.jar (2.4 MB at 16 MB/s)
[INFO] Downloading from central: https://repo.maven.apache.org/maven2/org/eclipse/persistence/org.eclipse.persistence.asm/9.1.0/org.eclipse.persistence.asm-9.1.0.jar
[INFO] Downloaded from central: https://repo.maven.apache.org/maven2/org/postgresql/postgresql/42.2.19/postgresql-42.2.19.jar (1.0 MB at 6.4 MB/s)
[INFO] Downloading from central: https://repo.maven.apache.org/maven2/org/eclipse/persistence/org.eclipse.persistence.antlr/2.7.9/org.eclipse.persistence.antlr-2.7.9.jar
[INFO] Downloaded from central: https://repo.maven.apache.org/maven2/io/vavr/vavr-match/0.10.3/vavr-match-0.10.3.jar (3.1 kB at 19 kB/s)
[INFO] Downloading from central: https://repo.maven.apache.org/maven2/org/eclipse/persistence/org.eclipse.persistence.jpa.jpql/2.7.9/org.eclipse.persistence.jpa.jpql-2.7.9.jar
[INFO] Downloaded from central: https://repo.maven.apache.org/maven2/io/vavr/vavr/0.10.3/vavr-0.10.3.jar (898 kB at 4.9 MB/s)
[INFO] Downloading from central: https://repo.maven.apache.org/maven2/org/eclipse/persistence/org.eclipse.persistence.core/2.7.9/org.eclipse.persistence.core-2.7.9.jar
[INFO] Downloaded from central: https://repo.maven.apache.org/maven2/org/eclipse/persistence/org.eclipse.persistence.antlr/2.7.9/org.eclipse.persistence.antlr-2.7.9.jar (148 kB at 757 kB/s)
[INFO] Downloading from central: https://repo.maven.apache.org/maven2/org/hibernate/hibernate-core/5.6.0.Final/hibernate-core-5.6.0.Final.jar
[INFO] Downloaded from central: https://repo.maven.apache.org/maven2/org/eclipse/persistence/org.eclipse.persistence.asm/9.1.0/org.eclipse.persistence.asm-9.1.0.jar (322 kB at 1.7 MB/s)
[INFO] Downloading from central: https://repo.maven.apache.org/maven2/net/bytebuddy/byte-buddy/1.11.20/byte-buddy-1.11.20.jar
[INFO] Downloaded from central: https://repo.maven.apache.org/maven2/org/eclipse/persistence/org.eclipse.persistence.jpa/2.7.9/org.eclipse.persistence.jpa-2.7.9.jar (1.4 MB at 6.6 MB/s)
[INFO] Downloading from central: https://repo.maven.apache.org/maven2/org/hibernate/hibernate-jpamodelgen/5.6.0.Final/hibernate-jpamodelgen-5.6.0.Final.jar
[INFO] Downloaded from central: https://repo.maven.apache.org/maven2/org/eclipse/persistence/org.eclipse.persistence.jpa.jpql/2.7.9/org.eclipse.persistence.jpa.jpql-2.7.9.jar (1.3 MB at 5.7 MB/s)
[INFO] Downloading from central: https://repo.maven.apache.org/maven2/com/querydsl/querydsl-apt/5.0.0/querydsl-apt-5.0.0-jpa.jar
[INFO] Downloaded from central: https://repo.maven.apache.org/maven2/org/hibernate/hibernate-jpamodelgen/5.6.0.Final/hibernate-jpamodelgen-5.6.0.Final.jar (190 kB at 700 kB/s)
[INFO] Downloading from central: https://repo.maven.apache.org/maven2/com/querydsl/querydsl-codegen/5.0.0/querydsl-codegen-5.0.0.jar
[INFO] Downloaded from central: https://repo.maven.apache.org/maven2/com/querydsl/querydsl-apt/5.0.0/querydsl-apt-5.0.0-jpa.jar (62 kB at 210 kB/s)
[INFO] Downloading from central: https://repo.maven.apache.org/maven2/com/querydsl/codegen-utils/5.0.0/codegen-utils-5.0.0.jar
[INFO] Downloaded from central: https://repo.maven.apache.org/maven2/com/querydsl/querydsl-codegen/5.0.0/querydsl-codegen-5.0.0.jar (87 kB at 265 kB/s)
[INFO] Downloading from central: https://repo.maven.apache.org/maven2/org/eclipse/jdt/ecj/3.26.0/ecj-3.26.0.jar
[INFO] Downloaded from central: https://repo.maven.apache.org/maven2/net/bytebuddy/byte-buddy/1.11.20/byte-buddy-1.11.20.jar (3.7 MB at 11 MB/s)
[INFO] Downloading from central: https://repo.maven.apache.org/maven2/io/github/classgraph/classgraph/4.8.108/classgraph-4.8.108.jar
[INFO] Downloaded from central: https://repo.maven.apache.org/maven2/com/querydsl/codegen-utils/5.0.0/codegen-utils-5.0.0.jar (73 kB at 211 kB/s)
[INFO] Downloading from central: https://repo.maven.apache.org/maven2/com/querydsl/querydsl-jpa/5.0.0/querydsl-jpa-5.0.0.jar
[INFO] Downloaded from central: https://repo.maven.apache.org/maven2/org/eclipse/persistence/org.eclipse.persistence.core/2.7.9/org.eclipse.persistence.core-2.7.9.jar (5.2 MB at 15 MB/s)
[INFO] Downloading from central: https://repo.maven.apache.org/maven2/com/querydsl/querydsl-core/5.0.0/querydsl-core-5.0.0.jar
[INFO] Downloaded from central: https://repo.maven.apache.org/maven2/org/hibernate/hibernate-core/5.6.0.Final/hibernate-core-5.6.0.Final.jar (7.5 MB at 20 MB/s)
[INFO] Downloading from central: https://repo.maven.apache.org/maven2/org/jmolecules/integrations/jmolecules-spring/0.9.0/jmolecules-spring-0.9.0.jar
[INFO] Downloaded from central: https://repo.maven.apache.org/maven2/io/github/classgraph/classgraph/4.8.108/classgraph-4.8.108.jar (535 kB at 1.4 MB/s)
[INFO] Downloading from central: https://repo.maven.apache.org/maven2/org/jmolecules/jmolecules-ddd/1.4.0/jmolecules-ddd-1.4.0.jar
[INFO] Downloaded from central: https://repo.maven.apache.org/maven2/org/eclipse/jdt/ecj/3.26.0/ecj-3.26.0.jar (3.1 MB at 7.9 MB/s)
[INFO] Downloaded from central: https://repo.maven.apache.org/maven2/com/querydsl/querydsl-jpa/5.0.0/querydsl-jpa-5.0.0.jar (136 kB at 338 kB/s)
[INFO] Downloaded from central: https://repo.maven.apache.org/maven2/com/querydsl/querydsl-core/5.0.0/querydsl-core-5.0.0.jar (472 kB at 1.2 MB/s)
[INFO] Downloaded from central: https://repo.maven.apache.org/maven2/org/jmolecules/integrations/jmolecules-spring/0.9.0/jmolecules-spring-0.9.0.jar (40 kB at 97 kB/s)
[INFO] Downloaded from central: https://repo.maven.apache.org/maven2/org/jmolecules/jmolecules-ddd/1.4.0/jmolecules-ddd-1.4.0.jar (11 kB at 25 kB/s)
[INFO] 
[INFO] --- maven-clean-plugin:2.5:clean (default-clean) @ spring-data-jpa ---
[INFO] 
[INFO] --- maven-enforcer-plugin:3.0.0:enforce (enforce-maven-version) @ spring-data-jpa ---
[INFO] Skipping Rule Enforcement.
[INFO] 
[INFO] --- jacoco-maven-plugin:0.8.8:prepare-agent (jacoco-initialize) @ spring-data-jpa ---
[INFO] argLine set to -javaagent:/home/srafi/.m2/repository/org/jacoco/org.jacoco.agent/0.8.8/org.jacoco.agent-0.8.8-runtime.jar=destfile=/home/srafi/after-cam-ready/compare_/compile_repair_output/work/82b196060803/target/jacoco.exec
[INFO] 
[INFO] --- maven-resources-plugin:2.6:resources (default-resources) @ spring-data-jpa ---
[INFO] Using 'UTF-8' encoding to copy filtered resources.
[INFO] Copying 14 resources
[INFO] 
[INFO] --- kotlin-maven-plugin:1.6.20:compile (compile) @ spring-data-jpa ---
[WARNING] No sources found skipping Kotlin compile
[INFO] 
[INFO] --- maven-compiler-plugin:3.10.1:compile (java-compile) @ spring-data-jpa ---
[INFO] Changes detected - recompiling the module!
[INFO] Compiling 126 source files to /home/srafi/after-cam-ready/compare_/compile_repair_output/work/82b196060803/target/classes
[WARNING] Error creating missing package info classes
java.nio.file.NoSuchFileException: /home/srafi/after-cam-ready/compare_/compile_repair_output/work/82b196060803/target/classes/org/springframework/data/jpa/repository/utils/package-info.class
    at sun.nio.fs.UnixException.translateToIOException (UnixException.java:86)
    at sun.nio.fs.UnixException.rethrowAsIOException (UnixException.java:102)
    at sun.nio.fs.UnixException.rethrowAsIOException (UnixException.java:107)
    at sun.nio.fs.UnixFileSystemProvider.newByteChannel (UnixFileSystemProvider.java:214)
    at java.nio.file.spi.FileSystemProvider.newOutputStream (FileSystemProvider.java:434)
    at java.nio.file.Files.newOutputStream (Files.java:216)
    at java.nio.file.Files.write (Files.java:3292)
    at org.apache.maven.plugin.compiler.AbstractCompilerMojo.createMissingPackageInfoClasses (AbstractCompilerMojo.java:1364)
    at org.apache.maven.plugin.compiler.AbstractCompilerMojo.execute (AbstractCompilerMojo.java:1229)
    at org.apache.maven.plugin.compiler.CompilerMojo.execute (CompilerMojo.java:198)
    at org.apache.maven.plugin.DefaultBuildPluginManager.executeMojo (DefaultBuildPluginManager.java:137)
    at org.apache.maven.lifecycle.internal.MojoExecutor.execute (MojoExecutor.java:210)
    at org.apache.maven.lifecycle.internal.MojoExecutor.execute (MojoExecutor.java:156)
    at org.apache.maven.lifecycle.internal.MojoExecutor.execute (MojoExecutor.java:148)
    at org.apache.maven.lifecycle.internal.LifecycleModuleBuilder.buildProject (LifecycleModuleBuilder.java:117)
    at org.apache.maven.lifecycle.internal.LifecycleModuleBuilder.buildProject (LifecycleModuleBuilder.java:81)
    at org.apache.maven.lifecycle.internal.builder.singlethreaded.SingleThreadedBuilder.build (SingleThreadedBuilder.java:56)
    at org.apache.maven.lifecycle.internal.LifecycleStarter.execute (LifecycleStarter.java:128)
    at org.apache.maven.DefaultMaven.doExecute (DefaultMaven.java:305)
    at org.apache.maven.DefaultMaven.doExecute (DefaultMaven.java:192)
    at org.apache.maven.DefaultMaven.execute (DefaultMaven.java:105)
    at org.apache.maven.cli.MavenCli.execute (MavenCli.java:972)
    at org.apache.maven.cli.MavenCli.doMain (MavenCli.java:293)
    at org.apache.maven.cli.MavenCli.main (MavenCli.java:196)
    at sun.reflect.NativeMethodAccessorImpl.invoke0 (Native Method)
    at sun.reflect.NativeMethodAccessorImpl.invoke (NativeMethodAccessorImpl.java:62)
    at sun.reflect.DelegatingMethodAccessorImpl.invoke (DelegatingMethodAccessorImpl.java:43)
    at java.lang.reflect.Method.invoke (Method.java:498)
    at org.codehaus.plexus.classworlds.launcher.Launcher.launchEnhanced (Launcher.java:282)
    at org.codehaus.plexus.classworlds.launcher.Launcher.launch (Launcher.java:225)
    at org.codehaus.plexus.classworlds.launcher.Launcher.mainWithExitCode (Launcher.java:406)
    at org.codehaus.plexus.classworlds.launcher.Launcher.main (Launcher.java:347)
    at sun.reflect.NativeMethodAccessorImpl.invoke0 (Native Method)
    at sun.reflect.NativeMethodAccessorImpl.invoke (NativeMethodAccessorImpl.java:62)
    at sun.reflect.DelegatingMethodAccessorImpl.invoke (DelegatingMethodAccessorImpl.java:43)
    at java.lang.reflect.Method.invoke (Method.java:498)
    at org.apache.maven.wrapper.BootstrapMainStarter.start (BootstrapMainStarter.java:39)
    at org.apache.maven.wrapper.WrapperExecutor.execute (WrapperExecutor.java:122)
    at org.apache.maven.wrapper.MavenWrapperMain.main (MavenWrapperMain.java:55)
[INFO] 
[INFO] --- aspectj-maven-plugin:1.12.9:compile (default) @ spring-data-jpa ---
[INFO] Downloading from spring-plugins-release: https://repo.spring.io/plugins-release/org/aspectj/aspectjtools/1.9.7/aspectjtools-1.9.7.pom
[INFO] Downloading from spring-libs-milestone: https://repo.spring.io/libs-milestone/org/aspectj/aspectjtools/1.9.7/aspectjtools-1.9.7.pom
[INFO] Downloading from spring-libs-release: https://repo.spring.io/libs-release/org/aspectj/aspectjtools/1.9.7/aspectjtools-1.9.7.pom
[INFO] Downloading from central: https://repo.maven.apache.org/maven2/org/aspectj/aspectjtools/1.9.7/aspectjtools-1.9.7.pom
[INFO] Downloaded from central: https://repo.maven.apache.org/maven2/org/aspectj/aspectjtools/1.9.7/aspectjtools-1.9.7.pom (2.3 kB at 68 kB/s)
[INFO] Downloading from spring-plugins-release: https://repo.spring.io/plugins-release/org/aspectj/aspectjtools/1.9.7/aspectjtools-1.9.7.jar
[INFO] Downloading from spring-libs-milestone: https://repo.spring.io/libs-milestone/org/aspectj/aspectjtools/1.9.7/aspectjtools-1.9.7.jar
[INFO] Downloading from spring-libs-release: https://repo.spring.io/libs-release/org/aspectj/aspectjtools/1.9.7/aspectjtools-1.9.7.jar
[INFO] Downloading from central: https://repo.maven.apache.org/maven2/org/aspectj/aspectjtools/1.9.7/aspectjtools-1.9.7.jar
[INFO] Downloaded from central: https://repo.maven.apache.org/maven2/org/aspectj/aspectjtools/1.9.7/aspectjtools-1.9.7.jar (15 MB at 78 MB/s)
[INFO] StarterAspecjtJ: Showing AJC message detail for messages of types: [error, warning, fail]
[WARNING] couldn't find aspectjrt.jar on classpath, checked: /usr/lib/jvm/java-8-openjdk-amd64/jre/lib/resources.jar:/usr/lib/jvm/java-8-openjdk-amd64/jre/lib/rt.jar:/usr/lib/jvm/java-8-openjdk-amd64/jre/lib/sunrsasign.jar:/usr/lib/jvm/java-8-openjdk-amd64/jre/lib/jsse.jar:/usr/lib/jvm/java-8-openjdk-amd64/jre/lib/jce.jar:/usr/lib/jvm/java-8-openjdk-amd64/jre/lib/charsets.jar:/usr/lib/jvm/java-8-openjdk-amd64/jre/lib/jfr.jar:/usr/lib/jvm/java-8-openjdk-amd64/jre/classes:/home/srafi/.m2/repository/org/springframework/spring-aspects/5.3.20/spring-aspects-5.3.20.jar:/usr/lib/jvm/java-8-openjdk-amd64/jre/lib/ext/cldrdata.jar:/usr/lib/jvm/java-8-openjdk-amd64/jre/lib/ext/sunec.jar:/usr/lib/jvm/java-8-openjdk-amd64/jre/lib/ext/java-atk-wrapper.jar:/usr/lib/jvm/java-8-openjdk-amd64/jre/lib/ext/dnsns.jar:/usr/lib/jvm/java-8-openjdk-amd64/jre/lib/ext/zipfs.jar:/usr/lib/jvm/java-8-openjdk-amd64/jre/lib/ext/localedata.jar:/usr/lib/jvm/java-8-openjdk-amd64/jre/lib/ext/icedtea-sound.jar:/usr/lib/jvm/java-8-openjdk-amd64/jre/lib/ext/sunpkcs11.jar:/usr/lib/jvm/java-8-openjdk-amd64/jre/lib/ext/jaccess.jar:/usr/lib/jvm/java-8-openjdk-amd64/jre/lib/ext/nashorn.jar:/usr/lib/jvm/java-8-openjdk-amd64/jre/lib/ext/sunjce_provider.jar:/home/srafi/.m2/repository/org/springframework/data/spring-data-commons/2.7.0/spring-data-commons-2.7.0.jar:/home/srafi/.m2/repository/org/springframework/spring-orm/5.3.20/spring-orm-5.3.20.jar:/home/srafi/.m2/repository/org/springframework/spring-context/5.3.20/spring-context-5.3.20.jar:/home/srafi/.m2/repository/org/springframework/spring-aop/5.3.20/spring-aop-5.3.20.jar:/home/srafi/.m2/repository/org/springframework/spring-tx/5.3.20/spring-tx-5.3.20.jar:/home/srafi/.m2/repository/org/springframework/spring-beans/5.3.20/spring-beans-5.3.20.jar:/home/srafi/.m2/repository/org/springframework/spring-instrument/5.3.20/spring-instrument-5.3.20.jar:/home/srafi/.m2/repository/org/springframework/spring-core/5.3.20/spring-core-5.3.20.jar:/home/srafi/.m2/repository/org/aspectj/aspectjweaver/1.9.7/aspectjweaver-1.9.7.jar:/home/srafi/.m2/repository/org/springframework/spring-aspects/5.3.20/spring-aspects-5.3.20.jar:/home/srafi/.m2/repository/org/hsqldb/hsqldb/2.5.1/hsqldb-2.5.1.jar:/home/srafi/.m2/repository/mysql/mysql-connector-java/8.0.23/mysql-connector-java-8.0.23.jar:/home/srafi/.m2/repository/org/testcontainers/mysql/1.17.1/mysql-1.17.1.jar:/home/srafi/.m2/repository/org/postgresql/postgresql/42.2.19/postgresql-42.2.19.jar:/home/srafi/.m2/repository/org/testcontainers/postgresql/1.17.1/postgresql-1.17.1.jar:/home/srafi/.m2/repository/org/threeten/threetenbp/1.6.0/threetenbp-1.6.0.jar:/home/srafi/.m2/repository/io/vavr/vavr/0.10.3/vavr-0.10.3.jar:/home/srafi/.m2/repository/org/eclipse/persistence/org.eclipse.persistence.jpa/2.7.9/org.eclipse.persistence.jpa-2.7.9.jar:/home/srafi/.m2/repository/org/hibernate/hibernate-core/5.6.0.Final/hibernate-core-5.6.0.Final.jar:/home/srafi/.m2/repository/org/hibernate/hibernate-jpamodelgen/5.6.0.Final/hibernate-jpamodelgen-5.6.0.Final.jar:/home/srafi/.m2/repository/com/querydsl/querydsl-apt/5.0.0/querydsl-apt-5.0.0-jpa.jar:/home/srafi/.m2/repository/com/querydsl/querydsl-jpa/5.0.0/querydsl-jpa-5.0.0.jar:/home/srafi/.m2/repository/org/jmolecules/integrations/jmolecules-spring/0.9.0/jmolecules-spring-0.9.0.jar:/home/srafi/.m2/repository/org/apache/geronimo/specs/geronimo-jcdi_2.0_spec/1.0.1/geronimo-jcdi_2.0_spec-1.0.1.jar:/home/srafi/.m2/repository/javax/interceptor/javax.interceptor-api/1.2.1/javax.interceptor-api-1.2.1.jar:/home/srafi/.m2/repository/javax/enterprise/cdi-api/1.0/cdi-api-1.0.jar:/home/srafi/.m2/repository/javax/annotation/javax.annotation-api/1.3.2/javax.annotation-api-1.3.2.jar:/home/srafi/.m2/repository/org/apache/openwebbeans/openwebbeans-se/2.0.26/openwebbeans-se-2.0.26.jar:/home/srafi/.m2/repository/org/junit/jupiter/junit-jupiter/5.8.2/junit-jupiter-5.8.2.jar:/home/srafi/.m2/repository/org/junit/vintage/junit-vintage-engine/5.8.2/junit-vintage-engine-5.8.2.jar:/home/srafi/.m2/repository/org/mockito/mockito-core/4.4.0/mockito-core-4.4.0.jar:/home/srafi/.m2/repository/org/mockito/mockito-junit-jupiter/4.4.0/mockito-junit-jupiter-4.4.0.jar:/home/srafi/.m2/repository/org/assertj/assertj-core/3.22.0/assertj-core-3.22.0.jar:/home/srafi/.m2/repository/org/springframework/spring-test/5.3.20/spring-test-5.3.20.jar:/home/srafi/.m2/repository/org/slf4j/slf4j-api/1.7.32/slf4j-api-1.7.32.jar:/home/srafi/.m2/repository/ch/qos/logback/logback-classic/1.2.5/logback-classic-1.2.5.jar:/home/srafi/.m2/repository/org/projectlombok/lombok/1.18.20/lombok-1.18.20.jar:/home/srafi/.m2/repository/org/springframework/spring-jdbc/5.3.20/spring-jdbc-5.3.20.jar:/home/srafi/.m2/repository/org/springframework/spring-expression/5.3.20/spring-expression-5.3.20.jar:/home/srafi/.m2/repository/org/springframework/spring-jcl/5.3.20/spring-jcl-5.3.20.jar:/home/srafi/.m2/repository/org/eclipse/persistence/jakarta.persistence/2.2.3/jakarta.persistence-2.2.3.jar:/home/srafi/.m2/repository/org/eclipse/persistence/org.eclipse.persistence.asm/9.1.0/org.eclipse.persistence.asm-9.1.0.jar:/home/srafi/.m2/repository/org/eclipse/persistence/org.eclipse.persistence.antlr/2.7.9/org.eclipse.persistence.antlr-2.7.9.jar:/home/srafi/.m2/repository/org/eclipse/persistence/org.eclipse.persistence.jpa.jpql/2.7.9/org.eclipse.persistence.jpa.jpql-2.7.9.jar:/home/srafi/.m2/repository/org/eclipse/persistence/org.eclipse.persistence.core/2.7.9/org.eclipse.persistence.core-2.7.9.jar:/home/srafi/.m2/repository/org/jboss/logging/jboss-logging/3.4.2.Final/jboss-logging-3.4.2.Final.jar:/home/srafi/.m2/repository/javax/persistence/javax.persistence-api/2.2/javax.persistence-api-2.2.jar:/home/srafi/.m2/repository/net/bytebuddy/byte-buddy/1.11.20/byte-buddy-1.11.20.jar:/home/srafi/.m2/repository/antlr/antlr/2.7.7/antlr-2.7.7.jar:/home/srafi/.m2/repository/org/jboss/spec/javax/transaction/jboss-transaction-api_1.2_spec/1.1.1.Final/jboss-transaction-api_1.2_spec-1.1.1.Final.jar:/home/srafi/.m2/repository/org/jboss/jandex/2.2.3.Final/jandex-2.2.3.Final.jar:/home/srafi/.m2/repository/com/fasterxml/classmate/1.5.1/classmate-1.5.1.jar:/home/srafi/.m2/repository/javax/activation/javax.activation-api/1.2.0/javax.activation-api-1.2.0.jar:/home/srafi/.m2/repository/org/hibernate/common/hibernate-commons-annotations/5.1.2.Final/hibernate-commons-annotations-5.1.2.Final.jar:/home/srafi/.m2/repository/javax/xml/bind/jaxb-api/2.3.1/jaxb-api-2.3.1.jar:/home/srafi/.m2/repository/org/glassfish/jaxb/jaxb-runtime/2.3.1/jaxb-runtime-2.3.1.jar:/home/srafi/.m2/repository/org/glassfish/jaxb/txw2/2.3.1/txw2-2.3.1.jar:/home/srafi/.m2/repository/com/sun/istack/istack-commons-runtime/3.0.7/istack-commons-runtime-3.0.7.jar:/home/srafi/.m2/repository/org/jvnet/staxex/stax-ex/1.8/stax-ex-1.8.jar:/home/srafi/.m2/repository/com/sun/xml/fastinfoset/FastInfoset/1.2.15/FastInfoset-1.2.15.jar:/home/srafi/.m2/repository/com/querydsl/querydsl-codegen/5.0.0/querydsl-codegen-5.0.0.jar:/home/srafi/.m2/repository/com/querydsl/codegen-utils/5.0.0/codegen-utils-5.0.0.jar:/home/srafi/.m2/repository/org/eclipse/jdt/ecj/3.26.0/ecj-3.26.0.jar:/home/srafi/.m2/repository/io/github/classgraph/classgraph/4.8.108/classgraph-4.8.108.jar:/home/srafi/.m2/repository/com/querydsl/querydsl-core/5.0.0/querydsl-core-5.0.0.jar:/home/srafi/.m2/repository/com/mysema/commons/mysema-commons-lang/0.2.4/mysema-commons-lang-0.2.4.jar:/home/srafi/.m2/repository/org/jboss/interceptor/jboss-interceptor-api/1.1/jboss-interceptor-api-1.1.jar:/home/srafi/.m2/repository/javax/annotation/jsr250-api/1.0/jsr250-api-1.0.jar:/home/srafi/.m2/repository/javax/inject/javax.inject/1/javax.inject-1.jar:/home/srafi/after-cam-ready/compare_/compile_repair_output/work/82b196060803/target/classes
	<unknown source file>:<no line information>

[WARNING] Hibernate JPA 2 Static-Metamodel Generator 5.6.0.Final
	<unknown source file>:<no line information>

[WARNING] You aren't using a compiler supported by lombok, so lombok will not work and has been disabled.
Your processor is: org.aspectj.org.eclipse.jdt.internal.compiler.apt.dispatch.BatchProcessingEnvImpl
Lombok supports: OpenJDK javac, ECJ
	<unknown source file>:<no line information>

[INFO] 
[INFO] --- maven-resources-plugin:2.6:testResources (default-testResources) @ spring-data-jpa ---
[INFO] Using 'UTF-8' encoding to copy filtered resources.
[INFO] Copying 36 resources
[INFO] 
[INFO] --- kotlin-maven-plugin:1.6.20:test-compile (test-compile) @ spring-data-jpa ---
[WARNING] No sources found skipping Kotlin compile
[INFO] 
[INFO] --- maven-compiler-plugin:3.10.1:testCompile (java-test-compile) @ spring-data-jpa ---
[INFO] Changes detected - recompiling the module!
[INFO] Compiling 267 source files to /home/srafi/after-cam-ready/compare_/compile_repair_output/work/82b196060803/target/test-classes
[INFO] 
[INFO] --- maven-surefire-plugin:3.0.0-M5:test (default-test) @ spring-data-jpa ---
[INFO] Tests are skipped.
[INFO] 
[INFO] --- maven-surefire-plugin:3.0.0-M5:test (unit-test) @ spring-data-jpa ---
[INFO] Tests are skipped.
[INFO] 
[INFO] --- maven-surefire-plugin:3.0.0-M5:test (integration-test) @ spring-data-jpa ---
[INFO] Tests are skipped.
[INFO] 
[INFO] --- maven-surefire-plugin:3.0.0-M5:test (eclipselink-test) @ spring-data-jpa ---
[INFO] Tests are skipped.
[INFO] 
[INFO] --- build-helper-maven-plugin:3.3.0:add-source (add-kotlin-source) @ spring-data-jpa ---
[INFO] Source directory: /home/srafi/after-cam-ready/compare_/compile_repair_output/work/82b196060803/src/main/kotlin added.
[INFO] 
[INFO] --- maven-jar-plugin:3.2.2:jar (default-jar) @ spring-data-jpa ---
[INFO] Building jar: /home/srafi/after-cam-ready/compare_/compile_repair_output/work/82b196060803/target/spring-data-jpa-2.7.0.jar
[INFO] 
[INFO] >>> maven-source-plugin:3.2.1:jar (attach-sources) > generate-sources @ spring-data-jpa >>>
[INFO] 
[INFO] --- maven-enforcer-plugin:3.0.0:enforce (enforce-maven-version) @ spring-data-jpa ---
[INFO] Skipping Rule Enforcement.
[INFO] 
[INFO] --- jacoco-maven-plugin:0.8.8:prepare-agent (jacoco-initialize) @ spring-data-jpa ---
[INFO] argLine set to -javaagent:/home/srafi/.m2/repository/org/jacoco/org.jacoco.agent/0.8.8/org.jacoco.agent-0.8.8-runtime.jar=destfile=/home/srafi/after-cam-ready/compare_/compile_repair_output/work/82b196060803/target/jacoco.exec
[INFO] 
[INFO] <<< maven-source-plugin:3.2.1:jar (attach-sources) < generate-sources @ spring-data-jpa <<<
[INFO] 
[INFO] 
[INFO] --- maven-source-plugin:3.2.1:jar (attach-sources) @ spring-data-jpa ---
[INFO] Building jar: /home/srafi/after-cam-ready/compare_/compile_repair_output/work/82b196060803/target/spring-data-jpa-2.7.0-sources.jar
[INFO] 
[INFO] --- maven-install-plugin:2.4:install (default-install) @ spring-data-jpa ---
[INFO] Installing /home/srafi/after-cam-ready/compare_/compile_repair_output/work/82b196060803/target/spring-data-jpa-2.7.0.jar to /home/srafi/.m2/repository/org/springframework/data/spring-data-jpa/2.7.0/spring-data-jpa-2.7.0.jar
[INFO] Installing /home/srafi/after-cam-ready/compare_/compile_repair_output/work/82b196060803/pom.xml to /home/srafi/.m2/repository/org/springframework/data/spring-data-jpa/2.7.0/spring-data-jpa-2.7.0.pom
[INFO] Installing /home/srafi/after-cam-ready/compare_/compile_repair_output/work/82b196060803/target/spring-data-jpa-2.7.0-sources.jar to /home/srafi/.m2/repository/org/springframework/data/spring-data-jpa/2.7.0/spring-data-jpa-2.7.0-sources.jar
[INFO] ------------------------------------------------------------------------
[INFO] BUILD SUCCESS
[INFO] ------------------------------------------------------------------------
[INFO] Total time:  8.768 s
[INFO] Finished at: 2026-08-15T16:59:41-04:00
[INFO] ------------------------------------------------------------------------
