JAVA_HOME=/usr/lib/jvm/java-8-openjdk-amd64
COMMAND=bash /home/srafi/after-cam-ready/compare_/compile_repair_output/work/b93c852e4646/mvnw -B clean install -DskipTests -U -pl dist -am -Ddependency-check.skip=true -Dgpg.skip=true -DfailIfNoTests=false -Dskip.installnodenpm=true -Dskip.npm=true -Dskip.yarn=true -Dlicense.skip=true -Dcheckstyle.skip=true -Drat.skip=true -Denforcer.skip=true -Danimal.sniffer.skip=true -Dmaven.javadoc.skip=true -Dfindbugs.skip=true -Dspotbugs.skip=true -Dwarbucks.skip=true -Dmodernizer.skip=true -Dimpsort.skip=true -Dmdep.analyze.skip=true -Dpgpverify.skip=true -Dxml.skip=true -Dcobertura.skip=true

Downloading https://repo1.maven.org/maven2/org/apache/maven/apache-maven/3.6.3/apache-maven-3.6.3-bin.zip
................................................................................................................................................................................................................................................................................................................................................................................................................................................................................................
Unzipping /home/srafi/.m2/wrapper/dists/apache-maven-3.6.3-bin/lm9vem38rfmjij3jj0mk5bvnt/apache-maven-3.6.3-bin.zip to /home/srafi/.m2/wrapper/dists/apache-maven-3.6.3-bin/lm9vem38rfmjij3jj0mk5bvnt
Set executable permissions for: /home/srafi/.m2/wrapper/dists/apache-maven-3.6.3-bin/lm9vem38rfmjij3jj0mk5bvnt/apache-maven-3.6.3/bin/mvn
[INFO] Scanning for projects...
[INFO] Downloading from jboss-public-repository-group: https://repository.jboss.org/nexus/content/groups/public/org/wildfly/core/wildfly-core-parent/19.0.0.Beta10/wildfly-core-parent-19.0.0.Beta10.pom
[INFO] Downloaded from jboss-public-repository-group: https://repository.jboss.org/nexus/content/groups/public/org/wildfly/core/wildfly-core-parent/19.0.0.Beta10/wildfly-core-parent-19.0.0.Beta10.pom (123 kB at 450 kB/s)
[WARNING] 
[WARNING] Some problems were encountered while building the effective model for org.wildfly:wildfly-ee-9-source-transform-parent:pom:27.0.0.Alpha2-SNAPSHOT
[WARNING] 'dependencyManagement.dependencies.dependency.(groupId:artifactId:type:classifier)' must be unique: org.eclipse.microprofile.reactive-streams-operators:microprofile-reactive-streams-operators-api:jar -> version ${version.org.eclipse.microprofile.reactive-streams-operators.api} vs ${preview.version.org.eclipse.microprofile.reactive-streams-operators.api} @ org.wildfly:wildfly-ee-9-parent:27.0.0.Alpha2-SNAPSHOT, /home/srafi/after-cam-ready/compare_/compile_repair_output/work/b93c852e4646/ee-9/pom.xml, line 1099, column 25
[WARNING] 
[WARNING] Some problems were encountered while building the effective model for org.wildfly:wildfly-ee-9-parent:pom:27.0.0.Alpha2-SNAPSHOT
[WARNING] 'dependencyManagement.dependencies.dependency.(groupId:artifactId:type:classifier)' must be unique: org.eclipse.microprofile.reactive-streams-operators:microprofile-reactive-streams-operators-api:jar -> version ${version.org.eclipse.microprofile.reactive-streams-operators.api} vs ${preview.version.org.eclipse.microprofile.reactive-streams-operators.api} @ line 1099, column 25
[WARNING] 
[WARNING] It is highly recommended to fix these problems because they threaten the stability of your build.
[WARNING] 
[WARNING] For this reason, future Maven versions might no longer support building such malformed projects.
[WARNING] 
[INFO] ------------------------------------------------------------------------
[INFO] Reactor Build Order:
[INFO] 
[INFO] WildFly: Parent Aggregator                                         [pom]
[INFO] WildFly: Clustering subsystems and modules                         [pom]
[INFO] WildFly: Contextual execution for clustering modules               [jar]
[INFO] WildFly: EE clustering                                             [pom]
[INFO] WildFly: EE clustering SPI                                         [jar]
[INFO] WildFly: Clustering marshalling modules                            [pom]
[INFO] WildFly: Clustering marshalling API                                [jar]
[INFO] WildFly: Clustering marshalling SPI                                [jar]
[INFO] WildFly: Marshalling for WildFly clustering: ProtoStream integration [jar]
[INFO] WildFly: Common EE implementations for caches                      [jar]
[INFO] WildFly: Marshalling for WildFly clustering: JBoss Marshalling integration [jar]
[INFO] WildFly: Server clustering modules                                 [pom]
[INFO] WildFly: Public server clustering API                              [jar]
[INFO] WildFly: Server clustering SPI                                     [jar]
[INFO] WildFly: Clustering services                                       [jar]
[INFO] WildFly: Naming Subsystem                                          [jar]
[INFO] WildFly: Common code for clustering subsystems                     [jar]
[INFO] WildFly: Server clustering requirements/services                   [jar]
[INFO] WildFly: EE                                                        [jar]
[INFO] WildFly: IIOP Openjdk Subsystem                                    [jar]
[INFO] WildFly: Transaction Subsystem                                     [jar]
[INFO] WildFly: Connector Subsystem                                       [jar]
[INFO] WildFly: SFSB clustering                                           [pom]
[INFO] WildFly: SFSB clustering - SPI                                     [jar]
[INFO] WildFly: Infinispan modules                                        [pom]
[INFO] WildFly: Infinispan embedded modules                               [pom]
[INFO] WildFly: Infinispan embedded API extensions                        [jar]
[INFO] WildFly: Infinispan marshalling                                    [jar]
[INFO] WildFly: Infinispan embedded SPI                                   [jar]
[INFO] WildFly: Singleton modules                                         [pom]
[INFO] WildFly: Singleton API                                             [jar]
[INFO] WildFly: Infinispan embedded services                              [jar]
[INFO] WildFly: Weld                                                      [pom]
[INFO] WildFly: Weld Subsystem SPI                                        [jar]
[INFO] WildFly: Weld Common Tools                                         [jar]
[INFO] WildFly: EJB Subsystem                                             [jar]
[INFO] WildFly: Web session clustering                                    [pom]
[INFO] WildFly: Web session clustering - Container SPI                    [jar]
[INFO] WildFly: Web Common Classes                                        [jar]
[INFO] WildFly: Undertow                                                  [jar]
[INFO] WildFly: Web Services Subsystem                                    [pom]
[INFO] WildFly: Web Services Server Integration Subsystem                 [jar]
[INFO] WildFly: Application Client Bootstrap                              [jar]
[INFO] WildFly: Batch Integration Subsystem (JBeret implementation)       [jar]
[INFO] WildFly: Bean Validation                                           [jar]
[INFO] WildFly: Security Subsystem parent                                 [pom]
[INFO] WildFly: Security Subsystem                                        [jar]
[INFO] wildfly-servlet-feature-pack-parent                                [pom]
[INFO] WildFly: Servlet Feature Pack Common Resources                     [pom]
[INFO] WildFly: Servlet Feature Pack EE 8 API Resources                   [pom]
[INFO] wildfly-servlet-feature-pack-galleon-common                        [pom]
[INFO] wildfly-servlet-feature-pack-galleon-legacy                        [pom]
[INFO] WildFly: System JMX Module                                         [jar]
[INFO] WildFly: JAX-RS Integration                                        [jar]
[INFO] WildFly: RTS Subsystem                                             [jar]
[INFO] WildFly: JPA                                                       [pom]
[INFO] jipijapa SPI                                                       [jar]
[INFO] WildFly: JPA Subsystem                                             [jar]
[INFO] jipijapa EclipseLink integration                                   [jar]
[INFO] jipijapa Hibernate 5.3.x (JPA 2.2) integration                     [jar]
[INFO] WildFly: Jakarta Enterprise Beans and Jakarta Messaging client combined properties [jar]
[INFO] WildFly: Jakarta Enterprise Beans and Jakarta Messaging client combined jar [jar]
[INFO] WildFly: EE clustering - HotRod service provider                   [jar]
[INFO] WildFly: EE clustering - Infinispan service provider               [jar]
[INFO] WildFly: EJB client clustering module                              [jar]
[INFO] WildFly: SFSB clustering - Infinispan integration                  [jar]
[INFO] WildFly: Distributable EJB Subsystem                               [jar]
[INFO] WildFly: Infinispan client modules                                 [pom]
[INFO] WildFly: Infinispan Client SPI                                     [jar]
[INFO] WildFly: Infinispan Client requirements and services               [jar]
[INFO] WildFly: Infinispan Client SPI                                     [jar]
[INFO] WildFly: JGroups modules                                           [pom]
[INFO] WildFly: JGroups API                                               [jar]
[INFO] WildFly: JGroups SPI                                               [jar]
[INFO] WildFly: JGroups Subsystem                                         [jar]
[INFO] WildFly: Infinispan subsystem                                      [jar]
[INFO] WildFly: Server clustering SPI implementation                      [jar]
[INFO] WildFly: Server clustering extension                               [jar]
[INFO] WildFly: Requirements for WildFly clustering singleton service configurators [jar]
[INFO] WildFly: Singleton extension                                       [jar]
[INFO] WildFly: WildFly clustering singleton service implementation       [jar]
[INFO] WildFly: Web session clustering API                                [jar]
[INFO] WildFly: Web session clustering SPI                                [jar]
[INFO] WildFly: Common abstractions for cache-based session manager implementations. [jar]
[INFO] WildFly: Web session clustering - HotRod service provider          [jar]
[INFO] WildFly: Web session clustering - Infinispan service provider      [jar]
[INFO] WildFly: Web session clustering requirements and service providers [jar]
[INFO] WildFly: Web session clustering - Undertow integration             [jar]
[INFO] WildFly: Distributable Web Subsystem                               [jar]
[INFO] WildFly: Datasources with Agroal connection pool                   [jar]
[INFO] WildFly: Jakarta EE Security                                       [jar]
[INFO] WildFly: Base Health Extension                                     [jar]
[INFO] WildFly: JBoss Diagnostic Reporter                                 [pom]
[INFO] WildFly: JDR                                                       [jar]
[INFO] WildFly: JSF                                                       [pom]
[INFO] WildFly: JSF Subsystem                                             [jar]
[INFO] WildFly: JSF Injection Handlers                                    [jar]
[INFO] WildFly: Mail subsystem                                            [jar]
[INFO] WildFly: Messaging Subsystem Parent With ActiveMQ Artemis          [pom]
[INFO] WildFly: Messaging Injection With ActiveMQ Artemis                 [jar]
[INFO] WildFly: Messaging Subsystem With ActiveMQ Artemis                 [jar]
[INFO] WildFly: Base Metrics Extension                                    [jar]
[INFO] WildFly: mod_cluster Subsystem                                     [pom]
[INFO] WildFly: mod_cluster Extension                                     [jar]
[INFO] WildFly: mod_cluster Undertow Integration                          [jar]
[INFO] WildFly: POJO Subsystem                                            [jar]
[INFO] WildFly: Service Archive Subsystem                                 [jar]
[INFO] WildFly: Weld Subsystem                                            [jar]
[INFO] WildFly: Weld EJB                                                  [jar]
[INFO] WildFly: Weld JPA                                                  [jar]
[INFO] WildFly: Weld Bean Validation                                      [jar]
[INFO] WildFly: Weld Webservices                                          [jar]
[INFO] WildFly: Weld Transactions                                         [jar]
[INFO] WildFly: XTS Subsystem                                             [jar]
[INFO] WildFly: Observability modules                                     [pom]
[INFO] WildFly: OpenTelemetry API                                         [jar]
[INFO] WildFly: Base OpenTelemetry Extension                              [jar]
[INFO] wildfly-ee-feature-pack-parent                                     [pom]
[INFO] WildFly: EE Feature Pack Common Resources                          [pom]
[INFO] WildFly: EE Feature Pack EE 8 API Resources                        [pom]
[INFO] wildfly-ee-feature-pack-galleon-common                             [pom]
[INFO] wildfly-ee-feature-pack-galleon-content                            [pom]
[INFO] jipijapa Hibernate 5.1.x (JPA 2.1) integration                     [jar]
[INFO] jipijapa OpenJPA integration                                       [jar]
[INFO] WildFly: JacORB Subsystem                                          [jar]
[INFO] WildFly: JSR-77 Subsystem                                          [jar]
[INFO] WildFly: (Legacy) Messaging Subsystem                              [jar]
[INFO] WildFly: PicketLink Subsystem                                      [jar]
[INFO] WildFly: Web Subsystem                                             [jar]
[INFO] WildFly: EE Feature Pack Pruned Resources                          [pom]
[INFO] WildFly: EE Full Galleon Pack                                      [pom]
[INFO] WildFly: MicroProfile modules                                      [pom]
[INFO] WildFly: MicroProfile Config Extension With SmallRye               [jar]
[INFO] WildFly: MicroProfile Fault Tolerance modules                      [pom]
[INFO] WildFly: MicroProfile Fault Tolerance - Executor                   [jar]
[INFO] WildFly: MicroProfile Fault Tolerance - Extension                  [jar]
[INFO] WildFly: MicroProfile Health Extension With SmallRye               [jar]
[INFO] WildFly: MicroProfile JWT Extension With SmallRye                  [jar]
[INFO] WildFly: MicroProfile Metrics Extension With SmallRye              [jar]
[INFO] WildFly: MicroProfile OpenAPI Extension With SmallRye              [jar]
[INFO] WildFly: MicroProfile Reactive Messaging Parent                    [pom]
[INFO] WildFly: MicroProfile Reactive Messaging Common                    [jar]
[INFO] WildFly: MicroProfile Reactive Messaging Config                    [jar]
[INFO] WildFly: MicroProfile Reactive Messaging Kakfa                     [jar]
[INFO] WildFly: MicroProfile Reactive Messaging Extension With SmallRye   [jar]
[INFO] WildFly: MicroProfile Reactive Streams Operators Parent            [pom]
[INFO] WildFly: MicroProfile Reactive Streams Operators Extension With SmallRye [jar]
[INFO] WildFly: MicroProfile Reactive Streams Operators CDI Provider      [jar]
[INFO] WildFly: MicroProfile OpenTracing with SmallRye                    [jar]
[INFO] WildFly: MicroProfile OpenTracing Extension                        [jar]
[INFO] WildFly: Galleon Pack MicroProfile Common                          [pom]
[INFO] WildFly: Elytron OpenID Connect Client Parent                      [pom]
[INFO] WildFly: Elytron OpenID Connect Client Extension                   [jar]
[INFO] WildFly: Galleon Pack OpenID Connect Common                        [pom]
[INFO] wildfly-feature-pack-parent                                        [pom]
[INFO] wildfly-feature-pack-galleon-content                               [pom]
[INFO] WildFly: Galleon Pack                                              [pom]
[INFO] WildFly Test Suite: Shared                                         [jar]
[INFO] WildFly: Distribution                                              [jar]
[INFO] 
[INFO] ---------------------< org.wildfly:wildfly-parent >---------------------
[INFO] Building WildFly: Parent Aggregator 27.0.0.Alpha2-SNAPSHOT       [1/159]
[INFO] --------------------------------[ pom ]---------------------------------
[INFO] 
[INFO] --- maven-clean-plugin:3.1.0:clean (default-clean) @ wildfly-parent ---
[INFO] 
[INFO] --- maven-enforcer-plugin:3.0.0-M3:enforce (ban-bad-dependencies) @ wildfly-parent ---
[INFO] Skipping Rule Enforcement.
[INFO] 
[INFO] --- maven-enforcer-plugin:3.0.0-M3:enforce (enforce-java-version) @ wildfly-parent ---
[INFO] Skipping Rule Enforcement.
[INFO] 
[INFO] --- maven-enforcer-plugin:3.0.0-M3:enforce (enforce-maven-version) @ wildfly-parent ---
[INFO] Skipping Rule Enforcement.
[INFO] 
[INFO] --- buildnumber-maven-plugin:1.4:create (get-scm-revision) @ wildfly-parent ---
[INFO] Executing: /bin/sh -c cd '/home/srafi/after-cam-ready/compare_/compile_repair_output/work/b93c852e4646' && 'git' 'rev-parse' '--verify' 'HEAD'
[INFO] Working directory: /home/srafi/after-cam-ready/compare_/compile_repair_output/work/b93c852e4646
[INFO] Storing buildNumber: 914e190167a79c538e0f87ea4385a6626bdecc9a at timestamp: 1786828177379
[WARNING] Cannot get the branch information from the git repository: 
Detecting the current branch failed: fatal: ref HEAD is not a symbolic ref

[INFO] Executing: /bin/sh -c cd '/home/srafi/after-cam-ready/compare_/compile_repair_output/work/b93c852e4646' && 'git' 'rev-parse' '--verify' 'HEAD'
[INFO] Working directory: /home/srafi/after-cam-ready/compare_/compile_repair_output/work/b93c852e4646
[INFO] Storing buildScmBranch: UNKNOWN
[INFO] 
[INFO] --- maven-checkstyle-plugin:3.1.1:checkstyle (check-style) @ wildfly-parent ---
[INFO] Downloading from jboss-public-repository-group: https://repository.jboss.org/nexus/content/groups/public/org/wildfly/checkstyle/wildfly-checkstyle-config/1.0.8.Final/wildfly-checkstyle-config-1.0.8.Final.pom
[INFO] Downloaded from jboss-public-repository-group: https://repository.jboss.org/nexus/content/groups/public/org/wildfly/checkstyle/wildfly-checkstyle-config/1.0.8.Final/wildfly-checkstyle-config-1.0.8.Final.pom (1.6 kB at 18 kB/s)
[INFO] Downloading from jboss-public-repository-group: https://repository.jboss.org/nexus/content/groups/public/com/puppycrawl/tools/checkstyle/8.34/checkstyle-8.34.pom
[INFO] Downloading from jboss-public-repository: https://repository.jboss.org/nexus/content/groups/public/com/puppycrawl/tools/checkstyle/8.34/checkstyle-8.34.pom
[INFO] Downloading from central: https://repo.maven.apache.org/maven2/com/puppycrawl/tools/checkstyle/8.34/checkstyle-8.34.pom
[INFO] Downloaded from central: https://repo.maven.apache.org/maven2/com/puppycrawl/tools/checkstyle/8.34/checkstyle-8.34.pom (128 kB at 1.3 MB/s)
[INFO] Downloading from jboss-public-repository-group: https://repository.jboss.org/nexus/content/groups/public/info/picocli/picocli/4.3.2/picocli-4.3.2.pom
[INFO] Downloading from jboss-public-repository: https://repository.jboss.org/nexus/content/groups/public/info/picocli/picocli/4.3.2/picocli-4.3.2.pom
[INFO] Downloading from central: https://repo.maven.apache.org/maven2/info/picocli/picocli/4.3.2/picocli-4.3.2.pom
[INFO] Downloaded from central: https://repo.maven.apache.org/maven2/info/picocli/picocli/4.3.2/picocli-4.3.2.pom (1.4 kB at 38 kB/s)
[INFO] Downloading from jboss-public-repository-group: https://repository.jboss.org/nexus/content/groups/public/net/sf/saxon/Saxon-HE/9.9.1-7/Saxon-HE-9.9.1-7.pom
[INFO] Downloading from jboss-public-repository: https://repository.jboss.org/nexus/content/groups/public/net/sf/saxon/Saxon-HE/9.9.1-7/Saxon-HE-9.9.1-7.pom
[INFO] Downloading from central: https://repo.maven.apache.org/maven2/net/sf/saxon/Saxon-HE/9.9.1-7/Saxon-HE-9.9.1-7.pom
[INFO] Downloaded from central: https://repo.maven.apache.org/maven2/net/sf/saxon/Saxon-HE/9.9.1-7/Saxon-HE-9.9.1-7.pom (4.1 kB at 104 kB/s)
[INFO] Downloading from jboss-public-repository-group: https://repository.jboss.org/nexus/content/groups/public/org/wildfly/checkstyle/wildfly-checkstyle-config/1.0.8.Final/wildfly-checkstyle-config-1.0.8.Final.jar
[INFO] Downloading from jboss-public-repository-group: https://repository.jboss.org/nexus/content/groups/public/info/picocli/picocli/4.3.2/picocli-4.3.2.jar
[INFO] Downloading from jboss-public-repository-group: https://repository.jboss.org/nexus/content/groups/public/com/puppycrawl/tools/checkstyle/8.34/checkstyle-8.34.jar
[INFO] Downloading from jboss-public-repository-group: https://repository.jboss.org/nexus/content/groups/public/net/sf/saxon/Saxon-HE/9.9.1-7/Saxon-HE-9.9.1-7.jar
[INFO] Downloaded from jboss-public-repository-group: https://repository.jboss.org/nexus/content/groups/public/org/wildfly/checkstyle/wildfly-checkstyle-config/1.0.8.Final/wildfly-checkstyle-config-1.0.8.Final.jar (4.6 kB at 95 kB/s)
[INFO] Downloading from jboss-public-repository: https://repository.jboss.org/nexus/content/groups/public/com/puppycrawl/tools/checkstyle/8.34/checkstyle-8.34.jar
[INFO] Downloading from jboss-public-repository: https://repository.jboss.org/nexus/content/groups/public/info/picocli/picocli/4.3.2/picocli-4.3.2.jar
[INFO] Downloading from jboss-public-repository: https://repository.jboss.org/nexus/content/groups/public/net/sf/saxon/Saxon-HE/9.9.1-7/Saxon-HE-9.9.1-7.jar
[INFO] Downloading from central: https://repo.maven.apache.org/maven2/com/puppycrawl/tools/checkstyle/8.34/checkstyle-8.34.jar
[INFO] Downloading from central: https://repo.maven.apache.org/maven2/info/picocli/picocli/4.3.2/picocli-4.3.2.jar
[INFO] Downloading from central: https://repo.maven.apache.org/maven2/net/sf/saxon/Saxon-HE/9.9.1-7/Saxon-HE-9.9.1-7.jar
[INFO] Downloaded from central: https://repo.maven.apache.org/maven2/com/puppycrawl/tools/checkstyle/8.34/checkstyle-8.34.jar (1.4 MB at 20 MB/s)
[INFO] Downloaded from central: https://repo.maven.apache.org/maven2/info/picocli/picocli/4.3.2/picocli-4.3.2.jar (382 kB at 4.7 MB/s)
[INFO] Downloaded from central: https://repo.maven.apache.org/maven2/net/sf/saxon/Saxon-HE/9.9.1-7/Saxon-HE-9.9.1-7.jar (5.5 MB at 48 MB/s)
[INFO] 
[INFO] --- maven-source-plugin:3.1.0:jar-no-fork (attach-sources) @ wildfly-parent ---
[INFO] 
[INFO] --- maven-install-plugin:2.5.2:install (default-install) @ wildfly-parent ---
[INFO] Installing /home/srafi/after-cam-ready/compare_/compile_repair_output/work/b93c852e4646/pom.xml to /home/srafi/.m2/repository/org/wildfly/wildfly-parent/27.0.0.Alpha2-SNAPSHOT/wildfly-parent-27.0.0.Alpha2-SNAPSHOT.pom
[INFO] 
[INFO] -------------------< org.wildfly:wildfly-clustering >-------------------
[INFO] Building WildFly: Clustering subsystems and modules 27.0.0.Alpha2-SNAPSHOT [2/159]
[INFO] --------------------------------[ pom ]---------------------------------
[INFO] Downloading from jboss-public-repository-group: https://repository.jboss.org/nexus/content/groups/public/net/bytebuddy/byte-buddy/1.11.12/byte-buddy-1.11.12.pom
[INFO] Downloading from central: https://repo.maven.apache.org/maven2/net/bytebuddy/byte-buddy/1.11.12/byte-buddy-1.11.12.pom
[INFO] Downloaded from central: https://repo.maven.apache.org/maven2/net/bytebuddy/byte-buddy/1.11.12/byte-buddy-1.11.12.pom (12 kB at 339 kB/s)
[INFO] Downloading from jboss-public-repository-group: https://repository.jboss.org/nexus/content/groups/public/net/bytebuddy/byte-buddy-parent/1.11.12/byte-buddy-parent-1.11.12.pom
[INFO] Downloading from central: https://repo.maven.apache.org/maven2/net/bytebuddy/byte-buddy-parent/1.11.12/byte-buddy-parent-1.11.12.pom
[INFO] Downloaded from central: https://repo.maven.apache.org/maven2/net/bytebuddy/byte-buddy-parent/1.11.12/byte-buddy-parent-1.11.12.pom (43 kB at 1.2 MB/s)
[INFO] Downloading from jboss-public-repository-group: https://repository.jboss.org/nexus/content/groups/public/org/jboss/byteman/byteman/4.0.18/byteman-4.0.18.pom
[INFO] Downloading from central: https://repo.maven.apache.org/maven2/org/jboss/byteman/byteman/4.0.18/byteman-4.0.18.pom
[INFO] Downloaded from central: https://repo.maven.apache.org/maven2/org/jboss/byteman/byteman/4.0.18/byteman-4.0.18.pom (4.5 kB at 39 kB/s)
[INFO] Downloading from jboss-public-repository-group: https://repository.jboss.org/nexus/content/groups/public/org/jboss/byteman/byteman-root/4.0.18/byteman-root-4.0.18.pom
[INFO] Downloading from central: https://repo.maven.apache.org/maven2/org/jboss/byteman/byteman-root/4.0.18/byteman-root-4.0.18.pom
[INFO] Downloaded from central: https://repo.maven.apache.org/maven2/org/jboss/byteman/byteman-root/4.0.18/byteman-root-4.0.18.pom (22 kB at 305 kB/s)
[INFO] Downloading from jboss-public-repository-group: https://repository.jboss.org/nexus/content/groups/public/org/jboss/byteman/byteman-submit/4.0.18/byteman-submit-4.0.18.pom
[INFO] Downloading from central: https://repo.maven.apache.org/maven2/org/jboss/byteman/byteman-submit/4.0.18/byteman-submit-4.0.18.pom
[INFO] Downloaded from central: https://repo.maven.apache.org/maven2/org/jboss/byteman/byteman-submit/4.0.18/byteman-submit-4.0.18.pom (2.3 kB at 32 kB/s)
[INFO] Downloading from jboss-public-repository-group: https://repository.jboss.org/nexus/content/groups/public/org/jboss/byteman/byteman-install/4.0.18/byteman-install-4.0.18.pom
[INFO] Downloading from central: https://repo.maven.apache.org/maven2/org/jboss/byteman/byteman-install/4.0.18/byteman-install-4.0.18.pom
[INFO] Downloaded from central: https://repo.maven.apache.org/maven2/org/jboss/byteman/byteman-install/4.0.18/byteman-install-4.0.18.pom (3.0 kB at 91 kB/s)
[INFO] Downloading from jboss-public-repository-group: https://repository.jboss.org/nexus/content/groups/public/org/jboss/byteman/byteman-bmunit/4.0.18/byteman-bmunit-4.0.18.pom
[INFO] Downloading from central: https://repo.maven.apache.org/maven2/org/jboss/byteman/byteman-bmunit/4.0.18/byteman-bmunit-4.0.18.pom
[INFO] Downloaded from central: https://repo.maven.apache.org/maven2/org/jboss/byteman/byteman-bmunit/4.0.18/byteman-bmunit-4.0.18.pom (8.1 kB at 75 kB/s)
[INFO] 
[INFO] --- maven-clean-plugin:3.1.0:clean (default-clean) @ wildfly-clustering ---
[INFO] 
[INFO] --- maven-enforcer-plugin:3.0.0-M3:enforce (ban-bad-dependencies) @ wildfly-clustering ---
[INFO] Skipping Rule Enforcement.
[INFO] 
[INFO] --- maven-enforcer-plugin:3.0.0-M3:enforce (enforce-java-version) @ wildfly-clustering ---
[INFO] Skipping Rule Enforcement.
[INFO] 
[INFO] --- maven-enforcer-plugin:3.0.0-M3:enforce (enforce-maven-version) @ wildfly-clustering ---
[INFO] Skipping Rule Enforcement.
[INFO] 
[INFO] --- buildnumber-maven-plugin:1.4:create (get-scm-revision) @ wildfly-clustering ---
[INFO] 
[INFO] --- maven-checkstyle-plugin:3.1.1:checkstyle (check-style) @ wildfly-clustering ---
[INFO] 
[INFO] --- maven-source-plugin:3.1.0:jar-no-fork (attach-sources) @ wildfly-clustering ---
[INFO] 
[INFO] --- maven-install-plugin:2.5.2:install (default-install) @ wildfly-clustering ---
[INFO] Installing /home/srafi/after-cam-ready/compare_/compile_repair_output/work/b93c852e4646/clustering/pom.xml to /home/srafi/.m2/repository/org/wildfly/wildfly-clustering/27.0.0.Alpha2-SNAPSHOT/wildfly-clustering-27.0.0.Alpha2-SNAPSHOT.pom
[INFO] 
[INFO] ---------------< org.wildfly:wildfly-clustering-context >---------------
[INFO] Building WildFly: Contextual execution for clustering modules 27.0.0.Alpha2-SNAPSHOT [3/159]
[INFO] --------------------------------[ jar ]---------------------------------
[INFO] Downloading from jboss-public-repository-group: https://repository.jboss.org/nexus/content/groups/public/org/jboss/threads/jboss-threads/2.4.0.Final/jboss-threads-2.4.0.Final.pom
[INFO] Downloaded from jboss-public-repository-group: https://repository.jboss.org/nexus/content/groups/public/org/jboss/threads/jboss-threads/2.4.0.Final/jboss-threads-2.4.0.Final.pom (4.6 kB at 178 kB/s)
[INFO] Downloading from jboss-public-repository-group: https://repository.jboss.org/nexus/content/groups/public/org/wildfly/common/wildfly-common/1.6.0.Final/wildfly-common-1.6.0.Final.pom
[INFO] Downloaded from jboss-public-repository-group: https://repository.jboss.org/nexus/content/groups/public/org/wildfly/common/wildfly-common/1.6.0.Final/wildfly-common-1.6.0.Final.pom (7.1 kB at 110 kB/s)
[INFO] Downloading from jboss-public-repository-group: https://repository.jboss.org/nexus/content/groups/public/org/wildfly/security/wildfly-elytron-security-manager/1.19.0.Final/wildfly-elytron-security-manager-1.19.0.Final.pom
[INFO] Downloaded from jboss-public-repository-group: https://repository.jboss.org/nexus/content/groups/public/org/wildfly/security/wildfly-elytron-security-manager/1.19.0.Final/wildfly-elytron-security-manager-1.19.0.Final.pom (6.3 kB at 302 kB/s)
[INFO] Downloading from jboss-public-repository-group: https://repository.jboss.org/nexus/content/groups/public/org/wildfly/security/wildfly-elytron-parent/1.19.0.Final/wildfly-elytron-parent-1.19.0.Final.pom
[INFO] Downloaded from jboss-public-repository-group: https://repository.jboss.org/nexus/content/groups/public/org/wildfly/security/wildfly-elytron-parent/1.19.0.Final/wildfly-elytron-parent-1.19.0.Final.pom (69 kB at 1.2 MB/s)
[INFO] Downloading from jboss-public-repository-group: https://repository.jboss.org/nexus/content/groups/public/org/wildfly/security/wildfly-elytron-base/1.19.0.Final/wildfly-elytron-base-1.19.0.Final.pom
[INFO] Downloaded from jboss-public-repository-group: https://repository.jboss.org/nexus/content/groups/public/org/wildfly/security/wildfly-elytron-base/1.19.0.Final/wildfly-elytron-base-1.19.0.Final.pom (2.4 kB at 43 kB/s)
[INFO] Downloading from jboss-public-repository-group: https://repository.jboss.org/nexus/content/groups/public/org/wildfly/security/wildfly-elytron-permission/1.19.0.Final/wildfly-elytron-permission-1.19.0.Final.pom
[INFO] Downloaded from jboss-public-repository-group: https://repository.jboss.org/nexus/content/groups/public/org/wildfly/security/wildfly-elytron-permission/1.19.0.Final/wildfly-elytron-permission-1.19.0.Final.pom (2.5 kB at 89 kB/s)
[INFO] Downloading from jboss-public-repository-group: https://repository.jboss.org/nexus/content/groups/public/org/wildfly/security/wildfly-elytron-util/1.19.0.Final/wildfly-elytron-util-1.19.0.Final.pom
[INFO] Downloaded from jboss-public-repository-group: https://repository.jboss.org/nexus/content/groups/public/org/wildfly/security/wildfly-elytron-util/1.19.0.Final/wildfly-elytron-util-1.19.0.Final.pom (2.8 kB at 65 kB/s)
[INFO] Downloading from jboss-public-repository-group: https://repository.jboss.org/nexus/content/groups/public/org/wildfly/security/wildfly-elytron-asn1/1.19.0.Final/wildfly-elytron-asn1-1.19.0.Final.pom
[INFO] Downloaded from jboss-public-repository-group: https://repository.jboss.org/nexus/content/groups/public/org/wildfly/security/wildfly-elytron-asn1/1.19.0.Final/wildfly-elytron-asn1-1.19.0.Final.pom (2.5 kB at 33 kB/s)
[INFO] Downloading from jboss-public-repository-group: https://repository.jboss.org/nexus/content/groups/public/org/wildfly/security/wildfly-elytron-security-manager-action/1.19.0.Final/wildfly-elytron-security-manager-action-1.19.0.Final.pom
[INFO] Downloaded from jboss-public-repository-group: https://repository.jboss.org/nexus/content/groups/public/org/wildfly/security/wildfly-elytron-security-manager-action/1.19.0.Final/wildfly-elytron-security-manager-action-1.19.0.Final.pom (1.7 kB at 26 kB/s)
[INFO] Downloading from jboss-public-repository-group: https://repository.jboss.org/nexus/content/groups/public/org/jboss/threads/jboss-threads/2.4.0.Final/jboss-threads-2.4.0.Final.jar
[INFO] Downloading from jboss-public-repository-group: https://repository.jboss.org/nexus/content/groups/public/org/wildfly/security/wildfly-elytron-security-manager/1.19.0.Final/wildfly-elytron-security-manager-1.19.0.Final.jar
[INFO] Downloading from jboss-public-repository-group: https://repository.jboss.org/nexus/content/groups/public/org/wildfly/common/wildfly-common/1.6.0.Final/wildfly-common-1.6.0.Final.jar
[INFO] Downloading from jboss-public-repository-group: https://repository.jboss.org/nexus/content/groups/public/org/wildfly/security/wildfly-elytron-permission/1.19.0.Final/wildfly-elytron-permission-1.19.0.Final.jar
[INFO] Downloading from jboss-public-repository-group: https://repository.jboss.org/nexus/content/groups/public/org/wildfly/security/wildfly-elytron-base/1.19.0.Final/wildfly-elytron-base-1.19.0.Final.jar
[INFO] Downloaded from jboss-public-repository-group: https://repository.jboss.org/nexus/content/groups/public/org/jboss/threads/jboss-threads/2.4.0.Final/jboss-threads-2.4.0.Final.jar (170 kB at 4.4 MB/s)
[INFO] Downloading from jboss-public-repository-group: https://repository.jboss.org/nexus/content/groups/public/org/wildfly/security/wildfly-elytron-security-manager-action/1.19.0.Final/wildfly-elytron-security-manager-action-1.19.0.Final.jar
[INFO] Downloaded from jboss-public-repository-group: https://repository.jboss.org/nexus/content/groups/public/org/wildfly/common/wildfly-common/1.6.0.Final/wildfly-common-1.6.0.Final.jar (295 kB at 4.8 MB/s)
[INFO] Downloading from jboss-public-repository-group: https://repository.jboss.org/nexus/content/groups/public/org/wildfly/security/wildfly-elytron-util/1.19.0.Final/wildfly-elytron-util-1.19.0.Final.jar
[INFO] Downloaded from jboss-public-repository-group: https://repository.jboss.org/nexus/content/groups/public/org/wildfly/security/wildfly-elytron-permission/1.19.0.Final/wildfly-elytron-permission-1.19.0.Final.jar (63 kB at 784 kB/s)
[INFO] Downloading from jboss-public-repository-group: https://repository.jboss.org/nexus/content/groups/public/org/wildfly/security/wildfly-elytron-asn1/1.19.0.Final/wildfly-elytron-asn1-1.19.0.Final.jar
[INFO] Downloaded from jboss-public-repository-group: https://repository.jboss.org/nexus/content/groups/public/org/wildfly/security/wildfly-elytron-security-manager-action/1.19.0.Final/wildfly-elytron-security-manager-action-1.19.0.Final.jar (20 kB at 224 kB/s)
[INFO] Downloading from jboss-public-repository-group: https://repository.jboss.org/nexus/content/groups/public/net/bytebuddy/byte-buddy/1.11.12/byte-buddy-1.11.12.jar
[INFO] Downloaded from jboss-public-repository-group: https://repository.jboss.org/nexus/content/groups/public/org/wildfly/security/wildfly-elytron-base/1.19.0.Final/wildfly-elytron-base-1.19.0.Final.jar (32 kB at 318 kB/s)
[INFO] Downloading from jboss-public-repository-group: https://repository.jboss.org/nexus/content/groups/public/org/jboss/byteman/byteman/4.0.18/byteman-4.0.18.jar
[INFO] Downloaded from jboss-public-repository-group: https://repository.jboss.org/nexus/content/groups/public/org/wildfly/security/wildfly-elytron-security-manager/1.19.0.Final/wildfly-elytron-security-manager-1.19.0.Final.jar (34 kB at 265 kB/s)
[INFO] Downloading from jboss-public-repository-group: https://repository.jboss.org/nexus/content/groups/public/org/jboss/byteman/byteman-submit/4.0.18/byteman-submit-4.0.18.jar
[INFO] Downloaded from jboss-public-repository-group: https://repository.jboss.org/nexus/content/groups/public/org/wildfly/security/wildfly-elytron-util/1.19.0.Final/wildfly-elytron-util-1.19.0.Final.jar (35 kB at 232 kB/s)
[INFO] Downloading from jboss-public-repository-group: https://repository.jboss.org/nexus/content/groups/public/org/jboss/byteman/byteman-install/4.0.18/byteman-install-4.0.18.jar
[INFO] Downloaded from jboss-public-repository-group: https://repository.jboss.org/nexus/content/groups/public/org/wildfly/security/wildfly-elytron-asn1/1.19.0.Final/wildfly-elytron-asn1-1.19.0.Final.jar (38 kB at 248 kB/s)
[INFO] Downloading from jboss-public-repository-group: https://repository.jboss.org/nexus/content/groups/public/org/jboss/byteman/byteman-bmunit/4.0.18/byteman-bmunit-4.0.18.jar
[INFO] Downloading from central: https://repo.maven.apache.org/maven2/net/bytebuddy/byte-buddy/1.11.12/byte-buddy-1.11.12.jar
[INFO] Downloading from central: https://repo.maven.apache.org/maven2/org/jboss/byteman/byteman/4.0.18/byteman-4.0.18.jar
[INFO] Downloading from central: https://repo.maven.apache.org/maven2/org/jboss/byteman/byteman-install/4.0.18/byteman-install-4.0.18.jar
[INFO] Downloading from central: https://repo.maven.apache.org/maven2/org/jboss/byteman/byteman-submit/4.0.18/byteman-submit-4.0.18.jar
[INFO] Downloading from central: https://repo.maven.apache.org/maven2/org/jboss/byteman/byteman-bmunit/4.0.18/byteman-bmunit-4.0.18.jar
[INFO] Downloaded from central: https://repo.maven.apache.org/maven2/org/jboss/byteman/byteman-install/4.0.18/byteman-install-4.0.18.jar (11 kB at 174 kB/s)
[INFO] Downloaded from central: https://repo.maven.apache.org/maven2/org/jboss/byteman/byteman/4.0.18/byteman-4.0.18.jar (851 kB at 13 MB/s)
[INFO] Downloaded from central: https://repo.maven.apache.org/maven2/net/bytebuddy/byte-buddy/1.11.12/byte-buddy-1.11.12.jar (3.6 MB at 49 MB/s)
[INFO] Downloaded from central: https://repo.maven.apache.org/maven2/org/jboss/byteman/byteman-bmunit/4.0.18/byteman-bmunit-4.0.18.jar (40 kB at 266 kB/s)
[INFO] Downloaded from central: https://repo.maven.apache.org/maven2/org/jboss/byteman/byteman-submit/4.0.18/byteman-submit-4.0.18.jar (16 kB at 95 kB/s)
[INFO] 
[INFO] --- maven-clean-plugin:3.1.0:clean (default-clean) @ wildfly-clustering-context ---
[INFO] 
[INFO] --- maven-enforcer-plugin:3.0.0-M3:enforce (ban-bad-dependencies) @ wildfly-clustering-context ---
[INFO] Skipping Rule Enforcement.
[INFO] 
[INFO] --- maven-enforcer-plugin:3.0.0-M3:enforce (enforce-java-version) @ wildfly-clustering-context ---
[INFO] Skipping Rule Enforcement.
[INFO] 
[INFO] --- maven-enforcer-plugin:3.0.0-M3:enforce (enforce-maven-version) @ wildfly-clustering-context ---
[INFO] Skipping Rule Enforcement.
[INFO] 
[INFO] --- buildnumber-maven-plugin:1.4:create (get-scm-revision) @ wildfly-clustering-context ---
[INFO] 
[INFO] --- maven-resources-plugin:3.2.0:resources (default-resources) @ wildfly-clustering-context ---
[INFO] Using 'UTF-8' encoding to copy filtered resources.
[INFO] Using 'UTF-8' encoding to copy filtered properties files.
[INFO] skip non existing resourceDirectory /home/srafi/after-cam-ready/compare_/compile_repair_output/work/b93c852e4646/clustering/context/src/main/resources
[INFO] 
[INFO] --- maven-compiler-plugin:3.8.1:compile (default-compile) @ wildfly-clustering-context ---
[INFO] Changes detected - recompiling the module!
[INFO] Compiling 15 source files to /home/srafi/after-cam-ready/compare_/compile_repair_output/work/b93c852e4646/clustering/context/target/classes
[INFO] ------------------------------------------------------------------------
[INFO] Reactor Summary for WildFly: Parent Aggregator 27.0.0.Alpha2-SNAPSHOT:
[INFO] 
[INFO] WildFly: Parent Aggregator ......................... SUCCESS [  1.922 s]
[INFO] WildFly: Clustering subsystems and modules ......... SUCCESS [  1.909 s]
[INFO] WildFly: Contextual execution for clustering modules FAILURE [  1.091 s]
[INFO] WildFly: EE clustering ............................. SKIPPED
[INFO] WildFly: EE clustering SPI ......................... SKIPPED
[INFO] WildFly: Clustering marshalling modules ............ SKIPPED
[INFO] WildFly: Clustering marshalling API ................ SKIPPED
[INFO] WildFly: Clustering marshalling SPI ................ SKIPPED
[INFO] WildFly: Marshalling for WildFly clustering: ProtoStream integration SKIPPED
[INFO] WildFly: Common EE implementations for caches ...... SKIPPED
[INFO] WildFly: Marshalling for WildFly clustering: JBoss Marshalling integration SKIPPED
[INFO] WildFly: Server clustering modules ................. SKIPPED
[INFO] WildFly: Public server clustering API .............. SKIPPED
[INFO] WildFly: Server clustering SPI ..................... SKIPPED
[INFO] WildFly: Clustering services ....................... SKIPPED
[INFO] WildFly: Naming Subsystem .......................... SKIPPED
[INFO] WildFly: Common code for clustering subsystems ..... SKIPPED
[INFO] WildFly: Server clustering requirements/services ... SKIPPED
[INFO] WildFly: EE ........................................ SKIPPED
[INFO] WildFly: IIOP Openjdk Subsystem .................... SKIPPED
[INFO] WildFly: Transaction Subsystem ..................... SKIPPED
[INFO] WildFly: Connector Subsystem ....................... SKIPPED
[INFO] WildFly: SFSB clustering ........................... SKIPPED
[INFO] WildFly: SFSB clustering - SPI ..................... SKIPPED
[INFO] WildFly: Infinispan modules ........................ SKIPPED
[INFO] WildFly: Infinispan embedded modules ............... SKIPPED
[INFO] WildFly: Infinispan embedded API extensions ........ SKIPPED
[INFO] WildFly: Infinispan marshalling .................... SKIPPED
[INFO] WildFly: Infinispan embedded SPI ................... SKIPPED
[INFO] WildFly: Singleton modules ......................... SKIPPED
[INFO] WildFly: Singleton API ............................. SKIPPED
[INFO] WildFly: Infinispan embedded services .............. SKIPPED
[INFO] WildFly: Weld ...................................... SKIPPED
[INFO] WildFly: Weld Subsystem SPI ........................ SKIPPED
[INFO] WildFly: Weld Common Tools ......................... SKIPPED
[INFO] WildFly: EJB Subsystem ............................. SKIPPED
[INFO] WildFly: Web session clustering .................... SKIPPED
[INFO] WildFly: Web session clustering - Container SPI .... SKIPPED
[INFO] WildFly: Web Common Classes ........................ SKIPPED
[INFO] WildFly: Undertow .................................. SKIPPED
[INFO] WildFly: Web Services Subsystem .................... SKIPPED
[INFO] WildFly: Web Services Server Integration Subsystem . SKIPPED
[INFO] WildFly: Application Client Bootstrap .............. SKIPPED
[INFO] WildFly: Batch Integration Subsystem (JBeret implementation) SKIPPED
[INFO] WildFly: Bean Validation ........................... SKIPPED
[INFO] WildFly: Security Subsystem parent ................. SKIPPED
[INFO] WildFly: Security Subsystem ........................ SKIPPED
[INFO] wildfly-servlet-feature-pack-parent ................ SKIPPED
[INFO] WildFly: Servlet Feature Pack Common Resources ..... SKIPPED
[INFO] WildFly: Servlet Feature Pack EE 8 API Resources ... SKIPPED
[INFO] wildfly-servlet-feature-pack-galleon-common ........ SKIPPED
[INFO] wildfly-servlet-feature-pack-galleon-legacy ........ SKIPPED
[INFO] WildFly: System JMX Module ......................... SKIPPED
[INFO] WildFly: JAX-RS Integration ........................ SKIPPED
[INFO] WildFly: RTS Subsystem ............................. SKIPPED
[INFO] WildFly: JPA ....................................... SKIPPED
[INFO] jipijapa SPI ....................................... SKIPPED
[INFO] WildFly: JPA Subsystem ............................. SKIPPED
[INFO] jipijapa EclipseLink integration ................... SKIPPED
[INFO] jipijapa Hibernate 5.3.x (JPA 2.2) integration ..... SKIPPED
[INFO] WildFly: Jakarta Enterprise Beans and Jakarta Messaging client combined properties SKIPPED
[INFO] WildFly: Jakarta Enterprise Beans and Jakarta Messaging client combined jar SKIPPED
[INFO] WildFly: EE clustering - HotRod service provider ... SKIPPED
[INFO] WildFly: EE clustering - Infinispan service provider SKIPPED
[INFO] WildFly: EJB client clustering module .............. SKIPPED
[INFO] WildFly: SFSB clustering - Infinispan integration .. SKIPPED
[INFO] WildFly: Distributable EJB Subsystem ............... SKIPPED
[INFO] WildFly: Infinispan client modules ................. SKIPPED
[INFO] WildFly: Infinispan Client SPI ..................... SKIPPED
[INFO] WildFly: Infinispan Client requirements and services SKIPPED
[INFO] WildFly: Infinispan Client SPI ..................... SKIPPED
[INFO] WildFly: JGroups modules ........................... SKIPPED
[INFO] WildFly: JGroups API ............................... SKIPPED
[INFO] WildFly: JGroups SPI ............................... SKIPPED
[INFO] WildFly: JGroups Subsystem ......................... SKIPPED
[INFO] WildFly: Infinispan subsystem ...................... SKIPPED
[INFO] WildFly: Server clustering SPI implementation ...... SKIPPED
[INFO] WildFly: Server clustering extension ............... SKIPPED
[INFO] WildFly: Requirements for WildFly clustering singleton service configurators SKIPPED
[INFO] WildFly: Singleton extension ....................... SKIPPED
[INFO] WildFly: WildFly clustering singleton service implementation SKIPPED
[INFO] WildFly: Web session clustering API ................ SKIPPED
[INFO] WildFly: Web session clustering SPI ................ SKIPPED
[INFO] WildFly: Common abstractions for cache-based session manager implementations. SKIPPED
[INFO] WildFly: Web session clustering - HotRod service provider SKIPPED
[INFO] WildFly: Web session clustering - Infinispan service provider SKIPPED
[INFO] WildFly: Web session clustering requirements and service providers SKIPPED
[INFO] WildFly: Web session clustering - Undertow integration SKIPPED
[INFO] WildFly: Distributable Web Subsystem ............... SKIPPED
[INFO] WildFly: Datasources with Agroal connection pool ... SKIPPED
[INFO] WildFly: Jakarta EE Security ....................... SKIPPED
[INFO] WildFly: Base Health Extension ..................... SKIPPED
[INFO] WildFly: JBoss Diagnostic Reporter ................. SKIPPED
[INFO] WildFly: JDR ....................................... SKIPPED
[INFO] WildFly: JSF ....................................... SKIPPED
[INFO] WildFly: JSF Subsystem ............................. SKIPPED
[INFO] WildFly: JSF Injection Handlers .................... SKIPPED
[INFO] WildFly: Mail subsystem ............................ SKIPPED
[INFO] WildFly: Messaging Subsystem Parent With ActiveMQ Artemis SKIPPED
[INFO] WildFly: Messaging Injection With ActiveMQ Artemis . SKIPPED
[INFO] WildFly: Messaging Subsystem With ActiveMQ Artemis . SKIPPED
[INFO] WildFly: Base Metrics Extension .................... SKIPPED
[INFO] WildFly: mod_cluster Subsystem ..................... SKIPPED
[INFO] WildFly: mod_cluster Extension ..................... SKIPPED
[INFO] WildFly: mod_cluster Undertow Integration .......... SKIPPED
[INFO] WildFly: POJO Subsystem ............................ SKIPPED
[INFO] WildFly: Service Archive Subsystem ................. SKIPPED
[INFO] WildFly: Weld Subsystem ............................ SKIPPED
[INFO] WildFly: Weld EJB .................................. SKIPPED
[INFO] WildFly: Weld JPA .................................. SKIPPED
[INFO] WildFly: Weld Bean Validation ...................... SKIPPED
[INFO] WildFly: Weld Webservices .......................... SKIPPED
[INFO] WildFly: Weld Transactions ......................... SKIPPED
[INFO] WildFly: XTS Subsystem ............................. SKIPPED
[INFO] WildFly: Observability modules ..................... SKIPPED
[INFO] WildFly: OpenTelemetry API ......................... SKIPPED
[INFO] WildFly: Base OpenTelemetry Extension .............. SKIPPED
[INFO] wildfly-ee-feature-pack-parent ..................... SKIPPED
[INFO] WildFly: EE Feature Pack Common Resources .......... SKIPPED
[INFO] WildFly: EE Feature Pack EE 8 API Resources ........ SKIPPED
[INFO] wildfly-ee-feature-pack-galleon-common ............. SKIPPED
[INFO] wildfly-ee-feature-pack-galleon-content ............ SKIPPED
[INFO] jipijapa Hibernate 5.1.x (JPA 2.1) integration ..... SKIPPED
[INFO] jipijapa OpenJPA integration ....................... SKIPPED
[INFO] WildFly: JacORB Subsystem .......................... SKIPPED
[INFO] WildFly: JSR-77 Subsystem .......................... SKIPPED
[INFO] WildFly: (Legacy) Messaging Subsystem .............. SKIPPED
[INFO] WildFly: PicketLink Subsystem ...................... SKIPPED
[INFO] WildFly: Web Subsystem ............................. SKIPPED
[INFO] WildFly: EE Feature Pack Pruned Resources .......... SKIPPED
[INFO] WildFly: EE Full Galleon Pack ...................... SKIPPED
[INFO] WildFly: MicroProfile modules ...................... SKIPPED
[INFO] WildFly: MicroProfile Config Extension With SmallRye SKIPPED
[INFO] WildFly: MicroProfile Fault Tolerance modules ...... SKIPPED
[INFO] WildFly: MicroProfile Fault Tolerance - Executor ... SKIPPED
[INFO] WildFly: MicroProfile Fault Tolerance - Extension .. SKIPPED
[INFO] WildFly: MicroProfile Health Extension With SmallRye SKIPPED
[INFO] WildFly: MicroProfile JWT Extension With SmallRye .. SKIPPED
[INFO] WildFly: MicroProfile Metrics Extension With SmallRye SKIPPED
[INFO] WildFly: MicroProfile OpenAPI Extension With SmallRye SKIPPED
[INFO] WildFly: MicroProfile Reactive Messaging Parent .... SKIPPED
[INFO] WildFly: MicroProfile Reactive Messaging Common .... SKIPPED
[INFO] WildFly: MicroProfile Reactive Messaging Config .... SKIPPED
[INFO] WildFly: MicroProfile Reactive Messaging Kakfa ..... SKIPPED
[INFO] WildFly: MicroProfile Reactive Messaging Extension With SmallRye SKIPPED
[INFO] WildFly: MicroProfile Reactive Streams Operators Parent SKIPPED
[INFO] WildFly: MicroProfile Reactive Streams Operators Extension With SmallRye SKIPPED
[INFO] WildFly: MicroProfile Reactive Streams Operators CDI Provider SKIPPED
[INFO] WildFly: MicroProfile OpenTracing with SmallRye .... SKIPPED
[INFO] WildFly: MicroProfile OpenTracing Extension ........ SKIPPED
[INFO] WildFly: Galleon Pack MicroProfile Common .......... SKIPPED
[INFO] WildFly: Elytron OpenID Connect Client Parent ...... SKIPPED
[INFO] WildFly: Elytron OpenID Connect Client Extension ... SKIPPED
[INFO] WildFly: Galleon Pack OpenID Connect Common ........ SKIPPED
[INFO] wildfly-feature-pack-parent ........................ SKIPPED
[INFO] wildfly-feature-pack-galleon-content ............... SKIPPED
[INFO] WildFly: Galleon Pack .............................. SKIPPED
[INFO] WildFly Test Suite: Shared ......................... SKIPPED
[INFO] WildFly: Distribution .............................. SKIPPED
[INFO] ------------------------------------------------------------------------
[INFO] BUILD FAILURE
[INFO] ------------------------------------------------------------------------
[INFO] Total time:  6.593 s
[INFO] Finished at: 2026-08-15T17:09:42-04:00
[INFO] ------------------------------------------------------------------------
[ERROR] Failed to execute goal org.apache.maven.plugins:maven-compiler-plugin:3.8.1:compile (default-compile) on project wildfly-clustering-context: Fatal error compiling: invalid target release: 11 -> [Help 1]
[ERROR] 
[ERROR] To see the full stack trace of the errors, re-run Maven with the -e switch.
[ERROR] Re-run Maven using the -X switch to enable full debug logging.
[ERROR] 
[ERROR] For more information about the errors and possible solutions, please read the following articles:
[ERROR] [Help 1] http://cwiki.apache.org/confluence/display/MAVEN/MojoExecutionException
[ERROR] 
[ERROR] After correcting the problems, you can resume the build with the command
[ERROR]   mvn <args> -rf :wildfly-clustering-context
