JAVA_HOME=/usr/lib/jvm/java-8-openjdk-amd64
COMMAND=bash /home/srafi/after-cam-ready/compare_/compile_repair_output/work/ecd9c4393d07/mvnw -B clean install -DskipTests -U -Ddependency-check.skip=true -Dgpg.skip=true -DfailIfNoTests=false -Dskip.installnodenpm=true -Dskip.npm=true -Dskip.yarn=true -Dlicense.skip=true -Dcheckstyle.skip=true -Drat.skip=true -Denforcer.skip=true -Danimal.sniffer.skip=true -Dmaven.javadoc.skip=true -Dfindbugs.skip=true -Dspotbugs.skip=true -Dwarbucks.skip=true -Dmodernizer.skip=true -Dimpsort.skip=true -Dmdep.analyze.skip=true -Dpgpverify.skip=true -Dxml.skip=true -Dcobertura.skip=true

[INFO] Scanning for projects...
[INFO] 
[INFO] ------------------------< net.hydromatic:morel >------------------------
[INFO] Building morel 0.4.0-SNAPSHOT
[INFO] --------------------------------[ jar ]---------------------------------
[INFO] Downloading from central: https://repo.maven.apache.org/maven2/net/hydromatic/foodmart-data-hsqldb/0.5/foodmart-data-hsqldb-0.5.pom
[INFO] Downloaded from central: https://repo.maven.apache.org/maven2/net/hydromatic/foodmart-data-hsqldb/0.5/foodmart-data-hsqldb-0.5.pom (0 B at 0 B/s)
[INFO] Downloading from central: https://repo.maven.apache.org/maven2/net/hydromatic/scott-data-hsqldb/0.2/scott-data-hsqldb-0.2.pom
[INFO] Downloaded from central: https://repo.maven.apache.org/maven2/net/hydromatic/scott-data-hsqldb/0.2/scott-data-hsqldb-0.2.pom (0 B at 0 B/s)
[INFO] Downloading from central: https://repo.maven.apache.org/maven2/org/apache/calcite/calcite-core/1.36.0/calcite-core-1.36.0.pom
[INFO] Downloaded from central: https://repo.maven.apache.org/maven2/org/apache/calcite/calcite-core/1.36.0/calcite-core-1.36.0.pom (8.8 kB at 145 kB/s)
[INFO] Downloading from central: https://repo.maven.apache.org/maven2/org/apache/calcite/calcite-linq4j/1.36.0/calcite-linq4j-1.36.0.pom
[INFO] Downloaded from central: https://repo.maven.apache.org/maven2/org/apache/calcite/calcite-linq4j/1.36.0/calcite-linq4j-1.36.0.pom (2.7 kB at 21 kB/s)
[INFO] Downloading from central: https://repo.maven.apache.org/maven2/org/apache/calcite/avatica/avatica-core/1.23.0/avatica-core-1.23.0.pom
[INFO] Downloaded from central: https://repo.maven.apache.org/maven2/org/apache/calcite/avatica/avatica-core/1.23.0/avatica-core-1.23.0.pom (0 B at 0 B/s)
[INFO] Downloading from central: https://repo.maven.apache.org/maven2/org/apache/calcite/avatica/avatica-metrics/1.23.0/avatica-metrics-1.23.0.pom
[INFO] Downloaded from central: https://repo.maven.apache.org/maven2/org/apache/calcite/avatica/avatica-metrics/1.23.0/avatica-metrics-1.23.0.pom (0 B at 0 B/s)
[INFO] Downloading from central: https://repo.maven.apache.org/maven2/org/locationtech/proj4j/proj4j/1.2.2/proj4j-1.2.2.pom
[INFO] Downloaded from central: https://repo.maven.apache.org/maven2/org/locationtech/proj4j/proj4j/1.2.2/proj4j-1.2.2.pom (0 B at 0 B/s)
[INFO] Downloading from central: https://repo.maven.apache.org/maven2/com/fasterxml/jackson/dataformat/jackson-dataformat-yaml/2.15.0/jackson-dataformat-yaml-2.15.0.pom
[INFO] Downloaded from central: https://repo.maven.apache.org/maven2/com/fasterxml/jackson/dataformat/jackson-dataformat-yaml/2.15.0/jackson-dataformat-yaml-2.15.0.pom (2.6 kB at 56 kB/s)
[INFO] Downloading from central: https://repo.maven.apache.org/maven2/com/fasterxml/jackson/dataformat/jackson-dataformats-text/2.15.0/jackson-dataformats-text-2.15.0.pom
[INFO] Downloaded from central: https://repo.maven.apache.org/maven2/com/fasterxml/jackson/dataformat/jackson-dataformats-text/2.15.0/jackson-dataformats-text-2.15.0.pom (3.5 kB at 77 kB/s)
[INFO] Downloading from central: https://repo.maven.apache.org/maven2/org/codehaus/janino/commons-compiler/3.1.9/commons-compiler-3.1.9.pom
[INFO] Downloaded from central: https://repo.maven.apache.org/maven2/org/codehaus/janino/commons-compiler/3.1.9/commons-compiler-3.1.9.pom (0 B at 0 B/s)
[INFO] Downloading from central: https://repo.maven.apache.org/maven2/org/codehaus/janino/janino-parent/3.1.9/janino-parent-3.1.9.pom
[INFO] Downloaded from central: https://repo.maven.apache.org/maven2/org/codehaus/janino/janino-parent/3.1.9/janino-parent-3.1.9.pom (0 B at 0 B/s)
[INFO] Downloading from central: https://repo.maven.apache.org/maven2/org/codehaus/janino/janino/3.1.9/janino-3.1.9.pom
[INFO] Downloaded from central: https://repo.maven.apache.org/maven2/org/codehaus/janino/janino/3.1.9/janino-3.1.9.pom (0 B at 0 B/s)
[INFO] Downloading from central: https://repo.maven.apache.org/maven2/org/hsqldb/hsqldb/2.7.2/hsqldb-2.7.2.pom
[INFO] Downloaded from central: https://repo.maven.apache.org/maven2/org/hsqldb/hsqldb/2.7.2/hsqldb-2.7.2.pom (1.4 kB at 34 kB/s)
[INFO] Downloading from central: https://repo.maven.apache.org/maven2/org/incava/java-diff/1.1.2/java-diff-1.1.2.pom
[INFO] Downloaded from central: https://repo.maven.apache.org/maven2/org/incava/java-diff/1.1.2/java-diff-1.1.2.pom (0 B at 0 B/s)
[INFO] Downloading from central: https://repo.maven.apache.org/maven2/net/hydromatic/foodmart-data-hsqldb/0.5/foodmart-data-hsqldb-0.5.jar
[INFO] Downloading from central: https://repo.maven.apache.org/maven2/net/hydromatic/scott-data-hsqldb/0.2/scott-data-hsqldb-0.2.jar
[INFO] Downloading from central: https://repo.maven.apache.org/maven2/org/apache/calcite/calcite-core/1.36.0/calcite-core-1.36.0.jar
[INFO] Downloading from central: https://repo.maven.apache.org/maven2/org/apache/calcite/calcite-linq4j/1.36.0/calcite-linq4j-1.36.0.jar
[INFO] Downloading from central: https://repo.maven.apache.org/maven2/org/locationtech/proj4j/proj4j/1.2.2/proj4j-1.2.2.jar
[INFO] Downloaded from central: https://repo.maven.apache.org/maven2/net/hydromatic/foodmart-data-hsqldb/0.5/foodmart-data-hsqldb-0.5.jar (0 B at 0 B/s)
[INFO] Downloading from central: https://repo.maven.apache.org/maven2/org/apache/calcite/avatica/avatica-core/1.23.0/avatica-core-1.23.0.jar
[INFO] Downloaded from central: https://repo.maven.apache.org/maven2/org/apache/calcite/avatica/avatica-core/1.23.0/avatica-core-1.23.0.jar (0 B at 0 B/s)
[INFO] Downloading from central: https://repo.maven.apache.org/maven2/org/apache/calcite/avatica/avatica-metrics/1.23.0/avatica-metrics-1.23.0.jar
[INFO] Downloaded from central: https://repo.maven.apache.org/maven2/net/hydromatic/scott-data-hsqldb/0.2/scott-data-hsqldb-0.2.jar (0 B at 0 B/s)
[INFO] Downloading from central: https://repo.maven.apache.org/maven2/com/fasterxml/jackson/dataformat/jackson-dataformat-yaml/2.15.0/jackson-dataformat-yaml-2.15.0.jar
[INFO] Downloaded from central: https://repo.maven.apache.org/maven2/org/locationtech/proj4j/proj4j/1.2.2/proj4j-1.2.2.jar (0 B at 0 B/s)
[INFO] Downloading from central: https://repo.maven.apache.org/maven2/org/codehaus/janino/commons-compiler/3.1.9/commons-compiler-3.1.9.jar
[INFO] Downloaded from central: https://repo.maven.apache.org/maven2/org/apache/calcite/avatica/avatica-metrics/1.23.0/avatica-metrics-1.23.0.jar (0 B at 0 B/s)
[INFO] Downloading from central: https://repo.maven.apache.org/maven2/org/codehaus/janino/janino/3.1.9/janino-3.1.9.jar
[INFO] Downloaded from central: https://repo.maven.apache.org/maven2/org/codehaus/janino/commons-compiler/3.1.9/commons-compiler-3.1.9.jar (0 B at 0 B/s)
[INFO] Downloading from central: https://repo.maven.apache.org/maven2/org/hsqldb/hsqldb/2.7.2/hsqldb-2.7.2.jar
[INFO] Downloaded from central: https://repo.maven.apache.org/maven2/org/codehaus/janino/janino/3.1.9/janino-3.1.9.jar (0 B at 0 B/s)
[INFO] Downloading from central: https://repo.maven.apache.org/maven2/org/incava/java-diff/1.1.2/java-diff-1.1.2.jar
[INFO] Downloaded from central: https://repo.maven.apache.org/maven2/com/fasterxml/jackson/dataformat/jackson-dataformat-yaml/2.15.0/jackson-dataformat-yaml-2.15.0.jar (55 kB at 683 kB/s)
[INFO] Downloaded from central: https://repo.maven.apache.org/maven2/org/apache/calcite/calcite-linq4j/1.36.0/calcite-linq4j-1.36.0.jar (510 kB at 6.2 MB/s)
[INFO] Downloaded from central: https://repo.maven.apache.org/maven2/org/incava/java-diff/1.1.2/java-diff-1.1.2.jar (0 B at 0 B/s)
[INFO] Downloaded from central: https://repo.maven.apache.org/maven2/org/hsqldb/hsqldb/2.7.2/hsqldb-2.7.2.jar (1.6 MB at 11 MB/s)
[INFO] Downloaded from central: https://repo.maven.apache.org/maven2/org/apache/calcite/calcite-core/1.36.0/calcite-core-1.36.0.jar (7.9 MB at 34 MB/s)
[INFO] 
[INFO] --- maven-clean-plugin:2.5:clean (default-clean) @ morel ---
[INFO] 
[INFO] --- maven-checkstyle-plugin:3.3.1:check (validate) @ morel ---
[INFO] Downloading from central: https://repo.maven.apache.org/maven2/com/puppycrawl/tools/checkstyle/10.12.4/checkstyle-10.12.4.pom
[INFO] Downloaded from central: https://repo.maven.apache.org/maven2/com/puppycrawl/tools/checkstyle/10.12.4/checkstyle-10.12.4.pom (232 kB at 6.1 MB/s)
[INFO] Downloading from central: https://repo.maven.apache.org/maven2/info/picocli/picocli/4.7.5/picocli-4.7.5.pom
[INFO] Downloaded from central: https://repo.maven.apache.org/maven2/info/picocli/picocli/4.7.5/picocli-4.7.5.pom (0 B at 0 B/s)
[INFO] Downloading from central: https://repo.maven.apache.org/maven2/org/antlr/antlr4-runtime/4.13.1/antlr4-runtime-4.13.1.pom
[INFO] Downloaded from central: https://repo.maven.apache.org/maven2/org/antlr/antlr4-runtime/4.13.1/antlr4-runtime-4.13.1.pom (0 B at 0 B/s)
[INFO] Downloading from central: https://repo.maven.apache.org/maven2/org/antlr/antlr4-master/4.13.1/antlr4-master-4.13.1.pom
[INFO] Downloaded from central: https://repo.maven.apache.org/maven2/org/antlr/antlr4-master/4.13.1/antlr4-master-4.13.1.pom (0 B at 0 B/s)
[INFO] Downloading from central: https://repo.maven.apache.org/maven2/net/sf/saxon/Saxon-HE/12.3/Saxon-HE-12.3.pom
[INFO] Downloaded from central: https://repo.maven.apache.org/maven2/net/sf/saxon/Saxon-HE/12.3/Saxon-HE-12.3.pom (0 B at 0 B/s)
[INFO] Downloading from central: https://repo.maven.apache.org/maven2/org/xmlresolver/xmlresolver/5.2.0/xmlresolver-5.2.0.pom
[INFO] Downloaded from central: https://repo.maven.apache.org/maven2/org/xmlresolver/xmlresolver/5.2.0/xmlresolver-5.2.0.pom (0 B at 0 B/s)
[INFO] Downloading from central: https://repo.maven.apache.org/maven2/org/apache/maven/doxia/doxia-core/1.12.0/doxia-core-1.12.0.pom
[INFO] Downloaded from central: https://repo.maven.apache.org/maven2/org/apache/maven/doxia/doxia-core/1.12.0/doxia-core-1.12.0.pom (0 B at 0 B/s)
[INFO] Downloading from central: https://repo.maven.apache.org/maven2/org/apache/maven/doxia/doxia/1.12.0/doxia-1.12.0.pom
[INFO] Downloaded from central: https://repo.maven.apache.org/maven2/org/apache/maven/doxia/doxia/1.12.0/doxia-1.12.0.pom (0 B at 0 B/s)
[INFO] Downloading from central: https://repo.maven.apache.org/maven2/org/apache/maven/doxia/doxia-sink-api/1.12.0/doxia-sink-api-1.12.0.pom
[INFO] Downloaded from central: https://repo.maven.apache.org/maven2/org/apache/maven/doxia/doxia-sink-api/1.12.0/doxia-sink-api-1.12.0.pom (0 B at 0 B/s)
[INFO] Downloading from central: https://repo.maven.apache.org/maven2/org/apache/maven/doxia/doxia-logging-api/1.12.0/doxia-logging-api-1.12.0.pom
[INFO] Downloaded from central: https://repo.maven.apache.org/maven2/org/apache/maven/doxia/doxia-logging-api/1.12.0/doxia-logging-api-1.12.0.pom (0 B at 0 B/s)
[INFO] Downloading from central: https://repo.maven.apache.org/maven2/org/apache/maven/doxia/doxia-module-xdoc/1.12.0/doxia-module-xdoc-1.12.0.pom
[INFO] Downloaded from central: https://repo.maven.apache.org/maven2/org/apache/maven/doxia/doxia-module-xdoc/1.12.0/doxia-module-xdoc-1.12.0.pom (0 B at 0 B/s)
[INFO] Downloading from central: https://repo.maven.apache.org/maven2/org/apache/maven/doxia/doxia-modules/1.12.0/doxia-modules-1.12.0.pom
[INFO] Downloaded from central: https://repo.maven.apache.org/maven2/org/apache/maven/doxia/doxia-modules/1.12.0/doxia-modules-1.12.0.pom (0 B at 0 B/s)
[INFO] Downloading from central: https://repo.maven.apache.org/maven2/com/puppycrawl/tools/checkstyle/10.12.4/checkstyle-10.12.4.jar
[INFO] Downloading from central: https://repo.maven.apache.org/maven2/info/picocli/picocli/4.7.5/picocli-4.7.5.jar
[INFO] Downloading from central: https://repo.maven.apache.org/maven2/org/antlr/antlr4-runtime/4.13.1/antlr4-runtime-4.13.1.jar
[INFO] Downloading from central: https://repo.maven.apache.org/maven2/net/sf/saxon/Saxon-HE/12.3/Saxon-HE-12.3.jar
[INFO] Downloading from central: https://repo.maven.apache.org/maven2/org/xmlresolver/xmlresolver/5.2.0/xmlresolver-5.2.0.jar
[INFO] Downloaded from central: https://repo.maven.apache.org/maven2/info/picocli/picocli/4.7.5/picocli-4.7.5.jar (0 B at 0 B/s)
[INFO] Downloading from central: https://repo.maven.apache.org/maven2/org/xmlresolver/xmlresolver/5.2.0/xmlresolver-5.2.0-data.jar
[INFO] Downloaded from central: https://repo.maven.apache.org/maven2/org/xmlresolver/xmlresolver/5.2.0/xmlresolver-5.2.0.jar (0 B at 0 B/s)
[INFO] Downloading from central: https://repo.maven.apache.org/maven2/org/apache/maven/doxia/doxia-module-xdoc/1.12.0/doxia-module-xdoc-1.12.0.jar
[INFO] Downloaded from central: https://repo.maven.apache.org/maven2/org/antlr/antlr4-runtime/4.13.1/antlr4-runtime-4.13.1.jar (0 B at 0 B/s)
[INFO] Downloaded from central: https://repo.maven.apache.org/maven2/org/xmlresolver/xmlresolver/5.2.0/xmlresolver-5.2.0-data.jar (0 B at 0 B/s)
[INFO] Downloaded from central: https://repo.maven.apache.org/maven2/org/apache/maven/doxia/doxia-module-xdoc/1.12.0/doxia-module-xdoc-1.12.0.jar (0 B at 0 B/s)
[INFO] Downloaded from central: https://repo.maven.apache.org/maven2/net/sf/saxon/Saxon-HE/12.3/Saxon-HE-12.3.jar (0 B at 0 B/s)
[INFO] Downloaded from central: https://repo.maven.apache.org/maven2/com/puppycrawl/tools/checkstyle/10.12.4/checkstyle-10.12.4.jar (2.1 MB at 31 MB/s)
[WARNING] Error injecting: org.apache.maven.plugins.checkstyle.CheckstyleViolationCheckMojo
java.lang.UnsupportedClassVersionError: com/puppycrawl/tools/checkstyle/api/AuditListener has been compiled by a more recent version of the Java Runtime (class file version 55.0), this version of the Java Runtime only recognizes class file versions up to 52.0
    at java.lang.ClassLoader.defineClass1 (Native Method)
    at java.lang.ClassLoader.defineClass (ClassLoader.java:756)
    at java.security.SecureClassLoader.defineClass (SecureClassLoader.java:142)
    at java.net.URLClassLoader.defineClass (URLClassLoader.java:473)
    at java.net.URLClassLoader.access$100 (URLClassLoader.java:74)
    at java.net.URLClassLoader$1.run (URLClassLoader.java:369)
    at java.net.URLClassLoader$1.run (URLClassLoader.java:363)
    at java.security.AccessController.doPrivileged (Native Method)
    at java.net.URLClassLoader.findClass (URLClassLoader.java:362)
    at org.codehaus.plexus.classworlds.realm.ClassRealm.loadClassFromSelf (ClassRealm.java:425)
    at org.codehaus.plexus.classworlds.strategy.SelfFirstStrategy.loadClass (SelfFirstStrategy.java:42)
    at org.codehaus.plexus.classworlds.realm.ClassRealm.unsynchronizedLoadClass (ClassRealm.java:271)
    at org.codehaus.plexus.classworlds.realm.ClassRealm.loadClass (ClassRealm.java:247)
    at org.codehaus.plexus.classworlds.realm.ClassRealm.loadClass (ClassRealm.java:239)
    at java.lang.Class.getDeclaredConstructors0 (Native Method)
    at java.lang.Class.privateGetDeclaredConstructors (Class.java:2671)
    at java.lang.Class.getDeclaredConstructors (Class.java:2020)
    at com.google.inject.spi.InjectionPoint.forConstructorOf (InjectionPoint.java:245)
    at com.google.inject.internal.ConstructorBindingImpl.create (ConstructorBindingImpl.java:115)
    at com.google.inject.internal.InjectorImpl.createUninitializedBinding (InjectorImpl.java:706)
    at com.google.inject.internal.InjectorImpl.createJustInTimeBinding (InjectorImpl.java:930)
    at com.google.inject.internal.InjectorImpl.createJustInTimeBindingRecursive (InjectorImpl.java:852)
    at com.google.inject.internal.InjectorImpl.getJustInTimeBinding (InjectorImpl.java:291)
    at com.google.inject.internal.InjectorImpl.getBindingOrThrow (InjectorImpl.java:222)
    at com.google.inject.internal.InjectorImpl.getProviderOrThrow (InjectorImpl.java:1040)
    at com.google.inject.internal.InjectorImpl.getProvider (InjectorImpl.java:1071)
    at com.google.inject.internal.InjectorImpl.getProvider (InjectorImpl.java:1034)
    at com.google.inject.internal.InjectorImpl.getInstance (InjectorImpl.java:1086)
    at org.eclipse.sisu.space.AbstractDeferredClass.get (AbstractDeferredClass.java:48)
    at com.google.inject.internal.ProviderInternalFactory.provision (ProviderInternalFactory.java:85)
    at com.google.inject.internal.InternalFactoryToInitializableAdapter.provision (InternalFactoryToInitializableAdapter.java:57)
    at com.google.inject.internal.ProviderInternalFactory$1.call (ProviderInternalFactory.java:66)
    at com.google.inject.internal.ProvisionListenerStackCallback$Provision.provision (ProvisionListenerStackCallback.java:112)
    at com.google.inject.internal.ProvisionListenerStackCallback$Provision.provision (ProvisionListenerStackCallback.java:127)
    at com.google.inject.internal.ProvisionListenerStackCallback.provision (ProvisionListenerStackCallback.java:66)
    at com.google.inject.internal.ProviderInternalFactory.circularGet (ProviderInternalFactory.java:61)
    at com.google.inject.internal.InternalFactoryToInitializableAdapter.get (InternalFactoryToInitializableAdapter.java:47)
    at com.google.inject.internal.InjectorImpl$1.get (InjectorImpl.java:1050)
    at org.eclipse.sisu.inject.Guice4$1.get (Guice4.java:162)
    at org.eclipse.sisu.inject.LazyBeanEntry.getValue (LazyBeanEntry.java:81)
    at org.eclipse.sisu.plexus.LazyPlexusBean.getValue (LazyPlexusBean.java:51)
    at org.codehaus.plexus.DefaultPlexusContainer.lookup (DefaultPlexusContainer.java:263)
    at org.codehaus.plexus.DefaultPlexusContainer.lookup (DefaultPlexusContainer.java:255)
    at org.apache.maven.plugin.internal.DefaultMavenPluginManager.getConfiguredMojo (DefaultMavenPluginManager.java:520)
    at org.apache.maven.plugin.DefaultBuildPluginManager.executeMojo (DefaultBuildPluginManager.java:124)
    at org.apache.maven.lifecycle.internal.MojoExecutor.execute (MojoExecutor.java:210)
    at org.apache.maven.lifecycle.internal.MojoExecutor.execute (MojoExecutor.java:156)
    at org.apache.maven.lifecycle.internal.MojoExecutor.execute (MojoExecutor.java:148)
    at org.apache.maven.lifecycle.internal.LifecycleModuleBuilder.buildProject (LifecycleModuleBuilder.java:117)
    at org.apache.maven.lifecycle.internal.LifecycleModuleBuilder.buildProject (LifecycleModuleBuilder.java:81)
    at org.apache.maven.lifecycle.internal.builder.singlethreaded.SingleThreadedBuilder.build (SingleThreadedBuilder.java:56)
    at org.apache.maven.lifecycle.internal.LifecycleStarter.execute (LifecycleStarter.java:128)
    at org.apache.maven.DefaultMaven.doExecute (DefaultMaven.java:305)
    at org.apache.maven.DefaultMaven.doExecute (DefaultMaven.java:192)
    at org.apache.maven.DefaultMaven.execute (DefaultMaven.java:105)
    at org.apache.maven.cli.MavenCli.execute (MavenCli.java:972)
    at org.apache.maven.cli.MavenCli.doMain (MavenCli.java:293)
    at org.apache.maven.cli.MavenCli.main (MavenCli.java:196)
    at sun.reflect.NativeMethodAccessorImpl.invoke0 (Native Method)
    at sun.reflect.NativeMethodAccessorImpl.invoke (NativeMethodAccessorImpl.java:62)
    at sun.reflect.DelegatingMethodAccessorImpl.invoke (DelegatingMethodAccessorImpl.java:43)
    at java.lang.reflect.Method.invoke (Method.java:498)
    at org.codehaus.plexus.classworlds.launcher.Launcher.launchEnhanced (Launcher.java:282)
    at org.codehaus.plexus.classworlds.launcher.Launcher.launch (Launcher.java:225)
    at org.codehaus.plexus.classworlds.launcher.Launcher.mainWithExitCode (Launcher.java:406)
    at org.codehaus.plexus.classworlds.launcher.Launcher.main (Launcher.java:347)
    at sun.reflect.NativeMethodAccessorImpl.invoke0 (Native Method)
    at sun.reflect.NativeMethodAccessorImpl.invoke (NativeMethodAccessorImpl.java:62)
    at sun.reflect.DelegatingMethodAccessorImpl.invoke (DelegatingMethodAccessorImpl.java:43)
    at java.lang.reflect.Method.invoke (Method.java:498)
    at org.apache.maven.wrapper.BootstrapMainStarter.start (BootstrapMainStarter.java:39)
    at org.apache.maven.wrapper.WrapperExecutor.execute (WrapperExecutor.java:122)
    at org.apache.maven.wrapper.MavenWrapperMain.main (MavenWrapperMain.java:55)
[INFO] ------------------------------------------------------------------------
[INFO] BUILD FAILURE
[INFO] ------------------------------------------------------------------------
[INFO] Total time:  2.124 s
[INFO] Finished at: 2026-08-15T16:27:09-04:00
[INFO] ------------------------------------------------------------------------
[ERROR] Failed to execute goal org.apache.maven.plugins:maven-checkstyle-plugin:3.3.1:check (validate) on project morel: Execution validate of goal org.apache.maven.plugins:maven-checkstyle-plugin:3.3.1:check failed: An API incompatibility was encountered while executing org.apache.maven.plugins:maven-checkstyle-plugin:3.3.1:check: java.lang.UnsupportedClassVersionError: com/puppycrawl/tools/checkstyle/api/AuditListener has been compiled by a more recent version of the Java Runtime (class file version 55.0), this version of the Java Runtime only recognizes class file versions up to 52.0
[ERROR] -----------------------------------------------------
[ERROR] realm =    plugin>org.apache.maven.plugins:maven-checkstyle-plugin:3.3.1
[ERROR] strategy = org.codehaus.plexus.classworlds.strategy.SelfFirstStrategy
[ERROR] urls[0] = file:/home/srafi/.m2/repository/org/apache/maven/plugins/maven-checkstyle-plugin/3.3.1/maven-checkstyle-plugin-3.3.1.jar
[ERROR] urls[1] = file:/home/srafi/.m2/repository/com/puppycrawl/tools/checkstyle/10.12.4/checkstyle-10.12.4.jar
[ERROR] urls[2] = file:/home/srafi/.m2/repository/info/picocli/picocli/4.7.5/picocli-4.7.5.jar
[ERROR] urls[3] = file:/home/srafi/.m2/repository/org/antlr/antlr4-runtime/4.13.1/antlr4-runtime-4.13.1.jar
[ERROR] urls[4] = file:/home/srafi/.m2/repository/commons-beanutils/commons-beanutils/1.9.4/commons-beanutils-1.9.4.jar
[ERROR] urls[5] = file:/home/srafi/.m2/repository/commons-logging/commons-logging/1.2/commons-logging-1.2.jar
[ERROR] urls[6] = file:/home/srafi/.m2/repository/commons-collections/commons-collections/3.2.2/commons-collections-3.2.2.jar
[ERROR] urls[7] = file:/home/srafi/.m2/repository/com/google/guava/guava/32.0.1-jre/guava-32.0.1-jre.jar
[ERROR] urls[8] = file:/home/srafi/.m2/repository/com/google/guava/failureaccess/1.0.1/failureaccess-1.0.1.jar
[ERROR] urls[9] = file:/home/srafi/.m2/repository/com/google/guava/listenablefuture/9999.0-empty-to-avoid-conflict-with-guava/listenablefuture-9999.0-empty-to-avoid-conflict-with-guava.jar
[ERROR] urls[10] = file:/home/srafi/.m2/repository/com/google/code/findbugs/jsr305/3.0.2/jsr305-3.0.2.jar
[ERROR] urls[11] = file:/home/srafi/.m2/repository/com/google/errorprone/error_prone_annotations/2.18.0/error_prone_annotations-2.18.0.jar
[ERROR] urls[12] = file:/home/srafi/.m2/repository/com/google/j2objc/j2objc-annotations/2.8/j2objc-annotations-2.8.jar
[ERROR] urls[13] = file:/home/srafi/.m2/repository/org/reflections/reflections/0.10.2/reflections-0.10.2.jar
[ERROR] urls[14] = file:/home/srafi/.m2/repository/org/javassist/javassist/3.28.0-GA/javassist-3.28.0-GA.jar
[ERROR] urls[15] = file:/home/srafi/.m2/repository/net/sf/saxon/Saxon-HE/12.3/Saxon-HE-12.3.jar
[ERROR] urls[16] = file:/home/srafi/.m2/repository/org/xmlresolver/xmlresolver/5.2.0/xmlresolver-5.2.0.jar
[ERROR] urls[17] = file:/home/srafi/.m2/repository/org/apache/httpcomponents/client5/httpclient5/5.1.3/httpclient5-5.1.3.jar
[ERROR] urls[18] = file:/home/srafi/.m2/repository/org/apache/httpcomponents/core5/httpcore5-h2/5.1.3/httpcore5-h2-5.1.3.jar
[ERROR] urls[19] = file:/home/srafi/.m2/repository/org/apache/httpcomponents/core5/httpcore5/5.1.3/httpcore5-5.1.3.jar
[ERROR] urls[20] = file:/home/srafi/.m2/repository/org/xmlresolver/xmlresolver/5.2.0/xmlresolver-5.2.0-data.jar
[ERROR] urls[21] = file:/home/srafi/.m2/repository/org/checkerframework/checker-qual/3.27.0/checker-qual-3.27.0.jar
[ERROR] urls[22] = file:/home/srafi/.m2/repository/org/apache/maven/doxia/doxia-module-xdoc/1.12.0/doxia-module-xdoc-1.12.0.jar
[ERROR] urls[23] = file:/home/srafi/.m2/repository/org/apache/maven/reporting/maven-reporting-api/3.1.1/maven-reporting-api-3.1.1.jar
[ERROR] urls[24] = file:/home/srafi/.m2/repository/org/apache/maven/reporting/maven-reporting-impl/3.2.0/maven-reporting-impl-3.2.0.jar
[ERROR] urls[25] = file:/home/srafi/.m2/repository/org/eclipse/aether/aether-util/0.9.0.M2/aether-util-0.9.0.M2.jar
[ERROR] urls[26] = file:/home/srafi/.m2/repository/javax/enterprise/cdi-api/1.2/cdi-api-1.2.jar
[ERROR] urls[27] = file:/home/srafi/.m2/repository/org/eclipse/sisu/org.eclipse.sisu.inject/0.9.0.M2/org.eclipse.sisu.inject-0.9.0.M2.jar
[ERROR] urls[28] = file:/home/srafi/.m2/repository/org/sonatype/plexus/plexus-sec-dispatcher/1.3/plexus-sec-dispatcher-1.3.jar
[ERROR] urls[29] = file:/home/srafi/.m2/repository/org/sonatype/plexus/plexus-cipher/1.4/plexus-cipher-1.4.jar
[ERROR] urls[30] = file:/home/srafi/.m2/repository/org/apache/maven/shared/maven-shared-utils/3.3.4/maven-shared-utils-3.3.4.jar
[ERROR] urls[31] = file:/home/srafi/.m2/repository/org/apache/maven/doxia/doxia-decoration-model/1.11.1/doxia-decoration-model-1.11.1.jar
[ERROR] urls[32] = file:/home/srafi/.m2/repository/org/apache/maven/doxia/doxia-site-renderer/1.11.1/doxia-site-renderer-1.11.1.jar
[ERROR] urls[33] = file:/home/srafi/.m2/repository/org/apache/maven/doxia/doxia-skin-model/1.11.1/doxia-skin-model-1.11.1.jar
[ERROR] urls[34] = file:/home/srafi/.m2/repository/org/apache/maven/doxia/doxia-module-xhtml/1.11.1/doxia-module-xhtml-1.11.1.jar
[ERROR] urls[35] = file:/home/srafi/.m2/repository/org/apache/maven/doxia/doxia-module-xhtml5/1.11.1/doxia-module-xhtml5-1.11.1.jar
[ERROR] urls[36] = file:/home/srafi/.m2/repository/org/codehaus/plexus/plexus-velocity/1.2/plexus-velocity-1.2.jar
[ERROR] urls[37] = file:/home/srafi/.m2/repository/org/apache/velocity/velocity/1.7/velocity-1.7.jar
[ERROR] urls[38] = file:/home/srafi/.m2/repository/commons-lang/commons-lang/2.4/commons-lang-2.4.jar
[ERROR] urls[39] = file:/home/srafi/.m2/repository/org/apache/velocity/velocity-tools/2.0/velocity-tools-2.0.jar
[ERROR] urls[40] = file:/home/srafi/.m2/repository/commons-digester/commons-digester/1.8/commons-digester-1.8.jar
[ERROR] urls[41] = file:/home/srafi/.m2/repository/commons-chain/commons-chain/1.1/commons-chain-1.1.jar
[ERROR] urls[42] = file:/home/srafi/.m2/repository/dom4j/dom4j/1.1/dom4j-1.1.jar
[ERROR] urls[43] = file:/home/srafi/.m2/repository/oro/oro/2.0.8/oro-2.0.8.jar
[ERROR] urls[44] = file:/home/srafi/.m2/repository/org/apache/maven/doxia/doxia-sink-api/1.11.1/doxia-sink-api-1.11.1.jar
[ERROR] urls[45] = file:/home/srafi/.m2/repository/org/apache/maven/doxia/doxia-logging-api/1.11.1/doxia-logging-api-1.11.1.jar
[ERROR] urls[46] = file:/home/srafi/.m2/repository/org/apache/maven/doxia/doxia-core/1.11.1/doxia-core-1.11.1.jar
[ERROR] urls[47] = file:/home/srafi/.m2/repository/org/apache/xbean/xbean-reflect/3.7/xbean-reflect-3.7.jar
[ERROR] urls[48] = file:/home/srafi/.m2/repository/com/google/collections/google-collections/1.0/google-collections-1.0.jar
[ERROR] urls[49] = file:/home/srafi/.m2/repository/org/apache/commons/commons-text/1.3/commons-text-1.3.jar
[ERROR] urls[50] = file:/home/srafi/.m2/repository/org/apache/httpcomponents/httpclient/4.5.13/httpclient-4.5.13.jar
[ERROR] urls[51] = file:/home/srafi/.m2/repository/commons-codec/commons-codec/1.11/commons-codec-1.11.jar
[ERROR] urls[52] = file:/home/srafi/.m2/repository/org/apache/httpcomponents/httpcore/4.4.14/httpcore-4.4.14.jar
[ERROR] urls[53] = file:/home/srafi/.m2/repository/org/apache/maven/doxia/doxia-integration-tools/1.11.1/doxia-integration-tools-1.11.1.jar
[ERROR] urls[54] = file:/home/srafi/.m2/repository/commons-io/commons-io/2.6/commons-io-2.6.jar
[ERROR] urls[55] = file:/home/srafi/.m2/repository/org/codehaus/plexus/plexus-interpolation/1.26/plexus-interpolation-1.26.jar
[ERROR] urls[56] = file:/home/srafi/.m2/repository/org/codehaus/plexus/plexus-component-annotations/2.1.0/plexus-component-annotations-2.1.0.jar
[ERROR] urls[57] = file:/home/srafi/.m2/repository/org/codehaus/plexus/plexus-resources/1.1.0/plexus-resources-1.1.0.jar
[ERROR] urls[58] = file:/home/srafi/.m2/repository/org/codehaus/plexus/plexus-utils/3.5.1/plexus-utils-3.5.1.jar
[ERROR] urls[59] = file:/home/srafi/.m2/repository/org/codehaus/plexus/plexus-i18n/1.0-beta-10/plexus-i18n-1.0-beta-10.jar
[ERROR] urls[60] = file:/home/srafi/.m2/repository/org/apache/commons/commons-lang3/3.12.0/commons-lang3-3.12.0.jar
[ERROR] Number of foreign imports: 1
[ERROR] import: Entry[import  from realm ClassRealm[maven.api, parent: null]]
[ERROR] 
[ERROR] -----------------------------------------------------
[ERROR] -> [Help 1]
[ERROR] 
[ERROR] To see the full stack trace of the errors, re-run Maven with the -e switch.
[ERROR] Re-run Maven using the -X switch to enable full debug logging.
[ERROR] 
[ERROR] For more information about the errors and possible solutions, please read the following articles:
[ERROR] [Help 1] http://cwiki.apache.org/confluence/display/MAVEN/PluginContainerException
