JAVA_HOME=/usr/lib/jvm/java-11-openjdk-amd64
COMMAND=bash /home/srafi/after-cam-ready/compare_/compile_repair_output/work/ecd9c4393d07/mvnw -B clean install -DskipTests -U -Ddependency-check.skip=true -Dgpg.skip=true -DfailIfNoTests=false -Dskip.installnodenpm=true -Dskip.npm=true -Dskip.yarn=true -Dlicense.skip=true -Dcheckstyle.skip=true -Drat.skip=true -Denforcer.skip=true -Danimal.sniffer.skip=true -Dmaven.javadoc.skip=true -Dfindbugs.skip=true -Dspotbugs.skip=true -Dwarbucks.skip=true -Dmodernizer.skip=true -Dimpsort.skip=true -Dmdep.analyze.skip=true -Dpgpverify.skip=true -Dxml.skip=true -Dcobertura.skip=true

[INFO] Scanning for projects...
[INFO] 
[INFO] ------------------------< net.hydromatic:morel >------------------------
[INFO] Building morel 0.4.0-SNAPSHOT
[INFO] --------------------------------[ jar ]---------------------------------
[INFO] 
[INFO] --- maven-clean-plugin:2.5:clean (default-clean) @ morel ---
[INFO] 
[INFO] --- maven-checkstyle-plugin:3.3.1:check (validate) @ morel ---
[INFO] 
[INFO] --- maven-enforcer-plugin:3.4.1:enforce (enforce-java) @ morel ---
[INFO] Skipping Rule Enforcement.
[INFO] 
[INFO] --- maven-enforcer-plugin:3.4.1:enforce (enforce-maven) @ morel ---
[INFO] Skipping Rule Enforcement.
[INFO] 
[INFO] --- git-commit-id-plugin:4.9.10:revision (default) @ morel ---
[INFO] 
[INFO] --- javacc-maven-plugin:3.0.3:javacc (javacc) @ morel ---
[INFO] Downloading from central: https://repo.maven.apache.org/maven2/net/java/dev/javacc/javacc/7.0.12/javacc-7.0.12.pom
[INFO] Downloaded from central: https://repo.maven.apache.org/maven2/net/java/dev/javacc/javacc/7.0.12/javacc-7.0.12.pom (28 kB at 167 kB/s)
[INFO] Downloading from central: https://repo.maven.apache.org/maven2/net/java/dev/javacc/javacc/7.0.12/javacc-7.0.12.jar
[INFO] Downloaded from central: https://repo.maven.apache.org/maven2/net/java/dev/javacc/javacc/7.0.12/javacc-7.0.12.jar (638 kB at 9.0 MB/s)
Java Compiler Compiler Version 7.0.12 (Parser Generator)
(type "javacc" with no arguments for help)
Reading from file /home/srafi/after-cam-ready/compare_/compile_repair_output/work/ecd9c4393d07/src/main/javacc/MorelParser.jj . . .
Note: UNICODE_INPUT option is specified. Please make sure you create the parser/lexer using a Reader with the correct character encoding.
Warning: Choice conflict in [...] construct at line 339, column 3.
         Expansion nested within construct and expansion following construct
         have common prefixes, one of which is: <IDENTIFIER>
         Consider using a lookahead of 2 or more for nested expansion.
Warning: Choice conflict in (...)* construct at line 340, column 5.
         Expansion nested within construct and expansion following construct
         have common prefixes, one of which is: ","
         Consider using a lookahead of 2 or more for nested expansion.
Warning: Choice conflict in (...)* construct at line 342, column 3.
         Expansion nested within construct and expansion following construct
         have common prefixes, one of which is: "join"
         Consider using a lookahead of 2 or more for nested expansion.
Warning: Choice conflict in (...)* construct at line 450, column 3.
         Expansion nested within construct and expansion following construct
         have common prefixes, one of which is: ","
         Consider using a lookahead of 2 or more for nested expansion.
Warning: Choice conflict in (...)* construct at line 483, column 3.
         Expansion nested within construct and expansion following construct
         have common prefixes, one of which is: ","
         Consider using a lookahead of 2 or more for nested expansion.
Warning: Choice conflict in (...)* construct at line 524, column 3.
         Expansion nested within construct and expansion following construct
         have common prefixes, one of which is: "|"
         Consider using a lookahead of 2 or more for nested expansion.
Warning: Choice conflict in (...)* construct at line 566, column 3.
         Expansion nested within construct and expansion following construct
         have common prefixes, one of which is: "."
         Consider using a lookahead of 2 or more for nested expansion.
Warning: Choice conflict in (...)* construct at line 583, column 3.
         Expansion nested within construct and expansion following construct
         have common prefixes, one of which is: <IDENTIFIER>
         Consider using a lookahead of 2 or more for nested expansion.
Warning: Choice conflict in (...)* construct at line 601, column 3.
         Expansion nested within construct and expansion following construct
         have common prefixes, one of which is: "*"
         Consider using a lookahead of 2 or more for nested expansion.
Warning: Choice conflict in (...)* construct at line 633, column 3.
         Expansion nested within construct and expansion following construct
         have common prefixes, one of which is: "+"
         Consider using a lookahead of 2 or more for nested expansion.
Warning: Choice conflict in (...)* construct at line 666, column 3.
         Expansion nested within construct and expansion following construct
         have common prefixes, one of which is: "@"
         Consider using a lookahead of 2 or more for nested expansion.
Warning: Choice conflict in (...)* construct at line 683, column 3.
         Expansion nested within construct and expansion following construct
         have common prefixes, one of which is: "="
         Consider using a lookahead of 2 or more for nested expansion.
Warning: Choice conflict in (...)* construct at line 727, column 3.
         Expansion nested within construct and expansion following construct
         have common prefixes, one of which is: "o"
         Consider using a lookahead of 2 or more for nested expansion.
Warning: Choice conflict in (...)* construct at line 743, column 3.
         Expansion nested within construct and expansion following construct
         have common prefixes, one of which is: "andalso"
         Consider using a lookahead of 2 or more for nested expansion.
Warning: Choice conflict in (...)* construct at line 759, column 3.
         Expansion nested within construct and expansion following construct
         have common prefixes, one of which is: "orelse"
         Consider using a lookahead of 2 or more for nested expansion.
Warning: Choice conflict in (...)* construct at line 774, column 3.
         Expansion nested within construct and expansion following construct
         have common prefixes, one of which is: ":"
         Consider using a lookahead of 2 or more for nested expansion.
Warning: Choice conflict in (...)* construct at line 790, column 3.
         Expansion nested within construct and expansion following construct
         have common prefixes, one of which is: ","
         Consider using a lookahead of 2 or more for nested expansion.
Warning: Choice conflict in (...)* construct at line 1114, column 3.
         Expansion nested within construct and expansion following construct
         have common prefixes, one of which is: ":"
         Consider using a lookahead of 2 or more for nested expansion.
Warning: Choice conflict in (...)* construct at line 1131, column 3.
         Expansion nested within construct and expansion following construct
         have common prefixes, one of which is: "::"
         Consider using a lookahead of 2 or more for nested expansion.
Warning: Choice conflict involving two expansions at
         line 1151, column 3 and line 1165, column 3 respectively.
         A common prefix is: <IDENTIFIER>
         Consider using a lookahead of 2 for earlier expansion.
Warning: Choice conflict in (...)* construct at line 1291, column 3.
         Expansion nested within construct and expansion following construct
         have common prefixes, one of which is: <IDENTIFIER>
         Consider using a lookahead of 2 or more for nested expansion.
Warning: Choice conflict in (...)* construct at line 1310, column 3.
         Expansion nested within construct and expansion following construct
         have common prefixes, one of which is: "*"
         Consider using a lookahead of 2 or more for nested expansion.
File "TokenMgrError.java" does not exist.  Will create one.
File "ParseException.java" does not exist.  Will create one.
File "Token.java" does not exist.  Will create one.
File "SimpleCharStream.java" does not exist.  Will create one.
Parser generated with 0 errors and 22 warnings.
[INFO] Processed 1 grammar
[INFO] 
[INFO] --- build-helper-maven-plugin:3.4.0:add-resource (add-resource) @ morel ---
[INFO] 
[INFO] --- build-helper-maven-plugin:3.4.0:add-test-resource (add-resource) @ morel ---
[INFO] 
[INFO] --- maven-resources-plugin:2.6:resources (default-resources) @ morel ---
[INFO] Using 'UTF-8' encoding to copy filtered resources.
[INFO] skip non existing resourceDirectory /home/srafi/after-cam-ready/compare_/compile_repair_output/work/ecd9c4393d07/src/main/resources
[INFO] Copying 2 resources to META-INF
[INFO] Copying 1 resource to META-INF
[INFO] 
[INFO] --- maven-compiler-plugin:3.11.0:compile (default-compile) @ morel ---
[INFO] Changes detected - recompiling the module! :source
[INFO] Compiling 120 source files with javac [debug target 8] to target/classes
[WARNING] bootstrap class path not set in conjunction with -source 8
[INFO] /home/srafi/after-cam-ready/compare_/compile_repair_output/work/ecd9c4393d07/src/main/java/net/hydromatic/morel/compile/CalciteCompiler.java: /home/srafi/after-cam-ready/compare_/compile_repair_output/work/ecd9c4393d07/src/main/java/net/hydromatic/morel/compile/CalciteCompiler.java uses or overrides a deprecated API.
[INFO] /home/srafi/after-cam-ready/compare_/compile_repair_output/work/ecd9c4393d07/src/main/java/net/hydromatic/morel/compile/CalciteCompiler.java: Recompile with -Xlint:deprecation for details.
[INFO] /home/srafi/after-cam-ready/compare_/compile_repair_output/work/ecd9c4393d07/src/main/java/net/hydromatic/morel/type/RangeExtent.java: Some input files use unchecked or unsafe operations.
[INFO] /home/srafi/after-cam-ready/compare_/compile_repair_output/work/ecd9c4393d07/src/main/java/net/hydromatic/morel/type/RangeExtent.java: Recompile with -Xlint:unchecked for details.
[INFO] 
[INFO] --- maven-resources-plugin:2.6:testResources (default-testResources) @ morel ---
[INFO] Using 'UTF-8' encoding to copy filtered resources.
[INFO] Copying 28 resources
[INFO] Copying 2 resources to META-INF
[INFO] Copying 1 resource to META-INF
[INFO] 
[INFO] --- maven-compiler-plugin:3.11.0:testCompile (default-testCompile) @ morel ---
[INFO] Changes detected - recompiling the module! :dependency
[INFO] Compiling 21 source files with javac [debug target 8] to target/test-classes
[WARNING] bootstrap class path not set in conjunction with -source 8
[INFO] /home/srafi/after-cam-ready/compare_/compile_repair_output/work/ecd9c4393d07/src/test/java/net/hydromatic/morel/UtilTest.java: Some input files use unchecked or unsafe operations.
[INFO] /home/srafi/after-cam-ready/compare_/compile_repair_output/work/ecd9c4393d07/src/test/java/net/hydromatic/morel/UtilTest.java: Recompile with -Xlint:unchecked for details.
[INFO] 
[INFO] --- maven-surefire-plugin:3.2.2:test (default-test) @ morel ---
[INFO] Tests are skipped.
[INFO] 
[INFO] --- maven-jar-plugin:2.4:jar (default-jar) @ morel ---
[INFO] Building jar: /home/srafi/after-cam-ready/compare_/compile_repair_output/work/ecd9c4393d07/target/morel-0.4.0-SNAPSHOT.jar
[INFO] 
[INFO] --- maven-source-plugin:3.3.0:jar-no-fork (attach-sources) @ morel ---
[INFO] Building jar: /home/srafi/after-cam-ready/compare_/compile_repair_output/work/ecd9c4393d07/target/morel-0.4.0-SNAPSHOT-sources.jar
[INFO] 
[INFO] --- maven-source-plugin:3.3.0:test-jar-no-fork (attach-sources) @ morel ---
[INFO] Building jar: /home/srafi/after-cam-ready/compare_/compile_repair_output/work/ecd9c4393d07/target/morel-0.4.0-SNAPSHOT-test-sources.jar
[INFO] 
[INFO] --- maven-install-plugin:2.4:install (default-install) @ morel ---
[INFO] Installing /home/srafi/after-cam-ready/compare_/compile_repair_output/work/ecd9c4393d07/target/morel-0.4.0-SNAPSHOT.jar to /home/srafi/.m2/repository/net/hydromatic/morel/0.4.0-SNAPSHOT/morel-0.4.0-SNAPSHOT.jar
[INFO] Installing /home/srafi/after-cam-ready/compare_/compile_repair_output/work/ecd9c4393d07/pom.xml to /home/srafi/.m2/repository/net/hydromatic/morel/0.4.0-SNAPSHOT/morel-0.4.0-SNAPSHOT.pom
[INFO] Installing /home/srafi/after-cam-ready/compare_/compile_repair_output/work/ecd9c4393d07/target/morel-0.4.0-SNAPSHOT-sources.jar to /home/srafi/.m2/repository/net/hydromatic/morel/0.4.0-SNAPSHOT/morel-0.4.0-SNAPSHOT-sources.jar
[INFO] Installing /home/srafi/after-cam-ready/compare_/compile_repair_output/work/ecd9c4393d07/target/morel-0.4.0-SNAPSHOT-test-sources.jar to /home/srafi/.m2/repository/net/hydromatic/morel/0.4.0-SNAPSHOT/morel-0.4.0-SNAPSHOT-test-sources.jar
[INFO] ------------------------------------------------------------------------
[INFO] BUILD SUCCESS
[INFO] ------------------------------------------------------------------------
[INFO] Total time:  8.777 s
[INFO] Finished at: 2026-08-15T16:27:19-04:00
[INFO] ------------------------------------------------------------------------
