JAVA_HOME=/usr/lib/jvm/java-8-openjdk-amd64
COMMAND=mvn -B clean install -DskipTests -U -Ddependency-check.skip=true -Dgpg.skip=true -DfailIfNoTests=false -Dskip.installnodenpm=true -Dskip.npm=true -Dskip.yarn=true -Dlicense.skip=true -Dcheckstyle.skip=true -Drat.skip=true -Denforcer.skip=true -Danimal.sniffer.skip=true -Dmaven.javadoc.skip=true -Dfindbugs.skip=true -Dspotbugs.skip=true -Dwarbucks.skip=true -Dmodernizer.skip=true -Dimpsort.skip=true -Dmdep.analyze.skip=true -Dpgpverify.skip=true -Dxml.skip=true -Dcobertura.skip=true

[INFO] Scanning for projects...
[INFO] --- tiles-maven-plugin: Injecting 2 tiles as intermediary parent artifact's...
[INFO] Mixed 'io.github.hexagonframework.data:spring-data-ebean:2.0.0.RELEASE' with tile 'org.avaje.tile:java-compile:1.1' as it's new parent.
[INFO] Mixed 'org.avaje.tile:java-compile:1.1' with tile 'io.ebean.tile:enhancement:5.5' as it's new parent.
[INFO] Mixed 'io.ebean.tile:enhancement:5.5' with original parent '(no parent)' as it's  new top level parent.
[INFO] 
[INFO] 
[INFO] ---------< io.github.hexagonframework.data:spring-data-ebean >----------
[INFO] Building Spring Data Ebean 2.0.0.RELEASE
[INFO] --------------------------------[ jar ]---------------------------------
[INFO] 
[INFO] --- maven-clean-plugin:2.5:clean (default-clean) @ spring-data-ebean ---
[INFO] 
[INFO] --- maven-resources-plugin:2.6:resources (default-resources) @ spring-data-ebean ---
[INFO] Using 'UTF-8' encoding to copy filtered resources.
[INFO] Copying 3 resources
[INFO] 
[INFO] --- maven-compiler-plugin:3.5.1:compile (default-compile) @ spring-data-ebean ---
[INFO] Changes detected - recompiling the module!
[INFO] Compiling 51 source files to /home/srafi/after-cam-ready/compare_/compile_repair_output/work/0aa6aeea51c4/target/classes
[INFO] /home/srafi/after-cam-ready/compare_/compile_repair_output/work/0aa6aeea51c4/src/main/java/org/springframework/data/ebean/repository/support/EbeanEntityInformation.java: /home/srafi/after-cam-ready/compare_/compile_repair_output/work/0aa6aeea51c4/src/main/java/org/springframework/data/ebean/repository/support/EbeanEntityInformation.java uses unchecked or unsafe operations.
[INFO] /home/srafi/after-cam-ready/compare_/compile_repair_output/work/0aa6aeea51c4/src/main/java/org/springframework/data/ebean/repository/support/EbeanEntityInformation.java: Recompile with -Xlint:unchecked for details.
[INFO] 
[INFO] --- ebean-maven-plugin:11.11.1:enhance (io.ebean.tile:enhancement:5.5::main) @ spring-data-ebean ---
[INFO] classLoaderClass=class java.net.FactoryURLClassLoader  packages=java.net.FactoryURLClassLoader@568fd3de
[INFO] classSource=/home/srafi/after-cam-ready/compare_/compile_repair_output/work/0aa6aeea51c4/target/classes  transformArgs=debug=0  packages=
[INFO] Enhanced /home/srafi/after-cam-ready/compare_/compile_repair_output/work/0aa6aeea51c4/target/classes/org/springframework/data/ebean/domain/AbstractAggregateRoot.class
[INFO] Enhanced /home/srafi/after-cam-ready/compare_/compile_repair_output/work/0aa6aeea51c4/target/classes/org/springframework/data/ebean/domain/AbstractEntity.class
[INFO] 
[INFO] --- maven-resources-plugin:2.6:testResources (default-testResources) @ spring-data-ebean ---
[INFO] Using 'UTF-8' encoding to copy filtered resources.
[INFO] Copying 6 resources
[INFO] 
[INFO] --- maven-compiler-plugin:3.5.1:testCompile (default-testCompile) @ spring-data-ebean ---
[INFO] Changes detected - recompiling the module!
[INFO] Compiling 13 source files to /home/srafi/after-cam-ready/compare_/compile_repair_output/work/0aa6aeea51c4/target/test-classes
[INFO] 
[INFO] --- ebean-maven-plugin:11.11.1:testEnhance (io.ebean.tile:enhancement:5.5::test) @ spring-data-ebean ---
[INFO] classLoaderClass=class java.net.FactoryURLClassLoader  packages=java.net.FactoryURLClassLoader@456c6754
[INFO] classSource=/home/srafi/after-cam-ready/compare_/compile_repair_output/work/0aa6aeea51c4/target/test-classes  transformArgs=debug=0  packages=
[INFO] Enhanced /home/srafi/after-cam-ready/compare_/compile_repair_output/work/0aa6aeea51c4/target/test-classes/org/springframework/data/ebean/sample/domain/UserInfo.class
[INFO] Enhanced /home/srafi/after-cam-ready/compare_/compile_repair_output/work/0aa6aeea51c4/target/test-classes/org/springframework/data/ebean/sample/domain/Address.class
[INFO] Enhanced /home/srafi/after-cam-ready/compare_/compile_repair_output/work/0aa6aeea51c4/target/test-classes/org/springframework/data/ebean/sample/domain/Role.class
[INFO] Enhanced /home/srafi/after-cam-ready/compare_/compile_repair_output/work/0aa6aeea51c4/target/test-classes/org/springframework/data/ebean/sample/domain/User.class
[INFO] Enhanced /home/srafi/after-cam-ready/compare_/compile_repair_output/work/0aa6aeea51c4/target/test-classes/org/springframework/data/ebean/sample/domain/FullName.class
[INFO] 
[INFO] --- maven-surefire-plugin:2.12.4:test (default-test) @ spring-data-ebean ---
[INFO] Tests are skipped.
[INFO] 
[INFO] --- maven-jar-plugin:2.4:jar (default-jar) @ spring-data-ebean ---
[INFO] Building jar: /home/srafi/after-cam-ready/compare_/compile_repair_output/work/0aa6aeea51c4/target/spring-data-ebean-2.0.0.RELEASE.jar
[INFO] 
[INFO] --- maven-install-plugin:2.4:install (default-install) @ spring-data-ebean ---
[INFO] Installing /home/srafi/after-cam-ready/compare_/compile_repair_output/work/0aa6aeea51c4/target/spring-data-ebean-2.0.0.RELEASE.jar to /home/srafi/.m2/repository/io/github/hexagonframework/data/spring-data-ebean/2.0.0.RELEASE/spring-data-ebean-2.0.0.RELEASE.jar
[INFO] Installing /home/srafi/after-cam-ready/compare_/compile_repair_output/work/0aa6aeea51c4/pom.xml to /home/srafi/.m2/repository/io/github/hexagonframework/data/spring-data-ebean/2.0.0.RELEASE/spring-data-ebean-2.0.0.RELEASE.pom
[INFO] ------------------------------------------------------------------------
[INFO] BUILD SUCCESS
[INFO] ------------------------------------------------------------------------
[INFO] Total time:  2.635 s
[INFO] Finished at: 2026-08-15T16:27:01-04:00
[INFO] ------------------------------------------------------------------------
