JAVA_HOME=/usr/lib/jvm/java-8-openjdk-amd64
COMMAND=bash /home/srafi/after-cam-ready/compare_/compile_repair_output/work/083487acfb45/mvnw -B clean install -DskipTests -U -pl riptide-spring-boot-starter -am -Ddependency-check.skip=true -Dgpg.skip=true -DfailIfNoTests=false -Dskip.installnodenpm=true -Dskip.npm=true -Dskip.yarn=true -Dlicense.skip=true -Dcheckstyle.skip=true -Drat.skip=true -Denforcer.skip=true -Danimal.sniffer.skip=true -Dmaven.javadoc.skip=true -Dfindbugs.skip=true -Dspotbugs.skip=true -Dwarbucks.skip=true -Dmodernizer.skip=true -Dimpsort.skip=true -Dmdep.analyze.skip=true -Dpgpverify.skip=true -Dxml.skip=true -Dcobertura.skip=true

--2026-08-15 17:26:32--  https://repo.maven.apache.org/maven2/io/takari/maven-wrapper/0.4.0/maven-wrapper-0.4.0.jar
Resolving repo.maven.apache.org (repo.maven.apache.org)... 104.18.19.12, 104.18.18.12, 2606:4700::6812:130c, ...
Connecting to repo.maven.apache.org (repo.maven.apache.org)|104.18.19.12|:443... connected.
HTTP request sent, awaiting response... 200 OK
Length: 48336 (47K) [application/java-archive]
Saving to: ‘/home/srafi/after-cam-ready/compare_/compile_repair_output/work/083487acfb45/.mvn/wrapper/maven-wrapper.jar’

     0K .......... .......... .......... .......... .......   100% 75.5M=0.001s

2026-08-15 17:26:32 (75.5 MB/s) - ‘/home/srafi/after-cam-ready/compare_/compile_repair_output/work/083487acfb45/.mvn/wrapper/maven-wrapper.jar’ saved [48336/48336]

[INFO] Scanning for projects...
[INFO] ------------------------------------------------------------------------
[INFO] Reactor Build Order:
[INFO] 
[INFO] Riptide                                                            [pom]
[INFO] Riptide: Core                                                      [jar]
[INFO] Riptide: Capture                                                   [jar]
[INFO] Riptide: Metrics                                                   [jar]
[INFO] Riptide: HTTP Client                                               [jar]
[INFO] Riptide: Backup                                                    [jar]
[INFO] Riptide: Failsafe                                                  [jar]
[INFO] Riptide: Faults                                                    [jar]
[INFO] Riptide: Spring Boot API                                           [jar]
[INFO] Riptide: Spring Boot 1.x Support                                   [jar]
[INFO] Riptide: Spring Boot 2.x Support                                   [jar]
[INFO] Riptide: Stream                                                    [jar]
[INFO] Riptide: Timeout                                                   [jar]
[INFO] Riptide: Spring Boot Starter                                       [jar]
[INFO] 
[INFO] ---------------------< org.zalando:riptide-parent >---------------------
[INFO] Building Riptide 2.11.0-SNAPSHOT                                  [1/14]
[INFO] --------------------------------[ pom ]---------------------------------
[INFO] 
[INFO] --- maven-clean-plugin:2.5:clean (default-clean) @ riptide-parent ---
[INFO] 
[INFO] --- maven-enforcer-plugin:3.0.0-M2:enforce (enforce-maven) @ riptide-parent ---
[INFO] Skipping Rule Enforcement.
[INFO] 
[INFO] --- duplicate-finder-maven-plugin:1.3.0:check (default) @ riptide-parent ---
[INFO] Downloading from central: https://repo.maven.apache.org/maven2/com/fasterxml/staxmate/staxmate/2.2.1/staxmate-2.2.1.pom
[INFO] Downloaded from central: https://repo.maven.apache.org/maven2/com/fasterxml/staxmate/staxmate/2.2.1/staxmate-2.2.1.pom (7.8 kB at 29 kB/s)
[INFO] Downloading from central: https://repo.maven.apache.org/maven2/com/pyx4j/maven-plugin-log4j/1.0.1/maven-plugin-log4j-1.0.1.pom
[INFO] Downloaded from central: https://repo.maven.apache.org/maven2/com/pyx4j/maven-plugin-log4j/1.0.1/maven-plugin-log4j-1.0.1.pom (1.3 kB at 39 kB/s)
[INFO] Downloading from central: https://repo.maven.apache.org/maven2/com/pyx4j/pyx4j-maven-plugins/1.0.1/pyx4j-maven-plugins-1.0.1.pom
[INFO] Downloaded from central: https://repo.maven.apache.org/maven2/com/pyx4j/pyx4j-maven-plugins/1.0.1/pyx4j-maven-plugins-1.0.1.pom (1.8 kB at 60 kB/s)
[INFO] Downloading from central: https://repo.maven.apache.org/maven2/com/pyx4j/pyx4j/1.0.1/pyx4j-1.0.1.pom
[INFO] Downloaded from central: https://repo.maven.apache.org/maven2/com/pyx4j/pyx4j/1.0.1/pyx4j-1.0.1.pom (14 kB at 410 kB/s)
[INFO] Downloading from central: https://repo.maven.apache.org/maven2/com/fasterxml/staxmate/staxmate/2.2.1/staxmate-2.2.1.jar
[INFO] Downloading from central: https://repo.maven.apache.org/maven2/com/pyx4j/maven-plugin-log4j/1.0.1/maven-plugin-log4j-1.0.1.jar
[INFO] Downloaded from central: https://repo.maven.apache.org/maven2/com/fasterxml/staxmate/staxmate/2.2.1/staxmate-2.2.1.jar (83 kB at 2.3 MB/s)
[INFO] Downloaded from central: https://repo.maven.apache.org/maven2/com/pyx4j/maven-plugin-log4j/1.0.1/maven-plugin-log4j-1.0.1.jar (3.7 kB at 73 kB/s)
[INFO] Ignoring POM project!
[INFO] 
[INFO] --- jacoco-maven-plugin:0.8.2:prepare-agent (prepare-agent) @ riptide-parent ---
[INFO] argLine set to -javaagent:/home/srafi/.m2/repository/org/jacoco/org.jacoco.agent/0.8.2/org.jacoco.agent-0.8.2-runtime.jar=destfile=/home/srafi/after-cam-ready/compare_/compile_repair_output/work/083487acfb45/target/jacoco.exec
[INFO] 
[INFO] --- dependency-check-maven:3.3.4:check (default) @ riptide-parent ---
[INFO] Skipping dependency-check
[INFO] 
[INFO] --- jacoco-maven-plugin:0.8.2:report (report) @ riptide-parent ---
[INFO] Skipping JaCoCo execution due to missing execution data file.
[INFO] 
[INFO] --- jacoco-maven-plugin:0.8.2:check (check) @ riptide-parent ---
[INFO] Skipping JaCoCo execution due to missing execution data file:/home/srafi/after-cam-ready/compare_/compile_repair_output/work/083487acfb45/target/jacoco.exec
[INFO] 
[INFO] --- maven-install-plugin:2.4:install (default-install) @ riptide-parent ---
[INFO] Installing /home/srafi/after-cam-ready/compare_/compile_repair_output/work/083487acfb45/pom.xml to /home/srafi/.m2/repository/org/zalando/riptide-parent/2.11.0-SNAPSHOT/riptide-parent-2.11.0-SNAPSHOT.pom
[INFO] 
[INFO] ----------------------< org.zalando:riptide-core >----------------------
[INFO] Building Riptide: Core 2.11.0-SNAPSHOT                            [2/14]
[INFO] --------------------------------[ jar ]---------------------------------
[INFO] 
[INFO] --- maven-clean-plugin:2.5:clean (default-clean) @ riptide-core ---
[INFO] 
[INFO] --- maven-enforcer-plugin:3.0.0-M2:enforce (enforce-maven) @ riptide-core ---
[INFO] Skipping Rule Enforcement.
[INFO] 
[INFO] --- duplicate-finder-maven-plugin:1.3.0:check (default) @ riptide-core ---
[INFO] Checking compile classpath
[INFO] Checking runtime classpath
[INFO] Checking test classpath
[INFO] 
[INFO] --- jacoco-maven-plugin:0.8.2:prepare-agent (prepare-agent) @ riptide-core ---
[INFO] argLine set to -javaagent:/home/srafi/.m2/repository/org/jacoco/org.jacoco.agent/0.8.2/org.jacoco.agent-0.8.2-runtime.jar=destfile=/home/srafi/after-cam-ready/compare_/compile_repair_output/work/083487acfb45/riptide-core/target/jacoco.exec
[INFO] 
[INFO] --- maven-resources-plugin:3.1.0:resources (default-resources) @ riptide-core ---
[INFO] Using 'UTF-8' encoding to copy filtered resources.
[INFO] skip non existing resourceDirectory /home/srafi/after-cam-ready/compare_/compile_repair_output/work/083487acfb45/riptide-core/src/main/resources
[INFO] 
[INFO] --- maven-compiler-plugin:3.8.0:compile (default-compile) @ riptide-core ---
[INFO] Changes detected - recompiling the module!
[INFO] Compiling 52 source files to /home/srafi/after-cam-ready/compare_/compile_repair_output/work/083487acfb45/riptide-core/target/classes
[INFO] /home/srafi/after-cam-ready/compare_/compile_repair_output/work/083487acfb45/riptide-core/src/main/java/org/zalando/riptide/HttpBuilder.java: Some input files use or override a deprecated API.
[INFO] /home/srafi/after-cam-ready/compare_/compile_repair_output/work/083487acfb45/riptide-core/src/main/java/org/zalando/riptide/HttpBuilder.java: Recompile with -Xlint:deprecation for details.
[INFO] 
[INFO] --- maven-resources-plugin:3.1.0:testResources (default-testResources) @ riptide-core ---
[INFO] Using 'UTF-8' encoding to copy filtered resources.
[INFO] Copying 6 resources
[INFO] 
[INFO] --- maven-compiler-plugin:3.8.0:testCompile (default-testCompile) @ riptide-core ---
[INFO] Changes detected - recompiling the module!
[INFO] Compiling 56 source files to /home/srafi/after-cam-ready/compare_/compile_repair_output/work/083487acfb45/riptide-core/target/test-classes
[INFO] /home/srafi/after-cam-ready/compare_/compile_repair_output/work/083487acfb45/riptide-core/src/test/java/org/zalando/riptide/PluginInterceptorAsyncTest.java: Some input files use or override a deprecated API.
[INFO] /home/srafi/after-cam-ready/compare_/compile_repair_output/work/083487acfb45/riptide-core/src/test/java/org/zalando/riptide/PluginInterceptorAsyncTest.java: Recompile with -Xlint:deprecation for details.
[INFO] 
[INFO] --- maven-surefire-plugin:2.22.1:test (default-test) @ riptide-core ---
[INFO] Tests are skipped.
[INFO] 
[INFO] --- maven-jar-plugin:2.4:jar (default-jar) @ riptide-core ---
[INFO] Building jar: /home/srafi/after-cam-ready/compare_/compile_repair_output/work/083487acfb45/riptide-core/target/riptide-core-2.11.0-SNAPSHOT.jar
[INFO] 
[INFO] --- dependency-check-maven:3.3.4:check (default) @ riptide-core ---
[INFO] Skipping dependency-check
[INFO] 
[INFO] --- jacoco-maven-plugin:0.8.2:report (report) @ riptide-core ---
[INFO] Skipping JaCoCo execution due to missing execution data file.
[INFO] 
[INFO] --- jacoco-maven-plugin:0.8.2:check (check) @ riptide-core ---
[INFO] Skipping JaCoCo execution due to missing execution data file:/home/srafi/after-cam-ready/compare_/compile_repair_output/work/083487acfb45/riptide-core/target/jacoco.exec
[INFO] 
[INFO] --- maven-install-plugin:2.4:install (default-install) @ riptide-core ---
[INFO] Installing /home/srafi/after-cam-ready/compare_/compile_repair_output/work/083487acfb45/riptide-core/target/riptide-core-2.11.0-SNAPSHOT.jar to /home/srafi/.m2/repository/org/zalando/riptide-core/2.11.0-SNAPSHOT/riptide-core-2.11.0-SNAPSHOT.jar
[INFO] Installing /home/srafi/after-cam-ready/compare_/compile_repair_output/work/083487acfb45/riptide-core/pom.xml to /home/srafi/.m2/repository/org/zalando/riptide-core/2.11.0-SNAPSHOT/riptide-core-2.11.0-SNAPSHOT.pom
[INFO] 
[INFO] --------------------< org.zalando:riptide-capture >---------------------
[INFO] Building Riptide: Capture 2.11.0-SNAPSHOT                         [3/14]
[INFO] --------------------------------[ jar ]---------------------------------
[INFO] 
[INFO] --- maven-clean-plugin:2.5:clean (default-clean) @ riptide-capture ---
[INFO] 
[INFO] --- maven-enforcer-plugin:3.0.0-M2:enforce (enforce-maven) @ riptide-capture ---
[INFO] Skipping Rule Enforcement.
[INFO] 
[INFO] --- duplicate-finder-maven-plugin:1.3.0:check (default) @ riptide-capture ---
[INFO] Checking compile classpath
[INFO] Checking runtime classpath
[INFO] Checking test classpath
[INFO] 
[INFO] --- jacoco-maven-plugin:0.8.2:prepare-agent (prepare-agent) @ riptide-capture ---
[INFO] argLine set to -javaagent:/home/srafi/.m2/repository/org/jacoco/org.jacoco.agent/0.8.2/org.jacoco.agent-0.8.2-runtime.jar=destfile=/home/srafi/after-cam-ready/compare_/compile_repair_output/work/083487acfb45/riptide-capture/target/jacoco.exec
[INFO] 
[INFO] --- maven-resources-plugin:3.1.0:resources (default-resources) @ riptide-capture ---
[INFO] Using 'UTF-8' encoding to copy filtered resources.
[INFO] skip non existing resourceDirectory /home/srafi/after-cam-ready/compare_/compile_repair_output/work/083487acfb45/riptide-capture/src/main/resources
[INFO] 
[INFO] --- maven-compiler-plugin:3.8.0:compile (default-compile) @ riptide-capture ---
[INFO] Changes detected - recompiling the module!
[INFO] Compiling 5 source files to /home/srafi/after-cam-ready/compare_/compile_repair_output/work/083487acfb45/riptide-capture/target/classes
[INFO] 
[INFO] --- maven-resources-plugin:3.1.0:testResources (default-testResources) @ riptide-capture ---
[INFO] Using 'UTF-8' encoding to copy filtered resources.
[INFO] Copying 1 resource
[INFO] 
[INFO] --- maven-compiler-plugin:3.8.0:testCompile (default-testCompile) @ riptide-capture ---
[INFO] Changes detected - recompiling the module!
[INFO] Compiling 2 source files to /home/srafi/after-cam-ready/compare_/compile_repair_output/work/083487acfb45/riptide-capture/target/test-classes
[INFO] /home/srafi/after-cam-ready/compare_/compile_repair_output/work/083487acfb45/riptide-capture/src/test/java/org/zalando/riptide/capture/CaptureTest.java: /home/srafi/after-cam-ready/compare_/compile_repair_output/work/083487acfb45/riptide-capture/src/test/java/org/zalando/riptide/capture/CaptureTest.java uses or overrides a deprecated API.
[INFO] /home/srafi/after-cam-ready/compare_/compile_repair_output/work/083487acfb45/riptide-capture/src/test/java/org/zalando/riptide/capture/CaptureTest.java: Recompile with -Xlint:deprecation for details.
[INFO] 
[INFO] --- maven-surefire-plugin:2.22.1:test (default-test) @ riptide-capture ---
[INFO] Tests are skipped.
[INFO] 
[INFO] --- maven-jar-plugin:2.4:jar (default-jar) @ riptide-capture ---
[INFO] Building jar: /home/srafi/after-cam-ready/compare_/compile_repair_output/work/083487acfb45/riptide-capture/target/riptide-capture-2.11.0-SNAPSHOT.jar
[INFO] 
[INFO] --- dependency-check-maven:3.3.4:check (default) @ riptide-capture ---
[INFO] Skipping dependency-check
[INFO] 
[INFO] --- jacoco-maven-plugin:0.8.2:report (report) @ riptide-capture ---
[INFO] Skipping JaCoCo execution due to missing execution data file.
[INFO] 
[INFO] --- jacoco-maven-plugin:0.8.2:check (check) @ riptide-capture ---
[INFO] Skipping JaCoCo execution due to missing execution data file:/home/srafi/after-cam-ready/compare_/compile_repair_output/work/083487acfb45/riptide-capture/target/jacoco.exec
[INFO] 
[INFO] --- maven-install-plugin:2.4:install (default-install) @ riptide-capture ---
[INFO] Installing /home/srafi/after-cam-ready/compare_/compile_repair_output/work/083487acfb45/riptide-capture/target/riptide-capture-2.11.0-SNAPSHOT.jar to /home/srafi/.m2/repository/org/zalando/riptide-capture/2.11.0-SNAPSHOT/riptide-capture-2.11.0-SNAPSHOT.jar
[INFO] Installing /home/srafi/after-cam-ready/compare_/compile_repair_output/work/083487acfb45/riptide-capture/pom.xml to /home/srafi/.m2/repository/org/zalando/riptide-capture/2.11.0-SNAPSHOT/riptide-capture-2.11.0-SNAPSHOT.pom
[INFO] 
[INFO] --------------------< org.zalando:riptide-metrics >---------------------
[INFO] Building Riptide: Metrics 2.11.0-SNAPSHOT                         [4/14]
[INFO] --------------------------------[ jar ]---------------------------------
[INFO] 
[INFO] --- maven-clean-plugin:2.5:clean (default-clean) @ riptide-metrics ---
[INFO] 
[INFO] --- maven-enforcer-plugin:3.0.0-M2:enforce (enforce-maven) @ riptide-metrics ---
[INFO] Skipping Rule Enforcement.
[INFO] 
[INFO] --- duplicate-finder-maven-plugin:1.3.0:check (default) @ riptide-metrics ---
[INFO] Checking compile classpath
[INFO] Checking runtime classpath
[INFO] Checking test classpath
[INFO] 
[INFO] --- jacoco-maven-plugin:0.8.2:prepare-agent (prepare-agent) @ riptide-metrics ---
[INFO] argLine set to -javaagent:/home/srafi/.m2/repository/org/jacoco/org.jacoco.agent/0.8.2/org.jacoco.agent-0.8.2-runtime.jar=destfile=/home/srafi/after-cam-ready/compare_/compile_repair_output/work/083487acfb45/riptide-metrics/target/jacoco.exec
[INFO] 
[INFO] --- maven-resources-plugin:3.1.0:resources (default-resources) @ riptide-metrics ---
[INFO] Using 'UTF-8' encoding to copy filtered resources.
[INFO] skip non existing resourceDirectory /home/srafi/after-cam-ready/compare_/compile_repair_output/work/083487acfb45/riptide-metrics/src/main/resources
[INFO] 
[INFO] --- maven-compiler-plugin:3.8.0:compile (default-compile) @ riptide-metrics ---
[INFO] Changes detected - recompiling the module!
[INFO] Compiling 4 source files to /home/srafi/after-cam-ready/compare_/compile_repair_output/work/083487acfb45/riptide-metrics/target/classes
[INFO] 
[INFO] --- maven-resources-plugin:3.1.0:testResources (default-testResources) @ riptide-metrics ---
[INFO] Using 'UTF-8' encoding to copy filtered resources.
[INFO] skip non existing resourceDirectory /home/srafi/after-cam-ready/compare_/compile_repair_output/work/083487acfb45/riptide-metrics/src/test/resources
[INFO] 
[INFO] --- maven-compiler-plugin:3.8.0:testCompile (default-testCompile) @ riptide-metrics ---
[INFO] Changes detected - recompiling the module!
[INFO] Compiling 2 source files to /home/srafi/after-cam-ready/compare_/compile_repair_output/work/083487acfb45/riptide-metrics/target/test-classes
[INFO] 
[INFO] --- maven-surefire-plugin:2.22.1:test (default-test) @ riptide-metrics ---
[INFO] Tests are skipped.
[INFO] 
[INFO] --- maven-jar-plugin:2.4:jar (default-jar) @ riptide-metrics ---
[INFO] Building jar: /home/srafi/after-cam-ready/compare_/compile_repair_output/work/083487acfb45/riptide-metrics/target/riptide-metrics-2.11.0-SNAPSHOT.jar
[INFO] 
[INFO] --- dependency-check-maven:3.3.4:check (default) @ riptide-metrics ---
[INFO] Skipping dependency-check
[INFO] 
[INFO] --- jacoco-maven-plugin:0.8.2:report (report) @ riptide-metrics ---
[INFO] Skipping JaCoCo execution due to missing execution data file.
[INFO] 
[INFO] --- jacoco-maven-plugin:0.8.2:check (check) @ riptide-metrics ---
[INFO] Skipping JaCoCo execution due to missing execution data file:/home/srafi/after-cam-ready/compare_/compile_repair_output/work/083487acfb45/riptide-metrics/target/jacoco.exec
[INFO] 
[INFO] --- maven-install-plugin:2.4:install (default-install) @ riptide-metrics ---
[INFO] Installing /home/srafi/after-cam-ready/compare_/compile_repair_output/work/083487acfb45/riptide-metrics/target/riptide-metrics-2.11.0-SNAPSHOT.jar to /home/srafi/.m2/repository/org/zalando/riptide-metrics/2.11.0-SNAPSHOT/riptide-metrics-2.11.0-SNAPSHOT.jar
[INFO] Installing /home/srafi/after-cam-ready/compare_/compile_repair_output/work/083487acfb45/riptide-metrics/pom.xml to /home/srafi/.m2/repository/org/zalando/riptide-metrics/2.11.0-SNAPSHOT/riptide-metrics-2.11.0-SNAPSHOT.pom
[INFO] 
[INFO] -------------------< org.zalando:riptide-httpclient >-------------------
[INFO] Building Riptide: HTTP Client 2.11.0-SNAPSHOT                     [5/14]
[INFO] --------------------------------[ jar ]---------------------------------
[INFO] 
[INFO] --- maven-clean-plugin:2.5:clean (default-clean) @ riptide-httpclient ---
[INFO] 
[INFO] --- maven-enforcer-plugin:3.0.0-M2:enforce (enforce-maven) @ riptide-httpclient ---
[INFO] Skipping Rule Enforcement.
[INFO] 
[INFO] --- duplicate-finder-maven-plugin:1.3.0:check (default) @ riptide-httpclient ---
[INFO] Checking compile classpath
[INFO] Checking runtime classpath
[INFO] Checking test classpath
[INFO] 
[INFO] --- jacoco-maven-plugin:0.8.2:prepare-agent (prepare-agent) @ riptide-httpclient ---
[INFO] argLine set to -javaagent:/home/srafi/.m2/repository/org/jacoco/org.jacoco.agent/0.8.2/org.jacoco.agent-0.8.2-runtime.jar=destfile=/home/srafi/after-cam-ready/compare_/compile_repair_output/work/083487acfb45/riptide-httpclient/target/jacoco.exec
[INFO] 
[INFO] --- maven-resources-plugin:3.1.0:resources (default-resources) @ riptide-httpclient ---
[INFO] Using 'UTF-8' encoding to copy filtered resources.
[INFO] skip non existing resourceDirectory /home/srafi/after-cam-ready/compare_/compile_repair_output/work/083487acfb45/riptide-httpclient/src/main/resources
[INFO] 
[INFO] --- maven-compiler-plugin:3.8.0:compile (default-compile) @ riptide-httpclient ---
[INFO] Changes detected - recompiling the module!
[INFO] Compiling 7 source files to /home/srafi/after-cam-ready/compare_/compile_repair_output/work/083487acfb45/riptide-httpclient/target/classes
[INFO] /home/srafi/after-cam-ready/compare_/compile_repair_output/work/083487acfb45/riptide-httpclient/src/main/java/org/zalando/riptide/httpclient/RestAsyncClientHttpRequest.java: Some input files use or override a deprecated API.
[INFO] /home/srafi/after-cam-ready/compare_/compile_repair_output/work/083487acfb45/riptide-httpclient/src/main/java/org/zalando/riptide/httpclient/RestAsyncClientHttpRequest.java: Recompile with -Xlint:deprecation for details.
[INFO] 
[INFO] --- maven-resources-plugin:3.1.0:testResources (default-testResources) @ riptide-httpclient ---
[INFO] Using 'UTF-8' encoding to copy filtered resources.
[INFO] Copying 1 resource
[INFO] 
[INFO] --- maven-compiler-plugin:3.8.0:testCompile (default-testCompile) @ riptide-httpclient ---
[INFO] Changes detected - recompiling the module!
[INFO] Compiling 5 source files to /home/srafi/after-cam-ready/compare_/compile_repair_output/work/083487acfb45/riptide-httpclient/target/test-classes
[INFO] /home/srafi/after-cam-ready/compare_/compile_repair_output/work/083487acfb45/riptide-httpclient/src/test/java/org/zalando/riptide/httpclient/RestAsyncClientHttpRequestFactoryTest.java: /home/srafi/after-cam-ready/compare_/compile_repair_output/work/083487acfb45/riptide-httpclient/src/test/java/org/zalando/riptide/httpclient/RestAsyncClientHttpRequestFactoryTest.java uses or overrides a deprecated API.
[INFO] /home/srafi/after-cam-ready/compare_/compile_repair_output/work/083487acfb45/riptide-httpclient/src/test/java/org/zalando/riptide/httpclient/RestAsyncClientHttpRequestFactoryTest.java: Recompile with -Xlint:deprecation for details.
[INFO] 
[INFO] --- maven-surefire-plugin:2.22.1:test (default-test) @ riptide-httpclient ---
[INFO] Tests are skipped.
[INFO] 
[INFO] --- maven-jar-plugin:2.4:jar (default-jar) @ riptide-httpclient ---
[INFO] Building jar: /home/srafi/after-cam-ready/compare_/compile_repair_output/work/083487acfb45/riptide-httpclient/target/riptide-httpclient-2.11.0-SNAPSHOT.jar
[INFO] 
[INFO] --- dependency-check-maven:3.3.4:check (default) @ riptide-httpclient ---
[INFO] Skipping dependency-check
[INFO] 
[INFO] --- jacoco-maven-plugin:0.8.2:report (report) @ riptide-httpclient ---
[INFO] Skipping JaCoCo execution due to missing execution data file.
[INFO] 
[INFO] --- jacoco-maven-plugin:0.8.2:check (check) @ riptide-httpclient ---
[INFO] Skipping JaCoCo execution due to missing execution data file:/home/srafi/after-cam-ready/compare_/compile_repair_output/work/083487acfb45/riptide-httpclient/target/jacoco.exec
[INFO] 
[INFO] --- maven-install-plugin:2.4:install (default-install) @ riptide-httpclient ---
[INFO] Installing /home/srafi/after-cam-ready/compare_/compile_repair_output/work/083487acfb45/riptide-httpclient/target/riptide-httpclient-2.11.0-SNAPSHOT.jar to /home/srafi/.m2/repository/org/zalando/riptide-httpclient/2.11.0-SNAPSHOT/riptide-httpclient-2.11.0-SNAPSHOT.jar
[INFO] Installing /home/srafi/after-cam-ready/compare_/compile_repair_output/work/083487acfb45/riptide-httpclient/pom.xml to /home/srafi/.m2/repository/org/zalando/riptide-httpclient/2.11.0-SNAPSHOT/riptide-httpclient-2.11.0-SNAPSHOT.pom
[INFO] 
[INFO] ---------------------< org.zalando:riptide-backup >---------------------
[INFO] Building Riptide: Backup 2.11.0-SNAPSHOT                          [6/14]
[INFO] --------------------------------[ jar ]---------------------------------
[INFO] 
[INFO] --- maven-clean-plugin:2.5:clean (default-clean) @ riptide-backup ---
[INFO] 
[INFO] --- maven-enforcer-plugin:3.0.0-M2:enforce (enforce-maven) @ riptide-backup ---
[INFO] Skipping Rule Enforcement.
[INFO] 
[INFO] --- duplicate-finder-maven-plugin:1.3.0:check (default) @ riptide-backup ---
[INFO] Checking compile classpath
[INFO] Checking runtime classpath
[INFO] Checking test classpath
[INFO] 
[INFO] --- jacoco-maven-plugin:0.8.2:prepare-agent (prepare-agent) @ riptide-backup ---
[INFO] argLine set to -javaagent:/home/srafi/.m2/repository/org/jacoco/org.jacoco.agent/0.8.2/org.jacoco.agent-0.8.2-runtime.jar=destfile=/home/srafi/after-cam-ready/compare_/compile_repair_output/work/083487acfb45/riptide-backup/target/jacoco.exec
[INFO] 
[INFO] --- maven-resources-plugin:3.1.0:resources (default-resources) @ riptide-backup ---
[INFO] Using 'UTF-8' encoding to copy filtered resources.
[INFO] skip non existing resourceDirectory /home/srafi/after-cam-ready/compare_/compile_repair_output/work/083487acfb45/riptide-backup/src/main/resources
[INFO] 
[INFO] --- maven-compiler-plugin:3.8.0:compile (default-compile) @ riptide-backup ---
[INFO] Changes detected - recompiling the module!
[INFO] Compiling 2 source files to /home/srafi/after-cam-ready/compare_/compile_repair_output/work/083487acfb45/riptide-backup/target/classes
[INFO] 
[INFO] --- maven-resources-plugin:3.1.0:testResources (default-testResources) @ riptide-backup ---
[INFO] Using 'UTF-8' encoding to copy filtered resources.
[INFO] skip non existing resourceDirectory /home/srafi/after-cam-ready/compare_/compile_repair_output/work/083487acfb45/riptide-backup/src/test/resources
[INFO] 
[INFO] --- maven-compiler-plugin:3.8.0:testCompile (default-testCompile) @ riptide-backup ---
[INFO] Changes detected - recompiling the module!
[INFO] Compiling 2 source files to /home/srafi/after-cam-ready/compare_/compile_repair_output/work/083487acfb45/riptide-backup/target/test-classes
[INFO] 
[INFO] --- maven-surefire-plugin:2.22.1:test (default-test) @ riptide-backup ---
[INFO] Tests are skipped.
[INFO] 
[INFO] --- maven-jar-plugin:2.4:jar (default-jar) @ riptide-backup ---
[INFO] Building jar: /home/srafi/after-cam-ready/compare_/compile_repair_output/work/083487acfb45/riptide-backup/target/riptide-backup-2.11.0-SNAPSHOT.jar
[INFO] 
[INFO] --- dependency-check-maven:3.3.4:check (default) @ riptide-backup ---
[INFO] Skipping dependency-check
[INFO] 
[INFO] --- jacoco-maven-plugin:0.8.2:report (report) @ riptide-backup ---
[INFO] Skipping JaCoCo execution due to missing execution data file.
[INFO] 
[INFO] --- jacoco-maven-plugin:0.8.2:check (check) @ riptide-backup ---
[INFO] Skipping JaCoCo execution due to missing execution data file:/home/srafi/after-cam-ready/compare_/compile_repair_output/work/083487acfb45/riptide-backup/target/jacoco.exec
[INFO] 
[INFO] --- maven-install-plugin:2.4:install (default-install) @ riptide-backup ---
[INFO] Installing /home/srafi/after-cam-ready/compare_/compile_repair_output/work/083487acfb45/riptide-backup/target/riptide-backup-2.11.0-SNAPSHOT.jar to /home/srafi/.m2/repository/org/zalando/riptide-backup/2.11.0-SNAPSHOT/riptide-backup-2.11.0-SNAPSHOT.jar
[INFO] Installing /home/srafi/after-cam-ready/compare_/compile_repair_output/work/083487acfb45/riptide-backup/pom.xml to /home/srafi/.m2/repository/org/zalando/riptide-backup/2.11.0-SNAPSHOT/riptide-backup-2.11.0-SNAPSHOT.pom
[INFO] 
[INFO] --------------------< org.zalando:riptide-failsafe >--------------------
[INFO] Building Riptide: Failsafe 2.11.0-SNAPSHOT                        [7/14]
[INFO] --------------------------------[ jar ]---------------------------------
[INFO] 
[INFO] --- maven-clean-plugin:2.5:clean (default-clean) @ riptide-failsafe ---
[INFO] 
[INFO] --- maven-enforcer-plugin:3.0.0-M2:enforce (enforce-maven) @ riptide-failsafe ---
[INFO] Skipping Rule Enforcement.
[INFO] 
[INFO] --- duplicate-finder-maven-plugin:1.3.0:check (default) @ riptide-failsafe ---
[INFO] Checking compile classpath
[INFO] Checking runtime classpath
[INFO] Checking test classpath
[INFO] 
[INFO] --- jacoco-maven-plugin:0.8.2:prepare-agent (prepare-agent) @ riptide-failsafe ---
[INFO] argLine set to -javaagent:/home/srafi/.m2/repository/org/jacoco/org.jacoco.agent/0.8.2/org.jacoco.agent-0.8.2-runtime.jar=destfile=/home/srafi/after-cam-ready/compare_/compile_repair_output/work/083487acfb45/riptide-failsafe/target/jacoco.exec
[INFO] 
[INFO] --- maven-resources-plugin:3.1.0:resources (default-resources) @ riptide-failsafe ---
[INFO] Using 'UTF-8' encoding to copy filtered resources.
[INFO] skip non existing resourceDirectory /home/srafi/after-cam-ready/compare_/compile_repair_output/work/083487acfb45/riptide-failsafe/src/main/resources
[INFO] 
[INFO] --- maven-compiler-plugin:3.8.0:compile (default-compile) @ riptide-failsafe ---
[INFO] Changes detected - recompiling the module!
[INFO] Compiling 16 source files to /home/srafi/after-cam-ready/compare_/compile_repair_output/work/083487acfb45/riptide-failsafe/target/classes
[INFO] 
[INFO] --- maven-resources-plugin:3.1.0:testResources (default-testResources) @ riptide-failsafe ---
[INFO] Using 'UTF-8' encoding to copy filtered resources.
[INFO] skip non existing resourceDirectory /home/srafi/after-cam-ready/compare_/compile_repair_output/work/083487acfb45/riptide-failsafe/src/test/resources
[INFO] 
[INFO] --- maven-compiler-plugin:3.8.0:testCompile (default-testCompile) @ riptide-failsafe ---
[INFO] Changes detected - recompiling the module!
[INFO] Compiling 13 source files to /home/srafi/after-cam-ready/compare_/compile_repair_output/work/083487acfb45/riptide-failsafe/target/test-classes
[INFO] /home/srafi/after-cam-ready/compare_/compile_repair_output/work/083487acfb45/riptide-failsafe/src/test/java/org/zalando/riptide/failsafe/MockSetup.java: /home/srafi/after-cam-ready/compare_/compile_repair_output/work/083487acfb45/riptide-failsafe/src/test/java/org/zalando/riptide/failsafe/MockSetup.java uses or overrides a deprecated API.
[INFO] /home/srafi/after-cam-ready/compare_/compile_repair_output/work/083487acfb45/riptide-failsafe/src/test/java/org/zalando/riptide/failsafe/MockSetup.java: Recompile with -Xlint:deprecation for details.
[INFO] 
[INFO] --- maven-surefire-plugin:2.22.1:test (default-test) @ riptide-failsafe ---
[INFO] Tests are skipped.
[INFO] 
[INFO] --- maven-jar-plugin:2.4:jar (default-jar) @ riptide-failsafe ---
[INFO] Building jar: /home/srafi/after-cam-ready/compare_/compile_repair_output/work/083487acfb45/riptide-failsafe/target/riptide-failsafe-2.11.0-SNAPSHOT.jar
[INFO] 
[INFO] --- dependency-check-maven:3.3.4:check (default) @ riptide-failsafe ---
[INFO] Skipping dependency-check
[INFO] 
[INFO] --- jacoco-maven-plugin:0.8.2:report (report) @ riptide-failsafe ---
[INFO] Skipping JaCoCo execution due to missing execution data file.
[INFO] 
[INFO] --- jacoco-maven-plugin:0.8.2:check (check) @ riptide-failsafe ---
[INFO] Skipping JaCoCo execution due to missing execution data file:/home/srafi/after-cam-ready/compare_/compile_repair_output/work/083487acfb45/riptide-failsafe/target/jacoco.exec
[INFO] 
[INFO] --- maven-install-plugin:2.4:install (default-install) @ riptide-failsafe ---
[INFO] Installing /home/srafi/after-cam-ready/compare_/compile_repair_output/work/083487acfb45/riptide-failsafe/target/riptide-failsafe-2.11.0-SNAPSHOT.jar to /home/srafi/.m2/repository/org/zalando/riptide-failsafe/2.11.0-SNAPSHOT/riptide-failsafe-2.11.0-SNAPSHOT.jar
[INFO] Installing /home/srafi/after-cam-ready/compare_/compile_repair_output/work/083487acfb45/riptide-failsafe/pom.xml to /home/srafi/.m2/repository/org/zalando/riptide-failsafe/2.11.0-SNAPSHOT/riptide-failsafe-2.11.0-SNAPSHOT.pom
[INFO] 
[INFO] ---------------------< org.zalando:riptide-faults >---------------------
[INFO] Building Riptide: Faults 2.11.0-SNAPSHOT                          [8/14]
[INFO] --------------------------------[ jar ]---------------------------------
[INFO] 
[INFO] --- maven-clean-plugin:2.5:clean (default-clean) @ riptide-faults ---
[INFO] 
[INFO] --- maven-enforcer-plugin:3.0.0-M2:enforce (enforce-maven) @ riptide-faults ---
[INFO] Skipping Rule Enforcement.
[INFO] 
[INFO] --- duplicate-finder-maven-plugin:1.3.0:check (default) @ riptide-faults ---
[INFO] Checking compile classpath
[INFO] Checking runtime classpath
[INFO] Checking test classpath
[INFO] 
[INFO] --- jacoco-maven-plugin:0.8.2:prepare-agent (prepare-agent) @ riptide-faults ---
[INFO] argLine set to -javaagent:/home/srafi/.m2/repository/org/jacoco/org.jacoco.agent/0.8.2/org.jacoco.agent-0.8.2-runtime.jar=destfile=/home/srafi/after-cam-ready/compare_/compile_repair_output/work/083487acfb45/riptide-faults/target/jacoco.exec
[INFO] 
[INFO] --- maven-resources-plugin:3.1.0:resources (default-resources) @ riptide-faults ---
[INFO] Using 'UTF-8' encoding to copy filtered resources.
[INFO] skip non existing resourceDirectory /home/srafi/after-cam-ready/compare_/compile_repair_output/work/083487acfb45/riptide-faults/src/main/resources
[INFO] 
[INFO] --- maven-compiler-plugin:3.8.0:compile (default-compile) @ riptide-faults ---
[INFO] Changes detected - recompiling the module!
[INFO] Compiling 5 source files to /home/srafi/after-cam-ready/compare_/compile_repair_output/work/083487acfb45/riptide-faults/target/classes
[INFO] 
[INFO] --- maven-resources-plugin:3.1.0:testResources (default-testResources) @ riptide-faults ---
[INFO] Using 'UTF-8' encoding to copy filtered resources.
[INFO] skip non existing resourceDirectory /home/srafi/after-cam-ready/compare_/compile_repair_output/work/083487acfb45/riptide-faults/src/test/resources
[INFO] 
[INFO] --- maven-compiler-plugin:3.8.0:testCompile (default-testCompile) @ riptide-faults ---
[INFO] Changes detected - recompiling the module!
[INFO] Compiling 4 source files to /home/srafi/after-cam-ready/compare_/compile_repair_output/work/083487acfb45/riptide-faults/target/test-classes
[INFO] /home/srafi/after-cam-ready/compare_/compile_repair_output/work/083487acfb45/riptide-faults/src/test/java/org/zalando/riptide/faults/MockSetup.java: /home/srafi/after-cam-ready/compare_/compile_repair_output/work/083487acfb45/riptide-faults/src/test/java/org/zalando/riptide/faults/MockSetup.java uses or overrides a deprecated API.
[INFO] /home/srafi/after-cam-ready/compare_/compile_repair_output/work/083487acfb45/riptide-faults/src/test/java/org/zalando/riptide/faults/MockSetup.java: Recompile with -Xlint:deprecation for details.
[INFO] 
[INFO] --- maven-surefire-plugin:2.22.1:test (default-test) @ riptide-faults ---
[INFO] Tests are skipped.
[INFO] 
[INFO] --- maven-jar-plugin:2.4:jar (default-jar) @ riptide-faults ---
[INFO] Building jar: /home/srafi/after-cam-ready/compare_/compile_repair_output/work/083487acfb45/riptide-faults/target/riptide-faults-2.11.0-SNAPSHOT.jar
[INFO] 
[INFO] --- dependency-check-maven:3.3.4:check (default) @ riptide-faults ---
[INFO] Skipping dependency-check
[INFO] 
[INFO] --- jacoco-maven-plugin:0.8.2:report (report) @ riptide-faults ---
[INFO] Skipping JaCoCo execution due to missing execution data file.
[INFO] 
[INFO] --- jacoco-maven-plugin:0.8.2:check (check) @ riptide-faults ---
[INFO] Skipping JaCoCo execution due to missing execution data file:/home/srafi/after-cam-ready/compare_/compile_repair_output/work/083487acfb45/riptide-faults/target/jacoco.exec
[INFO] 
[INFO] --- maven-install-plugin:2.4:install (default-install) @ riptide-faults ---
[INFO] Installing /home/srafi/after-cam-ready/compare_/compile_repair_output/work/083487acfb45/riptide-faults/target/riptide-faults-2.11.0-SNAPSHOT.jar to /home/srafi/.m2/repository/org/zalando/riptide-faults/2.11.0-SNAPSHOT/riptide-faults-2.11.0-SNAPSHOT.jar
[INFO] Installing /home/srafi/after-cam-ready/compare_/compile_repair_output/work/083487acfb45/riptide-faults/pom.xml to /home/srafi/.m2/repository/org/zalando/riptide-faults/2.11.0-SNAPSHOT/riptide-faults-2.11.0-SNAPSHOT.pom
[INFO] 
[INFO] ----------------< org.zalando:riptide-spring-boot-api >-----------------
[INFO] Building Riptide: Spring Boot API 2.11.0-SNAPSHOT                 [9/14]
[INFO] --------------------------------[ jar ]---------------------------------
[INFO] 
[INFO] --- maven-clean-plugin:2.5:clean (default-clean) @ riptide-spring-boot-api ---
[INFO] 
[INFO] --- maven-enforcer-plugin:3.0.0-M2:enforce (enforce-maven) @ riptide-spring-boot-api ---
[INFO] Skipping Rule Enforcement.
[INFO] 
[INFO] --- duplicate-finder-maven-plugin:1.3.0:check (default) @ riptide-spring-boot-api ---
[INFO] Checking compile classpath
[INFO] Checking runtime classpath
[INFO] Checking test classpath
[INFO] 
[INFO] --- jacoco-maven-plugin:0.8.2:prepare-agent (prepare-agent) @ riptide-spring-boot-api ---
[INFO] argLine set to -javaagent:/home/srafi/.m2/repository/org/jacoco/org.jacoco.agent/0.8.2/org.jacoco.agent-0.8.2-runtime.jar=destfile=/home/srafi/after-cam-ready/compare_/compile_repair_output/work/083487acfb45/riptide-spring-boot-api/target/jacoco.exec,excludes=org/zalando/riptide/spring/RiptideProperties*.class
[INFO] 
[INFO] --- maven-resources-plugin:3.1.0:resources (default-resources) @ riptide-spring-boot-api ---
[INFO] Using 'UTF-8' encoding to copy filtered resources.
[INFO] Copying 1 resource
[INFO] 
[INFO] --- maven-compiler-plugin:3.8.0:compile (default-compile) @ riptide-spring-boot-api ---
[INFO] Changes detected - recompiling the module!
[INFO] Compiling 5 source files to /home/srafi/after-cam-ready/compare_/compile_repair_output/work/083487acfb45/riptide-spring-boot-api/target/classes
[INFO] 
[INFO] --- maven-resources-plugin:3.1.0:testResources (default-testResources) @ riptide-spring-boot-api ---
[INFO] Using 'UTF-8' encoding to copy filtered resources.
[INFO] skip non existing resourceDirectory /home/srafi/after-cam-ready/compare_/compile_repair_output/work/083487acfb45/riptide-spring-boot-api/src/test/resources
[INFO] 
[INFO] --- maven-compiler-plugin:3.8.0:testCompile (default-testCompile) @ riptide-spring-boot-api ---
[INFO] Changes detected - recompiling the module!
[INFO] Compiling 2 source files to /home/srafi/after-cam-ready/compare_/compile_repair_output/work/083487acfb45/riptide-spring-boot-api/target/test-classes
[INFO] 
[INFO] --- maven-surefire-plugin:2.22.1:test (default-test) @ riptide-spring-boot-api ---
[INFO] Tests are skipped.
[INFO] 
[INFO] --- maven-jar-plugin:2.4:jar (default-jar) @ riptide-spring-boot-api ---
[INFO] Building jar: /home/srafi/after-cam-ready/compare_/compile_repair_output/work/083487acfb45/riptide-spring-boot-api/target/riptide-spring-boot-api-2.11.0-SNAPSHOT.jar
[INFO] 
[INFO] --- dependency-check-maven:3.3.4:check (default) @ riptide-spring-boot-api ---
[INFO] Skipping dependency-check
[INFO] 
[INFO] --- jacoco-maven-plugin:0.8.2:report (report) @ riptide-spring-boot-api ---
[INFO] Skipping JaCoCo execution due to missing execution data file.
[INFO] 
[INFO] --- jacoco-maven-plugin:0.8.2:check (check) @ riptide-spring-boot-api ---
[INFO] Skipping JaCoCo execution due to missing execution data file:/home/srafi/after-cam-ready/compare_/compile_repair_output/work/083487acfb45/riptide-spring-boot-api/target/jacoco.exec
[INFO] 
[INFO] --- maven-install-plugin:2.4:install (default-install) @ riptide-spring-boot-api ---
[INFO] Installing /home/srafi/after-cam-ready/compare_/compile_repair_output/work/083487acfb45/riptide-spring-boot-api/target/riptide-spring-boot-api-2.11.0-SNAPSHOT.jar to /home/srafi/.m2/repository/org/zalando/riptide-spring-boot-api/2.11.0-SNAPSHOT/riptide-spring-boot-api-2.11.0-SNAPSHOT.jar
[INFO] Installing /home/srafi/after-cam-ready/compare_/compile_repair_output/work/083487acfb45/riptide-spring-boot-api/pom.xml to /home/srafi/.m2/repository/org/zalando/riptide-spring-boot-api/2.11.0-SNAPSHOT/riptide-spring-boot-api-2.11.0-SNAPSHOT.pom
[INFO] 
[INFO] ------------< org.zalando:riptide-spring-boot-1.x-support >-------------
[INFO] Building Riptide: Spring Boot 1.x Support 2.11.0-SNAPSHOT        [10/14]
[INFO] --------------------------------[ jar ]---------------------------------
[INFO] 
[INFO] --- maven-clean-plugin:2.5:clean (default-clean) @ riptide-spring-boot-1.x-support ---
[INFO] 
[INFO] --- maven-enforcer-plugin:3.0.0-M2:enforce (enforce-maven) @ riptide-spring-boot-1.x-support ---
[INFO] Skipping Rule Enforcement.
[INFO] 
[INFO] --- duplicate-finder-maven-plugin:1.3.0:check (default) @ riptide-spring-boot-1.x-support ---
[INFO] Checking compile classpath
[INFO] Checking runtime classpath
[INFO] Checking test classpath
[INFO] 
[INFO] --- jacoco-maven-plugin:0.8.2:prepare-agent (prepare-agent) @ riptide-spring-boot-1.x-support ---
[INFO] argLine set to -javaagent:/home/srafi/.m2/repository/org/jacoco/org.jacoco.agent/0.8.2/org.jacoco.agent-0.8.2-runtime.jar=destfile=/home/srafi/after-cam-ready/compare_/compile_repair_output/work/083487acfb45/riptide-spring-boot-1.x-support/target/jacoco.exec
[INFO] 
[INFO] --- maven-resources-plugin:3.1.0:resources (default-resources) @ riptide-spring-boot-1.x-support ---
[INFO] Using 'UTF-8' encoding to copy filtered resources.
[INFO] Copying 1 resource
[INFO] 
[INFO] --- maven-compiler-plugin:3.8.0:compile (default-compile) @ riptide-spring-boot-1.x-support ---
[INFO] Changes detected - recompiling the module!
[INFO] Compiling 2 source files to /home/srafi/after-cam-ready/compare_/compile_repair_output/work/083487acfb45/riptide-spring-boot-1.x-support/target/classes
[INFO] 
[INFO] --- maven-resources-plugin:3.1.0:testResources (default-testResources) @ riptide-spring-boot-1.x-support ---
[INFO] Using 'UTF-8' encoding to copy filtered resources.
[INFO] skip non existing resourceDirectory /home/srafi/after-cam-ready/compare_/compile_repair_output/work/083487acfb45/riptide-spring-boot-1.x-support/src/test/resources
[INFO] 
[INFO] --- maven-compiler-plugin:3.8.0:testCompile (default-testCompile) @ riptide-spring-boot-1.x-support ---
[INFO] Changes detected - recompiling the module!
[INFO] Compiling 2 source files to /home/srafi/after-cam-ready/compare_/compile_repair_output/work/083487acfb45/riptide-spring-boot-1.x-support/target/test-classes
[INFO] 
[INFO] --- maven-surefire-plugin:2.22.1:test (default-test) @ riptide-spring-boot-1.x-support ---
[INFO] Tests are skipped.
[INFO] 
[INFO] --- maven-jar-plugin:2.4:jar (default-jar) @ riptide-spring-boot-1.x-support ---
[INFO] Building jar: /home/srafi/after-cam-ready/compare_/compile_repair_output/work/083487acfb45/riptide-spring-boot-1.x-support/target/riptide-spring-boot-1.x-support-2.11.0-SNAPSHOT.jar
[INFO] 
[INFO] --- dependency-check-maven:3.3.4:check (default) @ riptide-spring-boot-1.x-support ---
[INFO] Skipping dependency-check
[INFO] 
[INFO] --- jacoco-maven-plugin:0.8.2:report (report) @ riptide-spring-boot-1.x-support ---
[INFO] Skipping JaCoCo execution due to missing execution data file.
[INFO] 
[INFO] --- jacoco-maven-plugin:0.8.2:check (check) @ riptide-spring-boot-1.x-support ---
[INFO] Skipping JaCoCo execution due to missing execution data file:/home/srafi/after-cam-ready/compare_/compile_repair_output/work/083487acfb45/riptide-spring-boot-1.x-support/target/jacoco.exec
[INFO] 
[INFO] --- maven-install-plugin:2.4:install (default-install) @ riptide-spring-boot-1.x-support ---
[INFO] Installing /home/srafi/after-cam-ready/compare_/compile_repair_output/work/083487acfb45/riptide-spring-boot-1.x-support/target/riptide-spring-boot-1.x-support-2.11.0-SNAPSHOT.jar to /home/srafi/.m2/repository/org/zalando/riptide-spring-boot-1.x-support/2.11.0-SNAPSHOT/riptide-spring-boot-1.x-support-2.11.0-SNAPSHOT.jar
[INFO] Installing /home/srafi/after-cam-ready/compare_/compile_repair_output/work/083487acfb45/riptide-spring-boot-1.x-support/pom.xml to /home/srafi/.m2/repository/org/zalando/riptide-spring-boot-1.x-support/2.11.0-SNAPSHOT/riptide-spring-boot-1.x-support-2.11.0-SNAPSHOT.pom
[INFO] 
[INFO] ------------< org.zalando:riptide-spring-boot-2.x-support >-------------
[INFO] Building Riptide: Spring Boot 2.x Support 2.11.0-SNAPSHOT        [11/14]
[INFO] --------------------------------[ jar ]---------------------------------
[INFO] 
[INFO] --- maven-clean-plugin:2.5:clean (default-clean) @ riptide-spring-boot-2.x-support ---
[INFO] 
[INFO] --- maven-enforcer-plugin:3.0.0-M2:enforce (enforce-maven) @ riptide-spring-boot-2.x-support ---
[INFO] Skipping Rule Enforcement.
[INFO] 
[INFO] --- duplicate-finder-maven-plugin:1.3.0:check (default) @ riptide-spring-boot-2.x-support ---
[INFO] Checking compile classpath
[INFO] Checking runtime classpath
[INFO] Checking test classpath
[INFO] 
[INFO] --- jacoco-maven-plugin:0.8.2:prepare-agent (prepare-agent) @ riptide-spring-boot-2.x-support ---
[INFO] argLine set to -javaagent:/home/srafi/.m2/repository/org/jacoco/org.jacoco.agent/0.8.2/org.jacoco.agent-0.8.2-runtime.jar=destfile=/home/srafi/after-cam-ready/compare_/compile_repair_output/work/083487acfb45/riptide-spring-boot-2.x-support/target/jacoco.exec
[INFO] 
[INFO] --- maven-resources-plugin:3.1.0:resources (default-resources) @ riptide-spring-boot-2.x-support ---
[INFO] Using 'UTF-8' encoding to copy filtered resources.
[INFO] Copying 1 resource
[INFO] 
[INFO] --- maven-compiler-plugin:3.8.0:compile (default-compile) @ riptide-spring-boot-2.x-support ---
[INFO] Changes detected - recompiling the module!
[INFO] Compiling 2 source files to /home/srafi/after-cam-ready/compare_/compile_repair_output/work/083487acfb45/riptide-spring-boot-2.x-support/target/classes
[INFO] 
[INFO] --- maven-resources-plugin:3.1.0:testResources (default-testResources) @ riptide-spring-boot-2.x-support ---
[INFO] Using 'UTF-8' encoding to copy filtered resources.
[INFO] skip non existing resourceDirectory /home/srafi/after-cam-ready/compare_/compile_repair_output/work/083487acfb45/riptide-spring-boot-2.x-support/src/test/resources
[INFO] 
[INFO] --- maven-compiler-plugin:3.8.0:testCompile (default-testCompile) @ riptide-spring-boot-2.x-support ---
[INFO] Changes detected - recompiling the module!
[INFO] Compiling 2 source files to /home/srafi/after-cam-ready/compare_/compile_repair_output/work/083487acfb45/riptide-spring-boot-2.x-support/target/test-classes
[INFO] 
[INFO] --- maven-surefire-plugin:2.22.1:test (default-test) @ riptide-spring-boot-2.x-support ---
[INFO] Tests are skipped.
[INFO] 
[INFO] --- maven-jar-plugin:2.4:jar (default-jar) @ riptide-spring-boot-2.x-support ---
[INFO] Building jar: /home/srafi/after-cam-ready/compare_/compile_repair_output/work/083487acfb45/riptide-spring-boot-2.x-support/target/riptide-spring-boot-2.x-support-2.11.0-SNAPSHOT.jar
[INFO] 
[INFO] --- dependency-check-maven:3.3.4:check (default) @ riptide-spring-boot-2.x-support ---
[INFO] Skipping dependency-check
[INFO] 
[INFO] --- jacoco-maven-plugin:0.8.2:report (report) @ riptide-spring-boot-2.x-support ---
[INFO] Skipping JaCoCo execution due to missing execution data file.
[INFO] 
[INFO] --- jacoco-maven-plugin:0.8.2:check (check) @ riptide-spring-boot-2.x-support ---
[INFO] Skipping JaCoCo execution due to missing execution data file:/home/srafi/after-cam-ready/compare_/compile_repair_output/work/083487acfb45/riptide-spring-boot-2.x-support/target/jacoco.exec
[INFO] 
[INFO] --- maven-install-plugin:2.4:install (default-install) @ riptide-spring-boot-2.x-support ---
[INFO] Installing /home/srafi/after-cam-ready/compare_/compile_repair_output/work/083487acfb45/riptide-spring-boot-2.x-support/target/riptide-spring-boot-2.x-support-2.11.0-SNAPSHOT.jar to /home/srafi/.m2/repository/org/zalando/riptide-spring-boot-2.x-support/2.11.0-SNAPSHOT/riptide-spring-boot-2.x-support-2.11.0-SNAPSHOT.jar
[INFO] Installing /home/srafi/after-cam-ready/compare_/compile_repair_output/work/083487acfb45/riptide-spring-boot-2.x-support/pom.xml to /home/srafi/.m2/repository/org/zalando/riptide-spring-boot-2.x-support/2.11.0-SNAPSHOT/riptide-spring-boot-2.x-support-2.11.0-SNAPSHOT.pom
[INFO] 
[INFO] ---------------------< org.zalando:riptide-stream >---------------------
[INFO] Building Riptide: Stream 2.11.0-SNAPSHOT                         [12/14]
[INFO] --------------------------------[ jar ]---------------------------------
[INFO] 
[INFO] --- maven-clean-plugin:2.5:clean (default-clean) @ riptide-stream ---
[INFO] 
[INFO] --- maven-enforcer-plugin:3.0.0-M2:enforce (enforce-maven) @ riptide-stream ---
[INFO] Skipping Rule Enforcement.
[INFO] 
[INFO] --- duplicate-finder-maven-plugin:1.3.0:check (default) @ riptide-stream ---
[INFO] Checking compile classpath
[INFO] Checking runtime classpath
[INFO] Checking test classpath
[INFO] 
[INFO] --- jacoco-maven-plugin:0.8.2:prepare-agent (prepare-agent) @ riptide-stream ---
[INFO] argLine set to -javaagent:/home/srafi/.m2/repository/org/jacoco/org.jacoco.agent/0.8.2/org.jacoco.agent-0.8.2-runtime.jar=destfile=/home/srafi/after-cam-ready/compare_/compile_repair_output/work/083487acfb45/riptide-stream/target/jacoco.exec
[INFO] 
[INFO] --- maven-resources-plugin:3.1.0:resources (default-resources) @ riptide-stream ---
[INFO] Using 'UTF-8' encoding to copy filtered resources.
[INFO] skip non existing resourceDirectory /home/srafi/after-cam-ready/compare_/compile_repair_output/work/083487acfb45/riptide-stream/src/main/resources
[INFO] 
[INFO] --- maven-compiler-plugin:3.8.0:compile (default-compile) @ riptide-stream ---
[INFO] Changes detected - recompiling the module!
[INFO] Compiling 5 source files to /home/srafi/after-cam-ready/compare_/compile_repair_output/work/083487acfb45/riptide-stream/target/classes
[INFO] /home/srafi/after-cam-ready/compare_/compile_repair_output/work/083487acfb45/riptide-stream/src/main/java/org/zalando/riptide/stream/StreamConverter.java: /home/srafi/after-cam-ready/compare_/compile_repair_output/work/083487acfb45/riptide-stream/src/main/java/org/zalando/riptide/stream/StreamConverter.java uses or overrides a deprecated API.
[INFO] /home/srafi/after-cam-ready/compare_/compile_repair_output/work/083487acfb45/riptide-stream/src/main/java/org/zalando/riptide/stream/StreamConverter.java: Recompile with -Xlint:deprecation for details.
[INFO] 
[INFO] --- maven-resources-plugin:3.1.0:testResources (default-testResources) @ riptide-stream ---
[INFO] Using 'UTF-8' encoding to copy filtered resources.
[INFO] Copying 7 resources
[INFO] 
[INFO] --- maven-compiler-plugin:3.8.0:testCompile (default-testCompile) @ riptide-stream ---
[INFO] Changes detected - recompiling the module!
[INFO] Compiling 7 source files to /home/srafi/after-cam-ready/compare_/compile_repair_output/work/083487acfb45/riptide-stream/target/test-classes
[INFO] /home/srafi/after-cam-ready/compare_/compile_repair_output/work/083487acfb45/riptide-stream/src/test/java/org/zalando/riptide/stream/MockSetup.java: /home/srafi/after-cam-ready/compare_/compile_repair_output/work/083487acfb45/riptide-stream/src/test/java/org/zalando/riptide/stream/MockSetup.java uses or overrides a deprecated API.
[INFO] /home/srafi/after-cam-ready/compare_/compile_repair_output/work/083487acfb45/riptide-stream/src/test/java/org/zalando/riptide/stream/MockSetup.java: Recompile with -Xlint:deprecation for details.
[INFO] 
[INFO] --- maven-surefire-plugin:2.22.1:test (default-test) @ riptide-stream ---
[INFO] Tests are skipped.
[INFO] 
[INFO] --- maven-jar-plugin:2.4:jar (default-jar) @ riptide-stream ---
[INFO] Building jar: /home/srafi/after-cam-ready/compare_/compile_repair_output/work/083487acfb45/riptide-stream/target/riptide-stream-2.11.0-SNAPSHOT.jar
[INFO] 
[INFO] --- dependency-check-maven:3.3.4:check (default) @ riptide-stream ---
[INFO] Skipping dependency-check
[INFO] 
[INFO] --- jacoco-maven-plugin:0.8.2:report (report) @ riptide-stream ---
[INFO] Skipping JaCoCo execution due to missing execution data file.
[INFO] 
[INFO] --- jacoco-maven-plugin:0.8.2:check (check) @ riptide-stream ---
[INFO] Skipping JaCoCo execution due to missing execution data file:/home/srafi/after-cam-ready/compare_/compile_repair_output/work/083487acfb45/riptide-stream/target/jacoco.exec
[INFO] 
[INFO] --- maven-install-plugin:2.4:install (default-install) @ riptide-stream ---
[INFO] Installing /home/srafi/after-cam-ready/compare_/compile_repair_output/work/083487acfb45/riptide-stream/target/riptide-stream-2.11.0-SNAPSHOT.jar to /home/srafi/.m2/repository/org/zalando/riptide-stream/2.11.0-SNAPSHOT/riptide-stream-2.11.0-SNAPSHOT.jar
[INFO] Installing /home/srafi/after-cam-ready/compare_/compile_repair_output/work/083487acfb45/riptide-stream/pom.xml to /home/srafi/.m2/repository/org/zalando/riptide-stream/2.11.0-SNAPSHOT/riptide-stream-2.11.0-SNAPSHOT.pom
[INFO] 
[INFO] --------------------< org.zalando:riptide-timeout >---------------------
[INFO] Building Riptide: Timeout 2.11.0-SNAPSHOT                        [13/14]
[INFO] --------------------------------[ jar ]---------------------------------
[INFO] 
[INFO] --- maven-clean-plugin:2.5:clean (default-clean) @ riptide-timeout ---
[INFO] 
[INFO] --- maven-enforcer-plugin:3.0.0-M2:enforce (enforce-maven) @ riptide-timeout ---
[INFO] Skipping Rule Enforcement.
[INFO] 
[INFO] --- duplicate-finder-maven-plugin:1.3.0:check (default) @ riptide-timeout ---
[INFO] Checking compile classpath
[INFO] Checking runtime classpath
[INFO] Checking test classpath
[INFO] 
[INFO] --- jacoco-maven-plugin:0.8.2:prepare-agent (prepare-agent) @ riptide-timeout ---
[INFO] argLine set to -javaagent:/home/srafi/.m2/repository/org/jacoco/org.jacoco.agent/0.8.2/org.jacoco.agent-0.8.2-runtime.jar=destfile=/home/srafi/after-cam-ready/compare_/compile_repair_output/work/083487acfb45/riptide-timeout/target/jacoco.exec
[INFO] 
[INFO] --- maven-resources-plugin:3.1.0:resources (default-resources) @ riptide-timeout ---
[INFO] Using 'UTF-8' encoding to copy filtered resources.
[INFO] skip non existing resourceDirectory /home/srafi/after-cam-ready/compare_/compile_repair_output/work/083487acfb45/riptide-timeout/src/main/resources
[INFO] 
[INFO] --- maven-compiler-plugin:3.8.0:compile (default-compile) @ riptide-timeout ---
[INFO] Changes detected - recompiling the module!
[INFO] Compiling 2 source files to /home/srafi/after-cam-ready/compare_/compile_repair_output/work/083487acfb45/riptide-timeout/target/classes
[INFO] 
[INFO] --- maven-resources-plugin:3.1.0:testResources (default-testResources) @ riptide-timeout ---
[INFO] Using 'UTF-8' encoding to copy filtered resources.
[INFO] skip non existing resourceDirectory /home/srafi/after-cam-ready/compare_/compile_repair_output/work/083487acfb45/riptide-timeout/src/test/resources
[INFO] 
[INFO] --- maven-compiler-plugin:3.8.0:testCompile (default-testCompile) @ riptide-timeout ---
[INFO] Changes detected - recompiling the module!
[INFO] Compiling 2 source files to /home/srafi/after-cam-ready/compare_/compile_repair_output/work/083487acfb45/riptide-timeout/target/test-classes
[INFO] 
[INFO] --- maven-surefire-plugin:2.22.1:test (default-test) @ riptide-timeout ---
[INFO] Tests are skipped.
[INFO] 
[INFO] --- maven-jar-plugin:2.4:jar (default-jar) @ riptide-timeout ---
[INFO] Building jar: /home/srafi/after-cam-ready/compare_/compile_repair_output/work/083487acfb45/riptide-timeout/target/riptide-timeout-2.11.0-SNAPSHOT.jar
[INFO] 
[INFO] --- dependency-check-maven:3.3.4:check (default) @ riptide-timeout ---
[INFO] Skipping dependency-check
[INFO] 
[INFO] --- jacoco-maven-plugin:0.8.2:report (report) @ riptide-timeout ---
[INFO] Skipping JaCoCo execution due to missing execution data file.
[INFO] 
[INFO] --- jacoco-maven-plugin:0.8.2:check (check) @ riptide-timeout ---
[INFO] Skipping JaCoCo execution due to missing execution data file:/home/srafi/after-cam-ready/compare_/compile_repair_output/work/083487acfb45/riptide-timeout/target/jacoco.exec
[INFO] 
[INFO] --- maven-install-plugin:2.4:install (default-install) @ riptide-timeout ---
[INFO] Installing /home/srafi/after-cam-ready/compare_/compile_repair_output/work/083487acfb45/riptide-timeout/target/riptide-timeout-2.11.0-SNAPSHOT.jar to /home/srafi/.m2/repository/org/zalando/riptide-timeout/2.11.0-SNAPSHOT/riptide-timeout-2.11.0-SNAPSHOT.jar
[INFO] Installing /home/srafi/after-cam-ready/compare_/compile_repair_output/work/083487acfb45/riptide-timeout/pom.xml to /home/srafi/.m2/repository/org/zalando/riptide-timeout/2.11.0-SNAPSHOT/riptide-timeout-2.11.0-SNAPSHOT.pom
[INFO] 
[INFO] --------------< org.zalando:riptide-spring-boot-starter >---------------
[INFO] Building Riptide: Spring Boot Starter 2.11.0-SNAPSHOT            [14/14]
[INFO] --------------------------------[ jar ]---------------------------------
[INFO] Downloading from central: https://repo.maven.apache.org/maven2/junit/junit-dep/maven-metadata.xml
[INFO] Downloaded from central: https://repo.maven.apache.org/maven2/junit/junit-dep/maven-metadata.xml (563 B at 19 kB/s)
[INFO] 
[INFO] --- maven-clean-plugin:2.5:clean (default-clean) @ riptide-spring-boot-starter ---
[INFO] 
[INFO] --- maven-enforcer-plugin:3.0.0-M2:enforce (enforce-maven) @ riptide-spring-boot-starter ---
[INFO] Skipping Rule Enforcement.
[INFO] 
[INFO] --- duplicate-finder-maven-plugin:1.3.0:check (default) @ riptide-spring-boot-starter ---
[INFO] Checking compile classpath
[INFO] Checking runtime classpath
[INFO] Checking test classpath
[INFO] 
[INFO] --- jacoco-maven-plugin:0.8.2:prepare-agent (prepare-agent) @ riptide-spring-boot-starter ---
[INFO] argLine set to -javaagent:/home/srafi/.m2/repository/org/jacoco/org.jacoco.agent/0.8.2/org.jacoco.agent-0.8.2-runtime.jar=destfile=/home/srafi/after-cam-ready/compare_/compile_repair_output/work/083487acfb45/riptide-spring-boot-starter/target/jacoco.exec
[INFO] 
[INFO] --- maven-resources-plugin:3.1.0:resources (default-resources) @ riptide-spring-boot-starter ---
[INFO] Using 'UTF-8' encoding to copy filtered resources.
[INFO] Copying 1 resource
[INFO] 
[INFO] --- maven-compiler-plugin:3.8.0:compile (default-compile) @ riptide-spring-boot-starter ---
[INFO] Changes detected - recompiling the module!
[INFO] Compiling 18 source files to /home/srafi/after-cam-ready/compare_/compile_repair_output/work/083487acfb45/riptide-spring-boot-starter/target/classes
[INFO] /home/srafi/after-cam-ready/compare_/compile_repair_output/work/083487acfb45/riptide-spring-boot-starter/src/main/java/org/zalando/riptide/spring/HttpFactory.java: Some input files use or override a deprecated API.
[INFO] /home/srafi/after-cam-ready/compare_/compile_repair_output/work/083487acfb45/riptide-spring-boot-starter/src/main/java/org/zalando/riptide/spring/HttpFactory.java: Recompile with -Xlint:deprecation for details.
[INFO] 
[INFO] --- maven-resources-plugin:3.1.0:testResources (default-testResources) @ riptide-spring-boot-starter ---
[INFO] Using 'UTF-8' encoding to copy filtered resources.
[INFO] Copying 11 resources
[INFO] 
[INFO] --- maven-compiler-plugin:3.8.0:testCompile (default-testCompile) @ riptide-spring-boot-starter ---
[INFO] Changes detected - recompiling the module!
[INFO] Compiling 30 source files to /home/srafi/after-cam-ready/compare_/compile_repair_output/work/083487acfb45/riptide-spring-boot-starter/target/test-classes
[INFO] /home/srafi/after-cam-ready/compare_/compile_repair_output/work/083487acfb45/riptide-spring-boot-starter/src/test/java/org/zalando/riptide/spring/ClientConfigurationTest.java: Some input files use or override a deprecated API.
[INFO] /home/srafi/after-cam-ready/compare_/compile_repair_output/work/083487acfb45/riptide-spring-boot-starter/src/test/java/org/zalando/riptide/spring/ClientConfigurationTest.java: Recompile with -Xlint:deprecation for details.
[INFO] 
[INFO] --- maven-surefire-plugin:2.22.1:test (default-test) @ riptide-spring-boot-starter ---
[INFO] Tests are skipped.
[INFO] 
[INFO] --- maven-jar-plugin:2.4:jar (default-jar) @ riptide-spring-boot-starter ---
[INFO] Building jar: /home/srafi/after-cam-ready/compare_/compile_repair_output/work/083487acfb45/riptide-spring-boot-starter/target/riptide-spring-boot-starter-2.11.0-SNAPSHOT.jar
[INFO] 
[INFO] --- dependency-check-maven:3.3.4:check (default) @ riptide-spring-boot-starter ---
[INFO] Skipping dependency-check
[INFO] 
[INFO] --- jacoco-maven-plugin:0.8.2:report (report) @ riptide-spring-boot-starter ---
[INFO] Skipping JaCoCo execution due to missing execution data file.
[INFO] 
[INFO] --- jacoco-maven-plugin:0.8.2:check (check) @ riptide-spring-boot-starter ---
[INFO] Skipping JaCoCo execution due to missing execution data file:/home/srafi/after-cam-ready/compare_/compile_repair_output/work/083487acfb45/riptide-spring-boot-starter/target/jacoco.exec
[INFO] 
[INFO] --- maven-install-plugin:2.4:install (default-install) @ riptide-spring-boot-starter ---
[INFO] Installing /home/srafi/after-cam-ready/compare_/compile_repair_output/work/083487acfb45/riptide-spring-boot-starter/target/riptide-spring-boot-starter-2.11.0-SNAPSHOT.jar to /home/srafi/.m2/repository/org/zalando/riptide-spring-boot-starter/2.11.0-SNAPSHOT/riptide-spring-boot-starter-2.11.0-SNAPSHOT.jar
[INFO] Installing /home/srafi/after-cam-ready/compare_/compile_repair_output/work/083487acfb45/riptide-spring-boot-starter/pom.xml to /home/srafi/.m2/repository/org/zalando/riptide-spring-boot-starter/2.11.0-SNAPSHOT/riptide-spring-boot-starter-2.11.0-SNAPSHOT.pom
[INFO] ------------------------------------------------------------------------
[INFO] Reactor Summary:
[INFO] 
[INFO] Riptide 2.11.0-SNAPSHOT ............................ SUCCESS [  1.246 s]
[INFO] Riptide: Core ...................................... SUCCESS [  2.897 s]
[INFO] Riptide: Capture ................................... SUCCESS [  0.542 s]
[INFO] Riptide: Metrics ................................... SUCCESS [  0.595 s]
[INFO] Riptide: HTTP Client ............................... SUCCESS [  0.641 s]
[INFO] Riptide: Backup .................................... SUCCESS [  0.518 s]
[INFO] Riptide: Failsafe .................................. SUCCESS [  0.759 s]
[INFO] Riptide: Faults .................................... SUCCESS [  0.532 s]
[INFO] Riptide: Spring Boot API ........................... SUCCESS [  0.857 s]
[INFO] Riptide: Spring Boot 1.x Support ................... SUCCESS [  0.596 s]
[INFO] Riptide: Spring Boot 2.x Support ................... SUCCESS [  0.572 s]
[INFO] Riptide: Stream .................................... SUCCESS [  0.661 s]
[INFO] Riptide: Timeout ................................... SUCCESS [  0.478 s]
[INFO] Riptide: Spring Boot Starter 2.11.0-SNAPSHOT ....... SUCCESS [  1.438 s]
[INFO] ------------------------------------------------------------------------
[INFO] BUILD SUCCESS
[INFO] ------------------------------------------------------------------------
[INFO] Total time: 12.640 s
[INFO] Finished at: 2026-08-15T17:26:46-04:00
[INFO] ------------------------------------------------------------------------
