JAVA_HOME=/usr/lib/jvm/java-8-openjdk-amd64
COMMAND=mvn -B clean install -DskipTests -U -Ddependency-check.skip=true -Dgpg.skip=true -DfailIfNoTests=false -Dskip.installnodenpm=true -Dskip.npm=true -Dskip.yarn=true -Dlicense.skip=true -Dcheckstyle.skip=true -Drat.skip=true -Denforcer.skip=true -Danimal.sniffer.skip=true -Dmaven.javadoc.skip=true -Dfindbugs.skip=true -Dspotbugs.skip=true -Dwarbucks.skip=true -Dmodernizer.skip=true -Dimpsort.skip=true -Dmdep.analyze.skip=true -Dpgpverify.skip=true -Dxml.skip=true -Dcobertura.skip=true

[INFO] Scanning for projects...
Warning: KebabPizza disabling incompatible org.jacoco:jacoco-maven-plugin from rrd4j
[INFO] 
[INFO] --------------------------< org.rrd4j:rrd4j >---------------------------
[INFO] Building RRD4J 3.9-SNAPSHOT
[INFO] --------------------------------[ jar ]---------------------------------
[INFO] Downloading from central: https://repo.maven.apache.org/maven2/biz/aQute/bnd/bnd-maven-plugin/6.0.0/bnd-maven-plugin-6.0.0.pom
[INFO] Downloaded from central: https://repo.maven.apache.org/maven2/biz/aQute/bnd/bnd-maven-plugin/6.0.0/bnd-maven-plugin-6.0.0.pom (4.2 kB at 17 kB/s)
[INFO] Downloading from central: https://repo.maven.apache.org/maven2/biz/aQute/bnd/bnd-maven-plugin/6.0.0/bnd-maven-plugin-6.0.0.jar
[INFO] Downloaded from central: https://repo.maven.apache.org/maven2/biz/aQute/bnd/bnd-maven-plugin/6.0.0/bnd-maven-plugin-6.0.0.jar (25 kB at 237 kB/s)
[INFO] Downloading from central: https://repo.maven.apache.org/maven2/com/sleepycat/je/18.3.12/je-18.3.12.pom
[INFO] Downloaded from central: https://repo.maven.apache.org/maven2/com/sleepycat/je/18.3.12/je-18.3.12.pom (1.3 kB at 39 kB/s)
[INFO] Downloading from central: https://repo.maven.apache.org/maven2/org/mongodb/mongo-java-driver/3.12.10/mongo-java-driver-3.12.10.pom
[INFO] Downloaded from central: https://repo.maven.apache.org/maven2/org/mongodb/mongo-java-driver/3.12.10/mongo-java-driver-3.12.10.pom (2.9 kB at 91 kB/s)
[INFO] Downloading from central: https://repo.maven.apache.org/maven2/org/ops4j/pax/exam/pax-exam-container-native/4.13.4/pax-exam-container-native-4.13.4.pom
[INFO] Downloaded from central: https://repo.maven.apache.org/maven2/org/ops4j/pax/exam/pax-exam-container-native/4.13.4/pax-exam-container-native-4.13.4.pom (3.1 kB at 12 kB/s)
[INFO] Downloading from central: https://repo.maven.apache.org/maven2/org/ops4j/pax/exam/4.13.4/exam-4.13.4.pom
[INFO] Downloaded from central: https://repo.maven.apache.org/maven2/org/ops4j/pax/exam/4.13.4/exam-4.13.4.pom (43 kB at 392 kB/s)
[INFO] Downloading from central: https://repo.maven.apache.org/maven2/org/ops4j/pax/exam-reactor/4.13.4/exam-reactor-4.13.4.pom
[INFO] Downloaded from central: https://repo.maven.apache.org/maven2/org/ops4j/pax/exam-reactor/4.13.4/exam-reactor-4.13.4.pom (4.0 kB at 37 kB/s)
[INFO] Downloading from central: https://repo.maven.apache.org/maven2/org/ops4j/pax/exam/pax-exam/4.13.4/pax-exam-4.13.4.pom
[INFO] Downloaded from central: https://repo.maven.apache.org/maven2/org/ops4j/pax/exam/pax-exam/4.13.4/pax-exam-4.13.4.pom (2.8 kB at 28 kB/s)
[INFO] Downloading from central: https://repo.maven.apache.org/maven2/org/ops4j/base/ops4j-base-exec/1.5.1/ops4j-base-exec-1.5.1.pom
[INFO] Downloaded from central: https://repo.maven.apache.org/maven2/org/ops4j/base/ops4j-base-exec/1.5.1/ops4j-base-exec-1.5.1.pom (1.5 kB at 51 kB/s)
[INFO] Downloading from central: https://repo.maven.apache.org/maven2/org/ops4j/base/1.5.1/base-1.5.1.pom
[INFO] Downloaded from central: https://repo.maven.apache.org/maven2/org/ops4j/base/1.5.1/base-1.5.1.pom (6.8 kB at 227 kB/s)
[INFO] Downloading from central: https://repo.maven.apache.org/maven2/org/slf4j/slf4j-api/1.5.11/slf4j-api-1.5.11.pom
[INFO] Downloaded from central: https://repo.maven.apache.org/maven2/org/slf4j/slf4j-api/1.5.11/slf4j-api-1.5.11.pom (3.0 kB at 97 kB/s)
[INFO] Downloading from central: https://repo.maven.apache.org/maven2/org/slf4j/slf4j-parent/1.5.11/slf4j-parent-1.5.11.pom
[INFO] Downloaded from central: https://repo.maven.apache.org/maven2/org/slf4j/slf4j-parent/1.5.11/slf4j-parent-1.5.11.pom (8.8 kB at 304 kB/s)
[INFO] Downloading from central: https://repo.maven.apache.org/maven2/org/ops4j/base/ops4j-base-io/1.5.1/ops4j-base-io-1.5.1.pom
[INFO] Downloaded from central: https://repo.maven.apache.org/maven2/org/ops4j/base/ops4j-base-io/1.5.1/ops4j-base-io-1.5.1.pom (1.4 kB at 47 kB/s)
[INFO] Downloading from central: https://repo.maven.apache.org/maven2/org/ops4j/base/ops4j-base-lang/1.5.1/ops4j-base-lang-1.5.1.pom
[INFO] Downloaded from central: https://repo.maven.apache.org/maven2/org/ops4j/base/ops4j-base-lang/1.5.1/ops4j-base-lang-1.5.1.pom (988 B at 33 kB/s)
[INFO] Downloading from central: https://repo.maven.apache.org/maven2/org/ops4j/base/ops4j-base-monitors/1.5.1/ops4j-base-monitors-1.5.1.pom
[INFO] Downloaded from central: https://repo.maven.apache.org/maven2/org/ops4j/base/ops4j-base-monitors/1.5.1/ops4j-base-monitors-1.5.1.pom (1.0 kB at 32 kB/s)
[INFO] Downloading from central: https://repo.maven.apache.org/maven2/org/ops4j/base/ops4j-base-store/1.5.1/ops4j-base-store-1.5.1.pom
[INFO] Downloaded from central: https://repo.maven.apache.org/maven2/org/ops4j/base/ops4j-base-store/1.5.1/ops4j-base-store-1.5.1.pom (1.2 kB at 45 kB/s)
[INFO] Downloading from central: https://repo.maven.apache.org/maven2/org/ops4j/base/ops4j-base-util-property/1.5.1/ops4j-base-util-property-1.5.1.pom
[INFO] Downloaded from central: https://repo.maven.apache.org/maven2/org/ops4j/base/ops4j-base-util-property/1.5.1/ops4j-base-util-property-1.5.1.pom (1.0 kB at 37 kB/s)
[INFO] Downloading from central: https://repo.maven.apache.org/maven2/org/ops4j/pax/exam/pax-exam-spi/4.13.4/pax-exam-spi-4.13.4.pom
[INFO] Downloaded from central: https://repo.maven.apache.org/maven2/org/ops4j/pax/exam/pax-exam-spi/4.13.4/pax-exam-spi-4.13.4.pom (3.3 kB at 60 kB/s)
[INFO] Downloading from central: https://repo.maven.apache.org/maven2/org/ops4j/base/ops4j-base-spi/1.5.1/ops4j-base-spi-1.5.1.pom
[INFO] Downloaded from central: https://repo.maven.apache.org/maven2/org/ops4j/base/ops4j-base-spi/1.5.1/ops4j-base-spi-1.5.1.pom (985 B at 31 kB/s)
[INFO] Downloading from central: https://repo.maven.apache.org/maven2/org/ops4j/pax/tinybundles/tinybundles/2.1.1/tinybundles-2.1.1.pom
[INFO] Downloaded from central: https://repo.maven.apache.org/maven2/org/ops4j/pax/tinybundles/tinybundles/2.1.1/tinybundles-2.1.1.pom (6.7 kB at 202 kB/s)
[INFO] Downloading from central: https://repo.maven.apache.org/maven2/org/ops4j/pax/swissbox/pax-swissbox-core/1.8.3/pax-swissbox-core-1.8.3.pom
[INFO] Downloaded from central: https://repo.maven.apache.org/maven2/org/ops4j/pax/swissbox/pax-swissbox-core/1.8.3/pax-swissbox-core-1.8.3.pom (1.5 kB at 43 kB/s)
[INFO] Downloading from central: https://repo.maven.apache.org/maven2/org/ops4j/pax/swissbox/pax-swissbox-lifecycle/1.8.3/pax-swissbox-lifecycle-1.8.3.pom
[INFO] Downloaded from central: https://repo.maven.apache.org/maven2/org/ops4j/pax/swissbox/pax-swissbox-lifecycle/1.8.3/pax-swissbox-lifecycle-1.8.3.pom (1.1 kB at 34 kB/s)
[INFO] Downloading from central: https://repo.maven.apache.org/maven2/org/ops4j/pax/swissbox/pax-swissbox-tracker/1.8.3/pax-swissbox-tracker-1.8.3.pom
[INFO] Downloaded from central: https://repo.maven.apache.org/maven2/org/ops4j/pax/swissbox/pax-swissbox-tracker/1.8.3/pax-swissbox-tracker-1.8.3.pom (1.7 kB at 56 kB/s)
[INFO] Downloading from central: https://repo.maven.apache.org/maven2/org/ops4j/base/ops4j-base-net/1.5.1/ops4j-base-net-1.5.1.pom
[INFO] Downloaded from central: https://repo.maven.apache.org/maven2/org/ops4j/base/ops4j-base-net/1.5.1/ops4j-base-net-1.5.1.pom (1.4 kB at 39 kB/s)
[INFO] Downloading from central: https://repo.maven.apache.org/maven2/org/ops4j/pax/url/pax-url-link/2.6.2/pax-url-link-2.6.2.pom
[INFO] Downloaded from central: https://repo.maven.apache.org/maven2/org/ops4j/pax/url/pax-url-link/2.6.2/pax-url-link-2.6.2.pom (3.3 kB at 27 kB/s)
[INFO] Downloading from central: https://repo.maven.apache.org/maven2/org/ops4j/pax/url/2.6.2/url-2.6.2.pom
[INFO] Downloaded from central: https://repo.maven.apache.org/maven2/org/ops4j/pax/url/2.6.2/url-2.6.2.pom (26 kB at 650 kB/s)
[INFO] Downloading from central: https://repo.maven.apache.org/maven2/org/ops4j/pax/url/pax-url-commons/2.6.2/pax-url-commons-2.6.2.pom
[INFO] Downloaded from central: https://repo.maven.apache.org/maven2/org/ops4j/pax/url/pax-url-commons/2.6.2/pax-url-commons-2.6.2.pom (3.0 kB at 84 kB/s)
[INFO] Downloading from central: https://repo.maven.apache.org/maven2/org/ops4j/pax/url/pax-url-classpath/2.6.2/pax-url-classpath-2.6.2.pom
[INFO] Downloaded from central: https://repo.maven.apache.org/maven2/org/ops4j/pax/url/pax-url-classpath/2.6.2/pax-url-classpath-2.6.2.pom (3.3 kB at 69 kB/s)
[INFO] Downloading from central: https://repo.maven.apache.org/maven2/org/ops4j/pax/swissbox/pax-swissbox-optional-jcl/1.8.3/pax-swissbox-optional-jcl-1.8.3.pom
[INFO] Downloaded from central: https://repo.maven.apache.org/maven2/org/ops4j/pax/swissbox/pax-swissbox-optional-jcl/1.8.3/pax-swissbox-optional-jcl-1.8.3.pom (1.5 kB at 47 kB/s)
[INFO] Downloading from central: https://repo.maven.apache.org/maven2/org/ops4j/pax/exam/pax-exam-junit4/4.13.4/pax-exam-junit4-4.13.4.pom
[INFO] Downloaded from central: https://repo.maven.apache.org/maven2/org/ops4j/pax/exam/pax-exam-junit4/4.13.4/pax-exam-junit4-4.13.4.pom (1.3 kB at 6.5 kB/s)
[INFO] Downloading from central: https://repo.maven.apache.org/maven2/org/ops4j/pax/exam/pax-exam-link-mvn/4.13.4/pax-exam-link-mvn-4.13.4.pom
[INFO] Downloaded from central: https://repo.maven.apache.org/maven2/org/ops4j/pax/exam/pax-exam-link-mvn/4.13.4/pax-exam-link-mvn-4.13.4.pom (1.3 kB at 37 kB/s)
[INFO] Downloading from central: https://repo.maven.apache.org/maven2/org/ops4j/pax/url/pax-url-aether/2.6.2/pax-url-aether-2.6.2.pom
[INFO] Downloaded from central: https://repo.maven.apache.org/maven2/org/ops4j/pax/url/pax-url-aether/2.6.2/pax-url-aether-2.6.2.pom (15 kB at 504 kB/s)
[INFO] Downloading from central: https://repo.maven.apache.org/maven2/org/ops4j/pax/url/pax-url-aether-support/2.6.2/pax-url-aether-support-2.6.2.pom
[INFO] Downloaded from central: https://repo.maven.apache.org/maven2/org/ops4j/pax/url/pax-url-aether-support/2.6.2/pax-url-aether-support-2.6.2.pom (1.8 kB at 59 kB/s)
[INFO] Downloading from central: https://repo.maven.apache.org/maven2/org/slf4j/jcl-over-slf4j/1.6.6/jcl-over-slf4j-1.6.6.pom
[INFO] Downloaded from central: https://repo.maven.apache.org/maven2/org/slf4j/jcl-over-slf4j/1.6.6/jcl-over-slf4j-1.6.6.pom (2.5 kB at 80 kB/s)
[INFO] Downloading from central: https://repo.maven.apache.org/maven2/org/apache/felix/org.apache.felix.framework/7.0.1/org.apache.felix.framework-7.0.1.pom
[INFO] Downloaded from central: https://repo.maven.apache.org/maven2/org/apache/felix/org.apache.felix.framework/7.0.1/org.apache.felix.framework-7.0.1.pom (9.8 kB at 317 kB/s)
[INFO] Downloading from central: https://repo.maven.apache.org/maven2/com/sleepycat/je/18.3.12/je-18.3.12.jar
[INFO] Downloading from central: https://repo.maven.apache.org/maven2/org/mongodb/mongo-java-driver/3.12.10/mongo-java-driver-3.12.10.jar
[INFO] Downloading from central: https://repo.maven.apache.org/maven2/org/ops4j/pax/exam/pax-exam-container-native/4.13.4/pax-exam-container-native-4.13.4.jar
[INFO] Downloading from central: https://repo.maven.apache.org/maven2/org/ops4j/pax/exam/pax-exam/4.13.4/pax-exam-4.13.4.jar
[INFO] Downloading from central: https://repo.maven.apache.org/maven2/org/ops4j/base/ops4j-base-exec/1.5.1/ops4j-base-exec-1.5.1.jar
[INFO] Downloaded from central: https://repo.maven.apache.org/maven2/org/ops4j/base/ops4j-base-exec/1.5.1/ops4j-base-exec-1.5.1.jar (13 kB at 224 kB/s)
[INFO] Downloading from central: https://repo.maven.apache.org/maven2/org/ops4j/base/ops4j-base-io/1.5.1/ops4j-base-io-1.5.1.jar
[INFO] Downloaded from central: https://repo.maven.apache.org/maven2/org/ops4j/pax/exam/pax-exam/4.13.4/pax-exam-4.13.4.jar (88 kB at 962 kB/s)
[INFO] Downloading from central: https://repo.maven.apache.org/maven2/org/ops4j/base/ops4j-base-store/1.5.1/ops4j-base-store-1.5.1.jar
[INFO] Downloaded from central: https://repo.maven.apache.org/maven2/org/ops4j/base/ops4j-base-io/1.5.1/ops4j-base-io-1.5.1.jar (26 kB at 280 kB/s)
[INFO] Downloading from central: https://repo.maven.apache.org/maven2/org/ops4j/base/ops4j-base-util-property/1.5.1/ops4j-base-util-property-1.5.1.jar
[INFO] Downloaded from central: https://repo.maven.apache.org/maven2/com/sleepycat/je/18.3.12/je-18.3.12.jar (3.5 MB at 31 MB/s)
[INFO] Downloading from central: https://repo.maven.apache.org/maven2/org/ops4j/pax/exam/pax-exam-spi/4.13.4/pax-exam-spi-4.13.4.jar
[INFO] Downloaded from central: https://repo.maven.apache.org/maven2/org/ops4j/base/ops4j-base-util-property/1.5.1/ops4j-base-util-property-1.5.1.jar (11 kB at 84 kB/s)
[INFO] Downloading from central: https://repo.maven.apache.org/maven2/org/ops4j/base/ops4j-base-spi/1.5.1/ops4j-base-spi-1.5.1.jar
[INFO] Downloaded from central: https://repo.maven.apache.org/maven2/org/ops4j/base/ops4j-base-store/1.5.1/ops4j-base-store-1.5.1.jar (13 kB at 100 kB/s)
[INFO] Downloading from central: https://repo.maven.apache.org/maven2/org/ops4j/pax/tinybundles/tinybundles/2.1.1/tinybundles-2.1.1.jar
[INFO] Downloaded from central: https://repo.maven.apache.org/maven2/org/mongodb/mongo-java-driver/3.12.10/mongo-java-driver-3.12.10.jar (2.3 MB at 16 MB/s)
[INFO] Downloading from central: https://repo.maven.apache.org/maven2/org/ops4j/pax/swissbox/pax-swissbox-core/1.8.3/pax-swissbox-core-1.8.3.jar
[INFO] Downloaded from central: https://repo.maven.apache.org/maven2/org/ops4j/base/ops4j-base-spi/1.5.1/ops4j-base-spi-1.5.1.jar (12 kB at 73 kB/s)
[INFO] Downloading from central: https://repo.maven.apache.org/maven2/org/ops4j/pax/swissbox/pax-swissbox-lifecycle/1.8.3/pax-swissbox-lifecycle-1.8.3.jar
[INFO] Downloaded from central: https://repo.maven.apache.org/maven2/org/ops4j/pax/exam/pax-exam-spi/4.13.4/pax-exam-spi-4.13.4.jar (70 kB at 412 kB/s)
[INFO] Downloading from central: https://repo.maven.apache.org/maven2/org/ops4j/pax/swissbox/pax-swissbox-tracker/1.8.3/pax-swissbox-tracker-1.8.3.jar
[INFO] Downloaded from central: https://repo.maven.apache.org/maven2/org/ops4j/pax/tinybundles/tinybundles/2.1.1/tinybundles-2.1.1.jar (30 kB at 171 kB/s)
[INFO] Downloading from central: https://repo.maven.apache.org/maven2/org/ops4j/base/ops4j-base-lang/1.5.1/ops4j-base-lang-1.5.1.jar
[INFO] Downloaded from central: https://repo.maven.apache.org/maven2/org/ops4j/pax/swissbox/pax-swissbox-core/1.8.3/pax-swissbox-core-1.8.3.jar (9.1 kB at 49 kB/s)
[INFO] Downloading from central: https://repo.maven.apache.org/maven2/org/ops4j/base/ops4j-base-net/1.5.1/ops4j-base-net-1.5.1.jar
[INFO] Downloaded from central: https://repo.maven.apache.org/maven2/org/ops4j/pax/swissbox/pax-swissbox-lifecycle/1.8.3/pax-swissbox-lifecycle-1.8.3.jar (6.6 kB at 34 kB/s)
[INFO] Downloading from central: https://repo.maven.apache.org/maven2/org/ops4j/base/ops4j-base-monitors/1.5.1/ops4j-base-monitors-1.5.1.jar
[INFO] Downloaded from central: https://repo.maven.apache.org/maven2/org/ops4j/pax/swissbox/pax-swissbox-tracker/1.8.3/pax-swissbox-tracker-1.8.3.jar (15 kB at 75 kB/s)
[INFO] Downloading from central: https://repo.maven.apache.org/maven2/org/ops4j/pax/url/pax-url-link/2.6.2/pax-url-link-2.6.2.jar
[INFO] Downloaded from central: https://repo.maven.apache.org/maven2/org/ops4j/base/ops4j-base-net/1.5.1/ops4j-base-net-1.5.1.jar (18 kB at 80 kB/s)
[INFO] Downloading from central: https://repo.maven.apache.org/maven2/org/ops4j/pax/url/pax-url-commons/2.6.2/pax-url-commons-2.6.2.jar
[INFO] Downloaded from central: https://repo.maven.apache.org/maven2/org/ops4j/base/ops4j-base-lang/1.5.1/ops4j-base-lang-1.5.1.jar (11 kB at 50 kB/s)
[INFO] Downloading from central: https://repo.maven.apache.org/maven2/org/ops4j/pax/url/pax-url-classpath/2.6.2/pax-url-classpath-2.6.2.jar
[INFO] Downloaded from central: https://repo.maven.apache.org/maven2/org/ops4j/base/ops4j-base-monitors/1.5.1/ops4j-base-monitors-1.5.1.jar (13 kB at 55 kB/s)
[INFO] Downloading from central: https://repo.maven.apache.org/maven2/org/ops4j/pax/swissbox/pax-swissbox-optional-jcl/1.8.3/pax-swissbox-optional-jcl-1.8.3.jar
[INFO] Downloaded from central: https://repo.maven.apache.org/maven2/org/ops4j/pax/url/pax-url-link/2.6.2/pax-url-link-2.6.2.jar (7.8 kB at 30 kB/s)
[INFO] Downloading from central: https://repo.maven.apache.org/maven2/org/ops4j/pax/exam/pax-exam-junit4/4.13.4/pax-exam-junit4-4.13.4.jar
[INFO] Downloaded from central: https://repo.maven.apache.org/maven2/org/ops4j/pax/exam/pax-exam-container-native/4.13.4/pax-exam-container-native-4.13.4.jar (21 kB at 79 kB/s)
[INFO] Downloaded from central: https://repo.maven.apache.org/maven2/org/ops4j/pax/url/pax-url-commons/2.6.2/pax-url-commons-2.6.2.jar (9.7 kB at 36 kB/s)
[INFO] Downloading from central: https://repo.maven.apache.org/maven2/org/ops4j/pax/exam/pax-exam-link-mvn/4.13.4/pax-exam-link-mvn-4.13.4.jar
[INFO] Downloading from central: https://repo.maven.apache.org/maven2/org/ops4j/pax/url/pax-url-aether/2.6.2/pax-url-aether-2.6.2.jar
[INFO] Downloaded from central: https://repo.maven.apache.org/maven2/org/ops4j/pax/swissbox/pax-swissbox-optional-jcl/1.8.3/pax-swissbox-optional-jcl-1.8.3.jar (6.7 kB at 25 kB/s)
[INFO] Downloading from central: https://repo.maven.apache.org/maven2/org/ops4j/pax/url/pax-url-aether-support/2.6.2/pax-url-aether-support-2.6.2.jar
[INFO] Downloaded from central: https://repo.maven.apache.org/maven2/org/ops4j/pax/url/pax-url-classpath/2.6.2/pax-url-classpath-2.6.2.jar (9.0 kB at 31 kB/s)
[INFO] Downloading from central: https://repo.maven.apache.org/maven2/org/slf4j/jcl-over-slf4j/1.6.6/jcl-over-slf4j-1.6.6.jar
[INFO] Downloaded from central: https://repo.maven.apache.org/maven2/org/ops4j/pax/exam/pax-exam-junit4/4.13.4/pax-exam-junit4-4.13.4.jar (35 kB at 118 kB/s)
[INFO] Downloading from central: https://repo.maven.apache.org/maven2/org/apache/felix/org.apache.felix.framework/7.0.1/org.apache.felix.framework-7.0.1.jar
[INFO] Downloaded from central: https://repo.maven.apache.org/maven2/org/slf4j/jcl-over-slf4j/1.6.6/jcl-over-slf4j-1.6.6.jar (17 kB at 52 kB/s)
[INFO] Downloaded from central: https://repo.maven.apache.org/maven2/org/ops4j/pax/url/pax-url-aether-support/2.6.2/pax-url-aether-support-2.6.2.jar (5.7 kB at 17 kB/s)
[INFO] Downloaded from central: https://repo.maven.apache.org/maven2/org/ops4j/pax/exam/pax-exam-link-mvn/4.13.4/pax-exam-link-mvn-4.13.4.jar (11 kB at 33 kB/s)
[INFO] Downloaded from central: https://repo.maven.apache.org/maven2/org/apache/felix/org.apache.felix.framework/7.0.1/org.apache.felix.framework-7.0.1.jar (774 kB at 2.2 MB/s)
[INFO] Downloaded from central: https://repo.maven.apache.org/maven2/org/ops4j/pax/url/pax-url-aether/2.6.2/pax-url-aether-2.6.2.jar (3.4 MB at 8.6 MB/s)
[INFO] 
[INFO] --- maven-clean-plugin:3.1.0:clean (default-clean) @ rrd4j ---
[INFO] 
[INFO] --- maven-resources-plugin:3.2.0:resources (default-resources) @ rrd4j ---
[INFO] Using 'UTF-8' encoding to copy filtered resources.
[INFO] Using 'UTF-8' encoding to copy filtered properties files.
[INFO] Copying 6 resources
[INFO] Copying 1 resource to META-INF
[INFO] 
[INFO] --- maven-compiler-plugin:3.8.1:compile (default-compile) @ rrd4j ---
[INFO] Changes detected - recompiling the module!
[INFO] Compiling 168 source files to /home/srafi/after-cam-ready/compare_/compile_repair_output/work/b1f5211d0427/target/classes
[INFO] /home/srafi/after-cam-ready/compare_/compile_repair_output/work/b1f5211d0427/src/main/java/org/rrd4j/core/FetchData.java: Some input files use or override a deprecated API.
[INFO] /home/srafi/after-cam-ready/compare_/compile_repair_output/work/b1f5211d0427/src/main/java/org/rrd4j/core/FetchData.java: Recompile with -Xlint:deprecation for details.
[INFO] 
[INFO] --- bnd-maven-plugin:6.0.0:bnd-process (bnd-process) @ rrd4j ---
[INFO] Downloading from central: https://repo.maven.apache.org/maven2/biz/aQute/bnd/biz.aQute.bnd.maven/6.0.0/biz.aQute.bnd.maven-6.0.0.pom
[INFO] Downloaded from central: https://repo.maven.apache.org/maven2/biz/aQute/bnd/biz.aQute.bnd.maven/6.0.0/biz.aQute.bnd.maven-6.0.0.pom (4.9 kB at 153 kB/s)
[INFO] Downloading from central: https://repo.maven.apache.org/maven2/biz/aQute/bnd/biz.aQute.bnd.util/6.0.0/biz.aQute.bnd.util-6.0.0.pom
[INFO] Downloaded from central: https://repo.maven.apache.org/maven2/biz/aQute/bnd/biz.aQute.bnd.util/6.0.0/biz.aQute.bnd.util-6.0.0.pom (2.7 kB at 78 kB/s)
[INFO] Downloading from central: https://repo.maven.apache.org/maven2/biz/aQute/bnd/biz.aQute.bndlib/6.0.0/biz.aQute.bndlib-6.0.0.pom
[INFO] Downloaded from central: https://repo.maven.apache.org/maven2/biz/aQute/bnd/biz.aQute.bndlib/6.0.0/biz.aQute.bndlib-6.0.0.pom (4.7 kB at 131 kB/s)
[INFO] Downloading from central: https://repo.maven.apache.org/maven2/biz/aQute/bnd/biz.aQute.resolve/6.0.0/biz.aQute.resolve-6.0.0.pom
[INFO] Downloaded from central: https://repo.maven.apache.org/maven2/biz/aQute/bnd/biz.aQute.resolve/6.0.0/biz.aQute.resolve-6.0.0.pom (5.1 kB at 163 kB/s)
[INFO] Downloading from central: https://repo.maven.apache.org/maven2/biz/aQute/bnd/biz.aQute.repository/6.0.0/biz.aQute.repository-6.0.0.pom
[INFO] Downloaded from central: https://repo.maven.apache.org/maven2/biz/aQute/bnd/biz.aQute.repository/6.0.0/biz.aQute.repository-6.0.0.pom (4.7 kB at 138 kB/s)
[INFO] Downloading from central: https://repo.maven.apache.org/maven2/biz/aQute/bnd/biz.aQute.bnd.maven/6.0.0/biz.aQute.bnd.maven-6.0.0.jar
[INFO] Downloading from central: https://repo.maven.apache.org/maven2/biz/aQute/bnd/biz.aQute.bnd.util/6.0.0/biz.aQute.bnd.util-6.0.0.jar
[INFO] Downloading from central: https://repo.maven.apache.org/maven2/biz/aQute/bnd/biz.aQute.repository/6.0.0/biz.aQute.repository-6.0.0.jar
[INFO] Downloading from central: https://repo.maven.apache.org/maven2/biz/aQute/bnd/biz.aQute.bndlib/6.0.0/biz.aQute.bndlib-6.0.0.jar
[INFO] Downloading from central: https://repo.maven.apache.org/maven2/biz/aQute/bnd/biz.aQute.resolve/6.0.0/biz.aQute.resolve-6.0.0.jar
[INFO] Downloaded from central: https://repo.maven.apache.org/maven2/biz/aQute/bnd/biz.aQute.bnd.maven/6.0.0/biz.aQute.bnd.maven-6.0.0.jar (128 kB at 3.3 MB/s)
[INFO] Downloaded from central: https://repo.maven.apache.org/maven2/biz/aQute/bnd/biz.aQute.repository/6.0.0/biz.aQute.repository-6.0.0.jar (1.0 MB at 20 MB/s)
[INFO] Downloaded from central: https://repo.maven.apache.org/maven2/biz/aQute/bnd/biz.aQute.resolve/6.0.0/biz.aQute.resolve-6.0.0.jar (624 kB at 12 MB/s)
[INFO] Downloaded from central: https://repo.maven.apache.org/maven2/biz/aQute/bnd/biz.aQute.bnd.util/6.0.0/biz.aQute.bnd.util-6.0.0.jar (406 kB at 6.1 MB/s)
[INFO] Downloaded from central: https://repo.maven.apache.org/maven2/biz/aQute/bnd/biz.aQute.bndlib/6.0.0/biz.aQute.bndlib-6.0.0.jar (3.5 MB at 41 MB/s)
[WARNING] Cannot consider developer in line '626' of file '/home/srafi/after-cam-ready/compare_/compile_repair_output/work/b1f5211d0427/pom.xml' for bundle header 'Bundle-Developers' as it does not contain the mandatory id.
[WARNING] Cannot consider developer in line '629' of file '/home/srafi/after-cam-ready/compare_/compile_repair_output/work/b1f5211d0427/pom.xml' for bundle header 'Bundle-Developers' as it does not contain the mandatory id.
[INFO] 
[INFO] --- maven-resources-plugin:3.2.0:testResources (default-testResources) @ rrd4j ---
[INFO] Using 'UTF-8' encoding to copy filtered resources.
[INFO] Using 'UTF-8' encoding to copy filtered properties files.
[INFO] Copying 30 resources
[INFO] 
[INFO] --- maven-compiler-plugin:3.8.1:testCompile (default-testCompile) @ rrd4j ---
[INFO] Changes detected - recompiling the module!
[INFO] Compiling 47 source files to /home/srafi/after-cam-ready/compare_/compile_repair_output/work/b1f5211d0427/target/test-classes
[INFO] /home/srafi/after-cam-ready/compare_/compile_repair_output/work/b1f5211d0427/src/test/java/org/rrd4j/core/RrdDbTest.java: Some input files use or override a deprecated API.
[INFO] /home/srafi/after-cam-ready/compare_/compile_repair_output/work/b1f5211d0427/src/test/java/org/rrd4j/core/RrdDbTest.java: Recompile with -Xlint:deprecation for details.
[INFO] 
[INFO] --- maven-surefire-plugin:3.0.0-M8-SNAPSHOT:test (default-test) @ rrd4j ---
[INFO] Downloading from apache.snapshots: https://repository.apache.org/snapshots/org/apache/maven/surefire/maven-surefire-common/3.0.0-M8-SNAPSHOT/maven-metadata.xml
[INFO] Downloading from apache.snapshots: https://repository.apache.org/snapshots/org/apache/maven/surefire/surefire-api/3.0.0-M8-SNAPSHOT/maven-metadata.xml
[INFO] Downloading from apache.snapshots: https://repository.apache.org/snapshots/org/apache/maven/surefire/surefire-logger-api/3.0.0-M8-SNAPSHOT/maven-metadata.xml
[INFO] Downloading from apache.snapshots: https://repository.apache.org/snapshots/org/apache/maven/surefire/surefire-shared-utils/3.0.0-M8-SNAPSHOT/maven-metadata.xml
[INFO] Downloading from apache.snapshots: https://repository.apache.org/snapshots/org/apache/maven/surefire/surefire-extensions-api/3.0.0-M8-SNAPSHOT/maven-metadata.xml
[INFO] Downloading from apache.snapshots: https://repository.apache.org/snapshots/org/apache/maven/surefire/surefire-booter/3.0.0-M8-SNAPSHOT/maven-metadata.xml
[INFO] Downloading from apache.snapshots: https://repository.apache.org/snapshots/org/apache/maven/surefire/surefire-extensions-spi/3.0.0-M8-SNAPSHOT/maven-metadata.xml
[INFO] Tests are skipped.
[INFO] 
[INFO] --- maven-jar-plugin:3.2.0:jar (default-jar) @ rrd4j ---
[INFO] Building jar: /home/srafi/after-cam-ready/compare_/compile_repair_output/work/b1f5211d0427/target/rrd4j-3.9-SNAPSHOT.jar
[INFO] 
[INFO] --- maven-resources-plugin:3.2.0:copy-resources (copy-resources) @ rrd4j ---
[INFO] Using 'UTF-8' encoding to copy filtered resources.
[INFO] Using 'UTF-8' encoding to copy filtered properties files.
[INFO] skip non existing resourceDirectory /home/srafi/after-cam-ready/compare_/compile_repair_output/work/b1f5211d0427/src/main/build
[INFO] 
[INFO] --- maven-jar-plugin:3.2.0:jar (converter) @ rrd4j ---
[INFO] Building jar: /home/srafi/after-cam-ready/compare_/compile_repair_output/work/b1f5211d0427/target/rrd4j-3.9-SNAPSHOT-converter.jar
[INFO] 
[INFO] --- maven-jar-plugin:3.2.0:jar (inspector) @ rrd4j ---
[INFO] Building jar: /home/srafi/after-cam-ready/compare_/compile_repair_output/work/b1f5211d0427/target/rrd4j-3.9-SNAPSHOT-inspector.jar
[INFO] 
[INFO] --- maven-jar-plugin:3.2.0:jar (demo) @ rrd4j ---
[INFO] Building jar: /home/srafi/after-cam-ready/compare_/compile_repair_output/work/b1f5211d0427/target/rrd4j-3.9-SNAPSHOT-demo.jar
[INFO] 
[INFO] --- maven-jar-plugin:3.2.0:jar (epoch) @ rrd4j ---
[INFO] Building jar: /home/srafi/after-cam-ready/compare_/compile_repair_output/work/b1f5211d0427/target/rrd4j-3.9-SNAPSHOT-epoch.jar
[INFO] 
[INFO] --- maven-source-plugin:3.2.1:jar-no-fork (attach-source) @ rrd4j ---
[INFO] Building jar: /home/srafi/after-cam-ready/compare_/compile_repair_output/work/b1f5211d0427/target/rrd4j-3.9-SNAPSHOT-sources.jar
[INFO] 
[INFO] --- maven-javadoc-plugin:3.3.1:jar (attach-javadocs) @ rrd4j ---
[INFO] Skipping javadoc generation
[INFO] 
[INFO] --- maven-install-plugin:3.0.0-M1:install (default-install) @ rrd4j ---
[INFO] Installing /home/srafi/after-cam-ready/compare_/compile_repair_output/work/b1f5211d0427/target/rrd4j-3.9-SNAPSHOT.jar to /home/srafi/.m2/repository/org/rrd4j/rrd4j/3.9-SNAPSHOT/rrd4j-3.9-SNAPSHOT.jar
[INFO] Installing /home/srafi/after-cam-ready/compare_/compile_repair_output/work/b1f5211d0427/pom.xml to /home/srafi/.m2/repository/org/rrd4j/rrd4j/3.9-SNAPSHOT/rrd4j-3.9-SNAPSHOT.pom
[INFO] Installing /home/srafi/after-cam-ready/compare_/compile_repair_output/work/b1f5211d0427/target/rrd4j-3.9-SNAPSHOT-converter.jar to /home/srafi/.m2/repository/org/rrd4j/rrd4j/3.9-SNAPSHOT/rrd4j-3.9-SNAPSHOT-converter.jar
[INFO] Installing /home/srafi/after-cam-ready/compare_/compile_repair_output/work/b1f5211d0427/target/rrd4j-3.9-SNAPSHOT-inspector.jar to /home/srafi/.m2/repository/org/rrd4j/rrd4j/3.9-SNAPSHOT/rrd4j-3.9-SNAPSHOT-inspector.jar
[INFO] Installing /home/srafi/after-cam-ready/compare_/compile_repair_output/work/b1f5211d0427/target/rrd4j-3.9-SNAPSHOT-demo.jar to /home/srafi/.m2/repository/org/rrd4j/rrd4j/3.9-SNAPSHOT/rrd4j-3.9-SNAPSHOT-demo.jar
[INFO] Installing /home/srafi/after-cam-ready/compare_/compile_repair_output/work/b1f5211d0427/target/rrd4j-3.9-SNAPSHOT-epoch.jar to /home/srafi/.m2/repository/org/rrd4j/rrd4j/3.9-SNAPSHOT/rrd4j-3.9-SNAPSHOT-epoch.jar
[INFO] Installing /home/srafi/after-cam-ready/compare_/compile_repair_output/work/b1f5211d0427/target/rrd4j-3.9-SNAPSHOT-sources.jar to /home/srafi/.m2/repository/org/rrd4j/rrd4j/3.9-SNAPSHOT/rrd4j-3.9-SNAPSHOT-sources.jar
[INFO] ------------------------------------------------------------------------
[INFO] BUILD SUCCESS
[INFO] ------------------------------------------------------------------------
[INFO] Total time:  8.860 s
[INFO] Finished at: 2026-08-15T16:47:59-04:00
[INFO] ------------------------------------------------------------------------
