JAVA_HOME=/usr/lib/jvm/java-8-openjdk-amd64
COMMAND=mvn -B clean install -DskipTests -U -pl json-path -am -Ddependency-check.skip=true -Dgpg.skip=true -DfailIfNoTests=false -Dskip.installnodenpm=true -Dskip.npm=true -Dskip.yarn=true -Dlicense.skip=true -Dcheckstyle.skip=true -Drat.skip=true -Denforcer.skip=true -Danimal.sniffer.skip=true -Dmaven.javadoc.skip=true -Dfindbugs.skip=true -Dspotbugs.skip=true -Dwarbucks.skip=true -Dmodernizer.skip=true -Dimpsort.skip=true -Dmdep.analyze.skip=true -Dpgpverify.skip=true -Dxml.skip=true -Dcobertura.skip=true

[INFO] Scanning for projects...
[INFO] Downloading from central: https://repo.maven.apache.org/maven2/org/apache/felix/maven-bundle-plugin/maven-metadata.xml
[INFO] Downloaded from central: https://repo.maven.apache.org/maven2/org/apache/felix/maven-bundle-plugin/maven-metadata.xml (1.6 kB at 6.1 kB/s)
[WARNING] 
[WARNING] Some problems were encountered while building the effective model for io.rest-assured:json-schema-validator:jar:4.1.2
[WARNING] 'build.plugins.plugin.version' for org.apache.maven.plugins:maven-compiler-plugin is missing. @ io.rest-assured:rest-assured-parent:4.1.2, /home/srafi/after-cam-ready/compare_/compile_repair_output/work/fabe282bdba2/pom.xml, line 200, column 21
[WARNING] 'build.plugins.plugin.version' for org.apache.felix:maven-bundle-plugin is missing. @ io.rest-assured:rest-assured-parent:4.1.2, /home/srafi/after-cam-ready/compare_/compile_repair_output/work/fabe282bdba2/pom.xml, line 248, column 21
[WARNING] 
[WARNING] Some problems were encountered while building the effective model for io.rest-assured:spring-mock-mvc:jar:4.1.2
[WARNING] 'build.plugins.plugin.version' for org.apache.maven.plugins:maven-compiler-plugin is missing. @ io.rest-assured:rest-assured-parent:4.1.2, /home/srafi/after-cam-ready/compare_/compile_repair_output/work/fabe282bdba2/pom.xml, line 200, column 21
[WARNING] 'build.plugins.plugin.version' for org.apache.felix:maven-bundle-plugin is missing. @ io.rest-assured:rest-assured-parent:4.1.2, /home/srafi/after-cam-ready/compare_/compile_repair_output/work/fabe282bdba2/pom.xml, line 248, column 21
[WARNING] 
[WARNING] Some problems were encountered while building the effective model for io.rest-assured:scala-support:jar:4.1.2
[WARNING] 'build.plugins.plugin.version' for org.apache.maven.plugins:maven-compiler-plugin is missing. @ line 39, column 21
[WARNING] 'build.plugins.plugin.version' for org.apache.felix:maven-bundle-plugin is missing. @ io.rest-assured:rest-assured-parent:4.1.2, /home/srafi/after-cam-ready/compare_/compile_repair_output/work/fabe282bdba2/pom.xml, line 248, column 21
[WARNING] 
[WARNING] Some problems were encountered while building the effective model for io.rest-assured:spring-web-test-client:jar:4.1.2
[WARNING] 'build.plugins.plugin.version' for org.apache.maven.plugins:maven-compiler-plugin is missing. @ line 40, column 21
[WARNING] 'build.plugins.plugin.version' for org.apache.felix:maven-bundle-plugin is missing. @ io.rest-assured:rest-assured-parent:4.1.2, /home/srafi/after-cam-ready/compare_/compile_repair_output/work/fabe282bdba2/pom.xml, line 248, column 21
[WARNING] 
[WARNING] Some problems were encountered while building the effective model for io.rest-assured:spring-commons:jar:4.1.2
[WARNING] 'build.plugins.plugin.version' for org.apache.maven.plugins:maven-compiler-plugin is missing. @ io.rest-assured:rest-assured-parent:4.1.2, /home/srafi/after-cam-ready/compare_/compile_repair_output/work/fabe282bdba2/pom.xml, line 200, column 21
[WARNING] 'build.plugins.plugin.version' for org.apache.felix:maven-bundle-plugin is missing. @ io.rest-assured:rest-assured-parent:4.1.2, /home/srafi/after-cam-ready/compare_/compile_repair_output/work/fabe282bdba2/pom.xml, line 248, column 21
[WARNING] 
[WARNING] Some problems were encountered while building the effective model for io.rest-assured:kotlin-extensions:jar:4.1.2
[WARNING] 'build.plugins.plugin.version' for org.apache.maven.plugins:maven-compiler-plugin is missing. @ io.rest-assured:rest-assured-parent:4.1.2, /home/srafi/after-cam-ready/compare_/compile_repair_output/work/fabe282bdba2/pom.xml, line 200, column 21
[WARNING] 'build.plugins.plugin.version' for org.apache.felix:maven-bundle-plugin is missing. @ io.rest-assured:rest-assured-parent:4.1.2, /home/srafi/after-cam-ready/compare_/compile_repair_output/work/fabe282bdba2/pom.xml, line 248, column 21
[WARNING] 
[WARNING] Some problems were encountered while building the effective model for io.rest-assured:modules:pom:4.1.2
[WARNING] 'build.plugins.plugin.version' for org.apache.maven.plugins:maven-compiler-plugin is missing. @ io.rest-assured:rest-assured-parent:4.1.2, /home/srafi/after-cam-ready/compare_/compile_repair_output/work/fabe282bdba2/pom.xml, line 200, column 21
[WARNING] 'build.plugins.plugin.version' for org.apache.felix:maven-bundle-plugin is missing. @ io.rest-assured:rest-assured-parent:4.1.2, /home/srafi/after-cam-ready/compare_/compile_repair_output/work/fabe282bdba2/pom.xml, line 248, column 21
[WARNING] 
[WARNING] Some problems were encountered while building the effective model for io.rest-assured:rest-assured:bundle:4.1.2
[WARNING] 'build.plugins.plugin.version' for org.apache.maven.plugins:maven-compiler-plugin is missing. @ io.rest-assured:rest-assured-parent:4.1.2, /home/srafi/after-cam-ready/compare_/compile_repair_output/work/fabe282bdba2/pom.xml, line 200, column 21
[WARNING] 
[WARNING] Some problems were encountered while building the effective model for io.rest-assured:rest-assured-all:jar:4.1.2
[WARNING] 'build.plugins.plugin.version' for org.apache.maven.plugins:maven-compiler-plugin is missing. @ io.rest-assured:rest-assured-parent:4.1.2, /home/srafi/after-cam-ready/compare_/compile_repair_output/work/fabe282bdba2/pom.xml, line 200, column 21
[WARNING] 'build.plugins.plugin.version' for org.apache.felix:maven-bundle-plugin is missing. @ io.rest-assured:rest-assured-parent:4.1.2, /home/srafi/after-cam-ready/compare_/compile_repair_output/work/fabe282bdba2/pom.xml, line 248, column 21
[WARNING] 
[WARNING] Some problems were encountered while building the effective model for io.rest-assured.examples:scalatra-example:jar:4.1.2
[WARNING] 'build.plugins.plugin.version' for org.apache.maven.plugins:maven-compiler-plugin is missing. @ io.rest-assured:rest-assured-parent:4.1.2, /home/srafi/after-cam-ready/compare_/compile_repair_output/work/fabe282bdba2/pom.xml, line 200, column 21
[WARNING] 'build.plugins.plugin.version' for org.scala-tools:maven-scala-plugin is missing. @ line 40, column 21
[WARNING] 'build.plugins.plugin.version' for org.apache.felix:maven-bundle-plugin is missing. @ io.rest-assured:rest-assured-parent:4.1.2, /home/srafi/after-cam-ready/compare_/compile_repair_output/work/fabe282bdba2/pom.xml, line 248, column 21
[WARNING] 
[WARNING] Some problems were encountered while building the effective model for io.rest-assured.examples:scalatra-webapp:war:4.1.2
[WARNING] 'build.plugins.plugin.version' for org.apache.maven.plugins:maven-compiler-plugin is missing. @ io.rest-assured:rest-assured-parent:4.1.2, /home/srafi/after-cam-ready/compare_/compile_repair_output/work/fabe282bdba2/pom.xml, line 200, column 21
[WARNING] 'build.plugins.plugin.version' for org.apache.felix:maven-bundle-plugin is missing. @ io.rest-assured:rest-assured-parent:4.1.2, /home/srafi/after-cam-ready/compare_/compile_repair_output/work/fabe282bdba2/pom.xml, line 248, column 21
[WARNING] 
[WARNING] Some problems were encountered while building the effective model for io.rest-assured.examples:rest-assured-itest-java:jar:4.1.2
[WARNING] 'build.plugins.plugin.version' for org.apache.maven.plugins:maven-compiler-plugin is missing. @ line 33, column 21
[WARNING] 'build.plugins.plugin.version' for org.apache.felix:maven-bundle-plugin is missing. @ io.rest-assured:rest-assured-parent:4.1.2, /home/srafi/after-cam-ready/compare_/compile_repair_output/work/fabe282bdba2/pom.xml, line 248, column 21
[WARNING] 
[WARNING] Some problems were encountered while building the effective model for io.rest-assured.examples:spring-mvc-webapp:war:4.1.2
[WARNING] 'build.plugins.plugin.version' for org.apache.maven.plugins:maven-compiler-plugin is missing. @ io.rest-assured:rest-assured-parent:4.1.2, /home/srafi/after-cam-ready/compare_/compile_repair_output/work/fabe282bdba2/pom.xml, line 200, column 21
[WARNING] 'build.plugins.plugin.version' for org.apache.felix:maven-bundle-plugin is missing. @ io.rest-assured:rest-assured-parent:4.1.2, /home/srafi/after-cam-ready/compare_/compile_repair_output/work/fabe282bdba2/pom.xml, line 248, column 21
[WARNING] 
[WARNING] Some problems were encountered while building the effective model for io.rest-assured.examples:scala-example:jar:4.1.2
[WARNING] 'build.plugins.plugin.version' for org.apache.maven.plugins:maven-compiler-plugin is missing. @ line 38, column 21
[WARNING] 'build.plugins.plugin.version' for org.scala-tools:maven-scala-plugin is missing. @ line 47, column 21
[WARNING] 'build.plugins.plugin.version' for org.apache.felix:maven-bundle-plugin is missing. @ io.rest-assured:rest-assured-parent:4.1.2, /home/srafi/after-cam-ready/compare_/compile_repair_output/work/fabe282bdba2/pom.xml, line 248, column 21
[WARNING] 
[WARNING] Some problems were encountered while building the effective model for io.rest-assured.examples:scala-mock-mvc-example:jar:4.1.2
[WARNING] 'build.plugins.plugin.version' for org.apache.maven.plugins:maven-compiler-plugin is missing. @ line 39, column 21
[WARNING] 'build.plugins.plugin.version' for org.scala-tools:maven-scala-plugin is missing. @ line 48, column 21
[WARNING] 'build.plugins.plugin.version' for org.apache.felix:maven-bundle-plugin is missing. @ io.rest-assured:rest-assured-parent:4.1.2, /home/srafi/after-cam-ready/compare_/compile_repair_output/work/fabe282bdba2/pom.xml, line 248, column 21
[WARNING] 
[WARNING] Some problems were encountered while building the effective model for io.rest-assured.examples:example-parent:pom:4.1.2
[WARNING] 'build.plugins.plugin.version' for org.apache.maven.plugins:maven-compiler-plugin is missing. @ io.rest-assured:rest-assured-parent:4.1.2, /home/srafi/after-cam-ready/compare_/compile_repair_output/work/fabe282bdba2/pom.xml, line 200, column 21
[WARNING] 'build.plugins.plugin.version' for org.apache.felix:maven-bundle-plugin is missing. @ io.rest-assured:rest-assured-parent:4.1.2, /home/srafi/after-cam-ready/compare_/compile_repair_output/work/fabe282bdba2/pom.xml, line 248, column 21
[WARNING] 
[WARNING] Some problems were encountered while building the effective model for io.rest-assured:json-path:bundle:4.1.2
[WARNING] 'build.plugins.plugin.version' for org.apache.maven.plugins:maven-compiler-plugin is missing. @ io.rest-assured:rest-assured-parent:4.1.2, /home/srafi/after-cam-ready/compare_/compile_repair_output/work/fabe282bdba2/pom.xml, line 200, column 21
[WARNING] 'build.plugins.plugin.version' for org.apache.felix:maven-bundle-plugin is missing. @ line 41, column 21
[WARNING] 
[WARNING] Some problems were encountered while building the effective model for io.rest-assured:rest-assured-common:bundle:4.1.2
[WARNING] 'build.plugins.plugin.version' for org.apache.maven.plugins:maven-compiler-plugin is missing. @ io.rest-assured:rest-assured-parent:4.1.2, /home/srafi/after-cam-ready/compare_/compile_repair_output/work/fabe282bdba2/pom.xml, line 200, column 21
[WARNING] 'build.plugins.plugin.version' for org.apache.felix:maven-bundle-plugin is missing. @ line 42, column 21
[WARNING] 
[WARNING] Some problems were encountered while building the effective model for io.rest-assured:xml-path:bundle:4.1.2
[WARNING] 'build.plugins.plugin.version' for org.apache.maven.plugins:maven-compiler-plugin is missing. @ io.rest-assured:rest-assured-parent:4.1.2, /home/srafi/after-cam-ready/compare_/compile_repair_output/work/fabe282bdba2/pom.xml, line 200, column 21
[WARNING] 'build.plugins.plugin.version' for org.apache.felix:maven-bundle-plugin is missing. @ line 35, column 21
[WARNING] 
[WARNING] Some problems were encountered while building the effective model for io.rest-assured:rest-assured-parent:pom:4.1.2
[WARNING] 'build.plugins.plugin.version' for org.apache.maven.plugins:maven-compiler-plugin is missing. @ line 200, column 21
[WARNING] 'build.plugins.plugin.version' for org.apache.felix:maven-bundle-plugin is missing. @ line 248, column 21
[WARNING] 
[WARNING] It is highly recommended to fix these problems because they threaten the stability of your build.
[WARNING] 
[WARNING] For this reason, future Maven versions might no longer support building such malformed projects.
[WARNING] 
Warning: KebabPizza disabling incompatible org.apache.maven.plugins:maven-enforcer-plugin from rest-assured-parent
Warning: KebabPizza disabling incompatible org.basepom.maven:duplicate-finder-maven-plugin from rest-assured-parent
Warning: KebabPizza disabling incompatible org.apache.maven.plugins:maven-enforcer-plugin from rest-assured-common
Warning: KebabPizza disabling incompatible org.basepom.maven:duplicate-finder-maven-plugin from rest-assured-common
Warning: KebabPizza disabling incompatible org.apache.maven.plugins:maven-enforcer-plugin from json-path
Warning: KebabPizza disabling incompatible org.basepom.maven:duplicate-finder-maven-plugin from json-path
[INFO] ------------------------------------------------------------------------
[INFO] Reactor Build Order:
[INFO] 
[INFO] REST Assured Parent POM                                            [pom]
[INFO] rest-assured-common                                             [bundle]
[INFO] json-path                                                       [bundle]
[INFO] 
[INFO] ----------------< io.rest-assured:rest-assured-parent >-----------------
[INFO] Building REST Assured Parent POM 4.1.2                             [1/3]
[INFO] --------------------------------[ pom ]---------------------------------
[INFO] Downloading from central: https://repo.maven.apache.org/maven2/org/apache/maven/plugins/maven-compiler-plugin/maven-metadata.xml
[INFO] Downloaded from central: https://repo.maven.apache.org/maven2/org/apache/maven/plugins/maven-compiler-plugin/maven-metadata.xml (1.5 kB at 41 kB/s)
[INFO] 
[INFO] --- maven-clean-plugin:2.5:clean (default-clean) @ rest-assured-parent ---
[INFO] 
[INFO] --- maven-surefire-plugin:3.0.0-M8-SNAPSHOT:test (surefire-itest) @ rest-assured-parent ---
[INFO] Downloading from apache.snapshots: https://repository.apache.org/snapshots/org/apache/maven/surefire/maven-surefire-common/3.0.0-M8-SNAPSHOT/maven-metadata.xml
[INFO] Downloading from apache.snapshots: https://repository.apache.org/snapshots/org/apache/maven/surefire/surefire-api/3.0.0-M8-SNAPSHOT/maven-metadata.xml
[INFO] Downloading from apache.snapshots: https://repository.apache.org/snapshots/org/apache/maven/surefire/surefire-logger-api/3.0.0-M8-SNAPSHOT/maven-metadata.xml
[INFO] Downloading from apache.snapshots: https://repository.apache.org/snapshots/org/apache/maven/surefire/surefire-shared-utils/3.0.0-M8-SNAPSHOT/maven-metadata.xml
[INFO] Downloading from apache.snapshots: https://repository.apache.org/snapshots/org/apache/maven/surefire/surefire-extensions-api/3.0.0-M8-SNAPSHOT/maven-metadata.xml
[INFO] Downloading from apache.snapshots: https://repository.apache.org/snapshots/org/apache/maven/surefire/surefire-booter/3.0.0-M8-SNAPSHOT/maven-metadata.xml
[INFO] Downloading from apache.snapshots: https://repository.apache.org/snapshots/org/apache/maven/surefire/surefire-extensions-spi/3.0.0-M8-SNAPSHOT/maven-metadata.xml
[INFO] Tests are skipped.
[INFO] 
[INFO] --- maven-install-plugin:2.4:install (default-install) @ rest-assured-parent ---
[INFO] Installing /home/srafi/after-cam-ready/compare_/compile_repair_output/work/fabe282bdba2/pom.xml to /home/srafi/.m2/repository/io/rest-assured/rest-assured-parent/4.1.2/rest-assured-parent-4.1.2.pom
[INFO] 
[INFO] ----------------< io.rest-assured:rest-assured-common >-----------------
[INFO] Building rest-assured-common 4.1.2                                 [2/3]
[INFO] -------------------------------[ bundle ]-------------------------------
[INFO] Downloading from central: https://repo.maven.apache.org/maven2/org/apache/maven/plugins/maven-resources-plugin/maven-metadata.xml
[INFO] Downloaded from central: https://repo.maven.apache.org/maven2/org/apache/maven/plugins/maven-resources-plugin/maven-metadata.xml (1.1 kB at 27 kB/s)
[INFO] Downloading from central: https://repo.maven.apache.org/maven2/org/apache/maven/plugins/maven-install-plugin/maven-metadata.xml
[INFO] Downloaded from central: https://repo.maven.apache.org/maven2/org/apache/maven/plugins/maven-install-plugin/maven-metadata.xml (964 B at 24 kB/s)
[INFO] Downloading from central: https://repo.maven.apache.org/maven2/org/apache/maven/plugins/maven-deploy-plugin/maven-metadata.xml
[INFO] Downloaded from central: https://repo.maven.apache.org/maven2/org/apache/maven/plugins/maven-deploy-plugin/maven-metadata.xml (1.1 kB at 28 kB/s)
[WARNING] The POM for org.codehaus.groovy:groovy:jar:2.5.6 is invalid, transitive dependencies (if any) will not be available, enable debug logging for more details
[INFO] 
[INFO] --- maven-clean-plugin:2.5:clean (default-clean) @ rest-assured-common ---
[INFO] 
[INFO] --- gmaven-plugin:1.5:generateStubs (default) @ rest-assured-common ---
[INFO] ------------------------------------------------------------------------
[INFO] Reactor Summary for REST Assured Parent POM 4.1.2:
[INFO] 
[INFO] REST Assured Parent POM ............................ SUCCESS [  2.612 s]
[INFO] rest-assured-common ................................ FAILURE [  0.324 s]
[INFO] json-path .......................................... SKIPPED
[INFO] ------------------------------------------------------------------------
[INFO] BUILD FAILURE
[INFO] ------------------------------------------------------------------------
[INFO] Total time:  4.046 s
[INFO] Finished at: 2026-08-15T16:45:12-04:00
[INFO] ------------------------------------------------------------------------
[ERROR] Failed to execute goal org.codehaus.gmaven:gmaven-plugin:1.5:generateStubs (default) on project rest-assured-common: Execution default of goal org.codehaus.gmaven:gmaven-plugin:1.5:generateStubs failed: A required class was missing while executing org.codehaus.gmaven:gmaven-plugin:1.5:generateStubs: org/codehaus/groovy/control/CompilerConfiguration
[ERROR] -----------------------------------------------------
[ERROR] realm =    plugin>org.codehaus.gmaven:gmaven-plugin:1.5
[ERROR] strategy = org.codehaus.plexus.classworlds.strategy.SelfFirstStrategy
[ERROR] urls[0] = file:/home/srafi/.m2/repository/org/codehaus/gmaven/gmaven-plugin/1.5/gmaven-plugin-1.5.jar
[ERROR] urls[1] = file:/home/srafi/.m2/repository/org/codehaus/gmaven/runtime/gmaven-runtime-2.0/1.5/gmaven-runtime-2.0-1.5.jar
[ERROR] urls[2] = file:/home/srafi/.m2/repository/org/codehaus/gmaven/feature/gmaven-feature-support/1.5/gmaven-feature-support-1.5.jar
[ERROR] urls[3] = file:/home/srafi/.m2/repository/org/apache/ant/ant/1.8.2/ant-1.8.2.jar
[ERROR] urls[4] = file:/home/srafi/.m2/repository/org/apache/ant/ant-launcher/1.8.2/ant-launcher-1.8.2.jar
[ERROR] urls[5] = file:/home/srafi/.m2/repository/jline/jline/0.9.94/jline-0.9.94.jar
[ERROR] urls[6] = file:/home/srafi/.m2/repository/junit/junit/3.8.2/junit-3.8.2.jar
[ERROR] urls[7] = file:/home/srafi/.m2/repository/org/codehaus/groovy/groovy/2.5.6/groovy-2.5.6.jar
[ERROR] urls[8] = file:/home/srafi/.m2/repository/org/codehaus/gmaven/runtime/gmaven-runtime-api/1.5/gmaven-runtime-api-1.5.jar
[ERROR] urls[9] = file:/home/srafi/.m2/repository/org/codehaus/gmaven/feature/gmaven-feature-api/1.5/gmaven-feature-api-1.5.jar
[ERROR] urls[10] = file:/home/srafi/.m2/repository/org/codehaus/gmaven/runtime/gmaven-runtime-loader/1.5/gmaven-runtime-loader-1.5.jar
[ERROR] urls[11] = file:/home/srafi/.m2/repository/org/codehaus/gmaven/runtime/gmaven-runtime-support/1.5/gmaven-runtime-support-1.5.jar
[ERROR] urls[12] = file:/home/srafi/.m2/repository/org/sonatype/gshell/gshell-io/2.4/gshell-io-2.4.jar
[ERROR] urls[13] = file:/home/srafi/.m2/repository/org/codehaus/plexus/plexus-utils/3.0/plexus-utils-3.0.jar
[ERROR] urls[14] = file:/home/srafi/.m2/repository/com/thoughtworks/qdox/qdox/1.12/qdox-1.12.jar
[ERROR] urls[15] = file:/home/srafi/.m2/repository/org/apache/maven/shared/file-management/1.2.1/file-management-1.2.1.jar
[ERROR] urls[16] = file:/home/srafi/.m2/repository/org/apache/maven/shared/maven-shared-io/1.1/maven-shared-io-1.1.jar
[ERROR] urls[17] = file:/home/srafi/.m2/repository/org/apache/xbean/xbean-reflect/3.4/xbean-reflect-3.4.jar
[ERROR] urls[18] = file:/home/srafi/.m2/repository/log4j/log4j/1.2.12/log4j-1.2.12.jar
[ERROR] urls[19] = file:/home/srafi/.m2/repository/commons-logging/commons-logging-api/1.1/commons-logging-api-1.1.jar
[ERROR] urls[20] = file:/home/srafi/.m2/repository/com/google/collections/google-collections/1.0/google-collections-1.0.jar
[ERROR] urls[21] = file:/home/srafi/.m2/repository/org/apache/maven/reporting/maven-reporting-impl/2.0.4.1/maven-reporting-impl-2.0.4.1.jar
[ERROR] urls[22] = file:/home/srafi/.m2/repository/org/codehaus/plexus/plexus-interpolation/1.1/plexus-interpolation-1.1.jar
[ERROR] urls[23] = file:/home/srafi/.m2/repository/commons-validator/commons-validator/1.2.0/commons-validator-1.2.0.jar
[ERROR] urls[24] = file:/home/srafi/.m2/repository/commons-beanutils/commons-beanutils/1.7.0/commons-beanutils-1.7.0.jar
[ERROR] urls[25] = file:/home/srafi/.m2/repository/commons-digester/commons-digester/1.6/commons-digester-1.6.jar
[ERROR] urls[26] = file:/home/srafi/.m2/repository/commons-logging/commons-logging/1.0.4/commons-logging-1.0.4.jar
[ERROR] urls[27] = file:/home/srafi/.m2/repository/oro/oro/2.0.8/oro-2.0.8.jar
[ERROR] urls[28] = file:/home/srafi/.m2/repository/xml-apis/xml-apis/1.0.b2/xml-apis-1.0.b2.jar
[ERROR] urls[29] = file:/home/srafi/.m2/repository/org/apache/maven/doxia/doxia-core/1.0-alpha-10/doxia-core-1.0-alpha-10.jar
[ERROR] urls[30] = file:/home/srafi/.m2/repository/org/apache/maven/doxia/doxia-sink-api/1.0-alpha-10/doxia-sink-api-1.0-alpha-10.jar
[ERROR] urls[31] = file:/home/srafi/.m2/repository/org/apache/maven/reporting/maven-reporting-api/2.0.4/maven-reporting-api-2.0.4.jar
[ERROR] urls[32] = file:/home/srafi/.m2/repository/org/apache/maven/doxia/doxia-site-renderer/1.0-alpha-10/doxia-site-renderer-1.0-alpha-10.jar
[ERROR] urls[33] = file:/home/srafi/.m2/repository/org/codehaus/plexus/plexus-i18n/1.0-beta-7/plexus-i18n-1.0-beta-7.jar
[ERROR] urls[34] = file:/home/srafi/.m2/repository/org/codehaus/plexus/plexus-velocity/1.1.7/plexus-velocity-1.1.7.jar
[ERROR] urls[35] = file:/home/srafi/.m2/repository/org/apache/velocity/velocity/1.5/velocity-1.5.jar
[ERROR] urls[36] = file:/home/srafi/.m2/repository/org/apache/maven/doxia/doxia-decoration-model/1.0-alpha-10/doxia-decoration-model-1.0-alpha-10.jar
[ERROR] urls[37] = file:/home/srafi/.m2/repository/commons-collections/commons-collections/3.2/commons-collections-3.2.jar
[ERROR] urls[38] = file:/home/srafi/.m2/repository/org/apache/maven/doxia/doxia-module-apt/1.0-alpha-10/doxia-module-apt-1.0-alpha-10.jar
[ERROR] urls[39] = file:/home/srafi/.m2/repository/org/apache/maven/doxia/doxia-module-fml/1.0-alpha-10/doxia-module-fml-1.0-alpha-10.jar
[ERROR] urls[40] = file:/home/srafi/.m2/repository/org/apache/maven/doxia/doxia-module-xdoc/1.0-alpha-10/doxia-module-xdoc-1.0-alpha-10.jar
[ERROR] urls[41] = file:/home/srafi/.m2/repository/org/apache/maven/doxia/doxia-module-xhtml/1.0-alpha-10/doxia-module-xhtml-1.0-alpha-10.jar
[ERROR] urls[42] = file:/home/srafi/.m2/repository/commons-lang/commons-lang/2.6/commons-lang-2.6.jar
[ERROR] urls[43] = file:/home/srafi/.m2/repository/org/sonatype/gossip/gossip/1.2/gossip-1.2.jar
[ERROR] Number of foreign imports: 1
[ERROR] import: Entry[import  from realm ClassRealm[project>io.rest-assured:json-path:4.1.2, parent: ClassRealm[maven.api, parent: null]]]
[ERROR] 
[ERROR] -----------------------------------------------------: org.codehaus.groovy.control.CompilerConfiguration
[ERROR] -> [Help 1]
[ERROR] 
[ERROR] To see the full stack trace of the errors, re-run Maven with the -e switch.
[ERROR] Re-run Maven using the -X switch to enable full debug logging.
[ERROR] 
[ERROR] For more information about the errors and possible solutions, please read the following articles:
[ERROR] [Help 1] http://cwiki.apache.org/confluence/display/MAVEN/PluginContainerException
[ERROR] 
[ERROR] After correcting the problems, you can resume the build with the command
[ERROR]   mvn <args> -rf :rest-assured-common
