JAVA_HOME=/usr/lib/jvm/java-8-openjdk-amd64
COMMAND=mvn -B clean install -DskipTests -U -Ddependency-check.skip=true -Dgpg.skip=true -DfailIfNoTests=false -Dskip.installnodenpm=true -Dskip.npm=true -Dskip.yarn=true -Dlicense.skip=true -Dcheckstyle.skip=true -Drat.skip=true -Denforcer.skip=true -Danimal.sniffer.skip=true -Dmaven.javadoc.skip=true -Dfindbugs.skip=true -Dspotbugs.skip=true -Dwarbucks.skip=true -Dmodernizer.skip=true -Dimpsort.skip=true -Dmdep.analyze.skip=true -Dpgpverify.skip=true -Dxml.skip=true -Dcobertura.skip=true

[INFO] Scanning for projects...
Warning: KebabPizza disabling incompatible org.apache.maven.plugins:maven-enforcer-plugin from jnr-posix
[INFO] 
[INFO] ----------------------< com.github.jnr:jnr-posix >----------------------
[INFO] Building jnr-posix 3.1.5-SNAPSHOT
[INFO] --------------------------------[ jar ]---------------------------------
[INFO] Downloading from central: https://repo.maven.apache.org/maven2/com/github/jnr/jnr-ffi/2.2.1/jnr-ffi-2.2.1.pom
[INFO] Downloaded from central: https://repo.maven.apache.org/maven2/com/github/jnr/jnr-ffi/2.2.1/jnr-ffi-2.2.1.pom (10 kB at 41 kB/s)
[INFO] Downloading from central: https://repo.maven.apache.org/maven2/com/github/jnr/jnr-ffi/2.2.1/jnr-ffi-2.2.1.jar
[INFO] Downloading from central: https://repo.maven.apache.org/maven2/com/github/jnr/jffi/1.3.1/jffi-1.3.1.jar
[INFO] Downloading from central: https://repo.maven.apache.org/maven2/com/github/jnr/jffi/1.3.1/jffi-1.3.1-native.jar
[INFO] Downloading from central: https://repo.maven.apache.org/maven2/com/github/jnr/jnr-constants/0.10.1/jnr-constants-0.10.1.jar
[INFO] Downloaded from central: https://repo.maven.apache.org/maven2/com/github/jnr/jffi/1.3.1/jffi-1.3.1.jar (152 kB at 3.0 MB/s)
[INFO] Downloaded from central: https://repo.maven.apache.org/maven2/com/github/jnr/jnr-ffi/2.2.1/jnr-ffi-2.2.1.jar (706 kB at 5.2 MB/s)
[INFO] Downloaded from central: https://repo.maven.apache.org/maven2/com/github/jnr/jnr-constants/0.10.1/jnr-constants-0.10.1.jar (877 kB at 6.5 MB/s)
[INFO] Downloaded from central: https://repo.maven.apache.org/maven2/com/github/jnr/jffi/1.3.1/jffi-1.3.1-native.jar (795 kB at 5.6 MB/s)
[INFO] 
[INFO] --- maven-clean-plugin:2.5:clean (default-clean) @ jnr-posix ---
[INFO] 
[INFO] --- maven-resources-plugin:2.6:resources (default-resources) @ jnr-posix ---
[INFO] Using 'UTF-8' encoding to copy filtered resources.
[INFO] skip non existing resourceDirectory /home/srafi/after-cam-ready/compare_/compile_repair_output/work/0e0dfaf295e8/src/main/resources
[INFO] 
[INFO] --- maven-compiler-plugin:3.8.1:compile (default-compile) @ jnr-posix ---
[INFO] Changes detected - recompiling the module!
[INFO] Compiling 122 source files to /home/srafi/after-cam-ready/compare_/compile_repair_output/work/0e0dfaf295e8/target/classes
[WARNING] /home/srafi/after-cam-ready/compare_/compile_repair_output/work/0e0dfaf295e8/src/main/java/jnr/posix/util/SunMiscSignal.java:[4,16] sun.misc.Signal is internal proprietary API and may be removed in a future release
[WARNING] /home/srafi/after-cam-ready/compare_/compile_repair_output/work/0e0dfaf295e8/src/main/java/jnr/posix/util/SunMiscSignal.java:[8,9] sun.misc.Signal is internal proprietary API and may be removed in a future release
[WARNING] /home/srafi/after-cam-ready/compare_/compile_repair_output/work/0e0dfaf295e8/src/main/java/jnr/posix/util/SunMiscSignal.java:[8,24] sun.misc.Signal is internal proprietary API and may be removed in a future release
[WARNING] /home/srafi/after-cam-ready/compare_/compile_repair_output/work/0e0dfaf295e8/src/main/java/jnr/posix/util/SunMiscSignal.java:[10,17] sun.misc.SignalHandler is internal proprietary API and may be removed in a future release
[WARNING] /home/srafi/after-cam-ready/compare_/compile_repair_output/work/0e0dfaf295e8/src/main/java/jnr/posix/util/SunMiscSignal.java:[10,45] sun.misc.Signal is internal proprietary API and may be removed in a future release
[WARNING] /home/srafi/after-cam-ready/compare_/compile_repair_output/work/0e0dfaf295e8/src/main/java/jnr/posix/util/SunMiscSignal.java:[19,66] sun.misc.SignalHandler is internal proprietary API and may be removed in a future release
[WARNING] /home/srafi/after-cam-ready/compare_/compile_repair_output/work/0e0dfaf295e8/src/main/java/jnr/posix/util/SunMiscSignal.java:[25,28] sun.misc.Signal is internal proprietary API and may be removed in a future release
[INFO] /home/srafi/after-cam-ready/compare_/compile_repair_output/work/0e0dfaf295e8/src/main/java/jnr/posix/POSIXFactory.java: /home/srafi/after-cam-ready/compare_/compile_repair_output/work/0e0dfaf295e8/src/main/java/jnr/posix/POSIXFactory.java uses or overrides a deprecated API.
[INFO] /home/srafi/after-cam-ready/compare_/compile_repair_output/work/0e0dfaf295e8/src/main/java/jnr/posix/POSIXFactory.java: Recompile with -Xlint:deprecation for details.
[INFO] /home/srafi/after-cam-ready/compare_/compile_repair_output/work/0e0dfaf295e8/src/main/java/jnr/posix/BaseNativePOSIX.java: Some input files use unchecked or unsafe operations.
[INFO] /home/srafi/after-cam-ready/compare_/compile_repair_output/work/0e0dfaf295e8/src/main/java/jnr/posix/BaseNativePOSIX.java: Recompile with -Xlint:unchecked for details.
[INFO] 
[INFO] --- maven-bundle-plugin:2.3.7:manifest (bundle-manifest) @ jnr-posix ---
[INFO] 
[INFO] --- maven-resources-plugin:2.6:testResources (default-testResources) @ jnr-posix ---
[INFO] Using 'UTF-8' encoding to copy filtered resources.
[INFO] skip non existing resourceDirectory /home/srafi/after-cam-ready/compare_/compile_repair_output/work/0e0dfaf295e8/src/test/resources
[INFO] 
[INFO] --- maven-compiler-plugin:3.8.1:testCompile (default-testCompile) @ jnr-posix ---
[INFO] Changes detected - recompiling the module!
[INFO] Compiling 26 source files to /home/srafi/after-cam-ready/compare_/compile_repair_output/work/0e0dfaf295e8/target/test-classes
[INFO] /home/srafi/after-cam-ready/compare_/compile_repair_output/work/0e0dfaf295e8/src/test/java/jnr/posix/SpawnTest.java: Some input files use or override a deprecated API.
[INFO] /home/srafi/after-cam-ready/compare_/compile_repair_output/work/0e0dfaf295e8/src/test/java/jnr/posix/SpawnTest.java: Recompile with -Xlint:deprecation for details.
[INFO] /home/srafi/after-cam-ready/compare_/compile_repair_output/work/0e0dfaf295e8/src/test/java/jnr/posix/HostnameTest.java: /home/srafi/after-cam-ready/compare_/compile_repair_output/work/0e0dfaf295e8/src/test/java/jnr/posix/HostnameTest.java uses unchecked or unsafe operations.
[INFO] /home/srafi/after-cam-ready/compare_/compile_repair_output/work/0e0dfaf295e8/src/test/java/jnr/posix/HostnameTest.java: Recompile with -Xlint:unchecked for details.
[INFO] 
[INFO] --- maven-surefire-plugin:3.0.0-M8-SNAPSHOT:test (default-test) @ jnr-posix ---
[INFO] Downloading from apache.snapshots: https://repository.apache.org/snapshots/org/apache/maven/surefire/maven-surefire-common/3.0.0-M8-SNAPSHOT/maven-metadata.xml
[INFO] Downloading from apache.snapshots: https://repository.apache.org/snapshots/org/apache/maven/surefire/surefire-api/3.0.0-M8-SNAPSHOT/maven-metadata.xml
[INFO] Downloading from apache.snapshots: https://repository.apache.org/snapshots/org/apache/maven/surefire/surefire-logger-api/3.0.0-M8-SNAPSHOT/maven-metadata.xml
[INFO] Downloading from apache.snapshots: https://repository.apache.org/snapshots/org/apache/maven/surefire/surefire-shared-utils/3.0.0-M8-SNAPSHOT/maven-metadata.xml
[INFO] Downloading from apache.snapshots: https://repository.apache.org/snapshots/org/apache/maven/surefire/surefire-extensions-api/3.0.0-M8-SNAPSHOT/maven-metadata.xml
[INFO] Downloading from apache.snapshots: https://repository.apache.org/snapshots/org/apache/maven/surefire/surefire-booter/3.0.0-M8-SNAPSHOT/maven-metadata.xml
[INFO] Downloading from apache.snapshots: https://repository.apache.org/snapshots/org/apache/maven/surefire/surefire-extensions-spi/3.0.0-M8-SNAPSHOT/maven-metadata.xml
[INFO] Tests are skipped.
[INFO] 
[INFO] --- maven-jar-plugin:2.3.1:jar (default-jar) @ jnr-posix ---
[INFO] Building jar: /home/srafi/after-cam-ready/compare_/compile_repair_output/work/0e0dfaf295e8/target/jnr-posix-3.1.5-SNAPSHOT.jar
[INFO] 
[INFO] >>> maven-source-plugin:2.2.1:jar (attach-sources) > generate-sources @ jnr-posix >>>
[INFO] 
[INFO] <<< maven-source-plugin:2.2.1:jar (attach-sources) < generate-sources @ jnr-posix <<<
[INFO] 
[INFO] 
[INFO] --- maven-source-plugin:2.2.1:jar (attach-sources) @ jnr-posix ---
[INFO] Building jar: /home/srafi/after-cam-ready/compare_/compile_repair_output/work/0e0dfaf295e8/target/jnr-posix-3.1.5-SNAPSHOT-sources.jar
[INFO] 
[INFO] --- maven-javadoc-plugin:3.2.0:jar (attach-javadocs) @ jnr-posix ---
[INFO] Skipping javadoc generation
[INFO] 
[INFO] --- maven-install-plugin:2.4:install (default-install) @ jnr-posix ---
[INFO] Installing /home/srafi/after-cam-ready/compare_/compile_repair_output/work/0e0dfaf295e8/target/jnr-posix-3.1.5-SNAPSHOT.jar to /home/srafi/.m2/repository/com/github/jnr/jnr-posix/3.1.5-SNAPSHOT/jnr-posix-3.1.5-SNAPSHOT.jar
[INFO] Installing /home/srafi/after-cam-ready/compare_/compile_repair_output/work/0e0dfaf295e8/pom.xml to /home/srafi/.m2/repository/com/github/jnr/jnr-posix/3.1.5-SNAPSHOT/jnr-posix-3.1.5-SNAPSHOT.pom
[INFO] Installing /home/srafi/after-cam-ready/compare_/compile_repair_output/work/0e0dfaf295e8/target/jnr-posix-3.1.5-SNAPSHOT-sources.jar to /home/srafi/.m2/repository/com/github/jnr/jnr-posix/3.1.5-SNAPSHOT/jnr-posix-3.1.5-SNAPSHOT-sources.jar
[INFO] ------------------------------------------------------------------------
[INFO] BUILD SUCCESS
[INFO] ------------------------------------------------------------------------
[INFO] Total time:  5.557 s
[INFO] Finished at: 2026-08-15T16:29:25-04:00
[INFO] ------------------------------------------------------------------------
