JAVA_HOME=/usr/lib/jvm/java-8-openjdk-amd64
COMMAND=mvn -B clean install -DskipTests -U -Ddependency-check.skip=true -Dgpg.skip=true -DfailIfNoTests=false -Dskip.installnodenpm=true -Dskip.npm=true -Dskip.yarn=true -Dlicense.skip=true -Dcheckstyle.skip=true -Drat.skip=true -Denforcer.skip=true -Danimal.sniffer.skip=true -Dmaven.javadoc.skip=true -Dfindbugs.skip=true -Dspotbugs.skip=true -Dwarbucks.skip=true -Dmodernizer.skip=true -Dimpsort.skip=true -Dmdep.analyze.skip=true -Dpgpverify.skip=true -Dxml.skip=true -Dcobertura.skip=true

[INFO] Scanning for projects...
[INFO] Downloading from spring-libs-snapshot: https://repo.spring.io/libs-snapshot/org/springframework/data/build/spring-data-parent/2.2.0.BUILD-SNAPSHOT/maven-metadata.xml
[WARNING] Could not transfer metadata org.springframework.data.build:spring-data-parent:2.2.0.BUILD-SNAPSHOT/maven-metadata.xml from/to spring-libs-snapshot (https://repo.spring.io/libs-snapshot): Authentication failed for https://repo.spring.io/libs-snapshot/org/springframework/data/build/spring-data-parent/2.2.0.BUILD-SNAPSHOT/maven-metadata.xml 401 Unauthorized
[INFO] Downloading from spring-libs-snapshot: https://repo.spring.io/libs-snapshot/org/springframework/data/build/spring-data-parent/2.2.0.BUILD-SNAPSHOT/spring-data-parent-2.2.0.BUILD-SNAPSHOT.pom
[ERROR] [ERROR] Some problems were encountered while processing the POMs:
[FATAL] Non-resolvable parent POM for org.springframework.data:spring-data-envers:2.2.0.BUILD-SNAPSHOT: Could not transfer artifact org.springframework.data.build:spring-data-parent:pom:2.2.0.BUILD-SNAPSHOT from/to spring-libs-snapshot (https://repo.spring.io/libs-snapshot): Authentication failed for https://repo.spring.io/libs-snapshot/org/springframework/data/build/spring-data-parent/2.2.0.BUILD-SNAPSHOT/spring-data-parent-2.2.0.BUILD-SNAPSHOT.pom 401 Unauthorized and 'parent.relativePath' points at no local POM @ line 9, column 10
 @ 
[ERROR] The build could not read 1 project -> [Help 1]
[ERROR]   
[ERROR]   The project org.springframework.data:spring-data-envers:2.2.0.BUILD-SNAPSHOT (/home/srafi/after-cam-ready/compare_/compile_repair_output/work/097fad9839c9/pom.xml) has 1 error
[ERROR]     Non-resolvable parent POM for org.springframework.data:spring-data-envers:2.2.0.BUILD-SNAPSHOT: Could not transfer artifact org.springframework.data.build:spring-data-parent:pom:2.2.0.BUILD-SNAPSHOT from/to spring-libs-snapshot (https://repo.spring.io/libs-snapshot): Authentication failed for https://repo.spring.io/libs-snapshot/org/springframework/data/build/spring-data-parent/2.2.0.BUILD-SNAPSHOT/spring-data-parent-2.2.0.BUILD-SNAPSHOT.pom 401 Unauthorized and 'parent.relativePath' points at no local POM @ line 9, column 10 -> [Help 2]
[ERROR] 
[ERROR] To see the full stack trace of the errors, re-run Maven with the -e switch.
[ERROR] Re-run Maven using the -X switch to enable full debug logging.
[ERROR] 
[ERROR] For more information about the errors and possible solutions, please read the following articles:
[ERROR] [Help 1] http://cwiki.apache.org/confluence/display/MAVEN/ProjectBuildingException
[ERROR] [Help 2] http://cwiki.apache.org/confluence/display/MAVEN/UnresolvableModelException
