JAVA_HOME=/usr/lib/jvm/java-8-openjdk-amd64
COMMAND=mvn -B clean install -DskipTests -U -Ddependency-check.skip=true -Dgpg.skip=true -DfailIfNoTests=false -Dskip.installnodenpm=true -Dskip.npm=true -Dskip.yarn=true -Dlicense.skip=true -Dcheckstyle.skip=true -Drat.skip=true -Denforcer.skip=true -Danimal.sniffer.skip=true -Dmaven.javadoc.skip=true -Dfindbugs.skip=true -Dspotbugs.skip=true -Dwarbucks.skip=true -Dmodernizer.skip=true -Dimpsort.skip=true -Dmdep.analyze.skip=true -Dpgpverify.skip=true -Dxml.skip=true -Dcobertura.skip=true

[INFO] Scanning for projects...
[INFO] Downloading from central: https://repo.maven.apache.org/maven2/joda-time/joda-time/maven-metadata.xml
[INFO] Downloaded from central: https://repo.maven.apache.org/maven2/joda-time/joda-time/maven-metadata.xml (2.3 kB at 9.0 kB/s)
Warning: KebabPizza disabling incompatible org.apache.maven.plugins:maven-enforcer-plugin from ormlite-core
Warning: KebabPizza disabling incompatible org.jacoco:jacoco-maven-plugin from ormlite-core
[INFO] 
[INFO] -------------------< com.j256.ormlite:ormlite-core >--------------------
[INFO] Building ORMLite Core 5.3-SNAPSHOT
[INFO] --------------------------------[ jar ]---------------------------------
[INFO] Downloading from central: https://repo.maven.apache.org/maven2/com/google/code/maven-replacer-plugin/replacer/1.5.0/replacer-1.5.0.pom
[INFO] Downloaded from central: https://repo.maven.apache.org/maven2/com/google/code/maven-replacer-plugin/replacer/1.5.0/replacer-1.5.0.pom (5.3 kB at 155 kB/s)
[INFO] Downloading from central: https://repo.maven.apache.org/maven2/com/google/code/maven-replacer-plugin/replacer/1.5.0/replacer-1.5.0.jar
[INFO] Downloaded from central: https://repo.maven.apache.org/maven2/com/google/code/maven-replacer-plugin/replacer/1.5.0/replacer-1.5.0.jar (29 kB at 819 kB/s)
[INFO] Downloading from central: https://repo.maven.apache.org/maven2/com/h2database/h2/1.2.128/h2-1.2.128.pom
[INFO] Downloaded from central: https://repo.maven.apache.org/maven2/com/h2database/h2/1.2.128/h2-1.2.128.pom (670 B at 19 kB/s)
[INFO] Downloading from central: https://repo.maven.apache.org/maven2/com/h2database/h2/1.2.128/h2-1.2.128.jar
[INFO] Downloaded from central: https://repo.maven.apache.org/maven2/com/h2database/h2/1.2.128/h2-1.2.128.jar (1.2 MB at 16 MB/s)
[INFO] 
[INFO] --- maven-clean-plugin:2.5:clean (default-clean) @ ormlite-core ---
[INFO] 
[INFO] --- replacer:1.5.0:replace (validate) @ ormlite-core ---
[INFO] Replacement run on 1 file.
[INFO] 
[INFO] --- maven-resources-plugin:2.6:resources (default-resources) @ ormlite-core ---
[INFO] Using 'UTF-8' encoding to copy filtered resources.
[INFO] Copying 2 resources
[INFO] 
[INFO] --- maven-compiler-plugin:2.5.1:compile (default-compile) @ ormlite-core ---
[INFO] Compiling 158 source files to /home/srafi/after-cam-ready/compare_/compile_repair_output/work/382b61c79472/target/classes
[INFO] 
[INFO] --- maven-resources-plugin:2.6:testResources (default-testResources) @ ormlite-core ---
[INFO] Using 'UTF-8' encoding to copy filtered resources.
[INFO] Copying 2 resources
[INFO] 
[INFO] --- maven-compiler-plugin:2.5.1:testCompile (default-testCompile) @ ormlite-core ---
[INFO] Compiling 129 source files to /home/srafi/after-cam-ready/compare_/compile_repair_output/work/382b61c79472/target/test-classes
[INFO] 
[INFO] --- maven-surefire-plugin:3.0.0-M8-SNAPSHOT:test (default-test) @ ormlite-core ---
[INFO] Downloading from apache.snapshots: https://repository.apache.org/snapshots/org/apache/maven/surefire/maven-surefire-common/3.0.0-M8-SNAPSHOT/maven-metadata.xml
[INFO] Downloading from apache.snapshots: https://repository.apache.org/snapshots/org/apache/maven/surefire/surefire-api/3.0.0-M8-SNAPSHOT/maven-metadata.xml
[INFO] Downloading from apache.snapshots: https://repository.apache.org/snapshots/org/apache/maven/surefire/surefire-logger-api/3.0.0-M8-SNAPSHOT/maven-metadata.xml
[INFO] Downloading from apache.snapshots: https://repository.apache.org/snapshots/org/apache/maven/surefire/surefire-shared-utils/3.0.0-M8-SNAPSHOT/maven-metadata.xml
[INFO] Downloading from apache.snapshots: https://repository.apache.org/snapshots/org/apache/maven/surefire/surefire-extensions-api/3.0.0-M8-SNAPSHOT/maven-metadata.xml
[INFO] Downloading from apache.snapshots: https://repository.apache.org/snapshots/org/apache/maven/surefire/surefire-booter/3.0.0-M8-SNAPSHOT/maven-metadata.xml
[INFO] Downloading from apache.snapshots: https://repository.apache.org/snapshots/org/apache/maven/surefire/surefire-extensions-spi/3.0.0-M8-SNAPSHOT/maven-metadata.xml
[INFO] Tests are skipped.
[INFO] 
[INFO] --- replacer:1.5.0:replace (prepare-package) @ ormlite-core ---
[INFO] Replacement run on 1 file.
[INFO] 
[INFO] --- maven-jar-plugin:2.4:jar (default-jar) @ ormlite-core ---
[INFO] Building jar: /home/srafi/after-cam-ready/compare_/compile_repair_output/work/382b61c79472/target/ormlite-core.jar
[INFO] 
[INFO] >>> maven-source-plugin:2.2.1:jar (default) > generate-sources @ ormlite-core >>>
[INFO] 
[INFO] --- replacer:1.5.0:replace (validate) @ ormlite-core ---
[INFO] Replacement run on 1 file.
[INFO] 
[INFO] <<< maven-source-plugin:2.2.1:jar (default) < generate-sources @ ormlite-core <<<
[INFO] 
[INFO] 
[INFO] --- maven-source-plugin:2.2.1:jar (default) @ ormlite-core ---
[INFO] Building jar: /home/srafi/after-cam-ready/compare_/compile_repair_output/work/382b61c79472/target/ormlite-core-sources.jar
[INFO] 
[INFO] >>> maven-source-plugin:2.2.1:test-jar (default) > generate-sources @ ormlite-core >>>
[INFO] 
[INFO] --- replacer:1.5.0:replace (validate) @ ormlite-core ---
[INFO] Replacement run on 1 file.
[INFO] 
[INFO] <<< maven-source-plugin:2.2.1:test-jar (default) < generate-sources @ ormlite-core <<<
[INFO] 
[INFO] 
[INFO] --- maven-source-plugin:2.2.1:test-jar (default) @ ormlite-core ---
[INFO] Building jar: /home/srafi/after-cam-ready/compare_/compile_repair_output/work/382b61c79472/target/ormlite-core-test-sources.jar
[INFO] 
[INFO] --- maven-javadoc-plugin:2.9.1:jar (default) @ ormlite-core ---
[INFO] Skipping javadoc generation
[INFO] 
[INFO] --- maven-jar-plugin:2.4:test-jar (default) @ ormlite-core ---
[INFO] Building jar: /home/srafi/after-cam-ready/compare_/compile_repair_output/work/382b61c79472/target/ormlite-core-tests.jar
[INFO] 
[INFO] --- maven-install-plugin:2.4:install (default-install) @ ormlite-core ---
[INFO] Installing /home/srafi/after-cam-ready/compare_/compile_repair_output/work/382b61c79472/target/ormlite-core.jar to /home/srafi/.m2/repository/com/j256/ormlite/ormlite-core/5.3-SNAPSHOT/ormlite-core-5.3-SNAPSHOT.jar
[INFO] Installing /home/srafi/after-cam-ready/compare_/compile_repair_output/work/382b61c79472/pom.xml to /home/srafi/.m2/repository/com/j256/ormlite/ormlite-core/5.3-SNAPSHOT/ormlite-core-5.3-SNAPSHOT.pom
[INFO] Installing /home/srafi/after-cam-ready/compare_/compile_repair_output/work/382b61c79472/target/ormlite-core-sources.jar to /home/srafi/.m2/repository/com/j256/ormlite/ormlite-core/5.3-SNAPSHOT/ormlite-core-5.3-SNAPSHOT-sources.jar
[INFO] Installing /home/srafi/after-cam-ready/compare_/compile_repair_output/work/382b61c79472/target/ormlite-core-test-sources.jar to /home/srafi/.m2/repository/com/j256/ormlite/ormlite-core/5.3-SNAPSHOT/ormlite-core-5.3-SNAPSHOT-test-sources.jar
[INFO] Installing /home/srafi/after-cam-ready/compare_/compile_repair_output/work/382b61c79472/target/ormlite-core-tests.jar to /home/srafi/.m2/repository/com/j256/ormlite/ormlite-core/5.3-SNAPSHOT/ormlite-core-5.3-SNAPSHOT-tests.jar
[INFO] ------------------------------------------------------------------------
[INFO] BUILD SUCCESS
[INFO] ------------------------------------------------------------------------
[INFO] Total time:  6.003 s
[INFO] Finished at: 2026-08-15T16:28:32-04:00
[INFO] ------------------------------------------------------------------------
