JAVA_HOME=/usr/lib/jvm/java-8-openjdk-amd64
COMMAND=bash /home/srafi/after-cam-ready/compare_/compile_repair_output/work/586930305f1e/mvnw -B clean install -DskipTests -U -Ddependency-check.skip=true -Dgpg.skip=true -DfailIfNoTests=false -Dskip.installnodenpm=true -Dskip.npm=true -Dskip.yarn=true -Dlicense.skip=true -Dcheckstyle.skip=true -Drat.skip=true -Denforcer.skip=true -Danimal.sniffer.skip=true -Dmaven.javadoc.skip=true -Dfindbugs.skip=true -Dspotbugs.skip=true -Dwarbucks.skip=true -Dmodernizer.skip=true -Dimpsort.skip=true -Dmdep.analyze.skip=true -Dpgpverify.skip=true -Dxml.skip=true -Dcobertura.skip=true

[INFO] Scanning for projects...
[INFO] 
[INFO] -----------< org.springframework.data:spring-data-couchbase >-----------
[INFO] Building Spring Data Couchbase 4.2.0
[INFO] --------------------------------[ jar ]---------------------------------
[INFO] 
[INFO] --- maven-clean-plugin:2.5:clean (default-clean) @ spring-data-couchbase ---
[INFO] 
[INFO] --- maven-enforcer-plugin:3.0.0-M3:enforce (enforce-maven-version) @ spring-data-couchbase ---
[INFO] Skipping Rule Enforcement.
[INFO] 
[INFO] --- maven-resources-plugin:2.6:resources (default-resources) @ spring-data-couchbase ---
[INFO] Using 'UTF-8' encoding to copy filtered resources.
[INFO] Copying 8 resources
[INFO] 
[INFO] --- kotlin-maven-plugin:1.4.32:compile (compile) @ spring-data-couchbase ---
[WARNING] No sources found skipping Kotlin compile
[INFO] 
[INFO] --- maven-compiler-plugin:3.8.1:compile (java-compile) @ spring-data-couchbase ---
[INFO] Changes detected - recompiling the module!
[INFO] Compiling 198 source files to /home/srafi/after-cam-ready/compare_/compile_repair_output/work/586930305f1e/target/classes
[INFO] -------------------------------------------------------------
[ERROR] COMPILATION ERROR : 
[INFO] -------------------------------------------------------------
[ERROR] /home/srafi/after-cam-ready/compare_/compile_repair_output/work/586930305f1e/src/main/java/org/springframework/data/couchbase/repository/query/N1qlCountQueryCreator.java:[84,16] error: CountPageable is not abstract and does not override abstract method withPage(int) in Pageable
[INFO] 1 error
[INFO] -------------------------------------------------------------
[INFO] ------------------------------------------------------------------------
[INFO] BUILD FAILURE
[INFO] ------------------------------------------------------------------------
[INFO] Total time: 1.905 s
[INFO] Finished at: 2026-08-15T16:59:07-04:00
[INFO] ------------------------------------------------------------------------
[ERROR] Failed to execute goal org.apache.maven.plugins:maven-compiler-plugin:3.8.1:compile (java-compile) on project spring-data-couchbase: Compilation failure
[ERROR] /home/srafi/after-cam-ready/compare_/compile_repair_output/work/586930305f1e/src/main/java/org/springframework/data/couchbase/repository/query/N1qlCountQueryCreator.java:[84,16] error: CountPageable is not abstract and does not override abstract method withPage(int) in Pageable
[ERROR] -> [Help 1]
[ERROR] 
[ERROR] To see the full stack trace of the errors, re-run Maven with the -e switch.
[ERROR] Re-run Maven using the -X switch to enable full debug logging.
[ERROR] 
[ERROR] For more information about the errors and possible solutions, please read the following articles:
[ERROR] [Help 1] http://cwiki.apache.org/confluence/display/MAVEN/MojoFailureException
