JAVA_HOME=/usr/lib/jvm/java-8-openjdk-amd64
COMMAND=mvn -B clean install -DskipTests -U -pl api -am -Ddependency-check.skip=true -Dgpg.skip=true -DfailIfNoTests=false -Dskip.installnodenpm=true -Dskip.npm=true -Dskip.yarn=true -Dlicense.skip=true -Dcheckstyle.skip=true -Drat.skip=true -Denforcer.skip=true -Danimal.sniffer.skip=true -Dmaven.javadoc.skip=true -Dfindbugs.skip=true -Dspotbugs.skip=true -Dwarbucks.skip=true -Dmodernizer.skip=true -Dimpsort.skip=true -Dmdep.analyze.skip=true -Dpgpverify.skip=true -Dxml.skip=true -Dcobertura.skip=true

[INFO] Scanning for projects...
[INFO] Downloading from central: https://repo.maven.apache.org/maven2/org/springframework/boot/spring-boot-dependencies/2.1.16.RELEASE/spring-boot-dependencies-2.1.16.RELEASE.pom
[INFO] Downloaded from central: https://repo.maven.apache.org/maven2/org/springframework/boot/spring-boot-dependencies/2.1.16.RELEASE/spring-boot-dependencies-2.1.16.RELEASE.pom (118 kB at 449 kB/s)
[INFO] Downloading from central: https://repo.maven.apache.org/maven2/com/fasterxml/jackson/jackson-bom/2.9.10.20200621/jackson-bom-2.9.10.20200621.pom
[INFO] Downloaded from central: https://repo.maven.apache.org/maven2/com/fasterxml/jackson/jackson-bom/2.9.10.20200621/jackson-bom-2.9.10.20200621.pom (13 kB at 359 kB/s)
[INFO] Downloading from central: https://repo.maven.apache.org/maven2/io/projectreactor/reactor-bom/Californium-SR20/reactor-bom-Californium-SR20.pom
[INFO] Downloaded from central: https://repo.maven.apache.org/maven2/io/projectreactor/reactor-bom/Californium-SR20/reactor-bom-Californium-SR20.pom (3.7 kB at 95 kB/s)
[INFO] Downloading from central: https://repo.maven.apache.org/maven2/org/springframework/spring-framework-bom/5.1.17.RELEASE/spring-framework-bom-5.1.17.RELEASE.pom
[INFO] Downloaded from central: https://repo.maven.apache.org/maven2/org/springframework/spring-framework-bom/5.1.17.RELEASE/spring-framework-bom-5.1.17.RELEASE.pom (5.3 kB at 156 kB/s)
[INFO] Downloading from central: https://repo.maven.apache.org/maven2/org/springframework/data/spring-data-releasetrain/Lovelace-SR19/spring-data-releasetrain-Lovelace-SR19.pom
[INFO] Downloaded from central: https://repo.maven.apache.org/maven2/org/springframework/data/spring-data-releasetrain/Lovelace-SR19/spring-data-releasetrain-Lovelace-SR19.pom (4.7 kB at 146 kB/s)
[INFO] Downloading from central: https://repo.maven.apache.org/maven2/org/springframework/data/build/spring-data-build/2.1.19.RELEASE/spring-data-build-2.1.19.RELEASE.pom
[INFO] Downloaded from central: https://repo.maven.apache.org/maven2/org/springframework/data/build/spring-data-build/2.1.19.RELEASE/spring-data-build-2.1.19.RELEASE.pom (6.8 kB at 188 kB/s)
[INFO] Downloading from central: https://repo.maven.apache.org/maven2/org/springframework/security/spring-security-bom/5.1.11.RELEASE/spring-security-bom-5.1.11.RELEASE.pom
[INFO] Downloaded from central: https://repo.maven.apache.org/maven2/org/springframework/security/spring-security-bom/5.1.11.RELEASE/spring-security-bom-5.1.11.RELEASE.pom (5.0 kB at 158 kB/s)
[INFO] Downloading from central: https://repo.maven.apache.org/maven2/org/springframework/session/spring-session-bom/Bean-SR11/spring-session-bom-Bean-SR11.pom
[INFO] Downloaded from central: https://repo.maven.apache.org/maven2/org/springframework/session/spring-session-bom/Bean-SR11/spring-session-bom-Bean-SR11.pom (3.0 kB at 78 kB/s)
Warning: KebabPizza disabling incompatible org.apache.maven.plugins:maven-enforcer-plugin from nacos-all
Warning: KebabPizza disabling incompatible org.apache.rat:apache-rat-plugin from nacos-all
Warning: KebabPizza disabling incompatible org.jacoco:jacoco-maven-plugin from nacos-all
Warning: KebabPizza disabling incompatible org.apache.maven.plugins:maven-enforcer-plugin from nacos-api
Warning: KebabPizza disabling incompatible org.apache.rat:apache-rat-plugin from nacos-api
Warning: KebabPizza disabling incompatible org.jacoco:jacoco-maven-plugin from nacos-api
[WARNING] The project com.alibaba.nacos:nacos-all:pom:1.4.0-SNAPSHOT uses prerequisites which is only intended for maven-plugin projects but not for non maven-plugin projects. For such purposes you should use the maven-enforcer-plugin. See https://maven.apache.org/enforcer/enforcer-rules/requireMavenVersion.html
[INFO] ------------------------------------------------------------------------
[INFO] Reactor Build Order:
[INFO] 
[INFO] Alibaba NACOS 1.4.0-SNAPSHOT                                       [pom]
[INFO] nacos-api 1.4.0-SNAPSHOT                                           [jar]
[INFO] 
[INFO] --------------------< com.alibaba.nacos:nacos-all >---------------------
[INFO] Building Alibaba NACOS 1.4.0-SNAPSHOT 1.4.0-SNAPSHOT               [1/2]
[INFO] --------------------------------[ pom ]---------------------------------
[INFO] 
[INFO] --- maven-clean-plugin:2.5:clean (default-clean) @ nacos-all ---
[INFO] 
[INFO] --- maven-checkstyle-plugin:3.1.1:check (validate) @ nacos-all ---
[INFO] 
[INFO] --- maven-javadoc-plugin:2.10.4:jar (attach-javadocs) @ nacos-all ---
[INFO] Skipping javadoc generation
[INFO] 
[INFO] >>> maven-source-plugin:3.0.1:jar (attach-sources) > generate-sources @ nacos-all >>>
[INFO] 
[INFO] --- maven-checkstyle-plugin:3.1.1:check (validate) @ nacos-all ---
[INFO] 
[INFO] <<< maven-source-plugin:3.0.1:jar (attach-sources) < generate-sources @ nacos-all <<<
[INFO] 
[INFO] 
[INFO] --- maven-source-plugin:3.0.1:jar (attach-sources) @ nacos-all ---
[INFO] 
[INFO] >>> maven-pmd-plugin:3.8:check (default) > :pmd @ nacos-all >>>
[INFO] 
[INFO] --- maven-pmd-plugin:3.8:pmd (pmd) @ nacos-all ---
[INFO] Downloading from central: https://repo.maven.apache.org/maven2/com/alibaba/p3c/p3c-pmd/1.3.0/p3c-pmd-1.3.0.pom
[INFO] Downloaded from central: https://repo.maven.apache.org/maven2/com/alibaba/p3c/p3c-pmd/1.3.0/p3c-pmd-1.3.0.pom (4.3 kB at 115 kB/s)
[INFO] Downloading from central: https://repo.maven.apache.org/maven2/com/alibaba/fastjson/1.2.9/fastjson-1.2.9.pom
[INFO] Downloaded from central: https://repo.maven.apache.org/maven2/com/alibaba/fastjson/1.2.9/fastjson-1.2.9.pom (3.9 kB at 119 kB/s)
[INFO] Downloading from central: https://repo.maven.apache.org/maven2/com/alibaba/p3c/p3c-pmd/1.3.0/p3c-pmd-1.3.0.jar
[INFO] Downloading from central: https://repo.maven.apache.org/maven2/com/alibaba/fastjson/1.2.9/fastjson-1.2.9.jar
[INFO] Downloaded from central: https://repo.maven.apache.org/maven2/com/alibaba/p3c/p3c-pmd/1.3.0/p3c-pmd-1.3.0.jar (154 kB at 3.7 MB/s)
[INFO] Downloaded from central: https://repo.maven.apache.org/maven2/com/alibaba/fastjson/1.2.9/fastjson-1.2.9.jar (394 kB at 6.0 MB/s)
[INFO] 
[INFO] <<< maven-pmd-plugin:3.8:check (default) < :pmd @ nacos-all <<<
[INFO] 
[INFO] 
[INFO] --- maven-pmd-plugin:3.8:check (default) @ nacos-all ---
[INFO] 
[INFO] --- maven-install-plugin:2.4:install (default-install) @ nacos-all ---
[INFO] Installing /home/srafi/after-cam-ready/compare_/compile_repair_output/work/92e176da2aa0/pom.xml to /home/srafi/.m2/repository/com/alibaba/nacos/nacos-all/1.4.0-SNAPSHOT/nacos-all-1.4.0-SNAPSHOT.pom
[INFO] 
[INFO] --------------------< com.alibaba.nacos:nacos-api >---------------------
[INFO] Building nacos-api 1.4.0-SNAPSHOT 1.4.0-SNAPSHOT                   [2/2]
[INFO] --------------------------------[ jar ]---------------------------------
[INFO] Downloading from central: https://repo.maven.apache.org/maven2/org/springframework/spring-test/5.1.17.RELEASE/spring-test-5.1.17.RELEASE.pom
[INFO] Downloaded from central: https://repo.maven.apache.org/maven2/org/springframework/spring-test/5.1.17.RELEASE/spring-test-5.1.17.RELEASE.pom (10.0 kB at 302 kB/s)
[INFO] Downloading from central: https://repo.maven.apache.org/maven2/org/springframework/spring-core/5.1.17.RELEASE/spring-core-5.1.17.RELEASE.pom
[INFO] Downloaded from central: https://repo.maven.apache.org/maven2/org/springframework/spring-core/5.1.17.RELEASE/spring-core-5.1.17.RELEASE.pom (3.6 kB at 116 kB/s)
[INFO] Downloading from central: https://repo.maven.apache.org/maven2/org/springframework/spring-jcl/5.1.17.RELEASE/spring-jcl-5.1.17.RELEASE.pom
[INFO] Downloaded from central: https://repo.maven.apache.org/maven2/org/springframework/spring-jcl/5.1.17.RELEASE/spring-jcl-5.1.17.RELEASE.pom (1.9 kB at 75 kB/s)
[INFO] Downloading from central: https://repo.maven.apache.org/maven2/org/springframework/spring-test/5.1.17.RELEASE/spring-test-5.1.17.RELEASE.jar
[INFO] Downloading from central: https://repo.maven.apache.org/maven2/org/springframework/spring-core/5.1.17.RELEASE/spring-core-5.1.17.RELEASE.jar
[INFO] Downloading from central: https://repo.maven.apache.org/maven2/org/springframework/spring-jcl/5.1.17.RELEASE/spring-jcl-5.1.17.RELEASE.jar
[INFO] Downloaded from central: https://repo.maven.apache.org/maven2/org/springframework/spring-jcl/5.1.17.RELEASE/spring-jcl-5.1.17.RELEASE.jar (24 kB at 631 kB/s)
[INFO] Downloaded from central: https://repo.maven.apache.org/maven2/org/springframework/spring-test/5.1.17.RELEASE/spring-test-5.1.17.RELEASE.jar (621 kB at 14 MB/s)
[INFO] Downloaded from central: https://repo.maven.apache.org/maven2/org/springframework/spring-core/5.1.17.RELEASE/spring-core-5.1.17.RELEASE.jar (1.3 MB at 14 MB/s)
[INFO] 
[INFO] --- maven-clean-plugin:2.5:clean (default-clean) @ nacos-api ---
[INFO] 
[INFO] --- maven-checkstyle-plugin:3.1.1:check (validate) @ nacos-api ---
[INFO] 
[INFO] --- maven-resources-plugin:3.0.2:resources (default-resources) @ nacos-api ---
[INFO] Using 'UTF-8' encoding to copy filtered resources.
[INFO] Copying 1 resource
[INFO] 
[INFO] --- maven-compiler-plugin:3.5.1:compile (default-compile) @ nacos-api ---
[INFO] Changes detected - recompiling the module!
[INFO] Compiling 66 source files to /home/srafi/after-cam-ready/compare_/compile_repair_output/work/92e176da2aa0/api/target/classes
[WARNING] bootstrap class path not set in conjunction with -source 1.6
[INFO] 
[INFO] --- maven-resources-plugin:3.0.2:testResources (default-testResources) @ nacos-api ---
[INFO] Using 'UTF-8' encoding to copy filtered resources.
[INFO] skip non existing resourceDirectory /home/srafi/after-cam-ready/compare_/compile_repair_output/work/92e176da2aa0/api/src/test/resources
[INFO] 
[INFO] --- maven-compiler-plugin:3.5.1:testCompile (default-testCompile) @ nacos-api ---
[INFO] Changes detected - recompiling the module!
[INFO] Compiling 7 source files to /home/srafi/after-cam-ready/compare_/compile_repair_output/work/92e176da2aa0/api/target/test-classes
[WARNING] bootstrap class path not set in conjunction with -source 1.6
[INFO] 
[INFO] --- maven-surefire-plugin:3.0.0-M8-SNAPSHOT:test (default-test) @ nacos-api ---
[INFO] Downloading from apache.snapshots: https://repository.apache.org/snapshots/org/apache/maven/surefire/maven-surefire-common/3.0.0-M8-SNAPSHOT/maven-metadata.xml
[INFO] Downloading from apache.snapshots: https://repository.apache.org/snapshots/org/apache/maven/surefire/surefire-api/3.0.0-M8-SNAPSHOT/maven-metadata.xml
[INFO] Downloading from apache.snapshots: https://repository.apache.org/snapshots/org/apache/maven/surefire/surefire-logger-api/3.0.0-M8-SNAPSHOT/maven-metadata.xml
[INFO] Downloading from apache.snapshots: https://repository.apache.org/snapshots/org/apache/maven/surefire/surefire-shared-utils/3.0.0-M8-SNAPSHOT/maven-metadata.xml
[INFO] Downloading from apache.snapshots: https://repository.apache.org/snapshots/org/apache/maven/surefire/surefire-extensions-api/3.0.0-M8-SNAPSHOT/maven-metadata.xml
[INFO] Downloading from apache.snapshots: https://repository.apache.org/snapshots/org/apache/maven/surefire/surefire-booter/3.0.0-M8-SNAPSHOT/maven-metadata.xml
[INFO] Downloading from apache.snapshots: https://repository.apache.org/snapshots/org/apache/maven/surefire/surefire-extensions-spi/3.0.0-M8-SNAPSHOT/maven-metadata.xml
[INFO] Tests are skipped.
[INFO] 
[INFO] --- maven-jar-plugin:2.4:jar (default-jar) @ nacos-api ---
[INFO] Building jar: /home/srafi/after-cam-ready/compare_/compile_repair_output/work/92e176da2aa0/api/target/nacos-api-1.4.0-SNAPSHOT.jar
[INFO] 
[INFO] --- maven-javadoc-plugin:2.10.4:jar (attach-javadocs) @ nacos-api ---
[INFO] Skipping javadoc generation
[INFO] 
[INFO] >>> maven-source-plugin:3.0.1:jar (attach-sources) > generate-sources @ nacos-api >>>
[INFO] 
[INFO] --- maven-checkstyle-plugin:3.1.1:check (validate) @ nacos-api ---
[INFO] 
[INFO] <<< maven-source-plugin:3.0.1:jar (attach-sources) < generate-sources @ nacos-api <<<
[INFO] 
[INFO] 
[INFO] --- maven-source-plugin:3.0.1:jar (attach-sources) @ nacos-api ---
[INFO] Building jar: /home/srafi/after-cam-ready/compare_/compile_repair_output/work/92e176da2aa0/api/target/nacos-api-1.4.0-SNAPSHOT-sources.jar
[INFO] 
[INFO] >>> maven-pmd-plugin:3.8:check (default) > :pmd @ nacos-api >>>
[INFO] 
[INFO] --- maven-pmd-plugin:3.8:pmd (pmd) @ nacos-api ---
[WARNING] Unable to locate Source XRef to link to - DISABLED
[WARNING] Unable to locate Source XRef to link to - DISABLED
[INFO] 
[INFO] <<< maven-pmd-plugin:3.8:check (default) < :pmd @ nacos-api <<<
[INFO] 
[INFO] 
[INFO] --- maven-pmd-plugin:3.8:check (default) @ nacos-api ---
[INFO] 
[INFO] 
[INFO] --- maven-install-plugin:2.4:install (default-install) @ nacos-api ---
[INFO] Installing /home/srafi/after-cam-ready/compare_/compile_repair_output/work/92e176da2aa0/api/target/nacos-api-1.4.0-SNAPSHOT.jar to /home/srafi/.m2/repository/com/alibaba/nacos/nacos-api/1.4.0-SNAPSHOT/nacos-api-1.4.0-SNAPSHOT.jar
[INFO] Installing /home/srafi/after-cam-ready/compare_/compile_repair_output/work/92e176da2aa0/api/pom.xml to /home/srafi/.m2/repository/com/alibaba/nacos/nacos-api/1.4.0-SNAPSHOT/nacos-api-1.4.0-SNAPSHOT.pom
[INFO] Installing /home/srafi/after-cam-ready/compare_/compile_repair_output/work/92e176da2aa0/api/target/nacos-api-1.4.0-SNAPSHOT-sources.jar to /home/srafi/.m2/repository/com/alibaba/nacos/nacos-api/1.4.0-SNAPSHOT/nacos-api-1.4.0-SNAPSHOT-sources.jar
[INFO] ------------------------------------------------------------------------
[INFO] Reactor Summary for Alibaba NACOS 1.4.0-SNAPSHOT 1.4.0-SNAPSHOT:
[INFO] 
[INFO] Alibaba NACOS 1.4.0-SNAPSHOT ....................... SUCCESS [  0.894 s]
[INFO] nacos-api 1.4.0-SNAPSHOT ........................... SUCCESS [  4.233 s]
[INFO] ------------------------------------------------------------------------
[INFO] BUILD SUCCESS
[INFO] ------------------------------------------------------------------------
[INFO] Total time:  6.039 s
[INFO] Finished at: 2026-08-15T14:12:39-04:00
[INFO] ------------------------------------------------------------------------
