JAVA_HOME=/usr/lib/jvm/java-8-openjdk-amd64
COMMAND=bash /home/srafi/after-cam-ready/compare_/compile_repair_output/work/c451d2018b50/mvnw -B clean install -DskipTests -U -Ddependency-check.skip=true -Dgpg.skip=true -DfailIfNoTests=false -Dskip.installnodenpm=true -Dskip.npm=true -Dskip.yarn=true -Dlicense.skip=true -Dcheckstyle.skip=true -Drat.skip=true -Denforcer.skip=true -Danimal.sniffer.skip=true -Dmaven.javadoc.skip=true -Dfindbugs.skip=true -Dspotbugs.skip=true -Dwarbucks.skip=true -Dmodernizer.skip=true -Dimpsort.skip=true -Dmdep.analyze.skip=true -Dpgpverify.skip=true -Dxml.skip=true -Dcobertura.skip=true

/home/srafi/after-cam-ready/compare_/compile_repair_output/work/c451d2018b50
[INFO] Scanning for projects...
[INFO] 
[INFO] ------------------------------------------------------------------------
[INFO] Building aismessages 3.0.0-SNAPSHOT
[INFO] ------------------------------------------------------------------------
[INFO] 
[INFO] --- maven-clean-plugin:2.5:clean (default-clean) @ aismessages ---
[INFO] 
[INFO] --- maven-enforcer-plugin:1.0:enforce (enforce-maven) @ aismessages ---
[INFO] Skipping Rule Enforcement.
[INFO] 
[INFO] --- maven-resources-plugin:2.6:resources (default-resources) @ aismessages ---
[INFO] Using 'UTF-8' encoding to copy filtered resources.
[INFO] Copying 1 resource
[INFO] 
[INFO] --- maven-compiler-plugin:3.8.0:compile (default-compile) @ aismessages ---
[INFO] Changes detected - recompiling the module!
[INFO] Compiling 71 source files to /home/srafi/after-cam-ready/compare_/compile_repair_output/work/c451d2018b50/target/classes
[INFO] /home/srafi/after-cam-ready/compare_/compile_repair_output/work/c451d2018b50/src/main/java/dk/tbsalling/aismessages/demo/SocketDemoApp.java: Some input files use unchecked or unsafe operations.
[INFO] /home/srafi/after-cam-ready/compare_/compile_repair_output/work/c451d2018b50/src/main/java/dk/tbsalling/aismessages/demo/SocketDemoApp.java: Recompile with -Xlint:unchecked for details.
[INFO] 
[INFO] --- maven-resources-plugin:2.6:testResources (default-testResources) @ aismessages ---
[INFO] Using 'UTF-8' encoding to copy filtered resources.
[INFO] skip non existing resourceDirectory /home/srafi/after-cam-ready/compare_/compile_repair_output/work/c451d2018b50/src/test/resources
[INFO] 
[INFO] --- maven-compiler-plugin:3.8.0:testCompile (default-testCompile) @ aismessages ---
[INFO] Changes detected - recompiling the module!
[INFO] Compiling 19 source files to /home/srafi/after-cam-ready/compare_/compile_repair_output/work/c451d2018b50/target/test-classes
[INFO] /home/srafi/after-cam-ready/compare_/compile_repair_output/work/c451d2018b50/src/test/java/dk/tbsalling/aismessages/ais/messages/ShipAndVoyageDataTest.java: /home/srafi/after-cam-ready/compare_/compile_repair_output/work/c451d2018b50/src/test/java/dk/tbsalling/aismessages/ais/messages/ShipAndVoyageDataTest.java uses or overrides a deprecated API.
[INFO] /home/srafi/after-cam-ready/compare_/compile_repair_output/work/c451d2018b50/src/test/java/dk/tbsalling/aismessages/ais/messages/ShipAndVoyageDataTest.java: Recompile with -Xlint:deprecation for details.
[INFO] /home/srafi/after-cam-ready/compare_/compile_repair_output/work/c451d2018b50/src/test/java/dk/tbsalling/aismessages/nmea/NMEAMessageHandlerTest.java: Some input files use unchecked or unsafe operations.
[INFO] /home/srafi/after-cam-ready/compare_/compile_repair_output/work/c451d2018b50/src/test/java/dk/tbsalling/aismessages/nmea/NMEAMessageHandlerTest.java: Recompile with -Xlint:unchecked for details.
[INFO] 
[INFO] --- maven-surefire-plugin:2.22.0:test (default-test) @ aismessages ---
[INFO] Tests are skipped.
[INFO] 
[INFO] --- maven-jar-plugin:2.4:jar (default-jar) @ aismessages ---
[INFO] Building jar: /home/srafi/after-cam-ready/compare_/compile_repair_output/work/c451d2018b50/target/aismessages-3.0.0-SNAPSHOT.jar
[INFO] 
[INFO] >>> maven-source-plugin:3.0.1:jar (attach-sources) > generate-sources @ aismessages >>>
[INFO] 
[INFO] --- maven-enforcer-plugin:1.0:enforce (enforce-maven) @ aismessages ---
[INFO] Skipping Rule Enforcement.
[INFO] 
[INFO] <<< maven-source-plugin:3.0.1:jar (attach-sources) < generate-sources @ aismessages <<<
[INFO] 
[INFO] 
[INFO] --- maven-source-plugin:3.0.1:jar (attach-sources) @ aismessages ---
[INFO] Building jar: /home/srafi/after-cam-ready/compare_/compile_repair_output/work/c451d2018b50/target/aismessages-3.0.0-SNAPSHOT-sources.jar
[INFO] 
[INFO] --- maven-javadoc-plugin:3.0.1:jar (attach-javadocs) @ aismessages ---
[INFO] Skipping javadoc generation
[INFO] 
[INFO] --- maven-assembly-plugin:3.1.0:single (make-assembly) @ aismessages ---
[INFO] Building jar: /home/srafi/after-cam-ready/compare_/compile_repair_output/work/c451d2018b50/target/aismessages-3.0.0-SNAPSHOT-jar-with-dependencies.jar
[INFO] 
[INFO] --- maven-install-plugin:2.4:install (default-install) @ aismessages ---
[INFO] Installing /home/srafi/after-cam-ready/compare_/compile_repair_output/work/c451d2018b50/target/aismessages-3.0.0-SNAPSHOT.jar to /home/srafi/.m2/repository/dk/tbsalling/aismessages/3.0.0-SNAPSHOT/aismessages-3.0.0-SNAPSHOT.jar
[INFO] Installing /home/srafi/after-cam-ready/compare_/compile_repair_output/work/c451d2018b50/pom.xml to /home/srafi/.m2/repository/dk/tbsalling/aismessages/3.0.0-SNAPSHOT/aismessages-3.0.0-SNAPSHOT.pom
[INFO] Installing /home/srafi/after-cam-ready/compare_/compile_repair_output/work/c451d2018b50/target/aismessages-3.0.0-SNAPSHOT-sources.jar to /home/srafi/.m2/repository/dk/tbsalling/aismessages/3.0.0-SNAPSHOT/aismessages-3.0.0-SNAPSHOT-sources.jar
[INFO] Installing /home/srafi/after-cam-ready/compare_/compile_repair_output/work/c451d2018b50/target/aismessages-3.0.0-SNAPSHOT-jar-with-dependencies.jar to /home/srafi/.m2/repository/dk/tbsalling/aismessages/3.0.0-SNAPSHOT/aismessages-3.0.0-SNAPSHOT-jar-with-dependencies.jar
[INFO] ------------------------------------------------------------------------
[INFO] BUILD SUCCESS
[INFO] ------------------------------------------------------------------------
[INFO] Total time: 2.394 s
[INFO] Finished at: 2026-08-15T17:03:42-04:00
[INFO] Final Memory: 34M/572M
[INFO] ------------------------------------------------------------------------
