JAVA_HOME=/usr/lib/jvm/java-11-openjdk-amd64
COMMAND=mvn -B clean install -DskipTests -U -Ddependency-check.skip=true -Dgpg.skip=true -DfailIfNoTests=false -Dskip.installnodenpm=true -Dskip.npm=true -Dskip.yarn=true -Dlicense.skip=true -Dcheckstyle.skip=true -Drat.skip=true -Denforcer.skip=true -Danimal.sniffer.skip=true -Dmaven.javadoc.skip=true -Dfindbugs.skip=true -Dspotbugs.skip=true -Dwarbucks.skip=true -Dmodernizer.skip=true -Dimpsort.skip=true -Dmdep.analyze.skip=true -Dpgpverify.skip=true -Dxml.skip=true -Dcobertura.skip=true

[INFO] Scanning for projects...
[INFO] Downloading from chronicle-enterprise-release: https://nexus.chronicle.software/content/repositories/releases/net/openhft/chronicle-bom/2.20-SNAPSHOT/maven-metadata.xml
[INFO] Downloading from chronicle-enterprise-snapshots: https://nexus.chronicle.software/content/repositories/snapshots/net/openhft/chronicle-bom/2.20-SNAPSHOT/maven-metadata.xml
[INFO] Downloading from Snapshot Repository: https://oss.sonatype.org/content/repositories/snapshots/net/openhft/chronicle-bom/2.20-SNAPSHOT/maven-metadata.xml
[WARNING] Could not transfer metadata net.openhft:chronicle-bom:2.20-SNAPSHOT/maven-metadata.xml from/to chronicle-enterprise-snapshots (https://nexus.chronicle.software/content/repositories/snapshots): Authentication failed for https://nexus.chronicle.software/content/repositories/snapshots/net/openhft/chronicle-bom/2.20-SNAPSHOT/maven-metadata.xml 401 Unauthorized
[WARNING] Could not transfer metadata net.openhft:chronicle-bom:2.20-SNAPSHOT/maven-metadata.xml from/to chronicle-enterprise-release (https://nexus.chronicle.software/content/repositories/releases): Authentication failed for https://nexus.chronicle.software/content/repositories/releases/net/openhft/chronicle-bom/2.20-SNAPSHOT/maven-metadata.xml 401 Unauthorized
[INFO] Downloading from chronicle-enterprise-snapshots: https://nexus.chronicle.software/content/repositories/snapshots/net/openhft/chronicle-bom/2.20-SNAPSHOT/chronicle-bom-2.20-SNAPSHOT.pom
[INFO] Downloading from chronicle-enterprise-release: https://nexus.chronicle.software/content/repositories/releases/net/openhft/chronicle-bom/2.20-SNAPSHOT/chronicle-bom-2.20-SNAPSHOT.pom
[INFO] Downloading from Snapshot Repository: https://oss.sonatype.org/content/repositories/snapshots/net/openhft/chronicle-bom/2.20-SNAPSHOT/chronicle-bom-2.20-SNAPSHOT.pom
[ERROR] [ERROR] Some problems were encountered while processing the POMs:
[ERROR] Non-resolvable import POM: Could not transfer artifact net.openhft:chronicle-bom:pom:2.20-SNAPSHOT from/to chronicle-enterprise-snapshots (https://nexus.chronicle.software/content/repositories/snapshots): Authentication failed for https://nexus.chronicle.software/content/repositories/snapshots/net/openhft/chronicle-bom/2.20-SNAPSHOT/chronicle-bom-2.20-SNAPSHOT.pom 401 Unauthorized @ line 50, column 25
[ERROR] 'dependencies.dependency.version' for net.openhft:chronicle-core:jar is missing. @ line 69, column 21
[ERROR] 'dependencies.dependency.version' for net.openhft:chronicle-bytes:jar is missing. @ line 74, column 21
[ERROR] 'dependencies.dependency.version' for net.openhft:chronicle-threads:jar is missing. @ line 79, column 21
[ERROR] 'dependencies.dependency.version' for net.openhft:compiler:jar is missing. @ line 84, column 21
 @ 
[ERROR] The build could not read 1 project -> [Help 1]
[ERROR]   
[ERROR]   The project net.openhft:chronicle-wire:2.20.112-SNAPSHOT (/home/srafi/after-cam-ready/compare_/compile_repair_output/work/4eb7eb09cfaa/pom.xml) has 5 errors
[ERROR]     Non-resolvable import POM: Could not transfer artifact net.openhft:chronicle-bom:pom:2.20-SNAPSHOT from/to chronicle-enterprise-snapshots (https://nexus.chronicle.software/content/repositories/snapshots): Authentication failed for https://nexus.chronicle.software/content/repositories/snapshots/net/openhft/chronicle-bom/2.20-SNAPSHOT/chronicle-bom-2.20-SNAPSHOT.pom 401 Unauthorized @ line 50, column 25 -> [Help 2]
[ERROR]     'dependencies.dependency.version' for net.openhft:chronicle-core:jar is missing. @ line 69, column 21
[ERROR]     'dependencies.dependency.version' for net.openhft:chronicle-bytes:jar is missing. @ line 74, column 21
[ERROR]     'dependencies.dependency.version' for net.openhft:chronicle-threads:jar is missing. @ line 79, column 21
[ERROR]     'dependencies.dependency.version' for net.openhft:compiler:jar is missing. @ line 84, column 21
[ERROR] 
[ERROR] To see the full stack trace of the errors, re-run Maven with the -e switch.
[ERROR] Re-run Maven using the -X switch to enable full debug logging.
[ERROR] 
[ERROR] For more information about the errors and possible solutions, please read the following articles:
[ERROR] [Help 1] http://cwiki.apache.org/confluence/display/MAVEN/ProjectBuildingException
[ERROR] [Help 2] http://cwiki.apache.org/confluence/display/MAVEN/UnresolvableModelException
