JAVA_HOME=/usr/lib/jvm/java-8-openjdk-amd64
COMMAND=mvn -B clean install -DskipTests -U -pl core -am -Ddependency-check.skip=true -Dgpg.skip=true -DfailIfNoTests=false -Dskip.installnodenpm=true -Dskip.npm=true -Dskip.yarn=true -Dlicense.skip=true -Dcheckstyle.skip=true -Drat.skip=true -Denforcer.skip=true -Danimal.sniffer.skip=true -Dmaven.javadoc.skip=true -Dfindbugs.skip=true -Dspotbugs.skip=true -Dwarbucks.skip=true -Dmodernizer.skip=true -Dimpsort.skip=true -Dmdep.analyze.skip=true -Dpgpverify.skip=true -Dxml.skip=true -Dcobertura.skip=true

[INFO] Scanning for projects...
[INFO] Downloading from central: https://repo.maven.apache.org/maven2/org/glassfish/jersey/jersey-bom/2.0-m13/jersey-bom-2.0-m13.pom
[INFO] Downloaded from central: https://repo.maven.apache.org/maven2/org/glassfish/jersey/jersey-bom/2.0-m13/jersey-bom-2.0-m13.pom (11 kB at 19 kB/s)
[INFO] Downloading from central: https://repo.maven.apache.org/maven2/org/glassfish/jersey/project/2.0-m13/project-2.0-m13.pom
[INFO] Downloaded from central: https://repo.maven.apache.org/maven2/org/glassfish/jersey/project/2.0-m13/project-2.0-m13.pom (47 kB at 213 kB/s)
[INFO] 
[INFO] ----------------------< com.ccoe.build.core:core >----------------------
[INFO] Building Build Core 1.0.14
[INFO] --------------------------------[ jar ]---------------------------------
[INFO] Downloading from central: https://repo.maven.apache.org/maven2/org/codehaus/jackson/jackson-xc/1.9.11/jackson-xc-1.9.11.pom
[INFO] Downloaded from central: https://repo.maven.apache.org/maven2/org/codehaus/jackson/jackson-xc/1.9.11/jackson-xc-1.9.11.pom (1.6 kB at 33 kB/s)
[INFO] Downloading from central: https://repo.maven.apache.org/maven2/org/codehaus/jackson/jackson-core-asl/1.9.11/jackson-core-asl-1.9.11.pom
[INFO] Downloaded from central: https://repo.maven.apache.org/maven2/org/codehaus/jackson/jackson-core-asl/1.9.11/jackson-core-asl-1.9.11.pom (0 B at 0 B/s)
[INFO] Downloading from central: https://repo.maven.apache.org/maven2/org/codehaus/jackson/jackson-mapper-asl/1.9.11/jackson-mapper-asl-1.9.11.pom
[INFO] Downloaded from central: https://repo.maven.apache.org/maven2/org/codehaus/jackson/jackson-mapper-asl/1.9.11/jackson-mapper-asl-1.9.11.pom (0 B at 0 B/s)
[INFO] Downloading from central: https://repo.maven.apache.org/maven2/org/glassfish/jersey/core/jersey-client/2.0-m13/jersey-client-2.0-m13.pom
[INFO] Downloaded from central: https://repo.maven.apache.org/maven2/org/glassfish/jersey/core/jersey-client/2.0-m13/jersey-client-2.0-m13.pom (4.5 kB at 18 kB/s)
[INFO] Downloading from central: https://repo.maven.apache.org/maven2/org/glassfish/jersey/core/jersey-common/2.0-m13/jersey-common-2.0-m13.pom
[INFO] Downloaded from central: https://repo.maven.apache.org/maven2/org/glassfish/jersey/core/jersey-common/2.0-m13/jersey-common-2.0-m13.pom (6.1 kB at 30 kB/s)
[INFO] Downloading from central: https://repo.maven.apache.org/maven2/javax/ws/rs/javax.ws.rs-api/2.0-rc1/javax.ws.rs-api-2.0-rc1.pom
[INFO] Downloaded from central: https://repo.maven.apache.org/maven2/javax/ws/rs/javax.ws.rs-api/2.0-rc1/javax.ws.rs-api-2.0-rc1.pom (17 kB at 74 kB/s)
[INFO] Downloading from central: https://repo.maven.apache.org/maven2/javax/annotation/javax.annotation-api/1.2-b02/javax.annotation-api-1.2-b02.pom
[INFO] Downloaded from central: https://repo.maven.apache.org/maven2/javax/annotation/javax.annotation-api/1.2-b02/javax.annotation-api-1.2-b02.pom (12 kB at 92 kB/s)
[INFO] Downloading from central: https://repo.maven.apache.org/maven2/org/glassfish/hk2/hk2-api/2.1.64/hk2-api-2.1.64.pom
[INFO] Downloaded from central: https://repo.maven.apache.org/maven2/org/glassfish/hk2/hk2-api/2.1.64/hk2-api-2.1.64.pom (4.3 kB at 18 kB/s)
[INFO] Downloading from central: https://repo.maven.apache.org/maven2/org/glassfish/hk2/hk2-public/2.1.64/hk2-public-2.1.64.pom
[INFO] Downloaded from central: https://repo.maven.apache.org/maven2/org/glassfish/hk2/hk2-public/2.1.64/hk2-public-2.1.64.pom (4.0 kB at 68 kB/s)
[INFO] Downloading from central: https://repo.maven.apache.org/maven2/org/glassfish/hk2/hk2-parent/2.1.64/hk2-parent-2.1.64.pom
[INFO] Downloaded from central: https://repo.maven.apache.org/maven2/org/glassfish/hk2/hk2-parent/2.1.64/hk2-parent-2.1.64.pom (16 kB at 214 kB/s)
[INFO] Downloading from central: https://repo.maven.apache.org/maven2/org/glassfish/hk2/hk2-utils/2.1.64/hk2-utils-2.1.64.pom
[INFO] Downloaded from central: https://repo.maven.apache.org/maven2/org/glassfish/hk2/hk2-utils/2.1.64/hk2-utils-2.1.64.pom (5.5 kB at 23 kB/s)
[INFO] Downloading from central: https://repo.maven.apache.org/maven2/org/glassfish/hk2/hk2-locator/2.1.64/hk2-locator-2.1.64.pom
[INFO] Downloaded from central: https://repo.maven.apache.org/maven2/org/glassfish/hk2/hk2-locator/2.1.64/hk2-locator-2.1.64.pom (6.2 kB at 31 kB/s)
[INFO] Downloading from central: https://repo.maven.apache.org/maven2/org/glassfish/hk2/hk2-kernel-parent/2.1.64/hk2-kernel-parent-2.1.64.pom
[INFO] Downloaded from central: https://repo.maven.apache.org/maven2/org/glassfish/hk2/hk2-kernel-parent/2.1.64/hk2-kernel-parent-2.1.64.pom (5.5 kB at 16 kB/s)
[INFO] Downloading from central: https://repo.maven.apache.org/maven2/org/glassfish/hk2/external/javax.inject/2.1.64/javax.inject-2.1.64.pom
[INFO] Downloaded from central: https://repo.maven.apache.org/maven2/org/glassfish/hk2/external/javax.inject/2.1.64/javax.inject-2.1.64.pom (8.3 kB at 55 kB/s)
[INFO] Downloading from central: https://repo.maven.apache.org/maven2/org/glassfish/hk2/external/2.1.64/external-2.1.64.pom
[INFO] Downloaded from central: https://repo.maven.apache.org/maven2/org/glassfish/hk2/external/2.1.64/external-2.1.64.pom (2.9 kB at 62 kB/s)
[INFO] Downloading from central: https://repo.maven.apache.org/maven2/org/glassfish/hk2/external/asm-all-repackaged/2.1.64/asm-all-repackaged-2.1.64.pom
[INFO] Downloaded from central: https://repo.maven.apache.org/maven2/org/glassfish/hk2/external/asm-all-repackaged/2.1.64/asm-all-repackaged-2.1.64.pom (8.7 kB at 23 kB/s)
[INFO] Downloading from central: https://repo.maven.apache.org/maven2/org/glassfish/hk2/external/cglib/2.1.64/cglib-2.1.64.pom
[INFO] Downloaded from central: https://repo.maven.apache.org/maven2/org/glassfish/hk2/external/cglib/2.1.64/cglib-2.1.64.pom (9.7 kB at 36 kB/s)
[INFO] Downloading from central: https://repo.maven.apache.org/maven2/org/glassfish/jersey/media/jersey-media-json-jackson/2.0-m13/jersey-media-json-jackson-2.0-m13.pom
[INFO] Downloaded from central: https://repo.maven.apache.org/maven2/org/glassfish/jersey/media/jersey-media-json-jackson/2.0-m13/jersey-media-json-jackson-2.0-m13.pom (4.7 kB at 20 kB/s)
[INFO] Downloading from central: https://repo.maven.apache.org/maven2/org/glassfish/jersey/media/project/2.0-m13/project-2.0-m13.pom
[INFO] Downloaded from central: https://repo.maven.apache.org/maven2/org/glassfish/jersey/media/project/2.0-m13/project-2.0-m13.pom (2.9 kB at 11 kB/s)
[INFO] Downloading from central: https://repo.maven.apache.org/maven2/org/codehaus/jackson/jackson-core-asl/1.9.8/jackson-core-asl-1.9.8.pom
[INFO] Downloaded from central: https://repo.maven.apache.org/maven2/org/codehaus/jackson/jackson-core-asl/1.9.8/jackson-core-asl-1.9.8.pom (1.0 kB at 25 kB/s)
[INFO] Downloading from central: https://repo.maven.apache.org/maven2/org/codehaus/jackson/jackson-mapper-asl/1.9.8/jackson-mapper-asl-1.9.8.pom
[INFO] Downloaded from central: https://repo.maven.apache.org/maven2/org/codehaus/jackson/jackson-mapper-asl/1.9.8/jackson-mapper-asl-1.9.8.pom (1.2 kB at 26 kB/s)
[INFO] Downloading from central: https://repo.maven.apache.org/maven2/org/codehaus/jackson/jackson-jaxrs/1.9.8/jackson-jaxrs-1.9.8.pom
[INFO] Downloaded from central: https://repo.maven.apache.org/maven2/org/codehaus/jackson/jackson-jaxrs/1.9.8/jackson-jaxrs-1.9.8.pom (1.6 kB at 32 kB/s)
[INFO] Downloading from central: https://repo.maven.apache.org/maven2/org/codehaus/jackson/jackson-xc/1.9.8/jackson-xc-1.9.8.pom
[INFO] Downloaded from central: https://repo.maven.apache.org/maven2/org/codehaus/jackson/jackson-xc/1.9.8/jackson-xc-1.9.8.pom (1.6 kB at 30 kB/s)
[INFO] Downloading from central: https://repo.maven.apache.org/maven2/commons-io/commons-io/2.0.1/commons-io-2.0.1.pom
[INFO] Downloaded from central: https://repo.maven.apache.org/maven2/commons-io/commons-io/2.0.1/commons-io-2.0.1.pom (0 B at 0 B/s)
[INFO] Downloading from central: https://repo.maven.apache.org/maven2/org/apache/commons/commons-parent/15/commons-parent-15.pom
[INFO] Downloaded from central: https://repo.maven.apache.org/maven2/org/apache/commons/commons-parent/15/commons-parent-15.pom (0 B at 0 B/s)
[INFO] Downloading from central: https://repo.maven.apache.org/maven2/org/codehaus/jackson/jackson-xc/1.9.11/jackson-xc-1.9.11.jar
[INFO] Downloading from central: https://repo.maven.apache.org/maven2/org/codehaus/jackson/jackson-core-asl/1.9.11/jackson-core-asl-1.9.11.jar
[INFO] Downloading from central: https://repo.maven.apache.org/maven2/org/codehaus/jackson/jackson-mapper-asl/1.9.11/jackson-mapper-asl-1.9.11.jar
[INFO] Downloading from central: https://repo.maven.apache.org/maven2/org/glassfish/jersey/core/jersey-common/2.0-m13/jersey-common-2.0-m13.jar
[INFO] Downloading from central: https://repo.maven.apache.org/maven2/org/glassfish/jersey/core/jersey-client/2.0-m13/jersey-client-2.0-m13.jar
[INFO] Downloaded from central: https://repo.maven.apache.org/maven2/org/codehaus/jackson/jackson-xc/1.9.11/jackson-xc-1.9.11.jar (27 kB at 630 kB/s)
[INFO] Downloading from central: https://repo.maven.apache.org/maven2/javax/ws/rs/javax.ws.rs-api/2.0-rc1/javax.ws.rs-api-2.0-rc1.jar
[INFO] Downloaded from central: https://repo.maven.apache.org/maven2/org/codehaus/jackson/jackson-core-asl/1.9.11/jackson-core-asl-1.9.11.jar (232 kB at 3.3 MB/s)
[INFO] Downloading from central: https://repo.maven.apache.org/maven2/javax/annotation/javax.annotation-api/1.2-b02/javax.annotation-api-1.2-b02.jar
[INFO] Downloaded from central: https://repo.maven.apache.org/maven2/org/codehaus/jackson/jackson-mapper-asl/1.9.11/jackson-mapper-asl-1.9.11.jar (780 kB at 9.3 MB/s)
[INFO] Downloading from central: https://repo.maven.apache.org/maven2/org/glassfish/hk2/hk2-api/2.1.64/hk2-api-2.1.64.jar
[INFO] Downloaded from central: https://repo.maven.apache.org/maven2/javax/annotation/javax.annotation-api/1.2-b02/javax.annotation-api-1.2-b02.jar (26 kB at 141 kB/s)
[INFO] Downloading from central: https://repo.maven.apache.org/maven2/org/glassfish/hk2/hk2-utils/2.1.64/hk2-utils-2.1.64.jar
[INFO] Downloaded from central: https://repo.maven.apache.org/maven2/org/glassfish/jersey/core/jersey-client/2.0-m13/jersey-client-2.0-m13.jar (116 kB at 554 kB/s)
[INFO] Downloading from central: https://repo.maven.apache.org/maven2/org/glassfish/hk2/hk2-locator/2.1.64/hk2-locator-2.1.64.jar
[INFO] Downloaded from central: https://repo.maven.apache.org/maven2/javax/ws/rs/javax.ws.rs-api/2.0-rc1/javax.ws.rs-api-2.0-rc1.jar (108 kB at 423 kB/s)
[INFO] Downloading from central: https://repo.maven.apache.org/maven2/org/glassfish/hk2/external/javax.inject/2.1.64/javax.inject-2.1.64.jar
[INFO] Downloaded from central: https://repo.maven.apache.org/maven2/org/glassfish/hk2/external/javax.inject/2.1.64/javax.inject-2.1.64.jar (6.6 kB at 22 kB/s)
[INFO] Downloading from central: https://repo.maven.apache.org/maven2/org/glassfish/hk2/external/asm-all-repackaged/2.1.64/asm-all-repackaged-2.1.64.jar
[INFO] Downloaded from central: https://repo.maven.apache.org/maven2/org/glassfish/jersey/core/jersey-common/2.0-m13/jersey-common-2.0-m13.jar (559 kB at 1.8 MB/s)
[INFO] Downloading from central: https://repo.maven.apache.org/maven2/org/glassfish/hk2/external/cglib/2.1.64/cglib-2.1.64.jar
[INFO] Downloaded from central: https://repo.maven.apache.org/maven2/org/glassfish/hk2/hk2-api/2.1.64/hk2-api-2.1.64.jar (115 kB at 333 kB/s)
[INFO] Downloading from central: https://repo.maven.apache.org/maven2/org/glassfish/jersey/media/jersey-media-json-jackson/2.0-m13/jersey-media-json-jackson-2.0-m13.jar
[INFO] Downloaded from central: https://repo.maven.apache.org/maven2/org/glassfish/hk2/hk2-locator/2.1.64/hk2-locator-2.1.64.jar (122 kB at 281 kB/s)
[INFO] Downloading from central: https://repo.maven.apache.org/maven2/org/codehaus/jackson/jackson-jaxrs/1.9.8/jackson-jaxrs-1.9.8.jar
[INFO] Downloaded from central: https://repo.maven.apache.org/maven2/org/glassfish/hk2/hk2-utils/2.1.64/hk2-utils-2.1.64.jar (52 kB at 112 kB/s)
[INFO] Downloading from central: https://repo.maven.apache.org/maven2/commons-io/commons-io/2.0.1/commons-io-2.0.1.jar
[INFO] Downloaded from central: https://repo.maven.apache.org/maven2/org/codehaus/jackson/jackson-jaxrs/1.9.8/jackson-jaxrs-1.9.8.jar (18 kB at 39 kB/s)
[INFO] Downloaded from central: https://repo.maven.apache.org/maven2/commons-io/commons-io/2.0.1/commons-io-2.0.1.jar (0 B at 0 B/s)
[INFO] Downloaded from central: https://repo.maven.apache.org/maven2/org/glassfish/hk2/external/asm-all-repackaged/2.1.64/asm-all-repackaged-2.1.64.jar (310 kB at 531 kB/s)
[INFO] Downloaded from central: https://repo.maven.apache.org/maven2/org/glassfish/hk2/external/cglib/2.1.64/cglib-2.1.64.jar (283 kB at 464 kB/s)
[INFO] Downloaded from central: https://repo.maven.apache.org/maven2/org/glassfish/jersey/media/jersey-media-json-jackson/2.0-m13/jersey-media-json-jackson-2.0-m13.jar (4.6 kB at 7.4 kB/s)
[INFO] 
[INFO] --- maven-clean-plugin:2.5:clean (default-clean) @ core ---
[INFO] 
[INFO] --- maven-resources-plugin:2.6:resources (default-resources) @ core ---
[WARNING] Using platform encoding (UTF-8 actually) to copy filtered resources, i.e. build is platform dependent!
[INFO] Copying 1 resource
[INFO] 
[INFO] --- maven-compiler-plugin:3.1:compile (default-compile) @ core ---
[INFO] Changes detected - recompiling the module!
[WARNING] File encoding has not been set, using platform encoding UTF-8, i.e. build is platform dependent!
[INFO] Compiling 28 source files to /home/srafi/after-cam-ready/compare_/compile_repair_output/work/7eb0aad28dc1/core/target/classes
[WARNING] /home/srafi/after-cam-ready/compare_/compile_repair_output/work/7eb0aad28dc1/core/src/main/java/com/ccoe/build/core/utils/DateUtils.java: /home/srafi/after-cam-ready/compare_/compile_repair_output/work/7eb0aad28dc1/core/src/main/java/com/ccoe/build/core/utils/DateUtils.java uses or overrides a deprecated API.
[WARNING] /home/srafi/after-cam-ready/compare_/compile_repair_output/work/7eb0aad28dc1/core/src/main/java/com/ccoe/build/core/utils/DateUtils.java: Recompile with -Xlint:deprecation for details.
[INFO] 
[INFO] --- maven-resources-plugin:2.6:testResources (default-testResources) @ core ---
[WARNING] Using platform encoding (UTF-8 actually) to copy filtered resources, i.e. build is platform dependent!
[INFO] Copying 10 resources
[INFO] 
[INFO] --- maven-compiler-plugin:3.1:testCompile (default-testCompile) @ core ---
[INFO] Changes detected - recompiling the module!
[WARNING] File encoding has not been set, using platform encoding UTF-8, i.e. build is platform dependent!
[INFO] Compiling 11 source files to /home/srafi/after-cam-ready/compare_/compile_repair_output/work/7eb0aad28dc1/core/target/test-classes
[INFO] 
[INFO] --- maven-surefire-plugin:3.0.0-M8-SNAPSHOT:test (default-test) @ core ---
[INFO] Downloading from apache.snapshots: https://repository.apache.org/snapshots/org/apache/maven/surefire/maven-surefire-common/3.0.0-M8-SNAPSHOT/maven-metadata.xml
[INFO] Downloading from apache.snapshots: https://repository.apache.org/snapshots/org/apache/maven/surefire/surefire-api/3.0.0-M8-SNAPSHOT/maven-metadata.xml
[INFO] Downloading from apache.snapshots: https://repository.apache.org/snapshots/org/apache/maven/surefire/surefire-logger-api/3.0.0-M8-SNAPSHOT/maven-metadata.xml
[INFO] Downloading from apache.snapshots: https://repository.apache.org/snapshots/org/apache/maven/surefire/surefire-shared-utils/3.0.0-M8-SNAPSHOT/maven-metadata.xml
[INFO] Downloading from apache.snapshots: https://repository.apache.org/snapshots/org/apache/maven/surefire/surefire-extensions-api/3.0.0-M8-SNAPSHOT/maven-metadata.xml
[INFO] Downloading from apache.snapshots: https://repository.apache.org/snapshots/org/apache/maven/surefire/surefire-booter/3.0.0-M8-SNAPSHOT/maven-metadata.xml
[INFO] Downloading from apache.snapshots: https://repository.apache.org/snapshots/org/apache/maven/surefire/surefire-extensions-spi/3.0.0-M8-SNAPSHOT/maven-metadata.xml
[INFO] Tests are skipped.
[INFO] 
[INFO] --- maven-jar-plugin:2.4:jar (default-jar) @ core ---
[INFO] Building jar: /home/srafi/after-cam-ready/compare_/compile_repair_output/work/7eb0aad28dc1/core/target/core-1.0.14.jar
[INFO] 
[INFO] --- maven-install-plugin:2.4:install (default-install) @ core ---
[INFO] Installing /home/srafi/after-cam-ready/compare_/compile_repair_output/work/7eb0aad28dc1/core/target/core-1.0.14.jar to /home/srafi/.m2/repository/com/ccoe/build/core/core/1.0.14/core-1.0.14.jar
[INFO] Installing /home/srafi/after-cam-ready/compare_/compile_repair_output/work/7eb0aad28dc1/core/pom.xml to /home/srafi/.m2/repository/com/ccoe/build/core/core/1.0.14/core-1.0.14.pom
[INFO] ------------------------------------------------------------------------
[INFO] BUILD SUCCESS
[INFO] ------------------------------------------------------------------------
[INFO] Total time:  8.880 s
[INFO] Finished at: 2026-08-15T16:17:01-04:00
[INFO] ------------------------------------------------------------------------
