JAVA_HOME=/usr/lib/jvm/java-8-openjdk-amd64
COMMAND=mvn -B clean install -DskipTests -U -Ddependency-check.skip=true -Dgpg.skip=true -DfailIfNoTests=false -Dskip.installnodenpm=true -Dskip.npm=true -Dskip.yarn=true -Dlicense.skip=true -Dcheckstyle.skip=true -Drat.skip=true -Denforcer.skip=true -Danimal.sniffer.skip=true -Dmaven.javadoc.skip=true -Dfindbugs.skip=true -Dspotbugs.skip=true -Dwarbucks.skip=true -Dmodernizer.skip=true -Dimpsort.skip=true -Dmdep.analyze.skip=true -Dpgpverify.skip=true -Dxml.skip=true -Dcobertura.skip=true

[INFO] Scanning for projects...
[INFO] 
[INFO] -----------------< com.github.pedrovgs.app:algorithms >-----------------
[INFO] Building Algorithms 1.0-SNAPSHOT
[INFO] --------------------------------[ jar ]---------------------------------
[INFO] 
[INFO] --- maven-clean-plugin:2.5:clean (default-clean) @ algorithms ---
[INFO] 
[INFO] --- maven-resources-plugin:2.6:resources (default-resources) @ algorithms ---
[WARNING] Using platform encoding (UTF-8 actually) to copy filtered resources, i.e. build is platform dependent!
[INFO] skip non existing resourceDirectory /home/srafi/after-cam-ready/compare_/compile_repair_output/work/4bfca8a3d4b6/src/main/resources
[INFO] 
[INFO] --- maven-compiler-plugin:3.1:compile (default-compile) @ algorithms ---
[INFO] Changes detected - recompiling the module!
[WARNING] File encoding has not been set, using platform encoding UTF-8, i.e. build is platform dependent!
[INFO] Compiling 86 source files to /home/srafi/after-cam-ready/compare_/compile_repair_output/work/4bfca8a3d4b6/target/classes
[WARNING] /home/srafi/after-cam-ready/compare_/compile_repair_output/work/4bfca8a3d4b6/src/main/java/com/github/pedrovgs/problem15/BinaryTreeInOrder.java: Some input files use unchecked or unsafe operations.
[WARNING] /home/srafi/after-cam-ready/compare_/compile_repair_output/work/4bfca8a3d4b6/src/main/java/com/github/pedrovgs/problem15/BinaryTreeInOrder.java: Recompile with -Xlint:unchecked for details.
[INFO] 
[INFO] --- maven-resources-plugin:2.6:testResources (default-testResources) @ algorithms ---
[WARNING] Using platform encoding (UTF-8 actually) to copy filtered resources, i.e. build is platform dependent!
[INFO] skip non existing resourceDirectory /home/srafi/after-cam-ready/compare_/compile_repair_output/work/4bfca8a3d4b6/src/test/resources
[INFO] 
[INFO] --- maven-compiler-plugin:3.1:testCompile (default-testCompile) @ algorithms ---
[INFO] Changes detected - recompiling the module!
[WARNING] File encoding has not been set, using platform encoding UTF-8, i.e. build is platform dependent!
[INFO] Compiling 80 source files to /home/srafi/after-cam-ready/compare_/compile_repair_output/work/4bfca8a3d4b6/target/test-classes
[WARNING] /home/srafi/after-cam-ready/compare_/compile_repair_output/work/4bfca8a3d4b6/src/test/java/com/github/pedrovgs/problem13/BinaryTreeByLevelTest.java: Some input files use unchecked or unsafe operations.
[WARNING] /home/srafi/after-cam-ready/compare_/compile_repair_output/work/4bfca8a3d4b6/src/test/java/com/github/pedrovgs/problem13/BinaryTreeByLevelTest.java: Recompile with -Xlint:unchecked for details.
[INFO] 
[INFO] --- maven-surefire-plugin:3.0.0-M8-SNAPSHOT:test (default-test) @ algorithms ---
[INFO] Downloading from apache.snapshots: https://repository.apache.org/snapshots/org/apache/maven/surefire/maven-surefire-common/3.0.0-M8-SNAPSHOT/maven-metadata.xml
[INFO] Downloading from apache.snapshots: https://repository.apache.org/snapshots/org/apache/maven/surefire/surefire-api/3.0.0-M8-SNAPSHOT/maven-metadata.xml
[INFO] Downloading from apache.snapshots: https://repository.apache.org/snapshots/org/apache/maven/surefire/surefire-logger-api/3.0.0-M8-SNAPSHOT/maven-metadata.xml
[INFO] Downloading from apache.snapshots: https://repository.apache.org/snapshots/org/apache/maven/surefire/surefire-shared-utils/3.0.0-M8-SNAPSHOT/maven-metadata.xml
[INFO] Downloading from apache.snapshots: https://repository.apache.org/snapshots/org/apache/maven/surefire/surefire-extensions-api/3.0.0-M8-SNAPSHOT/maven-metadata.xml
[INFO] Downloading from apache.snapshots: https://repository.apache.org/snapshots/org/apache/maven/surefire/surefire-booter/3.0.0-M8-SNAPSHOT/maven-metadata.xml
[INFO] Downloading from apache.snapshots: https://repository.apache.org/snapshots/org/apache/maven/surefire/surefire-extensions-spi/3.0.0-M8-SNAPSHOT/maven-metadata.xml
[INFO] Tests are skipped.
[INFO] 
[INFO] --- maven-jar-plugin:2.4:jar (default-jar) @ algorithms ---
[INFO] Building jar: /home/srafi/after-cam-ready/compare_/compile_repair_output/work/4bfca8a3d4b6/target/algorithms-1.0-SNAPSHOT.jar
[INFO] 
[INFO] --- maven-install-plugin:2.4:install (default-install) @ algorithms ---
[INFO] Installing /home/srafi/after-cam-ready/compare_/compile_repair_output/work/4bfca8a3d4b6/target/algorithms-1.0-SNAPSHOT.jar to /home/srafi/.m2/repository/com/github/pedrovgs/app/algorithms/1.0-SNAPSHOT/algorithms-1.0-SNAPSHOT.jar
[INFO] Installing /home/srafi/after-cam-ready/compare_/compile_repair_output/work/4bfca8a3d4b6/pom.xml to /home/srafi/.m2/repository/com/github/pedrovgs/app/algorithms/1.0-SNAPSHOT/algorithms-1.0-SNAPSHOT.pom
[INFO] ------------------------------------------------------------------------
[INFO] BUILD SUCCESS
[INFO] ------------------------------------------------------------------------
[INFO] Total time:  4.108 s
[INFO] Finished at: 2026-08-15T16:41:01-04:00
[INFO] ------------------------------------------------------------------------
