JAVA_HOME=/usr/lib/jvm/java-8-openjdk-amd64
COMMAND=mvn -B clean install -DskipTests -U -Ddependency-check.skip=true -Dgpg.skip=true -DfailIfNoTests=false -Dskip.installnodenpm=true -Dskip.npm=true -Dskip.yarn=true -Dlicense.skip=true -Dcheckstyle.skip=true -Drat.skip=true -Denforcer.skip=true -Danimal.sniffer.skip=true -Dmaven.javadoc.skip=true -Dfindbugs.skip=true -Dspotbugs.skip=true -Dwarbucks.skip=true -Dmodernizer.skip=true -Dimpsort.skip=true -Dmdep.analyze.skip=true -Dpgpverify.skip=true -Dxml.skip=true -Dcobertura.skip=true

[INFO] Scanning for projects...
[INFO] 
[INFO] ----------------< io.github.biezhi:30-seconds-of-java8 >----------------
[INFO] Building 30-seconds-of-java8 1.0-SNAPSHOT
[INFO] --------------------------------[ jar ]---------------------------------
[INFO] 
[INFO] --- maven-clean-plugin:2.5:clean (default-clean) @ 30-seconds-of-java8 ---
[INFO] 
[INFO] --- maven-resources-plugin:2.6:resources (default-resources) @ 30-seconds-of-java8 ---
[WARNING] Using platform encoding (UTF-8 actually) to copy filtered resources, i.e. build is platform dependent!
[INFO] skip non existing resourceDirectory /home/srafi/after-cam-ready/compare_/compile_repair_output/work/51fed04d291a/src/main/resources
[INFO] 
[INFO] --- maven-compiler-plugin:3.1:compile (default-compile) @ 30-seconds-of-java8 ---
[INFO] Changes detected - recompiling the module!
[WARNING] File encoding has not been set, using platform encoding UTF-8, i.e. build is platform dependent!
[INFO] Compiling 1 source file to /home/srafi/after-cam-ready/compare_/compile_repair_output/work/51fed04d291a/target/classes
[WARNING] /home/srafi/after-cam-ready/compare_/compile_repair_output/work/51fed04d291a/src/main/java/snippets/Snippets.java: /home/srafi/after-cam-ready/compare_/compile_repair_output/work/51fed04d291a/src/main/java/snippets/Snippets.java uses unchecked or unsafe operations.
[WARNING] /home/srafi/after-cam-ready/compare_/compile_repair_output/work/51fed04d291a/src/main/java/snippets/Snippets.java: Recompile with -Xlint:unchecked for details.
[INFO] 
[INFO] --- maven-resources-plugin:2.6:testResources (default-testResources) @ 30-seconds-of-java8 ---
[WARNING] Using platform encoding (UTF-8 actually) to copy filtered resources, i.e. build is platform dependent!
[INFO] skip non existing resourceDirectory /home/srafi/after-cam-ready/compare_/compile_repair_output/work/51fed04d291a/src/test/resources
[INFO] 
[INFO] --- maven-compiler-plugin:3.1:testCompile (default-testCompile) @ 30-seconds-of-java8 ---
[INFO] Changes detected - recompiling the module!
[WARNING] File encoding has not been set, using platform encoding UTF-8, i.e. build is platform dependent!
[INFO] Compiling 1 source file to /home/srafi/after-cam-ready/compare_/compile_repair_output/work/51fed04d291a/target/test-classes
[WARNING] /home/srafi/after-cam-ready/compare_/compile_repair_output/work/51fed04d291a/src/test/java/snippets/SnippetsTests.java: /home/srafi/after-cam-ready/compare_/compile_repair_output/work/51fed04d291a/src/test/java/snippets/SnippetsTests.java uses unchecked or unsafe operations.
[WARNING] /home/srafi/after-cam-ready/compare_/compile_repair_output/work/51fed04d291a/src/test/java/snippets/SnippetsTests.java: Recompile with -Xlint:unchecked for details.
[INFO] 
[INFO] --- maven-surefire-plugin:3.0.0-M8-SNAPSHOT:test (default-test) @ 30-seconds-of-java8 ---
[INFO] Downloading from apache.snapshots: https://repository.apache.org/snapshots/org/apache/maven/surefire/maven-surefire-common/3.0.0-M8-SNAPSHOT/maven-metadata.xml
[INFO] Downloading from apache.snapshots: https://repository.apache.org/snapshots/org/apache/maven/surefire/surefire-api/3.0.0-M8-SNAPSHOT/maven-metadata.xml
[INFO] Downloading from apache.snapshots: https://repository.apache.org/snapshots/org/apache/maven/surefire/surefire-logger-api/3.0.0-M8-SNAPSHOT/maven-metadata.xml
[INFO] Downloading from apache.snapshots: https://repository.apache.org/snapshots/org/apache/maven/surefire/surefire-shared-utils/3.0.0-M8-SNAPSHOT/maven-metadata.xml
[INFO] Downloading from apache.snapshots: https://repository.apache.org/snapshots/org/apache/maven/surefire/surefire-extensions-api/3.0.0-M8-SNAPSHOT/maven-metadata.xml
[INFO] Downloading from apache.snapshots: https://repository.apache.org/snapshots/org/apache/maven/surefire/surefire-booter/3.0.0-M8-SNAPSHOT/maven-metadata.xml
[INFO] Downloading from apache.snapshots: https://repository.apache.org/snapshots/org/apache/maven/surefire/surefire-extensions-spi/3.0.0-M8-SNAPSHOT/maven-metadata.xml
[INFO] Tests are skipped.
[INFO] 
[INFO] --- maven-jar-plugin:2.4:jar (default-jar) @ 30-seconds-of-java8 ---
[INFO] Building jar: /home/srafi/after-cam-ready/compare_/compile_repair_output/work/51fed04d291a/target/30-seconds-of-java8-1.0-SNAPSHOT.jar
[INFO] 
[INFO] --- maven-install-plugin:2.4:install (default-install) @ 30-seconds-of-java8 ---
[INFO] Installing /home/srafi/after-cam-ready/compare_/compile_repair_output/work/51fed04d291a/target/30-seconds-of-java8-1.0-SNAPSHOT.jar to /home/srafi/.m2/repository/io/github/biezhi/30-seconds-of-java8/1.0-SNAPSHOT/30-seconds-of-java8-1.0-SNAPSHOT.jar
[INFO] Installing /home/srafi/after-cam-ready/compare_/compile_repair_output/work/51fed04d291a/pom.xml to /home/srafi/.m2/repository/io/github/biezhi/30-seconds-of-java8/1.0-SNAPSHOT/30-seconds-of-java8-1.0-SNAPSHOT.pom
[INFO] ------------------------------------------------------------------------
[INFO] BUILD SUCCESS
[INFO] ------------------------------------------------------------------------
[INFO] Total time:  4.013 s
[INFO] Finished at: 2026-08-15T16:26:57-04:00
[INFO] ------------------------------------------------------------------------
