JAVA_HOME=/usr/lib/jvm/java-11-openjdk-amd64
COMMAND=mvn -B clean install -DskipTests -U -pl pinot-common -am -Ddependency-check.skip=true -Dgpg.skip=true -DfailIfNoTests=false -Dskip.installnodenpm=true -Dskip.npm=true -Dskip.yarn=true -Dlicense.skip=true -Dcheckstyle.skip=true -Drat.skip=true -Denforcer.skip=true -Danimal.sniffer.skip=true -Dmaven.javadoc.skip=true -Dfindbugs.skip=true -Dspotbugs.skip=true -Dwarbucks.skip=true -Dmodernizer.skip=true -Dimpsort.skip=true -Dmdep.analyze.skip=true -Dpgpverify.skip=true -Dxml.skip=true -Dcobertura.skip=true

[INFO] Scanning for projects...
Warning: KebabPizza disabling incompatible org.jacoco:jacoco-maven-plugin from pinot
Warning: KebabPizza disabling incompatible com.mycila:license-maven-plugin from pinot
Warning: KebabPizza disabling incompatible org.apache.rat:apache-rat-plugin from pinot
Warning: KebabPizza disabling incompatible org.apache.maven.plugins:maven-enforcer-plugin from pinot
Warning: KebabPizza disabling incompatible org.jacoco:jacoco-maven-plugin from pinot-spi
Warning: KebabPizza disabling incompatible com.mycila:license-maven-plugin from pinot-spi
Warning: KebabPizza disabling incompatible org.apache.rat:apache-rat-plugin from pinot-spi
Warning: KebabPizza disabling incompatible org.apache.maven.plugins:maven-enforcer-plugin from pinot-spi
Warning: KebabPizza disabling incompatible org.jacoco:jacoco-maven-plugin from pinot-segment-spi
Warning: KebabPizza disabling incompatible com.mycila:license-maven-plugin from pinot-segment-spi
Warning: KebabPizza disabling incompatible org.apache.rat:apache-rat-plugin from pinot-segment-spi
Warning: KebabPizza disabling incompatible org.apache.maven.plugins:maven-enforcer-plugin from pinot-segment-spi
Warning: KebabPizza disabling incompatible org.jacoco:jacoco-maven-plugin from pinot-plugins
Warning: KebabPizza disabling incompatible com.mycila:license-maven-plugin from pinot-plugins
Warning: KebabPizza disabling incompatible org.apache.rat:apache-rat-plugin from pinot-plugins
Warning: KebabPizza disabling incompatible org.apache.maven.plugins:maven-enforcer-plugin from pinot-plugins
Warning: KebabPizza disabling incompatible org.jacoco:jacoco-maven-plugin from pinot-metrics
Warning: KebabPizza disabling incompatible com.mycila:license-maven-plugin from pinot-metrics
Warning: KebabPizza disabling incompatible org.apache.rat:apache-rat-plugin from pinot-metrics
Warning: KebabPizza disabling incompatible org.apache.maven.plugins:maven-enforcer-plugin from pinot-metrics
Warning: KebabPizza disabling incompatible org.jacoco:jacoco-maven-plugin from pinot-yammer
Warning: KebabPizza disabling incompatible com.mycila:license-maven-plugin from pinot-yammer
Warning: KebabPizza disabling incompatible org.apache.rat:apache-rat-plugin from pinot-yammer
Warning: KebabPizza disabling incompatible org.apache.maven.plugins:maven-enforcer-plugin from pinot-yammer
Warning: KebabPizza disabling incompatible org.jacoco:jacoco-maven-plugin from pinot-fmpp-maven-plugin
Warning: KebabPizza disabling incompatible com.mycila:license-maven-plugin from pinot-fmpp-maven-plugin
Warning: KebabPizza disabling incompatible org.apache.rat:apache-rat-plugin from pinot-fmpp-maven-plugin
Warning: KebabPizza disabling incompatible org.apache.maven.plugins:maven-enforcer-plugin from pinot-fmpp-maven-plugin
Warning: KebabPizza disabling incompatible org.jacoco:jacoco-maven-plugin from pinot-common
Warning: KebabPizza disabling incompatible com.mycila:license-maven-plugin from pinot-common
Warning: KebabPizza disabling incompatible org.apache.rat:apache-rat-plugin from pinot-common
Warning: KebabPizza disabling incompatible org.apache.maven.plugins:maven-enforcer-plugin from pinot-common
[INFO] ------------------------------------------------------------------------
[INFO] Detecting the operating system and CPU architecture
[INFO] ------------------------------------------------------------------------
[INFO] os.detected.name: linux
[INFO] os.detected.arch: x86_64
[INFO] os.detected.version: 6.8
[INFO] os.detected.version.major: 6
[INFO] os.detected.version.minor: 8
[INFO] os.detected.release: ubuntu
[INFO] os.detected.release.version: 22.04
[INFO] os.detected.release.like.ubuntu: true
[INFO] os.detected.release.like.debian: true
[INFO] os.detected.classifier: linux-x86_64
[INFO] ------------------------------------------------------------------------
[INFO] Reactor Build Order:
[INFO] 
[INFO] Pinot                                                              [pom]
[INFO] Pinot Service Provider Interface                                   [jar]
[INFO] Pinot Segment Service Provider Interface                           [jar]
[INFO] Pinot Plugins                                                      [pom]
[INFO] Pinot Metrics                                                      [pom]
[INFO] Pinot Yammer Metrics                                               [jar]
[INFO] Pinot FMPP plugin                                         [maven-plugin]
[INFO] Pinot Common                                                       [jar]
[INFO] 
[INFO] -----------------------< org.apache.pinot:pinot >-----------------------
[INFO] Building Pinot 0.12.0-SNAPSHOT                                     [1/8]
[INFO] --------------------------------[ pom ]---------------------------------
[INFO] 
[INFO] --- maven-clean-plugin:3.1.0:clean (default-clean) @ pinot ---
[INFO] 
[INFO] --- maven-checkstyle-plugin:3.1.2:check (checkstyle) @ pinot ---
[INFO] 
[INFO] --- buildnumber-maven-plugin:1.3:create (default) @ pinot ---
[INFO] Executing: /bin/sh -c cd /home/srafi/after-cam-ready/compare_/compile_repair_output/work/d8844a4d5453 && git rev-parse --verify HEAD
[INFO] Working directory: /home/srafi/after-cam-ready/compare_/compile_repair_output/work/d8844a4d5453
[INFO] Storing buildNumber: 85e413ebe8c80513a8a676fc090b1af0f50861f0 at timestamp: 1786823696915
[WARNING] Cannot get the branch information from the git repository: 
Detecting the current branch failed: fatal: ref HEAD is not a symbolic ref

[INFO] Executing: /bin/sh -c cd /home/srafi/after-cam-ready/compare_/compile_repair_output/work/d8844a4d5453 && git rev-parse --verify HEAD
[INFO] Working directory: /home/srafi/after-cam-ready/compare_/compile_repair_output/work/d8844a4d5453
[INFO] Storing buildScmBranch: UNKNOWN
[INFO] 
[INFO] --- maven-remote-resources-plugin:1.6.0:process (process-resource-bundles) @ pinot ---
[INFO] Preparing remote bundle org.apache:apache-jar-resource-bundle:1.4
[INFO] Copying 3 resources from 1 bundle.
[INFO] 
[INFO] --- maven-remote-resources-plugin:1.6.0:process (default) @ pinot ---
[INFO] Preparing remote bundle org.apache:apache-jar-resource-bundle:1.4
[INFO] Copying 3 resources from 1 bundle.
[INFO] 
[INFO] --- maven-site-plugin:3.7.1:attach-descriptor (attach-descriptor) @ pinot ---
[INFO] No site descriptor found: nothing to attach.
[INFO] 
[INFO] --- maven-surefire-plugin:3.0.0-M8-SNAPSHOT:test (integration-tests) @ pinot ---
[INFO] Downloading from apache.snapshots: https://repository.apache.org/snapshots/org/apache/maven/surefire/maven-surefire-common/3.0.0-M8-SNAPSHOT/maven-metadata.xml
[INFO] Downloading from apache.snapshots: https://repository.apache.org/snapshots/org/apache/maven/surefire/surefire-api/3.0.0-M8-SNAPSHOT/maven-metadata.xml
[INFO] Downloading from apache.snapshots: https://repository.apache.org/snapshots/org/apache/maven/surefire/surefire-logger-api/3.0.0-M8-SNAPSHOT/maven-metadata.xml
[INFO] Downloading from apache.snapshots: https://repository.apache.org/snapshots/org/apache/maven/surefire/surefire-shared-utils/3.0.0-M8-SNAPSHOT/maven-metadata.xml
[INFO] Downloading from apache.snapshots: https://repository.apache.org/snapshots/org/apache/maven/surefire/surefire-extensions-api/3.0.0-M8-SNAPSHOT/maven-metadata.xml
[INFO] Downloading from apache.snapshots: https://repository.apache.org/snapshots/org/apache/maven/surefire/surefire-booter/3.0.0-M8-SNAPSHOT/maven-metadata.xml
[INFO] Downloading from apache.snapshots: https://repository.apache.org/snapshots/org/apache/maven/surefire/surefire-extensions-spi/3.0.0-M8-SNAPSHOT/maven-metadata.xml
[INFO] Tests are skipped.
[INFO] 
[INFO] --- spotless-maven-plugin:2.28.0:check (default) @ pinot ---
[INFO] Downloading from central: https://repo.maven.apache.org/maven2/com/google/googlejavaformat/google-java-format/1.15.0/google-java-format-1.15.0.pom
[INFO] Downloaded from central: https://repo.maven.apache.org/maven2/com/google/googlejavaformat/google-java-format/1.15.0/google-java-format-1.15.0.pom (10 kB at 133 kB/s)
[INFO] Downloading from central: https://repo.maven.apache.org/maven2/com/google/googlejavaformat/google-java-format-parent/1.15.0/google-java-format-parent-1.15.0.pom
[INFO] Downloaded from central: https://repo.maven.apache.org/maven2/com/google/googlejavaformat/google-java-format-parent/1.15.0/google-java-format-parent-1.15.0.pom (13 kB at 336 kB/s)
[INFO] Downloading from central: https://repo.maven.apache.org/maven2/com/google/googlejavaformat/google-java-format/1.15.0/google-java-format-1.15.0.jar
[INFO] Downloaded from central: https://repo.maven.apache.org/maven2/com/google/googlejavaformat/google-java-format/1.15.0/google-java-format-1.15.0.jar (265 kB at 5.9 MB/s)
[INFO] 
[INFO] --- maven-install-plugin:2.5.2:install (default-install) @ pinot ---
[INFO] Installing /home/srafi/after-cam-ready/compare_/compile_repair_output/work/d8844a4d5453/pom.xml to /home/srafi/.m2/repository/org/apache/pinot/pinot/0.12.0-SNAPSHOT/pinot-0.12.0-SNAPSHOT.pom
[INFO] 
[INFO] ---------------------< org.apache.pinot:pinot-spi >---------------------
[INFO] Building Pinot Service Provider Interface 0.12.0-SNAPSHOT          [2/8]
[INFO] --------------------------------[ jar ]---------------------------------
[INFO] 
[INFO] --- maven-clean-plugin:3.1.0:clean (default-clean) @ pinot-spi ---
[INFO] 
[INFO] --- maven-checkstyle-plugin:3.1.2:check (checkstyle) @ pinot-spi ---
[INFO] 
[INFO] --- buildnumber-maven-plugin:1.3:create (default) @ pinot-spi ---
[INFO] Executing: /bin/sh -c cd /home/srafi/after-cam-ready/compare_/compile_repair_output/work/d8844a4d5453/pinot-spi && git rev-parse --verify HEAD
[INFO] Working directory: /home/srafi/after-cam-ready/compare_/compile_repair_output/work/d8844a4d5453/pinot-spi
[INFO] Storing buildNumber: 85e413ebe8c80513a8a676fc090b1af0f50861f0 at timestamp: 1786823700607
[WARNING] Cannot get the branch information from the git repository: 
Detecting the current branch failed: fatal: ref HEAD is not a symbolic ref

[INFO] Executing: /bin/sh -c cd /home/srafi/after-cam-ready/compare_/compile_repair_output/work/d8844a4d5453/pinot-spi && git rev-parse --verify HEAD
[INFO] Working directory: /home/srafi/after-cam-ready/compare_/compile_repair_output/work/d8844a4d5453/pinot-spi
[INFO] Storing buildScmBranch: UNKNOWN
[INFO] 
[INFO] --- maven-remote-resources-plugin:1.6.0:process (process-resource-bundles) @ pinot-spi ---
[INFO] Preparing remote bundle org.apache:apache-jar-resource-bundle:1.4
[INFO] Copying 3 resources from 1 bundle.
[INFO] 
[INFO] --- maven-remote-resources-plugin:1.6.0:process (default) @ pinot-spi ---
[INFO] Preparing remote bundle org.apache:apache-jar-resource-bundle:1.4
[INFO] Copying 3 resources from 1 bundle.
[INFO] 
[INFO] --- maven-resources-plugin:2.6:resources (default-resources) @ pinot-spi ---
[INFO] Using 'UTF-8' encoding to copy filtered resources.
[INFO] skip non existing resourceDirectory /home/srafi/after-cam-ready/compare_/compile_repair_output/work/d8844a4d5453/pinot-spi/src/main/resources
[INFO] Copying 3 resources
[INFO] Copying 3 resources
[INFO] 
[INFO] --- maven-compiler-plugin:3.8.0:compile (default-compile) @ pinot-spi ---
[INFO] Changes detected - recompiling the module!
[INFO] Compiling 241 source files to /home/srafi/after-cam-ready/compare_/compile_repair_output/work/d8844a4d5453/pinot-spi/target/classes
[INFO] 
[INFO] --- maven-resources-plugin:2.6:testResources (default-testResources) @ pinot-spi ---
[INFO] Using 'UTF-8' encoding to copy filtered resources.
[INFO] Copying 11 resources
[INFO] Copying 3 resources
[INFO] Copying 3 resources
[INFO] 
[INFO] --- maven-compiler-plugin:3.8.0:testCompile (default-testCompile) @ pinot-spi ---
[INFO] Changes detected - recompiling the module!
[INFO] Compiling 38 source files to /home/srafi/after-cam-ready/compare_/compile_repair_output/work/d8844a4d5453/pinot-spi/target/test-classes
[INFO] 
[INFO] --- maven-surefire-plugin:3.0.0-M8-SNAPSHOT:test (default-test) @ pinot-spi ---
[INFO] Tests are skipped.
[INFO] 
[INFO] --- maven-jar-plugin:3.2.0:jar (default-jar) @ pinot-spi ---
[INFO] Building jar: /home/srafi/after-cam-ready/compare_/compile_repair_output/work/d8844a4d5453/pinot-spi/target/pinot-spi-0.12.0-SNAPSHOT.jar
[INFO] 
[INFO] --- maven-site-plugin:3.7.1:attach-descriptor (attach-descriptor) @ pinot-spi ---
[INFO] Skipping because packaging 'jar' is not pom.
[INFO] 
[INFO] --- maven-jar-plugin:3.2.0:test-jar (default) @ pinot-spi ---
[INFO] Building jar: /home/srafi/after-cam-ready/compare_/compile_repair_output/work/d8844a4d5453/pinot-spi/target/pinot-spi-0.12.0-SNAPSHOT-tests.jar
[INFO] 
[INFO] --- maven-surefire-plugin:3.0.0-M8-SNAPSHOT:test (integration-tests) @ pinot-spi ---
[INFO] Tests are skipped.
[INFO] 
[INFO] --- spotless-maven-plugin:2.28.0:check (default) @ pinot-spi ---
[INFO] 
[INFO] --- maven-install-plugin:2.5.2:install (default-install) @ pinot-spi ---
[INFO] Installing /home/srafi/after-cam-ready/compare_/compile_repair_output/work/d8844a4d5453/pinot-spi/target/pinot-spi-0.12.0-SNAPSHOT.jar to /home/srafi/.m2/repository/org/apache/pinot/pinot-spi/0.12.0-SNAPSHOT/pinot-spi-0.12.0-SNAPSHOT.jar
[INFO] Installing /home/srafi/after-cam-ready/compare_/compile_repair_output/work/d8844a4d5453/pinot-spi/pom.xml to /home/srafi/.m2/repository/org/apache/pinot/pinot-spi/0.12.0-SNAPSHOT/pinot-spi-0.12.0-SNAPSHOT.pom
[INFO] Installing /home/srafi/after-cam-ready/compare_/compile_repair_output/work/d8844a4d5453/pinot-spi/target/pinot-spi-0.12.0-SNAPSHOT-tests.jar to /home/srafi/.m2/repository/org/apache/pinot/pinot-spi/0.12.0-SNAPSHOT/pinot-spi-0.12.0-SNAPSHOT-tests.jar
[INFO] 
[INFO] -----------------< org.apache.pinot:pinot-segment-spi >-----------------
[INFO] Building Pinot Segment Service Provider Interface 0.12.0-SNAPSHOT  [3/8]
[INFO] --------------------------------[ jar ]---------------------------------
[INFO] Downloading from central: https://repo.maven.apache.org/maven2/org/roaringbitmap/RoaringBitmap/0.9.35/RoaringBitmap-0.9.35.pom
[INFO] Downloaded from central: https://repo.maven.apache.org/maven2/org/roaringbitmap/RoaringBitmap/0.9.35/RoaringBitmap-0.9.35.pom (2.3 kB at 67 kB/s)
[INFO] Downloading from central: https://repo.maven.apache.org/maven2/org/roaringbitmap/shims/0.9.35/shims-0.9.35.pom
[INFO] Downloaded from central: https://repo.maven.apache.org/maven2/org/roaringbitmap/shims/0.9.35/shims-0.9.35.pom (2.1 kB at 66 kB/s)
[INFO] Downloading from central: https://repo.maven.apache.org/maven2/it/unimi/dsi/fastutil/8.2.3/fastutil-8.2.3.pom
[INFO] Downloaded from central: https://repo.maven.apache.org/maven2/it/unimi/dsi/fastutil/8.2.3/fastutil-8.2.3.pom (1.4 kB at 37 kB/s)
[INFO] Downloading from central: https://repo.maven.apache.org/maven2/org/locationtech/jts/jts-core/1.16.1/jts-core-1.16.1.pom
[INFO] Downloaded from central: https://repo.maven.apache.org/maven2/org/locationtech/jts/jts-core/1.16.1/jts-core-1.16.1.pom (2.4 kB at 74 kB/s)
[INFO] Downloading from central: https://repo.maven.apache.org/maven2/org/locationtech/jts/jts-modules/1.16.1/jts-modules-1.16.1.pom
[INFO] Downloaded from central: https://repo.maven.apache.org/maven2/org/locationtech/jts/jts-modules/1.16.1/jts-modules-1.16.1.pom (1.3 kB at 38 kB/s)
[INFO] Downloading from central: https://repo.maven.apache.org/maven2/org/locationtech/jts/jts/1.16.1/jts-1.16.1.pom
[INFO] Downloaded from central: https://repo.maven.apache.org/maven2/org/locationtech/jts/jts/1.16.1/jts-1.16.1.pom (11 kB at 266 kB/s)
[INFO] Downloading from central: https://repo.maven.apache.org/maven2/org/xerial/larray/larray-mmap/0.4.1/larray-mmap-0.4.1.pom
[INFO] Downloaded from central: https://repo.maven.apache.org/maven2/org/xerial/larray/larray-mmap/0.4.1/larray-mmap-0.4.1.pom (2.1 kB at 58 kB/s)
[INFO] Downloading from central: https://repo.maven.apache.org/maven2/org/xerial/larray/larray-buffer/0.4.1/larray-buffer-0.4.1.pom
[INFO] Downloaded from central: https://repo.maven.apache.org/maven2/org/xerial/larray/larray-buffer/0.4.1/larray-buffer-0.4.1.pom (1.9 kB at 52 kB/s)
[INFO] Downloading from central: https://repo.maven.apache.org/maven2/org/roaringbitmap/RoaringBitmap/0.9.35/RoaringBitmap-0.9.35.jar
[INFO] Downloading from central: https://repo.maven.apache.org/maven2/org/roaringbitmap/shims/0.9.35/shims-0.9.35.jar
[INFO] Downloading from central: https://repo.maven.apache.org/maven2/it/unimi/dsi/fastutil/8.2.3/fastutil-8.2.3.jar
[INFO] Downloading from central: https://repo.maven.apache.org/maven2/org/locationtech/jts/jts-core/1.16.1/jts-core-1.16.1.jar
[INFO] Downloading from central: https://repo.maven.apache.org/maven2/org/xerial/larray/larray-mmap/0.4.1/larray-mmap-0.4.1.jar
[INFO] Downloaded from central: https://repo.maven.apache.org/maven2/org/roaringbitmap/RoaringBitmap/0.9.35/RoaringBitmap-0.9.35.jar (438 kB at 8.3 MB/s)
[INFO] Downloading from central: https://repo.maven.apache.org/maven2/org/xerial/larray/larray-buffer/0.4.1/larray-buffer-0.4.1.jar
[INFO] Downloaded from central: https://repo.maven.apache.org/maven2/org/roaringbitmap/shims/0.9.35/shims-0.9.35.jar (2.6 kB at 45 kB/s)
[INFO] Downloaded from central: https://repo.maven.apache.org/maven2/org/xerial/larray/larray-mmap/0.4.1/larray-mmap-0.4.1.jar (34 kB at 417 kB/s)
[INFO] Downloaded from central: https://repo.maven.apache.org/maven2/org/locationtech/jts/jts-core/1.16.1/jts-core-1.16.1.jar (854 kB at 9.7 MB/s)
[INFO] Downloaded from central: https://repo.maven.apache.org/maven2/org/xerial/larray/larray-buffer/0.4.1/larray-buffer-0.4.1.jar (14 kB at 163 kB/s)
[INFO] Downloaded from central: https://repo.maven.apache.org/maven2/it/unimi/dsi/fastutil/8.2.3/fastutil-8.2.3.jar (19 MB at 52 MB/s)
[INFO] 
[INFO] --- maven-clean-plugin:3.1.0:clean (default-clean) @ pinot-segment-spi ---
[INFO] 
[INFO] --- maven-checkstyle-plugin:3.1.2:check (checkstyle) @ pinot-segment-spi ---
[INFO] 
[INFO] --- buildnumber-maven-plugin:1.3:create (default) @ pinot-segment-spi ---
[INFO] Executing: /bin/sh -c cd /home/srafi/after-cam-ready/compare_/compile_repair_output/work/d8844a4d5453/pinot-segment-spi && git rev-parse --verify HEAD
[INFO] Working directory: /home/srafi/after-cam-ready/compare_/compile_repair_output/work/d8844a4d5453/pinot-segment-spi
[INFO] Storing buildNumber: 85e413ebe8c80513a8a676fc090b1af0f50861f0 at timestamp: 1786823705950
[WARNING] Cannot get the branch information from the git repository: 
Detecting the current branch failed: fatal: ref HEAD is not a symbolic ref

[INFO] Executing: /bin/sh -c cd /home/srafi/after-cam-ready/compare_/compile_repair_output/work/d8844a4d5453/pinot-segment-spi && git rev-parse --verify HEAD
[INFO] Working directory: /home/srafi/after-cam-ready/compare_/compile_repair_output/work/d8844a4d5453/pinot-segment-spi
[INFO] Storing buildScmBranch: UNKNOWN
[INFO] 
[INFO] --- maven-remote-resources-plugin:1.6.0:process (process-resource-bundles) @ pinot-segment-spi ---
[INFO] Preparing remote bundle org.apache:apache-jar-resource-bundle:1.4
[INFO] Copying 3 resources from 1 bundle.
[INFO] 
[INFO] --- maven-remote-resources-plugin:1.6.0:process (default) @ pinot-segment-spi ---
[INFO] Preparing remote bundle org.apache:apache-jar-resource-bundle:1.4
[INFO] Copying 3 resources from 1 bundle.
[INFO] 
[INFO] --- maven-resources-plugin:2.6:resources (default-resources) @ pinot-segment-spi ---
[INFO] Using 'UTF-8' encoding to copy filtered resources.
[INFO] skip non existing resourceDirectory /home/srafi/after-cam-ready/compare_/compile_repair_output/work/d8844a4d5453/pinot-segment-spi/src/main/resources
[INFO] Copying 3 resources
[INFO] Copying 3 resources
[INFO] 
[INFO] --- maven-compiler-plugin:3.8.0:compile (default-compile) @ pinot-segment-spi ---
[INFO] Changes detected - recompiling the module!
[INFO] Compiling 125 source files to /home/srafi/after-cam-ready/compare_/compile_repair_output/work/d8844a4d5453/pinot-segment-spi/target/classes
[INFO] 
[INFO] --- maven-resources-plugin:2.6:testResources (default-testResources) @ pinot-segment-spi ---
[INFO] Using 'UTF-8' encoding to copy filtered resources.
[INFO] skip non existing resourceDirectory /home/srafi/after-cam-ready/compare_/compile_repair_output/work/d8844a4d5453/pinot-segment-spi/src/test/resources
[INFO] Copying 3 resources
[INFO] Copying 3 resources
[INFO] 
[INFO] --- maven-compiler-plugin:3.8.0:testCompile (default-testCompile) @ pinot-segment-spi ---
[INFO] Changes detected - recompiling the module!
[INFO] Compiling 10 source files to /home/srafi/after-cam-ready/compare_/compile_repair_output/work/d8844a4d5453/pinot-segment-spi/target/test-classes
[INFO] 
[INFO] --- maven-surefire-plugin:3.0.0-M8-SNAPSHOT:test (default-test) @ pinot-segment-spi ---
[INFO] Tests are skipped.
[INFO] 
[INFO] --- maven-jar-plugin:3.2.0:jar (default-jar) @ pinot-segment-spi ---
[INFO] Building jar: /home/srafi/after-cam-ready/compare_/compile_repair_output/work/d8844a4d5453/pinot-segment-spi/target/pinot-segment-spi-0.12.0-SNAPSHOT.jar
[INFO] 
[INFO] --- maven-jar-plugin:3.2.0:test-jar (default) @ pinot-segment-spi ---
[INFO] Building jar: /home/srafi/after-cam-ready/compare_/compile_repair_output/work/d8844a4d5453/pinot-segment-spi/target/pinot-segment-spi-0.12.0-SNAPSHOT-tests.jar
[INFO] 
[INFO] --- maven-site-plugin:3.7.1:attach-descriptor (attach-descriptor) @ pinot-segment-spi ---
[INFO] Skipping because packaging 'jar' is not pom.
[INFO] 
[INFO] --- maven-surefire-plugin:3.0.0-M8-SNAPSHOT:test (integration-tests) @ pinot-segment-spi ---
[INFO] Tests are skipped.
[INFO] 
[INFO] --- spotless-maven-plugin:2.28.0:check (default) @ pinot-segment-spi ---
[INFO] 
[INFO] --- maven-install-plugin:2.5.2:install (default-install) @ pinot-segment-spi ---
[INFO] Installing /home/srafi/after-cam-ready/compare_/compile_repair_output/work/d8844a4d5453/pinot-segment-spi/target/pinot-segment-spi-0.12.0-SNAPSHOT.jar to /home/srafi/.m2/repository/org/apache/pinot/pinot-segment-spi/0.12.0-SNAPSHOT/pinot-segment-spi-0.12.0-SNAPSHOT.jar
[INFO] Installing /home/srafi/after-cam-ready/compare_/compile_repair_output/work/d8844a4d5453/pinot-segment-spi/pom.xml to /home/srafi/.m2/repository/org/apache/pinot/pinot-segment-spi/0.12.0-SNAPSHOT/pinot-segment-spi-0.12.0-SNAPSHOT.pom
[INFO] Installing /home/srafi/after-cam-ready/compare_/compile_repair_output/work/d8844a4d5453/pinot-segment-spi/target/pinot-segment-spi-0.12.0-SNAPSHOT-tests.jar to /home/srafi/.m2/repository/org/apache/pinot/pinot-segment-spi/0.12.0-SNAPSHOT/pinot-segment-spi-0.12.0-SNAPSHOT-tests.jar
[INFO] 
[INFO] -------------------< org.apache.pinot:pinot-plugins >-------------------
[INFO] Building Pinot Plugins 0.12.0-SNAPSHOT                             [4/8]
[INFO] --------------------------------[ pom ]---------------------------------
[INFO] 
[INFO] --- maven-clean-plugin:3.1.0:clean (default-clean) @ pinot-plugins ---
[INFO] 
[INFO] --- maven-checkstyle-plugin:3.1.2:check (checkstyle) @ pinot-plugins ---
[INFO] 
[INFO] --- buildnumber-maven-plugin:1.3:create (default) @ pinot-plugins ---
[INFO] Executing: /bin/sh -c cd /home/srafi/after-cam-ready/compare_/compile_repair_output/work/d8844a4d5453/pinot-plugins && git rev-parse --verify HEAD
[INFO] Working directory: /home/srafi/after-cam-ready/compare_/compile_repair_output/work/d8844a4d5453/pinot-plugins
[INFO] Storing buildNumber: 85e413ebe8c80513a8a676fc090b1af0f50861f0 at timestamp: 1786823708827
[WARNING] Cannot get the branch information from the git repository: 
Detecting the current branch failed: fatal: ref HEAD is not a symbolic ref

[INFO] Executing: /bin/sh -c cd /home/srafi/after-cam-ready/compare_/compile_repair_output/work/d8844a4d5453/pinot-plugins && git rev-parse --verify HEAD
[INFO] Working directory: /home/srafi/after-cam-ready/compare_/compile_repair_output/work/d8844a4d5453/pinot-plugins
[INFO] Storing buildScmBranch: UNKNOWN
[INFO] 
[INFO] --- maven-remote-resources-plugin:1.6.0:process (process-resource-bundles) @ pinot-plugins ---
[INFO] Preparing remote bundle org.apache:apache-jar-resource-bundle:1.4
[INFO] Copying 3 resources from 1 bundle.
[INFO] 
[INFO] --- maven-remote-resources-plugin:1.6.0:process (default) @ pinot-plugins ---
[INFO] Preparing remote bundle org.apache:apache-jar-resource-bundle:1.4
[INFO] Copying 3 resources from 1 bundle.
[INFO] 
[INFO] --- maven-site-plugin:3.7.1:attach-descriptor (attach-descriptor) @ pinot-plugins ---
[INFO] No site descriptor found: nothing to attach.
[INFO] 
[INFO] --- maven-surefire-plugin:3.0.0-M8-SNAPSHOT:test (integration-tests) @ pinot-plugins ---
[INFO] Tests are skipped.
[INFO] 
[INFO] --- spotless-maven-plugin:2.28.0:check (default) @ pinot-plugins ---
[INFO] 
[INFO] --- maven-install-plugin:2.5.2:install (default-install) @ pinot-plugins ---
[INFO] Installing /home/srafi/after-cam-ready/compare_/compile_repair_output/work/d8844a4d5453/pinot-plugins/pom.xml to /home/srafi/.m2/repository/org/apache/pinot/pinot-plugins/0.12.0-SNAPSHOT/pinot-plugins-0.12.0-SNAPSHOT.pom
[INFO] 
[INFO] -------------------< org.apache.pinot:pinot-metrics >-------------------
[INFO] Building Pinot Metrics 0.12.0-SNAPSHOT                             [5/8]
[INFO] --------------------------------[ pom ]---------------------------------
[INFO] 
[INFO] --- maven-clean-plugin:3.1.0:clean (default-clean) @ pinot-metrics ---
[INFO] 
[INFO] --- maven-checkstyle-plugin:3.1.2:check (checkstyle) @ pinot-metrics ---
[INFO] 
[INFO] --- buildnumber-maven-plugin:1.3:create (default) @ pinot-metrics ---
[INFO] Executing: /bin/sh -c cd /home/srafi/after-cam-ready/compare_/compile_repair_output/work/d8844a4d5453/pinot-plugins/pinot-metrics && git rev-parse --verify HEAD
[INFO] Working directory: /home/srafi/after-cam-ready/compare_/compile_repair_output/work/d8844a4d5453/pinot-plugins/pinot-metrics
[INFO] Storing buildNumber: 85e413ebe8c80513a8a676fc090b1af0f50861f0 at timestamp: 1786823708921
[WARNING] Cannot get the branch information from the git repository: 
Detecting the current branch failed: fatal: ref HEAD is not a symbolic ref

[INFO] Executing: /bin/sh -c cd /home/srafi/after-cam-ready/compare_/compile_repair_output/work/d8844a4d5453/pinot-plugins/pinot-metrics && git rev-parse --verify HEAD
[INFO] Working directory: /home/srafi/after-cam-ready/compare_/compile_repair_output/work/d8844a4d5453/pinot-plugins/pinot-metrics
[INFO] Storing buildScmBranch: UNKNOWN
[INFO] 
[INFO] --- maven-remote-resources-plugin:1.6.0:process (process-resource-bundles) @ pinot-metrics ---
[INFO] Preparing remote bundle org.apache:apache-jar-resource-bundle:1.4
[INFO] Copying 3 resources from 1 bundle.
[INFO] 
[INFO] --- maven-remote-resources-plugin:1.6.0:process (default) @ pinot-metrics ---
[INFO] Preparing remote bundle org.apache:apache-jar-resource-bundle:1.4
[INFO] Copying 3 resources from 1 bundle.
[INFO] 
[INFO] --- maven-site-plugin:3.7.1:attach-descriptor (attach-descriptor) @ pinot-metrics ---
[INFO] No site descriptor found: nothing to attach.
[INFO] 
[INFO] --- maven-surefire-plugin:3.0.0-M8-SNAPSHOT:test (integration-tests) @ pinot-metrics ---
[INFO] Tests are skipped.
[INFO] 
[INFO] --- spotless-maven-plugin:2.28.0:check (default) @ pinot-metrics ---
[INFO] 
[INFO] --- maven-install-plugin:2.5.2:install (default-install) @ pinot-metrics ---
[INFO] Installing /home/srafi/after-cam-ready/compare_/compile_repair_output/work/d8844a4d5453/pinot-plugins/pinot-metrics/pom.xml to /home/srafi/.m2/repository/org/apache/pinot/pinot-metrics/0.12.0-SNAPSHOT/pinot-metrics-0.12.0-SNAPSHOT.pom
[INFO] 
[INFO] -------------------< org.apache.pinot:pinot-yammer >--------------------
[INFO] Building Pinot Yammer Metrics 0.12.0-SNAPSHOT                      [6/8]
[INFO] --------------------------------[ jar ]---------------------------------
[INFO] 
[INFO] --- maven-clean-plugin:3.1.0:clean (default-clean) @ pinot-yammer ---
[INFO] 
[INFO] --- maven-checkstyle-plugin:3.1.2:check (checkstyle) @ pinot-yammer ---
[INFO] 
[INFO] --- buildnumber-maven-plugin:1.3:create (default) @ pinot-yammer ---
[INFO] Executing: /bin/sh -c cd /home/srafi/after-cam-ready/compare_/compile_repair_output/work/d8844a4d5453/pinot-plugins/pinot-metrics/pinot-yammer && git rev-parse --verify HEAD
[INFO] Working directory: /home/srafi/after-cam-ready/compare_/compile_repair_output/work/d8844a4d5453/pinot-plugins/pinot-metrics/pinot-yammer
[INFO] Storing buildNumber: 85e413ebe8c80513a8a676fc090b1af0f50861f0 at timestamp: 1786823708960
[WARNING] Cannot get the branch information from the git repository: 
Detecting the current branch failed: fatal: ref HEAD is not a symbolic ref

[INFO] Executing: /bin/sh -c cd /home/srafi/after-cam-ready/compare_/compile_repair_output/work/d8844a4d5453/pinot-plugins/pinot-metrics/pinot-yammer && git rev-parse --verify HEAD
[INFO] Working directory: /home/srafi/after-cam-ready/compare_/compile_repair_output/work/d8844a4d5453/pinot-plugins/pinot-metrics/pinot-yammer
[INFO] Storing buildScmBranch: UNKNOWN
[INFO] 
[INFO] --- maven-remote-resources-plugin:1.6.0:process (process-resource-bundles) @ pinot-yammer ---
[INFO] Preparing remote bundle org.apache:apache-jar-resource-bundle:1.4
[INFO] Copying 3 resources from 1 bundle.
[INFO] 
[INFO] --- maven-remote-resources-plugin:1.6.0:process (default) @ pinot-yammer ---
[INFO] Preparing remote bundle org.apache:apache-jar-resource-bundle:1.4
[INFO] Copying 3 resources from 1 bundle.
[INFO] 
[INFO] --- maven-resources-plugin:2.6:resources (default-resources) @ pinot-yammer ---
[INFO] Using 'UTF-8' encoding to copy filtered resources.
[INFO] skip non existing resourceDirectory /home/srafi/after-cam-ready/compare_/compile_repair_output/work/d8844a4d5453/pinot-plugins/pinot-metrics/pinot-yammer/src/main/resources
[INFO] Copying 3 resources
[INFO] Copying 3 resources
[INFO] 
[INFO] --- maven-compiler-plugin:3.8.0:compile (default-compile) @ pinot-yammer ---
[INFO] Changes detected - recompiling the module!
[INFO] Compiling 11 source files to /home/srafi/after-cam-ready/compare_/compile_repair_output/work/d8844a4d5453/pinot-plugins/pinot-metrics/pinot-yammer/target/classes
[INFO] 
[INFO] --- maven-resources-plugin:2.6:testResources (default-testResources) @ pinot-yammer ---
[INFO] Using 'UTF-8' encoding to copy filtered resources.
[INFO] skip non existing resourceDirectory /home/srafi/after-cam-ready/compare_/compile_repair_output/work/d8844a4d5453/pinot-plugins/pinot-metrics/pinot-yammer/src/test/resources
[INFO] Copying 3 resources
[INFO] Copying 3 resources
[INFO] 
[INFO] --- maven-compiler-plugin:3.8.0:testCompile (default-testCompile) @ pinot-yammer ---
[INFO] No sources to compile
[INFO] 
[INFO] --- maven-surefire-plugin:3.0.0-M8-SNAPSHOT:test (default-test) @ pinot-yammer ---
[INFO] Tests are skipped.
[INFO] 
[INFO] --- maven-jar-plugin:3.2.0:jar (default-jar) @ pinot-yammer ---
[INFO] Building jar: /home/srafi/after-cam-ready/compare_/compile_repair_output/work/d8844a4d5453/pinot-plugins/pinot-metrics/pinot-yammer/target/pinot-yammer-0.12.0-SNAPSHOT.jar
[INFO] 
[INFO] --- maven-shade-plugin:3.2.1:shade (default) @ pinot-yammer ---
[INFO] Including org.apache.pinot:pinot-spi:jar:0.12.0-SNAPSHOT in the shaded jar.
[INFO] Including commons-configuration:commons-configuration:jar:1.10 in the shaded jar.
[INFO] Including commons-codec:commons-codec:jar:1.15 in the shaded jar.
[INFO] Including commons-io:commons-io:jar:2.11.0 in the shaded jar.
[INFO] Including commons-lang:commons-lang:jar:2.6 in the shaded jar.
[INFO] Including commons-logging:commons-logging:jar:1.2 in the shaded jar.
[INFO] Including org.apache.commons:commons-lang3:jar:3.11 in the shaded jar.
[INFO] Including commons-collections:commons-collections:jar:3.2.2 in the shaded jar.
[INFO] Including com.google.guava:guava:jar:20.0 in the shaded jar.
[INFO] Including com.google.code.findbugs:jsr305:jar:3.0.0 in the shaded jar.
[INFO] Including org.apache.logging.log4j:log4j-slf4j-impl:jar:2.17.1 in the shaded jar.
[INFO] Including org.apache.logging.log4j:log4j-api:jar:2.17.1 in the shaded jar.
[INFO] Including org.apache.logging.log4j:log4j-core:jar:2.17.1 in the shaded jar.
[INFO] Including com.lmax:disruptor:jar:3.3.4 in the shaded jar.
[INFO] Including org.apache.logging.log4j:log4j-1.2-api:jar:2.17.1 in the shaded jar.
[INFO] Including joda-time:joda-time:jar:2.10.5 in the shaded jar.
[INFO] Including com.fasterxml.jackson.core:jackson-annotations:jar:2.12.7 in the shaded jar.
[INFO] Including org.yaml:snakeyaml:jar:1.33 in the shaded jar.
[INFO] Including com.fasterxml.jackson.core:jackson-databind:jar:2.12.7 in the shaded jar.
[INFO] Including com.fasterxml.jackson.core:jackson-core:jar:2.12.7 in the shaded jar.
[INFO] Including org.apache.avro:avro:jar:1.9.2 in the shaded jar.
[INFO] Including org.apache.commons:commons-compress:jar:1.21 in the shaded jar.
[INFO] Including org.codehaus.groovy:groovy-all:jar:2.4.21 in the shaded jar.
[INFO] Including org.reflections:reflections:jar:0.9.11 in the shaded jar.
[INFO] Including org.javassist:javassist:jar:3.19.0-GA in the shaded jar.
[INFO] Including com.yammer.metrics:metrics-core:jar:2.2.0 in the shaded jar.
[INFO] Including org.slf4j:slf4j-api:jar:1.7.25 in the shaded jar.
[WARNING] Discovered module-info.class. Shading will break its strong encapsulation.
[WARNING] Discovered module-info.class. Shading will break its strong encapsulation.
[WARNING] Discovered module-info.class. Shading will break its strong encapsulation.
[INFO] Attaching shaded artifact.
[INFO] 
[INFO] --- maven-jar-plugin:3.2.0:test-jar (default) @ pinot-yammer ---
[INFO] Building jar: /home/srafi/after-cam-ready/compare_/compile_repair_output/work/d8844a4d5453/pinot-plugins/pinot-metrics/pinot-yammer/target/pinot-yammer-0.12.0-SNAPSHOT-tests.jar
[INFO] 
[INFO] --- maven-site-plugin:3.7.1:attach-descriptor (attach-descriptor) @ pinot-yammer ---
[INFO] Skipping because packaging 'jar' is not pom.
[INFO] 
[INFO] --- maven-surefire-plugin:3.0.0-M8-SNAPSHOT:test (integration-tests) @ pinot-yammer ---
[INFO] Tests are skipped.
[INFO] 
[INFO] --- spotless-maven-plugin:2.28.0:check (default) @ pinot-yammer ---
[INFO] 
[INFO] --- maven-install-plugin:2.5.2:install (default-install) @ pinot-yammer ---
[INFO] Installing /home/srafi/after-cam-ready/compare_/compile_repair_output/work/d8844a4d5453/pinot-plugins/pinot-metrics/pinot-yammer/target/pinot-yammer-0.12.0-SNAPSHOT.jar to /home/srafi/.m2/repository/org/apache/pinot/pinot-yammer/0.12.0-SNAPSHOT/pinot-yammer-0.12.0-SNAPSHOT.jar
[INFO] Installing /home/srafi/after-cam-ready/compare_/compile_repair_output/work/d8844a4d5453/pinot-plugins/pinot-metrics/pinot-yammer/pom.xml to /home/srafi/.m2/repository/org/apache/pinot/pinot-yammer/0.12.0-SNAPSHOT/pinot-yammer-0.12.0-SNAPSHOT.pom
[INFO] Installing /home/srafi/after-cam-ready/compare_/compile_repair_output/work/d8844a4d5453/pinot-plugins/pinot-metrics/pinot-yammer/target/pinot-yammer-0.12.0-SNAPSHOT-shaded.jar to /home/srafi/.m2/repository/org/apache/pinot/pinot-yammer/0.12.0-SNAPSHOT/pinot-yammer-0.12.0-SNAPSHOT-shaded.jar
[INFO] Installing /home/srafi/after-cam-ready/compare_/compile_repair_output/work/d8844a4d5453/pinot-plugins/pinot-metrics/pinot-yammer/target/pinot-yammer-0.12.0-SNAPSHOT-tests.jar to /home/srafi/.m2/repository/org/apache/pinot/pinot-yammer/0.12.0-SNAPSHOT/pinot-yammer-0.12.0-SNAPSHOT-tests.jar
[INFO] 
[INFO] --------------< org.apache.pinot:pinot-fmpp-maven-plugin >--------------
[INFO] Building Pinot FMPP plugin 0.12.0-SNAPSHOT                         [7/8]
[INFO] ----------------------------[ maven-plugin ]----------------------------
[INFO] Downloading from central: https://repo.maven.apache.org/maven2/net/sourceforge/fmpp/fmpp/0.9.16/fmpp-0.9.16.pom
[INFO] Downloaded from central: https://repo.maven.apache.org/maven2/net/sourceforge/fmpp/fmpp/0.9.16/fmpp-0.9.16.pom (1.7 kB at 48 kB/s)
[INFO] Downloading from central: https://repo.maven.apache.org/maven2/org/devlib/schmidt/imageinfo/1.9/imageinfo-1.9.pom
[INFO] Downloaded from central: https://repo.maven.apache.org/maven2/org/devlib/schmidt/imageinfo/1.9/imageinfo-1.9.pom (943 B at 29 kB/s)
[INFO] Downloading from central: https://repo.maven.apache.org/maven2/net/sourceforge/fmpp/fmpp/0.9.16/fmpp-0.9.16.jar
[INFO] Downloading from central: https://repo.maven.apache.org/maven2/org/devlib/schmidt/imageinfo/1.9/imageinfo-1.9.jar
[INFO] Downloaded from central: https://repo.maven.apache.org/maven2/net/sourceforge/fmpp/fmpp/0.9.16/fmpp-0.9.16.jar (346 kB at 10 MB/s)
[INFO] Downloaded from central: https://repo.maven.apache.org/maven2/org/devlib/schmidt/imageinfo/1.9/imageinfo-1.9.jar (11 kB at 319 kB/s)
[INFO] 
[INFO] --- maven-clean-plugin:3.1.0:clean (default-clean) @ pinot-fmpp-maven-plugin ---
[INFO] 
[INFO] --- maven-checkstyle-plugin:3.1.2:check (checkstyle) @ pinot-fmpp-maven-plugin ---
[INFO] 
[INFO] --- buildnumber-maven-plugin:1.3:create (default) @ pinot-fmpp-maven-plugin ---
[INFO] Executing: /bin/sh -c cd /home/srafi/after-cam-ready/compare_/compile_repair_output/work/d8844a4d5453/contrib/pinot-fmpp-maven-plugin && git rev-parse --verify HEAD
[INFO] Working directory: /home/srafi/after-cam-ready/compare_/compile_repair_output/work/d8844a4d5453/contrib/pinot-fmpp-maven-plugin
[INFO] Storing buildNumber: 85e413ebe8c80513a8a676fc090b1af0f50861f0 at timestamp: 1786823713490
[WARNING] Cannot get the branch information from the git repository: 
Detecting the current branch failed: fatal: ref HEAD is not a symbolic ref

[INFO] Executing: /bin/sh -c cd /home/srafi/after-cam-ready/compare_/compile_repair_output/work/d8844a4d5453/contrib/pinot-fmpp-maven-plugin && git rev-parse --verify HEAD
[INFO] Working directory: /home/srafi/after-cam-ready/compare_/compile_repair_output/work/d8844a4d5453/contrib/pinot-fmpp-maven-plugin
[INFO] Storing buildScmBranch: UNKNOWN
[INFO] 
[INFO] --- maven-remote-resources-plugin:1.6.0:process (process-resource-bundles) @ pinot-fmpp-maven-plugin ---
[INFO] Preparing remote bundle org.apache:apache-jar-resource-bundle:1.4
[INFO] Copying 3 resources from 1 bundle.
[INFO] 
[INFO] --- maven-remote-resources-plugin:1.6.0:process (default) @ pinot-fmpp-maven-plugin ---
[INFO] Preparing remote bundle org.apache:apache-jar-resource-bundle:1.4
[INFO] Copying 3 resources from 1 bundle.
[INFO] 
[INFO] --- maven-resources-plugin:2.6:resources (default-resources) @ pinot-fmpp-maven-plugin ---
[INFO] Using 'UTF-8' encoding to copy filtered resources.
[INFO] skip non existing resourceDirectory /home/srafi/after-cam-ready/compare_/compile_repair_output/work/d8844a4d5453/contrib/pinot-fmpp-maven-plugin/src/main/resources
[INFO] Copying 3 resources
[INFO] Copying 3 resources
[INFO] 
[INFO] --- maven-compiler-plugin:3.8.0:compile (default-compile) @ pinot-fmpp-maven-plugin ---
[INFO] Changes detected - recompiling the module!
[INFO] Compiling 2 source files to /home/srafi/after-cam-ready/compare_/compile_repair_output/work/d8844a4d5453/contrib/pinot-fmpp-maven-plugin/target/classes
[INFO] 
[INFO] --- maven-plugin-plugin:3.6.0:descriptor (default-descriptor) @ pinot-fmpp-maven-plugin ---
[INFO] Using 'UTF-8' encoding to read mojo source files.
[INFO] java-javadoc mojo extractor found 1 mojo descriptor.
[INFO] java-annotations mojo extractor found 0 mojo descriptor.
[INFO] 
[INFO] --- maven-plugin-plugin:3.6.0:helpmojo (help-descriptor) @ pinot-fmpp-maven-plugin ---
[INFO] Using 'UTF-8' encoding to read mojo source files.
[INFO] java-javadoc mojo extractor found 1 mojo descriptor.
[INFO] java-annotations mojo extractor found 0 mojo descriptor.
[INFO] 
[INFO] --- maven-resources-plugin:2.6:testResources (default-testResources) @ pinot-fmpp-maven-plugin ---
[INFO] Using 'UTF-8' encoding to copy filtered resources.
[INFO] skip non existing resourceDirectory /home/srafi/after-cam-ready/compare_/compile_repair_output/work/d8844a4d5453/contrib/pinot-fmpp-maven-plugin/src/test/resources
[INFO] Copying 3 resources
[INFO] Copying 3 resources
[INFO] 
[INFO] --- maven-compiler-plugin:3.8.0:testCompile (default-testCompile) @ pinot-fmpp-maven-plugin ---
[INFO] No sources to compile
[INFO] 
[INFO] --- maven-surefire-plugin:3.0.0-M8-SNAPSHOT:test (default-test) @ pinot-fmpp-maven-plugin ---
[INFO] Tests are skipped.
[INFO] 
[INFO] --- maven-jar-plugin:3.2.0:jar (default-jar) @ pinot-fmpp-maven-plugin ---
[INFO] Building jar: /home/srafi/after-cam-ready/compare_/compile_repair_output/work/d8844a4d5453/contrib/pinot-fmpp-maven-plugin/target/pinot-fmpp-maven-plugin-0.12.0-SNAPSHOT.jar
[INFO] 
[INFO] --- maven-plugin-plugin:3.6.0:addPluginArtifactMetadata (default-addPluginArtifactMetadata) @ pinot-fmpp-maven-plugin ---
[INFO] 
[INFO] --- maven-site-plugin:3.7.1:attach-descriptor (attach-descriptor) @ pinot-fmpp-maven-plugin ---
[INFO] Skipping because packaging 'maven-plugin' is not pom.
[INFO] 
[INFO] --- maven-jar-plugin:3.2.0:test-jar (default) @ pinot-fmpp-maven-plugin ---
[INFO] Building jar: /home/srafi/after-cam-ready/compare_/compile_repair_output/work/d8844a4d5453/contrib/pinot-fmpp-maven-plugin/target/pinot-fmpp-maven-plugin-0.12.0-SNAPSHOT-tests.jar
[INFO] 
[INFO] --- maven-surefire-plugin:3.0.0-M8-SNAPSHOT:test (integration-tests) @ pinot-fmpp-maven-plugin ---
[INFO] Tests are skipped.
[INFO] 
[INFO] --- spotless-maven-plugin:2.28.0:check (default) @ pinot-fmpp-maven-plugin ---
[INFO] 
[INFO] --- maven-install-plugin:2.5.2:install (default-install) @ pinot-fmpp-maven-plugin ---
[INFO] Installing /home/srafi/after-cam-ready/compare_/compile_repair_output/work/d8844a4d5453/contrib/pinot-fmpp-maven-plugin/target/pinot-fmpp-maven-plugin-0.12.0-SNAPSHOT.jar to /home/srafi/.m2/repository/org/apache/pinot/pinot-fmpp-maven-plugin/0.12.0-SNAPSHOT/pinot-fmpp-maven-plugin-0.12.0-SNAPSHOT.jar
[INFO] Installing /home/srafi/after-cam-ready/compare_/compile_repair_output/work/d8844a4d5453/contrib/pinot-fmpp-maven-plugin/pom.xml to /home/srafi/.m2/repository/org/apache/pinot/pinot-fmpp-maven-plugin/0.12.0-SNAPSHOT/pinot-fmpp-maven-plugin-0.12.0-SNAPSHOT.pom
[INFO] Installing /home/srafi/after-cam-ready/compare_/compile_repair_output/work/d8844a4d5453/contrib/pinot-fmpp-maven-plugin/target/pinot-fmpp-maven-plugin-0.12.0-SNAPSHOT-tests.jar to /home/srafi/.m2/repository/org/apache/pinot/pinot-fmpp-maven-plugin/0.12.0-SNAPSHOT/pinot-fmpp-maven-plugin-0.12.0-SNAPSHOT-tests.jar
[INFO] 
[INFO] -------------------< org.apache.pinot:pinot-common >--------------------
[INFO] Building Pinot Common 0.12.0-SNAPSHOT                              [8/8]
[INFO] --------------------------------[ jar ]---------------------------------
[INFO] Downloading from central: https://repo.maven.apache.org/maven2/org/antlr/antlr4-maven-plugin/4.6/antlr4-maven-plugin-4.6.pom
[INFO] Downloaded from central: https://repo.maven.apache.org/maven2/org/antlr/antlr4-maven-plugin/4.6/antlr4-maven-plugin-4.6.pom (5.9 kB at 185 kB/s)
[INFO] Downloading from central: https://repo.maven.apache.org/maven2/org/antlr/antlr4-master/4.6/antlr4-master-4.6.pom
[INFO] Downloaded from central: https://repo.maven.apache.org/maven2/org/antlr/antlr4-master/4.6/antlr4-master-4.6.pom (4.2 kB at 132 kB/s)
[INFO] Downloading from central: https://repo.maven.apache.org/maven2/org/antlr/antlr4-maven-plugin/4.6/antlr4-maven-plugin-4.6.jar
[INFO] Downloaded from central: https://repo.maven.apache.org/maven2/org/antlr/antlr4-maven-plugin/4.6/antlr4-maven-plugin-4.6.jar (30 kB at 1.1 MB/s)
[INFO] Downloading from central: https://repo.maven.apache.org/maven2/org/antlr/antlr4-runtime/4.6/antlr4-runtime-4.6.pom
[INFO] Downloaded from central: https://repo.maven.apache.org/maven2/org/antlr/antlr4-runtime/4.6/antlr4-runtime-4.6.pom (3.5 kB at 90 kB/s)
[INFO] Downloading from central: https://repo.maven.apache.org/maven2/org/apache/calcite/calcite-core/1.29.0/calcite-core-1.29.0.pom
[INFO] Downloaded from central: https://repo.maven.apache.org/maven2/org/apache/calcite/calcite-core/1.29.0/calcite-core-1.29.0.pom (5.6 kB at 161 kB/s)
[INFO] Downloading from central: https://repo.maven.apache.org/maven2/org/apache/calcite/calcite-linq4j/1.29.0/calcite-linq4j-1.29.0.pom
[INFO] Downloaded from central: https://repo.maven.apache.org/maven2/org/apache/calcite/calcite-linq4j/1.29.0/calcite-linq4j-1.29.0.pom (2.3 kB at 73 kB/s)
[INFO] Downloading from central: https://repo.maven.apache.org/maven2/com/fasterxml/jackson/dataformat/jackson-dataformat-yaml/2.12.7/jackson-dataformat-yaml-2.12.7.pom
[INFO] Downloaded from central: https://repo.maven.apache.org/maven2/com/fasterxml/jackson/dataformat/jackson-dataformat-yaml/2.12.7/jackson-dataformat-yaml-2.12.7.pom (0 B at 0 B/s)
[INFO] Downloading from central: https://repo.maven.apache.org/maven2/com/fasterxml/jackson/dataformat/jackson-dataformats-text/2.12.7/jackson-dataformats-text-2.12.7.pom
[INFO] Downloaded from central: https://repo.maven.apache.org/maven2/com/fasterxml/jackson/dataformat/jackson-dataformats-text/2.12.7/jackson-dataformats-text-2.12.7.pom (0 B at 0 B/s)
[INFO] Downloading from central: https://repo.maven.apache.org/maven2/org/apache/calcite/calcite-babel/1.29.0/calcite-babel-1.29.0.pom
[INFO] Downloaded from central: https://repo.maven.apache.org/maven2/org/apache/calcite/calcite-babel/1.29.0/calcite-babel-1.29.0.pom (2.3 kB at 67 kB/s)
[INFO] Downloading from central: https://repo.maven.apache.org/maven2/org/apache/thrift/libthrift/0.15.0/libthrift-0.15.0.pom
[INFO] Downloaded from central: https://repo.maven.apache.org/maven2/org/apache/thrift/libthrift/0.15.0/libthrift-0.15.0.pom (2.7 kB at 74 kB/s)
[INFO] Downloading from central: https://repo.maven.apache.org/maven2/com/github/luben/zstd-jni/1.5.2-3/zstd-jni-1.5.2-3.pom
[INFO] Downloaded from central: https://repo.maven.apache.org/maven2/com/github/luben/zstd-jni/1.5.2-3/zstd-jni-1.5.2-3.pom (0 B at 0 B/s)
[INFO] Downloading from central: https://repo.maven.apache.org/maven2/org/apache/helix/helix-core/1.0.4/helix-core-1.0.4.pom
[INFO] Downloaded from central: https://repo.maven.apache.org/maven2/org/apache/helix/helix-core/1.0.4/helix-core-1.0.4.pom (9.4 kB at 235 kB/s)
[INFO] Downloading from central: https://repo.maven.apache.org/maven2/org/apache/helix/helix/1.0.4/helix-1.0.4.pom
[INFO] Downloaded from central: https://repo.maven.apache.org/maven2/org/apache/helix/helix/1.0.4/helix-1.0.4.pom (31 kB at 776 kB/s)
[INFO] Downloading from central: https://repo.maven.apache.org/maven2/org/apache/helix/helix-common/1.0.4/helix-common-1.0.4.pom
[INFO] Downloaded from central: https://repo.maven.apache.org/maven2/org/apache/helix/helix-common/1.0.4/helix-common-1.0.4.pom (3.2 kB at 92 kB/s)
[INFO] Downloading from central: https://repo.maven.apache.org/maven2/org/apache/helix/metrics-common/1.0.4/metrics-common-1.0.4.pom
[INFO] Downloaded from central: https://repo.maven.apache.org/maven2/org/apache/helix/metrics-common/1.0.4/metrics-common-1.0.4.pom (3.1 kB at 106 kB/s)
[INFO] Downloading from central: https://repo.maven.apache.org/maven2/io/dropwizard/metrics/metrics-core/4.2.2/metrics-core-4.2.2.pom
[INFO] Downloaded from central: https://repo.maven.apache.org/maven2/io/dropwizard/metrics/metrics-core/4.2.2/metrics-core-4.2.2.pom (2.2 kB at 62 kB/s)
[INFO] Downloading from central: https://repo.maven.apache.org/maven2/io/dropwizard/metrics/metrics-parent/4.2.2/metrics-parent-4.2.2.pom
[INFO] Downloaded from central: https://repo.maven.apache.org/maven2/io/dropwizard/metrics/metrics-parent/4.2.2/metrics-parent-4.2.2.pom (20 kB at 462 kB/s)
[INFO] Downloading from central: https://repo.maven.apache.org/maven2/org/apache/helix/zookeeper-api/1.0.4/zookeeper-api-1.0.4.pom
[INFO] Downloaded from central: https://repo.maven.apache.org/maven2/org/apache/helix/zookeeper-api/1.0.4/zookeeper-api-1.0.4.pom (4.6 kB at 120 kB/s)
[INFO] Downloading from central: https://repo.maven.apache.org/maven2/org/apache/helix/metadata-store-directory-common/1.0.4/metadata-store-directory-common-1.0.4.pom
[INFO] Downloaded from central: https://repo.maven.apache.org/maven2/org/apache/helix/metadata-store-directory-common/1.0.4/metadata-store-directory-common-1.0.4.pom (3.9 kB at 116 kB/s)
[INFO] Downloading from central: https://repo.maven.apache.org/maven2/io/netty/netty-handler/4.1.79.Final/netty-handler-4.1.79.Final.pom
[INFO] Downloaded from central: https://repo.maven.apache.org/maven2/io/netty/netty-handler/4.1.79.Final/netty-handler-4.1.79.Final.pom (3.9 kB at 100 kB/s)
[INFO] Downloading from central: https://repo.maven.apache.org/maven2/io/netty/netty-parent/4.1.79.Final/netty-parent-4.1.79.Final.pom
[INFO] Downloaded from central: https://repo.maven.apache.org/maven2/io/netty/netty-parent/4.1.79.Final/netty-parent-4.1.79.Final.pom (76 kB at 1.7 MB/s)
[INFO] Downloading from central: https://repo.maven.apache.org/maven2/io/netty/netty-common/4.1.79.Final/netty-common-4.1.79.Final.pom
[INFO] Downloaded from central: https://repo.maven.apache.org/maven2/io/netty/netty-common/4.1.79.Final/netty-common-4.1.79.Final.pom (12 kB at 373 kB/s)
[INFO] Downloading from central: https://repo.maven.apache.org/maven2/io/netty/netty-resolver/4.1.79.Final/netty-resolver-4.1.79.Final.pom
[INFO] Downloaded from central: https://repo.maven.apache.org/maven2/io/netty/netty-resolver/4.1.79.Final/netty-resolver-4.1.79.Final.pom (1.6 kB at 48 kB/s)
[INFO] Downloading from central: https://repo.maven.apache.org/maven2/io/netty/netty-buffer/4.1.79.Final/netty-buffer-4.1.79.Final.pom
[INFO] Downloaded from central: https://repo.maven.apache.org/maven2/io/netty/netty-buffer/4.1.79.Final/netty-buffer-4.1.79.Final.pom (1.6 kB at 46 kB/s)
[INFO] Downloading from central: https://repo.maven.apache.org/maven2/io/netty/netty-transport/4.1.79.Final/netty-transport-4.1.79.Final.pom
[INFO] Downloaded from central: https://repo.maven.apache.org/maven2/io/netty/netty-transport/4.1.79.Final/netty-transport-4.1.79.Final.pom (1.9 kB at 57 kB/s)
[INFO] Downloading from central: https://repo.maven.apache.org/maven2/io/netty/netty-transport-native-unix-common/4.1.79.Final/netty-transport-native-unix-common-4.1.79.Final.pom
[INFO] Downloaded from central: https://repo.maven.apache.org/maven2/io/netty/netty-transport-native-unix-common/4.1.79.Final/netty-transport-native-unix-common-4.1.79.Final.pom (26 kB at 586 kB/s)
[INFO] Downloading from central: https://repo.maven.apache.org/maven2/io/netty/netty-codec/4.1.79.Final/netty-codec-4.1.79.Final.pom
[INFO] Downloaded from central: https://repo.maven.apache.org/maven2/io/netty/netty-codec/4.1.79.Final/netty-codec-4.1.79.Final.pom (4.4 kB at 126 kB/s)
[INFO] Downloading from central: https://repo.maven.apache.org/maven2/io/netty/netty-transport-native-epoll/4.1.79.Final/netty-transport-native-epoll-4.1.79.Final.pom
[INFO] Downloaded from central: https://repo.maven.apache.org/maven2/io/netty/netty-transport-native-epoll/4.1.79.Final/netty-transport-native-epoll-4.1.79.Final.pom (19 kB at 559 kB/s)
[INFO] Downloading from central: https://repo.maven.apache.org/maven2/io/netty/netty-transport-classes-epoll/4.1.79.Final/netty-transport-classes-epoll-4.1.79.Final.pom
[INFO] Downloaded from central: https://repo.maven.apache.org/maven2/io/netty/netty-transport-classes-epoll/4.1.79.Final/netty-transport-classes-epoll-4.1.79.Final.pom (2.1 kB at 56 kB/s)
[INFO] Downloading from central: https://repo.maven.apache.org/maven2/nl/jqno/equalsverifier/equalsverifier/3.6/equalsverifier-3.6.pom
[INFO] Downloaded from central: https://repo.maven.apache.org/maven2/nl/jqno/equalsverifier/equalsverifier/3.6/equalsverifier-3.6.pom (23 kB at 648 kB/s)
[INFO] Downloading from central: https://repo.maven.apache.org/maven2/org/webjars/swagger-ui/3.23.11/swagger-ui-3.23.11.pom
[INFO] Downloaded from central: https://repo.maven.apache.org/maven2/org/webjars/swagger-ui/3.23.11/swagger-ui-3.23.11.pom (6.1 kB at 168 kB/s)
[INFO] Downloading from central: https://repo.maven.apache.org/maven2/org/mockito/mockito-inline/4.7.0/mockito-inline-4.7.0.pom
[INFO] Downloaded from central: https://repo.maven.apache.org/maven2/org/mockito/mockito-inline/4.7.0/mockito-inline-4.7.0.pom (2.2 kB at 59 kB/s)
[INFO] Downloading from central: https://repo.maven.apache.org/maven2/org/glassfish/jersey/core/jersey-server/2.35/jersey-server-2.35.pom
[INFO] Downloaded from central: https://repo.maven.apache.org/maven2/org/glassfish/jersey/core/jersey-server/2.35/jersey-server-2.35.pom (13 kB at 300 kB/s)
[INFO] Downloading from central: https://repo.maven.apache.org/maven2/org/glassfish/jersey/project/2.35/project-2.35.pom
[INFO] Downloaded from central: https://repo.maven.apache.org/maven2/org/glassfish/jersey/project/2.35/project-2.35.pom (99 kB at 2.4 MB/s)
[INFO] Downloading from central: https://repo.maven.apache.org/maven2/org/glassfish/jersey/core/jersey-common/2.35/jersey-common-2.35.pom
[INFO] Downloaded from central: https://repo.maven.apache.org/maven2/org/glassfish/jersey/core/jersey-common/2.35/jersey-common-2.35.pom (35 kB at 1.1 MB/s)
[INFO] Downloading from central: https://repo.maven.apache.org/maven2/org/glassfish/jersey/core/jersey-client/2.35/jersey-client-2.35.pom
[INFO] Downloaded from central: https://repo.maven.apache.org/maven2/org/glassfish/jersey/core/jersey-client/2.35/jersey-client-2.35.pom (6.8 kB at 220 kB/s)
[INFO] Downloading from central: https://repo.maven.apache.org/maven2/io/grpc/grpc-netty-shaded/1.41.0/grpc-netty-shaded-1.41.0.pom
[INFO] Downloaded from central: https://repo.maven.apache.org/maven2/io/grpc/grpc-netty-shaded/1.41.0/grpc-netty-shaded-1.41.0.pom (2.0 kB at 54 kB/s)
[INFO] Downloading from central: https://repo.maven.apache.org/maven2/io/grpc/grpc-core/maven-metadata.xml
[INFO] Downloading from apache.snapshots: https://repository.apache.org/snapshots/io/grpc/grpc-core/maven-metadata.xml
[INFO] Downloaded from central: https://repo.maven.apache.org/maven2/io/grpc/grpc-core/maven-metadata.xml (6.6 kB at 212 kB/s)
[INFO] Downloading from central: https://repo.maven.apache.org/maven2/io/grpc/grpc-core/1.41.0/grpc-core-1.41.0.pom
[INFO] Downloaded from central: https://repo.maven.apache.org/maven2/io/grpc/grpc-core/1.41.0/grpc-core-1.41.0.pom (2.5 kB at 87 kB/s)
[INFO] Downloading from apache.snapshots: https://repository.apache.org/snapshots/io/grpc/grpc-api/maven-metadata.xml
[INFO] Downloading from central: https://repo.maven.apache.org/maven2/io/grpc/grpc-api/maven-metadata.xml
[INFO] Downloaded from central: https://repo.maven.apache.org/maven2/io/grpc/grpc-api/maven-metadata.xml (5.0 kB at 161 kB/s)
[INFO] Downloading from central: https://repo.maven.apache.org/maven2/io/grpc/grpc-api/1.41.0/grpc-api-1.41.0.pom
[INFO] Downloaded from central: https://repo.maven.apache.org/maven2/io/grpc/grpc-api/1.41.0/grpc-api-1.41.0.pom (2.0 kB at 58 kB/s)
[INFO] Downloading from central: https://repo.maven.apache.org/maven2/io/grpc/grpc-context/1.41.0/grpc-context-1.41.0.pom
[INFO] Downloaded from central: https://repo.maven.apache.org/maven2/io/grpc/grpc-context/1.41.0/grpc-context-1.41.0.pom (1.2 kB at 37 kB/s)
[INFO] Downloading from central: https://repo.maven.apache.org/maven2/org/codehaus/mojo/animal-sniffer-annotations/1.19/animal-sniffer-annotations-1.19.pom
[INFO] Downloaded from central: https://repo.maven.apache.org/maven2/org/codehaus/mojo/animal-sniffer-annotations/1.19/animal-sniffer-annotations-1.19.pom (2.6 kB at 66 kB/s)
[INFO] Downloading from central: https://repo.maven.apache.org/maven2/io/grpc/grpc-protobuf/1.41.0/grpc-protobuf-1.41.0.pom
[INFO] Downloaded from central: https://repo.maven.apache.org/maven2/io/grpc/grpc-protobuf/1.41.0/grpc-protobuf-1.41.0.pom (2.7 kB at 63 kB/s)
[INFO] Downloading from central: https://repo.maven.apache.org/maven2/io/grpc/grpc-protobuf-lite/1.41.0/grpc-protobuf-lite-1.41.0.pom
[INFO] Downloaded from central: https://repo.maven.apache.org/maven2/io/grpc/grpc-protobuf-lite/1.41.0/grpc-protobuf-lite-1.41.0.pom (2.0 kB at 60 kB/s)
[INFO] Downloading from central: https://repo.maven.apache.org/maven2/io/grpc/grpc-stub/1.41.0/grpc-stub-1.41.0.pom
[INFO] Downloaded from central: https://repo.maven.apache.org/maven2/io/grpc/grpc-stub/1.41.0/grpc-stub-1.41.0.pom (1.8 kB at 51 kB/s)
[INFO] Downloading from central: https://repo.maven.apache.org/maven2/org/apache/yetus/audience-annotations/0.13.0/audience-annotations-0.13.0.pom
[INFO] Downloaded from central: https://repo.maven.apache.org/maven2/org/apache/yetus/audience-annotations/0.13.0/audience-annotations-0.13.0.pom (2.8 kB at 91 kB/s)
[INFO] Downloading from central: https://repo.maven.apache.org/maven2/org/apache/yetus/yetus-project/0.13.0/yetus-project-0.13.0.pom
[INFO] Downloaded from central: https://repo.maven.apache.org/maven2/org/apache/yetus/yetus-project/0.13.0/yetus-project-0.13.0.pom (11 kB at 369 kB/s)
[INFO] Downloading from central: https://repo.maven.apache.org/maven2/org/mindrot/jbcrypt/0.4/jbcrypt-0.4.pom
[INFO] Downloaded from central: https://repo.maven.apache.org/maven2/org/mindrot/jbcrypt/0.4/jbcrypt-0.4.pom (4.1 kB at 132 kB/s)
[INFO] Downloading from central: https://repo.maven.apache.org/maven2/com/github/seancfoley/ipaddress/5.3.4/ipaddress-5.3.4.pom
[INFO] Downloaded from central: https://repo.maven.apache.org/maven2/com/github/seancfoley/ipaddress/5.3.4/ipaddress-5.3.4.pom (0 B at 0 B/s)
[INFO] Downloading from central: https://repo.maven.apache.org/maven2/org/antlr/antlr4-runtime/4.6/antlr4-runtime-4.6.jar
[INFO] Downloading from central: https://repo.maven.apache.org/maven2/org/apache/calcite/calcite-core/1.29.0/calcite-core-1.29.0.jar
[INFO] Downloading from central: https://repo.maven.apache.org/maven2/org/apache/calcite/calcite-linq4j/1.29.0/calcite-linq4j-1.29.0.jar
[INFO] Downloading from central: https://repo.maven.apache.org/maven2/com/fasterxml/jackson/dataformat/jackson-dataformat-yaml/2.12.7/jackson-dataformat-yaml-2.12.7.jar
[INFO] Downloading from central: https://repo.maven.apache.org/maven2/org/apache/calcite/calcite-babel/1.29.0/calcite-babel-1.29.0.jar
[INFO] Downloaded from central: https://repo.maven.apache.org/maven2/com/fasterxml/jackson/dataformat/jackson-dataformat-yaml/2.12.7/jackson-dataformat-yaml-2.12.7.jar (0 B at 0 B/s)
[INFO] Downloading from central: https://repo.maven.apache.org/maven2/org/apache/thrift/libthrift/0.15.0/libthrift-0.15.0.jar
[INFO] Downloaded from central: https://repo.maven.apache.org/maven2/org/antlr/antlr4-runtime/4.6/antlr4-runtime-4.6.jar (308 kB at 7.9 MB/s)
[INFO] Downloading from central: https://repo.maven.apache.org/maven2/com/github/luben/zstd-jni/1.5.2-3/zstd-jni-1.5.2-3.jar
[INFO] Downloaded from central: https://repo.maven.apache.org/maven2/org/apache/calcite/calcite-linq4j/1.29.0/calcite-linq4j-1.29.0.jar (507 kB at 9.1 MB/s)
[INFO] Downloading from central: https://repo.maven.apache.org/maven2/org/apache/helix/helix-core/1.0.4/helix-core-1.0.4.jar
[INFO] Downloaded from central: https://repo.maven.apache.org/maven2/com/github/luben/zstd-jni/1.5.2-3/zstd-jni-1.5.2-3.jar (0 B at 0 B/s)
[INFO] Downloading from central: https://repo.maven.apache.org/maven2/org/apache/helix/helix-common/1.0.4/helix-common-1.0.4.jar
[INFO] Downloaded from central: https://repo.maven.apache.org/maven2/org/apache/thrift/libthrift/0.15.0/libthrift-0.15.0.jar (306 kB at 2.8 MB/s)
[INFO] Downloading from central: https://repo.maven.apache.org/maven2/org/apache/helix/metrics-common/1.0.4/metrics-common-1.0.4.jar
[INFO] Downloaded from central: https://repo.maven.apache.org/maven2/org/apache/helix/helix-common/1.0.4/helix-common-1.0.4.jar (260 kB at 2.4 MB/s)
[INFO] Downloading from central: https://repo.maven.apache.org/maven2/org/apache/helix/zookeeper-api/1.0.4/zookeeper-api-1.0.4.jar
[INFO] Downloaded from central: https://repo.maven.apache.org/maven2/org/apache/calcite/calcite-core/1.29.0/calcite-core-1.29.0.jar (7.3 MB at 63 MB/s)
[INFO] Downloading from central: https://repo.maven.apache.org/maven2/org/apache/helix/metadata-store-directory-common/1.0.4/metadata-store-directory-common-1.0.4.jar
[INFO] Downloaded from central: https://repo.maven.apache.org/maven2/org/apache/helix/metrics-common/1.0.4/metrics-common-1.0.4.jar (23 kB at 169 kB/s)
[INFO] Downloading from central: https://repo.maven.apache.org/maven2/io/dropwizard/metrics/metrics-core/4.2.2/metrics-core-4.2.2.jar
[INFO] Downloaded from central: https://repo.maven.apache.org/maven2/org/apache/helix/helix-core/1.0.4/helix-core-1.0.4.jar (2.2 MB at 16 MB/s)
[INFO] Downloading from central: https://repo.maven.apache.org/maven2/nl/jqno/equalsverifier/equalsverifier/3.6/equalsverifier-3.6.jar
[INFO] Downloaded from central: https://repo.maven.apache.org/maven2/org/apache/helix/metadata-store-directory-common/1.0.4/metadata-store-directory-common-1.0.4.jar (22 kB at 158 kB/s)
[INFO] Downloaded from central: https://repo.maven.apache.org/maven2/org/apache/helix/zookeeper-api/1.0.4/zookeeper-api-1.0.4.jar (224 kB at 1.6 MB/s)
[INFO] Downloading from central: https://repo.maven.apache.org/maven2/org/mockito/mockito-inline/4.7.0/mockito-inline-4.7.0.jar
[INFO] Downloading from central: https://repo.maven.apache.org/maven2/org/webjars/swagger-ui/3.23.11/swagger-ui-3.23.11.jar
[INFO] Downloaded from central: https://repo.maven.apache.org/maven2/org/mockito/mockito-inline/4.7.0/mockito-inline-4.7.0.jar (1.5 kB at 8.2 kB/s)
[INFO] Downloading from central: https://repo.maven.apache.org/maven2/io/netty/netty-handler/4.1.79.Final/netty-handler-4.1.79.Final.jar
[INFO] Downloaded from central: https://repo.maven.apache.org/maven2/io/dropwizard/metrics/metrics-core/4.2.2/metrics-core-4.2.2.jar (126 kB at 618 kB/s)
[INFO] Downloading from central: https://repo.maven.apache.org/maven2/io/netty/netty-common/4.1.79.Final/netty-common-4.1.79.Final.jar
[INFO] Downloaded from central: https://repo.maven.apache.org/maven2/org/webjars/swagger-ui/3.23.11/swagger-ui-3.23.11.jar (3.0 MB at 13 MB/s)
[INFO] Downloading from central: https://repo.maven.apache.org/maven2/io/netty/netty-resolver/4.1.79.Final/netty-resolver-4.1.79.Final.jar
[INFO] Downloaded from central: https://repo.maven.apache.org/maven2/nl/jqno/equalsverifier/equalsverifier/3.6/equalsverifier-3.6.jar (3.1 MB at 14 MB/s)
[INFO] Downloading from central: https://repo.maven.apache.org/maven2/io/netty/netty-buffer/4.1.79.Final/netty-buffer-4.1.79.Final.jar
[INFO] Downloaded from central: https://repo.maven.apache.org/maven2/io/netty/netty-handler/4.1.79.Final/netty-handler-4.1.79.Final.jar (533 kB at 2.3 MB/s)
[INFO] Downloading from central: https://repo.maven.apache.org/maven2/io/netty/netty-transport/4.1.79.Final/netty-transport-4.1.79.Final.jar
[INFO] Downloaded from central: https://repo.maven.apache.org/maven2/org/apache/calcite/calcite-babel/1.29.0/calcite-babel-1.29.0.jar (455 kB at 1.9 MB/s)
[INFO] Downloading from central: https://repo.maven.apache.org/maven2/io/netty/netty-transport-native-unix-common/4.1.79.Final/netty-transport-native-unix-common-4.1.79.Final.jar
[INFO] Downloaded from central: https://repo.maven.apache.org/maven2/io/netty/netty-common/4.1.79.Final/netty-common-4.1.79.Final.jar (654 kB at 2.6 MB/s)
[INFO] Downloading from central: https://repo.maven.apache.org/maven2/io/netty/netty-codec/4.1.79.Final/netty-codec-4.1.79.Final.jar
[INFO] Downloaded from central: https://repo.maven.apache.org/maven2/io/netty/netty-buffer/4.1.79.Final/netty-buffer-4.1.79.Final.jar (304 kB at 1.2 MB/s)
[INFO] Downloading from central: https://repo.maven.apache.org/maven2/io/netty/netty-transport-native-epoll/4.1.79.Final/netty-transport-native-epoll-4.1.79.Final.jar
[INFO] Downloaded from central: https://repo.maven.apache.org/maven2/io/netty/netty-resolver/4.1.79.Final/netty-resolver-4.1.79.Final.jar (38 kB at 145 kB/s)
[INFO] Downloading from central: https://repo.maven.apache.org/maven2/io/netty/netty-transport-classes-epoll/4.1.79.Final/netty-transport-classes-epoll-4.1.79.Final.jar
[INFO] Downloaded from central: https://repo.maven.apache.org/maven2/io/netty/netty-transport/4.1.79.Final/netty-transport-4.1.79.Final.jar (482 kB at 1.8 MB/s)
[INFO] Downloading from central: https://repo.maven.apache.org/maven2/org/glassfish/jersey/core/jersey-server/2.35/jersey-server-2.35.jar
[INFO] Downloaded from central: https://repo.maven.apache.org/maven2/io/netty/netty-transport-native-unix-common/4.1.79.Final/netty-transport-native-unix-common-4.1.79.Final.jar (43 kB at 151 kB/s)
[INFO] Downloading from central: https://repo.maven.apache.org/maven2/org/glassfish/jersey/core/jersey-common/2.35/jersey-common-2.35.jar
[INFO] Downloaded from central: https://repo.maven.apache.org/maven2/io/netty/netty-transport-native-epoll/4.1.79.Final/netty-transport-native-epoll-4.1.79.Final.jar (5.6 kB at 19 kB/s)
[INFO] Downloading from central: https://repo.maven.apache.org/maven2/org/glassfish/jersey/core/jersey-client/2.35/jersey-client-2.35.jar
[INFO] Downloaded from central: https://repo.maven.apache.org/maven2/io/netty/netty-transport-classes-epoll/4.1.79.Final/netty-transport-classes-epoll-4.1.79.Final.jar (141 kB at 470 kB/s)
[INFO] Downloading from central: https://repo.maven.apache.org/maven2/io/grpc/grpc-netty-shaded/1.41.0/grpc-netty-shaded-1.41.0.jar
[INFO] Downloaded from central: https://repo.maven.apache.org/maven2/io/netty/netty-codec/4.1.79.Final/netty-codec-4.1.79.Final.jar (337 kB at 1.1 MB/s)
[INFO] Downloading from central: https://repo.maven.apache.org/maven2/io/grpc/grpc-core/1.41.0/grpc-core-1.41.0.jar
[INFO] Downloaded from central: https://repo.maven.apache.org/maven2/org/glassfish/jersey/core/jersey-server/2.35/jersey-server-2.35.jar (949 kB at 3.1 MB/s)
[INFO] Downloading from central: https://repo.maven.apache.org/maven2/org/codehaus/mojo/animal-sniffer-annotations/1.19/animal-sniffer-annotations-1.19.jar
[INFO] Downloaded from central: https://repo.maven.apache.org/maven2/org/glassfish/jersey/core/jersey-client/2.35/jersey-client-2.35.jar (260 kB at 787 kB/s)
[INFO] Downloading from central: https://repo.maven.apache.org/maven2/io/grpc/grpc-protobuf/1.41.0/grpc-protobuf-1.41.0.jar
[INFO] Downloaded from central: https://repo.maven.apache.org/maven2/org/glassfish/jersey/core/jersey-common/2.35/jersey-common-2.35.jar (1.2 MB at 3.6 MB/s)
[INFO] Downloading from central: https://repo.maven.apache.org/maven2/io/grpc/grpc-api/1.41.0/grpc-api-1.41.0.jar
[INFO] Downloaded from central: https://repo.maven.apache.org/maven2/io/grpc/grpc-core/1.41.0/grpc-core-1.41.0.jar (686 kB at 1.9 MB/s)
[INFO] Downloading from central: https://repo.maven.apache.org/maven2/io/grpc/grpc-context/1.41.0/grpc-context-1.41.0.jar
[INFO] Downloaded from central: https://repo.maven.apache.org/maven2/org/codehaus/mojo/animal-sniffer-annotations/1.19/animal-sniffer-annotations-1.19.jar (3.5 kB at 9.5 kB/s)
[INFO] Downloading from central: https://repo.maven.apache.org/maven2/com/google/api/grpc/proto-google-common-protos/2.0.1/proto-google-common-protos-2.0.1.jar
[INFO] Downloaded from central: https://repo.maven.apache.org/maven2/io/grpc/grpc-protobuf/1.41.0/grpc-protobuf-1.41.0.jar (5.1 kB at 14 kB/s)
[INFO] Downloading from central: https://repo.maven.apache.org/maven2/io/grpc/grpc-protobuf-lite/1.41.0/grpc-protobuf-lite-1.41.0.jar
[INFO] Downloaded from central: https://repo.maven.apache.org/maven2/io/grpc/grpc-api/1.41.0/grpc-api-1.41.0.jar (256 kB at 683 kB/s)
[INFO] Downloading from central: https://repo.maven.apache.org/maven2/io/grpc/grpc-stub/1.41.0/grpc-stub-1.41.0.jar
[INFO] Downloaded from central: https://repo.maven.apache.org/maven2/io/grpc/grpc-context/1.41.0/grpc-context-1.41.0.jar (31 kB at 75 kB/s)
[INFO] Downloading from central: https://repo.maven.apache.org/maven2/org/apache/yetus/audience-annotations/0.13.0/audience-annotations-0.13.0.jar
[INFO] Downloaded from central: https://repo.maven.apache.org/maven2/io/grpc/grpc-protobuf-lite/1.41.0/grpc-protobuf-lite-1.41.0.jar (7.6 kB at 19 kB/s)
[INFO] Downloading from central: https://repo.maven.apache.org/maven2/org/mindrot/jbcrypt/0.4/jbcrypt-0.4.jar
[INFO] Downloaded from central: https://repo.maven.apache.org/maven2/io/grpc/grpc-stub/1.41.0/grpc-stub-1.41.0.jar (50 kB at 121 kB/s)
[INFO] Downloading from central: https://repo.maven.apache.org/maven2/com/github/seancfoley/ipaddress/5.3.4/ipaddress-5.3.4.jar
[INFO] Downloaded from central: https://repo.maven.apache.org/maven2/io/grpc/grpc-netty-shaded/1.41.0/grpc-netty-shaded-1.41.0.jar (8.0 MB at 19 MB/s)
[INFO] Downloaded from central: https://repo.maven.apache.org/maven2/com/google/api/grpc/proto-google-common-protos/2.0.1/proto-google-common-protos-2.0.1.jar (1.6 MB at 3.6 MB/s)
[INFO] Downloaded from central: https://repo.maven.apache.org/maven2/com/github/seancfoley/ipaddress/5.3.4/ipaddress-5.3.4.jar (0 B at 0 B/s)
[INFO] Downloaded from central: https://repo.maven.apache.org/maven2/org/mindrot/jbcrypt/0.4/jbcrypt-0.4.jar (17 kB at 40 kB/s)
[INFO] Downloaded from central: https://repo.maven.apache.org/maven2/org/apache/yetus/audience-annotations/0.13.0/audience-annotations-0.13.0.jar (21 kB at 47 kB/s)
[INFO] 
[INFO] --- maven-clean-plugin:3.1.0:clean (default-clean) @ pinot-common ---
[INFO] 
[INFO] --- maven-checkstyle-plugin:3.1.2:check (checkstyle) @ pinot-common ---
[INFO] 
[INFO] --- buildnumber-maven-plugin:1.3:create (default) @ pinot-common ---
[INFO] Executing: /bin/sh -c cd /home/srafi/after-cam-ready/compare_/compile_repair_output/work/d8844a4d5453/pinot-common && git rev-parse --verify HEAD
[INFO] Working directory: /home/srafi/after-cam-ready/compare_/compile_repair_output/work/d8844a4d5453/pinot-common
[INFO] Storing buildNumber: 85e413ebe8c80513a8a676fc090b1af0f50861f0 at timestamp: 1786823718153
[WARNING] Cannot get the branch information from the git repository: 
Detecting the current branch failed: fatal: ref HEAD is not a symbolic ref

[INFO] Executing: /bin/sh -c cd /home/srafi/after-cam-ready/compare_/compile_repair_output/work/d8844a4d5453/pinot-common && git rev-parse --verify HEAD
[INFO] Working directory: /home/srafi/after-cam-ready/compare_/compile_repair_output/work/d8844a4d5453/pinot-common
[INFO] Storing buildScmBranch: UNKNOWN
[INFO] 
[INFO] --- maven-dependency-plugin:2.8:unpack (unpack-parser-template) @ pinot-common ---
[INFO] Configured Artifact: org.apache.calcite:calcite-core:?:jar
[INFO] Unpacking /home/srafi/.m2/repository/org/apache/calcite/calcite-core/1.29.0/calcite-core-1.29.0.jar to /home/srafi/after-cam-ready/compare_/compile_repair_output/work/d8844a4d5453/pinot-common/target with includes "**/Parser.jj,**/default_config.fmpp" and excludes ""
[INFO] 
[INFO] --- protobuf-maven-plugin:0.6.1:compile (default) @ pinot-common ---
[INFO] Compiling 4 proto file(s) to /home/srafi/after-cam-ready/compare_/compile_repair_output/work/d8844a4d5453/pinot-common/target/generated-sources/protobuf/java
[INFO] 
[INFO] --- protobuf-maven-plugin:0.6.1:compile-custom (default) @ pinot-common ---
[INFO] Downloading from central: https://repo.maven.apache.org/maven2/io/grpc/protoc-gen-grpc-java/1.41.0/protoc-gen-grpc-java-1.41.0.pom
[INFO] Downloaded from central: https://repo.maven.apache.org/maven2/io/grpc/protoc-gen-grpc-java/1.41.0/protoc-gen-grpc-java-1.41.0.pom (1.3 kB at 31 kB/s)
[INFO] Downloading from central: https://repo.maven.apache.org/maven2/io/grpc/protoc-gen-grpc-java/1.41.0/protoc-gen-grpc-java-1.41.0-linux-x86_64.exe
[INFO] Downloaded from central: https://repo.maven.apache.org/maven2/io/grpc/protoc-gen-grpc-java/1.41.0/protoc-gen-grpc-java-1.41.0-linux-x86_64.exe (3.0 MB at 52 MB/s)
[INFO] Compiling 4 proto file(s) to /home/srafi/after-cam-ready/compare_/compile_repair_output/work/d8844a4d5453/pinot-common/target/generated-sources/protobuf/grpc-java
[INFO] 
[INFO] --- antlr4-maven-plugin:4.6:antlr4 (antlr) @ pinot-common ---
[INFO] Downloading from central: https://repo.maven.apache.org/maven2/org/antlr/antlr4/4.6/antlr4-4.6.pom
[INFO] Downloaded from central: https://repo.maven.apache.org/maven2/org/antlr/antlr4/4.6/antlr4-4.6.pom (4.6 kB at 129 kB/s)
[INFO] Downloading from central: https://repo.maven.apache.org/maven2/org/antlr/antlr4/4.6/antlr4-4.6.jar
[INFO] Downloaded from central: https://repo.maven.apache.org/maven2/org/antlr/antlr4/4.6/antlr4-4.6.jar (796 kB at 16 MB/s)
[INFO] No ANTLR 4 grammars to compile in /home/srafi/after-cam-ready/compare_/compile_repair_output/work/d8844a4d5453/pinot-common/src/main/antlr4
[INFO] 
[INFO] --- pinot-fmpp-maven-plugin:0.12.0-SNAPSHOT:generate (generate-fmpp-sources) @ pinot-common ---
[INFO] Freemarker generation:
 scope: compile,
 config: /home/srafi/after-cam-ready/compare_/compile_repair_output/work/d8844a4d5453/pinot-common/src/main/codegen/config.fmpp,
 templates: /home/srafi/after-cam-ready/compare_/compile_repair_output/work/d8844a4d5453/pinot-common/target/codegen/templates
[INFO] Adding maven data loader
[INFO] Setting data loader maven: org.apache.pinot.fmpp.MavenDataLoader(),tdd(/home/srafi/after-cam-ready/compare_/compile_repair_output/work/d8844a4d5453/pinot-common/src/main/codegen/config.fmpp), default:tdd(/home/srafi/after-cam-ready/compare_/compile_repair_output/work/d8844a4d5453/pinot-common/target/codegen/default_config.fmpp)
.
[INFO] Freemarker generation took 233ms
[INFO] Incremental output update took 0ms
[INFO] new: 1
[INFO] changed: 0
[INFO] unchanged: 0
[INFO] 
[INFO] --- javacc-maven-plugin:2.6:javacc (javacc) @ pinot-common ---
[INFO] Downloading from central: https://repo.maven.apache.org/maven2/net/java/dev/javacc/javacc/7.0.10/javacc-7.0.10.pom
[INFO] Downloaded from central: https://repo.maven.apache.org/maven2/net/java/dev/javacc/javacc/7.0.10/javacc-7.0.10.pom (27 kB at 656 kB/s)
[INFO] Downloading from central: https://repo.maven.apache.org/maven2/net/java/dev/javacc/javacc/7.0.10/javacc-7.0.10.jar
[INFO] Downloaded from central: https://repo.maven.apache.org/maven2/net/java/dev/javacc/javacc/7.0.10/javacc-7.0.10.jar (637 kB at 16 MB/s)
Java Compiler Compiler Version 7.0.10 (Parser Generator)
(type "javacc" with no arguments for help)
Reading from file /home/srafi/after-cam-ready/compare_/compile_repair_output/work/d8844a4d5453/pinot-common/target/generated-sources/fmpp/javacc/Parser.jj . . .
Note: UNICODE_INPUT option is specified. Please make sure you create the parser/lexer using a Reader with the correct character encoding.
Warning: Lookahead adequacy checking not being performed since option LOOKAHEAD is more than 1.  Set option FORCE_LA_CHECK to true to force checking.
File "TokenMgrError.java" does not exist.  Will create one.
File "ParseException.java" does not exist.  Will create one.
File "Token.java" does not exist.  Will create one.
File "SimpleCharStream.java" does not exist.  Will create one.
Parser generated with 0 errors and 1 warnings.
[INFO] Processed 1 grammar
[INFO] 
[INFO] --- build-helper-maven-plugin:3.3.0:add-source (add-generated-sources) @ pinot-common ---
[INFO] Source directory: /home/srafi/after-cam-ready/compare_/compile_repair_output/work/d8844a4d5453/pinot-common/target/generated-sources/javacc added.
[INFO] 
[INFO] --- maven-remote-resources-plugin:1.6.0:process (process-resource-bundles) @ pinot-common ---
[INFO] Preparing remote bundle org.apache:apache-jar-resource-bundle:1.4
[INFO] Copying 3 resources from 1 bundle.
[INFO] artifact io.grpc:grpc-core: checking for updates from central
[INFO] artifact io.grpc:grpc-api: checking for updates from central
[INFO] 
[INFO] --- maven-remote-resources-plugin:1.6.0:process (default) @ pinot-common ---
[INFO] Preparing remote bundle org.apache:apache-jar-resource-bundle:1.4
[INFO] Copying 3 resources from 1 bundle.
[INFO] artifact io.grpc:grpc-core: checking for updates from central
[INFO] artifact io.grpc:grpc-api: checking for updates from central
[INFO] 
[INFO] --- maven-resources-plugin:2.6:resources (default-resources) @ pinot-common ---
[INFO] Using 'UTF-8' encoding to copy filtered resources.
[INFO] Copying 4 resources
[INFO] Copying 4 resources
[INFO] Copying 4 resources
[INFO] Copying 3 resources
[INFO] Copying 3 resources
[INFO] 
[INFO] --- maven-compiler-plugin:3.8.0:compile (default-compile) @ pinot-common ---
[INFO] Changes detected - recompiling the module!
[INFO] Compiling 253 source files to /home/srafi/after-cam-ready/compare_/compile_repair_output/work/d8844a4d5453/pinot-common/target/classes
[INFO] 
[INFO] --- protobuf-maven-plugin:0.6.1:test-compile (default) @ pinot-common ---
[INFO] /home/srafi/after-cam-ready/compare_/compile_repair_output/work/d8844a4d5453/pinot-common/src/test/proto does not exist. Review the configuration or consider disabling the plugin.
[INFO] 
[INFO] --- protobuf-maven-plugin:0.6.1:test-compile-custom (default) @ pinot-common ---
[INFO] /home/srafi/after-cam-ready/compare_/compile_repair_output/work/d8844a4d5453/pinot-common/src/test/proto does not exist. Review the configuration or consider disabling the plugin.
[INFO] 
[INFO] --- maven-resources-plugin:2.6:testResources (default-testResources) @ pinot-common ---
[INFO] Using 'UTF-8' encoding to copy filtered resources.
[INFO] Copying 7 resources
[INFO] Copying 3 resources
[INFO] Copying 3 resources
[INFO] 
[INFO] --- maven-compiler-plugin:3.8.0:testCompile (default-testCompile) @ pinot-common ---
[INFO] Changes detected - recompiling the module!
[INFO] Compiling 55 source files to /home/srafi/after-cam-ready/compare_/compile_repair_output/work/d8844a4d5453/pinot-common/target/test-classes
[INFO] 
[INFO] --- maven-surefire-plugin:3.0.0-M8-SNAPSHOT:test (default-test) @ pinot-common ---
[INFO] Tests are skipped.
[INFO] 
[INFO] --- maven-jar-plugin:3.2.0:jar (default-jar) @ pinot-common ---
[INFO] Building jar: /home/srafi/after-cam-ready/compare_/compile_repair_output/work/d8844a4d5453/pinot-common/target/pinot-common-0.12.0-SNAPSHOT.jar
[INFO] 
[INFO] --- maven-shade-plugin:3.2.1:shade (default) @ pinot-common ---
[INFO] Including org.apache.pinot:pinot-spi:jar:0.12.0-SNAPSHOT in the shaded jar.
[INFO] Including commons-codec:commons-codec:jar:1.15 in the shaded jar.
[INFO] Including org.apache.commons:commons-lang3:jar:3.11 in the shaded jar.
[INFO] Including commons-collections:commons-collections:jar:3.2.2 in the shaded jar.
[INFO] Including org.yaml:snakeyaml:jar:1.33 in the shaded jar.
[INFO] Including org.apache.avro:avro:jar:1.9.2 in the shaded jar.
[INFO] Including org.codehaus.groovy:groovy-all:jar:2.4.21 in the shaded jar.
[INFO] Including org.apache.pinot:pinot-segment-spi:jar:0.12.0-SNAPSHOT in the shaded jar.
[INFO] Including org.roaringbitmap:RoaringBitmap:jar:0.9.35 in the shaded jar.
[INFO] Including org.roaringbitmap:shims:jar:0.9.35 in the shaded jar.
[INFO] Including org.locationtech.jts:jts-core:jar:1.16.1 in the shaded jar.
[INFO] Including org.xerial.larray:larray-mmap:jar:0.4.1 in the shaded jar.
[INFO] Including org.xerial.larray:larray-buffer:jar:0.4.1 in the shaded jar.
[INFO] Including org.apache.httpcomponents:httpmime:jar:4.5.13 in the shaded jar.
[INFO] Including org.apache.httpcomponents:httpclient:jar:4.5.13 in the shaded jar.
[INFO] Including org.apache.httpcomponents:httpcore:jar:4.4.13 in the shaded jar.
[INFO] Including org.antlr:antlr4-runtime:jar:4.6 in the shaded jar.
[INFO] Including org.apache.calcite:calcite-core:jar:1.29.0 in the shaded jar.
[INFO] Including org.apache.calcite:calcite-linq4j:jar:1.29.0 in the shaded jar.
[INFO] Including com.esri.geometry:esri-geometry-api:jar:2.2.0 in the shaded jar.
[INFO] Including org.apache.calcite.avatica:avatica-core:jar:1.20.0 in the shaded jar.
[INFO] Including org.apiguardian:apiguardian-api:jar:1.1.0 in the shaded jar.
[INFO] Including org.checkerframework:checker-qual:jar:3.10.0 in the shaded jar.
[INFO] Including org.slf4j:slf4j-api:jar:1.7.25 in the shaded jar.
[INFO] Including com.fasterxml.jackson.core:jackson-core:jar:2.12.7 in the shaded jar.
[INFO] Including com.fasterxml.jackson.dataformat:jackson-dataformat-yaml:jar:2.12.7 in the shaded jar.
[INFO] Including com.google.uzaygezen:uzaygezen-core:jar:0.2 in the shaded jar.
[INFO] Including org.apache.calcite:calcite-babel:jar:1.29.0 in the shaded jar.
[INFO] Including com.google.guava:guava:jar:20.0 in the shaded jar.
[INFO] Including org.apache.thrift:libthrift:jar:0.15.0 in the shaded jar.
[INFO] Including javax.annotation:javax.annotation-api:jar:1.3.2 in the shaded jar.
[INFO] Including org.xerial.snappy:snappy-java:jar:1.1.8.2 in the shaded jar.
[INFO] Including com.github.luben:zstd-jni:jar:1.5.2-3 in the shaded jar.
[INFO] Including org.lz4:lz4-java:jar:1.8.0 in the shaded jar.
[INFO] Including org.apache.logging.log4j:log4j-slf4j-impl:jar:2.17.1 in the shaded jar.
[INFO] Including org.apache.logging.log4j:log4j-api:jar:2.17.1 in the shaded jar.
[INFO] Including org.apache.logging.log4j:log4j-core:jar:2.17.1 in the shaded jar.
[INFO] Including org.apache.logging.log4j:log4j-1.2-api:jar:2.17.1 in the shaded jar.
[INFO] Including com.lmax:disruptor:jar:3.3.4 in the shaded jar.
[INFO] Including joda-time:joda-time:jar:2.10.5 in the shaded jar.
[INFO] Including commons-configuration:commons-configuration:jar:1.10 in the shaded jar.
[INFO] Including commons-httpclient:commons-httpclient:jar:3.1 in the shaded jar.
[INFO] Including commons-io:commons-io:jar:2.11.0 in the shaded jar.
[INFO] Including org.apache.commons:commons-compress:jar:1.21 in the shaded jar.
[INFO] Including org.apache.helix:helix-core:jar:1.0.4 in the shaded jar.
[INFO] Including org.apache.helix:helix-common:jar:1.0.4 in the shaded jar.
[INFO] Including org.apache.helix:metrics-common:jar:1.0.4 in the shaded jar.
[INFO] Including org.apache.helix:zookeeper-api:jar:1.0.4 in the shaded jar.
[INFO] Including org.apache.helix:metadata-store-directory-common:jar:1.0.4 in the shaded jar.
[INFO] Including commons-cli:commons-cli:jar:1.2 in the shaded jar.
[INFO] Including org.apache.commons:commons-math:jar:2.1 in the shaded jar.
[INFO] Including io.dropwizard.metrics:metrics-core:jar:4.2.2 in the shaded jar.
[INFO] Including it.unimi.dsi:fastutil:jar:8.2.3 in the shaded jar.
[INFO] Including net.sf.jopt-simple:jopt-simple:jar:4.6 in the shaded jar.
[INFO] Including org.webjars:swagger-ui:jar:3.23.11 in the shaded jar.
[INFO] Including com.google.code.findbugs:jsr305:jar:3.0.0 in the shaded jar.
[INFO] Including com.fasterxml.jackson.core:jackson-annotations:jar:2.12.7 in the shaded jar.
[INFO] Including com.fasterxml.jackson.core:jackson-databind:jar:2.12.7 in the shaded jar.
[INFO] Including com.jayway.jsonpath:json-path:jar:2.7.0 in the shaded jar.
[INFO] Including net.minidev:json-smart:jar:2.4.7 in the shaded jar.
[INFO] Including net.minidev:accessors-smart:jar:2.4.7 in the shaded jar.
[INFO] Including org.ow2.asm:asm:jar:9.1 in the shaded jar.
[INFO] Including commons-logging:commons-logging:jar:1.2 in the shaded jar.
[INFO] Including commons-lang:commons-lang:jar:2.6 in the shaded jar.
[INFO] Including org.apache.zookeeper:zookeeper:jar:3.6.3 in the shaded jar.
[INFO] Including org.apache.zookeeper:zookeeper-jute:jar:3.6.3 in the shaded jar.
[INFO] Including io.netty:netty-handler:jar:4.1.79.Final in the shaded jar.
[INFO] Including io.netty:netty-common:jar:4.1.79.Final in the shaded jar.
[INFO] Including io.netty:netty-resolver:jar:4.1.79.Final in the shaded jar.
[INFO] Including io.netty:netty-buffer:jar:4.1.79.Final in the shaded jar.
[INFO] Including io.netty:netty-transport:jar:4.1.79.Final in the shaded jar.
[INFO] Including io.netty:netty-transport-native-unix-common:jar:4.1.79.Final in the shaded jar.
[INFO] Including io.netty:netty-codec:jar:4.1.79.Final in the shaded jar.
[INFO] Including io.netty:netty-transport-native-epoll:jar:4.1.79.Final in the shaded jar.
[INFO] Including io.netty:netty-transport-classes-epoll:jar:4.1.79.Final in the shaded jar.
[INFO] Including javax.servlet:javax.servlet-api:jar:3.0.1 in the shaded jar.
[INFO] Including org.glassfish.jersey.core:jersey-server:jar:2.35 in the shaded jar.
[INFO] Including org.glassfish.jersey.core:jersey-common:jar:2.35 in the shaded jar.
[INFO] Including org.glassfish.hk2:osgi-resource-locator:jar:1.0.3 in the shaded jar.
[INFO] Including org.glassfish.jersey.core:jersey-client:jar:2.35 in the shaded jar.
[INFO] Including jakarta.ws.rs:jakarta.ws.rs-api:jar:2.1.6 in the shaded jar.
[INFO] Including jakarta.annotation:jakarta.annotation-api:jar:1.3.5 in the shaded jar.
[INFO] Including org.glassfish.hk2.external:jakarta.inject:jar:2.6.1 in the shaded jar.
[INFO] Including jakarta.validation:jakarta.validation-api:jar:2.0.2 in the shaded jar.
[INFO] Including org.reflections:reflections:jar:0.9.11 in the shaded jar.
[INFO] Including org.javassist:javassist:jar:3.19.0-GA in the shaded jar.
[INFO] Including com.google.protobuf:protobuf-java:jar:3.19.2 in the shaded jar.
[INFO] Including io.grpc:grpc-netty-shaded:jar:1.41.0 in the shaded jar.
[INFO] Including com.google.errorprone:error_prone_annotations:jar:2.9.0 in the shaded jar.
[INFO] Including io.perfmark:perfmark-api:jar:0.23.0 in the shaded jar.
[INFO] Including io.grpc:grpc-core:jar:1.41.0 in the shaded jar.
[INFO] Including com.google.code.gson:gson:jar:2.2.4 in the shaded jar.
[INFO] Including com.google.android:annotations:jar:4.1.1.4 in the shaded jar.
[INFO] Including org.codehaus.mojo:animal-sniffer-annotations:jar:1.19 in the shaded jar.
[INFO] Including io.grpc:grpc-protobuf:jar:1.41.0 in the shaded jar.
[INFO] Including io.grpc:grpc-api:jar:1.41.0 in the shaded jar.
[INFO] Including io.grpc:grpc-context:jar:1.41.0 in the shaded jar.
[INFO] Including com.google.api.grpc:proto-google-common-protos:jar:2.0.1 in the shaded jar.
[INFO] Including io.grpc:grpc-protobuf-lite:jar:1.41.0 in the shaded jar.
[INFO] Including io.grpc:grpc-stub:jar:1.41.0 in the shaded jar.
[INFO] Including org.apache.yetus:audience-annotations:jar:0.13.0 in the shaded jar.
[INFO] Including org.mindrot:jbcrypt:jar:0.4 in the shaded jar.
[INFO] Including com.github.seancfoley:ipaddress:jar:5.3.4 in the shaded jar.
[WARNING] Discovered module-info.class. Shading will break its strong encapsulation.
[WARNING] Discovered module-info.class. Shading will break its strong encapsulation.
[WARNING] Discovered module-info.class. Shading will break its strong encapsulation.
[WARNING] Discovered module-info.class. Shading will break its strong encapsulation.
[WARNING] Discovered module-info.class. Shading will break its strong encapsulation.
[WARNING] Discovered module-info.class. Shading will break its strong encapsulation.
[WARNING] Discovered module-info.class. Shading will break its strong encapsulation.
[WARNING] Discovered module-info.class. Shading will break its strong encapsulation.
[WARNING] helix-core-1.0.4.jar, helix-common-1.0.4.jar, metrics-common-1.0.4.jar define 9 overlapping classes: 
[WARNING]   - org.apache.helix.monitoring.mbeans.exception.MetricException
[WARNING]   - org.apache.helix.monitoring.mbeans.dynamicMBeans.SimpleDynamicMetric
[WARNING]   - org.apache.helix.monitoring.mbeans.MonitorDomainNames
[WARNING]   - org.apache.helix.monitoring.SensorNameProvider
[WARNING]   - org.apache.helix.monitoring.mbeans.dynamicMBeans.DynamicMetric
[WARNING]   - org.apache.helix.monitoring.mbeans.MBeanRegistrar
[WARNING]   - org.apache.helix.monitoring.mbeans.dynamicMBeans.DynamicMBeanProvider
[WARNING]   - org.apache.helix.monitoring.mbeans.dynamicMBeans.HistogramDynamicMetric$SnapshotAttribute
[WARNING]   - org.apache.helix.monitoring.mbeans.dynamicMBeans.HistogramDynamicMetric
[WARNING] jakarta.annotation-api-1.3.5.jar, javax.annotation-api-1.3.2.jar define 15 overlapping classes: 
[WARNING]   - javax.annotation.ManagedBean
[WARNING]   - javax.annotation.PreDestroy
[WARNING]   - javax.annotation.Resource$AuthenticationType
[WARNING]   - javax.annotation.Generated
[WARNING]   - javax.annotation.security.DeclareRoles
[WARNING]   - javax.annotation.Priority
[WARNING]   - javax.annotation.Resource
[WARNING]   - javax.annotation.security.DenyAll
[WARNING]   - javax.annotation.security.RunAs
[WARNING]   - javax.annotation.sql.DataSourceDefinitions
[WARNING]   - 5 more...
[WARNING] helix-core-1.0.4.jar, helix-common-1.0.4.jar define 9 overlapping classes: 
[WARNING]   - org.apache.helix.manager.zk.serializer.PayloadSerializer
[WARNING]   - org.apache.helix.SystemPropertyKeys
[WARNING]   - org.apache.helix.ZNRecord
[WARNING]   - org.apache.helix.constants.InstanceConstants$InstanceDisabledType
[WARNING]   - org.apache.helix.HelixException
[WARNING]   - org.apache.helix.datamodel.Snapshot
[WARNING]   - org.apache.helix.constants.InstanceConstants
[WARNING]   - org.apache.helix.manager.zk.serializer.JacksonPayloadSerializer
[WARNING]   - org.apache.helix.ZNRecordDelta
[WARNING] zookeeper-api-1.0.4.jar, helix-core-1.0.4.jar, helix-common-1.0.4.jar define 134 overlapping classes: 
[WARNING]   - org.apache.helix.zookeeper.api.client.ZkClientType
[WARNING]   - org.apache.helix.zookeeper.zkclient.metric.ZkClientPathMonitor$PredefinedPath
[WARNING]   - org.apache.helix.zookeeper.datamodel.ZNRecordUpdater
[WARNING]   - org.apache.helix.zookeeper.zkclient.ZkClient$2
[WARNING]   - org.apache.helix.zookeeper.zkclient.serialize.BasicZkSerializer
[WARNING]   - org.apache.helix.zookeeper.zkclient.callback.ZkAsyncCallbacks$SyncCallbackHandler
[WARNING]   - org.apache.helix.zookeeper.zkclient.callback.ZkAsyncCallbacks$DeleteCallbackHandler
[WARNING]   - org.apache.helix.zookeeper.zkclient.callback.ZkAsyncCallbacks$SetDataCallbackHandler
[WARNING]   - org.apache.helix.zookeeper.api.client.HelixZkClient
[WARNING]   - org.apache.helix.zookeeper.zkclient.ZkEventThread
[WARNING]   - 124 more...
[WARNING] helix-core-1.0.4.jar, metadata-store-directory-common-1.0.4.jar, helix-common-1.0.4.jar define 9 overlapping classes: 
[WARNING]   - org.apache.helix.msdcommon.datamodel.MetadataStoreRoutingData
[WARNING]   - org.apache.helix.msdcommon.mock.MockMetadataStoreDirectoryServer
[WARNING]   - org.apache.helix.msdcommon.util.ZkValidationUtil
[WARNING]   - org.apache.helix.msdcommon.datamodel.TrieRoutingData$TrieNode
[WARNING]   - org.apache.helix.msdcommon.constant.MetadataStoreRoutingConstants
[WARNING]   - org.apache.helix.msdcommon.callback.RoutingDataListener
[WARNING]   - org.apache.helix.msdcommon.datamodel.TrieRoutingData
[WARNING]   - org.apache.helix.msdcommon.mock.MockMetadataStoreDirectoryServer$SupportedHttpVerbs
[WARNING]   - org.apache.helix.msdcommon.exception.InvalidRoutingDataException
[WARNING] maven-shade-plugin has detected that some class files are
[WARNING] present in two or more JARs. When this happens, only one
[WARNING] single version of the class is copied to the uber jar.
[WARNING] Usually this is not harmful and you can skip these warnings,
[WARNING] otherwise try to manually exclude artifacts based on
[WARNING] mvn dependency:tree -Ddetail=true and the above output.
[WARNING] See http://maven.apache.org/plugins/maven-shade-plugin/
[INFO] Attaching shaded artifact.
[INFO] 
[INFO] --- maven-jar-plugin:3.2.0:test-jar (default) @ pinot-common ---
[INFO] Building jar: /home/srafi/after-cam-ready/compare_/compile_repair_output/work/d8844a4d5453/pinot-common/target/pinot-common-0.12.0-SNAPSHOT-tests.jar
[INFO] 
[INFO] --- maven-site-plugin:3.7.1:attach-descriptor (attach-descriptor) @ pinot-common ---
[INFO] Skipping because packaging 'jar' is not pom.
[INFO] 
[INFO] --- maven-surefire-plugin:3.0.0-M8-SNAPSHOT:test (integration-tests) @ pinot-common ---
[INFO] Tests are skipped.
[INFO] 
[INFO] --- spotless-maven-plugin:2.28.0:check (default) @ pinot-common ---
[INFO] 
[INFO] --- maven-install-plugin:2.5.2:install (default-install) @ pinot-common ---
[INFO] Installing /home/srafi/after-cam-ready/compare_/compile_repair_output/work/d8844a4d5453/pinot-common/target/pinot-common-0.12.0-SNAPSHOT.jar to /home/srafi/.m2/repository/org/apache/pinot/pinot-common/0.12.0-SNAPSHOT/pinot-common-0.12.0-SNAPSHOT.jar
[INFO] Installing /home/srafi/after-cam-ready/compare_/compile_repair_output/work/d8844a4d5453/pinot-common/pom.xml to /home/srafi/.m2/repository/org/apache/pinot/pinot-common/0.12.0-SNAPSHOT/pinot-common-0.12.0-SNAPSHOT.pom
[INFO] Installing /home/srafi/after-cam-ready/compare_/compile_repair_output/work/d8844a4d5453/pinot-common/target/pinot-common-0.12.0-SNAPSHOT-shaded.jar to /home/srafi/.m2/repository/org/apache/pinot/pinot-common/0.12.0-SNAPSHOT/pinot-common-0.12.0-SNAPSHOT-shaded.jar
[INFO] Installing /home/srafi/after-cam-ready/compare_/compile_repair_output/work/d8844a4d5453/pinot-common/target/pinot-common-0.12.0-SNAPSHOT-tests.jar to /home/srafi/.m2/repository/org/apache/pinot/pinot-common/0.12.0-SNAPSHOT/pinot-common-0.12.0-SNAPSHOT-tests.jar
[INFO] ------------------------------------------------------------------------
[INFO] Reactor Summary for Pinot 0.12.0-SNAPSHOT:
[INFO] 
[INFO] Pinot .............................................. SUCCESS [  4.106 s]
[INFO] Pinot Service Provider Interface ................... SUCCESS [  4.689 s]
[INFO] Pinot Segment Service Provider Interface ........... SUCCESS [  3.575 s]
[INFO] Pinot Plugins ...................................... SUCCESS [  0.094 s]
[INFO] Pinot Metrics ...................................... SUCCESS [  0.034 s]
[INFO] Pinot Yammer Metrics ............................... SUCCESS [  4.394 s]
[INFO] Pinot FMPP plugin .................................. SUCCESS [  1.770 s]
[INFO] Pinot Common ....................................... SUCCESS [ 24.357 s]
[INFO] ------------------------------------------------------------------------
[INFO] BUILD SUCCESS
[INFO] ------------------------------------------------------------------------
[INFO] Total time:  43.464 s
[INFO] Finished at: 2026-08-15T15:55:39-04:00
[INFO] ------------------------------------------------------------------------
