JAVA_HOME=/usr/lib/jvm/java-11-openjdk-amd64
COMMAND=mvn -B clean install -DskipTests -U -Ddependency-check.skip=true -Dgpg.skip=true -DfailIfNoTests=false -Dskip.installnodenpm=true -Dskip.npm=true -Dskip.yarn=true -Dlicense.skip=true -Dcheckstyle.skip=true -Drat.skip=true -Denforcer.skip=true -Danimal.sniffer.skip=true -Dmaven.javadoc.skip=true -Dfindbugs.skip=true -Dspotbugs.skip=true -Dwarbucks.skip=true -Dmodernizer.skip=true -Dimpsort.skip=true -Dmdep.analyze.skip=true -Dpgpverify.skip=true -Dxml.skip=true -Dcobertura.skip=true

[INFO] Scanning for projects...
[INFO] 
[INFO] -----------------< edu.stanford.nlp:stanford-corenlp >------------------
[INFO] Building Stanford CoreNLP 3.9.2
[INFO] --------------------------------[ jar ]---------------------------------
[INFO] 
[INFO] --- maven-clean-plugin:2.5:clean (default-clean) @ stanford-corenlp ---
[INFO] 
[INFO] --- maven-resources-plugin:2.6:resources (default-resources) @ stanford-corenlp ---
[INFO] Using 'UTF-8' encoding to copy filtered resources.
[INFO] skip non existing resourceDirectory /home/srafi/after-cam-ready/compare_/compile_repair_output/work/b9b1e992fc62/src/main/resources
[INFO] 
[INFO] --- maven-compiler-plugin:3.1:compile (default-compile) @ stanford-corenlp ---
[INFO] Changes detected - recompiling the module!
[INFO] Compiling 1711 source files to /home/srafi/after-cam-ready/compare_/compile_repair_output/work/b9b1e992fc62/target/classes
[WARNING] /home/srafi/after-cam-ready/compare_/compile_repair_output/work/b9b1e992fc62/src/edu/stanford/nlp/parser/lexparser/Options.java: Some input files use or override a deprecated API.
[WARNING] /home/srafi/after-cam-ready/compare_/compile_repair_output/work/b9b1e992fc62/src/edu/stanford/nlp/parser/lexparser/Options.java: Recompile with -Xlint:deprecation for details.
[WARNING] /home/srafi/after-cam-ready/compare_/compile_repair_output/work/b9b1e992fc62/src/edu/stanford/nlp/parser/lexparser/BaseLexicon.java: Some input files use unchecked or unsafe operations.
[WARNING] /home/srafi/after-cam-ready/compare_/compile_repair_output/work/b9b1e992fc62/src/edu/stanford/nlp/parser/lexparser/BaseLexicon.java: Recompile with -Xlint:unchecked for details.
[INFO] 
[INFO] --- maven-resources-plugin:2.6:testResources (default-testResources) @ stanford-corenlp ---
[INFO] Using 'UTF-8' encoding to copy filtered resources.
[INFO] skip non existing resourceDirectory /home/srafi/after-cam-ready/compare_/compile_repair_output/work/b9b1e992fc62/src/test/resources
[INFO] 
[INFO] --- maven-compiler-plugin:3.1:testCompile (default-testCompile) @ stanford-corenlp ---
[INFO] Changes detected - recompiling the module!
[INFO] Compiling 175 source files to /home/srafi/after-cam-ready/compare_/compile_repair_output/work/b9b1e992fc62/target/test-classes
[WARNING] /home/srafi/after-cam-ready/compare_/compile_repair_output/work/b9b1e992fc62/test/src/edu/stanford/nlp/util/PriorityQueueTest.java: Some input files use or override a deprecated API.
[WARNING] /home/srafi/after-cam-ready/compare_/compile_repair_output/work/b9b1e992fc62/test/src/edu/stanford/nlp/util/PriorityQueueTest.java: Recompile with -Xlint:deprecation for details.
[WARNING] /home/srafi/after-cam-ready/compare_/compile_repair_output/work/b9b1e992fc62/test/src/edu/stanford/nlp/graph/DirectedMultiGraphTest.java: Some input files use unchecked or unsafe operations.
[WARNING] /home/srafi/after-cam-ready/compare_/compile_repair_output/work/b9b1e992fc62/test/src/edu/stanford/nlp/graph/DirectedMultiGraphTest.java: Recompile with -Xlint:unchecked for details.
[INFO] 
[INFO] --- maven-surefire-plugin:3.0.0-M8-SNAPSHOT:test (default-test) @ stanford-corenlp ---
[INFO] Downloading from apache.snapshots: https://repository.apache.org/snapshots/org/apache/maven/surefire/maven-surefire-common/3.0.0-M8-SNAPSHOT/maven-metadata.xml
[INFO] Downloading from apache.snapshots: https://repository.apache.org/snapshots/org/apache/maven/surefire/surefire-api/3.0.0-M8-SNAPSHOT/maven-metadata.xml
[INFO] Downloading from apache.snapshots: https://repository.apache.org/snapshots/org/apache/maven/surefire/surefire-logger-api/3.0.0-M8-SNAPSHOT/maven-metadata.xml
[INFO] Downloading from apache.snapshots: https://repository.apache.org/snapshots/org/apache/maven/surefire/surefire-shared-utils/3.0.0-M8-SNAPSHOT/maven-metadata.xml
[INFO] Downloading from apache.snapshots: https://repository.apache.org/snapshots/org/apache/maven/surefire/surefire-extensions-api/3.0.0-M8-SNAPSHOT/maven-metadata.xml
[INFO] Downloading from apache.snapshots: https://repository.apache.org/snapshots/org/apache/maven/surefire/surefire-booter/3.0.0-M8-SNAPSHOT/maven-metadata.xml
[INFO] Downloading from apache.snapshots: https://repository.apache.org/snapshots/org/apache/maven/surefire/surefire-extensions-spi/3.0.0-M8-SNAPSHOT/maven-metadata.xml
[INFO] Tests are skipped.
[INFO] 
[INFO] --- maven-jar-plugin:2.4:jar (default-jar) @ stanford-corenlp ---
[INFO] Building jar: /home/srafi/after-cam-ready/compare_/compile_repair_output/work/b9b1e992fc62/target/stanford-corenlp-3.9.2.jar
[INFO] 
[INFO] --- build-helper-maven-plugin:1.7:attach-artifact (attach-models) @ stanford-corenlp ---
[INFO] 
[INFO] --- maven-install-plugin:2.4:install (default-install) @ stanford-corenlp ---
[INFO] Installing /home/srafi/after-cam-ready/compare_/compile_repair_output/work/b9b1e992fc62/target/stanford-corenlp-3.9.2.jar to /home/srafi/.m2/repository/edu/stanford/nlp/stanford-corenlp/3.9.2/stanford-corenlp-3.9.2.jar
[INFO] Installing /home/srafi/after-cam-ready/compare_/compile_repair_output/work/b9b1e992fc62/pom.xml to /home/srafi/.m2/repository/edu/stanford/nlp/stanford-corenlp/3.9.2/stanford-corenlp-3.9.2.pom
[INFO] Installing /home/srafi/after-cam-ready/compare_/compile_repair_output/work/b9b1e992fc62/stanford-corenlp-3.9.2-models.jar to /home/srafi/.m2/repository/edu/stanford/nlp/stanford-corenlp/3.9.2/stanford-corenlp-3.9.2-models.jar
[INFO] ------------------------------------------------------------------------
[INFO] BUILD FAILURE
[INFO] ------------------------------------------------------------------------
[INFO] Total time:  18.422 s
[INFO] Finished at: 2026-08-15T17:01:27-04:00
[INFO] ------------------------------------------------------------------------
[ERROR] Failed to execute goal org.apache.maven.plugins:maven-install-plugin:2.4:install (default-install) on project stanford-corenlp: Failed to install artifact edu.stanford.nlp:stanford-corenlp:jar:models:3.9.2: /home/srafi/after-cam-ready/compare_/compile_repair_output/work/b9b1e992fc62/stanford-corenlp-3.9.2-models.jar (No such file or directory) -> [Help 1]
[ERROR] 
[ERROR] To see the full stack trace of the errors, re-run Maven with the -e switch.
[ERROR] Re-run Maven using the -X switch to enable full debug logging.
[ERROR] 
[ERROR] For more information about the errors and possible solutions, please read the following articles:
[ERROR] [Help 1] http://cwiki.apache.org/confluence/display/MAVEN/MojoExecutionException
