JAVA_HOME=/usr/lib/jvm/java-8-openjdk-amd64
COMMAND=mvn -B clean install -DskipTests -U -pl ebean-api -am -Ddependency-check.skip=true -Dgpg.skip=true -DfailIfNoTests=false -Dskip.installnodenpm=true -Dskip.npm=true -Dskip.yarn=true -Dlicense.skip=true -Dcheckstyle.skip=true -Drat.skip=true -Denforcer.skip=true -Danimal.sniffer.skip=true -Dmaven.javadoc.skip=true -Dfindbugs.skip=true -Dspotbugs.skip=true -Dwarbucks.skip=true -Dmodernizer.skip=true -Dimpsort.skip=true -Dmdep.analyze.skip=true -Dpgpverify.skip=true -Dxml.skip=true -Dcobertura.skip=true

[INFO] Scanning for projects...
[INFO] Downloading from central: https://repo.maven.apache.org/maven2/org/avaje/java11-oss/4.3/java11-oss-4.3.pom
[INFO] Downloaded from central: https://repo.maven.apache.org/maven2/org/avaje/java11-oss/4.3/java11-oss-4.3.pom (6.4 kB at 23 kB/s)
[INFO] Downloading from central: https://repo.maven.apache.org/maven2/io/repaint/maven/tiles-maven-plugin/2.40/tiles-maven-plugin-2.40.pom
[INFO] Downloaded from central: https://repo.maven.apache.org/maven2/io/repaint/maven/tiles-maven-plugin/2.40/tiles-maven-plugin-2.40.pom (12 kB at 176 kB/s)
[INFO] Downloading from central: https://repo.maven.apache.org/maven2/org/apache/groovy/groovy/4.0.15/groovy-4.0.15.pom
[INFO] Downloaded from central: https://repo.maven.apache.org/maven2/org/apache/groovy/groovy/4.0.15/groovy-4.0.15.pom (24 kB at 409 kB/s)
[INFO] Downloading from central: https://repo.maven.apache.org/maven2/org/apache/groovy/groovy-xml/4.0.15/groovy-xml-4.0.15.pom
[INFO] Downloaded from central: https://repo.maven.apache.org/maven2/org/apache/groovy/groovy-xml/4.0.15/groovy-xml-4.0.15.pom (23 kB at 461 kB/s)
[INFO] Downloading from central: https://repo.maven.apache.org/maven2/io/repaint/maven/tiles-maven-plugin/2.40/tiles-maven-plugin-2.40.jar
[INFO] Downloading from central: https://repo.maven.apache.org/maven2/org/apache/groovy/groovy/4.0.15/groovy-4.0.15.jar
[INFO] Downloading from central: https://repo.maven.apache.org/maven2/org/apache/groovy/groovy-xml/4.0.15/groovy-xml-4.0.15.jar
[INFO] Downloaded from central: https://repo.maven.apache.org/maven2/org/apache/groovy/groovy-xml/4.0.15/groovy-xml-4.0.15.jar (213 kB at 3.2 MB/s)
[INFO] Downloaded from central: https://repo.maven.apache.org/maven2/io/repaint/maven/tiles-maven-plugin/2.40/tiles-maven-plugin-2.40.jar (118 kB at 1.4 MB/s)
[INFO] Downloaded from central: https://repo.maven.apache.org/maven2/org/apache/groovy/groovy/4.0.15/groovy-4.0.15.jar (7.6 MB at 36 MB/s)
[WARNING] 
[WARNING] Some problems were encountered while building the effective model for io.ebean:ebean-core:jar:14.7.0
[WARNING] 'build.plugins.plugin.version' for org.apache.maven.plugins:maven-javadoc-plugin is missing. @ line 238, column 15
[WARNING] 
[WARNING] It is highly recommended to fix these problems because they threaten the stability of your build.
[WARNING] 
[WARNING] For this reason, future Maven versions might no longer support building such malformed projects.
[WARNING] 
[INFO] ------------------------------------------------------------------------
[INFO] Reactor Build Order:
[INFO] 
[INFO] ebean parent                                                       [pom]
[INFO] ebean api                                                          [jar]
[INFO] 
[INFO] -----------------------< io.ebean:ebean-parent >------------------------
[INFO] Building ebean parent 14.7.0                                       [1/2]
[INFO] --------------------------------[ pom ]---------------------------------
[INFO] 
[INFO] --- maven-clean-plugin:2.5:clean (default-clean) @ ebean-parent ---
[INFO] 
[INFO] --- maven-install-plugin:2.4:install (default-install) @ ebean-parent ---
[INFO] Installing /home/srafi/after-cam-ready/compare_/compile_repair_output/work/c30e51af928b/pom.xml to /home/srafi/.m2/repository/io/ebean/ebean-parent/14.7.0/ebean-parent-14.7.0.pom
[INFO] 
[INFO] -------------------------< io.ebean:ebean-api >-------------------------
[INFO] Building ebean api 14.7.0                                          [2/2]
[INFO] --------------------------------[ jar ]---------------------------------
[INFO] Downloading from central: https://repo.maven.apache.org/maven2/org/apache/maven/plugins/maven-jar-plugin/3.4.1/maven-jar-plugin-3.4.1.pom
[INFO] Downloaded from central: https://repo.maven.apache.org/maven2/org/apache/maven/plugins/maven-jar-plugin/3.4.1/maven-jar-plugin-3.4.1.pom (7.8 kB at 205 kB/s)
[INFO] Downloading from central: https://repo.maven.apache.org/maven2/org/apache/maven/plugins/maven-jar-plugin/3.4.1/maven-jar-plugin-3.4.1.jar
[INFO] Downloaded from central: https://repo.maven.apache.org/maven2/org/apache/maven/plugins/maven-jar-plugin/3.4.1/maven-jar-plugin-3.4.1.jar (34 kB at 965 kB/s)
[INFO] Downloading from central: https://repo.maven.apache.org/maven2/io/avaje/avaje-applog/1.0/avaje-applog-1.0.pom
[INFO] Downloaded from central: https://repo.maven.apache.org/maven2/io/avaje/avaje-applog/1.0/avaje-applog-1.0.pom (944 B at 28 kB/s)
[INFO] Downloading from central: https://repo.maven.apache.org/maven2/org/avaje/java11-oss/3.9/java11-oss-3.9.pom
[INFO] Downloaded from central: https://repo.maven.apache.org/maven2/org/avaje/java11-oss/3.9/java11-oss-3.9.pom (6.2 kB at 176 kB/s)
[INFO] Downloading from central: https://repo.maven.apache.org/maven2/io/avaje/avaje-applog-slf4j/1.0/avaje-applog-slf4j-1.0.pom
[INFO] Downloaded from central: https://repo.maven.apache.org/maven2/io/avaje/avaje-applog-slf4j/1.0/avaje-applog-slf4j-1.0.pom (1.4 kB at 41 kB/s)
[INFO] Downloading from central: https://repo.maven.apache.org/maven2/io/avaje/avaje-lang/1.1/avaje-lang-1.1.pom
[INFO] Downloaded from central: https://repo.maven.apache.org/maven2/io/avaje/avaje-lang/1.1/avaje-lang-1.1.pom (1.8 kB at 53 kB/s)
[INFO] Downloading from central: https://repo.maven.apache.org/maven2/org/avaje/java8-oss/3.9/java8-oss-3.9.pom
[INFO] Downloaded from central: https://repo.maven.apache.org/maven2/org/avaje/java8-oss/3.9/java8-oss-3.9.pom (6.3 kB at 151 kB/s)
[INFO] Downloading from central: https://repo.maven.apache.org/maven2/io/avaje/avaje-config/3.12/avaje-config-3.12.pom
[INFO] Downloaded from central: https://repo.maven.apache.org/maven2/io/avaje/avaje-config/3.12/avaje-config-3.12.pom (2.0 kB at 41 kB/s)
[INFO] Downloading from central: https://repo.maven.apache.org/maven2/org/avaje/java11-oss/4.0/java11-oss-4.0.pom
[INFO] Downloaded from central: https://repo.maven.apache.org/maven2/org/avaje/java11-oss/4.0/java11-oss-4.0.pom (6.6 kB at 189 kB/s)
[INFO] Downloading from central: https://repo.maven.apache.org/maven2/io/ebean/jakarta-persistence-api/3.0/jakarta-persistence-api-3.0.pom
[INFO] Downloaded from central: https://repo.maven.apache.org/maven2/io/ebean/jakarta-persistence-api/3.0/jakarta-persistence-api-3.0.pom (2.6 kB at 62 kB/s)
[INFO] Downloading from central: https://repo.maven.apache.org/maven2/io/ebean/ebean-annotation/8.4/ebean-annotation-8.4.pom
[INFO] Downloaded from central: https://repo.maven.apache.org/maven2/io/ebean/ebean-annotation/8.4/ebean-annotation-8.4.pom (1.4 kB at 35 kB/s)
[INFO] Downloading from central: https://repo.maven.apache.org/maven2/io/ebean/ebean-types/3.0/ebean-types-3.0.pom
[INFO] Downloaded from central: https://repo.maven.apache.org/maven2/io/ebean/ebean-types/3.0/ebean-types-3.0.pom (857 B at 21 kB/s)
[INFO] Downloading from central: https://repo.maven.apache.org/maven2/io/ebean/ebean-datasource-api/9.0/ebean-datasource-api-9.0.pom
[INFO] Downloaded from central: https://repo.maven.apache.org/maven2/io/ebean/ebean-datasource-api/9.0/ebean-datasource-api-9.0.pom (905 B at 13 kB/s)
[INFO] Downloading from central: https://repo.maven.apache.org/maven2/io/ebean/ebean-datasource-parent/9.0/ebean-datasource-parent-9.0.pom
[INFO] Downloaded from central: https://repo.maven.apache.org/maven2/io/ebean/ebean-datasource-parent/9.0/ebean-datasource-parent-9.0.pom (797 B at 6.4 kB/s)
[INFO] Downloading from central: https://repo.maven.apache.org/maven2/org/avaje/java11-oss/4.1/java11-oss-4.1.pom
[INFO] Downloaded from central: https://repo.maven.apache.org/maven2/org/avaje/java11-oss/4.1/java11-oss-4.1.pom (6.7 kB at 168 kB/s)
[INFO] Downloading from central: https://repo.maven.apache.org/maven2/io/avaje/junit/1.5/junit-1.5.pom
[INFO] Downloaded from central: https://repo.maven.apache.org/maven2/io/avaje/junit/1.5/junit-1.5.pom (2.6 kB at 79 kB/s)
[INFO] Downloading from central: https://repo.maven.apache.org/maven2/net/bytebuddy/byte-buddy/1.14.13/byte-buddy-1.14.13.pom
[INFO] Downloaded from central: https://repo.maven.apache.org/maven2/net/bytebuddy/byte-buddy/1.14.13/byte-buddy-1.14.13.pom (16 kB at 468 kB/s)
[INFO] Downloading from central: https://repo.maven.apache.org/maven2/net/bytebuddy/byte-buddy-parent/1.14.13/byte-buddy-parent-1.14.13.pom
[INFO] Downloaded from central: https://repo.maven.apache.org/maven2/net/bytebuddy/byte-buddy-parent/1.14.13/byte-buddy-parent-1.14.13.pom (63 kB at 1.7 MB/s)
[INFO] Downloading from central: https://repo.maven.apache.org/maven2/net/bytebuddy/byte-buddy-agent/1.14.13/byte-buddy-agent-1.14.13.pom
[INFO] Downloaded from central: https://repo.maven.apache.org/maven2/net/bytebuddy/byte-buddy-agent/1.14.13/byte-buddy-agent-1.14.13.pom (10 kB at 291 kB/s)
[INFO] Downloading from central: https://repo.maven.apache.org/maven2/ch/qos/logback/logback-classic/1.5.0/logback-classic-1.5.0.pom
[INFO] Downloaded from central: https://repo.maven.apache.org/maven2/ch/qos/logback/logback-classic/1.5.0/logback-classic-1.5.0.pom (13 kB at 354 kB/s)
[INFO] Downloading from central: https://repo.maven.apache.org/maven2/ch/qos/logback/logback-parent/1.5.0/logback-parent-1.5.0.pom
[INFO] Downloaded from central: https://repo.maven.apache.org/maven2/ch/qos/logback/logback-parent/1.5.0/logback-parent-1.5.0.pom (19 kB at 499 kB/s)
[INFO] Downloading from central: https://repo.maven.apache.org/maven2/ch/qos/logback/logback-core/1.5.0/logback-core-1.5.0.pom
[INFO] Downloaded from central: https://repo.maven.apache.org/maven2/ch/qos/logback/logback-core/1.5.0/logback-core-1.5.0.pom (7.6 kB at 172 kB/s)
[INFO] Downloading from central: https://repo.maven.apache.org/maven2/io/avaje/avaje-applog/1.0/avaje-applog-1.0.jar
[INFO] Downloading from central: https://repo.maven.apache.org/maven2/io/avaje/avaje-applog-slf4j/1.0/avaje-applog-slf4j-1.0.jar
[INFO] Downloading from central: https://repo.maven.apache.org/maven2/io/avaje/avaje-lang/1.1/avaje-lang-1.1.jar
[INFO] Downloading from central: https://repo.maven.apache.org/maven2/io/avaje/avaje-config/3.12/avaje-config-3.12.jar
[INFO] Downloading from central: https://repo.maven.apache.org/maven2/io/ebean/jakarta-persistence-api/3.0/jakarta-persistence-api-3.0.jar
[INFO] Downloaded from central: https://repo.maven.apache.org/maven2/io/avaje/avaje-applog/1.0/avaje-applog-1.0.jar (3.5 kB at 102 kB/s)
[INFO] Downloading from central: https://repo.maven.apache.org/maven2/io/ebean/ebean-annotation/8.4/ebean-annotation-8.4.jar
[INFO] Downloaded from central: https://repo.maven.apache.org/maven2/io/avaje/avaje-lang/1.1/avaje-lang-1.1.jar (2.3 kB at 57 kB/s)
[INFO] Downloading from central: https://repo.maven.apache.org/maven2/io/ebean/ebean-types/3.0/ebean-types-3.0.jar
[INFO] Downloaded from central: https://repo.maven.apache.org/maven2/io/ebean/ebean-types/3.0/ebean-types-3.0.jar (3.6 kB at 48 kB/s)
[INFO] Downloading from central: https://repo.maven.apache.org/maven2/io/ebean/ebean-datasource-api/9.0/ebean-datasource-api-9.0.jar
[INFO] Downloaded from central: https://repo.maven.apache.org/maven2/io/ebean/jakarta-persistence-api/3.0/jakarta-persistence-api-3.0.jar (58 kB at 757 kB/s)
[INFO] Downloading from central: https://repo.maven.apache.org/maven2/com/fasterxml/jackson/core/jackson-core/2.15.0/jackson-core-2.15.0.jar
[INFO] Downloaded from central: https://repo.maven.apache.org/maven2/io/ebean/ebean-annotation/8.4/ebean-annotation-8.4.jar (45 kB at 543 kB/s)
[INFO] Downloading from central: https://repo.maven.apache.org/maven2/com/fasterxml/jackson/core/jackson-databind/2.15.0/jackson-databind-2.15.0.jar
[INFO] Downloaded from central: https://repo.maven.apache.org/maven2/io/avaje/avaje-applog-slf4j/1.0/avaje-applog-slf4j-1.0.jar (7.4 kB at 85 kB/s)
[INFO] Downloading from central: https://repo.maven.apache.org/maven2/com/fasterxml/jackson/core/jackson-annotations/2.15.0/jackson-annotations-2.15.0.jar
[INFO] Downloaded from central: https://repo.maven.apache.org/maven2/io/avaje/avaje-config/3.12/avaje-config-3.12.jar (76 kB at 555 kB/s)
[INFO] Downloading from central: https://repo.maven.apache.org/maven2/io/avaje/junit/1.5/junit-1.5.jar
[INFO] Downloaded from central: https://repo.maven.apache.org/maven2/com/fasterxml/jackson/core/jackson-annotations/2.15.0/jackson-annotations-2.15.0.jar (76 kB at 511 kB/s)
[INFO] Downloading from central: https://repo.maven.apache.org/maven2/net/bytebuddy/byte-buddy/1.14.13/byte-buddy-1.14.13.jar
[INFO] Downloaded from central: https://repo.maven.apache.org/maven2/com/fasterxml/jackson/core/jackson-core/2.15.0/jackson-core-2.15.0.jar (543 kB at 3.5 MB/s)
[INFO] Downloading from central: https://repo.maven.apache.org/maven2/net/bytebuddy/byte-buddy-agent/1.14.13/byte-buddy-agent-1.14.13.jar
[INFO] Downloaded from central: https://repo.maven.apache.org/maven2/io/avaje/junit/1.5/junit-1.5.jar (1.8 kB at 11 kB/s)
[INFO] Downloading from central: https://repo.maven.apache.org/maven2/ch/qos/logback/logback-classic/1.5.0/logback-classic-1.5.0.jar
[INFO] Downloaded from central: https://repo.maven.apache.org/maven2/com/fasterxml/jackson/core/jackson-databind/2.15.0/jackson-databind-2.15.0.jar (1.6 MB at 8.9 MB/s)
[INFO] Downloading from central: https://repo.maven.apache.org/maven2/ch/qos/logback/logback-core/1.5.0/logback-core-1.5.0.jar
[INFO] Downloaded from central: https://repo.maven.apache.org/maven2/net/bytebuddy/byte-buddy-agent/1.14.13/byte-buddy-agent-1.14.13.jar (257 kB at 1.3 MB/s)
[INFO] Downloaded from central: https://repo.maven.apache.org/maven2/io/ebean/ebean-datasource-api/9.0/ebean-datasource-api-9.0.jar (21 kB at 101 kB/s)
[INFO] Downloaded from central: https://repo.maven.apache.org/maven2/ch/qos/logback/logback-classic/1.5.0/logback-classic-1.5.0.jar (285 kB at 1.3 MB/s)
[INFO] Downloaded from central: https://repo.maven.apache.org/maven2/ch/qos/logback/logback-core/1.5.0/logback-core-1.5.0.jar (601 kB at 2.6 MB/s)
[INFO] Downloaded from central: https://repo.maven.apache.org/maven2/net/bytebuddy/byte-buddy/1.14.13/byte-buddy-1.14.13.jar (4.2 MB at 17 MB/s)
[INFO] 
[INFO] --- maven-clean-plugin:2.5:clean (default-clean) @ ebean-api ---
[INFO] 
[INFO] --- maven-resources-plugin:2.6:resources (default-resources) @ ebean-api ---
[INFO] Using 'UTF-8' encoding to copy filtered resources.
[INFO] Copying 1 resource
[INFO] Copying 1 resource
[INFO] 
[INFO] --- maven-compiler-plugin:3.13.0:compile (default-compile) @ ebean-api ---
[WARNING] Can't extract module name from classes: null
[WARNING] Can't extract module name from avaje-lang-1.1.jar: null
[WARNING] Can't extract module name from jackson-core-2.15.0.jar: null
[WARNING] Can't extract module name from jackson-databind-2.15.0.jar: null
[INFO] Recompiling the module because of changed dependency.
[INFO] Compiling 326 source files with javac [debug release 11 module-path] to target/classes
[INFO] ------------------------------------------------------------------------
[INFO] Reactor Summary for ebean parent 14.7.0:
[INFO] 
[INFO] ebean parent ....................................... SUCCESS [  0.069 s]
[INFO] ebean api .......................................... FAILURE [  1.581 s]
[INFO] ------------------------------------------------------------------------
[INFO] BUILD FAILURE
[INFO] ------------------------------------------------------------------------
[INFO] Total time:  2.757 s
[INFO] Finished at: 2026-08-15T16:17:07-04:00
[INFO] ------------------------------------------------------------------------
[ERROR] Failed to execute goal org.apache.maven.plugins:maven-compiler-plugin:3.13.0:compile (default-compile) on project ebean-api: Fatal error compiling: invalid flag: --module-path -> [Help 1]
[ERROR] 
[ERROR] To see the full stack trace of the errors, re-run Maven with the -e switch.
[ERROR] Re-run Maven using the -X switch to enable full debug logging.
[ERROR] 
[ERROR] For more information about the errors and possible solutions, please read the following articles:
[ERROR] [Help 1] http://cwiki.apache.org/confluence/display/MAVEN/MojoExecutionException
[ERROR] 
[ERROR] After correcting the problems, you can resume the build with the command
[ERROR]   mvn <args> -rf :ebean-api
