JAVA_HOME=/usr/lib/jvm/java-11-openjdk-amd64
COMMAND=mvn -B clean install -DskipTests -U -pl ebean-api -am -Ddependency-check.skip=true -Dgpg.skip=true -DfailIfNoTests=false -Dskip.installnodenpm=true -Dskip.npm=true -Dskip.yarn=true -Dlicense.skip=true -Dcheckstyle.skip=true -Drat.skip=true -Denforcer.skip=true -Danimal.sniffer.skip=true -Dmaven.javadoc.skip=true -Dfindbugs.skip=true -Dspotbugs.skip=true -Dwarbucks.skip=true -Dmodernizer.skip=true -Dimpsort.skip=true -Dmdep.analyze.skip=true -Dpgpverify.skip=true -Dxml.skip=true -Dcobertura.skip=true

[INFO] Scanning for projects...
[WARNING] 
[WARNING] Some problems were encountered while building the effective model for io.ebean:ebean-core:jar:14.7.0
[WARNING] 'build.plugins.plugin.version' for org.apache.maven.plugins:maven-javadoc-plugin is missing. @ line 238, column 15
[WARNING] 
[WARNING] It is highly recommended to fix these problems because they threaten the stability of your build.
[WARNING] 
[WARNING] For this reason, future Maven versions might no longer support building such malformed projects.
[WARNING] 
[INFO] ------------------------------------------------------------------------
[INFO] Reactor Build Order:
[INFO] 
[INFO] ebean parent                                                       [pom]
[INFO] ebean api                                                          [jar]
[INFO] 
[INFO] -----------------------< io.ebean:ebean-parent >------------------------
[INFO] Building ebean parent 14.7.0                                       [1/2]
[INFO] --------------------------------[ pom ]---------------------------------
[INFO] 
[INFO] --- maven-clean-plugin:2.5:clean (default-clean) @ ebean-parent ---
[INFO] 
[INFO] --- maven-install-plugin:2.4:install (default-install) @ ebean-parent ---
[INFO] Installing /home/srafi/after-cam-ready/compare_/compile_repair_output/work/c30e51af928b/pom.xml to /home/srafi/.m2/repository/io/ebean/ebean-parent/14.7.0/ebean-parent-14.7.0.pom
[INFO] 
[INFO] -------------------------< io.ebean:ebean-api >-------------------------
[INFO] Building ebean api 14.7.0                                          [2/2]
[INFO] --------------------------------[ jar ]---------------------------------
[INFO] 
[INFO] --- maven-clean-plugin:2.5:clean (default-clean) @ ebean-api ---
[INFO] 
[INFO] --- maven-resources-plugin:2.6:resources (default-resources) @ ebean-api ---
[INFO] Using 'UTF-8' encoding to copy filtered resources.
[INFO] Copying 1 resource
[INFO] Copying 1 resource
[INFO] 
[INFO] --- maven-compiler-plugin:3.13.0:compile (default-compile) @ ebean-api ---
[INFO] Recompiling the module because of changed source code.
[INFO] Compiling 326 source files with javac [debug release 11 module-path] to target/classes
[WARNING] unknown enum constant javax.annotation.meta.When.MAYBE
  reason: class file for javax.annotation.meta.When not found
[WARNING] /home/srafi/after-cam-ready/compare_/compile_repair_output/work/c30e51af928b/ebean-api/src/main/java/module-info.java:[10,31] requires transitive directive for an automatic module
[WARNING] /home/srafi/after-cam-ready/compare_/compile_repair_output/work/c30e51af928b/ebean-api/src/main/java/io/ebean/PagedList.java:[66,16] io.ebean.EmptyPagedList in io.ebean has been deprecated and marked for removal
[WARNING] /home/srafi/after-cam-ready/compare_/compile_repair_output/work/c30e51af928b/ebean-api/src/main/java/io/ebean/DatabaseBuilder.java:[286,19] deprecated item is not annotated with @Deprecated
[WARNING] /home/srafi/after-cam-ready/compare_/compile_repair_output/work/c30e51af928b/ebean-api/src/main/java/io/ebean/DatabaseBuilder.java:[374,19] deprecated item is not annotated with @Deprecated
[WARNING] /home/srafi/after-cam-ready/compare_/compile_repair_output/work/c30e51af928b/ebean-api/src/main/java/io/ebean/DatabaseBuilder.java:[386,19] deprecated item is not annotated with @Deprecated
[INFO] /home/srafi/after-cam-ready/compare_/compile_repair_output/work/c30e51af928b/ebean-api/src/main/java/io/ebean/config/DatabaseConfig.java: /home/srafi/after-cam-ready/compare_/compile_repair_output/work/c30e51af928b/ebean-api/src/main/java/io/ebean/config/DatabaseConfig.java uses or overrides a deprecated API.
[INFO] /home/srafi/after-cam-ready/compare_/compile_repair_output/work/c30e51af928b/ebean-api/src/main/java/io/ebean/config/DatabaseConfig.java: Recompile with -Xlint:deprecation for details.
[INFO] 
[INFO] --- maven-resources-plugin:2.6:testResources (default-testResources) @ ebean-api ---
[INFO] Using 'UTF-8' encoding to copy filtered resources.
[INFO] Copying 1 resource
[INFO] 
[INFO] --- maven-compiler-plugin:3.13.0:testCompile (default-testCompile) @ ebean-api ---
[INFO] Recompiling the module because of changed dependency.
[INFO] Compiling 17 source files with javac [debug release 11 module-path] to target/test-classes
[WARNING] /home/srafi/after-cam-ready/compare_/compile_repair_output/work/c30e51af928b/ebean-api/src/test/java/io/ebean/config/DatabaseConfigTest.java:[96,24] isAutoLoadModuleInfo() in io.ebean.DatabaseBuilder.Settings has been deprecated and marked for removal
[WARNING] /home/srafi/after-cam-ready/compare_/compile_repair_output/work/c30e51af928b/ebean-api/src/test/java/io/ebean/config/DatabaseConfigTest.java:[176,22] isAutoLoadModuleInfo() in io.ebean.DatabaseBuilder.Settings has been deprecated and marked for removal
[WARNING] /home/srafi/after-cam-ready/compare_/compile_repair_output/work/c30e51af928b/ebean-api/src/test/java/io/ebean/config/DatabaseConfigTest.java:[189,23] isAutoLoadModuleInfo() in io.ebean.DatabaseBuilder.Settings has been deprecated and marked for removal
[INFO] /home/srafi/after-cam-ready/compare_/compile_repair_output/work/c30e51af928b/ebean-api/src/test/java/io/ebean/config/DatabaseConfigTest.java: /home/srafi/after-cam-ready/compare_/compile_repair_output/work/c30e51af928b/ebean-api/src/test/java/io/ebean/config/DatabaseConfigTest.java uses or overrides a deprecated API.
[INFO] /home/srafi/after-cam-ready/compare_/compile_repair_output/work/c30e51af928b/ebean-api/src/test/java/io/ebean/config/DatabaseConfigTest.java: Recompile with -Xlint:deprecation for details.
[INFO] 
[INFO] --- maven-surefire-plugin:3.0.0-M8-SNAPSHOT:test (default-test) @ ebean-api ---
[INFO] Downloading from apache.snapshots: https://repository.apache.org/snapshots/org/apache/maven/surefire/maven-surefire-common/3.0.0-M8-SNAPSHOT/maven-metadata.xml
[INFO] Downloading from apache.snapshots: https://repository.apache.org/snapshots/org/apache/maven/surefire/surefire-api/3.0.0-M8-SNAPSHOT/maven-metadata.xml
[INFO] Downloading from apache.snapshots: https://repository.apache.org/snapshots/org/apache/maven/surefire/surefire-logger-api/3.0.0-M8-SNAPSHOT/maven-metadata.xml
[INFO] Downloading from apache.snapshots: https://repository.apache.org/snapshots/org/apache/maven/surefire/surefire-shared-utils/3.0.0-M8-SNAPSHOT/maven-metadata.xml
[INFO] Downloading from apache.snapshots: https://repository.apache.org/snapshots/org/apache/maven/surefire/surefire-extensions-api/3.0.0-M8-SNAPSHOT/maven-metadata.xml
[INFO] Downloading from apache.snapshots: https://repository.apache.org/snapshots/org/apache/maven/surefire/surefire-booter/3.0.0-M8-SNAPSHOT/maven-metadata.xml
[INFO] Downloading from apache.snapshots: https://repository.apache.org/snapshots/org/apache/maven/surefire/surefire-extensions-spi/3.0.0-M8-SNAPSHOT/maven-metadata.xml
[INFO] Tests are skipped.
[INFO] 
[INFO] --- maven-jar-plugin:3.4.1:jar (default-jar) @ ebean-api ---
[INFO] Building jar: /home/srafi/after-cam-ready/compare_/compile_repair_output/work/c30e51af928b/ebean-api/target/ebean-api-14.7.0.jar
[INFO] 
[INFO] --- maven-install-plugin:2.4:install (default-install) @ ebean-api ---
[INFO] Installing /home/srafi/after-cam-ready/compare_/compile_repair_output/work/c30e51af928b/ebean-api/target/ebean-api-14.7.0.jar to /home/srafi/.m2/repository/io/ebean/ebean-api/14.7.0/ebean-api-14.7.0.jar
[INFO] Installing /home/srafi/after-cam-ready/compare_/compile_repair_output/work/c30e51af928b/ebean-api/pom.xml to /home/srafi/.m2/repository/io/ebean/ebean-api/14.7.0/ebean-api-14.7.0.pom
[INFO] ------------------------------------------------------------------------
[INFO] Reactor Summary for ebean parent 14.7.0:
[INFO] 
[INFO] ebean parent ....................................... SUCCESS [  0.095 s]
[INFO] ebean api .......................................... SUCCESS [  5.545 s]
[INFO] ------------------------------------------------------------------------
[INFO] BUILD SUCCESS
[INFO] ------------------------------------------------------------------------
[INFO] Total time:  6.000 s
[INFO] Finished at: 2026-08-15T16:17:14-04:00
[INFO] ------------------------------------------------------------------------
