JAVA_HOME=/usr/lib/jvm/java-11-openjdk-amd64
COMMAND=mvn -B clean install -DskipTests -U -pl collector -am -Ddependency-check.skip=true -Dgpg.skip=true -DfailIfNoTests=false -Dskip.installnodenpm=true -Dskip.npm=true -Dskip.yarn=true -Dlicense.skip=true -Dcheckstyle.skip=true -Drat.skip=true -Denforcer.skip=true -Danimal.sniffer.skip=true -Dmaven.javadoc.skip=true -Dfindbugs.skip=true -Dspotbugs.skip=true -Dwarbucks.skip=true -Dmodernizer.skip=true -Dimpsort.skip=true -Dmdep.analyze.skip=true -Dpgpverify.skip=true -Dxml.skip=true -Dcobertura.skip=true

[INFO] Scanning for projects...
[INFO] ------------------------------------------------------------------------
[INFO] Reactor Build Order:
[INFO] 
[INFO] hertzbeat                                                          [pom]
[INFO] hertzbeat-common                                                   [jar]
[INFO] hertzbeat-remoting                                                 [jar]
[INFO] hertzbeat-collector                                                [jar]
[INFO] 
[INFO] ------------------< org.dromara.hertzbeat:hertzbeat >-------------------
[INFO] Building hertzbeat 1.0                                             [1/4]
[INFO] --------------------------------[ pom ]---------------------------------
[INFO] 
[INFO] --- maven-clean-plugin:2.5:clean (default-clean) @ hertzbeat ---
[INFO] 
[INFO] >>> maven-pmd-plugin:3.12.0:check (validate) > :pmd @ hertzbeat >>>
[INFO] 
[INFO] --- maven-pmd-plugin:3.12.0:pmd (pmd) @ hertzbeat ---
[INFO] 
[INFO] <<< maven-pmd-plugin:3.12.0:check (validate) < :pmd @ hertzbeat <<<
[INFO] 
[INFO] 
[INFO] --- maven-pmd-plugin:3.12.0:check (validate) @ hertzbeat ---
[INFO] 
[INFO] --- maven-install-plugin:2.4:install (default-install) @ hertzbeat ---
[INFO] Installing /home/srafi/after-cam-ready/compare_/compile_repair_output/work/50fde10d3824/pom.xml to /home/srafi/.m2/repository/org/dromara/hertzbeat/hertzbeat/1.0/hertzbeat-1.0.pom
[INFO] 
[INFO] ---------------< org.dromara.hertzbeat:hertzbeat-common >---------------
[INFO] Building hertzbeat-common 1.0                                      [2/4]
[INFO] --------------------------------[ jar ]---------------------------------
[INFO] 
[INFO] --- maven-clean-plugin:2.5:clean (default-clean) @ hertzbeat-common ---
[INFO] 
[INFO] >>> maven-pmd-plugin:3.12.0:check (validate) > :pmd @ hertzbeat-common >>>
[INFO] 
[INFO] --- maven-pmd-plugin:3.12.0:pmd (pmd) @ hertzbeat-common ---
[INFO] 
[INFO] <<< maven-pmd-plugin:3.12.0:check (validate) < :pmd @ hertzbeat-common <<<
[INFO] 
[INFO] 
[INFO] --- maven-pmd-plugin:3.12.0:check (validate) @ hertzbeat-common ---
[INFO] 
[INFO] 
[INFO] --- maven-resources-plugin:2.6:resources (default-resources) @ hertzbeat-common ---
[INFO] Using 'UTF-8' encoding to copy filtered resources.
[INFO] Copying 1 resource
[INFO] 
[INFO] --- maven-compiler-plugin:3.8.1:compile (default-compile) @ hertzbeat-common ---
[INFO] Changes detected - recompiling the module!
[INFO] Compiling 99 source files to /home/srafi/after-cam-ready/compare_/compile_repair_output/work/50fde10d3824/common/target/classes
[INFO] /home/srafi/after-cam-ready/compare_/compile_repair_output/work/50fde10d3824/common/src/main/java/org/dromara/hertzbeat/common/support/ResourceBundleUtf8Control.java: /home/srafi/after-cam-ready/compare_/compile_repair_output/work/50fde10d3824/common/src/main/java/org/dromara/hertzbeat/common/support/ResourceBundleUtf8Control.java uses or overrides a deprecated API.
[INFO] /home/srafi/after-cam-ready/compare_/compile_repair_output/work/50fde10d3824/common/src/main/java/org/dromara/hertzbeat/common/support/ResourceBundleUtf8Control.java: Recompile with -Xlint:deprecation for details.
[INFO] 
[INFO] --- maven-resources-plugin:2.6:testResources (default-testResources) @ hertzbeat-common ---
[INFO] Using 'UTF-8' encoding to copy filtered resources.
[INFO] skip non existing resourceDirectory /home/srafi/after-cam-ready/compare_/compile_repair_output/work/50fde10d3824/common/src/test/resources
[INFO] 
[INFO] --- maven-compiler-plugin:3.8.1:testCompile (default-testCompile) @ hertzbeat-common ---
[INFO] Changes detected - recompiling the module!
[INFO] Compiling 15 source files to /home/srafi/after-cam-ready/compare_/compile_repair_output/work/50fde10d3824/common/target/test-classes
[INFO] 
[INFO] --- maven-surefire-plugin:3.0.0-M8-SNAPSHOT:test (default-test) @ hertzbeat-common ---
[INFO] Downloading from apache.snapshots: https://repository.apache.org/snapshots/org/apache/maven/surefire/maven-surefire-common/3.0.0-M8-SNAPSHOT/maven-metadata.xml
[INFO] Downloading from apache.snapshots: https://repository.apache.org/snapshots/org/apache/maven/surefire/surefire-api/3.0.0-M8-SNAPSHOT/maven-metadata.xml
[INFO] Downloading from apache.snapshots: https://repository.apache.org/snapshots/org/apache/maven/surefire/surefire-logger-api/3.0.0-M8-SNAPSHOT/maven-metadata.xml
[INFO] Downloading from apache.snapshots: https://repository.apache.org/snapshots/org/apache/maven/surefire/surefire-shared-utils/3.0.0-M8-SNAPSHOT/maven-metadata.xml
[INFO] Downloading from apache.snapshots: https://repository.apache.org/snapshots/org/apache/maven/surefire/surefire-extensions-api/3.0.0-M8-SNAPSHOT/maven-metadata.xml
[INFO] Downloading from apache.snapshots: https://repository.apache.org/snapshots/org/apache/maven/surefire/surefire-booter/3.0.0-M8-SNAPSHOT/maven-metadata.xml
[INFO] Downloading from apache.snapshots: https://repository.apache.org/snapshots/org/apache/maven/surefire/surefire-extensions-spi/3.0.0-M8-SNAPSHOT/maven-metadata.xml
[INFO] Tests are skipped.
[INFO] 
[INFO] --- maven-jar-plugin:2.4:jar (default-jar) @ hertzbeat-common ---
[INFO] Building jar: /home/srafi/after-cam-ready/compare_/compile_repair_output/work/50fde10d3824/common/target/hertzbeat-common-1.0.jar
[INFO] 
[INFO] --- maven-install-plugin:2.4:install (default-install) @ hertzbeat-common ---
[INFO] Installing /home/srafi/after-cam-ready/compare_/compile_repair_output/work/50fde10d3824/common/target/hertzbeat-common-1.0.jar to /home/srafi/.m2/repository/org/dromara/hertzbeat/hertzbeat-common/1.0/hertzbeat-common-1.0.jar
[INFO] Installing /home/srafi/after-cam-ready/compare_/compile_repair_output/work/50fde10d3824/common/pom.xml to /home/srafi/.m2/repository/org/dromara/hertzbeat/hertzbeat-common/1.0/hertzbeat-common-1.0.pom
[INFO] 
[INFO] --------------< org.dromara.hertzbeat:hertzbeat-remoting >--------------
[INFO] Building hertzbeat-remoting 1.0                                    [3/4]
[INFO] --------------------------------[ jar ]---------------------------------
[INFO] Downloading from central: https://repo.maven.apache.org/maven2/io/netty/netty-all/4.1.86.Final/netty-all-4.1.86.Final.pom
[INFO] Downloaded from central: https://repo.maven.apache.org/maven2/io/netty/netty-all/4.1.86.Final/netty-all-4.1.86.Final.pom (34 kB at 484 kB/s)
[INFO] Downloading from central: https://repo.maven.apache.org/maven2/io/netty/netty-codec-haproxy/4.1.82.Final/netty-codec-haproxy-4.1.82.Final.pom
[INFO] Downloaded from central: https://repo.maven.apache.org/maven2/io/netty/netty-codec-haproxy/4.1.82.Final/netty-codec-haproxy-4.1.82.Final.pom (1.8 kB at 57 kB/s)
[INFO] Downloading from central: https://repo.maven.apache.org/maven2/io/netty/netty-codec-memcache/4.1.82.Final/netty-codec-memcache-4.1.82.Final.pom
[INFO] Downloaded from central: https://repo.maven.apache.org/maven2/io/netty/netty-codec-memcache/4.1.82.Final/netty-codec-memcache-4.1.82.Final.pom (2.0 kB at 60 kB/s)
[INFO] Downloading from central: https://repo.maven.apache.org/maven2/io/netty/netty-codec-mqtt/4.1.82.Final/netty-codec-mqtt-4.1.82.Final.pom
[INFO] Downloaded from central: https://repo.maven.apache.org/maven2/io/netty/netty-codec-mqtt/4.1.82.Final/netty-codec-mqtt-4.1.82.Final.pom (2.1 kB at 63 kB/s)
[INFO] Downloading from central: https://repo.maven.apache.org/maven2/io/netty/netty-codec-redis/4.1.82.Final/netty-codec-redis-4.1.82.Final.pom
[INFO] Downloaded from central: https://repo.maven.apache.org/maven2/io/netty/netty-codec-redis/4.1.82.Final/netty-codec-redis-4.1.82.Final.pom (2.0 kB at 68 kB/s)
[INFO] Downloading from central: https://repo.maven.apache.org/maven2/io/netty/netty-codec-smtp/4.1.82.Final/netty-codec-smtp-4.1.82.Final.pom
[INFO] Downloaded from central: https://repo.maven.apache.org/maven2/io/netty/netty-codec-smtp/4.1.82.Final/netty-codec-smtp-4.1.82.Final.pom (2.0 kB at 62 kB/s)
[INFO] Downloading from central: https://repo.maven.apache.org/maven2/io/netty/netty-codec-stomp/4.1.82.Final/netty-codec-stomp-4.1.82.Final.pom
[INFO] Downloaded from central: https://repo.maven.apache.org/maven2/io/netty/netty-codec-stomp/4.1.82.Final/netty-codec-stomp-4.1.82.Final.pom (2.0 kB at 55 kB/s)
[INFO] Downloading from central: https://repo.maven.apache.org/maven2/io/netty/netty-codec-xml/4.1.82.Final/netty-codec-xml-4.1.82.Final.pom
[INFO] Downloaded from central: https://repo.maven.apache.org/maven2/io/netty/netty-codec-xml/4.1.82.Final/netty-codec-xml-4.1.82.Final.pom (1.9 kB at 60 kB/s)
[INFO] Downloading from central: https://repo.maven.apache.org/maven2/io/netty/netty-handler-ssl-ocsp/4.1.86.Final/netty-handler-ssl-ocsp-4.1.86.Final.pom
[INFO] Downloaded from central: https://repo.maven.apache.org/maven2/io/netty/netty-handler-ssl-ocsp/4.1.86.Final/netty-handler-ssl-ocsp-4.1.86.Final.pom (2.0 kB at 63 kB/s)
[INFO] Downloading from central: https://repo.maven.apache.org/maven2/io/netty/netty-parent/4.1.86.Final/netty-parent-4.1.86.Final.pom
[INFO] Downloaded from central: https://repo.maven.apache.org/maven2/io/netty/netty-parent/4.1.86.Final/netty-parent-4.1.86.Final.pom (80 kB at 2.2 MB/s)
[INFO] Downloading from central: https://repo.maven.apache.org/maven2/io/netty/netty-transport-rxtx/4.1.82.Final/netty-transport-rxtx-4.1.82.Final.pom
[INFO] Downloaded from central: https://repo.maven.apache.org/maven2/io/netty/netty-transport-rxtx/4.1.82.Final/netty-transport-rxtx-4.1.82.Final.pom (1.8 kB at 52 kB/s)
[INFO] Downloading from central: https://repo.maven.apache.org/maven2/io/netty/netty-transport-sctp/4.1.82.Final/netty-transport-sctp-4.1.82.Final.pom
[INFO] Downloaded from central: https://repo.maven.apache.org/maven2/io/netty/netty-transport-sctp/4.1.82.Final/netty-transport-sctp-4.1.82.Final.pom (2.4 kB at 82 kB/s)
[INFO] Downloading from central: https://repo.maven.apache.org/maven2/io/netty/netty-transport-udt/4.1.82.Final/netty-transport-udt-4.1.82.Final.pom
[INFO] Downloaded from central: https://repo.maven.apache.org/maven2/io/netty/netty-transport-udt/4.1.82.Final/netty-transport-udt-4.1.82.Final.pom (2.7 kB at 89 kB/s)
[INFO] Downloading from central: https://repo.maven.apache.org/maven2/io/netty/netty-transport-classes-epoll/4.1.82.Final/netty-transport-classes-epoll-4.1.82.Final.pom
[INFO] Downloaded from central: https://repo.maven.apache.org/maven2/io/netty/netty-transport-classes-epoll/4.1.82.Final/netty-transport-classes-epoll-4.1.82.Final.pom (2.1 kB at 76 kB/s)
[INFO] Downloading from central: https://repo.maven.apache.org/maven2/io/netty/netty-transport-classes-kqueue/4.1.82.Final/netty-transport-classes-kqueue-4.1.82.Final.pom
[INFO] Downloaded from central: https://repo.maven.apache.org/maven2/io/netty/netty-transport-classes-kqueue/4.1.82.Final/netty-transport-classes-kqueue-4.1.82.Final.pom (2.1 kB at 71 kB/s)
[INFO] Downloading from central: https://repo.maven.apache.org/maven2/io/netty/netty-resolver-dns-classes-macos/4.1.82.Final/netty-resolver-dns-classes-macos-4.1.82.Final.pom
[INFO] Downloaded from central: https://repo.maven.apache.org/maven2/io/netty/netty-resolver-dns-classes-macos/4.1.82.Final/netty-resolver-dns-classes-macos-4.1.82.Final.pom (2.0 kB at 60 kB/s)
[INFO] Downloading from central: https://repo.maven.apache.org/maven2/io/netty/netty-transport-native-epoll/4.1.82.Final/netty-transport-native-epoll-4.1.82.Final.pom
[INFO] Downloaded from central: https://repo.maven.apache.org/maven2/io/netty/netty-transport-native-epoll/4.1.82.Final/netty-transport-native-epoll-4.1.82.Final.pom (19 kB at 633 kB/s)
[INFO] Downloading from central: https://repo.maven.apache.org/maven2/io/netty/netty-transport-native-kqueue/4.1.82.Final/netty-transport-native-kqueue-4.1.82.Final.pom
[INFO] Downloaded from central: https://repo.maven.apache.org/maven2/io/netty/netty-transport-native-kqueue/4.1.82.Final/netty-transport-native-kqueue-4.1.82.Final.pom (30 kB at 998 kB/s)
[INFO] Downloading from central: https://repo.maven.apache.org/maven2/io/netty/netty-resolver-dns-native-macos/4.1.82.Final/netty-resolver-dns-native-macos-4.1.82.Final.pom
[INFO] Downloaded from central: https://repo.maven.apache.org/maven2/io/netty/netty-resolver-dns-native-macos/4.1.82.Final/netty-resolver-dns-native-macos-4.1.82.Final.pom (18 kB at 545 kB/s)
[INFO] Downloading from central: https://repo.maven.apache.org/maven2/io/netty/netty-all/4.1.86.Final/netty-all-4.1.86.Final.jar
[INFO] Downloading from central: https://repo.maven.apache.org/maven2/io/netty/netty-codec-haproxy/4.1.82.Final/netty-codec-haproxy-4.1.82.Final.jar
[INFO] Downloading from central: https://repo.maven.apache.org/maven2/io/netty/netty-codec-memcache/4.1.82.Final/netty-codec-memcache-4.1.82.Final.jar
[INFO] Downloading from central: https://repo.maven.apache.org/maven2/io/netty/netty-codec-mqtt/4.1.82.Final/netty-codec-mqtt-4.1.82.Final.jar
[INFO] Downloading from central: https://repo.maven.apache.org/maven2/io/netty/netty-codec-redis/4.1.82.Final/netty-codec-redis-4.1.82.Final.jar
[INFO] Downloaded from central: https://repo.maven.apache.org/maven2/io/netty/netty-all/4.1.86.Final/netty-all-4.1.86.Final.jar (4.4 kB at 142 kB/s)
[INFO] Downloading from central: https://repo.maven.apache.org/maven2/io/netty/netty-codec-smtp/4.1.82.Final/netty-codec-smtp-4.1.82.Final.jar
[INFO] Downloaded from central: https://repo.maven.apache.org/maven2/io/netty/netty-codec-mqtt/4.1.82.Final/netty-codec-mqtt-4.1.82.Final.jar (99 kB at 1.9 MB/s)
[INFO] Downloading from central: https://repo.maven.apache.org/maven2/io/netty/netty-codec-stomp/4.1.82.Final/netty-codec-stomp-4.1.82.Final.jar
[INFO] Downloaded from central: https://repo.maven.apache.org/maven2/io/netty/netty-codec-redis/4.1.82.Final/netty-codec-redis-4.1.82.Final.jar (45 kB at 767 kB/s)
[INFO] Downloading from central: https://repo.maven.apache.org/maven2/io/netty/netty-codec-xml/4.1.82.Final/netty-codec-xml-4.1.82.Final.jar
[INFO] Downloaded from central: https://repo.maven.apache.org/maven2/io/netty/netty-codec-smtp/4.1.82.Final/netty-codec-smtp-4.1.82.Final.jar (20 kB at 337 kB/s)
[INFO] Downloading from central: https://repo.maven.apache.org/maven2/io/netty/netty-handler-ssl-ocsp/4.1.86.Final/netty-handler-ssl-ocsp-4.1.86.Final.jar
[INFO] Downloaded from central: https://repo.maven.apache.org/maven2/io/netty/netty-codec-memcache/4.1.82.Final/netty-codec-memcache-4.1.82.Final.jar (43 kB at 695 kB/s)
[INFO] Downloading from central: https://repo.maven.apache.org/maven2/io/netty/netty-transport-rxtx/4.1.82.Final/netty-transport-rxtx-4.1.82.Final.jar
[INFO] Downloaded from central: https://repo.maven.apache.org/maven2/io/netty/netty-codec-haproxy/4.1.82.Final/netty-codec-haproxy-4.1.82.Final.jar (36 kB at 525 kB/s)
[INFO] Downloading from central: https://repo.maven.apache.org/maven2/io/netty/netty-transport-sctp/4.1.82.Final/netty-transport-sctp-4.1.82.Final.jar
[INFO] Downloaded from central: https://repo.maven.apache.org/maven2/io/netty/netty-codec-stomp/4.1.82.Final/netty-codec-stomp-4.1.82.Final.jar (33 kB at 394 kB/s)
[INFO] Downloading from central: https://repo.maven.apache.org/maven2/io/netty/netty-transport-udt/4.1.82.Final/netty-transport-udt-4.1.82.Final.jar
[INFO] Downloaded from central: https://repo.maven.apache.org/maven2/io/netty/netty-handler-ssl-ocsp/4.1.86.Final/netty-handler-ssl-ocsp-4.1.86.Final.jar (26 kB at 298 kB/s)
[INFO] Downloading from central: https://repo.maven.apache.org/maven2/io/netty/netty-transport-classes-epoll/4.1.82.Final/netty-transport-classes-epoll-4.1.82.Final.jar
[INFO] Downloaded from central: https://repo.maven.apache.org/maven2/io/netty/netty-codec-xml/4.1.82.Final/netty-codec-xml-4.1.82.Final.jar (18 kB at 198 kB/s)
[INFO] Downloading from central: https://repo.maven.apache.org/maven2/io/netty/netty-transport-classes-kqueue/4.1.82.Final/netty-transport-classes-kqueue-4.1.82.Final.jar
[INFO] Downloaded from central: https://repo.maven.apache.org/maven2/io/netty/netty-transport-rxtx/4.1.82.Final/netty-transport-rxtx-4.1.82.Final.jar (18 kB at 187 kB/s)
[INFO] Downloading from central: https://repo.maven.apache.org/maven2/io/netty/netty-resolver-dns-classes-macos/4.1.82.Final/netty-resolver-dns-classes-macos-4.1.82.Final.jar
[INFO] Downloaded from central: https://repo.maven.apache.org/maven2/io/netty/netty-transport-udt/4.1.82.Final/netty-transport-udt-4.1.82.Final.jar (32 kB at 282 kB/s)
[INFO] Downloading from central: https://repo.maven.apache.org/maven2/io/netty/netty-transport-native-epoll/4.1.82.Final/netty-transport-native-epoll-4.1.82.Final-linux-x86_64.jar
[INFO] Downloaded from central: https://repo.maven.apache.org/maven2/io/netty/netty-transport-sctp/4.1.82.Final/netty-transport-sctp-4.1.82.Final.jar (49 kB at 425 kB/s)
[INFO] Downloading from central: https://repo.maven.apache.org/maven2/io/netty/netty-transport-native-epoll/4.1.82.Final/netty-transport-native-epoll-4.1.82.Final-linux-aarch_64.jar
[INFO] Downloaded from central: https://repo.maven.apache.org/maven2/io/netty/netty-transport-classes-epoll/4.1.82.Final/netty-transport-classes-epoll-4.1.82.Final.jar (142 kB at 1.2 MB/s)
[INFO] Downloading from central: https://repo.maven.apache.org/maven2/io/netty/netty-transport-native-kqueue/4.1.82.Final/netty-transport-native-kqueue-4.1.82.Final-osx-x86_64.jar
[INFO] Downloaded from central: https://repo.maven.apache.org/maven2/io/netty/netty-transport-classes-kqueue/4.1.82.Final/netty-transport-classes-kqueue-4.1.82.Final.jar (108 kB at 812 kB/s)
[INFO] Downloading from central: https://repo.maven.apache.org/maven2/io/netty/netty-transport-native-kqueue/4.1.82.Final/netty-transport-native-kqueue-4.1.82.Final-osx-aarch_64.jar
[INFO] Downloaded from central: https://repo.maven.apache.org/maven2/io/netty/netty-resolver-dns-classes-macos/4.1.82.Final/netty-resolver-dns-classes-macos-4.1.82.Final.jar (9.1 kB at 66 kB/s)
[INFO] Downloading from central: https://repo.maven.apache.org/maven2/io/netty/netty-resolver-dns-native-macos/4.1.82.Final/netty-resolver-dns-native-macos-4.1.82.Final-osx-x86_64.jar
[INFO] Downloaded from central: https://repo.maven.apache.org/maven2/io/netty/netty-transport-native-epoll/4.1.82.Final/netty-transport-native-epoll-4.1.82.Final-linux-aarch_64.jar (39 kB at 270 kB/s)
[INFO] Downloading from central: https://repo.maven.apache.org/maven2/io/netty/netty-resolver-dns-native-macos/4.1.82.Final/netty-resolver-dns-native-macos-4.1.82.Final-osx-aarch_64.jar
[INFO] Downloaded from central: https://repo.maven.apache.org/maven2/io/netty/netty-transport-native-kqueue/4.1.82.Final/netty-transport-native-kqueue-4.1.82.Final-osx-x86_64.jar (26 kB at 170 kB/s)
[INFO] Downloaded from central: https://repo.maven.apache.org/maven2/io/netty/netty-transport-native-epoll/4.1.82.Final/netty-transport-native-epoll-4.1.82.Final-linux-x86_64.jar (38 kB at 246 kB/s)
[INFO] Downloaded from central: https://repo.maven.apache.org/maven2/io/netty/netty-transport-native-kqueue/4.1.82.Final/netty-transport-native-kqueue-4.1.82.Final-osx-aarch_64.jar (25 kB at 153 kB/s)
[INFO] Downloaded from central: https://repo.maven.apache.org/maven2/io/netty/netty-resolver-dns-native-macos/4.1.82.Final/netty-resolver-dns-native-macos-4.1.82.Final-osx-x86_64.jar (19 kB at 110 kB/s)
[INFO] Downloaded from central: https://repo.maven.apache.org/maven2/io/netty/netty-resolver-dns-native-macos/4.1.82.Final/netty-resolver-dns-native-macos-4.1.82.Final-osx-aarch_64.jar (19 kB at 103 kB/s)
[INFO] 
[INFO] --- maven-clean-plugin:2.5:clean (default-clean) @ hertzbeat-remoting ---
[INFO] 
[INFO] >>> maven-pmd-plugin:3.12.0:check (validate) > :pmd @ hertzbeat-remoting >>>
[INFO] 
[INFO] --- maven-pmd-plugin:3.12.0:pmd (pmd) @ hertzbeat-remoting ---
[INFO] 
[INFO] <<< maven-pmd-plugin:3.12.0:check (validate) < :pmd @ hertzbeat-remoting <<<
[INFO] 
[INFO] 
[INFO] --- maven-pmd-plugin:3.12.0:check (validate) @ hertzbeat-remoting ---
[INFO] 
[INFO] 
[INFO] --- maven-resources-plugin:2.6:resources (default-resources) @ hertzbeat-remoting ---
[INFO] Using 'UTF-8' encoding to copy filtered resources.
[INFO] skip non existing resourceDirectory /home/srafi/after-cam-ready/compare_/compile_repair_output/work/50fde10d3824/remoting/src/main/resources
[INFO] 
[INFO] --- maven-compiler-plugin:3.8.1:compile (default-compile) @ hertzbeat-remoting ---
[INFO] Changes detected - recompiling the module!
[INFO] Compiling 12 source files to /home/srafi/after-cam-ready/compare_/compile_repair_output/work/50fde10d3824/remoting/target/classes
[INFO] 
[INFO] --- maven-resources-plugin:2.6:testResources (default-testResources) @ hertzbeat-remoting ---
[INFO] Using 'UTF-8' encoding to copy filtered resources.
[INFO] skip non existing resourceDirectory /home/srafi/after-cam-ready/compare_/compile_repair_output/work/50fde10d3824/remoting/src/test/resources
[INFO] 
[INFO] --- maven-compiler-plugin:3.8.1:testCompile (default-testCompile) @ hertzbeat-remoting ---
[INFO] Changes detected - recompiling the module!
[INFO] Compiling 1 source file to /home/srafi/after-cam-ready/compare_/compile_repair_output/work/50fde10d3824/remoting/target/test-classes
[INFO] 
[INFO] --- maven-surefire-plugin:3.0.0-M8-SNAPSHOT:test (default-test) @ hertzbeat-remoting ---
[INFO] Tests are skipped.
[INFO] 
[INFO] --- maven-jar-plugin:2.4:jar (default-jar) @ hertzbeat-remoting ---
[INFO] Building jar: /home/srafi/after-cam-ready/compare_/compile_repair_output/work/50fde10d3824/remoting/target/hertzbeat-remoting-1.0.jar
[INFO] 
[INFO] --- maven-install-plugin:2.4:install (default-install) @ hertzbeat-remoting ---
[INFO] Installing /home/srafi/after-cam-ready/compare_/compile_repair_output/work/50fde10d3824/remoting/target/hertzbeat-remoting-1.0.jar to /home/srafi/.m2/repository/org/dromara/hertzbeat/hertzbeat-remoting/1.0/hertzbeat-remoting-1.0.jar
[INFO] Installing /home/srafi/after-cam-ready/compare_/compile_repair_output/work/50fde10d3824/remoting/pom.xml to /home/srafi/.m2/repository/org/dromara/hertzbeat/hertzbeat-remoting/1.0/hertzbeat-remoting-1.0.pom
[INFO] 
[INFO] -------------< org.dromara.hertzbeat:hertzbeat-collector >--------------
[INFO] Building hertzbeat-collector 1.0                                   [4/4]
[INFO] --------------------------------[ jar ]---------------------------------
[INFO] Downloading from central: https://repo.maven.apache.org/maven2/io/netty/netty-all/4.1.82.Final/netty-all-4.1.82.Final.pom
[INFO] Downloaded from central: https://repo.maven.apache.org/maven2/io/netty/netty-all/4.1.82.Final/netty-all-4.1.82.Final.pom (33 kB at 625 kB/s)
[INFO] Downloading from central: https://repo.maven.apache.org/maven2/mysql/mysql-connector-java/8.0.30/mysql-connector-java-8.0.30.pom
[INFO] Downloaded from central: https://repo.maven.apache.org/maven2/mysql/mysql-connector-java/8.0.30/mysql-connector-java-8.0.30.pom (2.7 kB at 54 kB/s)
[INFO] Downloading from central: https://repo.maven.apache.org/maven2/cc/blynk/clickhouse/clickhouse4j/1.4.4/clickhouse4j-1.4.4.pom
[INFO] Downloaded from central: https://repo.maven.apache.org/maven2/cc/blynk/clickhouse/clickhouse4j/1.4.4/clickhouse4j-1.4.4.pom (12 kB at 40 kB/s)
[INFO] Downloading from central: https://repo.maven.apache.org/maven2/com/dameng/DmJdbcDriver18/8.1.2.141/DmJdbcDriver18-8.1.2.141.pom
[INFO] Downloaded from central: https://repo.maven.apache.org/maven2/com/dameng/DmJdbcDriver18/8.1.2.141/DmJdbcDriver18-8.1.2.141.pom (974 B at 21 kB/s)
[INFO] Downloading from central: https://repo.maven.apache.org/maven2/org/postgresql/postgresql/42.5.1/postgresql-42.5.1.pom
[INFO] Downloaded from central: https://repo.maven.apache.org/maven2/org/postgresql/postgresql/42.5.1/postgresql-42.5.1.pom (2.7 kB at 53 kB/s)
[INFO] Downloading from central: https://repo.maven.apache.org/maven2/org/apache/sshd/sshd-core/2.8.0/sshd-core-2.8.0.pom
[INFO] Downloaded from central: https://repo.maven.apache.org/maven2/org/apache/sshd/sshd-core/2.8.0/sshd-core-2.8.0.pom (12 kB at 228 kB/s)
[INFO] Downloading from central: https://repo.maven.apache.org/maven2/org/apache/sshd/sshd/2.8.0/sshd-2.8.0.pom
[INFO] Downloaded from central: https://repo.maven.apache.org/maven2/org/apache/sshd/sshd/2.8.0/sshd-2.8.0.pom (77 kB at 1.3 MB/s)
[INFO] Downloading from central: https://repo.maven.apache.org/maven2/org/apache/sshd/sshd-common/2.8.0/sshd-common-2.8.0.pom
[INFO] Downloaded from central: https://repo.maven.apache.org/maven2/org/apache/sshd/sshd-common/2.8.0/sshd-common-2.8.0.pom (4.7 kB at 98 kB/s)
[INFO] Downloading from central: https://repo.maven.apache.org/maven2/com/microsoft/sqlserver/mssql-jdbc/10.2.0.jre8/mssql-jdbc-10.2.0.jre8.pom
[INFO] Downloaded from central: https://repo.maven.apache.org/maven2/com/microsoft/sqlserver/mssql-jdbc/10.2.0.jre8/mssql-jdbc-10.2.0.jre8.pom (19 kB at 303 kB/s)
[INFO] Downloading from central: https://repo.maven.apache.org/maven2/com/oracle/database/jdbc/ojdbc8/21.5.0.0/ojdbc8-21.5.0.0.pom
[INFO] Downloaded from central: https://repo.maven.apache.org/maven2/com/oracle/database/jdbc/ojdbc8/21.5.0.0/ojdbc8-21.5.0.0.pom (1.5 kB at 27 kB/s)
[INFO] Downloading from central: https://repo.maven.apache.org/maven2/com/oracle/database/nls/orai18n/21.5.0.0/orai18n-21.5.0.0.pom
[INFO] Downloaded from central: https://repo.maven.apache.org/maven2/com/oracle/database/nls/orai18n/21.5.0.0/orai18n-21.5.0.0.pom (1.3 kB at 26 kB/s)
[INFO] Downloading from central: https://repo.maven.apache.org/maven2/io/lettuce/lettuce-core/6.1.9.RELEASE/lettuce-core-6.1.9.RELEASE.pom
[INFO] Downloaded from central: https://repo.maven.apache.org/maven2/io/lettuce/lettuce-core/6.1.9.RELEASE/lettuce-core-6.1.9.RELEASE.pom (7.1 kB at 168 kB/s)
[INFO] Downloading from central: https://repo.maven.apache.org/maven2/io/projectreactor/reactor-core/3.4.23/reactor-core-3.4.23.pom
[INFO] Downloaded from central: https://repo.maven.apache.org/maven2/io/projectreactor/reactor-core/3.4.23/reactor-core-3.4.23.pom (2.1 kB at 45 kB/s)
[INFO] Downloading from central: https://repo.maven.apache.org/maven2/org/mongodb/mongodb-driver-sync/4.6.1/mongodb-driver-sync-4.6.1.pom
[INFO] Downloaded from central: https://repo.maven.apache.org/maven2/org/mongodb/mongodb-driver-sync/4.6.1/mongodb-driver-sync-4.6.1.pom (1.7 kB at 34 kB/s)
[INFO] Downloading from central: https://repo.maven.apache.org/maven2/org/mongodb/bson/4.6.1/bson-4.6.1.pom
[INFO] Downloaded from central: https://repo.maven.apache.org/maven2/org/mongodb/bson/4.6.1/bson-4.6.1.pom (1.3 kB at 28 kB/s)
[INFO] Downloading from central: https://repo.maven.apache.org/maven2/org/mongodb/mongodb-driver-core/4.6.1/mongodb-driver-core-4.6.1.pom
[INFO] Downloaded from central: https://repo.maven.apache.org/maven2/org/mongodb/mongodb-driver-core/4.6.1/mongodb-driver-core-4.6.1.pom (3.3 kB at 74 kB/s)
[INFO] Downloading from central: https://repo.maven.apache.org/maven2/org/mongodb/bson-record-codec/4.6.1/bson-record-codec-4.6.1.pom
[INFO] Downloaded from central: https://repo.maven.apache.org/maven2/org/mongodb/bson-record-codec/4.6.1/bson-record-codec-4.6.1.pom (1.5 kB at 33 kB/s)
[INFO] Downloading from central: https://repo.maven.apache.org/maven2/org/snmp4j/snmp4j/3.6.7/snmp4j-3.6.7.pom
[INFO] Downloaded from central: https://repo.maven.apache.org/maven2/org/snmp4j/snmp4j/3.6.7/snmp4j-3.6.7.pom (11 kB at 235 kB/s)
[INFO] Downloading from central: https://repo.maven.apache.org/maven2/org/apache/rocketmq/rocketmq-tools/4.9.4/rocketmq-tools-4.9.4.pom
[INFO] Downloaded from central: https://repo.maven.apache.org/maven2/org/apache/rocketmq/rocketmq-tools/4.9.4/rocketmq-tools-4.9.4.pom (2.4 kB at 39 kB/s)
[INFO] Downloading from central: https://repo.maven.apache.org/maven2/org/apache/rocketmq/rocketmq-all/4.9.4/rocketmq-all-4.9.4.pom
[INFO] Downloaded from central: https://repo.maven.apache.org/maven2/org/apache/rocketmq/rocketmq-all/4.9.4/rocketmq-all-4.9.4.pom (31 kB at 591 kB/s)
[INFO] Downloading from central: https://repo.maven.apache.org/maven2/org/apache/rocketmq/rocketmq-client/4.9.4/rocketmq-client-4.9.4.pom
[INFO] Downloaded from central: https://repo.maven.apache.org/maven2/org/apache/rocketmq/rocketmq-client/4.9.4/rocketmq-client-4.9.4.pom (2.3 kB at 47 kB/s)
[INFO] Downloading from central: https://repo.maven.apache.org/maven2/org/apache/rocketmq/rocketmq-common/4.9.4/rocketmq-common-4.9.4.pom
[INFO] Downloaded from central: https://repo.maven.apache.org/maven2/org/apache/rocketmq/rocketmq-common/4.9.4/rocketmq-common-4.9.4.pom (2.1 kB at 45 kB/s)
[INFO] Downloading from central: https://repo.maven.apache.org/maven2/org/apache/rocketmq/rocketmq-remoting/4.9.4/rocketmq-remoting-4.9.4.pom
[INFO] Downloaded from central: https://repo.maven.apache.org/maven2/org/apache/rocketmq/rocketmq-remoting/4.9.4/rocketmq-remoting-4.9.4.pom (2.0 kB at 45 kB/s)
[INFO] Downloading from central: https://repo.maven.apache.org/maven2/com/alibaba/fastjson/1.2.69_noneautotype/fastjson-1.2.69_noneautotype.pom
[INFO] Downloaded from central: https://repo.maven.apache.org/maven2/com/alibaba/fastjson/1.2.69_noneautotype/fastjson-1.2.69_noneautotype.pom (21 kB at 400 kB/s)
[INFO] Downloading from central: https://repo.maven.apache.org/maven2/org/apache/rocketmq/rocketmq-logging/4.9.4/rocketmq-logging-4.9.4.pom
[INFO] Downloaded from central: https://repo.maven.apache.org/maven2/org/apache/rocketmq/rocketmq-logging/4.9.4/rocketmq-logging-4.9.4.pom (1.7 kB at 31 kB/s)
[INFO] Downloading from central: https://repo.maven.apache.org/maven2/com/github/luben/zstd-jni/1.5.2-2/zstd-jni-1.5.2-2.pom
[INFO] Downloaded from central: https://repo.maven.apache.org/maven2/com/github/luben/zstd-jni/1.5.2-2/zstd-jni-1.5.2-2.pom (1.9 kB at 42 kB/s)
[INFO] Downloading from central: https://repo.maven.apache.org/maven2/org/apache/rocketmq/rocketmq-acl/4.9.4/rocketmq-acl-4.9.4.pom
[INFO] Downloaded from central: https://repo.maven.apache.org/maven2/org/apache/rocketmq/rocketmq-acl/4.9.4/rocketmq-acl-4.9.4.pom (2.8 kB at 49 kB/s)
[INFO] Downloading from central: https://repo.maven.apache.org/maven2/org/apache/rocketmq/rocketmq-srvutil/4.9.4/rocketmq-srvutil-4.9.4.pom
[INFO] Downloaded from central: https://repo.maven.apache.org/maven2/org/apache/rocketmq/rocketmq-srvutil/4.9.4/rocketmq-srvutil-4.9.4.pom (1.8 kB at 38 kB/s)
[INFO] Downloading from central: https://repo.maven.apache.org/maven2/io/netty/netty-all/4.1.82.Final/netty-all-4.1.82.Final.jar
[INFO] Downloading from central: https://repo.maven.apache.org/maven2/mysql/mysql-connector-java/8.0.30/mysql-connector-java-8.0.30.jar
[INFO] Downloading from central: https://repo.maven.apache.org/maven2/cc/blynk/clickhouse/clickhouse4j/1.4.4/clickhouse4j-1.4.4.jar
[INFO] Downloading from central: https://repo.maven.apache.org/maven2/com/dameng/DmJdbcDriver18/8.1.2.141/DmJdbcDriver18-8.1.2.141.jar
[INFO] Downloading from central: https://repo.maven.apache.org/maven2/org/postgresql/postgresql/42.5.1/postgresql-42.5.1.jar
[INFO] Downloaded from central: https://repo.maven.apache.org/maven2/io/netty/netty-all/4.1.82.Final/netty-all-4.1.82.Final.jar (4.4 kB at 81 kB/s)
[INFO] Downloading from central: https://repo.maven.apache.org/maven2/org/apache/sshd/sshd-core/2.8.0/sshd-core-2.8.0.jar
[INFO] Downloaded from central: https://repo.maven.apache.org/maven2/org/postgresql/postgresql/42.5.1/postgresql-42.5.1.jar (1.0 MB at 16 MB/s)
[INFO] Downloading from central: https://repo.maven.apache.org/maven2/org/apache/sshd/sshd-common/2.8.0/sshd-common-2.8.0.jar
[INFO] Downloaded from central: https://repo.maven.apache.org/maven2/com/dameng/DmJdbcDriver18/8.1.2.141/DmJdbcDriver18-8.1.2.141.jar (1.0 MB at 14 MB/s)
[INFO] Downloading from central: https://repo.maven.apache.org/maven2/com/microsoft/sqlserver/mssql-jdbc/10.2.0.jre8/mssql-jdbc-10.2.0.jre8.jar
[INFO] Downloaded from central: https://repo.maven.apache.org/maven2/mysql/mysql-connector-java/8.0.30/mysql-connector-java-8.0.30.jar (2.5 MB at 23 MB/s)
[INFO] Downloading from central: https://repo.maven.apache.org/maven2/com/oracle/database/jdbc/ojdbc8/21.5.0.0/ojdbc8-21.5.0.0.jar
[INFO] Downloaded from central: https://repo.maven.apache.org/maven2/org/apache/sshd/sshd-common/2.8.0/sshd-common-2.8.0.jar (936 kB at 8.7 MB/s)
[INFO] Downloading from central: https://repo.maven.apache.org/maven2/com/oracle/database/nls/orai18n/21.5.0.0/orai18n-21.5.0.0.jar
[INFO] Downloaded from central: https://repo.maven.apache.org/maven2/org/apache/sshd/sshd-core/2.8.0/sshd-core-2.8.0.jar (910 kB at 8.1 MB/s)
[INFO] Downloading from central: https://repo.maven.apache.org/maven2/io/lettuce/lettuce-core/6.1.9.RELEASE/lettuce-core-6.1.9.RELEASE.jar
[INFO] Downloaded from central: https://repo.maven.apache.org/maven2/com/microsoft/sqlserver/mssql-jdbc/10.2.0.jre8/mssql-jdbc-10.2.0.jre8.jar (1.4 MB at 11 MB/s)
[INFO] Downloading from central: https://repo.maven.apache.org/maven2/io/projectreactor/reactor-core/3.4.23/reactor-core-3.4.23.jar
[INFO] Downloaded from central: https://repo.maven.apache.org/maven2/com/oracle/database/nls/orai18n/21.5.0.0/orai18n-21.5.0.0.jar (1.7 MB at 8.2 MB/s)
[INFO] Downloading from central: https://repo.maven.apache.org/maven2/org/mongodb/mongodb-driver-sync/4.6.1/mongodb-driver-sync-4.6.1.jar
[INFO] Downloaded from central: https://repo.maven.apache.org/maven2/io/lettuce/lettuce-core/6.1.9.RELEASE/lettuce-core-6.1.9.RELEASE.jar (1.8 MB at 2.9 MB/s)
[INFO] Downloaded from central: https://repo.maven.apache.org/maven2/io/projectreactor/reactor-core/3.4.23/reactor-core-3.4.23.jar (1.7 MB at 2.7 MB/s)
[INFO] Downloaded from central: https://repo.maven.apache.org/maven2/cc/blynk/clickhouse/clickhouse4j/1.4.4/clickhouse4j-1.4.4.jar (860 kB at 1.3 MB/s)
[INFO] Downloading from central: https://repo.maven.apache.org/maven2/org/mongodb/mongodb-driver-core/4.6.1/mongodb-driver-core-4.6.1.jar
[INFO] Downloading from central: https://repo.maven.apache.org/maven2/org/mongodb/bson/4.6.1/bson-4.6.1.jar
[INFO] Downloading from central: https://repo.maven.apache.org/maven2/org/mongodb/bson-record-codec/4.6.1/bson-record-codec-4.6.1.jar
[INFO] Downloaded from central: https://repo.maven.apache.org/maven2/com/oracle/database/jdbc/ojdbc8/21.5.0.0/ojdbc8-21.5.0.0.jar (5.1 MB at 7.7 MB/s)
[INFO] Downloading from central: https://repo.maven.apache.org/maven2/org/snmp4j/snmp4j/3.6.7/snmp4j-3.6.7.jar
[INFO] Downloaded from central: https://repo.maven.apache.org/maven2/org/mongodb/mongodb-driver-sync/4.6.1/mongodb-driver-sync-4.6.1.jar (145 kB at 218 kB/s)
[INFO] Downloading from central: https://repo.maven.apache.org/maven2/org/apache/rocketmq/rocketmq-tools/4.9.4/rocketmq-tools-4.9.4.jar
[INFO] Downloaded from central: https://repo.maven.apache.org/maven2/org/mongodb/bson-record-codec/4.6.1/bson-record-codec-4.6.1.jar (9.8 kB at 14 kB/s)
[INFO] Downloading from central: https://repo.maven.apache.org/maven2/org/apache/rocketmq/rocketmq-client/4.9.4/rocketmq-client-4.9.4.jar
[INFO] Downloaded from central: https://repo.maven.apache.org/maven2/org/mongodb/mongodb-driver-core/4.6.1/mongodb-driver-core-4.6.1.jar (1.6 MB at 2.3 MB/s)
[INFO] Downloading from central: https://repo.maven.apache.org/maven2/org/apache/rocketmq/rocketmq-common/4.9.4/rocketmq-common-4.9.4.jar
[INFO] Downloaded from central: https://repo.maven.apache.org/maven2/org/snmp4j/snmp4j/3.6.7/snmp4j-3.6.7.jar (633 kB at 910 kB/s)
[INFO] Downloading from central: https://repo.maven.apache.org/maven2/org/apache/rocketmq/rocketmq-acl/4.9.4/rocketmq-acl-4.9.4.jar
[INFO] Downloaded from central: https://repo.maven.apache.org/maven2/org/mongodb/bson/4.6.1/bson-4.6.1.jar (487 kB at 698 kB/s)
[INFO] Downloading from central: https://repo.maven.apache.org/maven2/org/apache/rocketmq/rocketmq-remoting/4.9.4/rocketmq-remoting-4.9.4.jar
[INFO] Downloaded from central: https://repo.maven.apache.org/maven2/org/apache/rocketmq/rocketmq-tools/4.9.4/rocketmq-tools-4.9.4.jar (252 kB at 359 kB/s)
[INFO] Downloading from central: https://repo.maven.apache.org/maven2/org/apache/rocketmq/rocketmq-logging/4.9.4/rocketmq-logging-4.9.4.jar
[INFO] Downloaded from central: https://repo.maven.apache.org/maven2/org/apache/rocketmq/rocketmq-client/4.9.4/rocketmq-client-4.9.4.jar (413 kB at 575 kB/s)
[INFO] Downloading from central: https://repo.maven.apache.org/maven2/org/apache/rocketmq/rocketmq-srvutil/4.9.4/rocketmq-srvutil-4.9.4.jar
[INFO] Downloaded from central: https://repo.maven.apache.org/maven2/org/apache/rocketmq/rocketmq-common/4.9.4/rocketmq-common-4.9.4.jar (314 kB at 430 kB/s)
[INFO] Downloading from central: https://repo.maven.apache.org/maven2/com/alibaba/fastjson/1.2.69_noneautotype/fastjson-1.2.69_noneautotype.jar
[INFO] Downloaded from central: https://repo.maven.apache.org/maven2/org/apache/rocketmq/rocketmq-acl/4.9.4/rocketmq-acl-4.9.4.jar (50 kB at 68 kB/s)
[INFO] Downloaded from central: https://repo.maven.apache.org/maven2/org/apache/rocketmq/rocketmq-logging/4.9.4/rocketmq-logging-4.9.4.jar (64 kB at 87 kB/s)
[INFO] Downloaded from central: https://repo.maven.apache.org/maven2/org/apache/rocketmq/rocketmq-remoting/4.9.4/rocketmq-remoting-4.9.4.jar (130 kB at 174 kB/s)
[INFO] Downloaded from central: https://repo.maven.apache.org/maven2/org/apache/rocketmq/rocketmq-srvutil/4.9.4/rocketmq-srvutil-4.9.4.jar (17 kB at 22 kB/s)
[INFO] Downloaded from central: https://repo.maven.apache.org/maven2/com/alibaba/fastjson/1.2.69_noneautotype/fastjson-1.2.69_noneautotype.jar (671 kB at 858 kB/s)
[INFO] 
[INFO] --- maven-clean-plugin:2.5:clean (default-clean) @ hertzbeat-collector ---
[INFO] 
[INFO] >>> maven-pmd-plugin:3.12.0:check (validate) > :pmd @ hertzbeat-collector >>>
[INFO] 
[INFO] --- maven-pmd-plugin:3.12.0:pmd (pmd) @ hertzbeat-collector ---
[INFO] 
[INFO] <<< maven-pmd-plugin:3.12.0:check (validate) < :pmd @ hertzbeat-collector <<<
[INFO] 
[INFO] 
[INFO] --- maven-pmd-plugin:3.12.0:check (validate) @ hertzbeat-collector ---
[INFO] 
[INFO] 
[INFO] --- maven-resources-plugin:2.6:resources (default-resources) @ hertzbeat-collector ---
[INFO] Using 'UTF-8' encoding to copy filtered resources.
[INFO] Copying 5 resources
[INFO] 
[INFO] --- maven-compiler-plugin:3.8.1:compile (default-compile) @ hertzbeat-collector ---
[INFO] Changes detected - recompiling the module!
[INFO] Compiling 74 source files to /home/srafi/after-cam-ready/compare_/compile_repair_output/work/50fde10d3824/collector/target/classes
[INFO] /home/srafi/after-cam-ready/compare_/compile_repair_output/work/50fde10d3824/collector/src/main/java/org/dromara/hertzbeat/collector/collect/http/SslCertificateCollectImpl.java: Some input files use or override a deprecated API.
[INFO] /home/srafi/after-cam-ready/compare_/compile_repair_output/work/50fde10d3824/collector/src/main/java/org/dromara/hertzbeat/collector/collect/http/SslCertificateCollectImpl.java: Recompile with -Xlint:deprecation for details.
[INFO] /home/srafi/after-cam-ready/compare_/compile_repair_output/work/50fde10d3824/collector/src/main/java/org/dromara/hertzbeat/collector/dispatch/MetricsCollect.java: Some input files use unchecked or unsafe operations.
[INFO] /home/srafi/after-cam-ready/compare_/compile_repair_output/work/50fde10d3824/collector/src/main/java/org/dromara/hertzbeat/collector/dispatch/MetricsCollect.java: Recompile with -Xlint:unchecked for details.
[INFO] 
[INFO] --- maven-resources-plugin:2.6:testResources (default-testResources) @ hertzbeat-collector ---
[INFO] Using 'UTF-8' encoding to copy filtered resources.
[INFO] skip non existing resourceDirectory /home/srafi/after-cam-ready/compare_/compile_repair_output/work/50fde10d3824/collector/src/test/resources
[INFO] 
[INFO] --- maven-compiler-plugin:3.8.1:testCompile (default-testCompile) @ hertzbeat-collector ---
[INFO] Changes detected - recompiling the module!
[INFO] Compiling 23 source files to /home/srafi/after-cam-ready/compare_/compile_repair_output/work/50fde10d3824/collector/target/test-classes
[INFO] 
[INFO] --- maven-surefire-plugin:3.0.0-M8-SNAPSHOT:test (default-test) @ hertzbeat-collector ---
[INFO] Tests are skipped.
[INFO] 
[INFO] --- maven-jar-plugin:3.2.0:jar (default-jar) @ hertzbeat-collector ---
[INFO] Building jar: /home/srafi/after-cam-ready/compare_/compile_repair_output/work/50fde10d3824/collector/target/hertzbeat-collector.jar
[INFO] 
[INFO] --- maven-install-plugin:2.4:install (default-install) @ hertzbeat-collector ---
[INFO] Installing /home/srafi/after-cam-ready/compare_/compile_repair_output/work/50fde10d3824/collector/target/hertzbeat-collector.jar to /home/srafi/.m2/repository/org/dromara/hertzbeat/hertzbeat-collector/1.0/hertzbeat-collector-1.0.jar
[INFO] Installing /home/srafi/after-cam-ready/compare_/compile_repair_output/work/50fde10d3824/collector/pom.xml to /home/srafi/.m2/repository/org/dromara/hertzbeat/hertzbeat-collector/1.0/hertzbeat-collector-1.0.pom
[INFO] ------------------------------------------------------------------------
[INFO] Reactor Summary for hertzbeat 1.0:
[INFO] 
[INFO] hertzbeat .......................................... SUCCESS [  0.521 s]
[INFO] hertzbeat-common ................................... SUCCESS [  8.460 s]
[INFO] hertzbeat-remoting ................................. SUCCESS [  1.693 s]
[INFO] hertzbeat-collector ................................ SUCCESS [  6.199 s]
[INFO] ------------------------------------------------------------------------
[INFO] BUILD SUCCESS
[INFO] ------------------------------------------------------------------------
[INFO] Total time:  17.034 s
[INFO] Finished at: 2026-08-15T16:14:45-04:00
[INFO] ------------------------------------------------------------------------
