JAVA_HOME=/usr/lib/jvm/java-8-openjdk-amd64
COMMAND=mvn -B clean install -DskipTests -U -Ddependency-check.skip=true -Dgpg.skip=true -DfailIfNoTests=false -Dskip.installnodenpm=true -Dskip.npm=true -Dskip.yarn=true -Dlicense.skip=true -Dcheckstyle.skip=true -Drat.skip=true -Denforcer.skip=true -Danimal.sniffer.skip=true -Dmaven.javadoc.skip=true -Dfindbugs.skip=true -Dspotbugs.skip=true -Dwarbucks.skip=true -Dmodernizer.skip=true -Dimpsort.skip=true -Dmdep.analyze.skip=true -Dpgpverify.skip=true -Dxml.skip=true -Dcobertura.skip=true

[INFO] Scanning for projects...
[INFO] 
[INFO] -------------------< nl.hsac:hsac-fitnesse-fixtures >-------------------
[INFO] Building HSAC's FitNesse Fixtures 3.30.3-SNAPSHOT
[INFO] --------------------------------[ jar ]---------------------------------
[INFO] 
[INFO] --- maven-clean-plugin:3.0.0:clean (default-clean) @ hsac-fitnesse-fixtures ---
[INFO] Deleting /home/srafi/after-cam-ready/compare_/compile_repair_output/work/04a777766092/wiki/FitNesseRoot/files (includes = [screenshots/**, pagesources/**, downloads/**, galen-reports/**], excludes = [])
[INFO] 
[INFO] --- webdriverextensions-maven-plugin:3.1.2:install-drivers (default) @ hsac-fitnesse-fixtures ---
[INFO] Installation directory "/home/srafi/after-cam-ready/compare_/compile_repair_output/work/04a777766092/wiki/webdrivers"
[INFO] Installing drivers from configuration
[INFO] internetexplorerdriver-windows-32bit version 3.14.0
[INFO]   Downloading "https://selenium-release.storage.googleapis.com/3.14/IEDriverServer_Win32_3.14.0.zip" to "/tmp/webdriverextensions-maven-plugin/downloads/internetexplorerdriver-windows-32bit-3.14.0/IEDriverServer_Win32_3.14.0.zip"
[INFO]   Extracting "/tmp/webdriverextensions-maven-plugin/downloads/internetexplorerdriver-windows-32bit-3.14.0/IEDriverServer_Win32_3.14.0.zip" to temp folder
[INFO]   Moving "/tmp/webdriverextensions-maven-plugin/temp/IEDriverServer.exe" to "/home/srafi/after-cam-ready/compare_/compile_repair_output/work/04a777766092/wiki/webdrivers/internetexplorerdriver-windows-32bit.exe"
[INFO] edgedriver-windows-64bit version 6.17134
[INFO]   Downloading "https://download.microsoft.com/download/F/8/A/F8AF50AB-3C3A-4BC4-8773-DC27B32988DD/MicrosoftWebDriver.exe" to "/tmp/webdriverextensions-maven-plugin/downloads/edgedriver-windows-64bit-6.17134/MicrosoftWebDriver.exe"
[INFO]   Copying "/tmp/webdriverextensions-maven-plugin/downloads/edgedriver-windows-64bit-6.17134/MicrosoftWebDriver.exe" to temp folder
[INFO]   Moving "/tmp/webdriverextensions-maven-plugin/temp/MicrosoftWebDriver.exe" to "/home/srafi/after-cam-ready/compare_/compile_repair_output/work/04a777766092/wiki/webdrivers/edgedriver-windows-64bit.exe"
[INFO] chromedriver-windows-32bit version 2.44.0
[INFO]   Downloading "https://chromedriver.storage.googleapis.com/2.44/chromedriver_win32.zip" to "/tmp/webdriverextensions-maven-plugin/downloads/chromedriver-windows-32bit-2.44.0/chromedriver_win32.zip"
[INFO]   Extracting "/tmp/webdriverextensions-maven-plugin/downloads/chromedriver-windows-32bit-2.44.0/chromedriver_win32.zip" to temp folder
[INFO]   Moving "/tmp/webdriverextensions-maven-plugin/temp/chromedriver.exe" to "/home/srafi/after-cam-ready/compare_/compile_repair_output/work/04a777766092/wiki/webdrivers/chromedriver-windows-32bit.exe"
[INFO] chromedriver-mac-64bit version 2.44.0
[INFO]   Downloading "https://chromedriver.storage.googleapis.com/2.44/chromedriver_mac64.zip" to "/tmp/webdriverextensions-maven-plugin/downloads/chromedriver-mac-64bit-2.44.0/chromedriver_mac64.zip"
[INFO]   Extracting "/tmp/webdriverextensions-maven-plugin/downloads/chromedriver-mac-64bit-2.44.0/chromedriver_mac64.zip" to temp folder
[INFO]   Moving "/tmp/webdriverextensions-maven-plugin/temp/chromedriver" to "/home/srafi/after-cam-ready/compare_/compile_repair_output/work/04a777766092/wiki/webdrivers/chromedriver-mac-64bit"
[INFO] chromedriver-linux-64bit version 2.44.0
[INFO]   Downloading "https://chromedriver.storage.googleapis.com/2.44/chromedriver_linux64.zip" to "/tmp/webdriverextensions-maven-plugin/downloads/chromedriver-linux-64bit-2.44.0/chromedriver_linux64.zip"
[INFO]   Extracting "/tmp/webdriverextensions-maven-plugin/downloads/chromedriver-linux-64bit-2.44.0/chromedriver_linux64.zip" to temp folder
[INFO]   Moving "/tmp/webdriverextensions-maven-plugin/temp/chromedriver" to "/home/srafi/after-cam-ready/compare_/compile_repair_output/work/04a777766092/wiki/webdrivers/chromedriver-linux-64bit"
[INFO] geckodriver-windows-64bit version 0.23.0
[INFO]   Downloading "https://github.com/mozilla/geckodriver/releases/download/v0.23.0/geckodriver-v0.23.0-win64.zip" to "/tmp/webdriverextensions-maven-plugin/downloads/geckodriver-windows-64bit-0.23.0/geckodriver-v0.23.0-win64.zip"
[INFO]   Extracting "/tmp/webdriverextensions-maven-plugin/downloads/geckodriver-windows-64bit-0.23.0/geckodriver-v0.23.0-win64.zip" to temp folder
[INFO]   Moving "/tmp/webdriverextensions-maven-plugin/temp/geckodriver.exe" to "/home/srafi/after-cam-ready/compare_/compile_repair_output/work/04a777766092/wiki/webdrivers/geckodriver-windows-64bit.exe"
[INFO] geckodriver-mac-64bit version 0.23.0
[INFO]   Downloading "https://github.com/mozilla/geckodriver/releases/download/v0.23.0/geckodriver-v0.23.0-macos.tar.gz" to "/tmp/webdriverextensions-maven-plugin/downloads/geckodriver-mac-64bit-0.23.0/geckodriver-v0.23.0-macos.tar.gz"
[INFO]   Extracting "/tmp/webdriverextensions-maven-plugin/downloads/geckodriver-mac-64bit-0.23.0/geckodriver-v0.23.0-macos.tar.gz" to temp folder
[INFO]   Moving "/tmp/webdriverextensions-maven-plugin/temp/geckodriver" to "/home/srafi/after-cam-ready/compare_/compile_repair_output/work/04a777766092/wiki/webdrivers/geckodriver-mac-64bit"
[INFO] 
[INFO] --- maven-dependency-plugin:3.0.0:copy (copy-fitnesse-standalone) @ hsac-fitnesse-fixtures ---
[INFO] Configured Artifact: org.fitnesse:fitnesse:standalone:?:jar
[INFO] Copying fitnesse-20180127-standalone.jar to /home/srafi/after-cam-ready/compare_/compile_repair_output/work/04a777766092/wiki/fitnesse-standalone.jar
[INFO] 
[INFO] --- maven-dependency-plugin:3.0.0:copy (copy-plugins) @ hsac-fitnesse-fixtures ---
[INFO] Configured Artifact: nl.hsac:hsac-fitnesse-plugin:1.24.0:jar
[INFO] Configured Artifact: org.fitnesse.plugins:maven-classpath-plugin:jar-with-dependencies:1.9:jar
[INFO] Copying hsac-fitnesse-plugin-1.24.0.jar to /home/srafi/after-cam-ready/compare_/compile_repair_output/work/04a777766092/wiki/plugins/hsac-fitnesse-plugin-1.24.0.jar
[INFO] Copying maven-classpath-plugin-1.9-jar-with-dependencies.jar to /home/srafi/after-cam-ready/compare_/compile_repair_output/work/04a777766092/wiki/plugins/maven-classpath-plugin-1.9-jar-with-dependencies.jar
[INFO] 
[INFO] --- maven-resources-plugin:2.6:resources (default-resources) @ hsac-fitnesse-fixtures ---
[INFO] Using 'UTF-8' encoding to copy filtered resources.
[INFO] Copying 6 resources
[INFO] 
[INFO] --- maven-compiler-plugin:3.6.1:compile (default-compile) @ hsac-fitnesse-fixtures ---
[INFO] Changes detected - recompiling the module!
[INFO] Compiling 182 source files to /home/srafi/after-cam-ready/compare_/compile_repair_output/work/04a777766092/wiki/fixtures
[WARNING] /home/srafi/after-cam-ready/compare_/compile_repair_output/work/04a777766092/src/main/java/nl/hsac/fitnesse/fixture/util/selenium/driverfactory/LocalDriverFactory.java:[47,26] ChromeDriver(org.openqa.selenium.Capabilities) in org.openqa.selenium.chrome.ChromeDriver has been deprecated
[INFO] /home/srafi/after-cam-ready/compare_/compile_repair_output/work/04a777766092/src/main/java/nl/hsac/fitnesse/fixture/util/ReflectionHelper.java: Some input files use unchecked or unsafe operations.
[INFO] /home/srafi/after-cam-ready/compare_/compile_repair_output/work/04a777766092/src/main/java/nl/hsac/fitnesse/fixture/util/ReflectionHelper.java: Recompile with -Xlint:unchecked for details.
[INFO] 
[INFO] --- maven-resources-plugin:2.6:testResources (default-testResources) @ hsac-fitnesse-fixtures ---
[INFO] Using 'UTF-8' encoding to copy filtered resources.
[INFO] Copying 57 resources
[INFO] 
[INFO] --- maven-compiler-plugin:3.6.1:testCompile (default-testCompile) @ hsac-fitnesse-fixtures ---
[INFO] Changes detected - recompiling the module!
[INFO] Compiling 56 source files to /home/srafi/after-cam-ready/compare_/compile_repair_output/work/04a777766092/target/test-classes
[INFO] /home/srafi/after-cam-ready/compare_/compile_repair_output/work/04a777766092/src/test/java/nl/hsac/fitnesse/fixture/slim/HttpTestTest.java: Some input files use unchecked or unsafe operations.
[INFO] /home/srafi/after-cam-ready/compare_/compile_repair_output/work/04a777766092/src/test/java/nl/hsac/fitnesse/fixture/slim/HttpTestTest.java: Recompile with -Xlint:unchecked for details.
[INFO] 
[INFO] --- maven-failsafe-plugin:3.0.0-M8-SNAPSHOT:integration-test (generate-suite) @ hsac-fitnesse-fixtures ---
[INFO] Downloading from apache.snapshots: https://repository.apache.org/snapshots/org/apache/maven/surefire/maven-surefire-common/3.0.0-M8-SNAPSHOT/maven-metadata.xml
[INFO] Downloading from apache.snapshots: https://repository.apache.org/snapshots/org/apache/maven/surefire/surefire-api/3.0.0-M8-SNAPSHOT/maven-metadata.xml
[INFO] Downloading from apache.snapshots: https://repository.apache.org/snapshots/org/apache/maven/surefire/surefire-logger-api/3.0.0-M8-SNAPSHOT/maven-metadata.xml
[INFO] Downloading from apache.snapshots: https://repository.apache.org/snapshots/org/apache/maven/surefire/surefire-shared-utils/3.0.0-M8-SNAPSHOT/maven-metadata.xml
[INFO] Downloading from apache.snapshots: https://repository.apache.org/snapshots/org/apache/maven/surefire/surefire-extensions-api/3.0.0-M8-SNAPSHOT/maven-metadata.xml
[INFO] Downloading from apache.snapshots: https://repository.apache.org/snapshots/org/apache/maven/surefire/surefire-booter/3.0.0-M8-SNAPSHOT/maven-metadata.xml
[INFO] Downloading from apache.snapshots: https://repository.apache.org/snapshots/org/apache/maven/surefire/surefire-extensions-spi/3.0.0-M8-SNAPSHOT/maven-metadata.xml
[INFO] Tests are skipped.
[INFO] 
[INFO] --- maven-surefire-plugin:3.0.0-M8-SNAPSHOT:test (default-test) @ hsac-fitnesse-fixtures ---
[INFO] Tests are skipped.
[INFO] 
[INFO] --- maven-jar-plugin:2.4:jar (default-jar) @ hsac-fitnesse-fixtures ---
[INFO] Building jar: /home/srafi/after-cam-ready/compare_/compile_repair_output/work/04a777766092/target/hsac-fitnesse-fixtures-3.30.3-SNAPSHOT.jar
[INFO] 
[INFO] --- maven-dependency-plugin:3.0.0:copy-dependencies (copy-dependencies-to-wiki-fixtures) @ hsac-fitnesse-fixtures ---
[INFO] Copying jackson-core-2.9.5.jar to /home/srafi/after-cam-ready/compare_/compile_repair_output/work/04a777766092/wiki/fixtures/jackson-core-2.9.5.jar
[INFO] Copying phantomjsdriver-1.4.4.jar to /home/srafi/after-cam-ready/compare_/compile_repair_output/work/04a777766092/wiki/fixtures/phantomjsdriver-1.4.4.jar
[INFO] Copying json-smart-2.3.jar to /home/srafi/after-cam-ready/compare_/compile_repair_output/work/04a777766092/wiki/fixtures/json-smart-2.3.jar
[INFO] Copying jsr305-1.3.9.jar to /home/srafi/after-cam-ready/compare_/compile_repair_output/work/04a777766092/wiki/fixtures/jsr305-1.3.9.jar
[INFO] Copying byte-buddy-1.8.15.jar to /home/srafi/after-cam-ready/compare_/compile_repair_output/work/04a777766092/wiki/fixtures/byte-buddy-1.8.15.jar
[INFO] Copying checker-compat-qual-2.0.0.jar to /home/srafi/after-cam-ready/compare_/compile_repair_output/work/04a777766092/wiki/fixtures/checker-compat-qual-2.0.0.jar
[INFO] Copying httpcore-4.4.10.jar to /home/srafi/after-cam-ready/compare_/compile_repair_output/work/04a777766092/wiki/fixtures/httpcore-4.4.10.jar
[INFO] Copying selenium-ie-driver-3.141.59.jar to /home/srafi/after-cam-ready/compare_/compile_repair_output/work/04a777766092/wiki/fixtures/selenium-ie-driver-3.141.59.jar
[INFO] Copying j2objc-annotations-1.1.jar to /home/srafi/after-cam-ready/compare_/compile_repair_output/work/04a777766092/wiki/fixtures/j2objc-annotations-1.1.jar
[INFO] Copying animal-sniffer-annotations-1.14.jar to /home/srafi/after-cam-ready/compare_/compile_repair_output/work/04a777766092/wiki/fixtures/animal-sniffer-annotations-1.14.jar
[INFO] Copying selenium-api-3.141.59.jar to /home/srafi/after-cam-ready/compare_/compile_repair_output/work/04a777766092/wiki/fixtures/selenium-api-3.141.59.jar
[INFO] Copying accessors-smart-1.2.jar to /home/srafi/after-cam-ready/compare_/compile_repair_output/work/04a777766092/wiki/fixtures/accessors-smart-1.2.jar
[INFO] Copying selenium-java-3.141.59.jar to /home/srafi/after-cam-ready/compare_/compile_repair_output/work/04a777766092/wiki/fixtures/selenium-java-3.141.59.jar
[INFO] Copying selenium-chrome-driver-3.141.59.jar to /home/srafi/after-cam-ready/compare_/compile_repair_output/work/04a777766092/wiki/fixtures/selenium-chrome-driver-3.141.59.jar
[INFO] Copying selenium-edge-driver-3.141.59.jar to /home/srafi/after-cam-ready/compare_/compile_repair_output/work/04a777766092/wiki/fixtures/selenium-edge-driver-3.141.59.jar
[INFO] Copying selenium-opera-driver-3.141.59.jar to /home/srafi/after-cam-ready/compare_/compile_repair_output/work/04a777766092/wiki/fixtures/selenium-opera-driver-3.141.59.jar
[INFO] Copying commons-exec-1.3.jar to /home/srafi/after-cam-ready/compare_/compile_repair_output/work/04a777766092/wiki/fixtures/commons-exec-1.3.jar
[INFO] Copying galen-rainbow4j-2.4.0.jar to /home/srafi/after-cam-ready/compare_/compile_repair_output/work/04a777766092/wiki/fixtures/galen-rainbow4j-2.4.0.jar
[INFO] Copying commons-text-1.6.jar to /home/srafi/after-cam-ready/compare_/compile_repair_output/work/04a777766092/wiki/fixtures/commons-text-1.6.jar
[INFO] Copying commons-cli-1.2.jar to /home/srafi/after-cam-ready/compare_/compile_repair_output/work/04a777766092/wiki/fixtures/commons-cli-1.2.jar
[INFO] Copying commons-codec-1.10.jar to /home/srafi/after-cam-ready/compare_/compile_repair_output/work/04a777766092/wiki/fixtures/commons-codec-1.10.jar
[INFO] Copying httpmime-4.5.6.jar to /home/srafi/after-cam-ready/compare_/compile_repair_output/work/04a777766092/wiki/fixtures/httpmime-4.5.6.jar
[INFO] Copying error_prone_annotations-2.1.3.jar to /home/srafi/after-cam-ready/compare_/compile_repair_output/work/04a777766092/wiki/fixtures/error_prone_annotations-2.1.3.jar
[INFO] Copying jcl-over-slf4j-1.7.25.jar to /home/srafi/after-cam-ready/compare_/compile_repair_output/work/04a777766092/wiki/fixtures/jcl-over-slf4j-1.7.25.jar
[INFO] Copying guava-25.0-jre.jar to /home/srafi/after-cam-ready/compare_/compile_repair_output/work/04a777766092/wiki/fixtures/guava-25.0-jre.jar
[INFO] Copying asm-5.0.4.jar to /home/srafi/after-cam-ready/compare_/compile_repair_output/work/04a777766092/wiki/fixtures/asm-5.0.4.jar
[INFO] Copying galen-core-2.4.0.jar to /home/srafi/after-cam-ready/compare_/compile_repair_output/work/04a777766092/wiki/fixtures/galen-core-2.4.0.jar
[INFO] Copying commons-lang3-3.8.1.jar to /home/srafi/after-cam-ready/compare_/compile_repair_output/work/04a777766092/wiki/fixtures/commons-lang3-3.8.1.jar
[INFO] Copying okio-1.14.0.jar to /home/srafi/after-cam-ready/compare_/compile_repair_output/work/04a777766092/wiki/fixtures/okio-1.14.0.jar
[INFO] Copying json-path-2.4.0.jar to /home/srafi/after-cam-ready/compare_/compile_repair_output/work/04a777766092/wiki/fixtures/json-path-2.4.0.jar
[INFO] Copying commons-io-2.4.jar to /home/srafi/after-cam-ready/compare_/compile_repair_output/work/04a777766092/wiki/fixtures/commons-io-2.4.jar
[INFO] Copying jackson-annotations-2.9.0.jar to /home/srafi/after-cam-ready/compare_/compile_repair_output/work/04a777766092/wiki/fixtures/jackson-annotations-2.9.0.jar
[INFO] Copying slf4j-simple-1.7.25.jar to /home/srafi/after-cam-ready/compare_/compile_repair_output/work/04a777766092/wiki/fixtures/slf4j-simple-1.7.25.jar
[INFO] Copying gson-2.8.5.jar to /home/srafi/after-cam-ready/compare_/compile_repair_output/work/04a777766092/wiki/fixtures/gson-2.8.5.jar
[INFO] Copying rhino-1.7.7.2.jar to /home/srafi/after-cam-ready/compare_/compile_repair_output/work/04a777766092/wiki/fixtures/rhino-1.7.7.2.jar
[INFO] Copying selenium-support-3.141.59.jar to /home/srafi/after-cam-ready/compare_/compile_repair_output/work/04a777766092/wiki/fixtures/selenium-support-3.141.59.jar
[INFO] Copying freemarker-2.3.28.jar to /home/srafi/after-cam-ready/compare_/compile_repair_output/work/04a777766092/wiki/fixtures/freemarker-2.3.28.jar
[INFO] Copying diff-1.1.11.jar to /home/srafi/after-cam-ready/compare_/compile_repair_output/work/04a777766092/wiki/fixtures/diff-1.1.11.jar
[INFO] Copying slf4j-api-1.7.25.jar to /home/srafi/after-cam-ready/compare_/compile_repair_output/work/04a777766092/wiki/fixtures/slf4j-api-1.7.25.jar
[INFO] Copying selenium-firefox-driver-3.141.59.jar to /home/srafi/after-cam-ready/compare_/compile_repair_output/work/04a777766092/wiki/fixtures/selenium-firefox-driver-3.141.59.jar
[INFO] Copying httpclient-4.5.6.jar to /home/srafi/after-cam-ready/compare_/compile_repair_output/work/04a777766092/wiki/fixtures/httpclient-4.5.6.jar
[INFO] Copying selenium-safari-driver-3.141.59.jar to /home/srafi/after-cam-ready/compare_/compile_repair_output/work/04a777766092/wiki/fixtures/selenium-safari-driver-3.141.59.jar
[INFO] Copying snakeyaml-1.23.jar to /home/srafi/after-cam-ready/compare_/compile_repair_output/work/04a777766092/wiki/fixtures/snakeyaml-1.23.jar
[INFO] Copying cglib-nodep-3.2.9.jar to /home/srafi/after-cam-ready/compare_/compile_repair_output/work/04a777766092/wiki/fixtures/cglib-nodep-3.2.9.jar
[INFO] Copying okhttp-3.11.0.jar to /home/srafi/after-cam-ready/compare_/compile_repair_output/work/04a777766092/wiki/fixtures/okhttp-3.11.0.jar
[INFO] Copying jackson-databind-2.9.5.jar to /home/srafi/after-cam-ready/compare_/compile_repair_output/work/04a777766092/wiki/fixtures/jackson-databind-2.9.5.jar
[INFO] Copying selenium-remote-driver-3.141.59.jar to /home/srafi/after-cam-ready/compare_/compile_repair_output/work/04a777766092/wiki/fixtures/selenium-remote-driver-3.141.59.jar
[INFO] Copying commons-net-3.6.jar to /home/srafi/after-cam-ready/compare_/compile_repair_output/work/04a777766092/wiki/fixtures/commons-net-3.6.jar
[INFO] 
[INFO] --- maven-assembly-plugin:3.0.0:single (create-standalone-zip) @ hsac-fitnesse-fixtures ---
[INFO] Reading assembly descriptor: src/assembly/standalone.xml
[INFO] Building zip: /home/srafi/after-cam-ready/compare_/compile_repair_output/work/04a777766092/target/hsac-fitnesse-fixtures-3.30.3-SNAPSHOT-standalone.zip
[INFO] 
[INFO] --- maven-failsafe-plugin:3.0.0-M8-SNAPSHOT:integration-test (run-fitnesse-tests) @ hsac-fitnesse-fixtures ---
[INFO] Tests are skipped.
[INFO] 
[INFO] --- maven-install-plugin:2.4:install (default-install) @ hsac-fitnesse-fixtures ---
[INFO] Installing /home/srafi/after-cam-ready/compare_/compile_repair_output/work/04a777766092/target/hsac-fitnesse-fixtures-3.30.3-SNAPSHOT.jar to /home/srafi/.m2/repository/nl/hsac/hsac-fitnesse-fixtures/3.30.3-SNAPSHOT/hsac-fitnesse-fixtures-3.30.3-SNAPSHOT.jar
[INFO] Installing /home/srafi/after-cam-ready/compare_/compile_repair_output/work/04a777766092/pom.xml to /home/srafi/.m2/repository/nl/hsac/hsac-fitnesse-fixtures/3.30.3-SNAPSHOT/hsac-fitnesse-fixtures-3.30.3-SNAPSHOT.pom
[INFO] Installing /home/srafi/after-cam-ready/compare_/compile_repair_output/work/04a777766092/target/hsac-fitnesse-fixtures-3.30.3-SNAPSHOT-standalone.zip to /home/srafi/.m2/repository/nl/hsac/hsac-fitnesse-fixtures/3.30.3-SNAPSHOT/hsac-fitnesse-fixtures-3.30.3-SNAPSHOT-standalone.zip
[INFO] ------------------------------------------------------------------------
[INFO] BUILD SUCCESS
[INFO] ------------------------------------------------------------------------
[INFO] Total time:  9.152 s
[INFO] Finished at: 2026-08-15T16:23:04-04:00
[INFO] ------------------------------------------------------------------------
