JAVA_HOME=/usr/lib/jvm/java-8-openjdk-amd64
COMMAND=mvn -B clean install -DskipTests -U -pl biojava-structure -am -Ddependency-check.skip=true -Dgpg.skip=true -DfailIfNoTests=false -Dskip.installnodenpm=true -Dskip.npm=true -Dskip.yarn=true -Dlicense.skip=true -Dcheckstyle.skip=true -Drat.skip=true -Denforcer.skip=true -Danimal.sniffer.skip=true -Dmaven.javadoc.skip=true -Dfindbugs.skip=true -Dspotbugs.skip=true -Dwarbucks.skip=true -Dmodernizer.skip=true -Dimpsort.skip=true -Dmdep.analyze.skip=true -Dpgpverify.skip=true -Dxml.skip=true -Dcobertura.skip=true

[INFO] Scanning for projects...
[INFO] Downloading from central: https://repo.maven.apache.org/maven2/org/apache/maven/wagon/wagon-ssh/2.6/wagon-ssh-2.6.pom
[INFO] Downloaded from central: https://repo.maven.apache.org/maven2/org/apache/maven/wagon/wagon-ssh/2.6/wagon-ssh-2.6.pom (6.0 kB at 23 kB/s)
[INFO] Downloading from central: https://repo.maven.apache.org/maven2/org/apache/maven/wagon/wagon-providers/2.6/wagon-providers-2.6.pom
[INFO] Downloaded from central: https://repo.maven.apache.org/maven2/org/apache/maven/wagon/wagon-providers/2.6/wagon-providers-2.6.pom (2.7 kB at 74 kB/s)
[INFO] Downloading from central: https://repo.maven.apache.org/maven2/org/apache/maven/wagon/wagon-ssh-common/2.6/wagon-ssh-common-2.6.pom
[INFO] Downloaded from central: https://repo.maven.apache.org/maven2/org/apache/maven/wagon/wagon-ssh-common/2.6/wagon-ssh-common-2.6.pom (1.8 kB at 50 kB/s)
[INFO] Downloading from central: https://repo.maven.apache.org/maven2/org/apache/maven/wagon/wagon-ssh/2.6/wagon-ssh-2.6.jar
[INFO] Downloading from central: https://repo.maven.apache.org/maven2/org/apache/maven/wagon/wagon-ssh-common/2.6/wagon-ssh-common-2.6.jar
[INFO] Downloaded from central: https://repo.maven.apache.org/maven2/org/apache/maven/wagon/wagon-ssh/2.6/wagon-ssh-2.6.jar (30 kB at 740 kB/s)
[INFO] Downloaded from central: https://repo.maven.apache.org/maven2/org/apache/maven/wagon/wagon-ssh-common/2.6/wagon-ssh-common-2.6.jar (25 kB at 508 kB/s)
Warning: KebabPizza disabling incompatible org.apache.maven.plugins:maven-enforcer-plugin from biojava
Warning: KebabPizza disabling incompatible org.apache.maven.plugins:maven-enforcer-plugin from biojava-core
Warning: KebabPizza disabling incompatible org.apache.maven.plugins:maven-enforcer-plugin from biojava-alignment
Warning: KebabPizza disabling incompatible org.apache.maven.plugins:maven-enforcer-plugin from biojava-structure
[INFO] Inspecting build with total of 4 modules...
[INFO] Installing Nexus Staging features:
[INFO]   ... total of 4 executions of maven-deploy-plugin replaced with nexus-staging-maven-plugin
[INFO] ------------------------------------------------------------------------
[INFO] Reactor Build Order:
[INFO] 
[INFO] biojava                                                            [pom]
[INFO] biojava-core                                                       [jar]
[INFO] biojava-alignment                                                  [jar]
[INFO] biojava-structure                                                  [jar]
[INFO] 
[INFO] ------------------------< org.biojava:biojava >-------------------------
[INFO] Building biojava 6.0.0-SNAPSHOT                                    [1/4]
[INFO] --------------------------------[ pom ]---------------------------------
[INFO] 
[INFO] --- maven-clean-plugin:3.1.0:clean (default-clean) @ biojava ---
[INFO] 
[INFO] --- maven-install-plugin:3.0.0-M1:install (default-install) @ biojava ---
[INFO] Installing /home/srafi/after-cam-ready/compare_/compile_repair_output/work/98740eccdc40/pom.xml to /home/srafi/.m2/repository/org/biojava/biojava/6.0.0-SNAPSHOT/biojava-6.0.0-SNAPSHOT.pom
[INFO] 
[INFO] ----------------------< org.biojava:biojava-core >----------------------
[INFO] Building biojava-core 6.0.0-SNAPSHOT                               [2/4]
[INFO] --------------------------------[ jar ]---------------------------------
[INFO] 
[INFO] --- maven-clean-plugin:3.1.0:clean (default-clean) @ biojava-core ---
[INFO] 
[INFO] --- maven-resources-plugin:3.1.0:resources (default-resources) @ biojava-core ---
[INFO] Using 'UTF-8' encoding to copy filtered resources.
[INFO] Copying 24 resources
[INFO] 
[INFO] --- maven-compiler-plugin:3.8.0:compile (default-compile) @ biojava-core ---
[INFO] Changes detected - recompiling the module!
[INFO] Compiling 187 source files to /home/srafi/after-cam-ready/compare_/compile_repair_output/work/98740eccdc40/biojava-core/target/classes
[INFO] /home/srafi/after-cam-ready/compare_/compile_repair_output/work/98740eccdc40/biojava-core/src/main/java/org/biojava/nbio/core/sequence/template/Sequence.java: Some input files use unchecked or unsafe operations.
[INFO] /home/srafi/after-cam-ready/compare_/compile_repair_output/work/98740eccdc40/biojava-core/src/main/java/org/biojava/nbio/core/sequence/template/Sequence.java: Recompile with -Xlint:unchecked for details.
[INFO] 
[INFO] --- maven-resources-plugin:3.1.0:testResources (default-testResources) @ biojava-core ---
[INFO] Using 'UTF-8' encoding to copy filtered resources.
[INFO] Copying 46 resources
[INFO] 
[INFO] --- maven-compiler-plugin:3.8.0:testCompile (default-testCompile) @ biojava-core ---
[INFO] Changes detected - recompiling the module!
[INFO] Compiling 34 source files to /home/srafi/after-cam-ready/compare_/compile_repair_output/work/98740eccdc40/biojava-core/target/test-classes
[INFO] /home/srafi/after-cam-ready/compare_/compile_repair_output/work/98740eccdc40/biojava-core/src/test/java/org/biojava/nbio/core/sequence/io/GenbankReaderTest.java: Some input files use or override a deprecated API.
[INFO] /home/srafi/after-cam-ready/compare_/compile_repair_output/work/98740eccdc40/biojava-core/src/test/java/org/biojava/nbio/core/sequence/io/GenbankReaderTest.java: Recompile with -Xlint:deprecation for details.
[INFO] /home/srafi/after-cam-ready/compare_/compile_repair_output/work/98740eccdc40/biojava-core/src/test/java/org/biojava/nbio/core/search/io/HspTest.java: /home/srafi/after-cam-ready/compare_/compile_repair_output/work/98740eccdc40/biojava-core/src/test/java/org/biojava/nbio/core/search/io/HspTest.java uses unchecked or unsafe operations.
[INFO] /home/srafi/after-cam-ready/compare_/compile_repair_output/work/98740eccdc40/biojava-core/src/test/java/org/biojava/nbio/core/search/io/HspTest.java: Recompile with -Xlint:unchecked for details.
[INFO] 
[INFO] --- maven-surefire-plugin:3.0.0-M8-SNAPSHOT:test (default-test) @ biojava-core ---
[INFO] Downloading from apache.snapshots: https://repository.apache.org/snapshots/org/apache/maven/surefire/maven-surefire-common/3.0.0-M8-SNAPSHOT/maven-metadata.xml
[INFO] Downloading from apache.snapshots: https://repository.apache.org/snapshots/org/apache/maven/surefire/surefire-api/3.0.0-M8-SNAPSHOT/maven-metadata.xml
[INFO] Downloading from apache.snapshots: https://repository.apache.org/snapshots/org/apache/maven/surefire/surefire-logger-api/3.0.0-M8-SNAPSHOT/maven-metadata.xml
[INFO] Downloading from apache.snapshots: https://repository.apache.org/snapshots/org/apache/maven/surefire/surefire-shared-utils/3.0.0-M8-SNAPSHOT/maven-metadata.xml
[INFO] Downloading from apache.snapshots: https://repository.apache.org/snapshots/org/apache/maven/surefire/surefire-extensions-api/3.0.0-M8-SNAPSHOT/maven-metadata.xml
[INFO] Downloading from apache.snapshots: https://repository.apache.org/snapshots/org/apache/maven/surefire/surefire-booter/3.0.0-M8-SNAPSHOT/maven-metadata.xml
[INFO] Downloading from apache.snapshots: https://repository.apache.org/snapshots/org/apache/maven/surefire/surefire-extensions-spi/3.0.0-M8-SNAPSHOT/maven-metadata.xml
[INFO] Tests are skipped.
[INFO] 
[INFO] --- maven-jar-plugin:3.1.2:jar (default-jar) @ biojava-core ---
[INFO] Building jar: /home/srafi/after-cam-ready/compare_/compile_repair_output/work/98740eccdc40/biojava-core/target/biojava-core-6.0.0-SNAPSHOT.jar
[INFO] 
[INFO] --- maven-install-plugin:3.0.0-M1:install (default-install) @ biojava-core ---
[INFO] Installing /home/srafi/after-cam-ready/compare_/compile_repair_output/work/98740eccdc40/biojava-core/target/biojava-core-6.0.0-SNAPSHOT.jar to /home/srafi/.m2/repository/org/biojava/biojava-core/6.0.0-SNAPSHOT/biojava-core-6.0.0-SNAPSHOT.jar
[INFO] Installing /home/srafi/after-cam-ready/compare_/compile_repair_output/work/98740eccdc40/biojava-core/pom.xml to /home/srafi/.m2/repository/org/biojava/biojava-core/6.0.0-SNAPSHOT/biojava-core-6.0.0-SNAPSHOT.pom
[INFO] 
[INFO] -------------------< org.biojava:biojava-alignment >--------------------
[INFO] Building biojava-alignment 6.0.0-SNAPSHOT                          [3/4]
[INFO] --------------------------------[ jar ]---------------------------------
[INFO] Downloading from central: https://repo.maven.apache.org/maven2/org/biojava/thirdparty/forester/1.038/forester-1.038.pom
[INFO] Downloaded from central: https://repo.maven.apache.org/maven2/org/biojava/thirdparty/forester/1.038/forester-1.038.pom (4.2 kB at 112 kB/s)
[WARNING] The POM for org.biojava.thirdparty:forester:jar:1.038 is invalid, transitive dependencies (if any) will not be available, enable debug logging for more details
[INFO] Downloading from central: https://repo.maven.apache.org/maven2/org/biojava/thirdparty/forester/1.038/forester-1.038.jar
[INFO] Downloaded from central: https://repo.maven.apache.org/maven2/org/biojava/thirdparty/forester/1.038/forester-1.038.jar (1.7 MB at 22 MB/s)
[INFO] 
[INFO] --- maven-clean-plugin:3.1.0:clean (default-clean) @ biojava-alignment ---
[INFO] 
[INFO] --- maven-resources-plugin:3.1.0:resources (default-resources) @ biojava-alignment ---
[INFO] Using 'UTF-8' encoding to copy filtered resources.
[INFO] Copying 2 resources
[INFO] 
[INFO] --- maven-compiler-plugin:3.8.0:compile (default-compile) @ biojava-alignment ---
[INFO] Changes detected - recompiling the module!
[INFO] Compiling 53 source files to /home/srafi/after-cam-ready/compare_/compile_repair_output/work/98740eccdc40/biojava-alignment/target/classes
[INFO] 
[INFO] --- maven-resources-plugin:3.1.0:testResources (default-testResources) @ biojava-alignment ---
[INFO] Using 'UTF-8' encoding to copy filtered resources.
[INFO] Copying 11 resources
[INFO] 
[INFO] --- maven-compiler-plugin:3.8.0:testCompile (default-testCompile) @ biojava-alignment ---
[INFO] Changes detected - recompiling the module!
[INFO] Compiling 24 source files to /home/srafi/after-cam-ready/compare_/compile_repair_output/work/98740eccdc40/biojava-alignment/target/test-classes
[INFO] 
[INFO] --- maven-surefire-plugin:3.0.0-M8-SNAPSHOT:test (default-test) @ biojava-alignment ---
[INFO] Tests are skipped.
[INFO] 
[INFO] --- maven-jar-plugin:3.1.2:jar (default-jar) @ biojava-alignment ---
[INFO] Building jar: /home/srafi/after-cam-ready/compare_/compile_repair_output/work/98740eccdc40/biojava-alignment/target/biojava-alignment-6.0.0-SNAPSHOT.jar
[INFO] 
[INFO] --- maven-install-plugin:3.0.0-M1:install (default-install) @ biojava-alignment ---
[INFO] Installing /home/srafi/after-cam-ready/compare_/compile_repair_output/work/98740eccdc40/biojava-alignment/target/biojava-alignment-6.0.0-SNAPSHOT.jar to /home/srafi/.m2/repository/org/biojava/biojava-alignment/6.0.0-SNAPSHOT/biojava-alignment-6.0.0-SNAPSHOT.jar
[INFO] Installing /home/srafi/after-cam-ready/compare_/compile_repair_output/work/98740eccdc40/biojava-alignment/pom.xml to /home/srafi/.m2/repository/org/biojava/biojava-alignment/6.0.0-SNAPSHOT/biojava-alignment-6.0.0-SNAPSHOT.pom
[INFO] 
[INFO] -------------------< org.biojava:biojava-structure >--------------------
[INFO] Building biojava-structure 6.0.0-SNAPSHOT                          [4/4]
[INFO] --------------------------------[ jar ]---------------------------------
[INFO] Downloading from central: https://repo.maven.apache.org/maven2/org/rcsb/ciftools-java-jdk8/2.0.2/ciftools-java-jdk8-2.0.2.pom
[INFO] Downloaded from central: https://repo.maven.apache.org/maven2/org/rcsb/ciftools-java-jdk8/2.0.2/ciftools-java-jdk8-2.0.2.pom (6.7 kB at 34 kB/s)
[INFO] Downloading from central: https://repo.maven.apache.org/maven2/org/rcsb/mmtf-api/1.0.9/mmtf-api-1.0.9.pom
[INFO] Downloaded from central: https://repo.maven.apache.org/maven2/org/rcsb/mmtf-api/1.0.9/mmtf-api-1.0.9.pom (1.3 kB at 17 kB/s)
[INFO] Downloading from central: https://repo.maven.apache.org/maven2/org/rcsb/mmtf/1.0.9/mmtf-1.0.9.pom
[INFO] Downloaded from central: https://repo.maven.apache.org/maven2/org/rcsb/mmtf/1.0.9/mmtf-1.0.9.pom (14 kB at 98 kB/s)
[INFO] Downloading from central: https://repo.maven.apache.org/maven2/org/rcsb/mmtf-serialization/1.0.9/mmtf-serialization-1.0.9.pom
[INFO] Downloaded from central: https://repo.maven.apache.org/maven2/org/rcsb/mmtf-serialization/1.0.9/mmtf-serialization-1.0.9.pom (3.1 kB at 13 kB/s)
[INFO] Downloading from central: https://repo.maven.apache.org/maven2/org/msgpack/jackson-dataformat-msgpack/0.8.18/jackson-dataformat-msgpack-0.8.18.pom
[INFO] Downloaded from central: https://repo.maven.apache.org/maven2/org/msgpack/jackson-dataformat-msgpack/0.8.18/jackson-dataformat-msgpack-0.8.18.pom (2.9 kB at 23 kB/s)
[INFO] Downloading from central: https://repo.maven.apache.org/maven2/org/msgpack/msgpack-core/0.8.18/msgpack-core-0.8.18.pom
[INFO] Downloaded from central: https://repo.maven.apache.org/maven2/org/msgpack/msgpack-core/0.8.18/msgpack-core-0.8.18.pom (3.5 kB at 114 kB/s)
[INFO] Downloading from central: https://repo.maven.apache.org/maven2/org/rcsb/mmtf-codec/1.0.9/mmtf-codec-1.0.9.pom
[INFO] Downloaded from central: https://repo.maven.apache.org/maven2/org/rcsb/mmtf-codec/1.0.9/mmtf-codec-1.0.9.pom (3.2 kB at 35 kB/s)
[INFO] Downloading from central: https://repo.maven.apache.org/maven2/java3d/vecmath/1.3.1/vecmath-1.3.1.pom
[INFO] Downloaded from central: https://repo.maven.apache.org/maven2/java3d/vecmath/1.3.1/vecmath-1.3.1.pom (227 B at 7.1 kB/s)
[INFO] Downloading from central: https://repo.maven.apache.org/maven2/org/jgrapht/jgrapht-core/1.1.0/jgrapht-core-1.1.0.pom
[INFO] Downloaded from central: https://repo.maven.apache.org/maven2/org/jgrapht/jgrapht-core/1.1.0/jgrapht-core-1.1.0.pom (2.5 kB at 73 kB/s)
[INFO] Downloading from central: https://repo.maven.apache.org/maven2/org/jgrapht/jgrapht/1.1.0/jgrapht-1.1.0.pom
[INFO] Downloaded from central: https://repo.maven.apache.org/maven2/org/jgrapht/jgrapht/1.1.0/jgrapht-1.1.0.pom (7.0 kB at 212 kB/s)
[INFO] Downloading from central: https://repo.maven.apache.org/maven2/org/rcsb/ciftools-java-jdk8/2.0.2/ciftools-java-jdk8-2.0.2.jar
[INFO] Downloading from central: https://repo.maven.apache.org/maven2/org/rcsb/mmtf-api/1.0.9/mmtf-api-1.0.9.jar
[INFO] Downloading from central: https://repo.maven.apache.org/maven2/org/rcsb/mmtf-serialization/1.0.9/mmtf-serialization-1.0.9.jar
[INFO] Downloading from central: https://repo.maven.apache.org/maven2/org/msgpack/jackson-dataformat-msgpack/0.8.18/jackson-dataformat-msgpack-0.8.18.jar
[INFO] Downloading from central: https://repo.maven.apache.org/maven2/org/msgpack/msgpack-core/0.8.18/msgpack-core-0.8.18.jar
[INFO] Downloaded from central: https://repo.maven.apache.org/maven2/org/msgpack/msgpack-core/0.8.18/msgpack-core-0.8.18.jar (116 kB at 2.2 MB/s)
[INFO] Downloading from central: https://repo.maven.apache.org/maven2/org/rcsb/mmtf-codec/1.0.9/mmtf-codec-1.0.9.jar
[INFO] Downloaded from central: https://repo.maven.apache.org/maven2/org/msgpack/jackson-dataformat-msgpack/0.8.18/jackson-dataformat-msgpack-0.8.18.jar (31 kB at 240 kB/s)
[INFO] Downloading from central: https://repo.maven.apache.org/maven2/java3d/vecmath/1.3.1/vecmath-1.3.1.jar
[INFO] Downloaded from central: https://repo.maven.apache.org/maven2/org/rcsb/mmtf-api/1.0.9/mmtf-api-1.0.9.jar (2.4 kB at 18 kB/s)
[INFO] Downloading from central: https://repo.maven.apache.org/maven2/org/jgrapht/jgrapht-core/1.1.0/jgrapht-core-1.1.0.jar
[INFO] Downloaded from central: https://repo.maven.apache.org/maven2/org/rcsb/mmtf-serialization/1.0.9/mmtf-serialization-1.0.9.jar (138 kB at 841 kB/s)
[INFO] Downloaded from central: https://repo.maven.apache.org/maven2/java3d/vecmath/1.3.1/vecmath-1.3.1.jar (290 kB at 1.7 MB/s)
[INFO] Downloaded from central: https://repo.maven.apache.org/maven2/org/jgrapht/jgrapht-core/1.1.0/jgrapht-core-1.1.0.jar (590 kB at 3.2 MB/s)
[INFO] Downloaded from central: https://repo.maven.apache.org/maven2/org/rcsb/mmtf-codec/1.0.9/mmtf-codec-1.0.9.jar (49 kB at 201 kB/s)
[INFO] Downloaded from central: https://repo.maven.apache.org/maven2/org/rcsb/ciftools-java-jdk8/2.0.2/ciftools-java-jdk8-2.0.2.jar (2.3 MB at 7.5 MB/s)
[INFO] 
[INFO] --- maven-clean-plugin:3.1.0:clean (default-clean) @ biojava-structure ---
[INFO] 
[INFO] --- maven-resources-plugin:3.1.0:resources (default-resources) @ biojava-structure ---
[INFO] Using 'UTF-8' encoding to copy filtered resources.
[INFO] Copying 3 resources
[INFO] Copying 61 resources
[INFO] 
[INFO] --- maven-compiler-plugin:3.8.0:compile (default-compile) @ biojava-structure ---
[INFO] Changes detected - recompiling the module!
[INFO] Compiling 473 source files to /home/srafi/after-cam-ready/compare_/compile_repair_output/work/98740eccdc40/biojava-structure/target/classes
[INFO] /home/srafi/after-cam-ready/compare_/compile_repair_output/work/98740eccdc40/biojava-structure/src/main/java/org/biojava/nbio/structure/StructureImpl.java: Some input files use or override a deprecated API.
[INFO] /home/srafi/after-cam-ready/compare_/compile_repair_output/work/98740eccdc40/biojava-structure/src/main/java/org/biojava/nbio/structure/StructureImpl.java: Recompile with -Xlint:deprecation for details.
[INFO] 
[INFO] --- maven-resources-plugin:3.1.0:testResources (default-testResources) @ biojava-structure ---
[INFO] Using 'UTF-8' encoding to copy filtered resources.
[INFO] Copying 52 resources
[INFO] 
[INFO] --- maven-compiler-plugin:3.8.0:testCompile (default-testCompile) @ biojava-structure ---
[INFO] Changes detected - recompiling the module!
[INFO] Compiling 100 source files to /home/srafi/after-cam-ready/compare_/compile_repair_output/work/98740eccdc40/biojava-structure/target/test-classes
[INFO] 
[INFO] --- maven-surefire-plugin:3.0.0-M8-SNAPSHOT:test (default-test) @ biojava-structure ---
[INFO] Tests are skipped.
[INFO] 
[INFO] --- maven-jar-plugin:3.1.2:jar (default-jar) @ biojava-structure ---
[INFO] Building jar: /home/srafi/after-cam-ready/compare_/compile_repair_output/work/98740eccdc40/biojava-structure/target/biojava-structure-6.0.0-SNAPSHOT.jar
[INFO] 
[INFO] --- maven-install-plugin:3.0.0-M1:install (default-install) @ biojava-structure ---
[INFO] Installing /home/srafi/after-cam-ready/compare_/compile_repair_output/work/98740eccdc40/biojava-structure/target/biojava-structure-6.0.0-SNAPSHOT.jar to /home/srafi/.m2/repository/org/biojava/biojava-structure/6.0.0-SNAPSHOT/biojava-structure-6.0.0-SNAPSHOT.jar
[INFO] Installing /home/srafi/after-cam-ready/compare_/compile_repair_output/work/98740eccdc40/biojava-structure/pom.xml to /home/srafi/.m2/repository/org/biojava/biojava-structure/6.0.0-SNAPSHOT/biojava-structure-6.0.0-SNAPSHOT.pom
[INFO] ------------------------------------------------------------------------
[INFO] Reactor Summary for biojava 6.0.0-SNAPSHOT:
[INFO] 
[INFO] biojava ............................................ SUCCESS [  0.123 s]
[INFO] biojava-core ....................................... SUCCESS [  4.542 s]
[INFO] biojava-alignment .................................. SUCCESS [  0.455 s]
[INFO] biojava-structure .................................. SUCCESS [  3.414 s]
[INFO] ------------------------------------------------------------------------
[INFO] BUILD SUCCESS
[INFO] ------------------------------------------------------------------------
[INFO] Total time:  9.503 s
[INFO] Finished at: 2026-08-15T16:11:00-04:00
[INFO] ------------------------------------------------------------------------
