JAVA_HOME=/usr/lib/jvm/java-8-openjdk-amd64
COMMAND=mvn -B clean install -DskipTests -U -pl cache -am -Ddependency-check.skip=true -Dgpg.skip=true -DfailIfNoTests=false -Dskip.installnodenpm=true -Dskip.npm=true -Dskip.yarn=true -Dlicense.skip=true -Dcheckstyle.skip=true -Drat.skip=true -Denforcer.skip=true -Danimal.sniffer.skip=true -Dmaven.javadoc.skip=true -Dfindbugs.skip=true -Dspotbugs.skip=true -Dwarbucks.skip=true -Dmodernizer.skip=true -Dimpsort.skip=true -Dmdep.analyze.skip=true -Dpgpverify.skip=true -Dxml.skip=true -Dcobertura.skip=true

[INFO] Scanning for projects...
[INFO] Downloading from maven-central: https://repo.maven.apache.org/maven2/org/springframework/boot/spring-boot-dependencies/1.5.6.RELEASE/spring-boot-dependencies-1.5.6.RELEASE.pom
[INFO] Downloaded from maven-central: https://repo.maven.apache.org/maven2/org/springframework/boot/spring-boot-dependencies/1.5.6.RELEASE/spring-boot-dependencies-1.5.6.RELEASE.pom (93 kB at 365 kB/s)
[INFO] Downloading from maven-central: https://repo.maven.apache.org/maven2/com/fasterxml/jackson/jackson-bom/2.8.9/jackson-bom-2.8.9.pom
[INFO] Downloaded from maven-central: https://repo.maven.apache.org/maven2/com/fasterxml/jackson/jackson-bom/2.8.9/jackson-bom-2.8.9.pom (0 B at 0 B/s)
[INFO] Downloading from maven-central: https://repo.maven.apache.org/maven2/org/springframework/data/spring-data-releasetrain/Ingalls-SR6/spring-data-releasetrain-Ingalls-SR6.pom
[INFO] Downloaded from maven-central: https://repo.maven.apache.org/maven2/org/springframework/data/spring-data-releasetrain/Ingalls-SR6/spring-data-releasetrain-Ingalls-SR6.pom (4.6 kB at 128 kB/s)
[INFO] Downloading from maven-central: https://repo.maven.apache.org/maven2/org/springframework/integration/spring-integration-bom/4.3.11.RELEASE/spring-integration-bom-4.3.11.RELEASE.pom
[INFO] Downloaded from maven-central: https://repo.maven.apache.org/maven2/org/springframework/integration/spring-integration-bom/4.3.11.RELEASE/spring-integration-bom-4.3.11.RELEASE.pom (8.5 kB at 218 kB/s)
[INFO] ------------------------------------------------------------------------
[INFO] Reactor Build Order:
[INFO] 
[INFO] RuneLite                                                           [pom]
[INFO] Web API                                                            [jar]
[INFO] Cache                                                              [jar]
[INFO] 
[INFO] --------------------< net.runelite:runelite-parent >--------------------
[INFO] Building RuneLite 1.6.34-SNAPSHOT                                  [1/3]
[INFO] --------------------------------[ pom ]---------------------------------
[INFO] Downloading from maven-central-plugins: https://repo.maven.apache.org/maven2/io/github/zlika/reproducible-build-maven-plugin/0.7/reproducible-build-maven-plugin-0.7.pom
[INFO] Downloaded from maven-central-plugins: https://repo.maven.apache.org/maven2/io/github/zlika/reproducible-build-maven-plugin/0.7/reproducible-build-maven-plugin-0.7.pom (17 kB at 497 kB/s)
[INFO] Downloading from maven-central-plugins: https://repo.maven.apache.org/maven2/io/github/zlika/reproducible-build-maven-plugin/0.7/reproducible-build-maven-plugin-0.7.jar
[INFO] Downloaded from maven-central-plugins: https://repo.maven.apache.org/maven2/io/github/zlika/reproducible-build-maven-plugin/0.7/reproducible-build-maven-plugin-0.7.jar (46 kB at 1.2 MB/s)
[INFO] 
[INFO] --- maven-clean-plugin:2.5:clean (default-clean) @ runelite-parent ---
[INFO] 
[INFO] --- maven-checkstyle-plugin:2.17:check (verify-style) @ runelite-parent ---
[INFO] Downloading from maven-central-plugins: https://repo.maven.apache.org/maven2/com/puppycrawl/tools/checkstyle/8.3/checkstyle-8.3.pom
[INFO] Downloaded from maven-central-plugins: https://repo.maven.apache.org/maven2/com/puppycrawl/tools/checkstyle/8.3/checkstyle-8.3.pom (95 kB at 2.1 MB/s)
[INFO] Downloading from maven-central-plugins: https://repo.maven.apache.org/maven2/net/sf/saxon/Saxon-HE/9.8.0-4/Saxon-HE-9.8.0-4.pom
[INFO] Downloaded from maven-central-plugins: https://repo.maven.apache.org/maven2/net/sf/saxon/Saxon-HE/9.8.0-4/Saxon-HE-9.8.0-4.pom (3.4 kB at 78 kB/s)
[INFO] Downloading from maven-central-plugins: https://repo.maven.apache.org/maven2/com/puppycrawl/tools/checkstyle/8.3/checkstyle-8.3.jar
[INFO] Downloading from maven-central-plugins: https://repo.maven.apache.org/maven2/net/sf/saxon/Saxon-HE/9.8.0-4/Saxon-HE-9.8.0-4.jar
[INFO] Downloaded from maven-central-plugins: https://repo.maven.apache.org/maven2/com/puppycrawl/tools/checkstyle/8.3/checkstyle-8.3.jar (1.2 MB at 19 MB/s)
[INFO] Downloaded from maven-central-plugins: https://repo.maven.apache.org/maven2/net/sf/saxon/Saxon-HE/9.8.0-4/Saxon-HE-9.8.0-4.jar (5.0 MB at 29 MB/s)
[INFO] 
[INFO] --- maven-javadoc-plugin:3.0.0-M1:jar (attach-javadocs) @ runelite-parent ---
[INFO] Skipping javadoc generation
[INFO] 
[INFO] --- reproducible-build-maven-plugin:0.7:strip-jar (default) @ runelite-parent ---
[INFO] 
[INFO] --- maven-install-plugin:2.4:install (default-install) @ runelite-parent ---
[INFO] Installing /home/srafi/after-cam-ready/compare_/compile_repair_output/work/c8c72131e5ee/pom.xml to /home/srafi/.m2/repository/net/runelite/runelite-parent/1.6.34-SNAPSHOT/runelite-parent-1.6.34-SNAPSHOT.pom
[INFO] 
[INFO] -----------------------< net.runelite:http-api >------------------------
[INFO] Building Web API 1.6.34-SNAPSHOT                                   [2/3]
[INFO] --------------------------------[ jar ]---------------------------------
[INFO] Downloading from maven-central-plugins: https://repo.maven.apache.org/maven2/pl/project13/maven/git-commit-id-plugin/2.2.6/git-commit-id-plugin-2.2.6.pom
[INFO] Downloaded from maven-central-plugins: https://repo.maven.apache.org/maven2/pl/project13/maven/git-commit-id-plugin/2.2.6/git-commit-id-plugin-2.2.6.pom (16 kB at 341 kB/s)
[INFO] Downloading from maven-central-plugins: https://repo.maven.apache.org/maven2/pl/project13/maven/git-commit-id-plugin/2.2.6/git-commit-id-plugin-2.2.6.jar
[INFO] Downloaded from maven-central-plugins: https://repo.maven.apache.org/maven2/pl/project13/maven/git-commit-id-plugin/2.2.6/git-commit-id-plugin-2.2.6.jar (109 kB at 2.5 MB/s)
[INFO] Downloading from maven-central-plugins: https://repo.maven.apache.org/maven2/org/apache/maven/plugins/maven-surefire-plugin/3.0.0-M8-SNAPSHOT/maven-metadata.xml
[INFO] Downloading from runelite-plugins: https://repo.runelite.net/org/apache/maven/plugins/maven-surefire-plugin/3.0.0-M8-SNAPSHOT/maven-metadata.xml
[INFO] Downloading from maven-central-plugins: https://repo.maven.apache.org/maven2/org/apache/maven/surefire/surefire/3.0.0-M8-SNAPSHOT/maven-metadata.xml
[INFO] Downloading from runelite-plugins: https://repo.runelite.net/org/apache/maven/surefire/surefire/3.0.0-M8-SNAPSHOT/maven-metadata.xml
[INFO] Downloading from maven-central: https://repo.maven.apache.org/maven2/org/apache/commons/commons-csv/1.4/commons-csv-1.4.pom
[INFO] Downloaded from maven-central: https://repo.maven.apache.org/maven2/org/apache/commons/commons-csv/1.4/commons-csv-1.4.pom (19 kB at 450 kB/s)
[INFO] Downloading from maven-central: https://repo.maven.apache.org/maven2/org/apache/commons/commons-csv/1.4/commons-csv-1.4.jar
[INFO] Downloaded from maven-central: https://repo.maven.apache.org/maven2/org/apache/commons/commons-csv/1.4/commons-csv-1.4.jar (40 kB at 1.4 MB/s)
[INFO] 
[INFO] --- maven-clean-plugin:2.5:clean (default-clean) @ http-api ---
[INFO] 
[INFO] --- git-commit-id-plugin:2.2.6:revision (query-git-info) @ http-api ---
[INFO] Downloading from maven-central-plugins: https://repo.maven.apache.org/maven2/com/intellij/annotations/12.0/annotations-12.0.pom
[INFO] Downloaded from maven-central-plugins: https://repo.maven.apache.org/maven2/com/intellij/annotations/12.0/annotations-12.0.pom (1.6 kB at 54 kB/s)
[INFO] Downloading from maven-central-plugins: https://repo.maven.apache.org/maven2/com/intellij/annotations/12.0/annotations-12.0.jar
[INFO] Downloaded from maven-central-plugins: https://repo.maven.apache.org/maven2/com/intellij/annotations/12.0/annotations-12.0.jar (20 kB at 673 kB/s)
[INFO] 
[INFO] --- maven-resources-plugin:2.6:resources (default-resources) @ http-api ---
[INFO] Using 'UTF-8' encoding to copy filtered resources.
[INFO] Copying 1 resource
[INFO] 
[INFO] --- maven-compiler-plugin:3.6.1:compile (default-compile) @ http-api ---
[INFO] Changes detected - recompiling the module!
[INFO] Compiling 65 source files to /home/srafi/after-cam-ready/compare_/compile_repair_output/work/c8c72131e5ee/http-api/target/classes
[INFO] 
[INFO] --- maven-checkstyle-plugin:2.17:check (verify-style) @ http-api ---
[INFO] 
[INFO] --- maven-resources-plugin:2.6:testResources (default-testResources) @ http-api ---
[INFO] Using 'UTF-8' encoding to copy filtered resources.
[INFO] skip non existing resourceDirectory /home/srafi/after-cam-ready/compare_/compile_repair_output/work/c8c72131e5ee/http-api/src/test/resources
[INFO] 
[INFO] --- maven-compiler-plugin:3.6.1:testCompile (default-testCompile) @ http-api ---
[INFO] Changes detected - recompiling the module!
[INFO] Compiling 1 source file to /home/srafi/after-cam-ready/compare_/compile_repair_output/work/c8c72131e5ee/http-api/target/test-classes
[INFO] 
[INFO] --- maven-surefire-plugin:3.0.0-M8-SNAPSHOT:test (default-test) @ http-api ---
[INFO] Downloading from apache.snapshots: https://repository.apache.org/snapshots/org/apache/maven/surefire/maven-surefire-common/3.0.0-M8-SNAPSHOT/maven-metadata.xml
[INFO] Downloading from runelite-plugins: https://repo.runelite.net/org/apache/maven/surefire/maven-surefire-common/3.0.0-M8-SNAPSHOT/maven-metadata.xml
[INFO] Downloading from maven-central-plugins: https://repo.maven.apache.org/maven2/org/apache/maven/surefire/maven-surefire-common/3.0.0-M8-SNAPSHOT/maven-metadata.xml
[INFO] Downloading from runelite-plugins: https://repo.runelite.net/org/apache/maven/surefire/surefire-api/3.0.0-M8-SNAPSHOT/maven-metadata.xml
[INFO] Downloading from apache.snapshots: https://repository.apache.org/snapshots/org/apache/maven/surefire/surefire-api/3.0.0-M8-SNAPSHOT/maven-metadata.xml
[INFO] Downloading from maven-central-plugins: https://repo.maven.apache.org/maven2/org/apache/maven/surefire/surefire-api/3.0.0-M8-SNAPSHOT/maven-metadata.xml
[INFO] Downloading from maven-central-plugins: https://repo.maven.apache.org/maven2/org/apache/maven/surefire/surefire-logger-api/3.0.0-M8-SNAPSHOT/maven-metadata.xml
[INFO] Downloading from apache.snapshots: https://repository.apache.org/snapshots/org/apache/maven/surefire/surefire-logger-api/3.0.0-M8-SNAPSHOT/maven-metadata.xml
[INFO] Downloading from runelite-plugins: https://repo.runelite.net/org/apache/maven/surefire/surefire-logger-api/3.0.0-M8-SNAPSHOT/maven-metadata.xml
[INFO] Downloading from maven-central-plugins: https://repo.maven.apache.org/maven2/org/apache/maven/surefire/surefire-shared-utils/3.0.0-M8-SNAPSHOT/maven-metadata.xml
[INFO] Downloading from apache.snapshots: https://repository.apache.org/snapshots/org/apache/maven/surefire/surefire-shared-utils/3.0.0-M8-SNAPSHOT/maven-metadata.xml
[INFO] Downloading from runelite-plugins: https://repo.runelite.net/org/apache/maven/surefire/surefire-shared-utils/3.0.0-M8-SNAPSHOT/maven-metadata.xml
[INFO] Downloading from maven-central-plugins: https://repo.maven.apache.org/maven2/org/apache/maven/surefire/surefire-extensions-api/3.0.0-M8-SNAPSHOT/maven-metadata.xml
[INFO] Downloading from apache.snapshots: https://repository.apache.org/snapshots/org/apache/maven/surefire/surefire-extensions-api/3.0.0-M8-SNAPSHOT/maven-metadata.xml
[INFO] Downloading from runelite-plugins: https://repo.runelite.net/org/apache/maven/surefire/surefire-extensions-api/3.0.0-M8-SNAPSHOT/maven-metadata.xml
[INFO] Downloading from maven-central-plugins: https://repo.maven.apache.org/maven2/org/apache/maven/surefire/surefire-booter/3.0.0-M8-SNAPSHOT/maven-metadata.xml
[INFO] Downloading from apache.snapshots: https://repository.apache.org/snapshots/org/apache/maven/surefire/surefire-booter/3.0.0-M8-SNAPSHOT/maven-metadata.xml
[INFO] Downloading from runelite-plugins: https://repo.runelite.net/org/apache/maven/surefire/surefire-booter/3.0.0-M8-SNAPSHOT/maven-metadata.xml
[INFO] Downloading from maven-central-plugins: https://repo.maven.apache.org/maven2/org/apache/maven/surefire/surefire-extensions-spi/3.0.0-M8-SNAPSHOT/maven-metadata.xml
[INFO] Downloading from apache.snapshots: https://repository.apache.org/snapshots/org/apache/maven/surefire/surefire-extensions-spi/3.0.0-M8-SNAPSHOT/maven-metadata.xml
[INFO] Downloading from runelite-plugins: https://repo.runelite.net/org/apache/maven/surefire/surefire-extensions-spi/3.0.0-M8-SNAPSHOT/maven-metadata.xml
[INFO] Tests are skipped.
[INFO] 
[INFO] --- maven-jar-plugin:3.0.2:jar (default-jar) @ http-api ---
[INFO] Building jar: /home/srafi/after-cam-ready/compare_/compile_repair_output/work/c8c72131e5ee/http-api/target/http-api-1.6.34-SNAPSHOT.jar
[INFO] 
[INFO] --- maven-javadoc-plugin:3.0.0-M1:jar (attach-javadocs) @ http-api ---
[INFO] Skipping javadoc generation
[INFO] 
[INFO] --- reproducible-build-maven-plugin:0.7:strip-jar (default) @ http-api ---
[INFO] Stripping /home/srafi/after-cam-ready/compare_/compile_repair_output/work/c8c72131e5ee/http-api/target/http-api-1.6.34-SNAPSHOT.jar
[INFO] 
[INFO] --- maven-install-plugin:2.4:install (default-install) @ http-api ---
[INFO] Installing /home/srafi/after-cam-ready/compare_/compile_repair_output/work/c8c72131e5ee/http-api/target/http-api-1.6.34-SNAPSHOT.jar to /home/srafi/.m2/repository/net/runelite/http-api/1.6.34-SNAPSHOT/http-api-1.6.34-SNAPSHOT.jar
[INFO] Installing /home/srafi/after-cam-ready/compare_/compile_repair_output/work/c8c72131e5ee/http-api/pom.xml to /home/srafi/.m2/repository/net/runelite/http-api/1.6.34-SNAPSHOT/http-api-1.6.34-SNAPSHOT.pom
[INFO] 
[INFO] -------------------------< net.runelite:cache >-------------------------
[INFO] Building Cache 1.6.34-SNAPSHOT                                     [3/3]
[INFO] --------------------------------[ jar ]---------------------------------
[INFO] Downloading from maven-central: https://repo.maven.apache.org/maven2/io/netty/netty-buffer/4.1.0.Final/netty-buffer-4.1.0.Final.pom
[INFO] Downloaded from maven-central: https://repo.maven.apache.org/maven2/io/netty/netty-buffer/4.1.0.Final/netty-buffer-4.1.0.Final.pom (1.4 kB at 34 kB/s)
[INFO] Downloading from maven-central: https://repo.maven.apache.org/maven2/io/netty/netty-parent/4.1.0.Final/netty-parent-4.1.0.Final.pom
[INFO] Downloaded from maven-central: https://repo.maven.apache.org/maven2/io/netty/netty-parent/4.1.0.Final/netty-parent-4.1.0.Final.pom (46 kB at 1.3 MB/s)
[INFO] Downloading from maven-central: https://repo.maven.apache.org/maven2/io/netty/netty-common/4.1.0.Final/netty-common-4.1.0.Final.pom
[INFO] Downloaded from maven-central: https://repo.maven.apache.org/maven2/io/netty/netty-common/4.1.0.Final/netty-common-4.1.0.Final.pom (4.8 kB at 156 kB/s)
[INFO] Downloading from maven-central: https://repo.maven.apache.org/maven2/net/runelite/rs/cache/165/cache-165.pom
[INFO] Downloading from runelite: https://repo.runelite.net/net/runelite/rs/cache/165/cache-165.pom
[INFO] Downloaded from runelite: https://repo.runelite.net/net/runelite/rs/cache/165/cache-165.pom (391 B at 3.9 kB/s)
[INFO] Downloading from maven-central: https://repo.maven.apache.org/maven2/io/netty/netty-buffer/4.1.0.Final/netty-buffer-4.1.0.Final.jar
[INFO] Downloading from maven-central: https://repo.maven.apache.org/maven2/io/netty/netty-common/4.1.0.Final/netty-common-4.1.0.Final.jar
[INFO] Downloading from maven-central: https://repo.maven.apache.org/maven2/net/runelite/rs/cache/165/cache-165.jar
[INFO] Downloaded from maven-central: https://repo.maven.apache.org/maven2/io/netty/netty-buffer/4.1.0.Final/netty-buffer-4.1.0.Final.jar (245 kB at 4.0 MB/s)
[INFO] Downloaded from maven-central: https://repo.maven.apache.org/maven2/io/netty/netty-common/4.1.0.Final/netty-common-4.1.0.Final.jar (619 kB at 8.1 MB/s)
[INFO] Downloading from runelite: https://repo.runelite.net/net/runelite/rs/cache/165/cache-165.jar
[INFO] Downloaded from runelite: https://repo.runelite.net/net/runelite/rs/cache/165/cache-165.jar (43 MB at 81 MB/s)
[INFO] 
[INFO] --- maven-clean-plugin:2.5:clean (default-clean) @ cache ---
[INFO] 
[INFO] --- antlr4-maven-plugin:4.6:antlr4 (process-resources) @ cache ---
[INFO] ANTLR 4: Processing source directory /home/srafi/after-cam-ready/compare_/compile_repair_output/work/c8c72131e5ee/cache/src/main/antlr4
[INFO] Processing grammar: net/runelite/cache/script/assembler/rs2asm.g4
[INFO] 
[INFO] --- maven-resources-plugin:2.6:resources (default-resources) @ cache ---
[INFO] Using 'UTF-8' encoding to copy filtered resources.
[INFO] Copying 1 resource
[INFO] 
[INFO] --- maven-compiler-plugin:3.6.1:compile (default-compile) @ cache ---
[INFO] Changes detected - recompiling the module!
[INFO] Compiling 165 source files to /home/srafi/after-cam-ready/compare_/compile_repair_output/work/c8c72131e5ee/cache/target/classes
[INFO] /home/srafi/after-cam-ready/compare_/compile_repair_output/work/c8c72131e5ee/cache/src/main/java/net/runelite/cache/script/assembler/ScriptWriter.java: Some input files use unchecked or unsafe operations.
[INFO] /home/srafi/after-cam-ready/compare_/compile_repair_output/work/c8c72131e5ee/cache/src/main/java/net/runelite/cache/script/assembler/ScriptWriter.java: Recompile with -Xlint:unchecked for details.
[INFO] 
[INFO] --- maven-checkstyle-plugin:2.17:check (verify-style) @ cache ---
[INFO] 
[INFO] --- maven-resources-plugin:2.6:testResources (default-testResources) @ cache ---
[INFO] Using 'UTF-8' encoding to copy filtered resources.
[INFO] Copying 5 resources
[INFO] 
[INFO] --- maven-compiler-plugin:3.6.1:testCompile (default-testCompile) @ cache ---
[INFO] Changes detected - recompiling the module!
[INFO] Compiling 49 source files to /home/srafi/after-cam-ready/compare_/compile_repair_output/work/c8c72131e5ee/cache/target/test-classes
[INFO] 
[INFO] --- maven-surefire-plugin:3.0.0-M8-SNAPSHOT:test (default-test) @ cache ---
[INFO] Tests are skipped.
[INFO] 
[INFO] --- maven-jar-plugin:3.0.2:jar (default-jar) @ cache ---
[INFO] Building jar: /home/srafi/after-cam-ready/compare_/compile_repair_output/work/c8c72131e5ee/cache/target/cache-1.6.34-SNAPSHOT.jar
[INFO] 
[INFO] --- maven-javadoc-plugin:3.0.0-M1:jar (attach-javadocs) @ cache ---
[INFO] Skipping javadoc generation
[INFO] 
[INFO] --- reproducible-build-maven-plugin:0.7:strip-jar (default) @ cache ---
[INFO] Stripping /home/srafi/after-cam-ready/compare_/compile_repair_output/work/c8c72131e5ee/cache/target/cache-1.6.34-SNAPSHOT.jar
[INFO] 
[INFO] --- maven-assembly-plugin:2.2-beta-5:single (make-assembly) @ cache ---
[INFO] Downloading from maven-central: https://repo.maven.apache.org/maven2/com/google/guava/guava/23.2-jre/guava-23.2-jre.pom
[INFO] Downloaded from maven-central: https://repo.maven.apache.org/maven2/com/google/guava/guava/23.2-jre/guava-23.2-jre.pom (0 B at 0 B/s)
[INFO] Downloading from maven-central: https://repo.maven.apache.org/maven2/com/google/guava/guava-parent/23.2-jre/guava-parent-23.2-jre.pom
[INFO] Downloaded from maven-central: https://repo.maven.apache.org/maven2/com/google/guava/guava-parent/23.2-jre/guava-parent-23.2-jre.pom (0 B at 0 B/s)
[INFO] Downloading from maven-central: https://repo.maven.apache.org/maven2/org/slf4j/slf4j-api/1.7.25/slf4j-api-1.7.25.pom
[INFO] Downloaded from maven-central: https://repo.maven.apache.org/maven2/org/slf4j/slf4j-api/1.7.25/slf4j-api-1.7.25.pom (0 B at 0 B/s)
[INFO] Downloading from maven-central: https://repo.maven.apache.org/maven2/org/apache/commons/commons-compress/1.10/commons-compress-1.10.pom
[INFO] Downloaded from maven-central: https://repo.maven.apache.org/maven2/org/apache/commons/commons-compress/1.10/commons-compress-1.10.pom (0 B at 0 B/s)
[INFO] Downloading from maven-central: https://repo.maven.apache.org/maven2/org/apache/commons/commons-parent/38/commons-parent-38.pom
[INFO] Downloaded from maven-central: https://repo.maven.apache.org/maven2/org/apache/commons/commons-parent/38/commons-parent-38.pom (0 B at 0 B/s)
[INFO] Downloading from maven-central: https://repo.maven.apache.org/maven2/org/apache/apache/16/apache-16.pom
[INFO] Downloaded from maven-central: https://repo.maven.apache.org/maven2/org/apache/apache/16/apache-16.pom (0 B at 0 B/s)
[INFO] Downloading from maven-central: https://repo.maven.apache.org/maven2/com/google/code/gson/gson/2.8.5/gson-2.8.5.pom
[INFO] Downloaded from maven-central: https://repo.maven.apache.org/maven2/com/google/code/gson/gson/2.8.5/gson-2.8.5.pom (0 B at 0 B/s)
[INFO] Downloading from maven-central: https://repo.maven.apache.org/maven2/org/sonatype/oss/oss-parent/9/oss-parent-9.pom
[INFO] Downloaded from maven-central: https://repo.maven.apache.org/maven2/org/sonatype/oss/oss-parent/9/oss-parent-9.pom (0 B at 0 B/s)
[INFO] Downloading from maven-central: https://repo.maven.apache.org/maven2/org/antlr/antlr4-runtime/4.6/antlr4-runtime-4.6.pom
[INFO] Downloaded from maven-central: https://repo.maven.apache.org/maven2/org/antlr/antlr4-runtime/4.6/antlr4-runtime-4.6.pom (0 B at 0 B/s)
[INFO] Downloading from maven-central: https://repo.maven.apache.org/maven2/org/antlr/antlr4-master/4.6/antlr4-master-4.6.pom
[INFO] Downloaded from maven-central: https://repo.maven.apache.org/maven2/org/antlr/antlr4-master/4.6/antlr4-master-4.6.pom (0 B at 0 B/s)
[INFO] Downloading from maven-central: https://repo.maven.apache.org/maven2/commons-cli/commons-cli/1.3.1/commons-cli-1.3.1.pom
[INFO] Downloaded from maven-central: https://repo.maven.apache.org/maven2/commons-cli/commons-cli/1.3.1/commons-cli-1.3.1.pom (0 B at 0 B/s)
[INFO] Downloading from maven-central: https://repo.maven.apache.org/maven2/org/apache/commons/commons-parent/37/commons-parent-37.pom
[INFO] Downloaded from maven-central: https://repo.maven.apache.org/maven2/org/apache/commons/commons-parent/37/commons-parent-37.pom (0 B at 0 B/s)
[INFO] Downloading from maven-central: https://repo.maven.apache.org/maven2/com/google/guava/guava/23.2-jre/guava-23.2-jre.jar
[INFO] Downloading from maven-central: https://repo.maven.apache.org/maven2/org/slf4j/slf4j-api/1.7.25/slf4j-api-1.7.25.jar
[INFO] Downloading from maven-central: https://repo.maven.apache.org/maven2/com/google/code/gson/gson/2.8.5/gson-2.8.5.jar
[INFO] Downloading from maven-central: https://repo.maven.apache.org/maven2/org/apache/commons/commons-compress/1.10/commons-compress-1.10.jar
[INFO] Downloading from maven-central: https://repo.maven.apache.org/maven2/org/antlr/antlr4-runtime/4.6/antlr4-runtime-4.6.jar
[INFO] Downloaded from maven-central: https://repo.maven.apache.org/maven2/com/google/guava/guava/23.2-jre/guava-23.2-jre.jar (0 B at 0 B/s)
[INFO] Downloading from maven-central: https://repo.maven.apache.org/maven2/commons-cli/commons-cli/1.3.1/commons-cli-1.3.1.jar
[INFO] Downloaded from maven-central: https://repo.maven.apache.org/maven2/org/slf4j/slf4j-api/1.7.25/slf4j-api-1.7.25.jar (0 B at 0 B/s)
[INFO] Downloaded from maven-central: https://repo.maven.apache.org/maven2/com/google/code/gson/gson/2.8.5/gson-2.8.5.jar (0 B at 0 B/s)
[INFO] Downloaded from maven-central: https://repo.maven.apache.org/maven2/commons-cli/commons-cli/1.3.1/commons-cli-1.3.1.jar (0 B at 0 B/s)
[INFO] Downloaded from maven-central: https://repo.maven.apache.org/maven2/org/antlr/antlr4-runtime/4.6/antlr4-runtime-4.6.jar (0 B at 0 B/s)
[INFO] Downloaded from maven-central: https://repo.maven.apache.org/maven2/org/apache/commons/commons-compress/1.10/commons-compress-1.10.jar (0 B at 0 B/s)
[INFO] META-INF/ already added, skipping
[INFO] META-INF/MANIFEST.MF already added, skipping
[INFO] META-INF/maven/ already added, skipping
[INFO] META-INF/ already added, skipping
[INFO] META-INF/MANIFEST.MF already added, skipping
[INFO] META-INF/maven/ already added, skipping
[INFO] META-INF/ already added, skipping
[INFO] META-INF/MANIFEST.MF already added, skipping
[INFO] META-INF/maven/ already added, skipping
[INFO] META-INF/ already added, skipping
[INFO] META-INF/MANIFEST.MF already added, skipping
[INFO] META-INF/maven/ already added, skipping
[INFO] META-INF/ already added, skipping
[INFO] META-INF/MANIFEST.MF already added, skipping
[INFO] org/ already added, skipping
[INFO] META-INF/maven/ already added, skipping
[INFO] META-INF/MANIFEST.MF already added, skipping
[INFO] META-INF/ already added, skipping
[INFO] META-INF/maven/ already added, skipping
[INFO] com/ already added, skipping
[INFO] com/google/ already added, skipping
[INFO] META-INF/ already added, skipping
[INFO] META-INF/MANIFEST.MF already added, skipping
[INFO] META-INF/ already added, skipping
[INFO] META-INF/MANIFEST.MF already added, skipping
[INFO] com/ already added, skipping
[INFO] com/google/ already added, skipping
[INFO] META-INF/maven/ already added, skipping
[INFO] META-INF/ already added, skipping
[INFO] META-INF/MANIFEST.MF already added, skipping
[INFO] com/ already added, skipping
[INFO] com/google/ already added, skipping
[INFO] META-INF/maven/ already added, skipping
[INFO] META-INF/ already added, skipping
[INFO] META-INF/MANIFEST.MF already added, skipping
[INFO] org/ already added, skipping
[INFO] META-INF/maven/ already added, skipping
[INFO] META-INF/ already added, skipping
[INFO] META-INF/MANIFEST.MF already added, skipping
[INFO] org/ already added, skipping
[INFO] org/apache/ already added, skipping
[INFO] org/apache/commons/ already added, skipping
[INFO] META-INF/NOTICE.txt already added, skipping
[INFO] META-INF/LICENSE.txt already added, skipping
[INFO] META-INF/maven/ already added, skipping
[INFO] META-INF/maven/org.apache.commons/ already added, skipping
[INFO] META-INF/ already added, skipping
[INFO] META-INF/MANIFEST.MF already added, skipping
[INFO] META-INF/maven/ already added, skipping
[INFO] META-INF/ already added, skipping
[INFO] META-INF/MANIFEST.MF already added, skipping
[INFO] io/ already added, skipping
[INFO] io/netty/ already added, skipping
[INFO] META-INF/io.netty.versions.properties already added, skipping
[INFO] META-INF/maven/ already added, skipping
[INFO] META-INF/maven/io.netty/ already added, skipping
[INFO] META-INF/INDEX.LIST already added, skipping
[INFO] META-INF/MANIFEST.MF already added, skipping
[INFO] META-INF/ already added, skipping
[INFO] org/ already added, skipping
[INFO] META-INF/maven/ already added, skipping
[INFO] META-INF/ already added, skipping
[INFO] META-INF/MANIFEST.MF already added, skipping
[INFO] org/ already added, skipping
[INFO] org/apache/ already added, skipping
[INFO] org/apache/commons/ already added, skipping
[INFO] META-INF/LICENSE.txt already added, skipping
[INFO] META-INF/NOTICE.txt already added, skipping
[INFO] META-INF/maven/ already added, skipping
[INFO] Building jar: /home/srafi/after-cam-ready/compare_/compile_repair_output/work/c8c72131e5ee/cache/target/cache-1.6.34-SNAPSHOT-jar-with-dependencies.jar
[INFO] META-INF/ already added, skipping
[INFO] META-INF/MANIFEST.MF already added, skipping
[INFO] META-INF/maven/ already added, skipping
[INFO] META-INF/ already added, skipping
[INFO] META-INF/MANIFEST.MF already added, skipping
[INFO] META-INF/maven/ already added, skipping
[INFO] META-INF/ already added, skipping
[INFO] META-INF/MANIFEST.MF already added, skipping
[INFO] META-INF/maven/ already added, skipping
[INFO] META-INF/ already added, skipping
[INFO] META-INF/MANIFEST.MF already added, skipping
[INFO] META-INF/maven/ already added, skipping
[INFO] META-INF/ already added, skipping
[INFO] META-INF/MANIFEST.MF already added, skipping
[INFO] org/ already added, skipping
[INFO] META-INF/maven/ already added, skipping
[INFO] META-INF/MANIFEST.MF already added, skipping
[INFO] META-INF/ already added, skipping
[INFO] META-INF/maven/ already added, skipping
[INFO] com/ already added, skipping
[INFO] com/google/ already added, skipping
[INFO] META-INF/ already added, skipping
[INFO] META-INF/MANIFEST.MF already added, skipping
[INFO] META-INF/ already added, skipping
[INFO] META-INF/MANIFEST.MF already added, skipping
[INFO] com/ already added, skipping
[INFO] com/google/ already added, skipping
[INFO] META-INF/maven/ already added, skipping
[INFO] META-INF/ already added, skipping
[INFO] META-INF/MANIFEST.MF already added, skipping
[INFO] com/ already added, skipping
[INFO] com/google/ already added, skipping
[INFO] META-INF/maven/ already added, skipping
[INFO] META-INF/ already added, skipping
[INFO] META-INF/MANIFEST.MF already added, skipping
[INFO] org/ already added, skipping
[INFO] META-INF/maven/ already added, skipping
[INFO] META-INF/ already added, skipping
[INFO] META-INF/MANIFEST.MF already added, skipping
[INFO] org/ already added, skipping
[INFO] org/apache/ already added, skipping
[INFO] org/apache/commons/ already added, skipping
[INFO] META-INF/NOTICE.txt already added, skipping
[INFO] META-INF/LICENSE.txt already added, skipping
[INFO] META-INF/maven/ already added, skipping
[INFO] META-INF/maven/org.apache.commons/ already added, skipping
[INFO] META-INF/ already added, skipping
[INFO] META-INF/MANIFEST.MF already added, skipping
[INFO] META-INF/maven/ already added, skipping
[INFO] META-INF/ already added, skipping
[INFO] META-INF/MANIFEST.MF already added, skipping
[INFO] io/ already added, skipping
[INFO] io/netty/ already added, skipping
[INFO] META-INF/io.netty.versions.properties already added, skipping
[INFO] META-INF/maven/ already added, skipping
[INFO] META-INF/maven/io.netty/ already added, skipping
[INFO] META-INF/INDEX.LIST already added, skipping
[INFO] META-INF/MANIFEST.MF already added, skipping
[INFO] META-INF/ already added, skipping
[INFO] org/ already added, skipping
[INFO] META-INF/maven/ already added, skipping
[INFO] META-INF/ already added, skipping
[INFO] META-INF/MANIFEST.MF already added, skipping
[INFO] org/ already added, skipping
[INFO] org/apache/ already added, skipping
[INFO] org/apache/commons/ already added, skipping
[INFO] META-INF/LICENSE.txt already added, skipping
[INFO] META-INF/NOTICE.txt already added, skipping
[INFO] META-INF/maven/ already added, skipping
[INFO] 
[INFO] --- maven-jar-plugin:3.0.2:test-jar (default) @ cache ---
[INFO] Building jar: /home/srafi/after-cam-ready/compare_/compile_repair_output/work/c8c72131e5ee/cache/target/cache-1.6.34-SNAPSHOT-tests.jar
[INFO] 
[INFO] --- maven-install-plugin:2.4:install (default-install) @ cache ---
[INFO] Installing /home/srafi/after-cam-ready/compare_/compile_repair_output/work/c8c72131e5ee/cache/target/cache-1.6.34-SNAPSHOT.jar to /home/srafi/.m2/repository/net/runelite/cache/1.6.34-SNAPSHOT/cache-1.6.34-SNAPSHOT.jar
[INFO] Installing /home/srafi/after-cam-ready/compare_/compile_repair_output/work/c8c72131e5ee/cache/pom.xml to /home/srafi/.m2/repository/net/runelite/cache/1.6.34-SNAPSHOT/cache-1.6.34-SNAPSHOT.pom
[INFO] Installing /home/srafi/after-cam-ready/compare_/compile_repair_output/work/c8c72131e5ee/cache/target/cache-1.6.34-SNAPSHOT-jar-with-dependencies.jar to /home/srafi/.m2/repository/net/runelite/cache/1.6.34-SNAPSHOT/cache-1.6.34-SNAPSHOT-jar-with-dependencies.jar
[INFO] Installing /home/srafi/after-cam-ready/compare_/compile_repair_output/work/c8c72131e5ee/cache/target/cache-1.6.34-SNAPSHOT-tests.jar to /home/srafi/.m2/repository/net/runelite/cache/1.6.34-SNAPSHOT/cache-1.6.34-SNAPSHOT-tests.jar
[INFO] ------------------------------------------------------------------------
[INFO] Reactor Summary for RuneLite 1.6.34-SNAPSHOT:
[INFO] 
[INFO] RuneLite ........................................... SUCCESS [  0.980 s]
[INFO] Web API ............................................ SUCCESS [  6.195 s]
[INFO] Cache .............................................. SUCCESS [  5.133 s]
[INFO] ------------------------------------------------------------------------
[INFO] BUILD SUCCESS
[INFO] ------------------------------------------------------------------------
[INFO] Total time:  12.907 s
[INFO] Finished at: 2026-08-15T16:48:25-04:00
[INFO] ------------------------------------------------------------------------
