JAVA_HOME=/usr/lib/jvm/java-8-openjdk-amd64
COMMAND=mvn -B clean install -DskipTests -U -pl bookkeeper-server -am -Ddependency-check.skip=true -Dgpg.skip=true -DfailIfNoTests=false -Dskip.installnodenpm=true -Dskip.npm=true -Dskip.yarn=true -Dlicense.skip=true -Dcheckstyle.skip=true -Drat.skip=true -Denforcer.skip=true -Danimal.sniffer.skip=true -Dmaven.javadoc.skip=true -Dfindbugs.skip=true -Dspotbugs.skip=true -Dwarbucks.skip=true -Dmodernizer.skip=true -Dimpsort.skip=true -Dmdep.analyze.skip=true -Dpgpverify.skip=true -Dxml.skip=true -Dcobertura.skip=true

[INFO] Scanning for projects...
[WARNING] 
[WARNING] Some problems were encountered while building the effective model for org.apache.bookkeeper:bookkeeper-tools:jar:4.15.0-SNAPSHOT
[WARNING] 'build.plugins.plugin.(groupId:artifactId)' must be unique but found duplicate declaration of plugin org.apache.maven.plugins:maven-antrun-plugin @ line 65, column 15
[WARNING] 
[WARNING] Some problems were encountered while building the effective model for org.apache.bookkeeper.tests:scripts:jar:4.15.0-SNAPSHOT
[WARNING] 'build.plugins.plugin.version' for org.codehaus.mojo:exec-maven-plugin is missing. @ line 55, column 15
[WARNING] 'build.plugins.plugin.version' for com.googlecode.maven-download-plugin:download-maven-plugin is missing. @ line 36, column 15
[WARNING] 
[WARNING] It is highly recommended to fix these problems because they threaten the stability of your build.
[WARNING] 
[WARNING] For this reason, future Maven versions might no longer support building such malformed projects.
[WARNING] 
Warning: KebabPizza disabling incompatible org.apache.maven.plugins:maven-enforcer-plugin from bookkeeper
Warning: KebabPizza disabling incompatible org.apache.rat:apache-rat-plugin from bookkeeper
Warning: KebabPizza disabling incompatible org.apache.maven.plugins:maven-enforcer-plugin from buildtools
Warning: KebabPizza disabling incompatible org.apache.rat:apache-rat-plugin from buildtools
Warning: KebabPizza disabling incompatible org.apache.maven.plugins:maven-enforcer-plugin from circe-checksum
Warning: KebabPizza disabling incompatible org.apache.rat:apache-rat-plugin from circe-checksum
Warning: KebabPizza disabling incompatible org.jacoco:jacoco-maven-plugin from circe-checksum
Warning: KebabPizza disabling incompatible org.apache.maven.plugins:maven-enforcer-plugin from bookkeeper-stats-api
Warning: KebabPizza disabling incompatible org.apache.rat:apache-rat-plugin from bookkeeper-stats-api
Warning: KebabPizza disabling incompatible org.apache.maven.plugins:maven-enforcer-plugin from cpu-affinity
Warning: KebabPizza disabling incompatible org.apache.rat:apache-rat-plugin from cpu-affinity
Warning: KebabPizza disabling incompatible org.apache.maven.plugins:maven-enforcer-plugin from bookkeeper-common
Warning: KebabPizza disabling incompatible org.apache.rat:apache-rat-plugin from bookkeeper-common
Warning: KebabPizza disabling incompatible org.apache.maven.plugins:maven-enforcer-plugin from bookkeeper-common-allocator
Warning: KebabPizza disabling incompatible org.apache.rat:apache-rat-plugin from bookkeeper-common-allocator
Warning: KebabPizza disabling incompatible org.apache.maven.plugins:maven-enforcer-plugin from bookkeeper-proto
Warning: KebabPizza disabling incompatible org.apache.rat:apache-rat-plugin from bookkeeper-proto
Warning: KebabPizza disabling incompatible org.apache.maven.plugins:maven-enforcer-plugin from bookkeeper-tools-parent
Warning: KebabPizza disabling incompatible org.apache.rat:apache-rat-plugin from bookkeeper-tools-parent
Warning: KebabPizza disabling incompatible org.apache.maven.plugins:maven-enforcer-plugin from bookkeeper-tools-framework
Warning: KebabPizza disabling incompatible org.apache.rat:apache-rat-plugin from bookkeeper-tools-framework
Warning: KebabPizza disabling incompatible org.apache.maven.plugins:maven-enforcer-plugin from http-server
Warning: KebabPizza disabling incompatible org.apache.rat:apache-rat-plugin from http-server
Warning: KebabPizza disabling incompatible org.apache.maven.plugins:maven-enforcer-plugin from prometheus-metrics-provider
Warning: KebabPizza disabling incompatible org.apache.rat:apache-rat-plugin from prometheus-metrics-provider
Warning: KebabPizza disabling incompatible org.apache.maven.plugins:maven-enforcer-plugin from vertx-http-server
Warning: KebabPizza disabling incompatible org.apache.rat:apache-rat-plugin from vertx-http-server
Warning: KebabPizza disabling incompatible org.apache.maven.plugins:maven-enforcer-plugin from bookkeeper-server
Warning: KebabPizza disabling incompatible org.apache.rat:apache-rat-plugin from bookkeeper-server
[INFO] ------------------------------------------------------------------------
[INFO] Detecting the operating system and CPU architecture
[INFO] ------------------------------------------------------------------------
[INFO] os.detected.name: linux
[INFO] os.detected.arch: x86_64
[INFO] os.detected.release: ubuntu
[INFO] os.detected.release.version: 22.04
[INFO] os.detected.release.like.ubuntu: true
[INFO] os.detected.release.like.debian: true
[INFO] os.detected.classifier: linux-x86_64
[INFO] ------------------------------------------------------------------------
[INFO] Reactor Build Order:
[INFO] 
[INFO] Apache BookKeeper :: Parent                                        [pom]
[INFO] Apache BookKeeper :: Build Tools                                   [jar]
[INFO] Apache BookKeeper :: Circe Checksum Library                        [nar]
[INFO] Apache BookKeeper :: Stats API                                     [jar]
[INFO] Apache BookKeeper :: CPU Affinity Library                          [nar]
[INFO] Apache BookKeeper :: Common                                        [jar]
[INFO] Apache BookKeeper :: Common :: Allocator                           [jar]
[INFO] Apache BookKeeper :: Protocols                                     [jar]
[INFO] Apache BookKeeper :: Tools :: Parent                               [pom]
[INFO] Apache BookKeeper :: Tools :: Framework                            [jar]
[INFO] Apache BookKeeper :: Http :: Http Server                           [jar]
[INFO] Apache BookKeeper :: Stats Providers :: Prometheus                 [jar]
[INFO] Apache BookKeeper :: Bookkeeper Http :: Vertx Http Server          [jar]
[INFO] Apache BookKeeper :: Server                                        [jar]
[INFO] 
[INFO] ------------------< org.apache.bookkeeper:bookkeeper >------------------
[INFO] Building Apache BookKeeper :: Parent 4.15.0-SNAPSHOT              [1/14]
[INFO] --------------------------------[ pom ]---------------------------------
[INFO] 
[INFO] --- maven-clean-plugin:3.0.0:clean (default-clean) @ bookkeeper ---
[INFO] 
[INFO] --- maven-remote-resources-plugin:1.5:process (process-resource-bundles) @ bookkeeper ---
[INFO] 
[INFO] --- maven-site-plugin:3.7:attach-descriptor (attach-descriptor) @ bookkeeper ---
[INFO] No site descriptor found: nothing to attach.
[INFO] 
[INFO] >>> maven-source-plugin:2.2.1:jar (attach-sources) > generate-sources @ bookkeeper >>>
[INFO] 
[INFO] <<< maven-source-plugin:2.2.1:jar (attach-sources) < generate-sources @ bookkeeper <<<
[INFO] 
[INFO] 
[INFO] --- maven-source-plugin:2.2.1:jar (attach-sources) @ bookkeeper ---
[INFO] 
[INFO] --- maven-install-plugin:2.5.2:install (default-install) @ bookkeeper ---
[INFO] Installing /home/srafi/after-cam-ready/compare_/compile_repair_output/work/7c4c1af62173/pom.xml to /home/srafi/.m2/repository/org/apache/bookkeeper/bookkeeper/4.15.0-SNAPSHOT/bookkeeper-4.15.0-SNAPSHOT.pom
[INFO] 
[INFO] ------------------< org.apache.bookkeeper:buildtools >------------------
[INFO] Building Apache BookKeeper :: Build Tools 4.15.0-SNAPSHOT         [2/14]
[INFO] --------------------------------[ jar ]---------------------------------
[INFO] 
[INFO] --- maven-clean-plugin:3.0.0:clean (default-clean) @ buildtools ---
[INFO] 
[INFO] --- maven-remote-resources-plugin:1.5:process (process-resource-bundles) @ buildtools ---
[INFO] 
[INFO] --- maven-resources-plugin:3.0.2:resources (default-resources) @ buildtools ---
[INFO] Using 'UTF-8' encoding to copy filtered resources.
[INFO] Copying 7 resources
[INFO] Copying 3 resources
[INFO] 
[INFO] --- maven-compiler-plugin:3.8.1:compile (default-compile) @ buildtools ---
[INFO] No sources to compile
[INFO] 
[INFO] --- maven-resources-plugin:3.0.2:testResources (default-testResources) @ buildtools ---
[INFO] Using 'UTF-8' encoding to copy filtered resources.
[INFO] skip non existing resourceDirectory /home/srafi/after-cam-ready/compare_/compile_repair_output/work/7c4c1af62173/buildtools/src/test/resources
[INFO] Copying 3 resources
[INFO] 
[INFO] --- maven-compiler-plugin:3.8.1:testCompile (default-testCompile) @ buildtools ---
[INFO] No sources to compile
[INFO] 
[INFO] --- maven-surefire-plugin:3.0.0-M8-SNAPSHOT:test (default-test) @ buildtools ---
[INFO] Downloading from apache.snapshots: https://repository.apache.org/snapshots/org/apache/maven/surefire/maven-surefire-common/3.0.0-M8-SNAPSHOT/maven-metadata.xml
[INFO] Downloading from apache.snapshots: https://repository.apache.org/snapshots/org/apache/maven/surefire/surefire-api/3.0.0-M8-SNAPSHOT/maven-metadata.xml
[INFO] Downloading from apache.snapshots: https://repository.apache.org/snapshots/org/apache/maven/surefire/surefire-logger-api/3.0.0-M8-SNAPSHOT/maven-metadata.xml
[INFO] Downloading from apache.snapshots: https://repository.apache.org/snapshots/org/apache/maven/surefire/surefire-shared-utils/3.0.0-M8-SNAPSHOT/maven-metadata.xml
[INFO] Downloading from apache.snapshots: https://repository.apache.org/snapshots/org/apache/maven/surefire/surefire-extensions-api/3.0.0-M8-SNAPSHOT/maven-metadata.xml
[INFO] Downloading from apache.snapshots: https://repository.apache.org/snapshots/org/apache/maven/surefire/surefire-booter/3.0.0-M8-SNAPSHOT/maven-metadata.xml
[INFO] Downloading from apache.snapshots: https://repository.apache.org/snapshots/org/apache/maven/surefire/surefire-extensions-spi/3.0.0-M8-SNAPSHOT/maven-metadata.xml
[INFO] Tests are skipped.
[INFO] 
[INFO] --- maven-jar-plugin:3.0.2:jar (default-jar) @ buildtools ---
[INFO] Building jar: /home/srafi/after-cam-ready/compare_/compile_repair_output/work/7c4c1af62173/buildtools/target/buildtools-4.15.0-SNAPSHOT.jar
[INFO] 
[INFO] --- maven-site-plugin:3.7:attach-descriptor (attach-descriptor) @ buildtools ---
[INFO] Skipping because packaging 'jar' is not pom.
[INFO] 
[INFO] >>> maven-source-plugin:2.2.1:jar (attach-sources) > generate-sources @ buildtools >>>
[INFO] 
[INFO] <<< maven-source-plugin:2.2.1:jar (attach-sources) < generate-sources @ buildtools <<<
[INFO] 
[INFO] 
[INFO] --- maven-source-plugin:2.2.1:jar (attach-sources) @ buildtools ---
[INFO] Building jar: /home/srafi/after-cam-ready/compare_/compile_repair_output/work/7c4c1af62173/buildtools/target/buildtools-4.15.0-SNAPSHOT-sources.jar
[INFO] 
[INFO] --- maven-install-plugin:2.5.2:install (default-install) @ buildtools ---
[INFO] Installing /home/srafi/after-cam-ready/compare_/compile_repair_output/work/7c4c1af62173/buildtools/target/buildtools-4.15.0-SNAPSHOT.jar to /home/srafi/.m2/repository/org/apache/bookkeeper/buildtools/4.15.0-SNAPSHOT/buildtools-4.15.0-SNAPSHOT.jar
[INFO] Installing /home/srafi/after-cam-ready/compare_/compile_repair_output/work/7c4c1af62173/buildtools/pom.xml to /home/srafi/.m2/repository/org/apache/bookkeeper/buildtools/4.15.0-SNAPSHOT/buildtools-4.15.0-SNAPSHOT.pom
[INFO] Installing /home/srafi/after-cam-ready/compare_/compile_repair_output/work/7c4c1af62173/buildtools/target/buildtools-4.15.0-SNAPSHOT-sources.jar to /home/srafi/.m2/repository/org/apache/bookkeeper/buildtools/4.15.0-SNAPSHOT/buildtools-4.15.0-SNAPSHOT-sources.jar
[INFO] 
[INFO] ----------------< org.apache.bookkeeper:circe-checksum >----------------
[INFO] Building Apache BookKeeper :: Circe Checksum Library 4.15.0-SNAPSHOT [3/14]
[INFO] --------------------------------[ nar ]---------------------------------
[INFO] 
[INFO] --- maven-clean-plugin:3.0.0:clean (default-clean) @ circe-checksum ---
[INFO] 
[INFO] --- nar-maven-plugin:3.5.2:nar-validate (default-nar-validate) @ circe-checksum ---
[INFO] Using AOL: amd64-Linux-gpp
[INFO] 
[INFO] --- nar-maven-plugin:3.5.2:nar-download (default-nar-download) @ circe-checksum ---
[INFO] Getting Nar dependencies
[INFO] Getting Nar dependencies
[INFO] 
[INFO] --- nar-maven-plugin:3.5.2:nar-unpack (default-nar-unpack) @ circe-checksum ---
[INFO] Getting Nar dependencies
[INFO] Unpacking 0 dependencies to /home/srafi/after-cam-ready/compare_/compile_repair_output/work/7c4c1af62173/circe-checksum/target/nar
[INFO] 
[INFO] --- nar-maven-plugin:3.5.2:nar-gnu-configure (default-nar-gnu-configure) @ circe-checksum ---
[INFO] 
[INFO] --- nar-maven-plugin:3.5.2:nar-system-generate (default-nar-system-generate) @ circe-checksum ---
[INFO] Generating /home/srafi/after-cam-ready/compare_/compile_repair_output/work/7c4c1af62173/circe-checksum/target/nar/nar-generated/com/scurrilous/circe/checksum/NarSystem.java
[INFO] Not using 'native-lib-loader' because it is not a dependency)
[INFO] 
[INFO] --- nar-maven-plugin:3.5.2:nar-vcproj (default-nar-vcproj) @ circe-checksum ---
[INFO] 
[INFO] --- maven-remote-resources-plugin:1.5:process (process-resource-bundles) @ circe-checksum ---
[INFO] 
[INFO] --- maven-resources-plugin:3.0.2:resources (default-resources) @ circe-checksum ---
[INFO] Using 'UTF-8' encoding to copy filtered resources.
[INFO] Copying 1 resource
[INFO] Copying 3 resources
[INFO] 
[INFO] --- nar-maven-plugin:3.5.2:nar-resources (default-nar-resources) @ circe-checksum ---
[INFO] Copied 0 resources
[INFO] 
[INFO] --- nar-maven-plugin:3.5.2:nar-gnu-resources (default-nar-gnu-resources) @ circe-checksum ---
[INFO] 
[INFO] --- maven-compiler-plugin:3.8.1:compile (default-compile) @ circe-checksum ---
[INFO] Changes detected - recompiling the module!
[INFO] Compiling 53 source files to /home/srafi/after-cam-ready/compare_/compile_repair_output/work/7c4c1af62173/circe-checksum/target/classes
[INFO] 
[INFO] --- nar-maven-plugin:3.5.2:nar-javah (default-nar-javah) @ circe-checksum ---
[INFO] Running /usr/lib/jvm/java-8-openjdk-amd64/bin/javah compiler on 2 classes...
[INFO] + /usr/lib/jvm/java-8-openjdk-amd64/bin/javah -classpath /home/srafi/after-cam-ready/compare_/compile_repair_output/work/7c4c1af62173/circe-checksum/target/classes:/home/srafi/.m2/repository/com/google/guava/guava/30.0-jre/guava-30.0-jre.jar:/home/srafi/.m2/repository/com/google/guava/failureaccess/1.0.1/failureaccess-1.0.1.jar:/home/srafi/.m2/repository/com/google/guava/listenablefuture/9999.0-empty-to-avoid-conflict-with-guava/listenablefuture-9999.0-empty-to-avoid-conflict-with-guava.jar:/home/srafi/.m2/repository/com/google/code/findbugs/jsr305/3.0.2/jsr305-3.0.2.jar:/home/srafi/.m2/repository/org/checkerframework/checker-qual/3.5.0/checker-qual-3.5.0.jar:/home/srafi/.m2/repository/com/google/errorprone/error_prone_annotations/2.4.0/error_prone_annotations-2.4.0.jar:/home/srafi/.m2/repository/com/google/j2objc/j2objc-annotations/1.3/j2objc-annotations-1.3.jar:/home/srafi/.m2/repository/io/netty/netty-buffer/4.1.68.Final/netty-buffer-4.1.68.Final.jar:/home/srafi/.m2/repository/io/netty/netty-common/4.1.68.Final/netty-common-4.1.68.Final.jar:/home/srafi/.m2/repository/org/projectlombok/lombok/1.18.20/lombok-1.18.20.jar:/home/srafi/.m2/repository/com/github/spotbugs/spotbugs-annotations/3.1.8/spotbugs-annotations-3.1.8.jar:/home/srafi/.m2/repository/org/slf4j/slf4j-api/1.7.32/slf4j-api-1.7.32.jar:/home/srafi/.m2/repository/commons-configuration/commons-configuration/1.10/commons-configuration-1.10.jar:/home/srafi/.m2/repository/commons-lang/commons-lang/2.6/commons-lang-2.6.jar:/home/srafi/.m2/repository/commons-logging/commons-logging/1.1.1/commons-logging-1.1.1.jar -d /home/srafi/after-cam-ready/compare_/compile_repair_output/work/7c4c1af62173/circe-checksum/target/nar/javah-include com.scurrilous.circe.crc.Sse42Crc32C com.scurrilous.circe.checksum.NarSystem
[INFO] 
[INFO] --- nar-maven-plugin:3.5.2:nar-gnu-make (default-nar-gnu-make) @ circe-checksum ---
[INFO] 
[INFO] --- nar-maven-plugin:3.5.2:nar-compile (default-nar-compile) @ circe-checksum ---
[INFO] Compiling 2 native files
[WARNING] No file matching patterns ("librt.a, librt.so) for library name "rt" was found.
[INFO] 2 total files to be compiled.
[INFO] Found 8 processors available
[INFO] Limited used processors to 2
[INFO] 
Starting Core 0 with 1 source files...
[INFO] 
Starting Core 1 with 1 source files...
[INFO] Linking...
[INFO] Starting link {11 -shared -lrt -fexceptions -lstdc++}
[INFO] 
[INFO] --- nar-maven-plugin:3.5.2:nar-gnu-process (default-nar-gnu-process) @ circe-checksum ---
[INFO] 
[INFO] --- nar-maven-plugin:3.5.2:nar-process-libraries (default-nar-process-libraries) @ circe-checksum ---
[info] Running process libraries
[info] Processing library Library: type: jni
[INFO] 
[INFO] --- nar-maven-plugin:3.5.2:nar-test-unpack (default-nar-test-unpack) @ circe-checksum ---
[INFO] Getting Nar dependencies
[INFO] Unpacking 0 dependencies to /home/srafi/after-cam-ready/compare_/compile_repair_output/work/7c4c1af62173/circe-checksum/target/test-nar
[INFO] 
[INFO] --- maven-resources-plugin:3.0.2:testResources (default-testResources) @ circe-checksum ---
[INFO] Using 'UTF-8' encoding to copy filtered resources.
[INFO] Copying 1 resource
[INFO] Copying 3 resources
[INFO] 
[INFO] --- maven-compiler-plugin:3.8.1:testCompile (default-testCompile) @ circe-checksum ---
[INFO] Changes detected - recompiling the module!
[INFO] Compiling 10 source files to /home/srafi/after-cam-ready/compare_/compile_repair_output/work/7c4c1af62173/circe-checksum/target/test-classes
[INFO] 
[INFO] --- nar-maven-plugin:3.5.2:nar-testCompile (default-nar-testCompile) @ circe-checksum ---
[INFO] 
[INFO] --- maven-surefire-plugin:3.0.0-M8-SNAPSHOT:test (default-test) @ circe-checksum ---
[INFO] Tests are skipped.
[INFO] 
[INFO] --- nar-maven-plugin:3.5.2:nar-test (default-nar-test) @ circe-checksum ---
[INFO] 
[INFO] --- nar-maven-plugin:3.5.2:nar-prepare-package (default-nar-prepare-package) @ circe-checksum ---
[INFO] 
[INFO] --- nar-maven-plugin:3.5.2:nar-package (default-nar-package) @ circe-checksum ---
[INFO] Building zip: /home/srafi/after-cam-ready/compare_/compile_repair_output/work/7c4c1af62173/circe-checksum/target/circe-checksum-4.15.0-SNAPSHOT-amd64-Linux-gpp-jni.nar
[INFO] 
[INFO] --- maven-jar-plugin:3.0.2:jar (default-jar) @ circe-checksum ---
[INFO] Building jar: /home/srafi/after-cam-ready/compare_/compile_repair_output/work/7c4c1af62173/circe-checksum/target/circe-checksum-4.15.0-SNAPSHOT.jar
[INFO] 
[INFO] --- maven-site-plugin:3.7:attach-descriptor (attach-descriptor) @ circe-checksum ---
[INFO] Skipping because packaging 'nar' is not pom.
[INFO] 
[INFO] >>> maven-source-plugin:2.2.1:jar (attach-sources) > generate-sources @ circe-checksum >>>
[INFO] 
[INFO] --- nar-maven-plugin:3.5.2:nar-validate (default-nar-validate) @ circe-checksum ---
[INFO] Using AOL: amd64-Linux-gpp
[INFO] 
[INFO] --- nar-maven-plugin:3.5.2:nar-download (default-nar-download) @ circe-checksum ---
[INFO] Getting Nar dependencies
[INFO] Getting Nar dependencies
[INFO] 
[INFO] --- nar-maven-plugin:3.5.2:nar-unpack (default-nar-unpack) @ circe-checksum ---
[INFO] Getting Nar dependencies
[INFO] Unpacking 0 dependencies to /home/srafi/after-cam-ready/compare_/compile_repair_output/work/7c4c1af62173/circe-checksum/target/nar
[INFO] 
[INFO] <<< maven-source-plugin:2.2.1:jar (attach-sources) < generate-sources @ circe-checksum <<<
[INFO] 
[INFO] 
[INFO] --- maven-source-plugin:2.2.1:jar (attach-sources) @ circe-checksum ---
[INFO] Building jar: /home/srafi/after-cam-ready/compare_/compile_repair_output/work/7c4c1af62173/circe-checksum/target/circe-checksum-4.15.0-SNAPSHOT-sources.jar
[INFO] 
[INFO] --- maven-assembly-plugin:3.1.0:single (make-assembly) @ circe-checksum ---
[INFO] Reading assembly descriptor: src/main/assembly/assembly.xml
[INFO] Building jar: /home/srafi/after-cam-ready/compare_/compile_repair_output/work/7c4c1af62173/circe-checksum/target/circe-checksum-4.15.0-SNAPSHOT.jar
[INFO] 
[INFO] --- nar-maven-plugin:3.5.2:nar-integration-test (default-nar-integration-test) @ circe-checksum ---
[INFO] Surefire report directory: /home/srafi/after-cam-ready/compare_/compile_repair_output/work/7c4c1af62173/circe-checksum/target/surefire-reports

-------------------------------------------------------
 T E S T S
-------------------------------------------------------
Running com.scurrilous.circe.crc.CRCTest
Tests run: 23, Failures: 0, Errors: 0, Skipped: 0, Time elapsed: 0.06 sec
Running com.scurrilous.circe.crc.CRCProvidersTest
Tests run: 5, Failures: 0, Errors: 0, Skipped: 0, Time elapsed: 0.049 sec
Running com.scurrilous.circe.impl.AbstractIncrementalIntHashTest
Tests run: 8, Failures: 0, Errors: 0, Skipped: 0, Time elapsed: 0.33 sec
Running com.scurrilous.circe.impl.AbstractIncrementalLongHashTest
Tests run: 8, Failures: 0, Errors: 0, Skipped: 0, Time elapsed: 0.294 sec
Running com.scurrilous.circe.CommonHashesTest
Tests run: 3, Failures: 0, Errors: 0, Skipped: 0, Time elapsed: 0.045 sec
Running com.scurrilous.circe.impl.AbstractStatefulHashTest
Tests run: 14, Failures: 0, Errors: 0, Skipped: 0, Time elapsed: 0.318 sec
Running com.scurrilous.circe.impl.AbstractStatelessIntHashTest
Tests run: 4, Failures: 0, Errors: 0, Skipped: 0, Time elapsed: 0.273 sec
Running com.scurrilous.circe.impl.AbstractStatelessLongHashTest
Tests run: 4, Failures: 0, Errors: 0, Skipped: 0, Time elapsed: 0.271 sec
Running com.scurrilous.circe.checksum.ChecksumTest
Tests run: 8, Failures: 0, Errors: 0, Skipped: 0, Time elapsed: 0.336 sec

Results :

Tests run: 77, Failures: 0, Errors: 0, Skipped: 0

[INFO] 
[INFO] --- maven-install-plugin:2.5.2:install (default-install) @ circe-checksum ---
[INFO] Installing /home/srafi/after-cam-ready/compare_/compile_repair_output/work/7c4c1af62173/circe-checksum/target/circe-checksum-4.15.0-SNAPSHOT.jar to /home/srafi/.m2/repository/org/apache/bookkeeper/circe-checksum/4.15.0-SNAPSHOT/circe-checksum-4.15.0-SNAPSHOT.nar
[INFO] Installing /home/srafi/after-cam-ready/compare_/compile_repair_output/work/7c4c1af62173/circe-checksum/pom.xml to /home/srafi/.m2/repository/org/apache/bookkeeper/circe-checksum/4.15.0-SNAPSHOT/circe-checksum-4.15.0-SNAPSHOT.pom
[INFO] Installing /home/srafi/after-cam-ready/compare_/compile_repair_output/work/7c4c1af62173/circe-checksum/target/circe-checksum-4.15.0-SNAPSHOT-amd64-Linux-gpp-jni.nar to /home/srafi/.m2/repository/org/apache/bookkeeper/circe-checksum/4.15.0-SNAPSHOT/circe-checksum-4.15.0-SNAPSHOT-amd64-Linux-gpp-jni.nar
[INFO] Installing /home/srafi/after-cam-ready/compare_/compile_repair_output/work/7c4c1af62173/circe-checksum/target/circe-checksum-4.15.0-SNAPSHOT-sources.jar to /home/srafi/.m2/repository/org/apache/bookkeeper/circe-checksum/4.15.0-SNAPSHOT/circe-checksum-4.15.0-SNAPSHOT-sources.jar
[INFO] Installing /home/srafi/after-cam-ready/compare_/compile_repair_output/work/7c4c1af62173/circe-checksum/target/circe-checksum-4.15.0-SNAPSHOT.jar to /home/srafi/.m2/repository/org/apache/bookkeeper/circe-checksum/4.15.0-SNAPSHOT/circe-checksum-4.15.0-SNAPSHOT.jar
[INFO] 
[INFO] ----------< org.apache.bookkeeper.stats:bookkeeper-stats-api >----------
[INFO] Building Apache BookKeeper :: Stats API 4.15.0-SNAPSHOT           [4/14]
[INFO] --------------------------------[ jar ]---------------------------------
[INFO] 
[INFO] --- maven-clean-plugin:3.0.0:clean (default-clean) @ bookkeeper-stats-api ---
[INFO] 
[INFO] --- maven-remote-resources-plugin:1.5:process (process-resource-bundles) @ bookkeeper-stats-api ---
[INFO] 
[INFO] --- maven-resources-plugin:3.0.2:resources (default-resources) @ bookkeeper-stats-api ---
[INFO] Using 'UTF-8' encoding to copy filtered resources.
[INFO] skip non existing resourceDirectory /home/srafi/after-cam-ready/compare_/compile_repair_output/work/7c4c1af62173/bookkeeper-stats/src/main/resources
[INFO] Copying 3 resources
[INFO] 
[INFO] --- maven-compiler-plugin:3.8.1:compile (default-compile) @ bookkeeper-stats-api ---
[INFO] Changes detected - recompiling the module!
[INFO] Compiling 15 source files to /home/srafi/after-cam-ready/compare_/compile_repair_output/work/7c4c1af62173/bookkeeper-stats/target/classes
[INFO] 
[INFO] --- maven-resources-plugin:3.0.2:testResources (default-testResources) @ bookkeeper-stats-api ---
[INFO] Using 'UTF-8' encoding to copy filtered resources.
[INFO] skip non existing resourceDirectory /home/srafi/after-cam-ready/compare_/compile_repair_output/work/7c4c1af62173/bookkeeper-stats/src/test/resources
[INFO] Copying 3 resources
[INFO] 
[INFO] --- maven-compiler-plugin:3.8.1:testCompile (default-testCompile) @ bookkeeper-stats-api ---
[INFO] No sources to compile
[INFO] 
[INFO] --- maven-surefire-plugin:3.0.0-M8-SNAPSHOT:test (default-test) @ bookkeeper-stats-api ---
[INFO] Tests are skipped.
[INFO] 
[INFO] --- maven-jar-plugin:3.0.2:jar (default-jar) @ bookkeeper-stats-api ---
[INFO] Building jar: /home/srafi/after-cam-ready/compare_/compile_repair_output/work/7c4c1af62173/bookkeeper-stats/target/bookkeeper-stats-api-4.15.0-SNAPSHOT.jar
[INFO] 
[INFO] --- maven-site-plugin:3.7:attach-descriptor (attach-descriptor) @ bookkeeper-stats-api ---
[INFO] Skipping because packaging 'jar' is not pom.
[INFO] 
[INFO] --- maven-javadoc-plugin:3.1.1:jar (attach-javadocs) @ bookkeeper-stats-api ---
[INFO] Skipping javadoc generation
[INFO] 
[INFO] >>> maven-source-plugin:2.2.1:jar (attach-sources) > generate-sources @ bookkeeper-stats-api >>>
[INFO] 
[INFO] <<< maven-source-plugin:2.2.1:jar (attach-sources) < generate-sources @ bookkeeper-stats-api <<<
[INFO] 
[INFO] 
[INFO] --- maven-source-plugin:2.2.1:jar (attach-sources) @ bookkeeper-stats-api ---
[INFO] Building jar: /home/srafi/after-cam-ready/compare_/compile_repair_output/work/7c4c1af62173/bookkeeper-stats/target/bookkeeper-stats-api-4.15.0-SNAPSHOT-sources.jar
[INFO] 
[INFO] --- maven-install-plugin:2.5.2:install (default-install) @ bookkeeper-stats-api ---
[INFO] Installing /home/srafi/after-cam-ready/compare_/compile_repair_output/work/7c4c1af62173/bookkeeper-stats/target/bookkeeper-stats-api-4.15.0-SNAPSHOT.jar to /home/srafi/.m2/repository/org/apache/bookkeeper/stats/bookkeeper-stats-api/4.15.0-SNAPSHOT/bookkeeper-stats-api-4.15.0-SNAPSHOT.jar
[INFO] Installing /home/srafi/after-cam-ready/compare_/compile_repair_output/work/7c4c1af62173/bookkeeper-stats/pom.xml to /home/srafi/.m2/repository/org/apache/bookkeeper/stats/bookkeeper-stats-api/4.15.0-SNAPSHOT/bookkeeper-stats-api-4.15.0-SNAPSHOT.pom
[INFO] Installing /home/srafi/after-cam-ready/compare_/compile_repair_output/work/7c4c1af62173/bookkeeper-stats/target/bookkeeper-stats-api-4.15.0-SNAPSHOT-sources.jar to /home/srafi/.m2/repository/org/apache/bookkeeper/stats/bookkeeper-stats-api/4.15.0-SNAPSHOT/bookkeeper-stats-api-4.15.0-SNAPSHOT-sources.jar
[INFO] 
[INFO] -----------------< org.apache.bookkeeper:cpu-affinity >-----------------
[INFO] Building Apache BookKeeper :: CPU Affinity Library 4.15.0-SNAPSHOT [5/14]
[INFO] --------------------------------[ nar ]---------------------------------
[INFO] 
[INFO] --- maven-clean-plugin:3.0.0:clean (default-clean) @ cpu-affinity ---
[INFO] 
[INFO] --- nar-maven-plugin:3.5.2:nar-validate (default-nar-validate) @ cpu-affinity ---
[INFO] Using AOL: amd64-Linux-gpp
[INFO] 
[INFO] --- nar-maven-plugin:3.5.2:nar-download (default-nar-download) @ cpu-affinity ---
[INFO] Getting Nar dependencies
[INFO] Getting Nar dependencies
[INFO] 
[INFO] --- nar-maven-plugin:3.5.2:nar-unpack (default-nar-unpack) @ cpu-affinity ---
[INFO] Getting Nar dependencies
[INFO] Unpacking 0 dependencies to /home/srafi/after-cam-ready/compare_/compile_repair_output/work/7c4c1af62173/cpu-affinity/target/nar
[INFO] 
[INFO] --- nar-maven-plugin:3.5.2:nar-gnu-configure (default-nar-gnu-configure) @ cpu-affinity ---
[INFO] 
[INFO] --- nar-maven-plugin:3.5.2:nar-system-generate (default-nar-system-generate) @ cpu-affinity ---
[INFO] Generating /home/srafi/after-cam-ready/compare_/compile_repair_output/work/7c4c1af62173/cpu-affinity/target/nar/nar-generated/org/apache/bookkeeper/utils/affinity/NarSystem.java
[INFO] Not using 'native-lib-loader' because it is not a dependency)
[INFO] 
[INFO] --- nar-maven-plugin:3.5.2:nar-vcproj (default-nar-vcproj) @ cpu-affinity ---
[INFO] 
[INFO] --- maven-remote-resources-plugin:1.5:process (process-resource-bundles) @ cpu-affinity ---
[INFO] 
[INFO] --- maven-resources-plugin:3.0.2:resources (default-resources) @ cpu-affinity ---
[INFO] Using 'UTF-8' encoding to copy filtered resources.
[INFO] skip non existing resourceDirectory /home/srafi/after-cam-ready/compare_/compile_repair_output/work/7c4c1af62173/cpu-affinity/src/main/resources
[INFO] Copying 3 resources
[INFO] 
[INFO] --- nar-maven-plugin:3.5.2:nar-resources (default-nar-resources) @ cpu-affinity ---
[INFO] Copied 0 resources
[INFO] 
[INFO] --- nar-maven-plugin:3.5.2:nar-gnu-resources (default-nar-gnu-resources) @ cpu-affinity ---
[INFO] 
[INFO] --- maven-compiler-plugin:3.8.1:compile (default-compile) @ cpu-affinity ---
[INFO] Changes detected - recompiling the module!
[INFO] Compiling 9 source files to /home/srafi/after-cam-ready/compare_/compile_repair_output/work/7c4c1af62173/cpu-affinity/target/classes
[INFO] 
[INFO] --- nar-maven-plugin:3.5.2:nar-javah (default-nar-javah) @ cpu-affinity ---
[INFO] Running /usr/lib/jvm/java-8-openjdk-amd64/bin/javah compiler on 2 classes...
[INFO] + /usr/lib/jvm/java-8-openjdk-amd64/bin/javah -classpath /home/srafi/after-cam-ready/compare_/compile_repair_output/work/7c4c1af62173/cpu-affinity/target/classes:/home/srafi/.m2/repository/com/google/guava/guava/30.0-jre/guava-30.0-jre.jar:/home/srafi/.m2/repository/com/google/guava/failureaccess/1.0.1/failureaccess-1.0.1.jar:/home/srafi/.m2/repository/com/google/guava/listenablefuture/9999.0-empty-to-avoid-conflict-with-guava/listenablefuture-9999.0-empty-to-avoid-conflict-with-guava.jar:/home/srafi/.m2/repository/com/google/code/findbugs/jsr305/3.0.2/jsr305-3.0.2.jar:/home/srafi/.m2/repository/org/checkerframework/checker-qual/3.5.0/checker-qual-3.5.0.jar:/home/srafi/.m2/repository/com/google/errorprone/error_prone_annotations/2.4.0/error_prone_annotations-2.4.0.jar:/home/srafi/.m2/repository/com/google/j2objc/j2objc-annotations/1.3/j2objc-annotations-1.3.jar:/home/srafi/.m2/repository/org/apache/commons/commons-lang3/3.6/commons-lang3-3.6.jar:/home/srafi/.m2/repository/org/projectlombok/lombok/1.18.20/lombok-1.18.20.jar:/home/srafi/.m2/repository/com/github/spotbugs/spotbugs-annotations/3.1.8/spotbugs-annotations-3.1.8.jar:/home/srafi/.m2/repository/org/slf4j/slf4j-api/1.7.32/slf4j-api-1.7.32.jar:/home/srafi/.m2/repository/commons-configuration/commons-configuration/1.10/commons-configuration-1.10.jar:/home/srafi/.m2/repository/commons-lang/commons-lang/2.6/commons-lang-2.6.jar:/home/srafi/.m2/repository/commons-logging/commons-logging/1.1.1/commons-logging-1.1.1.jar -d /home/srafi/after-cam-ready/compare_/compile_repair_output/work/7c4c1af62173/cpu-affinity/target/nar/javah-include org.apache.bookkeeper.common.util.affinity.impl.CpuAffinityJni org.apache.bookkeeper.utils.affinity.NarSystem
[INFO] 
[INFO] --- nar-maven-plugin:3.5.2:nar-gnu-make (default-nar-gnu-make) @ cpu-affinity ---
[INFO] 
[INFO] --- nar-maven-plugin:3.5.2:nar-compile (default-nar-compile) @ cpu-affinity ---
[INFO] Compiling 1 native files
[WARNING] No file matching patterns ("librt.a, librt.so) for library name "rt" was found.
[INFO] 1 total files to be compiled.
[INFO] Found 8 processors available
[INFO] Limited used processors to 1
[INFO] 
Starting Core 0 with 1 source files...
[INFO] Linking...
[INFO] Starting link {11 -shared -lrt -fexceptions -lstdc++}
[INFO] 
[INFO] --- nar-maven-plugin:3.5.2:nar-gnu-process (default-nar-gnu-process) @ cpu-affinity ---
[INFO] 
[INFO] --- nar-maven-plugin:3.5.2:nar-process-libraries (default-nar-process-libraries) @ cpu-affinity ---
[info] Running process libraries
[info] Processing library Library: type: jni
[INFO] 
[INFO] --- nar-maven-plugin:3.5.2:nar-test-unpack (default-nar-test-unpack) @ cpu-affinity ---
[INFO] Getting Nar dependencies
[INFO] Unpacking 0 dependencies to /home/srafi/after-cam-ready/compare_/compile_repair_output/work/7c4c1af62173/cpu-affinity/target/test-nar
[INFO] 
[INFO] --- maven-resources-plugin:3.0.2:testResources (default-testResources) @ cpu-affinity ---
[INFO] Using 'UTF-8' encoding to copy filtered resources.
[INFO] Copying 1 resource
[INFO] Copying 3 resources
[INFO] 
[INFO] --- maven-compiler-plugin:3.8.1:testCompile (default-testCompile) @ cpu-affinity ---
[INFO] Changes detected - recompiling the module!
[INFO] Compiling 2 source files to /home/srafi/after-cam-ready/compare_/compile_repair_output/work/7c4c1af62173/cpu-affinity/target/test-classes
[INFO] 
[INFO] --- nar-maven-plugin:3.5.2:nar-testCompile (default-nar-testCompile) @ cpu-affinity ---
[INFO] 
[INFO] --- maven-surefire-plugin:3.0.0-M8-SNAPSHOT:test (default-test) @ cpu-affinity ---
[INFO] Tests are skipped.
[INFO] 
[INFO] --- nar-maven-plugin:3.5.2:nar-test (default-nar-test) @ cpu-affinity ---
[INFO] 
[INFO] --- nar-maven-plugin:3.5.2:nar-prepare-package (default-nar-prepare-package) @ cpu-affinity ---
[INFO] 
[INFO] --- nar-maven-plugin:3.5.2:nar-package (default-nar-package) @ cpu-affinity ---
[INFO] Building zip: /home/srafi/after-cam-ready/compare_/compile_repair_output/work/7c4c1af62173/cpu-affinity/target/cpu-affinity-4.15.0-SNAPSHOT-amd64-Linux-gpp-jni.nar
[INFO] 
[INFO] --- maven-jar-plugin:3.0.2:jar (default-jar) @ cpu-affinity ---
[INFO] Building jar: /home/srafi/after-cam-ready/compare_/compile_repair_output/work/7c4c1af62173/cpu-affinity/target/cpu-affinity-4.15.0-SNAPSHOT.jar
[INFO] 
[INFO] --- maven-site-plugin:3.7:attach-descriptor (attach-descriptor) @ cpu-affinity ---
[INFO] Skipping because packaging 'nar' is not pom.
[INFO] 
[INFO] >>> maven-source-plugin:2.2.1:jar (attach-sources) > generate-sources @ cpu-affinity >>>
[INFO] 
[INFO] --- nar-maven-plugin:3.5.2:nar-validate (default-nar-validate) @ cpu-affinity ---
[INFO] Using AOL: amd64-Linux-gpp
[INFO] 
[INFO] --- nar-maven-plugin:3.5.2:nar-download (default-nar-download) @ cpu-affinity ---
[INFO] Getting Nar dependencies
[INFO] Getting Nar dependencies
[INFO] 
[INFO] --- nar-maven-plugin:3.5.2:nar-unpack (default-nar-unpack) @ cpu-affinity ---
[INFO] Getting Nar dependencies
[INFO] Unpacking 0 dependencies to /home/srafi/after-cam-ready/compare_/compile_repair_output/work/7c4c1af62173/cpu-affinity/target/nar
[INFO] 
[INFO] <<< maven-source-plugin:2.2.1:jar (attach-sources) < generate-sources @ cpu-affinity <<<
[INFO] 
[INFO] 
[INFO] --- maven-source-plugin:2.2.1:jar (attach-sources) @ cpu-affinity ---
[INFO] Building jar: /home/srafi/after-cam-ready/compare_/compile_repair_output/work/7c4c1af62173/cpu-affinity/target/cpu-affinity-4.15.0-SNAPSHOT-sources.jar
[INFO] 
[INFO] --- maven-assembly-plugin:3.1.0:single (make-assembly) @ cpu-affinity ---
[INFO] Reading assembly descriptor: src/main/assembly/assembly.xml
[INFO] Building jar: /home/srafi/after-cam-ready/compare_/compile_repair_output/work/7c4c1af62173/cpu-affinity/target/cpu-affinity-4.15.0-SNAPSHOT.jar
[INFO] 
[INFO] --- nar-maven-plugin:3.5.2:nar-integration-test (default-nar-integration-test) @ cpu-affinity ---
[INFO] Surefire report directory: /home/srafi/after-cam-ready/compare_/compile_repair_output/work/7c4c1af62173/cpu-affinity/target/surefire-reports

-------------------------------------------------------
 T E S T S
-------------------------------------------------------
Running org.apache.bookkeeper.common.util.affinity.impl.IsolatedProcessorsTest
Tests run: 1, Failures: 0, Errors: 0, Skipped: 0, Time elapsed: 0.255 sec
Running org.apache.bookkeeper.common.util.affinity.impl.CpuInfoTest
Tests run: 1, Failures: 0, Errors: 0, Skipped: 0, Time elapsed: 0.08 sec

Results :

Tests run: 2, Failures: 0, Errors: 0, Skipped: 0

[INFO] 
[INFO] --- maven-install-plugin:2.5.2:install (default-install) @ cpu-affinity ---
[INFO] Installing /home/srafi/after-cam-ready/compare_/compile_repair_output/work/7c4c1af62173/cpu-affinity/target/cpu-affinity-4.15.0-SNAPSHOT.jar to /home/srafi/.m2/repository/org/apache/bookkeeper/cpu-affinity/4.15.0-SNAPSHOT/cpu-affinity-4.15.0-SNAPSHOT.nar
[INFO] Installing /home/srafi/after-cam-ready/compare_/compile_repair_output/work/7c4c1af62173/cpu-affinity/pom.xml to /home/srafi/.m2/repository/org/apache/bookkeeper/cpu-affinity/4.15.0-SNAPSHOT/cpu-affinity-4.15.0-SNAPSHOT.pom
[INFO] Installing /home/srafi/after-cam-ready/compare_/compile_repair_output/work/7c4c1af62173/cpu-affinity/target/cpu-affinity-4.15.0-SNAPSHOT-amd64-Linux-gpp-jni.nar to /home/srafi/.m2/repository/org/apache/bookkeeper/cpu-affinity/4.15.0-SNAPSHOT/cpu-affinity-4.15.0-SNAPSHOT-amd64-Linux-gpp-jni.nar
[INFO] Installing /home/srafi/after-cam-ready/compare_/compile_repair_output/work/7c4c1af62173/cpu-affinity/target/cpu-affinity-4.15.0-SNAPSHOT-sources.jar to /home/srafi/.m2/repository/org/apache/bookkeeper/cpu-affinity/4.15.0-SNAPSHOT/cpu-affinity-4.15.0-SNAPSHOT-sources.jar
[INFO] Installing /home/srafi/after-cam-ready/compare_/compile_repair_output/work/7c4c1af62173/cpu-affinity/target/cpu-affinity-4.15.0-SNAPSHOT.jar to /home/srafi/.m2/repository/org/apache/bookkeeper/cpu-affinity/4.15.0-SNAPSHOT/cpu-affinity-4.15.0-SNAPSHOT.jar
[INFO] 
[INFO] --------------< org.apache.bookkeeper:bookkeeper-common >---------------
[INFO] Building Apache BookKeeper :: Common 4.15.0-SNAPSHOT              [6/14]
[INFO] --------------------------------[ jar ]---------------------------------
[INFO] 
[INFO] --- maven-clean-plugin:3.0.0:clean (default-clean) @ bookkeeper-common ---
[INFO] 
[INFO] --- maven-remote-resources-plugin:1.5:process (process-resource-bundles) @ bookkeeper-common ---
[INFO] 
[INFO] --- maven-resources-plugin:3.0.2:resources (default-resources) @ bookkeeper-common ---
[INFO] Using 'UTF-8' encoding to copy filtered resources.
[INFO] skip non existing resourceDirectory /home/srafi/after-cam-ready/compare_/compile_repair_output/work/7c4c1af62173/bookkeeper-common/src/main/resources
[INFO] Copying 3 resources
[INFO] 
[INFO] --- maven-compiler-plugin:3.8.1:compile (default-compile) @ bookkeeper-common ---
[INFO] Changes detected - recompiling the module!
[INFO] Compiling 61 source files to /home/srafi/after-cam-ready/compare_/compile_repair_output/work/7c4c1af62173/bookkeeper-common/target/classes
[INFO] 
[INFO] --- maven-resources-plugin:3.0.2:testResources (default-testResources) @ bookkeeper-common ---
[INFO] Using 'UTF-8' encoding to copy filtered resources.
[INFO] Copying 2 resources
[INFO] Copying 3 resources
[INFO] 
[INFO] --- maven-compiler-plugin:3.8.1:testCompile (default-testCompile) @ bookkeeper-common ---
[INFO] Changes detected - recompiling the module!
[INFO] Compiling 28 source files to /home/srafi/after-cam-ready/compare_/compile_repair_output/work/7c4c1af62173/bookkeeper-common/target/test-classes
[INFO] 
[INFO] --- maven-surefire-plugin:3.0.0-M8-SNAPSHOT:test (default-test) @ bookkeeper-common ---
[INFO] Tests are skipped.
[INFO] 
[INFO] --- maven-jar-plugin:2.4:jar (default-jar) @ bookkeeper-common ---
[INFO] Building jar: /home/srafi/after-cam-ready/compare_/compile_repair_output/work/7c4c1af62173/bookkeeper-common/target/bookkeeper-common-4.15.0-SNAPSHOT.jar
[INFO] 
[INFO] --- maven-site-plugin:3.7:attach-descriptor (attach-descriptor) @ bookkeeper-common ---
[INFO] Skipping because packaging 'jar' is not pom.
[INFO] 
[INFO] --- maven-jar-plugin:2.4:test-jar (default) @ bookkeeper-common ---
[INFO] Building jar: /home/srafi/after-cam-ready/compare_/compile_repair_output/work/7c4c1af62173/bookkeeper-common/target/bookkeeper-common-4.15.0-SNAPSHOT-tests.jar
[INFO] 
[INFO] >>> maven-source-plugin:2.2.1:jar (attach-sources) > generate-sources @ bookkeeper-common >>>
[INFO] 
[INFO] <<< maven-source-plugin:2.2.1:jar (attach-sources) < generate-sources @ bookkeeper-common <<<
[INFO] 
[INFO] 
[INFO] --- maven-source-plugin:2.2.1:jar (attach-sources) @ bookkeeper-common ---
[INFO] Building jar: /home/srafi/after-cam-ready/compare_/compile_repair_output/work/7c4c1af62173/bookkeeper-common/target/bookkeeper-common-4.15.0-SNAPSHOT-sources.jar
[INFO] 
[INFO] --- maven-install-plugin:2.5.2:install (default-install) @ bookkeeper-common ---
[INFO] Installing /home/srafi/after-cam-ready/compare_/compile_repair_output/work/7c4c1af62173/bookkeeper-common/target/bookkeeper-common-4.15.0-SNAPSHOT.jar to /home/srafi/.m2/repository/org/apache/bookkeeper/bookkeeper-common/4.15.0-SNAPSHOT/bookkeeper-common-4.15.0-SNAPSHOT.jar
[INFO] Installing /home/srafi/after-cam-ready/compare_/compile_repair_output/work/7c4c1af62173/bookkeeper-common/pom.xml to /home/srafi/.m2/repository/org/apache/bookkeeper/bookkeeper-common/4.15.0-SNAPSHOT/bookkeeper-common-4.15.0-SNAPSHOT.pom
[INFO] Installing /home/srafi/after-cam-ready/compare_/compile_repair_output/work/7c4c1af62173/bookkeeper-common/target/bookkeeper-common-4.15.0-SNAPSHOT-tests.jar to /home/srafi/.m2/repository/org/apache/bookkeeper/bookkeeper-common/4.15.0-SNAPSHOT/bookkeeper-common-4.15.0-SNAPSHOT-tests.jar
[INFO] Installing /home/srafi/after-cam-ready/compare_/compile_repair_output/work/7c4c1af62173/bookkeeper-common/target/bookkeeper-common-4.15.0-SNAPSHOT-sources.jar to /home/srafi/.m2/repository/org/apache/bookkeeper/bookkeeper-common/4.15.0-SNAPSHOT/bookkeeper-common-4.15.0-SNAPSHOT-sources.jar
[INFO] 
[INFO] ---------< org.apache.bookkeeper:bookkeeper-common-allocator >----------
[INFO] Building Apache BookKeeper :: Common :: Allocator 4.15.0-SNAPSHOT [7/14]
[INFO] --------------------------------[ jar ]---------------------------------
[INFO] 
[INFO] --- maven-clean-plugin:3.0.0:clean (default-clean) @ bookkeeper-common-allocator ---
[INFO] 
[INFO] --- maven-remote-resources-plugin:1.5:process (process-resource-bundles) @ bookkeeper-common-allocator ---
[INFO] 
[INFO] --- maven-resources-plugin:3.0.2:resources (default-resources) @ bookkeeper-common-allocator ---
[INFO] Using 'UTF-8' encoding to copy filtered resources.
[INFO] skip non existing resourceDirectory /home/srafi/after-cam-ready/compare_/compile_repair_output/work/7c4c1af62173/bookkeeper-common-allocator/src/main/resources
[INFO] Copying 3 resources
[INFO] 
[INFO] --- maven-compiler-plugin:3.8.1:compile (default-compile) @ bookkeeper-common-allocator ---
[INFO] Changes detected - recompiling the module!
[INFO] Compiling 8 source files to /home/srafi/after-cam-ready/compare_/compile_repair_output/work/7c4c1af62173/bookkeeper-common-allocator/target/classes
[INFO] 
[INFO] --- maven-resources-plugin:3.0.2:testResources (default-testResources) @ bookkeeper-common-allocator ---
[INFO] Using 'UTF-8' encoding to copy filtered resources.
[INFO] skip non existing resourceDirectory /home/srafi/after-cam-ready/compare_/compile_repair_output/work/7c4c1af62173/bookkeeper-common-allocator/src/test/resources
[INFO] Copying 3 resources
[INFO] 
[INFO] --- maven-compiler-plugin:3.8.1:testCompile (default-testCompile) @ bookkeeper-common-allocator ---
[INFO] Changes detected - recompiling the module!
[INFO] Compiling 1 source file to /home/srafi/after-cam-ready/compare_/compile_repair_output/work/7c4c1af62173/bookkeeper-common-allocator/target/test-classes
[INFO] 
[INFO] --- maven-surefire-plugin:3.0.0-M8-SNAPSHOT:test (default-test) @ bookkeeper-common-allocator ---
[INFO] Tests are skipped.
[INFO] 
[INFO] --- maven-jar-plugin:3.0.2:jar (default-jar) @ bookkeeper-common-allocator ---
[INFO] Building jar: /home/srafi/after-cam-ready/compare_/compile_repair_output/work/7c4c1af62173/bookkeeper-common-allocator/target/bookkeeper-common-allocator-4.15.0-SNAPSHOT.jar
[INFO] 
[INFO] --- maven-site-plugin:3.7:attach-descriptor (attach-descriptor) @ bookkeeper-common-allocator ---
[INFO] Skipping because packaging 'jar' is not pom.
[INFO] 
[INFO] --- maven-jar-plugin:3.0.2:test-jar (default) @ bookkeeper-common-allocator ---
[INFO] Building jar: /home/srafi/after-cam-ready/compare_/compile_repair_output/work/7c4c1af62173/bookkeeper-common-allocator/target/bookkeeper-common-allocator-4.15.0-SNAPSHOT-tests.jar
[INFO] 
[INFO] >>> maven-source-plugin:2.2.1:jar (attach-sources) > generate-sources @ bookkeeper-common-allocator >>>
[INFO] 
[INFO] <<< maven-source-plugin:2.2.1:jar (attach-sources) < generate-sources @ bookkeeper-common-allocator <<<
[INFO] 
[INFO] 
[INFO] --- maven-source-plugin:2.2.1:jar (attach-sources) @ bookkeeper-common-allocator ---
[INFO] Building jar: /home/srafi/after-cam-ready/compare_/compile_repair_output/work/7c4c1af62173/bookkeeper-common-allocator/target/bookkeeper-common-allocator-4.15.0-SNAPSHOT-sources.jar
[INFO] 
[INFO] --- maven-install-plugin:2.5.2:install (default-install) @ bookkeeper-common-allocator ---
[INFO] Installing /home/srafi/after-cam-ready/compare_/compile_repair_output/work/7c4c1af62173/bookkeeper-common-allocator/target/bookkeeper-common-allocator-4.15.0-SNAPSHOT.jar to /home/srafi/.m2/repository/org/apache/bookkeeper/bookkeeper-common-allocator/4.15.0-SNAPSHOT/bookkeeper-common-allocator-4.15.0-SNAPSHOT.jar
[INFO] Installing /home/srafi/after-cam-ready/compare_/compile_repair_output/work/7c4c1af62173/bookkeeper-common-allocator/pom.xml to /home/srafi/.m2/repository/org/apache/bookkeeper/bookkeeper-common-allocator/4.15.0-SNAPSHOT/bookkeeper-common-allocator-4.15.0-SNAPSHOT.pom
[INFO] Installing /home/srafi/after-cam-ready/compare_/compile_repair_output/work/7c4c1af62173/bookkeeper-common-allocator/target/bookkeeper-common-allocator-4.15.0-SNAPSHOT-tests.jar to /home/srafi/.m2/repository/org/apache/bookkeeper/bookkeeper-common-allocator/4.15.0-SNAPSHOT/bookkeeper-common-allocator-4.15.0-SNAPSHOT-tests.jar
[INFO] Installing /home/srafi/after-cam-ready/compare_/compile_repair_output/work/7c4c1af62173/bookkeeper-common-allocator/target/bookkeeper-common-allocator-4.15.0-SNAPSHOT-sources.jar to /home/srafi/.m2/repository/org/apache/bookkeeper/bookkeeper-common-allocator/4.15.0-SNAPSHOT/bookkeeper-common-allocator-4.15.0-SNAPSHOT-sources.jar
[INFO] 
[INFO] ---------------< org.apache.bookkeeper:bookkeeper-proto >---------------
[INFO] Building Apache BookKeeper :: Protocols 4.15.0-SNAPSHOT           [8/14]
[INFO] --------------------------------[ jar ]---------------------------------
[INFO] 
[INFO] --- maven-clean-plugin:3.0.0:clean (default-clean) @ bookkeeper-proto ---
[INFO] 
[INFO] --- protobuf-maven-plugin:0.6.1:compile (default) @ bookkeeper-proto ---
[INFO] Compiling 3 proto file(s) to /home/srafi/after-cam-ready/compare_/compile_repair_output/work/7c4c1af62173/bookkeeper-proto/target/generated-sources/protobuf/java
[INFO] 
[INFO] --- maven-remote-resources-plugin:1.5:process (process-resource-bundles) @ bookkeeper-proto ---
[INFO] 
[INFO] --- maven-resources-plugin:3.0.2:resources (default-resources) @ bookkeeper-proto ---
[INFO] Using 'UTF-8' encoding to copy filtered resources.
[INFO] skip non existing resourceDirectory /home/srafi/after-cam-ready/compare_/compile_repair_output/work/7c4c1af62173/bookkeeper-proto/src/main/resources
[INFO] Copying 3 resources
[INFO] Copying 3 resources
[INFO] 
[INFO] --- maven-compiler-plugin:3.8.1:compile (default-compile) @ bookkeeper-proto ---
[INFO] Changes detected - recompiling the module!
[INFO] Compiling 3 source files to /home/srafi/after-cam-ready/compare_/compile_repair_output/work/7c4c1af62173/bookkeeper-proto/target/classes
[INFO] 
[INFO] --- maven-resources-plugin:3.0.2:testResources (default-testResources) @ bookkeeper-proto ---
[INFO] Using 'UTF-8' encoding to copy filtered resources.
[INFO] skip non existing resourceDirectory /home/srafi/after-cam-ready/compare_/compile_repair_output/work/7c4c1af62173/bookkeeper-proto/src/test/resources
[INFO] Copying 3 resources
[INFO] 
[INFO] --- maven-compiler-plugin:3.8.1:testCompile (default-testCompile) @ bookkeeper-proto ---
[INFO] No sources to compile
[INFO] 
[INFO] --- maven-surefire-plugin:3.0.0-M8-SNAPSHOT:test (default-test) @ bookkeeper-proto ---
[INFO] Tests are skipped.
[INFO] 
[INFO] --- maven-jar-plugin:3.0.2:jar (default-jar) @ bookkeeper-proto ---
[INFO] Building jar: /home/srafi/after-cam-ready/compare_/compile_repair_output/work/7c4c1af62173/bookkeeper-proto/target/bookkeeper-proto-4.15.0-SNAPSHOT.jar
[INFO] 
[INFO] --- maven-site-plugin:3.7:attach-descriptor (attach-descriptor) @ bookkeeper-proto ---
[INFO] Skipping because packaging 'jar' is not pom.
[INFO] 
[INFO] >>> maven-source-plugin:2.2.1:jar (attach-sources) > generate-sources @ bookkeeper-proto >>>
[INFO] 
[INFO] --- protobuf-maven-plugin:0.6.1:compile (default) @ bookkeeper-proto ---
[INFO] Skipping compilation because target directory newer than sources.
[INFO] 
[INFO] <<< maven-source-plugin:2.2.1:jar (attach-sources) < generate-sources @ bookkeeper-proto <<<
[INFO] 
[INFO] 
[INFO] --- maven-source-plugin:2.2.1:jar (attach-sources) @ bookkeeper-proto ---
[INFO] Building jar: /home/srafi/after-cam-ready/compare_/compile_repair_output/work/7c4c1af62173/bookkeeper-proto/target/bookkeeper-proto-4.15.0-SNAPSHOT-sources.jar
[INFO] 
[INFO] --- maven-install-plugin:2.5.2:install (default-install) @ bookkeeper-proto ---
[INFO] Installing /home/srafi/after-cam-ready/compare_/compile_repair_output/work/7c4c1af62173/bookkeeper-proto/target/bookkeeper-proto-4.15.0-SNAPSHOT.jar to /home/srafi/.m2/repository/org/apache/bookkeeper/bookkeeper-proto/4.15.0-SNAPSHOT/bookkeeper-proto-4.15.0-SNAPSHOT.jar
[INFO] Installing /home/srafi/after-cam-ready/compare_/compile_repair_output/work/7c4c1af62173/bookkeeper-proto/pom.xml to /home/srafi/.m2/repository/org/apache/bookkeeper/bookkeeper-proto/4.15.0-SNAPSHOT/bookkeeper-proto-4.15.0-SNAPSHOT.pom
[INFO] Installing /home/srafi/after-cam-ready/compare_/compile_repair_output/work/7c4c1af62173/bookkeeper-proto/target/bookkeeper-proto-4.15.0-SNAPSHOT-sources.jar to /home/srafi/.m2/repository/org/apache/bookkeeper/bookkeeper-proto/4.15.0-SNAPSHOT/bookkeeper-proto-4.15.0-SNAPSHOT-sources.jar
[INFO] 
[INFO] -----------< org.apache.bookkeeper:bookkeeper-tools-parent >------------
[INFO] Building Apache BookKeeper :: Tools :: Parent 4.15.0-SNAPSHOT     [9/14]
[INFO] --------------------------------[ pom ]---------------------------------
[INFO] 
[INFO] --- maven-clean-plugin:3.0.0:clean (default-clean) @ bookkeeper-tools-parent ---
[INFO] 
[INFO] --- maven-remote-resources-plugin:1.5:process (process-resource-bundles) @ bookkeeper-tools-parent ---
[INFO] 
[INFO] --- maven-site-plugin:3.7:attach-descriptor (attach-descriptor) @ bookkeeper-tools-parent ---
[INFO] No site descriptor found: nothing to attach.
[INFO] 
[INFO] >>> maven-source-plugin:2.2.1:jar (attach-sources) > generate-sources @ bookkeeper-tools-parent >>>
[INFO] 
[INFO] <<< maven-source-plugin:2.2.1:jar (attach-sources) < generate-sources @ bookkeeper-tools-parent <<<
[INFO] 
[INFO] 
[INFO] --- maven-source-plugin:2.2.1:jar (attach-sources) @ bookkeeper-tools-parent ---
[INFO] 
[INFO] --- maven-install-plugin:2.5.2:install (default-install) @ bookkeeper-tools-parent ---
[INFO] Installing /home/srafi/after-cam-ready/compare_/compile_repair_output/work/7c4c1af62173/tools/pom.xml to /home/srafi/.m2/repository/org/apache/bookkeeper/bookkeeper-tools-parent/4.15.0-SNAPSHOT/bookkeeper-tools-parent-4.15.0-SNAPSHOT.pom
[INFO] 
[INFO] ----------< org.apache.bookkeeper:bookkeeper-tools-framework >----------
[INFO] Building Apache BookKeeper :: Tools :: Framework 4.15.0-SNAPSHOT [10/14]
[INFO] --------------------------------[ jar ]---------------------------------
[INFO] 
[INFO] --- maven-clean-plugin:3.0.0:clean (default-clean) @ bookkeeper-tools-framework ---
[INFO] 
[INFO] --- maven-remote-resources-plugin:1.5:process (process-resource-bundles) @ bookkeeper-tools-framework ---
[INFO] 
[INFO] --- maven-resources-plugin:3.0.2:resources (default-resources) @ bookkeeper-tools-framework ---
[INFO] Using 'UTF-8' encoding to copy filtered resources.
[INFO] skip non existing resourceDirectory /home/srafi/after-cam-ready/compare_/compile_repair_output/work/7c4c1af62173/tools/framework/src/main/resources
[INFO] Copying 3 resources
[INFO] 
[INFO] --- maven-compiler-plugin:3.8.1:compile (default-compile) @ bookkeeper-tools-framework ---
[INFO] Changes detected - recompiling the module!
[INFO] Compiling 14 source files to /home/srafi/after-cam-ready/compare_/compile_repair_output/work/7c4c1af62173/tools/framework/target/classes
[INFO] 
[INFO] --- maven-resources-plugin:3.0.2:testResources (default-testResources) @ bookkeeper-tools-framework ---
[INFO] Using 'UTF-8' encoding to copy filtered resources.
[INFO] skip non existing resourceDirectory /home/srafi/after-cam-ready/compare_/compile_repair_output/work/7c4c1af62173/tools/framework/src/test/resources
[INFO] Copying 3 resources
[INFO] 
[INFO] --- maven-compiler-plugin:3.8.1:testCompile (default-testCompile) @ bookkeeper-tools-framework ---
[INFO] Changes detected - recompiling the module!
[INFO] Compiling 3 source files to /home/srafi/after-cam-ready/compare_/compile_repair_output/work/7c4c1af62173/tools/framework/target/test-classes
[INFO] 
[INFO] --- maven-surefire-plugin:3.0.0-M8-SNAPSHOT:test (default-test) @ bookkeeper-tools-framework ---
[INFO] Tests are skipped.
[INFO] 
[INFO] --- maven-jar-plugin:3.0.2:jar (default-jar) @ bookkeeper-tools-framework ---
[INFO] Building jar: /home/srafi/after-cam-ready/compare_/compile_repair_output/work/7c4c1af62173/tools/framework/target/bookkeeper-tools-framework-4.15.0-SNAPSHOT.jar
[INFO] 
[INFO] --- maven-site-plugin:3.7:attach-descriptor (attach-descriptor) @ bookkeeper-tools-framework ---
[INFO] Skipping because packaging 'jar' is not pom.
[INFO] 
[INFO] >>> maven-source-plugin:2.2.1:jar (attach-sources) > generate-sources @ bookkeeper-tools-framework >>>
[INFO] 
[INFO] <<< maven-source-plugin:2.2.1:jar (attach-sources) < generate-sources @ bookkeeper-tools-framework <<<
[INFO] 
[INFO] 
[INFO] --- maven-source-plugin:2.2.1:jar (attach-sources) @ bookkeeper-tools-framework ---
[INFO] Building jar: /home/srafi/after-cam-ready/compare_/compile_repair_output/work/7c4c1af62173/tools/framework/target/bookkeeper-tools-framework-4.15.0-SNAPSHOT-sources.jar
[INFO] 
[INFO] --- maven-install-plugin:2.5.2:install (default-install) @ bookkeeper-tools-framework ---
[INFO] Installing /home/srafi/after-cam-ready/compare_/compile_repair_output/work/7c4c1af62173/tools/framework/target/bookkeeper-tools-framework-4.15.0-SNAPSHOT.jar to /home/srafi/.m2/repository/org/apache/bookkeeper/bookkeeper-tools-framework/4.15.0-SNAPSHOT/bookkeeper-tools-framework-4.15.0-SNAPSHOT.jar
[INFO] Installing /home/srafi/after-cam-ready/compare_/compile_repair_output/work/7c4c1af62173/tools/framework/pom.xml to /home/srafi/.m2/repository/org/apache/bookkeeper/bookkeeper-tools-framework/4.15.0-SNAPSHOT/bookkeeper-tools-framework-4.15.0-SNAPSHOT.pom
[INFO] Installing /home/srafi/after-cam-ready/compare_/compile_repair_output/work/7c4c1af62173/tools/framework/target/bookkeeper-tools-framework-4.15.0-SNAPSHOT-sources.jar to /home/srafi/.m2/repository/org/apache/bookkeeper/bookkeeper-tools-framework/4.15.0-SNAPSHOT/bookkeeper-tools-framework-4.15.0-SNAPSHOT-sources.jar
[INFO] 
[INFO] ---------------< org.apache.bookkeeper.http:http-server >---------------
[INFO] Building Apache BookKeeper :: Http :: Http Server 4.15.0-SNAPSHOT [11/14]
[INFO] --------------------------------[ jar ]---------------------------------
[INFO] 
[INFO] --- maven-clean-plugin:3.0.0:clean (default-clean) @ http-server ---
[INFO] 
[INFO] --- maven-remote-resources-plugin:1.5:process (process-resource-bundles) @ http-server ---
[INFO] 
[INFO] --- maven-resources-plugin:3.0.2:resources (default-resources) @ http-server ---
[INFO] Using 'UTF-8' encoding to copy filtered resources.
[INFO] skip non existing resourceDirectory /home/srafi/after-cam-ready/compare_/compile_repair_output/work/7c4c1af62173/bookkeeper-http/http-server/src/main/resources
[INFO] Copying 3 resources
[INFO] 
[INFO] --- maven-compiler-plugin:3.8.1:compile (default-compile) @ http-server ---
[INFO] Changes detected - recompiling the module!
[INFO] Compiling 14 source files to /home/srafi/after-cam-ready/compare_/compile_repair_output/work/7c4c1af62173/bookkeeper-http/http-server/target/classes
[INFO] 
[INFO] --- maven-resources-plugin:3.0.2:testResources (default-testResources) @ http-server ---
[INFO] Using 'UTF-8' encoding to copy filtered resources.
[INFO] skip non existing resourceDirectory /home/srafi/after-cam-ready/compare_/compile_repair_output/work/7c4c1af62173/bookkeeper-http/http-server/src/test/resources
[INFO] Copying 3 resources
[INFO] 
[INFO] --- maven-compiler-plugin:3.8.1:testCompile (default-testCompile) @ http-server ---
[INFO] No sources to compile
[INFO] 
[INFO] --- maven-surefire-plugin:3.0.0-M8-SNAPSHOT:test (default-test) @ http-server ---
[INFO] Tests are skipped.
[INFO] 
[INFO] --- maven-jar-plugin:3.0.2:jar (default-jar) @ http-server ---
[INFO] Building jar: /home/srafi/after-cam-ready/compare_/compile_repair_output/work/7c4c1af62173/bookkeeper-http/http-server/target/http-server-4.15.0-SNAPSHOT.jar
[INFO] 
[INFO] --- maven-site-plugin:3.7:attach-descriptor (attach-descriptor) @ http-server ---
[INFO] Skipping because packaging 'jar' is not pom.
[INFO] 
[INFO] >>> maven-source-plugin:2.2.1:jar (attach-sources) > generate-sources @ http-server >>>
[INFO] 
[INFO] <<< maven-source-plugin:2.2.1:jar (attach-sources) < generate-sources @ http-server <<<
[INFO] 
[INFO] 
[INFO] --- maven-source-plugin:2.2.1:jar (attach-sources) @ http-server ---
[INFO] Building jar: /home/srafi/after-cam-ready/compare_/compile_repair_output/work/7c4c1af62173/bookkeeper-http/http-server/target/http-server-4.15.0-SNAPSHOT-sources.jar
[INFO] 
[INFO] --- maven-install-plugin:2.5.2:install (default-install) @ http-server ---
[INFO] Installing /home/srafi/after-cam-ready/compare_/compile_repair_output/work/7c4c1af62173/bookkeeper-http/http-server/target/http-server-4.15.0-SNAPSHOT.jar to /home/srafi/.m2/repository/org/apache/bookkeeper/http/http-server/4.15.0-SNAPSHOT/http-server-4.15.0-SNAPSHOT.jar
[INFO] Installing /home/srafi/after-cam-ready/compare_/compile_repair_output/work/7c4c1af62173/bookkeeper-http/http-server/pom.xml to /home/srafi/.m2/repository/org/apache/bookkeeper/http/http-server/4.15.0-SNAPSHOT/http-server-4.15.0-SNAPSHOT.pom
[INFO] Installing /home/srafi/after-cam-ready/compare_/compile_repair_output/work/7c4c1af62173/bookkeeper-http/http-server/target/http-server-4.15.0-SNAPSHOT-sources.jar to /home/srafi/.m2/repository/org/apache/bookkeeper/http/http-server/4.15.0-SNAPSHOT/http-server-4.15.0-SNAPSHOT-sources.jar
[INFO] 
[INFO] ------< org.apache.bookkeeper.stats:prometheus-metrics-provider >-------
[INFO] Building Apache BookKeeper :: Stats Providers :: Prometheus 4.15.0-SNAPSHOT [12/14]
[INFO] --------------------------------[ jar ]---------------------------------
[INFO] 
[INFO] --- maven-clean-plugin:3.0.0:clean (default-clean) @ prometheus-metrics-provider ---
[INFO] 
[INFO] --- maven-remote-resources-plugin:1.5:process (process-resource-bundles) @ prometheus-metrics-provider ---
[INFO] 
[INFO] --- maven-resources-plugin:3.0.2:resources (default-resources) @ prometheus-metrics-provider ---
[INFO] Using 'UTF-8' encoding to copy filtered resources.
[INFO] skip non existing resourceDirectory /home/srafi/after-cam-ready/compare_/compile_repair_output/work/7c4c1af62173/bookkeeper-stats-providers/prometheus-metrics-provider/src/main/resources
[INFO] Copying 3 resources
[INFO] 
[INFO] --- maven-compiler-plugin:3.8.1:compile (default-compile) @ prometheus-metrics-provider ---
[INFO] Changes detected - recompiling the module!
[INFO] Compiling 11 source files to /home/srafi/after-cam-ready/compare_/compile_repair_output/work/7c4c1af62173/bookkeeper-stats-providers/prometheus-metrics-provider/target/classes
[INFO] 
[INFO] --- maven-resources-plugin:3.0.2:testResources (default-testResources) @ prometheus-metrics-provider ---
[INFO] Using 'UTF-8' encoding to copy filtered resources.
[INFO] skip non existing resourceDirectory /home/srafi/after-cam-ready/compare_/compile_repair_output/work/7c4c1af62173/bookkeeper-stats-providers/prometheus-metrics-provider/src/test/resources
[INFO] Copying 3 resources
[INFO] 
[INFO] --- maven-compiler-plugin:3.8.1:testCompile (default-testCompile) @ prometheus-metrics-provider ---
[INFO] Changes detected - recompiling the module!
[INFO] Compiling 2 source files to /home/srafi/after-cam-ready/compare_/compile_repair_output/work/7c4c1af62173/bookkeeper-stats-providers/prometheus-metrics-provider/target/test-classes
[INFO] 
[INFO] --- maven-surefire-plugin:3.0.0-M8-SNAPSHOT:test (default-test) @ prometheus-metrics-provider ---
[INFO] Tests are skipped.
[INFO] 
[INFO] --- maven-jar-plugin:3.0.2:jar (default-jar) @ prometheus-metrics-provider ---
[INFO] Building jar: /home/srafi/after-cam-ready/compare_/compile_repair_output/work/7c4c1af62173/bookkeeper-stats-providers/prometheus-metrics-provider/target/prometheus-metrics-provider-4.15.0-SNAPSHOT.jar
[INFO] 
[INFO] --- maven-site-plugin:3.7:attach-descriptor (attach-descriptor) @ prometheus-metrics-provider ---
[INFO] Skipping because packaging 'jar' is not pom.
[INFO] 
[INFO] >>> maven-source-plugin:2.2.1:jar (attach-sources) > generate-sources @ prometheus-metrics-provider >>>
[INFO] 
[INFO] <<< maven-source-plugin:2.2.1:jar (attach-sources) < generate-sources @ prometheus-metrics-provider <<<
[INFO] 
[INFO] 
[INFO] --- maven-source-plugin:2.2.1:jar (attach-sources) @ prometheus-metrics-provider ---
[INFO] Building jar: /home/srafi/after-cam-ready/compare_/compile_repair_output/work/7c4c1af62173/bookkeeper-stats-providers/prometheus-metrics-provider/target/prometheus-metrics-provider-4.15.0-SNAPSHOT-sources.jar
[INFO] 
[INFO] --- maven-install-plugin:2.5.2:install (default-install) @ prometheus-metrics-provider ---
[INFO] Installing /home/srafi/after-cam-ready/compare_/compile_repair_output/work/7c4c1af62173/bookkeeper-stats-providers/prometheus-metrics-provider/target/prometheus-metrics-provider-4.15.0-SNAPSHOT.jar to /home/srafi/.m2/repository/org/apache/bookkeeper/stats/prometheus-metrics-provider/4.15.0-SNAPSHOT/prometheus-metrics-provider-4.15.0-SNAPSHOT.jar
[INFO] Installing /home/srafi/after-cam-ready/compare_/compile_repair_output/work/7c4c1af62173/bookkeeper-stats-providers/prometheus-metrics-provider/pom.xml to /home/srafi/.m2/repository/org/apache/bookkeeper/stats/prometheus-metrics-provider/4.15.0-SNAPSHOT/prometheus-metrics-provider-4.15.0-SNAPSHOT.pom
[INFO] Installing /home/srafi/after-cam-ready/compare_/compile_repair_output/work/7c4c1af62173/bookkeeper-stats-providers/prometheus-metrics-provider/target/prometheus-metrics-provider-4.15.0-SNAPSHOT-sources.jar to /home/srafi/.m2/repository/org/apache/bookkeeper/stats/prometheus-metrics-provider/4.15.0-SNAPSHOT/prometheus-metrics-provider-4.15.0-SNAPSHOT-sources.jar
[INFO] 
[INFO] ------------< org.apache.bookkeeper.http:vertx-http-server >------------
[INFO] Building Apache BookKeeper :: Bookkeeper Http :: Vertx Http Server 4.15.0-SNAPSHOT [13/14]
[INFO] --------------------------------[ jar ]---------------------------------
[INFO] 
[INFO] --- maven-clean-plugin:3.0.0:clean (default-clean) @ vertx-http-server ---
[INFO] 
[INFO] --- maven-remote-resources-plugin:1.5:process (process-resource-bundles) @ vertx-http-server ---
[INFO] 
[INFO] --- maven-resources-plugin:3.0.2:resources (default-resources) @ vertx-http-server ---
[INFO] Using 'UTF-8' encoding to copy filtered resources.
[INFO] skip non existing resourceDirectory /home/srafi/after-cam-ready/compare_/compile_repair_output/work/7c4c1af62173/bookkeeper-http/vertx-http-server/src/main/resources
[INFO] Copying 3 resources
[INFO] 
[INFO] --- maven-compiler-plugin:3.8.1:compile (default-compile) @ vertx-http-server ---
[INFO] Changes detected - recompiling the module!
[INFO] Compiling 4 source files to /home/srafi/after-cam-ready/compare_/compile_repair_output/work/7c4c1af62173/bookkeeper-http/vertx-http-server/target/classes
[INFO] 
[INFO] --- maven-resources-plugin:3.0.2:testResources (default-testResources) @ vertx-http-server ---
[INFO] Using 'UTF-8' encoding to copy filtered resources.
[INFO] skip non existing resourceDirectory /home/srafi/after-cam-ready/compare_/compile_repair_output/work/7c4c1af62173/bookkeeper-http/vertx-http-server/src/test/resources
[INFO] Copying 3 resources
[INFO] 
[INFO] --- maven-compiler-plugin:3.8.1:testCompile (default-testCompile) @ vertx-http-server ---
[INFO] Changes detected - recompiling the module!
[INFO] Compiling 1 source file to /home/srafi/after-cam-ready/compare_/compile_repair_output/work/7c4c1af62173/bookkeeper-http/vertx-http-server/target/test-classes
[INFO] 
[INFO] --- maven-surefire-plugin:3.0.0-M8-SNAPSHOT:test (default-test) @ vertx-http-server ---
[INFO] Tests are skipped.
[INFO] 
[INFO] --- maven-jar-plugin:3.0.2:jar (default-jar) @ vertx-http-server ---
[INFO] Building jar: /home/srafi/after-cam-ready/compare_/compile_repair_output/work/7c4c1af62173/bookkeeper-http/vertx-http-server/target/vertx-http-server-4.15.0-SNAPSHOT.jar
[INFO] 
[INFO] --- maven-site-plugin:3.7:attach-descriptor (attach-descriptor) @ vertx-http-server ---
[INFO] Skipping because packaging 'jar' is not pom.
[INFO] 
[INFO] >>> maven-source-plugin:2.2.1:jar (attach-sources) > generate-sources @ vertx-http-server >>>
[INFO] 
[INFO] <<< maven-source-plugin:2.2.1:jar (attach-sources) < generate-sources @ vertx-http-server <<<
[INFO] 
[INFO] 
[INFO] --- maven-source-plugin:2.2.1:jar (attach-sources) @ vertx-http-server ---
[INFO] Building jar: /home/srafi/after-cam-ready/compare_/compile_repair_output/work/7c4c1af62173/bookkeeper-http/vertx-http-server/target/vertx-http-server-4.15.0-SNAPSHOT-sources.jar
[INFO] 
[INFO] --- maven-install-plugin:2.5.2:install (default-install) @ vertx-http-server ---
[INFO] Installing /home/srafi/after-cam-ready/compare_/compile_repair_output/work/7c4c1af62173/bookkeeper-http/vertx-http-server/target/vertx-http-server-4.15.0-SNAPSHOT.jar to /home/srafi/.m2/repository/org/apache/bookkeeper/http/vertx-http-server/4.15.0-SNAPSHOT/vertx-http-server-4.15.0-SNAPSHOT.jar
[INFO] Installing /home/srafi/after-cam-ready/compare_/compile_repair_output/work/7c4c1af62173/bookkeeper-http/vertx-http-server/pom.xml to /home/srafi/.m2/repository/org/apache/bookkeeper/http/vertx-http-server/4.15.0-SNAPSHOT/vertx-http-server-4.15.0-SNAPSHOT.pom
[INFO] Installing /home/srafi/after-cam-ready/compare_/compile_repair_output/work/7c4c1af62173/bookkeeper-http/vertx-http-server/target/vertx-http-server-4.15.0-SNAPSHOT-sources.jar to /home/srafi/.m2/repository/org/apache/bookkeeper/http/vertx-http-server/4.15.0-SNAPSHOT/vertx-http-server-4.15.0-SNAPSHOT-sources.jar
[INFO] 
[INFO] --------------< org.apache.bookkeeper:bookkeeper-server >---------------
[INFO] Building Apache BookKeeper :: Server 4.15.0-SNAPSHOT             [14/14]
[INFO] --------------------------------[ jar ]---------------------------------
[INFO] Downloading from central: https://repo.maven.apache.org/maven2/net/minidev/json-smart/maven-metadata.xml
[INFO] Downloading from apache.snapshots: https://repository.apache.org/snapshots/net/minidev/json-smart/maven-metadata.xml
[INFO] Downloaded from central: https://repo.maven.apache.org/maven2/net/minidev/json-smart/maven-metadata.xml (1.4 kB at 7.1 kB/s)
[INFO] 
[INFO] --- maven-clean-plugin:3.0.0:clean (default-clean) @ bookkeeper-server ---
[INFO] 
[INFO] --- maven-remote-resources-plugin:1.5:process (process-resource-bundles) @ bookkeeper-server ---
[INFO] artifact net.minidev:json-smart: checking for updates from central
[INFO] 
[INFO] --- maven-resources-plugin:3.0.2:resources (default-resources) @ bookkeeper-server ---
[INFO] Using 'UTF-8' encoding to copy filtered resources.
[INFO] Copying 1 resource
[INFO] Copying 3 resources
[INFO] 
[INFO] --- maven-compiler-plugin:3.8.1:compile (default-compile) @ bookkeeper-server ---
[INFO] Changes detected - recompiling the module!
[INFO] Compiling 530 source files to /home/srafi/after-cam-ready/compare_/compile_repair_output/work/7c4c1af62173/bookkeeper-server/target/classes
[INFO] 
[INFO] --- maven-resources-plugin:3.0.2:testResources (default-testResources) @ bookkeeper-server ---
[INFO] Using 'UTF-8' encoding to copy filtered resources.
[INFO] Copying 15 resources
[INFO] Copying 3 resources
[INFO] 
[INFO] --- maven-compiler-plugin:3.8.1:testCompile (default-testCompile) @ bookkeeper-server ---
[INFO] Changes detected - recompiling the module!
[INFO] Compiling 270 source files to /home/srafi/after-cam-ready/compare_/compile_repair_output/work/7c4c1af62173/bookkeeper-server/target/test-classes
[INFO] 
[INFO] --- maven-surefire-plugin:3.0.0-M8-SNAPSHOT:test (default-test) @ bookkeeper-server ---
[INFO] Tests are skipped.
[INFO] 
[INFO] --- maven-jar-plugin:2.4:jar (default-jar) @ bookkeeper-server ---
[INFO] Building jar: /home/srafi/after-cam-ready/compare_/compile_repair_output/work/7c4c1af62173/bookkeeper-server/target/bookkeeper-server-4.15.0-SNAPSHOT.jar
[INFO] 
[INFO] --- maven-site-plugin:3.7:attach-descriptor (attach-descriptor) @ bookkeeper-server ---
[INFO] Skipping because packaging 'jar' is not pom.
[INFO] 
[INFO] --- maven-javadoc-plugin:3.1.1:jar (attach-javadocs) @ bookkeeper-server ---
[INFO] Skipping javadoc generation
[INFO] 
[INFO] >>> maven-source-plugin:2.2.1:jar (attach-sources) > generate-sources @ bookkeeper-server >>>
[INFO] 
[INFO] <<< maven-source-plugin:2.2.1:jar (attach-sources) < generate-sources @ bookkeeper-server <<<
[INFO] 
[INFO] 
[INFO] --- maven-source-plugin:2.2.1:jar (attach-sources) @ bookkeeper-server ---
[INFO] Building jar: /home/srafi/after-cam-ready/compare_/compile_repair_output/work/7c4c1af62173/bookkeeper-server/target/bookkeeper-server-4.15.0-SNAPSHOT-sources.jar
[INFO] 
[INFO] --- maven-jar-plugin:2.4:test-jar (default) @ bookkeeper-server ---
[INFO] Building jar: /home/srafi/after-cam-ready/compare_/compile_repair_output/work/7c4c1af62173/bookkeeper-server/target/bookkeeper-server-4.15.0-SNAPSHOT-tests.jar
[INFO] 
[INFO] --- maven-install-plugin:2.5.2:install (default-install) @ bookkeeper-server ---
[INFO] Installing /home/srafi/after-cam-ready/compare_/compile_repair_output/work/7c4c1af62173/bookkeeper-server/target/bookkeeper-server-4.15.0-SNAPSHOT.jar to /home/srafi/.m2/repository/org/apache/bookkeeper/bookkeeper-server/4.15.0-SNAPSHOT/bookkeeper-server-4.15.0-SNAPSHOT.jar
[INFO] Installing /home/srafi/after-cam-ready/compare_/compile_repair_output/work/7c4c1af62173/bookkeeper-server/pom.xml to /home/srafi/.m2/repository/org/apache/bookkeeper/bookkeeper-server/4.15.0-SNAPSHOT/bookkeeper-server-4.15.0-SNAPSHOT.pom
[INFO] Installing /home/srafi/after-cam-ready/compare_/compile_repair_output/work/7c4c1af62173/bookkeeper-server/target/bookkeeper-server-4.15.0-SNAPSHOT-sources.jar to /home/srafi/.m2/repository/org/apache/bookkeeper/bookkeeper-server/4.15.0-SNAPSHOT/bookkeeper-server-4.15.0-SNAPSHOT-sources.jar
[INFO] Installing /home/srafi/after-cam-ready/compare_/compile_repair_output/work/7c4c1af62173/bookkeeper-server/target/bookkeeper-server-4.15.0-SNAPSHOT-tests.jar to /home/srafi/.m2/repository/org/apache/bookkeeper/bookkeeper-server/4.15.0-SNAPSHOT/bookkeeper-server-4.15.0-SNAPSHOT-tests.jar
[INFO] ------------------------------------------------------------------------
[INFO] Reactor Summary for Apache BookKeeper :: Parent 4.15.0-SNAPSHOT:
[INFO] 
[INFO] Apache BookKeeper :: Parent ........................ SUCCESS [  0.674 s]
[INFO] Apache BookKeeper :: Build Tools ................... SUCCESS [  3.147 s]
[INFO] Apache BookKeeper :: Circe Checksum Library ........ SUCCESS [  8.355 s]
[INFO] Apache BookKeeper :: Stats API ..................... SUCCESS [  0.711 s]
[INFO] Apache BookKeeper :: CPU Affinity Library .......... SUCCESS [  3.922 s]
[INFO] Apache BookKeeper :: Common ........................ SUCCESS [  1.656 s]
[INFO] Apache BookKeeper :: Common :: Allocator ........... SUCCESS [  0.523 s]
[INFO] Apache BookKeeper :: Protocols ..................... SUCCESS [  1.857 s]
[INFO] Apache BookKeeper :: Tools :: Parent ............... SUCCESS [  0.018 s]
[INFO] Apache BookKeeper :: Tools :: Framework ............ SUCCESS [  0.652 s]
[INFO] Apache BookKeeper :: Http :: Http Server ........... SUCCESS [  0.303 s]
[INFO] Apache BookKeeper :: Stats Providers :: Prometheus . SUCCESS [  0.727 s]
[INFO] Apache BookKeeper :: Bookkeeper Http :: Vertx Http Server SUCCESS [  0.629 s]
[INFO] Apache BookKeeper :: Server ........................ SUCCESS [  8.342 s]
[INFO] ------------------------------------------------------------------------
[INFO] BUILD SUCCESS
[INFO] ------------------------------------------------------------------------
[INFO] Total time:  32.134 s
[INFO] Finished at: 2026-08-15T14:14:25-04:00
[INFO] ------------------------------------------------------------------------
