JAVA_HOME=/usr/lib/jvm/java-8-openjdk-amd64
COMMAND=mvn -B clean install -DskipTests -U -Ddependency-check.skip=true -Dgpg.skip=true -DfailIfNoTests=false -Dskip.installnodenpm=true -Dskip.npm=true -Dskip.yarn=true -Dlicense.skip=true -Dcheckstyle.skip=true -Drat.skip=true -Denforcer.skip=true -Danimal.sniffer.skip=true -Dmaven.javadoc.skip=true -Dfindbugs.skip=true -Dspotbugs.skip=true -Dwarbucks.skip=true -Dmodernizer.skip=true -Dimpsort.skip=true -Dmdep.analyze.skip=true -Dpgpverify.skip=true -Dxml.skip=true -Dcobertura.skip=true

[INFO] Scanning for projects...
Warning: KebabPizza disabling incompatible org.jacoco:jacoco-maven-plugin from jackson-module-jsonSchema
Warning: KebabPizza disabling incompatible org.apache.maven.plugins:maven-enforcer-plugin from jackson-module-jsonSchema
[INFO] Inspecting build with total of 1 modules...
[INFO] Installing Nexus Staging features:
[INFO]   ... total of 1 executions of maven-deploy-plugin replaced with nexus-staging-maven-plugin
[INFO] 
[INFO] -------< com.fasterxml.jackson.module:jackson-module-jsonSchema >-------
[INFO] Building jackson-module-jsonSchema 2.14.0
[INFO] -------------------------------[ bundle ]-------------------------------
[INFO] Downloading from central: https://repo.maven.apache.org/maven2/org/apache/maven/plugins/maven-enforcer-plugin/maven-metadata.xml
[INFO] Downloaded from central: https://repo.maven.apache.org/maven2/org/apache/maven/plugins/maven-enforcer-plugin/maven-metadata.xml (1.2 kB at 5.8 kB/s)
[INFO] Downloading from central: https://repo.maven.apache.org/maven2/org/apache/maven/plugins/maven-enforcer-plugin/3.6.3/maven-enforcer-plugin-3.6.3.pom
[INFO] Downloaded from central: https://repo.maven.apache.org/maven2/org/apache/maven/plugins/maven-enforcer-plugin/3.6.3/maven-enforcer-plugin-3.6.3.pom (8.2 kB at 216 kB/s)
[INFO] Downloading from central: https://repo.maven.apache.org/maven2/org/apache/maven/enforcer/enforcer/3.6.3/enforcer-3.6.3.pom
[INFO] Downloaded from central: https://repo.maven.apache.org/maven2/org/apache/maven/enforcer/enforcer/3.6.3/enforcer-3.6.3.pom (10 kB at 278 kB/s)
[INFO] Downloading from central: https://repo.maven.apache.org/maven2/org/apache/maven/maven-parent/48/maven-parent-48.pom
[INFO] Downloaded from central: https://repo.maven.apache.org/maven2/org/apache/maven/maven-parent/48/maven-parent-48.pom (50 kB at 1.3 MB/s)
[INFO] Downloading from central: https://repo.maven.apache.org/maven2/org/apache/apache/38/apache-38.pom
[INFO] Downloaded from central: https://repo.maven.apache.org/maven2/org/apache/apache/38/apache-38.pom (26 kB at 800 kB/s)
[INFO] Downloading from central: https://repo.maven.apache.org/maven2/org/apache/maven/plugins/maven-enforcer-plugin/3.6.3/maven-enforcer-plugin-3.6.3.jar
[INFO] Downloaded from central: https://repo.maven.apache.org/maven2/org/apache/maven/plugins/maven-enforcer-plugin/3.6.3/maven-enforcer-plugin-3.6.3.jar (40 kB at 1.3 MB/s)
[INFO] 
[INFO] --- maven-clean-plugin:3.2.0:clean (default-clean) @ jackson-module-jsonSchema ---
[INFO] 
[INFO] --- build-helper-maven-plugin:3.3.0:add-source (add-generated-sources) @ jackson-module-jsonSchema ---
[INFO] Source directory: /home/srafi/after-cam-ready/compare_/compile_repair_output/work/b567d09bfcdf/target/generated-sources added.
[INFO] 
[INFO] --- build-helper-maven-plugin:3.3.0:add-resource (add-resource) @ jackson-module-jsonSchema ---
[INFO] 
[INFO] --- maven-resources-plugin:3.3.0:resources (default-resources) @ jackson-module-jsonSchema ---
[INFO] Copying 1 resource
[INFO] Copying 0 resource to META-INF
[INFO] 
[INFO] --- maven-compiler-plugin:3.10.1:compile (default-compile) @ jackson-module-jsonSchema ---
[INFO] Changes detected - recompiling the module!
[INFO] Compiling 45 source files to /home/srafi/after-cam-ready/compare_/compile_repair_output/work/b567d09bfcdf/target/classes
[WARNING] /home/srafi/after-cam-ready/compare_/compile_repair_output/work/b567d09bfcdf/src/main/java/com/fasterxml/jackson/module/jsonSchema/types/AdditionalItemsDeserializer.java:[24,26] getCurrentTokenId() in com.fasterxml.jackson.core.JsonParser has been deprecated
[WARNING] /home/srafi/after-cam-ready/compare_/compile_repair_output/work/b567d09bfcdf/src/main/java/com/fasterxml/jackson/module/jsonSchema/types/AdditionalPropertiesDeserializer.java:[35,22] getCurrentTokenId() in com.fasterxml.jackson.core.JsonParser has been deprecated
[INFO] 
[INFO] --- maven-resources-plugin:3.3.0:testResources (default-testResources) @ jackson-module-jsonSchema ---
[INFO] skip non existing resourceDirectory /home/srafi/after-cam-ready/compare_/compile_repair_output/work/b567d09bfcdf/src/test/resources
[INFO] 
[INFO] --- maven-compiler-plugin:3.10.1:testCompile (default-testCompile) @ jackson-module-jsonSchema ---
[INFO] Changes detected - recompiling the module!
[INFO] Compiling 20 source files to /home/srafi/after-cam-ready/compare_/compile_repair_output/work/b567d09bfcdf/target/test-classes
[WARNING] /home/srafi/after-cam-ready/compare_/compile_repair_output/work/b567d09bfcdf/src/test/java/com/fasterxml/jackson/module/jsonSchema/TestReadJsonSchema.java:[83,15] enable(com.fasterxml.jackson.databind.MapperFeature...) in com.fasterxml.jackson.databind.ObjectMapper has been deprecated
[INFO] /home/srafi/after-cam-ready/compare_/compile_repair_output/work/b567d09bfcdf/src/test/java/com/fasterxml/jackson/module/jsonSchema/SchemaTestBase.java: /home/srafi/after-cam-ready/compare_/compile_repair_output/work/b567d09bfcdf/src/test/java/com/fasterxml/jackson/module/jsonSchema/SchemaTestBase.java uses unchecked or unsafe operations.
[INFO] /home/srafi/after-cam-ready/compare_/compile_repair_output/work/b567d09bfcdf/src/test/java/com/fasterxml/jackson/module/jsonSchema/SchemaTestBase.java: Recompile with -Xlint:unchecked for details.
[INFO] 
[INFO] --- maven-surefire-plugin:3.0.0-M8-SNAPSHOT:test (default-test) @ jackson-module-jsonSchema ---
[INFO] Downloading from apache.snapshots: https://repository.apache.org/snapshots/org/apache/maven/surefire/maven-surefire-common/3.0.0-M8-SNAPSHOT/maven-metadata.xml
[INFO] Downloading from apache.snapshots: https://repository.apache.org/snapshots/org/apache/maven/surefire/surefire-api/3.0.0-M8-SNAPSHOT/maven-metadata.xml
[INFO] Downloading from apache.snapshots: https://repository.apache.org/snapshots/org/apache/maven/surefire/surefire-logger-api/3.0.0-M8-SNAPSHOT/maven-metadata.xml
[INFO] Downloading from apache.snapshots: https://repository.apache.org/snapshots/org/apache/maven/surefire/surefire-shared-utils/3.0.0-M8-SNAPSHOT/maven-metadata.xml
[INFO] Downloading from apache.snapshots: https://repository.apache.org/snapshots/org/apache/maven/surefire/surefire-extensions-api/3.0.0-M8-SNAPSHOT/maven-metadata.xml
[INFO] Downloading from apache.snapshots: https://repository.apache.org/snapshots/org/apache/maven/surefire/surefire-booter/3.0.0-M8-SNAPSHOT/maven-metadata.xml
[INFO] Downloading from apache.snapshots: https://repository.apache.org/snapshots/org/apache/maven/surefire/surefire-extensions-spi/3.0.0-M8-SNAPSHOT/maven-metadata.xml
[INFO] Tests are skipped.
[INFO] 
[INFO] --- maven-bundle-plugin:5.1.8:bundle (default-bundle) @ jackson-module-jsonSchema ---
[INFO] Building bundle: /home/srafi/after-cam-ready/compare_/compile_repair_output/work/b567d09bfcdf/target/jackson-module-jsonSchema-2.14.0.jar
[INFO] Writing manifest: /home/srafi/after-cam-ready/compare_/compile_repair_output/work/b567d09bfcdf/target/classes/META-INF/MANIFEST.MF
[INFO] 
[INFO] --- maven-site-plugin:3.12.1:attach-descriptor (attach-descriptor) @ jackson-module-jsonSchema ---
[INFO] Skipping because packaging 'bundle' is not pom.
[INFO] 
[INFO] --- moditect-maven-plugin:1.0.0.RC2:add-module-info (add-module-infos) @ jackson-module-jsonSchema ---
[INFO] 
[INFO] --- gradle-module-metadata-maven-plugin:0.2.0:gmm (default) @ jackson-module-jsonSchema ---
[INFO] 
[INFO] --- maven-install-plugin:3.0.1:install (default-install) @ jackson-module-jsonSchema ---
[INFO] Installing /home/srafi/after-cam-ready/compare_/compile_repair_output/work/b567d09bfcdf/pom.xml to /home/srafi/.m2/repository/com/fasterxml/jackson/module/jackson-module-jsonSchema/2.14.0/jackson-module-jsonSchema-2.14.0.pom
[INFO] Installing /home/srafi/after-cam-ready/compare_/compile_repair_output/work/b567d09bfcdf/target/jackson-module-jsonSchema-2.14.0.jar to /home/srafi/.m2/repository/com/fasterxml/jackson/module/jackson-module-jsonSchema/2.14.0/jackson-module-jsonSchema-2.14.0.jar
[INFO] Installing /home/srafi/after-cam-ready/compare_/compile_repair_output/work/b567d09bfcdf/target/publications/maven/module.json to /home/srafi/.m2/repository/com/fasterxml/jackson/module/jackson-module-jsonSchema/2.14.0/jackson-module-jsonSchema-2.14.0.module
[INFO] 
[INFO] --- maven-bundle-plugin:5.1.8:install (default-install) @ jackson-module-jsonSchema ---
[INFO] Installing com/fasterxml/jackson/module/jackson-module-jsonSchema/2.14.0/jackson-module-jsonSchema-2.14.0.jar
[INFO] Writing OBR metadata
[INFO] ------------------------------------------------------------------------
[INFO] BUILD SUCCESS
[INFO] ------------------------------------------------------------------------
[INFO] Total time:  5.726 s
[INFO] Finished at: 2026-08-15T16:22:17-04:00
[INFO] ------------------------------------------------------------------------
