JAVA_HOME=/usr/lib/jvm/java-8-openjdk-amd64
COMMAND=mvn -B clean install -DskipTests -U -pl framework/oryx-common -am -Ddependency-check.skip=true -Dgpg.skip=true -DfailIfNoTests=false -Dskip.installnodenpm=true -Dskip.npm=true -Dskip.yarn=true -Dlicense.skip=true -Dcheckstyle.skip=true -Drat.skip=true -Denforcer.skip=true -Danimal.sniffer.skip=true -Dmaven.javadoc.skip=true -Dfindbugs.skip=true -Dspotbugs.skip=true -Dwarbucks.skip=true -Dmodernizer.skip=true -Dimpsort.skip=true -Dmdep.analyze.skip=true -Dpgpverify.skip=true -Dxml.skip=true -Dcobertura.skip=true

[INFO] Scanning for projects...
Warning: KebabPizza disabling incompatible org.apache.rat:apache-rat-plugin from oryx
Warning: KebabPizza disabling incompatible org.apache.maven.plugins:maven-enforcer-plugin from oryx
Warning: KebabPizza disabling incompatible org.apache.rat:apache-rat-plugin from oryx-common
Warning: KebabPizza disabling incompatible org.apache.maven.plugins:maven-enforcer-plugin from oryx-common
[INFO] ------------------------------------------------------------------------
[INFO] Reactor Build Order:
[INFO] 
[INFO] Oryx                                                               [pom]
[INFO] Common                                                             [jar]
[INFO] 
[INFO] -----------------------< com.cloudera.oryx:oryx >-----------------------
[INFO] Building Oryx 2.9.0-SNAPSHOT                                       [1/2]
[INFO] --------------------------------[ pom ]---------------------------------
[INFO] 
[INFO] --- maven-clean-plugin:3.1.0:clean (default-clean) @ oryx ---
[INFO] 
[INFO] --- maven-checkstyle-plugin:3.1.1:check (validate) @ oryx ---
[INFO] 
[INFO] --- maven-javadoc-plugin:3.2.0:jar (attach-javadocs) @ oryx ---
[INFO] Skipping javadoc generation
[INFO] 
[INFO] --- maven-source-plugin:3.2.1:jar-no-fork (attach-sources) @ oryx ---
[INFO] 
[INFO] --- maven-failsafe-plugin:3.0.0-M8-SNAPSHOT:integration-test (default) @ oryx ---
[INFO] Downloading from apache.snapshots: https://repository.apache.org/snapshots/org/apache/maven/surefire/maven-surefire-common/3.0.0-M8-SNAPSHOT/maven-metadata.xml
[INFO] Downloading from apache.snapshots: https://repository.apache.org/snapshots/org/apache/maven/surefire/surefire-api/3.0.0-M8-SNAPSHOT/maven-metadata.xml
[INFO] Downloading from apache.snapshots: https://repository.apache.org/snapshots/org/apache/maven/surefire/surefire-logger-api/3.0.0-M8-SNAPSHOT/maven-metadata.xml
[INFO] Downloading from apache.snapshots: https://repository.apache.org/snapshots/org/apache/maven/surefire/surefire-shared-utils/3.0.0-M8-SNAPSHOT/maven-metadata.xml
[INFO] Downloading from apache.snapshots: https://repository.apache.org/snapshots/org/apache/maven/surefire/surefire-extensions-api/3.0.0-M8-SNAPSHOT/maven-metadata.xml
[INFO] Downloading from apache.snapshots: https://repository.apache.org/snapshots/org/apache/maven/surefire/surefire-booter/3.0.0-M8-SNAPSHOT/maven-metadata.xml
[INFO] Downloading from apache.snapshots: https://repository.apache.org/snapshots/org/apache/maven/surefire/surefire-extensions-spi/3.0.0-M8-SNAPSHOT/maven-metadata.xml
[INFO] Tests are skipped.
[INFO] 
[INFO] --- maven-failsafe-plugin:3.0.0-M8-SNAPSHOT:verify (default) @ oryx ---
[INFO] Tests are skipped.
[INFO] 
[INFO] --- maven-install-plugin:3.0.0-M1:install (default-install) @ oryx ---
[INFO] Installing /home/srafi/after-cam-ready/compare_/compile_repair_output/work/56c4c127ff3d/pom.xml to /home/srafi/.m2/repository/com/cloudera/oryx/oryx/2.9.0-SNAPSHOT/oryx-2.9.0-SNAPSHOT.pom
[INFO] 
[INFO] -------------------< com.cloudera.oryx:oryx-common >--------------------
[INFO] Building Common 2.9.0-SNAPSHOT                                     [2/2]
[INFO] --------------------------------[ jar ]---------------------------------
[INFO] Downloading from central: https://repo.maven.apache.org/maven2/com/typesafe/config/1.4.0/config-1.4.0.pom
[INFO] Downloaded from central: https://repo.maven.apache.org/maven2/com/typesafe/config/1.4.0/config-1.4.0.pom (2.2 kB at 33 kB/s)
[INFO] Downloading from central: https://repo.maven.apache.org/maven2/com/github/fommil/netlib/core/1.1.2/core-1.1.2.pom
[INFO] Downloaded from central: https://repo.maven.apache.org/maven2/com/github/fommil/netlib/core/1.1.2/core-1.1.2.pom (5.4 kB at 147 kB/s)
[INFO] Downloading from central: https://repo.maven.apache.org/maven2/com/github/fommil/netlib/parent/1.1/parent-1.1.pom
[INFO] Downloaded from central: https://repo.maven.apache.org/maven2/com/github/fommil/netlib/parent/1.1/parent-1.1.pom (9.5 kB at 251 kB/s)
[INFO] Downloading from central: https://repo.maven.apache.org/maven2/net/sourceforge/f2j/arpack_combined_all/0.1/arpack_combined_all-0.1.pom
[INFO] Downloaded from central: https://repo.maven.apache.org/maven2/net/sourceforge/f2j/arpack_combined_all/0.1/arpack_combined_all-0.1.pom (1.3 kB at 27 kB/s)
[INFO] Downloading from central: https://repo.maven.apache.org/maven2/org/apache/commons/commons-csv/1.7/commons-csv-1.7.pom
[INFO] Downloaded from central: https://repo.maven.apache.org/maven2/org/apache/commons/commons-csv/1.7/commons-csv-1.7.pom (20 kB at 542 kB/s)
[INFO] Downloading from central: https://repo.maven.apache.org/maven2/org/jpmml/pmml-model/1.4.15/pmml-model-1.4.15.pom
[INFO] Downloaded from central: https://repo.maven.apache.org/maven2/org/jpmml/pmml-model/1.4.15/pmml-model-1.4.15.pom (5.5 kB at 142 kB/s)
[INFO] Downloading from central: https://repo.maven.apache.org/maven2/org/jpmml/jpmml-model/1.4.15/jpmml-model-1.4.15.pom
[INFO] Downloaded from central: https://repo.maven.apache.org/maven2/org/jpmml/jpmml-model/1.4.15/jpmml-model-1.4.15.pom (7.2 kB at 65 kB/s)
[INFO] Downloading from central: https://repo.maven.apache.org/maven2/org/jpmml/pmml-agent/1.4.15/pmml-agent-1.4.15.pom
[INFO] Downloaded from central: https://repo.maven.apache.org/maven2/org/jpmml/pmml-agent/1.4.15/pmml-agent-1.4.15.pom (2.0 kB at 17 kB/s)
[INFO] Downloading from central: https://repo.maven.apache.org/maven2/com/github/fommil/netlib/all/1.1.2/all-1.1.2.pom
[INFO] Downloaded from central: https://repo.maven.apache.org/maven2/com/github/fommil/netlib/all/1.1.2/all-1.1.2.pom (4.3 kB at 129 kB/s)
[INFO] Downloading from central: https://repo.maven.apache.org/maven2/com/github/fommil/netlib/netlib-native_ref-osx-x86_64/1.1/netlib-native_ref-osx-x86_64-1.1.pom
[INFO] Downloaded from central: https://repo.maven.apache.org/maven2/com/github/fommil/netlib/netlib-native_ref-osx-x86_64/1.1/netlib-native_ref-osx-x86_64-1.1.pom (3.6 kB at 101 kB/s)
[INFO] Downloading from central: https://repo.maven.apache.org/maven2/com/github/fommil/netlib/native_ref/1.1/native_ref-1.1.pom
[INFO] Downloaded from central: https://repo.maven.apache.org/maven2/com/github/fommil/netlib/native_ref/1.1/native_ref-1.1.pom (13 kB at 377 kB/s)
[INFO] Downloading from central: https://repo.maven.apache.org/maven2/com/github/fommil/netlib/native_ref-java/1.1/native_ref-java-1.1.pom
[INFO] Downloaded from central: https://repo.maven.apache.org/maven2/com/github/fommil/netlib/native_ref-java/1.1/native_ref-java-1.1.pom (4.0 kB at 107 kB/s)
[INFO] Downloading from central: https://repo.maven.apache.org/maven2/com/github/fommil/jniloader/1.1/jniloader-1.1.pom
[INFO] Downloaded from central: https://repo.maven.apache.org/maven2/com/github/fommil/jniloader/1.1/jniloader-1.1.pom (3.6 kB at 94 kB/s)
[INFO] Downloading from central: https://repo.maven.apache.org/maven2/com/github/fommil/netlib/netlib-native_ref-linux-x86_64/1.1/netlib-native_ref-linux-x86_64-1.1.pom
[INFO] Downloaded from central: https://repo.maven.apache.org/maven2/com/github/fommil/netlib/netlib-native_ref-linux-x86_64/1.1/netlib-native_ref-linux-x86_64-1.1.pom (3.3 kB at 77 kB/s)
[INFO] Downloading from central: https://repo.maven.apache.org/maven2/com/github/fommil/netlib/native_ref-xbuilds/1.1/native_ref-xbuilds-1.1.pom
[INFO] Downloaded from central: https://repo.maven.apache.org/maven2/com/github/fommil/netlib/native_ref-xbuilds/1.1/native_ref-xbuilds-1.1.pom (869 B at 26 kB/s)
[INFO] Downloading from central: https://repo.maven.apache.org/maven2/com/github/fommil/netlib/netlib-native_ref-linux-i686/1.1/netlib-native_ref-linux-i686-1.1.pom
[INFO] Downloaded from central: https://repo.maven.apache.org/maven2/com/github/fommil/netlib/netlib-native_ref-linux-i686/1.1/netlib-native_ref-linux-i686-1.1.pom (3.7 kB at 87 kB/s)
[INFO] Downloading from central: https://repo.maven.apache.org/maven2/com/github/fommil/netlib/netlib-native_ref-win-x86_64/1.1/netlib-native_ref-win-x86_64-1.1.pom
[INFO] Downloaded from central: https://repo.maven.apache.org/maven2/com/github/fommil/netlib/netlib-native_ref-win-x86_64/1.1/netlib-native_ref-win-x86_64-1.1.pom (4.4 kB at 104 kB/s)
[INFO] Downloading from central: https://repo.maven.apache.org/maven2/com/github/fommil/netlib/netlib-native_ref-win-i686/1.1/netlib-native_ref-win-i686-1.1.pom
[INFO] Downloaded from central: https://repo.maven.apache.org/maven2/com/github/fommil/netlib/netlib-native_ref-win-i686/1.1/netlib-native_ref-win-i686-1.1.pom (4.5 kB at 140 kB/s)
[INFO] Downloading from central: https://repo.maven.apache.org/maven2/com/github/fommil/netlib/netlib-native_ref-linux-armhf/1.1/netlib-native_ref-linux-armhf-1.1.pom
[INFO] Downloaded from central: https://repo.maven.apache.org/maven2/com/github/fommil/netlib/netlib-native_ref-linux-armhf/1.1/netlib-native_ref-linux-armhf-1.1.pom (3.9 kB at 100 kB/s)
[INFO] Downloading from central: https://repo.maven.apache.org/maven2/com/github/fommil/netlib/netlib-native_system-osx-x86_64/1.1/netlib-native_system-osx-x86_64-1.1.pom
[INFO] Downloaded from central: https://repo.maven.apache.org/maven2/com/github/fommil/netlib/netlib-native_system-osx-x86_64/1.1/netlib-native_system-osx-x86_64-1.1.pom (3.9 kB at 115 kB/s)
[INFO] Downloading from central: https://repo.maven.apache.org/maven2/com/github/fommil/netlib/native_system/1.1/native_system-1.1.pom
[INFO] Downloaded from central: https://repo.maven.apache.org/maven2/com/github/fommil/netlib/native_system/1.1/native_system-1.1.pom (16 kB at 484 kB/s)
[INFO] Downloading from central: https://repo.maven.apache.org/maven2/com/github/fommil/netlib/native_system-java/1.1/native_system-java-1.1.pom
[INFO] Downloaded from central: https://repo.maven.apache.org/maven2/com/github/fommil/netlib/native_system-java/1.1/native_system-java-1.1.pom (4.0 kB at 117 kB/s)
[INFO] Downloading from central: https://repo.maven.apache.org/maven2/com/github/fommil/netlib/netlib-native_system-linux-x86_64/1.1/netlib-native_system-linux-x86_64-1.1.pom
[INFO] Downloaded from central: https://repo.maven.apache.org/maven2/com/github/fommil/netlib/netlib-native_system-linux-x86_64/1.1/netlib-native_system-linux-x86_64-1.1.pom (3.9 kB at 103 kB/s)
[INFO] Downloading from central: https://repo.maven.apache.org/maven2/com/github/fommil/netlib/native_system-xbuilds/1.1/native_system-xbuilds-1.1.pom
[INFO] Downloaded from central: https://repo.maven.apache.org/maven2/com/github/fommil/netlib/native_system-xbuilds/1.1/native_system-xbuilds-1.1.pom (875 B at 24 kB/s)
[INFO] Downloading from central: https://repo.maven.apache.org/maven2/com/github/fommil/netlib/netlib-native_system-linux-i686/1.1/netlib-native_system-linux-i686-1.1.pom
[INFO] Downloaded from central: https://repo.maven.apache.org/maven2/com/github/fommil/netlib/netlib-native_system-linux-i686/1.1/netlib-native_system-linux-i686-1.1.pom (4.9 kB at 132 kB/s)
[INFO] Downloading from central: https://repo.maven.apache.org/maven2/com/github/fommil/netlib/netlib-native_system-linux-armhf/1.1/netlib-native_system-linux-armhf-1.1.pom
[INFO] Downloaded from central: https://repo.maven.apache.org/maven2/com/github/fommil/netlib/netlib-native_system-linux-armhf/1.1/netlib-native_system-linux-armhf-1.1.pom (4.8 kB at 120 kB/s)
[INFO] Downloading from central: https://repo.maven.apache.org/maven2/com/github/fommil/netlib/netlib-native_system-win-x86_64/1.1/netlib-native_system-win-x86_64-1.1.pom
[INFO] Downloaded from central: https://repo.maven.apache.org/maven2/com/github/fommil/netlib/netlib-native_system-win-x86_64/1.1/netlib-native_system-win-x86_64-1.1.pom (5.1 kB at 142 kB/s)
[INFO] Downloading from central: https://repo.maven.apache.org/maven2/com/github/fommil/netlib/netlib-native_system-win-i686/1.1/netlib-native_system-win-i686-1.1.pom
[INFO] Downloaded from central: https://repo.maven.apache.org/maven2/com/github/fommil/netlib/netlib-native_system-win-i686/1.1/netlib-native_system-win-i686-1.1.pom (5.3 kB at 146 kB/s)
[INFO] Downloading from central: https://repo.maven.apache.org/maven2/com/typesafe/config/1.4.0/config-1.4.0.jar
[INFO] Downloading from central: https://repo.maven.apache.org/maven2/com/github/fommil/netlib/core/1.1.2/core-1.1.2.jar
[INFO] Downloading from central: https://repo.maven.apache.org/maven2/net/sourceforge/f2j/arpack_combined_all/0.1/arpack_combined_all-0.1.jar
[INFO] Downloading from central: https://repo.maven.apache.org/maven2/org/jpmml/pmml-model/1.4.15/pmml-model-1.4.15.jar
[INFO] Downloading from central: https://repo.maven.apache.org/maven2/org/apache/commons/commons-csv/1.7/commons-csv-1.7.jar
[INFO] Downloaded from central: https://repo.maven.apache.org/maven2/com/github/fommil/netlib/core/1.1.2/core-1.1.2.jar (164 kB at 4.1 MB/s)
[INFO] Downloading from central: https://repo.maven.apache.org/maven2/org/jpmml/pmml-agent/1.4.15/pmml-agent-1.4.15.jar
[INFO] Downloaded from central: https://repo.maven.apache.org/maven2/org/apache/commons/commons-csv/1.7/commons-csv-1.7.jar (45 kB at 663 kB/s)
[INFO] Downloading from central: https://repo.maven.apache.org/maven2/com/github/fommil/netlib/netlib-native_ref-osx-x86_64/1.1/netlib-native_ref-osx-x86_64-1.1-natives.jar
[INFO] Downloaded from central: https://repo.maven.apache.org/maven2/com/typesafe/config/1.4.0/config-1.4.0.jar (294 kB at 4.1 MB/s)
[INFO] Downloading from central: https://repo.maven.apache.org/maven2/com/github/fommil/netlib/native_ref-java/1.1/native_ref-java-1.1.jar
[INFO] Downloaded from central: https://repo.maven.apache.org/maven2/org/jpmml/pmml-agent/1.4.15/pmml-agent-1.4.15.jar (9.7 kB at 132 kB/s)
[INFO] Downloading from central: https://repo.maven.apache.org/maven2/com/github/fommil/jniloader/1.1/jniloader-1.1.jar
[INFO] Downloaded from central: https://repo.maven.apache.org/maven2/org/jpmml/pmml-model/1.4.15/pmml-model-1.4.15.jar (916 kB at 11 MB/s)
[INFO] Downloading from central: https://repo.maven.apache.org/maven2/com/github/fommil/netlib/netlib-native_ref-linux-x86_64/1.1/netlib-native_ref-linux-x86_64-1.1-natives.jar
[INFO] Downloaded from central: https://repo.maven.apache.org/maven2/net/sourceforge/f2j/arpack_combined_all/0.1/arpack_combined_all-0.1.jar (1.2 MB at 13 MB/s)
[INFO] Downloading from central: https://repo.maven.apache.org/maven2/com/github/fommil/netlib/netlib-native_ref-linux-i686/1.1/netlib-native_ref-linux-i686-1.1-natives.jar
[INFO] Downloaded from central: https://repo.maven.apache.org/maven2/com/github/fommil/jniloader/1.1/jniloader-1.1.jar (8.7 kB at 75 kB/s)
[INFO] Downloading from central: https://repo.maven.apache.org/maven2/com/github/fommil/netlib/netlib-native_ref-win-x86_64/1.1/netlib-native_ref-win-x86_64-1.1-natives.jar
[INFO] Downloaded from central: https://repo.maven.apache.org/maven2/com/github/fommil/netlib/native_ref-java/1.1/native_ref-java-1.1.jar (54 kB at 454 kB/s)
[INFO] Downloading from central: https://repo.maven.apache.org/maven2/com/github/fommil/netlib/netlib-native_ref-win-i686/1.1/netlib-native_ref-win-i686-1.1-natives.jar
[INFO] Downloaded from central: https://repo.maven.apache.org/maven2/com/github/fommil/netlib/netlib-native_ref-osx-x86_64/1.1/netlib-native_ref-osx-x86_64-1.1-natives.jar (1.8 MB at 13 MB/s)
[INFO] Downloading from central: https://repo.maven.apache.org/maven2/com/github/fommil/netlib/netlib-native_ref-linux-armhf/1.1/netlib-native_ref-linux-armhf-1.1-natives.jar
[INFO] Downloaded from central: https://repo.maven.apache.org/maven2/com/github/fommil/netlib/netlib-native_ref-linux-x86_64/1.1/netlib-native_ref-linux-x86_64-1.1-natives.jar (1.7 MB at 11 MB/s)
[INFO] Downloading from central: https://repo.maven.apache.org/maven2/com/github/fommil/netlib/netlib-native_system-osx-x86_64/1.1/netlib-native_system-osx-x86_64-1.1-natives.jar
[INFO] Downloaded from central: https://repo.maven.apache.org/maven2/com/github/fommil/netlib/netlib-native_ref-linux-i686/1.1/netlib-native_ref-linux-i686-1.1-natives.jar (1.5 MB at 8.9 MB/s)
[INFO] Downloading from central: https://repo.maven.apache.org/maven2/com/github/fommil/netlib/native_system-java/1.1/native_system-java-1.1.jar
[INFO] Downloaded from central: https://repo.maven.apache.org/maven2/com/github/fommil/netlib/netlib-native_ref-win-i686/1.1/netlib-native_ref-win-i686-1.1-natives.jar (1.8 MB at 9.7 MB/s)
[INFO] Downloading from central: https://repo.maven.apache.org/maven2/com/github/fommil/netlib/netlib-native_system-linux-x86_64/1.1/netlib-native_system-linux-x86_64-1.1-natives.jar
[INFO] Downloaded from central: https://repo.maven.apache.org/maven2/com/github/fommil/netlib/netlib-native_ref-win-x86_64/1.1/netlib-native_ref-win-x86_64-1.1-natives.jar (2.3 MB at 12 MB/s)
[INFO] Downloading from central: https://repo.maven.apache.org/maven2/com/github/fommil/netlib/netlib-native_system-linux-i686/1.1/netlib-native_system-linux-i686-1.1-natives.jar
[INFO] Downloaded from central: https://repo.maven.apache.org/maven2/com/github/fommil/netlib/netlib-native_ref-linux-armhf/1.1/netlib-native_ref-linux-armhf-1.1-natives.jar (1.2 MB at 6.2 MB/s)
[INFO] Downloading from central: https://repo.maven.apache.org/maven2/com/github/fommil/netlib/netlib-native_system-linux-armhf/1.1/netlib-native_system-linux-armhf-1.1-natives.jar
[INFO] Downloaded from central: https://repo.maven.apache.org/maven2/com/github/fommil/netlib/netlib-native_system-osx-x86_64/1.1/netlib-native_system-osx-x86_64-1.1-natives.jar (554 kB at 2.8 MB/s)
[INFO] Downloading from central: https://repo.maven.apache.org/maven2/com/github/fommil/netlib/netlib-native_system-win-x86_64/1.1/netlib-native_system-win-x86_64-1.1-natives.jar
[INFO] Downloaded from central: https://repo.maven.apache.org/maven2/com/github/fommil/netlib/native_system-java/1.1/native_system-java-1.1.jar (55 kB at 261 kB/s)
[INFO] Downloading from central: https://repo.maven.apache.org/maven2/com/github/fommil/netlib/netlib-native_system-win-i686/1.1/netlib-native_system-win-i686-1.1-natives.jar
[INFO] Downloaded from central: https://repo.maven.apache.org/maven2/com/github/fommil/netlib/netlib-native_system-linux-i686/1.1/netlib-native_system-linux-i686-1.1-natives.jar (435 kB at 1.9 MB/s)
[INFO] Downloaded from central: https://repo.maven.apache.org/maven2/com/github/fommil/netlib/netlib-native_system-linux-armhf/1.1/netlib-native_system-linux-armhf-1.1-natives.jar (311 kB at 1.4 MB/s)
[INFO] Downloaded from central: https://repo.maven.apache.org/maven2/com/github/fommil/netlib/netlib-native_system-linux-x86_64/1.1/netlib-native_system-linux-x86_64-1.1-natives.jar (459 kB at 2.0 MB/s)
[INFO] Downloaded from central: https://repo.maven.apache.org/maven2/com/github/fommil/netlib/netlib-native_system-win-x86_64/1.1/netlib-native_system-win-x86_64-1.1-natives.jar (637 kB at 2.6 MB/s)
[INFO] Downloaded from central: https://repo.maven.apache.org/maven2/com/github/fommil/netlib/netlib-native_system-win-i686/1.1/netlib-native_system-win-i686-1.1-natives.jar (561 kB at 2.2 MB/s)
[INFO] 
[INFO] --- maven-clean-plugin:3.1.0:clean (default-clean) @ oryx-common ---
[INFO] 
[INFO] --- maven-checkstyle-plugin:3.1.1:check (validate) @ oryx-common ---
[INFO] 
[INFO] --- maven-resources-plugin:3.2.0:resources (default-resources) @ oryx-common ---
[INFO] Using 'UTF-8' encoding to copy filtered resources.
[INFO] Using 'UTF-8' encoding to copy filtered properties files.
[INFO] Copying 2 resources
[INFO] 
[INFO] --- maven-compiler-plugin:3.8.1:compile (default-compile) @ oryx-common ---
[INFO] Changes detected - recompiling the module!
[INFO] Compiling 32 source files to /home/srafi/after-cam-ready/compare_/compile_repair_output/work/56c4c127ff3d/framework/oryx-common/target/classes
[INFO] 
[INFO] --- maven-resources-plugin:3.2.0:testResources (default-testResources) @ oryx-common ---
[INFO] Using 'UTF-8' encoding to copy filtered resources.
[INFO] Using 'UTF-8' encoding to copy filtered properties files.
[INFO] Copying 1 resource
[INFO] 
[INFO] --- maven-compiler-plugin:3.8.1:testCompile (default-testCompile) @ oryx-common ---
[INFO] Changes detected - recompiling the module!
[INFO] Compiling 20 source files to /home/srafi/after-cam-ready/compare_/compile_repair_output/work/56c4c127ff3d/framework/oryx-common/target/test-classes
[INFO] 
[INFO] --- maven-surefire-plugin:3.0.0-M8-SNAPSHOT:test (default-test) @ oryx-common ---
[INFO] Tests are skipped.
[INFO] 
[INFO] --- maven-jar-plugin:3.2.0:jar (default-jar) @ oryx-common ---
[INFO] Building jar: /home/srafi/after-cam-ready/compare_/compile_repair_output/work/56c4c127ff3d/framework/oryx-common/target/oryx-common-2.9.0-SNAPSHOT.jar
[INFO] 
[INFO] --- maven-javadoc-plugin:3.2.0:jar (attach-javadocs) @ oryx-common ---
[INFO] Skipping javadoc generation
[INFO] 
[INFO] --- maven-source-plugin:3.2.1:jar-no-fork (attach-sources) @ oryx-common ---
[INFO] Building jar: /home/srafi/after-cam-ready/compare_/compile_repair_output/work/56c4c127ff3d/framework/oryx-common/target/oryx-common-2.9.0-SNAPSHOT-sources.jar
[INFO] 
[INFO] --- maven-jar-plugin:3.2.0:test-jar (default) @ oryx-common ---
[INFO] Building jar: /home/srafi/after-cam-ready/compare_/compile_repair_output/work/56c4c127ff3d/framework/oryx-common/target/oryx-common-2.9.0-SNAPSHOT-tests.jar
[INFO] 
[INFO] --- maven-failsafe-plugin:3.0.0-M8-SNAPSHOT:integration-test (default) @ oryx-common ---
[INFO] Tests are skipped.
[INFO] 
[INFO] --- maven-failsafe-plugin:3.0.0-M8-SNAPSHOT:verify (default) @ oryx-common ---
[INFO] Tests are skipped.
[INFO] 
[INFO] --- maven-install-plugin:3.0.0-M1:install (default-install) @ oryx-common ---
[INFO] Installing /home/srafi/after-cam-ready/compare_/compile_repair_output/work/56c4c127ff3d/framework/oryx-common/target/oryx-common-2.9.0-SNAPSHOT.jar to /home/srafi/.m2/repository/com/cloudera/oryx/oryx-common/2.9.0-SNAPSHOT/oryx-common-2.9.0-SNAPSHOT.jar
[INFO] Installing /home/srafi/after-cam-ready/compare_/compile_repair_output/work/56c4c127ff3d/framework/oryx-common/pom.xml to /home/srafi/.m2/repository/com/cloudera/oryx/oryx-common/2.9.0-SNAPSHOT/oryx-common-2.9.0-SNAPSHOT.pom
[INFO] Installing /home/srafi/after-cam-ready/compare_/compile_repair_output/work/56c4c127ff3d/framework/oryx-common/target/oryx-common-2.9.0-SNAPSHOT-sources.jar to /home/srafi/.m2/repository/com/cloudera/oryx/oryx-common/2.9.0-SNAPSHOT/oryx-common-2.9.0-SNAPSHOT-sources.jar
[INFO] Installing /home/srafi/after-cam-ready/compare_/compile_repair_output/work/56c4c127ff3d/framework/oryx-common/target/oryx-common-2.9.0-SNAPSHOT-tests.jar to /home/srafi/.m2/repository/com/cloudera/oryx/oryx-common/2.9.0-SNAPSHOT/oryx-common-2.9.0-SNAPSHOT-tests.jar
[INFO] ------------------------------------------------------------------------
[INFO] Reactor Summary for Oryx 2.9.0-SNAPSHOT:
[INFO] 
[INFO] Oryx ............................................... SUCCESS [  3.512 s]
[INFO] Common ............................................. SUCCESS [  2.685 s]
[INFO] ------------------------------------------------------------------------
[INFO] BUILD SUCCESS
[INFO] ------------------------------------------------------------------------
[INFO] Total time:  6.313 s
[INFO] Finished at: 2026-08-15T16:40:56-04:00
[INFO] ------------------------------------------------------------------------
