JAVA_HOME=/usr/lib/jvm/java-8-openjdk-amd64
COMMAND=mvn -B clean install -DskipTests -U -pl jena-arq -am -Ddependency-check.skip=true -Dgpg.skip=true -DfailIfNoTests=false -Dskip.installnodenpm=true -Dskip.npm=true -Dskip.yarn=true -Dlicense.skip=true -Dcheckstyle.skip=true -Drat.skip=true -Denforcer.skip=true -Danimal.sniffer.skip=true -Dmaven.javadoc.skip=true -Dfindbugs.skip=true -Dspotbugs.skip=true -Dwarbucks.skip=true -Dmodernizer.skip=true -Dimpsort.skip=true -Dmdep.analyze.skip=true -Dpgpverify.skip=true -Dxml.skip=true -Dcobertura.skip=true

[INFO] Scanning for projects...
[INFO] Downloading from central: https://repo.maven.apache.org/maven2/org/apache/logging/log4j/log4j-bom/2.21.0/log4j-bom-2.21.0.pom
[INFO] Downloaded from central: https://repo.maven.apache.org/maven2/org/apache/logging/log4j/log4j-bom/2.21.0/log4j-bom-2.21.0.pom (12 kB at 49 kB/s)
Warning: KebabPizza disabling incompatible org.apache.maven.plugins:maven-enforcer-plugin from jena
Warning: KebabPizza disabling incompatible org.apache.rat:apache-rat-plugin from jena
Warning: KebabPizza disabling incompatible org.apache.maven.plugins:maven-enforcer-plugin from jena-iri
Warning: KebabPizza disabling incompatible org.apache.rat:apache-rat-plugin from jena-iri
Warning: KebabPizza disabling incompatible org.apache.maven.plugins:maven-enforcer-plugin from jena-base
Warning: KebabPizza disabling incompatible org.apache.rat:apache-rat-plugin from jena-base
Warning: KebabPizza disabling incompatible org.apache.maven.plugins:maven-enforcer-plugin from jena-core
Warning: KebabPizza disabling incompatible org.apache.rat:apache-rat-plugin from jena-core
Warning: KebabPizza disabling incompatible org.apache.maven.plugins:maven-enforcer-plugin from jena-arq
Warning: KebabPizza disabling incompatible org.apache.rat:apache-rat-plugin from jena-arq
[INFO] ------------------------------------------------------------------------
[INFO] Reactor Build Order:
[INFO] 
[INFO] Apache Jena                                                        [pom]
[INFO] Apache Jena - IRI                                                  [jar]
[INFO] Apache Jena - Base                                                 [jar]
[INFO] Apache Jena - Core                                                 [jar]
[INFO] Apache Jena - ARQ                                                  [jar]
[INFO] 
[INFO] ------------------------< org.apache.jena:jena >------------------------
[INFO] Building Apache Jena 5.0.0-SNAPSHOT                                [1/5]
[INFO] --------------------------------[ pom ]---------------------------------
[INFO] Downloading from central: https://repo.maven.apache.org/maven2/org/cyclonedx/cyclonedx-maven-plugin/2.7.9/cyclonedx-maven-plugin-2.7.9.pom
[INFO] Downloaded from central: https://repo.maven.apache.org/maven2/org/cyclonedx/cyclonedx-maven-plugin/2.7.9/cyclonedx-maven-plugin-2.7.9.pom (0 B at 0 B/s)
[INFO] Downloading from central: https://repo.maven.apache.org/maven2/org/cyclonedx/cyclonedx-maven-plugin/2.7.9/cyclonedx-maven-plugin-2.7.9.jar
[INFO] Downloaded from central: https://repo.maven.apache.org/maven2/org/cyclonedx/cyclonedx-maven-plugin/2.7.9/cyclonedx-maven-plugin-2.7.9.jar (0 B at 0 B/s)
[INFO] 
[INFO] --- maven-clean-plugin:3.3.2:clean (default-clean) @ jena ---
[INFO] 
[INFO] --- maven-remote-resources-plugin:3.1.0:process (process-resource-bundles) @ jena ---
[INFO] Preparing remote bundle org.apache.apache.resources:apache-jar-resource-bundle:1.5
[INFO] Copying 3 resources from 1 bundle.
[INFO] 
[INFO] --- maven-site-plugin:3.12.1:attach-descriptor (attach-descriptor) @ jena ---
[INFO] No site descriptor found: nothing to attach.
[INFO] 
[INFO] --- cyclonedx-maven-plugin:2.7.9:makeAggregateBom (build-sbom-cyclonedx) @ jena ---
[INFO] Downloading from central: https://repo.maven.apache.org/maven2/org/cyclonedx/cyclonedx-core-java/7.3.2/cyclonedx-core-java-7.3.2.pom
[INFO] Downloaded from central: https://repo.maven.apache.org/maven2/org/cyclonedx/cyclonedx-core-java/7.3.2/cyclonedx-core-java-7.3.2.pom (0 B at 0 B/s)
[INFO] Downloading from central: https://repo.maven.apache.org/maven2/com/fasterxml/jackson/dataformat/jackson-dataformat-xml/2.14.2/jackson-dataformat-xml-2.14.2.pom
[INFO] Downloaded from central: https://repo.maven.apache.org/maven2/com/fasterxml/jackson/dataformat/jackson-dataformat-xml/2.14.2/jackson-dataformat-xml-2.14.2.pom (0 B at 0 B/s)
[INFO] Downloading from central: https://repo.maven.apache.org/maven2/com/fasterxml/jackson/core/jackson-core/2.14.2/jackson-core-2.14.2.pom
[INFO] Downloaded from central: https://repo.maven.apache.org/maven2/com/fasterxml/jackson/core/jackson-core/2.14.2/jackson-core-2.14.2.pom (0 B at 0 B/s)
[INFO] Downloading from central: https://repo.maven.apache.org/maven2/com/fasterxml/jackson/core/jackson-annotations/2.14.2/jackson-annotations-2.14.2.pom
[INFO] Downloaded from central: https://repo.maven.apache.org/maven2/com/fasterxml/jackson/core/jackson-annotations/2.14.2/jackson-annotations-2.14.2.pom (0 B at 0 B/s)
[INFO] Downloading from central: https://repo.maven.apache.org/maven2/com/fasterxml/woodstox/woodstox-core/6.5.0/woodstox-core-6.5.0.pom
[INFO] Downloaded from central: https://repo.maven.apache.org/maven2/com/fasterxml/woodstox/woodstox-core/6.5.0/woodstox-core-6.5.0.pom (0 B at 0 B/s)
[INFO] Downloading from central: https://repo.maven.apache.org/maven2/com/fasterxml/oss-parent/49/oss-parent-49.pom
[INFO] Downloaded from central: https://repo.maven.apache.org/maven2/com/fasterxml/oss-parent/49/oss-parent-49.pom (0 B at 0 B/s)
[INFO] Downloading from central: https://repo.maven.apache.org/maven2/com/networknt/json-schema-validator/1.0.77/json-schema-validator-1.0.77.pom
[INFO] Downloaded from central: https://repo.maven.apache.org/maven2/com/networknt/json-schema-validator/1.0.77/json-schema-validator-1.0.77.pom (0 B at 0 B/s)
[INFO] Downloading from central: https://repo.maven.apache.org/maven2/org/apache/maven/shared/maven-dependency-analyzer/1.13.2/maven-dependency-analyzer-1.13.2.pom
[INFO] Downloaded from central: https://repo.maven.apache.org/maven2/org/apache/maven/shared/maven-dependency-analyzer/1.13.2/maven-dependency-analyzer-1.13.2.pom (0 B at 0 B/s)
[INFO] Downloading from central: https://repo.maven.apache.org/maven2/org/cyclonedx/cyclonedx-core-java/7.3.2/cyclonedx-core-java-7.3.2.jar
[INFO] Downloading from central: https://repo.maven.apache.org/maven2/com/fasterxml/jackson/dataformat/jackson-dataformat-xml/2.14.2/jackson-dataformat-xml-2.14.2.jar
[INFO] Downloading from central: https://repo.maven.apache.org/maven2/com/fasterxml/jackson/core/jackson-annotations/2.14.2/jackson-annotations-2.14.2.jar
[INFO] Downloading from central: https://repo.maven.apache.org/maven2/com/fasterxml/jackson/core/jackson-core/2.14.2/jackson-core-2.14.2.jar
[INFO] Downloading from central: https://repo.maven.apache.org/maven2/com/fasterxml/woodstox/woodstox-core/6.5.0/woodstox-core-6.5.0.jar
[INFO] Downloaded from central: https://repo.maven.apache.org/maven2/org/cyclonedx/cyclonedx-core-java/7.3.2/cyclonedx-core-java-7.3.2.jar (0 B at 0 B/s)
[INFO] Downloading from central: https://repo.maven.apache.org/maven2/com/networknt/json-schema-validator/1.0.77/json-schema-validator-1.0.77.jar
[INFO] Downloaded from central: https://repo.maven.apache.org/maven2/com/networknt/json-schema-validator/1.0.77/json-schema-validator-1.0.77.jar (0 B at 0 B/s)
[INFO] Downloading from central: https://repo.maven.apache.org/maven2/org/apache/maven/shared/maven-dependency-analyzer/1.13.2/maven-dependency-analyzer-1.13.2.jar
[INFO] Downloaded from central: https://repo.maven.apache.org/maven2/com/fasterxml/jackson/core/jackson-annotations/2.14.2/jackson-annotations-2.14.2.jar (0 B at 0 B/s)
[INFO] Downloaded from central: https://repo.maven.apache.org/maven2/com/fasterxml/woodstox/woodstox-core/6.5.0/woodstox-core-6.5.0.jar (0 B at 0 B/s)
[INFO] Downloaded from central: https://repo.maven.apache.org/maven2/com/fasterxml/jackson/core/jackson-core/2.14.2/jackson-core-2.14.2.jar (0 B at 0 B/s)
[INFO] Downloaded from central: https://repo.maven.apache.org/maven2/org/apache/maven/shared/maven-dependency-analyzer/1.13.2/maven-dependency-analyzer-1.13.2.jar (0 B at 0 B/s)
[INFO] Downloaded from central: https://repo.maven.apache.org/maven2/com/fasterxml/jackson/dataformat/jackson-dataformat-xml/2.14.2/jackson-dataformat-xml-2.14.2.jar (0 B at 0 B/s)
[INFO] CycloneDX: Resolving Aggregated Dependencies
[INFO] Downloading from central: https://repo.maven.apache.org/maven2/org/apache/logging/log4j/log4j-api/2.21.0/log4j-api-2.21.0.pom
[INFO] Downloaded from central: https://repo.maven.apache.org/maven2/org/apache/logging/log4j/log4j-api/2.21.0/log4j-api-2.21.0.pom (4.0 kB at 82 kB/s)
[INFO] Downloading from central: https://repo.maven.apache.org/maven2/org/apache/logging/log4j/log4j/2.21.0/log4j-2.21.0.pom
[INFO] Downloaded from central: https://repo.maven.apache.org/maven2/org/apache/logging/log4j/log4j/2.21.0/log4j-2.21.0.pom (33 kB at 642 kB/s)
[INFO] Downloading from central: https://repo.maven.apache.org/maven2/org/ow2/asm/asm-bom/9.5/asm-bom-9.5.pom
[INFO] Downloaded from central: https://repo.maven.apache.org/maven2/org/ow2/asm/asm-bom/9.5/asm-bom-9.5.pom (3.2 kB at 70 kB/s)
[INFO] Downloading from central: https://repo.maven.apache.org/maven2/io/netty/netty-bom/4.1.97.Final/netty-bom-4.1.97.Final.pom
[INFO] Downloaded from central: https://repo.maven.apache.org/maven2/io/netty/netty-bom/4.1.97.Final/netty-bom-4.1.97.Final.pom (13 kB at 237 kB/s)
[INFO] Downloading from central: https://repo.maven.apache.org/maven2/org/springframework/spring-framework-bom/5.3.29/spring-framework-bom-5.3.29.pom
[INFO] Downloaded from central: https://repo.maven.apache.org/maven2/org/springframework/spring-framework-bom/5.3.29/spring-framework-bom-5.3.29.pom (5.7 kB at 111 kB/s)
[INFO] Downloading from central: https://repo.maven.apache.org/maven2/org/apache/logging/log4j/log4j-core/2.21.0/log4j-core-2.21.0.pom
[INFO] Downloaded from central: https://repo.maven.apache.org/maven2/org/apache/logging/log4j/log4j-core/2.21.0/log4j-core-2.21.0.pom (11 kB at 238 kB/s)
[INFO] Downloading from central: https://repo.maven.apache.org/maven2/org/apache/commons/commons-csv/1.10.0/commons-csv-1.10.0.pom
[INFO] Downloaded from central: https://repo.maven.apache.org/maven2/org/apache/commons/commons-csv/1.10.0/commons-csv-1.10.0.pom (20 kB at 483 kB/s)
[INFO] Downloading from central: https://repo.maven.apache.org/maven2/commons-io/commons-io/2.14.0/commons-io-2.14.0.pom
[INFO] Downloaded from central: https://repo.maven.apache.org/maven2/commons-io/commons-io/2.14.0/commons-io-2.14.0.pom (20 kB at 442 kB/s)
[INFO] Downloading from central: https://repo.maven.apache.org/maven2/org/apache/commons/commons-parent/62/commons-parent-62.pom
[INFO] Downloaded from central: https://repo.maven.apache.org/maven2/org/apache/commons/commons-parent/62/commons-parent-62.pom (81 kB at 1.6 MB/s)
[INFO] Downloading from central: https://repo.maven.apache.org/maven2/org/apache/commons/commons-lang3/3.13.0/commons-lang3-3.13.0.pom
[INFO] Downloaded from central: https://repo.maven.apache.org/maven2/org/apache/commons/commons-lang3/3.13.0/commons-lang3-3.13.0.pom (0 B at 0 B/s)
[INFO] Downloading from central: https://repo.maven.apache.org/maven2/org/apache/commons/commons-compress/1.24.0/commons-compress-1.24.0.pom
[INFO] Downloaded from central: https://repo.maven.apache.org/maven2/org/apache/commons/commons-compress/1.24.0/commons-compress-1.24.0.pom (22 kB at 427 kB/s)
[INFO] Downloading from central: https://repo.maven.apache.org/maven2/org/apache/commons/commons-parent/61/commons-parent-61.pom
[INFO] Downloaded from central: https://repo.maven.apache.org/maven2/org/apache/commons/commons-parent/61/commons-parent-61.pom (81 kB at 1.5 MB/s)
[INFO] Downloading from central: https://repo.maven.apache.org/maven2/com/github/ben-manes/caffeine/caffeine/3.1.8/caffeine-3.1.8.pom
[INFO] Downloaded from central: https://repo.maven.apache.org/maven2/com/github/ben-manes/caffeine/caffeine/3.1.8/caffeine-3.1.8.pom (2.1 kB at 43 kB/s)
[INFO] Downloading from central: https://repo.maven.apache.org/maven2/com/google/errorprone/error_prone_annotations/2.21.1/error_prone_annotations-2.21.1.pom
[INFO] Downloaded from central: https://repo.maven.apache.org/maven2/com/google/errorprone/error_prone_annotations/2.21.1/error_prone_annotations-2.21.1.pom (1.8 kB at 42 kB/s)
[INFO] Downloading from central: https://repo.maven.apache.org/maven2/com/google/errorprone/error_prone_parent/2.21.1/error_prone_parent-2.21.1.pom
[INFO] Downloaded from central: https://repo.maven.apache.org/maven2/com/google/errorprone/error_prone_parent/2.21.1/error_prone_parent-2.21.1.pom (13 kB at 285 kB/s)
[INFO] Downloading from central: https://repo.maven.apache.org/maven2/org/slf4j/jul-to-slf4j/2.0.7/jul-to-slf4j-2.0.7.pom
[INFO] Downloaded from central: https://repo.maven.apache.org/maven2/org/slf4j/jul-to-slf4j/2.0.7/jul-to-slf4j-2.0.7.pom (954 B at 24 kB/s)
[INFO] Downloading from central: https://repo.maven.apache.org/maven2/org/apache/logging/log4j/log4j-slf4j2-impl/2.21.0/log4j-slf4j2-impl-2.21.0.pom
[INFO] Downloaded from central: https://repo.maven.apache.org/maven2/org/apache/logging/log4j/log4j-slf4j2-impl/2.21.0/log4j-slf4j2-impl-2.21.0.pom (5.3 kB at 113 kB/s)
[INFO] Downloading from central: https://repo.maven.apache.org/maven2/org/apache/logging/log4j/log4j-api/2.21.0/log4j-api-2.21.0.jar
[INFO] Downloaded from central: https://repo.maven.apache.org/maven2/org/apache/logging/log4j/log4j-api/2.21.0/log4j-api-2.21.0.jar (317 kB at 6.3 MB/s)
[INFO] Downloading from central: https://repo.maven.apache.org/maven2/org/apache/logging/log4j/log4j-core/2.21.0/log4j-core-2.21.0.jar
[INFO] Downloaded from central: https://repo.maven.apache.org/maven2/org/apache/logging/log4j/log4j-core/2.21.0/log4j-core-2.21.0.jar (1.9 MB at 22 MB/s)
[INFO] Downloading from central: https://repo.maven.apache.org/maven2/org/apache/commons/commons-csv/1.10.0/commons-csv-1.10.0.jar
[INFO] Downloaded from central: https://repo.maven.apache.org/maven2/org/apache/commons/commons-csv/1.10.0/commons-csv-1.10.0.jar (55 kB at 1.1 MB/s)
[INFO] Downloading from central: https://repo.maven.apache.org/maven2/commons-io/commons-io/2.14.0/commons-io-2.14.0.jar
[INFO] Downloaded from central: https://repo.maven.apache.org/maven2/commons-io/commons-io/2.14.0/commons-io-2.14.0.jar (494 kB at 8.2 MB/s)
[INFO] Downloading from central: https://repo.maven.apache.org/maven2/org/apache/commons/commons-lang3/3.13.0/commons-lang3-3.13.0.jar
[INFO] Downloaded from central: https://repo.maven.apache.org/maven2/org/apache/commons/commons-lang3/3.13.0/commons-lang3-3.13.0.jar (0 B at 0 B/s)
[INFO] Downloading from central: https://repo.maven.apache.org/maven2/org/apache/commons/commons-compress/1.24.0/commons-compress-1.24.0.jar
[INFO] Downloaded from central: https://repo.maven.apache.org/maven2/org/apache/commons/commons-compress/1.24.0/commons-compress-1.24.0.jar (1.1 MB at 11 MB/s)
[INFO] Downloading from central: https://repo.maven.apache.org/maven2/com/github/ben-manes/caffeine/caffeine/3.1.8/caffeine-3.1.8.jar
[INFO] Downloaded from central: https://repo.maven.apache.org/maven2/com/github/ben-manes/caffeine/caffeine/3.1.8/caffeine-3.1.8.jar (889 kB at 14 MB/s)
[INFO] Downloading from central: https://repo.maven.apache.org/maven2/org/checkerframework/checker-qual/3.37.0/checker-qual-3.37.0.jar
[INFO] Downloaded from central: https://repo.maven.apache.org/maven2/org/checkerframework/checker-qual/3.37.0/checker-qual-3.37.0.jar (224 kB at 3.6 MB/s)
[INFO] Downloading from central: https://repo.maven.apache.org/maven2/com/google/errorprone/error_prone_annotations/2.21.1/error_prone_annotations-2.21.1.jar
[INFO] Downloaded from central: https://repo.maven.apache.org/maven2/com/google/errorprone/error_prone_annotations/2.21.1/error_prone_annotations-2.21.1.jar (17 kB at 382 kB/s)
[INFO] Downloading from central: https://repo.maven.apache.org/maven2/org/slf4j/jul-to-slf4j/2.0.7/jul-to-slf4j-2.0.7.jar
[INFO] Downloaded from central: https://repo.maven.apache.org/maven2/org/slf4j/jul-to-slf4j/2.0.7/jul-to-slf4j-2.0.7.jar (5.7 kB at 98 kB/s)
[INFO] Downloading from central: https://repo.maven.apache.org/maven2/org/apache/logging/log4j/log4j-slf4j2-impl/2.21.0/log4j-slf4j2-impl-2.21.0.jar
[INFO] Downloaded from central: https://repo.maven.apache.org/maven2/org/apache/logging/log4j/log4j-slf4j2-impl/2.21.0/log4j-slf4j2-impl-2.21.0.jar (27 kB at 634 kB/s)
[INFO] Downloading from apache.snapshots: https://repository.apache.org/snapshots/org/apache/jena/jena-base/5.0.0-SNAPSHOT/maven-metadata.xml
[INFO] Downloading from apache.snapshots: https://repository.apache.org/snapshots/org/apache/jena/jena-iri/5.0.0-SNAPSHOT/maven-metadata.xml
[INFO] Downloading from central: https://repo.maven.apache.org/maven2/org/roaringbitmap/RoaringBitmap/1.0.0/RoaringBitmap-1.0.0.pom
[INFO] Downloaded from central: https://repo.maven.apache.org/maven2/org/roaringbitmap/RoaringBitmap/1.0.0/RoaringBitmap-1.0.0.pom (2.1 kB at 44 kB/s)
[INFO] Downloading from central: https://repo.maven.apache.org/maven2/org/xenei/junit-contracts/0.2.0/junit-contracts-0.2.0.pom
[INFO] Downloaded from central: https://repo.maven.apache.org/maven2/org/xenei/junit-contracts/0.2.0/junit-contracts-0.2.0.pom (6.3 kB at 128 kB/s)
[INFO] Downloading from central: https://repo.maven.apache.org/maven2/org/xenei/contracts/0.2.0/contracts-0.2.0.pom
[INFO] Downloaded from central: https://repo.maven.apache.org/maven2/org/xenei/contracts/0.2.0/contracts-0.2.0.pom (7.5 kB at 141 kB/s)
[INFO] Downloading from central: https://repo.maven.apache.org/maven2/org/slf4j/jcl-over-slf4j/2.0.7/jcl-over-slf4j-2.0.7.pom
[INFO] Downloaded from central: https://repo.maven.apache.org/maven2/org/slf4j/jcl-over-slf4j/2.0.7/jcl-over-slf4j-2.0.7.pom (1.2 kB at 25 kB/s)
[INFO] Downloading from central: https://repo.maven.apache.org/maven2/org/mockito/mockito-core/5.6.0/mockito-core-5.6.0.pom
[INFO] Downloaded from central: https://repo.maven.apache.org/maven2/org/mockito/mockito-core/5.6.0/mockito-core-5.6.0.pom (2.5 kB at 55 kB/s)
[INFO] Downloading from central: https://repo.maven.apache.org/maven2/net/bytebuddy/byte-buddy/1.14.8/byte-buddy-1.14.8.pom
[INFO] Downloaded from central: https://repo.maven.apache.org/maven2/net/bytebuddy/byte-buddy/1.14.8/byte-buddy-1.14.8.pom (16 kB at 330 kB/s)
[INFO] Downloading from central: https://repo.maven.apache.org/maven2/net/bytebuddy/byte-buddy-parent/1.14.8/byte-buddy-parent-1.14.8.pom
[INFO] Downloaded from central: https://repo.maven.apache.org/maven2/net/bytebuddy/byte-buddy-parent/1.14.8/byte-buddy-parent-1.14.8.pom (62 kB at 1.1 MB/s)
[INFO] Downloading from central: https://repo.maven.apache.org/maven2/net/bytebuddy/byte-buddy-agent/1.14.8/byte-buddy-agent-1.14.8.pom
[INFO] Downloaded from central: https://repo.maven.apache.org/maven2/net/bytebuddy/byte-buddy-agent/1.14.8/byte-buddy-agent-1.14.8.pom (10 kB at 218 kB/s)
[INFO] Downloading from apache.snapshots: https://repository.apache.org/snapshots/org/apache/jena/jena-base/5.0.0-SNAPSHOT/jena-base-5.0.0-SNAPSHOT.jar
[INFO] Downloading from apache.snapshots: https://repository.apache.org/snapshots/org/apache/jena/jena-base/5.0.0-SNAPSHOT/jena-base-5.0.0-SNAPSHOT-tests.jar
[INFO] Downloading from apache.snapshots: https://repository.apache.org/snapshots/org/apache/jena/jena-iri/5.0.0-SNAPSHOT/jena-iri-5.0.0-SNAPSHOT.jar
[INFO] Downloading from central: https://repo.maven.apache.org/maven2/org/roaringbitmap/RoaringBitmap/1.0.0/RoaringBitmap-1.0.0.jar
[INFO] Downloaded from central: https://repo.maven.apache.org/maven2/org/roaringbitmap/RoaringBitmap/1.0.0/RoaringBitmap-1.0.0.jar (448 kB at 5.3 MB/s)
[INFO] Downloading from central: https://repo.maven.apache.org/maven2/org/xenei/junit-contracts/0.2.0/junit-contracts-0.2.0.jar
[INFO] Downloaded from central: https://repo.maven.apache.org/maven2/org/xenei/junit-contracts/0.2.0/junit-contracts-0.2.0.jar (261 kB at 1.8 MB/s)
[INFO] Downloading from central: https://repo.maven.apache.org/maven2/org/slf4j/jcl-over-slf4j/2.0.7/jcl-over-slf4j-2.0.7.jar
[INFO] Downloaded from central: https://repo.maven.apache.org/maven2/org/slf4j/jcl-over-slf4j/2.0.7/jcl-over-slf4j-2.0.7.jar (21 kB at 392 kB/s)
[INFO] Downloading from central: https://repo.maven.apache.org/maven2/org/mockito/mockito-core/5.6.0/mockito-core-5.6.0.jar
[INFO] Downloaded from central: https://repo.maven.apache.org/maven2/org/mockito/mockito-core/5.6.0/mockito-core-5.6.0.jar (699 kB at 7.8 MB/s)
[INFO] Downloading from central: https://repo.maven.apache.org/maven2/net/bytebuddy/byte-buddy/1.14.8/byte-buddy-1.14.8.jar
[INFO] Downloaded from central: https://repo.maven.apache.org/maven2/net/bytebuddy/byte-buddy/1.14.8/byte-buddy-1.14.8.jar (4.2 MB at 29 MB/s)
[INFO] Downloading from central: https://repo.maven.apache.org/maven2/net/bytebuddy/byte-buddy-agent/1.14.8/byte-buddy-agent-1.14.8.jar
[INFO] Downloaded from central: https://repo.maven.apache.org/maven2/net/bytebuddy/byte-buddy-agent/1.14.8/byte-buddy-agent-1.14.8.jar (257 kB at 5.3 MB/s)
[INFO] Downloading from apache.snapshots: https://repository.apache.org/snapshots/org/apache/jena/jena-core/5.0.0-SNAPSHOT/maven-metadata.xml
[INFO] Downloading from central: https://repo.maven.apache.org/maven2/com/apicatalog/titanium-json-ld/1.3.2/titanium-json-ld-1.3.2.pom
[INFO] Downloaded from central: https://repo.maven.apache.org/maven2/com/apicatalog/titanium-json-ld/1.3.2/titanium-json-ld-1.3.2.pom (1.6 kB at 31 kB/s)
[INFO] Downloading from central: https://repo.maven.apache.org/maven2/org/glassfish/jakarta.json/2.0.1/jakarta.json-2.0.1.pom
[INFO] Downloaded from central: https://repo.maven.apache.org/maven2/org/glassfish/jakarta.json/2.0.1/jakarta.json-2.0.1.pom (12 kB at 223 kB/s)
[INFO] Downloading from central: https://repo.maven.apache.org/maven2/org/glassfish/json/2.0.1/json-2.0.1.pom
[INFO] Downloaded from central: https://repo.maven.apache.org/maven2/org/glassfish/json/2.0.1/json-2.0.1.pom (19 kB at 344 kB/s)
[INFO] Downloading from central: https://repo.maven.apache.org/maven2/com/google/protobuf/protobuf-java/3.24.4/protobuf-java-3.24.4.pom
[INFO] Downloaded from central: https://repo.maven.apache.org/maven2/com/google/protobuf/protobuf-java/3.24.4/protobuf-java-3.24.4.pom (1.6 kB at 32 kB/s)
[INFO] Downloading from central: https://repo.maven.apache.org/maven2/com/google/protobuf/protobuf-parent/3.24.4/protobuf-parent-3.24.4.pom
[INFO] Downloaded from central: https://repo.maven.apache.org/maven2/com/google/protobuf/protobuf-parent/3.24.4/protobuf-parent-3.24.4.pom (9.0 kB at 177 kB/s)
[INFO] Downloading from central: https://repo.maven.apache.org/maven2/org/apache/thrift/libthrift/0.19.0/libthrift-0.19.0.pom
[INFO] Downloaded from central: https://repo.maven.apache.org/maven2/org/apache/thrift/libthrift/0.19.0/libthrift-0.19.0.pom (2.7 kB at 52 kB/s)
[INFO] Downloading from central: https://repo.maven.apache.org/maven2/org/graalvm/js/js/23.0.2/js-23.0.2.pom
[INFO] Downloaded from central: https://repo.maven.apache.org/maven2/org/graalvm/js/js/23.0.2/js-23.0.2.pom (1.9 kB at 32 kB/s)
[INFO] Downloading from central: https://repo.maven.apache.org/maven2/org/graalvm/regex/regex/23.0.2/regex-23.0.2.pom
[INFO] Downloaded from central: https://repo.maven.apache.org/maven2/org/graalvm/regex/regex/23.0.2/regex-23.0.2.pom (1.5 kB at 31 kB/s)
[INFO] Downloading from central: https://repo.maven.apache.org/maven2/org/graalvm/truffle/truffle-api/23.0.2/truffle-api-23.0.2.pom
[INFO] Downloaded from central: https://repo.maven.apache.org/maven2/org/graalvm/truffle/truffle-api/23.0.2/truffle-api-23.0.2.pom (1.5 kB at 28 kB/s)
[INFO] Downloading from central: https://repo.maven.apache.org/maven2/org/graalvm/sdk/graal-sdk/23.0.2/graal-sdk-23.0.2.pom
[INFO] Downloaded from central: https://repo.maven.apache.org/maven2/org/graalvm/sdk/graal-sdk/23.0.2/graal-sdk-23.0.2.pom (1.4 kB at 27 kB/s)
[INFO] Downloading from central: https://repo.maven.apache.org/maven2/com/ibm/icu/icu4j/72.1/icu4j-72.1.pom
[INFO] Downloaded from central: https://repo.maven.apache.org/maven2/com/ibm/icu/icu4j/72.1/icu4j-72.1.pom (4.9 kB at 103 kB/s)
[INFO] Downloading from central: https://repo.maven.apache.org/maven2/org/graalvm/js/js-scriptengine/23.0.2/js-scriptengine-23.0.2.pom
[INFO] Downloaded from central: https://repo.maven.apache.org/maven2/org/graalvm/js/js-scriptengine/23.0.2/js-scriptengine-23.0.2.pom (1.4 kB at 6.5 kB/s)
[INFO] Downloading from apache.snapshots: https://repository.apache.org/snapshots/org/apache/jena/jena-core/5.0.0-SNAPSHOT/jena-core-5.0.0-SNAPSHOT.jar
[INFO] Downloading from apache.snapshots: https://repository.apache.org/snapshots/org/apache/jena/jena-core/5.0.0-SNAPSHOT/jena-core-5.0.0-SNAPSHOT-tests.jar
[INFO] Downloading from central: https://repo.maven.apache.org/maven2/com/apicatalog/titanium-json-ld/1.3.2/titanium-json-ld-1.3.2.jar
[INFO] Downloaded from central: https://repo.maven.apache.org/maven2/com/apicatalog/titanium-json-ld/1.3.2/titanium-json-ld-1.3.2.jar (291 kB at 4.4 MB/s)
[INFO] Downloading from central: https://repo.maven.apache.org/maven2/org/glassfish/jakarta.json/2.0.1/jakarta.json-2.0.1.jar
[INFO] Downloaded from central: https://repo.maven.apache.org/maven2/org/glassfish/jakarta.json/2.0.1/jakarta.json-2.0.1.jar (144 kB at 2.7 MB/s)
[INFO] Downloading from central: https://repo.maven.apache.org/maven2/com/google/protobuf/protobuf-java/3.24.4/protobuf-java-3.24.4.jar
[INFO] Downloaded from central: https://repo.maven.apache.org/maven2/com/google/protobuf/protobuf-java/3.24.4/protobuf-java-3.24.4.jar (1.8 MB at 25 MB/s)
[INFO] Downloading from central: https://repo.maven.apache.org/maven2/org/apache/thrift/libthrift/0.19.0/libthrift-0.19.0.jar
[INFO] Downloaded from central: https://repo.maven.apache.org/maven2/org/apache/thrift/libthrift/0.19.0/libthrift-0.19.0.jar (360 kB at 7.5 MB/s)
[INFO] Downloading from central: https://repo.maven.apache.org/maven2/org/graalvm/js/js/23.0.2/js-23.0.2.jar
[INFO] Downloaded from central: https://repo.maven.apache.org/maven2/org/graalvm/js/js/23.0.2/js-23.0.2.jar (27 MB at 79 MB/s)
[INFO] Downloading from central: https://repo.maven.apache.org/maven2/org/graalvm/regex/regex/23.0.2/regex-23.0.2.jar
[INFO] Downloaded from central: https://repo.maven.apache.org/maven2/org/graalvm/regex/regex/23.0.2/regex-23.0.2.jar (3.1 MB at 36 MB/s)
[INFO] Downloading from central: https://repo.maven.apache.org/maven2/org/graalvm/truffle/truffle-api/23.0.2/truffle-api-23.0.2.jar
[INFO] Downloaded from central: https://repo.maven.apache.org/maven2/org/graalvm/truffle/truffle-api/23.0.2/truffle-api-23.0.2.jar (16 MB at 84 MB/s)
[INFO] Downloading from central: https://repo.maven.apache.org/maven2/com/ibm/icu/icu4j/72.1/icu4j-72.1.jar
[INFO] Downloaded from central: https://repo.maven.apache.org/maven2/com/ibm/icu/icu4j/72.1/icu4j-72.1.jar (14 MB at 76 MB/s)
[INFO] Downloading from central: https://repo.maven.apache.org/maven2/org/graalvm/sdk/graal-sdk/23.0.2/graal-sdk-23.0.2.jar
[INFO] Downloaded from central: https://repo.maven.apache.org/maven2/org/graalvm/sdk/graal-sdk/23.0.2/graal-sdk-23.0.2.jar (813 kB at 12 MB/s)
[INFO] Downloading from central: https://repo.maven.apache.org/maven2/org/graalvm/js/js-scriptengine/23.0.2/js-scriptengine-23.0.2.jar
[INFO] Downloaded from central: https://repo.maven.apache.org/maven2/org/graalvm/js/js-scriptengine/23.0.2/js-scriptengine-23.0.2.jar (76 kB at 891 kB/s)
[INFO] CycloneDX: Creating BOM version 1.4 with 26 component(s)
[INFO] CycloneDX: Writing and validating BOM (XML): /home/srafi/after-cam-ready/compare_/compile_repair_output/work/4f386118e204/target/jena-5.0.0-SNAPSHOT-bom.xml
[INFO]            attaching as jena-5.0.0-SNAPSHOT-cyclonedx.xml
[INFO] CycloneDX: Writing and validating BOM (JSON): /home/srafi/after-cam-ready/compare_/compile_repair_output/work/4f386118e204/target/jena-5.0.0-SNAPSHOT-bom.json
[WARNING] Unknown keyword additionalItems - you should define your own Meta Schema. If the keyword is irrelevant for validation, just use a NonValidationKeyword
[INFO]            attaching as jena-5.0.0-SNAPSHOT-cyclonedx.json
[INFO] 
[INFO] --- maven-install-plugin:3.1.1:install (default-install) @ jena ---
[INFO] Installing /home/srafi/after-cam-ready/compare_/compile_repair_output/work/4f386118e204/pom.xml to /home/srafi/.m2/repository/org/apache/jena/jena/5.0.0-SNAPSHOT/jena-5.0.0-SNAPSHOT.pom
[INFO] Installing /home/srafi/after-cam-ready/compare_/compile_repair_output/work/4f386118e204/target/jena-5.0.0-SNAPSHOT-bom.xml to /home/srafi/.m2/repository/org/apache/jena/jena/5.0.0-SNAPSHOT/jena-5.0.0-SNAPSHOT-cyclonedx.xml
[INFO] Installing /home/srafi/after-cam-ready/compare_/compile_repair_output/work/4f386118e204/target/jena-5.0.0-SNAPSHOT-bom.json to /home/srafi/.m2/repository/org/apache/jena/jena/5.0.0-SNAPSHOT/jena-5.0.0-SNAPSHOT-cyclonedx.json
[INFO] 
[INFO] ----------------------< org.apache.jena:jena-iri >----------------------
[INFO] Building Apache Jena - IRI 5.0.0-SNAPSHOT                          [2/5]
[INFO] --------------------------------[ jar ]---------------------------------
[INFO] Downloading from central: https://repo.maven.apache.org/maven2/org/apache/maven/plugins/maven-javadoc-plugin/3.5.0/maven-javadoc-plugin-3.5.0.pom
[INFO] Downloaded from central: https://repo.maven.apache.org/maven2/org/apache/maven/plugins/maven-javadoc-plugin/3.5.0/maven-javadoc-plugin-3.5.0.pom (21 kB at 438 kB/s)
[INFO] Downloading from central: https://repo.maven.apache.org/maven2/org/apache/maven/plugins/maven-javadoc-plugin/3.5.0/maven-javadoc-plugin-3.5.0.jar
[INFO] Downloaded from central: https://repo.maven.apache.org/maven2/org/apache/maven/plugins/maven-javadoc-plugin/3.5.0/maven-javadoc-plugin-3.5.0.jar (507 kB at 9.7 MB/s)
[INFO] Downloading from apache.snapshots: https://repository.apache.org/snapshots/org/apache/maven/plugins/maven-surefire-plugin/3.0.0-M8-SNAPSHOT/maven-metadata.xml
[INFO] Downloading from apache.snapshots: https://repository.apache.org/snapshots/org/apache/maven/surefire/surefire/3.0.0-M8-SNAPSHOT/maven-metadata.xml
[INFO] 
[INFO] --- maven-clean-plugin:3.3.2:clean (default-clean) @ jena-iri ---
[INFO] 
[INFO] --- maven-remote-resources-plugin:3.1.0:process (process-resource-bundles) @ jena-iri ---
[INFO] Preparing remote bundle org.apache.apache.resources:apache-jar-resource-bundle:1.5
[INFO] Copying 3 resources from 1 bundle.
[INFO] 
[INFO] --- maven-resources-plugin:3.3.1:resources (default-resources) @ jena-iri ---
[INFO] skip non existing resourceDirectory /home/srafi/after-cam-ready/compare_/compile_repair_output/work/4f386118e204/jena-iri/src/main/resources
[INFO] Copying 3 resources from target/maven-shared-archive-resources to target/classes
[INFO] 
[INFO] --- maven-compiler-plugin:3.11.0:compile (default-compile) @ jena-iri ---
[INFO] Changes detected - recompiling the module! :source
[INFO] Compiling 43 source files with javac [debug release 17] to target/classes
[INFO] ------------------------------------------------------------------------
[INFO] Reactor Summary for Apache Jena 5.0.0-SNAPSHOT:
[INFO] 
[INFO] Apache Jena ........................................ SUCCESS [ 10.092 s]
[INFO] Apache Jena - IRI .................................. FAILURE [  0.930 s]
[INFO] Apache Jena - Base ................................. SKIPPED
[INFO] Apache Jena - Core ................................. SKIPPED
[INFO] Apache Jena - ARQ .................................. SKIPPED
[INFO] ------------------------------------------------------------------------
[INFO] BUILD FAILURE
[INFO] ------------------------------------------------------------------------
[INFO] Total time:  11.639 s
[INFO] Finished at: 2026-08-15T15:23:47-04:00
[INFO] ------------------------------------------------------------------------
[ERROR] Failed to execute goal org.apache.maven.plugins:maven-compiler-plugin:3.11.0:compile (default-compile) on project jena-iri: Fatal error compiling: invalid flag: --release -> [Help 1]
[ERROR] 
[ERROR] To see the full stack trace of the errors, re-run Maven with the -e switch.
[ERROR] Re-run Maven using the -X switch to enable full debug logging.
[ERROR] 
[ERROR] For more information about the errors and possible solutions, please read the following articles:
[ERROR] [Help 1] http://cwiki.apache.org/confluence/display/MAVEN/MojoExecutionException
[ERROR] 
[ERROR] After correcting the problems, you can resume the build with the command
[ERROR]   mvn <args> -rf :jena-iri
