JAVA_HOME=/usr/lib/jvm/java-11-openjdk-amd64
COMMAND=mvn -B clean install -DskipTests -U -pl jena-arq -am -Ddependency-check.skip=true -Dgpg.skip=true -DfailIfNoTests=false -Dskip.installnodenpm=true -Dskip.npm=true -Dskip.yarn=true -Dlicense.skip=true -Dcheckstyle.skip=true -Drat.skip=true -Denforcer.skip=true -Danimal.sniffer.skip=true -Dmaven.javadoc.skip=true -Dfindbugs.skip=true -Dspotbugs.skip=true -Dwarbucks.skip=true -Dmodernizer.skip=true -Dimpsort.skip=true -Dmdep.analyze.skip=true -Dpgpverify.skip=true -Dxml.skip=true -Dcobertura.skip=true

[INFO] Scanning for projects...
Warning: KebabPizza disabling incompatible org.apache.maven.plugins:maven-enforcer-plugin from jena
Warning: KebabPizza disabling incompatible org.apache.rat:apache-rat-plugin from jena
Warning: KebabPizza disabling incompatible org.apache.maven.plugins:maven-enforcer-plugin from jena-iri
Warning: KebabPizza disabling incompatible org.apache.rat:apache-rat-plugin from jena-iri
Warning: KebabPizza disabling incompatible org.apache.maven.plugins:maven-enforcer-plugin from jena-base
Warning: KebabPizza disabling incompatible org.apache.rat:apache-rat-plugin from jena-base
Warning: KebabPizza disabling incompatible org.apache.maven.plugins:maven-enforcer-plugin from jena-core
Warning: KebabPizza disabling incompatible org.apache.rat:apache-rat-plugin from jena-core
Warning: KebabPizza disabling incompatible org.apache.maven.plugins:maven-enforcer-plugin from jena-arq
Warning: KebabPizza disabling incompatible org.apache.rat:apache-rat-plugin from jena-arq
[INFO] ------------------------------------------------------------------------
[INFO] Reactor Build Order:
[INFO] 
[INFO] Apache Jena                                                        [pom]
[INFO] Apache Jena - IRI                                                  [jar]
[INFO] Apache Jena - Base                                                 [jar]
[INFO] Apache Jena - Core                                                 [jar]
[INFO] Apache Jena - ARQ                                                  [jar]
[INFO] 
[INFO] ------------------------< org.apache.jena:jena >------------------------
[INFO] Building Apache Jena 5.0.0-SNAPSHOT                                [1/5]
[INFO] --------------------------------[ pom ]---------------------------------
[INFO] 
[INFO] --- maven-clean-plugin:3.3.2:clean (default-clean) @ jena ---
[INFO] 
[INFO] --- maven-remote-resources-plugin:3.1.0:process (process-resource-bundles) @ jena ---
[INFO] Preparing remote bundle org.apache.apache.resources:apache-jar-resource-bundle:1.5
[INFO] Copying 3 resources from 1 bundle.
[INFO] 
[INFO] --- maven-site-plugin:3.12.1:attach-descriptor (attach-descriptor) @ jena ---
[INFO] No site descriptor found: nothing to attach.
[INFO] 
[INFO] --- cyclonedx-maven-plugin:2.7.9:makeAggregateBom (build-sbom-cyclonedx) @ jena ---
[INFO] CycloneDX: Resolving Aggregated Dependencies
[INFO] Downloading from apache.snapshots: https://repository.apache.org/snapshots/org/apache/jena/jena-base/5.0.0-SNAPSHOT/maven-metadata.xml
[INFO] Downloading from apache.snapshots: https://repository.apache.org/snapshots/org/apache/jena/jena-iri/5.0.0-SNAPSHOT/maven-metadata.xml
[INFO] Downloading from apache.snapshots: https://repository.apache.org/snapshots/org/apache/jena/jena-base/5.0.0-SNAPSHOT/jena-base-5.0.0-SNAPSHOT.jar
[INFO] Downloading from apache.snapshots: https://repository.apache.org/snapshots/org/apache/jena/jena-base/5.0.0-SNAPSHOT/jena-base-5.0.0-SNAPSHOT-tests.jar
[INFO] Downloading from apache.snapshots: https://repository.apache.org/snapshots/org/apache/jena/jena-iri/5.0.0-SNAPSHOT/jena-iri-5.0.0-SNAPSHOT.jar
[INFO] Downloading from apache.snapshots: https://repository.apache.org/snapshots/org/apache/jena/jena-core/5.0.0-SNAPSHOT/maven-metadata.xml
[INFO] Downloading from apache.snapshots: https://repository.apache.org/snapshots/org/apache/jena/jena-core/5.0.0-SNAPSHOT/jena-core-5.0.0-SNAPSHOT.jar
[INFO] Downloading from apache.snapshots: https://repository.apache.org/snapshots/org/apache/jena/jena-core/5.0.0-SNAPSHOT/jena-core-5.0.0-SNAPSHOT-tests.jar
[INFO] CycloneDX: Creating BOM version 1.4 with 26 component(s)
[INFO] CycloneDX: Writing and validating BOM (XML): /home/srafi/after-cam-ready/compare_/compile_repair_output/work/4f386118e204/target/jena-5.0.0-SNAPSHOT-bom.xml
[INFO]            attaching as jena-5.0.0-SNAPSHOT-cyclonedx.xml
[INFO] CycloneDX: Writing and validating BOM (JSON): /home/srafi/after-cam-ready/compare_/compile_repair_output/work/4f386118e204/target/jena-5.0.0-SNAPSHOT-bom.json
[WARNING] Unknown keyword additionalItems - you should define your own Meta Schema. If the keyword is irrelevant for validation, just use a NonValidationKeyword
[INFO]            attaching as jena-5.0.0-SNAPSHOT-cyclonedx.json
[INFO] 
[INFO] --- maven-install-plugin:3.1.1:install (default-install) @ jena ---
[INFO] Installing /home/srafi/after-cam-ready/compare_/compile_repair_output/work/4f386118e204/pom.xml to /home/srafi/.m2/repository/org/apache/jena/jena/5.0.0-SNAPSHOT/jena-5.0.0-SNAPSHOT.pom
[INFO] Installing /home/srafi/after-cam-ready/compare_/compile_repair_output/work/4f386118e204/target/jena-5.0.0-SNAPSHOT-bom.xml to /home/srafi/.m2/repository/org/apache/jena/jena/5.0.0-SNAPSHOT/jena-5.0.0-SNAPSHOT-cyclonedx.xml
[INFO] Installing /home/srafi/after-cam-ready/compare_/compile_repair_output/work/4f386118e204/target/jena-5.0.0-SNAPSHOT-bom.json to /home/srafi/.m2/repository/org/apache/jena/jena/5.0.0-SNAPSHOT/jena-5.0.0-SNAPSHOT-cyclonedx.json
[INFO] 
[INFO] ----------------------< org.apache.jena:jena-iri >----------------------
[INFO] Building Apache Jena - IRI 5.0.0-SNAPSHOT                          [2/5]
[INFO] --------------------------------[ jar ]---------------------------------
[INFO] Downloading from apache.snapshots: https://repository.apache.org/snapshots/org/apache/maven/plugins/maven-surefire-plugin/3.0.0-M8-SNAPSHOT/maven-metadata.xml
[INFO] Downloading from apache.snapshots: https://repository.apache.org/snapshots/org/apache/maven/surefire/surefire/3.0.0-M8-SNAPSHOT/maven-metadata.xml
[INFO] 
[INFO] --- maven-clean-plugin:3.3.2:clean (default-clean) @ jena-iri ---
[INFO] 
[INFO] --- maven-remote-resources-plugin:3.1.0:process (process-resource-bundles) @ jena-iri ---
[INFO] Preparing remote bundle org.apache.apache.resources:apache-jar-resource-bundle:1.5
[INFO] Copying 3 resources from 1 bundle.
[INFO] 
[INFO] --- maven-resources-plugin:3.3.1:resources (default-resources) @ jena-iri ---
[INFO] skip non existing resourceDirectory /home/srafi/after-cam-ready/compare_/compile_repair_output/work/4f386118e204/jena-iri/src/main/resources
[INFO] Copying 3 resources from target/maven-shared-archive-resources to target/classes
[INFO] 
[INFO] --- maven-compiler-plugin:3.11.0:compile (default-compile) @ jena-iri ---
[INFO] Changes detected - recompiling the module! :source
[INFO] Compiling 43 source files with javac [debug release 17] to target/classes
[INFO] ------------------------------------------------------------------------
[INFO] Reactor Summary for Apache Jena 5.0.0-SNAPSHOT:
[INFO] 
[INFO] Apache Jena ........................................ SUCCESS [  6.177 s]
[INFO] Apache Jena - IRI .................................. FAILURE [  0.878 s]
[INFO] Apache Jena - Base ................................. SKIPPED
[INFO] Apache Jena - Core ................................. SKIPPED
[INFO] Apache Jena - ARQ .................................. SKIPPED
[INFO] ------------------------------------------------------------------------
[INFO] BUILD FAILURE
[INFO] ------------------------------------------------------------------------
[INFO] Total time:  7.282 s
[INFO] Finished at: 2026-08-15T15:23:55-04:00
[INFO] ------------------------------------------------------------------------
[ERROR] Failed to execute goal org.apache.maven.plugins:maven-compiler-plugin:3.11.0:compile (default-compile) on project jena-iri: Fatal error compiling: error: release version 17 not supported -> [Help 1]
[ERROR] 
[ERROR] To see the full stack trace of the errors, re-run Maven with the -e switch.
[ERROR] Re-run Maven using the -X switch to enable full debug logging.
[ERROR] 
[ERROR] For more information about the errors and possible solutions, please read the following articles:
[ERROR] [Help 1] http://cwiki.apache.org/confluence/display/MAVEN/MojoExecutionException
[ERROR] 
[ERROR] After correcting the problems, you can resume the build with the command
[ERROR]   mvn <args> -rf :jena-iri
