JAVA_HOME=/usr/lib/jvm/java-8-openjdk-amd64
COMMAND=bash /home/srafi/after-cam-ready/compare_/compile_repair_output/work/d8b8ce939e1f/mvnw -B clean install -DskipTests -U -Ddependency-check.skip=true -Dgpg.skip=true -DfailIfNoTests=false -Dskip.installnodenpm=true -Dskip.npm=true -Dskip.yarn=true -Dlicense.skip=true -Dcheckstyle.skip=true -Drat.skip=true -Denforcer.skip=true -Danimal.sniffer.skip=true -Dmaven.javadoc.skip=true -Dfindbugs.skip=true -Dspotbugs.skip=true -Dwarbucks.skip=true -Dmodernizer.skip=true -Dimpsort.skip=true -Dmdep.analyze.skip=true -Dpgpverify.skip=true -Dxml.skip=true -Dcobertura.skip=true

--2026-08-15 16:20:15--  https://repo.maven.apache.org/maven2/org/apache/maven/wrapper/maven-wrapper/3.2.0/maven-wrapper-3.2.0.jar
Resolving repo.maven.apache.org (repo.maven.apache.org)... 104.18.19.12, 104.18.18.12, 2606:4700::6812:120c, ...
Connecting to repo.maven.apache.org (repo.maven.apache.org)|104.18.19.12|:443... connected.
HTTP request sent, awaiting response... 200 OK
Length: 62547 (61K) [application/java-archive]
Saving to: ‘/home/srafi/after-cam-ready/compare_/compile_repair_output/work/d8b8ce939e1f/.mvn/wrapper/maven-wrapper.jar’

     0K .......... .......... .......... .......... .......... 81% 72.7M 0s
    50K .......... .                                          100%  107M=0.001s

2026-08-15 16:20:15 (77.2 MB/s) - ‘/home/srafi/after-cam-ready/compare_/compile_repair_output/work/d8b8ce939e1f/.mvn/wrapper/maven-wrapper.jar’ saved [62547/62547]

[INFO] Scanning for projects...
[INFO] Downloading from sonatype-nexus-snapshots: https://oss.sonatype.org/content/repositories/snapshots/com/fasterxml/jackson/jackson-base/2.17.0-SNAPSHOT/maven-metadata.xml
[INFO] Downloading from sonatype-nexus-snapshots: https://oss.sonatype.org/content/repositories/snapshots/com/fasterxml/jackson/jackson-base/2.17.0-SNAPSHOT/jackson-base-2.17.0-SNAPSHOT.pom
[ERROR] [ERROR] Some problems were encountered while processing the POMs:
[FATAL] Non-resolvable parent POM for com.fasterxml.jackson.dataformat:jackson-dataformat-xml:2.17.0-SNAPSHOT: The following artifacts could not be resolved: com.fasterxml.jackson:jackson-base:pom:2.17.0-SNAPSHOT (absent): Could not find artifact com.fasterxml.jackson:jackson-base:pom:2.17.0-SNAPSHOT in sonatype-nexus-snapshots (https://oss.sonatype.org/content/repositories/snapshots) and 'parent.relativePath' points at wrong local POM @ line 9, column 11
 @ 
[ERROR] The build could not read 1 project -> [Help 1]
[ERROR]   
[ERROR]   The project com.fasterxml.jackson.dataformat:jackson-dataformat-xml:2.17.0-SNAPSHOT (/home/srafi/after-cam-ready/compare_/compile_repair_output/work/d8b8ce939e1f/pom.xml) has 1 error
[ERROR]     Non-resolvable parent POM for com.fasterxml.jackson.dataformat:jackson-dataformat-xml:2.17.0-SNAPSHOT: The following artifacts could not be resolved: com.fasterxml.jackson:jackson-base:pom:2.17.0-SNAPSHOT (absent): Could not find artifact com.fasterxml.jackson:jackson-base:pom:2.17.0-SNAPSHOT in sonatype-nexus-snapshots (https://oss.sonatype.org/content/repositories/snapshots) and 'parent.relativePath' points at wrong local POM @ line 9, column 11 -> [Help 2]
[ERROR] 
[ERROR] To see the full stack trace of the errors, re-run Maven with the -e switch.
[ERROR] Re-run Maven using the -X switch to enable full debug logging.
[ERROR] 
[ERROR] For more information about the errors and possible solutions, please read the following articles:
[ERROR] [Help 1] http://cwiki.apache.org/confluence/display/MAVEN/ProjectBuildingException
[ERROR] [Help 2] http://cwiki.apache.org/confluence/display/MAVEN/UnresolvableModelException
