JAVA_HOME=/usr/lib/jvm/java-8-openjdk-amd64
COMMAND=bash /home/srafi/after-cam-ready/compare_/compile_repair_output/work/d8b8ce939e1f/mvnw -B clean install -DskipTests -U -Ddependency-check.skip=true -Dgpg.skip=true -DfailIfNoTests=false -Dskip.installnodenpm=true -Dskip.npm=true -Dskip.yarn=true -Dlicense.skip=true -Dcheckstyle.skip=true -Drat.skip=true -Denforcer.skip=true -Danimal.sniffer.skip=true -Dmaven.javadoc.skip=true -Dfindbugs.skip=true -Dspotbugs.skip=true -Dwarbucks.skip=true -Dmodernizer.skip=true -Dimpsort.skip=true -Dmdep.analyze.skip=true -Dpgpverify.skip=true -Dxml.skip=true -Dcobertura.skip=true

--2026-08-15 16:20:23--  https://repo.maven.apache.org/maven2/org/apache/maven/wrapper/maven-wrapper/3.2.0/maven-wrapper-3.2.0.jar
Resolving repo.maven.apache.org (repo.maven.apache.org)... 104.18.19.12, 104.18.18.12, 2606:4700::6812:130c, ...
Connecting to repo.maven.apache.org (repo.maven.apache.org)|104.18.19.12|:443... connected.
HTTP request sent, awaiting response... 200 OK
Length: 62547 (61K) [application/java-archive]
Saving to: ‘/home/srafi/after-cam-ready/compare_/compile_repair_output/work/d8b8ce939e1f/.mvn/wrapper/maven-wrapper.jar’

     0K .......... .......... .......... .......... .......... 81% 57.7M 0s
    50K .......... .                                          100% 86.0M=0.001s

2026-08-15 16:20:23 (61.3 MB/s) - ‘/home/srafi/after-cam-ready/compare_/compile_repair_output/work/d8b8ce939e1f/.mvn/wrapper/maven-wrapper.jar’ saved [62547/62547]

[INFO] Scanning for projects...
[INFO] Inspecting build with total of 1 modules...
[INFO] Installing Nexus Staging features:
[INFO]   ... total of 1 executions of maven-deploy-plugin replaced with nexus-staging-maven-plugin
[INFO] 
[INFO] ------< com.fasterxml.jackson.dataformat:jackson-dataformat-xml >-------
[INFO] Building Jackson-dataformat-XML 2.17.0
[INFO]   from pom.xml
[INFO] --------------------------------[ jar ]---------------------------------
[INFO] Downloading from central: https://repo.maven.apache.org/maven2/org/apache/maven/plugins/maven-site-plugin/4.0.0-M11/maven-site-plugin-4.0.0-M11.pom
[INFO] Downloaded from central: https://repo.maven.apache.org/maven2/org/apache/maven/plugins/maven-site-plugin/4.0.0-M11/maven-site-plugin-4.0.0-M11.pom (22 kB at 127 kB/s)
[INFO] Downloading from central: https://repo.maven.apache.org/maven2/org/apache/maven/plugins/maven-site-plugin/4.0.0-M11/maven-site-plugin-4.0.0-M11.jar
[INFO] Downloaded from central: https://repo.maven.apache.org/maven2/org/apache/maven/plugins/maven-site-plugin/4.0.0-M11/maven-site-plugin-4.0.0-M11.jar (118 kB at 4.4 MB/s)
[INFO] Downloading from central: https://repo.maven.apache.org/maven2/de/jjohannes/gradle-module-metadata-maven-plugin/0.4.0/gradle-module-metadata-maven-plugin-0.4.0.pom
[INFO] Downloaded from central: https://repo.maven.apache.org/maven2/de/jjohannes/gradle-module-metadata-maven-plugin/0.4.0/gradle-module-metadata-maven-plugin-0.4.0.pom (5.6 kB at 330 kB/s)
[INFO] Downloading from central: https://repo.maven.apache.org/maven2/de/jjohannes/gradle-module-metadata-maven-plugin/0.4.0/gradle-module-metadata-maven-plugin-0.4.0.jar
[INFO] Downloaded from central: https://repo.maven.apache.org/maven2/de/jjohannes/gradle-module-metadata-maven-plugin/0.4.0/gradle-module-metadata-maven-plugin-0.4.0.jar (25 kB at 1.3 MB/s)
[INFO] Downloading from central: https://repo.maven.apache.org/maven2/org/codehaus/mojo/build-helper-maven-plugin/3.5.0/build-helper-maven-plugin-3.5.0.pom
[INFO] Downloaded from central: https://repo.maven.apache.org/maven2/org/codehaus/mojo/build-helper-maven-plugin/3.5.0/build-helper-maven-plugin-3.5.0.pom (7.4 kB at 389 kB/s)
[INFO] Downloading from central: https://repo.maven.apache.org/maven2/org/codehaus/mojo/mojo-parent/77/mojo-parent-77.pom
[INFO] Downloaded from central: https://repo.maven.apache.org/maven2/org/codehaus/mojo/mojo-parent/77/mojo-parent-77.pom (36 kB at 2.0 MB/s)
[INFO] Downloading from central: https://repo.maven.apache.org/maven2/org/codehaus/mojo/build-helper-maven-plugin/3.5.0/build-helper-maven-plugin-3.5.0.jar
[INFO] Downloaded from central: https://repo.maven.apache.org/maven2/org/codehaus/mojo/build-helper-maven-plugin/3.5.0/build-helper-maven-plugin-3.5.0.jar (71 kB at 2.9 MB/s)
[INFO] Downloading from central: https://repo.maven.apache.org/maven2/org/apache/maven/plugins/maven-surefire-plugin/3.2.5/maven-surefire-plugin-3.2.5.pom
[INFO] Downloaded from central: https://repo.maven.apache.org/maven2/org/apache/maven/plugins/maven-surefire-plugin/3.2.5/maven-surefire-plugin-3.2.5.pom (5.3 kB at 280 kB/s)
[INFO] Downloading from central: https://repo.maven.apache.org/maven2/org/apache/maven/plugins/maven-surefire-plugin/3.2.5/maven-surefire-plugin-3.2.5.jar
[INFO] Downloaded from central: https://repo.maven.apache.org/maven2/org/apache/maven/plugins/maven-surefire-plugin/3.2.5/maven-surefire-plugin-3.2.5.jar (45 kB at 2.6 MB/s)
[INFO] Downloading from central: https://repo.maven.apache.org/maven2/org/moditect/moditect-maven-plugin/1.1.0/moditect-maven-plugin-1.1.0.pom
[INFO] Downloaded from central: https://repo.maven.apache.org/maven2/org/moditect/moditect-maven-plugin/1.1.0/moditect-maven-plugin-1.1.0.pom (4.1 kB at 170 kB/s)
[INFO] Downloading from central: https://repo.maven.apache.org/maven2/org/moditect/moditect-parent/1.1.0/moditect-parent-1.1.0.pom
[INFO] Downloaded from central: https://repo.maven.apache.org/maven2/org/moditect/moditect-parent/1.1.0/moditect-parent-1.1.0.pom (14 kB at 807 kB/s)
[INFO] Downloading from central: https://repo.maven.apache.org/maven2/org/moditect/moditect-org-parent/1.3.1.Final/moditect-org-parent-1.3.1.Final.pom
[INFO] Downloaded from central: https://repo.maven.apache.org/maven2/org/moditect/moditect-org-parent/1.3.1.Final/moditect-org-parent-1.3.1.Final.pom (20 kB at 1.2 MB/s)
[INFO] Downloading from central: https://repo.maven.apache.org/maven2/org/moditect/moditect-maven-plugin/1.1.0/moditect-maven-plugin-1.1.0.jar
[INFO] Downloaded from central: https://repo.maven.apache.org/maven2/org/moditect/moditect-maven-plugin/1.1.0/moditect-maven-plugin-1.1.0.jar (50 kB at 3.0 MB/s)
[INFO] Downloading from central: https://repo.maven.apache.org/maven2/com/fasterxml/jackson/module/jackson-module-jakarta-xmlbind-annotations/2.17.0/jackson-module-jakarta-xmlbind-annotations-2.17.0.pom
[INFO] Downloaded from central: https://repo.maven.apache.org/maven2/com/fasterxml/jackson/module/jackson-module-jakarta-xmlbind-annotations/2.17.0/jackson-module-jakarta-xmlbind-annotations-2.17.0.pom (3.8 kB at 225 kB/s)
[INFO] Downloading from central: https://repo.maven.apache.org/maven2/com/fasterxml/jackson/module/jackson-modules-base/2.17.0/jackson-modules-base-2.17.0.pom
[INFO] Downloaded from central: https://repo.maven.apache.org/maven2/com/fasterxml/jackson/module/jackson-modules-base/2.17.0/jackson-modules-base-2.17.0.pom (4.1 kB at 241 kB/s)
[INFO] Downloading from central: https://repo.maven.apache.org/maven2/com/fasterxml/woodstox/woodstox-core/6.5.1/woodstox-core-6.5.1.jar
[INFO] Downloaded from central: https://repo.maven.apache.org/maven2/com/fasterxml/woodstox/woodstox-core/6.5.1/woodstox-core-6.5.1.jar (1.6 MB at 30 MB/s)
[INFO] Downloading from central: https://repo.maven.apache.org/maven2/com/fasterxml/jackson/module/jackson-module-jakarta-xmlbind-annotations/2.17.0/jackson-module-jakarta-xmlbind-annotations-2.17.0.jar
[INFO] Downloaded from central: https://repo.maven.apache.org/maven2/com/fasterxml/jackson/module/jackson-module-jakarta-xmlbind-annotations/2.17.0/jackson-module-jakarta-xmlbind-annotations-2.17.0.jar (32 kB at 1.7 MB/s)
[INFO] 
[INFO] --- clean:3.3.2:clean (default-clean) @ jackson-dataformat-xml ---
[INFO] 
[INFO] --- enforcer:3.4.1:enforce (enforce-java) @ jackson-dataformat-xml ---
[INFO] Skipping Rule Enforcement.
[INFO] 
[INFO] --- jacoco:0.8.11:prepare-agent (default) @ jackson-dataformat-xml ---
[INFO] argLine set to -javaagent:/home/srafi/.m2/repository/org/jacoco/org.jacoco.agent/0.8.11/org.jacoco.agent-0.8.11-runtime.jar=destfile=/home/srafi/after-cam-ready/compare_/compile_repair_output/work/d8b8ce939e1f/target/jacoco.exec
[INFO] 
[INFO] --- build-helper:3.5.0:add-source (add-generated-sources) @ jackson-dataformat-xml ---
[INFO] Source directory: /home/srafi/after-cam-ready/compare_/compile_repair_output/work/d8b8ce939e1f/target/generated-sources added.
[INFO] 
[INFO] --- replacer:1.5.3:replace (process-packageVersion) @ jackson-dataformat-xml ---
[INFO] Replacement run on 1 file.
[INFO] 
[INFO] --- build-helper:3.5.0:add-resource (add-resource) @ jackson-dataformat-xml ---
[INFO] 
[INFO] --- resources:3.3.1:resources (default-resources) @ jackson-dataformat-xml ---
[INFO] Copying 4 resources from src/main/resources to target/classes
[INFO] Copying 1 resource from  to target/classes/META-INF
[INFO] 
[INFO] --- compiler:3.12.1:compile (default-compile) @ jackson-dataformat-xml ---
[INFO] Recompiling the module because of changed dependency.
[INFO] Compiling 43 source files with javac [debug:lines,source,vars deprecation target 1.8] to target/classes
[INFO] 
[INFO] --- bundle:5.1.9:manifest (bundle-manifest) @ jackson-dataformat-xml ---
[INFO] No MANIFEST.MF file found, generating manifest.
[INFO] Writing manifest: /home/srafi/after-cam-ready/compare_/compile_repair_output/work/d8b8ce939e1f/target/classes/META-INF/MANIFEST.MF
[INFO] 
[INFO] --- resources:3.3.1:testResources (default-testResources) @ jackson-dataformat-xml ---
[INFO] Copying 2 resources from src/test/resources to target/test-classes
[INFO] 
[INFO] --- compiler:3.12.1:testCompile (default-testCompile) @ jackson-dataformat-xml ---
[INFO] Recompiling the module because of changed dependency.
[INFO] Compiling 145 source files with javac [debug:lines,source,vars deprecation target 1.8] to target/test-classes
[INFO] 
[INFO] --- surefire:3.2.5:test (default-test) @ jackson-dataformat-xml ---
[INFO] Tests are skipped.
[INFO] 
[INFO] --- jacoco:0.8.11:report (report) @ jackson-dataformat-xml ---
[INFO] Skipping JaCoCo execution due to missing execution data file.
[INFO] 
[INFO] --- jar:3.3.0:jar (default-jar) @ jackson-dataformat-xml ---
[INFO] Building jar: /home/srafi/after-cam-ready/compare_/compile_repair_output/work/d8b8ce939e1f/target/jackson-dataformat-xml-2.17.0.jar
[INFO] 
[INFO] --- site:4.0.0-M11:attach-descriptor (attach-descriptor) @ jackson-dataformat-xml ---
[INFO] Downloading from central: https://repo.maven.apache.org/maven2/org/apache/maven/reporting/maven-reporting-api/4.0.0-M8/maven-reporting-api-4.0.0-M8.pom
[INFO] Downloaded from central: https://repo.maven.apache.org/maven2/org/apache/maven/reporting/maven-reporting-api/4.0.0-M8/maven-reporting-api-4.0.0-M8.pom (2.8 kB at 135 kB/s)
[INFO] Downloading from central: https://repo.maven.apache.org/maven2/org/apache/maven/doxia/doxia-sink-api/2.0.0-M8/doxia-sink-api-2.0.0-M8.pom
[INFO] Downloaded from central: https://repo.maven.apache.org/maven2/org/apache/maven/doxia/doxia-sink-api/2.0.0-M8/doxia-sink-api-2.0.0-M8.pom (1.4 kB at 82 kB/s)
[INFO] Downloading from central: https://repo.maven.apache.org/maven2/org/apache/maven/doxia/doxia/2.0.0-M8/doxia-2.0.0-M8.pom
[INFO] Downloaded from central: https://repo.maven.apache.org/maven2/org/apache/maven/doxia/doxia/2.0.0-M8/doxia-2.0.0-M8.pom (18 kB at 1.0 MB/s)
[INFO] Downloading from central: https://repo.maven.apache.org/maven2/org/apache/maven/reporting/maven-reporting-exec/2.0.0-M11/maven-reporting-exec-2.0.0-M11.pom
[INFO] Downloaded from central: https://repo.maven.apache.org/maven2/org/apache/maven/reporting/maven-reporting-exec/2.0.0-M11/maven-reporting-exec-2.0.0-M11.pom (9.3 kB at 548 kB/s)
[INFO] Downloading from central: https://repo.maven.apache.org/maven2/org/apache/maven/doxia/doxia-core/2.0.0-M8/doxia-core-2.0.0-M8.pom
[INFO] Downloaded from central: https://repo.maven.apache.org/maven2/org/apache/maven/doxia/doxia-core/2.0.0-M8/doxia-core-2.0.0-M8.pom (3.6 kB at 210 kB/s)
[INFO] Downloading from central: https://repo.maven.apache.org/maven2/org/apache/maven/doxia/doxia-module-xhtml5/2.0.0-M8/doxia-module-xhtml5-2.0.0-M8.pom
[INFO] Downloaded from central: https://repo.maven.apache.org/maven2/org/apache/maven/doxia/doxia-module-xhtml5/2.0.0-M8/doxia-module-xhtml5-2.0.0-M8.pom (2.7 kB at 119 kB/s)
[INFO] Downloading from central: https://repo.maven.apache.org/maven2/org/apache/maven/doxia/doxia-modules/2.0.0-M8/doxia-modules-2.0.0-M8.pom
[INFO] Downloaded from central: https://repo.maven.apache.org/maven2/org/apache/maven/doxia/doxia-modules/2.0.0-M8/doxia-modules-2.0.0-M8.pom (2.2 kB at 115 kB/s)
[INFO] Downloading from central: https://repo.maven.apache.org/maven2/org/apache/maven/doxia/doxia-module-apt/2.0.0-M8/doxia-module-apt-2.0.0-M8.pom
[INFO] Downloaded from central: https://repo.maven.apache.org/maven2/org/apache/maven/doxia/doxia-module-apt/2.0.0-M8/doxia-module-apt-2.0.0-M8.pom (2.8 kB at 167 kB/s)
[INFO] Downloading from central: https://repo.maven.apache.org/maven2/org/apache/maven/doxia/doxia-module-xdoc/2.0.0-M8/doxia-module-xdoc-2.0.0-M8.pom
[INFO] Downloaded from central: https://repo.maven.apache.org/maven2/org/apache/maven/doxia/doxia-module-xdoc/2.0.0-M8/doxia-module-xdoc-2.0.0-M8.pom (5.2 kB at 228 kB/s)
[INFO] Downloading from central: https://repo.maven.apache.org/maven2/org/apache/maven/doxia/doxia-module-fml/2.0.0-M8/doxia-module-fml-2.0.0-M8.pom
[INFO] Downloaded from central: https://repo.maven.apache.org/maven2/org/apache/maven/doxia/doxia-module-fml/2.0.0-M8/doxia-module-fml-2.0.0-M8.pom (5.1 kB at 257 kB/s)
[INFO] Downloading from central: https://repo.maven.apache.org/maven2/org/apache/maven/doxia/doxia-module-markdown/2.0.0-M8/doxia-module-markdown-2.0.0-M8.pom
[INFO] Downloaded from central: https://repo.maven.apache.org/maven2/org/apache/maven/doxia/doxia-module-markdown/2.0.0-M8/doxia-module-markdown-2.0.0-M8.pom (8.7 kB at 513 kB/s)
[INFO] Downloading from central: https://repo.maven.apache.org/maven2/org/jetbrains/annotations/24.0.1/annotations-24.0.1.pom
[INFO] Downloaded from central: https://repo.maven.apache.org/maven2/org/jetbrains/annotations/24.0.1/annotations-24.0.1.pom (1.3 kB at 95 kB/s)
[INFO] Downloading from central: https://repo.maven.apache.org/maven2/org/apache/maven/doxia/doxia-site-model/2.0.0-M13/doxia-site-model-2.0.0-M13.pom
[INFO] Downloaded from central: https://repo.maven.apache.org/maven2/org/apache/maven/doxia/doxia-site-model/2.0.0-M13/doxia-site-model-2.0.0-M13.pom (5.7 kB at 357 kB/s)
[INFO] Downloading from central: https://repo.maven.apache.org/maven2/org/apache/maven/doxia/doxia-sitetools/2.0.0-M13/doxia-sitetools-2.0.0-M13.pom
[INFO] Downloaded from central: https://repo.maven.apache.org/maven2/org/apache/maven/doxia/doxia-sitetools/2.0.0-M13/doxia-sitetools-2.0.0-M13.pom (13 kB at 759 kB/s)
[INFO] Downloading from central: https://repo.maven.apache.org/maven2/org/apache/maven/doxia/doxia-site-renderer/2.0.0-M13/doxia-site-renderer-2.0.0-M13.pom
[INFO] Downloaded from central: https://repo.maven.apache.org/maven2/org/apache/maven/doxia/doxia-site-renderer/2.0.0-M13/doxia-site-renderer-2.0.0-M13.pom (7.4 kB at 434 kB/s)
[INFO] Downloading from central: https://repo.maven.apache.org/maven2/org/apache/maven/doxia/doxia-skin-model/2.0.0-M13/doxia-skin-model-2.0.0-M13.pom
[INFO] Downloaded from central: https://repo.maven.apache.org/maven2/org/apache/maven/doxia/doxia-skin-model/2.0.0-M13/doxia-skin-model-2.0.0-M13.pom (3.0 kB at 202 kB/s)
[INFO] Downloading from central: https://repo.maven.apache.org/maven2/org/codehaus/plexus/plexus-velocity/2.0/plexus-velocity-2.0.pom
[INFO] Downloaded from central: https://repo.maven.apache.org/maven2/org/codehaus/plexus/plexus-velocity/2.0/plexus-velocity-2.0.pom (3.4 kB at 203 kB/s)
[INFO] Downloading from central: https://repo.maven.apache.org/maven2/org/apache/maven/doxia/doxia-integration-tools/2.0.0-M13/doxia-integration-tools-2.0.0-M13.pom
[INFO] Downloaded from central: https://repo.maven.apache.org/maven2/org/apache/maven/doxia/doxia-integration-tools/2.0.0-M13/doxia-integration-tools-2.0.0-M13.pom (7.9 kB at 395 kB/s)
[INFO] Artifact org.eclipse.jetty:jetty-server:pom:9.4.53.v20231009 is present in the local repository, but cached from a remote repository ID that is unavailable in current build context, verifying that is downloadable from [central (https://repo.maven.apache.org/maven2, default, releases), apache.snapshots (https://repository.apache.org/snapshots, default, snapshots)]
[INFO] Downloading from central: https://repo.maven.apache.org/maven2/org/eclipse/jetty/jetty-server/9.4.53.v20231009/jetty-server-9.4.53.v20231009.pom
[INFO] Downloaded from central: https://repo.maven.apache.org/maven2/org/eclipse/jetty/jetty-server/9.4.53.v20231009/jetty-server-9.4.53.v20231009.pom (0 B at 0 B/s)
[INFO] Artifact org.eclipse.jetty:jetty-project:pom:9.4.53.v20231009 is present in the local repository, but cached from a remote repository ID that is unavailable in current build context, verifying that is downloadable from [central (https://repo.maven.apache.org/maven2, default, releases), apache.snapshots (https://repository.apache.org/snapshots, default, snapshots)]
[INFO] Downloading from central: https://repo.maven.apache.org/maven2/org/eclipse/jetty/jetty-project/9.4.53.v20231009/jetty-project-9.4.53.v20231009.pom
[INFO] Downloaded from central: https://repo.maven.apache.org/maven2/org/eclipse/jetty/jetty-project/9.4.53.v20231009/jetty-project-9.4.53.v20231009.pom (0 B at 0 B/s)
[INFO] Artifact org.infinispan:infinispan-bom:pom:11.0.17.Final is present in the local repository, but cached from a remote repository ID that is unavailable in current build context, verifying that is downloadable from [central (https://repo.maven.apache.org/maven2, default, releases), apache.snapshots (https://repository.apache.org/snapshots, default, snapshots)]
[INFO] Downloading from central: https://repo.maven.apache.org/maven2/org/infinispan/infinispan-bom/11.0.17.Final/infinispan-bom-11.0.17.Final.pom
[INFO] Downloaded from central: https://repo.maven.apache.org/maven2/org/infinispan/infinispan-bom/11.0.17.Final/infinispan-bom-11.0.17.Final.pom (0 B at 0 B/s)
[INFO] Artifact org.infinispan:infinispan-build-configuration-parent:pom:11.0.17.Final is present in the local repository, but cached from a remote repository ID that is unavailable in current build context, verifying that is downloadable from [central (https://repo.maven.apache.org/maven2, default, releases), apache.snapshots (https://repository.apache.org/snapshots, default, snapshots)]
[INFO] Downloading from central: https://repo.maven.apache.org/maven2/org/infinispan/infinispan-build-configuration-parent/11.0.17.Final/infinispan-build-configuration-parent-11.0.17.Final.pom
[INFO] Downloaded from central: https://repo.maven.apache.org/maven2/org/infinispan/infinispan-build-configuration-parent/11.0.17.Final/infinispan-build-configuration-parent-11.0.17.Final.pom (0 B at 0 B/s)
[INFO] Artifact org.eclipse.jetty:jetty-http:pom:9.4.53.v20231009 is present in the local repository, but cached from a remote repository ID that is unavailable in current build context, verifying that is downloadable from [central (https://repo.maven.apache.org/maven2, default, releases), apache.snapshots (https://repository.apache.org/snapshots, default, snapshots)]
[INFO] Downloading from central: https://repo.maven.apache.org/maven2/org/eclipse/jetty/jetty-http/9.4.53.v20231009/jetty-http-9.4.53.v20231009.pom
[INFO] Downloaded from central: https://repo.maven.apache.org/maven2/org/eclipse/jetty/jetty-http/9.4.53.v20231009/jetty-http-9.4.53.v20231009.pom (0 B at 0 B/s)
[INFO] Artifact org.eclipse.jetty:jetty-util:pom:9.4.53.v20231009 is present in the local repository, but cached from a remote repository ID that is unavailable in current build context, verifying that is downloadable from [central (https://repo.maven.apache.org/maven2, default, releases), apache.snapshots (https://repository.apache.org/snapshots, default, snapshots)]
[INFO] Downloading from central: https://repo.maven.apache.org/maven2/org/eclipse/jetty/jetty-util/9.4.53.v20231009/jetty-util-9.4.53.v20231009.pom
[INFO] Downloaded from central: https://repo.maven.apache.org/maven2/org/eclipse/jetty/jetty-util/9.4.53.v20231009/jetty-util-9.4.53.v20231009.pom (0 B at 0 B/s)
[INFO] Artifact org.eclipse.jetty:jetty-io:pom:9.4.53.v20231009 is present in the local repository, but cached from a remote repository ID that is unavailable in current build context, verifying that is downloadable from [central (https://repo.maven.apache.org/maven2, default, releases), apache.snapshots (https://repository.apache.org/snapshots, default, snapshots)]
[INFO] Downloading from central: https://repo.maven.apache.org/maven2/org/eclipse/jetty/jetty-io/9.4.53.v20231009/jetty-io-9.4.53.v20231009.pom
[INFO] Downloaded from central: https://repo.maven.apache.org/maven2/org/eclipse/jetty/jetty-io/9.4.53.v20231009/jetty-io-9.4.53.v20231009.pom (0 B at 0 B/s)
[INFO] Artifact org.eclipse.jetty:jetty-servlet:pom:9.4.53.v20231009 is present in the local repository, but cached from a remote repository ID that is unavailable in current build context, verifying that is downloadable from [central (https://repo.maven.apache.org/maven2, default, releases), apache.snapshots (https://repository.apache.org/snapshots, default, snapshots)]
[INFO] Downloading from central: https://repo.maven.apache.org/maven2/org/eclipse/jetty/jetty-servlet/9.4.53.v20231009/jetty-servlet-9.4.53.v20231009.pom
[INFO] Downloaded from central: https://repo.maven.apache.org/maven2/org/eclipse/jetty/jetty-servlet/9.4.53.v20231009/jetty-servlet-9.4.53.v20231009.pom (0 B at 0 B/s)
[INFO] Artifact org.eclipse.jetty:jetty-security:pom:9.4.53.v20231009 is present in the local repository, but cached from a remote repository ID that is unavailable in current build context, verifying that is downloadable from [central (https://repo.maven.apache.org/maven2, default, releases), apache.snapshots (https://repository.apache.org/snapshots, default, snapshots)]
[INFO] Downloading from central: https://repo.maven.apache.org/maven2/org/eclipse/jetty/jetty-security/9.4.53.v20231009/jetty-security-9.4.53.v20231009.pom
[INFO] Downloaded from central: https://repo.maven.apache.org/maven2/org/eclipse/jetty/jetty-security/9.4.53.v20231009/jetty-security-9.4.53.v20231009.pom (0 B at 0 B/s)
[INFO] Artifact org.eclipse.jetty:jetty-util-ajax:pom:9.4.53.v20231009 is present in the local repository, but cached from a remote repository ID that is unavailable in current build context, verifying that is downloadable from [central (https://repo.maven.apache.org/maven2, default, releases), apache.snapshots (https://repository.apache.org/snapshots, default, snapshots)]
[INFO] Downloading from central: https://repo.maven.apache.org/maven2/org/eclipse/jetty/jetty-util-ajax/9.4.53.v20231009/jetty-util-ajax-9.4.53.v20231009.pom
[INFO] Downloaded from central: https://repo.maven.apache.org/maven2/org/eclipse/jetty/jetty-util-ajax/9.4.53.v20231009/jetty-util-ajax-9.4.53.v20231009.pom (0 B at 0 B/s)
[INFO] Downloading from central: https://repo.maven.apache.org/maven2/org/eclipse/jetty/jetty-webapp/9.4.53.v20231009/jetty-webapp-9.4.53.v20231009.pom
[INFO] Downloaded from central: https://repo.maven.apache.org/maven2/org/eclipse/jetty/jetty-webapp/9.4.53.v20231009/jetty-webapp-9.4.53.v20231009.pom (3.2 kB at 159 kB/s)
[INFO] Downloading from central: https://repo.maven.apache.org/maven2/org/eclipse/jetty/jetty-xml/9.4.53.v20231009/jetty-xml-9.4.53.v20231009.pom
[INFO] Downloaded from central: https://repo.maven.apache.org/maven2/org/eclipse/jetty/jetty-xml/9.4.53.v20231009/jetty-xml-9.4.53.v20231009.pom (1.7 kB at 104 kB/s)
[INFO] Artifact org.eclipse.jetty:jetty-server:jar:9.4.53.v20231009 is present in the local repository, but cached from a remote repository ID that is unavailable in current build context, verifying that is downloadable from [central (https://repo.maven.apache.org/maven2, default, releases), apache.snapshots (https://repository.apache.org/snapshots, default, snapshots)]
[INFO] Artifact org.eclipse.jetty:jetty-io:jar:9.4.53.v20231009 is present in the local repository, but cached from a remote repository ID that is unavailable in current build context, verifying that is downloadable from [central (https://repo.maven.apache.org/maven2, default, releases), apache.snapshots (https://repository.apache.org/snapshots, default, snapshots)]
[INFO] Artifact org.eclipse.jetty:jetty-http:jar:9.4.53.v20231009 is present in the local repository, but cached from a remote repository ID that is unavailable in current build context, verifying that is downloadable from [central (https://repo.maven.apache.org/maven2, default, releases), apache.snapshots (https://repository.apache.org/snapshots, default, snapshots)]
[INFO] Artifact org.eclipse.jetty:jetty-servlet:jar:9.4.53.v20231009 is present in the local repository, but cached from a remote repository ID that is unavailable in current build context, verifying that is downloadable from [central (https://repo.maven.apache.org/maven2, default, releases), apache.snapshots (https://repository.apache.org/snapshots, default, snapshots)]
[INFO] Artifact org.eclipse.jetty:jetty-security:jar:9.4.53.v20231009 is present in the local repository, but cached from a remote repository ID that is unavailable in current build context, verifying that is downloadable from [central (https://repo.maven.apache.org/maven2, default, releases), apache.snapshots (https://repository.apache.org/snapshots, default, snapshots)]
[INFO] Artifact org.eclipse.jetty:jetty-util-ajax:jar:9.4.53.v20231009 is present in the local repository, but cached from a remote repository ID that is unavailable in current build context, verifying that is downloadable from [central (https://repo.maven.apache.org/maven2, default, releases), apache.snapshots (https://repository.apache.org/snapshots, default, snapshots)]
[INFO] Artifact org.eclipse.jetty:jetty-util:jar:9.4.53.v20231009 is present in the local repository, but cached from a remote repository ID that is unavailable in current build context, verifying that is downloadable from [central (https://repo.maven.apache.org/maven2, default, releases), apache.snapshots (https://repository.apache.org/snapshots, default, snapshots)]
[INFO] Downloading from central: https://repo.maven.apache.org/maven2/org/apache/maven/reporting/maven-reporting-api/4.0.0-M8/maven-reporting-api-4.0.0-M8.jar
[INFO] Downloaded from central: https://repo.maven.apache.org/maven2/org/apache/maven/reporting/maven-reporting-api/4.0.0-M8/maven-reporting-api-4.0.0-M8.jar (9.7 kB at 645 kB/s)
[INFO] Downloading from central: https://repo.maven.apache.org/maven2/org/apache/maven/reporting/maven-reporting-exec/2.0.0-M11/maven-reporting-exec-2.0.0-M11.jar
[INFO] Downloading from central: https://repo.maven.apache.org/maven2/org/apache/maven/doxia/doxia-sink-api/2.0.0-M8/doxia-sink-api-2.0.0-M8.jar
[INFO] Downloading from central: https://repo.maven.apache.org/maven2/org/apache/maven/doxia/doxia-core/2.0.0-M8/doxia-core-2.0.0-M8.jar
[INFO] Downloading from central: https://repo.maven.apache.org/maven2/org/apache/maven/doxia/doxia-module-xhtml5/2.0.0-M8/doxia-module-xhtml5-2.0.0-M8.jar
[INFO] Downloading from central: https://repo.maven.apache.org/maven2/org/apache/maven/doxia/doxia-module-apt/2.0.0-M8/doxia-module-apt-2.0.0-M8.jar
[INFO] Downloaded from central: https://repo.maven.apache.org/maven2/org/apache/maven/reporting/maven-reporting-exec/2.0.0-M11/maven-reporting-exec-2.0.0-M11.jar (28 kB at 1.4 MB/s)
[INFO] Downloading from central: https://repo.maven.apache.org/maven2/org/apache/maven/doxia/doxia-module-xdoc/2.0.0-M8/doxia-module-xdoc-2.0.0-M8.jar
[INFO] Downloaded from central: https://repo.maven.apache.org/maven2/org/apache/maven/doxia/doxia-module-xdoc/2.0.0-M8/doxia-module-xdoc-2.0.0-M8.jar (35 kB at 1.1 MB/s)
[INFO] Downloading from central: https://repo.maven.apache.org/maven2/org/apache/maven/doxia/doxia-module-fml/2.0.0-M8/doxia-module-fml-2.0.0-M8.jar
[INFO] Downloaded from central: https://repo.maven.apache.org/maven2/org/apache/maven/doxia/doxia-sink-api/2.0.0-M8/doxia-sink-api-2.0.0-M8.jar (10 kB at 262 kB/s)
[INFO] Downloading from central: https://repo.maven.apache.org/maven2/org/apache/maven/doxia/doxia-module-markdown/2.0.0-M8/doxia-module-markdown-2.0.0-M8.jar
[INFO] Downloaded from central: https://repo.maven.apache.org/maven2/org/apache/maven/doxia/doxia-module-xhtml5/2.0.0-M8/doxia-module-xhtml5-2.0.0-M8.jar (17 kB at 404 kB/s)
[INFO] Downloading from central: https://repo.maven.apache.org/maven2/org/jetbrains/annotations/24.0.1/annotations-24.0.1.jar
[INFO] Downloaded from central: https://repo.maven.apache.org/maven2/org/apache/maven/doxia/doxia-core/2.0.0-M8/doxia-core-2.0.0-M8.jar (146 kB at 3.3 MB/s)
[INFO] Downloading from central: https://repo.maven.apache.org/maven2/org/apache/maven/doxia/doxia-site-model/2.0.0-M13/doxia-site-model-2.0.0-M13.jar
[INFO] Downloaded from central: https://repo.maven.apache.org/maven2/org/apache/maven/doxia/doxia-module-fml/2.0.0-M8/doxia-module-fml-2.0.0-M8.jar (38 kB at 754 kB/s)
[INFO] Downloaded from central: https://repo.maven.apache.org/maven2/org/apache/maven/doxia/doxia-module-apt/2.0.0-M8/doxia-module-apt-2.0.0-M8.jar (53 kB at 1.0 MB/s)
[INFO] Downloading from central: https://repo.maven.apache.org/maven2/org/apache/maven/doxia/doxia-site-renderer/2.0.0-M13/doxia-site-renderer-2.0.0-M13.jar
[INFO] Downloading from central: https://repo.maven.apache.org/maven2/org/apache/maven/doxia/doxia-skin-model/2.0.0-M13/doxia-skin-model-2.0.0-M13.jar
[INFO] Downloaded from central: https://repo.maven.apache.org/maven2/org/apache/maven/doxia/doxia-module-markdown/2.0.0-M8/doxia-module-markdown-2.0.0-M8.jar (28 kB at 497 kB/s)
[INFO] Downloading from central: https://repo.maven.apache.org/maven2/org/codehaus/plexus/plexus-velocity/2.0/plexus-velocity-2.0.jar
[INFO] Downloaded from central: https://repo.maven.apache.org/maven2/org/apache/maven/doxia/doxia-site-model/2.0.0-M13/doxia-site-model-2.0.0-M13.jar (86 kB at 1.4 MB/s)
[INFO] Downloading from central: https://repo.maven.apache.org/maven2/org/apache/maven/doxia/doxia-integration-tools/2.0.0-M13/doxia-integration-tools-2.0.0-M13.jar
[INFO] Downloaded from central: https://repo.maven.apache.org/maven2/org/jetbrains/annotations/24.0.1/annotations-24.0.1.jar (31 kB at 487 kB/s)
[INFO] Downloading from central: https://repo.maven.apache.org/maven2/org/eclipse/jetty/jetty-server/9.4.53.v20231009/jetty-server-9.4.53.v20231009.jar
[INFO] Downloaded from central: https://repo.maven.apache.org/maven2/org/apache/maven/doxia/doxia-site-renderer/2.0.0-M13/doxia-site-renderer-2.0.0-M13.jar (42 kB at 632 kB/s)
[INFO] Downloading from central: https://repo.maven.apache.org/maven2/org/eclipse/jetty/jetty-io/9.4.53.v20231009/jetty-io-9.4.53.v20231009.jar
[INFO] Downloaded from central: https://repo.maven.apache.org/maven2/org/codehaus/plexus/plexus-velocity/2.0/plexus-velocity-2.0.jar (4.8 kB at 64 kB/s)
[INFO] Downloading from central: https://repo.maven.apache.org/maven2/org/eclipse/jetty/jetty-http/9.4.53.v20231009/jetty-http-9.4.53.v20231009.jar
[INFO] Downloaded from central: https://repo.maven.apache.org/maven2/org/apache/maven/doxia/doxia-skin-model/2.0.0-M13/doxia-skin-model-2.0.0-M13.jar (16 kB at 210 kB/s)
[INFO] Downloading from central: https://repo.maven.apache.org/maven2/org/eclipse/jetty/jetty-servlet/9.4.53.v20231009/jetty-servlet-9.4.53.v20231009.jar
[INFO] Downloaded from central: https://repo.maven.apache.org/maven2/org/eclipse/jetty/jetty-server/9.4.53.v20231009/jetty-server-9.4.53.v20231009.jar (0 B at 0 B/s)
[INFO] Downloading from central: https://repo.maven.apache.org/maven2/org/eclipse/jetty/jetty-security/9.4.53.v20231009/jetty-security-9.4.53.v20231009.jar
[INFO] Downloaded from central: https://repo.maven.apache.org/maven2/org/apache/maven/doxia/doxia-integration-tools/2.0.0-M13/doxia-integration-tools-2.0.0-M13.jar (50 kB at 635 kB/s)
[INFO] Downloading from central: https://repo.maven.apache.org/maven2/org/eclipse/jetty/jetty-util-ajax/9.4.53.v20231009/jetty-util-ajax-9.4.53.v20231009.jar
[INFO] Downloaded from central: https://repo.maven.apache.org/maven2/org/eclipse/jetty/jetty-io/9.4.53.v20231009/jetty-io-9.4.53.v20231009.jar (0 B at 0 B/s)
[INFO] Downloading from central: https://repo.maven.apache.org/maven2/org/eclipse/jetty/jetty-webapp/9.4.53.v20231009/jetty-webapp-9.4.53.v20231009.jar
[INFO] Downloaded from central: https://repo.maven.apache.org/maven2/org/eclipse/jetty/jetty-http/9.4.53.v20231009/jetty-http-9.4.53.v20231009.jar (0 B at 0 B/s)
[INFO] Downloading from central: https://repo.maven.apache.org/maven2/org/eclipse/jetty/jetty-xml/9.4.53.v20231009/jetty-xml-9.4.53.v20231009.jar
[INFO] Downloaded from central: https://repo.maven.apache.org/maven2/org/eclipse/jetty/jetty-util-ajax/9.4.53.v20231009/jetty-util-ajax-9.4.53.v20231009.jar (0 B at 0 B/s)
[INFO] Downloading from central: https://repo.maven.apache.org/maven2/org/eclipse/jetty/jetty-util/9.4.53.v20231009/jetty-util-9.4.53.v20231009.jar
[INFO] Downloaded from central: https://repo.maven.apache.org/maven2/org/eclipse/jetty/jetty-security/9.4.53.v20231009/jetty-security-9.4.53.v20231009.jar (0 B at 0 B/s)
[INFO] Downloaded from central: https://repo.maven.apache.org/maven2/org/eclipse/jetty/jetty-webapp/9.4.53.v20231009/jetty-webapp-9.4.53.v20231009.jar (140 kB at 1.4 MB/s)
[INFO] Downloaded from central: https://repo.maven.apache.org/maven2/org/eclipse/jetty/jetty-xml/9.4.53.v20231009/jetty-xml-9.4.53.v20231009.jar (69 kB at 662 kB/s)
[INFO] Downloaded from central: https://repo.maven.apache.org/maven2/org/eclipse/jetty/jetty-util/9.4.53.v20231009/jetty-util-9.4.53.v20231009.jar (0 B at 0 B/s)
[INFO] Downloaded from central: https://repo.maven.apache.org/maven2/org/eclipse/jetty/jetty-servlet/9.4.53.v20231009/jetty-servlet-9.4.53.v20231009.jar (0 B at 0 B/s)
[INFO] Skipping because packaging 'jar' is not pom.
[INFO] 
[INFO] --- moditect:1.1.0:add-module-info (add-module-infos) @ jackson-dataformat-xml ---
[INFO] Downloading from central: https://repo.maven.apache.org/maven2/org/moditect/moditect/1.1.0/moditect-1.1.0.pom
[INFO] Downloaded from central: https://repo.maven.apache.org/maven2/org/moditect/moditect/1.1.0/moditect-1.1.0.pom (5.2 kB at 224 kB/s)
[INFO] Downloading from central: https://repo.maven.apache.org/maven2/org/moditect/moditect/1.1.0/moditect-1.1.0.jar
[INFO] Downloaded from central: https://repo.maven.apache.org/maven2/org/moditect/moditect/1.1.0/moditect-1.1.0.jar (1.6 MB at 28 MB/s)
[INFO] 
[INFO] --- gradle-module-metadata:0.4.0:gmm (default) @ jackson-dataformat-xml ---
[INFO] 
[INFO] --- install:3.1.1:install (default-install) @ jackson-dataformat-xml ---
[INFO] Installing /home/srafi/after-cam-ready/compare_/compile_repair_output/work/d8b8ce939e1f/pom.xml to /home/srafi/.m2/repository/com/fasterxml/jackson/dataformat/jackson-dataformat-xml/2.17.0/jackson-dataformat-xml-2.17.0.pom
[INFO] Installing /home/srafi/after-cam-ready/compare_/compile_repair_output/work/d8b8ce939e1f/target/jackson-dataformat-xml-2.17.0.jar to /home/srafi/.m2/repository/com/fasterxml/jackson/dataformat/jackson-dataformat-xml/2.17.0/jackson-dataformat-xml-2.17.0.jar
[INFO] Installing /home/srafi/after-cam-ready/compare_/compile_repair_output/work/d8b8ce939e1f/target/publications/maven/module.json to /home/srafi/.m2/repository/com/fasterxml/jackson/dataformat/jackson-dataformat-xml/2.17.0/jackson-dataformat-xml-2.17.0.module
[INFO] ------------------------------------------------------------------------
[INFO] BUILD SUCCESS
[INFO] ------------------------------------------------------------------------
[INFO] Total time:  5.476 s
[INFO] Finished at: 2026-08-15T16:20:30-04:00
[INFO] ------------------------------------------------------------------------
