JAVA_HOME=/usr/lib/jvm/java-8-openjdk-amd64
COMMAND=mvn -B clean install -DskipTests -U -Ddependency-check.skip=true -Dgpg.skip=true -DfailIfNoTests=false -Dskip.installnodenpm=true -Dskip.npm=true -Dskip.yarn=true -Dlicense.skip=true -Dcheckstyle.skip=true -Drat.skip=true -Denforcer.skip=true -Danimal.sniffer.skip=true -Dmaven.javadoc.skip=true -Dfindbugs.skip=true -Dspotbugs.skip=true -Dwarbucks.skip=true -Dmodernizer.skip=true -Dimpsort.skip=true -Dmdep.analyze.skip=true -Dpgpverify.skip=true -Dxml.skip=true -Dcobertura.skip=true

[INFO] Scanning for projects...
Warning: KebabPizza disabling incompatible org.apache.maven.plugins:maven-enforcer-plugin from commons-collections4
Warning: KebabPizza disabling incompatible org.apache.rat:apache-rat-plugin from commons-collections4
Warning: KebabPizza disabling incompatible org.jacoco:jacoco-maven-plugin from commons-collections4
[INFO] 
[INFO] --------------< org.apache.commons:commons-collections4 >---------------
[INFO] Building Apache Commons Collections 4.5-SNAPSHOT
[INFO] --------------------------------[ jar ]---------------------------------
[INFO] Downloading from apache.snapshots: https://repository.apache.org/snapshots/org/apache/maven/plugins/maven-surefire-plugin/3.0.0-M8-SNAPSHOT/maven-metadata.xml
[INFO] Downloading from apache.snapshots: https://repository.apache.org/snapshots/org/apache/maven/surefire/surefire/3.0.0-M8-SNAPSHOT/maven-metadata.xml
[INFO] Downloading from central: https://repo.maven.apache.org/maven2/org/junit/vintage/junit-vintage-engine/5.6.2/junit-vintage-engine-5.6.2.pom
[INFO] Downloaded from central: https://repo.maven.apache.org/maven2/org/junit/vintage/junit-vintage-engine/5.6.2/junit-vintage-engine-5.6.2.pom (3.3 kB at 43 kB/s)
[INFO] Downloading from central: https://repo.maven.apache.org/maven2/org/easymock/easymock/4.2/easymock-4.2.pom
[INFO] Downloaded from central: https://repo.maven.apache.org/maven2/org/easymock/easymock/4.2/easymock-4.2.pom (11 kB at 235 kB/s)
[INFO] Downloading from central: https://repo.maven.apache.org/maven2/org/easymock/easymock-parent/4.2/easymock-parent-4.2.pom
[INFO] Downloaded from central: https://repo.maven.apache.org/maven2/org/easymock/easymock-parent/4.2/easymock-parent-4.2.pom (19 kB at 146 kB/s)
[INFO] Downloading from central: https://repo.maven.apache.org/maven2/org/junit/vintage/junit-vintage-engine/5.6.2/junit-vintage-engine-5.6.2.jar
[INFO] Downloading from central: https://repo.maven.apache.org/maven2/org/easymock/easymock/4.2/easymock-4.2.jar
[INFO] Downloaded from central: https://repo.maven.apache.org/maven2/org/junit/vintage/junit-vintage-engine/5.6.2/junit-vintage-engine-5.6.2.jar (64 kB at 1.7 MB/s)
[INFO] Downloaded from central: https://repo.maven.apache.org/maven2/org/easymock/easymock/4.2/easymock-4.2.jar (577 kB at 7.2 MB/s)
[INFO] 
[INFO] --- maven-clean-plugin:3.1.0:clean (default-clean) @ commons-collections4 ---
[INFO] 
[INFO] --- build-helper-maven-plugin:3.2.0:parse-version (parse-version) @ commons-collections4 ---
[INFO] 
[INFO] --- maven-antrun-plugin:1.8:run (javadoc.resources) @ commons-collections4 ---
[INFO] Executing tasks

main:
     [copy] Copying 2 files to /home/srafi/after-cam-ready/compare_/compile_repair_output/work/2ef4857f7324/target/apidocs/META-INF
[INFO] Executed tasks
[INFO] 
[INFO] --- maven-remote-resources-plugin:1.7.0:process (process-resource-bundles) @ commons-collections4 ---
[INFO] Skipping remote resources execution.
[INFO] 
[INFO] --- buildnumber-maven-plugin:1.4:create (default) @ commons-collections4 ---
[INFO] Executing: /bin/sh -c cd '/home/srafi/after-cam-ready/compare_/compile_repair_output/work/2ef4857f7324' && 'git' 'rev-parse' '--verify' 'HEAD'
[INFO] Working directory: /home/srafi/after-cam-ready/compare_/compile_repair_output/work/2ef4857f7324
[INFO] Storing buildNumber: 81e3a7ec0492148724da4512fcefcb47ba82894a at timestamp: 1786817972335
[WARNING] Cannot get the branch information from the git repository: 
Detecting the current branch failed: fatal: ref HEAD is not a symbolic ref

[INFO] Executing: /bin/sh -c cd '/home/srafi/after-cam-ready/compare_/compile_repair_output/work/2ef4857f7324' && 'git' 'rev-parse' '--verify' 'HEAD'
[INFO] Working directory: /home/srafi/after-cam-ready/compare_/compile_repair_output/work/2ef4857f7324
[INFO] Storing buildScmBranch: UNKNOWN
[INFO] 
[INFO] --- maven-resources-plugin:3.1.0:resources (default-resources) @ commons-collections4 ---
[INFO] Using 'UTF-8' encoding to copy filtered resources.
[INFO] skip non existing resourceDirectory /home/srafi/after-cam-ready/compare_/compile_repair_output/work/2ef4857f7324/src/main/resources
[INFO] Copying 2 resources to META-INF
[INFO] 
[INFO] --- maven-compiler-plugin:3.8.1:compile (default-compile) @ commons-collections4 ---
[INFO] Changes detected - recompiling the module!
[INFO] Compiling 351 source files to /home/srafi/after-cam-ready/compare_/compile_repair_output/work/2ef4857f7324/target/classes
[INFO] /home/srafi/after-cam-ready/compare_/compile_repair_output/work/2ef4857f7324/src/main/java/org/apache/commons/collections4/collection/IndexedCollection.java: Some input files use or override a deprecated API.
[INFO] /home/srafi/after-cam-ready/compare_/compile_repair_output/work/2ef4857f7324/src/main/java/org/apache/commons/collections4/collection/IndexedCollection.java: Recompile with -Xlint:deprecation for details.
[INFO] /home/srafi/after-cam-ready/compare_/compile_repair_output/work/2ef4857f7324/src/main/java/org/apache/commons/collections4/functors/AbstractQuantifierPredicate.java: Some input files use unchecked or unsafe operations.
[INFO] /home/srafi/after-cam-ready/compare_/compile_repair_output/work/2ef4857f7324/src/main/java/org/apache/commons/collections4/functors/AbstractQuantifierPredicate.java: Recompile with -Xlint:unchecked for details.
[INFO] 
[INFO] --- maven-bundle-plugin:5.1.1:manifest (bundle-manifest) @ commons-collections4 ---
[INFO] 
[INFO] --- maven-resources-plugin:3.1.0:testResources (default-testResources) @ commons-collections4 ---
[INFO] Using 'UTF-8' encoding to copy filtered resources.
[INFO] Copying 180 resources
[INFO] Copying 2 resources to META-INF
[INFO] 
[INFO] --- maven-compiler-plugin:3.8.1:testCompile (default-testCompile) @ commons-collections4 ---
[INFO] Changes detected - recompiling the module!
[INFO] Compiling 239 source files to /home/srafi/after-cam-ready/compare_/compile_repair_output/work/2ef4857f7324/target/test-classes
[INFO] /home/srafi/after-cam-ready/compare_/compile_repair_output/work/2ef4857f7324/src/test/java/org/apache/commons/collections4/MapUtilsTest.java: Some input files use or override a deprecated API.
[INFO] /home/srafi/after-cam-ready/compare_/compile_repair_output/work/2ef4857f7324/src/test/java/org/apache/commons/collections4/MapUtilsTest.java: Recompile with -Xlint:deprecation for details.
[INFO] /home/srafi/after-cam-ready/compare_/compile_repair_output/work/2ef4857f7324/src/test/java/org/apache/commons/collections4/ComparatorUtilsTest.java: Some input files use unchecked or unsafe operations.
[INFO] /home/srafi/after-cam-ready/compare_/compile_repair_output/work/2ef4857f7324/src/test/java/org/apache/commons/collections4/ComparatorUtilsTest.java: Recompile with -Xlint:unchecked for details.
[INFO] 
[INFO] --- animal-sniffer-maven-plugin:1.19:check (checkAPIcompatibility) @ commons-collections4 ---
[INFO] Signature checking is skipped.
[INFO] 
[INFO] --- maven-surefire-plugin:3.0.0-M8-SNAPSHOT:test (default-test) @ commons-collections4 ---
[INFO] Downloading from apache.snapshots: https://repository.apache.org/snapshots/org/apache/maven/surefire/maven-surefire-common/3.0.0-M8-SNAPSHOT/maven-metadata.xml
[INFO] Downloading from apache.snapshots: https://repository.apache.org/snapshots/org/apache/maven/surefire/surefire-api/3.0.0-M8-SNAPSHOT/maven-metadata.xml
[INFO] Downloading from apache.snapshots: https://repository.apache.org/snapshots/org/apache/maven/surefire/surefire-logger-api/3.0.0-M8-SNAPSHOT/maven-metadata.xml
[INFO] Downloading from apache.snapshots: https://repository.apache.org/snapshots/org/apache/maven/surefire/surefire-shared-utils/3.0.0-M8-SNAPSHOT/maven-metadata.xml
[INFO] Downloading from apache.snapshots: https://repository.apache.org/snapshots/org/apache/maven/surefire/surefire-extensions-api/3.0.0-M8-SNAPSHOT/maven-metadata.xml
[INFO] Downloading from apache.snapshots: https://repository.apache.org/snapshots/org/apache/maven/surefire/surefire-booter/3.0.0-M8-SNAPSHOT/maven-metadata.xml
[INFO] Downloading from apache.snapshots: https://repository.apache.org/snapshots/org/apache/maven/surefire/surefire-extensions-spi/3.0.0-M8-SNAPSHOT/maven-metadata.xml
[INFO] Tests are skipped.
[INFO] 
[INFO] --- maven-jar-plugin:3.2.0:jar (default-jar) @ commons-collections4 ---
[INFO] Building jar: /home/srafi/after-cam-ready/compare_/compile_repair_output/work/2ef4857f7324/target/commons-collections4-4.5-SNAPSHOT.jar
[INFO] 
[INFO] --- maven-site-plugin:3.9.1:attach-descriptor (attach-descriptor) @ commons-collections4 ---
[INFO] Skipping because packaging 'jar' is not pom.
[INFO] 
[INFO] --- maven-jar-plugin:3.2.0:test-jar (default) @ commons-collections4 ---
[INFO] Building jar: /home/srafi/after-cam-ready/compare_/compile_repair_output/work/2ef4857f7324/target/commons-collections4-4.5-SNAPSHOT-tests.jar
[INFO] 
[INFO] --- maven-source-plugin:3.2.1:jar-no-fork (create-source-jar) @ commons-collections4 ---
[INFO] Building jar: /home/srafi/after-cam-ready/compare_/compile_repair_output/work/2ef4857f7324/target/commons-collections4-4.5-SNAPSHOT-sources.jar
[INFO] 
[INFO] --- maven-source-plugin:3.2.1:test-jar-no-fork (create-source-jar) @ commons-collections4 ---
[INFO] Building jar: /home/srafi/after-cam-ready/compare_/compile_repair_output/work/2ef4857f7324/target/commons-collections4-4.5-SNAPSHOT-test-sources.jar
[INFO] 
[INFO] --- maven-install-plugin:2.5.2:install (default-install) @ commons-collections4 ---
[INFO] Installing /home/srafi/after-cam-ready/compare_/compile_repair_output/work/2ef4857f7324/target/commons-collections4-4.5-SNAPSHOT.jar to /home/srafi/.m2/repository/org/apache/commons/commons-collections4/4.5-SNAPSHOT/commons-collections4-4.5-SNAPSHOT.jar
[INFO] Installing /home/srafi/after-cam-ready/compare_/compile_repair_output/work/2ef4857f7324/pom.xml to /home/srafi/.m2/repository/org/apache/commons/commons-collections4/4.5-SNAPSHOT/commons-collections4-4.5-SNAPSHOT.pom
[INFO] Installing /home/srafi/after-cam-ready/compare_/compile_repair_output/work/2ef4857f7324/target/commons-collections4-4.5-SNAPSHOT-tests.jar to /home/srafi/.m2/repository/org/apache/commons/commons-collections4/4.5-SNAPSHOT/commons-collections4-4.5-SNAPSHOT-tests.jar
[INFO] Installing /home/srafi/after-cam-ready/compare_/compile_repair_output/work/2ef4857f7324/target/commons-collections4-4.5-SNAPSHOT-sources.jar to /home/srafi/.m2/repository/org/apache/commons/commons-collections4/4.5-SNAPSHOT/commons-collections4-4.5-SNAPSHOT-sources.jar
[INFO] Installing /home/srafi/after-cam-ready/compare_/compile_repair_output/work/2ef4857f7324/target/commons-collections4-4.5-SNAPSHOT-test-sources.jar to /home/srafi/.m2/repository/org/apache/commons/commons-collections4/4.5-SNAPSHOT/commons-collections4-4.5-SNAPSHOT-test-sources.jar
[INFO] ------------------------------------------------------------------------
[INFO] BUILD SUCCESS
[INFO] ------------------------------------------------------------------------
[INFO] Total time:  9.907 s
[INFO] Finished at: 2026-08-15T14:19:40-04:00
[INFO] ------------------------------------------------------------------------
