JAVA_HOME=/usr/lib/jvm/java-17-openjdk-amd64
COMMAND=mvn -B clean install -DskipTests -U -Ddependency-check.skip=true -Dgpg.skip=true -DfailIfNoTests=false -Dskip.installnodenpm=true -Dskip.npm=true -Dskip.yarn=true -Dlicense.skip=true -Dcheckstyle.skip=true -Drat.skip=true -Denforcer.skip=true -Danimal.sniffer.skip=true -Dmaven.javadoc.skip=true -Dfindbugs.skip=true -Dspotbugs.skip=true -Dwarbucks.skip=true -Dmodernizer.skip=true -Dimpsort.skip=true -Dmdep.analyze.skip=true -Dpgpverify.skip=true -Dxml.skip=true -Dcobertura.skip=true

[INFO] Scanning for projects...
Warning: KebabPizza disabling incompatible org.apache.maven.plugins:maven-enforcer-plugin from authme
Warning: KebabPizza disabling incompatible org.jacoco:jacoco-maven-plugin from authme
[INFO] 
[INFO] --------------------------< fr.xephi:authme >---------------------------
[INFO] Building AuthMeReloaded 5.6.0-SNAPSHOT
[INFO] --------------------------------[ jar ]---------------------------------
[INFO] Downloading from enderzone-repo: https://ci.ender.zone/plugin/repository/everything/org/apache/commons/commons-email/1.6-SNAPSHOT/maven-metadata.xml
[INFO] Downloading from spigotmc-repo: https://hub.spigotmc.org/nexus/content/repositories/snapshots/org/apache/commons/commons-email/1.6-SNAPSHOT/maven-metadata.xml
[INFO] Downloading from codemc-repo: https://repo.codemc.io/repository/maven-public/org/apache/commons/commons-email/1.6-SNAPSHOT/maven-metadata.xml
[INFO] Downloading from apache-snapshots: https://repository.apache.org/content/repositories/snapshots/org/apache/commons/commons-email/1.6-SNAPSHOT/maven-metadata.xml
[INFO] Downloading from dmulloy2-repo-snapshots: https://repo.dmulloy2.net/nexus/repository/snapshots/org/apache/commons/commons-email/1.6-SNAPSHOT/maven-metadata.xml
[INFO] Downloading from onarandombox-repo-snapshots: https://repo.onarandombox.com/content/repositories/multiverse-snapshots/org/apache/commons/commons-email/1.6-SNAPSHOT/maven-metadata.xml
[INFO] Downloaded from apache-snapshots: https://repository.apache.org/content/repositories/snapshots/org/apache/commons/commons-email/1.6-SNAPSHOT/maven-metadata.xml (1.6 kB at 3.2 kB/s)
[INFO] Downloading from apache-snapshots: https://repository.apache.org/content/repositories/snapshots/org/spigotmc/spigot-api/1.16.1-R0.1-SNAPSHOT/maven-metadata.xml
[INFO] Downloading from enderzone-repo: https://ci.ender.zone/plugin/repository/everything/org/spigotmc/spigot-api/1.16.1-R0.1-SNAPSHOT/maven-metadata.xml
[INFO] Downloading from codemc-repo: https://repo.codemc.io/repository/maven-public/org/spigotmc/spigot-api/1.16.1-R0.1-SNAPSHOT/maven-metadata.xml
[INFO] Downloading from spigotmc-repo: https://hub.spigotmc.org/nexus/content/repositories/snapshots/org/spigotmc/spigot-api/1.16.1-R0.1-SNAPSHOT/maven-metadata.xml
[INFO] Downloaded from spigotmc-repo: https://hub.spigotmc.org/nexus/content/repositories/snapshots/org/spigotmc/spigot-api/1.16.1-R0.1-SNAPSHOT/maven-metadata.xml (1.5 kB at 28 kB/s)
[INFO] Downloading from dmulloy2-repo-snapshots: https://repo.dmulloy2.net/nexus/repository/snapshots/org/spigotmc/spigot-api/1.16.1-R0.1-SNAPSHOT/maven-metadata.xml
[INFO] Downloading from onarandombox-repo-snapshots: https://repo.onarandombox.com/content/repositories/multiverse-snapshots/org/spigotmc/spigot-api/1.16.1-R0.1-SNAPSHOT/maven-metadata.xml
[INFO] Downloading from codemc-repo: https://repo.codemc.io/repository/maven-public/com/comphenix/protocol/ProtocolLib-API/4.4.0/ProtocolLib-API-4.4.0.pom
[INFO] Downloading from enderzone-repo: https://ci.ender.zone/plugin/repository/everything/com/comphenix/protocol/ProtocolLib-API/4.4.0/ProtocolLib-API-4.4.0.pom
[INFO] Downloading from dmulloy2-repo-releases: https://repo.dmulloy2.net/nexus/repository/releases/com/comphenix/protocol/ProtocolLib-API/4.4.0/ProtocolLib-API-4.4.0.pom
[INFO] Downloading from onarandombox-repo-releases: https://repo.onarandombox.com/content/repositories/multiverse/com/comphenix/protocol/ProtocolLib-API/4.4.0/ProtocolLib-API-4.4.0.pom
[INFO] Downloading from central: https://repo.maven.apache.org/maven2/com/comphenix/protocol/ProtocolLib-API/4.4.0/ProtocolLib-API-4.4.0.pom
[WARNING] The POM for com.comphenix.protocol:ProtocolLib-API:jar:4.4.0 is missing, no dependency information available
[INFO] Downloading from apache-snapshots: https://repository.apache.org/content/repositories/snapshots/ru/tehkode/PermissionsEx/1.23.5-SNAPSHOT/maven-metadata.xml
[INFO] Downloading from spigotmc-repo: https://hub.spigotmc.org/nexus/content/repositories/snapshots/ru/tehkode/PermissionsEx/1.23.5-SNAPSHOT/maven-metadata.xml
[INFO] Downloading from enderzone-repo: https://ci.ender.zone/plugin/repository/everything/ru/tehkode/PermissionsEx/1.23.5-SNAPSHOT/maven-metadata.xml
[INFO] Downloading from codemc-repo: https://repo.codemc.io/repository/maven-public/ru/tehkode/PermissionsEx/1.23.5-SNAPSHOT/maven-metadata.xml
[INFO] Downloading from dmulloy2-repo-snapshots: https://repo.dmulloy2.net/nexus/repository/snapshots/ru/tehkode/PermissionsEx/1.23.5-SNAPSHOT/maven-metadata.xml
[INFO] Downloading from onarandombox-repo-snapshots: https://repo.onarandombox.com/content/repositories/multiverse-snapshots/ru/tehkode/PermissionsEx/1.23.5-SNAPSHOT/maven-metadata.xml
[INFO] Downloaded from codemc-repo: https://repo.codemc.io/repository/maven-public/ru/tehkode/PermissionsEx/1.23.5-SNAPSHOT/maven-metadata.xml (776 B at 2.0 kB/s)
[INFO] Downloading from apache-snapshots: https://repository.apache.org/content/repositories/snapshots/org/tyrannyofheaven/bukkit/zPermissions/1.4.3-SNAPSHOT/maven-metadata.xml
[INFO] Downloading from enderzone-repo: https://ci.ender.zone/plugin/repository/everything/org/tyrannyofheaven/bukkit/zPermissions/1.4.3-SNAPSHOT/maven-metadata.xml
[INFO] Downloading from codemc-repo: https://repo.codemc.io/repository/maven-public/org/tyrannyofheaven/bukkit/zPermissions/1.4.3-SNAPSHOT/maven-metadata.xml
[INFO] Downloading from spigotmc-repo: https://hub.spigotmc.org/nexus/content/repositories/snapshots/org/tyrannyofheaven/bukkit/zPermissions/1.4.3-SNAPSHOT/maven-metadata.xml
[INFO] Downloading from dmulloy2-repo-snapshots: https://repo.dmulloy2.net/nexus/repository/snapshots/org/tyrannyofheaven/bukkit/zPermissions/1.4.3-SNAPSHOT/maven-metadata.xml
[INFO] Downloading from onarandombox-repo-snapshots: https://repo.onarandombox.com/content/repositories/multiverse-snapshots/org/tyrannyofheaven/bukkit/zPermissions/1.4.3-SNAPSHOT/maven-metadata.xml
[INFO] Downloaded from codemc-repo: https://repo.codemc.io/repository/maven-public/org/tyrannyofheaven/bukkit/zPermissions/1.4.3-SNAPSHOT/maven-metadata.xml (791 B at 4.0 kB/s)
[INFO] Downloading from codemc-repo: https://repo.codemc.io/repository/maven-public/com/onarandombox/multiversecore/Multiverse-Core/4.2.2/Multiverse-Core-4.2.2.pom
[INFO] Downloading from enderzone-repo: https://ci.ender.zone/plugin/repository/everything/com/onarandombox/multiversecore/Multiverse-Core/4.2.2/Multiverse-Core-4.2.2.pom
[INFO] Downloading from dmulloy2-repo-releases: https://repo.dmulloy2.net/nexus/repository/releases/com/onarandombox/multiversecore/Multiverse-Core/4.2.2/Multiverse-Core-4.2.2.pom
[INFO] Downloading from onarandombox-repo-releases: https://repo.onarandombox.com/content/repositories/multiverse/com/onarandombox/multiversecore/Multiverse-Core/4.2.2/Multiverse-Core-4.2.2.pom
[INFO] Downloading from central: https://repo.maven.apache.org/maven2/com/onarandombox/multiversecore/Multiverse-Core/4.2.2/Multiverse-Core-4.2.2.pom
[WARNING] The POM for com.onarandombox.multiversecore:Multiverse-Core:jar:4.2.2 is missing, no dependency information available
[INFO] Downloading from codemc-repo: https://repo.codemc.io/repository/maven-public/de/luricos/bukkit/xAuth/2.6.1-SNAPSHOT/maven-metadata.xml
[INFO] Downloading from enderzone-repo: https://ci.ender.zone/plugin/repository/everything/de/luricos/bukkit/xAuth/2.6.1-SNAPSHOT/maven-metadata.xml
[INFO] Downloading from spigotmc-repo: https://hub.spigotmc.org/nexus/content/repositories/snapshots/de/luricos/bukkit/xAuth/2.6.1-SNAPSHOT/maven-metadata.xml
[INFO] Downloading from apache-snapshots: https://repository.apache.org/content/repositories/snapshots/de/luricos/bukkit/xAuth/2.6.1-SNAPSHOT/maven-metadata.xml
[INFO] Downloading from dmulloy2-repo-snapshots: https://repo.dmulloy2.net/nexus/repository/snapshots/de/luricos/bukkit/xAuth/2.6.1-SNAPSHOT/maven-metadata.xml
[INFO] Downloading from onarandombox-repo-snapshots: https://repo.onarandombox.com/content/repositories/multiverse-snapshots/de/luricos/bukkit/xAuth/2.6.1-SNAPSHOT/maven-metadata.xml
[INFO] Downloaded from codemc-repo: https://repo.codemc.io/repository/maven-public/de/luricos/bukkit/xAuth/2.6.1-SNAPSHOT/maven-metadata.xml (985 B at 2.5 kB/s)
[INFO] Downloading from apache-snapshots: https://repository.apache.org/content/repositories/snapshots/ch/jalu/datasourcecolumns/0.1.1-SNAPSHOT/maven-metadata.xml
[INFO] Downloading from spigotmc-repo: https://hub.spigotmc.org/nexus/content/repositories/snapshots/ch/jalu/datasourcecolumns/0.1.1-SNAPSHOT/maven-metadata.xml
[INFO] Downloading from enderzone-repo: https://ci.ender.zone/plugin/repository/everything/ch/jalu/datasourcecolumns/0.1.1-SNAPSHOT/maven-metadata.xml
[INFO] Downloading from codemc-repo: https://repo.codemc.io/repository/maven-public/ch/jalu/datasourcecolumns/0.1.1-SNAPSHOT/maven-metadata.xml
[INFO] Downloading from dmulloy2-repo-snapshots: https://repo.dmulloy2.net/nexus/repository/snapshots/ch/jalu/datasourcecolumns/0.1.1-SNAPSHOT/maven-metadata.xml
[INFO] Downloading from onarandombox-repo-snapshots: https://repo.onarandombox.com/content/repositories/multiverse-snapshots/ch/jalu/datasourcecolumns/0.1.1-SNAPSHOT/maven-metadata.xml
[INFO] Downloaded from codemc-repo: https://repo.codemc.io/repository/maven-public/ch/jalu/datasourcecolumns/0.1.1-SNAPSHOT/maven-metadata.xml (774 B at 3.9 kB/s)
[INFO] Downloading from codemc-repo: https://repo.codemc.io/repository/maven-public/com/comphenix/protocol/ProtocolLib-API/4.4.0/ProtocolLib-API-4.4.0.jar
[INFO] Downloading from codemc-repo: https://repo.codemc.io/repository/maven-public/com/onarandombox/multiversecore/Multiverse-Core/4.2.2/Multiverse-Core-4.2.2.jar
[INFO] Downloading from enderzone-repo: https://ci.ender.zone/plugin/repository/everything/com/comphenix/protocol/ProtocolLib-API/4.4.0/ProtocolLib-API-4.4.0.jar
[INFO] Downloading from enderzone-repo: https://ci.ender.zone/plugin/repository/everything/com/onarandombox/multiversecore/Multiverse-Core/4.2.2/Multiverse-Core-4.2.2.jar
[INFO] Downloading from dmulloy2-repo-releases: https://repo.dmulloy2.net/nexus/repository/releases/com/comphenix/protocol/ProtocolLib-API/4.4.0/ProtocolLib-API-4.4.0.jar
[INFO] Downloading from dmulloy2-repo-releases: https://repo.dmulloy2.net/nexus/repository/releases/com/onarandombox/multiversecore/Multiverse-Core/4.2.2/Multiverse-Core-4.2.2.jar
[INFO] Downloading from onarandombox-repo-releases: https://repo.onarandombox.com/content/repositories/multiverse/com/comphenix/protocol/ProtocolLib-API/4.4.0/ProtocolLib-API-4.4.0.jar
[INFO] Downloading from onarandombox-repo-releases: https://repo.onarandombox.com/content/repositories/multiverse/com/onarandombox/multiversecore/Multiverse-Core/4.2.2/Multiverse-Core-4.2.2.jar
[INFO] Downloading from central: https://repo.maven.apache.org/maven2/com/comphenix/protocol/ProtocolLib-API/4.4.0/ProtocolLib-API-4.4.0.jar
[INFO] Downloading from central: https://repo.maven.apache.org/maven2/com/onarandombox/multiversecore/Multiverse-Core/4.2.2/Multiverse-Core-4.2.2.jar
[INFO] ------------------------------------------------------------------------
[INFO] BUILD FAILURE
[INFO] ------------------------------------------------------------------------
[INFO] Total time:  6.402 s
[INFO] Finished at: 2026-08-15T16:08:57-04:00
[INFO] ------------------------------------------------------------------------
[ERROR] Failed to execute goal on project authme: Could not resolve dependencies for project fr.xephi:authme:jar:5.6.0-SNAPSHOT: The following artifacts could not be resolved: com.comphenix.protocol:ProtocolLib-API:jar:4.4.0, com.onarandombox.multiversecore:Multiverse-Core:jar:4.2.2: Could not find artifact com.comphenix.protocol:ProtocolLib-API:jar:4.4.0 in codemc-repo (https://repo.codemc.io/repository/maven-public/) -> [Help 1]
[ERROR] 
[ERROR] To see the full stack trace of the errors, re-run Maven with the -e switch.
[ERROR] Re-run Maven using the -X switch to enable full debug logging.
[ERROR] 
[ERROR] For more information about the errors and possible solutions, please read the following articles:
[ERROR] [Help 1] http://cwiki.apache.org/confluence/display/MAVEN/DependencyResolutionException
