JAVA_HOME=/usr/lib/jvm/java-8-openjdk-amd64
COMMAND=mvn -B clean install -DskipTests -U -Ddependency-check.skip=true -Dgpg.skip=true -DfailIfNoTests=false -Dskip.installnodenpm=true -Dskip.npm=true -Dskip.yarn=true -Dlicense.skip=true -Dcheckstyle.skip=true -Drat.skip=true -Denforcer.skip=true -Danimal.sniffer.skip=true -Dmaven.javadoc.skip=true -Dfindbugs.skip=true -Dspotbugs.skip=true -Dwarbucks.skip=true -Dmodernizer.skip=true -Dimpsort.skip=true -Dmdep.analyze.skip=true -Dpgpverify.skip=true -Dxml.skip=true -Dcobertura.skip=true

[INFO] Scanning for projects...
Warning: KebabPizza disabling incompatible org.apache.maven.plugins:maven-enforcer-plugin from authme
Warning: KebabPizza disabling incompatible org.jacoco:jacoco-maven-plugin from authme
[INFO] 
[INFO] --------------------------< fr.xephi:authme >---------------------------
[INFO] Building AuthMeReloaded 5.6.0
[INFO] --------------------------------[ jar ]---------------------------------
[INFO] Downloading from codemc-repo: https://repo.codemc.io/repository/maven-public/org/apache/commons/commons-email/1.6/commons-email-1.6.pom
[INFO] Downloading from enderzone-repo: https://ci.ender.zone/plugin/repository/everything/org/apache/commons/commons-email/1.6/commons-email-1.6.pom
[INFO] Downloading from dmulloy2-repo-releases: https://repo.dmulloy2.net/nexus/repository/releases/org/apache/commons/commons-email/1.6/commons-email-1.6.pom
[INFO] Downloading from onarandombox-repo-releases: https://repo.onarandombox.com/content/repositories/multiverse/org/apache/commons/commons-email/1.6/commons-email-1.6.pom
[INFO] Downloading from central: https://repo.maven.apache.org/maven2/org/apache/commons/commons-email/1.6/commons-email-1.6.pom
[WARNING] The POM for org.apache.commons:commons-email:jar:1.6 is missing, no dependency information available
[INFO] Downloading from codemc-repo: https://repo.codemc.io/repository/maven-public/org/spigotmc/spigot-api/1.16.1-R0.1/spigot-api-1.16.1-R0.1.pom
[INFO] Downloading from enderzone-repo: https://ci.ender.zone/plugin/repository/everything/org/spigotmc/spigot-api/1.16.1-R0.1/spigot-api-1.16.1-R0.1.pom
[INFO] Downloading from dmulloy2-repo-releases: https://repo.dmulloy2.net/nexus/repository/releases/org/spigotmc/spigot-api/1.16.1-R0.1/spigot-api-1.16.1-R0.1.pom
[INFO] Downloading from onarandombox-repo-releases: https://repo.onarandombox.com/content/repositories/multiverse/org/spigotmc/spigot-api/1.16.1-R0.1/spigot-api-1.16.1-R0.1.pom
[INFO] Downloading from central: https://repo.maven.apache.org/maven2/org/spigotmc/spigot-api/1.16.1-R0.1/spigot-api-1.16.1-R0.1.pom
[WARNING] The POM for org.spigotmc:spigot-api:jar:1.16.1-R0.1 is missing, no dependency information available
[INFO] Downloading from codemc-repo: https://repo.codemc.io/repository/maven-public/com/comphenix/protocol/ProtocolLib-API/4.4.0/ProtocolLib-API-4.4.0.pom
[INFO] Downloading from enderzone-repo: https://ci.ender.zone/plugin/repository/everything/com/comphenix/protocol/ProtocolLib-API/4.4.0/ProtocolLib-API-4.4.0.pom
[INFO] Downloading from dmulloy2-repo-releases: https://repo.dmulloy2.net/nexus/repository/releases/com/comphenix/protocol/ProtocolLib-API/4.4.0/ProtocolLib-API-4.4.0.pom
[INFO] Downloading from onarandombox-repo-releases: https://repo.onarandombox.com/content/repositories/multiverse/com/comphenix/protocol/ProtocolLib-API/4.4.0/ProtocolLib-API-4.4.0.pom
[INFO] Downloading from central: https://repo.maven.apache.org/maven2/com/comphenix/protocol/ProtocolLib-API/4.4.0/ProtocolLib-API-4.4.0.pom
[WARNING] The POM for com.comphenix.protocol:ProtocolLib-API:jar:4.4.0 is missing, no dependency information available
[INFO] Downloading from codemc-repo: https://repo.codemc.io/repository/maven-public/ru/tehkode/PermissionsEx/1.23.5/PermissionsEx-1.23.5.pom
[INFO] Downloading from enderzone-repo: https://ci.ender.zone/plugin/repository/everything/ru/tehkode/PermissionsEx/1.23.5/PermissionsEx-1.23.5.pom
[INFO] Downloading from dmulloy2-repo-releases: https://repo.dmulloy2.net/nexus/repository/releases/ru/tehkode/PermissionsEx/1.23.5/PermissionsEx-1.23.5.pom
[INFO] Downloading from onarandombox-repo-releases: https://repo.onarandombox.com/content/repositories/multiverse/ru/tehkode/PermissionsEx/1.23.5/PermissionsEx-1.23.5.pom
[INFO] Downloading from central: https://repo.maven.apache.org/maven2/ru/tehkode/PermissionsEx/1.23.5/PermissionsEx-1.23.5.pom
[WARNING] The POM for ru.tehkode:PermissionsEx:jar:1.23.5 is missing, no dependency information available
[INFO] Downloading from codemc-repo: https://repo.codemc.io/repository/maven-public/org/tyrannyofheaven/bukkit/zPermissions/1.4.3/zPermissions-1.4.3.pom
[INFO] Downloading from enderzone-repo: https://ci.ender.zone/plugin/repository/everything/org/tyrannyofheaven/bukkit/zPermissions/1.4.3/zPermissions-1.4.3.pom
[INFO] Downloading from dmulloy2-repo-releases: https://repo.dmulloy2.net/nexus/repository/releases/org/tyrannyofheaven/bukkit/zPermissions/1.4.3/zPermissions-1.4.3.pom
[INFO] Downloading from onarandombox-repo-releases: https://repo.onarandombox.com/content/repositories/multiverse/org/tyrannyofheaven/bukkit/zPermissions/1.4.3/zPermissions-1.4.3.pom
[INFO] Downloading from central: https://repo.maven.apache.org/maven2/org/tyrannyofheaven/bukkit/zPermissions/1.4.3/zPermissions-1.4.3.pom
[WARNING] The POM for org.tyrannyofheaven.bukkit:zPermissions:jar:1.4.3 is missing, no dependency information available
[INFO] Downloading from codemc-repo: https://repo.codemc.io/repository/maven-public/com/onarandombox/multiversecore/Multiverse-Core/4.2.2/Multiverse-Core-4.2.2.pom
[INFO] Downloading from enderzone-repo: https://ci.ender.zone/plugin/repository/everything/com/onarandombox/multiversecore/Multiverse-Core/4.2.2/Multiverse-Core-4.2.2.pom
[INFO] Downloading from dmulloy2-repo-releases: https://repo.dmulloy2.net/nexus/repository/releases/com/onarandombox/multiversecore/Multiverse-Core/4.2.2/Multiverse-Core-4.2.2.pom
[INFO] Downloading from onarandombox-repo-releases: https://repo.onarandombox.com/content/repositories/multiverse/com/onarandombox/multiversecore/Multiverse-Core/4.2.2/Multiverse-Core-4.2.2.pom
[INFO] Downloading from central: https://repo.maven.apache.org/maven2/com/onarandombox/multiversecore/Multiverse-Core/4.2.2/Multiverse-Core-4.2.2.pom
[WARNING] The POM for com.onarandombox.multiversecore:Multiverse-Core:jar:4.2.2 is missing, no dependency information available
[INFO] Downloading from codemc-repo: https://repo.codemc.io/repository/maven-public/de/luricos/bukkit/xAuth/2.6.1/xAuth-2.6.1.pom
[INFO] Downloading from enderzone-repo: https://ci.ender.zone/plugin/repository/everything/de/luricos/bukkit/xAuth/2.6.1/xAuth-2.6.1.pom
[INFO] Downloading from dmulloy2-repo-releases: https://repo.dmulloy2.net/nexus/repository/releases/de/luricos/bukkit/xAuth/2.6.1/xAuth-2.6.1.pom
[INFO] Downloading from onarandombox-repo-releases: https://repo.onarandombox.com/content/repositories/multiverse/de/luricos/bukkit/xAuth/2.6.1/xAuth-2.6.1.pom
[INFO] Downloading from central: https://repo.maven.apache.org/maven2/de/luricos/bukkit/xAuth/2.6.1/xAuth-2.6.1.pom
[WARNING] The POM for de.luricos.bukkit:xAuth:jar:2.6.1 is missing, no dependency information available
[INFO] Downloading from codemc-repo: https://repo.codemc.io/repository/maven-public/ch/jalu/datasourcecolumns/0.1.1/datasourcecolumns-0.1.1.pom
[INFO] Downloading from enderzone-repo: https://ci.ender.zone/plugin/repository/everything/ch/jalu/datasourcecolumns/0.1.1/datasourcecolumns-0.1.1.pom
[INFO] Downloading from dmulloy2-repo-releases: https://repo.dmulloy2.net/nexus/repository/releases/ch/jalu/datasourcecolumns/0.1.1/datasourcecolumns-0.1.1.pom
[INFO] Downloading from onarandombox-repo-releases: https://repo.onarandombox.com/content/repositories/multiverse/ch/jalu/datasourcecolumns/0.1.1/datasourcecolumns-0.1.1.pom
[INFO] Downloading from central: https://repo.maven.apache.org/maven2/ch/jalu/datasourcecolumns/0.1.1/datasourcecolumns-0.1.1.pom
[WARNING] The POM for ch.jalu:datasourcecolumns:jar:0.1.1 is missing, no dependency information available
[INFO] Downloading from codemc-repo: https://repo.codemc.io/repository/maven-public/org/apache/commons/commons-email/1.6/commons-email-1.6.jar
[INFO] Downloading from codemc-repo: https://repo.codemc.io/repository/maven-public/org/spigotmc/spigot-api/1.16.1-R0.1/spigot-api-1.16.1-R0.1.jar
[INFO] Downloading from codemc-repo: https://repo.codemc.io/repository/maven-public/ru/tehkode/PermissionsEx/1.23.5/PermissionsEx-1.23.5.jar
[INFO] Downloading from codemc-repo: https://repo.codemc.io/repository/maven-public/com/comphenix/protocol/ProtocolLib-API/4.4.0/ProtocolLib-API-4.4.0.jar
[INFO] Downloading from codemc-repo: https://repo.codemc.io/repository/maven-public/org/tyrannyofheaven/bukkit/zPermissions/1.4.3/zPermissions-1.4.3.jar
[INFO] Downloading from codemc-repo: https://repo.codemc.io/repository/maven-public/com/onarandombox/multiversecore/Multiverse-Core/4.2.2/Multiverse-Core-4.2.2.jar
[INFO] Downloading from codemc-repo: https://repo.codemc.io/repository/maven-public/de/luricos/bukkit/xAuth/2.6.1/xAuth-2.6.1.jar
[INFO] Downloading from codemc-repo: https://repo.codemc.io/repository/maven-public/ch/jalu/datasourcecolumns/0.1.1/datasourcecolumns-0.1.1.jar
[INFO] Downloading from enderzone-repo: https://ci.ender.zone/plugin/repository/everything/org/apache/commons/commons-email/1.6/commons-email-1.6.jar
[INFO] Downloading from enderzone-repo: https://ci.ender.zone/plugin/repository/everything/org/spigotmc/spigot-api/1.16.1-R0.1/spigot-api-1.16.1-R0.1.jar
[INFO] Downloading from enderzone-repo: https://ci.ender.zone/plugin/repository/everything/com/comphenix/protocol/ProtocolLib-API/4.4.0/ProtocolLib-API-4.4.0.jar
[INFO] Downloading from enderzone-repo: https://ci.ender.zone/plugin/repository/everything/ru/tehkode/PermissionsEx/1.23.5/PermissionsEx-1.23.5.jar
[INFO] Downloading from enderzone-repo: https://ci.ender.zone/plugin/repository/everything/org/tyrannyofheaven/bukkit/zPermissions/1.4.3/zPermissions-1.4.3.jar
[INFO] Downloading from enderzone-repo: https://ci.ender.zone/plugin/repository/everything/com/onarandombox/multiversecore/Multiverse-Core/4.2.2/Multiverse-Core-4.2.2.jar
[INFO] Downloading from enderzone-repo: https://ci.ender.zone/plugin/repository/everything/de/luricos/bukkit/xAuth/2.6.1/xAuth-2.6.1.jar
[INFO] Downloading from enderzone-repo: https://ci.ender.zone/plugin/repository/everything/ch/jalu/datasourcecolumns/0.1.1/datasourcecolumns-0.1.1.jar
[INFO] Downloading from dmulloy2-repo-releases: https://repo.dmulloy2.net/nexus/repository/releases/org/apache/commons/commons-email/1.6/commons-email-1.6.jar
[INFO] Downloading from dmulloy2-repo-releases: https://repo.dmulloy2.net/nexus/repository/releases/org/spigotmc/spigot-api/1.16.1-R0.1/spigot-api-1.16.1-R0.1.jar
[INFO] Downloading from dmulloy2-repo-releases: https://repo.dmulloy2.net/nexus/repository/releases/ru/tehkode/PermissionsEx/1.23.5/PermissionsEx-1.23.5.jar
[INFO] Downloading from dmulloy2-repo-releases: https://repo.dmulloy2.net/nexus/repository/releases/com/comphenix/protocol/ProtocolLib-API/4.4.0/ProtocolLib-API-4.4.0.jar
[INFO] Downloading from dmulloy2-repo-releases: https://repo.dmulloy2.net/nexus/repository/releases/org/tyrannyofheaven/bukkit/zPermissions/1.4.3/zPermissions-1.4.3.jar
[INFO] Downloading from dmulloy2-repo-releases: https://repo.dmulloy2.net/nexus/repository/releases/com/onarandombox/multiversecore/Multiverse-Core/4.2.2/Multiverse-Core-4.2.2.jar
[INFO] Downloading from dmulloy2-repo-releases: https://repo.dmulloy2.net/nexus/repository/releases/de/luricos/bukkit/xAuth/2.6.1/xAuth-2.6.1.jar
[INFO] Downloading from dmulloy2-repo-releases: https://repo.dmulloy2.net/nexus/repository/releases/ch/jalu/datasourcecolumns/0.1.1/datasourcecolumns-0.1.1.jar
[INFO] Downloading from onarandombox-repo-releases: https://repo.onarandombox.com/content/repositories/multiverse/org/apache/commons/commons-email/1.6/commons-email-1.6.jar
[INFO] Downloading from onarandombox-repo-releases: https://repo.onarandombox.com/content/repositories/multiverse/com/comphenix/protocol/ProtocolLib-API/4.4.0/ProtocolLib-API-4.4.0.jar
[INFO] Downloading from onarandombox-repo-releases: https://repo.onarandombox.com/content/repositories/multiverse/org/spigotmc/spigot-api/1.16.1-R0.1/spigot-api-1.16.1-R0.1.jar
[INFO] Downloading from onarandombox-repo-releases: https://repo.onarandombox.com/content/repositories/multiverse/org/tyrannyofheaven/bukkit/zPermissions/1.4.3/zPermissions-1.4.3.jar
[INFO] Downloading from onarandombox-repo-releases: https://repo.onarandombox.com/content/repositories/multiverse/ru/tehkode/PermissionsEx/1.23.5/PermissionsEx-1.23.5.jar
[INFO] Downloading from onarandombox-repo-releases: https://repo.onarandombox.com/content/repositories/multiverse/com/onarandombox/multiversecore/Multiverse-Core/4.2.2/Multiverse-Core-4.2.2.jar
[INFO] Downloading from onarandombox-repo-releases: https://repo.onarandombox.com/content/repositories/multiverse/ch/jalu/datasourcecolumns/0.1.1/datasourcecolumns-0.1.1.jar
[INFO] Downloading from onarandombox-repo-releases: https://repo.onarandombox.com/content/repositories/multiverse/de/luricos/bukkit/xAuth/2.6.1/xAuth-2.6.1.jar
[INFO] Downloading from central: https://repo.maven.apache.org/maven2/org/apache/commons/commons-email/1.6/commons-email-1.6.jar
[INFO] Downloading from central: https://repo.maven.apache.org/maven2/org/spigotmc/spigot-api/1.16.1-R0.1/spigot-api-1.16.1-R0.1.jar
[INFO] Downloading from central: https://repo.maven.apache.org/maven2/com/comphenix/protocol/ProtocolLib-API/4.4.0/ProtocolLib-API-4.4.0.jar
[INFO] Downloading from central: https://repo.maven.apache.org/maven2/ru/tehkode/PermissionsEx/1.23.5/PermissionsEx-1.23.5.jar
[INFO] Downloading from central: https://repo.maven.apache.org/maven2/org/tyrannyofheaven/bukkit/zPermissions/1.4.3/zPermissions-1.4.3.jar
[INFO] Downloading from central: https://repo.maven.apache.org/maven2/com/onarandombox/multiversecore/Multiverse-Core/4.2.2/Multiverse-Core-4.2.2.jar
[INFO] Downloading from central: https://repo.maven.apache.org/maven2/de/luricos/bukkit/xAuth/2.6.1/xAuth-2.6.1.jar
[INFO] Downloading from central: https://repo.maven.apache.org/maven2/ch/jalu/datasourcecolumns/0.1.1/datasourcecolumns-0.1.1.jar
[INFO] ------------------------------------------------------------------------
[INFO] BUILD FAILURE
[INFO] ------------------------------------------------------------------------
[INFO] Total time:  10.236 s
[INFO] Finished at: 2026-08-15T16:09:42-04:00
[INFO] ------------------------------------------------------------------------
[ERROR] Failed to execute goal on project authme: Could not resolve dependencies for project fr.xephi:authme:jar:5.6.0: The following artifacts could not be resolved: org.apache.commons:commons-email:jar:1.6, org.spigotmc:spigot-api:jar:1.16.1-R0.1, com.comphenix.protocol:ProtocolLib-API:jar:4.4.0, ru.tehkode:PermissionsEx:jar:1.23.5, org.tyrannyofheaven.bukkit:zPermissions:jar:1.4.3, com.onarandombox.multiversecore:Multiverse-Core:jar:4.2.2, de.luricos.bukkit:xAuth:jar:2.6.1, ch.jalu:datasourcecolumns:jar:0.1.1: Could not find artifact org.apache.commons:commons-email:jar:1.6 in codemc-repo (https://repo.codemc.io/repository/maven-public/) -> [Help 1]
[ERROR] 
[ERROR] To see the full stack trace of the errors, re-run Maven with the -e switch.
[ERROR] Re-run Maven using the -X switch to enable full debug logging.
[ERROR] 
[ERROR] For more information about the errors and possible solutions, please read the following articles:
[ERROR] [Help 1] http://cwiki.apache.org/confluence/display/MAVEN/DependencyResolutionException
