JAVA_HOME=/usr/lib/jvm/java-8-openjdk-amd64
COMMAND=mvn -B clean install -DskipTests -U -pl http-url -am -Ddependency-check.skip=true -Dgpg.skip=true -DfailIfNoTests=false -Dskip.installnodenpm=true -Dskip.npm=true -Dskip.yarn=true -Dlicense.skip=true -Dcheckstyle.skip=true -Drat.skip=true -Denforcer.skip=true -Danimal.sniffer.skip=true -Dmaven.javadoc.skip=true -Dfindbugs.skip=true -Dspotbugs.skip=true -Dwarbucks.skip=true -Dmodernizer.skip=true -Dimpsort.skip=true -Dmdep.analyze.skip=true -Dpgpverify.skip=true -Dxml.skip=true -Dcobertura.skip=true

[INFO] Scanning for projects...
Warning: KebabPizza disabling incompatible org.jacoco:jacoco-maven-plugin from light-4j
Warning: KebabPizza disabling incompatible org.jacoco:jacoco-maven-plugin from decryptor
Warning: KebabPizza disabling incompatible org.jacoco:jacoco-maven-plugin from config
Warning: KebabPizza disabling incompatible org.jacoco:jacoco-maven-plugin from utility
Warning: KebabPizza disabling incompatible org.jacoco:jacoco-maven-plugin from http-url
[INFO] Inspecting build with total of 5 modules...
[INFO] Installing Nexus Staging features:
[INFO]   ... total of 5 executions of maven-deploy-plugin replaced with nexus-staging-maven-plugin
[INFO] ------------------------------------------------------------------------
[INFO] Reactor Build Order:
[INFO] 
[INFO] Parent POM                                                         [pom]
[INFO] decryptor                                                          [jar]
[INFO] config                                                             [jar]
[INFO] utility                                                            [jar]
[INFO] http-url                                                           [jar]
[INFO] 
[INFO] -----------------------< com.networknt:light-4j >-----------------------
[INFO] Building Parent POM 1.6.37-SNAPSHOT                                [1/5]
[INFO] --------------------------------[ pom ]---------------------------------
[INFO] 
[INFO] --- maven-clean-plugin:2.5:clean (default-clean) @ light-4j ---
[INFO] 
[INFO] --- build-helper-maven-plugin:3.0.0:add-test-source (add-test-source) @ light-4j ---
[INFO] Test Source directory: /home/srafi/after-cam-ready/compare_/compile_repair_output/work/faf302513f8a/src/integration/java added.
[INFO] 
[INFO] --- build-helper-maven-plugin:3.0.0:add-test-resource (add-test-resource) @ light-4j ---
[INFO] 
[INFO] >>> maven-source-plugin:3.0.1:jar (attach-sources) > generate-sources @ light-4j >>>
[INFO] 
[INFO] <<< maven-source-plugin:3.0.1:jar (attach-sources) < generate-sources @ light-4j <<<
[INFO] 
[INFO] 
[INFO] --- maven-source-plugin:3.0.1:jar (attach-sources) @ light-4j ---
[INFO] 
[INFO] --- maven-javadoc-plugin:3.1.0:jar (attach-javadocs) @ light-4j ---
[INFO] Skipping javadoc generation
[INFO] 
[INFO] --- maven-install-plugin:2.4:install (default-install) @ light-4j ---
[INFO] Installing /home/srafi/after-cam-ready/compare_/compile_repair_output/work/faf302513f8a/pom.xml to /home/srafi/.m2/repository/com/networknt/light-4j/1.6.37-SNAPSHOT/light-4j-1.6.37-SNAPSHOT.pom
[INFO] 
[INFO] ----------------------< com.networknt:decryptor >-----------------------
[INFO] Building decryptor 1.6.37-SNAPSHOT                                 [2/5]
[INFO] --------------------------------[ jar ]---------------------------------
[INFO] 
[INFO] --- maven-clean-plugin:2.5:clean (default-clean) @ decryptor ---
[INFO] 
[INFO] --- maven-resources-plugin:2.6:resources (default-resources) @ decryptor ---
[INFO] Using 'UTF-8' encoding to copy filtered resources.
[INFO] skip non existing resourceDirectory /home/srafi/after-cam-ready/compare_/compile_repair_output/work/faf302513f8a/decryptor/src/main/resources
[INFO] 
[INFO] --- maven-compiler-plugin:3.8.0:compile (default-compile) @ decryptor ---
[INFO] Changes detected - recompiling the module!
[INFO] Compiling 4 source files to /home/srafi/after-cam-ready/compare_/compile_repair_output/work/faf302513f8a/decryptor/target/classes
[INFO] 
[INFO] --- build-helper-maven-plugin:3.0.0:add-test-source (add-test-source) @ decryptor ---
[INFO] Test Source directory: /home/srafi/after-cam-ready/compare_/compile_repair_output/work/faf302513f8a/decryptor/src/integration/java added.
[INFO] 
[INFO] --- build-helper-maven-plugin:3.0.0:add-test-resource (add-test-resource) @ decryptor ---
[INFO] 
[INFO] --- maven-resources-plugin:2.6:testResources (default-testResources) @ decryptor ---
[INFO] Using 'UTF-8' encoding to copy filtered resources.
[INFO] skip non existing resourceDirectory /home/srafi/after-cam-ready/compare_/compile_repair_output/work/faf302513f8a/decryptor/src/test/resources
[INFO] skip non existing resourceDirectory /home/srafi/after-cam-ready/compare_/compile_repair_output/work/faf302513f8a/decryptor\src\integration\resources
[INFO] 
[INFO] --- maven-compiler-plugin:3.8.0:testCompile (default-testCompile) @ decryptor ---
[INFO] Changes detected - recompiling the module!
[INFO] Compiling 1 source file to /home/srafi/after-cam-ready/compare_/compile_repair_output/work/faf302513f8a/decryptor/target/test-classes
[INFO] 
[INFO] --- maven-surefire-plugin:3.0.0-M8-SNAPSHOT:test (default-test) @ decryptor ---
[INFO] Downloading from apache.snapshots: https://repository.apache.org/snapshots/org/apache/maven/surefire/maven-surefire-common/3.0.0-M8-SNAPSHOT/maven-metadata.xml
[INFO] Downloading from apache.snapshots: https://repository.apache.org/snapshots/org/apache/maven/surefire/surefire-api/3.0.0-M8-SNAPSHOT/maven-metadata.xml
[INFO] Downloading from apache.snapshots: https://repository.apache.org/snapshots/org/apache/maven/surefire/surefire-logger-api/3.0.0-M8-SNAPSHOT/maven-metadata.xml
[INFO] Downloading from apache.snapshots: https://repository.apache.org/snapshots/org/apache/maven/surefire/surefire-shared-utils/3.0.0-M8-SNAPSHOT/maven-metadata.xml
[INFO] Downloading from apache.snapshots: https://repository.apache.org/snapshots/org/apache/maven/surefire/surefire-extensions-api/3.0.0-M8-SNAPSHOT/maven-metadata.xml
[INFO] Downloading from apache.snapshots: https://repository.apache.org/snapshots/org/apache/maven/surefire/surefire-booter/3.0.0-M8-SNAPSHOT/maven-metadata.xml
[INFO] Downloading from apache.snapshots: https://repository.apache.org/snapshots/org/apache/maven/surefire/surefire-extensions-spi/3.0.0-M8-SNAPSHOT/maven-metadata.xml
[INFO] Tests are skipped.
[INFO] 
[INFO] --- maven-jar-plugin:2.4:jar (default-jar) @ decryptor ---
[INFO] Building jar: /home/srafi/after-cam-ready/compare_/compile_repair_output/work/faf302513f8a/decryptor/target/decryptor-1.6.37-SNAPSHOT.jar
[INFO] 
[INFO] >>> maven-source-plugin:3.0.1:jar (attach-sources) > generate-sources @ decryptor >>>
[INFO] 
[INFO] <<< maven-source-plugin:3.0.1:jar (attach-sources) < generate-sources @ decryptor <<<
[INFO] 
[INFO] 
[INFO] --- maven-source-plugin:3.0.1:jar (attach-sources) @ decryptor ---
[INFO] Building jar: /home/srafi/after-cam-ready/compare_/compile_repair_output/work/faf302513f8a/decryptor/target/decryptor-1.6.37-SNAPSHOT-sources.jar
[INFO] 
[INFO] --- maven-javadoc-plugin:3.1.0:jar (attach-javadocs) @ decryptor ---
[INFO] Skipping javadoc generation
[INFO] 
[INFO] --- maven-install-plugin:2.4:install (default-install) @ decryptor ---
[INFO] Installing /home/srafi/after-cam-ready/compare_/compile_repair_output/work/faf302513f8a/decryptor/target/decryptor-1.6.37-SNAPSHOT.jar to /home/srafi/.m2/repository/com/networknt/decryptor/1.6.37-SNAPSHOT/decryptor-1.6.37-SNAPSHOT.jar
[INFO] Installing /home/srafi/after-cam-ready/compare_/compile_repair_output/work/faf302513f8a/decryptor/pom.xml to /home/srafi/.m2/repository/com/networknt/decryptor/1.6.37-SNAPSHOT/decryptor-1.6.37-SNAPSHOT.pom
[INFO] Installing /home/srafi/after-cam-ready/compare_/compile_repair_output/work/faf302513f8a/decryptor/target/decryptor-1.6.37-SNAPSHOT-sources.jar to /home/srafi/.m2/repository/com/networknt/decryptor/1.6.37-SNAPSHOT/decryptor-1.6.37-SNAPSHOT-sources.jar
[INFO] 
[INFO] ------------------------< com.networknt:config >------------------------
[INFO] Building config 1.6.37-SNAPSHOT                                    [3/5]
[INFO] --------------------------------[ jar ]---------------------------------
[INFO] 
[INFO] --- maven-clean-plugin:2.5:clean (default-clean) @ config ---
[INFO] 
[INFO] --- maven-resources-plugin:2.6:resources (default-resources) @ config ---
[INFO] Using 'UTF-8' encoding to copy filtered resources.
[INFO] Copying 1 resource
[INFO] 
[INFO] --- maven-compiler-plugin:3.8.0:compile (default-compile) @ config ---
[INFO] Changes detected - recompiling the module!
[INFO] Compiling 9 source files to /home/srafi/after-cam-ready/compare_/compile_repair_output/work/faf302513f8a/config/target/classes
[INFO] 
[INFO] --- build-helper-maven-plugin:3.0.0:add-test-source (add-test-source) @ config ---
[INFO] Test Source directory: /home/srafi/after-cam-ready/compare_/compile_repair_output/work/faf302513f8a/config/src/integration/java added.
[INFO] 
[INFO] --- build-helper-maven-plugin:3.0.0:add-test-resource (add-test-resource) @ config ---
[INFO] 
[INFO] --- maven-resources-plugin:2.6:testResources (default-testResources) @ config ---
[INFO] Using 'UTF-8' encoding to copy filtered resources.
[INFO] Copying 16 resources
[INFO] skip non existing resourceDirectory /home/srafi/after-cam-ready/compare_/compile_repair_output/work/faf302513f8a/config\src\integration\resources
[INFO] 
[INFO] --- maven-compiler-plugin:3.8.0:testCompile (default-testCompile) @ config ---
[INFO] Changes detected - recompiling the module!
[INFO] Compiling 21 source files to /home/srafi/after-cam-ready/compare_/compile_repair_output/work/faf302513f8a/config/target/test-classes
[INFO] 
[INFO] --- maven-surefire-plugin:3.0.0-M8-SNAPSHOT:test (default-test) @ config ---
[INFO] Tests are skipped.
[INFO] 
[INFO] --- maven-jar-plugin:2.4:jar (default-jar) @ config ---
[INFO] Building jar: /home/srafi/after-cam-ready/compare_/compile_repair_output/work/faf302513f8a/config/target/config-1.6.37-SNAPSHOT.jar
[INFO] 
[INFO] >>> maven-source-plugin:3.0.1:jar (attach-sources) > generate-sources @ config >>>
[INFO] 
[INFO] <<< maven-source-plugin:3.0.1:jar (attach-sources) < generate-sources @ config <<<
[INFO] 
[INFO] 
[INFO] --- maven-source-plugin:3.0.1:jar (attach-sources) @ config ---
[INFO] Building jar: /home/srafi/after-cam-ready/compare_/compile_repair_output/work/faf302513f8a/config/target/config-1.6.37-SNAPSHOT-sources.jar
[INFO] 
[INFO] --- maven-javadoc-plugin:3.1.0:jar (attach-javadocs) @ config ---
[INFO] Skipping javadoc generation
[INFO] 
[INFO] --- maven-install-plugin:2.4:install (default-install) @ config ---
[INFO] Installing /home/srafi/after-cam-ready/compare_/compile_repair_output/work/faf302513f8a/config/target/config-1.6.37-SNAPSHOT.jar to /home/srafi/.m2/repository/com/networknt/config/1.6.37-SNAPSHOT/config-1.6.37-SNAPSHOT.jar
[INFO] Installing /home/srafi/after-cam-ready/compare_/compile_repair_output/work/faf302513f8a/config/pom.xml to /home/srafi/.m2/repository/com/networknt/config/1.6.37-SNAPSHOT/config-1.6.37-SNAPSHOT.pom
[INFO] Installing /home/srafi/after-cam-ready/compare_/compile_repair_output/work/faf302513f8a/config/target/config-1.6.37-SNAPSHOT-sources.jar to /home/srafi/.m2/repository/com/networknt/config/1.6.37-SNAPSHOT/config-1.6.37-SNAPSHOT-sources.jar
[INFO] 
[INFO] -----------------------< com.networknt:utility >------------------------
[INFO] Building utility 1.6.37-SNAPSHOT                                   [4/5]
[INFO] --------------------------------[ jar ]---------------------------------
[INFO] 
[INFO] --- maven-clean-plugin:2.5:clean (default-clean) @ utility ---
[INFO] 
[INFO] --- maven-resources-plugin:2.6:resources (default-resources) @ utility ---
[INFO] Using 'UTF-8' encoding to copy filtered resources.
[INFO] skip non existing resourceDirectory /home/srafi/after-cam-ready/compare_/compile_repair_output/work/faf302513f8a/utility/src/main/resources
[INFO] 
[INFO] --- maven-compiler-plugin:3.8.0:compile (default-compile) @ utility ---
[INFO] Changes detected - recompiling the module!
[INFO] Compiling 17 source files to /home/srafi/after-cam-ready/compare_/compile_repair_output/work/faf302513f8a/utility/target/classes
[INFO] 
[INFO] --- build-helper-maven-plugin:3.0.0:add-test-source (add-test-source) @ utility ---
[INFO] Test Source directory: /home/srafi/after-cam-ready/compare_/compile_repair_output/work/faf302513f8a/utility/src/integration/java added.
[INFO] 
[INFO] --- build-helper-maven-plugin:3.0.0:add-test-resource (add-test-resource) @ utility ---
[INFO] 
[INFO] --- maven-resources-plugin:2.6:testResources (default-testResources) @ utility ---
[INFO] Using 'UTF-8' encoding to copy filtered resources.
[INFO] Copying 5 resources
[INFO] skip non existing resourceDirectory /home/srafi/after-cam-ready/compare_/compile_repair_output/work/faf302513f8a/utility\src\integration\resources
[INFO] 
[INFO] --- maven-compiler-plugin:3.8.0:testCompile (default-testCompile) @ utility ---
[INFO] Changes detected - recompiling the module!
[INFO] Compiling 8 source files to /home/srafi/after-cam-ready/compare_/compile_repair_output/work/faf302513f8a/utility/target/test-classes
[INFO] 
[INFO] --- maven-surefire-plugin:3.0.0-M8-SNAPSHOT:test (default-test) @ utility ---
[INFO] Tests are skipped.
[INFO] 
[INFO] --- maven-jar-plugin:2.4:jar (default-jar) @ utility ---
[INFO] Building jar: /home/srafi/after-cam-ready/compare_/compile_repair_output/work/faf302513f8a/utility/target/utility-1.6.37-SNAPSHOT.jar
[INFO] 
[INFO] >>> maven-source-plugin:3.0.1:jar (attach-sources) > generate-sources @ utility >>>
[INFO] 
[INFO] <<< maven-source-plugin:3.0.1:jar (attach-sources) < generate-sources @ utility <<<
[INFO] 
[INFO] 
[INFO] --- maven-source-plugin:3.0.1:jar (attach-sources) @ utility ---
[INFO] Building jar: /home/srafi/after-cam-ready/compare_/compile_repair_output/work/faf302513f8a/utility/target/utility-1.6.37-SNAPSHOT-sources.jar
[INFO] 
[INFO] --- maven-javadoc-plugin:3.1.0:jar (attach-javadocs) @ utility ---
[INFO] Skipping javadoc generation
[INFO] 
[INFO] --- maven-install-plugin:2.4:install (default-install) @ utility ---
[INFO] Installing /home/srafi/after-cam-ready/compare_/compile_repair_output/work/faf302513f8a/utility/target/utility-1.6.37-SNAPSHOT.jar to /home/srafi/.m2/repository/com/networknt/utility/1.6.37-SNAPSHOT/utility-1.6.37-SNAPSHOT.jar
[INFO] Installing /home/srafi/after-cam-ready/compare_/compile_repair_output/work/faf302513f8a/utility/pom.xml to /home/srafi/.m2/repository/com/networknt/utility/1.6.37-SNAPSHOT/utility-1.6.37-SNAPSHOT.pom
[INFO] Installing /home/srafi/after-cam-ready/compare_/compile_repair_output/work/faf302513f8a/utility/target/utility-1.6.37-SNAPSHOT-sources.jar to /home/srafi/.m2/repository/com/networknt/utility/1.6.37-SNAPSHOT/utility-1.6.37-SNAPSHOT-sources.jar
[INFO] 
[INFO] -----------------------< com.networknt:http-url >-----------------------
[INFO] Building http-url 1.6.37-SNAPSHOT                                  [5/5]
[INFO] --------------------------------[ jar ]---------------------------------
[INFO] 
[INFO] --- maven-clean-plugin:2.5:clean (default-clean) @ http-url ---
[INFO] 
[INFO] --- maven-resources-plugin:2.6:resources (default-resources) @ http-url ---
[INFO] Using 'UTF-8' encoding to copy filtered resources.
[INFO] skip non existing resourceDirectory /home/srafi/after-cam-ready/compare_/compile_repair_output/work/faf302513f8a/http-url/src/main/resources
[INFO] 
[INFO] --- maven-compiler-plugin:3.8.0:compile (default-compile) @ http-url ---
[INFO] Changes detected - recompiling the module!
[INFO] Compiling 3 source files to /home/srafi/after-cam-ready/compare_/compile_repair_output/work/faf302513f8a/http-url/target/classes
[INFO] 
[INFO] --- build-helper-maven-plugin:3.0.0:add-test-source (add-test-source) @ http-url ---
[INFO] Test Source directory: /home/srafi/after-cam-ready/compare_/compile_repair_output/work/faf302513f8a/http-url/src/integration/java added.
[INFO] 
[INFO] --- build-helper-maven-plugin:3.0.0:add-test-resource (add-test-resource) @ http-url ---
[INFO] 
[INFO] --- maven-resources-plugin:2.6:testResources (default-testResources) @ http-url ---
[INFO] Using 'UTF-8' encoding to copy filtered resources.
[INFO] skip non existing resourceDirectory /home/srafi/after-cam-ready/compare_/compile_repair_output/work/faf302513f8a/http-url/src/test/resources
[INFO] skip non existing resourceDirectory /home/srafi/after-cam-ready/compare_/compile_repair_output/work/faf302513f8a/http-url\src\integration\resources
[INFO] 
[INFO] --- maven-compiler-plugin:3.8.0:testCompile (default-testCompile) @ http-url ---
[INFO] Changes detected - recompiling the module!
[INFO] Compiling 3 source files to /home/srafi/after-cam-ready/compare_/compile_repair_output/work/faf302513f8a/http-url/target/test-classes
[INFO] 
[INFO] --- maven-surefire-plugin:3.0.0-M8-SNAPSHOT:test (default-test) @ http-url ---
[INFO] Tests are skipped.
[INFO] 
[INFO] --- maven-jar-plugin:2.4:jar (default-jar) @ http-url ---
[INFO] Building jar: /home/srafi/after-cam-ready/compare_/compile_repair_output/work/faf302513f8a/http-url/target/http-url-1.6.37-SNAPSHOT.jar
[INFO] 
[INFO] >>> maven-source-plugin:3.0.1:jar (attach-sources) > generate-sources @ http-url >>>
[INFO] 
[INFO] <<< maven-source-plugin:3.0.1:jar (attach-sources) < generate-sources @ http-url <<<
[INFO] 
[INFO] 
[INFO] --- maven-source-plugin:3.0.1:jar (attach-sources) @ http-url ---
[INFO] Building jar: /home/srafi/after-cam-ready/compare_/compile_repair_output/work/faf302513f8a/http-url/target/http-url-1.6.37-SNAPSHOT-sources.jar
[INFO] 
[INFO] --- maven-javadoc-plugin:3.1.0:jar (attach-javadocs) @ http-url ---
[INFO] Skipping javadoc generation
[INFO] 
[INFO] --- maven-install-plugin:2.4:install (default-install) @ http-url ---
[INFO] Installing /home/srafi/after-cam-ready/compare_/compile_repair_output/work/faf302513f8a/http-url/target/http-url-1.6.37-SNAPSHOT.jar to /home/srafi/.m2/repository/com/networknt/http-url/1.6.37-SNAPSHOT/http-url-1.6.37-SNAPSHOT.jar
[INFO] Installing /home/srafi/after-cam-ready/compare_/compile_repair_output/work/faf302513f8a/http-url/pom.xml to /home/srafi/.m2/repository/com/networknt/http-url/1.6.37-SNAPSHOT/http-url-1.6.37-SNAPSHOT.pom
[INFO] Installing /home/srafi/after-cam-ready/compare_/compile_repair_output/work/faf302513f8a/http-url/target/http-url-1.6.37-SNAPSHOT-sources.jar to /home/srafi/.m2/repository/com/networknt/http-url/1.6.37-SNAPSHOT/http-url-1.6.37-SNAPSHOT-sources.jar
[INFO] ------------------------------------------------------------------------
[INFO] Reactor Summary for Parent POM 1.6.37-SNAPSHOT:
[INFO] 
[INFO] Parent POM ......................................... SUCCESS [  0.560 s]
[INFO] decryptor .......................................... SUCCESS [  4.906 s]
[INFO] config ............................................. SUCCESS [  2.929 s]
[INFO] utility ............................................ SUCCESS [  2.662 s]
[INFO] http-url ........................................... SUCCESS [  2.559 s]
[INFO] ------------------------------------------------------------------------
[INFO] BUILD SUCCESS
[INFO] ------------------------------------------------------------------------
[INFO] Total time:  14.051 s
[INFO] Finished at: 2026-08-15T16:34:46-04:00
[INFO] ------------------------------------------------------------------------
