JAVA_HOME=/usr/lib/jvm/java-17-openjdk-amd64
COMMAND=mvn -B clean install -DskipTests -U -Ddependency-check.skip=true -Dgpg.skip=true -DfailIfNoTests=false -Dskip.installnodenpm=true -Dskip.npm=true -Dskip.yarn=true -Dlicense.skip=true -Dcheckstyle.skip=true -Drat.skip=true -Denforcer.skip=true -Danimal.sniffer.skip=true -Dmaven.javadoc.skip=true -Dfindbugs.skip=true -Dspotbugs.skip=true -Dwarbucks.skip=true -Dmodernizer.skip=true -Dimpsort.skip=true -Dmdep.analyze.skip=true -Dpgpverify.skip=true -Dxml.skip=true -Dcobertura.skip=true

[INFO] Scanning for projects...
Warning: KebabPizza disabling incompatible org.jacoco:jacoco-maven-plugin from Slimefun
[INFO] 
[INFO] --------------------< com.github.slimefun:Slimefun >--------------------
[INFO] Building Slimefun 4.9-UNOFFICIAL
[INFO] --------------------------------[ jar ]---------------------------------
[INFO] Downloading from spigot-repo: https://hub.spigotmc.org/nexus/content/repositories/snapshots/org/spigotmc/spigot-api/1.17-R0.1-SNAPSHOT/maven-metadata.xml
[INFO] Downloading from jitpack.io: https://jitpack.io/org/spigotmc/spigot-api/1.17-R0.1-SNAPSHOT/maven-metadata.xml
[INFO] Downloading from paper-repo: https://papermc.io/repo/repository/maven-public/org/spigotmc/spigot-api/1.17-R0.1-SNAPSHOT/maven-metadata.xml
[INFO] Downloading from worldedit-repo: https://maven.sk89q.com/repo/org/spigotmc/spigot-api/1.17-R0.1-SNAPSHOT/maven-metadata.xml
[INFO] Downloading from placeholderapi-repo: https://repo.extendedclip.com/content/repositories/placeholderapi/org/spigotmc/spigot-api/1.17-R0.1-SNAPSHOT/maven-metadata.xml
[INFO] Downloading from mcmmo-repo: https://nexus.neetgames.com/repository/maven-public/org/spigotmc/spigot-api/1.17-R0.1-SNAPSHOT/maven-metadata.xml
[INFO] Downloaded from spigot-repo: https://hub.spigotmc.org/nexus/content/repositories/snapshots/org/spigotmc/spigot-api/1.17-R0.1-SNAPSHOT/maven-metadata.xml (1.4 kB at 8.0 kB/s)
[INFO] Downloading from walshy-public: https://repo.walshy.dev/public/org/spigotmc/spigot-api/1.17-R0.1-SNAPSHOT/maven-metadata.xml
[WARNING] Could not transfer metadata org.spigotmc:spigot-api:1.17-R0.1-SNAPSHOT/maven-metadata.xml from/to paper-repo (https://papermc.io/repo/repository/maven-public): Authorization failed for https://papermc.io/repo/repository/maven-public/org/spigotmc/spigot-api/1.17-R0.1-SNAPSHOT/maven-metadata.xml 403 Forbidden
[WARNING] Could not transfer metadata org.spigotmc:spigot-api:1.17-R0.1-SNAPSHOT/maven-metadata.xml from/to worldedit-repo (https://maven.sk89q.com/repo): Transfer failed for https://maven.sk89q.com/repo/org/spigotmc/spigot-api/1.17-R0.1-SNAPSHOT/maven-metadata.xml 522 <none>
[WARNING] Failure to transfer org.spigotmc:spigot-api:1.17-R0.1-SNAPSHOT/maven-metadata.xml from https://papermc.io/repo/repository/maven-public was cached in the local repository, resolution will not be reattempted until the update interval of paper-repo has elapsed or updates are forced. Original error: Could not transfer metadata org.spigotmc:spigot-api:1.17-R0.1-SNAPSHOT/maven-metadata.xml from/to paper-repo (https://papermc.io/repo/repository/maven-public): Authorization failed for https://papermc.io/repo/repository/maven-public/org/spigotmc/spigot-api/1.17-R0.1-SNAPSHOT/maven-metadata.xml 403 Forbidden
[WARNING] Failure to transfer org.spigotmc:spigot-api:1.17-R0.1-SNAPSHOT/maven-metadata.xml from https://maven.sk89q.com/repo was cached in the local repository, resolution will not be reattempted until the update interval of worldedit-repo has elapsed or updates are forced. Original error: Could not transfer metadata org.spigotmc:spigot-api:1.17-R0.1-SNAPSHOT/maven-metadata.xml from/to worldedit-repo (https://maven.sk89q.com/repo): Transfer failed for https://maven.sk89q.com/repo/org/spigotmc/spigot-api/1.17-R0.1-SNAPSHOT/maven-metadata.xml 522 <none>
[INFO] Downloading from paper-repo: https://papermc.io/repo/repository/maven-public/org/spigotmc/spigot-api/1.16.5-R0.1-SNAPSHOT/maven-metadata.xml
[INFO] Downloading from jitpack.io: https://jitpack.io/org/spigotmc/spigot-api/1.16.5-R0.1-SNAPSHOT/maven-metadata.xml
[INFO] Downloading from worldedit-repo: https://maven.sk89q.com/repo/org/spigotmc/spigot-api/1.16.5-R0.1-SNAPSHOT/maven-metadata.xml
[INFO] Downloading from spigot-repo: https://hub.spigotmc.org/nexus/content/repositories/snapshots/org/spigotmc/spigot-api/1.16.5-R0.1-SNAPSHOT/maven-metadata.xml
[INFO] Downloading from placeholderapi-repo: https://repo.extendedclip.com/content/repositories/placeholderapi/org/spigotmc/spigot-api/1.16.5-R0.1-SNAPSHOT/maven-metadata.xml
[INFO] Downloading from mcmmo-repo: https://nexus.neetgames.com/repository/maven-public/org/spigotmc/spigot-api/1.16.5-R0.1-SNAPSHOT/maven-metadata.xml
[INFO] Downloaded from spigot-repo: https://hub.spigotmc.org/nexus/content/repositories/snapshots/org/spigotmc/spigot-api/1.16.5-R0.1-SNAPSHOT/maven-metadata.xml (1.5 kB at 56 kB/s)
[INFO] Downloading from walshy-public: https://repo.walshy.dev/public/org/spigotmc/spigot-api/1.16.5-R0.1-SNAPSHOT/maven-metadata.xml
[WARNING] Could not transfer metadata org.spigotmc:spigot-api:1.16.5-R0.1-SNAPSHOT/maven-metadata.xml from/to paper-repo (https://papermc.io/repo/repository/maven-public): Authorization failed for https://papermc.io/repo/repository/maven-public/org/spigotmc/spigot-api/1.16.5-R0.1-SNAPSHOT/maven-metadata.xml 403 Forbidden
[WARNING] Could not transfer metadata org.spigotmc:spigot-api:1.16.5-R0.1-SNAPSHOT/maven-metadata.xml from/to worldedit-repo (https://maven.sk89q.com/repo): Transfer failed for https://maven.sk89q.com/repo/org/spigotmc/spigot-api/1.16.5-R0.1-SNAPSHOT/maven-metadata.xml 522 <none>
[WARNING] Failure to transfer org.spigotmc:spigot-api:1.16.5-R0.1-SNAPSHOT/maven-metadata.xml from https://papermc.io/repo/repository/maven-public was cached in the local repository, resolution will not be reattempted until the update interval of paper-repo has elapsed or updates are forced. Original error: Could not transfer metadata org.spigotmc:spigot-api:1.16.5-R0.1-SNAPSHOT/maven-metadata.xml from/to paper-repo (https://papermc.io/repo/repository/maven-public): Authorization failed for https://papermc.io/repo/repository/maven-public/org/spigotmc/spigot-api/1.16.5-R0.1-SNAPSHOT/maven-metadata.xml 403 Forbidden
[WARNING] Failure to transfer org.spigotmc:spigot-api:1.16.5-R0.1-SNAPSHOT/maven-metadata.xml from https://maven.sk89q.com/repo was cached in the local repository, resolution will not be reattempted until the update interval of worldedit-repo has elapsed or updates are forced. Original error: Could not transfer metadata org.spigotmc:spigot-api:1.16.5-R0.1-SNAPSHOT/maven-metadata.xml from/to worldedit-repo (https://maven.sk89q.com/repo): Transfer failed for https://maven.sk89q.com/repo/org/spigotmc/spigot-api/1.16.5-R0.1-SNAPSHOT/maven-metadata.xml 522 <none>
[INFO] Downloading from spigot-repo: https://hub.spigotmc.org/nexus/content/repositories/snapshots/io/papermc/paperlib/1.0.6/paperlib-1.0.6.pom
[INFO] Downloading from paper-repo: https://papermc.io/repo/repository/maven-public/io/papermc/paperlib/1.0.6/paperlib-1.0.6.pom
[INFO] Downloading from jitpack.io: https://jitpack.io/io/papermc/paperlib/1.0.6/paperlib-1.0.6.pom
[INFO] Downloading from worldedit-repo: https://maven.sk89q.com/repo/io/papermc/paperlib/1.0.6/paperlib-1.0.6.pom
[INFO] Downloading from placeholderapi-repo: https://repo.extendedclip.com/content/repositories/placeholderapi/io/papermc/paperlib/1.0.6/paperlib-1.0.6.pom
[INFO] Downloading from mcmmo-repo: https://nexus.neetgames.com/repository/maven-public/io/papermc/paperlib/1.0.6/paperlib-1.0.6.pom
[INFO] Downloading from walshy-public: https://repo.walshy.dev/public/io/papermc/paperlib/1.0.6/paperlib-1.0.6.pom
[INFO] Downloading from central: https://repo.maven.apache.org/maven2/io/papermc/paperlib/1.0.6/paperlib-1.0.6.pom
[INFO] Downloading from spigot-repo: https://hub.spigotmc.org/nexus/content/repositories/snapshots/com/sk89q/worldedit/worldedit-core/7.2.5/worldedit-core-7.2.5.pom
[INFO] Downloading from paper-repo: https://papermc.io/repo/repository/maven-public/com/sk89q/worldedit/worldedit-core/7.2.5/worldedit-core-7.2.5.pom
[INFO] Downloading from jitpack.io: https://jitpack.io/com/sk89q/worldedit/worldedit-core/7.2.5/worldedit-core-7.2.5.pom
[INFO] Downloading from worldedit-repo: https://maven.sk89q.com/repo/com/sk89q/worldedit/worldedit-core/7.2.5/worldedit-core-7.2.5.pom
[INFO] Downloading from placeholderapi-repo: https://repo.extendedclip.com/content/repositories/placeholderapi/com/sk89q/worldedit/worldedit-core/7.2.5/worldedit-core-7.2.5.pom
[INFO] Downloading from mcmmo-repo: https://nexus.neetgames.com/repository/maven-public/com/sk89q/worldedit/worldedit-core/7.2.5/worldedit-core-7.2.5.pom
[INFO] Downloading from walshy-public: https://repo.walshy.dev/public/com/sk89q/worldedit/worldedit-core/7.2.5/worldedit-core-7.2.5.pom
[INFO] Downloading from central: https://repo.maven.apache.org/maven2/com/sk89q/worldedit/worldedit-core/7.2.5/worldedit-core-7.2.5.pom
[INFO] Downloading from spigot-repo: https://hub.spigotmc.org/nexus/content/repositories/snapshots/com/sk89q/worldedit/worldedit-bukkit/7.2.5/worldedit-bukkit-7.2.5.pom
[INFO] Downloading from paper-repo: https://papermc.io/repo/repository/maven-public/com/sk89q/worldedit/worldedit-bukkit/7.2.5/worldedit-bukkit-7.2.5.pom
[INFO] Downloading from jitpack.io: https://jitpack.io/com/sk89q/worldedit/worldedit-bukkit/7.2.5/worldedit-bukkit-7.2.5.pom
[INFO] Downloading from worldedit-repo: https://maven.sk89q.com/repo/com/sk89q/worldedit/worldedit-bukkit/7.2.5/worldedit-bukkit-7.2.5.pom
[INFO] Downloading from placeholderapi-repo: https://repo.extendedclip.com/content/repositories/placeholderapi/com/sk89q/worldedit/worldedit-bukkit/7.2.5/worldedit-bukkit-7.2.5.pom
[INFO] Downloading from mcmmo-repo: https://nexus.neetgames.com/repository/maven-public/com/sk89q/worldedit/worldedit-bukkit/7.2.5/worldedit-bukkit-7.2.5.pom
[INFO] Downloading from walshy-public: https://repo.walshy.dev/public/com/sk89q/worldedit/worldedit-bukkit/7.2.5/worldedit-bukkit-7.2.5.pom
[INFO] Downloading from central: https://repo.maven.apache.org/maven2/com/sk89q/worldedit/worldedit-bukkit/7.2.5/worldedit-bukkit-7.2.5.pom
[INFO] Downloading from spigot-repo: https://hub.spigotmc.org/nexus/content/repositories/snapshots/me/clip/placeholderapi/2.10.10/placeholderapi-2.10.10.pom
[INFO] Downloading from paper-repo: https://papermc.io/repo/repository/maven-public/me/clip/placeholderapi/2.10.10/placeholderapi-2.10.10.pom
[INFO] Downloading from jitpack.io: https://jitpack.io/me/clip/placeholderapi/2.10.10/placeholderapi-2.10.10.pom
[INFO] Downloading from worldedit-repo: https://maven.sk89q.com/repo/me/clip/placeholderapi/2.10.10/placeholderapi-2.10.10.pom
[INFO] Downloading from placeholderapi-repo: https://repo.extendedclip.com/content/repositories/placeholderapi/me/clip/placeholderapi/2.10.10/placeholderapi-2.10.10.pom
[INFO] Downloading from mcmmo-repo: https://nexus.neetgames.com/repository/maven-public/me/clip/placeholderapi/2.10.10/placeholderapi-2.10.10.pom
[INFO] Downloading from walshy-public: https://repo.walshy.dev/public/me/clip/placeholderapi/2.10.10/placeholderapi-2.10.10.pom
[INFO] Downloading from central: https://repo.maven.apache.org/maven2/me/clip/placeholderapi/2.10.10/placeholderapi-2.10.10.pom
[INFO] ------------------------------------------------------------------------
[INFO] BUILD FAILURE
[INFO] ------------------------------------------------------------------------
[INFO] Total time:  02:01 min
[INFO] Finished at: 2026-08-15T16:55:27-04:00
[INFO] ------------------------------------------------------------------------
[ERROR] Failed to execute goal on project Slimefun: Could not resolve dependencies for project com.github.slimefun:Slimefun:jar:4.9-UNOFFICIAL: Failed to collect dependencies at io.papermc:paperlib:jar:1.0.6: Failed to read artifact descriptor for io.papermc:paperlib:jar:1.0.6: Could not transfer artifact io.papermc:paperlib:pom:1.0.6 from/to paper-repo (https://papermc.io/repo/repository/maven-public): Authorization failed for https://papermc.io/repo/repository/maven-public/io/papermc/paperlib/1.0.6/paperlib-1.0.6.pom 403 Forbidden -> [Help 1]
[ERROR] 
[ERROR] To see the full stack trace of the errors, re-run Maven with the -e switch.
[ERROR] Re-run Maven using the -X switch to enable full debug logging.
[ERROR] 
[ERROR] For more information about the errors and possible solutions, please read the following articles:
[ERROR] [Help 1] http://cwiki.apache.org/confluence/display/MAVEN/DependencyResolutionException
