JAVA_HOME=/usr/lib/jvm/java-8-openjdk-amd64
COMMAND=mvn -B clean install -DskipTests -U -pl swagger/swagger-generator -am -Ddependency-check.skip=true -Dgpg.skip=true -DfailIfNoTests=false -Dskip.installnodenpm=true -Dskip.npm=true -Dskip.yarn=true -Dlicense.skip=true -Dcheckstyle.skip=true -Drat.skip=true -Denforcer.skip=true -Danimal.sniffer.skip=true -Dmaven.javadoc.skip=true -Dfindbugs.skip=true -Dspotbugs.skip=true -Dwarbucks.skip=true -Dmodernizer.skip=true -Dimpsort.skip=true -Dmdep.analyze.skip=true -Dpgpverify.skip=true -Dxml.skip=true -Dcobertura.skip=true

[INFO] Scanning for projects...
Warning: KebabPizza disabling incompatible org.apache.maven.plugins:maven-enforcer-plugin from java-chassis
Warning: KebabPizza disabling incompatible org.codehaus.mojo:license-maven-plugin from java-chassis
Warning: KebabPizza disabling incompatible org.apache.rat:apache-rat-plugin from java-chassis
Warning: KebabPizza disabling incompatible org.apache.maven.plugins:maven-enforcer-plugin from java-chassis-dependencies-parent
Warning: KebabPizza disabling incompatible org.codehaus.mojo:license-maven-plugin from java-chassis-dependencies-parent
Warning: KebabPizza disabling incompatible org.apache.rat:apache-rat-plugin from java-chassis-dependencies-parent
Warning: KebabPizza disabling incompatible org.apache.maven.plugins:maven-enforcer-plugin from java-chassis-dependencies
Warning: KebabPizza disabling incompatible org.codehaus.mojo:license-maven-plugin from java-chassis-dependencies
Warning: KebabPizza disabling incompatible org.apache.rat:apache-rat-plugin from java-chassis-dependencies
Warning: KebabPizza disabling incompatible org.apache.maven.plugins:maven-enforcer-plugin from java-chassis-parent
Warning: KebabPizza disabling incompatible org.codehaus.mojo:license-maven-plugin from java-chassis-parent
Warning: KebabPizza disabling incompatible org.apache.rat:apache-rat-plugin from java-chassis-parent
Warning: KebabPizza disabling incompatible org.apache.maven.plugins:maven-enforcer-plugin from swagger
Warning: KebabPizza disabling incompatible org.codehaus.mojo:license-maven-plugin from swagger
Warning: KebabPizza disabling incompatible org.apache.rat:apache-rat-plugin from swagger
Warning: KebabPizza disabling incompatible org.apache.maven.plugins:maven-enforcer-plugin from swagger-generator
Warning: KebabPizza disabling incompatible org.codehaus.mojo:license-maven-plugin from swagger-generator
Warning: KebabPizza disabling incompatible org.apache.rat:apache-rat-plugin from swagger-generator
[INFO] ------------------------------------------------------------------------
[INFO] Detecting the operating system and CPU architecture
[INFO] ------------------------------------------------------------------------
[INFO] os.detected.name: linux
[INFO] os.detected.arch: x86_64
[INFO] os.detected.bitness: 64
[INFO] os.detected.version: 6.8
[INFO] os.detected.version.major: 6
[INFO] os.detected.version.minor: 8
[INFO] os.detected.release: ubuntu
[INFO] os.detected.release.version: 22.04
[INFO] os.detected.release.like.ubuntu: true
[INFO] os.detected.release.like.debian: true
[INFO] os.detected.classifier: linux-x86_64
[INFO] ------------------------------------------------------------------------
[INFO] Reactor Build Order:
[INFO] 
[INFO] ServiceComb Java Chassis                                           [pom]
[INFO] Java Chassis::Dependencies                                         [pom]
[INFO] Java Chassis::Dependencies::Default                                [pom]
[INFO] Java Chassis::Parent::Default                                      [pom]
[INFO] Java Chassis::Swagger                                              [pom]
[INFO] Java Chassis::Swagger::Generator                                   [pom]
[INFO] 
[INFO] ----------------< org.apache.servicecomb:java-chassis >-----------------
[INFO] Building ServiceComb Java Chassis 2.8.0-SNAPSHOT                   [1/6]
[INFO] --------------------------------[ pom ]---------------------------------
[INFO] 
[INFO] --- maven-clean-plugin:3.2.0:clean (default-clean) @ java-chassis ---
[INFO] 
[INFO] --- maven-remote-resources-plugin:3.0.0:process (process-resource-bundles) @ java-chassis ---
[INFO] Skipping remote resources execution.
[INFO] 
[INFO] --- maven-site-plugin:3.12.1:attach-descriptor (attach-descriptor) @ java-chassis ---
[INFO] No site descriptor found: nothing to attach.
[INFO] 
[INFO] >>> spotbugs-maven-plugin:4.7.2.0:check (default) > :spotbugs @ java-chassis >>>
[INFO] 
[INFO] --- spotbugs-maven-plugin:4.7.2.0:spotbugs (spotbugs) @ java-chassis ---
[INFO] 
[INFO] <<< spotbugs-maven-plugin:4.7.2.0:check (default) < :spotbugs @ java-chassis <<<
[INFO] 
[INFO] 
[INFO] --- spotbugs-maven-plugin:4.7.2.0:check (default) @ java-chassis ---
[INFO] 
[INFO] --- maven-install-plugin:2.5.2:install (default-install) @ java-chassis ---
[INFO] Installing /home/srafi/after-cam-ready/compare_/compile_repair_output/work/ccaa47218755/pom.xml to /home/srafi/.m2/repository/org/apache/servicecomb/java-chassis/2.8.0-SNAPSHOT/java-chassis-2.8.0-SNAPSHOT.pom
[INFO] 
[INFO] ------< org.apache.servicecomb:java-chassis-dependencies-parent >-------
[INFO] Building Java Chassis::Dependencies 2.8.0-SNAPSHOT                 [2/6]
[INFO] --------------------------------[ pom ]---------------------------------
[INFO] 
[INFO] --- maven-clean-plugin:3.2.0:clean (default-clean) @ java-chassis-dependencies-parent ---
[INFO] 
[INFO] --- maven-remote-resources-plugin:3.0.0:process (process-resource-bundles) @ java-chassis-dependencies-parent ---
[INFO] Skipping remote resources execution.
[INFO] 
[INFO] --- maven-site-plugin:3.12.1:attach-descriptor (attach-descriptor) @ java-chassis-dependencies-parent ---
[INFO] No site descriptor found: nothing to attach.
[INFO] 
[INFO] >>> spotbugs-maven-plugin:4.7.2.0:check (default) > :spotbugs @ java-chassis-dependencies-parent >>>
[INFO] 
[INFO] --- spotbugs-maven-plugin:4.7.2.0:spotbugs (spotbugs) @ java-chassis-dependencies-parent ---
[INFO] 
[INFO] <<< spotbugs-maven-plugin:4.7.2.0:check (default) < :spotbugs @ java-chassis-dependencies-parent <<<
[INFO] 
[INFO] 
[INFO] --- spotbugs-maven-plugin:4.7.2.0:check (default) @ java-chassis-dependencies-parent ---
[INFO] 
[INFO] --- maven-install-plugin:2.5.2:install (default-install) @ java-chassis-dependencies-parent ---
[INFO] Installing /home/srafi/after-cam-ready/compare_/compile_repair_output/work/ccaa47218755/dependencies/pom.xml to /home/srafi/.m2/repository/org/apache/servicecomb/java-chassis-dependencies-parent/2.8.0-SNAPSHOT/java-chassis-dependencies-parent-2.8.0-SNAPSHOT.pom
[INFO] 
[INFO] ----------< org.apache.servicecomb:java-chassis-dependencies >----------
[INFO] Building Java Chassis::Dependencies::Default 2.8.0-SNAPSHOT        [3/6]
[INFO] --------------------------------[ pom ]---------------------------------
[INFO] 
[INFO] --- maven-clean-plugin:3.2.0:clean (default-clean) @ java-chassis-dependencies ---
[INFO] 
[INFO] --- maven-remote-resources-plugin:3.0.0:process (process-resource-bundles) @ java-chassis-dependencies ---
[INFO] Skipping remote resources execution.
[INFO] 
[INFO] --- maven-site-plugin:3.12.1:attach-descriptor (attach-descriptor) @ java-chassis-dependencies ---
[INFO] No site descriptor found: nothing to attach.
[INFO] 
[INFO] >>> spotbugs-maven-plugin:4.7.2.0:check (default) > :spotbugs @ java-chassis-dependencies >>>
[INFO] 
[INFO] --- spotbugs-maven-plugin:4.7.2.0:spotbugs (spotbugs) @ java-chassis-dependencies ---
[INFO] 
[INFO] <<< spotbugs-maven-plugin:4.7.2.0:check (default) < :spotbugs @ java-chassis-dependencies <<<
[INFO] 
[INFO] 
[INFO] --- spotbugs-maven-plugin:4.7.2.0:check (default) @ java-chassis-dependencies ---
[INFO] 
[INFO] --- maven-install-plugin:2.5.2:install (default-install) @ java-chassis-dependencies ---
[INFO] Installing /home/srafi/after-cam-ready/compare_/compile_repair_output/work/ccaa47218755/dependencies/default/pom.xml to /home/srafi/.m2/repository/org/apache/servicecomb/java-chassis-dependencies/2.8.0-SNAPSHOT/java-chassis-dependencies-2.8.0-SNAPSHOT.pom
[INFO] 
[INFO] -------------< org.apache.servicecomb:java-chassis-parent >-------------
[INFO] Building Java Chassis::Parent::Default 2.8.0-SNAPSHOT              [4/6]
[INFO] --------------------------------[ pom ]---------------------------------
[INFO] 
[INFO] --- maven-clean-plugin:3.2.0:clean (default-clean) @ java-chassis-parent ---
[INFO] 
[INFO] --- maven-remote-resources-plugin:3.0.0:process (process-resource-bundles) @ java-chassis-parent ---
[INFO] Skipping remote resources execution.
[INFO] 
[INFO] --- maven-site-plugin:3.12.1:attach-descriptor (attach-descriptor) @ java-chassis-parent ---
[INFO] No site descriptor found: nothing to attach.
[INFO] 
[INFO] >>> maven-source-plugin:3.2.1:jar (attach-sources) > generate-sources @ java-chassis-parent >>>
[INFO] 
[INFO] <<< maven-source-plugin:3.2.1:jar (attach-sources) < generate-sources @ java-chassis-parent <<<
[INFO] 
[INFO] 
[INFO] --- maven-source-plugin:3.2.1:jar (attach-sources) @ java-chassis-parent ---
[INFO] 
[INFO] >>> spotbugs-maven-plugin:4.7.2.0:check (default) > :spotbugs @ java-chassis-parent >>>
[INFO] 
[INFO] --- spotbugs-maven-plugin:4.7.2.0:spotbugs (spotbugs) @ java-chassis-parent ---
[INFO] 
[INFO] <<< spotbugs-maven-plugin:4.7.2.0:check (default) < :spotbugs @ java-chassis-parent <<<
[INFO] 
[INFO] 
[INFO] --- spotbugs-maven-plugin:4.7.2.0:check (default) @ java-chassis-parent ---
[INFO] 
[INFO] --- maven-install-plugin:2.5.2:install (default-install) @ java-chassis-parent ---
[INFO] Installing /home/srafi/after-cam-ready/compare_/compile_repair_output/work/ccaa47218755/parents/default/pom.xml to /home/srafi/.m2/repository/org/apache/servicecomb/java-chassis-parent/2.8.0-SNAPSHOT/java-chassis-parent-2.8.0-SNAPSHOT.pom
[INFO] 
[INFO] -------------------< org.apache.servicecomb:swagger >-------------------
[INFO] Building Java Chassis::Swagger 2.8.0-SNAPSHOT                      [5/6]
[INFO] --------------------------------[ pom ]---------------------------------
[INFO] 
[INFO] --- maven-clean-plugin:3.2.0:clean (default-clean) @ swagger ---
[INFO] 
[INFO] --- maven-remote-resources-plugin:3.0.0:process (process-resource-bundles) @ swagger ---
[INFO] Skipping remote resources execution.
[INFO] 
[INFO] --- maven-site-plugin:3.12.1:attach-descriptor (attach-descriptor) @ swagger ---
[INFO] No site descriptor found: nothing to attach.
[INFO] 
[INFO] >>> maven-source-plugin:3.2.1:jar (attach-sources) > generate-sources @ swagger >>>
[INFO] 
[INFO] <<< maven-source-plugin:3.2.1:jar (attach-sources) < generate-sources @ swagger <<<
[INFO] 
[INFO] 
[INFO] --- maven-source-plugin:3.2.1:jar (attach-sources) @ swagger ---
[INFO] 
[INFO] >>> spotbugs-maven-plugin:4.7.2.0:check (default) > :spotbugs @ swagger >>>
[INFO] 
[INFO] --- spotbugs-maven-plugin:4.7.2.0:spotbugs (spotbugs) @ swagger ---
[INFO] 
[INFO] <<< spotbugs-maven-plugin:4.7.2.0:check (default) < :spotbugs @ swagger <<<
[INFO] 
[INFO] 
[INFO] --- spotbugs-maven-plugin:4.7.2.0:check (default) @ swagger ---
[INFO] 
[INFO] --- maven-install-plugin:2.5.2:install (default-install) @ swagger ---
[INFO] Installing /home/srafi/after-cam-ready/compare_/compile_repair_output/work/ccaa47218755/swagger/pom.xml to /home/srafi/.m2/repository/org/apache/servicecomb/swagger/2.8.0-SNAPSHOT/swagger-2.8.0-SNAPSHOT.pom
[INFO] 
[INFO] --------------< org.apache.servicecomb:swagger-generator >--------------
[INFO] Building Java Chassis::Swagger::Generator 2.8.0-SNAPSHOT           [6/6]
[INFO] --------------------------------[ pom ]---------------------------------
[INFO] 
[INFO] --- maven-clean-plugin:3.2.0:clean (default-clean) @ swagger-generator ---
[INFO] 
[INFO] --- maven-remote-resources-plugin:3.0.0:process (process-resource-bundles) @ swagger-generator ---
[INFO] Skipping remote resources execution.
[INFO] 
[INFO] --- maven-site-plugin:3.12.1:attach-descriptor (attach-descriptor) @ swagger-generator ---
[INFO] No site descriptor found: nothing to attach.
[INFO] 
[INFO] >>> maven-source-plugin:3.2.1:jar (attach-sources) > generate-sources @ swagger-generator >>>
[INFO] 
[INFO] <<< maven-source-plugin:3.2.1:jar (attach-sources) < generate-sources @ swagger-generator <<<
[INFO] 
[INFO] 
[INFO] --- maven-source-plugin:3.2.1:jar (attach-sources) @ swagger-generator ---
[INFO] 
[INFO] >>> spotbugs-maven-plugin:4.7.2.0:check (default) > :spotbugs @ swagger-generator >>>
[INFO] 
[INFO] --- spotbugs-maven-plugin:4.7.2.0:spotbugs (spotbugs) @ swagger-generator ---
[INFO] 
[INFO] <<< spotbugs-maven-plugin:4.7.2.0:check (default) < :spotbugs @ swagger-generator <<<
[INFO] 
[INFO] 
[INFO] --- spotbugs-maven-plugin:4.7.2.0:check (default) @ swagger-generator ---
[INFO] 
[INFO] --- maven-install-plugin:2.5.2:install (default-install) @ swagger-generator ---
[INFO] Installing /home/srafi/after-cam-ready/compare_/compile_repair_output/work/ccaa47218755/swagger/swagger-generator/pom.xml to /home/srafi/.m2/repository/org/apache/servicecomb/swagger-generator/2.8.0-SNAPSHOT/swagger-generator-2.8.0-SNAPSHOT.pom
[INFO] ------------------------------------------------------------------------
[INFO] Reactor Summary for ServiceComb Java Chassis 2.8.0-SNAPSHOT:
[INFO] 
[INFO] ServiceComb Java Chassis ........................... SUCCESS [  1.215 s]
[INFO] Java Chassis::Dependencies ......................... SUCCESS [  0.011 s]
[INFO] Java Chassis::Dependencies::Default ................ SUCCESS [  0.010 s]
[INFO] Java Chassis::Parent::Default ...................... SUCCESS [  0.086 s]
[INFO] Java Chassis::Swagger .............................. SUCCESS [  0.013 s]
[INFO] Java Chassis::Swagger::Generator ................... SUCCESS [  0.013 s]
[INFO] ------------------------------------------------------------------------
[INFO] BUILD SUCCESS
[INFO] ------------------------------------------------------------------------
[INFO] Total time:  1.921 s
[INFO] Finished at: 2026-08-15T16:02:06-04:00
[INFO] ------------------------------------------------------------------------
