JAVA_HOME=/usr/lib/jvm/java-8-openjdk-amd64
COMMAND=mvn -B clean install -DskipTests -U -pl core -am -Ddependency-check.skip=true -Dgpg.skip=true -DfailIfNoTests=false -Dskip.installnodenpm=true -Dskip.npm=true -Dskip.yarn=true -Dlicense.skip=true -Dcheckstyle.skip=true -Drat.skip=true -Denforcer.skip=true -Danimal.sniffer.skip=true -Dmaven.javadoc.skip=true -Dfindbugs.skip=true -Dspotbugs.skip=true -Dwarbucks.skip=true -Dmodernizer.skip=true -Dimpsort.skip=true -Dmdep.analyze.skip=true -Dpgpverify.skip=true -Dxml.skip=true -Dcobertura.skip=true

[INFO] Scanning for projects...
Warning: KebabPizza disabling incompatible org.apache.maven.plugins:maven-enforcer-plugin from yoctodb-parent
Warning: KebabPizza disabling incompatible org.jacoco:jacoco-maven-plugin from yoctodb-parent
Warning: KebabPizza disabling incompatible org.apache.maven.plugins:maven-enforcer-plugin from yoctodb-core
Warning: KebabPizza disabling incompatible org.jacoco:jacoco-maven-plugin from yoctodb-core
[WARNING] The project com.yandex.yoctodb:yoctodb-parent:pom:0.1-SNAPSHOT uses prerequisites which is only intended for maven-plugin projects but not for non maven-plugin projects. For such purposes you should use the maven-enforcer-plugin. See https://maven.apache.org/enforcer/enforcer-rules/requireMavenVersion.html
[INFO] ------------------------------------------------------------------------
[INFO] Reactor Build Order:
[INFO] 
[INFO] YoctoDB parent                                                     [pom]
[INFO] YoctoDB core                                                       [jar]
[INFO] 
[INFO] -----------------< com.yandex.yoctodb:yoctodb-parent >------------------
[INFO] Building YoctoDB parent 0.1-SNAPSHOT                               [1/2]
[INFO] --------------------------------[ pom ]---------------------------------
[INFO] 
[INFO] --- maven-clean-plugin:2.5:clean (default-clean) @ yoctodb-parent ---
[INFO] 
[INFO] --- maven-source-plugin:2.2.1:jar-no-fork (attach-sources) @ yoctodb-parent ---
[INFO] 
[INFO] --- maven-javadoc-plugin:2.9.1:jar (attach-javadocs) @ yoctodb-parent ---
[INFO] Skipping javadoc generation
[INFO] 
[INFO] --- maven-gpg-plugin:1.5:sign (sign-artifacts) @ yoctodb-parent ---
[INFO] 
[INFO] --- maven-install-plugin:2.4:install (default-install) @ yoctodb-parent ---
[INFO] Installing /home/srafi/after-cam-ready/compare_/compile_repair_output/work/d7948639797c/pom.xml to /home/srafi/.m2/repository/com/yandex/yoctodb/yoctodb-parent/0.1-SNAPSHOT/yoctodb-parent-0.1-SNAPSHOT.pom
[INFO] 
[INFO] ------------------< com.yandex.yoctodb:yoctodb-core >-------------------
[INFO] Building YoctoDB core 0.1-SNAPSHOT                                 [2/2]
[INFO] --------------------------------[ jar ]---------------------------------
[INFO] Downloading from central: https://repo.maven.apache.org/maven2/org/jetbrains/annotations-java5/15.0/annotations-java5-15.0.pom
[INFO] Downloaded from central: https://repo.maven.apache.org/maven2/org/jetbrains/annotations-java5/15.0/annotations-java5-15.0.pom (5.5 kB at 27 kB/s)
[INFO] Downloading from central: https://repo.maven.apache.org/maven2/org/jetbrains/annotations-java5/15.0/annotations-java5-15.0.jar
[INFO] Downloaded from central: https://repo.maven.apache.org/maven2/org/jetbrains/annotations-java5/15.0/annotations-java5-15.0.jar (19 kB at 582 kB/s)
[INFO] 
[INFO] --- maven-clean-plugin:2.5:clean (default-clean) @ yoctodb-core ---
[INFO] 
[INFO] --- maven-resources-plugin:2.6:resources (default-resources) @ yoctodb-core ---
[INFO] Using 'UTF-8' encoding to copy filtered resources.
[INFO] skip non existing resourceDirectory /home/srafi/after-cam-ready/compare_/compile_repair_output/work/d7948639797c/core/src/main/resources
[INFO] 
[INFO] --- maven-compiler-plugin:2.5.1:compile (default-compile) @ yoctodb-core ---
[INFO] Compiling 127 source files to /home/srafi/after-cam-ready/compare_/compile_repair_output/work/d7948639797c/core/target/classes
[WARNING] /home/srafi/after-cam-ready/compare_/compile_repair_output/work/d7948639797c/core/src/main/java/com/yandex/yoctodb/v1/immutable/V1Database.java:[72,18] [deprecation] getDocument(int) in DocumentProvider has been deprecated
[WARNING] /home/srafi/after-cam-ready/compare_/compile_repair_output/work/d7948639797c/core/src/main/java/com/yandex/yoctodb/v1/immutable/V1Database.java:[73,61] [deprecation] PAYLOAD in DocumentBuilder has been deprecated
[WARNING] /home/srafi/after-cam-ready/compare_/compile_repair_output/work/d7948639797c/core/src/main/java/com/yandex/yoctodb/v1/immutable/V1Database.java:[77,70] [deprecation] PAYLOAD in DocumentBuilder has been deprecated
[WARNING] /home/srafi/after-cam-ready/compare_/compile_repair_output/work/d7948639797c/core/src/main/java/com/yandex/yoctodb/v1/mutable/V1DocumentBuilder.java:[38,27] [deprecation] withPayload(byte[]) in DocumentBuilder has been deprecated
[WARNING] /home/srafi/after-cam-ready/compare_/compile_repair_output/work/d7948639797c/core/src/main/java/com/yandex/yoctodb/v1/mutable/V1DocumentBuilder.java:[44,16] [deprecation] PAYLOAD in DocumentBuilder has been deprecated
[WARNING] /home/srafi/after-cam-ready/compare_/compile_repair_output/work/d7948639797c/core/src/main/java/com/yandex/yoctodb/v1/mutable/V1DocumentBuilder.java:[61,24] [deprecation] PAYLOAD in DocumentBuilder has been deprecated
[WARNING] /home/srafi/after-cam-ready/compare_/compile_repair_output/work/d7948639797c/core/src/main/java/com/yandex/yoctodb/v1/mutable/V1DocumentBuilder.java:[62,73] [deprecation] PAYLOAD in DocumentBuilder has been deprecated
[WARNING] /home/srafi/after-cam-ready/compare_/compile_repair_output/work/d7948639797c/core/src/main/java/com/yandex/yoctodb/v1/immutable/V1CompositeDatabase.java:[86,18] [deprecation] getDocument(int) in DocumentProvider has been deprecated
[WARNING] /home/srafi/after-cam-ready/compare_/compile_repair_output/work/d7948639797c/core/src/main/java/com/yandex/yoctodb/v1/immutable/V1CompositeDatabase.java:[88,37] [deprecation] getDocument(int) in DocumentProvider has been deprecated
[INFO] 
[INFO] --- maven-resources-plugin:2.6:testResources (default-testResources) @ yoctodb-core ---
[INFO] Using 'UTF-8' encoding to copy filtered resources.
[INFO] skip non existing resourceDirectory /home/srafi/after-cam-ready/compare_/compile_repair_output/work/d7948639797c/core/src/test/resources
[INFO] 
[INFO] --- maven-compiler-plugin:2.5.1:testCompile (default-testCompile) @ yoctodb-core ---
[INFO] Compiling 74 source files to /home/srafi/after-cam-ready/compare_/compile_repair_output/work/d7948639797c/core/target/test-classes
[WARNING] /home/srafi/after-cam-ready/compare_/compile_repair_output/work/d7948639797c/core/src/test/java/com/yandex/yoctodb/StringProcessor.java:[37,39] [deprecation] getDocument(int) in DocumentProvider has been deprecated
[WARNING] /home/srafi/after-cam-ready/compare_/compile_repair_output/work/d7948639797c/core/src/test/java/com/yandex/yoctodb/query/simple/SortingScoredDocumentIteratorTest.java:[44,24] [deprecation] withPayload(byte[]) in DocumentBuilder has been deprecated
[WARNING] /home/srafi/after-cam-ready/compare_/compile_repair_output/work/d7948639797c/core/src/test/java/com/yandex/yoctodb/query/simple/SortingScoredDocumentIteratorTest.java:[51,24] [deprecation] withPayload(byte[]) in DocumentBuilder has been deprecated
[WARNING] /home/srafi/after-cam-ready/compare_/compile_repair_output/work/d7948639797c/core/src/test/java/com/yandex/yoctodb/DeMorganQueryTest.java:[48,16] [deprecation] withPayload(byte[]) in DocumentBuilder has been deprecated
[WARNING] /home/srafi/after-cam-ready/compare_/compile_repair_output/work/d7948639797c/core/src/test/java/com/yandex/yoctodb/query/simple/IdScoredDocumentTest.java:[39,30] [deprecation] getDocument(int) in DocumentProvider has been deprecated
[WARNING] /home/srafi/after-cam-ready/compare_/compile_repair_output/work/d7948639797c/core/src/test/java/com/yandex/yoctodb/v1/mutable/V1DatabaseBuilderTest.java:[40,24] [deprecation] withPayload(byte[]) in DocumentBuilder has been deprecated
[WARNING] /home/srafi/after-cam-ready/compare_/compile_repair_output/work/d7948639797c/core/src/test/java/com/yandex/yoctodb/v1/mutable/V1DatabaseBuilderTest.java:[55,24] [deprecation] withPayload(byte[]) in DocumentBuilder has been deprecated
[WARNING] /home/srafi/after-cam-ready/compare_/compile_repair_output/work/d7948639797c/core/src/test/java/com/yandex/yoctodb/v1/mutable/V1DatabaseBuilderTest.java:[72,24] [deprecation] withPayload(byte[]) in DocumentBuilder has been deprecated
[WARNING] /home/srafi/after-cam-ready/compare_/compile_repair_output/work/d7948639797c/core/src/test/java/com/yandex/yoctodb/v1/mutable/V1DatabaseBuilderTest.java:[87,24] [deprecation] withPayload(byte[]) in DocumentBuilder has been deprecated
[WARNING] /home/srafi/after-cam-ready/compare_/compile_repair_output/work/d7948639797c/core/src/test/java/com/yandex/yoctodb/v1/mutable/V1DatabaseBuilderTest.java:[102,24] [deprecation] withPayload(byte[]) in DocumentBuilder has been deprecated
[WARNING] /home/srafi/after-cam-ready/compare_/compile_repair_output/work/d7948639797c/core/src/test/java/com/yandex/yoctodb/v1/mutable/V1DatabaseBuilderTest.java:[112,24] [deprecation] withPayload(byte[]) in DocumentBuilder has been deprecated
[WARNING] /home/srafi/after-cam-ready/compare_/compile_repair_output/work/d7948639797c/core/src/test/java/com/yandex/yoctodb/v1/mutable/V1DatabaseBuilderTest.java:[140,24] [deprecation] withPayload(byte[]) in DocumentBuilder has been deprecated
[WARNING] /home/srafi/after-cam-ready/compare_/compile_repair_output/work/d7948639797c/core/src/test/java/com/yandex/yoctodb/v1/mutable/V1DatabaseBuilderTest.java:[168,24] [deprecation] withPayload(byte[]) in DocumentBuilder has been deprecated
[WARNING] /home/srafi/after-cam-ready/compare_/compile_repair_output/work/d7948639797c/core/src/test/java/com/yandex/yoctodb/PartialDocumentTest.java:[52,24] [deprecation] withPayload(byte[]) in DocumentBuilder has been deprecated
[WARNING] /home/srafi/after-cam-ready/compare_/compile_repair_output/work/d7948639797c/core/src/test/java/com/yandex/yoctodb/PartialDocumentTest.java:[64,24] [deprecation] withPayload(byte[]) in DocumentBuilder has been deprecated
[WARNING] /home/srafi/after-cam-ready/compare_/compile_repair_output/work/d7948639797c/core/src/test/java/com/yandex/yoctodb/PartialDocumentTest.java:[110,24] [deprecation] withPayload(byte[]) in DocumentBuilder has been deprecated
[WARNING] /home/srafi/after-cam-ready/compare_/compile_repair_output/work/d7948639797c/core/src/test/java/com/yandex/yoctodb/PartialDocumentTest.java:[175,10] [deprecation] getDocument(int) in DocumentProvider has been deprecated
[WARNING] /home/srafi/after-cam-ready/compare_/compile_repair_output/work/d7948639797c/core/src/test/java/com/yandex/yoctodb/PartialDocumentTest.java:[188,24] [deprecation] withPayload(byte[]) in DocumentBuilder has been deprecated
[WARNING] /home/srafi/after-cam-ready/compare_/compile_repair_output/work/d7948639797c/core/src/test/java/com/yandex/yoctodb/PartialDocumentTest.java:[203,26] [deprecation] getDocument(int) in DocumentProvider has been deprecated
[WARNING] /home/srafi/after-cam-ready/compare_/compile_repair_output/work/d7948639797c/core/src/test/java/com/yandex/yoctodb/PartialDocumentTest.java:[222,24] [deprecation] withPayload(byte[]) in DocumentBuilder has been deprecated
[WARNING] /home/srafi/after-cam-ready/compare_/compile_repair_output/work/d7948639797c/core/src/test/java/com/yandex/yoctodb/GettingStartedTest.java:[53,24] [deprecation] withPayload(byte[]) in DocumentBuilder has been deprecated
[WARNING] /home/srafi/after-cam-ready/compare_/compile_repair_output/work/d7948639797c/core/src/test/java/com/yandex/yoctodb/GettingStartedTest.java:[60,24] [deprecation] withPayload(byte[]) in DocumentBuilder has been deprecated
[WARNING] /home/srafi/after-cam-ready/compare_/compile_repair_output/work/d7948639797c/core/src/test/java/com/yandex/yoctodb/CompositeMmapDatabaseTest.java:[75,28] [deprecation] withPayload(byte[]) in DocumentBuilder has been deprecated
[WARNING] /home/srafi/after-cam-ready/compare_/compile_repair_output/work/d7948639797c/core/src/test/java/com/yandex/yoctodb/CompositeMmapDatabaseTest.java:[98,28] [deprecation] withPayload(byte[]) in DocumentBuilder has been deprecated
[WARNING] /home/srafi/after-cam-ready/compare_/compile_repair_output/work/d7948639797c/core/src/test/java/com/yandex/yoctodb/v1/mutable/V1DocumentBuilderTest.java:[40,39] [deprecation] PAYLOAD in DocumentBuilder has been deprecated
[WARNING] /home/srafi/after-cam-ready/compare_/compile_repair_output/work/d7948639797c/core/src/test/java/com/yandex/yoctodb/CompositeFileDatabaseTest.java:[87,28] [deprecation] withPayload(byte[]) in DocumentBuilder has been deprecated
[WARNING] /home/srafi/after-cam-ready/compare_/compile_repair_output/work/d7948639797c/core/src/test/java/com/yandex/yoctodb/CompositeFileDatabaseTest.java:[115,28] [deprecation] withPayload(byte[]) in DocumentBuilder has been deprecated
[WARNING] /home/srafi/after-cam-ready/compare_/compile_repair_output/work/d7948639797c/core/src/test/java/com/yandex/yoctodb/CompositeFileDatabaseTest.java:[171,22] [deprecation] getDocument(int) in DocumentProvider has been deprecated
[WARNING] /home/srafi/after-cam-ready/compare_/compile_repair_output/work/d7948639797c/core/src/test/java/com/yandex/yoctodb/CompositeFileDatabaseTest.java:[176,22] [deprecation] getDocument(int) in DocumentProvider has been deprecated
[WARNING] /home/srafi/after-cam-ready/compare_/compile_repair_output/work/d7948639797c/core/src/test/java/com/yandex/yoctodb/SimpleDatabaseTest.java:[98,24] [deprecation] withPayload(byte[]) in DocumentBuilder has been deprecated
[WARNING] /home/srafi/after-cam-ready/compare_/compile_repair_output/work/d7948639797c/core/src/test/java/com/yandex/yoctodb/SimpleDatabaseTest.java:[108,24] [deprecation] withPayload(byte[]) in DocumentBuilder has been deprecated
[WARNING] /home/srafi/after-cam-ready/compare_/compile_repair_output/work/d7948639797c/core/src/test/java/com/yandex/yoctodb/SimpleDatabaseTest.java:[140,24] [deprecation] withPayload(byte[]) in DocumentBuilder has been deprecated
[WARNING] /home/srafi/after-cam-ready/compare_/compile_repair_output/work/d7948639797c/core/src/test/java/com/yandex/yoctodb/SimpleDatabaseTest.java:[150,24] [deprecation] withPayload(byte[]) in DocumentBuilder has been deprecated
[WARNING] /home/srafi/after-cam-ready/compare_/compile_repair_output/work/d7948639797c/core/src/test/java/com/yandex/yoctodb/SimpleDatabaseTest.java:[198,24] [deprecation] withPayload(byte[]) in DocumentBuilder has been deprecated
[WARNING] /home/srafi/after-cam-ready/compare_/compile_repair_output/work/d7948639797c/core/src/test/java/com/yandex/yoctodb/SimpleDatabaseTest.java:[208,24] [deprecation] withPayload(byte[]) in DocumentBuilder has been deprecated
[WARNING] /home/srafi/after-cam-ready/compare_/compile_repair_output/work/d7948639797c/core/src/test/java/com/yandex/yoctodb/SimpleDatabaseTest.java:[272,24] [deprecation] withPayload(byte[]) in DocumentBuilder has been deprecated
[WARNING] /home/srafi/after-cam-ready/compare_/compile_repair_output/work/d7948639797c/core/src/test/java/com/yandex/yoctodb/SimpleDatabaseTest.java:[282,24] [deprecation] withPayload(byte[]) in DocumentBuilder has been deprecated
[WARNING] /home/srafi/after-cam-ready/compare_/compile_repair_output/work/d7948639797c/core/src/test/java/com/yandex/yoctodb/SimpleDatabaseTest.java:[346,28] [deprecation] withPayload(byte[]) in DocumentBuilder has been deprecated
[WARNING] /home/srafi/after-cam-ready/compare_/compile_repair_output/work/d7948639797c/core/src/test/java/com/yandex/yoctodb/SimpleDatabaseTest.java:[411,28] [deprecation] withPayload(byte[]) in DocumentBuilder has been deprecated
[WARNING] /home/srafi/after-cam-ready/compare_/compile_repair_output/work/d7948639797c/core/src/test/java/com/yandex/yoctodb/SimpleDatabaseTest.java:[439,28] [deprecation] withPayload(byte[]) in DocumentBuilder has been deprecated
[WARNING] /home/srafi/after-cam-ready/compare_/compile_repair_output/work/d7948639797c/core/src/test/java/com/yandex/yoctodb/SimpleDatabaseTest.java:[499,24] [deprecation] withPayload(byte[]) in DocumentBuilder has been deprecated
[WARNING] /home/srafi/after-cam-ready/compare_/compile_repair_output/work/d7948639797c/core/src/test/java/com/yandex/yoctodb/SimpleDatabaseTest.java:[510,24] [deprecation] withPayload(byte[]) in DocumentBuilder has been deprecated
[WARNING] /home/srafi/after-cam-ready/compare_/compile_repair_output/work/d7948639797c/core/src/test/java/com/yandex/yoctodb/SimpleDatabaseTest.java:[526,56] [deprecation] getDocument(int) in DocumentProvider has been deprecated
[WARNING] /home/srafi/after-cam-ready/compare_/compile_repair_output/work/d7948639797c/core/src/test/java/com/yandex/yoctodb/SimpleDatabaseTest.java:[555,56] [deprecation] getDocument(int) in DocumentProvider has been deprecated
[WARNING] /home/srafi/after-cam-ready/compare_/compile_repair_output/work/d7948639797c/core/src/test/java/com/yandex/yoctodb/SimpleDatabaseTest.java:[570,28] [deprecation] withPayload(byte[]) in DocumentBuilder has been deprecated
[WARNING] /home/srafi/after-cam-ready/compare_/compile_repair_output/work/d7948639797c/core/src/test/java/com/yandex/yoctodb/SimpleDatabaseTest.java:[607,28] [deprecation] withPayload(byte[]) in DocumentBuilder has been deprecated
[WARNING] /home/srafi/after-cam-ready/compare_/compile_repair_output/work/d7948639797c/core/src/test/java/com/yandex/yoctodb/SimpleDatabaseTest.java:[645,28] [deprecation] withPayload(byte[]) in DocumentBuilder has been deprecated
[WARNING] /home/srafi/after-cam-ready/compare_/compile_repair_output/work/d7948639797c/core/src/test/java/com/yandex/yoctodb/SimpleDatabaseTest.java:[692,24] [deprecation] withPayload(byte[]) in DocumentBuilder has been deprecated
[WARNING] /home/srafi/after-cam-ready/compare_/compile_repair_output/work/d7948639797c/core/src/test/java/com/yandex/yoctodb/SimpleDatabaseTest.java:[702,24] [deprecation] withPayload(byte[]) in DocumentBuilder has been deprecated
[WARNING] /home/srafi/after-cam-ready/compare_/compile_repair_output/work/d7948639797c/core/src/test/java/com/yandex/yoctodb/SimpleDatabaseTest.java:[734,24] [deprecation] withPayload(byte[]) in DocumentBuilder has been deprecated
[WARNING] /home/srafi/after-cam-ready/compare_/compile_repair_output/work/d7948639797c/core/src/test/java/com/yandex/yoctodb/SimpleDatabaseTest.java:[744,24] [deprecation] withPayload(byte[]) in DocumentBuilder has been deprecated
[WARNING] /home/srafi/after-cam-ready/compare_/compile_repair_output/work/d7948639797c/core/src/test/java/com/yandex/yoctodb/SimpleDatabaseTest.java:[803,24] [deprecation] withPayload(byte[]) in DocumentBuilder has been deprecated
[WARNING] /home/srafi/after-cam-ready/compare_/compile_repair_output/work/d7948639797c/core/src/test/java/com/yandex/yoctodb/SimpleDatabaseTest.java:[813,24] [deprecation] withPayload(byte[]) in DocumentBuilder has been deprecated
[WARNING] /home/srafi/after-cam-ready/compare_/compile_repair_output/work/d7948639797c/core/src/test/java/com/yandex/yoctodb/SimpleDatabaseTest.java:[841,24] [deprecation] withPayload(byte[]) in DocumentBuilder has been deprecated
[WARNING] /home/srafi/after-cam-ready/compare_/compile_repair_output/work/d7948639797c/core/src/test/java/com/yandex/yoctodb/SimpleDatabaseTest.java:[884,28] [deprecation] withPayload(byte[]) in DocumentBuilder has been deprecated
[WARNING] /home/srafi/after-cam-ready/compare_/compile_repair_output/work/d7948639797c/core/src/test/java/com/yandex/yoctodb/SimpleDatabaseTest.java:[965,28] [deprecation] withPayload(byte[]) in DocumentBuilder has been deprecated
[WARNING] /home/srafi/after-cam-ready/compare_/compile_repair_output/work/d7948639797c/core/src/test/java/com/yandex/yoctodb/FieldValueExtractionTest.java:[63,24] [deprecation] withPayload(byte[]) in DocumentBuilder has been deprecated
[WARNING] /home/srafi/after-cam-ready/compare_/compile_repair_output/work/d7948639797c/core/src/test/java/com/yandex/yoctodb/v1/immutable/V1DatabaseReaderTest.java:[52,24] [deprecation] withPayload(byte[]) in DocumentBuilder has been deprecated
[WARNING] /home/srafi/after-cam-ready/compare_/compile_repair_output/work/d7948639797c/core/src/test/java/com/yandex/yoctodb/v1/immutable/V1DatabaseReaderTest.java:[68,24] [deprecation] withPayload(byte[]) in DocumentBuilder has been deprecated
[INFO] 
[INFO] --- maven-surefire-plugin:3.0.0-M8-SNAPSHOT:test (default-test) @ yoctodb-core ---
[INFO] Downloading from apache.snapshots: https://repository.apache.org/snapshots/org/apache/maven/surefire/maven-surefire-common/3.0.0-M8-SNAPSHOT/maven-metadata.xml
[INFO] Downloading from apache.snapshots: https://repository.apache.org/snapshots/org/apache/maven/surefire/surefire-api/3.0.0-M8-SNAPSHOT/maven-metadata.xml
[INFO] Downloading from apache.snapshots: https://repository.apache.org/snapshots/org/apache/maven/surefire/surefire-logger-api/3.0.0-M8-SNAPSHOT/maven-metadata.xml
[INFO] Downloading from apache.snapshots: https://repository.apache.org/snapshots/org/apache/maven/surefire/surefire-shared-utils/3.0.0-M8-SNAPSHOT/maven-metadata.xml
[INFO] Downloading from apache.snapshots: https://repository.apache.org/snapshots/org/apache/maven/surefire/surefire-extensions-api/3.0.0-M8-SNAPSHOT/maven-metadata.xml
[INFO] Downloading from apache.snapshots: https://repository.apache.org/snapshots/org/apache/maven/surefire/surefire-booter/3.0.0-M8-SNAPSHOT/maven-metadata.xml
[INFO] Downloading from apache.snapshots: https://repository.apache.org/snapshots/org/apache/maven/surefire/surefire-extensions-spi/3.0.0-M8-SNAPSHOT/maven-metadata.xml
[INFO] Tests are skipped.
[INFO] 
[INFO] --- maven-jar-plugin:2.4:jar (default-jar) @ yoctodb-core ---
[INFO] Building jar: /home/srafi/after-cam-ready/compare_/compile_repair_output/work/d7948639797c/core/target/yoctodb-core-0.1-SNAPSHOT.jar
[INFO] 
[INFO] --- maven-source-plugin:2.2.1:jar-no-fork (attach-sources) @ yoctodb-core ---
[INFO] Building jar: /home/srafi/after-cam-ready/compare_/compile_repair_output/work/d7948639797c/core/target/yoctodb-core-0.1-SNAPSHOT-sources.jar
[INFO] 
[INFO] --- maven-javadoc-plugin:2.9.1:jar (attach-javadocs) @ yoctodb-core ---
[INFO] Skipping javadoc generation
[INFO] 
[INFO] --- maven-gpg-plugin:1.5:sign (sign-artifacts) @ yoctodb-core ---
[INFO] 
[INFO] --- maven-install-plugin:2.4:install (default-install) @ yoctodb-core ---
[INFO] Installing /home/srafi/after-cam-ready/compare_/compile_repair_output/work/d7948639797c/core/target/yoctodb-core-0.1-SNAPSHOT.jar to /home/srafi/.m2/repository/com/yandex/yoctodb/yoctodb-core/0.1-SNAPSHOT/yoctodb-core-0.1-SNAPSHOT.jar
[INFO] Installing /home/srafi/after-cam-ready/compare_/compile_repair_output/work/d7948639797c/core/pom.xml to /home/srafi/.m2/repository/com/yandex/yoctodb/yoctodb-core/0.1-SNAPSHOT/yoctodb-core-0.1-SNAPSHOT.pom
[INFO] Installing /home/srafi/after-cam-ready/compare_/compile_repair_output/work/d7948639797c/core/target/yoctodb-core-0.1-SNAPSHOT-sources.jar to /home/srafi/.m2/repository/com/yandex/yoctodb/yoctodb-core/0.1-SNAPSHOT/yoctodb-core-0.1-SNAPSHOT-sources.jar
[INFO] ------------------------------------------------------------------------
[INFO] Reactor Summary for YoctoDB parent 0.1-SNAPSHOT:
[INFO] 
[INFO] YoctoDB parent ..................................... SUCCESS [  0.533 s]
[INFO] YoctoDB core ....................................... SUCCESS [  5.430 s]
[INFO] ------------------------------------------------------------------------
[INFO] BUILD SUCCESS
[INFO] ------------------------------------------------------------------------
[INFO] Total time:  6.026 s
[INFO] Finished at: 2026-08-15T17:26:05-04:00
[INFO] ------------------------------------------------------------------------
