JAVA_HOME=/usr/lib/jvm/java-8-openjdk-amd64
COMMAND=mvn -B clean install -DskipTests -U -pl modules/storage-rocksdb -am -Ddependency-check.skip=true -Dgpg.skip=true -DfailIfNoTests=false -Dskip.installnodenpm=true -Dskip.npm=true -Dskip.yarn=true -Dlicense.skip=true -Dcheckstyle.skip=true -Drat.skip=true -Denforcer.skip=true -Danimal.sniffer.skip=true -Dmaven.javadoc.skip=true -Dfindbugs.skip=true -Dspotbugs.skip=true -Dwarbucks.skip=true -Dmodernizer.skip=true -Dimpsort.skip=true -Dmdep.analyze.skip=true -Dpgpverify.skip=true -Dxml.skip=true -Dcobertura.skip=true

[INFO] Scanning for projects...
Warning: KebabPizza disabling incompatible org.apache.maven.plugins:maven-enforcer-plugin from ignite-bytecode
Warning: KebabPizza disabling incompatible org.apache.rat:apache-rat-plugin from ignite-bytecode
Warning: KebabPizza disabling incompatible org.apache.maven.plugins:maven-enforcer-plugin from ignite-core
Warning: KebabPizza disabling incompatible org.apache.rat:apache-rat-plugin from ignite-core
Warning: KebabPizza disabling incompatible org.apache.maven.plugins:maven-enforcer-plugin from ignite-configuration-api
Warning: KebabPizza disabling incompatible org.apache.rat:apache-rat-plugin from ignite-configuration-api
Warning: KebabPizza disabling incompatible org.apache.maven.plugins:maven-enforcer-plugin from ignite-configuration-annotation-processor
Warning: KebabPizza disabling incompatible org.apache.rat:apache-rat-plugin from ignite-configuration-annotation-processor
Warning: KebabPizza disabling incompatible org.apache.maven.plugins:maven-enforcer-plugin from ignite-api
Warning: KebabPizza disabling incompatible org.apache.rat:apache-rat-plugin from ignite-api
Warning: KebabPizza disabling incompatible org.apache.maven.plugins:maven-enforcer-plugin from ignite-rest-api
Warning: KebabPizza disabling incompatible org.apache.rat:apache-rat-plugin from ignite-rest-api
Warning: KebabPizza disabling incompatible org.apache.maven.plugins:maven-enforcer-plugin from ignite-configuration
Warning: KebabPizza disabling incompatible org.apache.rat:apache-rat-plugin from ignite-configuration
Warning: KebabPizza disabling incompatible org.apache.maven.plugins:maven-enforcer-plugin from ignite-network-api
Warning: KebabPizza disabling incompatible org.apache.rat:apache-rat-plugin from ignite-network-api
Warning: KebabPizza disabling incompatible org.apache.maven.plugins:maven-enforcer-plugin from ignite-network-annotation-processor
Warning: KebabPizza disabling incompatible org.apache.rat:apache-rat-plugin from ignite-network-annotation-processor
Warning: KebabPizza disabling incompatible org.apache.maven.plugins:maven-enforcer-plugin from ignite-raft-client
Warning: KebabPizza disabling incompatible org.apache.rat:apache-rat-plugin from ignite-raft-client
Warning: KebabPizza disabling incompatible org.apache.maven.plugins:maven-enforcer-plugin from ignite-network
Warning: KebabPizza disabling incompatible org.apache.rat:apache-rat-plugin from ignite-network
Warning: KebabPizza disabling incompatible org.apache.maven.plugins:maven-enforcer-plugin from ignite-rocksdb-common
Warning: KebabPizza disabling incompatible org.apache.rat:apache-rat-plugin from ignite-rocksdb-common
Warning: KebabPizza disabling incompatible org.apache.maven.plugins:maven-enforcer-plugin from ignite-extended-api
Warning: KebabPizza disabling incompatible org.apache.rat:apache-rat-plugin from ignite-extended-api
Warning: KebabPizza disabling incompatible org.apache.maven.plugins:maven-enforcer-plugin from ignite-schema
Warning: KebabPizza disabling incompatible org.apache.rat:apache-rat-plugin from ignite-schema
Warning: KebabPizza disabling incompatible org.apache.maven.plugins:maven-enforcer-plugin from ignite-transactions
Warning: KebabPizza disabling incompatible org.apache.rat:apache-rat-plugin from ignite-transactions
Warning: KebabPizza disabling incompatible org.apache.maven.plugins:maven-enforcer-plugin from ignite-storage-api
Warning: KebabPizza disabling incompatible org.apache.rat:apache-rat-plugin from ignite-storage-api
Warning: KebabPizza disabling incompatible org.apache.maven.plugins:maven-enforcer-plugin from ignite-storage-rocksdb
Warning: KebabPizza disabling incompatible org.apache.rat:apache-rat-plugin from ignite-storage-rocksdb
[INFO] ------------------------------------------------------------------------
[INFO] Reactor Build Order:
[INFO] 
[INFO] ignite-bytecode                                                    [jar]
[INFO] ignite-core                                                        [jar]
[INFO] ignite-configuration-api                                           [jar]
[INFO] ignite-configuration-annotation-processor                          [jar]
[INFO] ignite-api                                                         [jar]
[INFO] ignite-rest-api                                                    [jar]
[INFO] ignite-configuration                                               [jar]
[INFO] ignite-network-api                                                 [jar]
[INFO] ignite-network-annotation-processor                                [jar]
[INFO] ignite-raft-client                                                 [jar]
[INFO] ignite-network                                                     [jar]
[INFO] ignite-rocksdb-common                                              [jar]
[INFO] ignite-extended-api                                                [jar]
[INFO] ignite-schema                                                      [jar]
[INFO] ignite-transactions                                                [jar]
[INFO] ignite-storage-api                                                 [jar]
[INFO] ignite-storage-rocksdb                                             [jar]
[INFO] 
[INFO] -----------------< org.apache.ignite:ignite-bytecode >------------------
[INFO] Building ignite-bytecode 3.0.0-SNAPSHOT                           [1/17]
[INFO] --------------------------------[ jar ]---------------------------------
[INFO] Downloading from apache.snapshots: https://repository.apache.org/snapshots/org/apache/maven/plugins/maven-surefire-plugin/3.0.0-M8-SNAPSHOT/maven-metadata.xml
[INFO] Downloading from apache.snapshots: https://repository.apache.org/snapshots/org/apache/maven/surefire/surefire/3.0.0-M8-SNAPSHOT/maven-metadata.xml
[INFO] Downloading from apache.snapshots: https://repository.apache.org/snapshots/org/apache/maven/plugins/maven-failsafe-plugin/3.0.0-M8-SNAPSHOT/maven-metadata.xml
[INFO] 
[INFO] --- maven-clean-plugin:3.1.0:clean (default-clean) @ ignite-bytecode ---
[INFO] 
[INFO] --- flatten-maven-plugin:1.2.2:clean (flatten.clean.before) @ ignite-bytecode ---
[INFO] 
[INFO] --- build-helper-maven-plugin:3.2.0:add-test-source (add-test-source) @ ignite-bytecode ---
[INFO] Test Source directory: /home/srafi/after-cam-ready/compare_/compile_repair_output/work/2b31858cf06c/modules/bytecode/src/integrationTest/java added.
[INFO] 
[INFO] --- build-helper-maven-plugin:3.2.0:add-test-resource (add-test-resource) @ ignite-bytecode ---
[INFO] 
[INFO] --- maven-remote-resources-plugin:1.7.0:process (process-resource-bundles) @ ignite-bytecode ---
[INFO] Preparing remote bundle org.apache:apache-jar-resource-bundle:1.4
[INFO] Copying 3 resources from 1 bundle.
[INFO] 
[INFO] --- maven-resources-plugin:3.2.0:resources (default-resources) @ ignite-bytecode ---
[INFO] Using 'UTF-8' encoding to copy filtered resources.
[INFO] Using 'UTF-8' encoding to copy filtered properties files.
[INFO] skip non existing resourceDirectory /home/srafi/after-cam-ready/compare_/compile_repair_output/work/2b31858cf06c/modules/bytecode/src/main/resources
[INFO] Copying 3 resources
[INFO] 
[INFO] --- flatten-maven-plugin:1.2.2:flatten (flatten) @ ignite-bytecode ---
[INFO] Generating flattened POM of project org.apache.ignite:ignite-bytecode:jar:3.0.0-SNAPSHOT...
[INFO] 
[INFO] --- maven-compiler-plugin:3.8.1:compile (default-compile) @ ignite-bytecode ---
[INFO] Changes detected - recompiling the module!
[INFO] Compiling 68 source files to /home/srafi/after-cam-ready/compare_/compile_repair_output/work/2b31858cf06c/modules/bytecode/target/classes
[INFO] ------------------------------------------------------------------------
[INFO] Reactor Summary for ignite-bytecode 3.0.0-SNAPSHOT:
[INFO] 
[INFO] ignite-bytecode .................................... FAILURE [  1.949 s]
[INFO] ignite-core ........................................ SKIPPED
[INFO] ignite-configuration-api ........................... SKIPPED
[INFO] ignite-configuration-annotation-processor .......... SKIPPED
[INFO] ignite-api ......................................... SKIPPED
[INFO] ignite-rest-api .................................... SKIPPED
[INFO] ignite-configuration ............................... SKIPPED
[INFO] ignite-network-api ................................. SKIPPED
[INFO] ignite-network-annotation-processor ................ SKIPPED
[INFO] ignite-raft-client ................................. SKIPPED
[INFO] ignite-network ..................................... SKIPPED
[INFO] ignite-rocksdb-common .............................. SKIPPED
[INFO] ignite-extended-api ................................ SKIPPED
[INFO] ignite-schema ...................................... SKIPPED
[INFO] ignite-transactions ................................ SKIPPED
[INFO] ignite-storage-api ................................. SKIPPED
[INFO] ignite-storage-rocksdb ............................. SKIPPED
[INFO] ------------------------------------------------------------------------
[INFO] BUILD FAILURE
[INFO] ------------------------------------------------------------------------
[INFO] Total time:  2.673 s
[INFO] Finished at: 2026-08-15T15:18:20-04:00
[INFO] ------------------------------------------------------------------------
[ERROR] Failed to execute goal org.apache.maven.plugins:maven-compiler-plugin:3.8.1:compile (default-compile) on project ignite-bytecode: Fatal error compiling: invalid target release: 11 -> [Help 1]
[ERROR] 
[ERROR] To see the full stack trace of the errors, re-run Maven with the -e switch.
[ERROR] Re-run Maven using the -X switch to enable full debug logging.
[ERROR] 
[ERROR] For more information about the errors and possible solutions, please read the following articles:
[ERROR] [Help 1] http://cwiki.apache.org/confluence/display/MAVEN/MojoExecutionException
