JAVA_HOME=/usr/lib/jvm/java-8-openjdk-amd64
COMMAND=mvn -B clean install -DskipTests -U -pl hippo4j-common -am -Ddependency-check.skip=true -Dgpg.skip=true -DfailIfNoTests=false -Dskip.installnodenpm=true -Dskip.npm=true -Dskip.yarn=true -Dlicense.skip=true -Dcheckstyle.skip=true -Drat.skip=true -Denforcer.skip=true -Danimal.sniffer.skip=true -Dmaven.javadoc.skip=true -Dfindbugs.skip=true -Dspotbugs.skip=true -Dwarbucks.skip=true -Dmodernizer.skip=true -Dimpsort.skip=true -Dmdep.analyze.skip=true -Dpgpverify.skip=true -Dxml.skip=true -Dcobertura.skip=true

[INFO] Scanning for projects...
[WARNING] 
[WARNING] Some problems were encountered while building the effective model for cn.hippo4j:hippo4j-adapter-base:jar:1.5.0-SNAPSHOT
[WARNING] 'build.plugins.plugin.version' for org.apache.maven.plugins:maven-jar-plugin is missing. @ cn.hippo4j:hippo4j-all:${revision}, /home/srafi/after-cam-ready/compare_/compile_repair_output/work/6bd8b371ab67/pom.xml, line 147, column 21
[WARNING] 
[WARNING] Some problems were encountered while building the effective model for cn.hippo4j:hippo4j-adapter-dubbo:jar:1.5.0-SNAPSHOT
[WARNING] 'build.plugins.plugin.version' for org.apache.maven.plugins:maven-jar-plugin is missing. @ cn.hippo4j:hippo4j-all:${revision}, /home/srafi/after-cam-ready/compare_/compile_repair_output/work/6bd8b371ab67/pom.xml, line 147, column 21
[WARNING] 
[WARNING] Some problems were encountered while building the effective model for cn.hippo4j:hippo4j-adapter-dubbox:jar:1.5.0-SNAPSHOT
[WARNING] 'build.plugins.plugin.version' for org.apache.maven.plugins:maven-jar-plugin is missing. @ cn.hippo4j:hippo4j-all:${revision}, /home/srafi/after-cam-ready/compare_/compile_repair_output/work/6bd8b371ab67/pom.xml, line 147, column 21
[WARNING] 
[WARNING] Some problems were encountered while building the effective model for cn.hippo4j:hippo4j-adapter-alibaba-dubbo:jar:1.5.0-SNAPSHOT
[WARNING] 'build.plugins.plugin.version' for org.apache.maven.plugins:maven-jar-plugin is missing. @ cn.hippo4j:hippo4j-all:${revision}, /home/srafi/after-cam-ready/compare_/compile_repair_output/work/6bd8b371ab67/pom.xml, line 147, column 21
[WARNING] 
[WARNING] Some problems were encountered while building the effective model for cn.hippo4j:hippo4j-adapter-rabbitmq:jar:1.5.0-SNAPSHOT
[WARNING] 'build.plugins.plugin.version' for org.apache.maven.plugins:maven-jar-plugin is missing. @ cn.hippo4j:hippo4j-all:${revision}, /home/srafi/after-cam-ready/compare_/compile_repair_output/work/6bd8b371ab67/pom.xml, line 147, column 21
[WARNING] 
[WARNING] Some problems were encountered while building the effective model for cn.hippo4j:hippo4j-adapter-rocketmq:jar:1.5.0-SNAPSHOT
[WARNING] 'build.plugins.plugin.version' for org.apache.maven.plugins:maven-jar-plugin is missing. @ cn.hippo4j:hippo4j-all:${revision}, /home/srafi/after-cam-ready/compare_/compile_repair_output/work/6bd8b371ab67/pom.xml, line 147, column 21
[WARNING] 
[WARNING] Some problems were encountered while building the effective model for cn.hippo4j:hippo4j-adapter-hystrix:jar:1.5.0-SNAPSHOT
[WARNING] 'build.plugins.plugin.version' for org.apache.maven.plugins:maven-jar-plugin is missing. @ cn.hippo4j:hippo4j-all:${revision}, /home/srafi/after-cam-ready/compare_/compile_repair_output/work/6bd8b371ab67/pom.xml, line 147, column 21
[WARNING] 
[WARNING] Some problems were encountered while building the effective model for cn.hippo4j:hippo4j-adapter-spring-cloud-stream-rocketmq:jar:1.5.0-SNAPSHOT
[WARNING] 'build.plugins.plugin.version' for org.apache.maven.plugins:maven-jar-plugin is missing. @ cn.hippo4j:hippo4j-all:${revision}, /home/srafi/after-cam-ready/compare_/compile_repair_output/work/6bd8b371ab67/pom.xml, line 147, column 21
[WARNING] 
[WARNING] Some problems were encountered while building the effective model for cn.hippo4j:hippo4j-adapter-spring-cloud-stream-rabbitmq:jar:1.5.0-SNAPSHOT
[WARNING] 'build.plugins.plugin.version' for org.apache.maven.plugins:maven-jar-plugin is missing. @ cn.hippo4j:hippo4j-all:${revision}, /home/srafi/after-cam-ready/compare_/compile_repair_output/work/6bd8b371ab67/pom.xml, line 147, column 21
[WARNING] 
[WARNING] Some problems were encountered while building the effective model for cn.hippo4j:hippo4j-adapter-web:jar:1.5.0-SNAPSHOT
[WARNING] 'build.plugins.plugin.version' for org.apache.maven.plugins:maven-jar-plugin is missing. @ cn.hippo4j:hippo4j-all:${revision}, /home/srafi/after-cam-ready/compare_/compile_repair_output/work/6bd8b371ab67/pom.xml, line 147, column 21
[WARNING] 
[WARNING] Some problems were encountered while building the effective model for cn.hippo4j:hippo4j-adapter:pom:1.5.0-SNAPSHOT
[WARNING] 'build.plugins.plugin.version' for org.apache.maven.plugins:maven-jar-plugin is missing. @ cn.hippo4j:hippo4j-all:${revision}, /home/srafi/after-cam-ready/compare_/compile_repair_output/work/6bd8b371ab67/pom.xml, line 147, column 21
[WARNING] 
[WARNING] Some problems were encountered while building the effective model for cn.hippo4j:hippo4j-common:jar:1.5.0-SNAPSHOT
[WARNING] 'build.plugins.plugin.version' for org.apache.maven.plugins:maven-jar-plugin is missing. @ cn.hippo4j:hippo4j-all:${revision}, /home/srafi/after-cam-ready/compare_/compile_repair_output/work/6bd8b371ab67/pom.xml, line 147, column 21
[WARNING] 
[WARNING] Some problems were encountered while building the effective model for cn.hippo4j:hippo4j-core:jar:1.5.0-SNAPSHOT
[WARNING] 'build.plugins.plugin.version' for org.apache.maven.plugins:maven-jar-plugin is missing. @ cn.hippo4j:hippo4j-all:${revision}, /home/srafi/after-cam-ready/compare_/compile_repair_output/work/6bd8b371ab67/pom.xml, line 147, column 21
[WARNING] 
[WARNING] Some problems were encountered while building the effective model for cn.hippo4j:hippo4j-example-core:jar:1.5.0-SNAPSHOT
[WARNING] 'build.plugins.plugin.version' for org.apache.maven.plugins:maven-jar-plugin is missing. @ cn.hippo4j:hippo4j-all:${revision}, /home/srafi/after-cam-ready/compare_/compile_repair_output/work/6bd8b371ab67/pom.xml, line 147, column 21
[WARNING] 
[WARNING] Some problems were encountered while building the effective model for cn.hippo4j:hippo4j-spring-boot-starter-example:jar:1.5.0-SNAPSHOT
[WARNING] 'build.plugins.plugin.version' for org.apache.maven.plugins:maven-jar-plugin is missing. @ cn.hippo4j:hippo4j-all:${revision}, /home/srafi/after-cam-ready/compare_/compile_repair_output/work/6bd8b371ab67/pom.xml, line 147, column 21
[WARNING] 
[WARNING] Some problems were encountered while building the effective model for cn.hippo4j:hippo4j-spring-boot-starter-es-monitor-example:jar:1.5.0-SNAPSHOT
[WARNING] 'build.plugins.plugin.version' for org.apache.maven.plugins:maven-jar-plugin is missing. @ cn.hippo4j:hippo4j-all:${revision}, /home/srafi/after-cam-ready/compare_/compile_repair_output/work/6bd8b371ab67/pom.xml, line 147, column 21
[WARNING] 
[WARNING] Some problems were encountered while building the effective model for cn.hippo4j:hippo4j-config-nacos-spring-boot-starter-example:jar:1.5.0-SNAPSHOT
[WARNING] 'build.plugins.plugin.version' for org.apache.maven.plugins:maven-jar-plugin is missing. @ cn.hippo4j:hippo4j-all:${revision}, /home/srafi/after-cam-ready/compare_/compile_repair_output/work/6bd8b371ab67/pom.xml, line 147, column 21
[WARNING] 
[WARNING] Some problems were encountered while building the effective model for cn.hippo4j:hippo4j-config-apollo-spring-boot-starter-example:jar:1.5.0-SNAPSHOT
[WARNING] 'build.plugins.plugin.version' for org.apache.maven.plugins:maven-jar-plugin is missing. @ cn.hippo4j:hippo4j-all:${revision}, /home/srafi/after-cam-ready/compare_/compile_repair_output/work/6bd8b371ab67/pom.xml, line 147, column 21
[WARNING] 
[WARNING] Some problems were encountered while building the effective model for cn.hippo4j:hippo4j-config-zookeeper-spring-boot-starter-example:jar:1.5.0-SNAPSHOT
[WARNING] 'build.plugins.plugin.version' for org.apache.maven.plugins:maven-jar-plugin is missing. @ cn.hippo4j:hippo4j-all:${revision}, /home/srafi/after-cam-ready/compare_/compile_repair_output/work/6bd8b371ab67/pom.xml, line 147, column 21
[WARNING] 
[WARNING] Some problems were encountered while building the effective model for cn.hippo4j:hippo4j-config-consul-spring-boot-starter-example:jar:1.5.0-SNAPSHOT
[WARNING] 'build.plugins.plugin.version' for org.apache.maven.plugins:maven-jar-plugin is missing. @ cn.hippo4j:hippo4j-all:${revision}, /home/srafi/after-cam-ready/compare_/compile_repair_output/work/6bd8b371ab67/pom.xml, line 147, column 21
[WARNING] 
[WARNING] Some problems were encountered while building the effective model for cn.hippo4j:hippo4j-spring-boot-starter-adapter-rabbitmq-example:jar:1.5.0-SNAPSHOT
[WARNING] 'build.plugins.plugin.version' for org.apache.maven.plugins:maven-jar-plugin is missing. @ cn.hippo4j:hippo4j-all:${revision}, /home/srafi/after-cam-ready/compare_/compile_repair_output/work/6bd8b371ab67/pom.xml, line 147, column 21
[WARNING] 
[WARNING] Some problems were encountered while building the effective model for cn.hippo4j:hippo4j-spring-boot-starter-adapter-spring-cloud-stream-rabbitmq-example:jar:1.5.0-SNAPSHOT
[WARNING] 'build.plugins.plugin.version' for org.apache.maven.plugins:maven-jar-plugin is missing. @ cn.hippo4j:hippo4j-all:${revision}, /home/srafi/after-cam-ready/compare_/compile_repair_output/work/6bd8b371ab67/pom.xml, line 147, column 21
[WARNING] 
[WARNING] Some problems were encountered while building the effective model for cn.hippo4j:hippo4j-spring-boot-starter-adapter-spring-cloud-stream-rocketmq-example:jar:1.5.0-SNAPSHOT
[WARNING] 'build.plugins.plugin.version' for org.apache.maven.plugins:maven-jar-plugin is missing. @ cn.hippo4j:hippo4j-all:${revision}, /home/srafi/after-cam-ready/compare_/compile_repair_output/work/6bd8b371ab67/pom.xml, line 147, column 21
[WARNING] 
[WARNING] Some problems were encountered while building the effective model for cn.hippo4j:hippo4j-spring-boot-starter-adapter-rocketmq-example:jar:1.5.0-SNAPSHOT
[WARNING] 'build.plugins.plugin.version' for org.apache.maven.plugins:maven-jar-plugin is missing. @ cn.hippo4j:hippo4j-all:${revision}, /home/srafi/after-cam-ready/compare_/compile_repair_output/work/6bd8b371ab67/pom.xml, line 147, column 21
[WARNING] 
[WARNING] Some problems were encountered while building the effective model for cn.hippo4j:hippo4j-config-etcd-spring-boot-starter-example:jar:1.5.0-SNAPSHOT
[WARNING] 'build.plugins.plugin.version' for org.apache.maven.plugins:maven-jar-plugin is missing. @ cn.hippo4j:hippo4j-all:${revision}, /home/srafi/after-cam-ready/compare_/compile_repair_output/work/6bd8b371ab67/pom.xml, line 147, column 21
[WARNING] 
[WARNING] Some problems were encountered while building the effective model for cn.hippo4j:hippo4j-config-nacos-spring-boot-1x-starter-example:jar:1.5.0-SNAPSHOT
[WARNING] 'build.plugins.plugin.version' for org.apache.maven.plugins:maven-jar-plugin is missing. @ cn.hippo4j:hippo4j-all:${revision}, /home/srafi/after-cam-ready/compare_/compile_repair_output/work/6bd8b371ab67/pom.xml, line 147, column 21
[WARNING] 
[WARNING] Some problems were encountered while building the effective model for cn.hippo4j:hippo4j-config-apollo-spring-boot-1x-starter-example:jar:1.5.0-SNAPSHOT
[WARNING] 'build.plugins.plugin.version' for org.apache.maven.plugins:maven-jar-plugin is missing. @ cn.hippo4j:hippo4j-all:${revision}, /home/srafi/after-cam-ready/compare_/compile_repair_output/work/6bd8b371ab67/pom.xml, line 147, column 21
[WARNING] 
[WARNING] Some problems were encountered while building the effective model for cn.hippo4j:hippo4j-example:pom:1.5.0-SNAPSHOT
[WARNING] 'build.plugins.plugin.version' for org.apache.maven.plugins:maven-jar-plugin is missing. @ cn.hippo4j:hippo4j-all:${revision}, /home/srafi/after-cam-ready/compare_/compile_repair_output/work/6bd8b371ab67/pom.xml, line 147, column 21
[WARNING] 
[WARNING] Some problems were encountered while building the effective model for cn.hippo4j:hippo4j-message:jar:1.5.0-SNAPSHOT
[WARNING] 'build.plugins.plugin.version' for org.apache.maven.plugins:maven-jar-plugin is missing. @ cn.hippo4j:hippo4j-all:${revision}, /home/srafi/after-cam-ready/compare_/compile_repair_output/work/6bd8b371ab67/pom.xml, line 147, column 21
[WARNING] 
[WARNING] Some problems were encountered while building the effective model for cn.hippo4j:hippo4j-monitor-base:jar:1.5.0-SNAPSHOT
[WARNING] 'build.plugins.plugin.version' for org.apache.maven.plugins:maven-jar-plugin is missing. @ cn.hippo4j:hippo4j-all:${revision}, /home/srafi/after-cam-ready/compare_/compile_repair_output/work/6bd8b371ab67/pom.xml, line 147, column 21
[WARNING] 
[WARNING] Some problems were encountered while building the effective model for cn.hippo4j:hippo4j-monitor-elasticsearch:jar:1.5.0-SNAPSHOT
[WARNING] 'build.plugins.plugin.version' for org.apache.maven.plugins:maven-jar-plugin is missing. @ cn.hippo4j:hippo4j-all:${revision}, /home/srafi/after-cam-ready/compare_/compile_repair_output/work/6bd8b371ab67/pom.xml, line 147, column 21
[WARNING] 
[WARNING] Some problems were encountered while building the effective model for cn.hippo4j:hippo4j-monitor-local-log:jar:1.5.0-SNAPSHOT
[WARNING] 'build.plugins.plugin.version' for org.apache.maven.plugins:maven-jar-plugin is missing. @ cn.hippo4j:hippo4j-all:${revision}, /home/srafi/after-cam-ready/compare_/compile_repair_output/work/6bd8b371ab67/pom.xml, line 147, column 21
[WARNING] 
[WARNING] Some problems were encountered while building the effective model for cn.hippo4j:hippo4j-monitor-micrometer:jar:1.5.0-SNAPSHOT
[WARNING] 'build.plugins.plugin.version' for org.apache.maven.plugins:maven-jar-plugin is missing. @ cn.hippo4j:hippo4j-all:${revision}, /home/srafi/after-cam-ready/compare_/compile_repair_output/work/6bd8b371ab67/pom.xml, line 147, column 21
[WARNING] 
[WARNING] Some problems were encountered while building the effective model for cn.hippo4j:hippo4j-monitor:pom:1.5.0-SNAPSHOT
[WARNING] 'build.plugins.plugin.version' for org.apache.maven.plugins:maven-jar-plugin is missing. @ cn.hippo4j:hippo4j-all:${revision}, /home/srafi/after-cam-ready/compare_/compile_repair_output/work/6bd8b371ab67/pom.xml, line 147, column 21
[WARNING] 
[WARNING] Some problems were encountered while building the effective model for cn.hippo4j:hippo4j-rpc:jar:1.5.0-SNAPSHOT
[WARNING] 'build.plugins.plugin.version' for org.apache.maven.plugins:maven-jar-plugin is missing. @ cn.hippo4j:hippo4j-all:${revision}, /home/srafi/after-cam-ready/compare_/compile_repair_output/work/6bd8b371ab67/pom.xml, line 147, column 21
[WARNING] 
[WARNING] Some problems were encountered while building the effective model for cn.hippo4j:hippo4j-auth:jar:1.5.0-SNAPSHOT
[WARNING] 'build.plugins.plugin.version' for org.apache.maven.plugins:maven-jar-plugin is missing. @ cn.hippo4j:hippo4j-all:${revision}, /home/srafi/after-cam-ready/compare_/compile_repair_output/work/6bd8b371ab67/pom.xml, line 147, column 21
[WARNING] 
[WARNING] Some problems were encountered while building the effective model for cn.hippo4j:hippo4j-bootstrap:jar:1.5.0-SNAPSHOT
[WARNING] 'build.plugins.plugin.version' for org.apache.maven.plugins:maven-jar-plugin is missing. @ cn.hippo4j:hippo4j-all:${revision}, /home/srafi/after-cam-ready/compare_/compile_repair_output/work/6bd8b371ab67/pom.xml, line 147, column 21
[WARNING] 
[WARNING] Some problems were encountered while building the effective model for cn.hippo4j:hippo4j-config:jar:1.5.0-SNAPSHOT
[WARNING] 'build.plugins.plugin.version' for org.apache.maven.plugins:maven-jar-plugin is missing. @ cn.hippo4j:hippo4j-all:${revision}, /home/srafi/after-cam-ready/compare_/compile_repair_output/work/6bd8b371ab67/pom.xml, line 147, column 21
[WARNING] The expression ${version} is deprecated. Please use ${project.version} instead. @ cn.hippo4j:hippo4j-config:${revision}, /home/srafi/after-cam-ready/compare_/compile_repair_output/work/6bd8b371ab67/hippo4j-server/hippo4j-config/pom.xml
[WARNING] 
[WARNING] Some problems were encountered while building the effective model for cn.hippo4j:hippo4j-console:jar:1.5.0-SNAPSHOT
[WARNING] 'build.plugins.plugin.version' for org.apache.maven.plugins:maven-jar-plugin is missing. @ cn.hippo4j:hippo4j-all:${revision}, /home/srafi/after-cam-ready/compare_/compile_repair_output/work/6bd8b371ab67/pom.xml, line 147, column 21
[WARNING] 
[WARNING] Some problems were encountered while building the effective model for cn.hippo4j:hippo4j-discovery:jar:1.5.0-SNAPSHOT
[WARNING] 'build.plugins.plugin.version' for org.apache.maven.plugins:maven-jar-plugin is missing. @ cn.hippo4j:hippo4j-all:${revision}, /home/srafi/after-cam-ready/compare_/compile_repair_output/work/6bd8b371ab67/pom.xml, line 147, column 21
[WARNING] 
[WARNING] Some problems were encountered while building the effective model for cn.hippo4j:hippo4j-server:pom:1.5.0-SNAPSHOT
[WARNING] 'build.plugins.plugin.version' for org.apache.maven.plugins:maven-jar-plugin is missing. @ cn.hippo4j:hippo4j-all:${revision}, /home/srafi/after-cam-ready/compare_/compile_repair_output/work/6bd8b371ab67/pom.xml, line 147, column 21
[WARNING] 
[WARNING] Some problems were encountered while building the effective model for cn.hippo4j:hippo4j-config-spring-boot-starter:jar:1.5.0-SNAPSHOT
[WARNING] 'build.plugins.plugin.version' for org.apache.maven.plugins:maven-jar-plugin is missing. @ cn.hippo4j:hippo4j-all:${revision}, /home/srafi/after-cam-ready/compare_/compile_repair_output/work/6bd8b371ab67/pom.xml, line 147, column 21
[WARNING] 
[WARNING] Some problems were encountered while building the effective model for cn.hippo4j:hippo4j-spring-boot-starter:jar:1.5.0-SNAPSHOT
[WARNING] 'build.plugins.plugin.version' for org.apache.maven.plugins:maven-jar-plugin is missing. @ cn.hippo4j:hippo4j-all:${revision}, /home/srafi/after-cam-ready/compare_/compile_repair_output/work/6bd8b371ab67/pom.xml, line 147, column 21
[WARNING] 
[WARNING] Some problems were encountered while building the effective model for cn.hippo4j:hippo4j-spring-boot-starter-adapter-all:jar:1.5.0-SNAPSHOT
[WARNING] 'build.plugins.plugin.version' for org.apache.maven.plugins:maven-jar-plugin is missing. @ cn.hippo4j:hippo4j-all:${revision}, /home/srafi/after-cam-ready/compare_/compile_repair_output/work/6bd8b371ab67/pom.xml, line 147, column 21
[WARNING] 
[WARNING] Some problems were encountered while building the effective model for cn.hippo4j:hippo4j-spring-boot-starter-adapter-dubbo:jar:1.5.0-SNAPSHOT
[WARNING] 'build.plugins.plugin.version' for org.apache.maven.plugins:maven-jar-plugin is missing. @ cn.hippo4j:hippo4j-all:${revision}, /home/srafi/after-cam-ready/compare_/compile_repair_output/work/6bd8b371ab67/pom.xml, line 147, column 21
[WARNING] 
[WARNING] Some problems were encountered while building the effective model for cn.hippo4j:hippo4j-spring-boot-starter-adapter-dubbox:jar:1.5.0-SNAPSHOT
[WARNING] 'build.plugins.plugin.version' for org.apache.maven.plugins:maven-jar-plugin is missing. @ cn.hippo4j:hippo4j-all:${revision}, /home/srafi/after-cam-ready/compare_/compile_repair_output/work/6bd8b371ab67/pom.xml, line 147, column 21
[WARNING] 
[WARNING] Some problems were encountered while building the effective model for cn.hippo4j:hippo4j-spring-boot-starter-adapter-alibaba-dubbo:jar:1.5.0-SNAPSHOT
[WARNING] 'build.plugins.plugin.version' for org.apache.maven.plugins:maven-jar-plugin is missing. @ cn.hippo4j:hippo4j-all:${revision}, /home/srafi/after-cam-ready/compare_/compile_repair_output/work/6bd8b371ab67/pom.xml, line 147, column 21
[WARNING] 
[WARNING] Some problems were encountered while building the effective model for cn.hippo4j:hippo4j-spring-boot-starter-adapter-rabbitmq:jar:1.5.0-SNAPSHOT
[WARNING] 'build.plugins.plugin.version' for org.apache.maven.plugins:maven-jar-plugin is missing. @ cn.hippo4j:hippo4j-all:${revision}, /home/srafi/after-cam-ready/compare_/compile_repair_output/work/6bd8b371ab67/pom.xml, line 147, column 21
[WARNING] 
[WARNING] Some problems were encountered while building the effective model for cn.hippo4j:hippo4j-spring-boot-starter-adapter-rocketmq:jar:1.5.0-SNAPSHOT
[WARNING] 'build.plugins.plugin.version' for org.apache.maven.plugins:maven-jar-plugin is missing. @ cn.hippo4j:hippo4j-all:${revision}, /home/srafi/after-cam-ready/compare_/compile_repair_output/work/6bd8b371ab67/pom.xml, line 147, column 21
[WARNING] 
[WARNING] Some problems were encountered while building the effective model for cn.hippo4j:hippo4j-spring-boot-starter-adapter-hystrix:jar:1.5.0-SNAPSHOT
[WARNING] 'build.plugins.plugin.version' for org.apache.maven.plugins:maven-jar-plugin is missing. @ cn.hippo4j:hippo4j-all:${revision}, /home/srafi/after-cam-ready/compare_/compile_repair_output/work/6bd8b371ab67/pom.xml, line 147, column 21
[WARNING] 
[WARNING] Some problems were encountered while building the effective model for cn.hippo4j:hippo4j-spring-boot-starter-adapter-spring-cloud-stream-rocketmq:jar:1.5.0-SNAPSHOT
[WARNING] 'build.plugins.plugin.version' for org.apache.maven.plugins:maven-jar-plugin is missing. @ cn.hippo4j:hippo4j-all:${revision}, /home/srafi/after-cam-ready/compare_/compile_repair_output/work/6bd8b371ab67/pom.xml, line 147, column 21
[WARNING] 
[WARNING] Some problems were encountered while building the effective model for cn.hippo4j:hippo4j-spring-boot-starter-adapter-spring-cloud-stream-rabbitmq:jar:1.5.0-SNAPSHOT
[WARNING] 'build.plugins.plugin.version' for org.apache.maven.plugins:maven-jar-plugin is missing. @ cn.hippo4j:hippo4j-all:${revision}, /home/srafi/after-cam-ready/compare_/compile_repair_output/work/6bd8b371ab67/pom.xml, line 147, column 21
[WARNING] 
[WARNING] Some problems were encountered while building the effective model for cn.hippo4j:hippo4j-spring-boot-starter-adapter-web:jar:1.5.0-SNAPSHOT
[WARNING] 'build.plugins.plugin.version' for org.apache.maven.plugins:maven-jar-plugin is missing. @ cn.hippo4j:hippo4j-all:${revision}, /home/srafi/after-cam-ready/compare_/compile_repair_output/work/6bd8b371ab67/pom.xml, line 147, column 21
[WARNING] 
[WARNING] Some problems were encountered while building the effective model for cn.hippo4j:hippo4j-spring-boot-starter-adapter:pom:1.5.0-SNAPSHOT
[WARNING] 'build.plugins.plugin.version' for org.apache.maven.plugins:maven-jar-plugin is missing. @ cn.hippo4j:hippo4j-all:${revision}, /home/srafi/after-cam-ready/compare_/compile_repair_output/work/6bd8b371ab67/pom.xml, line 147, column 21
[WARNING] 
[WARNING] Some problems were encountered while building the effective model for cn.hippo4j:hippo4j-spring-boot-starter-monitor-elasticsearch:jar:1.5.0-SNAPSHOT
[WARNING] 'build.plugins.plugin.version' for org.apache.maven.plugins:maven-jar-plugin is missing. @ cn.hippo4j:hippo4j-all:${revision}, /home/srafi/after-cam-ready/compare_/compile_repair_output/work/6bd8b371ab67/pom.xml, line 147, column 21
[WARNING] 
[WARNING] Some problems were encountered while building the effective model for cn.hippo4j:hippo4j-spring-boot-starter-monitor-local-log:jar:1.5.0-SNAPSHOT
[WARNING] 'build.plugins.plugin.version' for org.apache.maven.plugins:maven-jar-plugin is missing. @ cn.hippo4j:hippo4j-all:${revision}, /home/srafi/after-cam-ready/compare_/compile_repair_output/work/6bd8b371ab67/pom.xml, line 147, column 21
[WARNING] 
[WARNING] Some problems were encountered while building the effective model for cn.hippo4j:hippo4j-spring-boot-starter-monitor-micrometer:jar:1.5.0-SNAPSHOT
[WARNING] 'build.plugins.plugin.version' for org.apache.maven.plugins:maven-jar-plugin is missing. @ cn.hippo4j:hippo4j-all:${revision}, /home/srafi/after-cam-ready/compare_/compile_repair_output/work/6bd8b371ab67/pom.xml, line 147, column 21
[WARNING] 
[WARNING] Some problems were encountered while building the effective model for cn.hippo4j:hippo4j-spring-boot-starter-monitor:pom:1.5.0-SNAPSHOT
[WARNING] 'build.plugins.plugin.version' for org.apache.maven.plugins:maven-jar-plugin is missing. @ cn.hippo4j:hippo4j-all:${revision}, /home/srafi/after-cam-ready/compare_/compile_repair_output/work/6bd8b371ab67/pom.xml, line 147, column 21
[WARNING] 
[WARNING] Some problems were encountered while building the effective model for cn.hippo4j:hippo4j-config-spring-boot-1x-starter:jar:1.5.0-SNAPSHOT
[WARNING] 'build.plugins.plugin.version' for org.apache.maven.plugins:maven-jar-plugin is missing. @ cn.hippo4j:hippo4j-all:${revision}, /home/srafi/after-cam-ready/compare_/compile_repair_output/work/6bd8b371ab67/pom.xml, line 147, column 21
[WARNING] 
[WARNING] Some problems were encountered while building the effective model for cn.hippo4j:hippo4j-spring-boot:pom:1.5.0-SNAPSHOT
[WARNING] 'build.plugins.plugin.version' for org.apache.maven.plugins:maven-jar-plugin is missing. @ cn.hippo4j:hippo4j-all:${revision}, /home/srafi/after-cam-ready/compare_/compile_repair_output/work/6bd8b371ab67/pom.xml, line 147, column 21
[WARNING] 
[WARNING] Some problems were encountered while building the effective model for cn.hippo4j:hippo4j-all:pom:1.5.0-SNAPSHOT
[WARNING] 'build.plugins.plugin.version' for org.apache.maven.plugins:maven-jar-plugin is missing. @ cn.hippo4j:hippo4j-all:${revision}, /home/srafi/after-cam-ready/compare_/compile_repair_output/work/6bd8b371ab67/pom.xml, line 147, column 21
[WARNING] 
[WARNING] It is highly recommended to fix these problems because they threaten the stability of your build.
[WARNING] 
[WARNING] For this reason, future Maven versions might no longer support building such malformed projects.
[WARNING] 
Warning: KebabPizza disabling incompatible org.jacoco:jacoco-maven-plugin from hippo4j-all
Warning: KebabPizza disabling incompatible org.jacoco:jacoco-maven-plugin from hippo4j-common
[INFO] ------------------------------------------------------------------------
[INFO] Reactor Build Order:
[INFO] 
[INFO] hippo4j-all                                                        [pom]
[INFO] hippo4j-common                                                     [jar]
[INFO] 
[INFO] -----------------------< cn.hippo4j:hippo4j-all >-----------------------
[INFO] Building hippo4j-all 1.5.0-SNAPSHOT                                [1/2]
[INFO] --------------------------------[ pom ]---------------------------------
[INFO] Downloading from central: https://repo.maven.apache.org/maven2/org/apache/maven/plugins/maven-jar-plugin/maven-metadata.xml
[INFO] Downloaded from central: https://repo.maven.apache.org/maven2/org/apache/maven/plugins/maven-jar-plugin/maven-metadata.xml (1.2 kB at 4.7 kB/s)
[INFO] Downloading from central: https://repo.maven.apache.org/maven2/org/apache/maven/plugins/maven-jar-plugin/4.0.0-beta-1/maven-jar-plugin-4.0.0-beta-1.pom
[INFO] Downloaded from central: https://repo.maven.apache.org/maven2/org/apache/maven/plugins/maven-jar-plugin/4.0.0-beta-1/maven-jar-plugin-4.0.0-beta-1.pom (33 kB at 926 kB/s)
[INFO] Downloading from central: https://repo.maven.apache.org/maven2/org/apache/maven/plugins/maven-jar-plugin/4.0.0-beta-1/maven-jar-plugin-4.0.0-beta-1.jar
[INFO] Downloaded from central: https://repo.maven.apache.org/maven2/org/apache/maven/plugins/maven-jar-plugin/4.0.0-beta-1/maven-jar-plugin-4.0.0-beta-1.jar (30 kB at 940 kB/s)
[INFO] Downloading from central: https://repo.maven.apache.org/maven2/org/apache/maven/plugins/maven-jar-plugin/3.5.1/maven-jar-plugin-3.5.1.pom
[INFO] Downloaded from central: https://repo.maven.apache.org/maven2/org/apache/maven/plugins/maven-jar-plugin/3.5.1/maven-jar-plugin-3.5.1.pom (7.6 kB at 273 kB/s)
[INFO] Downloading from central: https://repo.maven.apache.org/maven2/org/apache/maven/plugins/maven-plugins/49/maven-plugins-49.pom
[INFO] Downloaded from central: https://repo.maven.apache.org/maven2/org/apache/maven/plugins/maven-plugins/49/maven-plugins-49.pom (7.2 kB at 257 kB/s)
[INFO] Downloading from central: https://repo.maven.apache.org/maven2/org/apache/maven/plugins/maven-jar-plugin/3.5.1/maven-jar-plugin-3.5.1.jar
[INFO] Downloaded from central: https://repo.maven.apache.org/maven2/org/apache/maven/plugins/maven-jar-plugin/3.5.1/maven-jar-plugin-3.5.1.jar (35 kB at 1.2 MB/s)
[INFO] Downloading from central: https://repo.maven.apache.org/maven2/org/springframework/boot/spring-boot-maven-plugin/2.3.2.RELEASE/spring-boot-maven-plugin-2.3.2.RELEASE.pom
[INFO] Downloaded from central: https://repo.maven.apache.org/maven2/org/springframework/boot/spring-boot-maven-plugin/2.3.2.RELEASE/spring-boot-maven-plugin-2.3.2.RELEASE.pom (2.9 kB at 92 kB/s)
[INFO] Downloading from central: https://repo.maven.apache.org/maven2/org/springframework/boot/spring-boot-maven-plugin/2.3.2.RELEASE/spring-boot-maven-plugin-2.3.2.RELEASE.jar
[INFO] Downloaded from central: https://repo.maven.apache.org/maven2/org/springframework/boot/spring-boot-maven-plugin/2.3.2.RELEASE/spring-boot-maven-plugin-2.3.2.RELEASE.jar (93 kB at 2.5 MB/s)
[INFO] Downloading from central: https://repo.maven.apache.org/maven2/org/apache/maven/plugins/maven-javadoc-plugin/3.0.0-M1/maven-javadoc-plugin-3.0.0-M1.pom
[INFO] Downloaded from central: https://repo.maven.apache.org/maven2/org/apache/maven/plugins/maven-javadoc-plugin/3.0.0-M1/maven-javadoc-plugin-3.0.0-M1.pom (16 kB at 446 kB/s)
[INFO] Downloading from central: https://repo.maven.apache.org/maven2/org/apache/maven/plugins/maven-javadoc-plugin/3.0.0-M1/maven-javadoc-plugin-3.0.0-M1.jar
[INFO] Downloaded from central: https://repo.maven.apache.org/maven2/org/apache/maven/plugins/maven-javadoc-plugin/3.0.0-M1/maven-javadoc-plugin-3.0.0-M1.jar (408 kB at 6.7 MB/s)
[INFO] 
[INFO] --- maven-clean-plugin:2.5:clean (default-clean) @ hippo4j-all ---
[INFO] 
[INFO] --- flatten-maven-plugin:1.1.0:clean (flatten.clean) @ hippo4j-all ---
[INFO] 
[INFO] --- maven-checkstyle-plugin:3.1.0:checkstyle (validate) @ hippo4j-all ---
[INFO] 
[INFO] --- spring-boot-maven-plugin:2.3.2.RELEASE:build-info (default) @ hippo4j-all ---
[INFO] Downloading from central: https://repo.maven.apache.org/maven2/org/springframework/boot/spring-boot-buildpack-platform/2.3.2.RELEASE/spring-boot-buildpack-platform-2.3.2.RELEASE.pom
[INFO] Downloaded from central: https://repo.maven.apache.org/maven2/org/springframework/boot/spring-boot-buildpack-platform/2.3.2.RELEASE/spring-boot-buildpack-platform-2.3.2.RELEASE.pom (3.1 kB at 99 kB/s)
[INFO] Downloading from central: https://repo.maven.apache.org/maven2/com/fasterxml/jackson/module/jackson-module-parameter-names/2.11.1/jackson-module-parameter-names-2.11.1.pom
[INFO] Downloaded from central: https://repo.maven.apache.org/maven2/com/fasterxml/jackson/module/jackson-module-parameter-names/2.11.1/jackson-module-parameter-names-2.11.1.pom (4.0 kB at 118 kB/s)
[INFO] Downloading from central: https://repo.maven.apache.org/maven2/org/springframework/boot/spring-boot-loader-tools/2.3.2.RELEASE/spring-boot-loader-tools-2.3.2.RELEASE.pom
[INFO] Downloaded from central: https://repo.maven.apache.org/maven2/org/springframework/boot/spring-boot-loader-tools/2.3.2.RELEASE/spring-boot-loader-tools-2.3.2.RELEASE.pom (2.3 kB at 76 kB/s)
[INFO] Downloading from central: https://repo.maven.apache.org/maven2/org/springframework/boot/spring-boot-buildpack-platform/2.3.2.RELEASE/spring-boot-buildpack-platform-2.3.2.RELEASE.jar
[INFO] Downloading from central: https://repo.maven.apache.org/maven2/com/fasterxml/jackson/module/jackson-module-parameter-names/2.11.1/jackson-module-parameter-names-2.11.1.jar
[INFO] Downloading from central: https://repo.maven.apache.org/maven2/org/springframework/boot/spring-boot-loader-tools/2.3.2.RELEASE/spring-boot-loader-tools-2.3.2.RELEASE.jar
[INFO] Downloaded from central: https://repo.maven.apache.org/maven2/org/springframework/boot/spring-boot-buildpack-platform/2.3.2.RELEASE/spring-boot-buildpack-platform-2.3.2.RELEASE.jar (182 kB at 5.3 MB/s)
[INFO] Downloaded from central: https://repo.maven.apache.org/maven2/org/springframework/boot/spring-boot-loader-tools/2.3.2.RELEASE/spring-boot-loader-tools-2.3.2.RELEASE.jar (240 kB at 4.5 MB/s)
[INFO] Downloaded from central: https://repo.maven.apache.org/maven2/com/fasterxml/jackson/module/jackson-module-parameter-names/2.11.1/jackson-module-parameter-names-2.11.1.jar (9.3 kB at 146 kB/s)
[INFO] 
[INFO] --- flatten-maven-plugin:1.1.0:flatten (flatten) @ hippo4j-all ---
[INFO] Generating flattened POM of project cn.hippo4j:hippo4j-all:pom:1.5.0-SNAPSHOT...
[INFO] 
[INFO] --- spotless-maven-plugin:2.22.1:apply (default) @ hippo4j-all ---
[INFO] 
[INFO] --- maven-javadoc-plugin:3.0.0-M1:jar (default) @ hippo4j-all ---
[INFO] Skipping javadoc generation
[INFO] 
[INFO] --- maven-source-plugin:2.4:jar-no-fork (default) @ hippo4j-all ---
[INFO] 
[INFO] --- maven-gpg-plugin:1.6:sign (default) @ hippo4j-all ---
[INFO] 
[INFO] --- maven-install-plugin:2.4:install (default-install) @ hippo4j-all ---
[INFO] Installing /home/srafi/after-cam-ready/compare_/compile_repair_output/work/6bd8b371ab67/.flattened-pom.xml to /home/srafi/.m2/repository/cn/hippo4j/hippo4j-all/1.5.0-SNAPSHOT/hippo4j-all-1.5.0-SNAPSHOT.pom
[INFO] 
[INFO] ---------------------< cn.hippo4j:hippo4j-common >----------------------
[INFO] Building hippo4j-common 1.5.0-SNAPSHOT                             [2/2]
[INFO] --------------------------------[ jar ]---------------------------------
[INFO] Downloading from central: https://repo.maven.apache.org/maven2/org/springframework/spring-context/5.2.21.RELEASE/spring-context-5.2.21.RELEASE.pom
[INFO] Downloaded from central: https://repo.maven.apache.org/maven2/org/springframework/spring-context/5.2.21.RELEASE/spring-context-5.2.21.RELEASE.pom (2.3 kB at 76 kB/s)
[INFO] Downloading from central: https://repo.maven.apache.org/maven2/org/springframework/spring-beans/5.2.21.RELEASE/spring-beans-5.2.21.RELEASE.pom
[INFO] Downloaded from central: https://repo.maven.apache.org/maven2/org/springframework/spring-beans/5.2.21.RELEASE/spring-beans-5.2.21.RELEASE.pom (1.7 kB at 56 kB/s)
[INFO] Downloading from central: https://repo.maven.apache.org/maven2/org/springframework/spring-core/5.2.22.RELEASE/spring-core-5.2.22.RELEASE.pom
[INFO] Downloaded from central: https://repo.maven.apache.org/maven2/org/springframework/spring-core/5.2.22.RELEASE/spring-core-5.2.22.RELEASE.pom (1.7 kB at 56 kB/s)
[INFO] Downloading from central: https://repo.maven.apache.org/maven2/org/springframework/boot/spring-boot-starter/2.3.2.RELEASE/spring-boot-starter-2.3.2.RELEASE.pom
[INFO] Downloaded from central: https://repo.maven.apache.org/maven2/org/springframework/boot/spring-boot-starter/2.3.2.RELEASE/spring-boot-starter-2.3.2.RELEASE.pom (3.1 kB at 103 kB/s)
[INFO] Downloading from central: https://repo.maven.apache.org/maven2/org/springframework/boot/spring-boot/2.3.2.RELEASE/spring-boot-2.3.2.RELEASE.pom
[INFO] Downloaded from central: https://repo.maven.apache.org/maven2/org/springframework/boot/spring-boot/2.3.2.RELEASE/spring-boot-2.3.2.RELEASE.pom (2.2 kB at 77 kB/s)
[INFO] Downloading from central: https://repo.maven.apache.org/maven2/org/springframework/boot/spring-boot-autoconfigure/2.3.2.RELEASE/spring-boot-autoconfigure-2.3.2.RELEASE.pom
[INFO] Downloaded from central: https://repo.maven.apache.org/maven2/org/springframework/boot/spring-boot-autoconfigure/2.3.2.RELEASE/spring-boot-autoconfigure-2.3.2.RELEASE.pom (2.1 kB at 72 kB/s)
[INFO] Downloading from central: https://repo.maven.apache.org/maven2/org/springframework/boot/spring-boot-starter-logging/2.3.2.RELEASE/spring-boot-starter-logging-2.3.2.RELEASE.pom
[INFO] Downloaded from central: https://repo.maven.apache.org/maven2/org/springframework/boot/spring-boot-starter-logging/2.3.2.RELEASE/spring-boot-starter-logging-2.3.2.RELEASE.pom (2.5 kB at 75 kB/s)
[INFO] Downloading from central: https://repo.maven.apache.org/maven2/org/projectlombok/lombok/1.18.12/lombok-1.18.12.pom
[INFO] Downloaded from central: https://repo.maven.apache.org/maven2/org/projectlombok/lombok/1.18.12/lombok-1.18.12.pom (1.5 kB at 49 kB/s)
[INFO] Downloading from central: https://repo.maven.apache.org/maven2/org/springframework/boot/spring-boot-starter-test/2.3.2.RELEASE/spring-boot-starter-test-2.3.2.RELEASE.pom
[INFO] Downloaded from central: https://repo.maven.apache.org/maven2/org/springframework/boot/spring-boot-starter-test/2.3.2.RELEASE/spring-boot-starter-test-2.3.2.RELEASE.pom (5.1 kB at 183 kB/s)
[INFO] Downloading from central: https://repo.maven.apache.org/maven2/org/springframework/boot/spring-boot-test/2.3.2.RELEASE/spring-boot-test-2.3.2.RELEASE.pom
[INFO] Downloaded from central: https://repo.maven.apache.org/maven2/org/springframework/boot/spring-boot-test/2.3.2.RELEASE/spring-boot-test-2.3.2.RELEASE.pom (2.1 kB at 71 kB/s)
[INFO] Downloading from central: https://repo.maven.apache.org/maven2/org/springframework/boot/spring-boot-test-autoconfigure/2.3.2.RELEASE/spring-boot-test-autoconfigure-2.3.2.RELEASE.pom
[INFO] Downloaded from central: https://repo.maven.apache.org/maven2/org/springframework/boot/spring-boot-test-autoconfigure/2.3.2.RELEASE/spring-boot-test-autoconfigure-2.3.2.RELEASE.pom (2.5 kB at 76 kB/s)
[INFO] Downloading from central: https://repo.maven.apache.org/maven2/org/junit/jupiter/junit-jupiter/5.6.2/junit-jupiter-5.6.2.pom
[INFO] Downloaded from central: https://repo.maven.apache.org/maven2/org/junit/jupiter/junit-jupiter/5.6.2/junit-jupiter-5.6.2.pom (3.2 kB at 87 kB/s)
[INFO] Downloading from central: https://repo.maven.apache.org/maven2/com/github/dozermapper/dozer-core/6.5.0/dozer-core-6.5.0.pom
[INFO] Downloaded from central: https://repo.maven.apache.org/maven2/com/github/dozermapper/dozer-core/6.5.0/dozer-core-6.5.0.pom (16 kB at 432 kB/s)
[INFO] Downloading from central: https://repo.maven.apache.org/maven2/com/github/dozermapper/dozer-plugins-parent/6.5.0/dozer-plugins-parent-6.5.0.pom
[INFO] Downloaded from central: https://repo.maven.apache.org/maven2/com/github/dozermapper/dozer-plugins-parent/6.5.0/dozer-plugins-parent-6.5.0.pom (24 kB at 641 kB/s)
[INFO] Downloading from central: https://repo.maven.apache.org/maven2/com/github/dozermapper/dozer-parent/6.5.0/dozer-parent-6.5.0.pom
[INFO] Downloaded from central: https://repo.maven.apache.org/maven2/com/github/dozermapper/dozer-parent/6.5.0/dozer-parent-6.5.0.pom (18 kB at 566 kB/s)
[INFO] Downloading from central: https://repo.maven.apache.org/maven2/com/github/dozermapper/dozer-bom-dependencies/6.5.0/dozer-bom-dependencies-6.5.0.pom
[INFO] Downloaded from central: https://repo.maven.apache.org/maven2/com/github/dozermapper/dozer-bom-dependencies/6.5.0/dozer-bom-dependencies-6.5.0.pom (12 kB at 373 kB/s)
[INFO] Downloading from central: https://repo.maven.apache.org/maven2/org/springframework/boot/spring-boot-configuration-processor/2.3.2.RELEASE/spring-boot-configuration-processor-2.3.2.RELEASE.pom
[INFO] Downloaded from central: https://repo.maven.apache.org/maven2/org/springframework/boot/spring-boot-configuration-processor/2.3.2.RELEASE/spring-boot-configuration-processor-2.3.2.RELEASE.pom (1.9 kB at 62 kB/s)
[INFO] Downloading from central: https://repo.maven.apache.org/maven2/org/springframework/spring-context/5.2.21.RELEASE/spring-context-5.2.21.RELEASE.jar
[INFO] Downloading from central: https://repo.maven.apache.org/maven2/org/springframework/spring-beans/5.2.21.RELEASE/spring-beans-5.2.21.RELEASE.jar
[INFO] Downloading from central: https://repo.maven.apache.org/maven2/org/springframework/spring-core/5.2.22.RELEASE/spring-core-5.2.22.RELEASE.jar
[INFO] Downloading from central: https://repo.maven.apache.org/maven2/org/springframework/boot/spring-boot-starter/2.3.2.RELEASE/spring-boot-starter-2.3.2.RELEASE.jar
[INFO] Downloading from central: https://repo.maven.apache.org/maven2/org/springframework/boot/spring-boot/2.3.2.RELEASE/spring-boot-2.3.2.RELEASE.jar
[INFO] Downloaded from central: https://repo.maven.apache.org/maven2/org/springframework/spring-beans/5.2.21.RELEASE/spring-beans-5.2.21.RELEASE.jar (689 kB at 12 MB/s)
[INFO] Downloading from central: https://repo.maven.apache.org/maven2/org/springframework/boot/spring-boot-autoconfigure/2.3.2.RELEASE/spring-boot-autoconfigure-2.3.2.RELEASE.jar
[INFO] Downloaded from central: https://repo.maven.apache.org/maven2/org/springframework/spring-context/5.2.21.RELEASE/spring-context-5.2.21.RELEASE.jar (1.2 MB at 20 MB/s)
[INFO] Downloading from central: https://repo.maven.apache.org/maven2/org/springframework/boot/spring-boot-starter-logging/2.3.2.RELEASE/spring-boot-starter-logging-2.3.2.RELEASE.jar
[INFO] Downloaded from central: https://repo.maven.apache.org/maven2/org/springframework/boot/spring-boot-starter/2.3.2.RELEASE/spring-boot-starter-2.3.2.RELEASE.jar (4.8 kB at 69 kB/s)
[INFO] Downloading from central: https://repo.maven.apache.org/maven2/org/projectlombok/lombok/1.18.12/lombok-1.18.12.jar
[INFO] Downloaded from central: https://repo.maven.apache.org/maven2/org/springframework/spring-core/5.2.22.RELEASE/spring-core-5.2.22.RELEASE.jar (1.4 MB at 20 MB/s)
[INFO] Downloading from central: https://repo.maven.apache.org/maven2/org/springframework/boot/spring-boot-starter-test/2.3.2.RELEASE/spring-boot-starter-test-2.3.2.RELEASE.jar
[INFO] Downloaded from central: https://repo.maven.apache.org/maven2/org/springframework/boot/spring-boot/2.3.2.RELEASE/spring-boot-2.3.2.RELEASE.jar (1.1 MB at 13 MB/s)
[INFO] Downloading from central: https://repo.maven.apache.org/maven2/org/springframework/boot/spring-boot-test/2.3.2.RELEASE/spring-boot-test-2.3.2.RELEASE.jar
[INFO] Downloaded from central: https://repo.maven.apache.org/maven2/org/springframework/boot/spring-boot-starter-logging/2.3.2.RELEASE/spring-boot-starter-logging-2.3.2.RELEASE.jar (4.8 kB at 52 kB/s)
[INFO] Downloading from central: https://repo.maven.apache.org/maven2/org/springframework/boot/spring-boot-test-autoconfigure/2.3.2.RELEASE/spring-boot-test-autoconfigure-2.3.2.RELEASE.jar
[INFO] Downloaded from central: https://repo.maven.apache.org/maven2/org/springframework/boot/spring-boot-starter-test/2.3.2.RELEASE/spring-boot-starter-test-2.3.2.RELEASE.jar (4.8 kB at 46 kB/s)
[INFO] Downloading from central: https://repo.maven.apache.org/maven2/org/junit/jupiter/junit-jupiter/5.6.2/junit-jupiter-5.6.2.jar
[INFO] Downloaded from central: https://repo.maven.apache.org/maven2/org/springframework/boot/spring-boot-test/2.3.2.RELEASE/spring-boot-test-2.3.2.RELEASE.jar (215 kB at 1.8 MB/s)
[INFO] Downloading from central: https://repo.maven.apache.org/maven2/com/github/dozermapper/dozer-core/6.5.0/dozer-core-6.5.0.jar
[INFO] Downloaded from central: https://repo.maven.apache.org/maven2/org/springframework/boot/spring-boot-autoconfigure/2.3.2.RELEASE/spring-boot-autoconfigure-2.3.2.RELEASE.jar (1.5 MB at 12 MB/s)
[INFO] Downloading from central: https://repo.maven.apache.org/maven2/org/springframework/boot/spring-boot-configuration-processor/2.3.2.RELEASE/spring-boot-configuration-processor-2.3.2.RELEASE.jar
[INFO] Downloaded from central: https://repo.maven.apache.org/maven2/org/springframework/boot/spring-boot-test-autoconfigure/2.3.2.RELEASE/spring-boot-test-autoconfigure-2.3.2.RELEASE.jar (175 kB at 1.3 MB/s)
[INFO] Downloaded from central: https://repo.maven.apache.org/maven2/org/junit/jupiter/junit-jupiter/5.6.2/junit-jupiter-5.6.2.jar (6.4 kB at 47 kB/s)
[INFO] Downloaded from central: https://repo.maven.apache.org/maven2/org/springframework/boot/spring-boot-configuration-processor/2.3.2.RELEASE/spring-boot-configuration-processor-2.3.2.RELEASE.jar (116 kB at 742 kB/s)
[INFO] Downloaded from central: https://repo.maven.apache.org/maven2/com/github/dozermapper/dozer-core/6.5.0/dozer-core-6.5.0.jar (429 kB at 2.7 MB/s)
[INFO] Downloaded from central: https://repo.maven.apache.org/maven2/org/projectlombok/lombok/1.18.12/lombok-1.18.12.jar (1.8 MB at 11 MB/s)
[INFO] 
[INFO] --- maven-clean-plugin:2.5:clean (default-clean) @ hippo4j-common ---
[INFO] 
[INFO] --- flatten-maven-plugin:1.1.0:clean (flatten.clean) @ hippo4j-common ---
[INFO] 
[INFO] --- maven-checkstyle-plugin:3.1.0:checkstyle (validate) @ hippo4j-common ---
[INFO] 
[INFO] --- spring-boot-maven-plugin:2.3.2.RELEASE:build-info (default) @ hippo4j-common ---
[INFO] 
[INFO] --- maven-resources-plugin:2.6:resources (default-resources) @ hippo4j-common ---
[INFO] Using 'UTF-8' encoding to copy filtered resources.
[INFO] skip non existing resourceDirectory /home/srafi/after-cam-ready/compare_/compile_repair_output/work/6bd8b371ab67/hippo4j-common/src/main/resources
[INFO] 
[INFO] --- flatten-maven-plugin:1.1.0:flatten (flatten) @ hippo4j-common ---
[INFO] Generating flattened POM of project cn.hippo4j:hippo4j-common:jar:1.5.0-SNAPSHOT...
[INFO] 
[INFO] --- maven-compiler-plugin:3.6.1:compile (default-compile) @ hippo4j-common ---
[INFO] Changes detected - recompiling the module!
[INFO] Compiling 99 source files to /home/srafi/after-cam-ready/compare_/compile_repair_output/work/6bd8b371ab67/hippo4j-common/target/classes
[WARNING] /home/srafi/after-cam-ready/compare_/compile_repair_output/work/6bd8b371ab67/hippo4j-common/src/main/java/cn/hippo4j/common/executor/support/BlockingQueueTypeEnum.java:[209,27] unchecked conversion
  required: java.util.concurrent.BlockingQueue<T>
  found:    java.util.concurrent.BlockingQueue
[WARNING] /home/srafi/after-cam-ready/compare_/compile_repair_output/work/6bd8b371ab67/hippo4j-common/src/main/java/cn/hippo4j/common/toolkit/MapUtil.java:[87,23] unchecked call to put(K,V) as a member of the raw type java.util.Map
[WARNING] /home/srafi/after-cam-ready/compare_/compile_repair_output/work/6bd8b371ab67/hippo4j-common/src/main/java/cn/hippo4j/common/toolkit/MapUtil.java:[102,27] unchecked call to put(K,V) as a member of the raw type java.util.Map
[WARNING] /home/srafi/after-cam-ready/compare_/compile_repair_output/work/6bd8b371ab67/hippo4j-common/src/main/java/cn/hippo4j/common/toolkit/MapUtil.java:[108,27] unchecked call to put(K,V) as a member of the raw type java.util.Map
[WARNING] /home/srafi/after-cam-ready/compare_/compile_repair_output/work/6bd8b371ab67/hippo4j-common/src/main/java/cn/hippo4j/common/toolkit/MapUtil.java:[114,27] unchecked call to put(K,V) as a member of the raw type java.util.Map
[WARNING] /home/srafi/after-cam-ready/compare_/compile_repair_output/work/6bd8b371ab67/hippo4j-common/src/main/java/cn/hippo4j/common/toolkit/MapUtil.java:[120,27] unchecked call to put(K,V) as a member of the raw type java.util.Map
[WARNING] /home/srafi/after-cam-ready/compare_/compile_repair_output/work/6bd8b371ab67/hippo4j-common/src/main/java/cn/hippo4j/common/design/observer/AbstractSubjectCenter.java:[35,70] unchecked conversion
  required: java.util.Map<java.lang.String,java.util.List<cn.hippo4j.common.design.observer.Observer>>
  found:    java.util.concurrent.ConcurrentHashMap
[WARNING] /home/srafi/after-cam-ready/compare_/compile_repair_output/work/6bd8b371ab67/hippo4j-common/src/main/java/cn/hippo4j/common/design/observer/AbstractSubjectCenter.java:[69,25] unchecked conversion
  required: java.util.List<cn.hippo4j.common.design.observer.Observer>
  found:    java.util.ArrayList
[WARNING] /home/srafi/after-cam-ready/compare_/compile_repair_output/work/6bd8b371ab67/hippo4j-common/src/main/java/cn/hippo4j/common/design/observer/AbstractSubjectCenter.java:[123,28] unchecked call to accept(cn.hippo4j.common.design.observer.ObserverMessage<T>) as a member of the raw type cn.hippo4j.common.design.observer.Observer
[WARNING] /home/srafi/after-cam-ready/compare_/compile_repair_output/work/6bd8b371ab67/hippo4j-common/src/main/java/cn/hippo4j/common/toolkit/CollectionUtil.java:[133,43] Possible heap pollution from parameterized vararg type T
[WARNING] /home/srafi/after-cam-ready/compare_/compile_repair_output/work/6bd8b371ab67/hippo4j-common/src/main/java/cn/hippo4j/common/executor/ThreadPoolManager.java:[34,43] unchecked conversion
  required: java.util.Map<java.lang.String,java.lang.Object>
  found:    java.util.concurrent.ConcurrentHashMap
[WARNING] /home/srafi/after-cam-ready/compare_/compile_repair_output/work/6bd8b371ab67/hippo4j-common/src/main/java/cn/hippo4j/common/executor/ThreadPoolManager.java:[50,28] unchecked conversion
  required: java.util.Map<java.lang.String,java.util.Map<java.lang.String,java.util.Set<java.util.concurrent.ExecutorService>>>
  found:    java.util.concurrent.ConcurrentHashMap
[WARNING] /home/srafi/after-cam-ready/compare_/compile_repair_output/work/6bd8b371ab67/hippo4j-common/src/main/java/cn/hippo4j/common/executor/ThreadPoolManager.java:[63,23] unchecked conversion
  required: java.util.Map<java.lang.String,java.util.Set<java.util.concurrent.ExecutorService>>
  found:    java.util.HashMap
[WARNING] /home/srafi/after-cam-ready/compare_/compile_repair_output/work/6bd8b371ab67/hippo4j-common/src/main/java/cn/hippo4j/common/executor/ThreadPoolManager.java:[64,24] unchecked method invocation: method put in interface java.util.Map is applied to given types
  required: K,V
  found: java.lang.String,java.util.HashSet
[WARNING] /home/srafi/after-cam-ready/compare_/compile_repair_output/work/6bd8b371ab67/hippo4j-common/src/main/java/cn/hippo4j/common/executor/ThreadPoolManager.java:[64,32] unchecked conversion
  required: V
  found:    java.util.HashSet
[WARNING] /home/srafi/after-cam-ready/compare_/compile_repair_output/work/6bd8b371ab67/hippo4j-common/src/main/java/cn/hippo4j/common/executor/ThreadPoolManager.java:[70,24] unchecked method invocation: method put in interface java.util.Map is applied to given types
  required: K,V
  found: java.lang.String,java.util.HashSet
[WARNING] /home/srafi/after-cam-ready/compare_/compile_repair_output/work/6bd8b371ab67/hippo4j-common/src/main/java/cn/hippo4j/common/executor/ThreadPoolManager.java:[70,32] unchecked conversion
  required: V
  found:    java.util.HashSet
[WARNING] /home/srafi/after-cam-ready/compare_/compile_repair_output/work/6bd8b371ab67/hippo4j-common/src/main/java/cn/hippo4j/common/toolkit/http/HttpUtil.java:[289,50] unchecked cast
  required: T
  found:    java.lang.String
[WARNING] /home/srafi/after-cam-ready/compare_/compile_repair_output/work/6bd8b371ab67/hippo4j-common/src/main/java/cn/hippo4j/common/monitor/MessageWrapper.java:[58,16] unchecked conversion
  required: java.lang.Class<cn.hippo4j.common.monitor.Message>
  found:    java.lang.Class
[WARNING] /home/srafi/after-cam-ready/compare_/compile_repair_output/work/6bd8b371ab67/hippo4j-common/src/main/java/cn/hippo4j/common/toolkit/MessageConvert.java:[45,53] unchecked conversion
  required: java.util.List<cn.hippo4j.common.monitor.Message>
  found:    java.util.List
[WARNING] /home/srafi/after-cam-ready/compare_/compile_repair_output/work/6bd8b371ab67/hippo4j-common/src/main/java/cn/hippo4j/common/toolkit/MessageConvert.java:[49,31] unchecked method invocation: method add in interface java.util.List is applied to given types
  required: E
  found: java.util.Map
[WARNING] /home/srafi/after-cam-ready/compare_/compile_repair_output/work/6bd8b371ab67/hippo4j-common/src/main/java/cn/hippo4j/common/toolkit/MessageConvert.java:[49,32] unchecked conversion
  required: E
  found:    java.util.Map
[WARNING] /home/srafi/after-cam-ready/compare_/compile_repair_output/work/6bd8b371ab67/hippo4j-common/src/main/java/cn/hippo4j/common/toolkit/MessageConvert.java:[46,25] unchecked method invocation: method forEach in interface java.lang.Iterable is applied to given types
  required: java.util.function.Consumer<? super T>
  found: java.util.function.Consumer<cn.hippo4j.common.monitor.Message>
[WARNING] /home/srafi/after-cam-ready/compare_/compile_repair_output/work/6bd8b371ab67/hippo4j-common/src/main/java/cn/hippo4j/common/toolkit/MessageConvert.java:[65,34] unchecked conversion
  required: java.util.List<cn.hippo4j.common.monitor.Message>
  found:    java.util.ArrayList
[WARNING] /home/srafi/after-cam-ready/compare_/compile_repair_output/work/6bd8b371ab67/hippo4j-common/src/main/java/cn/hippo4j/common/toolkit/MessageConvert.java:[71,28] unchecked call to setMessages(java.util.List<T>) as a member of the raw type cn.hippo4j.common.monitor.AbstractMessage
[WARNING] /home/srafi/after-cam-ready/compare_/compile_repair_output/work/6bd8b371ab67/hippo4j-common/src/main/java/cn/hippo4j/common/toolkit/ArrayUtil.java:[60,47] Possible heap pollution from parameterized vararg type T
[WARNING] /home/srafi/after-cam-ready/compare_/compile_repair_output/work/6bd8b371ab67/hippo4j-common/src/main/java/cn/hippo4j/common/toolkit/ArrayUtil.java:[79,44] Possible heap pollution from parameterized vararg type T
[WARNING] /home/srafi/after-cam-ready/compare_/compile_repair_output/work/6bd8b371ab67/hippo4j-common/src/main/java/cn/hippo4j/common/toolkit/Singleton.java:[43,44] unchecked cast
  required: T
  found:    java.lang.Object
[WARNING] /home/srafi/after-cam-ready/compare_/compile_repair_output/work/6bd8b371ab67/hippo4j-common/src/main/java/cn/hippo4j/common/toolkit/Singleton.java:[64,37] unchecked cast
  required: T
  found:    java.lang.Object
[WARNING] /home/srafi/after-cam-ready/compare_/compile_repair_output/work/6bd8b371ab67/hippo4j-common/src/main/java/cn/hippo4j/common/spi/DynamicThreadPoolServiceLoader.java:[103,113] unchecked cast
  required: T
  found:    java.lang.Object
[WARNING] /home/srafi/after-cam-ready/compare_/compile_repair_output/work/6bd8b371ab67/hippo4j-common/src/main/java/cn/hippo4j/common/toolkit/BooleanUtil.java:[28,49] unchecked conversion
  required: java.util.Set<java.lang.String>
  found:    java.util.HashSet
[INFO] /home/srafi/after-cam-ready/compare_/compile_repair_output/work/6bd8b371ab67/hippo4j-common/src/main/java/cn/hippo4j/common/toolkit/ContentUtil.java: /home/srafi/after-cam-ready/compare_/compile_repair_output/work/6bd8b371ab67/hippo4j-common/src/main/java/cn/hippo4j/common/toolkit/ContentUtil.java uses or overrides a deprecated API.
[INFO] /home/srafi/after-cam-ready/compare_/compile_repair_output/work/6bd8b371ab67/hippo4j-common/src/main/java/cn/hippo4j/common/toolkit/ContentUtil.java: Recompile with -Xlint:deprecation for details.
[INFO] 
[INFO] --- spotless-maven-plugin:2.22.1:apply (default) @ hippo4j-common ---
[INFO] 
[INFO] --- maven-resources-plugin:2.6:testResources (default-testResources) @ hippo4j-common ---
[INFO] Using 'UTF-8' encoding to copy filtered resources.
[INFO] Copying 4 resources
[INFO] 
[INFO] --- maven-compiler-plugin:3.6.1:testCompile (default-testCompile) @ hippo4j-common ---
[INFO] Changes detected - recompiling the module!
[INFO] Compiling 34 source files to /home/srafi/after-cam-ready/compare_/compile_repair_output/work/6bd8b371ab67/hippo4j-common/target/test-classes
[WARNING] /home/srafi/after-cam-ready/compare_/compile_repair_output/work/6bd8b371ab67/hippo4j-common/src/test/java/cn/hippo4j/common/executor/ThreadPoolManagerTest.java:[62,140] unchecked cast
  required: java.util.Map<java.lang.String,java.util.Map<java.lang.String,java.util.Set<java.util.concurrent.ExecutorService>>>
  found:    java.lang.Object
[WARNING] /home/srafi/after-cam-ready/compare_/compile_repair_output/work/6bd8b371ab67/hippo4j-common/src/test/java/cn/hippo4j/common/executor/ExecutorFactoryTest.java:[55,140] unchecked cast
  required: java.util.Map<java.lang.String,java.util.Map<java.lang.String,java.util.Set<java.util.concurrent.ExecutorService>>>
  found:    java.lang.Object
[WARNING] /home/srafi/after-cam-ready/compare_/compile_repair_output/work/6bd8b371ab67/hippo4j-common/src/test/java/cn/hippo4j/common/toolkit/UserContextTest.java:[31,114] unchecked cast
  required: java.lang.ThreadLocal<cn.hippo4j.common.toolkit.UserContext.User>
  found:    java.lang.Object
[WARNING] /home/srafi/after-cam-ready/compare_/compile_repair_output/work/6bd8b371ab67/hippo4j-common/src/test/java/cn/hippo4j/common/toolkit/UserContextTest.java:[52,114] unchecked cast
  required: java.lang.ThreadLocal<cn.hippo4j.common.toolkit.UserContext.User>
  found:    java.lang.Object
[WARNING] /home/srafi/after-cam-ready/compare_/compile_repair_output/work/6bd8b371ab67/hippo4j-common/src/test/java/cn/hippo4j/common/toolkit/CollectionUtilTest.java:[49,16] unchecked call to put(K,V) as a member of the raw type java.util.Map
[WARNING] /home/srafi/after-cam-ready/compare_/compile_repair_output/work/6bd8b371ab67/hippo4j-common/src/test/java/cn/hippo4j/common/toolkit/CollectionUtilTest.java:[71,16] unchecked call to put(K,V) as a member of the raw type java.util.Map
[INFO] 
[INFO] --- maven-surefire-plugin:3.0.0-M8-SNAPSHOT:test (default-test) @ hippo4j-common ---
[INFO] Downloading from apache.snapshots: https://repository.apache.org/snapshots/org/apache/maven/surefire/maven-surefire-common/3.0.0-M8-SNAPSHOT/maven-metadata.xml
[INFO] Downloading from apache.snapshots: https://repository.apache.org/snapshots/org/apache/maven/surefire/surefire-api/3.0.0-M8-SNAPSHOT/maven-metadata.xml
[INFO] Downloading from apache.snapshots: https://repository.apache.org/snapshots/org/apache/maven/surefire/surefire-logger-api/3.0.0-M8-SNAPSHOT/maven-metadata.xml
[INFO] Downloading from apache.snapshots: https://repository.apache.org/snapshots/org/apache/maven/surefire/surefire-shared-utils/3.0.0-M8-SNAPSHOT/maven-metadata.xml
[INFO] Downloading from apache.snapshots: https://repository.apache.org/snapshots/org/apache/maven/surefire/surefire-extensions-api/3.0.0-M8-SNAPSHOT/maven-metadata.xml
[INFO] Downloading from apache.snapshots: https://repository.apache.org/snapshots/org/apache/maven/surefire/surefire-booter/3.0.0-M8-SNAPSHOT/maven-metadata.xml
[INFO] Downloading from apache.snapshots: https://repository.apache.org/snapshots/org/apache/maven/surefire/surefire-extensions-spi/3.0.0-M8-SNAPSHOT/maven-metadata.xml
[INFO] Tests are skipped.
[INFO] 
[INFO] --- maven-jar-plugin:2.4:jar (default-jar) @ hippo4j-common ---
[INFO] Building jar: /home/srafi/after-cam-ready/compare_/compile_repair_output/work/6bd8b371ab67/hippo4j-common/target/hippo4j-common.jar
[INFO] 
[INFO] --- maven-javadoc-plugin:3.0.0-M1:jar (default) @ hippo4j-common ---
[INFO] Skipping javadoc generation
[INFO] 
[INFO] --- maven-source-plugin:2.4:jar-no-fork (default) @ hippo4j-common ---
[INFO] Building jar: /home/srafi/after-cam-ready/compare_/compile_repair_output/work/6bd8b371ab67/hippo4j-common/target/hippo4j-common-sources.jar
[INFO] 
[INFO] --- maven-gpg-plugin:1.6:sign (default) @ hippo4j-common ---
[INFO] 
[INFO] --- maven-install-plugin:2.4:install (default-install) @ hippo4j-common ---
[INFO] Installing /home/srafi/after-cam-ready/compare_/compile_repair_output/work/6bd8b371ab67/hippo4j-common/target/hippo4j-common.jar to /home/srafi/.m2/repository/cn/hippo4j/hippo4j-common/1.5.0-SNAPSHOT/hippo4j-common-1.5.0-SNAPSHOT.jar
[INFO] Installing /home/srafi/after-cam-ready/compare_/compile_repair_output/work/6bd8b371ab67/hippo4j-common/.flattened-pom.xml to /home/srafi/.m2/repository/cn/hippo4j/hippo4j-common/1.5.0-SNAPSHOT/hippo4j-common-1.5.0-SNAPSHOT.pom
[INFO] Installing /home/srafi/after-cam-ready/compare_/compile_repair_output/work/6bd8b371ab67/hippo4j-common/target/hippo4j-common-sources.jar to /home/srafi/.m2/repository/cn/hippo4j/hippo4j-common/1.5.0-SNAPSHOT/hippo4j-common-1.5.0-SNAPSHOT-sources.jar
[INFO] ------------------------------------------------------------------------
[INFO] Reactor Summary for hippo4j-all 1.5.0-SNAPSHOT:
[INFO] 
[INFO] hippo4j-all ........................................ SUCCESS [  2.057 s]
[INFO] hippo4j-common ..................................... SUCCESS [  6.809 s]
[INFO] ------------------------------------------------------------------------
[INFO] BUILD SUCCESS
[INFO] ------------------------------------------------------------------------
[INFO] Total time:  9.202 s
[INFO] Finished at: 2026-08-15T16:38:34-04:00
[INFO] ------------------------------------------------------------------------
