JAVA_HOME=/usr/lib/jvm/java-8-openjdk-amd64
COMMAND=mvn -B clean install -DskipTests -U -pl gremlin-core -am -Ddependency-check.skip=true -Dgpg.skip=true -DfailIfNoTests=false -Dskip.installnodenpm=true -Dskip.npm=true -Dskip.yarn=true -Dlicense.skip=true -Dcheckstyle.skip=true -Drat.skip=true -Denforcer.skip=true -Danimal.sniffer.skip=true -Dmaven.javadoc.skip=true -Dfindbugs.skip=true -Dspotbugs.skip=true -Dwarbucks.skip=true -Dmodernizer.skip=true -Dimpsort.skip=true -Dmdep.analyze.skip=true -Dpgpverify.skip=true -Dxml.skip=true -Dcobertura.skip=true

[INFO] Scanning for projects...
Warning: KebabPizza disabling incompatible org.apache.maven.plugins:maven-enforcer-plugin from tinkerpop
Warning: KebabPizza disabling incompatible org.apache.rat:apache-rat-plugin from tinkerpop
Warning: KebabPizza disabling incompatible org.apache.maven.plugins:maven-enforcer-plugin from gremlin-language
Warning: KebabPizza disabling incompatible org.apache.rat:apache-rat-plugin from gremlin-language
Warning: KebabPizza disabling incompatible org.apache.maven.plugins:maven-enforcer-plugin from gremlin-shaded
Warning: KebabPizza disabling incompatible org.apache.rat:apache-rat-plugin from gremlin-shaded
Warning: KebabPizza disabling incompatible org.apache.maven.plugins:maven-enforcer-plugin from gremlin-core
Warning: KebabPizza disabling incompatible org.apache.rat:apache-rat-plugin from gremlin-core
[INFO] ------------------------------------------------------------------------
[INFO] Reactor Build Order:
[INFO] 
[INFO] Apache TinkerPop                                                   [pom]
[INFO] Apache TinkerPop :: Gremlin Language                               [jar]
[INFO] Apache TinkerPop :: Gremlin Shaded                                 [jar]
[INFO] Apache TinkerPop :: Gremlin Core                                   [jar]
[INFO] 
[INFO] -------------------< org.apache.tinkerpop:tinkerpop >-------------------
[INFO] Building Apache TinkerPop 3.6.8                                    [1/4]
[INFO] --------------------------------[ pom ]---------------------------------
[INFO] 
[INFO] --- maven-clean-plugin:3.1.0:clean (default-clean) @ tinkerpop ---
[INFO] 
[INFO] --- build-helper-maven-plugin:3.2.0:regex-property (build-helper-regex-is-snapshot-used) @ tinkerpop ---
[INFO] No match to regex '.*-SNAPSHOT' found in '3.6.8'. The initial value '3.6.8' is left as-is...
[INFO] 
[INFO] --- build-helper-maven-plugin:3.2.0:regex-property (build-helper-regex-is-prerelease-version) @ tinkerpop ---
[INFO] No match to regex '.*-.*' found in '3.6.8'. The initial value '3.6.8' is left as-is...
[INFO] 
[INFO] --- build-helper-maven-plugin:3.2.0:regex-property (build-helper-regex-is-prerelease-version2) @ tinkerpop ---
[INFO] 
[INFO] --- build-helper-maven-plugin:3.2.0:regex-property (build-helper-regex-set-docker-version-tag) @ tinkerpop ---
[INFO] No match to regex '.*true' found in '${parsedVersion.majorVersion}.${parsedVersion.minorVersion}'. The initial value '${parsedVersion.majorVersion}.${parsedVersion.minorVersion}' is left as-is...
[INFO] 
[INFO] --- build-helper-maven-plugin:3.2.0:parse-version (parse-version) @ tinkerpop ---
[INFO] 
[INFO] --- buildnumber-maven-plugin:3.0.0:create (default) @ tinkerpop ---
[INFO] Executing: /bin/sh -c cd '/home/srafi/after-cam-ready/compare_/compile_repair_output/work/7528221ed06d' && 'git' 'rev-parse' '--verify' 'HEAD'
[INFO] Working directory: /home/srafi/after-cam-ready/compare_/compile_repair_output/work/7528221ed06d
[INFO] Storing buildNumber: cb366cd86fa036122cc48af76866a0c2a413a83e at timestamp: 1786824459896
[WARNING] Cannot get the branch information from the git repository: 
Detecting the current branch failed: fatal: ref HEAD is not a symbolic ref

[INFO] Executing: /bin/sh -c cd '/home/srafi/after-cam-ready/compare_/compile_repair_output/work/7528221ed06d' && 'git' 'rev-parse' '--verify' 'HEAD'
[INFO] Working directory: /home/srafi/after-cam-ready/compare_/compile_repair_output/work/7528221ed06d
[INFO] Storing buildScmBranch: UNKNOWN
[INFO] 
[INFO] --- maven-remote-resources-plugin:1.5:process (process-resource-bundles) @ tinkerpop ---
[INFO] 
[INFO] --- maven-source-plugin:3.2.1:jar-no-fork (attach-sources) @ tinkerpop ---
[INFO] 
[INFO] --- maven-javadoc-plugin:3.3.1:jar (attach-javadoc) @ tinkerpop ---
[INFO] Skipping javadoc generation
[INFO] 
[INFO] --- maven-site-plugin:3.7.1:attach-descriptor (attach-descriptor) @ tinkerpop ---
[INFO] No site descriptor found: nothing to attach.
[INFO] 
[INFO] --- maven-install-plugin:2.5.2:install (default-install) @ tinkerpop ---
[INFO] Installing /home/srafi/after-cam-ready/compare_/compile_repair_output/work/7528221ed06d/pom.xml to /home/srafi/.m2/repository/org/apache/tinkerpop/tinkerpop/3.6.8/tinkerpop-3.6.8.pom
[INFO] 
[INFO] ---------------< org.apache.tinkerpop:gremlin-language >----------------
[INFO] Building Apache TinkerPop :: Gremlin Language 3.6.8                [2/4]
[INFO] --------------------------------[ jar ]---------------------------------
[INFO] 
[INFO] --- maven-clean-plugin:3.1.0:clean (default-clean) @ gremlin-language ---
[INFO] 
[INFO] --- build-helper-maven-plugin:3.2.0:regex-property (build-helper-regex-is-snapshot-used) @ gremlin-language ---
[INFO] No match to regex '.*-SNAPSHOT' found in '3.6.8'. The initial value '3.6.8' is left as-is...
[INFO] 
[INFO] --- build-helper-maven-plugin:3.2.0:regex-property (build-helper-regex-is-prerelease-version) @ gremlin-language ---
[INFO] No match to regex '.*-.*' found in '3.6.8'. The initial value '3.6.8' is left as-is...
[INFO] 
[INFO] --- build-helper-maven-plugin:3.2.0:regex-property (build-helper-regex-is-prerelease-version2) @ gremlin-language ---
[INFO] 
[INFO] --- build-helper-maven-plugin:3.2.0:regex-property (build-helper-regex-set-docker-version-tag) @ gremlin-language ---
[INFO] No match to regex '.*true' found in '${parsedVersion.majorVersion}.${parsedVersion.minorVersion}'. The initial value '${parsedVersion.majorVersion}.${parsedVersion.minorVersion}' is left as-is...
[INFO] 
[INFO] --- build-helper-maven-plugin:3.2.0:parse-version (parse-version) @ gremlin-language ---
[INFO] 
[INFO] --- buildnumber-maven-plugin:3.0.0:create (default) @ gremlin-language ---
[INFO] Executing: /bin/sh -c cd '/home/srafi/after-cam-ready/compare_/compile_repair_output/work/7528221ed06d/gremlin-language' && 'git' 'rev-parse' '--verify' 'HEAD'
[INFO] Working directory: /home/srafi/after-cam-ready/compare_/compile_repair_output/work/7528221ed06d/gremlin-language
[INFO] Storing buildNumber: cb366cd86fa036122cc48af76866a0c2a413a83e at timestamp: 1786824460684
[WARNING] Cannot get the branch information from the git repository: 
Detecting the current branch failed: fatal: ref HEAD is not a symbolic ref

[INFO] Executing: /bin/sh -c cd '/home/srafi/after-cam-ready/compare_/compile_repair_output/work/7528221ed06d/gremlin-language' && 'git' 'rev-parse' '--verify' 'HEAD'
[INFO] Working directory: /home/srafi/after-cam-ready/compare_/compile_repair_output/work/7528221ed06d/gremlin-language
[INFO] Storing buildScmBranch: UNKNOWN
[INFO] 
[INFO] --- antlr4-maven-plugin:4.9.1:antlr4 (antlr) @ gremlin-language ---
[INFO] ANTLR 4: Processing source directory /home/srafi/after-cam-ready/compare_/compile_repair_output/work/7528221ed06d/gremlin-language/src/main/antlr4
[INFO] Processing grammar: Gremlin.g4
[INFO] 
[INFO] --- maven-remote-resources-plugin:1.5:process (process-resource-bundles) @ gremlin-language ---
[INFO] 
[INFO] --- maven-resources-plugin:3.1.0:resources (default-resources) @ gremlin-language ---
[INFO] Using 'UTF-8' encoding to copy filtered resources.
[INFO] skip non existing resourceDirectory /home/srafi/after-cam-ready/compare_/compile_repair_output/work/7528221ed06d/gremlin-language/src/main/resources
[INFO] Copying 3 resources
[INFO] 
[INFO] --- maven-compiler-plugin:3.8.1:compile (default-compile) @ gremlin-language ---
[INFO] Changes detected - recompiling the module!
[INFO] Compiling 8 source files to /home/srafi/after-cam-ready/compare_/compile_repair_output/work/7528221ed06d/gremlin-language/target/classes
[INFO] 
[INFO] --- maven-resources-plugin:3.1.0:testResources (default-testResources) @ gremlin-language ---
[INFO] Using 'UTF-8' encoding to copy filtered resources.
[INFO] Copying 1 resource
[INFO] Copying 3 resources
[INFO] 
[INFO] --- maven-compiler-plugin:3.8.1:testCompile (default-testCompile) @ gremlin-language ---
[INFO] Changes detected - recompiling the module!
[INFO] Compiling 7 source files to /home/srafi/after-cam-ready/compare_/compile_repair_output/work/7528221ed06d/gremlin-language/target/test-classes
[INFO] 
[INFO] --- maven-surefire-plugin:3.0.0-M8-SNAPSHOT:test (default-test) @ gremlin-language ---
[INFO] Downloading from apache.snapshots: https://repository.apache.org/snapshots/org/apache/maven/surefire/maven-surefire-common/3.0.0-M8-SNAPSHOT/maven-metadata.xml
[INFO] Downloading from apache.snapshots: https://repository.apache.org/snapshots/org/apache/maven/surefire/surefire-api/3.0.0-M8-SNAPSHOT/maven-metadata.xml
[INFO] Downloading from apache.snapshots: https://repository.apache.org/snapshots/org/apache/maven/surefire/surefire-logger-api/3.0.0-M8-SNAPSHOT/maven-metadata.xml
[INFO] Downloading from apache.snapshots: https://repository.apache.org/snapshots/org/apache/maven/surefire/surefire-shared-utils/3.0.0-M8-SNAPSHOT/maven-metadata.xml
[INFO] Downloading from apache.snapshots: https://repository.apache.org/snapshots/org/apache/maven/surefire/surefire-extensions-api/3.0.0-M8-SNAPSHOT/maven-metadata.xml
[INFO] Downloading from apache.snapshots: https://repository.apache.org/snapshots/org/apache/maven/surefire/surefire-booter/3.0.0-M8-SNAPSHOT/maven-metadata.xml
[INFO] Downloading from apache.snapshots: https://repository.apache.org/snapshots/org/apache/maven/surefire/surefire-extensions-spi/3.0.0-M8-SNAPSHOT/maven-metadata.xml
[INFO] Tests are skipped.
[INFO] 
[INFO] --- maven-jar-plugin:3.2.0:jar (default-jar) @ gremlin-language ---
[INFO] Building jar: /home/srafi/after-cam-ready/compare_/compile_repair_output/work/7528221ed06d/gremlin-language/target/gremlin-language-3.6.8.jar
[INFO] 
[INFO] --- maven-source-plugin:3.2.1:jar-no-fork (attach-sources) @ gremlin-language ---
[INFO] Building jar: /home/srafi/after-cam-ready/compare_/compile_repair_output/work/7528221ed06d/gremlin-language/target/gremlin-language-3.6.8-sources.jar
[INFO] 
[INFO] --- maven-javadoc-plugin:3.3.1:jar (attach-javadoc) @ gremlin-language ---
[INFO] Skipping javadoc generation
[INFO] 
[INFO] --- maven-site-plugin:3.7.1:attach-descriptor (attach-descriptor) @ gremlin-language ---
[INFO] Skipping because packaging 'jar' is not pom.
[INFO] 
[INFO] --- maven-install-plugin:2.5.2:install (default-install) @ gremlin-language ---
[INFO] Installing /home/srafi/after-cam-ready/compare_/compile_repair_output/work/7528221ed06d/gremlin-language/target/gremlin-language-3.6.8.jar to /home/srafi/.m2/repository/org/apache/tinkerpop/gremlin-language/3.6.8/gremlin-language-3.6.8.jar
[INFO] Installing /home/srafi/after-cam-ready/compare_/compile_repair_output/work/7528221ed06d/gremlin-language/pom.xml to /home/srafi/.m2/repository/org/apache/tinkerpop/gremlin-language/3.6.8/gremlin-language-3.6.8.pom
[INFO] Installing /home/srafi/after-cam-ready/compare_/compile_repair_output/work/7528221ed06d/gremlin-language/target/gremlin-language-3.6.8-sources.jar to /home/srafi/.m2/repository/org/apache/tinkerpop/gremlin-language/3.6.8/gremlin-language-3.6.8-sources.jar
[INFO] 
[INFO] ----------------< org.apache.tinkerpop:gremlin-shaded >-----------------
[INFO] Building Apache TinkerPop :: Gremlin Shaded 3.6.8                  [3/4]
[INFO] --------------------------------[ jar ]---------------------------------
[INFO] 
[INFO] --- maven-clean-plugin:3.1.0:clean (default-clean) @ gremlin-shaded ---
[INFO] 
[INFO] --- build-helper-maven-plugin:3.2.0:regex-property (build-helper-regex-is-snapshot-used) @ gremlin-shaded ---
[INFO] No match to regex '.*-SNAPSHOT' found in '3.6.8'. The initial value '3.6.8' is left as-is...
[INFO] 
[INFO] --- build-helper-maven-plugin:3.2.0:regex-property (build-helper-regex-is-prerelease-version) @ gremlin-shaded ---
[INFO] No match to regex '.*-.*' found in '3.6.8'. The initial value '3.6.8' is left as-is...
[INFO] 
[INFO] --- build-helper-maven-plugin:3.2.0:regex-property (build-helper-regex-is-prerelease-version2) @ gremlin-shaded ---
[INFO] 
[INFO] --- build-helper-maven-plugin:3.2.0:regex-property (build-helper-regex-set-docker-version-tag) @ gremlin-shaded ---
[INFO] No match to regex '.*true' found in '${parsedVersion.majorVersion}.${parsedVersion.minorVersion}'. The initial value '${parsedVersion.majorVersion}.${parsedVersion.minorVersion}' is left as-is...
[INFO] 
[INFO] --- build-helper-maven-plugin:3.2.0:parse-version (parse-version) @ gremlin-shaded ---
[INFO] 
[INFO] --- buildnumber-maven-plugin:3.0.0:create (default) @ gremlin-shaded ---
[INFO] Executing: /bin/sh -c cd '/home/srafi/after-cam-ready/compare_/compile_repair_output/work/7528221ed06d/gremlin-shaded' && 'git' 'rev-parse' '--verify' 'HEAD'
[INFO] Working directory: /home/srafi/after-cam-ready/compare_/compile_repair_output/work/7528221ed06d/gremlin-shaded
[INFO] Storing buildNumber: cb366cd86fa036122cc48af76866a0c2a413a83e at timestamp: 1786824465934
[WARNING] Cannot get the branch information from the git repository: 
Detecting the current branch failed: fatal: ref HEAD is not a symbolic ref

[INFO] Executing: /bin/sh -c cd '/home/srafi/after-cam-ready/compare_/compile_repair_output/work/7528221ed06d/gremlin-shaded' && 'git' 'rev-parse' '--verify' 'HEAD'
[INFO] Working directory: /home/srafi/after-cam-ready/compare_/compile_repair_output/work/7528221ed06d/gremlin-shaded
[INFO] Storing buildScmBranch: UNKNOWN
[INFO] 
[INFO] --- maven-remote-resources-plugin:1.5:process (process-resource-bundles) @ gremlin-shaded ---
[INFO] 
[INFO] --- maven-resources-plugin:3.1.0:resources (default-resources) @ gremlin-shaded ---
[INFO] Using 'UTF-8' encoding to copy filtered resources.
[INFO] skip non existing resourceDirectory /home/srafi/after-cam-ready/compare_/compile_repair_output/work/7528221ed06d/gremlin-shaded/src/main/resources
[INFO] Copying 3 resources
[INFO] 
[INFO] --- maven-compiler-plugin:3.8.1:compile (default-compile) @ gremlin-shaded ---
[INFO] No sources to compile
[INFO] 
[INFO] --- maven-resources-plugin:3.1.0:testResources (default-testResources) @ gremlin-shaded ---
[INFO] Using 'UTF-8' encoding to copy filtered resources.
[INFO] skip non existing resourceDirectory /home/srafi/after-cam-ready/compare_/compile_repair_output/work/7528221ed06d/gremlin-shaded/src/test/resources
[INFO] Copying 3 resources
[INFO] 
[INFO] --- maven-compiler-plugin:3.8.1:testCompile (default-testCompile) @ gremlin-shaded ---
[INFO] No sources to compile
[INFO] 
[INFO] --- maven-surefire-plugin:3.0.0-M8-SNAPSHOT:test (default-test) @ gremlin-shaded ---
[INFO] Tests are skipped.
[INFO] 
[INFO] --- maven-jar-plugin:3.2.0:jar (default-jar) @ gremlin-shaded ---
[INFO] Building jar: /home/srafi/after-cam-ready/compare_/compile_repair_output/work/7528221ed06d/gremlin-shaded/target/gremlin-shaded-3.6.8.jar
[INFO] 
[INFO] --- maven-source-plugin:3.2.1:jar-no-fork (attach-sources) @ gremlin-shaded ---
[INFO] Building jar: /home/srafi/after-cam-ready/compare_/compile_repair_output/work/7528221ed06d/gremlin-shaded/target/gremlin-shaded-3.6.8-sources.jar
[INFO] 
[INFO] --- maven-javadoc-plugin:3.3.1:jar (attach-javadoc) @ gremlin-shaded ---
[INFO] Skipping javadoc generation
[INFO] 
[INFO] --- maven-site-plugin:3.7.1:attach-descriptor (attach-descriptor) @ gremlin-shaded ---
[INFO] Skipping because packaging 'jar' is not pom.
[INFO] 
[INFO] --- maven-shade-plugin:3.4.1:shade (shade-kryo) @ gremlin-shaded ---
[INFO] Including com.esotericsoftware:kryo-shaded:jar:3.0.3 in the shaded jar.
[INFO] Including com.esotericsoftware:minlog:jar:1.3.0 in the shaded jar.
[INFO] Including org.objenesis:objenesis:jar:2.4 in the shaded jar.
[INFO] Including com.fasterxml.jackson.core:jackson-databind:jar:2.15.2 in the shaded jar.
[INFO] Including com.fasterxml.jackson.core:jackson-annotations:jar:2.15.2 in the shaded jar.
[INFO] Including com.fasterxml.jackson.core:jackson-core:jar:2.15.2 in the shaded jar.
[WARNING] Discovered module-info.class. Shading will break its strong encapsulation.
[WARNING] gremlin-shaded-3.6.8.jar, jackson-annotations-2.15.2.jar, jackson-core-2.15.2.jar, jackson-databind-2.15.2.jar, kryo-shaded-3.0.3.jar, minlog-1.3.0.jar, objenesis-2.4.jar define 1 overlapping resource: 
[WARNING]   - META-INF/MANIFEST.MF
[WARNING] jackson-core-2.15.2.jar, jackson-databind-2.15.2.jar define 1 overlapping classes: 
[WARNING]   - META-INF.versions.9.module-info
[WARNING] maven-shade-plugin has detected that some class files are
[WARNING] present in two or more JARs. When this happens, only one
[WARNING] single version of the class is copied to the uber jar.
[WARNING] Usually this is not harmful and you can skip these warnings,
[WARNING] otherwise try to manually exclude artifacts based on
[WARNING] mvn dependency:tree -Ddetail=true and the above output.
[WARNING] See https://maven.apache.org/plugins/maven-shade-plugin/
[INFO] Replacing original artifact with shaded artifact.
[INFO] Replacing /home/srafi/after-cam-ready/compare_/compile_repair_output/work/7528221ed06d/gremlin-shaded/target/gremlin-shaded-3.6.8.jar with /home/srafi/after-cam-ready/compare_/compile_repair_output/work/7528221ed06d/gremlin-shaded/target/gremlin-shaded-3.6.8-shaded.jar
[INFO] 
[INFO] --- maven-install-plugin:2.5.2:install (default-install) @ gremlin-shaded ---
[INFO] Installing /home/srafi/after-cam-ready/compare_/compile_repair_output/work/7528221ed06d/gremlin-shaded/target/gremlin-shaded-3.6.8.jar to /home/srafi/.m2/repository/org/apache/tinkerpop/gremlin-shaded/3.6.8/gremlin-shaded-3.6.8.jar
[INFO] Installing /home/srafi/after-cam-ready/compare_/compile_repair_output/work/7528221ed06d/gremlin-shaded/pom.xml to /home/srafi/.m2/repository/org/apache/tinkerpop/gremlin-shaded/3.6.8/gremlin-shaded-3.6.8.pom
[INFO] Installing /home/srafi/after-cam-ready/compare_/compile_repair_output/work/7528221ed06d/gremlin-shaded/target/gremlin-shaded-3.6.8-sources.jar to /home/srafi/.m2/repository/org/apache/tinkerpop/gremlin-shaded/3.6.8/gremlin-shaded-3.6.8-sources.jar
[INFO] 
[INFO] -----------------< org.apache.tinkerpop:gremlin-core >------------------
[INFO] Building Apache TinkerPop :: Gremlin Core 3.6.8                    [4/4]
[INFO] --------------------------------[ jar ]---------------------------------
[INFO] 
[INFO] --- maven-clean-plugin:3.1.0:clean (default-clean) @ gremlin-core ---
[INFO] 
[INFO] --- build-helper-maven-plugin:3.2.0:regex-property (build-helper-regex-is-snapshot-used) @ gremlin-core ---
[INFO] No match to regex '.*-SNAPSHOT' found in '3.6.8'. The initial value '3.6.8' is left as-is...
[INFO] 
[INFO] --- build-helper-maven-plugin:3.2.0:regex-property (build-helper-regex-is-prerelease-version) @ gremlin-core ---
[INFO] No match to regex '.*-.*' found in '3.6.8'. The initial value '3.6.8' is left as-is...
[INFO] 
[INFO] --- build-helper-maven-plugin:3.2.0:regex-property (build-helper-regex-is-prerelease-version2) @ gremlin-core ---
[INFO] 
[INFO] --- build-helper-maven-plugin:3.2.0:regex-property (build-helper-regex-set-docker-version-tag) @ gremlin-core ---
[INFO] No match to regex '.*true' found in '${parsedVersion.majorVersion}.${parsedVersion.minorVersion}'. The initial value '${parsedVersion.majorVersion}.${parsedVersion.minorVersion}' is left as-is...
[INFO] 
[INFO] --- build-helper-maven-plugin:3.2.0:parse-version (parse-version) @ gremlin-core ---
[INFO] 
[INFO] --- buildnumber-maven-plugin:3.0.0:create (default) @ gremlin-core ---
[INFO] Executing: /bin/sh -c cd '/home/srafi/after-cam-ready/compare_/compile_repair_output/work/7528221ed06d/gremlin-core' && 'git' 'rev-parse' '--verify' 'HEAD'
[INFO] Working directory: /home/srafi/after-cam-ready/compare_/compile_repair_output/work/7528221ed06d/gremlin-core
[INFO] Storing buildNumber: cb366cd86fa036122cc48af76866a0c2a413a83e at timestamp: 1786824466917
[WARNING] Cannot get the branch information from the git repository: 
Detecting the current branch failed: fatal: ref HEAD is not a symbolic ref

[INFO] Executing: /bin/sh -c cd '/home/srafi/after-cam-ready/compare_/compile_repair_output/work/7528221ed06d/gremlin-core' && 'git' 'rev-parse' '--verify' 'HEAD'
[INFO] Working directory: /home/srafi/after-cam-ready/compare_/compile_repair_output/work/7528221ed06d/gremlin-core
[INFO] Storing buildScmBranch: UNKNOWN
[INFO] 
[INFO] --- replacer:1.5.3:replace (default) @ gremlin-core ---
[INFO] Replacement run on 1 file.
[INFO] 
[INFO] --- maven-remote-resources-plugin:1.5:process (process-resource-bundles) @ gremlin-core ---
[INFO] 
[INFO] --- maven-resources-plugin:3.1.0:resources (default-resources) @ gremlin-core ---
[INFO] Using 'UTF-8' encoding to copy filtered resources.
[INFO] Copying 2 resources
[INFO] Copying 3 resources
[INFO] 
[INFO] --- maven-compiler-plugin:3.8.1:compile (default-compile) @ gremlin-core ---
[INFO] Changes detected - recompiling the module!
[INFO] Compiling 697 source files to /home/srafi/after-cam-ready/compare_/compile_repair_output/work/7528221ed06d/gremlin-core/target/classes
[INFO] /home/srafi/after-cam-ready/compare_/compile_repair_output/work/7528221ed06d/gremlin-core/src/main/java/org/apache/tinkerpop/gremlin/structure/io/graphson/GraphSONSerializersV2d0.java: Some input files use or override a deprecated API.
[INFO] /home/srafi/after-cam-ready/compare_/compile_repair_output/work/7528221ed06d/gremlin-core/src/main/java/org/apache/tinkerpop/gremlin/structure/io/graphson/GraphSONSerializersV2d0.java: Recompile with -Xlint:deprecation for details.
[INFO] /home/srafi/after-cam-ready/compare_/compile_repair_output/work/7528221ed06d/gremlin-core/src/main/java/org/apache/tinkerpop/gremlin/process/traversal/step/Generating.java: Some input files use unchecked or unsafe operations.
[INFO] /home/srafi/after-cam-ready/compare_/compile_repair_output/work/7528221ed06d/gremlin-core/src/main/java/org/apache/tinkerpop/gremlin/process/traversal/step/Generating.java: Recompile with -Xlint:unchecked for details.
[INFO] 
[INFO] --- maven-resources-plugin:3.1.0:testResources (default-testResources) @ gremlin-core ---
[INFO] Using 'UTF-8' encoding to copy filtered resources.
[INFO] Copying 8 resources
[INFO] Copying 3 resources
[INFO] 
[INFO] --- maven-compiler-plugin:3.8.1:testCompile (default-testCompile) @ gremlin-core ---
[INFO] Changes detected - recompiling the module!
[INFO] Compiling 238 source files to /home/srafi/after-cam-ready/compare_/compile_repair_output/work/7528221ed06d/gremlin-core/target/test-classes
[INFO] /home/srafi/after-cam-ready/compare_/compile_repair_output/work/7528221ed06d/gremlin-core/src/test/java/org/apache/tinkerpop/gremlin/jsr223/DefaultImportCustomizerTest.java: Some input files use or override a deprecated API.
[INFO] /home/srafi/after-cam-ready/compare_/compile_repair_output/work/7528221ed06d/gremlin-core/src/test/java/org/apache/tinkerpop/gremlin/jsr223/DefaultImportCustomizerTest.java: Recompile with -Xlint:deprecation for details.
[INFO] /home/srafi/after-cam-ready/compare_/compile_repair_output/work/7528221ed06d/gremlin-core/src/test/java/org/apache/tinkerpop/gremlin/process/traversal/traverser/util/DefaultTraverserGeneratorFactoryTest.java: Some input files use unchecked or unsafe operations.
[INFO] /home/srafi/after-cam-ready/compare_/compile_repair_output/work/7528221ed06d/gremlin-core/src/test/java/org/apache/tinkerpop/gremlin/process/traversal/traverser/util/DefaultTraverserGeneratorFactoryTest.java: Recompile with -Xlint:unchecked for details.
[INFO] 
[INFO] --- maven-surefire-plugin:3.0.0-M8-SNAPSHOT:test (default-test) @ gremlin-core ---
[INFO] Tests are skipped.
[INFO] 
[INFO] --- maven-jar-plugin:3.2.0:jar (default-jar) @ gremlin-core ---
[INFO] Building jar: /home/srafi/after-cam-ready/compare_/compile_repair_output/work/7528221ed06d/gremlin-core/target/gremlin-core-3.6.8.jar
[INFO] 
[INFO] --- maven-source-plugin:3.2.1:jar-no-fork (attach-sources) @ gremlin-core ---
[INFO] Building jar: /home/srafi/after-cam-ready/compare_/compile_repair_output/work/7528221ed06d/gremlin-core/target/gremlin-core-3.6.8-sources.jar
[INFO] 
[INFO] --- maven-javadoc-plugin:3.3.1:jar (attach-javadoc) @ gremlin-core ---
[INFO] Skipping javadoc generation
[INFO] 
[INFO] --- maven-site-plugin:3.7.1:attach-descriptor (attach-descriptor) @ gremlin-core ---
[INFO] Skipping because packaging 'jar' is not pom.
[INFO] 
[INFO] --- maven-failsafe-plugin:3.0.0-M8-SNAPSHOT:integration-test (integration-test) @ gremlin-core ---
[INFO] Tests are skipped.
[INFO] 
[INFO] --- maven-failsafe-plugin:3.0.0-M8-SNAPSHOT:verify (verify-integration-test) @ gremlin-core ---
[INFO] Tests are skipped.
[INFO] 
[INFO] --- maven-install-plugin:2.5.2:install (default-install) @ gremlin-core ---
[INFO] Installing /home/srafi/after-cam-ready/compare_/compile_repair_output/work/7528221ed06d/gremlin-core/target/gremlin-core-3.6.8.jar to /home/srafi/.m2/repository/org/apache/tinkerpop/gremlin-core/3.6.8/gremlin-core-3.6.8.jar
[INFO] Installing /home/srafi/after-cam-ready/compare_/compile_repair_output/work/7528221ed06d/gremlin-core/pom.xml to /home/srafi/.m2/repository/org/apache/tinkerpop/gremlin-core/3.6.8/gremlin-core-3.6.8.pom
[INFO] Installing /home/srafi/after-cam-ready/compare_/compile_repair_output/work/7528221ed06d/gremlin-core/target/gremlin-core-3.6.8-sources.jar to /home/srafi/.m2/repository/org/apache/tinkerpop/gremlin-core/3.6.8/gremlin-core-3.6.8-sources.jar
[INFO] ------------------------------------------------------------------------
[INFO] Reactor Summary for Apache TinkerPop 3.6.8:
[INFO] 
[INFO] Apache TinkerPop ................................... SUCCESS [  1.090 s]
[INFO] Apache TinkerPop :: Gremlin Language ............... SUCCESS [  5.265 s]
[INFO] Apache TinkerPop :: Gremlin Shaded ................. SUCCESS [  0.971 s]
[INFO] Apache TinkerPop :: Gremlin Core ................... SUCCESS [ 10.359 s]
[INFO] ------------------------------------------------------------------------
[INFO] BUILD SUCCESS
[INFO] ------------------------------------------------------------------------
[INFO] Total time:  17.949 s
[INFO] Finished at: 2026-08-15T16:07:57-04:00
[INFO] ------------------------------------------------------------------------
