JAVA_HOME=/usr/lib/jvm/java-8-openjdk-amd64
COMMAND=mvn -B clean install -DskipTests -U -pl sentinel-core -am -Ddependency-check.skip=true -Dgpg.skip=true -DfailIfNoTests=false -Dskip.installnodenpm=true -Dskip.npm=true -Dskip.yarn=true -Dlicense.skip=true -Dcheckstyle.skip=true -Drat.skip=true -Denforcer.skip=true -Danimal.sniffer.skip=true -Dmaven.javadoc.skip=true -Dfindbugs.skip=true -Dspotbugs.skip=true -Dwarbucks.skip=true -Dmodernizer.skip=true -Dimpsort.skip=true -Dmdep.analyze.skip=true -Dpgpverify.skip=true -Dxml.skip=true -Dcobertura.skip=true

[INFO] Scanning for projects...
[INFO] Downloading from central: https://repo.maven.apache.org/maven2/io/quarkus/quarkus-bom-deployment/1.4.1.Final/quarkus-bom-deployment-1.4.1.Final.pom
[INFO] Downloaded from central: https://repo.maven.apache.org/maven2/io/quarkus/quarkus-bom-deployment/1.4.1.Final/quarkus-bom-deployment-1.4.1.Final.pom (35 kB at 135 kB/s)
[INFO] Downloading from central: https://repo.maven.apache.org/maven2/io/quarkus/quarkus-parent/1.4.1.Final/quarkus-parent-1.4.1.Final.pom
[INFO] Downloaded from central: https://repo.maven.apache.org/maven2/io/quarkus/quarkus-parent/1.4.1.Final/quarkus-parent-1.4.1.Final.pom (6.9 kB at 209 kB/s)
[INFO] Downloading from central: https://repo.maven.apache.org/maven2/io/quarkus/quarkus-bom/1.4.1.Final/quarkus-bom-1.4.1.Final.pom
[INFO] Downloaded from central: https://repo.maven.apache.org/maven2/io/quarkus/quarkus-bom/1.4.1.Final/quarkus-bom-1.4.1.Final.pom (140 kB at 3.3 MB/s)
[INFO] Downloading from central: https://repo.maven.apache.org/maven2/org/jboss/resteasy/resteasy-bom/4.5.3.Final/resteasy-bom-4.5.3.Final.pom
[INFO] Downloaded from central: https://repo.maven.apache.org/maven2/org/jboss/resteasy/resteasy-bom/4.5.3.Final/resteasy-bom-4.5.3.Final.pom (6.0 kB at 175 kB/s)
[INFO] Downloading from central: https://repo.maven.apache.org/maven2/io/fabric8/kubernetes-client-bom/4.9.0/kubernetes-client-bom-4.9.0.pom
[INFO] Downloaded from central: https://repo.maven.apache.org/maven2/io/fabric8/kubernetes-client-bom/4.9.0/kubernetes-client-bom-4.9.0.pom (7.7 kB at 228 kB/s)
[INFO] Downloading from central: https://repo.maven.apache.org/maven2/io/vertx/vertx-stack-depchain/3.8.5/vertx-stack-depchain-3.8.5.pom
[INFO] Downloaded from central: https://repo.maven.apache.org/maven2/io/vertx/vertx-stack-depchain/3.8.5/vertx-stack-depchain-3.8.5.pom (11 kB at 310 kB/s)
[INFO] Downloading from central: https://repo.maven.apache.org/maven2/io/vertx/vertx-stack/3.8.5/vertx-stack-3.8.5.pom
[INFO] Downloaded from central: https://repo.maven.apache.org/maven2/io/vertx/vertx-stack/3.8.5/vertx-stack-3.8.5.pom (3.2 kB at 81 kB/s)
[INFO] Downloading from central: https://repo.maven.apache.org/maven2/io/vertx/vertx-parent/14/vertx-parent-14.pom
[INFO] Downloaded from central: https://repo.maven.apache.org/maven2/io/vertx/vertx-parent/14/vertx-parent-14.pom (15 kB at 296 kB/s)
[INFO] Downloading from central: https://repo.maven.apache.org/maven2/io/vertx/vertx-dependencies/3.8.5/vertx-dependencies-3.8.5.pom
[INFO] Downloaded from central: https://repo.maven.apache.org/maven2/io/vertx/vertx-dependencies/3.8.5/vertx-dependencies-3.8.5.pom (31 kB at 702 kB/s)
[INFO] Downloading from central: https://repo.maven.apache.org/maven2/org/optaplanner/optaplanner-bom/7.36.1.Final/optaplanner-bom-7.36.1.Final.pom
[INFO] Downloaded from central: https://repo.maven.apache.org/maven2/org/optaplanner/optaplanner-bom/7.36.1.Final/optaplanner-bom-7.36.1.Final.pom (18 kB at 478 kB/s)
[INFO] Downloading from central: https://repo.maven.apache.org/maven2/org/kie/kie-user-bom-parent/7.36.1.Final/kie-user-bom-parent-7.36.1.Final.pom
[INFO] Downloaded from central: https://repo.maven.apache.org/maven2/org/kie/kie-user-bom-parent/7.36.1.Final/kie-user-bom-parent-7.36.1.Final.pom (5.7 kB at 155 kB/s)
[INFO] Downloading from central: https://repo.maven.apache.org/maven2/org/jboss/jboss-parent/31/jboss-parent-31.pom
[INFO] Downloaded from central: https://repo.maven.apache.org/maven2/org/jboss/jboss-parent/31/jboss-parent-31.pom (35 kB at 871 kB/s)
[INFO] Downloading from central: https://repo.maven.apache.org/maven2/io/quarkus/quarkus-universe-bom/1.4.1.Final/quarkus-universe-bom-1.4.1.Final.pom
[INFO] Downloaded from central: https://repo.maven.apache.org/maven2/io/quarkus/quarkus-universe-bom/1.4.1.Final/quarkus-universe-bom-1.4.1.Final.pom (267 kB at 7.0 MB/s)
[WARNING] 
[WARNING] Some problems were encountered while building the effective model for com.alibaba.csp:sentinel-annotation-quarkus-adapter-deployment:jar:1.8.1-SNAPSHOT
[WARNING] 'dependencies.dependency.(groupId:artifactId:type:classifier)' must be unique: io.quarkus:quarkus-arc-deployment:jar -> duplicate declaration of version (?) @ line 47, column 21
[WARNING] 
[WARNING] Some problems were encountered while building the effective model for com.alibaba.csp:sentinel-demo-log-logback:jar:1.8.1-SNAPSHOT
[WARNING] 'dependencies.dependency.version' for com.github.stefanbirkner:system-rules:jar is either LATEST or RELEASE (both of them are being deprecated) @ line 40, column 22
[WARNING] 
[WARNING] It is highly recommended to fix these problems because they threaten the stability of your build.
[WARNING] 
[WARNING] For this reason, future Maven versions might no longer support building such malformed projects.
[WARNING] 
Warning: KebabPizza disabling incompatible org.jacoco:jacoco-maven-plugin from sentinel-parent
Warning: KebabPizza disabling incompatible org.jacoco:jacoco-maven-plugin from sentinel-core
[INFO] ------------------------------------------------------------------------
[INFO] Reactor Build Order:
[INFO] 
[INFO] sentinel-parent                                                    [pom]
[INFO] sentinel-core                                                      [jar]
[INFO] 
[INFO] ------------------< com.alibaba.csp:sentinel-parent >-------------------
[INFO] Building sentinel-parent 1.8.1-SNAPSHOT                            [1/2]
[INFO] --------------------------------[ pom ]---------------------------------
[INFO] 
[INFO] --- maven-clean-plugin:2.5:clean (default-clean) @ sentinel-parent ---
[INFO] 
[INFO] >>> maven-pmd-plugin:3.8:check (default) > :pmd @ sentinel-parent >>>
[INFO] 
[INFO] --- maven-pmd-plugin:3.8:pmd (pmd) @ sentinel-parent ---
[INFO] 
[INFO] <<< maven-pmd-plugin:3.8:check (default) < :pmd @ sentinel-parent <<<
[INFO] 
[INFO] 
[INFO] --- maven-pmd-plugin:3.8:check (default) @ sentinel-parent ---
[INFO] 
[INFO] --- maven-install-plugin:2.4:install (default-install) @ sentinel-parent ---
[INFO] Installing /home/srafi/after-cam-ready/compare_/compile_repair_output/work/cc73b3848d0a/pom.xml to /home/srafi/.m2/repository/com/alibaba/csp/sentinel-parent/1.8.1-SNAPSHOT/sentinel-parent-1.8.1-SNAPSHOT.pom
[INFO] 
[INFO] -------------------< com.alibaba.csp:sentinel-core >--------------------
[INFO] Building sentinel-core 1.8.1-SNAPSHOT                              [2/2]
[INFO] --------------------------------[ jar ]---------------------------------
[INFO] Downloading from central: https://repo.maven.apache.org/maven2/org/awaitility/awaitility/3.1.5/awaitility-3.1.5.pom
[INFO] Downloaded from central: https://repo.maven.apache.org/maven2/org/awaitility/awaitility/3.1.5/awaitility-3.1.5.pom (3.9 kB at 122 kB/s)
[INFO] Downloading from central: https://repo.maven.apache.org/maven2/org/awaitility/awaitility-parent/3.1.5/awaitility-parent-3.1.5.pom
[INFO] Downloaded from central: https://repo.maven.apache.org/maven2/org/awaitility/awaitility-parent/3.1.5/awaitility-parent-3.1.5.pom (8.4 kB at 280 kB/s)
[INFO] Downloading from central: https://repo.maven.apache.org/maven2/org/powermock/powermock-module-junit4/2.0.0/powermock-module-junit4-2.0.0.pom
[INFO] Downloaded from central: https://repo.maven.apache.org/maven2/org/powermock/powermock-module-junit4/2.0.0/powermock-module-junit4-2.0.0.pom (6.6 kB at 184 kB/s)
[INFO] Downloading from central: https://repo.maven.apache.org/maven2/org/powermock/powermock-module-junit4-common/2.0.0/powermock-module-junit4-common-2.0.0.pom
[INFO] Downloaded from central: https://repo.maven.apache.org/maven2/org/powermock/powermock-module-junit4-common/2.0.0/powermock-module-junit4-common-2.0.0.pom (6.8 kB at 207 kB/s)
[INFO] Downloading from central: https://repo.maven.apache.org/maven2/org/powermock/powermock-reflect/2.0.0/powermock-reflect-2.0.0.pom
[INFO] Downloaded from central: https://repo.maven.apache.org/maven2/org/powermock/powermock-reflect/2.0.0/powermock-reflect-2.0.0.pom (6.5 kB at 208 kB/s)
[INFO] Downloading from central: https://repo.maven.apache.org/maven2/org/powermock/powermock-core/2.0.0/powermock-core-2.0.0.pom
[INFO] Downloaded from central: https://repo.maven.apache.org/maven2/org/powermock/powermock-core/2.0.0/powermock-core-2.0.0.pom (6.6 kB at 229 kB/s)
[INFO] Downloading from central: https://repo.maven.apache.org/maven2/org/powermock/powermock-api-mockito2/2.0.0/powermock-api-mockito2-2.0.0.pom
[INFO] Downloaded from central: https://repo.maven.apache.org/maven2/org/powermock/powermock-api-mockito2/2.0.0/powermock-api-mockito2-2.0.0.pom (6.6 kB at 188 kB/s)
[INFO] Downloading from central: https://repo.maven.apache.org/maven2/org/powermock/powermock-api-support/2.0.0/powermock-api-support-2.0.0.pom
[INFO] Downloaded from central: https://repo.maven.apache.org/maven2/org/powermock/powermock-api-support/2.0.0/powermock-api-support-2.0.0.pom (6.3 kB at 202 kB/s)
[INFO] Downloading from central: https://repo.maven.apache.org/maven2/org/awaitility/awaitility/3.1.5/awaitility-3.1.5.jar
[INFO] Downloading from central: https://repo.maven.apache.org/maven2/org/powermock/powermock-module-junit4/2.0.0/powermock-module-junit4-2.0.0.jar
[INFO] Downloading from central: https://repo.maven.apache.org/maven2/org/powermock/powermock-module-junit4-common/2.0.0/powermock-module-junit4-common-2.0.0.jar
[INFO] Downloading from central: https://repo.maven.apache.org/maven2/org/powermock/powermock-reflect/2.0.0/powermock-reflect-2.0.0.jar
[INFO] Downloading from central: https://repo.maven.apache.org/maven2/org/powermock/powermock-core/2.0.0/powermock-core-2.0.0.jar
[INFO] Downloaded from central: https://repo.maven.apache.org/maven2/org/awaitility/awaitility/3.1.5/awaitility-3.1.5.jar (103 kB at 3.0 MB/s)
[INFO] Downloading from central: https://repo.maven.apache.org/maven2/org/powermock/powermock-api-mockito2/2.0.0/powermock-api-mockito2-2.0.0.jar
[INFO] Downloaded from central: https://repo.maven.apache.org/maven2/org/powermock/powermock-module-junit4/2.0.0/powermock-module-junit4-2.0.0.jar (48 kB at 842 kB/s)
[INFO] Downloading from central: https://repo.maven.apache.org/maven2/org/powermock/powermock-api-support/2.0.0/powermock-api-support-2.0.0.jar
[INFO] Downloaded from central: https://repo.maven.apache.org/maven2/org/powermock/powermock-module-junit4-common/2.0.0/powermock-module-junit4-common-2.0.0.jar (18 kB at 290 kB/s)
[INFO] Downloaded from central: https://repo.maven.apache.org/maven2/org/powermock/powermock-core/2.0.0/powermock-core-2.0.0.jar (198 kB at 3.2 MB/s)
[INFO] Downloaded from central: https://repo.maven.apache.org/maven2/org/powermock/powermock-api-mockito2/2.0.0/powermock-api-mockito2-2.0.0.jar (88 kB at 1.4 MB/s)
[INFO] Downloaded from central: https://repo.maven.apache.org/maven2/org/powermock/powermock-reflect/2.0.0/powermock-reflect-2.0.0.jar (66 kB at 983 kB/s)
[INFO] Downloaded from central: https://repo.maven.apache.org/maven2/org/powermock/powermock-api-support/2.0.0/powermock-api-support-2.0.0.jar (22 kB at 248 kB/s)
[INFO] 
[INFO] --- maven-clean-plugin:2.5:clean (default-clean) @ sentinel-core ---
[INFO] 
[INFO] --- maven-resources-plugin:2.6:resources (default-resources) @ sentinel-core ---
[INFO] Using 'UTF-8' encoding to copy filtered resources.
[INFO] Copying 3 resources
[INFO] 
[INFO] --- maven-compiler-plugin:3.8.0:compile (default-compile) @ sentinel-core ---
[INFO] Changes detected - recompiling the module!
[INFO] Compiling 184 source files to /home/srafi/after-cam-ready/compare_/compile_repair_output/work/cc73b3848d0a/sentinel-core/target/classes
[WARNING] /home/srafi/after-cam-ready/compare_/compile_repair_output/work/cc73b3848d0a/sentinel-core/src/main/java/com/alibaba/csp/sentinel/slots/statistic/base/Striped64.java:[105,38] sun.misc.Unsafe is internal proprietary API and may be removed in a future release
[WARNING] /home/srafi/after-cam-ready/compare_/compile_repair_output/work/cc73b3848d0a/sentinel-core/src/main/java/com/alibaba/csp/sentinel/slots/statistic/base/Striped64.java:[302,34] sun.misc.Unsafe is internal proprietary API and may be removed in a future release
[WARNING] /home/srafi/after-cam-ready/compare_/compile_repair_output/work/cc73b3848d0a/sentinel-core/src/main/java/com/alibaba/csp/sentinel/slots/statistic/base/Striped64.java:[326,28] sun.misc.Unsafe is internal proprietary API and may be removed in a future release
[WARNING] /home/srafi/after-cam-ready/compare_/compile_repair_output/work/cc73b3848d0a/sentinel-core/src/main/java/com/alibaba/csp/sentinel/slots/statistic/base/Striped64.java:[328,28] sun.misc.Unsafe is internal proprietary API and may be removed in a future release
[WARNING] /home/srafi/after-cam-ready/compare_/compile_repair_output/work/cc73b3848d0a/sentinel-core/src/main/java/com/alibaba/csp/sentinel/slots/statistic/base/Striped64.java:[333,60] sun.misc.Unsafe is internal proprietary API and may be removed in a future release
[WARNING] /home/srafi/after-cam-ready/compare_/compile_repair_output/work/cc73b3848d0a/sentinel-core/src/main/java/com/alibaba/csp/sentinel/slots/statistic/base/Striped64.java:[335,40] sun.misc.Unsafe is internal proprietary API and may be removed in a future release
[WARNING] /home/srafi/after-cam-ready/compare_/compile_repair_output/work/cc73b3848d0a/sentinel-core/src/main/java/com/alibaba/csp/sentinel/slots/statistic/base/Striped64.java:[337,33] sun.misc.Unsafe is internal proprietary API and may be removed in a future release
[WARNING] /home/srafi/after-cam-ready/compare_/compile_repair_output/work/cc73b3848d0a/sentinel-core/src/main/java/com/alibaba/csp/sentinel/slots/statistic/base/Striped64.java:[339,45] sun.misc.Unsafe is internal proprietary API and may be removed in a future release
[WARNING] /home/srafi/after-cam-ready/compare_/compile_repair_output/work/cc73b3848d0a/sentinel-core/src/main/java/com/alibaba/csp/sentinel/eagleeye/EagleEyeCoreUtils.java:[199,34] sun.misc.Unsafe is internal proprietary API and may be removed in a future release
[WARNING] /home/srafi/after-cam-ready/compare_/compile_repair_output/work/cc73b3848d0a/sentinel-core/src/main/java/com/alibaba/csp/sentinel/eagleeye/EagleEyeCoreUtils.java:[202,27] sun.misc.Unsafe is internal proprietary API and may be removed in a future release
[WARNING] /home/srafi/after-cam-ready/compare_/compile_repair_output/work/cc73b3848d0a/sentinel-core/src/main/java/com/alibaba/csp/sentinel/eagleeye/EagleEyeCoreUtils.java:[214,28] sun.misc.Unsafe is internal proprietary API and may be removed in a future release
[WARNING] /home/srafi/after-cam-ready/compare_/compile_repair_output/work/cc73b3848d0a/sentinel-core/src/main/java/com/alibaba/csp/sentinel/eagleeye/EagleEyeCoreUtils.java:[216,28] sun.misc.Unsafe is internal proprietary API and may be removed in a future release
[WARNING] /home/srafi/after-cam-ready/compare_/compile_repair_output/work/cc73b3848d0a/sentinel-core/src/main/java/com/alibaba/csp/sentinel/eagleeye/EagleEyeCoreUtils.java:[221,83] sun.misc.Unsafe is internal proprietary API and may be removed in a future release
[WARNING] /home/srafi/after-cam-ready/compare_/compile_repair_output/work/cc73b3848d0a/sentinel-core/src/main/java/com/alibaba/csp/sentinel/eagleeye/EagleEyeCoreUtils.java:[223,36] sun.misc.Unsafe is internal proprietary API and may be removed in a future release
[WARNING] /home/srafi/after-cam-ready/compare_/compile_repair_output/work/cc73b3848d0a/sentinel-core/src/main/java/com/alibaba/csp/sentinel/eagleeye/EagleEyeCoreUtils.java:[224,39] sun.misc.Unsafe is internal proprietary API and may be removed in a future release
[WARNING] /home/srafi/after-cam-ready/compare_/compile_repair_output/work/cc73b3848d0a/sentinel-core/src/main/java/com/alibaba/csp/sentinel/eagleeye/EagleEyeCoreUtils.java:[224,60] sun.misc.Unsafe is internal proprietary API and may be removed in a future release
[INFO] /home/srafi/after-cam-ready/compare_/compile_repair_output/work/cc73b3848d0a/sentinel-core/src/main/java/com/alibaba/csp/sentinel/slots/block/AbstractRule.java: Some input files use unchecked or unsafe operations.
[INFO] /home/srafi/after-cam-ready/compare_/compile_repair_output/work/cc73b3848d0a/sentinel-core/src/main/java/com/alibaba/csp/sentinel/slots/block/AbstractRule.java: Recompile with -Xlint:unchecked for details.
[INFO] 
[INFO] --- maven-resources-plugin:2.6:testResources (default-testResources) @ sentinel-core ---
[INFO] Using 'UTF-8' encoding to copy filtered resources.
[INFO] skip non existing resourceDirectory /home/srafi/after-cam-ready/compare_/compile_repair_output/work/cc73b3848d0a/sentinel-core/src/test/resources
[INFO] 
[INFO] --- maven-compiler-plugin:3.8.0:testCompile (default-testCompile) @ sentinel-core ---
[INFO] Changes detected - recompiling the module!
[INFO] Compiling 62 source files to /home/srafi/after-cam-ready/compare_/compile_repair_output/work/cc73b3848d0a/sentinel-core/target/test-classes
[INFO] /home/srafi/after-cam-ready/compare_/compile_repair_output/work/cc73b3848d0a/sentinel-core/src/test/java/com/alibaba/csp/sentinel/util/function/Tuple2Test.java: /home/srafi/after-cam-ready/compare_/compile_repair_output/work/cc73b3848d0a/sentinel-core/src/test/java/com/alibaba/csp/sentinel/util/function/Tuple2Test.java uses unchecked or unsafe operations.
[INFO] /home/srafi/after-cam-ready/compare_/compile_repair_output/work/cc73b3848d0a/sentinel-core/src/test/java/com/alibaba/csp/sentinel/util/function/Tuple2Test.java: Recompile with -Xlint:unchecked for details.
[INFO] 
[INFO] --- maven-surefire-plugin:3.0.0-M8-SNAPSHOT:test (default-test) @ sentinel-core ---
[INFO] Downloading from apache.snapshots: https://repository.apache.org/snapshots/org/apache/maven/surefire/maven-surefire-common/3.0.0-M8-SNAPSHOT/maven-metadata.xml
[INFO] Downloading from apache.snapshots: https://repository.apache.org/snapshots/org/apache/maven/surefire/surefire-api/3.0.0-M8-SNAPSHOT/maven-metadata.xml
[INFO] Downloading from apache.snapshots: https://repository.apache.org/snapshots/org/apache/maven/surefire/surefire-logger-api/3.0.0-M8-SNAPSHOT/maven-metadata.xml
[INFO] Downloading from apache.snapshots: https://repository.apache.org/snapshots/org/apache/maven/surefire/surefire-shared-utils/3.0.0-M8-SNAPSHOT/maven-metadata.xml
[INFO] Downloading from apache.snapshots: https://repository.apache.org/snapshots/org/apache/maven/surefire/surefire-extensions-api/3.0.0-M8-SNAPSHOT/maven-metadata.xml
[INFO] Downloading from apache.snapshots: https://repository.apache.org/snapshots/org/apache/maven/surefire/surefire-booter/3.0.0-M8-SNAPSHOT/maven-metadata.xml
[INFO] Downloading from apache.snapshots: https://repository.apache.org/snapshots/org/apache/maven/surefire/surefire-extensions-spi/3.0.0-M8-SNAPSHOT/maven-metadata.xml
[INFO] Tests are skipped.
[INFO] 
[INFO] --- maven-jar-plugin:3.1.0:jar (default-jar) @ sentinel-core ---
[INFO] Building jar: /home/srafi/after-cam-ready/compare_/compile_repair_output/work/cc73b3848d0a/sentinel-core/target/sentinel-core-1.8.1-SNAPSHOT.jar
[INFO] 
[INFO] >>> maven-pmd-plugin:3.8:check (default) > :pmd @ sentinel-core >>>
[INFO] 
[INFO] --- maven-pmd-plugin:3.8:pmd (pmd) @ sentinel-core ---
[WARNING] Unable to locate Source XRef to link to - DISABLED
[WARNING] Unable to locate Source XRef to link to - DISABLED
[INFO] 
[INFO] <<< maven-pmd-plugin:3.8:check (default) < :pmd @ sentinel-core <<<
[INFO] 
[INFO] 
[INFO] --- maven-pmd-plugin:3.8:check (default) @ sentinel-core ---
[INFO] 
[INFO] 
[INFO] --- maven-install-plugin:2.4:install (default-install) @ sentinel-core ---
[INFO] Installing /home/srafi/after-cam-ready/compare_/compile_repair_output/work/cc73b3848d0a/sentinel-core/target/sentinel-core-1.8.1-SNAPSHOT.jar to /home/srafi/.m2/repository/com/alibaba/csp/sentinel-core/1.8.1-SNAPSHOT/sentinel-core-1.8.1-SNAPSHOT.jar
[INFO] Installing /home/srafi/after-cam-ready/compare_/compile_repair_output/work/cc73b3848d0a/sentinel-core/pom.xml to /home/srafi/.m2/repository/com/alibaba/csp/sentinel-core/1.8.1-SNAPSHOT/sentinel-core-1.8.1-SNAPSHOT.pom
[INFO] ------------------------------------------------------------------------
[INFO] Reactor Summary for sentinel-parent 1.8.1-SNAPSHOT:
[INFO] 
[INFO] sentinel-parent .................................... SUCCESS [  0.291 s]
[INFO] sentinel-core ...................................... SUCCESS [  5.069 s]
[INFO] ------------------------------------------------------------------------
[INFO] BUILD SUCCESS
[INFO] ------------------------------------------------------------------------
[INFO] Total time:  6.621 s
[INFO] Finished at: 2026-08-15T14:12:48-04:00
[INFO] ------------------------------------------------------------------------
