JAVA_HOME=/usr/lib/jvm/java-17-openjdk-amd64
COMMAND=mvn -B clean install -DskipTests -U -pl stream-coordinator -am -Ddependency-check.skip=true -Dgpg.skip=true -DfailIfNoTests=false -Dskip.installnodenpm=true -Dskip.npm=true -Dskip.yarn=true -Dlicense.skip=true -Dcheckstyle.skip=true -Drat.skip=true -Denforcer.skip=true -Danimal.sniffer.skip=true -Dmaven.javadoc.skip=true -Dfindbugs.skip=true -Dspotbugs.skip=true -Dwarbucks.skip=true -Dmodernizer.skip=true -Dimpsort.skip=true -Dmdep.analyze.skip=true -Dpgpverify.skip=true -Dxml.skip=true -Dcobertura.skip=true

[INFO] Scanning for projects...
[WARNING] 
[WARNING] Some problems were encountered while building the effective model for org.apache.kylin:kylin-core-common:jar:3.0.0-SNAPSHOT
[WARNING] 'build.plugins.plugin.version' for net.alchim31.maven:scala-maven-plugin is missing. @ org.apache.kylin:kylin:3.0.0-SNAPSHOT, /home/srafi/after-cam-ready/compare_/compile_repair_output/work/826800f01c03/pom.xml, line 1296, column 15
[WARNING] 
[WARNING] Some problems were encountered while building the effective model for org.apache.kylin:kylin-core-metadata:jar:3.0.0-SNAPSHOT
[WARNING] 'build.plugins.plugin.version' for net.alchim31.maven:scala-maven-plugin is missing. @ org.apache.kylin:kylin:3.0.0-SNAPSHOT, /home/srafi/after-cam-ready/compare_/compile_repair_output/work/826800f01c03/pom.xml, line 1296, column 15
[WARNING] 
[WARNING] Some problems were encountered while building the effective model for org.apache.kylin:kylin-core-dictionary:jar:3.0.0-SNAPSHOT
[WARNING] 'build.plugins.plugin.version' for net.alchim31.maven:scala-maven-plugin is missing. @ org.apache.kylin:kylin:3.0.0-SNAPSHOT, /home/srafi/after-cam-ready/compare_/compile_repair_output/work/826800f01c03/pom.xml, line 1296, column 15
[WARNING] 
[WARNING] Some problems were encountered while building the effective model for org.apache.kylin:kylin-core-cube:jar:3.0.0-SNAPSHOT
[WARNING] 'build.plugins.plugin.version' for net.alchim31.maven:scala-maven-plugin is missing. @ org.apache.kylin:kylin:3.0.0-SNAPSHOT, /home/srafi/after-cam-ready/compare_/compile_repair_output/work/826800f01c03/pom.xml, line 1296, column 15
[WARNING] 
[WARNING] Some problems were encountered while building the effective model for org.apache.kylin:kylin-core-job:jar:3.0.0-SNAPSHOT
[WARNING] 'build.plugins.plugin.version' for net.alchim31.maven:scala-maven-plugin is missing. @ org.apache.kylin:kylin:3.0.0-SNAPSHOT, /home/srafi/after-cam-ready/compare_/compile_repair_output/work/826800f01c03/pom.xml, line 1296, column 15
[WARNING] 
[WARNING] Some problems were encountered while building the effective model for org.apache.kylin:kylin-core-storage:jar:3.0.0-SNAPSHOT
[WARNING] 'build.plugins.plugin.version' for net.alchim31.maven:scala-maven-plugin is missing. @ org.apache.kylin:kylin:3.0.0-SNAPSHOT, /home/srafi/after-cam-ready/compare_/compile_repair_output/work/826800f01c03/pom.xml, line 1296, column 15
[WARNING] 
[WARNING] Some problems were encountered while building the effective model for org.apache.kylin:kylin-engine-mr:jar:3.0.0-SNAPSHOT
[WARNING] 'build.plugins.plugin.version' for net.alchim31.maven:scala-maven-plugin is missing. @ org.apache.kylin:kylin:3.0.0-SNAPSHOT, /home/srafi/after-cam-ready/compare_/compile_repair_output/work/826800f01c03/pom.xml, line 1296, column 15
[WARNING] 
[WARNING] Some problems were encountered while building the effective model for org.apache.kylin:kylin-engine-spark:jar:3.0.0-SNAPSHOT
[WARNING] 'build.plugins.plugin.version' for net.alchim31.maven:scala-maven-plugin is missing. @ line 125, column 21
[WARNING] 
[WARNING] Some problems were encountered while building the effective model for org.apache.kylin:kylin-source-hive:jar:3.0.0-SNAPSHOT
[WARNING] 'build.plugins.plugin.version' for net.alchim31.maven:scala-maven-plugin is missing. @ org.apache.kylin:kylin:3.0.0-SNAPSHOT, /home/srafi/after-cam-ready/compare_/compile_repair_output/work/826800f01c03/pom.xml, line 1296, column 15
[WARNING] 
[WARNING] Some problems were encountered while building the effective model for org.apache.kylin:kylin-source-jdbc:jar:3.0.0-SNAPSHOT
[WARNING] 'build.plugins.plugin.version' for net.alchim31.maven:scala-maven-plugin is missing. @ org.apache.kylin:kylin:3.0.0-SNAPSHOT, /home/srafi/after-cam-ready/compare_/compile_repair_output/work/826800f01c03/pom.xml, line 1296, column 15
[WARNING] 
[WARNING] Some problems were encountered while building the effective model for org.apache.kylin:kylin-source-kafka:jar:3.0.0-SNAPSHOT
[WARNING] 'build.plugins.plugin.version' for net.alchim31.maven:scala-maven-plugin is missing. @ org.apache.kylin:kylin:3.0.0-SNAPSHOT, /home/srafi/after-cam-ready/compare_/compile_repair_output/work/826800f01c03/pom.xml, line 1296, column 15
[WARNING] 
[WARNING] Some problems were encountered while building the effective model for org.apache.kylin:kylin-storage-hbase:jar:3.0.0-SNAPSHOT
[WARNING] 'build.plugins.plugin.version' for net.alchim31.maven:scala-maven-plugin is missing. @ org.apache.kylin:kylin:3.0.0-SNAPSHOT, /home/srafi/after-cam-ready/compare_/compile_repair_output/work/826800f01c03/pom.xml, line 1296, column 15
[WARNING] 
[WARNING] Some problems were encountered while building the effective model for org.apache.kylin:kylin-query:jar:3.0.0-SNAPSHOT
[WARNING] 'build.plugins.plugin.version' for net.alchim31.maven:scala-maven-plugin is missing. @ org.apache.kylin:kylin:3.0.0-SNAPSHOT, /home/srafi/after-cam-ready/compare_/compile_repair_output/work/826800f01c03/pom.xml, line 1296, column 15
[WARNING] 
[WARNING] Some problems were encountered while building the effective model for org.apache.kylin:kylin-server-base:jar:3.0.0-SNAPSHOT
[WARNING] 'build.plugins.plugin.version' for net.alchim31.maven:scala-maven-plugin is missing. @ org.apache.kylin:kylin:3.0.0-SNAPSHOT, /home/srafi/after-cam-ready/compare_/compile_repair_output/work/826800f01c03/pom.xml, line 1296, column 15
[WARNING] 
[WARNING] Some problems were encountered while building the effective model for org.apache.kylin:kylin-server:war:3.0.0-SNAPSHOT
[WARNING] 'build.plugins.plugin.version' for net.alchim31.maven:scala-maven-plugin is missing. @ org.apache.kylin:kylin:3.0.0-SNAPSHOT, /home/srafi/after-cam-ready/compare_/compile_repair_output/work/826800f01c03/pom.xml, line 1296, column 15
[WARNING] 
[WARNING] Some problems were encountered while building the effective model for org.apache.kylin:kylin-jdbc:jar:3.0.0-SNAPSHOT
[WARNING] 'build.plugins.plugin.version' for net.alchim31.maven:scala-maven-plugin is missing. @ org.apache.kylin:kylin:3.0.0-SNAPSHOT, /home/srafi/after-cam-ready/compare_/compile_repair_output/work/826800f01c03/pom.xml, line 1296, column 15
[WARNING] 
[WARNING] Some problems were encountered while building the effective model for org.apache.kylin:kylin-assembly:jar:3.0.0-SNAPSHOT
[WARNING] 'build.plugins.plugin.version' for net.alchim31.maven:scala-maven-plugin is missing. @ org.apache.kylin:kylin:3.0.0-SNAPSHOT, /home/srafi/after-cam-ready/compare_/compile_repair_output/work/826800f01c03/pom.xml, line 1296, column 15
[WARNING] 
[WARNING] Some problems were encountered while building the effective model for org.apache.kylin:kylin-tool:jar:3.0.0-SNAPSHOT
[WARNING] 'build.plugins.plugin.version' for net.alchim31.maven:scala-maven-plugin is missing. @ org.apache.kylin:kylin:3.0.0-SNAPSHOT, /home/srafi/after-cam-ready/compare_/compile_repair_output/work/826800f01c03/pom.xml, line 1296, column 15
[WARNING] 
[WARNING] Some problems were encountered while building the effective model for org.apache.kylin:kylin-tool-assembly:jar:3.0.0-SNAPSHOT
[WARNING] 'build.plugins.plugin.version' for net.alchim31.maven:scala-maven-plugin is missing. @ org.apache.kylin:kylin:3.0.0-SNAPSHOT, /home/srafi/after-cam-ready/compare_/compile_repair_output/work/826800f01c03/pom.xml, line 1296, column 15
[WARNING] 
[WARNING] Some problems were encountered while building the effective model for org.apache.kylin:kylin-it:jar:3.0.0-SNAPSHOT
[WARNING] 'build.plugins.plugin.version' for net.alchim31.maven:scala-maven-plugin is missing. @ line 344, column 21
[WARNING] 
[WARNING] Some problems were encountered while building the effective model for org.apache.kylin:kylin-tomcat-ext:jar:3.0.0-SNAPSHOT
[WARNING] 'build.plugins.plugin.version' for net.alchim31.maven:scala-maven-plugin is missing. @ org.apache.kylin:kylin:3.0.0-SNAPSHOT, /home/srafi/after-cam-ready/compare_/compile_repair_output/work/826800f01c03/pom.xml, line 1296, column 15
[WARNING] 
[WARNING] Some problems were encountered while building the effective model for org.apache.kylin:kylin-core-metrics:jar:3.0.0-SNAPSHOT
[WARNING] 'build.plugins.plugin.version' for net.alchim31.maven:scala-maven-plugin is missing. @ org.apache.kylin:kylin:3.0.0-SNAPSHOT, /home/srafi/after-cam-ready/compare_/compile_repair_output/work/826800f01c03/pom.xml, line 1296, column 15
[WARNING] 
[WARNING] Some problems were encountered while building the effective model for org.apache.kylin:kylin-metrics-reporter-hive:jar:3.0.0-SNAPSHOT
[WARNING] 'build.plugins.plugin.version' for net.alchim31.maven:scala-maven-plugin is missing. @ org.apache.kylin:kylin:3.0.0-SNAPSHOT, /home/srafi/after-cam-ready/compare_/compile_repair_output/work/826800f01c03/pom.xml, line 1296, column 15
[WARNING] 
[WARNING] Some problems were encountered while building the effective model for org.apache.kylin:kylin-metrics-reporter-kafka:jar:3.0.0-SNAPSHOT
[WARNING] 'build.plugins.plugin.version' for net.alchim31.maven:scala-maven-plugin is missing. @ org.apache.kylin:kylin:3.0.0-SNAPSHOT, /home/srafi/after-cam-ready/compare_/compile_repair_output/work/826800f01c03/pom.xml, line 1296, column 15
[WARNING] 
[WARNING] Some problems were encountered while building the effective model for org.apache.kylin:kylin-cache:jar:3.0.0-SNAPSHOT
[WARNING] 'build.plugins.plugin.version' for net.alchim31.maven:scala-maven-plugin is missing. @ org.apache.kylin:kylin:3.0.0-SNAPSHOT, /home/srafi/after-cam-ready/compare_/compile_repair_output/work/826800f01c03/pom.xml, line 1296, column 15
[WARNING] 
[WARNING] Some problems were encountered while building the effective model for org.apache.kylin:kylin-datasource-sdk:jar:3.0.0-SNAPSHOT
[WARNING] 'build.plugins.plugin.version' for net.alchim31.maven:scala-maven-plugin is missing. @ org.apache.kylin:kylin:3.0.0-SNAPSHOT, /home/srafi/after-cam-ready/compare_/compile_repair_output/work/826800f01c03/pom.xml, line 1296, column 15
[WARNING] 
[WARNING] Some problems were encountered while building the effective model for org.apache.kylin:kylin-storage-stream:jar:3.0.0-SNAPSHOT
[WARNING] 'build.plugins.plugin.version' for net.alchim31.maven:scala-maven-plugin is missing. @ org.apache.kylin:kylin:3.0.0-SNAPSHOT, /home/srafi/after-cam-ready/compare_/compile_repair_output/work/826800f01c03/pom.xml, line 1296, column 15
[WARNING] 
[WARNING] Some problems were encountered while building the effective model for org.apache.kylin:kylin-stream-receiver:jar:3.0.0-SNAPSHOT
[WARNING] 'build.plugins.plugin.version' for net.alchim31.maven:scala-maven-plugin is missing. @ org.apache.kylin:kylin:3.0.0-SNAPSHOT, /home/srafi/after-cam-ready/compare_/compile_repair_output/work/826800f01c03/pom.xml, line 1296, column 15
[WARNING] 
[WARNING] Some problems were encountered while building the effective model for org.apache.kylin:kylin-stream-coordinator:jar:3.0.0-SNAPSHOT
[WARNING] 'build.plugins.plugin.version' for net.alchim31.maven:scala-maven-plugin is missing. @ org.apache.kylin:kylin:3.0.0-SNAPSHOT, /home/srafi/after-cam-ready/compare_/compile_repair_output/work/826800f01c03/pom.xml, line 1296, column 15
[WARNING] 
[WARNING] Some problems were encountered while building the effective model for org.apache.kylin:kylin-stream-core:jar:3.0.0-SNAPSHOT
[WARNING] 'build.plugins.plugin.version' for net.alchim31.maven:scala-maven-plugin is missing. @ org.apache.kylin:kylin:3.0.0-SNAPSHOT, /home/srafi/after-cam-ready/compare_/compile_repair_output/work/826800f01c03/pom.xml, line 1296, column 15
[WARNING] 
[WARNING] Some problems were encountered while building the effective model for org.apache.kylin:kylin-stream-source-kafka:jar:3.0.0-SNAPSHOT
[WARNING] 'build.plugins.plugin.version' for net.alchim31.maven:scala-maven-plugin is missing. @ org.apache.kylin:kylin:3.0.0-SNAPSHOT, /home/srafi/after-cam-ready/compare_/compile_repair_output/work/826800f01c03/pom.xml, line 1296, column 15
[WARNING] 
[WARNING] Some problems were encountered while building the effective model for org.apache.kylin:kylin:pom:3.0.0-SNAPSHOT
[WARNING] 'build.plugins.plugin.version' for net.alchim31.maven:scala-maven-plugin is missing. @ line 1296, column 15
[WARNING] 
[WARNING] It is highly recommended to fix these problems because they threaten the stability of your build.
[WARNING] 
[WARNING] For this reason, future Maven versions might no longer support building such malformed projects.
[WARNING] 
Warning: KebabPizza disabling incompatible org.apache.maven.plugins:maven-enforcer-plugin from kylin
Warning: KebabPizza disabling incompatible org.jacoco:jacoco-maven-plugin from kylin
Warning: KebabPizza disabling incompatible org.apache.maven.plugins:maven-enforcer-plugin from kylin-core-common
Warning: KebabPizza disabling incompatible org.jacoco:jacoco-maven-plugin from kylin-core-common
Warning: KebabPizza disabling incompatible org.apache.maven.plugins:maven-enforcer-plugin from kylin-core-metadata
Warning: KebabPizza disabling incompatible org.jacoco:jacoco-maven-plugin from kylin-core-metadata
Warning: KebabPizza disabling incompatible org.apache.maven.plugins:maven-enforcer-plugin from kylin-core-dictionary
Warning: KebabPizza disabling incompatible org.jacoco:jacoco-maven-plugin from kylin-core-dictionary
Warning: KebabPizza disabling incompatible org.apache.maven.plugins:maven-enforcer-plugin from kylin-core-cube
Warning: KebabPizza disabling incompatible org.jacoco:jacoco-maven-plugin from kylin-core-cube
Warning: KebabPizza disabling incompatible org.apache.maven.plugins:maven-enforcer-plugin from kylin-core-metrics
Warning: KebabPizza disabling incompatible org.jacoco:jacoco-maven-plugin from kylin-core-metrics
Warning: KebabPizza disabling incompatible org.apache.maven.plugins:maven-enforcer-plugin from kylin-core-job
Warning: KebabPizza disabling incompatible org.jacoco:jacoco-maven-plugin from kylin-core-job
Warning: KebabPizza disabling incompatible org.apache.maven.plugins:maven-enforcer-plugin from kylin-core-storage
Warning: KebabPizza disabling incompatible org.jacoco:jacoco-maven-plugin from kylin-core-storage
Warning: KebabPizza disabling incompatible org.apache.maven.plugins:maven-enforcer-plugin from kylin-stream-core
Warning: KebabPizza disabling incompatible org.jacoco:jacoco-maven-plugin from kylin-stream-core
Warning: KebabPizza disabling incompatible org.apache.maven.plugins:maven-enforcer-plugin from kylin-engine-mr
Warning: KebabPizza disabling incompatible org.jacoco:jacoco-maven-plugin from kylin-engine-mr
Warning: KebabPizza disabling incompatible org.apache.maven.plugins:maven-enforcer-plugin from kylin-engine-spark
Warning: KebabPizza disabling incompatible org.jacoco:jacoco-maven-plugin from kylin-engine-spark
Warning: KebabPizza disabling incompatible org.apache.maven.plugins:maven-enforcer-plugin from kylin-source-hive
Warning: KebabPizza disabling incompatible org.jacoco:jacoco-maven-plugin from kylin-source-hive
Warning: KebabPizza disabling incompatible org.apache.maven.plugins:maven-enforcer-plugin from kylin-cache
Warning: KebabPizza disabling incompatible org.jacoco:jacoco-maven-plugin from kylin-cache
Warning: KebabPizza disabling incompatible org.apache.maven.plugins:maven-enforcer-plugin from kylin-storage-hbase
Warning: KebabPizza disabling incompatible org.jacoco:jacoco-maven-plugin from kylin-storage-hbase
Warning: KebabPizza disabling incompatible org.apache.maven.plugins:maven-enforcer-plugin from kylin-stream-source-kafka
Warning: KebabPizza disabling incompatible org.jacoco:jacoco-maven-plugin from kylin-stream-source-kafka
Warning: KebabPizza disabling incompatible org.apache.maven.plugins:maven-enforcer-plugin from kylin-stream-coordinator
Warning: KebabPizza disabling incompatible org.jacoco:jacoco-maven-plugin from kylin-stream-coordinator
[INFO] ------------------------------------------------------------------------
[INFO] Reactor Build Order:
[INFO] 
[INFO] Apache Kylin                                                       [pom]
[INFO] Apache Kylin - Core Common                                         [jar]
[INFO] Apache Kylin - Core Metadata                                       [jar]
[INFO] Apache Kylin - Core Dictionary                                     [jar]
[INFO] Apache Kylin - Core Cube                                           [jar]
[INFO] Apache Kylin - Core Metrics                                        [jar]
[INFO] Apache Kylin - Core Job                                            [jar]
[INFO] Apache Kylin - Core Storage                                        [jar]
[INFO] Apache Kylin - Stream Core                                         [jar]
[INFO] Apache Kylin - MapReduce Engine                                    [jar]
[INFO] Apache Kylin - Spark Engine                                        [jar]
[INFO] Apache Kylin - Hive Source                                         [jar]
[INFO] Apache Kylin - Cache                                               [jar]
[INFO] Apache Kylin - HBase Storage                                       [jar]
[INFO] Apache Kylin - Stream Source Kafka                                 [jar]
[INFO] Apache Kylin - Stream Coordinator                                  [jar]
[INFO] 
[INFO] -----------------------< org.apache.kylin:kylin >-----------------------
[INFO] Building Apache Kylin 3.0.0-SNAPSHOT                              [1/16]
[INFO] --------------------------------[ pom ]---------------------------------
[INFO] Downloading from central: https://repo.maven.apache.org/maven2/net/alchim31/maven/scala-maven-plugin/maven-metadata.xml
[INFO] Downloaded from central: https://repo.maven.apache.org/maven2/net/alchim31/maven/scala-maven-plugin/maven-metadata.xml (2.1 kB at 12 kB/s)
[INFO] 
[INFO] --- maven-clean-plugin:3.0.0:clean (default-clean) @ kylin ---
[INFO] 
[INFO] --- maven-checkstyle-plugin:2.17:check (check-style) @ kylin ---
[INFO] 
[INFO] --- maven-remote-resources-plugin:1.5:process (process-resource-bundles) @ kylin ---
[INFO] 
[INFO] --- maven-dependency-plugin:2.10:copy (copy-jamm) @ kylin ---
[INFO] Configured Artifact: com.github.jbellis:jamm:?:jar
[INFO] Copying jamm-0.3.1.jar to /home/srafi/after-cam-ready/compare_/compile_repair_output/work/826800f01c03/target/test-classes/jamm.jar
[INFO] 
[INFO] --- forbiddenapis:2.3:check (default) @ kylin ---
[INFO] Skipping execution for packaging "pom"
[INFO] 
[INFO] --- forbiddenapis:2.3:testCheck (default) @ kylin ---
[INFO] Skipping execution for packaging "pom"
[INFO] 
[INFO] --- maven-site-plugin:3.5.1:attach-descriptor (attach-descriptor) @ kylin ---
[INFO] 
[INFO] --- maven-dependency-plugin:2.10:analyze-only (analyze) @ kylin ---
[INFO] Skipping plugin execution
[INFO] 
[INFO] --- maven-install-plugin:2.5.2:install (default-install) @ kylin ---
[INFO] Installing /home/srafi/after-cam-ready/compare_/compile_repair_output/work/826800f01c03/pom.xml to /home/srafi/.m2/repository/org/apache/kylin/kylin/3.0.0-SNAPSHOT/kylin-3.0.0-SNAPSHOT.pom
[INFO] 
[INFO] -----------------< org.apache.kylin:kylin-core-common >-----------------
[INFO] Building Apache Kylin - Core Common 3.0.0-SNAPSHOT                [2/16]
[INFO] --------------------------------[ jar ]---------------------------------
[INFO] 
[INFO] --- maven-clean-plugin:3.0.0:clean (default-clean) @ kylin-core-common ---
[INFO] 
[INFO] --- maven-checkstyle-plugin:2.17:check (check-style) @ kylin-core-common ---
[INFO] 
[INFO] --- maven-remote-resources-plugin:1.5:process (process-resource-bundles) @ kylin-core-common ---
[INFO] 
[INFO] --- maven-resources-plugin:3.0.1:resources (default-resources) @ kylin-core-common ---
[INFO] Using 'UTF-8' encoding to copy filtered resources.
[INFO] Copying 3 resources
[INFO] Copying 3 resources
[INFO] 
[INFO] --- maven-compiler-plugin:3.5.1:compile (default-compile) @ kylin-core-common ---
[INFO] Changes detected - recompiling the module!
[INFO] Compiling 140 source files to /home/srafi/after-cam-ready/compare_/compile_repair_output/work/826800f01c03/core-common/target/classes
[WARNING] /home/srafi/after-cam-ready/compare_/compile_repair_output/work/826800f01c03/core-common/src/main/java/org/apache/kylin/common/util/Bytes.java:[44,15] Unsafe is internal proprietary API and may be removed in a future release
[WARNING] /home/srafi/after-cam-ready/compare_/compile_repair_output/work/826800f01c03/core-common/src/main/java/org/apache/kylin/common/util/Bytes.java:[1067,25] Unsafe is internal proprietary API and may be removed in a future release
[WARNING] /home/srafi/after-cam-ready/compare_/compile_repair_output/work/826800f01c03/core-common/src/main/java/org/apache/kylin/common/util/Bytes.java:[1075,29] Unsafe is internal proprietary API and may be removed in a future release
[WARNING] /home/srafi/after-cam-ready/compare_/compile_repair_output/work/826800f01c03/core-common/src/main/java/org/apache/kylin/common/util/Bytes.java:[1079,38] Unsafe is internal proprietary API and may be removed in a future release
[INFO] 
[INFO] --- maven-dependency-plugin:2.10:copy (copy-jamm) @ kylin-core-common ---
[INFO] Configured Artifact: com.github.jbellis:jamm:?:jar
[INFO] Copying jamm-0.3.1.jar to /home/srafi/after-cam-ready/compare_/compile_repair_output/work/826800f01c03/core-common/target/test-classes/jamm.jar
[INFO] 
[INFO] --- maven-resources-plugin:3.0.1:testResources (default-testResources) @ kylin-core-common ---
[INFO] Using 'UTF-8' encoding to copy filtered resources.
[INFO] skip non existing resourceDirectory /home/srafi/after-cam-ready/compare_/compile_repair_output/work/826800f01c03/core-common/src/test/resources
[INFO] Copying 3 resources
[INFO] 
[INFO] --- maven-compiler-plugin:3.5.1:testCompile (default-testCompile) @ kylin-core-common ---
[INFO] Changes detected - recompiling the module!
[INFO] Compiling 44 source files to /home/srafi/after-cam-ready/compare_/compile_repair_output/work/826800f01c03/core-common/target/test-classes
[WARNING] /home/srafi/after-cam-ready/compare_/compile_repair_output/work/826800f01c03/core-common/src/test/java/org/apache/kylin/common/util/HiveCmdBuilderTest.java:[76,53] GetPropertyAction is internal proprietary API and may be removed in a future release
[INFO] 
[INFO] --- forbiddenapis:2.3:check (default) @ kylin-core-common ---
[WARNING] Bundled version of ASM cannot parse bytecode of java.lang.Object class; marking runtime as not suppported.
[WARNING] Your Java runtime (OpenJDK Runtime Environment 17.0.16+8-Ubuntu-0ubuntu122.04.1) is not supported by the forbiddenapis MOJO. Please run the checks with a supported JDK!
[INFO] 
[INFO] --- forbiddenapis:2.3:testCheck (default) @ kylin-core-common ---
[WARNING] Bundled version of ASM cannot parse bytecode of java.lang.Object class; marking runtime as not suppported.
[WARNING] Your Java runtime (OpenJDK Runtime Environment 17.0.16+8-Ubuntu-0ubuntu122.04.1) is not supported by the forbiddenapis MOJO. Please run the checks with a supported JDK!
[INFO] 
[INFO] --- maven-surefire-plugin:3.0.0-M8-SNAPSHOT:test (default-test) @ kylin-core-common ---
[INFO] Downloading from apache.snapshots: https://repository.apache.org/snapshots/org/apache/maven/surefire/maven-surefire-common/3.0.0-M8-SNAPSHOT/maven-metadata.xml
[INFO] Downloading from apache.snapshots: https://repository.apache.org/snapshots/org/apache/maven/surefire/surefire-api/3.0.0-M8-SNAPSHOT/maven-metadata.xml
[INFO] Downloading from apache.snapshots: https://repository.apache.org/snapshots/org/apache/maven/surefire/surefire-logger-api/3.0.0-M8-SNAPSHOT/maven-metadata.xml
[INFO] Downloading from apache.snapshots: https://repository.apache.org/snapshots/org/apache/maven/surefire/surefire-shared-utils/3.0.0-M8-SNAPSHOT/maven-metadata.xml
[INFO] Downloading from apache.snapshots: https://repository.apache.org/snapshots/org/apache/maven/surefire/surefire-extensions-api/3.0.0-M8-SNAPSHOT/maven-metadata.xml
[INFO] Downloading from apache.snapshots: https://repository.apache.org/snapshots/org/apache/maven/surefire/surefire-booter/3.0.0-M8-SNAPSHOT/maven-metadata.xml
[INFO] Downloading from apache.snapshots: https://repository.apache.org/snapshots/org/apache/maven/surefire/surefire-extensions-spi/3.0.0-M8-SNAPSHOT/maven-metadata.xml
[INFO] Tests are skipped.
[INFO] 
[INFO] --- maven-jar-plugin:3.0.2:jar (default-jar) @ kylin-core-common ---
[INFO] Building jar: /home/srafi/after-cam-ready/compare_/compile_repair_output/work/826800f01c03/core-common/target/kylin-core-common-3.0.0-SNAPSHOT.jar
[INFO] 
[INFO] --- maven-site-plugin:3.5.1:attach-descriptor (attach-descriptor) @ kylin-core-common ---
[INFO] 
[INFO] --- maven-jar-plugin:3.0.2:test-jar (default) @ kylin-core-common ---
[INFO] Building jar: /home/srafi/after-cam-ready/compare_/compile_repair_output/work/826800f01c03/core-common/target/kylin-core-common-3.0.0-SNAPSHOT-tests.jar
[INFO] 
[INFO] --- maven-dependency-plugin:2.10:analyze-only (analyze) @ kylin-core-common ---
[INFO] Skipping plugin execution
[INFO] 
[INFO] --- maven-install-plugin:2.5.2:install (default-install) @ kylin-core-common ---
[INFO] Installing /home/srafi/after-cam-ready/compare_/compile_repair_output/work/826800f01c03/core-common/target/kylin-core-common-3.0.0-SNAPSHOT.jar to /home/srafi/.m2/repository/org/apache/kylin/kylin-core-common/3.0.0-SNAPSHOT/kylin-core-common-3.0.0-SNAPSHOT.jar
[INFO] Installing /home/srafi/after-cam-ready/compare_/compile_repair_output/work/826800f01c03/core-common/pom.xml to /home/srafi/.m2/repository/org/apache/kylin/kylin-core-common/3.0.0-SNAPSHOT/kylin-core-common-3.0.0-SNAPSHOT.pom
[INFO] Installing /home/srafi/after-cam-ready/compare_/compile_repair_output/work/826800f01c03/core-common/target/kylin-core-common-3.0.0-SNAPSHOT-tests.jar to /home/srafi/.m2/repository/org/apache/kylin/kylin-core-common/3.0.0-SNAPSHOT/kylin-core-common-3.0.0-SNAPSHOT-tests.jar
[INFO] 
[INFO] ----------------< org.apache.kylin:kylin-core-metadata >----------------
[INFO] Building Apache Kylin - Core Metadata 3.0.0-SNAPSHOT              [3/16]
[INFO] --------------------------------[ jar ]---------------------------------
[INFO] 
[INFO] --- maven-clean-plugin:3.0.0:clean (default-clean) @ kylin-core-metadata ---
[INFO] 
[INFO] --- maven-checkstyle-plugin:2.17:check (check-style) @ kylin-core-metadata ---
[INFO] 
[INFO] --- maven-remote-resources-plugin:1.5:process (process-resource-bundles) @ kylin-core-metadata ---
[INFO] 
[INFO] --- maven-resources-plugin:3.0.1:resources (default-resources) @ kylin-core-metadata ---
[INFO] Using 'UTF-8' encoding to copy filtered resources.
[INFO] skip non existing resourceDirectory /home/srafi/after-cam-ready/compare_/compile_repair_output/work/826800f01c03/core-metadata/src/main/resources
[INFO] Copying 3 resources
[INFO] 
[INFO] --- maven-compiler-plugin:3.5.1:compile (default-compile) @ kylin-core-metadata ---
[INFO] Changes detected - recompiling the module!
[INFO] Compiling 228 source files to /home/srafi/after-cam-ready/compare_/compile_repair_output/work/826800f01c03/core-metadata/target/classes
[INFO] 
[INFO] --- maven-dependency-plugin:2.10:copy (copy-jamm) @ kylin-core-metadata ---
[INFO] Configured Artifact: com.github.jbellis:jamm:?:jar
[INFO] Copying jamm-0.3.1.jar to /home/srafi/after-cam-ready/compare_/compile_repair_output/work/826800f01c03/core-metadata/target/test-classes/jamm.jar
[INFO] 
[INFO] --- maven-resources-plugin:3.0.1:testResources (default-testResources) @ kylin-core-metadata ---
[INFO] Using 'UTF-8' encoding to copy filtered resources.
[INFO] skip non existing resourceDirectory /home/srafi/after-cam-ready/compare_/compile_repair_output/work/826800f01c03/core-metadata/src/test/resources
[INFO] Copying 3 resources
[INFO] 
[INFO] --- maven-compiler-plugin:3.5.1:testCompile (default-testCompile) @ kylin-core-metadata ---
[INFO] Changes detected - recompiling the module!
[INFO] Compiling 53 source files to /home/srafi/after-cam-ready/compare_/compile_repair_output/work/826800f01c03/core-metadata/target/test-classes
[INFO] 
[INFO] --- forbiddenapis:2.3:check (default) @ kylin-core-metadata ---
[WARNING] Bundled version of ASM cannot parse bytecode of java.lang.Object class; marking runtime as not suppported.
[WARNING] Your Java runtime (OpenJDK Runtime Environment 17.0.16+8-Ubuntu-0ubuntu122.04.1) is not supported by the forbiddenapis MOJO. Please run the checks with a supported JDK!
[INFO] 
[INFO] --- forbiddenapis:2.3:testCheck (default) @ kylin-core-metadata ---
[WARNING] Bundled version of ASM cannot parse bytecode of java.lang.Object class; marking runtime as not suppported.
[WARNING] Your Java runtime (OpenJDK Runtime Environment 17.0.16+8-Ubuntu-0ubuntu122.04.1) is not supported by the forbiddenapis MOJO. Please run the checks with a supported JDK!
[INFO] 
[INFO] --- maven-surefire-plugin:3.0.0-M8-SNAPSHOT:test (default-test) @ kylin-core-metadata ---
[INFO] Tests are skipped.
[INFO] 
[INFO] --- maven-jar-plugin:3.0.2:jar (default-jar) @ kylin-core-metadata ---
[INFO] Building jar: /home/srafi/after-cam-ready/compare_/compile_repair_output/work/826800f01c03/core-metadata/target/kylin-core-metadata-3.0.0-SNAPSHOT.jar
[INFO] 
[INFO] --- maven-site-plugin:3.5.1:attach-descriptor (attach-descriptor) @ kylin-core-metadata ---
[INFO] 
[INFO] --- maven-jar-plugin:3.0.2:test-jar (default) @ kylin-core-metadata ---
[INFO] Building jar: /home/srafi/after-cam-ready/compare_/compile_repair_output/work/826800f01c03/core-metadata/target/kylin-core-metadata-3.0.0-SNAPSHOT-tests.jar
[INFO] 
[INFO] --- maven-dependency-plugin:2.10:analyze-only (analyze) @ kylin-core-metadata ---
[INFO] Skipping plugin execution
[INFO] 
[INFO] --- maven-install-plugin:2.5.2:install (default-install) @ kylin-core-metadata ---
[INFO] Installing /home/srafi/after-cam-ready/compare_/compile_repair_output/work/826800f01c03/core-metadata/target/kylin-core-metadata-3.0.0-SNAPSHOT.jar to /home/srafi/.m2/repository/org/apache/kylin/kylin-core-metadata/3.0.0-SNAPSHOT/kylin-core-metadata-3.0.0-SNAPSHOT.jar
[INFO] Installing /home/srafi/after-cam-ready/compare_/compile_repair_output/work/826800f01c03/core-metadata/pom.xml to /home/srafi/.m2/repository/org/apache/kylin/kylin-core-metadata/3.0.0-SNAPSHOT/kylin-core-metadata-3.0.0-SNAPSHOT.pom
[INFO] Installing /home/srafi/after-cam-ready/compare_/compile_repair_output/work/826800f01c03/core-metadata/target/kylin-core-metadata-3.0.0-SNAPSHOT-tests.jar to /home/srafi/.m2/repository/org/apache/kylin/kylin-core-metadata/3.0.0-SNAPSHOT/kylin-core-metadata-3.0.0-SNAPSHOT-tests.jar
[INFO] 
[INFO] ---------------< org.apache.kylin:kylin-core-dictionary >---------------
[INFO] Building Apache Kylin - Core Dictionary 3.0.0-SNAPSHOT            [4/16]
[INFO] --------------------------------[ jar ]---------------------------------
[INFO] 
[INFO] --- maven-clean-plugin:3.0.0:clean (default-clean) @ kylin-core-dictionary ---
[INFO] 
[INFO] --- maven-checkstyle-plugin:2.17:check (check-style) @ kylin-core-dictionary ---
[INFO] 
[INFO] --- maven-remote-resources-plugin:1.5:process (process-resource-bundles) @ kylin-core-dictionary ---
[INFO] 
[INFO] --- maven-resources-plugin:3.0.1:resources (default-resources) @ kylin-core-dictionary ---
[INFO] Using 'UTF-8' encoding to copy filtered resources.
[INFO] skip non existing resourceDirectory /home/srafi/after-cam-ready/compare_/compile_repair_output/work/826800f01c03/core-dictionary/src/main/resources
[INFO] Copying 3 resources
[INFO] 
[INFO] --- maven-compiler-plugin:3.5.1:compile (default-compile) @ kylin-core-dictionary ---
[INFO] Changes detected - recompiling the module!
[INFO] Compiling 60 source files to /home/srafi/after-cam-ready/compare_/compile_repair_output/work/826800f01c03/core-dictionary/target/classes
[INFO] 
[INFO] --- maven-dependency-plugin:2.10:copy (copy-jamm) @ kylin-core-dictionary ---
[INFO] Configured Artifact: com.github.jbellis:jamm:?:jar
[INFO] Copying jamm-0.3.1.jar to /home/srafi/after-cam-ready/compare_/compile_repair_output/work/826800f01c03/core-dictionary/target/test-classes/jamm.jar
[INFO] 
[INFO] --- maven-resources-plugin:3.0.1:testResources (default-testResources) @ kylin-core-dictionary ---
[INFO] Using 'UTF-8' encoding to copy filtered resources.
[INFO] Copying 2 resources
[INFO] Copying 3 resources
[INFO] 
[INFO] --- maven-compiler-plugin:3.5.1:testCompile (default-testCompile) @ kylin-core-dictionary ---
[INFO] Changes detected - recompiling the module!
[INFO] Compiling 17 source files to /home/srafi/after-cam-ready/compare_/compile_repair_output/work/826800f01c03/core-dictionary/target/test-classes
[INFO] 
[INFO] --- forbiddenapis:2.3:check (default) @ kylin-core-dictionary ---
[WARNING] Bundled version of ASM cannot parse bytecode of java.lang.Object class; marking runtime as not suppported.
[WARNING] Your Java runtime (OpenJDK Runtime Environment 17.0.16+8-Ubuntu-0ubuntu122.04.1) is not supported by the forbiddenapis MOJO. Please run the checks with a supported JDK!
[INFO] 
[INFO] --- forbiddenapis:2.3:testCheck (default) @ kylin-core-dictionary ---
[WARNING] Bundled version of ASM cannot parse bytecode of java.lang.Object class; marking runtime as not suppported.
[WARNING] Your Java runtime (OpenJDK Runtime Environment 17.0.16+8-Ubuntu-0ubuntu122.04.1) is not supported by the forbiddenapis MOJO. Please run the checks with a supported JDK!
[INFO] 
[INFO] --- maven-surefire-plugin:3.0.0-M8-SNAPSHOT:test (default-test) @ kylin-core-dictionary ---
[INFO] Tests are skipped.
[INFO] 
[INFO] --- maven-jar-plugin:3.0.2:jar (default-jar) @ kylin-core-dictionary ---
[INFO] Building jar: /home/srafi/after-cam-ready/compare_/compile_repair_output/work/826800f01c03/core-dictionary/target/kylin-core-dictionary-3.0.0-SNAPSHOT.jar
[INFO] 
[INFO] --- maven-site-plugin:3.5.1:attach-descriptor (attach-descriptor) @ kylin-core-dictionary ---
[INFO] 
[INFO] --- maven-jar-plugin:3.0.2:test-jar (default) @ kylin-core-dictionary ---
[INFO] Building jar: /home/srafi/after-cam-ready/compare_/compile_repair_output/work/826800f01c03/core-dictionary/target/kylin-core-dictionary-3.0.0-SNAPSHOT-tests.jar
[INFO] 
[INFO] --- maven-dependency-plugin:2.10:analyze-only (analyze) @ kylin-core-dictionary ---
[INFO] Skipping plugin execution
[INFO] 
[INFO] --- maven-install-plugin:2.5.2:install (default-install) @ kylin-core-dictionary ---
[INFO] Installing /home/srafi/after-cam-ready/compare_/compile_repair_output/work/826800f01c03/core-dictionary/target/kylin-core-dictionary-3.0.0-SNAPSHOT.jar to /home/srafi/.m2/repository/org/apache/kylin/kylin-core-dictionary/3.0.0-SNAPSHOT/kylin-core-dictionary-3.0.0-SNAPSHOT.jar
[INFO] Installing /home/srafi/after-cam-ready/compare_/compile_repair_output/work/826800f01c03/core-dictionary/pom.xml to /home/srafi/.m2/repository/org/apache/kylin/kylin-core-dictionary/3.0.0-SNAPSHOT/kylin-core-dictionary-3.0.0-SNAPSHOT.pom
[INFO] Installing /home/srafi/after-cam-ready/compare_/compile_repair_output/work/826800f01c03/core-dictionary/target/kylin-core-dictionary-3.0.0-SNAPSHOT-tests.jar to /home/srafi/.m2/repository/org/apache/kylin/kylin-core-dictionary/3.0.0-SNAPSHOT/kylin-core-dictionary-3.0.0-SNAPSHOT-tests.jar
[INFO] 
[INFO] ------------------< org.apache.kylin:kylin-core-cube >------------------
[INFO] Building Apache Kylin - Core Cube 3.0.0-SNAPSHOT                  [5/16]
[INFO] --------------------------------[ jar ]---------------------------------
[INFO] 
[INFO] --- maven-clean-plugin:3.0.0:clean (default-clean) @ kylin-core-cube ---
[INFO] 
[INFO] --- maven-checkstyle-plugin:2.17:check (check-style) @ kylin-core-cube ---
[INFO] 
[INFO] --- maven-remote-resources-plugin:1.5:process (process-resource-bundles) @ kylin-core-cube ---
[INFO] 
[INFO] --- maven-resources-plugin:3.0.1:resources (default-resources) @ kylin-core-cube ---
[INFO] Using 'UTF-8' encoding to copy filtered resources.
[INFO] skip non existing resourceDirectory /home/srafi/after-cam-ready/compare_/compile_repair_output/work/826800f01c03/core-cube/src/main/resources
[INFO] Copying 3 resources
[INFO] 
[INFO] --- maven-compiler-plugin:3.5.1:compile (default-compile) @ kylin-core-cube ---
[INFO] Changes detected - recompiling the module!
[INFO] Compiling 147 source files to /home/srafi/after-cam-ready/compare_/compile_repair_output/work/826800f01c03/core-cube/target/classes
[INFO] 
[INFO] --- maven-dependency-plugin:2.10:copy (copy-jamm) @ kylin-core-cube ---
[INFO] Configured Artifact: com.github.jbellis:jamm:?:jar
[INFO] Copying jamm-0.3.1.jar to /home/srafi/after-cam-ready/compare_/compile_repair_output/work/826800f01c03/core-cube/target/test-classes/jamm.jar
[INFO] 
[INFO] --- maven-resources-plugin:3.0.1:testResources (default-testResources) @ kylin-core-cube ---
[INFO] Using 'UTF-8' encoding to copy filtered resources.
[INFO] Copying 1 resource
[INFO] Copying 3 resources
[INFO] 
[INFO] --- maven-compiler-plugin:3.5.1:testCompile (default-testCompile) @ kylin-core-cube ---
[INFO] Changes detected - recompiling the module!
[INFO] Compiling 38 source files to /home/srafi/after-cam-ready/compare_/compile_repair_output/work/826800f01c03/core-cube/target/test-classes
[INFO] 
[INFO] --- forbiddenapis:2.3:check (default) @ kylin-core-cube ---
[WARNING] Bundled version of ASM cannot parse bytecode of java.lang.Object class; marking runtime as not suppported.
[WARNING] Your Java runtime (OpenJDK Runtime Environment 17.0.16+8-Ubuntu-0ubuntu122.04.1) is not supported by the forbiddenapis MOJO. Please run the checks with a supported JDK!
[INFO] 
[INFO] --- forbiddenapis:2.3:testCheck (default) @ kylin-core-cube ---
[WARNING] Bundled version of ASM cannot parse bytecode of java.lang.Object class; marking runtime as not suppported.
[WARNING] Your Java runtime (OpenJDK Runtime Environment 17.0.16+8-Ubuntu-0ubuntu122.04.1) is not supported by the forbiddenapis MOJO. Please run the checks with a supported JDK!
[INFO] 
[INFO] --- maven-surefire-plugin:3.0.0-M8-SNAPSHOT:test (default-test) @ kylin-core-cube ---
[INFO] Tests are skipped.
[INFO] 
[INFO] --- maven-jar-plugin:3.0.2:jar (default-jar) @ kylin-core-cube ---
[INFO] Building jar: /home/srafi/after-cam-ready/compare_/compile_repair_output/work/826800f01c03/core-cube/target/kylin-core-cube-3.0.0-SNAPSHOT.jar
[INFO] 
[INFO] --- maven-site-plugin:3.5.1:attach-descriptor (attach-descriptor) @ kylin-core-cube ---
[INFO] 
[INFO] --- maven-jar-plugin:3.0.2:test-jar (default) @ kylin-core-cube ---
[INFO] Building jar: /home/srafi/after-cam-ready/compare_/compile_repair_output/work/826800f01c03/core-cube/target/kylin-core-cube-3.0.0-SNAPSHOT-tests.jar
[INFO] 
[INFO] --- maven-dependency-plugin:2.10:analyze-only (analyze) @ kylin-core-cube ---
[INFO] Skipping plugin execution
[INFO] 
[INFO] --- maven-install-plugin:2.5.2:install (default-install) @ kylin-core-cube ---
[INFO] Installing /home/srafi/after-cam-ready/compare_/compile_repair_output/work/826800f01c03/core-cube/target/kylin-core-cube-3.0.0-SNAPSHOT.jar to /home/srafi/.m2/repository/org/apache/kylin/kylin-core-cube/3.0.0-SNAPSHOT/kylin-core-cube-3.0.0-SNAPSHOT.jar
[INFO] Installing /home/srafi/after-cam-ready/compare_/compile_repair_output/work/826800f01c03/core-cube/pom.xml to /home/srafi/.m2/repository/org/apache/kylin/kylin-core-cube/3.0.0-SNAPSHOT/kylin-core-cube-3.0.0-SNAPSHOT.pom
[INFO] Installing /home/srafi/after-cam-ready/compare_/compile_repair_output/work/826800f01c03/core-cube/target/kylin-core-cube-3.0.0-SNAPSHOT-tests.jar to /home/srafi/.m2/repository/org/apache/kylin/kylin-core-cube/3.0.0-SNAPSHOT/kylin-core-cube-3.0.0-SNAPSHOT-tests.jar
[INFO] 
[INFO] ----------------< org.apache.kylin:kylin-core-metrics >-----------------
[INFO] Building Apache Kylin - Core Metrics 3.0.0-SNAPSHOT               [6/16]
[INFO] --------------------------------[ jar ]---------------------------------
[INFO] 
[INFO] --- maven-clean-plugin:3.0.0:clean (default-clean) @ kylin-core-metrics ---
[INFO] 
[INFO] --- maven-checkstyle-plugin:2.17:check (check-style) @ kylin-core-metrics ---
[INFO] 
[INFO] --- maven-remote-resources-plugin:1.5:process (process-resource-bundles) @ kylin-core-metrics ---
[INFO] 
[INFO] --- maven-resources-plugin:3.0.1:resources (default-resources) @ kylin-core-metrics ---
[INFO] Using 'UTF-8' encoding to copy filtered resources.
[INFO] skip non existing resourceDirectory /home/srafi/after-cam-ready/compare_/compile_repair_output/work/826800f01c03/core-metrics/src/main/resources
[INFO] Copying 3 resources
[INFO] 
[INFO] --- maven-compiler-plugin:3.5.1:compile (default-compile) @ kylin-core-metrics ---
[INFO] Changes detected - recompiling the module!
[INFO] Compiling 25 source files to /home/srafi/after-cam-ready/compare_/compile_repair_output/work/826800f01c03/core-metrics/target/classes
[INFO] 
[INFO] --- maven-dependency-plugin:2.10:copy (copy-jamm) @ kylin-core-metrics ---
[INFO] Configured Artifact: com.github.jbellis:jamm:?:jar
[INFO] Copying jamm-0.3.1.jar to /home/srafi/after-cam-ready/compare_/compile_repair_output/work/826800f01c03/core-metrics/target/test-classes/jamm.jar
[INFO] 
[INFO] --- maven-resources-plugin:3.0.1:testResources (default-testResources) @ kylin-core-metrics ---
[INFO] Using 'UTF-8' encoding to copy filtered resources.
[INFO] skip non existing resourceDirectory /home/srafi/after-cam-ready/compare_/compile_repair_output/work/826800f01c03/core-metrics/src/test/resources
[INFO] Copying 3 resources
[INFO] 
[INFO] --- maven-compiler-plugin:3.5.1:testCompile (default-testCompile) @ kylin-core-metrics ---
[INFO] No sources to compile
[INFO] 
[INFO] --- forbiddenapis:2.3:check (default) @ kylin-core-metrics ---
[WARNING] Bundled version of ASM cannot parse bytecode of java.lang.Object class; marking runtime as not suppported.
[WARNING] Your Java runtime (OpenJDK Runtime Environment 17.0.16+8-Ubuntu-0ubuntu122.04.1) is not supported by the forbiddenapis MOJO. Please run the checks with a supported JDK!
[INFO] 
[INFO] --- forbiddenapis:2.3:testCheck (default) @ kylin-core-metrics ---
[WARNING] Bundled version of ASM cannot parse bytecode of java.lang.Object class; marking runtime as not suppported.
[WARNING] Your Java runtime (OpenJDK Runtime Environment 17.0.16+8-Ubuntu-0ubuntu122.04.1) is not supported by the forbiddenapis MOJO. Please run the checks with a supported JDK!
[INFO] 
[INFO] --- maven-surefire-plugin:3.0.0-M8-SNAPSHOT:test (default-test) @ kylin-core-metrics ---
[INFO] Tests are skipped.
[INFO] 
[INFO] --- maven-jar-plugin:3.0.2:jar (default-jar) @ kylin-core-metrics ---
[INFO] Building jar: /home/srafi/after-cam-ready/compare_/compile_repair_output/work/826800f01c03/core-metrics/target/kylin-core-metrics-3.0.0-SNAPSHOT.jar
[INFO] 
[INFO] --- maven-site-plugin:3.5.1:attach-descriptor (attach-descriptor) @ kylin-core-metrics ---
[INFO] 
[INFO] --- maven-jar-plugin:3.0.2:test-jar (default) @ kylin-core-metrics ---
[INFO] Building jar: /home/srafi/after-cam-ready/compare_/compile_repair_output/work/826800f01c03/core-metrics/target/kylin-core-metrics-3.0.0-SNAPSHOT-tests.jar
[INFO] 
[INFO] --- maven-dependency-plugin:2.10:analyze-only (analyze) @ kylin-core-metrics ---
[INFO] Skipping plugin execution
[INFO] 
[INFO] --- maven-install-plugin:2.5.2:install (default-install) @ kylin-core-metrics ---
[INFO] Installing /home/srafi/after-cam-ready/compare_/compile_repair_output/work/826800f01c03/core-metrics/target/kylin-core-metrics-3.0.0-SNAPSHOT.jar to /home/srafi/.m2/repository/org/apache/kylin/kylin-core-metrics/3.0.0-SNAPSHOT/kylin-core-metrics-3.0.0-SNAPSHOT.jar
[INFO] Installing /home/srafi/after-cam-ready/compare_/compile_repair_output/work/826800f01c03/core-metrics/pom.xml to /home/srafi/.m2/repository/org/apache/kylin/kylin-core-metrics/3.0.0-SNAPSHOT/kylin-core-metrics-3.0.0-SNAPSHOT.pom
[INFO] Installing /home/srafi/after-cam-ready/compare_/compile_repair_output/work/826800f01c03/core-metrics/target/kylin-core-metrics-3.0.0-SNAPSHOT-tests.jar to /home/srafi/.m2/repository/org/apache/kylin/kylin-core-metrics/3.0.0-SNAPSHOT/kylin-core-metrics-3.0.0-SNAPSHOT-tests.jar
[INFO] 
[INFO] ------------------< org.apache.kylin:kylin-core-job >-------------------
[INFO] Building Apache Kylin - Core Job 3.0.0-SNAPSHOT                   [7/16]
[INFO] --------------------------------[ jar ]---------------------------------
[INFO] 
[INFO] --- maven-clean-plugin:3.0.0:clean (default-clean) @ kylin-core-job ---
[INFO] 
[INFO] --- maven-checkstyle-plugin:2.17:check (check-style) @ kylin-core-job ---
[INFO] 
[INFO] --- maven-remote-resources-plugin:1.5:process (process-resource-bundles) @ kylin-core-job ---
[INFO] 
[INFO] --- maven-resources-plugin:3.0.1:resources (default-resources) @ kylin-core-job ---
[INFO] Using 'UTF-8' encoding to copy filtered resources.
[INFO] Copying 4 resources
[INFO] Copying 3 resources
[INFO] 
[INFO] --- maven-compiler-plugin:3.5.1:compile (default-compile) @ kylin-core-job ---
[INFO] Changes detected - recompiling the module!
[INFO] Compiling 62 source files to /home/srafi/after-cam-ready/compare_/compile_repair_output/work/826800f01c03/core-job/target/classes
[INFO] 
[INFO] --- maven-dependency-plugin:2.10:copy (copy-jamm) @ kylin-core-job ---
[INFO] Configured Artifact: com.github.jbellis:jamm:?:jar
[INFO] Copying jamm-0.3.1.jar to /home/srafi/after-cam-ready/compare_/compile_repair_output/work/826800f01c03/core-job/target/test-classes/jamm.jar
[INFO] 
[INFO] --- maven-resources-plugin:3.0.1:testResources (default-testResources) @ kylin-core-job ---
[INFO] Using 'UTF-8' encoding to copy filtered resources.
[INFO] skip non existing resourceDirectory /home/srafi/after-cam-ready/compare_/compile_repair_output/work/826800f01c03/core-job/src/test/resources
[INFO] Copying 3 resources
[INFO] 
[INFO] --- maven-compiler-plugin:3.5.1:testCompile (default-testCompile) @ kylin-core-job ---
[INFO] Changes detected - recompiling the module!
[INFO] Compiling 22 source files to /home/srafi/after-cam-ready/compare_/compile_repair_output/work/826800f01c03/core-job/target/test-classes
[INFO] 
[INFO] --- forbiddenapis:2.3:check (default) @ kylin-core-job ---
[WARNING] Bundled version of ASM cannot parse bytecode of java.lang.Object class; marking runtime as not suppported.
[WARNING] Your Java runtime (OpenJDK Runtime Environment 17.0.16+8-Ubuntu-0ubuntu122.04.1) is not supported by the forbiddenapis MOJO. Please run the checks with a supported JDK!
[INFO] 
[INFO] --- forbiddenapis:2.3:testCheck (default) @ kylin-core-job ---
[WARNING] Bundled version of ASM cannot parse bytecode of java.lang.Object class; marking runtime as not suppported.
[WARNING] Your Java runtime (OpenJDK Runtime Environment 17.0.16+8-Ubuntu-0ubuntu122.04.1) is not supported by the forbiddenapis MOJO. Please run the checks with a supported JDK!
[INFO] 
[INFO] --- maven-surefire-plugin:3.0.0-M8-SNAPSHOT:test (default-test) @ kylin-core-job ---
[INFO] Tests are skipped.
[INFO] 
[INFO] --- maven-jar-plugin:3.0.2:jar (default-jar) @ kylin-core-job ---
[INFO] Building jar: /home/srafi/after-cam-ready/compare_/compile_repair_output/work/826800f01c03/core-job/target/kylin-core-job-3.0.0-SNAPSHOT.jar
[INFO] 
[INFO] --- maven-site-plugin:3.5.1:attach-descriptor (attach-descriptor) @ kylin-core-job ---
[INFO] 
[INFO] --- maven-jar-plugin:3.0.2:test-jar (default) @ kylin-core-job ---
[INFO] Building jar: /home/srafi/after-cam-ready/compare_/compile_repair_output/work/826800f01c03/core-job/target/kylin-core-job-3.0.0-SNAPSHOT-tests.jar
[INFO] 
[INFO] --- maven-dependency-plugin:2.10:analyze-only (analyze) @ kylin-core-job ---
[INFO] Skipping plugin execution
[INFO] 
[INFO] --- maven-install-plugin:2.5.2:install (default-install) @ kylin-core-job ---
[INFO] Installing /home/srafi/after-cam-ready/compare_/compile_repair_output/work/826800f01c03/core-job/target/kylin-core-job-3.0.0-SNAPSHOT.jar to /home/srafi/.m2/repository/org/apache/kylin/kylin-core-job/3.0.0-SNAPSHOT/kylin-core-job-3.0.0-SNAPSHOT.jar
[INFO] Installing /home/srafi/after-cam-ready/compare_/compile_repair_output/work/826800f01c03/core-job/pom.xml to /home/srafi/.m2/repository/org/apache/kylin/kylin-core-job/3.0.0-SNAPSHOT/kylin-core-job-3.0.0-SNAPSHOT.pom
[INFO] Installing /home/srafi/after-cam-ready/compare_/compile_repair_output/work/826800f01c03/core-job/target/kylin-core-job-3.0.0-SNAPSHOT-tests.jar to /home/srafi/.m2/repository/org/apache/kylin/kylin-core-job/3.0.0-SNAPSHOT/kylin-core-job-3.0.0-SNAPSHOT-tests.jar
[INFO] 
[INFO] ----------------< org.apache.kylin:kylin-core-storage >-----------------
[INFO] Building Apache Kylin - Core Storage 3.0.0-SNAPSHOT               [8/16]
[INFO] --------------------------------[ jar ]---------------------------------
[INFO] 
[INFO] --- maven-clean-plugin:3.0.0:clean (default-clean) @ kylin-core-storage ---
[INFO] 
[INFO] --- maven-checkstyle-plugin:2.17:check (check-style) @ kylin-core-storage ---
[INFO] 
[INFO] --- maven-remote-resources-plugin:1.5:process (process-resource-bundles) @ kylin-core-storage ---
[INFO] 
[INFO] --- maven-resources-plugin:3.0.1:resources (default-resources) @ kylin-core-storage ---
[INFO] Using 'UTF-8' encoding to copy filtered resources.
[INFO] skip non existing resourceDirectory /home/srafi/after-cam-ready/compare_/compile_repair_output/work/826800f01c03/core-storage/src/main/resources
[INFO] Copying 3 resources
[INFO] 
[INFO] --- maven-compiler-plugin:3.5.1:compile (default-compile) @ kylin-core-storage ---
[INFO] Changes detected - recompiling the module!
[INFO] Compiling 29 source files to /home/srafi/after-cam-ready/compare_/compile_repair_output/work/826800f01c03/core-storage/target/classes
[INFO] 
[INFO] --- maven-dependency-plugin:2.10:copy (copy-jamm) @ kylin-core-storage ---
[INFO] Configured Artifact: com.github.jbellis:jamm:?:jar
[INFO] Copying jamm-0.3.1.jar to /home/srafi/after-cam-ready/compare_/compile_repair_output/work/826800f01c03/core-storage/target/test-classes/jamm.jar
[INFO] 
[INFO] --- maven-resources-plugin:3.0.1:testResources (default-testResources) @ kylin-core-storage ---
[INFO] Using 'UTF-8' encoding to copy filtered resources.
[INFO] skip non existing resourceDirectory /home/srafi/after-cam-ready/compare_/compile_repair_output/work/826800f01c03/core-storage/src/test/resources
[INFO] Copying 3 resources
[INFO] 
[INFO] --- maven-compiler-plugin:3.5.1:testCompile (default-testCompile) @ kylin-core-storage ---
[INFO] Changes detected - recompiling the module!
[INFO] Compiling 10 source files to /home/srafi/after-cam-ready/compare_/compile_repair_output/work/826800f01c03/core-storage/target/test-classes
[INFO] 
[INFO] --- forbiddenapis:2.3:check (default) @ kylin-core-storage ---
[WARNING] Bundled version of ASM cannot parse bytecode of java.lang.Object class; marking runtime as not suppported.
[WARNING] Your Java runtime (OpenJDK Runtime Environment 17.0.16+8-Ubuntu-0ubuntu122.04.1) is not supported by the forbiddenapis MOJO. Please run the checks with a supported JDK!
[INFO] 
[INFO] --- forbiddenapis:2.3:testCheck (default) @ kylin-core-storage ---
[WARNING] Bundled version of ASM cannot parse bytecode of java.lang.Object class; marking runtime as not suppported.
[WARNING] Your Java runtime (OpenJDK Runtime Environment 17.0.16+8-Ubuntu-0ubuntu122.04.1) is not supported by the forbiddenapis MOJO. Please run the checks with a supported JDK!
[INFO] 
[INFO] --- maven-surefire-plugin:3.0.0-M8-SNAPSHOT:test (default-test) @ kylin-core-storage ---
[INFO] Tests are skipped.
[INFO] 
[INFO] --- maven-jar-plugin:3.0.2:jar (default-jar) @ kylin-core-storage ---
[INFO] Building jar: /home/srafi/after-cam-ready/compare_/compile_repair_output/work/826800f01c03/core-storage/target/kylin-core-storage-3.0.0-SNAPSHOT.jar
[INFO] 
[INFO] --- maven-site-plugin:3.5.1:attach-descriptor (attach-descriptor) @ kylin-core-storage ---
[INFO] 
[INFO] --- maven-jar-plugin:3.0.2:test-jar (default) @ kylin-core-storage ---
[INFO] Building jar: /home/srafi/after-cam-ready/compare_/compile_repair_output/work/826800f01c03/core-storage/target/kylin-core-storage-3.0.0-SNAPSHOT-tests.jar
[INFO] 
[INFO] --- maven-dependency-plugin:2.10:analyze-only (analyze) @ kylin-core-storage ---
[INFO] Skipping plugin execution
[INFO] 
[INFO] --- maven-install-plugin:2.5.2:install (default-install) @ kylin-core-storage ---
[INFO] Installing /home/srafi/after-cam-ready/compare_/compile_repair_output/work/826800f01c03/core-storage/target/kylin-core-storage-3.0.0-SNAPSHOT.jar to /home/srafi/.m2/repository/org/apache/kylin/kylin-core-storage/3.0.0-SNAPSHOT/kylin-core-storage-3.0.0-SNAPSHOT.jar
[INFO] Installing /home/srafi/after-cam-ready/compare_/compile_repair_output/work/826800f01c03/core-storage/pom.xml to /home/srafi/.m2/repository/org/apache/kylin/kylin-core-storage/3.0.0-SNAPSHOT/kylin-core-storage-3.0.0-SNAPSHOT.pom
[INFO] Installing /home/srafi/after-cam-ready/compare_/compile_repair_output/work/826800f01c03/core-storage/target/kylin-core-storage-3.0.0-SNAPSHOT-tests.jar to /home/srafi/.m2/repository/org/apache/kylin/kylin-core-storage/3.0.0-SNAPSHOT/kylin-core-storage-3.0.0-SNAPSHOT-tests.jar
[INFO] 
[INFO] -----------------< org.apache.kylin:kylin-stream-core >-----------------
[INFO] Building Apache Kylin - Stream Core 3.0.0-SNAPSHOT                [9/16]
[INFO] --------------------------------[ jar ]---------------------------------
[INFO] ------------------------------------------------------------------------
[INFO] Reactor Summary for Apache Kylin 3.0.0-SNAPSHOT:
[INFO] 
[INFO] Apache Kylin ....................................... SUCCESS [  1.532 s]
[INFO] Apache Kylin - Core Common ......................... SUCCESS [  6.268 s]
[INFO] Apache Kylin - Core Metadata ....................... SUCCESS [  3.989 s]
[INFO] Apache Kylin - Core Dictionary ..................... SUCCESS [  3.055 s]
[INFO] Apache Kylin - Core Cube ........................... SUCCESS [  3.743 s]
[INFO] Apache Kylin - Core Metrics ........................ SUCCESS [  0.975 s]
[INFO] Apache Kylin - Core Job ............................ SUCCESS [  2.493 s]
[INFO] Apache Kylin - Core Storage ........................ SUCCESS [  2.268 s]
[INFO] Apache Kylin - Stream Core ......................... FAILURE [  0.032 s]
[INFO] Apache Kylin - MapReduce Engine .................... SKIPPED
[INFO] Apache Kylin - Spark Engine ........................ SKIPPED
[INFO] Apache Kylin - Hive Source ......................... SKIPPED
[INFO] Apache Kylin - Cache ............................... SKIPPED
[INFO] Apache Kylin - HBase Storage ....................... SKIPPED
[INFO] Apache Kylin - Stream Source Kafka ................. SKIPPED
[INFO] Apache Kylin - Stream Coordinator .................. SKIPPED
[INFO] ------------------------------------------------------------------------
[INFO] BUILD FAILURE
[INFO] ------------------------------------------------------------------------
[INFO] Total time:  24.560 s
[INFO] Finished at: 2026-08-15T15:35:43-04:00
[INFO] ------------------------------------------------------------------------
[ERROR] Failed to execute goal on project kylin-stream-core: Could not resolve dependencies for project org.apache.kylin:kylin-stream-core:jar:3.0.0-SNAPSHOT: Could not find artifact jdk.tools:jdk.tools:jar:1.7 at specified path /usr/lib/jvm/java-17-openjdk-amd64/../lib/tools.jar -> [Help 1]
[ERROR] 
[ERROR] To see the full stack trace of the errors, re-run Maven with the -e switch.
[ERROR] Re-run Maven using the -X switch to enable full debug logging.
[ERROR] 
[ERROR] For more information about the errors and possible solutions, please read the following articles:
[ERROR] [Help 1] http://cwiki.apache.org/confluence/display/MAVEN/DependencyResolutionException
[ERROR] 
[ERROR] After correcting the problems, you can resume the build with the command
[ERROR]   mvn <args> -rf :kylin-stream-core
