JAVA_HOME=/usr/lib/jvm/java-8-openjdk-amd64
COMMAND=mvn -B clean install -DskipTests -U -pl stream-coordinator -am -Ddependency-check.skip=true -Dgpg.skip=true -DfailIfNoTests=false -Dskip.installnodenpm=true -Dskip.npm=true -Dskip.yarn=true -Dlicense.skip=true -Dcheckstyle.skip=true -Drat.skip=true -Denforcer.skip=true -Danimal.sniffer.skip=true -Dmaven.javadoc.skip=true -Dfindbugs.skip=true -Dspotbugs.skip=true -Dwarbucks.skip=true -Dmodernizer.skip=true -Dimpsort.skip=true -Dmdep.analyze.skip=true -Dpgpverify.skip=true -Dxml.skip=true -Dcobertura.skip=true

[INFO] Scanning for projects...
[WARNING] 
[WARNING] Some problems were encountered while building the effective model for org.apache.kylin:kylin-core-common:jar:3.0.0
[WARNING] 'build.plugins.plugin.version' for net.alchim31.maven:scala-maven-plugin is missing. @ org.apache.kylin:kylin:3.0.0, /home/srafi/after-cam-ready/compare_/compile_repair_output/work/826800f01c03/pom.xml, line 1296, column 15
[WARNING] 
[WARNING] Some problems were encountered while building the effective model for org.apache.kylin:kylin-core-metadata:jar:3.0.0
[WARNING] 'build.plugins.plugin.version' for net.alchim31.maven:scala-maven-plugin is missing. @ org.apache.kylin:kylin:3.0.0, /home/srafi/after-cam-ready/compare_/compile_repair_output/work/826800f01c03/pom.xml, line 1296, column 15
[WARNING] 
[WARNING] Some problems were encountered while building the effective model for org.apache.kylin:kylin-core-dictionary:jar:3.0.0
[WARNING] 'build.plugins.plugin.version' for net.alchim31.maven:scala-maven-plugin is missing. @ org.apache.kylin:kylin:3.0.0, /home/srafi/after-cam-ready/compare_/compile_repair_output/work/826800f01c03/pom.xml, line 1296, column 15
[WARNING] 
[WARNING] Some problems were encountered while building the effective model for org.apache.kylin:kylin-core-cube:jar:3.0.0
[WARNING] 'build.plugins.plugin.version' for net.alchim31.maven:scala-maven-plugin is missing. @ org.apache.kylin:kylin:3.0.0, /home/srafi/after-cam-ready/compare_/compile_repair_output/work/826800f01c03/pom.xml, line 1296, column 15
[WARNING] 
[WARNING] Some problems were encountered while building the effective model for org.apache.kylin:kylin-core-job:jar:3.0.0
[WARNING] 'build.plugins.plugin.version' for net.alchim31.maven:scala-maven-plugin is missing. @ org.apache.kylin:kylin:3.0.0, /home/srafi/after-cam-ready/compare_/compile_repair_output/work/826800f01c03/pom.xml, line 1296, column 15
[WARNING] 
[WARNING] Some problems were encountered while building the effective model for org.apache.kylin:kylin-core-storage:jar:3.0.0
[WARNING] 'build.plugins.plugin.version' for net.alchim31.maven:scala-maven-plugin is missing. @ org.apache.kylin:kylin:3.0.0, /home/srafi/after-cam-ready/compare_/compile_repair_output/work/826800f01c03/pom.xml, line 1296, column 15
[WARNING] 
[WARNING] Some problems were encountered while building the effective model for org.apache.kylin:kylin-engine-mr:jar:3.0.0
[WARNING] 'build.plugins.plugin.version' for net.alchim31.maven:scala-maven-plugin is missing. @ org.apache.kylin:kylin:3.0.0, /home/srafi/after-cam-ready/compare_/compile_repair_output/work/826800f01c03/pom.xml, line 1296, column 15
[WARNING] 
[WARNING] Some problems were encountered while building the effective model for org.apache.kylin:kylin-engine-spark:jar:3.0.0
[WARNING] 'build.plugins.plugin.version' for net.alchim31.maven:scala-maven-plugin is missing. @ line 125, column 21
[WARNING] 
[WARNING] Some problems were encountered while building the effective model for org.apache.kylin:kylin-source-hive:jar:3.0.0
[WARNING] 'build.plugins.plugin.version' for net.alchim31.maven:scala-maven-plugin is missing. @ org.apache.kylin:kylin:3.0.0, /home/srafi/after-cam-ready/compare_/compile_repair_output/work/826800f01c03/pom.xml, line 1296, column 15
[WARNING] 
[WARNING] Some problems were encountered while building the effective model for org.apache.kylin:kylin-source-jdbc:jar:3.0.0
[WARNING] 'build.plugins.plugin.version' for net.alchim31.maven:scala-maven-plugin is missing. @ org.apache.kylin:kylin:3.0.0, /home/srafi/after-cam-ready/compare_/compile_repair_output/work/826800f01c03/pom.xml, line 1296, column 15
[WARNING] 
[WARNING] Some problems were encountered while building the effective model for org.apache.kylin:kylin-source-kafka:jar:3.0.0
[WARNING] 'build.plugins.plugin.version' for net.alchim31.maven:scala-maven-plugin is missing. @ org.apache.kylin:kylin:3.0.0, /home/srafi/after-cam-ready/compare_/compile_repair_output/work/826800f01c03/pom.xml, line 1296, column 15
[WARNING] 
[WARNING] Some problems were encountered while building the effective model for org.apache.kylin:kylin-storage-hbase:jar:3.0.0
[WARNING] 'build.plugins.plugin.version' for net.alchim31.maven:scala-maven-plugin is missing. @ org.apache.kylin:kylin:3.0.0, /home/srafi/after-cam-ready/compare_/compile_repair_output/work/826800f01c03/pom.xml, line 1296, column 15
[WARNING] 
[WARNING] Some problems were encountered while building the effective model for org.apache.kylin:kylin-query:jar:3.0.0
[WARNING] 'build.plugins.plugin.version' for net.alchim31.maven:scala-maven-plugin is missing. @ org.apache.kylin:kylin:3.0.0, /home/srafi/after-cam-ready/compare_/compile_repair_output/work/826800f01c03/pom.xml, line 1296, column 15
[WARNING] 
[WARNING] Some problems were encountered while building the effective model for org.apache.kylin:kylin-server-base:jar:3.0.0
[WARNING] 'build.plugins.plugin.version' for net.alchim31.maven:scala-maven-plugin is missing. @ org.apache.kylin:kylin:3.0.0, /home/srafi/after-cam-ready/compare_/compile_repair_output/work/826800f01c03/pom.xml, line 1296, column 15
[WARNING] 
[WARNING] Some problems were encountered while building the effective model for org.apache.kylin:kylin-server:war:3.0.0
[WARNING] 'build.plugins.plugin.version' for net.alchim31.maven:scala-maven-plugin is missing. @ org.apache.kylin:kylin:3.0.0, /home/srafi/after-cam-ready/compare_/compile_repair_output/work/826800f01c03/pom.xml, line 1296, column 15
[WARNING] 
[WARNING] Some problems were encountered while building the effective model for org.apache.kylin:kylin-jdbc:jar:3.0.0
[WARNING] 'build.plugins.plugin.version' for net.alchim31.maven:scala-maven-plugin is missing. @ org.apache.kylin:kylin:3.0.0, /home/srafi/after-cam-ready/compare_/compile_repair_output/work/826800f01c03/pom.xml, line 1296, column 15
[WARNING] 
[WARNING] Some problems were encountered while building the effective model for org.apache.kylin:kylin-assembly:jar:3.0.0
[WARNING] 'build.plugins.plugin.version' for net.alchim31.maven:scala-maven-plugin is missing. @ org.apache.kylin:kylin:3.0.0, /home/srafi/after-cam-ready/compare_/compile_repair_output/work/826800f01c03/pom.xml, line 1296, column 15
[WARNING] 
[WARNING] Some problems were encountered while building the effective model for org.apache.kylin:kylin-tool:jar:3.0.0
[WARNING] 'build.plugins.plugin.version' for net.alchim31.maven:scala-maven-plugin is missing. @ org.apache.kylin:kylin:3.0.0, /home/srafi/after-cam-ready/compare_/compile_repair_output/work/826800f01c03/pom.xml, line 1296, column 15
[WARNING] 
[WARNING] Some problems were encountered while building the effective model for org.apache.kylin:kylin-tool-assembly:jar:3.0.0
[WARNING] 'build.plugins.plugin.version' for net.alchim31.maven:scala-maven-plugin is missing. @ org.apache.kylin:kylin:3.0.0, /home/srafi/after-cam-ready/compare_/compile_repair_output/work/826800f01c03/pom.xml, line 1296, column 15
[WARNING] 
[WARNING] Some problems were encountered while building the effective model for org.apache.kylin:kylin-it:jar:3.0.0
[WARNING] 'build.plugins.plugin.version' for net.alchim31.maven:scala-maven-plugin is missing. @ line 344, column 21
[WARNING] 
[WARNING] Some problems were encountered while building the effective model for org.apache.kylin:kylin-tomcat-ext:jar:3.0.0
[WARNING] 'build.plugins.plugin.version' for net.alchim31.maven:scala-maven-plugin is missing. @ org.apache.kylin:kylin:3.0.0, /home/srafi/after-cam-ready/compare_/compile_repair_output/work/826800f01c03/pom.xml, line 1296, column 15
[WARNING] 
[WARNING] Some problems were encountered while building the effective model for org.apache.kylin:kylin-core-metrics:jar:3.0.0
[WARNING] 'build.plugins.plugin.version' for net.alchim31.maven:scala-maven-plugin is missing. @ org.apache.kylin:kylin:3.0.0, /home/srafi/after-cam-ready/compare_/compile_repair_output/work/826800f01c03/pom.xml, line 1296, column 15
[WARNING] 
[WARNING] Some problems were encountered while building the effective model for org.apache.kylin:kylin-metrics-reporter-hive:jar:3.0.0
[WARNING] 'build.plugins.plugin.version' for net.alchim31.maven:scala-maven-plugin is missing. @ org.apache.kylin:kylin:3.0.0, /home/srafi/after-cam-ready/compare_/compile_repair_output/work/826800f01c03/pom.xml, line 1296, column 15
[WARNING] 
[WARNING] Some problems were encountered while building the effective model for org.apache.kylin:kylin-metrics-reporter-kafka:jar:3.0.0
[WARNING] 'build.plugins.plugin.version' for net.alchim31.maven:scala-maven-plugin is missing. @ org.apache.kylin:kylin:3.0.0, /home/srafi/after-cam-ready/compare_/compile_repair_output/work/826800f01c03/pom.xml, line 1296, column 15
[WARNING] 
[WARNING] Some problems were encountered while building the effective model for org.apache.kylin:kylin-cache:jar:3.0.0
[WARNING] 'build.plugins.plugin.version' for net.alchim31.maven:scala-maven-plugin is missing. @ org.apache.kylin:kylin:3.0.0, /home/srafi/after-cam-ready/compare_/compile_repair_output/work/826800f01c03/pom.xml, line 1296, column 15
[WARNING] 
[WARNING] Some problems were encountered while building the effective model for org.apache.kylin:kylin-datasource-sdk:jar:3.0.0
[WARNING] 'build.plugins.plugin.version' for net.alchim31.maven:scala-maven-plugin is missing. @ org.apache.kylin:kylin:3.0.0, /home/srafi/after-cam-ready/compare_/compile_repair_output/work/826800f01c03/pom.xml, line 1296, column 15
[WARNING] 
[WARNING] Some problems were encountered while building the effective model for org.apache.kylin:kylin-storage-stream:jar:3.0.0
[WARNING] 'build.plugins.plugin.version' for net.alchim31.maven:scala-maven-plugin is missing. @ org.apache.kylin:kylin:3.0.0, /home/srafi/after-cam-ready/compare_/compile_repair_output/work/826800f01c03/pom.xml, line 1296, column 15
[WARNING] 
[WARNING] Some problems were encountered while building the effective model for org.apache.kylin:kylin-stream-receiver:jar:3.0.0
[WARNING] 'build.plugins.plugin.version' for net.alchim31.maven:scala-maven-plugin is missing. @ org.apache.kylin:kylin:3.0.0, /home/srafi/after-cam-ready/compare_/compile_repair_output/work/826800f01c03/pom.xml, line 1296, column 15
[WARNING] 
[WARNING] Some problems were encountered while building the effective model for org.apache.kylin:kylin-stream-coordinator:jar:3.0.0
[WARNING] 'build.plugins.plugin.version' for net.alchim31.maven:scala-maven-plugin is missing. @ org.apache.kylin:kylin:3.0.0, /home/srafi/after-cam-ready/compare_/compile_repair_output/work/826800f01c03/pom.xml, line 1296, column 15
[WARNING] 
[WARNING] Some problems were encountered while building the effective model for org.apache.kylin:kylin-stream-core:jar:3.0.0
[WARNING] 'build.plugins.plugin.version' for net.alchim31.maven:scala-maven-plugin is missing. @ org.apache.kylin:kylin:3.0.0, /home/srafi/after-cam-ready/compare_/compile_repair_output/work/826800f01c03/pom.xml, line 1296, column 15
[WARNING] 
[WARNING] Some problems were encountered while building the effective model for org.apache.kylin:kylin-stream-source-kafka:jar:3.0.0
[WARNING] 'build.plugins.plugin.version' for net.alchim31.maven:scala-maven-plugin is missing. @ org.apache.kylin:kylin:3.0.0, /home/srafi/after-cam-ready/compare_/compile_repair_output/work/826800f01c03/pom.xml, line 1296, column 15
[WARNING] 
[WARNING] Some problems were encountered while building the effective model for org.apache.kylin:kylin:pom:3.0.0
[WARNING] 'build.plugins.plugin.version' for net.alchim31.maven:scala-maven-plugin is missing. @ line 1296, column 15
[WARNING] 
[WARNING] It is highly recommended to fix these problems because they threaten the stability of your build.
[WARNING] 
[WARNING] For this reason, future Maven versions might no longer support building such malformed projects.
[WARNING] 
Warning: KebabPizza disabling incompatible org.apache.maven.plugins:maven-enforcer-plugin from kylin
Warning: KebabPizza disabling incompatible org.jacoco:jacoco-maven-plugin from kylin
Warning: KebabPizza disabling incompatible org.apache.maven.plugins:maven-enforcer-plugin from kylin-core-common
Warning: KebabPizza disabling incompatible org.jacoco:jacoco-maven-plugin from kylin-core-common
Warning: KebabPizza disabling incompatible org.apache.maven.plugins:maven-enforcer-plugin from kylin-core-metadata
Warning: KebabPizza disabling incompatible org.jacoco:jacoco-maven-plugin from kylin-core-metadata
Warning: KebabPizza disabling incompatible org.apache.maven.plugins:maven-enforcer-plugin from kylin-core-dictionary
Warning: KebabPizza disabling incompatible org.jacoco:jacoco-maven-plugin from kylin-core-dictionary
Warning: KebabPizza disabling incompatible org.apache.maven.plugins:maven-enforcer-plugin from kylin-core-cube
Warning: KebabPizza disabling incompatible org.jacoco:jacoco-maven-plugin from kylin-core-cube
Warning: KebabPizza disabling incompatible org.apache.maven.plugins:maven-enforcer-plugin from kylin-core-metrics
Warning: KebabPizza disabling incompatible org.jacoco:jacoco-maven-plugin from kylin-core-metrics
Warning: KebabPizza disabling incompatible org.apache.maven.plugins:maven-enforcer-plugin from kylin-core-job
Warning: KebabPizza disabling incompatible org.jacoco:jacoco-maven-plugin from kylin-core-job
Warning: KebabPizza disabling incompatible org.apache.maven.plugins:maven-enforcer-plugin from kylin-core-storage
Warning: KebabPizza disabling incompatible org.jacoco:jacoco-maven-plugin from kylin-core-storage
Warning: KebabPizza disabling incompatible org.apache.maven.plugins:maven-enforcer-plugin from kylin-stream-core
Warning: KebabPizza disabling incompatible org.jacoco:jacoco-maven-plugin from kylin-stream-core
Warning: KebabPizza disabling incompatible org.apache.maven.plugins:maven-enforcer-plugin from kylin-engine-mr
Warning: KebabPizza disabling incompatible org.jacoco:jacoco-maven-plugin from kylin-engine-mr
Warning: KebabPizza disabling incompatible org.apache.maven.plugins:maven-enforcer-plugin from kylin-engine-spark
Warning: KebabPizza disabling incompatible org.jacoco:jacoco-maven-plugin from kylin-engine-spark
Warning: KebabPizza disabling incompatible org.apache.maven.plugins:maven-enforcer-plugin from kylin-source-hive
Warning: KebabPizza disabling incompatible org.jacoco:jacoco-maven-plugin from kylin-source-hive
Warning: KebabPizza disabling incompatible org.apache.maven.plugins:maven-enforcer-plugin from kylin-cache
Warning: KebabPizza disabling incompatible org.jacoco:jacoco-maven-plugin from kylin-cache
Warning: KebabPizza disabling incompatible org.apache.maven.plugins:maven-enforcer-plugin from kylin-storage-hbase
Warning: KebabPizza disabling incompatible org.jacoco:jacoco-maven-plugin from kylin-storage-hbase
Warning: KebabPizza disabling incompatible org.apache.maven.plugins:maven-enforcer-plugin from kylin-stream-source-kafka
Warning: KebabPizza disabling incompatible org.jacoco:jacoco-maven-plugin from kylin-stream-source-kafka
Warning: KebabPizza disabling incompatible org.apache.maven.plugins:maven-enforcer-plugin from kylin-stream-coordinator
Warning: KebabPizza disabling incompatible org.jacoco:jacoco-maven-plugin from kylin-stream-coordinator
[INFO] ------------------------------------------------------------------------
[INFO] Reactor Build Order:
[INFO] 
[INFO] Apache Kylin                                                       [pom]
[INFO] Apache Kylin - Core Common                                         [jar]
[INFO] Apache Kylin - Core Metadata                                       [jar]
[INFO] Apache Kylin - Core Dictionary                                     [jar]
[INFO] Apache Kylin - Core Cube                                           [jar]
[INFO] Apache Kylin - Core Metrics                                        [jar]
[INFO] Apache Kylin - Core Job                                            [jar]
[INFO] Apache Kylin - Core Storage                                        [jar]
[INFO] Apache Kylin - Stream Core                                         [jar]
[INFO] Apache Kylin - MapReduce Engine                                    [jar]
[INFO] Apache Kylin - Spark Engine                                        [jar]
[INFO] Apache Kylin - Hive Source                                         [jar]
[INFO] Apache Kylin - Cache                                               [jar]
[INFO] Apache Kylin - HBase Storage                                       [jar]
[INFO] Apache Kylin - Stream Source Kafka                                 [jar]
[INFO] Apache Kylin - Stream Coordinator                                  [jar]
[INFO] 
[INFO] -----------------------< org.apache.kylin:kylin >-----------------------
[INFO] Building Apache Kylin 3.0.0                                       [1/16]
[INFO] --------------------------------[ pom ]---------------------------------
[INFO] Downloading from central: https://repo.maven.apache.org/maven2/net/alchim31/maven/scala-maven-plugin/maven-metadata.xml
[INFO] Downloaded from central: https://repo.maven.apache.org/maven2/net/alchim31/maven/scala-maven-plugin/maven-metadata.xml (2.1 kB at 7.9 kB/s)
[INFO] 
[INFO] --- maven-clean-plugin:3.0.0:clean (default-clean) @ kylin ---
[INFO] 
[INFO] --- maven-checkstyle-plugin:2.17:check (check-style) @ kylin ---
[INFO] 
[INFO] --- maven-remote-resources-plugin:1.5:process (process-resource-bundles) @ kylin ---
[INFO] 
[INFO] --- maven-dependency-plugin:2.10:copy (copy-jamm) @ kylin ---
[INFO] Configured Artifact: com.github.jbellis:jamm:?:jar
[INFO] Copying jamm-0.3.1.jar to /home/srafi/after-cam-ready/compare_/compile_repair_output/work/826800f01c03/target/test-classes/jamm.jar
[INFO] 
[INFO] --- forbiddenapis:2.3:check (default) @ kylin ---
[INFO] Skipping execution for packaging "pom"
[INFO] 
[INFO] --- forbiddenapis:2.3:testCheck (default) @ kylin ---
[INFO] Skipping execution for packaging "pom"
[INFO] 
[INFO] --- maven-site-plugin:3.5.1:attach-descriptor (attach-descriptor) @ kylin ---
[INFO] 
[INFO] --- maven-dependency-plugin:2.10:analyze-only (analyze) @ kylin ---
[INFO] Skipping plugin execution
[INFO] 
[INFO] --- maven-install-plugin:2.5.2:install (default-install) @ kylin ---
[INFO] Installing /home/srafi/after-cam-ready/compare_/compile_repair_output/work/826800f01c03/pom.xml to /home/srafi/.m2/repository/org/apache/kylin/kylin/3.0.0/kylin-3.0.0.pom
[INFO] 
[INFO] -----------------< org.apache.kylin:kylin-core-common >-----------------
[INFO] Building Apache Kylin - Core Common 3.0.0                         [2/16]
[INFO] --------------------------------[ jar ]---------------------------------
[INFO] 
[INFO] --- maven-clean-plugin:3.0.0:clean (default-clean) @ kylin-core-common ---
[INFO] 
[INFO] --- maven-checkstyle-plugin:2.17:check (check-style) @ kylin-core-common ---
[INFO] 
[INFO] --- maven-remote-resources-plugin:1.5:process (process-resource-bundles) @ kylin-core-common ---
[INFO] 
[INFO] --- maven-resources-plugin:3.0.1:resources (default-resources) @ kylin-core-common ---
[INFO] Using 'UTF-8' encoding to copy filtered resources.
[INFO] Copying 3 resources
[INFO] Copying 3 resources
[INFO] 
[INFO] --- maven-compiler-plugin:3.5.1:compile (default-compile) @ kylin-core-common ---
[INFO] Changes detected - recompiling the module!
[INFO] Compiling 140 source files to /home/srafi/after-cam-ready/compare_/compile_repair_output/work/826800f01c03/core-common/target/classes
[WARNING] /home/srafi/after-cam-ready/compare_/compile_repair_output/work/826800f01c03/core-common/src/main/java/org/apache/kylin/common/util/Bytes.java:[44,15] Unsafe is internal proprietary API and may be removed in a future release
[WARNING] /home/srafi/after-cam-ready/compare_/compile_repair_output/work/826800f01c03/core-common/src/main/java/org/apache/kylin/common/util/Bytes.java:[1067,25] Unsafe is internal proprietary API and may be removed in a future release
[WARNING] /home/srafi/after-cam-ready/compare_/compile_repair_output/work/826800f01c03/core-common/src/main/java/org/apache/kylin/common/util/Bytes.java:[1075,29] Unsafe is internal proprietary API and may be removed in a future release
[WARNING] /home/srafi/after-cam-ready/compare_/compile_repair_output/work/826800f01c03/core-common/src/main/java/org/apache/kylin/common/util/Bytes.java:[1079,38] Unsafe is internal proprietary API and may be removed in a future release
[INFO] 
[INFO] --- maven-dependency-plugin:2.10:copy (copy-jamm) @ kylin-core-common ---
[INFO] Configured Artifact: com.github.jbellis:jamm:?:jar
[INFO] Copying jamm-0.3.1.jar to /home/srafi/after-cam-ready/compare_/compile_repair_output/work/826800f01c03/core-common/target/test-classes/jamm.jar
[INFO] 
[INFO] --- maven-resources-plugin:3.0.1:testResources (default-testResources) @ kylin-core-common ---
[INFO] Using 'UTF-8' encoding to copy filtered resources.
[INFO] skip non existing resourceDirectory /home/srafi/after-cam-ready/compare_/compile_repair_output/work/826800f01c03/core-common/src/test/resources
[INFO] Copying 3 resources
[INFO] 
[INFO] --- maven-compiler-plugin:3.5.1:testCompile (default-testCompile) @ kylin-core-common ---
[INFO] Changes detected - recompiling the module!
[INFO] Compiling 44 source files to /home/srafi/after-cam-ready/compare_/compile_repair_output/work/826800f01c03/core-common/target/test-classes
[WARNING] /home/srafi/after-cam-ready/compare_/compile_repair_output/work/826800f01c03/core-common/src/test/java/org/apache/kylin/common/util/HiveCmdBuilderTest.java:[76,53] GetPropertyAction is internal proprietary API and may be removed in a future release
[INFO] 
[INFO] --- forbiddenapis:2.3:check (default) @ kylin-core-common ---
[INFO] Scanning for classes to check...
[INFO] Reading bundled API signatures: jdk-unsafe-1.8
[INFO] Reading bundled API signatures: jdk-deprecated-1.8
[INFO] Reading API signatures: /home/srafi/after-cam-ready/compare_/compile_repair_output/work/826800f01c03/dev-support/signatures.txt
[INFO] Loading classes to check...
[INFO] Scanning classes for violations...
[INFO] Scanned 221 (and 619 related) class file(s) for forbidden API invocations (in 0.15s), 0 error(s).
[INFO] 
[INFO] --- forbiddenapis:2.3:testCheck (default) @ kylin-core-common ---
[INFO] Scanning for classes to check...
[INFO] Reading bundled API signatures: jdk-unsafe-1.8
[INFO] Reading bundled API signatures: jdk-deprecated-1.8
[INFO] Reading API signatures: /home/srafi/after-cam-ready/compare_/compile_repair_output/work/826800f01c03/dev-support/signatures.txt
[INFO] Loading classes to check...
[INFO] Scanning classes for violations...
[INFO] Scanned 63 (and 413 related) class file(s) for forbidden API invocations (in 0.04s), 0 error(s).
[INFO] 
[INFO] --- maven-surefire-plugin:3.0.0-M8-SNAPSHOT:test (default-test) @ kylin-core-common ---
[INFO] Downloading from apache.snapshots: https://repository.apache.org/snapshots/org/apache/maven/surefire/maven-surefire-common/3.0.0-M8-SNAPSHOT/maven-metadata.xml
[INFO] Downloading from apache.snapshots: https://repository.apache.org/snapshots/org/apache/maven/surefire/surefire-api/3.0.0-M8-SNAPSHOT/maven-metadata.xml
[INFO] Downloading from apache.snapshots: https://repository.apache.org/snapshots/org/apache/maven/surefire/surefire-logger-api/3.0.0-M8-SNAPSHOT/maven-metadata.xml
[INFO] Downloading from apache.snapshots: https://repository.apache.org/snapshots/org/apache/maven/surefire/surefire-shared-utils/3.0.0-M8-SNAPSHOT/maven-metadata.xml
[INFO] Downloading from apache.snapshots: https://repository.apache.org/snapshots/org/apache/maven/surefire/surefire-extensions-api/3.0.0-M8-SNAPSHOT/maven-metadata.xml
[INFO] Downloading from apache.snapshots: https://repository.apache.org/snapshots/org/apache/maven/surefire/surefire-booter/3.0.0-M8-SNAPSHOT/maven-metadata.xml
[INFO] Downloading from apache.snapshots: https://repository.apache.org/snapshots/org/apache/maven/surefire/surefire-extensions-spi/3.0.0-M8-SNAPSHOT/maven-metadata.xml
[INFO] Tests are skipped.
[INFO] 
[INFO] --- maven-jar-plugin:3.0.2:jar (default-jar) @ kylin-core-common ---
[INFO] Building jar: /home/srafi/after-cam-ready/compare_/compile_repair_output/work/826800f01c03/core-common/target/kylin-core-common-3.0.0.jar
[INFO] 
[INFO] --- maven-site-plugin:3.5.1:attach-descriptor (attach-descriptor) @ kylin-core-common ---
[INFO] 
[INFO] --- maven-jar-plugin:3.0.2:test-jar (default) @ kylin-core-common ---
[INFO] Building jar: /home/srafi/after-cam-ready/compare_/compile_repair_output/work/826800f01c03/core-common/target/kylin-core-common-3.0.0-tests.jar
[INFO] 
[INFO] --- maven-dependency-plugin:2.10:analyze-only (analyze) @ kylin-core-common ---
[INFO] Skipping plugin execution
[INFO] 
[INFO] --- maven-install-plugin:2.5.2:install (default-install) @ kylin-core-common ---
[INFO] Installing /home/srafi/after-cam-ready/compare_/compile_repair_output/work/826800f01c03/core-common/target/kylin-core-common-3.0.0.jar to /home/srafi/.m2/repository/org/apache/kylin/kylin-core-common/3.0.0/kylin-core-common-3.0.0.jar
[INFO] Installing /home/srafi/after-cam-ready/compare_/compile_repair_output/work/826800f01c03/core-common/pom.xml to /home/srafi/.m2/repository/org/apache/kylin/kylin-core-common/3.0.0/kylin-core-common-3.0.0.pom
[INFO] Installing /home/srafi/after-cam-ready/compare_/compile_repair_output/work/826800f01c03/core-common/target/kylin-core-common-3.0.0-tests.jar to /home/srafi/.m2/repository/org/apache/kylin/kylin-core-common/3.0.0/kylin-core-common-3.0.0-tests.jar
[INFO] 
[INFO] ----------------< org.apache.kylin:kylin-core-metadata >----------------
[INFO] Building Apache Kylin - Core Metadata 3.0.0                       [3/16]
[INFO] --------------------------------[ jar ]---------------------------------
[INFO] 
[INFO] --- maven-clean-plugin:3.0.0:clean (default-clean) @ kylin-core-metadata ---
[INFO] 
[INFO] --- maven-checkstyle-plugin:2.17:check (check-style) @ kylin-core-metadata ---
[INFO] 
[INFO] --- maven-remote-resources-plugin:1.5:process (process-resource-bundles) @ kylin-core-metadata ---
[INFO] 
[INFO] --- maven-resources-plugin:3.0.1:resources (default-resources) @ kylin-core-metadata ---
[INFO] Using 'UTF-8' encoding to copy filtered resources.
[INFO] skip non existing resourceDirectory /home/srafi/after-cam-ready/compare_/compile_repair_output/work/826800f01c03/core-metadata/src/main/resources
[INFO] Copying 3 resources
[INFO] 
[INFO] --- maven-compiler-plugin:3.5.1:compile (default-compile) @ kylin-core-metadata ---
[INFO] Changes detected - recompiling the module!
[INFO] Compiling 228 source files to /home/srafi/after-cam-ready/compare_/compile_repair_output/work/826800f01c03/core-metadata/target/classes
[INFO] 
[INFO] --- maven-dependency-plugin:2.10:copy (copy-jamm) @ kylin-core-metadata ---
[INFO] Configured Artifact: com.github.jbellis:jamm:?:jar
[INFO] Copying jamm-0.3.1.jar to /home/srafi/after-cam-ready/compare_/compile_repair_output/work/826800f01c03/core-metadata/target/test-classes/jamm.jar
[INFO] 
[INFO] --- maven-resources-plugin:3.0.1:testResources (default-testResources) @ kylin-core-metadata ---
[INFO] Using 'UTF-8' encoding to copy filtered resources.
[INFO] skip non existing resourceDirectory /home/srafi/after-cam-ready/compare_/compile_repair_output/work/826800f01c03/core-metadata/src/test/resources
[INFO] Copying 3 resources
[INFO] 
[INFO] --- maven-compiler-plugin:3.5.1:testCompile (default-testCompile) @ kylin-core-metadata ---
[INFO] Changes detected - recompiling the module!
[INFO] Compiling 53 source files to /home/srafi/after-cam-ready/compare_/compile_repair_output/work/826800f01c03/core-metadata/target/test-classes
[INFO] 
[INFO] --- forbiddenapis:2.3:check (default) @ kylin-core-metadata ---
[INFO] Scanning for classes to check...
[INFO] Reading bundled API signatures: jdk-unsafe-1.8
[INFO] Reading bundled API signatures: jdk-deprecated-1.8
[INFO] Reading API signatures: /home/srafi/after-cam-ready/compare_/compile_repair_output/work/826800f01c03/dev-support/signatures.txt
[INFO] Loading classes to check...
[INFO] Scanning classes for violations...
[INFO] Scanned 395 (and 444 related) class file(s) for forbidden API invocations (in 0.15s), 0 error(s).
[INFO] 
[INFO] --- forbiddenapis:2.3:testCheck (default) @ kylin-core-metadata ---
[INFO] Scanning for classes to check...
[INFO] Reading bundled API signatures: jdk-unsafe-1.8
[INFO] Reading bundled API signatures: jdk-deprecated-1.8
[INFO] Reading API signatures: /home/srafi/after-cam-ready/compare_/compile_repair_output/work/826800f01c03/dev-support/signatures.txt
[INFO] Loading classes to check...
[INFO] Scanning classes for violations...
[INFO] Scanned 76 (and 452 related) class file(s) for forbidden API invocations (in 0.04s), 0 error(s).
[INFO] 
[INFO] --- maven-surefire-plugin:3.0.0-M8-SNAPSHOT:test (default-test) @ kylin-core-metadata ---
[INFO] Tests are skipped.
[INFO] 
[INFO] --- maven-jar-plugin:3.0.2:jar (default-jar) @ kylin-core-metadata ---
[INFO] Building jar: /home/srafi/after-cam-ready/compare_/compile_repair_output/work/826800f01c03/core-metadata/target/kylin-core-metadata-3.0.0.jar
[INFO] 
[INFO] --- maven-site-plugin:3.5.1:attach-descriptor (attach-descriptor) @ kylin-core-metadata ---
[INFO] 
[INFO] --- maven-jar-plugin:3.0.2:test-jar (default) @ kylin-core-metadata ---
[INFO] Building jar: /home/srafi/after-cam-ready/compare_/compile_repair_output/work/826800f01c03/core-metadata/target/kylin-core-metadata-3.0.0-tests.jar
[INFO] 
[INFO] --- maven-dependency-plugin:2.10:analyze-only (analyze) @ kylin-core-metadata ---
[INFO] Skipping plugin execution
[INFO] 
[INFO] --- maven-install-plugin:2.5.2:install (default-install) @ kylin-core-metadata ---
[INFO] Installing /home/srafi/after-cam-ready/compare_/compile_repair_output/work/826800f01c03/core-metadata/target/kylin-core-metadata-3.0.0.jar to /home/srafi/.m2/repository/org/apache/kylin/kylin-core-metadata/3.0.0/kylin-core-metadata-3.0.0.jar
[INFO] Installing /home/srafi/after-cam-ready/compare_/compile_repair_output/work/826800f01c03/core-metadata/pom.xml to /home/srafi/.m2/repository/org/apache/kylin/kylin-core-metadata/3.0.0/kylin-core-metadata-3.0.0.pom
[INFO] Installing /home/srafi/after-cam-ready/compare_/compile_repair_output/work/826800f01c03/core-metadata/target/kylin-core-metadata-3.0.0-tests.jar to /home/srafi/.m2/repository/org/apache/kylin/kylin-core-metadata/3.0.0/kylin-core-metadata-3.0.0-tests.jar
[INFO] 
[INFO] ---------------< org.apache.kylin:kylin-core-dictionary >---------------
[INFO] Building Apache Kylin - Core Dictionary 3.0.0                     [4/16]
[INFO] --------------------------------[ jar ]---------------------------------
[INFO] 
[INFO] --- maven-clean-plugin:3.0.0:clean (default-clean) @ kylin-core-dictionary ---
[INFO] 
[INFO] --- maven-checkstyle-plugin:2.17:check (check-style) @ kylin-core-dictionary ---
[INFO] 
[INFO] --- maven-remote-resources-plugin:1.5:process (process-resource-bundles) @ kylin-core-dictionary ---
[INFO] 
[INFO] --- maven-resources-plugin:3.0.1:resources (default-resources) @ kylin-core-dictionary ---
[INFO] Using 'UTF-8' encoding to copy filtered resources.
[INFO] skip non existing resourceDirectory /home/srafi/after-cam-ready/compare_/compile_repair_output/work/826800f01c03/core-dictionary/src/main/resources
[INFO] Copying 3 resources
[INFO] 
[INFO] --- maven-compiler-plugin:3.5.1:compile (default-compile) @ kylin-core-dictionary ---
[INFO] Changes detected - recompiling the module!
[INFO] Compiling 60 source files to /home/srafi/after-cam-ready/compare_/compile_repair_output/work/826800f01c03/core-dictionary/target/classes
[INFO] 
[INFO] --- maven-dependency-plugin:2.10:copy (copy-jamm) @ kylin-core-dictionary ---
[INFO] Configured Artifact: com.github.jbellis:jamm:?:jar
[INFO] Copying jamm-0.3.1.jar to /home/srafi/after-cam-ready/compare_/compile_repair_output/work/826800f01c03/core-dictionary/target/test-classes/jamm.jar
[INFO] 
[INFO] --- maven-resources-plugin:3.0.1:testResources (default-testResources) @ kylin-core-dictionary ---
[INFO] Using 'UTF-8' encoding to copy filtered resources.
[INFO] Copying 2 resources
[INFO] Copying 3 resources
[INFO] 
[INFO] --- maven-compiler-plugin:3.5.1:testCompile (default-testCompile) @ kylin-core-dictionary ---
[INFO] Changes detected - recompiling the module!
[INFO] Compiling 17 source files to /home/srafi/after-cam-ready/compare_/compile_repair_output/work/826800f01c03/core-dictionary/target/test-classes
[INFO] 
[INFO] --- forbiddenapis:2.3:check (default) @ kylin-core-dictionary ---
[INFO] Scanning for classes to check...
[INFO] Reading bundled API signatures: jdk-unsafe-1.8
[INFO] Reading bundled API signatures: jdk-deprecated-1.8
[INFO] Reading API signatures: /home/srafi/after-cam-ready/compare_/compile_repair_output/work/826800f01c03/dev-support/signatures.txt
[INFO] Loading classes to check...
[INFO] Scanning classes for violations...
[INFO] Scanned 117 (and 448 related) class file(s) for forbidden API invocations (in 0.05s), 0 error(s).
[INFO] 
[INFO] --- forbiddenapis:2.3:testCheck (default) @ kylin-core-dictionary ---
[INFO] Scanning for classes to check...
[INFO] Reading bundled API signatures: jdk-unsafe-1.8
[INFO] Reading bundled API signatures: jdk-deprecated-1.8
[INFO] Reading API signatures: /home/srafi/after-cam-ready/compare_/compile_repair_output/work/826800f01c03/dev-support/signatures.txt
[INFO] Loading classes to check...
[INFO] Scanning classes for violations...
[INFO] Scanned 37 (and 402 related) class file(s) for forbidden API invocations (in 0.04s), 0 error(s).
[INFO] 
[INFO] --- maven-surefire-plugin:3.0.0-M8-SNAPSHOT:test (default-test) @ kylin-core-dictionary ---
[INFO] Tests are skipped.
[INFO] 
[INFO] --- maven-jar-plugin:3.0.2:jar (default-jar) @ kylin-core-dictionary ---
[INFO] Building jar: /home/srafi/after-cam-ready/compare_/compile_repair_output/work/826800f01c03/core-dictionary/target/kylin-core-dictionary-3.0.0.jar
[INFO] 
[INFO] --- maven-site-plugin:3.5.1:attach-descriptor (attach-descriptor) @ kylin-core-dictionary ---
[INFO] 
[INFO] --- maven-jar-plugin:3.0.2:test-jar (default) @ kylin-core-dictionary ---
[INFO] Building jar: /home/srafi/after-cam-ready/compare_/compile_repair_output/work/826800f01c03/core-dictionary/target/kylin-core-dictionary-3.0.0-tests.jar
[INFO] 
[INFO] --- maven-dependency-plugin:2.10:analyze-only (analyze) @ kylin-core-dictionary ---
[INFO] Skipping plugin execution
[INFO] 
[INFO] --- maven-install-plugin:2.5.2:install (default-install) @ kylin-core-dictionary ---
[INFO] Installing /home/srafi/after-cam-ready/compare_/compile_repair_output/work/826800f01c03/core-dictionary/target/kylin-core-dictionary-3.0.0.jar to /home/srafi/.m2/repository/org/apache/kylin/kylin-core-dictionary/3.0.0/kylin-core-dictionary-3.0.0.jar
[INFO] Installing /home/srafi/after-cam-ready/compare_/compile_repair_output/work/826800f01c03/core-dictionary/pom.xml to /home/srafi/.m2/repository/org/apache/kylin/kylin-core-dictionary/3.0.0/kylin-core-dictionary-3.0.0.pom
[INFO] Installing /home/srafi/after-cam-ready/compare_/compile_repair_output/work/826800f01c03/core-dictionary/target/kylin-core-dictionary-3.0.0-tests.jar to /home/srafi/.m2/repository/org/apache/kylin/kylin-core-dictionary/3.0.0/kylin-core-dictionary-3.0.0-tests.jar
[INFO] 
[INFO] ------------------< org.apache.kylin:kylin-core-cube >------------------
[INFO] Building Apache Kylin - Core Cube 3.0.0                           [5/16]
[INFO] --------------------------------[ jar ]---------------------------------
[INFO] 
[INFO] --- maven-clean-plugin:3.0.0:clean (default-clean) @ kylin-core-cube ---
[INFO] 
[INFO] --- maven-checkstyle-plugin:2.17:check (check-style) @ kylin-core-cube ---
[INFO] 
[INFO] --- maven-remote-resources-plugin:1.5:process (process-resource-bundles) @ kylin-core-cube ---
[INFO] 
[INFO] --- maven-resources-plugin:3.0.1:resources (default-resources) @ kylin-core-cube ---
[INFO] Using 'UTF-8' encoding to copy filtered resources.
[INFO] skip non existing resourceDirectory /home/srafi/after-cam-ready/compare_/compile_repair_output/work/826800f01c03/core-cube/src/main/resources
[INFO] Copying 3 resources
[INFO] 
[INFO] --- maven-compiler-plugin:3.5.1:compile (default-compile) @ kylin-core-cube ---
[INFO] Changes detected - recompiling the module!
[INFO] Compiling 147 source files to /home/srafi/after-cam-ready/compare_/compile_repair_output/work/826800f01c03/core-cube/target/classes
[INFO] 
[INFO] --- maven-dependency-plugin:2.10:copy (copy-jamm) @ kylin-core-cube ---
[INFO] Configured Artifact: com.github.jbellis:jamm:?:jar
[INFO] Copying jamm-0.3.1.jar to /home/srafi/after-cam-ready/compare_/compile_repair_output/work/826800f01c03/core-cube/target/test-classes/jamm.jar
[INFO] 
[INFO] --- maven-resources-plugin:3.0.1:testResources (default-testResources) @ kylin-core-cube ---
[INFO] Using 'UTF-8' encoding to copy filtered resources.
[INFO] Copying 1 resource
[INFO] Copying 3 resources
[INFO] 
[INFO] --- maven-compiler-plugin:3.5.1:testCompile (default-testCompile) @ kylin-core-cube ---
[INFO] Changes detected - recompiling the module!
[INFO] Compiling 38 source files to /home/srafi/after-cam-ready/compare_/compile_repair_output/work/826800f01c03/core-cube/target/test-classes
[INFO] 
[INFO] --- forbiddenapis:2.3:check (default) @ kylin-core-cube ---
[INFO] Scanning for classes to check...
[INFO] Reading bundled API signatures: jdk-unsafe-1.8
[INFO] Reading bundled API signatures: jdk-deprecated-1.8
[INFO] Reading API signatures: /home/srafi/after-cam-ready/compare_/compile_repair_output/work/826800f01c03/dev-support/signatures.txt
[INFO] Loading classes to check...
[INFO] Scanning classes for violations...
[INFO] Scanned 277 (and 601 related) class file(s) for forbidden API invocations (in 0.09s), 0 error(s).
[INFO] 
[INFO] --- forbiddenapis:2.3:testCheck (default) @ kylin-core-cube ---
[INFO] Scanning for classes to check...
[INFO] Reading bundled API signatures: jdk-unsafe-1.8
[INFO] Reading bundled API signatures: jdk-deprecated-1.8
[INFO] Reading API signatures: /home/srafi/after-cam-ready/compare_/compile_repair_output/work/826800f01c03/dev-support/signatures.txt
[INFO] Loading classes to check...
[INFO] Scanning classes for violations...
[INFO] Scanned 58 (and 437 related) class file(s) for forbidden API invocations (in 0.04s), 0 error(s).
[INFO] 
[INFO] --- maven-surefire-plugin:3.0.0-M8-SNAPSHOT:test (default-test) @ kylin-core-cube ---
[INFO] Tests are skipped.
[INFO] 
[INFO] --- maven-jar-plugin:3.0.2:jar (default-jar) @ kylin-core-cube ---
[INFO] Building jar: /home/srafi/after-cam-ready/compare_/compile_repair_output/work/826800f01c03/core-cube/target/kylin-core-cube-3.0.0.jar
[INFO] 
[INFO] --- maven-site-plugin:3.5.1:attach-descriptor (attach-descriptor) @ kylin-core-cube ---
[INFO] 
[INFO] --- maven-jar-plugin:3.0.2:test-jar (default) @ kylin-core-cube ---
[INFO] Building jar: /home/srafi/after-cam-ready/compare_/compile_repair_output/work/826800f01c03/core-cube/target/kylin-core-cube-3.0.0-tests.jar
[INFO] 
[INFO] --- maven-dependency-plugin:2.10:analyze-only (analyze) @ kylin-core-cube ---
[INFO] Skipping plugin execution
[INFO] 
[INFO] --- maven-install-plugin:2.5.2:install (default-install) @ kylin-core-cube ---
[INFO] Installing /home/srafi/after-cam-ready/compare_/compile_repair_output/work/826800f01c03/core-cube/target/kylin-core-cube-3.0.0.jar to /home/srafi/.m2/repository/org/apache/kylin/kylin-core-cube/3.0.0/kylin-core-cube-3.0.0.jar
[INFO] Installing /home/srafi/after-cam-ready/compare_/compile_repair_output/work/826800f01c03/core-cube/pom.xml to /home/srafi/.m2/repository/org/apache/kylin/kylin-core-cube/3.0.0/kylin-core-cube-3.0.0.pom
[INFO] Installing /home/srafi/after-cam-ready/compare_/compile_repair_output/work/826800f01c03/core-cube/target/kylin-core-cube-3.0.0-tests.jar to /home/srafi/.m2/repository/org/apache/kylin/kylin-core-cube/3.0.0/kylin-core-cube-3.0.0-tests.jar
[INFO] 
[INFO] ----------------< org.apache.kylin:kylin-core-metrics >-----------------
[INFO] Building Apache Kylin - Core Metrics 3.0.0                        [6/16]
[INFO] --------------------------------[ jar ]---------------------------------
[INFO] 
[INFO] --- maven-clean-plugin:3.0.0:clean (default-clean) @ kylin-core-metrics ---
[INFO] 
[INFO] --- maven-checkstyle-plugin:2.17:check (check-style) @ kylin-core-metrics ---
[INFO] 
[INFO] --- maven-remote-resources-plugin:1.5:process (process-resource-bundles) @ kylin-core-metrics ---
[INFO] 
[INFO] --- maven-resources-plugin:3.0.1:resources (default-resources) @ kylin-core-metrics ---
[INFO] Using 'UTF-8' encoding to copy filtered resources.
[INFO] skip non existing resourceDirectory /home/srafi/after-cam-ready/compare_/compile_repair_output/work/826800f01c03/core-metrics/src/main/resources
[INFO] Copying 3 resources
[INFO] 
[INFO] --- maven-compiler-plugin:3.5.1:compile (default-compile) @ kylin-core-metrics ---
[INFO] Changes detected - recompiling the module!
[INFO] Compiling 25 source files to /home/srafi/after-cam-ready/compare_/compile_repair_output/work/826800f01c03/core-metrics/target/classes
[INFO] 
[INFO] --- maven-dependency-plugin:2.10:copy (copy-jamm) @ kylin-core-metrics ---
[INFO] Configured Artifact: com.github.jbellis:jamm:?:jar
[INFO] Copying jamm-0.3.1.jar to /home/srafi/after-cam-ready/compare_/compile_repair_output/work/826800f01c03/core-metrics/target/test-classes/jamm.jar
[INFO] 
[INFO] --- maven-resources-plugin:3.0.1:testResources (default-testResources) @ kylin-core-metrics ---
[INFO] Using 'UTF-8' encoding to copy filtered resources.
[INFO] skip non existing resourceDirectory /home/srafi/after-cam-ready/compare_/compile_repair_output/work/826800f01c03/core-metrics/src/test/resources
[INFO] Copying 3 resources
[INFO] 
[INFO] --- maven-compiler-plugin:3.5.1:testCompile (default-testCompile) @ kylin-core-metrics ---
[INFO] No sources to compile
[INFO] 
[INFO] --- forbiddenapis:2.3:check (default) @ kylin-core-metrics ---
[INFO] Scanning for classes to check...
[INFO] Reading bundled API signatures: jdk-unsafe-1.8
[INFO] Reading bundled API signatures: jdk-deprecated-1.8
[INFO] Reading API signatures: /home/srafi/after-cam-ready/compare_/compile_repair_output/work/826800f01c03/dev-support/signatures.txt
[INFO] Loading classes to check...
[INFO] Scanning classes for violations...
[INFO] Scanned 32 (and 305 related) class file(s) for forbidden API invocations (in 0.02s), 0 error(s).
[INFO] 
[INFO] --- forbiddenapis:2.3:testCheck (default) @ kylin-core-metrics ---
[INFO] Scanning for classes to check...
[WARNING] No classes found in '/home/srafi/after-cam-ready/compare_/compile_repair_output/work/826800f01c03/core-metrics/target/test-classes' (includes=[**/*.class], excludes=null), forbiddenapis check skipped.
[INFO] 
[INFO] --- maven-surefire-plugin:3.0.0-M8-SNAPSHOT:test (default-test) @ kylin-core-metrics ---
[INFO] Tests are skipped.
[INFO] 
[INFO] --- maven-jar-plugin:3.0.2:jar (default-jar) @ kylin-core-metrics ---
[INFO] Building jar: /home/srafi/after-cam-ready/compare_/compile_repair_output/work/826800f01c03/core-metrics/target/kylin-core-metrics-3.0.0.jar
[INFO] 
[INFO] --- maven-site-plugin:3.5.1:attach-descriptor (attach-descriptor) @ kylin-core-metrics ---
[INFO] 
[INFO] --- maven-jar-plugin:3.0.2:test-jar (default) @ kylin-core-metrics ---
[INFO] Building jar: /home/srafi/after-cam-ready/compare_/compile_repair_output/work/826800f01c03/core-metrics/target/kylin-core-metrics-3.0.0-tests.jar
[INFO] 
[INFO] --- maven-dependency-plugin:2.10:analyze-only (analyze) @ kylin-core-metrics ---
[INFO] Skipping plugin execution
[INFO] 
[INFO] --- maven-install-plugin:2.5.2:install (default-install) @ kylin-core-metrics ---
[INFO] Installing /home/srafi/after-cam-ready/compare_/compile_repair_output/work/826800f01c03/core-metrics/target/kylin-core-metrics-3.0.0.jar to /home/srafi/.m2/repository/org/apache/kylin/kylin-core-metrics/3.0.0/kylin-core-metrics-3.0.0.jar
[INFO] Installing /home/srafi/after-cam-ready/compare_/compile_repair_output/work/826800f01c03/core-metrics/pom.xml to /home/srafi/.m2/repository/org/apache/kylin/kylin-core-metrics/3.0.0/kylin-core-metrics-3.0.0.pom
[INFO] Installing /home/srafi/after-cam-ready/compare_/compile_repair_output/work/826800f01c03/core-metrics/target/kylin-core-metrics-3.0.0-tests.jar to /home/srafi/.m2/repository/org/apache/kylin/kylin-core-metrics/3.0.0/kylin-core-metrics-3.0.0-tests.jar
[INFO] 
[INFO] ------------------< org.apache.kylin:kylin-core-job >-------------------
[INFO] Building Apache Kylin - Core Job 3.0.0                            [7/16]
[INFO] --------------------------------[ jar ]---------------------------------
[INFO] 
[INFO] --- maven-clean-plugin:3.0.0:clean (default-clean) @ kylin-core-job ---
[INFO] 
[INFO] --- maven-checkstyle-plugin:2.17:check (check-style) @ kylin-core-job ---
[INFO] 
[INFO] --- maven-remote-resources-plugin:1.5:process (process-resource-bundles) @ kylin-core-job ---
[INFO] 
[INFO] --- maven-resources-plugin:3.0.1:resources (default-resources) @ kylin-core-job ---
[INFO] Using 'UTF-8' encoding to copy filtered resources.
[INFO] Copying 4 resources
[INFO] Copying 3 resources
[INFO] 
[INFO] --- maven-compiler-plugin:3.5.1:compile (default-compile) @ kylin-core-job ---
[INFO] Changes detected - recompiling the module!
[INFO] Compiling 62 source files to /home/srafi/after-cam-ready/compare_/compile_repair_output/work/826800f01c03/core-job/target/classes
[INFO] 
[INFO] --- maven-dependency-plugin:2.10:copy (copy-jamm) @ kylin-core-job ---
[INFO] Configured Artifact: com.github.jbellis:jamm:?:jar
[INFO] Copying jamm-0.3.1.jar to /home/srafi/after-cam-ready/compare_/compile_repair_output/work/826800f01c03/core-job/target/test-classes/jamm.jar
[INFO] 
[INFO] --- maven-resources-plugin:3.0.1:testResources (default-testResources) @ kylin-core-job ---
[INFO] Using 'UTF-8' encoding to copy filtered resources.
[INFO] skip non existing resourceDirectory /home/srafi/after-cam-ready/compare_/compile_repair_output/work/826800f01c03/core-job/src/test/resources
[INFO] Copying 3 resources
[INFO] 
[INFO] --- maven-compiler-plugin:3.5.1:testCompile (default-testCompile) @ kylin-core-job ---
[INFO] Changes detected - recompiling the module!
[INFO] Compiling 22 source files to /home/srafi/after-cam-ready/compare_/compile_repair_output/work/826800f01c03/core-job/target/test-classes
[INFO] 
[INFO] --- forbiddenapis:2.3:check (default) @ kylin-core-job ---
[INFO] Scanning for classes to check...
[INFO] Reading bundled API signatures: jdk-unsafe-1.8
[INFO] Reading bundled API signatures: jdk-deprecated-1.8
[INFO] Reading API signatures: /home/srafi/after-cam-ready/compare_/compile_repair_output/work/826800f01c03/dev-support/signatures.txt
[INFO] Loading classes to check...
[INFO] Scanning classes for violations...
[INFO] Scanned 85 (and 452 related) class file(s) for forbidden API invocations (in 0.04s), 0 error(s).
[INFO] 
[INFO] --- forbiddenapis:2.3:testCheck (default) @ kylin-core-job ---
[INFO] Scanning for classes to check...
[INFO] Reading bundled API signatures: jdk-unsafe-1.8
[INFO] Reading bundled API signatures: jdk-deprecated-1.8
[INFO] Reading API signatures: /home/srafi/after-cam-ready/compare_/compile_repair_output/work/826800f01c03/dev-support/signatures.txt
[INFO] Loading classes to check...
[INFO] Scanning classes for violations...
[INFO] Scanned 24 (and 363 related) class file(s) for forbidden API invocations (in 0.02s), 0 error(s).
[INFO] 
[INFO] --- maven-surefire-plugin:3.0.0-M8-SNAPSHOT:test (default-test) @ kylin-core-job ---
[INFO] Tests are skipped.
[INFO] 
[INFO] --- maven-jar-plugin:3.0.2:jar (default-jar) @ kylin-core-job ---
[INFO] Building jar: /home/srafi/after-cam-ready/compare_/compile_repair_output/work/826800f01c03/core-job/target/kylin-core-job-3.0.0.jar
[INFO] 
[INFO] --- maven-site-plugin:3.5.1:attach-descriptor (attach-descriptor) @ kylin-core-job ---
[INFO] 
[INFO] --- maven-jar-plugin:3.0.2:test-jar (default) @ kylin-core-job ---
[INFO] Building jar: /home/srafi/after-cam-ready/compare_/compile_repair_output/work/826800f01c03/core-job/target/kylin-core-job-3.0.0-tests.jar
[INFO] 
[INFO] --- maven-dependency-plugin:2.10:analyze-only (analyze) @ kylin-core-job ---
[INFO] Skipping plugin execution
[INFO] 
[INFO] --- maven-install-plugin:2.5.2:install (default-install) @ kylin-core-job ---
[INFO] Installing /home/srafi/after-cam-ready/compare_/compile_repair_output/work/826800f01c03/core-job/target/kylin-core-job-3.0.0.jar to /home/srafi/.m2/repository/org/apache/kylin/kylin-core-job/3.0.0/kylin-core-job-3.0.0.jar
[INFO] Installing /home/srafi/after-cam-ready/compare_/compile_repair_output/work/826800f01c03/core-job/pom.xml to /home/srafi/.m2/repository/org/apache/kylin/kylin-core-job/3.0.0/kylin-core-job-3.0.0.pom
[INFO] Installing /home/srafi/after-cam-ready/compare_/compile_repair_output/work/826800f01c03/core-job/target/kylin-core-job-3.0.0-tests.jar to /home/srafi/.m2/repository/org/apache/kylin/kylin-core-job/3.0.0/kylin-core-job-3.0.0-tests.jar
[INFO] 
[INFO] ----------------< org.apache.kylin:kylin-core-storage >-----------------
[INFO] Building Apache Kylin - Core Storage 3.0.0                        [8/16]
[INFO] --------------------------------[ jar ]---------------------------------
[INFO] 
[INFO] --- maven-clean-plugin:3.0.0:clean (default-clean) @ kylin-core-storage ---
[INFO] 
[INFO] --- maven-checkstyle-plugin:2.17:check (check-style) @ kylin-core-storage ---
[INFO] 
[INFO] --- maven-remote-resources-plugin:1.5:process (process-resource-bundles) @ kylin-core-storage ---
[INFO] 
[INFO] --- maven-resources-plugin:3.0.1:resources (default-resources) @ kylin-core-storage ---
[INFO] Using 'UTF-8' encoding to copy filtered resources.
[INFO] skip non existing resourceDirectory /home/srafi/after-cam-ready/compare_/compile_repair_output/work/826800f01c03/core-storage/src/main/resources
[INFO] Copying 3 resources
[INFO] 
[INFO] --- maven-compiler-plugin:3.5.1:compile (default-compile) @ kylin-core-storage ---
[INFO] Changes detected - recompiling the module!
[INFO] Compiling 29 source files to /home/srafi/after-cam-ready/compare_/compile_repair_output/work/826800f01c03/core-storage/target/classes
[INFO] 
[INFO] --- maven-dependency-plugin:2.10:copy (copy-jamm) @ kylin-core-storage ---
[INFO] Configured Artifact: com.github.jbellis:jamm:?:jar
[INFO] Copying jamm-0.3.1.jar to /home/srafi/after-cam-ready/compare_/compile_repair_output/work/826800f01c03/core-storage/target/test-classes/jamm.jar
[INFO] 
[INFO] --- maven-resources-plugin:3.0.1:testResources (default-testResources) @ kylin-core-storage ---
[INFO] Using 'UTF-8' encoding to copy filtered resources.
[INFO] skip non existing resourceDirectory /home/srafi/after-cam-ready/compare_/compile_repair_output/work/826800f01c03/core-storage/src/test/resources
[INFO] Copying 3 resources
[INFO] 
[INFO] --- maven-compiler-plugin:3.5.1:testCompile (default-testCompile) @ kylin-core-storage ---
[INFO] Changes detected - recompiling the module!
[INFO] Compiling 10 source files to /home/srafi/after-cam-ready/compare_/compile_repair_output/work/826800f01c03/core-storage/target/test-classes
[INFO] 
[INFO] --- forbiddenapis:2.3:check (default) @ kylin-core-storage ---
[INFO] Scanning for classes to check...
[INFO] Reading bundled API signatures: jdk-unsafe-1.8
[INFO] Reading bundled API signatures: jdk-deprecated-1.8
[INFO] Reading API signatures: /home/srafi/after-cam-ready/compare_/compile_repair_output/work/826800f01c03/dev-support/signatures.txt
[INFO] Loading classes to check...
[INFO] Scanning classes for violations...
[INFO] Scanned 49 (and 419 related) class file(s) for forbidden API invocations (in 0.03s), 0 error(s).
[INFO] 
[INFO] --- forbiddenapis:2.3:testCheck (default) @ kylin-core-storage ---
[INFO] Scanning for classes to check...
[INFO] Reading bundled API signatures: jdk-unsafe-1.8
[INFO] Reading bundled API signatures: jdk-deprecated-1.8
[INFO] Reading API signatures: /home/srafi/after-cam-ready/compare_/compile_repair_output/work/826800f01c03/dev-support/signatures.txt
[INFO] Loading classes to check...
[INFO] Scanning classes for violations...
[INFO] Scanned 17 (and 356 related) class file(s) for forbidden API invocations (in 0.02s), 0 error(s).
[INFO] 
[INFO] --- maven-surefire-plugin:3.0.0-M8-SNAPSHOT:test (default-test) @ kylin-core-storage ---
[INFO] Tests are skipped.
[INFO] 
[INFO] --- maven-jar-plugin:3.0.2:jar (default-jar) @ kylin-core-storage ---
[INFO] Building jar: /home/srafi/after-cam-ready/compare_/compile_repair_output/work/826800f01c03/core-storage/target/kylin-core-storage-3.0.0.jar
[INFO] 
[INFO] --- maven-site-plugin:3.5.1:attach-descriptor (attach-descriptor) @ kylin-core-storage ---
[INFO] 
[INFO] --- maven-jar-plugin:3.0.2:test-jar (default) @ kylin-core-storage ---
[INFO] Building jar: /home/srafi/after-cam-ready/compare_/compile_repair_output/work/826800f01c03/core-storage/target/kylin-core-storage-3.0.0-tests.jar
[INFO] 
[INFO] --- maven-dependency-plugin:2.10:analyze-only (analyze) @ kylin-core-storage ---
[INFO] Skipping plugin execution
[INFO] 
[INFO] --- maven-install-plugin:2.5.2:install (default-install) @ kylin-core-storage ---
[INFO] Installing /home/srafi/after-cam-ready/compare_/compile_repair_output/work/826800f01c03/core-storage/target/kylin-core-storage-3.0.0.jar to /home/srafi/.m2/repository/org/apache/kylin/kylin-core-storage/3.0.0/kylin-core-storage-3.0.0.jar
[INFO] Installing /home/srafi/after-cam-ready/compare_/compile_repair_output/work/826800f01c03/core-storage/pom.xml to /home/srafi/.m2/repository/org/apache/kylin/kylin-core-storage/3.0.0/kylin-core-storage-3.0.0.pom
[INFO] Installing /home/srafi/after-cam-ready/compare_/compile_repair_output/work/826800f01c03/core-storage/target/kylin-core-storage-3.0.0-tests.jar to /home/srafi/.m2/repository/org/apache/kylin/kylin-core-storage/3.0.0/kylin-core-storage-3.0.0-tests.jar
[INFO] 
[INFO] -----------------< org.apache.kylin:kylin-stream-core >-----------------
[INFO] Building Apache Kylin - Stream Core 3.0.0                         [9/16]
[INFO] --------------------------------[ jar ]---------------------------------
[INFO] 
[INFO] --- maven-clean-plugin:3.0.0:clean (default-clean) @ kylin-stream-core ---
[INFO] 
[INFO] --- maven-checkstyle-plugin:2.17:check (check-style) @ kylin-stream-core ---
[INFO] 
[INFO] --- maven-remote-resources-plugin:1.5:process (process-resource-bundles) @ kylin-stream-core ---
[INFO] 
[INFO] --- maven-resources-plugin:3.0.1:resources (default-resources) @ kylin-stream-core ---
[INFO] Using 'UTF-8' encoding to copy filtered resources.
[INFO] skip non existing resourceDirectory /home/srafi/after-cam-ready/compare_/compile_repair_output/work/826800f01c03/stream-core/src/main/resources
[INFO] Copying 3 resources
[INFO] 
[INFO] --- maven-compiler-plugin:3.5.1:compile (default-compile) @ kylin-stream-core ---
[INFO] Changes detected - recompiling the module!
[INFO] Compiling 144 source files to /home/srafi/after-cam-ready/compare_/compile_repair_output/work/826800f01c03/stream-core/target/classes
[WARNING] /home/srafi/after-cam-ready/compare_/compile_repair_output/work/826800f01c03/stream-core/src/main/java/org/apache/kylin/stream/core/storage/columnar/FragmentData.java:[37,17] DirectBuffer is internal proprietary API and may be removed in a future release
[WARNING] /home/srafi/after-cam-ready/compare_/compile_repair_output/work/826800f01c03/stream-core/src/main/java/org/apache/kylin/stream/core/storage/columnar/FragmentData.java:[99,34] DirectBuffer is internal proprietary API and may be removed in a future release
[WARNING] /home/srafi/after-cam-ready/compare_/compile_repair_output/work/826800f01c03/stream-core/src/main/java/org/apache/kylin/stream/core/storage/columnar/FragmentData.java:[101,24] Cleaner is internal proprietary API and may be removed in a future release
[WARNING] /home/srafi/after-cam-ready/compare_/compile_repair_output/work/826800f01c03/stream-core/src/main/java/org/apache/kylin/stream/core/storage/columnar/FragmentData.java:[101,45] DirectBuffer is internal proprietary API and may be removed in a future release
[INFO] 
[INFO] --- maven-dependency-plugin:2.10:copy (copy-jamm) @ kylin-stream-core ---
[INFO] Configured Artifact: com.github.jbellis:jamm:?:jar
[INFO] Copying jamm-0.3.1.jar to /home/srafi/after-cam-ready/compare_/compile_repair_output/work/826800f01c03/stream-core/target/test-classes/jamm.jar
[INFO] 
[INFO] --- maven-resources-plugin:3.0.1:testResources (default-testResources) @ kylin-stream-core ---
[INFO] Using 'UTF-8' encoding to copy filtered resources.
[INFO] skip non existing resourceDirectory /home/srafi/after-cam-ready/compare_/compile_repair_output/work/826800f01c03/stream-core/src/test/resources
[INFO] Copying 3 resources
[INFO] 
[INFO] --- maven-compiler-plugin:3.5.1:testCompile (default-testCompile) @ kylin-stream-core ---
[INFO] Changes detected - recompiling the module!
[INFO] Compiling 23 source files to /home/srafi/after-cam-ready/compare_/compile_repair_output/work/826800f01c03/stream-core/target/test-classes
[INFO] 
[INFO] --- forbiddenapis:2.3:check (default) @ kylin-stream-core ---
[INFO] Scanning for classes to check...
[INFO] Reading bundled API signatures: jdk-unsafe-1.8
[INFO] Reading bundled API signatures: jdk-deprecated-1.8
[INFO] Reading API signatures: /home/srafi/after-cam-ready/compare_/compile_repair_output/work/826800f01c03/dev-support/signatures.txt
[INFO] Loading classes to check...
[INFO] Scanning classes for violations...
[INFO] Scanned 231 (and 557 related) class file(s) for forbidden API invocations (in 0.06s), 0 error(s).
[INFO] 
[INFO] --- forbiddenapis:2.3:testCheck (default) @ kylin-stream-core ---
[INFO] Scanning for classes to check...
[INFO] Reading bundled API signatures: jdk-unsafe-1.8
[INFO] Reading bundled API signatures: jdk-deprecated-1.8
[INFO] Reading API signatures: /home/srafi/after-cam-ready/compare_/compile_repair_output/work/826800f01c03/dev-support/signatures.txt
[INFO] Loading classes to check...
[INFO] Scanning classes for violations...
[INFO] Scanned 26 (and 374 related) class file(s) for forbidden API invocations (in 0.03s), 0 error(s).
[INFO] 
[INFO] --- maven-surefire-plugin:3.0.0-M8-SNAPSHOT:test (default-test) @ kylin-stream-core ---
[INFO] Tests are skipped.
[INFO] 
[INFO] --- maven-jar-plugin:3.0.2:jar (default-jar) @ kylin-stream-core ---
[INFO] Building jar: /home/srafi/after-cam-ready/compare_/compile_repair_output/work/826800f01c03/stream-core/target/kylin-stream-core-3.0.0.jar
[INFO] 
[INFO] --- maven-site-plugin:3.5.1:attach-descriptor (attach-descriptor) @ kylin-stream-core ---
[INFO] 
[INFO] --- maven-jar-plugin:3.0.2:test-jar (default) @ kylin-stream-core ---
[INFO] Building jar: /home/srafi/after-cam-ready/compare_/compile_repair_output/work/826800f01c03/stream-core/target/kylin-stream-core-3.0.0-tests.jar
[INFO] 
[INFO] --- maven-dependency-plugin:2.10:analyze-only (analyze) @ kylin-stream-core ---
[INFO] Skipping plugin execution
[INFO] 
[INFO] --- maven-install-plugin:2.5.2:install (default-install) @ kylin-stream-core ---
[INFO] Installing /home/srafi/after-cam-ready/compare_/compile_repair_output/work/826800f01c03/stream-core/target/kylin-stream-core-3.0.0.jar to /home/srafi/.m2/repository/org/apache/kylin/kylin-stream-core/3.0.0/kylin-stream-core-3.0.0.jar
[INFO] Installing /home/srafi/after-cam-ready/compare_/compile_repair_output/work/826800f01c03/stream-core/pom.xml to /home/srafi/.m2/repository/org/apache/kylin/kylin-stream-core/3.0.0/kylin-stream-core-3.0.0.pom
[INFO] Installing /home/srafi/after-cam-ready/compare_/compile_repair_output/work/826800f01c03/stream-core/target/kylin-stream-core-3.0.0-tests.jar to /home/srafi/.m2/repository/org/apache/kylin/kylin-stream-core/3.0.0/kylin-stream-core-3.0.0-tests.jar
[INFO] 
[INFO] ------------------< org.apache.kylin:kylin-engine-mr >------------------
[INFO] Building Apache Kylin - MapReduce Engine 3.0.0                   [10/16]
[INFO] --------------------------------[ jar ]---------------------------------
[INFO] 
[INFO] --- maven-clean-plugin:3.0.0:clean (default-clean) @ kylin-engine-mr ---
[INFO] 
[INFO] --- maven-checkstyle-plugin:2.17:check (check-style) @ kylin-engine-mr ---
[INFO] 
[INFO] --- maven-remote-resources-plugin:1.5:process (process-resource-bundles) @ kylin-engine-mr ---
[INFO] 
[INFO] --- maven-resources-plugin:3.0.1:resources (default-resources) @ kylin-engine-mr ---
[INFO] Using 'UTF-8' encoding to copy filtered resources.
[INFO] skip non existing resourceDirectory /home/srafi/after-cam-ready/compare_/compile_repair_output/work/826800f01c03/engine-mr/src/main/resources
[INFO] Copying 3 resources
[INFO] 
[INFO] --- maven-compiler-plugin:3.5.1:compile (default-compile) @ kylin-engine-mr ---
[INFO] Changes detected - recompiling the module!
[INFO] Compiling 131 source files to /home/srafi/after-cam-ready/compare_/compile_repair_output/work/826800f01c03/engine-mr/target/classes
[INFO] 
[INFO] --- maven-dependency-plugin:2.10:copy (copy-jamm) @ kylin-engine-mr ---
[INFO] Configured Artifact: com.github.jbellis:jamm:?:jar
[INFO] Copying jamm-0.3.1.jar to /home/srafi/after-cam-ready/compare_/compile_repair_output/work/826800f01c03/engine-mr/target/test-classes/jamm.jar
[INFO] 
[INFO] --- maven-resources-plugin:3.0.1:testResources (default-testResources) @ kylin-engine-mr ---
[INFO] Using 'UTF-8' encoding to copy filtered resources.
[INFO] Copying 20 resources
[INFO] Copying 3 resources
[INFO] 
[INFO] --- maven-compiler-plugin:3.5.1:testCompile (default-testCompile) @ kylin-engine-mr ---
[INFO] Changes detected - recompiling the module!
[INFO] Compiling 22 source files to /home/srafi/after-cam-ready/compare_/compile_repair_output/work/826800f01c03/engine-mr/target/test-classes
[INFO] 
[INFO] --- forbiddenapis:2.3:check (default) @ kylin-engine-mr ---
[INFO] Scanning for classes to check...
[INFO] Reading bundled API signatures: jdk-unsafe-1.8
[INFO] Reading bundled API signatures: jdk-deprecated-1.8
[INFO] Reading API signatures: /home/srafi/after-cam-ready/compare_/compile_repair_output/work/826800f01c03/dev-support/signatures.txt
[INFO] Loading classes to check...
[INFO] Scanning classes for violations...
[INFO] Scanned 174 (and 641 related) class file(s) for forbidden API invocations (in 0.09s), 0 error(s).
[INFO] 
[INFO] --- forbiddenapis:2.3:testCheck (default) @ kylin-engine-mr ---
[INFO] Scanning for classes to check...
[INFO] Reading bundled API signatures: jdk-unsafe-1.8
[INFO] Reading bundled API signatures: jdk-deprecated-1.8
[INFO] Reading API signatures: /home/srafi/after-cam-ready/compare_/compile_repair_output/work/826800f01c03/dev-support/signatures.txt
[INFO] Loading classes to check...
[INFO] Scanning classes for violations...
[INFO] Scanned 36 (and 445 related) class file(s) for forbidden API invocations (in 0.03s), 0 error(s).
[INFO] 
[INFO] --- maven-surefire-plugin:3.0.0-M8-SNAPSHOT:test (default-test) @ kylin-engine-mr ---
[INFO] Tests are skipped.
[INFO] 
[INFO] --- maven-jar-plugin:3.0.2:jar (default-jar) @ kylin-engine-mr ---
[INFO] Building jar: /home/srafi/after-cam-ready/compare_/compile_repair_output/work/826800f01c03/engine-mr/target/kylin-engine-mr-3.0.0.jar
[INFO] 
[INFO] --- maven-site-plugin:3.5.1:attach-descriptor (attach-descriptor) @ kylin-engine-mr ---
[INFO] 
[INFO] --- maven-jar-plugin:3.0.2:test-jar (default) @ kylin-engine-mr ---
[INFO] Building jar: /home/srafi/after-cam-ready/compare_/compile_repair_output/work/826800f01c03/engine-mr/target/kylin-engine-mr-3.0.0-tests.jar
[INFO] 
[INFO] --- maven-dependency-plugin:2.10:analyze-only (analyze) @ kylin-engine-mr ---
[INFO] Skipping plugin execution
[INFO] 
[INFO] --- maven-install-plugin:2.5.2:install (default-install) @ kylin-engine-mr ---
[INFO] Installing /home/srafi/after-cam-ready/compare_/compile_repair_output/work/826800f01c03/engine-mr/target/kylin-engine-mr-3.0.0.jar to /home/srafi/.m2/repository/org/apache/kylin/kylin-engine-mr/3.0.0/kylin-engine-mr-3.0.0.jar
[INFO] Installing /home/srafi/after-cam-ready/compare_/compile_repair_output/work/826800f01c03/engine-mr/pom.xml to /home/srafi/.m2/repository/org/apache/kylin/kylin-engine-mr/3.0.0/kylin-engine-mr-3.0.0.pom
[INFO] Installing /home/srafi/after-cam-ready/compare_/compile_repair_output/work/826800f01c03/engine-mr/target/kylin-engine-mr-3.0.0-tests.jar to /home/srafi/.m2/repository/org/apache/kylin/kylin-engine-mr/3.0.0/kylin-engine-mr-3.0.0-tests.jar
[INFO] 
[INFO] ----------------< org.apache.kylin:kylin-engine-spark >-----------------
[INFO] Building Apache Kylin - Spark Engine 3.0.0                       [11/16]
[INFO] --------------------------------[ jar ]---------------------------------
[INFO] Downloading from central: https://repo.maven.apache.org/maven2/commons-codec/commons-codec/maven-metadata.xml
[INFO] Downloading from shibboleth: https://build.shibboleth.net/nexus/content/repositories/releases/commons-codec/commons-codec/maven-metadata.xml
[INFO] Downloading from cloudera: https://repository.cloudera.com/artifactory/cloudera-repos/commons-codec/commons-codec/maven-metadata.xml
[INFO] Downloading from conjars: https://conjars.org/repo/commons-codec/commons-codec/maven-metadata.xml
[INFO] Downloading from kyligence: https://repository.kyligence.io/repository/maven-public/commons-codec/commons-codec/maven-metadata.xml
[INFO] Downloading from apache.snapshots: https://repository.apache.org/snapshots/commons-codec/commons-codec/maven-metadata.xml
[INFO] Downloaded from central: https://repo.maven.apache.org/maven2/commons-codec/commons-codec/maven-metadata.xml (1.1 kB at 36 kB/s)
[INFO] Downloading from sonatype-nexus-snapshots: https://oss.sonatype.org/content/repositories/snapshots/commons-codec/commons-codec/maven-metadata.xml
[INFO] Downloaded from apache.snapshots: https://repository.apache.org/snapshots/commons-codec/commons-codec/maven-metadata.xml (644 B at 1.4 kB/s)
[INFO] Downloaded from cloudera: https://repository.cloudera.com/artifactory/cloudera-repos/commons-codec/commons-codec/maven-metadata.xml (1.1 kB at 1.2 kB/s)
[INFO] Downloaded from kyligence: https://repository.kyligence.io/repository/maven-public/commons-codec/commons-codec/maven-metadata.xml (1.1 kB at 1.1 kB/s)
[WARNING] Could not transfer metadata commons-codec:commons-codec/maven-metadata.xml from/to conjars (https://conjars.org/repo/): Transfer failed for https://conjars.org/repo/commons-codec/commons-codec/maven-metadata.xml
[INFO] Downloading from cloudera: https://repository.cloudera.com/artifactory/cloudera-repos/commons-codec/commons-codec/1.16-SNAPSHOT/maven-metadata.xml
[INFO] Downloading from kyligence: https://repository.kyligence.io/repository/maven-public/commons-codec/commons-codec/1.16-SNAPSHOT/maven-metadata.xml
[INFO] Downloading from shibboleth: https://build.shibboleth.net/nexus/content/repositories/releases/commons-codec/commons-codec/1.16-SNAPSHOT/maven-metadata.xml
[INFO] Downloading from conjars: https://conjars.org/repo/commons-codec/commons-codec/1.16-SNAPSHOT/maven-metadata.xml
[INFO] Downloading from apache.snapshots: https://repository.apache.org/snapshots/commons-codec/commons-codec/1.16-SNAPSHOT/maven-metadata.xml
[INFO] Downloading from sonatype-nexus-snapshots: https://oss.sonatype.org/content/repositories/snapshots/commons-codec/commons-codec/1.16-SNAPSHOT/maven-metadata.xml
[INFO] Downloaded from apache.snapshots: https://repository.apache.org/snapshots/commons-codec/commons-codec/1.16-SNAPSHOT/maven-metadata.xml (2.0 kB at 8.8 kB/s)
[WARNING] Could not transfer metadata commons-codec:commons-codec:1.16-SNAPSHOT/maven-metadata.xml from/to conjars (https://conjars.org/repo/): Transfer failed for https://conjars.org/repo/commons-codec/commons-codec/1.16-SNAPSHOT/maven-metadata.xml
[WARNING] Failure to transfer commons-codec:commons-codec:1.16-SNAPSHOT/maven-metadata.xml from https://conjars.org/repo/ was cached in the local repository, resolution will not be reattempted until the update interval of conjars has elapsed or updates are forced. Original error: Could not transfer metadata commons-codec:commons-codec:1.16-SNAPSHOT/maven-metadata.xml from/to conjars (https://conjars.org/repo/): Transfer failed for https://conjars.org/repo/commons-codec/commons-codec/1.16-SNAPSHOT/maven-metadata.xml
[INFO] Downloading from conjars: https://conjars.org/repo/commons-codec/commons-codec/1.17.3-SNAPSHOT/maven-metadata.xml
[INFO] Downloading from cloudera: https://repository.cloudera.com/artifactory/cloudera-repos/commons-codec/commons-codec/1.17.3-SNAPSHOT/maven-metadata.xml
[INFO] Downloading from kyligence: https://repository.kyligence.io/repository/maven-public/commons-codec/commons-codec/1.17.3-SNAPSHOT/maven-metadata.xml
[INFO] Downloading from shibboleth: https://build.shibboleth.net/nexus/content/repositories/releases/commons-codec/commons-codec/1.17.3-SNAPSHOT/maven-metadata.xml
[INFO] Downloading from apache.snapshots: https://repository.apache.org/snapshots/commons-codec/commons-codec/1.17.3-SNAPSHOT/maven-metadata.xml
[INFO] Downloading from sonatype-nexus-snapshots: https://oss.sonatype.org/content/repositories/snapshots/commons-codec/commons-codec/1.17.3-SNAPSHOT/maven-metadata.xml
[INFO] Downloaded from apache.snapshots: https://repository.apache.org/snapshots/commons-codec/commons-codec/1.17.3-SNAPSHOT/maven-metadata.xml (2.0 kB at 8.9 kB/s)
[WARNING] Could not transfer metadata commons-codec:commons-codec:1.17.3-SNAPSHOT/maven-metadata.xml from/to conjars (https://conjars.org/repo/): Transfer failed for https://conjars.org/repo/commons-codec/commons-codec/1.17.3-SNAPSHOT/maven-metadata.xml
[WARNING] Failure to transfer commons-codec:commons-codec:1.17.3-SNAPSHOT/maven-metadata.xml from https://conjars.org/repo/ was cached in the local repository, resolution will not be reattempted until the update interval of conjars has elapsed or updates are forced. Original error: Could not transfer metadata commons-codec:commons-codec:1.17.3-SNAPSHOT/maven-metadata.xml from/to conjars (https://conjars.org/repo/): Transfer failed for https://conjars.org/repo/commons-codec/commons-codec/1.17.3-SNAPSHOT/maven-metadata.xml
[INFO] Downloading from conjars: https://conjars.org/repo/commons-codec/commons-codec/1.18.1-SNAPSHOT/maven-metadata.xml
[INFO] Downloading from cloudera: https://repository.cloudera.com/artifactory/cloudera-repos/commons-codec/commons-codec/1.18.1-SNAPSHOT/maven-metadata.xml
[INFO] Downloading from kyligence: https://repository.kyligence.io/repository/maven-public/commons-codec/commons-codec/1.18.1-SNAPSHOT/maven-metadata.xml
[INFO] Downloading from shibboleth: https://build.shibboleth.net/nexus/content/repositories/releases/commons-codec/commons-codec/1.18.1-SNAPSHOT/maven-metadata.xml
[INFO] Downloading from apache.snapshots: https://repository.apache.org/snapshots/commons-codec/commons-codec/1.18.1-SNAPSHOT/maven-metadata.xml
[INFO] Downloading from sonatype-nexus-snapshots: https://oss.sonatype.org/content/repositories/snapshots/commons-codec/commons-codec/1.18.1-SNAPSHOT/maven-metadata.xml
[INFO] Downloaded from apache.snapshots: https://repository.apache.org/snapshots/commons-codec/commons-codec/1.18.1-SNAPSHOT/maven-metadata.xml (2.0 kB at 9.0 kB/s)
[WARNING] Could not transfer metadata commons-codec:commons-codec:1.18.1-SNAPSHOT/maven-metadata.xml from/to conjars (https://conjars.org/repo/): Transfer failed for https://conjars.org/repo/commons-codec/commons-codec/1.18.1-SNAPSHOT/maven-metadata.xml
[WARNING] Failure to transfer commons-codec:commons-codec:1.18.1-SNAPSHOT/maven-metadata.xml from https://conjars.org/repo/ was cached in the local repository, resolution will not be reattempted until the update interval of conjars has elapsed or updates are forced. Original error: Could not transfer metadata commons-codec:commons-codec:1.18.1-SNAPSHOT/maven-metadata.xml from/to conjars (https://conjars.org/repo/): Transfer failed for https://conjars.org/repo/commons-codec/commons-codec/1.18.1-SNAPSHOT/maven-metadata.xml
[INFO] Downloading from conjars: https://conjars.org/repo/commons-codec/commons-codec/1.19.1-SNAPSHOT/maven-metadata.xml
[INFO] Downloading from cloudera: https://repository.cloudera.com/artifactory/cloudera-repos/commons-codec/commons-codec/1.19.1-SNAPSHOT/maven-metadata.xml
[INFO] Downloading from kyligence: https://repository.kyligence.io/repository/maven-public/commons-codec/commons-codec/1.19.1-SNAPSHOT/maven-metadata.xml
[INFO] Downloading from shibboleth: https://build.shibboleth.net/nexus/content/repositories/releases/commons-codec/commons-codec/1.19.1-SNAPSHOT/maven-metadata.xml
[INFO] Downloading from apache.snapshots: https://repository.apache.org/snapshots/commons-codec/commons-codec/1.19.1-SNAPSHOT/maven-metadata.xml
[INFO] Downloading from sonatype-nexus-snapshots: https://oss.sonatype.org/content/repositories/snapshots/commons-codec/commons-codec/1.19.1-SNAPSHOT/maven-metadata.xml
[INFO] Downloaded from apache.snapshots: https://repository.apache.org/snapshots/commons-codec/commons-codec/1.19.1-SNAPSHOT/maven-metadata.xml (2.0 kB at 8.7 kB/s)
[WARNING] Could not transfer metadata commons-codec:commons-codec:1.19.1-SNAPSHOT/maven-metadata.xml from/to conjars (https://conjars.org/repo/): Transfer failed for https://conjars.org/repo/commons-codec/commons-codec/1.19.1-SNAPSHOT/maven-metadata.xml
[WARNING] Failure to transfer commons-codec:commons-codec:1.19.1-SNAPSHOT/maven-metadata.xml from https://conjars.org/repo/ was cached in the local repository, resolution will not be reattempted until the update interval of conjars has elapsed or updates are forced. Original error: Could not transfer metadata commons-codec:commons-codec:1.19.1-SNAPSHOT/maven-metadata.xml from/to conjars (https://conjars.org/repo/): Transfer failed for https://conjars.org/repo/commons-codec/commons-codec/1.19.1-SNAPSHOT/maven-metadata.xml
[INFO] Downloading from conjars: https://conjars.org/repo/commons-codec/commons-codec/1.20.1-SNAPSHOT/maven-metadata.xml
[INFO] Downloading from shibboleth: https://build.shibboleth.net/nexus/content/repositories/releases/commons-codec/commons-codec/1.20.1-SNAPSHOT/maven-metadata.xml
[INFO] Downloading from cloudera: https://repository.cloudera.com/artifactory/cloudera-repos/commons-codec/commons-codec/1.20.1-SNAPSHOT/maven-metadata.xml
[INFO] Downloading from kyligence: https://repository.kyligence.io/repository/maven-public/commons-codec/commons-codec/1.20.1-SNAPSHOT/maven-metadata.xml
[INFO] Downloading from apache.snapshots: https://repository.apache.org/snapshots/commons-codec/commons-codec/1.20.1-SNAPSHOT/maven-metadata.xml
[INFO] Downloading from sonatype-nexus-snapshots: https://oss.sonatype.org/content/repositories/snapshots/commons-codec/commons-codec/1.20.1-SNAPSHOT/maven-metadata.xml
[INFO] Downloaded from apache.snapshots: https://repository.apache.org/snapshots/commons-codec/commons-codec/1.20.1-SNAPSHOT/maven-metadata.xml (2.0 kB at 8.9 kB/s)
[WARNING] Could not transfer metadata commons-codec:commons-codec:1.20.1-SNAPSHOT/maven-metadata.xml from/to conjars (https://conjars.org/repo/): Transfer failed for https://conjars.org/repo/commons-codec/commons-codec/1.20.1-SNAPSHOT/maven-metadata.xml
[WARNING] Failure to transfer commons-codec:commons-codec:1.20.1-SNAPSHOT/maven-metadata.xml from https://conjars.org/repo/ was cached in the local repository, resolution will not be reattempted until the update interval of conjars has elapsed or updates are forced. Original error: Could not transfer metadata commons-codec:commons-codec:1.20.1-SNAPSHOT/maven-metadata.xml from/to conjars (https://conjars.org/repo/): Transfer failed for https://conjars.org/repo/commons-codec/commons-codec/1.20.1-SNAPSHOT/maven-metadata.xml
[INFO] Downloading from conjars: https://conjars.org/repo/commons-codec/commons-codec/1.21.1-SNAPSHOT/maven-metadata.xml
[INFO] Downloading from shibboleth: https://build.shibboleth.net/nexus/content/repositories/releases/commons-codec/commons-codec/1.21.1-SNAPSHOT/maven-metadata.xml
[INFO] Downloading from cloudera: https://repository.cloudera.com/artifactory/cloudera-repos/commons-codec/commons-codec/1.21.1-SNAPSHOT/maven-metadata.xml
[INFO] Downloading from kyligence: https://repository.kyligence.io/repository/maven-public/commons-codec/commons-codec/1.21.1-SNAPSHOT/maven-metadata.xml
[INFO] Downloading from apache.snapshots: https://repository.apache.org/snapshots/commons-codec/commons-codec/1.21.1-SNAPSHOT/maven-metadata.xml
[INFO] Downloading from sonatype-nexus-snapshots: https://oss.sonatype.org/content/repositories/snapshots/commons-codec/commons-codec/1.21.1-SNAPSHOT/maven-metadata.xml
[INFO] Downloaded from apache.snapshots: https://repository.apache.org/snapshots/commons-codec/commons-codec/1.21.1-SNAPSHOT/maven-metadata.xml (2.0 kB at 8.7 kB/s)
[WARNING] Could not transfer metadata commons-codec:commons-codec:1.21.1-SNAPSHOT/maven-metadata.xml from/to conjars (https://conjars.org/repo/): Transfer failed for https://conjars.org/repo/commons-codec/commons-codec/1.21.1-SNAPSHOT/maven-metadata.xml
[WARNING] Failure to transfer commons-codec:commons-codec:1.21.1-SNAPSHOT/maven-metadata.xml from https://conjars.org/repo/ was cached in the local repository, resolution will not be reattempted until the update interval of conjars has elapsed or updates are forced. Original error: Could not transfer metadata commons-codec:commons-codec:1.21.1-SNAPSHOT/maven-metadata.xml from/to conjars (https://conjars.org/repo/): Transfer failed for https://conjars.org/repo/commons-codec/commons-codec/1.21.1-SNAPSHOT/maven-metadata.xml
[INFO] Downloading from conjars: https://conjars.org/repo/commons-codec/commons-codec/1.22.2-SNAPSHOT/maven-metadata.xml
[INFO] Downloading from cloudera: https://repository.cloudera.com/artifactory/cloudera-repos/commons-codec/commons-codec/1.22.2-SNAPSHOT/maven-metadata.xml
[INFO] Downloading from shibboleth: https://build.shibboleth.net/nexus/content/repositories/releases/commons-codec/commons-codec/1.22.2-SNAPSHOT/maven-metadata.xml
[INFO] Downloading from kyligence: https://repository.kyligence.io/repository/maven-public/commons-codec/commons-codec/1.22.2-SNAPSHOT/maven-metadata.xml
[INFO] Downloading from apache.snapshots: https://repository.apache.org/snapshots/commons-codec/commons-codec/1.22.2-SNAPSHOT/maven-metadata.xml
[INFO] Downloading from sonatype-nexus-snapshots: https://oss.sonatype.org/content/repositories/snapshots/commons-codec/commons-codec/1.22.2-SNAPSHOT/maven-metadata.xml
[INFO] Downloaded from apache.snapshots: https://repository.apache.org/snapshots/commons-codec/commons-codec/1.22.2-SNAPSHOT/maven-metadata.xml (2.0 kB at 8.9 kB/s)
[WARNING] Could not transfer metadata commons-codec:commons-codec:1.22.2-SNAPSHOT/maven-metadata.xml from/to conjars (https://conjars.org/repo/): Transfer failed for https://conjars.org/repo/commons-codec/commons-codec/1.22.2-SNAPSHOT/maven-metadata.xml
[WARNING] Failure to transfer commons-codec:commons-codec:1.22.2-SNAPSHOT/maven-metadata.xml from https://conjars.org/repo/ was cached in the local repository, resolution will not be reattempted until the update interval of conjars has elapsed or updates are forced. Original error: Could not transfer metadata commons-codec:commons-codec:1.22.2-SNAPSHOT/maven-metadata.xml from/to conjars (https://conjars.org/repo/): Transfer failed for https://conjars.org/repo/commons-codec/commons-codec/1.22.2-SNAPSHOT/maven-metadata.xml
[INFO] Downloading from conjars: https://conjars.org/repo/commons-codec/commons-codec/1.23.0-SNAPSHOT/maven-metadata.xml
[INFO] Downloading from cloudera: https://repository.cloudera.com/artifactory/cloudera-repos/commons-codec/commons-codec/1.23.0-SNAPSHOT/maven-metadata.xml
[INFO] Downloading from kyligence: https://repository.kyligence.io/repository/maven-public/commons-codec/commons-codec/1.23.0-SNAPSHOT/maven-metadata.xml
[INFO] Downloading from shibboleth: https://build.shibboleth.net/nexus/content/repositories/releases/commons-codec/commons-codec/1.23.0-SNAPSHOT/maven-metadata.xml
[INFO] Downloading from apache.snapshots: https://repository.apache.org/snapshots/commons-codec/commons-codec/1.23.0-SNAPSHOT/maven-metadata.xml
[INFO] Downloading from sonatype-nexus-snapshots: https://oss.sonatype.org/content/repositories/snapshots/commons-codec/commons-codec/1.23.0-SNAPSHOT/maven-metadata.xml
[INFO] Downloaded from apache.snapshots: https://repository.apache.org/snapshots/commons-codec/commons-codec/1.23.0-SNAPSHOT/maven-metadata.xml (2.0 kB at 8.8 kB/s)
[WARNING] Could not transfer metadata commons-codec:commons-codec:1.23.0-SNAPSHOT/maven-metadata.xml from/to conjars (https://conjars.org/repo/): Transfer failed for https://conjars.org/repo/commons-codec/commons-codec/1.23.0-SNAPSHOT/maven-metadata.xml
[WARNING] Failure to transfer commons-codec:commons-codec:1.23.0-SNAPSHOT/maven-metadata.xml from https://conjars.org/repo/ was cached in the local repository, resolution will not be reattempted until the update interval of conjars has elapsed or updates are forced. Original error: Could not transfer metadata commons-codec:commons-codec:1.23.0-SNAPSHOT/maven-metadata.xml from/to conjars (https://conjars.org/repo/): Transfer failed for https://conjars.org/repo/commons-codec/commons-codec/1.23.0-SNAPSHOT/maven-metadata.xml
[INFO] 
[INFO] --- maven-clean-plugin:3.0.0:clean (default-clean) @ kylin-engine-spark ---
[INFO] 
[INFO] --- maven-checkstyle-plugin:2.17:check (check-style) @ kylin-engine-spark ---
[INFO] 
[INFO] --- maven-remote-resources-plugin:1.5:process (process-resource-bundles) @ kylin-engine-spark ---
[INFO] artifact commons-codec:commons-codec: checking for updates from central
[INFO] artifact commons-codec:commons-codec: checking for updates from conjars
[WARNING] repository metadata for: 'artifact commons-codec:commons-codec' could not be retrieved from repository: conjars due to an error: Transfer failed for https://conjars.org/repo/commons-codec/commons-codec/maven-metadata.xml
[INFO] artifact commons-codec:commons-codec: checking for updates from cloudera
[INFO] artifact commons-codec:commons-codec: checking for updates from shibboleth
[INFO] artifact commons-codec:commons-codec: checking for updates from kyligence
[INFO] artifact commons-codec:commons-codec: checking for updates from central
[INFO] artifact commons-codec:commons-codec: checking for updates from conjars
[WARNING] repository metadata for: 'artifact commons-codec:commons-codec' could not be retrieved from repository: conjars due to an error: Transfer failed for https://conjars.org/repo/commons-codec/commons-codec/maven-metadata.xml
[INFO] artifact commons-codec:commons-codec: checking for updates from cloudera
[INFO] artifact commons-codec:commons-codec: checking for updates from shibboleth
[INFO] artifact commons-codec:commons-codec: checking for updates from kyligence
[INFO] 
[INFO] --- maven-resources-plugin:3.0.1:resources (default-resources) @ kylin-engine-spark ---
[INFO] Using 'UTF-8' encoding to copy filtered resources.
[INFO] skip non existing resourceDirectory /home/srafi/after-cam-ready/compare_/compile_repair_output/work/826800f01c03/engine-spark/src/main/resources
[INFO] Copying 3 resources
[INFO] 
[INFO] --- scala-maven-plugin:4.9.2:add-source (scala-compile-first) @ kylin-engine-spark ---
[INFO] Add Source directory: /home/srafi/after-cam-ready/compare_/compile_repair_output/work/826800f01c03/engine-spark/src/main/scala
[INFO] Add Test Source directory: /home/srafi/after-cam-ready/compare_/compile_repair_output/work/826800f01c03/engine-spark/src/test/scala
[INFO] 
[INFO] --- scala-maven-plugin:4.9.2:compile (scala-compile-first) @ kylin-engine-spark ---
[WARNING] Failure to transfer commons-codec:commons-codec/maven-metadata.xml from https://conjars.org/repo/ was cached in the local repository, resolution will not be reattempted until the update interval of conjars has elapsed or updates are forced. Original error: Could not transfer metadata commons-codec:commons-codec/maven-metadata.xml from/to conjars (https://conjars.org/repo/): Transfer failed for https://conjars.org/repo/commons-codec/commons-codec/maven-metadata.xml
[INFO] Compiler bridge file: /home/srafi/.sbt/1.0/zinc/org.scala-sbt/org.scala-sbt-compiler-bridge_2.11-1.10.0-bin_2.11.0__52.0-1.10.0_20240505T232140.jar
[INFO] compiling 2 Scala sources and 19 Java sources to /home/srafi/after-cam-ready/compare_/compile_repair_output/work/826800f01c03/engine-spark/target/classes ...
[ERROR] 'jvm-1.8' is not a valid choice for '-target'
[ERROR] bad option: '-target:jvm-1.8'
[INFO] ------------------------------------------------------------------------
[INFO] Reactor Summary for Apache Kylin 3.0.0:
[INFO] 
[INFO] Apache Kylin ....................................... SUCCESS [  1.525 s]
[INFO] Apache Kylin - Core Common ......................... SUCCESS [  5.770 s]
[INFO] Apache Kylin - Core Metadata ....................... SUCCESS [  3.110 s]
[INFO] Apache Kylin - Core Dictionary ..................... SUCCESS [  2.445 s]
[INFO] Apache Kylin - Core Cube ........................... SUCCESS [  2.937 s]
[INFO] Apache Kylin - Core Metrics ........................ SUCCESS [  0.753 s]
[INFO] Apache Kylin - Core Job ............................ SUCCESS [  1.847 s]
[INFO] Apache Kylin - Core Storage ........................ SUCCESS [  1.645 s]
[INFO] Apache Kylin - Stream Core ......................... SUCCESS [  2.655 s]
[INFO] Apache Kylin - MapReduce Engine .................... SUCCESS [  2.758 s]
[INFO] Apache Kylin - Spark Engine ........................ FAILURE [  9.894 s]
[INFO] Apache Kylin - Hive Source ......................... SKIPPED
[INFO] Apache Kylin - Cache ............................... SKIPPED
[INFO] Apache Kylin - HBase Storage ....................... SKIPPED
[INFO] Apache Kylin - Stream Source Kafka ................. SKIPPED
[INFO] Apache Kylin - Stream Coordinator .................. SKIPPED
[INFO] ------------------------------------------------------------------------
[INFO] BUILD FAILURE
[INFO] ------------------------------------------------------------------------
[INFO] Total time:  35.546 s
[INFO] Finished at: 2026-08-15T15:37:50-04:00
[INFO] ------------------------------------------------------------------------
[ERROR] Failed to execute goal net.alchim31.maven:scala-maven-plugin:4.9.2:compile (scala-compile-first) on project kylin-engine-spark: Execution scala-compile-first of goal net.alchim31.maven:scala-maven-plugin:4.9.2:compile failed: Compilation failed: InterfaceCompileFailed -> [Help 1]
[ERROR] 
[ERROR] To see the full stack trace of the errors, re-run Maven with the -e switch.
[ERROR] Re-run Maven using the -X switch to enable full debug logging.
[ERROR] 
[ERROR] For more information about the errors and possible solutions, please read the following articles:
[ERROR] [Help 1] http://cwiki.apache.org/confluence/display/MAVEN/PluginExecutionException
[ERROR] 
[ERROR] After correcting the problems, you can resume the build with the command
[ERROR]   mvn <args> -rf :kylin-engine-spark
