JAVA_HOME=/usr/lib/jvm/java-8-openjdk-amd64
COMMAND=bash /home/srafi/after-cam-ready/compare_/compile_repair_output/work/c2b97e6382d0/mvnw -B clean install -DskipTests -U -pl dubbo-serialization/dubbo-serialization-fst -am -Ddependency-check.skip=true -Dgpg.skip=true -DfailIfNoTests=false -Dskip.installnodenpm=true -Dskip.npm=true -Dskip.yarn=true -Dlicense.skip=true -Dcheckstyle.skip=true -Drat.skip=true -Denforcer.skip=true -Danimal.sniffer.skip=true -Dmaven.javadoc.skip=true -Dfindbugs.skip=true -Dspotbugs.skip=true -Dwarbucks.skip=true -Dmodernizer.skip=true -Dimpsort.skip=true -Dmdep.analyze.skip=true -Dpgpverify.skip=true -Dxml.skip=true -Dcobertura.skip=true

[INFO] Scanning for projects...
[INFO] ------------------------------------------------------------------------
[INFO] Reactor Build Order:
[INFO] 
[INFO] dubbo-parent
[INFO] dubbo-common
[INFO] dubbo-serialization
[INFO] dubbo-serialization-api
[INFO] dubbo-serialization-fst
[INFO] 
[INFO] ------------------------------------------------------------------------
[INFO] Building dubbo-parent 2.7.0-SNAPSHOT
[INFO] ------------------------------------------------------------------------
[INFO] 
[INFO] --- maven-clean-plugin:3.0.0:clean (default-clean) @ dubbo-parent ---
[INFO] 
[INFO] --- maven-enforcer-plugin:1.4.1:enforce (enforce-maven-version) @ dubbo-parent ---
[INFO] Skipping Rule Enforcement.
[INFO] 
[INFO] --- maven-checkstyle-plugin:3.0.0:check (checkstyle-validation) @ dubbo-parent ---
[INFO] 
[INFO] --- jacoco-maven-plugin:0.8.2:prepare-agent (jacoco-initialize) @ dubbo-parent ---
[INFO] jacocoArgLine set to -javaagent:/home/srafi/.m2/repository/org/jacoco/org.jacoco.agent/0.8.2/org.jacoco.agent-0.8.2-runtime.jar=destfile=/home/srafi/after-cam-ready/compare_/compile_repair_output/work/c2b97e6382d0/target/jacoco.exec
[INFO] 
[INFO] --- maven-remote-resources-plugin:1.5:process (process-resource-bundles) @ dubbo-parent ---
[INFO] 
[INFO] --- maven-site-plugin:3.7:attach-descriptor (attach-descriptor) @ dubbo-parent ---
[INFO] No site descriptor found: nothing to attach.
[INFO] 
[INFO] >>> maven-source-plugin:3.0.1:jar (attach-sources) > generate-sources @ dubbo-parent >>>
[INFO] 
[INFO] --- maven-enforcer-plugin:1.4.1:enforce (enforce-maven-version) @ dubbo-parent ---
[INFO] Skipping Rule Enforcement.
[INFO] 
[INFO] --- maven-checkstyle-plugin:3.0.0:check (checkstyle-validation) @ dubbo-parent ---
[INFO] 
[INFO] --- jacoco-maven-plugin:0.8.2:prepare-agent (jacoco-initialize) @ dubbo-parent ---
[INFO] jacocoArgLine set to -javaagent:/home/srafi/.m2/repository/org/jacoco/org.jacoco.agent/0.8.2/org.jacoco.agent-0.8.2-runtime.jar=destfile=/home/srafi/after-cam-ready/compare_/compile_repair_output/work/c2b97e6382d0/target/jacoco.exec
[INFO] 
[INFO] <<< maven-source-plugin:3.0.1:jar (attach-sources) < generate-sources @ dubbo-parent <<<
[INFO] 
[INFO] 
[INFO] --- maven-source-plugin:3.0.1:jar (attach-sources) @ dubbo-parent ---
[INFO] 
[INFO] --- jacoco-maven-plugin:0.8.2:report (jacoco-site) @ dubbo-parent ---
[INFO] Skipping JaCoCo execution due to missing execution data file.
[INFO] 
[INFO] --- apache-rat-plugin:0.12:check (verify.rat) @ dubbo-parent ---
[INFO] RAT will not execute since it is configured to be skipped via system property 'rat.skip'.
[INFO] 
[INFO] --- maven-install-plugin:2.5.2:install (default-install) @ dubbo-parent ---
[INFO] Installing /home/srafi/after-cam-ready/compare_/compile_repair_output/work/c2b97e6382d0/pom.xml to /home/srafi/.m2/repository/org/apache/dubbo/dubbo-parent/2.7.0-SNAPSHOT/dubbo-parent-2.7.0-SNAPSHOT.pom
[INFO] 
[INFO] ------------------------------------------------------------------------
[INFO] Building dubbo-common 2.7.0-SNAPSHOT
[INFO] ------------------------------------------------------------------------
[INFO] 
[INFO] --- maven-clean-plugin:3.0.0:clean (default-clean) @ dubbo-common ---
[INFO] 
[INFO] --- maven-enforcer-plugin:1.4.1:enforce (enforce-maven-version) @ dubbo-common ---
[INFO] Skipping Rule Enforcement.
[INFO] 
[INFO] --- maven-checkstyle-plugin:3.0.0:check (checkstyle-validation) @ dubbo-common ---
[INFO] 
[INFO] --- jacoco-maven-plugin:0.8.2:prepare-agent (jacoco-initialize) @ dubbo-common ---
[INFO] jacocoArgLine set to -javaagent:/home/srafi/.m2/repository/org/jacoco/org.jacoco.agent/0.8.2/org.jacoco.agent-0.8.2-runtime.jar=destfile=/home/srafi/after-cam-ready/compare_/compile_repair_output/work/c2b97e6382d0/dubbo-common/target/jacoco.exec
[INFO] 
[INFO] --- maven-remote-resources-plugin:1.5:process (process-resource-bundles) @ dubbo-common ---
[INFO] 
[INFO] --- maven-resources-plugin:3.0.2:resources (default-resources) @ dubbo-common ---
[INFO] Using 'UTF-8' encoding to copy filtered resources.
[INFO] Copying 6 resources
[INFO] Copying 2 resources to META-INF/
[INFO] Copying 3 resources
[INFO] 
[INFO] --- maven-compiler-plugin:3.6.0:compile (default-compile) @ dubbo-common ---
[INFO] Changes detected - recompiling the module!
[INFO] Compiling 113 source files to /home/srafi/after-cam-ready/compare_/compile_repair_output/work/c2b97e6382d0/dubbo-common/target/classes
[INFO] 
[INFO] --- maven-resources-plugin:3.0.2:testResources (default-testResources) @ dubbo-common ---
[INFO] Using 'UTF-8' encoding to copy filtered resources.
[INFO] Copying 24 resources
[INFO] Copying 3 resources
[INFO] 
[INFO] --- maven-compiler-plugin:3.6.0:testCompile (default-testCompile) @ dubbo-common ---
[INFO] Changes detected - recompiling the module!
[INFO] Compiling 159 source files to /home/srafi/after-cam-ready/compare_/compile_repair_output/work/c2b97e6382d0/dubbo-common/target/test-classes
[INFO] 
[INFO] --- maven-surefire-plugin:2.19.1:test (default-test) @ dubbo-common ---
[INFO] Tests are skipped.
[INFO] 
[INFO] --- maven-jar-plugin:3.0.2:jar (default-jar) @ dubbo-common ---
[INFO] Building jar: /home/srafi/after-cam-ready/compare_/compile_repair_output/work/c2b97e6382d0/dubbo-common/target/dubbo-common-2.7.0-SNAPSHOT.jar
[INFO] 
[INFO] --- maven-site-plugin:3.7:attach-descriptor (attach-descriptor) @ dubbo-common ---
[INFO] Skipping because packaging 'jar' is not pom.
[INFO] 
[INFO] >>> maven-source-plugin:3.0.1:jar (attach-sources) > generate-sources @ dubbo-common >>>
[INFO] 
[INFO] --- maven-enforcer-plugin:1.4.1:enforce (enforce-maven-version) @ dubbo-common ---
[INFO] Skipping Rule Enforcement.
[INFO] 
[INFO] --- maven-checkstyle-plugin:3.0.0:check (checkstyle-validation) @ dubbo-common ---
[INFO] 
[INFO] --- jacoco-maven-plugin:0.8.2:prepare-agent (jacoco-initialize) @ dubbo-common ---
[INFO] jacocoArgLine set to -javaagent:/home/srafi/.m2/repository/org/jacoco/org.jacoco.agent/0.8.2/org.jacoco.agent-0.8.2-runtime.jar=destfile=/home/srafi/after-cam-ready/compare_/compile_repair_output/work/c2b97e6382d0/dubbo-common/target/jacoco.exec
[INFO] 
[INFO] <<< maven-source-plugin:3.0.1:jar (attach-sources) < generate-sources @ dubbo-common <<<
[INFO] 
[INFO] 
[INFO] --- maven-source-plugin:3.0.1:jar (attach-sources) @ dubbo-common ---
[INFO] Building jar: /home/srafi/after-cam-ready/compare_/compile_repair_output/work/c2b97e6382d0/dubbo-common/target/dubbo-common-2.7.0-SNAPSHOT-sources.jar
[INFO] 
[INFO] --- jacoco-maven-plugin:0.8.2:report (jacoco-site) @ dubbo-common ---
[INFO] Skipping JaCoCo execution due to missing execution data file.
[INFO] 
[INFO] --- apache-rat-plugin:0.12:check (verify.rat) @ dubbo-common ---
[INFO] RAT will not execute since it is configured to be skipped via system property 'rat.skip'.
[INFO] 
[INFO] --- maven-install-plugin:2.5.2:install (default-install) @ dubbo-common ---
[INFO] Installing /home/srafi/after-cam-ready/compare_/compile_repair_output/work/c2b97e6382d0/dubbo-common/target/dubbo-common-2.7.0-SNAPSHOT.jar to /home/srafi/.m2/repository/org/apache/dubbo/dubbo-common/2.7.0-SNAPSHOT/dubbo-common-2.7.0-SNAPSHOT.jar
[INFO] Installing /home/srafi/after-cam-ready/compare_/compile_repair_output/work/c2b97e6382d0/dubbo-common/pom.xml to /home/srafi/.m2/repository/org/apache/dubbo/dubbo-common/2.7.0-SNAPSHOT/dubbo-common-2.7.0-SNAPSHOT.pom
[INFO] Installing /home/srafi/after-cam-ready/compare_/compile_repair_output/work/c2b97e6382d0/dubbo-common/target/dubbo-common-2.7.0-SNAPSHOT-sources.jar to /home/srafi/.m2/repository/org/apache/dubbo/dubbo-common/2.7.0-SNAPSHOT/dubbo-common-2.7.0-SNAPSHOT-sources.jar
[INFO] 
[INFO] ------------------------------------------------------------------------
[INFO] Building dubbo-serialization 2.7.0-SNAPSHOT
[INFO] ------------------------------------------------------------------------
[INFO] 
[INFO] --- maven-clean-plugin:3.0.0:clean (default-clean) @ dubbo-serialization ---
[INFO] 
[INFO] --- maven-enforcer-plugin:1.4.1:enforce (enforce-maven-version) @ dubbo-serialization ---
[INFO] Skipping Rule Enforcement.
[INFO] 
[INFO] --- maven-checkstyle-plugin:3.0.0:check (checkstyle-validation) @ dubbo-serialization ---
[INFO] 
[INFO] --- jacoco-maven-plugin:0.8.2:prepare-agent (jacoco-initialize) @ dubbo-serialization ---
[INFO] jacocoArgLine set to -javaagent:/home/srafi/.m2/repository/org/jacoco/org.jacoco.agent/0.8.2/org.jacoco.agent-0.8.2-runtime.jar=destfile=/home/srafi/after-cam-ready/compare_/compile_repair_output/work/c2b97e6382d0/dubbo-serialization/target/jacoco.exec
[INFO] 
[INFO] --- maven-remote-resources-plugin:1.5:process (process-resource-bundles) @ dubbo-serialization ---
[INFO] 
[INFO] --- maven-site-plugin:3.7:attach-descriptor (attach-descriptor) @ dubbo-serialization ---
[INFO] No site descriptor found: nothing to attach.
[INFO] 
[INFO] >>> maven-source-plugin:3.0.1:jar (attach-sources) > generate-sources @ dubbo-serialization >>>
[INFO] 
[INFO] --- maven-enforcer-plugin:1.4.1:enforce (enforce-maven-version) @ dubbo-serialization ---
[INFO] Skipping Rule Enforcement.
[INFO] 
[INFO] --- maven-checkstyle-plugin:3.0.0:check (checkstyle-validation) @ dubbo-serialization ---
[INFO] 
[INFO] --- jacoco-maven-plugin:0.8.2:prepare-agent (jacoco-initialize) @ dubbo-serialization ---
[INFO] jacocoArgLine set to -javaagent:/home/srafi/.m2/repository/org/jacoco/org.jacoco.agent/0.8.2/org.jacoco.agent-0.8.2-runtime.jar=destfile=/home/srafi/after-cam-ready/compare_/compile_repair_output/work/c2b97e6382d0/dubbo-serialization/target/jacoco.exec
[INFO] 
[INFO] <<< maven-source-plugin:3.0.1:jar (attach-sources) < generate-sources @ dubbo-serialization <<<
[INFO] 
[INFO] 
[INFO] --- maven-source-plugin:3.0.1:jar (attach-sources) @ dubbo-serialization ---
[INFO] 
[INFO] --- jacoco-maven-plugin:0.8.2:report (jacoco-site) @ dubbo-serialization ---
[INFO] Skipping JaCoCo execution due to missing execution data file.
[INFO] 
[INFO] --- apache-rat-plugin:0.12:check (verify.rat) @ dubbo-serialization ---
[INFO] RAT will not execute since it is configured to be skipped via system property 'rat.skip'.
[INFO] 
[INFO] --- maven-install-plugin:2.5.2:install (default-install) @ dubbo-serialization ---
[INFO] Installing /home/srafi/after-cam-ready/compare_/compile_repair_output/work/c2b97e6382d0/dubbo-serialization/pom.xml to /home/srafi/.m2/repository/org/apache/dubbo/dubbo-serialization/2.7.0-SNAPSHOT/dubbo-serialization-2.7.0-SNAPSHOT.pom
[INFO] 
[INFO] ------------------------------------------------------------------------
[INFO] Building dubbo-serialization-api 2.7.0-SNAPSHOT
[INFO] ------------------------------------------------------------------------
[INFO] 
[INFO] --- maven-clean-plugin:3.0.0:clean (default-clean) @ dubbo-serialization-api ---
[INFO] 
[INFO] --- maven-enforcer-plugin:1.4.1:enforce (enforce-maven-version) @ dubbo-serialization-api ---
[INFO] Skipping Rule Enforcement.
[INFO] 
[INFO] --- maven-checkstyle-plugin:3.0.0:check (checkstyle-validation) @ dubbo-serialization-api ---
[INFO] 
[INFO] --- jacoco-maven-plugin:0.8.2:prepare-agent (jacoco-initialize) @ dubbo-serialization-api ---
[INFO] jacocoArgLine set to -javaagent:/home/srafi/.m2/repository/org/jacoco/org.jacoco.agent/0.8.2/org.jacoco.agent-0.8.2-runtime.jar=destfile=/home/srafi/after-cam-ready/compare_/compile_repair_output/work/c2b97e6382d0/dubbo-serialization/dubbo-serialization-api/target/jacoco.exec
[INFO] 
[INFO] --- maven-remote-resources-plugin:1.5:process (process-resource-bundles) @ dubbo-serialization-api ---
[INFO] Downloading: https://repository.apache.org/snapshots/org/apache/dubbo/dubbo-dependencies-bom/2.7.0-SNAPSHOT/maven-metadata.xml
[INFO] 
[INFO] --- maven-resources-plugin:3.0.2:resources (default-resources) @ dubbo-serialization-api ---
[INFO] Using 'UTF-8' encoding to copy filtered resources.
[INFO] skip non existing resourceDirectory /home/srafi/after-cam-ready/compare_/compile_repair_output/work/c2b97e6382d0/dubbo-serialization/dubbo-serialization-api/src/main/resources
[INFO] Copying 2 resources to META-INF/
[INFO] Copying 3 resources
[INFO] 
[INFO] --- maven-compiler-plugin:3.6.0:compile (default-compile) @ dubbo-serialization-api ---
[INFO] Changes detected - recompiling the module!
[INFO] Compiling 8 source files to /home/srafi/after-cam-ready/compare_/compile_repair_output/work/c2b97e6382d0/dubbo-serialization/dubbo-serialization-api/target/classes
[INFO] 
[INFO] --- maven-resources-plugin:3.0.2:testResources (default-testResources) @ dubbo-serialization-api ---
[INFO] Using 'UTF-8' encoding to copy filtered resources.
[INFO] skip non existing resourceDirectory /home/srafi/after-cam-ready/compare_/compile_repair_output/work/c2b97e6382d0/dubbo-serialization/dubbo-serialization-api/src/test/resources
[INFO] Copying 3 resources
[INFO] 
[INFO] --- maven-compiler-plugin:3.6.0:testCompile (default-testCompile) @ dubbo-serialization-api ---
[INFO] Changes detected - recompiling the module!
[INFO] Compiling 1 source file to /home/srafi/after-cam-ready/compare_/compile_repair_output/work/c2b97e6382d0/dubbo-serialization/dubbo-serialization-api/target/test-classes
[INFO] 
[INFO] --- maven-surefire-plugin:2.19.1:test (default-test) @ dubbo-serialization-api ---
[INFO] Tests are skipped.
[INFO] 
[INFO] --- maven-jar-plugin:3.0.2:jar (default-jar) @ dubbo-serialization-api ---
[INFO] Building jar: /home/srafi/after-cam-ready/compare_/compile_repair_output/work/c2b97e6382d0/dubbo-serialization/dubbo-serialization-api/target/dubbo-serialization-api-2.7.0-SNAPSHOT.jar
[INFO] 
[INFO] --- maven-site-plugin:3.7:attach-descriptor (attach-descriptor) @ dubbo-serialization-api ---
[INFO] Skipping because packaging 'jar' is not pom.
[INFO] 
[INFO] >>> maven-source-plugin:3.0.1:jar (attach-sources) > generate-sources @ dubbo-serialization-api >>>
[INFO] 
[INFO] --- maven-enforcer-plugin:1.4.1:enforce (enforce-maven-version) @ dubbo-serialization-api ---
[INFO] Skipping Rule Enforcement.
[INFO] 
[INFO] --- maven-checkstyle-plugin:3.0.0:check (checkstyle-validation) @ dubbo-serialization-api ---
[INFO] 
[INFO] --- jacoco-maven-plugin:0.8.2:prepare-agent (jacoco-initialize) @ dubbo-serialization-api ---
[INFO] jacocoArgLine set to -javaagent:/home/srafi/.m2/repository/org/jacoco/org.jacoco.agent/0.8.2/org.jacoco.agent-0.8.2-runtime.jar=destfile=/home/srafi/after-cam-ready/compare_/compile_repair_output/work/c2b97e6382d0/dubbo-serialization/dubbo-serialization-api/target/jacoco.exec
[INFO] 
[INFO] <<< maven-source-plugin:3.0.1:jar (attach-sources) < generate-sources @ dubbo-serialization-api <<<
[INFO] 
[INFO] 
[INFO] --- maven-source-plugin:3.0.1:jar (attach-sources) @ dubbo-serialization-api ---
[INFO] Building jar: /home/srafi/after-cam-ready/compare_/compile_repair_output/work/c2b97e6382d0/dubbo-serialization/dubbo-serialization-api/target/dubbo-serialization-api-2.7.0-SNAPSHOT-sources.jar
[INFO] 
[INFO] --- jacoco-maven-plugin:0.8.2:report (jacoco-site) @ dubbo-serialization-api ---
[INFO] Skipping JaCoCo execution due to missing execution data file.
[INFO] 
[INFO] --- apache-rat-plugin:0.12:check (verify.rat) @ dubbo-serialization-api ---
[INFO] RAT will not execute since it is configured to be skipped via system property 'rat.skip'.
[INFO] 
[INFO] --- maven-install-plugin:2.5.2:install (default-install) @ dubbo-serialization-api ---
[INFO] Installing /home/srafi/after-cam-ready/compare_/compile_repair_output/work/c2b97e6382d0/dubbo-serialization/dubbo-serialization-api/target/dubbo-serialization-api-2.7.0-SNAPSHOT.jar to /home/srafi/.m2/repository/org/apache/dubbo/dubbo-serialization-api/2.7.0-SNAPSHOT/dubbo-serialization-api-2.7.0-SNAPSHOT.jar
[INFO] Installing /home/srafi/after-cam-ready/compare_/compile_repair_output/work/c2b97e6382d0/dubbo-serialization/dubbo-serialization-api/pom.xml to /home/srafi/.m2/repository/org/apache/dubbo/dubbo-serialization-api/2.7.0-SNAPSHOT/dubbo-serialization-api-2.7.0-SNAPSHOT.pom
[INFO] Installing /home/srafi/after-cam-ready/compare_/compile_repair_output/work/c2b97e6382d0/dubbo-serialization/dubbo-serialization-api/target/dubbo-serialization-api-2.7.0-SNAPSHOT-sources.jar to /home/srafi/.m2/repository/org/apache/dubbo/dubbo-serialization-api/2.7.0-SNAPSHOT/dubbo-serialization-api-2.7.0-SNAPSHOT-sources.jar
[INFO] 
[INFO] ------------------------------------------------------------------------
[INFO] Building dubbo-serialization-fst 2.7.0-SNAPSHOT
[INFO] ------------------------------------------------------------------------
[INFO] 
[INFO] --- maven-clean-plugin:3.0.0:clean (default-clean) @ dubbo-serialization-fst ---
[INFO] 
[INFO] --- maven-enforcer-plugin:1.4.1:enforce (enforce-maven-version) @ dubbo-serialization-fst ---
[INFO] Skipping Rule Enforcement.
[INFO] 
[INFO] --- maven-checkstyle-plugin:3.0.0:check (checkstyle-validation) @ dubbo-serialization-fst ---
[INFO] 
[INFO] --- jacoco-maven-plugin:0.8.2:prepare-agent (jacoco-initialize) @ dubbo-serialization-fst ---
[INFO] jacocoArgLine set to -javaagent:/home/srafi/.m2/repository/org/jacoco/org.jacoco.agent/0.8.2/org.jacoco.agent-0.8.2-runtime.jar=destfile=/home/srafi/after-cam-ready/compare_/compile_repair_output/work/c2b97e6382d0/dubbo-serialization/dubbo-serialization-fst/target/jacoco.exec
[INFO] 
[INFO] --- maven-remote-resources-plugin:1.5:process (process-resource-bundles) @ dubbo-serialization-fst ---
[INFO] 
[INFO] --- maven-resources-plugin:3.0.2:resources (default-resources) @ dubbo-serialization-fst ---
[INFO] Using 'UTF-8' encoding to copy filtered resources.
[INFO] Copying 1 resource
[INFO] Copying 2 resources to META-INF/
[INFO] Copying 3 resources
[INFO] 
[INFO] --- maven-compiler-plugin:3.6.0:compile (default-compile) @ dubbo-serialization-fst ---
[INFO] Changes detected - recompiling the module!
[INFO] Compiling 4 source files to /home/srafi/after-cam-ready/compare_/compile_repair_output/work/c2b97e6382d0/dubbo-serialization/dubbo-serialization-fst/target/classes
[INFO] 
[INFO] --- maven-resources-plugin:3.0.2:testResources (default-testResources) @ dubbo-serialization-fst ---
[INFO] Using 'UTF-8' encoding to copy filtered resources.
[INFO] Copying 1 resource
[INFO] Copying 3 resources
[INFO] 
[INFO] --- maven-compiler-plugin:3.6.0:testCompile (default-testCompile) @ dubbo-serialization-fst ---
[INFO] Changes detected - recompiling the module!
[INFO] Compiling 6 source files to /home/srafi/after-cam-ready/compare_/compile_repair_output/work/c2b97e6382d0/dubbo-serialization/dubbo-serialization-fst/target/test-classes
[INFO] 
[INFO] --- maven-surefire-plugin:2.19.1:test (default-test) @ dubbo-serialization-fst ---
[INFO] Tests are skipped.
[INFO] 
[INFO] --- maven-jar-plugin:3.0.2:jar (default-jar) @ dubbo-serialization-fst ---
[INFO] Building jar: /home/srafi/after-cam-ready/compare_/compile_repair_output/work/c2b97e6382d0/dubbo-serialization/dubbo-serialization-fst/target/dubbo-serialization-fst-2.7.0-SNAPSHOT.jar
[INFO] 
[INFO] --- maven-site-plugin:3.7:attach-descriptor (attach-descriptor) @ dubbo-serialization-fst ---
[INFO] Skipping because packaging 'jar' is not pom.
[INFO] 
[INFO] >>> maven-source-plugin:3.0.1:jar (attach-sources) > generate-sources @ dubbo-serialization-fst >>>
[INFO] 
[INFO] --- maven-enforcer-plugin:1.4.1:enforce (enforce-maven-version) @ dubbo-serialization-fst ---
[INFO] Skipping Rule Enforcement.
[INFO] 
[INFO] --- maven-checkstyle-plugin:3.0.0:check (checkstyle-validation) @ dubbo-serialization-fst ---
[INFO] 
[INFO] --- jacoco-maven-plugin:0.8.2:prepare-agent (jacoco-initialize) @ dubbo-serialization-fst ---
[INFO] jacocoArgLine set to -javaagent:/home/srafi/.m2/repository/org/jacoco/org.jacoco.agent/0.8.2/org.jacoco.agent-0.8.2-runtime.jar=destfile=/home/srafi/after-cam-ready/compare_/compile_repair_output/work/c2b97e6382d0/dubbo-serialization/dubbo-serialization-fst/target/jacoco.exec
[INFO] 
[INFO] <<< maven-source-plugin:3.0.1:jar (attach-sources) < generate-sources @ dubbo-serialization-fst <<<
[INFO] 
[INFO] 
[INFO] --- maven-source-plugin:3.0.1:jar (attach-sources) @ dubbo-serialization-fst ---
[INFO] Building jar: /home/srafi/after-cam-ready/compare_/compile_repair_output/work/c2b97e6382d0/dubbo-serialization/dubbo-serialization-fst/target/dubbo-serialization-fst-2.7.0-SNAPSHOT-sources.jar
[INFO] 
[INFO] --- jacoco-maven-plugin:0.8.2:report (jacoco-site) @ dubbo-serialization-fst ---
[INFO] Skipping JaCoCo execution due to missing execution data file.
[INFO] 
[INFO] --- apache-rat-plugin:0.12:check (verify.rat) @ dubbo-serialization-fst ---
[INFO] RAT will not execute since it is configured to be skipped via system property 'rat.skip'.
[INFO] 
[INFO] --- maven-install-plugin:2.5.2:install (default-install) @ dubbo-serialization-fst ---
[INFO] Installing /home/srafi/after-cam-ready/compare_/compile_repair_output/work/c2b97e6382d0/dubbo-serialization/dubbo-serialization-fst/target/dubbo-serialization-fst-2.7.0-SNAPSHOT.jar to /home/srafi/.m2/repository/org/apache/dubbo/dubbo-serialization-fst/2.7.0-SNAPSHOT/dubbo-serialization-fst-2.7.0-SNAPSHOT.jar
[INFO] Installing /home/srafi/after-cam-ready/compare_/compile_repair_output/work/c2b97e6382d0/dubbo-serialization/dubbo-serialization-fst/pom.xml to /home/srafi/.m2/repository/org/apache/dubbo/dubbo-serialization-fst/2.7.0-SNAPSHOT/dubbo-serialization-fst-2.7.0-SNAPSHOT.pom
[INFO] Installing /home/srafi/after-cam-ready/compare_/compile_repair_output/work/c2b97e6382d0/dubbo-serialization/dubbo-serialization-fst/target/dubbo-serialization-fst-2.7.0-SNAPSHOT-sources.jar to /home/srafi/.m2/repository/org/apache/dubbo/dubbo-serialization-fst/2.7.0-SNAPSHOT/dubbo-serialization-fst-2.7.0-SNAPSHOT-sources.jar
[INFO] ------------------------------------------------------------------------
[INFO] Reactor Summary:
[INFO] 
[INFO] dubbo-parent ....................................... SUCCESS [  1.086 s]
[INFO] dubbo-common ....................................... SUCCESS [  3.309 s]
[INFO] dubbo-serialization ................................ SUCCESS [  0.017 s]
[INFO] dubbo-serialization-api ............................ SUCCESS [  1.507 s]
[INFO] dubbo-serialization-fst ............................ SUCCESS [  1.036 s]
[INFO] ------------------------------------------------------------------------
[INFO] BUILD SUCCESS
[INFO] ------------------------------------------------------------------------
[INFO] Total time: 7.298 s
[INFO] Finished at: 2026-08-15T14:26:57-04:00
[INFO] Final Memory: 46M/864M
[INFO] ------------------------------------------------------------------------
