JAVA_HOME=/usr/lib/jvm/java-8-openjdk-amd64
COMMAND=bash /home/srafi/after-cam-ready/compare_/compile_repair_output/work/c3a15039828c/mvnw -B clean install -DskipTests -U -pl lti/tsugi-util -am -Ddependency-check.skip=true -Dgpg.skip=true -DfailIfNoTests=false -Dskip.installnodenpm=true -Dskip.npm=true -Dskip.yarn=true -Dlicense.skip=true -Dcheckstyle.skip=true -Drat.skip=true -Denforcer.skip=true -Danimal.sniffer.skip=true -Dmaven.javadoc.skip=true -Dfindbugs.skip=true -Dspotbugs.skip=true -Dwarbucks.skip=true -Dmodernizer.skip=true -Dimpsort.skip=true -Dmdep.analyze.skip=true -Dpgpverify.skip=true -Dxml.skip=true -Dcobertura.skip=true

--2026-08-15 16:48:52--  https://repo.maven.apache.org/maven2/io/takari/maven-wrapper/0.5.6/maven-wrapper-0.5.6.jar
Resolving repo.maven.apache.org (repo.maven.apache.org)... 104.18.19.12, 104.18.18.12, 2606:4700::6812:120c, ...
Connecting to repo.maven.apache.org (repo.maven.apache.org)|104.18.19.12|:443... connected.
HTTP request sent, awaiting response... 200 OK
Length: 50710 (50K) [application/java-archive]
Saving to: ‘/home/srafi/after-cam-ready/compare_/compile_repair_output/work/c3a15039828c/.mvn/wrapper/maven-wrapper.jar’

     0K .......... .......... .......... .......... ......... 100%  113M=0s

2026-08-15 16:48:53 (113 MB/s) - ‘/home/srafi/after-cam-ready/compare_/compile_repair_output/work/c3a15039828c/.mvn/wrapper/maven-wrapper.jar’ saved [50710/50710]

[INFO] Scanning for projects...
[INFO] Downloading from central: https://repo1.maven.org/maven2/org/sakaiproject/oss-parent/1/oss-parent-1.pom
[INFO] Downloaded from central: https://repo1.maven.org/maven2/org/sakaiproject/oss-parent/1/oss-parent-1.pom (9.8 kB at 53 kB/s)
[INFO] Downloading from central: https://repo1.maven.org/maven2/org/sakaiproject/maven/plugins/sakai/1.4.5/sakai-1.4.5.pom
[INFO] Downloaded from central: https://repo1.maven.org/maven2/org/sakaiproject/maven/plugins/sakai/1.4.5/sakai-1.4.5.pom (3.2 kB at 85 kB/s)
[INFO] Downloading from central: https://repo1.maven.org/maven2/org/sakaiproject/maven/plugins/1.4.5/plugins-1.4.5.pom
[INFO] Downloaded from central: https://repo1.maven.org/maven2/org/sakaiproject/maven/plugins/1.4.5/plugins-1.4.5.pom (7.0 kB at 213 kB/s)
[INFO] Downloading from central: https://repo1.maven.org/maven2/org/sakaiproject/maven/plugins/sakai/1.4.5/sakai-1.4.5.jar
[INFO] Downloaded from central: https://repo1.maven.org/maven2/org/sakaiproject/maven/plugins/sakai/1.4.5/sakai-1.4.5.jar (42 kB at 353 kB/s)
[INFO] ------------------------------------------------------------------------
[INFO] Reactor Build Order:
[INFO] 
[INFO] Sakai Master                                                       [pom]
[INFO] Sakai LTI base pom (lti)                                           [pom]
[INFO] Tsugi LTI Utilities (lti-util variant)                             [jar]
[INFO] 
[INFO] ----------------------< org.sakaiproject:master >-----------------------
[INFO] Building Sakai Master 25-SNAPSHOT                                  [1/3]
[INFO] --------------------------------[ pom ]---------------------------------
[INFO] Downloading from central: https://repo1.maven.org/maven2/org/apache/logging/log4j/log4j-api/2.24.1/log4j-api-2.24.1.pom
[INFO] Downloaded from central: https://repo1.maven.org/maven2/org/apache/logging/log4j/log4j-api/2.24.1/log4j-api-2.24.1.pom (4.4 kB at 107 kB/s)
[INFO] Downloading from central: https://repo1.maven.org/maven2/org/apache/logging/log4j/log4j/2.24.1/log4j-2.24.1.pom
[INFO] Downloaded from central: https://repo1.maven.org/maven2/org/apache/logging/log4j/log4j/2.24.1/log4j-2.24.1.pom (35 kB at 1.1 MB/s)
[INFO] Downloading from central: https://repo1.maven.org/maven2/org/apache/logging/log4j/log4j-bom/2.24.1/log4j-bom-2.24.1.pom
[INFO] Downloaded from central: https://repo1.maven.org/maven2/org/apache/logging/log4j/log4j-bom/2.24.1/log4j-bom-2.24.1.pom (12 kB at 383 kB/s)
[INFO] Downloading from central: https://repo1.maven.org/maven2/org/apache/logging/logging-parent/11.3.0/logging-parent-11.3.0.pom
[INFO] Downloaded from central: https://repo1.maven.org/maven2/org/apache/logging/logging-parent/11.3.0/logging-parent-11.3.0.pom (53 kB at 1.5 MB/s)
[INFO] Downloading from central: https://repo1.maven.org/maven2/org/apache/groovy/groovy-bom/4.0.22/groovy-bom-4.0.22.pom
[INFO] Downloaded from central: https://repo1.maven.org/maven2/org/apache/groovy/groovy-bom/4.0.22/groovy-bom-4.0.22.pom (27 kB at 802 kB/s)
[INFO] Downloading from central: https://repo1.maven.org/maven2/org/springframework/spring-framework-bom/5.3.39/spring-framework-bom-5.3.39.pom
[INFO] Downloaded from central: https://repo1.maven.org/maven2/org/springframework/spring-framework-bom/5.3.39/spring-framework-bom-5.3.39.pom (5.7 kB at 145 kB/s)
[INFO] Downloading from central: https://repo1.maven.org/maven2/org/apache/logging/log4j/log4j-slf4j-impl/2.24.1/log4j-slf4j-impl-2.24.1.pom
[INFO] Downloaded from central: https://repo1.maven.org/maven2/org/apache/logging/log4j/log4j-slf4j-impl/2.24.1/log4j-slf4j-impl-2.24.1.pom (5.3 kB at 152 kB/s)
[INFO] Downloading from central: https://repo1.maven.org/maven2/org/apache/logging/log4j/log4j-core/2.24.1/log4j-core-2.24.1.pom
[INFO] Downloaded from central: https://repo1.maven.org/maven2/org/apache/logging/log4j/log4j-core/2.24.1/log4j-core-2.24.1.pom (9.3 kB at 260 kB/s)
[INFO] 
[INFO] --- maven-clean-plugin:3.3.2:clean (default-clean) @ master ---
[INFO] 
[INFO] --- maven-enforcer-plugin:3.3.0:enforce (enforce-maven) @ master ---
[INFO] Downloading from central: https://repo1.maven.org/maven2/org/codehaus/mojo/extra-enforcer-rules/1.6.1/extra-enforcer-rules-1.6.1.pom
[INFO] Downloaded from central: https://repo1.maven.org/maven2/org/codehaus/mojo/extra-enforcer-rules/1.6.1/extra-enforcer-rules-1.6.1.pom (7.3 kB at 196 kB/s)
[INFO] Downloading from central: https://repo1.maven.org/maven2/org/codehaus/mojo/extra-enforcer-rules/1.6.1/extra-enforcer-rules-1.6.1.jar
[INFO] Downloaded from central: https://repo1.maven.org/maven2/org/codehaus/mojo/extra-enforcer-rules/1.6.1/extra-enforcer-rules-1.6.1.jar (51 kB at 1.5 MB/s)
[INFO] Skipping Rule Enforcement.
[INFO] 
[INFO] --- maven-enforcer-plugin:3.3.0:enforce (enforce-versions) @ master ---
[INFO] Skipping Rule Enforcement.
[INFO] 
[INFO] --- maven-enforcer-plugin:3.3.0:enforce (no-duplicate-declared-dependencies) @ master ---
[INFO] Skipping Rule Enforcement.
[INFO] 
[INFO] --- maven-enforcer-plugin:3.3.0:enforce (enforce-banned-dependencies) @ master ---
[INFO] Skipping Rule Enforcement.
[INFO] 
[INFO] --- maven-source-plugin:3.3.0:jar-no-fork (attach-sources) @ master ---
[INFO] 
[INFO] --- maven-install-plugin:3.1.1:install (default-install) @ master ---
[INFO] Installing /home/srafi/after-cam-ready/compare_/compile_repair_output/work/c3a15039828c/master/pom.xml to /home/srafi/.m2/repository/org/sakaiproject/master/25-SNAPSHOT/master-25-SNAPSHOT.pom
[INFO] 
[INFO] --- maven-enforcer-plugin:3.3.0:enforce (enforce-ban-circular-dependencies) @ master ---
[INFO] Skipping Rule Enforcement.
[INFO] 
[INFO] ----------------------< org.sakaiproject.lti:lti >----------------------
[INFO] Building Sakai LTI base pom (lti) 25-SNAPSHOT                      [2/3]
[INFO] --------------------------------[ pom ]---------------------------------
[INFO] 
[INFO] --- maven-clean-plugin:3.3.2:clean (default-clean) @ lti ---
[INFO] 
[INFO] --- maven-enforcer-plugin:3.3.0:enforce (enforce-maven) @ lti ---
[INFO] Skipping Rule Enforcement.
[INFO] 
[INFO] --- maven-enforcer-plugin:3.3.0:enforce (enforce-versions) @ lti ---
[INFO] Skipping Rule Enforcement.
[INFO] 
[INFO] --- maven-enforcer-plugin:3.3.0:enforce (no-duplicate-declared-dependencies) @ lti ---
[INFO] Skipping Rule Enforcement.
[INFO] 
[INFO] --- maven-enforcer-plugin:3.3.0:enforce (enforce-banned-dependencies) @ lti ---
[INFO] Skipping Rule Enforcement.
[INFO] 
[INFO] --- maven-source-plugin:3.3.0:jar-no-fork (attach-sources) @ lti ---
[INFO] 
[INFO] --- maven-install-plugin:3.1.1:install (default-install) @ lti ---
[INFO] Installing /home/srafi/after-cam-ready/compare_/compile_repair_output/work/c3a15039828c/lti/pom.xml to /home/srafi/.m2/repository/org/sakaiproject/lti/lti/25-SNAPSHOT/lti-25-SNAPSHOT.pom
[INFO] 
[INFO] --- maven-enforcer-plugin:3.3.0:enforce (enforce-ban-circular-dependencies) @ lti ---
[INFO] Skipping Rule Enforcement.
[INFO] 
[INFO] -------------------< org.sakaiproject.lti:lti-util >--------------------
[INFO] Building Tsugi LTI Utilities (lti-util variant) 25-SNAPSHOT        [3/3]
[INFO] --------------------------------[ jar ]---------------------------------
[INFO] Downloading from central: https://repo1.maven.org/maven2/org/apache/httpcomponents/client5/httpclient5/5.4.1/httpclient5-5.4.1.pom
[INFO] Downloaded from central: https://repo1.maven.org/maven2/org/apache/httpcomponents/client5/httpclient5/5.4.1/httpclient5-5.4.1.pom (6.1 kB at 174 kB/s)
[INFO] Downloading from central: https://repo1.maven.org/maven2/org/apache/httpcomponents/client5/httpclient5-parent/5.4.1/httpclient5-parent-5.4.1.pom
[INFO] Downloaded from central: https://repo1.maven.org/maven2/org/apache/httpcomponents/client5/httpclient5-parent/5.4.1/httpclient5-parent-5.4.1.pom (16 kB at 466 kB/s)
[INFO] Downloading from central: https://repo1.maven.org/maven2/org/apache/httpcomponents/httpcomponents-parent/13/httpcomponents-parent-13.pom
[INFO] Downloaded from central: https://repo1.maven.org/maven2/org/apache/httpcomponents/httpcomponents-parent/13/httpcomponents-parent-13.pom (30 kB at 839 kB/s)
[INFO] Downloading from central: https://repo1.maven.org/maven2/org/apache/httpcomponents/core5/httpcore5/5.3.1/httpcore5-5.3.1.pom
[INFO] Downloaded from central: https://repo1.maven.org/maven2/org/apache/httpcomponents/core5/httpcore5/5.3.1/httpcore5-5.3.1.pom (3.9 kB at 107 kB/s)
[INFO] Downloading from central: https://repo1.maven.org/maven2/org/apache/httpcomponents/core5/httpcore5-parent/5.3.1/httpcore5-parent-5.3.1.pom
[INFO] Downloaded from central: https://repo1.maven.org/maven2/org/apache/httpcomponents/core5/httpcore5-parent/5.3.1/httpcore5-parent-5.3.1.pom (14 kB at 358 kB/s)
[INFO] Downloading from central: https://repo1.maven.org/maven2/org/apache/httpcomponents/core5/httpcore5-h2/5.3.1/httpcore5-h2-5.3.1.pom
[INFO] Downloaded from central: https://repo1.maven.org/maven2/org/apache/httpcomponents/core5/httpcore5-h2/5.3.1/httpcore5-h2-5.3.1.pom (3.6 kB at 93 kB/s)
[INFO] Downloading from central: https://repo1.maven.org/maven2/net/bytebuddy/byte-buddy/1.14.3/byte-buddy-1.14.3.pom
[INFO] Downloaded from central: https://repo1.maven.org/maven2/net/bytebuddy/byte-buddy/1.14.3/byte-buddy-1.14.3.pom (16 kB at 440 kB/s)
[INFO] Downloading from central: https://repo1.maven.org/maven2/net/bytebuddy/byte-buddy-parent/1.14.3/byte-buddy-parent-1.14.3.pom
[INFO] Downloaded from central: https://repo1.maven.org/maven2/net/bytebuddy/byte-buddy-parent/1.14.3/byte-buddy-parent-1.14.3.pom (58 kB at 1.5 MB/s)
[INFO] Downloading from central: https://repo1.maven.org/maven2/org/springframework/spring-test/5.3.39/spring-test-5.3.39.pom
[INFO] Downloaded from central: https://repo1.maven.org/maven2/org/springframework/spring-test/5.3.39/spring-test-5.3.39.pom (2.1 kB at 60 kB/s)
[INFO] Downloading from central: https://repo1.maven.org/maven2/org/springframework/spring-core/5.3.39/spring-core-5.3.39.pom
[INFO] Downloaded from central: https://repo1.maven.org/maven2/org/springframework/spring-core/5.3.39/spring-core-5.3.39.pom (2.0 kB at 63 kB/s)
[INFO] Downloading from central: https://repo1.maven.org/maven2/org/springframework/spring-jcl/5.3.39/spring-jcl-5.3.39.pom
[INFO] Downloaded from central: https://repo1.maven.org/maven2/org/springframework/spring-jcl/5.3.39/spring-jcl-5.3.39.pom (1.8 kB at 57 kB/s)
[INFO] Downloading from central: https://repo1.maven.org/maven2/org/apache/httpcomponents/client5/httpclient5/5.4.1/httpclient5-5.4.1.jar
[INFO] Downloading from central: https://repo1.maven.org/maven2/org/apache/httpcomponents/core5/httpcore5/5.3.1/httpcore5-5.3.1.jar
[INFO] Downloading from central: https://repo1.maven.org/maven2/org/apache/httpcomponents/core5/httpcore5-h2/5.3.1/httpcore5-h2-5.3.1.jar
[INFO] Downloading from central: https://repo1.maven.org/maven2/net/bytebuddy/byte-buddy/1.14.3/byte-buddy-1.14.3.jar
[INFO] Downloading from central: https://repo1.maven.org/maven2/org/springframework/spring-test/5.3.39/spring-test-5.3.39.jar
[INFO] Downloaded from central: https://repo1.maven.org/maven2/org/apache/httpcomponents/client5/httpclient5/5.4.1/httpclient5-5.4.1.jar (908 kB at 15 MB/s)
[INFO] Downloading from central: https://repo1.maven.org/maven2/org/springframework/spring-core/5.3.39/spring-core-5.3.39.jar
[INFO] Downloaded from central: https://repo1.maven.org/maven2/org/apache/httpcomponents/core5/httpcore5-h2/5.3.1/httpcore5-h2-5.3.1.jar (241 kB at 3.5 MB/s)
[INFO] Downloading from central: https://repo1.maven.org/maven2/org/springframework/spring-jcl/5.3.39/spring-jcl-5.3.39.jar
[INFO] Downloaded from central: https://repo1.maven.org/maven2/org/springframework/spring-test/5.3.39/spring-test-5.3.39.jar (792 kB at 9.8 MB/s)
[INFO] Downloading from central: https://repo1.maven.org/maven2/org/apache/logging/log4j/log4j-api/2.24.1/log4j-api-2.24.1.jar
[INFO] Downloaded from central: https://repo1.maven.org/maven2/org/springframework/spring-jcl/5.3.39/spring-jcl-5.3.39.jar (25 kB at 217 kB/s)
[INFO] Downloading from central: https://repo1.maven.org/maven2/org/apache/logging/log4j/log4j-slf4j-impl/2.24.1/log4j-slf4j-impl-2.24.1.jar
[INFO] Downloaded from central: https://repo1.maven.org/maven2/net/bytebuddy/byte-buddy/1.14.3/byte-buddy-1.14.3.jar (4.2 MB at 36 MB/s)
[INFO] Downloading from central: https://repo1.maven.org/maven2/org/apache/logging/log4j/log4j-core/2.24.1/log4j-core-2.24.1.jar
[INFO] Downloaded from central: https://repo1.maven.org/maven2/org/springframework/spring-core/5.3.39/spring-core-5.3.39.jar (1.5 MB at 13 MB/s)
[INFO] Downloaded from central: https://repo1.maven.org/maven2/org/apache/logging/log4j/log4j-api/2.24.1/log4j-api-2.24.1.jar (348 kB at 2.9 MB/s)
[INFO] Downloaded from central: https://repo1.maven.org/maven2/org/apache/httpcomponents/core5/httpcore5/5.3.1/httpcore5-5.3.1.jar (906 kB at 7.0 MB/s)
[INFO] Downloaded from central: https://repo1.maven.org/maven2/org/apache/logging/log4j/log4j-slf4j-impl/2.24.1/log4j-slf4j-impl-2.24.1.jar (25 kB at 169 kB/s)
[INFO] Downloaded from central: https://repo1.maven.org/maven2/org/apache/logging/log4j/log4j-core/2.24.1/log4j-core-2.24.1.jar (1.9 MB at 11 MB/s)
[INFO] 
[INFO] --- maven-clean-plugin:3.3.2:clean (default-clean) @ lti-util ---
[INFO] 
[INFO] --- maven-enforcer-plugin:3.3.0:enforce (enforce-maven) @ lti-util ---
[INFO] Skipping Rule Enforcement.
[INFO] 
[INFO] --- maven-enforcer-plugin:3.3.0:enforce (enforce-versions) @ lti-util ---
[INFO] Skipping Rule Enforcement.
[INFO] 
[INFO] --- maven-enforcer-plugin:3.3.0:enforce (no-duplicate-declared-dependencies) @ lti-util ---
[INFO] Skipping Rule Enforcement.
[INFO] 
[INFO] --- maven-enforcer-plugin:3.3.0:enforce (enforce-banned-dependencies) @ lti-util ---
[INFO] Skipping Rule Enforcement.
[INFO] 
[INFO] --- maven-resources-plugin:3.3.1:resources (default-resources) @ lti-util ---
[INFO] Copying 3 resources from src/main/resources to target/classes
[INFO] 
[INFO] --- maven-compiler-plugin:3.11.0:compile (default-compile) @ lti-util ---
[INFO] Changes detected - recompiling the module! :dependency
[INFO] Compiling 94 source files with javac [debug target 11] to target/classes
[INFO] -------------------------------------------------------------
[ERROR] COMPILATION ERROR : 
[INFO] -------------------------------------------------------------
[ERROR] javac: invalid target release: 11
Usage: javac <options> <source files>
use -help for a list of possible options

[INFO] 1 error
[INFO] -------------------------------------------------------------
[INFO] ------------------------------------------------------------------------
[INFO] Reactor Summary for Sakai Master 25-SNAPSHOT:
[INFO] 
[INFO] Sakai Master ....................................... SUCCESS [  0.640 s]
[INFO] Sakai LTI base pom (lti) ........................... SUCCESS [  0.011 s]
[INFO] Tsugi LTI Utilities (lti-util variant) ............. FAILURE [  0.824 s]
[INFO] ------------------------------------------------------------------------
[INFO] BUILD FAILURE
[INFO] ------------------------------------------------------------------------
[INFO] Total time:  3.091 s
[INFO] Finished at: 2026-08-15T16:48:57-04:00
[INFO] ------------------------------------------------------------------------
[ERROR] Failed to execute goal org.apache.maven.plugins:maven-compiler-plugin:3.11.0:compile (default-compile) on project lti-util: Compilation failure
[ERROR] javac: invalid target release: 11
[ERROR] Usage: javac <options> <source files>
[ERROR] use -help for a list of possible options
[ERROR] -> [Help 1]
[ERROR] 
[ERROR] To see the full stack trace of the errors, re-run Maven with the -e switch.
[ERROR] Re-run Maven using the -X switch to enable full debug logging.
[ERROR] 
[ERROR] For more information about the errors and possible solutions, please read the following articles:
[ERROR] [Help 1] http://cwiki.apache.org/confluence/display/MAVEN/MojoFailureException
[ERROR] 
[ERROR] After correcting the problems, you can resume the build with the command
[ERROR]   mvn <args> -rf :lti-util
