JAVA_HOME=/usr/lib/jvm/java-11-openjdk-amd64
COMMAND=bash /home/srafi/after-cam-ready/compare_/compile_repair_output/work/c3a15039828c/mvnw -B clean install -DskipTests -U -pl lti/tsugi-util -am -Ddependency-check.skip=true -Dgpg.skip=true -DfailIfNoTests=false -Dskip.installnodenpm=true -Dskip.npm=true -Dskip.yarn=true -Dlicense.skip=true -Dcheckstyle.skip=true -Drat.skip=true -Denforcer.skip=true -Danimal.sniffer.skip=true -Dmaven.javadoc.skip=true -Dfindbugs.skip=true -Dspotbugs.skip=true -Dwarbucks.skip=true -Dmodernizer.skip=true -Dimpsort.skip=true -Dmdep.analyze.skip=true -Dpgpverify.skip=true -Dxml.skip=true -Dcobertura.skip=true

--2026-08-15 16:48:57--  https://repo.maven.apache.org/maven2/io/takari/maven-wrapper/0.5.6/maven-wrapper-0.5.6.jar
Resolving repo.maven.apache.org (repo.maven.apache.org)... 104.18.19.12, 104.18.18.12, 2606:4700::6812:130c, ...
Connecting to repo.maven.apache.org (repo.maven.apache.org)|104.18.19.12|:443... connected.
HTTP request sent, awaiting response... 200 OK
Length: 50710 (50K) [application/java-archive]
Saving to: ‘/home/srafi/after-cam-ready/compare_/compile_repair_output/work/c3a15039828c/.mvn/wrapper/maven-wrapper.jar’

     0K .......... .......... .......... .......... ......... 100%  120M=0s

2026-08-15 16:48:57 (120 MB/s) - ‘/home/srafi/after-cam-ready/compare_/compile_repair_output/work/c3a15039828c/.mvn/wrapper/maven-wrapper.jar’ saved [50710/50710]

[INFO] Scanning for projects...
[INFO] ------------------------------------------------------------------------
[INFO] Reactor Build Order:
[INFO] 
[INFO] Sakai Master                                                       [pom]
[INFO] Sakai LTI base pom (lti)                                           [pom]
[INFO] Tsugi LTI Utilities (lti-util variant)                             [jar]
[INFO] 
[INFO] ----------------------< org.sakaiproject:master >-----------------------
[INFO] Building Sakai Master 25-SNAPSHOT                                  [1/3]
[INFO] --------------------------------[ pom ]---------------------------------
[INFO] 
[INFO] --- maven-clean-plugin:3.3.2:clean (default-clean) @ master ---
[INFO] 
[INFO] --- maven-enforcer-plugin:3.3.0:enforce (enforce-maven) @ master ---
[INFO] Skipping Rule Enforcement.
[INFO] 
[INFO] --- maven-enforcer-plugin:3.3.0:enforce (enforce-versions) @ master ---
[INFO] Skipping Rule Enforcement.
[INFO] 
[INFO] --- maven-enforcer-plugin:3.3.0:enforce (no-duplicate-declared-dependencies) @ master ---
[INFO] Skipping Rule Enforcement.
[INFO] 
[INFO] --- maven-enforcer-plugin:3.3.0:enforce (enforce-banned-dependencies) @ master ---
[INFO] Skipping Rule Enforcement.
[INFO] 
[INFO] --- maven-source-plugin:3.3.0:jar-no-fork (attach-sources) @ master ---
[INFO] 
[INFO] --- maven-install-plugin:3.1.1:install (default-install) @ master ---
[INFO] Installing /home/srafi/after-cam-ready/compare_/compile_repair_output/work/c3a15039828c/master/pom.xml to /home/srafi/.m2/repository/org/sakaiproject/master/25-SNAPSHOT/master-25-SNAPSHOT.pom
[INFO] 
[INFO] --- maven-enforcer-plugin:3.3.0:enforce (enforce-ban-circular-dependencies) @ master ---
[INFO] Skipping Rule Enforcement.
[INFO] 
[INFO] ----------------------< org.sakaiproject.lti:lti >----------------------
[INFO] Building Sakai LTI base pom (lti) 25-SNAPSHOT                      [2/3]
[INFO] --------------------------------[ pom ]---------------------------------
[INFO] 
[INFO] --- maven-clean-plugin:3.3.2:clean (default-clean) @ lti ---
[INFO] 
[INFO] --- maven-enforcer-plugin:3.3.0:enforce (enforce-maven) @ lti ---
[INFO] Skipping Rule Enforcement.
[INFO] 
[INFO] --- maven-enforcer-plugin:3.3.0:enforce (enforce-versions) @ lti ---
[INFO] Skipping Rule Enforcement.
[INFO] 
[INFO] --- maven-enforcer-plugin:3.3.0:enforce (no-duplicate-declared-dependencies) @ lti ---
[INFO] Skipping Rule Enforcement.
[INFO] 
[INFO] --- maven-enforcer-plugin:3.3.0:enforce (enforce-banned-dependencies) @ lti ---
[INFO] Skipping Rule Enforcement.
[INFO] 
[INFO] --- maven-source-plugin:3.3.0:jar-no-fork (attach-sources) @ lti ---
[INFO] 
[INFO] --- maven-install-plugin:3.1.1:install (default-install) @ lti ---
[INFO] Installing /home/srafi/after-cam-ready/compare_/compile_repair_output/work/c3a15039828c/lti/pom.xml to /home/srafi/.m2/repository/org/sakaiproject/lti/lti/25-SNAPSHOT/lti-25-SNAPSHOT.pom
[INFO] 
[INFO] --- maven-enforcer-plugin:3.3.0:enforce (enforce-ban-circular-dependencies) @ lti ---
[INFO] Skipping Rule Enforcement.
[INFO] 
[INFO] -------------------< org.sakaiproject.lti:lti-util >--------------------
[INFO] Building Tsugi LTI Utilities (lti-util variant) 25-SNAPSHOT        [3/3]
[INFO] --------------------------------[ jar ]---------------------------------
[INFO] 
[INFO] --- maven-clean-plugin:3.3.2:clean (default-clean) @ lti-util ---
[INFO] 
[INFO] --- maven-enforcer-plugin:3.3.0:enforce (enforce-maven) @ lti-util ---
[INFO] Skipping Rule Enforcement.
[INFO] 
[INFO] --- maven-enforcer-plugin:3.3.0:enforce (enforce-versions) @ lti-util ---
[INFO] Skipping Rule Enforcement.
[INFO] 
[INFO] --- maven-enforcer-plugin:3.3.0:enforce (no-duplicate-declared-dependencies) @ lti-util ---
[INFO] Skipping Rule Enforcement.
[INFO] 
[INFO] --- maven-enforcer-plugin:3.3.0:enforce (enforce-banned-dependencies) @ lti-util ---
[INFO] Skipping Rule Enforcement.
[INFO] 
[INFO] --- maven-resources-plugin:3.3.1:resources (default-resources) @ lti-util ---
[INFO] Copying 3 resources from src/main/resources to target/classes
[INFO] 
[INFO] --- maven-compiler-plugin:3.11.0:compile (default-compile) @ lti-util ---
[INFO] Changes detected - recompiling the module! :source
[INFO] Compiling 94 source files with javac [debug target 11] to target/classes
[INFO] 
[INFO] --- maven-resources-plugin:3.3.1:testResources (default-testResources) @ lti-util ---
[INFO] Copying 12 resources from src/test/resources to target/test-classes
[INFO] 
[INFO] --- maven-compiler-plugin:3.11.0:testCompile (default-testCompile) @ lti-util ---
[INFO] Changes detected - recompiling the module! :dependency
[INFO] Compiling 21 source files with javac [debug target 11] to target/test-classes
[INFO] 
[INFO] --- maven-surefire-plugin:3.2.5:test (default-test) @ lti-util ---
[INFO] Downloading from central: https://repo1.maven.org/maven2/org/apache/maven/surefire/surefire-junit4/3.2.5/surefire-junit4-3.2.5.pom
[INFO] Downloaded from central: https://repo1.maven.org/maven2/org/apache/maven/surefire/surefire-junit4/3.2.5/surefire-junit4-3.2.5.pom (3.0 kB at 15 kB/s)
[INFO] Downloading from central: https://repo1.maven.org/maven2/org/apache/maven/surefire/surefire-providers/3.2.5/surefire-providers-3.2.5.pom
[INFO] Downloaded from central: https://repo1.maven.org/maven2/org/apache/maven/surefire/surefire-providers/3.2.5/surefire-providers-3.2.5.pom (2.6 kB at 49 kB/s)
[INFO] Downloading from central: https://repo1.maven.org/maven2/org/apache/maven/surefire/common-junit4/3.2.5/common-junit4-3.2.5.pom
[INFO] Downloaded from central: https://repo1.maven.org/maven2/org/apache/maven/surefire/common-junit4/3.2.5/common-junit4-3.2.5.pom (3.1 kB at 59 kB/s)
[INFO] Downloading from central: https://repo1.maven.org/maven2/org/apache/maven/surefire/common-junit3/3.2.5/common-junit3-3.2.5.pom
[INFO] Downloaded from central: https://repo1.maven.org/maven2/org/apache/maven/surefire/common-junit3/3.2.5/common-junit3-3.2.5.pom (2.8 kB at 54 kB/s)
[INFO] Downloading from central: https://repo1.maven.org/maven2/org/apache/maven/surefire/common-java5/3.2.5/common-java5-3.2.5.pom
[INFO] Downloaded from central: https://repo1.maven.org/maven2/org/apache/maven/surefire/common-java5/3.2.5/common-java5-3.2.5.pom (2.8 kB at 64 kB/s)
[INFO] Downloading from central: https://repo1.maven.org/maven2/org/apache/maven/surefire/surefire-junit4/3.2.5/surefire-junit4-3.2.5.jar
[INFO] Downloading from central: https://repo1.maven.org/maven2/org/apache/maven/surefire/common-java5/3.2.5/common-java5-3.2.5.jar
[INFO] Downloading from central: https://repo1.maven.org/maven2/org/apache/maven/surefire/common-junit3/3.2.5/common-junit3-3.2.5.jar
[INFO] Downloading from central: https://repo1.maven.org/maven2/org/apache/maven/surefire/common-junit4/3.2.5/common-junit4-3.2.5.jar
[INFO] Downloaded from central: https://repo1.maven.org/maven2/org/apache/maven/surefire/surefire-junit4/3.2.5/surefire-junit4-3.2.5.jar (18 kB at 343 kB/s)
[INFO] Downloaded from central: https://repo1.maven.org/maven2/org/apache/maven/surefire/common-junit3/3.2.5/common-junit3-3.2.5.jar (12 kB at 209 kB/s)
[INFO] Downloaded from central: https://repo1.maven.org/maven2/org/apache/maven/surefire/common-java5/3.2.5/common-java5-3.2.5.jar (18 kB at 293 kB/s)
[INFO] Downloaded from central: https://repo1.maven.org/maven2/org/apache/maven/surefire/common-junit4/3.2.5/common-junit4-3.2.5.jar (26 kB at 410 kB/s)
[INFO] Tests are skipped.
[INFO] 
[INFO] --- maven-jar-plugin:3.3.0:jar (default-jar) @ lti-util ---
[INFO] Building jar: /home/srafi/after-cam-ready/compare_/compile_repair_output/work/c3a15039828c/lti/tsugi-util/target/lti-util-25-SNAPSHOT.jar
[INFO] 
[INFO] --- maven-source-plugin:3.3.0:jar-no-fork (attach-sources) @ lti-util ---
[INFO] Building jar: /home/srafi/after-cam-ready/compare_/compile_repair_output/work/c3a15039828c/lti/tsugi-util/target/lti-util-25-SNAPSHOT-sources.jar
[INFO] 
[INFO] --- maven-install-plugin:3.1.1:install (default-install) @ lti-util ---
[INFO] Installing /home/srafi/after-cam-ready/compare_/compile_repair_output/work/c3a15039828c/lti/tsugi-util/pom.xml to /home/srafi/.m2/repository/org/sakaiproject/lti/lti-util/25-SNAPSHOT/lti-util-25-SNAPSHOT.pom
[INFO] Installing /home/srafi/after-cam-ready/compare_/compile_repair_output/work/c3a15039828c/lti/tsugi-util/target/lti-util-25-SNAPSHOT.jar to /home/srafi/.m2/repository/org/sakaiproject/lti/lti-util/25-SNAPSHOT/lti-util-25-SNAPSHOT.jar
[INFO] Installing /home/srafi/after-cam-ready/compare_/compile_repair_output/work/c3a15039828c/lti/tsugi-util/target/lti-util-25-SNAPSHOT-sources.jar to /home/srafi/.m2/repository/org/sakaiproject/lti/lti-util/25-SNAPSHOT/lti-util-25-SNAPSHOT-sources.jar
[INFO] 
[INFO] --- maven-enforcer-plugin:3.3.0:enforce (enforce-ban-circular-dependencies) @ lti-util ---
[INFO] Skipping Rule Enforcement.
[INFO] ------------------------------------------------------------------------
[INFO] Reactor Summary for Sakai Master 25-SNAPSHOT:
[INFO] 
[INFO] Sakai Master ....................................... SUCCESS [  0.269 s]
[INFO] Sakai LTI base pom (lti) ........................... SUCCESS [  0.016 s]
[INFO] Tsugi LTI Utilities (lti-util variant) ............. SUCCESS [  3.416 s]
[INFO] ------------------------------------------------------------------------
[INFO] BUILD SUCCESS
[INFO] ------------------------------------------------------------------------
[INFO] Total time:  5.072 s
[INFO] Finished at: 2026-08-15T16:49:03-04:00
[INFO] ------------------------------------------------------------------------
