JAVA_HOME=/usr/lib/jvm/java-8-openjdk-amd64
COMMAND=mvn -B clean install -DskipTests -U -Ddependency-check.skip=true -Dgpg.skip=true -DfailIfNoTests=false -Dskip.installnodenpm=true -Dskip.npm=true -Dskip.yarn=true -Dlicense.skip=true -Dcheckstyle.skip=true -Drat.skip=true -Denforcer.skip=true -Danimal.sniffer.skip=true -Dmaven.javadoc.skip=true -Dfindbugs.skip=true -Dspotbugs.skip=true -Dwarbucks.skip=true -Dmodernizer.skip=true -Dimpsort.skip=true -Dmdep.analyze.skip=true -Dpgpverify.skip=true -Dxml.skip=true -Dcobertura.skip=true

[INFO] Scanning for projects...
[INFO] 
[INFO] ---------------------------< io.jboot:jboot >---------------------------
[INFO] Building jboot 3.6.7
[INFO] --------------------------------[ jar ]---------------------------------
[INFO] Downloading from central: https://repo.maven.apache.org/maven2/com/jfinal/jfinal/4.9.03/jfinal-4.9.03.pom
[INFO] Downloaded from central: https://repo.maven.apache.org/maven2/com/jfinal/jfinal/4.9.03/jfinal-4.9.03.pom (8.6 kB at 27 kB/s)
[INFO] Downloading from central: https://repo.maven.apache.org/maven2/com/jfinal/cos/2020.4/cos-2020.4.pom
[INFO] Downloaded from central: https://repo.maven.apache.org/maven2/com/jfinal/cos/2020.4/cos-2020.4.pom (3.8 kB at 19 kB/s)
[INFO] Downloading from central: https://repo.maven.apache.org/maven2/com/jfinal/jfinal-weixin/2.8/jfinal-weixin-2.8.pom
[INFO] Downloaded from central: https://repo.maven.apache.org/maven2/com/jfinal/jfinal-weixin/2.8/jfinal-weixin-2.8.pom (6.2 kB at 16 kB/s)
[INFO] Downloading from central: https://repo.maven.apache.org/maven2/com/jfinal/jfinal-undertow/2.2/jfinal-undertow-2.2.pom
[INFO] Downloaded from central: https://repo.maven.apache.org/maven2/com/jfinal/jfinal-undertow/2.2/jfinal-undertow-2.2.pom (5.5 kB at 17 kB/s)
[INFO] Downloading from central: https://repo.maven.apache.org/maven2/io/undertow/undertow-core/2.0.32.Final/undertow-core-2.0.32.Final.pom
[INFO] Downloaded from central: https://repo.maven.apache.org/maven2/io/undertow/undertow-core/2.0.32.Final/undertow-core-2.0.32.Final.pom (27 kB at 91 kB/s)
[INFO] Downloading from central: https://repo.maven.apache.org/maven2/io/undertow/undertow-parent/2.0.32.Final/undertow-parent-2.0.32.Final.pom
[INFO] Downloaded from central: https://repo.maven.apache.org/maven2/io/undertow/undertow-parent/2.0.32.Final/undertow-parent-2.0.32.Final.pom (25 kB at 115 kB/s)
[INFO] Downloading from central: https://repo.maven.apache.org/maven2/org/jboss/xnio/xnio-api/3.3.8.Final/xnio-api-3.3.8.Final.pom
[INFO] Downloaded from central: https://repo.maven.apache.org/maven2/org/jboss/xnio/xnio-api/3.3.8.Final/xnio-api-3.3.8.Final.pom (0 B at 0 B/s)
[INFO] Downloading from central: https://repo.maven.apache.org/maven2/org/jboss/xnio/xnio-all/3.3.8.Final/xnio-all-3.3.8.Final.pom
[INFO] Downloaded from central: https://repo.maven.apache.org/maven2/org/jboss/xnio/xnio-all/3.3.8.Final/xnio-all-3.3.8.Final.pom (0 B at 0 B/s)
[INFO] Downloading from central: https://repo.maven.apache.org/maven2/org/jboss/xnio/xnio-nio/3.3.8.Final/xnio-nio-3.3.8.Final.pom
[INFO] Downloaded from central: https://repo.maven.apache.org/maven2/org/jboss/xnio/xnio-nio/3.3.8.Final/xnio-nio-3.3.8.Final.pom (0 B at 0 B/s)
[INFO] Downloading from central: https://repo.maven.apache.org/maven2/io/undertow/undertow-servlet/2.0.32.Final/undertow-servlet-2.0.32.Final.pom
[INFO] Downloaded from central: https://repo.maven.apache.org/maven2/io/undertow/undertow-servlet/2.0.32.Final/undertow-servlet-2.0.32.Final.pom (20 kB at 89 kB/s)
[INFO] Downloading from central: https://repo.maven.apache.org/maven2/cglib/cglib/3.3.0/cglib-3.3.0.pom
[INFO] Downloaded from central: https://repo.maven.apache.org/maven2/cglib/cglib/3.3.0/cglib-3.3.0.pom (2.9 kB at 89 kB/s)
[INFO] Downloading from central: https://repo.maven.apache.org/maven2/io/undertow/undertow-websockets-jsr/2.2.2.Final/undertow-websockets-jsr-2.2.2.Final.pom
[INFO] Downloaded from central: https://repo.maven.apache.org/maven2/io/undertow/undertow-websockets-jsr/2.2.2.Final/undertow-websockets-jsr-2.2.2.Final.pom (8.2 kB at 249 kB/s)
[INFO] Downloading from central: https://repo.maven.apache.org/maven2/io/undertow/undertow-servlet/2.2.2.Final/undertow-servlet-2.2.2.Final.pom
[INFO] Downloaded from central: https://repo.maven.apache.org/maven2/io/undertow/undertow-servlet/2.2.2.Final/undertow-servlet-2.2.2.Final.pom (18 kB at 545 kB/s)
[INFO] Downloading from central: https://repo.maven.apache.org/maven2/com/fasterxml/jackson/dataformat/jackson-dataformat-yaml/2.11.3/jackson-dataformat-yaml-2.11.3.pom
[INFO] Downloaded from central: https://repo.maven.apache.org/maven2/com/fasterxml/jackson/dataformat/jackson-dataformat-yaml/2.11.3/jackson-dataformat-yaml-2.11.3.pom (2.3 kB at 65 kB/s)
[INFO] Downloading from central: https://repo.maven.apache.org/maven2/com/fasterxml/jackson/dataformat/jackson-dataformats-text/2.11.3/jackson-dataformats-text-2.11.3.pom
[INFO] Downloaded from central: https://repo.maven.apache.org/maven2/com/fasterxml/jackson/dataformat/jackson-dataformats-text/2.11.3/jackson-dataformats-text-2.11.3.pom (3.0 kB at 88 kB/s)
[INFO] Downloading from central: https://repo.maven.apache.org/maven2/de/ruedigermoeller/fst/2.57/fst-2.57.pom
[INFO] Downloaded from central: https://repo.maven.apache.org/maven2/de/ruedigermoeller/fst/2.57/fst-2.57.pom (7.6 kB at 201 kB/s)
[INFO] Downloading from central: https://repo.maven.apache.org/maven2/it/sauronsoftware/cron4j/cron4j/2.2.5/cron4j-2.2.5.pom
[INFO] Downloaded from central: https://repo.maven.apache.org/maven2/it/sauronsoftware/cron4j/cron4j/2.2.5/cron4j-2.2.5.pom (1.0 kB at 21 kB/s)
[INFO] Downloading from central: https://repo.maven.apache.org/maven2/redis/clients/jedis/2.10.2/jedis-2.10.2.pom
[INFO] Downloaded from central: https://repo.maven.apache.org/maven2/redis/clients/jedis/2.10.2/jedis-2.10.2.pom (6.8 kB at 173 kB/s)
[INFO] Downloading from central: https://repo.maven.apache.org/maven2/com/github/ben-manes/caffeine/caffeine/2.8.6/caffeine-2.8.6.pom
[INFO] Downloaded from central: https://repo.maven.apache.org/maven2/com/github/ben-manes/caffeine/caffeine/2.8.6/caffeine-2.8.6.pom (2.1 kB at 54 kB/s)
[INFO] Downloading from central: https://repo.maven.apache.org/maven2/org/checkerframework/checker-qual/3.7.0/checker-qual-3.7.0.pom
[INFO] Downloaded from central: https://repo.maven.apache.org/maven2/org/checkerframework/checker-qual/3.7.0/checker-qual-3.7.0.pom (2.2 kB at 61 kB/s)
[INFO] Downloading from central: https://repo.maven.apache.org/maven2/net/sf/ehcache/ehcache/2.10.6/ehcache-2.10.6.pom
[INFO] Downloaded from central: https://repo.maven.apache.org/maven2/net/sf/ehcache/ehcache/2.10.6/ehcache-2.10.6.pom (20 kB at 575 kB/s)
[INFO] Downloading from central: https://repo.maven.apache.org/maven2/net/sf/ehcache/ehcache-root/2.10.6/ehcache-root-2.10.6.pom
[INFO] Downloaded from central: https://repo.maven.apache.org/maven2/net/sf/ehcache/ehcache-root/2.10.6/ehcache-root-2.10.6.pom (17 kB at 477 kB/s)
[INFO] Downloading from central: https://repo.maven.apache.org/maven2/net/sf/ehcache/ehcache-parent/2.22/ehcache-parent-2.22.pom
[INFO] Downloaded from central: https://repo.maven.apache.org/maven2/net/sf/ehcache/ehcache-parent/2.22/ehcache-parent-2.22.pom (18 kB at 449 kB/s)
[INFO] Downloading from central: https://repo.maven.apache.org/maven2/com/alibaba/druid/1.2.3/druid-1.2.3.pom
[INFO] Downloaded from central: https://repo.maven.apache.org/maven2/com/alibaba/druid/1.2.3/druid-1.2.3.pom (14 kB at 400 kB/s)
[INFO] Downloading from central: https://repo.maven.apache.org/maven2/com/alibaba/csp/sentinel-core/1.8.0/sentinel-core-1.8.0.pom
[INFO] Downloaded from central: https://repo.maven.apache.org/maven2/com/alibaba/csp/sentinel-core/1.8.0/sentinel-core-1.8.0.pom (2.6 kB at 83 kB/s)
[INFO] Downloading from central: https://repo.maven.apache.org/maven2/com/alibaba/csp/sentinel-parent/1.8.0/sentinel-parent-1.8.0.pom
[INFO] Downloaded from central: https://repo.maven.apache.org/maven2/com/alibaba/csp/sentinel-parent/1.8.0/sentinel-parent-1.8.0.pom (16 kB at 464 kB/s)
[INFO] Downloading from central: https://repo.maven.apache.org/maven2/com/alibaba/csp/sentinel-cluster-client-default/1.8.0/sentinel-cluster-client-default-1.8.0.pom
[INFO] Downloaded from central: https://repo.maven.apache.org/maven2/com/alibaba/csp/sentinel-cluster-client-default/1.8.0/sentinel-cluster-client-default-1.8.0.pom (2.1 kB at 55 kB/s)
[INFO] Downloading from central: https://repo.maven.apache.org/maven2/com/alibaba/csp/sentinel-cluster/1.8.0/sentinel-cluster-1.8.0.pom
[INFO] Downloaded from central: https://repo.maven.apache.org/maven2/com/alibaba/csp/sentinel-cluster/1.8.0/sentinel-cluster-1.8.0.pom (1.6 kB at 40 kB/s)
[INFO] Downloading from central: https://repo.maven.apache.org/maven2/com/alibaba/csp/sentinel-cluster-common-default/1.8.0/sentinel-cluster-common-default-1.8.0.pom
[INFO] Downloaded from central: https://repo.maven.apache.org/maven2/com/alibaba/csp/sentinel-cluster-common-default/1.8.0/sentinel-cluster-common-default-1.8.0.pom (739 B at 18 kB/s)
[INFO] Downloading from central: https://repo.maven.apache.org/maven2/io/netty/netty-handler/4.1.31.Final/netty-handler-4.1.31.Final.pom
[INFO] Downloaded from central: https://repo.maven.apache.org/maven2/io/netty/netty-handler/4.1.31.Final/netty-handler-4.1.31.Final.pom (3.0 kB at 78 kB/s)
[INFO] Downloading from central: https://repo.maven.apache.org/maven2/io/netty/netty-transport/4.1.31.Final/netty-transport-4.1.31.Final.pom
[INFO] Downloaded from central: https://repo.maven.apache.org/maven2/io/netty/netty-transport/4.1.31.Final/netty-transport-4.1.31.Final.pom (1.8 kB at 59 kB/s)
[INFO] Downloading from central: https://repo.maven.apache.org/maven2/io/netty/netty-resolver/4.1.31.Final/netty-resolver-4.1.31.Final.pom
[INFO] Downloaded from central: https://repo.maven.apache.org/maven2/io/netty/netty-resolver/4.1.31.Final/netty-resolver-4.1.31.Final.pom (1.6 kB at 39 kB/s)
[INFO] Downloading from central: https://repo.maven.apache.org/maven2/io/netty/netty-codec/4.1.31.Final/netty-codec-4.1.31.Final.pom
[INFO] Downloaded from central: https://repo.maven.apache.org/maven2/io/netty/netty-codec/4.1.31.Final/netty-codec-4.1.31.Final.pom (3.3 kB at 90 kB/s)
[INFO] Downloading from central: https://repo.maven.apache.org/maven2/com/alibaba/csp/sentinel-transport-simple-http/1.8.0/sentinel-transport-simple-http-1.8.0.pom
[INFO] Downloaded from central: https://repo.maven.apache.org/maven2/com/alibaba/csp/sentinel-transport-simple-http/1.8.0/sentinel-transport-simple-http-1.8.0.pom (925 B at 21 kB/s)
[INFO] Downloading from central: https://repo.maven.apache.org/maven2/com/alibaba/csp/sentinel-transport/1.8.0/sentinel-transport-1.8.0.pom
[INFO] Downloaded from central: https://repo.maven.apache.org/maven2/com/alibaba/csp/sentinel-transport/1.8.0/sentinel-transport-1.8.0.pom (791 B at 19 kB/s)
[INFO] Downloading from central: https://repo.maven.apache.org/maven2/com/alibaba/csp/sentinel-transport-common/1.8.0/sentinel-transport-common-1.8.0.pom
[INFO] Downloaded from central: https://repo.maven.apache.org/maven2/com/alibaba/csp/sentinel-transport-common/1.8.0/sentinel-transport-common-1.8.0.pom (1.2 kB at 33 kB/s)
[INFO] Downloading from central: https://repo.maven.apache.org/maven2/com/alibaba/csp/sentinel-datasource-extension/1.8.0/sentinel-datasource-extension-1.8.0.pom
[INFO] Downloaded from central: https://repo.maven.apache.org/maven2/com/alibaba/csp/sentinel-datasource-extension/1.8.0/sentinel-datasource-extension-1.8.0.pom (887 B at 25 kB/s)
[INFO] Downloading from central: https://repo.maven.apache.org/maven2/com/alibaba/csp/sentinel-extension/1.8.0/sentinel-extension-1.8.0.pom
[INFO] Downloaded from central: https://repo.maven.apache.org/maven2/com/alibaba/csp/sentinel-extension/1.8.0/sentinel-extension-1.8.0.pom (1.2 kB at 32 kB/s)
[INFO] Downloading from central: https://repo.maven.apache.org/maven2/com/ctrip/framework/apollo/apollo-client/1.7.0/apollo-client-1.7.0.pom
[INFO] Downloaded from central: https://repo.maven.apache.org/maven2/com/ctrip/framework/apollo/apollo-client/1.7.0/apollo-client-1.7.0.pom (2.6 kB at 53 kB/s)
[INFO] Downloading from central: https://repo.maven.apache.org/maven2/com/ctrip/framework/apollo/apollo/1.7.0/apollo-1.7.0.pom
[INFO] Downloaded from central: https://repo.maven.apache.org/maven2/com/ctrip/framework/apollo/apollo/1.7.0/apollo-1.7.0.pom (34 kB at 941 kB/s)
[INFO] Downloading from central: https://repo.maven.apache.org/maven2/com/ctrip/framework/apollo/apollo-core/1.7.0/apollo-core-1.7.0.pom
[INFO] Downloaded from central: https://repo.maven.apache.org/maven2/com/ctrip/framework/apollo/apollo-core/1.7.0/apollo-core-1.7.0.pom (1.7 kB at 51 kB/s)
[INFO] Downloading from central: https://repo.maven.apache.org/maven2/com/alibaba/nacos/nacos-client/1.4.0/nacos-client-1.4.0.pom
[INFO] Downloaded from central: https://repo.maven.apache.org/maven2/com/alibaba/nacos/nacos-client/1.4.0/nacos-client-1.4.0.pom (4.7 kB at 16 kB/s)
[INFO] Downloading from central: https://repo.maven.apache.org/maven2/com/alibaba/nacos/nacos-all/1.4.0/nacos-all-1.4.0.pom
[INFO] Downloaded from central: https://repo.maven.apache.org/maven2/com/alibaba/nacos/nacos-all/1.4.0/nacos-all-1.4.0.pom (43 kB at 1.0 MB/s)
[INFO] Downloading from central: https://repo.maven.apache.org/maven2/com/alibaba/nacos/nacos-common/1.4.0/nacos-common-1.4.0.pom
[INFO] Downloaded from central: https://repo.maven.apache.org/maven2/com/alibaba/nacos/nacos-common/1.4.0/nacos-common-1.4.0.pom (3.2 kB at 16 kB/s)
[INFO] Downloading from central: https://repo.maven.apache.org/maven2/com/alibaba/nacos/nacos-api/1.4.0/nacos-api-1.4.0.pom
[INFO] Downloaded from central: https://repo.maven.apache.org/maven2/com/alibaba/nacos/nacos-api/1.4.0/nacos-api-1.4.0.pom (2.7 kB at 81 kB/s)
[INFO] Downloading from central: https://repo.maven.apache.org/maven2/com/weibo/motan-core/1.1.8/motan-core-1.1.8.pom
[INFO] Downloaded from central: https://repo.maven.apache.org/maven2/com/weibo/motan-core/1.1.8/motan-core-1.1.8.pom (3.0 kB at 88 kB/s)
[INFO] Downloading from central: https://repo.maven.apache.org/maven2/com/weibo/motan/1.1.8/motan-1.1.8.pom
[INFO] Downloaded from central: https://repo.maven.apache.org/maven2/com/weibo/motan/1.1.8/motan-1.1.8.pom (10.0 kB at 262 kB/s)
[INFO] Downloading from central: https://repo.maven.apache.org/maven2/com/weibo/breeze-core/0.1.3/breeze-core-0.1.3.pom
[INFO] Downloaded from central: https://repo.maven.apache.org/maven2/com/weibo/breeze-core/0.1.3/breeze-core-0.1.3.pom (492 B at 14 kB/s)
[INFO] Downloading from central: https://repo.maven.apache.org/maven2/com/weibo/breeze/0.1.3/breeze-0.1.3.pom
[INFO] Downloaded from central: https://repo.maven.apache.org/maven2/com/weibo/breeze/0.1.3/breeze-0.1.3.pom (5.2 kB at 137 kB/s)
[INFO] Downloading from central: https://repo.maven.apache.org/maven2/com/weibo/motan-transport-netty4/1.1.8/motan-transport-netty4-1.1.8.pom
[INFO] Downloaded from central: https://repo.maven.apache.org/maven2/com/weibo/motan-transport-netty4/1.1.8/motan-transport-netty4-1.1.8.pom (904 B at 25 kB/s)
[INFO] Downloading from central: https://repo.maven.apache.org/maven2/io/netty/netty-all/4.1.52.Final/netty-all-4.1.52.Final.pom
[INFO] Downloaded from central: https://repo.maven.apache.org/maven2/io/netty/netty-all/4.1.52.Final/netty-all-4.1.52.Final.pom (27 kB at 733 kB/s)
[INFO] Downloading from central: https://repo.maven.apache.org/maven2/com/weibo/motan-registry-consul/1.1.8/motan-registry-consul-1.1.8.pom
[INFO] Downloaded from central: https://repo.maven.apache.org/maven2/com/weibo/motan-registry-consul/1.1.8/motan-registry-consul-1.1.8.pom (1.7 kB at 3.6 kB/s)
[INFO] Downloading from central: https://repo.maven.apache.org/maven2/com/ecwid/consul/consul-api/1.3.0/consul-api-1.3.0.pom
[INFO] Downloaded from central: https://repo.maven.apache.org/maven2/com/ecwid/consul/consul-api/1.3.0/consul-api-1.3.0.pom (2.6 kB at 71 kB/s)
[INFO] Downloading from central: https://repo.maven.apache.org/maven2/com/weibo/motan-registry-zookeeper/1.1.8/motan-registry-zookeeper-1.1.8.pom
[INFO] Downloaded from central: https://repo.maven.apache.org/maven2/com/weibo/motan-registry-zookeeper/1.1.8/motan-registry-zookeeper-1.1.8.pom (1.7 kB at 3.7 kB/s)
[INFO] Downloading from central: https://repo.maven.apache.org/maven2/org/apache/zookeeper/zookeeper/3.3.1/zookeeper-3.3.1.pom
[INFO] Downloaded from central: https://repo.maven.apache.org/maven2/org/apache/zookeeper/zookeeper/3.3.1/zookeeper-3.3.1.pom (2.1 kB at 71 kB/s)
[INFO] Downloading from central: https://repo.maven.apache.org/maven2/io/lettuce/lettuce-core/5.3.0.RELEASE/lettuce-core-5.3.0.RELEASE.pom
[INFO] Downloaded from central: https://repo.maven.apache.org/maven2/io/lettuce/lettuce-core/5.3.0.RELEASE/lettuce-core-5.3.0.RELEASE.pom (6.3 kB at 78 kB/s)
[INFO] Downloading from central: https://repo.maven.apache.org/maven2/io/netty/netty-common/4.1.49.Final/netty-common-4.1.49.Final.pom
[INFO] Downloaded from central: https://repo.maven.apache.org/maven2/io/netty/netty-common/4.1.49.Final/netty-common-4.1.49.Final.pom (10 kB at 336 kB/s)
[INFO] Downloading from central: https://repo.maven.apache.org/maven2/io/netty/netty-parent/4.1.49.Final/netty-parent-4.1.49.Final.pom
[INFO] Downloaded from central: https://repo.maven.apache.org/maven2/io/netty/netty-parent/4.1.49.Final/netty-parent-4.1.49.Final.pom (57 kB at 1.9 MB/s)
[INFO] Downloading from central: https://repo.maven.apache.org/maven2/io/netty/netty-handler/4.1.49.Final/netty-handler-4.1.49.Final.pom
[INFO] Downloaded from central: https://repo.maven.apache.org/maven2/io/netty/netty-handler/4.1.49.Final/netty-handler-4.1.49.Final.pom (3.6 kB at 115 kB/s)
[INFO] Downloading from central: https://repo.maven.apache.org/maven2/io/netty/netty-resolver/4.1.49.Final/netty-resolver-4.1.49.Final.pom
[INFO] Downloaded from central: https://repo.maven.apache.org/maven2/io/netty/netty-resolver/4.1.49.Final/netty-resolver-4.1.49.Final.pom (1.6 kB at 48 kB/s)
[INFO] Downloading from central: https://repo.maven.apache.org/maven2/io/netty/netty-buffer/4.1.49.Final/netty-buffer-4.1.49.Final.pom
[INFO] Downloaded from central: https://repo.maven.apache.org/maven2/io/netty/netty-buffer/4.1.49.Final/netty-buffer-4.1.49.Final.pom (1.6 kB at 45 kB/s)
[INFO] Downloading from central: https://repo.maven.apache.org/maven2/io/netty/netty-transport/4.1.49.Final/netty-transport-4.1.49.Final.pom
[INFO] Downloaded from central: https://repo.maven.apache.org/maven2/io/netty/netty-transport/4.1.49.Final/netty-transport-4.1.49.Final.pom (1.9 kB at 58 kB/s)
[INFO] Downloading from central: https://repo.maven.apache.org/maven2/io/netty/netty-codec/4.1.49.Final/netty-codec-4.1.49.Final.pom
[INFO] Downloaded from central: https://repo.maven.apache.org/maven2/io/netty/netty-codec/4.1.49.Final/netty-codec-4.1.49.Final.pom (3.6 kB at 120 kB/s)
[INFO] Downloading from central: https://repo.maven.apache.org/maven2/io/projectreactor/reactor-core/3.3.5.RELEASE/reactor-core-3.3.5.RELEASE.pom
[INFO] Downloaded from central: https://repo.maven.apache.org/maven2/io/projectreactor/reactor-core/3.3.5.RELEASE/reactor-core-3.3.5.RELEASE.pom (3.6 kB at 101 kB/s)
[INFO] Downloading from central: https://repo.maven.apache.org/maven2/com/aliyun/openservices/ons-client/1.8.5.Final/ons-client-1.8.5.Final.pom
[INFO] Downloaded from central: https://repo.maven.apache.org/maven2/com/aliyun/openservices/ons-client/1.8.5.Final/ons-client-1.8.5.Final.pom (8.2 kB at 17 kB/s)
[INFO] Downloading from central: https://repo.maven.apache.org/maven2/com/aliyun/openservices/ons-all/1.8.5.Final/ons-all-1.8.5.Final.pom
[INFO] Downloaded from central: https://repo.maven.apache.org/maven2/com/aliyun/openservices/ons-all/1.8.5.Final/ons-all-1.8.5.Final.pom (16 kB at 34 kB/s)
[INFO] Downloading from central: https://repo.maven.apache.org/maven2/com/aliyun/openservices/ons-parent/1.8.5.Final/ons-parent-1.8.5.Final.pom
[INFO] Downloaded from central: https://repo.maven.apache.org/maven2/com/aliyun/openservices/ons-parent/1.8.5.Final/ons-parent-1.8.5.Final.pom (15 kB at 31 kB/s)
[INFO] Downloading from central: https://repo.maven.apache.org/maven2/com/rabbitmq/amqp-client/5.9.0/amqp-client-5.9.0.pom
[INFO] Downloaded from central: https://repo.maven.apache.org/maven2/com/rabbitmq/amqp-client/5.9.0/amqp-client-5.9.0.pom (36 kB at 839 kB/s)
[INFO] Downloading from central: https://repo.maven.apache.org/maven2/org/apache/shardingsphere/sharding-jdbc-core/4.1.1/sharding-jdbc-core-4.1.1.pom
[INFO] Downloaded from central: https://repo.maven.apache.org/maven2/org/apache/shardingsphere/sharding-jdbc-core/4.1.1/sharding-jdbc-core-4.1.1.pom (6.0 kB at 145 kB/s)
[INFO] Downloading from central: https://repo.maven.apache.org/maven2/org/apache/shardingsphere/sharding-jdbc/4.1.1/sharding-jdbc-4.1.1.pom
[INFO] Downloaded from central: https://repo.maven.apache.org/maven2/org/apache/shardingsphere/sharding-jdbc/4.1.1/sharding-jdbc-4.1.1.pom (1.6 kB at 42 kB/s)
[INFO] Downloading from central: https://repo.maven.apache.org/maven2/org/apache/shardingsphere/shardingsphere/4.1.1/shardingsphere-4.1.1.pom
[INFO] Downloaded from central: https://repo.maven.apache.org/maven2/org/apache/shardingsphere/shardingsphere/4.1.1/shardingsphere-4.1.1.pom (42 kB at 985 kB/s)
[INFO] Downloading from central: https://repo.maven.apache.org/maven2/org/apache/shardingsphere/shardingsphere-pluggable/4.1.1/shardingsphere-pluggable-4.1.1.pom
[INFO] Downloaded from central: https://repo.maven.apache.org/maven2/org/apache/shardingsphere/shardingsphere-pluggable/4.1.1/shardingsphere-pluggable-4.1.1.pom (2.5 kB at 80 kB/s)
[INFO] Downloading from central: https://repo.maven.apache.org/maven2/org/apache/shardingsphere/shardingsphere-underlying/4.1.1/shardingsphere-underlying-4.1.1.pom
[INFO] Downloaded from central: https://repo.maven.apache.org/maven2/org/apache/shardingsphere/shardingsphere-underlying/4.1.1/shardingsphere-underlying-4.1.1.pom (1.8 kB at 59 kB/s)
[INFO] Downloading from central: https://repo.maven.apache.org/maven2/org/apache/shardingsphere/shardingsphere-sql-parser-binder/4.1.1/shardingsphere-sql-parser-binder-4.1.1.pom
[INFO] Downloaded from central: https://repo.maven.apache.org/maven2/org/apache/shardingsphere/shardingsphere-sql-parser-binder/4.1.1/shardingsphere-sql-parser-binder-4.1.1.pom (1.7 kB at 51 kB/s)
[INFO] Downloading from central: https://repo.maven.apache.org/maven2/org/apache/shardingsphere/shardingsphere-sql-parser/4.1.1/shardingsphere-sql-parser-4.1.1.pom
[INFO] Downloaded from central: https://repo.maven.apache.org/maven2/org/apache/shardingsphere/shardingsphere-sql-parser/4.1.1/shardingsphere-sql-parser-4.1.1.pom (1.8 kB at 61 kB/s)
[INFO] Downloading from central: https://repo.maven.apache.org/maven2/org/apache/shardingsphere/shardingsphere-sql-parser-engine/4.1.1/shardingsphere-sql-parser-engine-4.1.1.pom
[INFO] Downloaded from central: https://repo.maven.apache.org/maven2/org/apache/shardingsphere/shardingsphere-sql-parser-engine/4.1.1/shardingsphere-sql-parser-engine-4.1.1.pom (2.4 kB at 84 kB/s)
[INFO] Downloading from central: https://repo.maven.apache.org/maven2/org/apache/shardingsphere/shardingsphere-spi/4.1.1/shardingsphere-spi-4.1.1.pom
[INFO] Downloaded from central: https://repo.maven.apache.org/maven2/org/apache/shardingsphere/shardingsphere-spi/4.1.1/shardingsphere-spi-4.1.1.pom (1.4 kB at 40 kB/s)
[INFO] Downloading from central: https://repo.maven.apache.org/maven2/org/apache/shardingsphere/shardingsphere-sql-parser-spi/4.1.1/shardingsphere-sql-parser-spi-4.1.1.pom
[INFO] Downloaded from central: https://repo.maven.apache.org/maven2/org/apache/shardingsphere/shardingsphere-sql-parser-spi/4.1.1/shardingsphere-sql-parser-spi-4.1.1.pom (1.4 kB at 44 kB/s)
[INFO] Downloading from central: https://repo.maven.apache.org/maven2/org/apache/shardingsphere/shardingsphere-sql-parser-statement/4.1.1/shardingsphere-sql-parser-statement-4.1.1.pom
[INFO] Downloaded from central: https://repo.maven.apache.org/maven2/org/apache/shardingsphere/shardingsphere-sql-parser-statement/4.1.1/shardingsphere-sql-parser-statement-4.1.1.pom (1.7 kB at 47 kB/s)
[INFO] Downloading from central: https://repo.maven.apache.org/maven2/org/apache/shardingsphere/shardingsphere-route/4.1.1/shardingsphere-route-4.1.1.pom
[INFO] Downloaded from central: https://repo.maven.apache.org/maven2/org/apache/shardingsphere/shardingsphere-route/4.1.1/shardingsphere-route-4.1.1.pom (1.9 kB at 54 kB/s)
[INFO] Downloading from central: https://repo.maven.apache.org/maven2/org/apache/shardingsphere/shardingsphere-common/4.1.1/shardingsphere-common-4.1.1.pom
[INFO] Downloaded from central: https://repo.maven.apache.org/maven2/org/apache/shardingsphere/shardingsphere-common/4.1.1/shardingsphere-common-4.1.1.pom (2.8 kB at 71 kB/s)
[INFO] Downloading from central: https://repo.maven.apache.org/maven2/org/apache/shardingsphere/shardingsphere-rewrite-engine/4.1.1/shardingsphere-rewrite-engine-4.1.1.pom
[INFO] Downloaded from central: https://repo.maven.apache.org/maven2/org/apache/shardingsphere/shardingsphere-rewrite-engine/4.1.1/shardingsphere-rewrite-engine-4.1.1.pom (2.1 kB at 16 kB/s)
[INFO] Downloading from central: https://repo.maven.apache.org/maven2/org/apache/shardingsphere/shardingsphere-rewrite/4.1.1/shardingsphere-rewrite-4.1.1.pom
[INFO] Downloaded from central: https://repo.maven.apache.org/maven2/org/apache/shardingsphere/shardingsphere-rewrite/4.1.1/shardingsphere-rewrite-4.1.1.pom (1.6 kB at 42 kB/s)
[INFO] Downloading from central: https://repo.maven.apache.org/maven2/org/apache/shardingsphere/shardingsphere-executor/4.1.1/shardingsphere-executor-4.1.1.pom
[INFO] Downloaded from central: https://repo.maven.apache.org/maven2/org/apache/shardingsphere/shardingsphere-executor/4.1.1/shardingsphere-executor-4.1.1.pom (1.7 kB at 48 kB/s)
[INFO] Downloading from central: https://repo.maven.apache.org/maven2/org/apache/shardingsphere/shardingsphere-merge/4.1.1/shardingsphere-merge-4.1.1.pom
[INFO] Downloaded from central: https://repo.maven.apache.org/maven2/org/apache/shardingsphere/shardingsphere-merge/4.1.1/shardingsphere-merge-4.1.1.pom (2.1 kB at 68 kB/s)
[INFO] Downloading from central: https://repo.maven.apache.org/maven2/org/apache/shardingsphere/sharding-transaction-core/4.1.1/sharding-transaction-core-4.1.1.pom
[INFO] Downloaded from central: https://repo.maven.apache.org/maven2/org/apache/shardingsphere/sharding-transaction-core/4.1.1/sharding-transaction-core-4.1.1.pom (1.4 kB at 40 kB/s)
[INFO] Downloading from central: https://repo.maven.apache.org/maven2/org/apache/shardingsphere/sharding-transaction/4.1.1/sharding-transaction-4.1.1.pom
[INFO] Downloaded from central: https://repo.maven.apache.org/maven2/org/apache/shardingsphere/sharding-transaction/4.1.1/sharding-transaction-4.1.1.pom (1.9 kB at 51 kB/s)
[INFO] Downloading from central: https://repo.maven.apache.org/maven2/org/apache/shardingsphere/shardingsphere-sql-parser-sql92/4.1.1/shardingsphere-sql-parser-sql92-4.1.1.pom
[INFO] Downloaded from central: https://repo.maven.apache.org/maven2/org/apache/shardingsphere/shardingsphere-sql-parser-sql92/4.1.1/shardingsphere-sql-parser-sql92-4.1.1.pom (2.5 kB at 37 kB/s)
[INFO] Downloading from central: https://repo.maven.apache.org/maven2/org/apache/shardingsphere/shardingsphere-sql-parser-dialect/4.1.1/shardingsphere-sql-parser-dialect-4.1.1.pom
[INFO] Downloaded from central: https://repo.maven.apache.org/maven2/org/apache/shardingsphere/shardingsphere-sql-parser-dialect/4.1.1/shardingsphere-sql-parser-dialect-4.1.1.pom (1.8 kB at 31 kB/s)
[INFO] Downloading from central: https://repo.maven.apache.org/maven2/org/apache/shardingsphere/shardingsphere-sql-parser-mysql/4.1.1/shardingsphere-sql-parser-mysql-4.1.1.pom
[INFO] Downloaded from central: https://repo.maven.apache.org/maven2/org/apache/shardingsphere/shardingsphere-sql-parser-mysql/4.1.1/shardingsphere-sql-parser-mysql-4.1.1.pom (2.5 kB at 73 kB/s)
[INFO] Downloading from central: https://repo.maven.apache.org/maven2/org/apache/shardingsphere/shardingsphere-sql-parser-postgresql/4.1.1/shardingsphere-sql-parser-postgresql-4.1.1.pom
[INFO] Downloaded from central: https://repo.maven.apache.org/maven2/org/apache/shardingsphere/shardingsphere-sql-parser-postgresql/4.1.1/shardingsphere-sql-parser-postgresql-4.1.1.pom (2.5 kB at 83 kB/s)
[INFO] Downloading from central: https://repo.maven.apache.org/maven2/org/apache/shardingsphere/shardingsphere-sql-parser-oracle/4.1.1/shardingsphere-sql-parser-oracle-4.1.1.pom
[INFO] Downloaded from central: https://repo.maven.apache.org/maven2/org/apache/shardingsphere/shardingsphere-sql-parser-oracle/4.1.1/shardingsphere-sql-parser-oracle-4.1.1.pom (2.5 kB at 89 kB/s)
[INFO] Downloading from central: https://repo.maven.apache.org/maven2/org/apache/shardingsphere/shardingsphere-sql-parser-sqlserver/4.1.1/shardingsphere-sql-parser-sqlserver-4.1.1.pom
[INFO] Downloaded from central: https://repo.maven.apache.org/maven2/org/apache/shardingsphere/shardingsphere-sql-parser-sqlserver/4.1.1/shardingsphere-sql-parser-sqlserver-4.1.1.pom (2.5 kB at 24 kB/s)
[INFO] Downloading from central: https://repo.maven.apache.org/maven2/org/apache/shardingsphere/sharding-core-route/4.1.1/sharding-core-route-4.1.1.pom
[INFO] Downloaded from central: https://repo.maven.apache.org/maven2/org/apache/shardingsphere/sharding-core-route/4.1.1/sharding-core-route-4.1.1.pom (3.5 kB at 108 kB/s)
[INFO] Downloading from central: https://repo.maven.apache.org/maven2/org/apache/shardingsphere/sharding-core/4.1.1/sharding-core-4.1.1.pom
[INFO] Downloaded from central: https://repo.maven.apache.org/maven2/org/apache/shardingsphere/sharding-core/4.1.1/sharding-core-4.1.1.pom (1.8 kB at 56 kB/s)
[INFO] Downloading from central: https://repo.maven.apache.org/maven2/org/apache/shardingsphere/sharding-core-common/4.1.1/sharding-core-common-4.1.1.pom
[INFO] Downloaded from central: https://repo.maven.apache.org/maven2/org/apache/shardingsphere/sharding-core-common/4.1.1/sharding-core-common-4.1.1.pom (3.0 kB at 102 kB/s)
[INFO] Downloading from central: https://repo.maven.apache.org/maven2/org/apache/shardingsphere/sharding-core-api/4.1.1/sharding-core-api-4.1.1.pom
[INFO] Downloaded from central: https://repo.maven.apache.org/maven2/org/apache/shardingsphere/sharding-core-api/4.1.1/sharding-core-api-4.1.1.pom (1.9 kB at 58 kB/s)
[INFO] Downloading from central: https://repo.maven.apache.org/maven2/org/apache/shardingsphere/encrypt-core-api/4.1.1/encrypt-core-api-4.1.1.pom
[INFO] Downloaded from central: https://repo.maven.apache.org/maven2/org/apache/shardingsphere/encrypt-core-api/4.1.1/encrypt-core-api-4.1.1.pom (1.6 kB at 53 kB/s)
[INFO] Downloading from central: https://repo.maven.apache.org/maven2/org/apache/shardingsphere/encrypt-core/4.1.1/encrypt-core-4.1.1.pom
[INFO] Downloaded from central: https://repo.maven.apache.org/maven2/org/apache/shardingsphere/encrypt-core/4.1.1/encrypt-core-4.1.1.pom (1.6 kB at 45 kB/s)
[INFO] Downloading from central: https://repo.maven.apache.org/maven2/org/apache/shardingsphere/encrypt-core-common/4.1.1/encrypt-core-common-4.1.1.pom
[INFO] Downloaded from central: https://repo.maven.apache.org/maven2/org/apache/shardingsphere/encrypt-core-common/4.1.1/encrypt-core-common-4.1.1.pom (1.9 kB at 55 kB/s)
[INFO] Downloading from central: https://repo.maven.apache.org/maven2/org/apache/shardingsphere/master-slave-core-route/4.1.1/master-slave-core-route-4.1.1.pom
[INFO] Downloaded from central: https://repo.maven.apache.org/maven2/org/apache/shardingsphere/master-slave-core-route/4.1.1/master-slave-core-route-4.1.1.pom (2.1 kB at 57 kB/s)
[INFO] Downloading from central: https://repo.maven.apache.org/maven2/org/apache/shardingsphere/master-slave-core/4.1.1/master-slave-core-4.1.1.pom
[INFO] Downloaded from central: https://repo.maven.apache.org/maven2/org/apache/shardingsphere/master-slave-core/4.1.1/master-slave-core-4.1.1.pom (1.5 kB at 47 kB/s)
[INFO] Downloading from central: https://repo.maven.apache.org/maven2/org/apache/shardingsphere/sharding-core-rewrite/4.1.1/sharding-core-rewrite-4.1.1.pom
[INFO] Downloaded from central: https://repo.maven.apache.org/maven2/org/apache/shardingsphere/sharding-core-rewrite/4.1.1/sharding-core-rewrite-4.1.1.pom (3.9 kB at 63 kB/s)
[INFO] Downloading from central: https://repo.maven.apache.org/maven2/org/apache/shardingsphere/encrypt-core-rewrite/4.1.1/encrypt-core-rewrite-4.1.1.pom
[INFO] Downloaded from central: https://repo.maven.apache.org/maven2/org/apache/shardingsphere/encrypt-core-rewrite/4.1.1/encrypt-core-rewrite-4.1.1.pom (3.9 kB at 116 kB/s)
[INFO] Downloading from central: https://repo.maven.apache.org/maven2/org/apache/shardingsphere/shadow-core-rewrite/4.1.1/shadow-core-rewrite-4.1.1.pom
[INFO] Downloaded from central: https://repo.maven.apache.org/maven2/org/apache/shardingsphere/shadow-core-rewrite/4.1.1/shadow-core-rewrite-4.1.1.pom (3.9 kB at 127 kB/s)
[INFO] Downloading from central: https://repo.maven.apache.org/maven2/org/apache/shardingsphere/shadow-core/4.1.1/shadow-core-4.1.1.pom
[INFO] Downloaded from central: https://repo.maven.apache.org/maven2/org/apache/shardingsphere/shadow-core/4.1.1/shadow-core-4.1.1.pom (1.5 kB at 45 kB/s)
[INFO] Downloading from central: https://repo.maven.apache.org/maven2/org/apache/shardingsphere/sharding-core-execute/4.1.1/sharding-core-execute-4.1.1.pom
[INFO] Downloaded from central: https://repo.maven.apache.org/maven2/org/apache/shardingsphere/sharding-core-execute/4.1.1/sharding-core-execute-4.1.1.pom (1.9 kB at 57 kB/s)
[INFO] Downloading from central: https://repo.maven.apache.org/maven2/org/apache/shardingsphere/sharding-core-merge/4.1.1/sharding-core-merge-4.1.1.pom
[INFO] Downloaded from central: https://repo.maven.apache.org/maven2/org/apache/shardingsphere/sharding-core-merge/4.1.1/sharding-core-merge-4.1.1.pom (1.9 kB at 58 kB/s)
[INFO] Downloading from central: https://repo.maven.apache.org/maven2/org/apache/shardingsphere/encrypt-core-merge/4.1.1/encrypt-core-merge-4.1.1.pom
[INFO] Downloaded from central: https://repo.maven.apache.org/maven2/org/apache/shardingsphere/encrypt-core-merge/4.1.1/encrypt-core-merge-4.1.1.pom (1.9 kB at 35 kB/s)
[INFO] Downloading from central: https://repo.maven.apache.org/maven2/io/dropwizard/metrics/metrics-servlets/4.1.14/metrics-servlets-4.1.14.pom
[INFO] Downloaded from central: https://repo.maven.apache.org/maven2/io/dropwizard/metrics/metrics-servlets/4.1.14/metrics-servlets-4.1.14.pom (3.7 kB at 33 kB/s)
[INFO] Downloading from central: https://repo.maven.apache.org/maven2/io/dropwizard/metrics/metrics-healthchecks/4.1.14/metrics-healthchecks-4.1.14.pom
[INFO] Downloaded from central: https://repo.maven.apache.org/maven2/io/dropwizard/metrics/metrics-healthchecks/4.1.14/metrics-healthchecks-4.1.14.pom (1.5 kB at 48 kB/s)
[INFO] Downloading from central: https://repo.maven.apache.org/maven2/io/dropwizard/metrics/metrics-json/4.1.14/metrics-json-4.1.14.pom
[INFO] Downloaded from central: https://repo.maven.apache.org/maven2/io/dropwizard/metrics/metrics-json/4.1.14/metrics-json-4.1.14.pom (1.8 kB at 16 kB/s)
[INFO] Downloading from central: https://repo.maven.apache.org/maven2/io/dropwizard/metrics/metrics-jvm/4.1.14/metrics-jvm-4.1.14.pom
[INFO] Downloaded from central: https://repo.maven.apache.org/maven2/io/dropwizard/metrics/metrics-jvm/4.1.14/metrics-jvm-4.1.14.pom (1.4 kB at 26 kB/s)
[INFO] Downloading from central: https://repo.maven.apache.org/maven2/com/helger/profiler/1.1.1/profiler-1.1.1.pom
[INFO] Downloaded from central: https://repo.maven.apache.org/maven2/com/helger/profiler/1.1.1/profiler-1.1.1.pom (2.5 kB at 78 kB/s)
[INFO] Downloading from central: https://repo.maven.apache.org/maven2/com/helger/parent-pom/1.10.8/parent-pom-1.10.8.pom
[INFO] Downloaded from central: https://repo.maven.apache.org/maven2/com/helger/parent-pom/1.10.8/parent-pom-1.10.8.pom (44 kB at 1.4 MB/s)
[INFO] Downloading from central: https://repo.maven.apache.org/maven2/com/github/davidb/metrics-influxdb/1.1.0/metrics-influxdb-1.1.0.pom
[INFO] Downloaded from central: https://repo.maven.apache.org/maven2/com/github/davidb/metrics-influxdb/1.1.0/metrics-influxdb-1.1.0.pom (1.7 kB at 47 kB/s)
[INFO] Downloading from central: https://repo.maven.apache.org/maven2/io/dropwizard/metrics/metrics-core/4.0.5/metrics-core-4.0.5.pom
[INFO] Downloaded from central: https://repo.maven.apache.org/maven2/io/dropwizard/metrics/metrics-core/4.0.5/metrics-core-4.0.5.pom (846 B at 26 kB/s)
[INFO] Downloading from central: https://repo.maven.apache.org/maven2/io/dropwizard/metrics/metrics-parent/4.0.5/metrics-parent-4.0.5.pom
[INFO] Downloaded from central: https://repo.maven.apache.org/maven2/io/dropwizard/metrics/metrics-parent/4.0.5/metrics-parent-4.0.5.pom (13 kB at 369 kB/s)
[INFO] Downloading from central: https://repo.maven.apache.org/maven2/io/dropwizard/metrics/metrics-graphite/4.1.14/metrics-graphite-4.1.14.pom
[INFO] Downloaded from central: https://repo.maven.apache.org/maven2/io/dropwizard/metrics/metrics-graphite/4.1.14/metrics-graphite-4.1.14.pom (2.2 kB at 49 kB/s)
[INFO] Downloading from central: https://repo.maven.apache.org/maven2/org/apache/shiro/shiro-core/1.3.2/shiro-core-1.3.2.pom
[INFO] Downloaded from central: https://repo.maven.apache.org/maven2/org/apache/shiro/shiro-core/1.3.2/shiro-core-1.3.2.pom (4.2 kB at 105 kB/s)
[INFO] Downloading from central: https://repo.maven.apache.org/maven2/org/apache/shiro/shiro-root/1.3.2/shiro-root-1.3.2.pom
[INFO] Downloaded from central: https://repo.maven.apache.org/maven2/org/apache/shiro/shiro-root/1.3.2/shiro-root-1.3.2.pom (46 kB at 1.0 MB/s)
[INFO] Downloading from central: https://repo.maven.apache.org/maven2/org/apache/shiro/shiro-web/1.3.2/shiro-web-1.3.2.pom
[INFO] Downloaded from central: https://repo.maven.apache.org/maven2/org/apache/shiro/shiro-web/1.3.2/shiro-web-1.3.2.pom (3.7 kB at 97 kB/s)
[INFO] Downloading from central: https://repo.maven.apache.org/maven2/org/apache/dubbo/dubbo/2.7.8/dubbo-2.7.8.pom
[INFO] Downloaded from central: https://repo.maven.apache.org/maven2/org/apache/dubbo/dubbo/2.7.8/dubbo-2.7.8.pom (44 kB at 1.3 MB/s)
[INFO] Downloading from central: https://repo.maven.apache.org/maven2/org/apache/dubbo/dubbo-parent/2.7.8/dubbo-parent-2.7.8.pom
[INFO] Downloaded from central: https://repo.maven.apache.org/maven2/org/apache/dubbo/dubbo-parent/2.7.8/dubbo-parent-2.7.8.pom (26 kB at 765 kB/s)
[INFO] Downloading from central: https://repo.maven.apache.org/maven2/org/apache/dubbo/dubbo-dependencies-bom/2.7.8/dubbo-dependencies-bom-2.7.8.pom
[INFO] Downloaded from central: https://repo.maven.apache.org/maven2/org/apache/dubbo/dubbo-dependencies-bom/2.7.8/dubbo-dependencies-bom-2.7.8.pom (26 kB at 695 kB/s)
[INFO] Downloading from central: https://repo.maven.apache.org/maven2/org/apache/dubbo/dubbo-dependencies-zookeeper/2.7.8/dubbo-dependencies-zookeeper-2.7.8.pom
[INFO] Downloaded from central: https://repo.maven.apache.org/maven2/org/apache/dubbo/dubbo-dependencies-zookeeper/2.7.8/dubbo-dependencies-zookeeper-2.7.8.pom (4.2 kB at 15 kB/s)
[INFO] Downloading from central: https://repo.maven.apache.org/maven2/org/jboss/resteasy/resteasy-jdk-http/3.13.2.Final/resteasy-jdk-http-3.13.2.Final.pom
[INFO] Downloaded from central: https://repo.maven.apache.org/maven2/org/jboss/resteasy/resteasy-jdk-http/3.13.2.Final/resteasy-jdk-http-3.13.2.Final.pom (4.8 kB at 11 kB/s)
[INFO] Downloading from central: https://repo.maven.apache.org/maven2/org/jboss/resteasy/resteasy-jaxrs-all/3.13.2.Final/resteasy-jaxrs-all-3.13.2.Final.pom
[INFO] Downloaded from central: https://repo.maven.apache.org/maven2/org/jboss/resteasy/resteasy-jaxrs-all/3.13.2.Final/resteasy-jaxrs-all-3.13.2.Final.pom (15 kB at 458 kB/s)
[INFO] Downloading from central: https://repo.maven.apache.org/maven2/org/jboss/resteasy/resteasy-dependencies/3.13.2.Final/resteasy-dependencies-3.13.2.Final.pom
[INFO] Downloaded from central: https://repo.maven.apache.org/maven2/org/jboss/resteasy/resteasy-dependencies/3.13.2.Final/resteasy-dependencies-3.13.2.Final.pom (46 kB at 1.2 MB/s)
[INFO] Downloading from central: https://repo.maven.apache.org/maven2/org/jboss/resteasy/resteasy-jaxrs/3.13.2.Final/resteasy-jaxrs-3.13.2.Final.pom
[INFO] Downloaded from central: https://repo.maven.apache.org/maven2/org/jboss/resteasy/resteasy-jaxrs/3.13.2.Final/resteasy-jaxrs-3.13.2.Final.pom (8.8 kB at 221 kB/s)
[INFO] Downloading from central: https://repo.maven.apache.org/maven2/org/jboss/spec/javax/xml/bind/jboss-jaxb-api_2.3_spec/2.0.0.Final/jboss-jaxb-api_2.3_spec-2.0.0.Final.pom
[INFO] Downloaded from central: https://repo.maven.apache.org/maven2/org/jboss/spec/javax/xml/bind/jboss-jaxb-api_2.3_spec/2.0.0.Final/jboss-jaxb-api_2.3_spec-2.0.0.Final.pom (15 kB at 383 kB/s)
[INFO] Downloading from central: https://repo.maven.apache.org/maven2/org/jboss/spec/javax/xml/bind/jboss-jaxb-api_2.3_spec-parent/2.0.0.Final/jboss-jaxb-api_2.3_spec-parent-2.0.0.Final.pom
[INFO] Downloaded from central: https://repo.maven.apache.org/maven2/org/jboss/spec/javax/xml/bind/jboss-jaxb-api_2.3_spec-parent/2.0.0.Final/jboss-jaxb-api_2.3_spec-parent-2.0.0.Final.pom (6.1 kB at 190 kB/s)
[INFO] Downloading from central: https://repo.maven.apache.org/maven2/org/jboss/resteasy/resteasy-client/3.13.2.Final/resteasy-client-3.13.2.Final.pom
[INFO] Downloaded from central: https://repo.maven.apache.org/maven2/org/jboss/resteasy/resteasy-client/3.13.2.Final/resteasy-client-3.13.2.Final.pom (5.5 kB at 145 kB/s)
[INFO] Downloading from central: https://repo.maven.apache.org/maven2/org/jboss/resteasy/resteasy-netty4/3.13.2.Final/resteasy-netty4-3.13.2.Final.pom
[INFO] Downloaded from central: https://repo.maven.apache.org/maven2/org/jboss/resteasy/resteasy-netty4/3.13.2.Final/resteasy-netty4-3.13.2.Final.pom (5.0 kB at 12 kB/s)
[INFO] Downloading from central: https://repo.maven.apache.org/maven2/org/jboss/resteasy/resteasy-jackson-provider/3.13.2.Final/resteasy-jackson-provider-3.13.2.Final.pom
[INFO] Downloaded from central: https://repo.maven.apache.org/maven2/org/jboss/resteasy/resteasy-jackson-provider/3.13.2.Final/resteasy-jackson-provider-3.13.2.Final.pom (2.6 kB at 13 kB/s)
[INFO] Downloading from central: https://repo.maven.apache.org/maven2/org/codehaus/jackson/jackson-core-asl/1.9.13.redhat-00007/jackson-core-asl-1.9.13.redhat-00007.pom
[INFO] Downloading from jboss: https://repository.jboss.org/nexus/content/groups/public/org/codehaus/jackson/jackson-core-asl/1.9.13.redhat-00007/jackson-core-asl-1.9.13.redhat-00007.pom
[INFO] Downloading from redhat: https://maven.repository.redhat.com/ga/org/codehaus/jackson/jackson-core-asl/1.9.13.redhat-00007/jackson-core-asl-1.9.13.redhat-00007.pom
[INFO] Downloaded from redhat: https://maven.repository.redhat.com/ga/org/codehaus/jackson/jackson-core-asl/1.9.13.redhat-00007/jackson-core-asl-1.9.13.redhat-00007.pom (1.5 kB at 6.8 kB/s)
[INFO] Downloading from central: https://repo.maven.apache.org/maven2/org/codehaus/jackson/jackson-mapper-asl/1.9.13.redhat-00007/jackson-mapper-asl-1.9.13.redhat-00007.pom
[INFO] Downloading from jboss: https://repository.jboss.org/nexus/content/groups/public/org/codehaus/jackson/jackson-mapper-asl/1.9.13.redhat-00007/jackson-mapper-asl-1.9.13.redhat-00007.pom
[INFO] Downloading from redhat: https://maven.repository.redhat.com/ga/org/codehaus/jackson/jackson-mapper-asl/1.9.13.redhat-00007/jackson-mapper-asl-1.9.13.redhat-00007.pom
[INFO] Downloaded from redhat: https://maven.repository.redhat.com/ga/org/codehaus/jackson/jackson-mapper-asl/1.9.13.redhat-00007/jackson-mapper-asl-1.9.13.redhat-00007.pom (1.7 kB at 34 kB/s)
[INFO] Downloading from central: https://repo.maven.apache.org/maven2/org/codehaus/jackson/jackson-jaxrs/1.9.13.redhat-00007/jackson-jaxrs-1.9.13.redhat-00007.pom
[INFO] Downloading from jboss: https://repository.jboss.org/nexus/content/groups/public/org/codehaus/jackson/jackson-jaxrs/1.9.13.redhat-00007/jackson-jaxrs-1.9.13.redhat-00007.pom
[INFO] Downloading from redhat: https://maven.repository.redhat.com/ga/org/codehaus/jackson/jackson-jaxrs/1.9.13.redhat-00007/jackson-jaxrs-1.9.13.redhat-00007.pom
[INFO] Downloaded from redhat: https://maven.repository.redhat.com/ga/org/codehaus/jackson/jackson-jaxrs/1.9.13.redhat-00007/jackson-jaxrs-1.9.13.redhat-00007.pom (2.1 kB at 37 kB/s)
[INFO] Downloading from central: https://repo.maven.apache.org/maven2/org/codehaus/jackson/jackson-xc/1.9.13.redhat-00007/jackson-xc-1.9.13.redhat-00007.pom
[INFO] Downloading from jboss: https://repository.jboss.org/nexus/content/groups/public/org/codehaus/jackson/jackson-xc/1.9.13.redhat-00007/jackson-xc-1.9.13.redhat-00007.pom
[INFO] Downloading from redhat: https://maven.repository.redhat.com/ga/org/codehaus/jackson/jackson-xc/1.9.13.redhat-00007/jackson-xc-1.9.13.redhat-00007.pom
[INFO] Downloaded from redhat: https://maven.repository.redhat.com/ga/org/codehaus/jackson/jackson-xc/1.9.13.redhat-00007/jackson-xc-1.9.13.redhat-00007.pom (2.1 kB at 40 kB/s)
[INFO] Downloading from central: https://repo.maven.apache.org/maven2/com/101tec/zkclient/0.11/zkclient-0.11.pom
[INFO] Downloaded from central: https://repo.maven.apache.org/maven2/com/101tec/zkclient/0.11/zkclient-0.11.pom (3.1 kB at 51 kB/s)
[INFO] Downloading from central: https://repo.maven.apache.org/maven2/io/jsonwebtoken/jjwt/0.9.1/jjwt-0.9.1.pom
[INFO] Downloaded from central: https://repo.maven.apache.org/maven2/io/jsonwebtoken/jjwt/0.9.1/jjwt-0.9.1.pom (20 kB at 519 kB/s)
[INFO] Downloading from central: https://repo.maven.apache.org/maven2/com/squareup/okhttp3/okhttp/3.14.4/okhttp-3.14.4.pom
[INFO] Downloaded from central: https://repo.maven.apache.org/maven2/com/squareup/okhttp3/okhttp/3.14.4/okhttp-3.14.4.pom (2.5 kB at 70 kB/s)
[INFO] Downloading from central: https://repo.maven.apache.org/maven2/com/squareup/okhttp3/parent/3.14.4/parent-3.14.4.pom
[INFO] Downloaded from central: https://repo.maven.apache.org/maven2/com/squareup/okhttp3/parent/3.14.4/parent-3.14.4.pom (21 kB at 671 kB/s)
[INFO] Downloading from central: https://repo.maven.apache.org/maven2/io/seata/seata-all/1.3.0/seata-all-1.3.0.pom
[INFO] Downloaded from central: https://repo.maven.apache.org/maven2/io/seata/seata-all/1.3.0/seata-all-1.3.0.pom (36 kB at 533 kB/s)
[INFO] Downloading from central: https://repo.maven.apache.org/maven2/io/seata/seata-bom/1.3.0/seata-bom-1.3.0.pom
[INFO] Downloaded from central: https://repo.maven.apache.org/maven2/io/seata/seata-bom/1.3.0/seata-bom-1.3.0.pom (26 kB at 496 kB/s)
[INFO] Downloading from central: https://repo.maven.apache.org/maven2/org/springframework/spring-framework-bom/4.3.23.RELEASE/spring-framework-bom-4.3.23.RELEASE.pom
[INFO] Downloaded from central: https://repo.maven.apache.org/maven2/org/springframework/spring-framework-bom/4.3.23.RELEASE/spring-framework-bom-4.3.23.RELEASE.pom (5.1 kB at 146 kB/s)
[INFO] Downloading from central: https://repo.maven.apache.org/maven2/com/alibaba/druid/1.1.12/druid-1.1.12.pom
[INFO] Downloaded from central: https://repo.maven.apache.org/maven2/com/alibaba/druid/1.1.12/druid-1.1.12.pom (14 kB at 414 kB/s)
[INFO] Downloading from central: https://repo.maven.apache.org/maven2/cglib/cglib/3.1/cglib-3.1.pom
[INFO] Downloaded from central: https://repo.maven.apache.org/maven2/cglib/cglib/3.1/cglib-3.1.pom (1.5 kB at 40 kB/s)
[INFO] Downloading from central: https://repo.maven.apache.org/maven2/org/ow2/asm/asm/4.2/asm-4.2.pom
[INFO] Downloaded from central: https://repo.maven.apache.org/maven2/org/ow2/asm/asm/4.2/asm-4.2.pom (1.9 kB at 57 kB/s)
[INFO] Downloading from central: https://repo.maven.apache.org/maven2/net/oschina/j2cache/j2cache-core/2.8.2-release/j2cache-core-2.8.2-release.pom
[INFO] Downloaded from central: https://repo.maven.apache.org/maven2/net/oschina/j2cache/j2cache-core/2.8.2-release/j2cache-core-2.8.2-release.pom (4.2 kB at 13 kB/s)
[INFO] Downloading from central: https://repo.maven.apache.org/maven2/net/oschina/j2cache/j2cache/2.8.0-release/j2cache-2.8.0-release.pom
[INFO] Downloaded from central: https://repo.maven.apache.org/maven2/net/oschina/j2cache/j2cache/2.8.0-release/j2cache-2.8.0-release.pom (5.5 kB at 45 kB/s)
[INFO] Downloading from central: https://repo.maven.apache.org/maven2/jline/jline/2.14.2/jline-2.14.2.pom
[INFO] Downloaded from central: https://repo.maven.apache.org/maven2/jline/jline/2.14.2/jline-2.14.2.pom (20 kB at 642 kB/s)
[INFO] Downloading from central: https://repo.maven.apache.org/maven2/org/apache/qpid/qpid-client/6.3.4/qpid-client-6.3.4.pom
[INFO] Downloaded from central: https://repo.maven.apache.org/maven2/org/apache/qpid/qpid-client/6.3.4/qpid-client-6.3.4.pom (5.1 kB at 19 kB/s)
[INFO] Downloading from central: https://repo.maven.apache.org/maven2/org/apache/qpid/qpid-jms-amqp-0-x-parent/6.3.4/qpid-jms-amqp-0-x-parent-6.3.4.pom
[INFO] Downloaded from central: https://repo.maven.apache.org/maven2/org/apache/qpid/qpid-jms-amqp-0-x-parent/6.3.4/qpid-jms-amqp-0-x-parent-6.3.4.pom (23 kB at 38 kB/s)
[INFO] Downloading from central: https://repo.maven.apache.org/maven2/com/jfinal/jfinal/4.9.03/jfinal-4.9.03.jar
[INFO] Downloading from central: https://repo.maven.apache.org/maven2/com/jfinal/cos/2020.4/cos-2020.4.jar
[INFO] Downloading from central: https://repo.maven.apache.org/maven2/com/jfinal/jfinal-weixin/2.8/jfinal-weixin-2.8.jar
[INFO] Downloading from central: https://repo.maven.apache.org/maven2/com/jfinal/jfinal-undertow/2.2/jfinal-undertow-2.2.jar
[INFO] Downloading from central: https://repo.maven.apache.org/maven2/io/undertow/undertow-core/2.0.32.Final/undertow-core-2.0.32.Final.jar
[INFO] Downloaded from central: https://repo.maven.apache.org/maven2/com/jfinal/cos/2020.4/cos-2020.4.jar (63 kB at 268 kB/s)
[INFO] Downloading from central: https://repo.maven.apache.org/maven2/org/jboss/xnio/xnio-api/3.3.8.Final/xnio-api-3.3.8.Final.jar
[INFO] Downloaded from central: https://repo.maven.apache.org/maven2/org/jboss/xnio/xnio-api/3.3.8.Final/xnio-api-3.3.8.Final.jar (0 B at 0 B/s)
[INFO] Downloading from central: https://repo.maven.apache.org/maven2/org/jboss/xnio/xnio-nio/3.3.8.Final/xnio-nio-3.3.8.Final.jar
[INFO] Downloaded from central: https://repo.maven.apache.org/maven2/com/jfinal/jfinal/4.9.03/jfinal-4.9.03.jar (799 kB at 3.0 MB/s)
[INFO] Downloading from central: https://repo.maven.apache.org/maven2/io/undertow/undertow-servlet/2.0.32.Final/undertow-servlet-2.0.32.Final.jar
[INFO] Downloaded from central: https://repo.maven.apache.org/maven2/org/jboss/xnio/xnio-nio/3.3.8.Final/xnio-nio-3.3.8.Final.jar (0 B at 0 B/s)
[INFO] Downloading from central: https://repo.maven.apache.org/maven2/cglib/cglib/3.3.0/cglib-3.3.0.jar
[INFO] Downloaded from central: https://repo.maven.apache.org/maven2/io/undertow/undertow-core/2.0.32.Final/undertow-core-2.0.32.Final.jar (2.3 MB at 8.2 MB/s)
[INFO] Downloading from central: https://repo.maven.apache.org/maven2/io/undertow/undertow-websockets-jsr/2.2.2.Final/undertow-websockets-jsr-2.2.2.Final.jar
[INFO] Downloaded from central: https://repo.maven.apache.org/maven2/com/jfinal/jfinal-undertow/2.2/jfinal-undertow-2.2.jar (57 kB at 178 kB/s)
[INFO] Downloading from central: https://repo.maven.apache.org/maven2/com/fasterxml/jackson/dataformat/jackson-dataformat-yaml/2.11.3/jackson-dataformat-yaml-2.11.3.jar
[INFO] Downloaded from central: https://repo.maven.apache.org/maven2/cglib/cglib/3.3.0/cglib-3.3.0.jar (307 kB at 938 kB/s)
[INFO] Downloading from central: https://repo.maven.apache.org/maven2/de/ruedigermoeller/fst/2.57/fst-2.57.jar
[INFO] Downloaded from central: https://repo.maven.apache.org/maven2/io/undertow/undertow-websockets-jsr/2.2.2.Final/undertow-websockets-jsr-2.2.2.Final.jar (174 kB at 532 kB/s)
[INFO] Downloading from central: https://repo.maven.apache.org/maven2/it/sauronsoftware/cron4j/cron4j/2.2.5/cron4j-2.2.5.jar
[INFO] Downloaded from central: https://repo.maven.apache.org/maven2/com/fasterxml/jackson/dataformat/jackson-dataformat-yaml/2.11.3/jackson-dataformat-yaml-2.11.3.jar (47 kB at 134 kB/s)
[INFO] Downloading from central: https://repo.maven.apache.org/maven2/redis/clients/jedis/2.10.2/jedis-2.10.2.jar
[INFO] Downloaded from central: https://repo.maven.apache.org/maven2/it/sauronsoftware/cron4j/cron4j/2.2.5/cron4j-2.2.5.jar (36 kB at 100 kB/s)
[INFO] Downloading from central: https://repo.maven.apache.org/maven2/com/github/ben-manes/caffeine/caffeine/2.8.6/caffeine-2.8.6.jar
[INFO] Downloaded from central: https://repo.maven.apache.org/maven2/de/ruedigermoeller/fst/2.57/fst-2.57.jar (397 kB at 1.1 MB/s)
[INFO] Downloading from central: https://repo.maven.apache.org/maven2/net/sf/ehcache/ehcache/2.10.6/ehcache-2.10.6.jar
[INFO] Downloaded from central: https://repo.maven.apache.org/maven2/redis/clients/jedis/2.10.2/jedis-2.10.2.jar (603 kB at 1.5 MB/s)
[INFO] Downloading from central: https://repo.maven.apache.org/maven2/com/alibaba/druid/1.2.3/druid-1.2.3.jar
[INFO] Downloaded from central: https://repo.maven.apache.org/maven2/com/github/ben-manes/caffeine/caffeine/2.8.6/caffeine-2.8.6.jar (922 kB at 2.2 MB/s)
[INFO] Downloading from central: https://repo.maven.apache.org/maven2/com/alibaba/csp/sentinel-core/1.8.0/sentinel-core-1.8.0.jar
[INFO] Downloaded from central: https://repo.maven.apache.org/maven2/com/alibaba/csp/sentinel-core/1.8.0/sentinel-core-1.8.0.jar (313 kB at 644 kB/s)
[INFO] Downloading from central: https://repo.maven.apache.org/maven2/com/alibaba/csp/sentinel-cluster-client-default/1.8.0/sentinel-cluster-client-default-1.8.0.jar
[INFO] Downloaded from central: https://repo.maven.apache.org/maven2/com/jfinal/jfinal-weixin/2.8/jfinal-weixin-2.8.jar (263 kB at 514 kB/s)
[INFO] Downloading from central: https://repo.maven.apache.org/maven2/com/alibaba/csp/sentinel-cluster-common-default/1.8.0/sentinel-cluster-common-default-1.8.0.jar
[INFO] Downloaded from central: https://repo.maven.apache.org/maven2/com/alibaba/druid/1.2.3/druid-1.2.3.jar (3.5 MB at 6.8 MB/s)
[INFO] Downloading from central: https://repo.maven.apache.org/maven2/io/netty/netty-handler/4.1.31.Final/netty-handler-4.1.31.Final.jar
[INFO] Downloaded from central: https://repo.maven.apache.org/maven2/io/undertow/undertow-servlet/2.0.32.Final/undertow-servlet-2.0.32.Final.jar (539 kB at 1.0 MB/s)
[INFO] Downloading from central: https://repo.maven.apache.org/maven2/io/netty/netty-codec/4.1.31.Final/netty-codec-4.1.31.Final.jar
[INFO] Downloaded from central: https://repo.maven.apache.org/maven2/com/alibaba/csp/sentinel-cluster-client-default/1.8.0/sentinel-cluster-client-default-1.8.0.jar (51 kB at 97 kB/s)
[INFO] Downloading from central: https://repo.maven.apache.org/maven2/com/alibaba/csp/sentinel-transport-simple-http/1.8.0/sentinel-transport-simple-http-1.8.0.jar
[INFO] Downloaded from central: https://repo.maven.apache.org/maven2/net/sf/ehcache/ehcache/2.10.6/ehcache-2.10.6.jar (10 MB at 19 MB/s)
[INFO] Downloading from central: https://repo.maven.apache.org/maven2/com/alibaba/csp/sentinel-transport-common/1.8.0/sentinel-transport-common-1.8.0.jar
[INFO] Downloaded from central: https://repo.maven.apache.org/maven2/com/alibaba/csp/sentinel-cluster-common-default/1.8.0/sentinel-cluster-common-default-1.8.0.jar (17 kB at 31 kB/s)
[INFO] Downloading from central: https://repo.maven.apache.org/maven2/com/alibaba/csp/sentinel-datasource-extension/1.8.0/sentinel-datasource-extension-1.8.0.jar
[INFO] Downloaded from central: https://repo.maven.apache.org/maven2/io/netty/netty-codec/4.1.31.Final/netty-codec-4.1.31.Final.jar (317 kB at 570 kB/s)
[INFO] Downloading from central: https://repo.maven.apache.org/maven2/com/ctrip/framework/apollo/apollo-client/1.7.0/apollo-client-1.7.0.jar
[INFO] Downloaded from central: https://repo.maven.apache.org/maven2/io/netty/netty-handler/4.1.31.Final/netty-handler-4.1.31.Final.jar (420 kB at 753 kB/s)
[INFO] Downloading from central: https://repo.maven.apache.org/maven2/com/ctrip/framework/apollo/apollo-core/1.7.0/apollo-core-1.7.0.jar
[INFO] Downloaded from central: https://repo.maven.apache.org/maven2/com/alibaba/csp/sentinel-transport-simple-http/1.8.0/sentinel-transport-simple-http-1.8.0.jar (32 kB at 58 kB/s)
[INFO] Downloading from central: https://repo.maven.apache.org/maven2/com/alibaba/nacos/nacos-client/1.4.0/nacos-client-1.4.0.jar
[INFO] Downloaded from central: https://repo.maven.apache.org/maven2/com/alibaba/csp/sentinel-transport-common/1.8.0/sentinel-transport-common-1.8.0.jar (52 kB at 90 kB/s)
[INFO] Downloading from central: https://repo.maven.apache.org/maven2/com/alibaba/nacos/nacos-common/1.4.0/nacos-common-1.4.0.jar
[INFO] Downloaded from central: https://repo.maven.apache.org/maven2/com/alibaba/csp/sentinel-datasource-extension/1.8.0/sentinel-datasource-extension-1.8.0.jar (15 kB at 26 kB/s)
[INFO] Downloading from central: https://repo.maven.apache.org/maven2/com/alibaba/nacos/nacos-api/1.4.0/nacos-api-1.4.0.jar
[INFO] Downloaded from central: https://repo.maven.apache.org/maven2/com/ctrip/framework/apollo/apollo-client/1.7.0/apollo-client-1.7.0.jar (175 kB at 297 kB/s)
[INFO] Downloading from central: https://repo.maven.apache.org/maven2/com/weibo/motan-core/1.1.8/motan-core-1.1.8.jar
[INFO] Downloaded from central: https://repo.maven.apache.org/maven2/com/alibaba/nacos/nacos-client/1.4.0/nacos-client-1.4.0.jar (233 kB at 393 kB/s)
[INFO] Downloading from central: https://repo.maven.apache.org/maven2/com/weibo/breeze-core/0.1.3/breeze-core-0.1.3.jar
[INFO] Downloaded from central: https://repo.maven.apache.org/maven2/com/ctrip/framework/apollo/apollo-core/1.7.0/apollo-core-1.7.0.jar (82 kB at 138 kB/s)
[INFO] Downloading from central: https://repo.maven.apache.org/maven2/com/weibo/motan-transport-netty4/1.1.8/motan-transport-netty4-1.1.8.jar
[INFO] Downloaded from central: https://repo.maven.apache.org/maven2/com/alibaba/nacos/nacos-api/1.4.0/nacos-api-1.4.0.jar (64 kB at 102 kB/s)
[INFO] Downloading from central: https://repo.maven.apache.org/maven2/io/netty/netty-all/4.1.52.Final/netty-all-4.1.52.Final.jar
[INFO] Downloaded from central: https://repo.maven.apache.org/maven2/com/weibo/breeze-core/0.1.3/breeze-core-0.1.3.jar (111 kB at 176 kB/s)
[INFO] Downloaded from central: https://repo.maven.apache.org/maven2/com/weibo/motan-transport-netty4/1.1.8/motan-transport-netty4-1.1.8.jar (41 kB at 65 kB/s)
[INFO] Downloading from central: https://repo.maven.apache.org/maven2/com/weibo/motan-registry-consul/1.1.8/motan-registry-consul-1.1.8.jar
[INFO] Downloading from central: https://repo.maven.apache.org/maven2/com/ecwid/consul/consul-api/1.3.0/consul-api-1.3.0.jar
[INFO] Downloaded from central: https://repo.maven.apache.org/maven2/com/weibo/motan-core/1.1.8/motan-core-1.1.8.jar (391 kB at 608 kB/s)
[INFO] Downloading from central: https://repo.maven.apache.org/maven2/com/weibo/motan-registry-zookeeper/1.1.8/motan-registry-zookeeper-1.1.8.jar
[INFO] Downloaded from central: https://repo.maven.apache.org/maven2/com/ecwid/consul/consul-api/1.3.0/consul-api-1.3.0.jar (137 kB at 202 kB/s)
[INFO] Downloading from central: https://repo.maven.apache.org/maven2/io/lettuce/lettuce-core/5.3.0.RELEASE/lettuce-core-5.3.0.RELEASE.jar
[INFO] Downloaded from central: https://repo.maven.apache.org/maven2/io/netty/netty-all/4.1.52.Final/netty-all-4.1.52.Final.jar (4.3 MB at 5.9 MB/s)
[INFO] Downloading from central: https://repo.maven.apache.org/maven2/io/netty/netty-common/4.1.49.Final/netty-common-4.1.49.Final.jar
[INFO] Downloaded from central: https://repo.maven.apache.org/maven2/io/lettuce/lettuce-core/5.3.0.RELEASE/lettuce-core-5.3.0.RELEASE.jar (1.4 MB at 2.0 MB/s)
[INFO] Downloading from central: https://repo.maven.apache.org/maven2/io/netty/netty-transport/4.1.49.Final/netty-transport-4.1.49.Final.jar
[INFO] Downloaded from central: https://repo.maven.apache.org/maven2/io/netty/netty-common/4.1.49.Final/netty-common-4.1.49.Final.jar (626 kB at 828 kB/s)
[INFO] Downloading from central: https://repo.maven.apache.org/maven2/io/netty/netty-resolver/4.1.49.Final/netty-resolver-4.1.49.Final.jar
[INFO] Downloaded from central: https://repo.maven.apache.org/maven2/io/netty/netty-transport/4.1.49.Final/netty-transport-4.1.49.Final.jar (473 kB at 618 kB/s)
[INFO] Downloading from central: https://repo.maven.apache.org/maven2/io/projectreactor/reactor-core/3.3.5.RELEASE/reactor-core-3.3.5.RELEASE.jar
[INFO] Downloaded from central: https://repo.maven.apache.org/maven2/io/netty/netty-resolver/4.1.49.Final/netty-resolver-4.1.49.Final.jar (33 kB at 42 kB/s)
[INFO] Downloading from central: https://repo.maven.apache.org/maven2/com/aliyun/openservices/ons-client/1.8.5.Final/ons-client-1.8.5.Final.jar
[INFO] Downloaded from central: https://repo.maven.apache.org/maven2/io/projectreactor/reactor-core/3.3.5.RELEASE/reactor-core-3.3.5.RELEASE.jar (1.6 MB at 1.9 MB/s)
[INFO] Downloading from central: https://repo.maven.apache.org/maven2/com/rabbitmq/amqp-client/5.9.0/amqp-client-5.9.0.jar
[INFO] Downloaded from central: https://repo.maven.apache.org/maven2/com/rabbitmq/amqp-client/5.9.0/amqp-client-5.9.0.jar (644 kB at 755 kB/s)
[INFO] Downloading from central: https://repo.maven.apache.org/maven2/org/apache/shardingsphere/sharding-jdbc-core/4.1.1/sharding-jdbc-core-4.1.1.jar
[INFO] Downloaded from central: https://repo.maven.apache.org/maven2/com/alibaba/nacos/nacos-common/1.4.0/nacos-common-1.4.0.jar (162 kB at 189 kB/s)
[INFO] Downloading from central: https://repo.maven.apache.org/maven2/org/apache/shardingsphere/shardingsphere-pluggable/4.1.1/shardingsphere-pluggable-4.1.1.jar
[INFO] Downloaded from central: https://repo.maven.apache.org/maven2/org/apache/shardingsphere/shardingsphere-pluggable/4.1.1/shardingsphere-pluggable-4.1.1.jar (18 kB at 20 kB/s)
[INFO] Downloading from central: https://repo.maven.apache.org/maven2/org/apache/shardingsphere/shardingsphere-sql-parser-binder/4.1.1/shardingsphere-sql-parser-binder-4.1.1.jar
[INFO] Downloaded from central: https://repo.maven.apache.org/maven2/org/apache/shardingsphere/shardingsphere-sql-parser-binder/4.1.1/shardingsphere-sql-parser-binder-4.1.1.jar (113 kB at 119 kB/s)
[INFO] Downloading from central: https://repo.maven.apache.org/maven2/org/apache/shardingsphere/shardingsphere-route/4.1.1/shardingsphere-route-4.1.1.jar
[INFO] Downloaded from central: https://repo.maven.apache.org/maven2/org/apache/shardingsphere/sharding-jdbc-core/4.1.1/sharding-jdbc-core-4.1.1.jar (196 kB at 200 kB/s)
[INFO] Downloading from central: https://repo.maven.apache.org/maven2/org/apache/shardingsphere/shardingsphere-common/4.1.1/shardingsphere-common-4.1.1.jar
[INFO] Downloaded from central: https://repo.maven.apache.org/maven2/org/apache/shardingsphere/shardingsphere-common/4.1.1/shardingsphere-common-4.1.1.jar (66 kB at 65 kB/s)
[INFO] Downloading from central: https://repo.maven.apache.org/maven2/org/apache/shardingsphere/shardingsphere-rewrite-engine/4.1.1/shardingsphere-rewrite-engine-4.1.1.jar
[INFO] Downloaded from central: https://repo.maven.apache.org/maven2/org/apache/shardingsphere/shardingsphere-rewrite-engine/4.1.1/shardingsphere-rewrite-engine-4.1.1.jar (43 kB at 41 kB/s)
[INFO] Downloading from central: https://repo.maven.apache.org/maven2/org/apache/shardingsphere/shardingsphere-executor/4.1.1/shardingsphere-executor-4.1.1.jar
[INFO] Downloaded from central: https://repo.maven.apache.org/maven2/org/apache/shardingsphere/shardingsphere-route/4.1.1/shardingsphere-route-4.1.1.jar (20 kB at 19 kB/s)
[INFO] Downloading from central: https://repo.maven.apache.org/maven2/org/apache/shardingsphere/shardingsphere-merge/4.1.1/shardingsphere-merge-4.1.1.jar
[INFO] Downloaded from central: https://repo.maven.apache.org/maven2/com/weibo/motan-registry-consul/1.1.8/motan-registry-consul-1.1.8.jar (29 kB at 27 kB/s)
[INFO] Downloading from central: https://repo.maven.apache.org/maven2/org/apache/shardingsphere/sharding-transaction-core/4.1.1/sharding-transaction-core-4.1.1.jar
[INFO] Downloaded from central: https://repo.maven.apache.org/maven2/org/apache/shardingsphere/shardingsphere-executor/4.1.1/shardingsphere-executor-4.1.1.jar (25 kB at 23 kB/s)
[INFO] Downloading from central: https://repo.maven.apache.org/maven2/org/apache/shardingsphere/shardingsphere-sql-parser-sql92/4.1.1/shardingsphere-sql-parser-sql92-4.1.1.jar
[INFO] Downloaded from central: https://repo.maven.apache.org/maven2/org/apache/shardingsphere/shardingsphere-merge/4.1.1/shardingsphere-merge-4.1.1.jar (24 kB at 22 kB/s)
[INFO] Downloading from central: https://repo.maven.apache.org/maven2/org/apache/shardingsphere/shardingsphere-sql-parser-engine/4.1.1/shardingsphere-sql-parser-engine-4.1.1.jar
[INFO] Downloaded from central: https://repo.maven.apache.org/maven2/org/apache/shardingsphere/sharding-transaction-core/4.1.1/sharding-transaction-core-4.1.1.jar (16 kB at 15 kB/s)
[INFO] Downloading from central: https://repo.maven.apache.org/maven2/org/apache/shardingsphere/shardingsphere-spi/4.1.1/shardingsphere-spi-4.1.1.jar
[INFO] Downloaded from central: https://repo.maven.apache.org/maven2/com/weibo/motan-registry-zookeeper/1.1.8/motan-registry-zookeeper-1.1.8.jar (17 kB at 15 kB/s)
[INFO] Downloading from central: https://repo.maven.apache.org/maven2/org/apache/shardingsphere/shardingsphere-sql-parser-spi/4.1.1/shardingsphere-sql-parser-spi-4.1.1.jar
[INFO] Downloaded from central: https://repo.maven.apache.org/maven2/org/apache/shardingsphere/shardingsphere-sql-parser-engine/4.1.1/shardingsphere-sql-parser-engine-4.1.1.jar (24 kB at 21 kB/s)
[INFO] Downloading from central: https://repo.maven.apache.org/maven2/org/apache/shardingsphere/shardingsphere-sql-parser-statement/4.1.1/shardingsphere-sql-parser-statement-4.1.1.jar
[INFO] Downloaded from central: https://repo.maven.apache.org/maven2/org/apache/shardingsphere/shardingsphere-sql-parser-spi/4.1.1/shardingsphere-sql-parser-spi-4.1.1.jar (13 kB at 11 kB/s)
[INFO] Downloading from central: https://repo.maven.apache.org/maven2/org/apache/shardingsphere/shardingsphere-sql-parser-mysql/4.1.1/shardingsphere-sql-parser-mysql-4.1.1.jar
[INFO] Downloaded from central: https://repo.maven.apache.org/maven2/org/apache/shardingsphere/shardingsphere-spi/4.1.1/shardingsphere-spi-4.1.1.jar (15 kB at 13 kB/s)
[INFO] Downloading from central: https://repo.maven.apache.org/maven2/org/apache/shardingsphere/shardingsphere-sql-parser-postgresql/4.1.1/shardingsphere-sql-parser-postgresql-4.1.1.jar
[INFO] Downloaded from central: https://repo.maven.apache.org/maven2/org/apache/shardingsphere/shardingsphere-sql-parser-statement/4.1.1/shardingsphere-sql-parser-statement-4.1.1.jar (160 kB at 137 kB/s)
[INFO] Downloading from central: https://repo.maven.apache.org/maven2/org/apache/shardingsphere/shardingsphere-sql-parser-oracle/4.1.1/shardingsphere-sql-parser-oracle-4.1.1.jar
[INFO] Downloaded from central: https://repo.maven.apache.org/maven2/org/apache/shardingsphere/shardingsphere-sql-parser-mysql/4.1.1/shardingsphere-sql-parser-mysql-4.1.1.jar (857 kB at 711 kB/s)
[INFO] Downloading from central: https://repo.maven.apache.org/maven2/org/apache/shardingsphere/shardingsphere-sql-parser-sqlserver/4.1.1/shardingsphere-sql-parser-sqlserver-4.1.1.jar
[INFO] Downloaded from central: https://repo.maven.apache.org/maven2/org/apache/shardingsphere/shardingsphere-sql-parser-sql92/4.1.1/shardingsphere-sql-parser-sql92-4.1.1.jar (314 kB at 260 kB/s)
[INFO] Downloading from central: https://repo.maven.apache.org/maven2/org/apache/shardingsphere/sharding-core-route/4.1.1/sharding-core-route-4.1.1.jar
[INFO] Downloaded from central: https://repo.maven.apache.org/maven2/org/apache/shardingsphere/shardingsphere-sql-parser-postgresql/4.1.1/shardingsphere-sql-parser-postgresql-4.1.1.jar (406 kB at 336 kB/s)
[INFO] Downloading from central: https://repo.maven.apache.org/maven2/org/apache/shardingsphere/sharding-core-common/4.1.1/sharding-core-common-4.1.1.jar
[INFO] Downloaded from central: https://repo.maven.apache.org/maven2/org/apache/shardingsphere/shardingsphere-sql-parser-oracle/4.1.1/shardingsphere-sql-parser-oracle-4.1.1.jar (510 kB at 420 kB/s)
[INFO] Downloading from central: https://repo.maven.apache.org/maven2/org/apache/shardingsphere/master-slave-core-route/4.1.1/master-slave-core-route-4.1.1.jar
[INFO] Downloaded from central: https://repo.maven.apache.org/maven2/org/apache/shardingsphere/sharding-core-route/4.1.1/sharding-core-route-4.1.1.jar (72 kB at 58 kB/s)
[INFO] Downloading from central: https://repo.maven.apache.org/maven2/org/apache/shardingsphere/sharding-core-api/4.1.1/sharding-core-api-4.1.1.jar
[INFO] Downloaded from central: https://repo.maven.apache.org/maven2/org/apache/shardingsphere/sharding-core-common/4.1.1/sharding-core-common-4.1.1.jar (100 kB at 81 kB/s)
[INFO] Downloading from central: https://repo.maven.apache.org/maven2/org/apache/shardingsphere/encrypt-core-api/4.1.1/encrypt-core-api-4.1.1.jar
[INFO] Downloaded from central: https://repo.maven.apache.org/maven2/org/apache/shardingsphere/master-slave-core-route/4.1.1/master-slave-core-route-4.1.1.jar (15 kB at 12 kB/s)
[INFO] Downloading from central: https://repo.maven.apache.org/maven2/org/apache/shardingsphere/sharding-core-rewrite/4.1.1/sharding-core-rewrite-4.1.1.jar
[INFO] Downloaded from central: https://repo.maven.apache.org/maven2/org/apache/shardingsphere/sharding-core-api/4.1.1/sharding-core-api-4.1.1.jar (31 kB at 24 kB/s)
[INFO] Downloading from central: https://repo.maven.apache.org/maven2/org/apache/shardingsphere/encrypt-core-rewrite/4.1.1/encrypt-core-rewrite-4.1.1.jar
[INFO] Downloaded from central: https://repo.maven.apache.org/maven2/org/apache/shardingsphere/encrypt-core-api/4.1.1/encrypt-core-api-4.1.1.jar (11 kB at 8.6 kB/s)
[INFO] Downloading from central: https://repo.maven.apache.org/maven2/org/apache/shardingsphere/shadow-core-rewrite/4.1.1/shadow-core-rewrite-4.1.1.jar
[INFO] Downloaded from central: https://repo.maven.apache.org/maven2/org/apache/shardingsphere/encrypt-core-rewrite/4.1.1/encrypt-core-rewrite-4.1.1.jar (76 kB at 58 kB/s)
[INFO] Downloading from central: https://repo.maven.apache.org/maven2/org/apache/shardingsphere/sharding-core-execute/4.1.1/sharding-core-execute-4.1.1.jar
[INFO] Downloaded from central: https://repo.maven.apache.org/maven2/org/apache/shardingsphere/shadow-core-rewrite/4.1.1/shadow-core-rewrite-4.1.1.jar (36 kB at 27 kB/s)
[INFO] Downloading from central: https://repo.maven.apache.org/maven2/org/apache/shardingsphere/sharding-core-merge/4.1.1/sharding-core-merge-4.1.1.jar
[INFO] Downloaded from central: https://repo.maven.apache.org/maven2/org/apache/shardingsphere/sharding-core-execute/4.1.1/sharding-core-execute-4.1.1.jar (23 kB at 17 kB/s)
[INFO] Downloading from central: https://repo.maven.apache.org/maven2/org/apache/shardingsphere/encrypt-core-merge/4.1.1/encrypt-core-merge-4.1.1.jar
[INFO] Downloaded from central: https://repo.maven.apache.org/maven2/org/apache/shardingsphere/shardingsphere-sql-parser-sqlserver/4.1.1/shardingsphere-sql-parser-sqlserver-4.1.1.jar (533 kB at 397 kB/s)
[INFO] Downloading from central: https://repo.maven.apache.org/maven2/org/apache/shardingsphere/encrypt-core-common/4.1.1/encrypt-core-common-4.1.1.jar
[INFO] Downloaded from central: https://repo.maven.apache.org/maven2/org/apache/shardingsphere/sharding-core-rewrite/4.1.1/sharding-core-rewrite-4.1.1.jar (57 kB at 42 kB/s)
[INFO] Downloading from central: https://repo.maven.apache.org/maven2/io/dropwizard/metrics/metrics-servlets/4.1.14/metrics-servlets-4.1.14.jar
[INFO] Downloaded from central: https://repo.maven.apache.org/maven2/org/apache/shardingsphere/encrypt-core-merge/4.1.1/encrypt-core-merge-4.1.1.jar (21 kB at 15 kB/s)
[INFO] Downloading from central: https://repo.maven.apache.org/maven2/io/dropwizard/metrics/metrics-json/4.1.14/metrics-json-4.1.14.jar
[INFO] Downloaded from central: https://repo.maven.apache.org/maven2/org/apache/shardingsphere/encrypt-core-common/4.1.1/encrypt-core-common-4.1.1.jar (35 kB at 26 kB/s)
[INFO] Downloading from central: https://repo.maven.apache.org/maven2/io/dropwizard/metrics/metrics-jvm/4.1.14/metrics-jvm-4.1.14.jar
[INFO] Downloaded from central: https://repo.maven.apache.org/maven2/io/dropwizard/metrics/metrics-json/4.1.14/metrics-json-4.1.14.jar (17 kB at 12 kB/s)
[INFO] Downloading from central: https://repo.maven.apache.org/maven2/com/helger/profiler/1.1.1/profiler-1.1.1.jar
[INFO] Downloaded from central: https://repo.maven.apache.org/maven2/io/dropwizard/metrics/metrics-jvm/4.1.14/metrics-jvm-4.1.14.jar (24 kB at 17 kB/s)
[INFO] Downloading from central: https://repo.maven.apache.org/maven2/io/dropwizard/metrics/metrics-healthchecks/4.1.14/metrics-healthchecks-4.1.14.jar
[INFO] Downloaded from central: https://repo.maven.apache.org/maven2/org/apache/shardingsphere/sharding-core-merge/4.1.1/sharding-core-merge-4.1.1.jar (52 kB at 36 kB/s)
[INFO] Downloading from central: https://repo.maven.apache.org/maven2/com/github/davidb/metrics-influxdb/1.1.0/metrics-influxdb-1.1.0.jar
[INFO] Downloaded from central: https://repo.maven.apache.org/maven2/com/helger/profiler/1.1.1/profiler-1.1.1.jar (15 kB at 10 kB/s)
[INFO] Downloading from central: https://repo.maven.apache.org/maven2/io/dropwizard/metrics/metrics-graphite/4.1.14/metrics-graphite-4.1.14.jar
[INFO] Downloaded from central: https://repo.maven.apache.org/maven2/com/aliyun/openservices/ons-client/1.8.5.Final/ons-client-1.8.5.Final.jar (7.4 MB at 5.1 MB/s)
[INFO] Downloading from central: https://repo.maven.apache.org/maven2/org/apache/shiro/shiro-core/1.3.2/shiro-core-1.3.2.jar
[INFO] Downloaded from central: https://repo.maven.apache.org/maven2/com/github/davidb/metrics-influxdb/1.1.0/metrics-influxdb-1.1.0.jar (49 kB at 33 kB/s)
[INFO] Downloading from central: https://repo.maven.apache.org/maven2/org/apache/shiro/shiro-web/1.3.2/shiro-web-1.3.2.jar
[INFO] Downloaded from central: https://repo.maven.apache.org/maven2/io/dropwizard/metrics/metrics-servlets/4.1.14/metrics-servlets-4.1.14.jar (19 kB at 13 kB/s)
[INFO] Downloading from central: https://repo.maven.apache.org/maven2/org/apache/dubbo/dubbo/2.7.8/dubbo-2.7.8.jar
[INFO] Downloaded from central: https://repo.maven.apache.org/maven2/io/dropwizard/metrics/metrics-graphite/4.1.14/metrics-graphite-4.1.14.jar (23 kB at 15 kB/s)
[INFO] Downloading from central: https://repo.maven.apache.org/maven2/org/jboss/resteasy/resteasy-jdk-http/3.13.2.Final/resteasy-jdk-http-3.13.2.Final.jar
[INFO] Downloaded from central: https://repo.maven.apache.org/maven2/org/apache/shiro/shiro-core/1.3.2/shiro-core-1.3.2.jar (409 kB at 271 kB/s)
[INFO] Downloading from central: https://repo.maven.apache.org/maven2/org/jboss/resteasy/resteasy-jaxrs/3.13.2.Final/resteasy-jaxrs-3.13.2.Final.jar
[INFO] Downloaded from central: https://repo.maven.apache.org/maven2/org/apache/shiro/shiro-web/1.3.2/shiro-web-1.3.2.jar (148 kB at 97 kB/s)
[INFO] Downloading from central: https://repo.maven.apache.org/maven2/org/jboss/spec/javax/xml/bind/jboss-jaxb-api_2.3_spec/2.0.0.Final/jboss-jaxb-api_2.3_spec-2.0.0.Final.jar
[INFO] Downloaded from central: https://repo.maven.apache.org/maven2/io/dropwizard/metrics/metrics-healthchecks/4.1.14/metrics-healthchecks-4.1.14.jar (23 kB at 15 kB/s)
[INFO] Downloading from central: https://repo.maven.apache.org/maven2/org/jboss/resteasy/resteasy-client/3.13.2.Final/resteasy-client-3.13.2.Final.jar
[INFO] Downloaded from central: https://repo.maven.apache.org/maven2/org/jboss/spec/javax/xml/bind/jboss-jaxb-api_2.3_spec/2.0.0.Final/jboss-jaxb-api_2.3_spec-2.0.0.Final.jar (113 kB at 73 kB/s)
[INFO] Downloading from central: https://repo.maven.apache.org/maven2/org/jboss/resteasy/resteasy-netty4/3.13.2.Final/resteasy-netty4-3.13.2.Final.jar
[INFO] Downloaded from central: https://repo.maven.apache.org/maven2/org/jboss/resteasy/resteasy-jaxrs/3.13.2.Final/resteasy-jaxrs-3.13.2.Final.jar (1.2 MB at 759 kB/s)
[INFO] Downloading from central: https://repo.maven.apache.org/maven2/org/jboss/resteasy/resteasy-jackson-provider/3.13.2.Final/resteasy-jackson-provider-3.13.2.Final.jar
[INFO] Downloaded from central: https://repo.maven.apache.org/maven2/org/apache/dubbo/dubbo/2.7.8/dubbo-2.7.8.jar (2.9 MB at 1.9 MB/s)
[INFO] Downloading from central: https://repo.maven.apache.org/maven2/org/codehaus/jackson/jackson-core-asl/1.9.13.redhat-00007/jackson-core-asl-1.9.13.redhat-00007.jar
[INFO] Downloaded from central: https://repo.maven.apache.org/maven2/org/jboss/resteasy/resteasy-client/3.13.2.Final/resteasy-client-3.13.2.Final.jar (247 kB at 154 kB/s)
[INFO] Downloading from central: https://repo.maven.apache.org/maven2/org/codehaus/jackson/jackson-mapper-asl/1.9.13.redhat-00007/jackson-mapper-asl-1.9.13.redhat-00007.jar
[INFO] Downloading from central: https://repo.maven.apache.org/maven2/org/codehaus/jackson/jackson-jaxrs/1.9.13.redhat-00007/jackson-jaxrs-1.9.13.redhat-00007.jar
[INFO] Downloading from central: https://repo.maven.apache.org/maven2/org/codehaus/jackson/jackson-xc/1.9.13.redhat-00007/jackson-xc-1.9.13.redhat-00007.jar
[INFO] Downloading from central: https://repo.maven.apache.org/maven2/com/101tec/zkclient/0.11/zkclient-0.11.jar
[INFO] Downloaded from central: https://repo.maven.apache.org/maven2/com/101tec/zkclient/0.11/zkclient-0.11.jar (75 kB at 41 kB/s)
[INFO] Downloading from central: https://repo.maven.apache.org/maven2/io/jsonwebtoken/jjwt/0.9.1/jjwt-0.9.1.jar
[INFO] Downloaded from central: https://repo.maven.apache.org/maven2/org/jboss/resteasy/resteasy-netty4/3.13.2.Final/resteasy-netty4-3.13.2.Final.jar (48 kB at 26 kB/s)
[INFO] Downloading from central: https://repo.maven.apache.org/maven2/com/squareup/okhttp3/okhttp/3.14.4/okhttp-3.14.4.jar
[INFO] Downloading from central: https://repo.maven.apache.org/maven2/io/seata/seata-all/1.3.0/seata-all-1.3.0.jar
[INFO] Downloaded from central: https://repo.maven.apache.org/maven2/io/jsonwebtoken/jjwt/0.9.1/jjwt-0.9.1.jar (114 kB at 61 kB/s)
[INFO] Downloading from central: https://repo.maven.apache.org/maven2/net/oschina/j2cache/j2cache-core/2.8.2-release/j2cache-core-2.8.2-release.jar
[INFO] Downloaded from central: https://repo.maven.apache.org/maven2/com/squareup/okhttp3/okhttp/3.14.4/okhttp-3.14.4.jar (426 kB at 226 kB/s)
[INFO] Downloading from central: https://repo.maven.apache.org/maven2/jline/jline/2.14.2/jline-2.14.2.jar
[INFO] Downloaded from central: https://repo.maven.apache.org/maven2/org/jboss/resteasy/resteasy-jdk-http/3.13.2.Final/resteasy-jdk-http-3.13.2.Final.jar (30 kB at 16 kB/s)
[INFO] Downloading from central: https://repo.maven.apache.org/maven2/org/apache/qpid/qpid-client/6.3.4/qpid-client-6.3.4.jar
[INFO] Downloaded from central: https://repo.maven.apache.org/maven2/org/jboss/resteasy/resteasy-jackson-provider/3.13.2.Final/resteasy-jackson-provider-3.13.2.Final.jar (8.0 kB at 4.1 kB/s)
[INFO] Downloaded from central: https://repo.maven.apache.org/maven2/jline/jline/2.14.2/jline-2.14.2.jar (268 kB at 139 kB/s)
[INFO] Downloaded from central: https://repo.maven.apache.org/maven2/io/seata/seata-all/1.3.0/seata-all-1.3.0.jar (4.4 MB at 2.2 MB/s)
[INFO] Downloaded from central: https://repo.maven.apache.org/maven2/net/oschina/j2cache/j2cache-core/2.8.2-release/j2cache-core-2.8.2-release.jar (132 kB at 60 kB/s)
[INFO] Downloaded from central: https://repo.maven.apache.org/maven2/org/apache/qpid/qpid-client/6.3.4/qpid-client-6.3.4.jar (1.4 MB at 578 kB/s)
[INFO] Downloading from jboss: https://repository.jboss.org/nexus/content/groups/public/org/codehaus/jackson/jackson-core-asl/1.9.13.redhat-00007/jackson-core-asl-1.9.13.redhat-00007.jar
[INFO] Downloading from jboss: https://repository.jboss.org/nexus/content/groups/public/org/codehaus/jackson/jackson-mapper-asl/1.9.13.redhat-00007/jackson-mapper-asl-1.9.13.redhat-00007.jar
[INFO] Downloading from jboss: https://repository.jboss.org/nexus/content/groups/public/org/codehaus/jackson/jackson-xc/1.9.13.redhat-00007/jackson-xc-1.9.13.redhat-00007.jar
[INFO] Downloading from jboss: https://repository.jboss.org/nexus/content/groups/public/org/codehaus/jackson/jackson-jaxrs/1.9.13.redhat-00007/jackson-jaxrs-1.9.13.redhat-00007.jar
[INFO] Downloading from redhat: https://maven.repository.redhat.com/ga/org/codehaus/jackson/jackson-core-asl/1.9.13.redhat-00007/jackson-core-asl-1.9.13.redhat-00007.jar
[INFO] Downloading from redhat: https://maven.repository.redhat.com/ga/org/codehaus/jackson/jackson-mapper-asl/1.9.13.redhat-00007/jackson-mapper-asl-1.9.13.redhat-00007.jar
[INFO] Downloading from redhat: https://maven.repository.redhat.com/ga/org/codehaus/jackson/jackson-xc/1.9.13.redhat-00007/jackson-xc-1.9.13.redhat-00007.jar
[INFO] Downloading from redhat: https://maven.repository.redhat.com/ga/org/codehaus/jackson/jackson-jaxrs/1.9.13.redhat-00007/jackson-jaxrs-1.9.13.redhat-00007.jar
[INFO] Downloaded from redhat: https://maven.repository.redhat.com/ga/org/codehaus/jackson/jackson-xc/1.9.13.redhat-00007/jackson-xc-1.9.13.redhat-00007.jar (28 kB at 550 kB/s)
[INFO] Downloaded from redhat: https://maven.repository.redhat.com/ga/org/codehaus/jackson/jackson-jaxrs/1.9.13.redhat-00007/jackson-jaxrs-1.9.13.redhat-00007.jar (19 kB at 320 kB/s)
[INFO] Downloaded from redhat: https://maven.repository.redhat.com/ga/org/codehaus/jackson/jackson-core-asl/1.9.13.redhat-00007/jackson-core-asl-1.9.13.redhat-00007.jar (241 kB at 2.6 MB/s)
[INFO] Downloaded from redhat: https://maven.repository.redhat.com/ga/org/codehaus/jackson/jackson-mapper-asl/1.9.13.redhat-00007/jackson-mapper-asl-1.9.13.redhat-00007.jar (800 kB at 7.5 MB/s)
[INFO] 
[INFO] --- maven-clean-plugin:2.5:clean (default-clean) @ jboot ---
[INFO] 
[INFO] --- maven-resources-plugin:2.6:resources (default-resources) @ jboot ---
[INFO] Using 'UTF-8' encoding to copy filtered resources.
[INFO] Copying 4 resources
[INFO] Copying 1 resource
[INFO] 
[INFO] --- maven-compiler-plugin:3.8.0:compile (default-compile) @ jboot ---
[INFO] Changes detected - recompiling the module!
[INFO] Compiling 416 source files to /home/srafi/after-cam-ready/compare_/compile_repair_output/work/3f78f6d60753/target/classes
[INFO] /home/srafi/after-cam-ready/compare_/compile_repair_output/work/3f78f6d60753/src/main/java/io/jboot/web/session/JbootHttpSession.java: Some input files use or override a deprecated API.
[INFO] /home/srafi/after-cam-ready/compare_/compile_repair_output/work/3f78f6d60753/src/main/java/io/jboot/web/session/JbootHttpSession.java: Recompile with -Xlint:deprecation for details.
[INFO] /home/srafi/after-cam-ready/compare_/compile_repair_output/work/3f78f6d60753/src/main/java/io/jboot/web/json/JbootJson.java: Some input files use unchecked or unsafe operations.
[INFO] /home/srafi/after-cam-ready/compare_/compile_repair_output/work/3f78f6d60753/src/main/java/io/jboot/web/json/JbootJson.java: Recompile with -Xlint:unchecked for details.
[INFO] 
[INFO] --- maven-resources-plugin:2.6:testResources (default-testResources) @ jboot ---
[INFO] Using 'UTF-8' encoding to copy filtered resources.
[INFO] Copying 10 resources
[INFO] 
[INFO] --- maven-compiler-plugin:3.8.0:testCompile (default-testCompile) @ jboot ---
[INFO] Changes detected - recompiling the module!
[INFO] Compiling 112 source files to /home/srafi/after-cam-ready/compare_/compile_repair_output/work/3f78f6d60753/target/test-classes
[INFO] /home/srafi/after-cam-ready/compare_/compile_repair_output/work/3f78f6d60753/src/test/java/io/jboot/test/db/simple/DbController.java: Some input files use unchecked or unsafe operations.
[INFO] /home/srafi/after-cam-ready/compare_/compile_repair_output/work/3f78f6d60753/src/test/java/io/jboot/test/db/simple/DbController.java: Recompile with -Xlint:unchecked for details.
[INFO] 
[INFO] --- maven-surefire-plugin:3.0.0-M8-SNAPSHOT:test (default-test) @ jboot ---
[INFO] Downloading from apache.snapshots: https://repository.apache.org/snapshots/org/apache/maven/surefire/maven-surefire-common/3.0.0-M8-SNAPSHOT/maven-metadata.xml
[INFO] Downloading from apache.snapshots: https://repository.apache.org/snapshots/org/apache/maven/surefire/surefire-api/3.0.0-M8-SNAPSHOT/maven-metadata.xml
[INFO] Downloading from apache.snapshots: https://repository.apache.org/snapshots/org/apache/maven/surefire/surefire-logger-api/3.0.0-M8-SNAPSHOT/maven-metadata.xml
[INFO] Downloading from apache.snapshots: https://repository.apache.org/snapshots/org/apache/maven/surefire/surefire-shared-utils/3.0.0-M8-SNAPSHOT/maven-metadata.xml
[INFO] Downloading from apache.snapshots: https://repository.apache.org/snapshots/org/apache/maven/surefire/surefire-extensions-api/3.0.0-M8-SNAPSHOT/maven-metadata.xml
[INFO] Downloading from apache.snapshots: https://repository.apache.org/snapshots/org/apache/maven/surefire/surefire-booter/3.0.0-M8-SNAPSHOT/maven-metadata.xml
[INFO] Downloading from apache.snapshots: https://repository.apache.org/snapshots/org/apache/maven/surefire/surefire-extensions-spi/3.0.0-M8-SNAPSHOT/maven-metadata.xml
[INFO] Tests are skipped.
[INFO] 
[INFO] --- maven-jar-plugin:2.4:jar (default-jar) @ jboot ---
[INFO] Building jar: /home/srafi/after-cam-ready/compare_/compile_repair_output/work/3f78f6d60753/target/jboot-3.6.7.jar
[INFO] 
[INFO] --- maven-install-plugin:2.4:install (default-install) @ jboot ---
[INFO] Installing /home/srafi/after-cam-ready/compare_/compile_repair_output/work/3f78f6d60753/target/jboot-3.6.7.jar to /home/srafi/.m2/repository/io/jboot/jboot/3.6.7/jboot-3.6.7.jar
[INFO] Installing /home/srafi/after-cam-ready/compare_/compile_repair_output/work/3f78f6d60753/pom.xml to /home/srafi/.m2/repository/io/jboot/jboot/3.6.7/jboot-3.6.7.pom
[INFO] ------------------------------------------------------------------------
[INFO] BUILD SUCCESS
[INFO] ------------------------------------------------------------------------
[INFO] Total time:  23.873 s
[INFO] Finished at: 2026-08-15T17:26:31-04:00
[INFO] ------------------------------------------------------------------------
