JAVA_HOME=/usr/lib/jvm/java-8-openjdk-amd64
COMMAND=mvn -B clean install -DskipTests -U -pl typescript-generator-core -am -Ddependency-check.skip=true -Dgpg.skip=true -DfailIfNoTests=false -Dskip.installnodenpm=true -Dskip.npm=true -Dskip.yarn=true -Dlicense.skip=true -Dcheckstyle.skip=true -Drat.skip=true -Denforcer.skip=true -Danimal.sniffer.skip=true -Dmaven.javadoc.skip=true -Dfindbugs.skip=true -Dspotbugs.skip=true -Dwarbucks.skip=true -Dmodernizer.skip=true -Dimpsort.skip=true -Dmdep.analyze.skip=true -Dpgpverify.skip=true -Dxml.skip=true -Dcobertura.skip=true

[INFO] Scanning for projects...
[INFO] Downloading from central: https://repo.maven.apache.org/maven2/org/springframework/boot/spring-boot-dependencies/2.3.5.RELEASE/spring-boot-dependencies-2.3.5.RELEASE.pom
[INFO] Downloaded from central: https://repo.maven.apache.org/maven2/org/springframework/boot/spring-boot-dependencies/2.3.5.RELEASE/spring-boot-dependencies-2.3.5.RELEASE.pom (121 kB at 495 kB/s)
[INFO] Downloading from central: https://repo.maven.apache.org/maven2/org/eclipse/jetty/jetty-bom/9.4.33.v20201020/jetty-bom-9.4.33.v20201020.pom
[INFO] Downloaded from central: https://repo.maven.apache.org/maven2/org/eclipse/jetty/jetty-bom/9.4.33.v20201020/jetty-bom-9.4.33.v20201020.pom (17 kB at 580 kB/s)
[INFO] Downloading from central: https://repo.maven.apache.org/maven2/io/micrometer/micrometer-bom/1.5.6/micrometer-bom-1.5.6.pom
[INFO] Downloaded from central: https://repo.maven.apache.org/maven2/io/micrometer/micrometer-bom/1.5.6/micrometer-bom-1.5.6.pom (6.6 kB at 220 kB/s)
[INFO] Downloading from central: https://repo.maven.apache.org/maven2/io/projectreactor/reactor-bom/Dysprosium-SR13/reactor-bom-Dysprosium-SR13.pom
[INFO] Downloaded from central: https://repo.maven.apache.org/maven2/io/projectreactor/reactor-bom/Dysprosium-SR13/reactor-bom-Dysprosium-SR13.pom (4.1 kB at 131 kB/s)
[INFO] Downloading from central: https://repo.maven.apache.org/maven2/org/springframework/data/spring-data-releasetrain/Neumann-SR5/spring-data-releasetrain-Neumann-SR5.pom
[INFO] Downloaded from central: https://repo.maven.apache.org/maven2/org/springframework/data/spring-data-releasetrain/Neumann-SR5/spring-data-releasetrain-Neumann-SR5.pom (5.0 kB at 152 kB/s)
[INFO] Downloading from central: https://repo.maven.apache.org/maven2/org/springframework/data/build/spring-data-build/2.3.5.RELEASE/spring-data-build-2.3.5.RELEASE.pom
[INFO] Downloaded from central: https://repo.maven.apache.org/maven2/org/springframework/data/build/spring-data-build/2.3.5.RELEASE/spring-data-build-2.3.5.RELEASE.pom (7.1 kB at 208 kB/s)
[INFO] Downloading from central: https://repo.maven.apache.org/maven2/org/springframework/spring-framework-bom/5.2.10.RELEASE/spring-framework-bom-5.2.10.RELEASE.pom
[INFO] Downloaded from central: https://repo.maven.apache.org/maven2/org/springframework/spring-framework-bom/5.2.10.RELEASE/spring-framework-bom-5.2.10.RELEASE.pom (5.3 kB at 129 kB/s)
[INFO] Downloading from central: https://repo.maven.apache.org/maven2/org/springframework/integration/spring-integration-bom/5.3.3.RELEASE/spring-integration-bom-5.3.3.RELEASE.pom
[INFO] Downloaded from central: https://repo.maven.apache.org/maven2/org/springframework/integration/spring-integration-bom/5.3.3.RELEASE/spring-integration-bom-5.3.3.RELEASE.pom (9.2 kB at 256 kB/s)
[INFO] Downloading from central: https://repo.maven.apache.org/maven2/org/springframework/security/spring-security-bom/5.3.5.RELEASE/spring-security-bom-5.3.5.RELEASE.pom
[INFO] Downloaded from central: https://repo.maven.apache.org/maven2/org/springframework/security/spring-security-bom/5.3.5.RELEASE/spring-security-bom-5.3.5.RELEASE.pom (5.4 kB at 136 kB/s)
[INFO] ------------------------------------------------------------------------
[INFO] Reactor Build Order:
[INFO] 
[INFO] typescript-generator                                               [pom]
[INFO] typescript-generator-core                                          [jar]
[INFO] 
[INFO] --------< cz.habarta.typescript-generator:typescript-generator >--------
[INFO] Building typescript-generator 2.27-SNAPSHOT                        [1/2]
[INFO] --------------------------------[ pom ]---------------------------------
[INFO] 
[INFO] --- maven-clean-plugin:2.5:clean (default-clean) @ typescript-generator ---
[INFO] 
[INFO] --- maven-install-plugin:2.4:install (default-install) @ typescript-generator ---
[INFO] Installing /home/srafi/after-cam-ready/compare_/compile_repair_output/work/a3243ba0fbc2/pom.xml to /home/srafi/.m2/repository/cz/habarta/typescript-generator/typescript-generator/2.27-SNAPSHOT/typescript-generator-2.27-SNAPSHOT.pom
[INFO] 
[INFO] -----< cz.habarta.typescript-generator:typescript-generator-core >------
[INFO] Building typescript-generator-core 2.27-SNAPSHOT                   [2/2]
[INFO] --------------------------------[ jar ]---------------------------------
[INFO] Downloading from central: https://repo.maven.apache.org/maven2/org/jvnet/jaxb2/maven2/maven-jaxb2-plugin/0.14.0/maven-jaxb2-plugin-0.14.0.pom
[INFO] Downloaded from central: https://repo.maven.apache.org/maven2/org/jvnet/jaxb2/maven2/maven-jaxb2-plugin/0.14.0/maven-jaxb2-plugin-0.14.0.pom (0 B at 0 B/s)
[INFO] Downloading from central: https://repo.maven.apache.org/maven2/org/jvnet/jaxb2/maven2/maven-jaxb2-plugin-project/0.14.0/maven-jaxb2-plugin-project-0.14.0.pom
[INFO] Downloaded from central: https://repo.maven.apache.org/maven2/org/jvnet/jaxb2/maven2/maven-jaxb2-plugin-project/0.14.0/maven-jaxb2-plugin-project-0.14.0.pom (0 B at 0 B/s)
[INFO] Downloading from central: https://repo.maven.apache.org/maven2/org/jvnet/jaxb2/maven2/maven-jaxb2-plugin/0.14.0/maven-jaxb2-plugin-0.14.0.jar
[INFO] Downloaded from central: https://repo.maven.apache.org/maven2/org/jvnet/jaxb2/maven2/maven-jaxb2-plugin/0.14.0/maven-jaxb2-plugin-0.14.0.jar (0 B at 0 B/s)
[INFO] Downloading from central: https://repo.maven.apache.org/maven2/org/jetbrains/kotlin/kotlin-maven-plugin/1.3.72/kotlin-maven-plugin-1.3.72.pom
[INFO] Downloaded from central: https://repo.maven.apache.org/maven2/org/jetbrains/kotlin/kotlin-maven-plugin/1.3.72/kotlin-maven-plugin-1.3.72.pom (5.9 kB at 183 kB/s)
[INFO] Downloading from central: https://repo.maven.apache.org/maven2/org/jetbrains/kotlin/kotlin-project/1.3.72/kotlin-project-1.3.72.pom
[INFO] Downloaded from central: https://repo.maven.apache.org/maven2/org/jetbrains/kotlin/kotlin-project/1.3.72/kotlin-project-1.3.72.pom (10 kB at 315 kB/s)
[INFO] Downloading from central: https://repo.maven.apache.org/maven2/org/jetbrains/kotlin/kotlin-maven-plugin/1.3.72/kotlin-maven-plugin-1.3.72.jar
[INFO] Downloaded from central: https://repo.maven.apache.org/maven2/org/jetbrains/kotlin/kotlin-maven-plugin/1.3.72/kotlin-maven-plugin-1.3.72.jar (80 kB at 2.5 MB/s)
[INFO] Downloading from central: https://repo.maven.apache.org/maven2/com/fasterxml/jackson/jaxrs/jackson-jaxrs-json-provider/2.11.3/jackson-jaxrs-json-provider-2.11.3.pom
[INFO] Downloaded from central: https://repo.maven.apache.org/maven2/com/fasterxml/jackson/jaxrs/jackson-jaxrs-json-provider/2.11.3/jackson-jaxrs-json-provider-2.11.3.pom (4.0 kB at 91 kB/s)
[INFO] Downloading from central: https://repo.maven.apache.org/maven2/com/fasterxml/jackson/jaxrs/jackson-jaxrs-providers/2.11.3/jackson-jaxrs-providers-2.11.3.pom
[INFO] Downloaded from central: https://repo.maven.apache.org/maven2/com/fasterxml/jackson/jaxrs/jackson-jaxrs-providers/2.11.3/jackson-jaxrs-providers-2.11.3.pom (4.8 kB at 154 kB/s)
[INFO] Downloading from central: https://repo.maven.apache.org/maven2/com/fasterxml/jackson/jaxrs/jackson-jaxrs-base/2.11.3/jackson-jaxrs-base-2.11.3.pom
[INFO] Downloaded from central: https://repo.maven.apache.org/maven2/com/fasterxml/jackson/jaxrs/jackson-jaxrs-base/2.11.3/jackson-jaxrs-base-2.11.3.pom (1.7 kB at 51 kB/s)
[INFO] Downloading from central: https://repo.maven.apache.org/maven2/com/sun/xml/bind/jaxb-impl/2.3.1/jaxb-impl-2.3.1.pom
[INFO] Downloaded from central: https://repo.maven.apache.org/maven2/com/sun/xml/bind/jaxb-impl/2.3.1/jaxb-impl-2.3.1.pom (15 kB at 484 kB/s)
[INFO] Downloading from central: https://repo.maven.apache.org/maven2/com/sun/xml/bind/mvn/jaxb-bundles/2.3.1/jaxb-bundles-2.3.1.pom
[INFO] Downloaded from central: https://repo.maven.apache.org/maven2/com/sun/xml/bind/mvn/jaxb-bundles/2.3.1/jaxb-bundles-2.3.1.pom (2.9 kB at 82 kB/s)
[INFO] Downloading from central: https://repo.maven.apache.org/maven2/io/github/classgraph/classgraph/4.8.90/classgraph-4.8.90.pom
[INFO] Downloaded from central: https://repo.maven.apache.org/maven2/io/github/classgraph/classgraph/4.8.90/classgraph-4.8.90.pom (27 kB at 884 kB/s)
[INFO] Downloading from central: https://repo.maven.apache.org/maven2/org/jetbrains/kotlin/kotlin-reflect/1.3.72/kotlin-reflect-1.3.72.pom
[INFO] Downloaded from central: https://repo.maven.apache.org/maven2/org/jetbrains/kotlin/kotlin-reflect/1.3.72/kotlin-reflect-1.3.72.pom (1.4 kB at 39 kB/s)
[INFO] Downloading from central: https://repo.maven.apache.org/maven2/jakarta/json/bind/jakarta.json.bind-api/1.0.2/jakarta.json.bind-api-1.0.2.pom
[INFO] Downloaded from central: https://repo.maven.apache.org/maven2/jakarta/json/bind/jakarta.json.bind-api/1.0.2/jakarta.json.bind-api-1.0.2.pom (24 kB at 568 kB/s)
[INFO] Downloading from central: https://repo.maven.apache.org/maven2/org/graalvm/js/js/20.2.0/js-20.2.0.pom
[INFO] Downloaded from central: https://repo.maven.apache.org/maven2/org/graalvm/js/js/20.2.0/js-20.2.0.pom (2.6 kB at 73 kB/s)
[INFO] Downloading from central: https://repo.maven.apache.org/maven2/org/graalvm/regex/regex/20.2.0/regex-20.2.0.pom
[INFO] Downloaded from central: https://repo.maven.apache.org/maven2/org/graalvm/regex/regex/20.2.0/regex-20.2.0.pom (1.4 kB at 39 kB/s)
[INFO] Downloading from central: https://repo.maven.apache.org/maven2/org/graalvm/truffle/truffle-api/20.2.0/truffle-api-20.2.0.pom
[INFO] Downloaded from central: https://repo.maven.apache.org/maven2/org/graalvm/truffle/truffle-api/20.2.0/truffle-api-20.2.0.pom (1.5 kB at 52 kB/s)
[INFO] Downloading from central: https://repo.maven.apache.org/maven2/org/graalvm/sdk/graal-sdk/20.2.0/graal-sdk-20.2.0.pom
[INFO] Downloaded from central: https://repo.maven.apache.org/maven2/org/graalvm/sdk/graal-sdk/20.2.0/graal-sdk-20.2.0.pom (1.4 kB at 47 kB/s)
[INFO] Downloading from central: https://repo.maven.apache.org/maven2/com/ibm/icu/icu4j/67.1/icu4j-67.1.pom
[INFO] Downloaded from central: https://repo.maven.apache.org/maven2/com/ibm/icu/icu4j/67.1/icu4j-67.1.pom (4.9 kB at 170 kB/s)
[INFO] Downloading from central: https://repo.maven.apache.org/maven2/org/graalvm/js/js-scriptengine/20.2.0/js-scriptengine-20.2.0.pom
[INFO] Downloaded from central: https://repo.maven.apache.org/maven2/org/graalvm/js/js-scriptengine/20.2.0/js-scriptengine-20.2.0.pom (1.4 kB at 40 kB/s)
[INFO] Downloading from central: https://repo.maven.apache.org/maven2/com/google/code/findbugs/annotations/3.0.1u2/annotations-3.0.1u2.pom
[INFO] Downloaded from central: https://repo.maven.apache.org/maven2/com/google/code/findbugs/annotations/3.0.1u2/annotations-3.0.1u2.pom (7.0 kB at 250 kB/s)
[INFO] Downloading from central: https://repo.maven.apache.org/maven2/com/fasterxml/jackson/datatype/jackson-datatype-jsr310/2.11.3/jackson-datatype-jsr310-2.11.3.pom
[INFO] Downloaded from central: https://repo.maven.apache.org/maven2/com/fasterxml/jackson/datatype/jackson-datatype-jsr310/2.11.3/jackson-datatype-jsr310-2.11.3.pom (4.5 kB at 152 kB/s)
[INFO] Downloading from central: https://repo.maven.apache.org/maven2/org/glassfish/jersey/containers/jersey-container-jdk-http/2.32/jersey-container-jdk-http-2.32.pom
[INFO] Downloaded from central: https://repo.maven.apache.org/maven2/org/glassfish/jersey/containers/jersey-container-jdk-http/2.32/jersey-container-jdk-http-2.32.pom (4.5 kB at 144 kB/s)
[INFO] Downloading from central: https://repo.maven.apache.org/maven2/org/glassfish/jersey/media/jersey-media-json-binding/2.32/jersey-media-json-binding-2.32.pom
[INFO] Downloaded from central: https://repo.maven.apache.org/maven2/org/glassfish/jersey/media/jersey-media-json-binding/2.32/jersey-media-json-binding-2.32.pom (4.5 kB at 132 kB/s)
[INFO] Downloading from central: https://repo.maven.apache.org/maven2/org/glassfish/jakarta.json/1.1.6/jakarta.json-1.1.6.pom
[INFO] Downloaded from central: https://repo.maven.apache.org/maven2/org/glassfish/jakarta.json/1.1.6/jakarta.json-1.1.6.pom (11 kB at 377 kB/s)
[INFO] Downloading from central: https://repo.maven.apache.org/maven2/org/glassfish/json/1.1.6/json-1.1.6.pom
[INFO] Downloaded from central: https://repo.maven.apache.org/maven2/org/glassfish/json/1.1.6/json-1.1.6.pom (19 kB at 651 kB/s)
[INFO] Downloading from central: https://repo.maven.apache.org/maven2/org/eclipse/yasson/1.0.6/yasson-1.0.6.pom
[INFO] Downloaded from central: https://repo.maven.apache.org/maven2/org/eclipse/yasson/1.0.6/yasson-1.0.6.pom (26 kB at 828 kB/s)
[INFO] Downloading from central: https://repo.maven.apache.org/maven2/jakarta/json/jakarta.json-api/1.1.6/jakarta.json-api-1.1.6.pom
[INFO] Downloaded from central: https://repo.maven.apache.org/maven2/jakarta/json/jakarta.json-api/1.1.6/jakarta.json-api-1.1.6.pom (6.0 kB at 177 kB/s)
[INFO] Downloading from central: https://repo.maven.apache.org/maven2/org/checkerframework/checker-qual/3.7.1/checker-qual-3.7.1.pom
[INFO] Downloaded from central: https://repo.maven.apache.org/maven2/org/checkerframework/checker-qual/3.7.1/checker-qual-3.7.1.pom (2.2 kB at 70 kB/s)
[INFO] Downloading from central: https://repo.maven.apache.org/maven2/com/fasterxml/jackson/datatype/jackson-datatype-joda/2.11.3/jackson-datatype-joda-2.11.3.pom
[INFO] Downloaded from central: https://repo.maven.apache.org/maven2/com/fasterxml/jackson/datatype/jackson-datatype-joda/2.11.3/jackson-datatype-joda-2.11.3.pom (4.0 kB at 130 kB/s)
[INFO] Downloading from central: https://repo.maven.apache.org/maven2/io/vavr/vavr-jackson/0.10.3/vavr-jackson-0.10.3.pom
[INFO] Downloaded from central: https://repo.maven.apache.org/maven2/io/vavr/vavr-jackson/0.10.3/vavr-jackson-0.10.3.pom (3.4 kB at 114 kB/s)
[INFO] Downloading from central: https://repo.maven.apache.org/maven2/com/fasterxml/jackson/jaxrs/jackson-jaxrs-json-provider/2.11.3/jackson-jaxrs-json-provider-2.11.3.jar
[INFO] Downloading from central: https://repo.maven.apache.org/maven2/com/fasterxml/jackson/jaxrs/jackson-jaxrs-base/2.11.3/jackson-jaxrs-base-2.11.3.jar
[INFO] Downloading from central: https://repo.maven.apache.org/maven2/io/github/classgraph/classgraph/4.8.90/classgraph-4.8.90.jar
[INFO] Downloading from central: https://repo.maven.apache.org/maven2/com/sun/xml/bind/jaxb-impl/2.3.1/jaxb-impl-2.3.1.jar
[INFO] Downloading from central: https://repo.maven.apache.org/maven2/org/jetbrains/kotlin/kotlin-reflect/1.3.72/kotlin-reflect-1.3.72.jar
[INFO] Downloaded from central: https://repo.maven.apache.org/maven2/com/fasterxml/jackson/jaxrs/jackson-jaxrs-json-provider/2.11.3/jackson-jaxrs-json-provider-2.11.3.jar (15 kB at 534 kB/s)
[INFO] Downloading from central: https://repo.maven.apache.org/maven2/jakarta/json/bind/jakarta.json.bind-api/1.0.2/jakarta.json.bind-api-1.0.2.jar
[INFO] Downloaded from central: https://repo.maven.apache.org/maven2/jakarta/json/bind/jakarta.json.bind-api/1.0.2/jakarta.json.bind-api-1.0.2.jar (35 kB at 561 kB/s)
[INFO] Downloading from central: https://repo.maven.apache.org/maven2/org/graalvm/js/js/20.2.0/js-20.2.0.jar
[INFO] Downloaded from central: https://repo.maven.apache.org/maven2/com/fasterxml/jackson/jaxrs/jackson-jaxrs-base/2.11.3/jackson-jaxrs-base-2.11.3.jar (35 kB at 498 kB/s)
[INFO] Downloading from central: https://repo.maven.apache.org/maven2/org/graalvm/regex/regex/20.2.0/regex-20.2.0.jar
[INFO] Downloaded from central: https://repo.maven.apache.org/maven2/io/github/classgraph/classgraph/4.8.90/classgraph-4.8.90.jar (508 kB at 6.5 MB/s)
[INFO] Downloading from central: https://repo.maven.apache.org/maven2/org/graalvm/truffle/truffle-api/20.2.0/truffle-api-20.2.0.jar
[INFO] Downloaded from central: https://repo.maven.apache.org/maven2/com/sun/xml/bind/jaxb-impl/2.3.1/jaxb-impl-2.3.1.jar (1.1 MB at 8.4 MB/s)
[INFO] Downloading from central: https://repo.maven.apache.org/maven2/org/graalvm/sdk/graal-sdk/20.2.0/graal-sdk-20.2.0.jar
[INFO] Downloaded from central: https://repo.maven.apache.org/maven2/org/jetbrains/kotlin/kotlin-reflect/1.3.72/kotlin-reflect-1.3.72.jar (2.9 MB at 19 MB/s)
[INFO] Downloading from central: https://repo.maven.apache.org/maven2/com/ibm/icu/icu4j/67.1/icu4j-67.1.jar
[INFO] Downloaded from central: https://repo.maven.apache.org/maven2/org/graalvm/sdk/graal-sdk/20.2.0/graal-sdk-20.2.0.jar (538 kB at 2.3 MB/s)
[INFO] Downloading from central: https://repo.maven.apache.org/maven2/org/graalvm/js/js-scriptengine/20.2.0/js-scriptengine-20.2.0.jar
[INFO] Downloaded from central: https://repo.maven.apache.org/maven2/org/graalvm/regex/regex/20.2.0/regex-20.2.0.jar (2.8 MB at 10 MB/s)
[INFO] Downloading from central: https://repo.maven.apache.org/maven2/com/google/code/findbugs/annotations/3.0.1u2/annotations-3.0.1u2.jar
[INFO] Downloaded from central: https://repo.maven.apache.org/maven2/org/graalvm/truffle/truffle-api/20.2.0/truffle-api-20.2.0.jar (5.9 MB at 21 MB/s)
[INFO] Downloading from central: https://repo.maven.apache.org/maven2/com/fasterxml/jackson/datatype/jackson-datatype-jsr310/2.11.3/jackson-datatype-jsr310-2.11.3.jar
[INFO] Downloaded from central: https://repo.maven.apache.org/maven2/org/graalvm/js/js-scriptengine/20.2.0/js-scriptengine-20.2.0.jar (61 kB at 213 kB/s)
[INFO] Downloading from central: https://repo.maven.apache.org/maven2/org/glassfish/jersey/containers/jersey-container-jdk-http/2.32/jersey-container-jdk-http-2.32.jar
[INFO] Downloaded from central: https://repo.maven.apache.org/maven2/com/google/code/findbugs/annotations/3.0.1u2/annotations-3.0.1u2.jar (40 kB at 127 kB/s)
[INFO] Downloading from central: https://repo.maven.apache.org/maven2/org/glassfish/jersey/media/jersey-media-json-binding/2.32/jersey-media-json-binding-2.32.jar
[INFO] Downloaded from central: https://repo.maven.apache.org/maven2/com/fasterxml/jackson/datatype/jackson-datatype-jsr310/2.11.3/jackson-datatype-jsr310-2.11.3.jar (111 kB at 342 kB/s)
[INFO] Downloading from central: https://repo.maven.apache.org/maven2/org/glassfish/jakarta.json/1.1.6/jakarta.json-1.1.6.jar
[INFO] Downloaded from central: https://repo.maven.apache.org/maven2/org/glassfish/jersey/containers/jersey-container-jdk-http/2.32/jersey-container-jdk-http-2.32.jar (35 kB at 104 kB/s)
[INFO] Downloading from central: https://repo.maven.apache.org/maven2/org/eclipse/yasson/1.0.6/yasson-1.0.6.jar
[INFO] Downloaded from central: https://repo.maven.apache.org/maven2/org/glassfish/jersey/media/jersey-media-json-binding/2.32/jersey-media-json-binding-2.32.jar (26 kB at 72 kB/s)
[INFO] Downloading from central: https://repo.maven.apache.org/maven2/org/glassfish/jakarta.json/1.1.6/jakarta.json-1.1.6-module.jar
[INFO] Downloaded from central: https://repo.maven.apache.org/maven2/org/glassfish/jakarta.json/1.1.6/jakarta.json-1.1.6.jar (140 kB at 377 kB/s)
[INFO] Downloading from central: https://repo.maven.apache.org/maven2/jakarta/json/jakarta.json-api/1.1.6/jakarta.json-api-1.1.6.jar
[INFO] Downloaded from central: https://repo.maven.apache.org/maven2/org/eclipse/yasson/1.0.6/yasson-1.0.6.jar (351 kB at 901 kB/s)
[INFO] Downloading from central: https://repo.maven.apache.org/maven2/org/checkerframework/checker-qual/3.7.1/checker-qual-3.7.1.jar
[INFO] Downloaded from central: https://repo.maven.apache.org/maven2/org/glassfish/jakarta.json/1.1.6/jakarta.json-1.1.6-module.jar (114 kB at 274 kB/s)
[INFO] Downloaded from central: https://repo.maven.apache.org/maven2/jakarta/json/jakarta.json-api/1.1.6/jakarta.json-api-1.1.6.jar (43 kB at 104 kB/s)
[INFO] Downloading from central: https://repo.maven.apache.org/maven2/com/fasterxml/jackson/datatype/jackson-datatype-joda/2.11.3/jackson-datatype-joda-2.11.3.jar
[INFO] Downloading from central: https://repo.maven.apache.org/maven2/io/vavr/vavr-jackson/0.10.3/vavr-jackson-0.10.3.jar
[INFO] Downloaded from central: https://repo.maven.apache.org/maven2/com/ibm/icu/icu4j/67.1/icu4j-67.1.jar (13 MB at 30 MB/s)
[INFO] Downloaded from central: https://repo.maven.apache.org/maven2/io/vavr/vavr-jackson/0.10.3/vavr-jackson-0.10.3.jar (66 kB at 147 kB/s)
[INFO] Downloaded from central: https://repo.maven.apache.org/maven2/com/fasterxml/jackson/datatype/jackson-datatype-joda/2.11.3/jackson-datatype-joda-2.11.3.jar (72 kB at 160 kB/s)
[INFO] Downloaded from central: https://repo.maven.apache.org/maven2/org/graalvm/js/js/20.2.0/js-20.2.0.jar (17 MB at 36 MB/s)
[INFO] Downloaded from central: https://repo.maven.apache.org/maven2/org/checkerframework/checker-qual/3.7.1/checker-qual-3.7.1.jar (227 kB at 487 kB/s)
[INFO] 
[INFO] --- maven-clean-plugin:2.5:clean (default-clean) @ typescript-generator-core ---
[INFO] 
[INFO] --- maven-jaxb2-plugin:0.14.0:generate (generate) @ typescript-generator-core ---
[INFO] Downloading from central: https://repo.maven.apache.org/maven2/org/jvnet/jaxb2/maven2/maven-jaxb2-plugin-core/0.14.0/maven-jaxb2-plugin-core-0.14.0.pom
[INFO] Downloaded from central: https://repo.maven.apache.org/maven2/org/jvnet/jaxb2/maven2/maven-jaxb2-plugin-core/0.14.0/maven-jaxb2-plugin-core-0.14.0.pom (0 B at 0 B/s)
[INFO] Downloading from central: https://repo.maven.apache.org/maven2/org/jvnet/jaxb2/maven2/maven-jaxb23-plugin/0.14.0/maven-jaxb23-plugin-0.14.0.pom
[INFO] Downloaded from central: https://repo.maven.apache.org/maven2/org/jvnet/jaxb2/maven2/maven-jaxb23-plugin/0.14.0/maven-jaxb23-plugin-0.14.0.pom (0 B at 0 B/s)
[INFO] Downloading from central: https://repo.maven.apache.org/maven2/org/glassfish/jaxb/jaxb-xjc-jdk9/2.3.0/jaxb-xjc-jdk9-2.3.0.pom
[INFO] Downloaded from central: https://repo.maven.apache.org/maven2/org/glassfish/jaxb/jaxb-xjc-jdk9/2.3.0/jaxb-xjc-jdk9-2.3.0.pom (0 B at 0 B/s)
[INFO] Downloading from central: https://repo.maven.apache.org/maven2/org/glassfish/jaxb/jaxb-xjc/2.3.0/jaxb-xjc-2.3.0.pom
[INFO] Downloaded from central: https://repo.maven.apache.org/maven2/org/glassfish/jaxb/jaxb-xjc/2.3.0/jaxb-xjc-2.3.0.pom (0 B at 0 B/s)
[INFO] Downloading from central: https://repo.maven.apache.org/maven2/org/glassfish/jaxb/xsom/2.3.0/xsom-2.3.0.pom
[INFO] Downloaded from central: https://repo.maven.apache.org/maven2/org/glassfish/jaxb/xsom/2.3.0/xsom-2.3.0.pom (0 B at 0 B/s)
[INFO] Downloading from central: https://repo.maven.apache.org/maven2/org/glassfish/jaxb/codemodel/2.3.0/codemodel-2.3.0.pom
[INFO] Downloaded from central: https://repo.maven.apache.org/maven2/org/glassfish/jaxb/codemodel/2.3.0/codemodel-2.3.0.pom (0 B at 0 B/s)
[INFO] Downloading from central: https://repo.maven.apache.org/maven2/com/sun/xml/bind/mvn/jaxb-codemodel-parent/2.3.0/jaxb-codemodel-parent-2.3.0.pom
[INFO] Downloaded from central: https://repo.maven.apache.org/maven2/com/sun/xml/bind/mvn/jaxb-codemodel-parent/2.3.0/jaxb-codemodel-parent-2.3.0.pom (0 B at 0 B/s)
[INFO] Downloading from central: https://repo.maven.apache.org/maven2/com/sun/xml/bind/external/rngom/2.3.0/rngom-2.3.0.pom
[INFO] Downloaded from central: https://repo.maven.apache.org/maven2/com/sun/xml/bind/external/rngom/2.3.0/rngom-2.3.0.pom (0 B at 0 B/s)
[INFO] Downloading from central: https://repo.maven.apache.org/maven2/com/sun/xml/bind/mvn/jaxb-external-parent/2.3.0/jaxb-external-parent-2.3.0.pom
[INFO] Downloaded from central: https://repo.maven.apache.org/maven2/com/sun/xml/bind/mvn/jaxb-external-parent/2.3.0/jaxb-external-parent-2.3.0.pom (0 B at 0 B/s)
[INFO] Downloading from central: https://repo.maven.apache.org/maven2/com/sun/xml/dtd-parser/dtd-parser/1.2/dtd-parser-1.2.pom
[INFO] Downloaded from central: https://repo.maven.apache.org/maven2/com/sun/xml/dtd-parser/dtd-parser/1.2/dtd-parser-1.2.pom (0 B at 0 B/s)
[INFO] Downloading from central: https://repo.maven.apache.org/maven2/com/sun/istack/istack-commons-tools/3.0.5/istack-commons-tools-3.0.5.pom
[INFO] Downloaded from central: https://repo.maven.apache.org/maven2/com/sun/istack/istack-commons-tools/3.0.5/istack-commons-tools-3.0.5.pom (0 B at 0 B/s)
[INFO] Downloading from central: https://repo.maven.apache.org/maven2/org/jvnet/jaxb2/maven2/maven-jaxb2-plugin-core/0.14.0/maven-jaxb2-plugin-core-0.14.0.jar
[INFO] Downloading from central: https://repo.maven.apache.org/maven2/org/jvnet/jaxb2/maven2/maven-jaxb23-plugin/0.14.0/maven-jaxb23-plugin-0.14.0.jar
[INFO] Downloading from central: https://repo.maven.apache.org/maven2/org/glassfish/jaxb/jaxb-xjc/2.3.0/jaxb-xjc-2.3.0.jar
[INFO] Downloading from central: https://repo.maven.apache.org/maven2/com/sun/xml/dtd-parser/dtd-parser/1.2/dtd-parser-1.2.jar
[INFO] Downloading from central: https://repo.maven.apache.org/maven2/org/glassfish/jaxb/jaxb-xjc-jdk9/2.3.0/jaxb-xjc-jdk9-2.3.0.jar
[INFO] Downloaded from central: https://repo.maven.apache.org/maven2/org/jvnet/jaxb2/maven2/maven-jaxb2-plugin-core/0.14.0/maven-jaxb2-plugin-core-0.14.0.jar (0 B at 0 B/s)
[INFO] Downloading from central: https://repo.maven.apache.org/maven2/org/glassfish/jaxb/xsom/2.3.0/xsom-2.3.0.jar
[INFO] Downloaded from central: https://repo.maven.apache.org/maven2/org/glassfish/jaxb/jaxb-xjc/2.3.0/jaxb-xjc-2.3.0.jar (0 B at 0 B/s)
[INFO] Downloading from central: https://repo.maven.apache.org/maven2/org/glassfish/jaxb/codemodel/2.3.0/codemodel-2.3.0.jar
[INFO] Downloaded from central: https://repo.maven.apache.org/maven2/org/jvnet/jaxb2/maven2/maven-jaxb23-plugin/0.14.0/maven-jaxb23-plugin-0.14.0.jar (0 B at 0 B/s)
[INFO] Downloading from central: https://repo.maven.apache.org/maven2/com/sun/xml/bind/external/rngom/2.3.0/rngom-2.3.0.jar
[INFO] Downloaded from central: https://repo.maven.apache.org/maven2/com/sun/xml/dtd-parser/dtd-parser/1.2/dtd-parser-1.2.jar (0 B at 0 B/s)
[INFO] Downloading from central: https://repo.maven.apache.org/maven2/com/sun/istack/istack-commons-tools/3.0.5/istack-commons-tools-3.0.5.jar
[INFO] Downloaded from central: https://repo.maven.apache.org/maven2/org/glassfish/jaxb/jaxb-xjc-jdk9/2.3.0/jaxb-xjc-jdk9-2.3.0.jar (0 B at 0 B/s)
[INFO] Downloaded from central: https://repo.maven.apache.org/maven2/org/glassfish/jaxb/xsom/2.3.0/xsom-2.3.0.jar (0 B at 0 B/s)
[INFO] Downloaded from central: https://repo.maven.apache.org/maven2/org/glassfish/jaxb/codemodel/2.3.0/codemodel-2.3.0.jar (0 B at 0 B/s)
[INFO] Downloaded from central: https://repo.maven.apache.org/maven2/com/sun/istack/istack-commons-tools/3.0.5/istack-commons-tools-3.0.5.jar (0 B at 0 B/s)
[INFO] Downloaded from central: https://repo.maven.apache.org/maven2/com/sun/xml/bind/external/rngom/2.3.0/rngom-2.3.0.jar (0 B at 0 B/s)
[INFO] Sources are not up-to-date, XJC will be executed.
[INFO] Episode file [/home/srafi/after-cam-ready/compare_/compile_repair_output/work/a3243ba0fbc2/typescript-generator-core/target/generated-sources/xjc/META-INF/sun-jaxb.episode] was augmented with if-exists="true" attributes.
[INFO] 
[INFO] --- maven-resources-plugin:2.6:resources (default-resources) @ typescript-generator-core ---
[INFO] Using 'UTF-8' encoding to copy filtered resources.
[INFO] Copying 8 resources
[INFO] Copying 1 resource
[INFO] 
[INFO] --- maven-compiler-plugin:3.8.1:compile (default-compile) @ typescript-generator-core ---
[INFO] Changes detected - recompiling the module!
[INFO] Compiling 158 source files to /home/srafi/after-cam-ready/compare_/compile_repair_output/work/a3243ba0fbc2/typescript-generator-core/target/classes
[INFO] 
[INFO] --- maven-resources-plugin:2.6:testResources (default-testResources) @ typescript-generator-core ---
[INFO] Using 'UTF-8' encoding to copy filtered resources.
[INFO] Copying 10 resources
[INFO] 
[INFO] --- maven-compiler-plugin:3.8.1:testCompile (default-testCompile) @ typescript-generator-core ---
[INFO] Changes detected - recompiling the module!
[INFO] Compiling 78 source files to /home/srafi/after-cam-ready/compare_/compile_repair_output/work/a3243ba0fbc2/typescript-generator-core/target/test-classes
[WARNING] /home/srafi/after-cam-ready/compare_/compile_repair_output/work/a3243ba0fbc2/typescript-generator-core/src/test/java/cz/habarta/typescript/generator/library/JodaTest.java:[16,21] org.joda.time.DateMidnight in org.joda.time has been deprecated
[WARNING] No processor claimed any of these annotations: com.fasterxml.jackson.annotation.JsonProperty,cz.habarta.typescript.generator.InputTest.MyJsonClass,javax.ws.rs.Produces,javax.ws.rs.Path,cz.habarta.typescript.generator.IncludeExcludePropertyTest.MyExclude,javax.xml.bind.annotation.XmlElementRef,org.codehaus.jackson.annotate.JacksonAnnotation,io.swagger.annotations.ApiOperation,javax.ws.rs.QueryParam,javax.ws.rs.Consumes,com.fasterxml.jackson.annotation.JsonValue,javax.ws.rs.HeaderParam,javax.json.bind.annotation.JsonbCreator,javax.ws.rs.core.Context,cz.habarta.typescript.generator.OptionalAnnotationTest.TypescriptOptional,javax.xml.bind.annotation.XmlTransient,com.fasterxml.jackson.annotation.JsonFormat,com.google.gson.annotations.SerializedName,javax.ws.rs.container.Suspended,javax.ws.rs.BeanParam,com.fasterxml.jackson.annotation.JsonIdentityReference,com.fasterxml.jackson.annotation.JsonTypeInfo,javax.ws.rs.MatrixParam,cz.habarta.typescript.generator.ext.PropertyPolymorphismExtensionTest.Marker,com.fasterxml.jackson.annotation.JsonUnwrapped,cz.habarta.typescript.generator.OptionalAnnotationTest.Nullable,io.swagger.annotations.ApiModel,cz.habarta.typescript.generator.OptionalAnnotationTest.MarkerAnnotation,com.fasterxml.jackson.databind.annotation.JsonDeserialize,cz.habarta.typescript.generator.ext.PropertyPolymorphismExtensionTest.PropertyName,io.swagger.annotations.ApiModelProperty,com.fasterxml.jackson.annotation.JsonIgnoreProperties,cz.habarta.typescript.generator.parser.JsonbParserTest.RequiredAnnotation,javax.ws.rs.PathParam,com.fasterxml.jackson.annotation.JsonPropertyOrder,javax.ws.rs.GET,org.junit.runner.RunWith,org.junit.runners.Parameterized.Parameters,io.swagger.annotations.ApiResponses,com.fasterxml.jackson.annotation.JsonTypeName,com.fasterxml.jackson.databind.annotation.JsonSerialize,com.fasterxml.jackson.annotation.JsonIgnore,org.codehaus.jackson.annotate.JsonProperty,com.fasterxml.jackson.annotation.JsonClassDescription,javax.ws.rs.CookieParam,io.swagger.annotations.Api,javax.annotation.Nullable,org.junit.Before,javax.ws.rs.FormParam,java.lang.SafeVarargs,com.fasterxml.jackson.annotation.JsonSubTypes,javax.ws.rs.POST,com.fasterxml.jackson.annotation.JsonIdentityInfo,com.fasterxml.jackson.annotation.JsonPropertyDescription,javax.ws.rs.ApplicationPath,org.junit.Test,org.immutables.value.Value.Immutable,javax.xml.bind.annotation.XmlRootElement,javax.json.bind.annotation.JsonbProperty,cz.habarta.typescript.generator.IncludeExcludePropertyTest.MyInclude,com.fasterxml.jackson.annotation.JsonCreator,javax.ws.rs.PUT,cz.habarta.typescript.generator.NumberEnumTest.SomeNonConstAnnotation,javax.xml.bind.annotation.XmlElement
[WARNING] /home/srafi/after-cam-ready/compare_/compile_repair_output/work/a3243ba0fbc2/typescript-generator-core/src/test/java/cz/habarta/typescript/generator/library/JodaTest.java:[16,21] org.joda.time.DateMidnight in org.joda.time has been deprecated
[WARNING] No processor claimed any of these annotations: com.fasterxml.jackson.annotation.JsonProperty,org.immutables.value.Generated,com.google.errorprone.annotations.CanIgnoreReturnValue,com.fasterxml.jackson.annotation.JsonAutoDetect,javax.annotation.ParametersAreNonnullByDefault,javax.annotation.CheckReturnValue,javax.annotation.Generated,com.fasterxml.jackson.annotation.JsonTypeInfo,com.fasterxml.jackson.annotation.JsonCreator,javax.annotation.concurrent.Immutable,com.fasterxml.jackson.databind.annotation.JsonDeserialize,edu.umd.cs.findbugs.annotations.SuppressFBWarnings,javax.annotation.Nullable,javax.annotation.concurrent.NotThreadSafe
[WARNING] /home/srafi/after-cam-ready/compare_/compile_repair_output/work/a3243ba0fbc2/typescript-generator-core/src/test/java/cz/habarta/typescript/generator/library/JodaTest.java:[16,21] org.joda.time.DateMidnight in org.joda.time has been deprecated
[WARNING] /home/srafi/after-cam-ready/compare_/compile_repair_output/work/a3243ba0fbc2/typescript-generator-core/src/test/java/cz/habarta/typescript/generator/library/JodaTest.java:[16,21] org.joda.time.DateMidnight in org.joda.time has been deprecated
[WARNING] /home/srafi/after-cam-ready/compare_/compile_repair_output/work/a3243ba0fbc2/typescript-generator-core/src/test/java/cz/habarta/typescript/generator/GenericsResolverTest.java:[155,16] found raw type: java.util.Map
  missing type arguments for generic class java.util.Map<K,V>
[WARNING] /home/srafi/after-cam-ready/compare_/compile_repair_output/work/a3243ba0fbc2/typescript-generator-core/src/test/java/cz/habarta/typescript/generator/GenericsResolverTest.java:[156,16] found raw type: cz.habarta.typescript.generator.GenericsResolverTest.StringKeyMap
  missing type arguments for generic class cz.habarta.typescript.generator.GenericsResolverTest.StringKeyMap<T>
[WARNING] /home/srafi/after-cam-ready/compare_/compile_repair_output/work/a3243ba0fbc2/typescript-generator-core/target/generated-test-sources/test-annotations/cz/habarta/typescript/generator/ImmutableRectangle.java:[172,12] redundant cast to cz.habarta.typescript.generator.ImmutableRectangle
[WARNING] /home/srafi/after-cam-ready/compare_/compile_repair_output/work/a3243ba0fbc2/typescript-generator-core/target/generated-test-sources/test-annotations/cz/habarta/typescript/generator/ImmutableCircle.java:[135,12] redundant cast to cz.habarta.typescript.generator.ImmutableCircle
[WARNING] /home/srafi/after-cam-ready/compare_/compile_repair_output/work/a3243ba0fbc2/typescript-generator-core/src/test/java/cz/habarta/typescript/generator/library/JodaTest.java:[132,12] org.joda.time.DateMidnight in org.joda.time has been deprecated
[WARNING] /home/srafi/after-cam-ready/compare_/compile_repair_output/work/a3243ba0fbc2/typescript-generator-core/src/test/java/cz/habarta/typescript/generator/library/JodaTest.java:[132,40] org.joda.time.DateMidnight in org.joda.time has been deprecated
[WARNING] /home/srafi/after-cam-ready/compare_/compile_repair_output/work/a3243ba0fbc2/typescript-generator-core/src/test/java/cz/habarta/typescript/generator/MapExtensionTest.java:[34,16] found raw type: cz.habarta.typescript.generator.MapExtensionTest.MapExtension
  missing type arguments for generic class cz.habarta.typescript.generator.MapExtensionTest.MapExtension<T>
[WARNING] /home/srafi/after-cam-ready/compare_/compile_repair_output/work/a3243ba0fbc2/typescript-generator-core/src/test/java/cz/habarta/typescript/generator/MapExtensionTest.java:[41,19] serializable class cz.habarta.typescript.generator.MapExtensionTest.MapExtension has no definition of serialVersionUID
[INFO] 
[INFO] --- kotlin-maven-plugin:1.3.72:test-compile (test-compile) @ typescript-generator-core ---
[INFO] Downloading from central: https://repo.maven.apache.org/maven2/org/jetbrains/kotlin/kotlin-compiler/1.3.72/kotlin-compiler-1.3.72.pom
[INFO] Downloaded from central: https://repo.maven.apache.org/maven2/org/jetbrains/kotlin/kotlin-compiler/1.3.72/kotlin-compiler-1.3.72.pom (2.3 kB at 73 kB/s)
[INFO] Downloading from central: https://repo.maven.apache.org/maven2/org/jetbrains/kotlin/kotlin-script-runtime/1.3.72/kotlin-script-runtime-1.3.72.pom
[INFO] Downloaded from central: https://repo.maven.apache.org/maven2/org/jetbrains/kotlin/kotlin-script-runtime/1.3.72/kotlin-script-runtime-1.3.72.pom (1.2 kB at 42 kB/s)
[INFO] Downloading from central: https://repo.maven.apache.org/maven2/org/jetbrains/kotlin/kotlin-scripting-compiler/1.3.72/kotlin-scripting-compiler-1.3.72.pom
[INFO] Downloaded from central: https://repo.maven.apache.org/maven2/org/jetbrains/kotlin/kotlin-scripting-compiler/1.3.72/kotlin-scripting-compiler-1.3.72.pom (2.4 kB at 75 kB/s)
[INFO] Downloading from central: https://repo.maven.apache.org/maven2/org/jetbrains/kotlin/kotlin-scripting-common/1.3.72/kotlin-scripting-common-1.3.72.pom
[INFO] Downloaded from central: https://repo.maven.apache.org/maven2/org/jetbrains/kotlin/kotlin-scripting-common/1.3.72/kotlin-scripting-common-1.3.72.pom (1.7 kB at 54 kB/s)
[INFO] Downloading from central: https://repo.maven.apache.org/maven2/org/jetbrains/kotlin/kotlin-scripting-js/1.3.72/kotlin-scripting-js-1.3.72.pom
[INFO] Downloaded from central: https://repo.maven.apache.org/maven2/org/jetbrains/kotlin/kotlin-scripting-js/1.3.72/kotlin-scripting-js-1.3.72.pom (1.4 kB at 37 kB/s)
[INFO] Downloading from central: https://repo.maven.apache.org/maven2/org/jetbrains/kotlin/kotlin-util-klib/1.3.72/kotlin-util-klib-1.3.72.pom
[INFO] Downloaded from central: https://repo.maven.apache.org/maven2/org/jetbrains/kotlin/kotlin-util-klib/1.3.72/kotlin-util-klib-1.3.72.pom (1.6 kB at 47 kB/s)
[INFO] Downloading from central: https://repo.maven.apache.org/maven2/org/jetbrains/kotlin/kotlin-util-io/1.3.72/kotlin-util-io-1.3.72.pom
[INFO] Downloaded from central: https://repo.maven.apache.org/maven2/org/jetbrains/kotlin/kotlin-util-io/1.3.72/kotlin-util-io-1.3.72.pom (1.4 kB at 38 kB/s)
[INFO] Downloading from central: https://repo.maven.apache.org/maven2/org/jetbrains/kotlin/kotlin-scripting-jvm/1.3.72/kotlin-scripting-jvm-1.3.72.pom
[INFO] Downloaded from central: https://repo.maven.apache.org/maven2/org/jetbrains/kotlin/kotlin-scripting-jvm/1.3.72/kotlin-scripting-jvm-1.3.72.pom (1.8 kB at 54 kB/s)
[INFO] Downloading from central: https://repo.maven.apache.org/maven2/org/jetbrains/kotlin/kotlin-scripting-compiler-impl/1.3.72/kotlin-scripting-compiler-impl-1.3.72.pom
[INFO] Downloaded from central: https://repo.maven.apache.org/maven2/org/jetbrains/kotlin/kotlin-scripting-compiler-impl/1.3.72/kotlin-scripting-compiler-impl-1.3.72.pom (2.4 kB at 58 kB/s)
[INFO] Downloading from central: https://repo.maven.apache.org/maven2/org/jetbrains/kotlin/kotlin-compiler/1.3.72/kotlin-compiler-1.3.72.jar
[INFO] Downloading from central: https://repo.maven.apache.org/maven2/org/jetbrains/kotlin/kotlin-script-runtime/1.3.72/kotlin-script-runtime-1.3.72.jar
[INFO] Downloading from central: https://repo.maven.apache.org/maven2/org/jetbrains/kotlin/kotlin-scripting-compiler/1.3.72/kotlin-scripting-compiler-1.3.72.jar
[INFO] Downloading from central: https://repo.maven.apache.org/maven2/org/jetbrains/kotlin/kotlin-scripting-common/1.3.72/kotlin-scripting-common-1.3.72.jar
[INFO] Downloading from central: https://repo.maven.apache.org/maven2/org/jetbrains/kotlin/kotlin-scripting-js/1.3.72/kotlin-scripting-js-1.3.72.jar
[INFO] Downloaded from central: https://repo.maven.apache.org/maven2/org/jetbrains/kotlin/kotlin-scripting-js/1.3.72/kotlin-scripting-js-1.3.72.jar (10.0 kB at 312 kB/s)
[INFO] Downloading from central: https://repo.maven.apache.org/maven2/org/jetbrains/kotlin/kotlin-util-klib/1.3.72/kotlin-util-klib-1.3.72.jar
[INFO] Downloaded from central: https://repo.maven.apache.org/maven2/org/jetbrains/kotlin/kotlin-scripting-common/1.3.72/kotlin-scripting-common-1.3.72.jar (173 kB at 4.5 MB/s)
[INFO] Downloading from central: https://repo.maven.apache.org/maven2/org/jetbrains/kotlin/kotlin-util-io/1.3.72/kotlin-util-io-1.3.72.jar
[INFO] Downloaded from central: https://repo.maven.apache.org/maven2/org/jetbrains/kotlin/kotlin-script-runtime/1.3.72/kotlin-script-runtime-1.3.72.jar (42 kB at 1.1 MB/s)
[INFO] Downloading from central: https://repo.maven.apache.org/maven2/org/jetbrains/kotlin/kotlin-scripting-jvm/1.3.72/kotlin-scripting-jvm-1.3.72.jar
[INFO] Downloaded from central: https://repo.maven.apache.org/maven2/org/jetbrains/kotlin/kotlin-scripting-compiler/1.3.72/kotlin-scripting-compiler-1.3.72.jar (336 kB at 7.5 MB/s)
[INFO] Downloading from central: https://repo.maven.apache.org/maven2/org/jetbrains/kotlin/kotlin-scripting-compiler-impl/1.3.72/kotlin-scripting-compiler-impl-1.3.72.jar
[INFO] Downloaded from central: https://repo.maven.apache.org/maven2/org/jetbrains/kotlin/kotlin-util-klib/1.3.72/kotlin-util-klib-1.3.72.jar (202 kB at 3.0 MB/s)
[INFO] Downloaded from central: https://repo.maven.apache.org/maven2/org/jetbrains/kotlin/kotlin-util-io/1.3.72/kotlin-util-io-1.3.72.jar (51 kB at 644 kB/s)
[INFO] Downloaded from central: https://repo.maven.apache.org/maven2/org/jetbrains/kotlin/kotlin-scripting-jvm/1.3.72/kotlin-scripting-jvm-1.3.72.jar (175 kB at 2.1 MB/s)
[INFO] Downloaded from central: https://repo.maven.apache.org/maven2/org/jetbrains/kotlin/kotlin-scripting-compiler-impl/1.3.72/kotlin-scripting-compiler-impl-1.3.72.jar (307 kB at 3.3 MB/s)
[INFO] Downloaded from central: https://repo.maven.apache.org/maven2/org/jetbrains/kotlin/kotlin-compiler/1.3.72/kotlin-compiler-1.3.72.jar (42 MB at 96 MB/s)
[INFO] 
[INFO] --- maven-surefire-plugin:3.0.0-M8-SNAPSHOT:test (default-test) @ typescript-generator-core ---
[INFO] Downloading from apache.snapshots: https://repository.apache.org/snapshots/org/apache/maven/surefire/maven-surefire-common/3.0.0-M8-SNAPSHOT/maven-metadata.xml
[INFO] Downloading from apache.snapshots: https://repository.apache.org/snapshots/org/apache/maven/surefire/surefire-api/3.0.0-M8-SNAPSHOT/maven-metadata.xml
[INFO] Downloading from apache.snapshots: https://repository.apache.org/snapshots/org/apache/maven/surefire/surefire-logger-api/3.0.0-M8-SNAPSHOT/maven-metadata.xml
[INFO] Downloading from apache.snapshots: https://repository.apache.org/snapshots/org/apache/maven/surefire/surefire-shared-utils/3.0.0-M8-SNAPSHOT/maven-metadata.xml
[INFO] Downloading from apache.snapshots: https://repository.apache.org/snapshots/org/apache/maven/surefire/surefire-extensions-api/3.0.0-M8-SNAPSHOT/maven-metadata.xml
[INFO] Downloading from apache.snapshots: https://repository.apache.org/snapshots/org/apache/maven/surefire/surefire-booter/3.0.0-M8-SNAPSHOT/maven-metadata.xml
[INFO] Downloading from apache.snapshots: https://repository.apache.org/snapshots/org/apache/maven/surefire/surefire-extensions-spi/3.0.0-M8-SNAPSHOT/maven-metadata.xml
[INFO] Tests are skipped.
[INFO] 
[INFO] --- maven-jar-plugin:3.2.0:jar (default-jar) @ typescript-generator-core ---
[INFO] Building jar: /home/srafi/after-cam-ready/compare_/compile_repair_output/work/a3243ba0fbc2/typescript-generator-core/target/typescript-generator-core-2.27-SNAPSHOT.jar
[INFO] 
[INFO] --- maven-jar-plugin:3.2.0:test-jar (default) @ typescript-generator-core ---
[INFO] Building jar: /home/srafi/after-cam-ready/compare_/compile_repair_output/work/a3243ba0fbc2/typescript-generator-core/target/typescript-generator-core-2.27-SNAPSHOT-tests.jar
[INFO] 
[INFO] --- maven-checkstyle-plugin:3.1.1:check (check) @ typescript-generator-core ---
[INFO] 
[INFO] --- maven-install-plugin:2.4:install (default-install) @ typescript-generator-core ---
[INFO] Installing /home/srafi/after-cam-ready/compare_/compile_repair_output/work/a3243ba0fbc2/typescript-generator-core/target/typescript-generator-core-2.27-SNAPSHOT.jar to /home/srafi/.m2/repository/cz/habarta/typescript-generator/typescript-generator-core/2.27-SNAPSHOT/typescript-generator-core-2.27-SNAPSHOT.jar
[INFO] Installing /home/srafi/after-cam-ready/compare_/compile_repair_output/work/a3243ba0fbc2/typescript-generator-core/pom.xml to /home/srafi/.m2/repository/cz/habarta/typescript-generator/typescript-generator-core/2.27-SNAPSHOT/typescript-generator-core-2.27-SNAPSHOT.pom
[INFO] Installing /home/srafi/after-cam-ready/compare_/compile_repair_output/work/a3243ba0fbc2/typescript-generator-core/target/typescript-generator-core-2.27-SNAPSHOT-tests.jar to /home/srafi/.m2/repository/cz/habarta/typescript-generator/typescript-generator-core/2.27-SNAPSHOT/typescript-generator-core-2.27-SNAPSHOT-tests.jar
[INFO] ------------------------------------------------------------------------
[INFO] Reactor Summary for typescript-generator 2.27-SNAPSHOT:
[INFO] 
[INFO] typescript-generator ............................... SUCCESS [  0.108 s]
[INFO] typescript-generator-core .......................... SUCCESS [ 11.498 s]
[INFO] ------------------------------------------------------------------------
[INFO] BUILD SUCCESS
[INFO] ------------------------------------------------------------------------
[INFO] Total time:  12.406 s
[INFO] Finished at: 2026-08-15T17:08:46-04:00
[INFO] ------------------------------------------------------------------------
