JAVA_HOME=/usr/lib/jvm/java-8-openjdk-amd64
COMMAND=mvn -B clean install -DskipTests -U -pl gremlin-core -am -Ddependency-check.skip=true -Dgpg.skip=true -DfailIfNoTests=false -Dskip.installnodenpm=true -Dskip.npm=true -Dskip.yarn=true -Dlicense.skip=true -Dcheckstyle.skip=true -Drat.skip=true -Denforcer.skip=true -Danimal.sniffer.skip=true -Dmaven.javadoc.skip=true -Dfindbugs.skip=true -Dspotbugs.skip=true -Dwarbucks.skip=true -Dmodernizer.skip=true -Dimpsort.skip=true -Dmdep.analyze.skip=true -Dpgpverify.skip=true -Dxml.skip=true -Dcobertura.skip=true

[INFO] Scanning for projects...
Warning: KebabPizza disabling incompatible org.apache.maven.plugins:maven-enforcer-plugin from tinkerpop
Warning: KebabPizza disabling incompatible org.apache.rat:apache-rat-plugin from tinkerpop
Warning: KebabPizza disabling incompatible org.apache.maven.plugins:maven-enforcer-plugin from gremlin-language
Warning: KebabPizza disabling incompatible org.apache.rat:apache-rat-plugin from gremlin-language
Warning: KebabPizza disabling incompatible org.apache.maven.plugins:maven-enforcer-plugin from gremlin-shaded
Warning: KebabPizza disabling incompatible org.apache.rat:apache-rat-plugin from gremlin-shaded
Warning: KebabPizza disabling incompatible org.apache.maven.plugins:maven-enforcer-plugin from gremlin-core
Warning: KebabPizza disabling incompatible org.apache.rat:apache-rat-plugin from gremlin-core
[INFO] ------------------------------------------------------------------------
[INFO] Reactor Build Order:
[INFO] 
[INFO] Apache TinkerPop                                                   [pom]
[INFO] Apache TinkerPop :: Gremlin Language                               [jar]
[INFO] Apache TinkerPop :: Gremlin Shaded                                 [jar]
[INFO] Apache TinkerPop :: Gremlin Core                                   [jar]
[INFO] 
[INFO] -------------------< org.apache.tinkerpop:tinkerpop >-------------------
[INFO] Building Apache TinkerPop 4.0.0-SNAPSHOT                           [1/4]
[INFO] --------------------------------[ pom ]---------------------------------
[INFO] 
[INFO] --- maven-clean-plugin:3.1.0:clean (default-clean) @ tinkerpop ---
[INFO] 
[INFO] --- build-helper-maven-plugin:3.2.0:regex-property (build-helper-regex-is-snapshot-used) @ tinkerpop ---
[INFO] 
[INFO] --- build-helper-maven-plugin:3.2.0:regex-property (build-helper-regex-is-prerelease-version) @ tinkerpop ---
[INFO] 
[INFO] --- build-helper-maven-plugin:3.2.0:regex-property (build-helper-regex-is-prerelease-version2) @ tinkerpop ---
[INFO] No match to regex '4.0.0-SNAPSHOT' found in 'true'. The initial value 'true' is left as-is...
[INFO] 
[INFO] --- build-helper-maven-plugin:3.2.0:regex-property (build-helper-regex-set-docker-version-tag) @ tinkerpop ---
[INFO] 
[INFO] --- build-helper-maven-plugin:3.2.0:regex-property (build-helper-regex-set-docker-latest-tag) @ tinkerpop ---
[INFO] 
[INFO] --- build-helper-maven-plugin:3.2.0:parse-version (parse-version) @ tinkerpop ---
[INFO] 
[INFO] --- buildnumber-maven-plugin:3.2.0:create (default) @ tinkerpop ---
[INFO] Downloading from central: https://repo.maven.apache.org/maven2/org/apache/maven/scm/maven-scm-api/2.0.1/maven-scm-api-2.0.1.pom
[INFO] Downloaded from central: https://repo.maven.apache.org/maven2/org/apache/maven/scm/maven-scm-api/2.0.1/maven-scm-api-2.0.1.pom (2.1 kB at 8.3 kB/s)
[INFO] Downloading from central: https://repo.maven.apache.org/maven2/org/apache/maven/scm/maven-scm/2.0.1/maven-scm-2.0.1.pom
[INFO] Downloaded from central: https://repo.maven.apache.org/maven2/org/apache/maven/scm/maven-scm/2.0.1/maven-scm-2.0.1.pom (21 kB at 582 kB/s)
[INFO] Downloading from central: https://repo.maven.apache.org/maven2/org/apache/maven/scm/maven-scm-manager-plexus/2.0.1/maven-scm-manager-plexus-2.0.1.pom
[INFO] Downloaded from central: https://repo.maven.apache.org/maven2/org/apache/maven/scm/maven-scm-manager-plexus/2.0.1/maven-scm-manager-plexus-2.0.1.pom (1.8 kB at 45 kB/s)
[INFO] Downloading from central: https://repo.maven.apache.org/maven2/org/apache/maven/scm/maven-scm-managers/2.0.1/maven-scm-managers-2.0.1.pom
[INFO] Downloaded from central: https://repo.maven.apache.org/maven2/org/apache/maven/scm/maven-scm-managers/2.0.1/maven-scm-managers-2.0.1.pom (1.5 kB at 47 kB/s)
[INFO] Downloading from central: https://repo.maven.apache.org/maven2/org/apache/maven/scm/maven-scm-provider-svnexe/2.0.1/maven-scm-provider-svnexe-2.0.1.pom
[INFO] Downloaded from central: https://repo.maven.apache.org/maven2/org/apache/maven/scm/maven-scm-provider-svnexe/2.0.1/maven-scm-provider-svnexe-2.0.1.pom (2.5 kB at 75 kB/s)
[INFO] Downloading from central: https://repo.maven.apache.org/maven2/org/apache/maven/scm/maven-scm-providers-svn/2.0.1/maven-scm-providers-svn-2.0.1.pom
[INFO] Downloaded from central: https://repo.maven.apache.org/maven2/org/apache/maven/scm/maven-scm-providers-svn/2.0.1/maven-scm-providers-svn-2.0.1.pom (2.1 kB at 71 kB/s)
[INFO] Downloading from central: https://repo.maven.apache.org/maven2/org/apache/maven/scm/maven-scm-providers/2.0.1/maven-scm-providers-2.0.1.pom
[INFO] Downloaded from central: https://repo.maven.apache.org/maven2/org/apache/maven/scm/maven-scm-providers/2.0.1/maven-scm-providers-2.0.1.pom (3.4 kB at 92 kB/s)
[INFO] Downloading from central: https://repo.maven.apache.org/maven2/org/apache/maven/scm/maven-scm-provider-svn-commons/2.0.1/maven-scm-provider-svn-commons-2.0.1.pom
[INFO] Downloaded from central: https://repo.maven.apache.org/maven2/org/apache/maven/scm/maven-scm-provider-svn-commons/2.0.1/maven-scm-provider-svn-commons-2.0.1.pom (3.2 kB at 92 kB/s)
[INFO] Downloading from central: https://repo.maven.apache.org/maven2/org/apache/maven/scm/maven-scm-provider-gitexe/2.0.1/maven-scm-provider-gitexe-2.0.1.pom
[INFO] Downloaded from central: https://repo.maven.apache.org/maven2/org/apache/maven/scm/maven-scm-provider-gitexe/2.0.1/maven-scm-provider-gitexe-2.0.1.pom (2.6 kB at 80 kB/s)
[INFO] Downloading from central: https://repo.maven.apache.org/maven2/org/apache/maven/scm/maven-scm-providers-git/2.0.1/maven-scm-providers-git-2.0.1.pom
[INFO] Downloaded from central: https://repo.maven.apache.org/maven2/org/apache/maven/scm/maven-scm-providers-git/2.0.1/maven-scm-providers-git-2.0.1.pom (2.1 kB at 54 kB/s)
[INFO] Downloading from central: https://repo.maven.apache.org/maven2/org/apache/maven/scm/maven-scm-provider-git-commons/2.0.1/maven-scm-provider-git-commons-2.0.1.pom
[INFO] Downloaded from central: https://repo.maven.apache.org/maven2/org/apache/maven/scm/maven-scm-provider-git-commons/2.0.1/maven-scm-provider-git-commons-2.0.1.pom (3.1 kB at 102 kB/s)
[INFO] Downloading from central: https://repo.maven.apache.org/maven2/org/apache/maven/scm/maven-scm-provider-hg/2.0.1/maven-scm-provider-hg-2.0.1.pom
[INFO] Downloaded from central: https://repo.maven.apache.org/maven2/org/apache/maven/scm/maven-scm-provider-hg/2.0.1/maven-scm-provider-hg-2.0.1.pom (2.8 kB at 91 kB/s)
[INFO] Downloading from central: https://repo.maven.apache.org/maven2/com/google/code/maven-scm-provider-svnjava/maven-scm-provider-svnjava/2.3.0/maven-scm-provider-svnjava-2.3.0.pom
[INFO] Downloaded from central: https://repo.maven.apache.org/maven2/com/google/code/maven-scm-provider-svnjava/maven-scm-provider-svnjava/2.3.0/maven-scm-provider-svnjava-2.3.0.pom (9.7 kB at 230 kB/s)
[INFO] Downloading from central: https://repo.maven.apache.org/maven2/org/apache/maven/scm/maven-scm-provider-svn-commons/2.0.0-M3/maven-scm-provider-svn-commons-2.0.0-M3.pom
[INFO] Downloaded from central: https://repo.maven.apache.org/maven2/org/apache/maven/scm/maven-scm-provider-svn-commons/2.0.0-M3/maven-scm-provider-svn-commons-2.0.0-M3.pom (3.4 kB at 99 kB/s)
[INFO] Downloading from central: https://repo.maven.apache.org/maven2/org/apache/maven/scm/maven-scm-providers-svn/2.0.0-M3/maven-scm-providers-svn-2.0.0-M3.pom
[INFO] Downloaded from central: https://repo.maven.apache.org/maven2/org/apache/maven/scm/maven-scm-providers-svn/2.0.0-M3/maven-scm-providers-svn-2.0.0-M3.pom (2.2 kB at 72 kB/s)
[INFO] Downloading from central: https://repo.maven.apache.org/maven2/org/apache/maven/scm/maven-scm-providers/2.0.0-M3/maven-scm-providers-2.0.0-M3.pom
[INFO] Downloaded from central: https://repo.maven.apache.org/maven2/org/apache/maven/scm/maven-scm-providers/2.0.0-M3/maven-scm-providers-2.0.0-M3.pom (3.5 kB at 121 kB/s)
[INFO] Downloading from central: https://repo.maven.apache.org/maven2/org/apache/maven/scm/maven-scm/2.0.0-M3/maven-scm-2.0.0-M3.pom
[INFO] Downloaded from central: https://repo.maven.apache.org/maven2/org/apache/maven/scm/maven-scm/2.0.0-M3/maven-scm-2.0.0-M3.pom (22 kB at 585 kB/s)
[INFO] Downloading from central: https://repo.maven.apache.org/maven2/org/apache/maven/scm/maven-scm-api/2.0.0-M3/maven-scm-api-2.0.0-M3.pom
[INFO] Downloaded from central: https://repo.maven.apache.org/maven2/org/apache/maven/scm/maven-scm-api/2.0.0-M3/maven-scm-api-2.0.0-M3.pom (2.0 kB at 65 kB/s)
[INFO] Downloading from central: https://repo.maven.apache.org/maven2/org/tmatesoft/svnkit/svnkit/1.10.11/svnkit-1.10.11.pom
[INFO] Downloaded from central: https://repo.maven.apache.org/maven2/org/tmatesoft/svnkit/svnkit/1.10.11/svnkit-1.10.11.pom (3.8 kB at 103 kB/s)
[INFO] Downloading from central: https://repo.maven.apache.org/maven2/org/apache/sshd/sshd-core/2.9.2/sshd-core-2.9.2.pom
[INFO] Downloaded from central: https://repo.maven.apache.org/maven2/org/apache/sshd/sshd-core/2.9.2/sshd-core-2.9.2.pom (12 kB at 395 kB/s)
[INFO] Downloading from central: https://repo.maven.apache.org/maven2/org/apache/sshd/sshd/2.9.2/sshd-2.9.2.pom
[INFO] Downloaded from central: https://repo.maven.apache.org/maven2/org/apache/sshd/sshd/2.9.2/sshd-2.9.2.pom (77 kB at 2.0 MB/s)
[INFO] Downloading from central: https://repo.maven.apache.org/maven2/org/apache/sshd/sshd-common/2.9.2/sshd-common-2.9.2.pom
[INFO] Downloaded from central: https://repo.maven.apache.org/maven2/org/apache/sshd/sshd-common/2.9.2/sshd-common-2.9.2.pom (4.7 kB at 147 kB/s)
[INFO] Downloading from central: https://repo.maven.apache.org/maven2/org/tmatesoft/sqljet/sqljet/1.1.15/sqljet-1.1.15.pom
[INFO] Downloaded from central: https://repo.maven.apache.org/maven2/org/tmatesoft/sqljet/sqljet/1.1.15/sqljet-1.1.15.pom (2.8 kB at 86 kB/s)
[INFO] Downloading from central: https://repo.maven.apache.org/maven2/com/jcraft/jsch.agentproxy.svnkit-trilead-ssh2/0.0.9/jsch.agentproxy.svnkit-trilead-ssh2-0.0.9.pom
[INFO] Downloaded from central: https://repo.maven.apache.org/maven2/com/jcraft/jsch.agentproxy.svnkit-trilead-ssh2/0.0.9/jsch.agentproxy.svnkit-trilead-ssh2-0.0.9.pom (1.1 kB at 32 kB/s)
[INFO] Downloading from central: https://repo.maven.apache.org/maven2/org/apache/maven/scm/maven-scm-api/2.0.1/maven-scm-api-2.0.1.jar
[INFO] Downloading from central: https://repo.maven.apache.org/maven2/org/apache/maven/scm/maven-scm-provider-svnexe/2.0.1/maven-scm-provider-svnexe-2.0.1.jar
[INFO] Downloading from central: https://repo.maven.apache.org/maven2/org/apache/maven/scm/maven-scm-manager-plexus/2.0.1/maven-scm-manager-plexus-2.0.1.jar
[INFO] Downloading from central: https://repo.maven.apache.org/maven2/org/apache/maven/scm/maven-scm-provider-git-commons/2.0.1/maven-scm-provider-git-commons-2.0.1.jar
[INFO] Downloading from central: https://repo.maven.apache.org/maven2/org/apache/maven/scm/maven-scm-provider-gitexe/2.0.1/maven-scm-provider-gitexe-2.0.1.jar
[INFO] Downloaded from central: https://repo.maven.apache.org/maven2/org/apache/maven/scm/maven-scm-provider-svnexe/2.0.1/maven-scm-provider-svnexe-2.0.1.jar (84 kB at 2.3 MB/s)
[INFO] Downloading from central: https://repo.maven.apache.org/maven2/org/apache/maven/scm/maven-scm-provider-svn-commons/2.0.1/maven-scm-provider-svn-commons-2.0.1.jar
[INFO] Downloaded from central: https://repo.maven.apache.org/maven2/org/apache/maven/scm/maven-scm-manager-plexus/2.0.1/maven-scm-manager-plexus-2.0.1.jar (8.9 kB at 165 kB/s)
[INFO] Downloading from central: https://repo.maven.apache.org/maven2/org/apache/maven/scm/maven-scm-provider-hg/2.0.1/maven-scm-provider-hg-2.0.1.jar
[INFO] Downloaded from central: https://repo.maven.apache.org/maven2/org/apache/maven/scm/maven-scm-api/2.0.1/maven-scm-api-2.0.1.jar (110 kB at 1.8 MB/s)
[INFO] Downloading from central: https://repo.maven.apache.org/maven2/com/google/code/maven-scm-provider-svnjava/maven-scm-provider-svnjava/2.3.0/maven-scm-provider-svnjava-2.3.0.jar
[INFO] Downloaded from central: https://repo.maven.apache.org/maven2/org/apache/maven/scm/maven-scm-provider-gitexe/2.0.1/maven-scm-provider-gitexe-2.0.1.jar (73 kB at 1.1 MB/s)
[INFO] Downloading from central: https://repo.maven.apache.org/maven2/org/tmatesoft/svnkit/svnkit/1.10.11/svnkit-1.10.11.jar
[INFO] Downloaded from central: https://repo.maven.apache.org/maven2/org/apache/maven/scm/maven-scm-provider-svn-commons/2.0.1/maven-scm-provider-svn-commons-2.0.1.jar (40 kB at 561 kB/s)
[INFO] Downloading from central: https://repo.maven.apache.org/maven2/org/apache/sshd/sshd-core/2.9.2/sshd-core-2.9.2.jar
[INFO] Downloaded from central: https://repo.maven.apache.org/maven2/org/apache/maven/scm/maven-scm-provider-git-commons/2.0.1/maven-scm-provider-git-commons-2.0.1.jar (37 kB at 482 kB/s)
[INFO] Downloading from central: https://repo.maven.apache.org/maven2/org/apache/sshd/sshd-common/2.9.2/sshd-common-2.9.2.jar
[INFO] Downloaded from central: https://repo.maven.apache.org/maven2/org/apache/maven/scm/maven-scm-provider-hg/2.0.1/maven-scm-provider-hg-2.0.1.jar (68 kB at 736 kB/s)
[INFO] Downloading from central: https://repo.maven.apache.org/maven2/org/tmatesoft/sqljet/sqljet/1.1.15/sqljet-1.1.15.jar
[INFO] Downloaded from central: https://repo.maven.apache.org/maven2/com/google/code/maven-scm-provider-svnjava/maven-scm-provider-svnjava/2.3.0/maven-scm-provider-svnjava-2.3.0.jar (69 kB at 673 kB/s)
[INFO] Downloading from central: https://repo.maven.apache.org/maven2/com/jcraft/jsch.agentproxy.svnkit-trilead-ssh2/0.0.9/jsch.agentproxy.svnkit-trilead-ssh2-0.0.9.jar
[INFO] Downloaded from central: https://repo.maven.apache.org/maven2/org/apache/sshd/sshd-core/2.9.2/sshd-core-2.9.2.jar (950 kB at 7.0 MB/s)
[INFO] Downloaded from central: https://repo.maven.apache.org/maven2/com/jcraft/jsch.agentproxy.svnkit-trilead-ssh2/0.0.9/jsch.agentproxy.svnkit-trilead-ssh2-0.0.9.jar (3.8 kB at 27 kB/s)
[INFO] Downloaded from central: https://repo.maven.apache.org/maven2/org/apache/sshd/sshd-common/2.9.2/sshd-common-2.9.2.jar (945 kB at 6.3 MB/s)
[INFO] Downloaded from central: https://repo.maven.apache.org/maven2/org/tmatesoft/sqljet/sqljet/1.1.15/sqljet-1.1.15.jar (762 kB at 4.9 MB/s)
[INFO] Downloaded from central: https://repo.maven.apache.org/maven2/org/tmatesoft/svnkit/svnkit/1.10.11/svnkit-1.10.11.jar (4.3 MB at 23 MB/s)
[INFO] Executing: /bin/sh -c cd '/home/srafi/after-cam-ready/compare_/compile_repair_output/work/f5dbbc03fe1a' && 'git' 'rev-parse' '--verify' 'HEAD'
[INFO] Working directory: /home/srafi/after-cam-ready/compare_/compile_repair_output/work/f5dbbc03fe1a
[INFO] Storing buildNumber: 8bfdf50778e29d98c6554a01688fc5cc34524522 at timestamp: 1786824438404
[INFO] Executing: /bin/sh -c cd '/home/srafi/after-cam-ready/compare_/compile_repair_output/work/f5dbbc03fe1a' && 'git' 'symbolic-ref' 'HEAD'
[INFO] Working directory: /home/srafi/after-cam-ready/compare_/compile_repair_output/work/f5dbbc03fe1a
[WARNING] Cannot get the branch information from the git repository: 
Detecting the current branch failed: fatal: ref HEAD is not a symbolic ref

[INFO] Executing: /bin/sh -c cd '/home/srafi/after-cam-ready/compare_/compile_repair_output/work/f5dbbc03fe1a' && 'git' 'rev-parse' '--verify' 'HEAD'
[INFO] Working directory: /home/srafi/after-cam-ready/compare_/compile_repair_output/work/f5dbbc03fe1a
[INFO] Storing scmBranch: UNKNOWN
[INFO] 
[INFO] --- maven-remote-resources-plugin:1.7.0:process (process-resource-bundles) @ tinkerpop ---
[INFO] Preparing remote bundle org.apache:apache-jar-resource-bundle:1.4
[INFO] Copying 3 resources from 1 bundle.
[INFO] 
[INFO] --- maven-source-plugin:3.2.1:jar-no-fork (attach-sources) @ tinkerpop ---
[INFO] 
[INFO] --- maven-javadoc-plugin:3.3.1:jar (attach-javadoc) @ tinkerpop ---
[INFO] Downloading from central: https://repo.maven.apache.org/maven2/org/codehaus/plexus/plexus-java/1.1.0/plexus-java-1.1.0.pom
[INFO] Downloaded from central: https://repo.maven.apache.org/maven2/org/codehaus/plexus/plexus-java/1.1.0/plexus-java-1.1.0.pom (5.1 kB at 177 kB/s)
[INFO] Downloading from central: https://repo.maven.apache.org/maven2/org/codehaus/plexus/plexus-languages/1.1.0/plexus-languages-1.1.0.pom
[INFO] Downloaded from central: https://repo.maven.apache.org/maven2/org/codehaus/plexus/plexus-languages/1.1.0/plexus-languages-1.1.0.pom (4.8 kB at 164 kB/s)
[INFO] Downloading from central: https://repo.maven.apache.org/maven2/org/codehaus/plexus/plexus-java/1.1.0/plexus-java-1.1.0.jar
[INFO] Downloaded from central: https://repo.maven.apache.org/maven2/org/codehaus/plexus/plexus-java/1.1.0/plexus-java-1.1.0.jar (53 kB at 2.0 MB/s)
[INFO] Skipping javadoc generation
[INFO] 
[INFO] --- maven-site-plugin:3.12.0:attach-descriptor (attach-descriptor) @ tinkerpop ---
[INFO] No site descriptor found: nothing to attach.
[INFO] 
[INFO] --- maven-install-plugin:2.5.2:install (default-install) @ tinkerpop ---
[INFO] Installing /home/srafi/after-cam-ready/compare_/compile_repair_output/work/f5dbbc03fe1a/pom.xml to /home/srafi/.m2/repository/org/apache/tinkerpop/tinkerpop/4.0.0-SNAPSHOT/tinkerpop-4.0.0-SNAPSHOT.pom
[INFO] 
[INFO] ---------------< org.apache.tinkerpop:gremlin-language >----------------
[INFO] Building Apache TinkerPop :: Gremlin Language 4.0.0-SNAPSHOT       [2/4]
[INFO] --------------------------------[ jar ]---------------------------------
[INFO] Downloading from central: https://repo.maven.apache.org/maven2/org/antlr/antlr4-maven-plugin/4.9.1/antlr4-maven-plugin-4.9.1.pom
[INFO] Downloaded from central: https://repo.maven.apache.org/maven2/org/antlr/antlr4-maven-plugin/4.9.1/antlr4-maven-plugin-4.9.1.pom (5.9 kB at 170 kB/s)
[INFO] Downloading from central: https://repo.maven.apache.org/maven2/org/antlr/antlr4-maven-plugin/4.9.1/antlr4-maven-plugin-4.9.1.jar
[INFO] Downloaded from central: https://repo.maven.apache.org/maven2/org/antlr/antlr4-maven-plugin/4.9.1/antlr4-maven-plugin-4.9.1.jar (31 kB at 1.0 MB/s)
[INFO] Downloading from apache.snapshots: https://repository.apache.org/snapshots/org/apache/maven/plugins/maven-surefire-plugin/3.0.0-M8-SNAPSHOT/maven-metadata.xml
[INFO] Downloading from apache.snapshots: https://repository.apache.org/snapshots/org/apache/maven/surefire/surefire/3.0.0-M8-SNAPSHOT/maven-metadata.xml
[INFO] Downloading from central: https://repo.maven.apache.org/maven2/org/javatuples/javatuples/1.2/javatuples-1.2.pom
[INFO] Downloaded from central: https://repo.maven.apache.org/maven2/org/javatuples/javatuples/1.2/javatuples-1.2.pom (7.5 kB at 257 kB/s)
[INFO] Downloading from central: https://repo.maven.apache.org/maven2/org/javatuples/javatuples/1.2/javatuples-1.2.jar
[INFO] Downloaded from central: https://repo.maven.apache.org/maven2/org/javatuples/javatuples/1.2/javatuples-1.2.jar (66 kB at 2.3 MB/s)
[INFO] 
[INFO] --- maven-clean-plugin:3.1.0:clean (default-clean) @ gremlin-language ---
[INFO] 
[INFO] --- build-helper-maven-plugin:3.2.0:regex-property (build-helper-regex-is-snapshot-used) @ gremlin-language ---
[INFO] 
[INFO] --- build-helper-maven-plugin:3.2.0:regex-property (build-helper-regex-is-prerelease-version) @ gremlin-language ---
[INFO] 
[INFO] --- build-helper-maven-plugin:3.2.0:regex-property (build-helper-regex-is-prerelease-version2) @ gremlin-language ---
[INFO] No match to regex '4.0.0-SNAPSHOT' found in 'true'. The initial value 'true' is left as-is...
[INFO] 
[INFO] --- build-helper-maven-plugin:3.2.0:regex-property (build-helper-regex-set-docker-version-tag) @ gremlin-language ---
[INFO] 
[INFO] --- build-helper-maven-plugin:3.2.0:regex-property (build-helper-regex-set-docker-latest-tag) @ gremlin-language ---
[INFO] 
[INFO] --- build-helper-maven-plugin:3.2.0:parse-version (parse-version) @ gremlin-language ---
[INFO] 
[INFO] --- buildnumber-maven-plugin:3.2.0:create (default) @ gremlin-language ---
[INFO] Executing: /bin/sh -c cd '/home/srafi/after-cam-ready/compare_/compile_repair_output/work/f5dbbc03fe1a/gremlin-language' && 'git' 'rev-parse' '--verify' 'HEAD'
[INFO] Working directory: /home/srafi/after-cam-ready/compare_/compile_repair_output/work/f5dbbc03fe1a/gremlin-language
[INFO] Storing buildNumber: 8bfdf50778e29d98c6554a01688fc5cc34524522 at timestamp: 1786824440201
[INFO] Executing: /bin/sh -c cd '/home/srafi/after-cam-ready/compare_/compile_repair_output/work/f5dbbc03fe1a/gremlin-language' && 'git' 'symbolic-ref' 'HEAD'
[INFO] Working directory: /home/srafi/after-cam-ready/compare_/compile_repair_output/work/f5dbbc03fe1a/gremlin-language
[WARNING] Cannot get the branch information from the git repository: 
Detecting the current branch failed: fatal: ref HEAD is not a symbolic ref

[INFO] Executing: /bin/sh -c cd '/home/srafi/after-cam-ready/compare_/compile_repair_output/work/f5dbbc03fe1a/gremlin-language' && 'git' 'rev-parse' '--verify' 'HEAD'
[INFO] Working directory: /home/srafi/after-cam-ready/compare_/compile_repair_output/work/f5dbbc03fe1a/gremlin-language
[INFO] Storing scmBranch: UNKNOWN
[INFO] 
[INFO] --- antlr4-maven-plugin:4.9.1:antlr4 (antlr) @ gremlin-language ---
[INFO] Downloading from central: https://repo.maven.apache.org/maven2/org/antlr/antlr4/4.9.1/antlr4-4.9.1.pom
[INFO] Downloaded from central: https://repo.maven.apache.org/maven2/org/antlr/antlr4/4.9.1/antlr4-4.9.1.pom (6.2 kB at 200 kB/s)
[INFO] Downloading from central: https://repo.maven.apache.org/maven2/org/antlr/antlr4/4.9.1/antlr4-4.9.1.jar
[INFO] Downloaded from central: https://repo.maven.apache.org/maven2/org/antlr/antlr4/4.9.1/antlr4-4.9.1.jar (1.2 MB at 24 MB/s)
[INFO] ANTLR 4: Processing source directory /home/srafi/after-cam-ready/compare_/compile_repair_output/work/f5dbbc03fe1a/gremlin-language/src/main/antlr4
[INFO] Processing grammar: Gremlin.g4
[INFO] 
[INFO] --- maven-remote-resources-plugin:1.7.0:process (process-resource-bundles) @ gremlin-language ---
[INFO] Preparing remote bundle org.apache:apache-jar-resource-bundle:1.4
[INFO] Copying 3 resources from 1 bundle.
[INFO] 
[INFO] --- maven-resources-plugin:3.1.0:resources (default-resources) @ gremlin-language ---
[INFO] Using 'UTF-8' encoding to copy filtered resources.
[INFO] skip non existing resourceDirectory /home/srafi/after-cam-ready/compare_/compile_repair_output/work/f5dbbc03fe1a/gremlin-language/src/main/resources
[INFO] Copying 3 resources
[INFO] 
[INFO] --- maven-compiler-plugin:3.8.1:compile (default-compile) @ gremlin-language ---
[INFO] Changes detected - recompiling the module!
[INFO] Compiling 8 source files to /home/srafi/after-cam-ready/compare_/compile_repair_output/work/f5dbbc03fe1a/gremlin-language/target/classes
[INFO] 
[INFO] --- maven-resources-plugin:3.1.0:testResources (default-testResources) @ gremlin-language ---
[INFO] Using 'UTF-8' encoding to copy filtered resources.
[INFO] Copying 1 resource
[INFO] Copying 3 resources
[INFO] 
[INFO] --- maven-compiler-plugin:3.8.1:testCompile (default-testCompile) @ gremlin-language ---
[INFO] Changes detected - recompiling the module!
[INFO] Compiling 7 source files to /home/srafi/after-cam-ready/compare_/compile_repair_output/work/f5dbbc03fe1a/gremlin-language/target/test-classes
[INFO] 
[INFO] --- maven-surefire-plugin:3.0.0-M8-SNAPSHOT:test (default-test) @ gremlin-language ---
[INFO] Downloading from apache.snapshots: https://repository.apache.org/snapshots/org/apache/maven/surefire/maven-surefire-common/3.0.0-M8-SNAPSHOT/maven-metadata.xml
[INFO] Downloading from apache.snapshots: https://repository.apache.org/snapshots/org/apache/maven/surefire/surefire-api/3.0.0-M8-SNAPSHOT/maven-metadata.xml
[INFO] Downloading from apache.snapshots: https://repository.apache.org/snapshots/org/apache/maven/surefire/surefire-logger-api/3.0.0-M8-SNAPSHOT/maven-metadata.xml
[INFO] Downloading from apache.snapshots: https://repository.apache.org/snapshots/org/apache/maven/surefire/surefire-shared-utils/3.0.0-M8-SNAPSHOT/maven-metadata.xml
[INFO] Downloading from apache.snapshots: https://repository.apache.org/snapshots/org/apache/maven/surefire/surefire-extensions-api/3.0.0-M8-SNAPSHOT/maven-metadata.xml
[INFO] Downloading from apache.snapshots: https://repository.apache.org/snapshots/org/apache/maven/surefire/surefire-booter/3.0.0-M8-SNAPSHOT/maven-metadata.xml
[INFO] Downloading from apache.snapshots: https://repository.apache.org/snapshots/org/apache/maven/surefire/surefire-extensions-spi/3.0.0-M8-SNAPSHOT/maven-metadata.xml
[INFO] Tests are skipped.
[INFO] 
[INFO] --- maven-jar-plugin:3.2.0:jar (default-jar) @ gremlin-language ---
[INFO] Building jar: /home/srafi/after-cam-ready/compare_/compile_repair_output/work/f5dbbc03fe1a/gremlin-language/target/gremlin-language-4.0.0-SNAPSHOT.jar
[INFO] 
[INFO] --- maven-source-plugin:3.2.1:jar-no-fork (attach-sources) @ gremlin-language ---
[INFO] Building jar: /home/srafi/after-cam-ready/compare_/compile_repair_output/work/f5dbbc03fe1a/gremlin-language/target/gremlin-language-4.0.0-SNAPSHOT-sources.jar
[INFO] 
[INFO] --- maven-javadoc-plugin:3.3.1:jar (attach-javadoc) @ gremlin-language ---
[INFO] Skipping javadoc generation
[INFO] 
[INFO] --- maven-site-plugin:3.12.0:attach-descriptor (attach-descriptor) @ gremlin-language ---
[INFO] Skipping because packaging 'jar' is not pom.
[INFO] 
[INFO] --- maven-install-plugin:2.5.2:install (default-install) @ gremlin-language ---
[INFO] Installing /home/srafi/after-cam-ready/compare_/compile_repair_output/work/f5dbbc03fe1a/gremlin-language/target/gremlin-language-4.0.0-SNAPSHOT.jar to /home/srafi/.m2/repository/org/apache/tinkerpop/gremlin-language/4.0.0-SNAPSHOT/gremlin-language-4.0.0-SNAPSHOT.jar
[INFO] Installing /home/srafi/after-cam-ready/compare_/compile_repair_output/work/f5dbbc03fe1a/gremlin-language/pom.xml to /home/srafi/.m2/repository/org/apache/tinkerpop/gremlin-language/4.0.0-SNAPSHOT/gremlin-language-4.0.0-SNAPSHOT.pom
[INFO] Installing /home/srafi/after-cam-ready/compare_/compile_repair_output/work/f5dbbc03fe1a/gremlin-language/target/gremlin-language-4.0.0-SNAPSHOT-sources.jar to /home/srafi/.m2/repository/org/apache/tinkerpop/gremlin-language/4.0.0-SNAPSHOT/gremlin-language-4.0.0-SNAPSHOT-sources.jar
[INFO] 
[INFO] ----------------< org.apache.tinkerpop:gremlin-shaded >-----------------
[INFO] Building Apache TinkerPop :: Gremlin Shaded 4.0.0-SNAPSHOT         [3/4]
[INFO] --------------------------------[ jar ]---------------------------------
[INFO] Downloading from central: https://repo.maven.apache.org/maven2/org/apache/maven/plugins/maven-shade-plugin/3.4.1/maven-shade-plugin-3.4.1.pom
[INFO] Downloaded from central: https://repo.maven.apache.org/maven2/org/apache/maven/plugins/maven-shade-plugin/3.4.1/maven-shade-plugin-3.4.1.pom (13 kB at 415 kB/s)
[INFO] Downloading from central: https://repo.maven.apache.org/maven2/org/apache/maven/plugins/maven-shade-plugin/3.4.1/maven-shade-plugin-3.4.1.jar
[INFO] Downloaded from central: https://repo.maven.apache.org/maven2/org/apache/maven/plugins/maven-shade-plugin/3.4.1/maven-shade-plugin-3.4.1.jar (143 kB at 5.1 MB/s)
[INFO] Downloading from central: https://repo.maven.apache.org/maven2/com/esotericsoftware/kryo-shaded/3.0.3/kryo-shaded-3.0.3.pom
[INFO] Downloaded from central: https://repo.maven.apache.org/maven2/com/esotericsoftware/kryo-shaded/3.0.3/kryo-shaded-3.0.3.pom (3.1 kB at 101 kB/s)
[INFO] Downloading from central: https://repo.maven.apache.org/maven2/com/esotericsoftware/kryo-parent/3.0.3/kryo-parent-3.0.3.pom
[INFO] Downloaded from central: https://repo.maven.apache.org/maven2/com/esotericsoftware/kryo-parent/3.0.3/kryo-parent-3.0.3.pom (5.0 kB at 163 kB/s)
[INFO] Downloading from central: https://repo.maven.apache.org/maven2/com/esotericsoftware/kryo-shaded/3.0.3/kryo-shaded-3.0.3.jar
[INFO] Downloaded from central: https://repo.maven.apache.org/maven2/com/esotericsoftware/kryo-shaded/3.0.3/kryo-shaded-3.0.3.jar (358 kB at 9.7 MB/s)
[INFO] 
[INFO] --- maven-clean-plugin:3.1.0:clean (default-clean) @ gremlin-shaded ---
[INFO] 
[INFO] --- build-helper-maven-plugin:3.2.0:regex-property (build-helper-regex-is-snapshot-used) @ gremlin-shaded ---
[INFO] 
[INFO] --- build-helper-maven-plugin:3.2.0:regex-property (build-helper-regex-is-prerelease-version) @ gremlin-shaded ---
[INFO] 
[INFO] --- build-helper-maven-plugin:3.2.0:regex-property (build-helper-regex-is-prerelease-version2) @ gremlin-shaded ---
[INFO] No match to regex '4.0.0-SNAPSHOT' found in 'true'. The initial value 'true' is left as-is...
[INFO] 
[INFO] --- build-helper-maven-plugin:3.2.0:regex-property (build-helper-regex-set-docker-version-tag) @ gremlin-shaded ---
[INFO] 
[INFO] --- build-helper-maven-plugin:3.2.0:regex-property (build-helper-regex-set-docker-latest-tag) @ gremlin-shaded ---
[INFO] 
[INFO] --- build-helper-maven-plugin:3.2.0:parse-version (parse-version) @ gremlin-shaded ---
[INFO] 
[INFO] --- buildnumber-maven-plugin:3.2.0:create (default) @ gremlin-shaded ---
[INFO] Executing: /bin/sh -c cd '/home/srafi/after-cam-ready/compare_/compile_repair_output/work/f5dbbc03fe1a/gremlin-shaded' && 'git' 'rev-parse' '--verify' 'HEAD'
[INFO] Working directory: /home/srafi/after-cam-ready/compare_/compile_repair_output/work/f5dbbc03fe1a/gremlin-shaded
[INFO] Storing buildNumber: 8bfdf50778e29d98c6554a01688fc5cc34524522 at timestamp: 1786824445619
[INFO] Executing: /bin/sh -c cd '/home/srafi/after-cam-ready/compare_/compile_repair_output/work/f5dbbc03fe1a/gremlin-shaded' && 'git' 'symbolic-ref' 'HEAD'
[INFO] Working directory: /home/srafi/after-cam-ready/compare_/compile_repair_output/work/f5dbbc03fe1a/gremlin-shaded
[WARNING] Cannot get the branch information from the git repository: 
Detecting the current branch failed: fatal: ref HEAD is not a symbolic ref

[INFO] Executing: /bin/sh -c cd '/home/srafi/after-cam-ready/compare_/compile_repair_output/work/f5dbbc03fe1a/gremlin-shaded' && 'git' 'rev-parse' '--verify' 'HEAD'
[INFO] Working directory: /home/srafi/after-cam-ready/compare_/compile_repair_output/work/f5dbbc03fe1a/gremlin-shaded
[INFO] Storing scmBranch: UNKNOWN
[INFO] 
[INFO] --- maven-remote-resources-plugin:1.7.0:process (process-resource-bundles) @ gremlin-shaded ---
[INFO] Preparing remote bundle org.apache:apache-jar-resource-bundle:1.4
[INFO] Copying 3 resources from 1 bundle.
[INFO] 
[INFO] --- maven-resources-plugin:3.1.0:resources (default-resources) @ gremlin-shaded ---
[INFO] Using 'UTF-8' encoding to copy filtered resources.
[INFO] skip non existing resourceDirectory /home/srafi/after-cam-ready/compare_/compile_repair_output/work/f5dbbc03fe1a/gremlin-shaded/src/main/resources
[INFO] Copying 3 resources
[INFO] 
[INFO] --- maven-compiler-plugin:3.8.1:compile (default-compile) @ gremlin-shaded ---
[INFO] No sources to compile
[INFO] 
[INFO] --- maven-resources-plugin:3.1.0:testResources (default-testResources) @ gremlin-shaded ---
[INFO] Using 'UTF-8' encoding to copy filtered resources.
[INFO] skip non existing resourceDirectory /home/srafi/after-cam-ready/compare_/compile_repair_output/work/f5dbbc03fe1a/gremlin-shaded/src/test/resources
[INFO] Copying 3 resources
[INFO] 
[INFO] --- maven-compiler-plugin:3.8.1:testCompile (default-testCompile) @ gremlin-shaded ---
[INFO] No sources to compile
[INFO] 
[INFO] --- maven-surefire-plugin:3.0.0-M8-SNAPSHOT:test (default-test) @ gremlin-shaded ---
[INFO] Tests are skipped.
[INFO] 
[INFO] --- maven-jar-plugin:3.2.0:jar (default-jar) @ gremlin-shaded ---
[INFO] Building jar: /home/srafi/after-cam-ready/compare_/compile_repair_output/work/f5dbbc03fe1a/gremlin-shaded/target/gremlin-shaded-4.0.0-SNAPSHOT.jar
[INFO] 
[INFO] --- maven-source-plugin:3.2.1:jar-no-fork (attach-sources) @ gremlin-shaded ---
[INFO] Building jar: /home/srafi/after-cam-ready/compare_/compile_repair_output/work/f5dbbc03fe1a/gremlin-shaded/target/gremlin-shaded-4.0.0-SNAPSHOT-sources.jar
[INFO] 
[INFO] --- maven-javadoc-plugin:3.3.1:jar (attach-javadoc) @ gremlin-shaded ---
[INFO] Skipping javadoc generation
[INFO] 
[INFO] --- maven-site-plugin:3.12.0:attach-descriptor (attach-descriptor) @ gremlin-shaded ---
[INFO] Skipping because packaging 'jar' is not pom.
[INFO] 
[INFO] --- maven-shade-plugin:3.4.1:shade (shade-kryo) @ gremlin-shaded ---
[INFO] Downloading from central: https://repo.maven.apache.org/maven2/org/apache/maven/shared/maven-dependency-tree/3.2.0/maven-dependency-tree-3.2.0.pom
[INFO] Downloaded from central: https://repo.maven.apache.org/maven2/org/apache/maven/shared/maven-dependency-tree/3.2.0/maven-dependency-tree-3.2.0.pom (6.2 kB at 195 kB/s)
[INFO] Downloading from central: https://repo.maven.apache.org/maven2/org/vafer/jdependency/2.8.0/jdependency-2.8.0.pom
[INFO] Downloaded from central: https://repo.maven.apache.org/maven2/org/vafer/jdependency/2.8.0/jdependency-2.8.0.pom (14 kB at 463 kB/s)
[INFO] Downloading from central: https://repo.maven.apache.org/maven2/org/apache/maven/shared/maven-dependency-tree/3.2.0/maven-dependency-tree-3.2.0.jar
[INFO] Downloading from central: https://repo.maven.apache.org/maven2/org/vafer/jdependency/2.8.0/jdependency-2.8.0.jar
[INFO] Downloaded from central: https://repo.maven.apache.org/maven2/org/apache/maven/shared/maven-dependency-tree/3.2.0/maven-dependency-tree-3.2.0.jar (41 kB at 1.4 MB/s)
[INFO] Downloaded from central: https://repo.maven.apache.org/maven2/org/vafer/jdependency/2.8.0/jdependency-2.8.0.jar (233 kB at 6.3 MB/s)
[INFO] Including com.esotericsoftware:kryo-shaded:jar:3.0.3 in the shaded jar.
[INFO] Including com.esotericsoftware:minlog:jar:1.3.0 in the shaded jar.
[INFO] Including org.objenesis:objenesis:jar:3.3 in the shaded jar.
[INFO] Including com.fasterxml.jackson.core:jackson-databind:jar:2.15.2 in the shaded jar.
[INFO] Including com.fasterxml.jackson.core:jackson-annotations:jar:2.15.2 in the shaded jar.
[INFO] Including com.fasterxml.jackson.core:jackson-core:jar:2.15.2 in the shaded jar.
[WARNING] Discovered module-info.class. Shading will break its strong encapsulation.
[WARNING] jackson-core-2.15.2.jar, jackson-databind-2.15.2.jar define 1 overlapping classes: 
[WARNING]   - META-INF.versions.9.module-info
[WARNING] gremlin-shaded-4.0.0-SNAPSHOT.jar, jackson-annotations-2.15.2.jar, jackson-core-2.15.2.jar, jackson-databind-2.15.2.jar, kryo-shaded-3.0.3.jar, minlog-1.3.0.jar, objenesis-3.3.jar define 1 overlapping resource: 
[WARNING]   - META-INF/MANIFEST.MF
[WARNING] maven-shade-plugin has detected that some class files are
[WARNING] present in two or more JARs. When this happens, only one
[WARNING] single version of the class is copied to the uber jar.
[WARNING] Usually this is not harmful and you can skip these warnings,
[WARNING] otherwise try to manually exclude artifacts based on
[WARNING] mvn dependency:tree -Ddetail=true and the above output.
[WARNING] See https://maven.apache.org/plugins/maven-shade-plugin/
[INFO] Replacing original artifact with shaded artifact.
[INFO] Replacing /home/srafi/after-cam-ready/compare_/compile_repair_output/work/f5dbbc03fe1a/gremlin-shaded/target/gremlin-shaded-4.0.0-SNAPSHOT.jar with /home/srafi/after-cam-ready/compare_/compile_repair_output/work/f5dbbc03fe1a/gremlin-shaded/target/gremlin-shaded-4.0.0-SNAPSHOT-shaded.jar
[INFO] 
[INFO] --- maven-install-plugin:2.5.2:install (default-install) @ gremlin-shaded ---
[INFO] Installing /home/srafi/after-cam-ready/compare_/compile_repair_output/work/f5dbbc03fe1a/gremlin-shaded/target/gremlin-shaded-4.0.0-SNAPSHOT.jar to /home/srafi/.m2/repository/org/apache/tinkerpop/gremlin-shaded/4.0.0-SNAPSHOT/gremlin-shaded-4.0.0-SNAPSHOT.jar
[INFO] Installing /home/srafi/after-cam-ready/compare_/compile_repair_output/work/f5dbbc03fe1a/gremlin-shaded/pom.xml to /home/srafi/.m2/repository/org/apache/tinkerpop/gremlin-shaded/4.0.0-SNAPSHOT/gremlin-shaded-4.0.0-SNAPSHOT.pom
[INFO] Installing /home/srafi/after-cam-ready/compare_/compile_repair_output/work/f5dbbc03fe1a/gremlin-shaded/target/gremlin-shaded-4.0.0-SNAPSHOT-sources.jar to /home/srafi/.m2/repository/org/apache/tinkerpop/gremlin-shaded/4.0.0-SNAPSHOT/gremlin-shaded-4.0.0-SNAPSHOT-sources.jar
[INFO] 
[INFO] -----------------< org.apache.tinkerpop:gremlin-core >------------------
[INFO] Building Apache TinkerPop :: Gremlin Core 4.0.0-SNAPSHOT           [4/4]
[INFO] --------------------------------[ jar ]---------------------------------
[INFO] Downloading from apache.snapshots: https://repository.apache.org/snapshots/org/apache/maven/plugins/maven-failsafe-plugin/3.0.0-M8-SNAPSHOT/maven-metadata.xml
[INFO] 
[INFO] --- maven-clean-plugin:3.1.0:clean (default-clean) @ gremlin-core ---
[INFO] 
[INFO] --- build-helper-maven-plugin:3.2.0:regex-property (build-helper-regex-is-snapshot-used) @ gremlin-core ---
[INFO] 
[INFO] --- build-helper-maven-plugin:3.2.0:regex-property (build-helper-regex-is-prerelease-version) @ gremlin-core ---
[INFO] 
[INFO] --- build-helper-maven-plugin:3.2.0:regex-property (build-helper-regex-is-prerelease-version2) @ gremlin-core ---
[INFO] No match to regex '4.0.0-SNAPSHOT' found in 'true'. The initial value 'true' is left as-is...
[INFO] 
[INFO] --- build-helper-maven-plugin:3.2.0:regex-property (build-helper-regex-set-docker-version-tag) @ gremlin-core ---
[INFO] 
[INFO] --- build-helper-maven-plugin:3.2.0:regex-property (build-helper-regex-set-docker-latest-tag) @ gremlin-core ---
[INFO] 
[INFO] --- build-helper-maven-plugin:3.2.0:parse-version (parse-version) @ gremlin-core ---
[INFO] 
[INFO] --- buildnumber-maven-plugin:3.2.0:create (default) @ gremlin-core ---
[INFO] Executing: /bin/sh -c cd '/home/srafi/after-cam-ready/compare_/compile_repair_output/work/f5dbbc03fe1a/gremlin-core' && 'git' 'rev-parse' '--verify' 'HEAD'
[INFO] Working directory: /home/srafi/after-cam-ready/compare_/compile_repair_output/work/f5dbbc03fe1a/gremlin-core
[INFO] Storing buildNumber: 8bfdf50778e29d98c6554a01688fc5cc34524522 at timestamp: 1786824447058
[INFO] Executing: /bin/sh -c cd '/home/srafi/after-cam-ready/compare_/compile_repair_output/work/f5dbbc03fe1a/gremlin-core' && 'git' 'symbolic-ref' 'HEAD'
[INFO] Working directory: /home/srafi/after-cam-ready/compare_/compile_repair_output/work/f5dbbc03fe1a/gremlin-core
[WARNING] Cannot get the branch information from the git repository: 
Detecting the current branch failed: fatal: ref HEAD is not a symbolic ref

[INFO] Executing: /bin/sh -c cd '/home/srafi/after-cam-ready/compare_/compile_repair_output/work/f5dbbc03fe1a/gremlin-core' && 'git' 'rev-parse' '--verify' 'HEAD'
[INFO] Working directory: /home/srafi/after-cam-ready/compare_/compile_repair_output/work/f5dbbc03fe1a/gremlin-core
[INFO] Storing scmBranch: UNKNOWN
[INFO] 
[INFO] --- replacer:1.5.3:replace (default) @ gremlin-core ---
[INFO] Replacement run on 1 file.
[INFO] 
[INFO] --- maven-remote-resources-plugin:1.7.0:process (process-resource-bundles) @ gremlin-core ---
[INFO] Preparing remote bundle org.apache:apache-jar-resource-bundle:1.4
[INFO] Copying 3 resources from 1 bundle.
[INFO] 
[INFO] --- maven-resources-plugin:3.1.0:resources (default-resources) @ gremlin-core ---
[INFO] Using 'UTF-8' encoding to copy filtered resources.
[INFO] Copying 2 resources
[INFO] Copying 3 resources
[INFO] 
[INFO] --- maven-compiler-plugin:3.8.1:compile (default-compile) @ gremlin-core ---
[INFO] Changes detected - recompiling the module!
[INFO] Compiling 740 source files to /home/srafi/after-cam-ready/compare_/compile_repair_output/work/f5dbbc03fe1a/gremlin-core/target/classes
[INFO] /home/srafi/after-cam-ready/compare_/compile_repair_output/work/f5dbbc03fe1a/gremlin-core/src/main/java/org/apache/tinkerpop/gremlin/structure/io/graphson/GraphSONSerializersV1.java: Some input files use or override a deprecated API.
[INFO] /home/srafi/after-cam-ready/compare_/compile_repair_output/work/f5dbbc03fe1a/gremlin-core/src/main/java/org/apache/tinkerpop/gremlin/structure/io/graphson/GraphSONSerializersV1.java: Recompile with -Xlint:deprecation for details.
[INFO] /home/srafi/after-cam-ready/compare_/compile_repair_output/work/f5dbbc03fe1a/gremlin-core/src/main/java/org/apache/tinkerpop/gremlin/process/traversal/step/util/AbstractStep.java: Some input files use unchecked or unsafe operations.
[INFO] /home/srafi/after-cam-ready/compare_/compile_repair_output/work/f5dbbc03fe1a/gremlin-core/src/main/java/org/apache/tinkerpop/gremlin/process/traversal/step/util/AbstractStep.java: Recompile with -Xlint:unchecked for details.
[INFO] 
[INFO] --- maven-resources-plugin:3.1.0:testResources (default-testResources) @ gremlin-core ---
[INFO] Using 'UTF-8' encoding to copy filtered resources.
[INFO] Copying 8 resources
[INFO] Copying 3 resources
[INFO] 
[INFO] --- maven-compiler-plugin:3.8.1:testCompile (default-testCompile) @ gremlin-core ---
[INFO] Changes detected - recompiling the module!
[INFO] Compiling 276 source files to /home/srafi/after-cam-ready/compare_/compile_repair_output/work/f5dbbc03fe1a/gremlin-core/target/test-classes
[INFO] /home/srafi/after-cam-ready/compare_/compile_repair_output/work/f5dbbc03fe1a/gremlin-core/src/test/java/org/apache/tinkerpop/gremlin/process/traversal/TraversalTest.java: Some input files use or override a deprecated API.
[INFO] /home/srafi/after-cam-ready/compare_/compile_repair_output/work/f5dbbc03fe1a/gremlin-core/src/test/java/org/apache/tinkerpop/gremlin/process/traversal/TraversalTest.java: Recompile with -Xlint:deprecation for details.
[INFO] /home/srafi/after-cam-ready/compare_/compile_repair_output/work/f5dbbc03fe1a/gremlin-core/src/test/java/org/apache/tinkerpop/gremlin/process/traversal/step/map/TraversalMergeStepTest.java: Some input files use unchecked or unsafe operations.
[INFO] /home/srafi/after-cam-ready/compare_/compile_repair_output/work/f5dbbc03fe1a/gremlin-core/src/test/java/org/apache/tinkerpop/gremlin/process/traversal/step/map/TraversalMergeStepTest.java: Recompile with -Xlint:unchecked for details.
[INFO] 
[INFO] --- maven-surefire-plugin:3.0.0-M8-SNAPSHOT:test (default-test) @ gremlin-core ---
[INFO] Tests are skipped.
[INFO] 
[INFO] --- maven-jar-plugin:3.2.0:jar (default-jar) @ gremlin-core ---
[INFO] Building jar: /home/srafi/after-cam-ready/compare_/compile_repair_output/work/f5dbbc03fe1a/gremlin-core/target/gremlin-core-4.0.0-SNAPSHOT.jar
[INFO] 
[INFO] --- maven-source-plugin:3.2.1:jar-no-fork (attach-sources) @ gremlin-core ---
[INFO] Building jar: /home/srafi/after-cam-ready/compare_/compile_repair_output/work/f5dbbc03fe1a/gremlin-core/target/gremlin-core-4.0.0-SNAPSHOT-sources.jar
[INFO] 
[INFO] --- maven-javadoc-plugin:3.3.1:jar (attach-javadoc) @ gremlin-core ---
[INFO] Skipping javadoc generation
[INFO] 
[INFO] --- maven-site-plugin:3.12.0:attach-descriptor (attach-descriptor) @ gremlin-core ---
[INFO] Skipping because packaging 'jar' is not pom.
[INFO] 
[INFO] --- maven-failsafe-plugin:3.0.0-M8-SNAPSHOT:integration-test (integration-test) @ gremlin-core ---
[INFO] Tests are skipped.
[INFO] 
[INFO] --- maven-failsafe-plugin:3.0.0-M8-SNAPSHOT:verify (verify-integration-test) @ gremlin-core ---
[INFO] Tests are skipped.
[INFO] 
[INFO] --- maven-install-plugin:2.5.2:install (default-install) @ gremlin-core ---
[INFO] Installing /home/srafi/after-cam-ready/compare_/compile_repair_output/work/f5dbbc03fe1a/gremlin-core/target/gremlin-core-4.0.0-SNAPSHOT.jar to /home/srafi/.m2/repository/org/apache/tinkerpop/gremlin-core/4.0.0-SNAPSHOT/gremlin-core-4.0.0-SNAPSHOT.jar
[INFO] Installing /home/srafi/after-cam-ready/compare_/compile_repair_output/work/f5dbbc03fe1a/gremlin-core/pom.xml to /home/srafi/.m2/repository/org/apache/tinkerpop/gremlin-core/4.0.0-SNAPSHOT/gremlin-core-4.0.0-SNAPSHOT.pom
[INFO] Installing /home/srafi/after-cam-ready/compare_/compile_repair_output/work/f5dbbc03fe1a/gremlin-core/target/gremlin-core-4.0.0-SNAPSHOT-sources.jar to /home/srafi/.m2/repository/org/apache/tinkerpop/gremlin-core/4.0.0-SNAPSHOT/gremlin-core-4.0.0-SNAPSHOT-sources.jar
[INFO] ------------------------------------------------------------------------
[INFO] Reactor Summary for Apache TinkerPop 4.0.0-SNAPSHOT:
[INFO] 
[INFO] Apache TinkerPop ................................... SUCCESS [  2.660 s]
[INFO] Apache TinkerPop :: Gremlin Language ............... SUCCESS [  6.087 s]
[INFO] Apache TinkerPop :: Gremlin Shaded ................. SUCCESS [  1.218 s]
[INFO] Apache TinkerPop :: Gremlin Core ................... SUCCESS [ 10.838 s]
[INFO] ------------------------------------------------------------------------
[INFO] BUILD SUCCESS
[INFO] ------------------------------------------------------------------------
[INFO] Total time:  21.071 s
[INFO] Finished at: 2026-08-15T16:07:37-04:00
[INFO] ------------------------------------------------------------------------
