JAVA_HOME=/usr/lib/jvm/java-8-openjdk-amd64
COMMAND=bash /home/srafi/after-cam-ready/compare_/compile_repair_output/work/c4b1d0cf4c70/mvnw -B clean install -DskipTests -U -pl apm-commons/apm-datacarrier -am -Ddependency-check.skip=true -Dgpg.skip=true -DfailIfNoTests=false -Dskip.installnodenpm=true -Dskip.npm=true -Dskip.yarn=true -Dlicense.skip=true -Dcheckstyle.skip=true -Drat.skip=true -Denforcer.skip=true -Danimal.sniffer.skip=true -Dmaven.javadoc.skip=true -Dfindbugs.skip=true -Dspotbugs.skip=true -Dwarbucks.skip=true -Dmodernizer.skip=true -Dimpsort.skip=true -Dmdep.analyze.skip=true -Dpgpverify.skip=true -Dxml.skip=true -Dcobertura.skip=true

--2026-08-15 16:05:37--  https://repo.maven.apache.org/maven2/io/takari/maven-wrapper/0.5.5/maven-wrapper-0.5.5.jar
Resolving repo.maven.apache.org (repo.maven.apache.org)... 104.18.19.12, 104.18.18.12, 2606:4700::6812:130c, ...
Connecting to repo.maven.apache.org (repo.maven.apache.org)|104.18.19.12|:443... connected.
HTTP request sent, awaiting response... 200 OK
Length: 50710 (50K) [application/java-archive]
Saving to: ‘/home/srafi/after-cam-ready/compare_/compile_repair_output/work/c4b1d0cf4c70/.mvn/wrapper/maven-wrapper.jar’

     0K .......... .......... .......... .......... ......... 100% 57.8M=0.001s

2026-08-15 16:05:37 (57.8 MB/s) - ‘/home/srafi/after-cam-ready/compare_/compile_repair_output/work/c4b1d0cf4c70/.mvn/wrapper/maven-wrapper.jar’ saved [50710/50710]

[INFO] Scanning for projects...
[INFO] Downloading from central: https://repo.maven.apache.org/maven2/org/springframework/cloud/spring-cloud-dependencies/Edgware.SR1/spring-cloud-dependencies-Edgware.SR1.pom
[INFO] Downloaded from central: https://repo.maven.apache.org/maven2/org/springframework/cloud/spring-cloud-dependencies/Edgware.SR1/spring-cloud-dependencies-Edgware.SR1.pom (7.0 kB at 81 kB/s)
[INFO] Downloading from central: https://repo.maven.apache.org/maven2/org/springframework/cloud/spring-cloud-dependencies-parent/1.3.7.RELEASE/spring-cloud-dependencies-parent-1.3.7.RELEASE.pom
[INFO] Downloaded from central: https://repo.maven.apache.org/maven2/org/springframework/cloud/spring-cloud-dependencies-parent/1.3.7.RELEASE/spring-cloud-dependencies-parent-1.3.7.RELEASE.pom (6.5 kB at 208 kB/s)
[INFO] Downloading from central: https://repo.maven.apache.org/maven2/org/springframework/cloud/spring-cloud-commons-dependencies/1.3.1.RELEASE/spring-cloud-commons-dependencies-1.3.1.RELEASE.pom
[INFO] Downloaded from central: https://repo.maven.apache.org/maven2/org/springframework/cloud/spring-cloud-commons-dependencies/1.3.1.RELEASE/spring-cloud-commons-dependencies-1.3.1.RELEASE.pom (3.3 kB at 101 kB/s)
[INFO] Downloading from central: https://repo.maven.apache.org/maven2/org/springframework/cloud/spring-cloud-netflix-dependencies/1.4.2.RELEASE/spring-cloud-netflix-dependencies-1.4.2.RELEASE.pom
[INFO] Downloaded from central: https://repo.maven.apache.org/maven2/org/springframework/cloud/spring-cloud-netflix-dependencies/1.4.2.RELEASE/spring-cloud-netflix-dependencies-1.4.2.RELEASE.pom (20 kB at 613 kB/s)
[INFO] Downloading from central: https://repo.maven.apache.org/maven2/org/springframework/cloud/spring-cloud-stream-dependencies/Ditmars.SR3/spring-cloud-stream-dependencies-Ditmars.SR3.pom
[INFO] Downloaded from central: https://repo.maven.apache.org/maven2/org/springframework/cloud/spring-cloud-stream-dependencies/Ditmars.SR3/spring-cloud-stream-dependencies-Ditmars.SR3.pom (8.0 kB at 250 kB/s)
[INFO] Downloading from central: https://repo.maven.apache.org/maven2/org/springframework/cloud/spring-cloud-task-dependencies/1.2.2.RELEASE/spring-cloud-task-dependencies-1.2.2.RELEASE.pom
[INFO] Downloaded from central: https://repo.maven.apache.org/maven2/org/springframework/cloud/spring-cloud-task-dependencies/1.2.2.RELEASE/spring-cloud-task-dependencies-1.2.2.RELEASE.pom (2.8 kB at 90 kB/s)
[INFO] Downloading from central: https://repo.maven.apache.org/maven2/org/springframework/cloud/spring-cloud-dependencies-parent/1.3.3.RELEASE/spring-cloud-dependencies-parent-1.3.3.RELEASE.pom
[INFO] Downloaded from central: https://repo.maven.apache.org/maven2/org/springframework/cloud/spring-cloud-dependencies-parent/1.3.3.RELEASE/spring-cloud-dependencies-parent-1.3.3.RELEASE.pom (6.5 kB at 223 kB/s)
[INFO] Downloading from central: https://repo.maven.apache.org/maven2/org/springframework/cloud/spring-cloud-config-dependencies/1.4.1.RELEASE/spring-cloud-config-dependencies-1.4.1.RELEASE.pom
[INFO] Downloaded from central: https://repo.maven.apache.org/maven2/org/springframework/cloud/spring-cloud-config-dependencies/1.4.1.RELEASE/spring-cloud-config-dependencies-1.4.1.RELEASE.pom (3.4 kB at 106 kB/s)
[INFO] Downloading from central: https://repo.maven.apache.org/maven2/org/springframework/cloud/spring-cloud-consul-dependencies/1.3.1.RELEASE/spring-cloud-consul-dependencies-1.3.1.RELEASE.pom
[INFO] Downloaded from central: https://repo.maven.apache.org/maven2/org/springframework/cloud/spring-cloud-consul-dependencies/1.3.1.RELEASE/spring-cloud-consul-dependencies-1.3.1.RELEASE.pom (4.3 kB at 147 kB/s)
[INFO] Downloading from central: https://repo.maven.apache.org/maven2/org/springframework/cloud/spring-cloud-sleuth-dependencies/1.3.1.RELEASE/spring-cloud-sleuth-dependencies-1.3.1.RELEASE.pom
[INFO] Downloaded from central: https://repo.maven.apache.org/maven2/org/springframework/cloud/spring-cloud-sleuth-dependencies/1.3.1.RELEASE/spring-cloud-sleuth-dependencies-1.3.1.RELEASE.pom (6.2 kB at 199 kB/s)
[INFO] Downloading from central: https://repo.maven.apache.org/maven2/org/springframework/cloud/spring-cloud-vault-dependencies/1.1.0.RELEASE/spring-cloud-vault-dependencies-1.1.0.RELEASE.pom
[INFO] Downloaded from central: https://repo.maven.apache.org/maven2/org/springframework/cloud/spring-cloud-vault-dependencies/1.1.0.RELEASE/spring-cloud-vault-dependencies-1.1.0.RELEASE.pom (3.6 kB at 111 kB/s)
[INFO] Downloading from central: https://repo.maven.apache.org/maven2/org/springframework/cloud/spring-cloud-dependencies-parent/1.3.6.RELEASE/spring-cloud-dependencies-parent-1.3.6.RELEASE.pom
[INFO] Downloaded from central: https://repo.maven.apache.org/maven2/org/springframework/cloud/spring-cloud-dependencies-parent/1.3.6.RELEASE/spring-cloud-dependencies-parent-1.3.6.RELEASE.pom (6.5 kB at 190 kB/s)
[INFO] Downloading from central: https://repo.maven.apache.org/maven2/org/springframework/cloud/spring-cloud-zookeeper-dependencies/1.2.0.RELEASE/spring-cloud-zookeeper-dependencies-1.2.0.RELEASE.pom
[INFO] Downloaded from central: https://repo.maven.apache.org/maven2/org/springframework/cloud/spring-cloud-zookeeper-dependencies/1.2.0.RELEASE/spring-cloud-zookeeper-dependencies-1.2.0.RELEASE.pom (5.3 kB at 164 kB/s)
[INFO] Downloading from central: https://repo.maven.apache.org/maven2/org/springframework/cloud/spring-cloud-security-dependencies/1.2.2.RELEASE/spring-cloud-security-dependencies-1.2.2.RELEASE.pom
[INFO] Downloaded from central: https://repo.maven.apache.org/maven2/org/springframework/cloud/spring-cloud-security-dependencies/1.2.2.RELEASE/spring-cloud-security-dependencies-1.2.2.RELEASE.pom (2.8 kB at 79 kB/s)
[INFO] Downloading from central: https://repo.maven.apache.org/maven2/org/springframework/cloud/spring-cloud-cloudfoundry-dependencies/1.1.1.RELEASE/spring-cloud-cloudfoundry-dependencies-1.1.1.RELEASE.pom
[INFO] Downloaded from central: https://repo.maven.apache.org/maven2/org/springframework/cloud/spring-cloud-cloudfoundry-dependencies/1.1.1.RELEASE/spring-cloud-cloudfoundry-dependencies-1.1.1.RELEASE.pom (3.1 kB at 94 kB/s)
[INFO] Downloading from central: https://repo.maven.apache.org/maven2/org/springframework/cloud/spring-cloud-bus-dependencies/1.3.2.RELEASE/spring-cloud-bus-dependencies-1.3.2.RELEASE.pom
[INFO] Downloaded from central: https://repo.maven.apache.org/maven2/org/springframework/cloud/spring-cloud-bus-dependencies/1.3.2.RELEASE/spring-cloud-bus-dependencies-1.3.2.RELEASE.pom (2.7 kB at 74 kB/s)
[INFO] Downloading from central: https://repo.maven.apache.org/maven2/org/springframework/cloud/spring-cloud-contract-dependencies/1.2.2.RELEASE/spring-cloud-contract-dependencies-1.2.2.RELEASE.pom
[INFO] Downloaded from central: https://repo.maven.apache.org/maven2/org/springframework/cloud/spring-cloud-contract-dependencies/1.2.2.RELEASE/spring-cloud-contract-dependencies-1.2.2.RELEASE.pom (6.8 kB at 189 kB/s)
[INFO] Downloading from central: https://repo.maven.apache.org/maven2/org/springframework/cloud/spring-cloud-aws-dependencies/1.2.2.RELEASE/spring-cloud-aws-dependencies-1.2.2.RELEASE.pom
[INFO] Downloaded from central: https://repo.maven.apache.org/maven2/org/springframework/cloud/spring-cloud-aws-dependencies/1.2.2.RELEASE/spring-cloud-aws-dependencies-1.2.2.RELEASE.pom (5.8 kB at 165 kB/s)
[INFO] Downloading from central: https://repo.maven.apache.org/maven2/com/amazonaws/aws-java-sdk-bom/1.11.125/aws-java-sdk-bom-1.11.125.pom
[INFO] Downloaded from central: https://repo.maven.apache.org/maven2/com/amazonaws/aws-java-sdk-bom/1.11.125/aws-java-sdk-bom-1.11.125.pom (21 kB at 644 kB/s)
[INFO] Downloading from central: https://repo.maven.apache.org/maven2/com/amazonaws/aws-java-sdk-pom/1.11.125/aws-java-sdk-pom-1.11.125.pom
[INFO] Downloaded from central: https://repo.maven.apache.org/maven2/com/amazonaws/aws-java-sdk-pom/1.11.125/aws-java-sdk-pom-1.11.125.pom (11 kB at 344 kB/s)
[INFO] Downloading from central: https://repo.maven.apache.org/maven2/org/springframework/cloud/spring-cloud-gateway-dependencies/1.0.1.RELEASE/spring-cloud-gateway-dependencies-1.0.1.RELEASE.pom
[INFO] Downloaded from central: https://repo.maven.apache.org/maven2/org/springframework/cloud/spring-cloud-gateway-dependencies/1.0.1.RELEASE/spring-cloud-gateway-dependencies-1.0.1.RELEASE.pom (2.4 kB at 84 kB/s)
[INFO] ------------------------------------------------------------------------
[INFO] Reactor Build Order:
[INFO] 
[INFO] apm                                                                [pom]
[INFO] apm-commons                                                        [pom]
[INFO] apm-datacarrier                                                    [jar]
[INFO] 
[INFO] ---------------------< org.apache.skywalking:apm >----------------------
[INFO] Building apm 8.3.0-SNAPSHOT                                        [1/3]
[INFO] --------------------------------[ pom ]---------------------------------
[INFO] Downloading from central: https://repo.maven.apache.org/maven2/org/powermock/powermock-module-junit4/2.0.7/powermock-module-junit4-2.0.7.pom
[INFO] Downloaded from central: https://repo.maven.apache.org/maven2/org/powermock/powermock-module-junit4/2.0.7/powermock-module-junit4-2.0.7.pom (7.3 kB at 222 kB/s)
[INFO] Downloading from central: https://repo.maven.apache.org/maven2/org/powermock/powermock-module-junit4-common/2.0.7/powermock-module-junit4-common-2.0.7.pom
[INFO] Downloaded from central: https://repo.maven.apache.org/maven2/org/powermock/powermock-module-junit4-common/2.0.7/powermock-module-junit4-common-2.0.7.pom (7.5 kB at 235 kB/s)
[INFO] Downloading from central: https://repo.maven.apache.org/maven2/org/powermock/powermock-reflect/2.0.7/powermock-reflect-2.0.7.pom
[INFO] Downloaded from central: https://repo.maven.apache.org/maven2/org/powermock/powermock-reflect/2.0.7/powermock-reflect-2.0.7.pom (7.2 kB at 188 kB/s)
[INFO] Downloading from central: https://repo.maven.apache.org/maven2/net/bytebuddy/byte-buddy-agent/1.10.16/byte-buddy-agent-1.10.16.pom
[INFO] Downloaded from central: https://repo.maven.apache.org/maven2/net/bytebuddy/byte-buddy-agent/1.10.16/byte-buddy-agent-1.10.16.pom (9.6 kB at 245 kB/s)
[INFO] Downloading from central: https://repo.maven.apache.org/maven2/org/powermock/powermock-core/2.0.7/powermock-core-2.0.7.pom
[INFO] Downloaded from central: https://repo.maven.apache.org/maven2/org/powermock/powermock-core/2.0.7/powermock-core-2.0.7.pom (7.3 kB at 245 kB/s)
[INFO] Downloading from central: https://repo.maven.apache.org/maven2/org/powermock/powermock-api-mockito2/2.0.7/powermock-api-mockito2-2.0.7.pom
[INFO] Downloaded from central: https://repo.maven.apache.org/maven2/org/powermock/powermock-api-mockito2/2.0.7/powermock-api-mockito2-2.0.7.pom (7.3 kB at 208 kB/s)
[INFO] Downloading from central: https://repo.maven.apache.org/maven2/org/powermock/powermock-api-support/2.0.7/powermock-api-support-2.0.7.pom
[INFO] Downloaded from central: https://repo.maven.apache.org/maven2/org/powermock/powermock-api-support/2.0.7/powermock-api-support-2.0.7.pom (7.0 kB at 199 kB/s)
[INFO] Downloading from central: https://repo.maven.apache.org/maven2/org/mockito/mockito-core/3.5.13/mockito-core-3.5.13.pom
[INFO] Downloaded from central: https://repo.maven.apache.org/maven2/org/mockito/mockito-core/3.5.13/mockito-core-3.5.13.pom (25 kB at 817 kB/s)
[INFO] 
[INFO] --- maven-clean-plugin:3.1.0:clean (default-clean) @ apm ---
[INFO] 
[INFO] --- maven-enforcer-plugin:3.0.0-M2:enforce (enforce-maven-version) @ apm ---
[INFO] Skipping Rule Enforcement.
[INFO] 
[INFO] --- maven-enforcer-plugin:3.0.0-M2:enforce (enforce-java) @ apm ---
[INFO] Skipping Rule Enforcement.
[INFO] 
[INFO] --- os-maven-plugin:1.6.2:detect (default) @ apm ---
[INFO] ------------------------------------------------------------------------
[INFO] Detecting the operating system and CPU architecture
[INFO] ------------------------------------------------------------------------
[INFO] os.detected.name: linux
[INFO] os.detected.arch: x86_64
[INFO] os.detected.version: 6.8
[INFO] os.detected.version.major: 6
[INFO] os.detected.version.minor: 8
[INFO] os.detected.release: ubuntu
[INFO] os.detected.release.version: 22.04
[INFO] os.detected.release.like.ubuntu: true
[INFO] os.detected.release.like.debian: true
[INFO] os.detected.classifier: linux-x86_64
[INFO] 
[INFO] --- maven-checkstyle-plugin:3.1.0:check (validate) @ apm ---
[INFO] 
[INFO] --- maven-remote-resources-plugin:1.5:process (process-resource-bundles) @ apm ---
[INFO] 
[INFO] --- maven-site-plugin:3.7.1:attach-descriptor (attach-descriptor) @ apm ---
[INFO] No site descriptor found: nothing to attach.
[INFO] 
[INFO] --- apache-rat-plugin:0.12:check (default) @ apm ---
[INFO] RAT will not execute since it is configured to be skipped via system property 'rat.skip'.
[INFO] 
[INFO] --- maven-install-plugin:2.5.2:install (default-install) @ apm ---
[INFO] Installing /home/srafi/after-cam-ready/compare_/compile_repair_output/work/c4b1d0cf4c70/pom.xml to /home/srafi/.m2/repository/org/apache/skywalking/apm/8.3.0-SNAPSHOT/apm-8.3.0-SNAPSHOT.pom
[INFO] 
[INFO] -----------------< org.apache.skywalking:apm-commons >------------------
[INFO] Building apm-commons 8.3.0-SNAPSHOT                                [2/3]
[INFO] --------------------------------[ pom ]---------------------------------
[INFO] 
[INFO] --- maven-clean-plugin:3.1.0:clean (default-clean) @ apm-commons ---
[INFO] 
[INFO] --- maven-enforcer-plugin:3.0.0-M2:enforce (enforce-maven-version) @ apm-commons ---
[INFO] Skipping Rule Enforcement.
[INFO] 
[INFO] --- maven-enforcer-plugin:3.0.0-M2:enforce (enforce-java) @ apm-commons ---
[INFO] Skipping Rule Enforcement.
[INFO] 
[INFO] --- os-maven-plugin:1.6.2:detect (default) @ apm-commons ---
[INFO] ------------------------------------------------------------------------
[INFO] Detecting the operating system and CPU architecture
[INFO] ------------------------------------------------------------------------
[INFO] os.detected.name: linux
[INFO] os.detected.arch: x86_64
[INFO] os.detected.version: 6.8
[INFO] os.detected.version.major: 6
[INFO] os.detected.version.minor: 8
[INFO] os.detected.release: ubuntu
[INFO] os.detected.release.version: 22.04
[INFO] os.detected.release.like.ubuntu: true
[INFO] os.detected.release.like.debian: true
[INFO] os.detected.classifier: linux-x86_64
[INFO] 
[INFO] --- maven-checkstyle-plugin:3.1.0:check (validate) @ apm-commons ---
[INFO] 
[INFO] --- maven-remote-resources-plugin:1.5:process (process-resource-bundles) @ apm-commons ---
[INFO] 
[INFO] --- maven-site-plugin:3.7.1:attach-descriptor (attach-descriptor) @ apm-commons ---
[INFO] No site descriptor found: nothing to attach.
[INFO] 
[INFO] --- apache-rat-plugin:0.12:check (default) @ apm-commons ---
[INFO] RAT will not execute since it is configured to be skipped via system property 'rat.skip'.
[INFO] 
[INFO] --- maven-install-plugin:2.5.2:install (default-install) @ apm-commons ---
[INFO] Installing /home/srafi/after-cam-ready/compare_/compile_repair_output/work/c4b1d0cf4c70/apm-commons/pom.xml to /home/srafi/.m2/repository/org/apache/skywalking/apm-commons/8.3.0-SNAPSHOT/apm-commons-8.3.0-SNAPSHOT.pom
[INFO] 
[INFO] ---------------< org.apache.skywalking:apm-datacarrier >----------------
[INFO] Building apm-datacarrier 8.3.0-SNAPSHOT                            [3/3]
[INFO] --------------------------------[ jar ]---------------------------------
[INFO] Downloading from central: https://repo.maven.apache.org/maven2/org/powermock/powermock-module-junit4/2.0.7/powermock-module-junit4-2.0.7.jar
[INFO] Downloading from central: https://repo.maven.apache.org/maven2/org/powermock/powermock-module-junit4-common/2.0.7/powermock-module-junit4-common-2.0.7.jar
[INFO] Downloading from central: https://repo.maven.apache.org/maven2/org/powermock/powermock-core/2.0.7/powermock-core-2.0.7.jar
[INFO] Downloading from central: https://repo.maven.apache.org/maven2/org/powermock/powermock-reflect/2.0.7/powermock-reflect-2.0.7.jar
[INFO] Downloading from central: https://repo.maven.apache.org/maven2/org/powermock/powermock-api-mockito2/2.0.7/powermock-api-mockito2-2.0.7.jar
[INFO] Downloaded from central: https://repo.maven.apache.org/maven2/org/powermock/powermock-module-junit4/2.0.7/powermock-module-junit4-2.0.7.jar (48 kB at 1.7 MB/s)
[INFO] Downloading from central: https://repo.maven.apache.org/maven2/org/powermock/powermock-api-support/2.0.7/powermock-api-support-2.0.7.jar
[INFO] Downloaded from central: https://repo.maven.apache.org/maven2/org/powermock/powermock-module-junit4-common/2.0.7/powermock-module-junit4-common-2.0.7.jar (18 kB at 384 kB/s)
[INFO] Downloading from central: https://repo.maven.apache.org/maven2/org/mockito/mockito-core/3.5.13/mockito-core-3.5.13.jar
[INFO] Downloaded from central: https://repo.maven.apache.org/maven2/org/powermock/powermock-api-support/2.0.7/powermock-api-support-2.0.7.jar (22 kB at 385 kB/s)
[INFO] Downloading from central: https://repo.maven.apache.org/maven2/net/bytebuddy/byte-buddy-agent/1.10.16/byte-buddy-agent-1.10.16.jar
[INFO] Downloaded from central: https://repo.maven.apache.org/maven2/org/powermock/powermock-api-mockito2/2.0.7/powermock-api-mockito2-2.0.7.jar (88 kB at 1.5 MB/s)
[INFO] Downloaded from central: https://repo.maven.apache.org/maven2/org/powermock/powermock-core/2.0.7/powermock-core-2.0.7.jar (201 kB at 3.2 MB/s)
[INFO] Downloaded from central: https://repo.maven.apache.org/maven2/org/powermock/powermock-reflect/2.0.7/powermock-reflect-2.0.7.jar (68 kB at 1.1 MB/s)
[INFO] Downloaded from central: https://repo.maven.apache.org/maven2/net/bytebuddy/byte-buddy-agent/1.10.16/byte-buddy-agent-1.10.16.jar (259 kB at 2.8 MB/s)
[INFO] Downloaded from central: https://repo.maven.apache.org/maven2/org/mockito/mockito-core/3.5.13/mockito-core-3.5.13.jar (672 kB at 6.5 MB/s)
[INFO] 
[INFO] --- maven-clean-plugin:3.1.0:clean (default-clean) @ apm-datacarrier ---
[INFO] 
[INFO] --- maven-enforcer-plugin:3.0.0-M2:enforce (enforce-maven-version) @ apm-datacarrier ---
[INFO] Skipping Rule Enforcement.
[INFO] 
[INFO] --- maven-enforcer-plugin:3.0.0-M2:enforce (enforce-java) @ apm-datacarrier ---
[INFO] Skipping Rule Enforcement.
[INFO] 
[INFO] --- os-maven-plugin:1.6.2:detect (default) @ apm-datacarrier ---
[INFO] ------------------------------------------------------------------------
[INFO] Detecting the operating system and CPU architecture
[INFO] ------------------------------------------------------------------------
[INFO] os.detected.name: linux
[INFO] os.detected.arch: x86_64
[INFO] os.detected.version: 6.8
[INFO] os.detected.version.major: 6
[INFO] os.detected.version.minor: 8
[INFO] os.detected.release: ubuntu
[INFO] os.detected.release.version: 22.04
[INFO] os.detected.release.like.ubuntu: true
[INFO] os.detected.release.like.debian: true
[INFO] os.detected.classifier: linux-x86_64
[INFO] 
[INFO] --- maven-checkstyle-plugin:3.1.0:check (validate) @ apm-datacarrier ---
[INFO] 
[INFO] --- maven-remote-resources-plugin:1.5:process (process-resource-bundles) @ apm-datacarrier ---
[INFO] 
[INFO] --- maven-resources-plugin:3.1.0:resources (default-resources) @ apm-datacarrier ---
[INFO] Using 'UTF-8' encoding to copy filtered resources.
[INFO] skip non existing resourceDirectory /home/srafi/after-cam-ready/compare_/compile_repair_output/work/c4b1d0cf4c70/apm-commons/apm-datacarrier/src/main/resources
[INFO] Copying 3 resources
[INFO] 
[INFO] --- maven-compiler-plugin:3.8.0:compile (default-compile) @ apm-datacarrier ---
[INFO] Changes detected - recompiling the module!
[INFO] Compiling 20 source files to /home/srafi/after-cam-ready/compare_/compile_repair_output/work/c4b1d0cf4c70/apm-commons/apm-datacarrier/target/classes
[INFO] /home/srafi/after-cam-ready/compare_/compile_repair_output/work/c4b1d0cf4c70/apm-commons/apm-datacarrier/src/main/java/org/apache/skywalking/apm/commons/datacarrier/buffer/Channels.java: Some input files use unchecked or unsafe operations.
[INFO] /home/srafi/after-cam-ready/compare_/compile_repair_output/work/c4b1d0cf4c70/apm-commons/apm-datacarrier/src/main/java/org/apache/skywalking/apm/commons/datacarrier/buffer/Channels.java: Recompile with -Xlint:unchecked for details.
[INFO] 
[INFO] --- maven-resources-plugin:3.1.0:testResources (default-testResources) @ apm-datacarrier ---
[INFO] Using 'UTF-8' encoding to copy filtered resources.
[INFO] skip non existing resourceDirectory /home/srafi/after-cam-ready/compare_/compile_repair_output/work/c4b1d0cf4c70/apm-commons/apm-datacarrier/src/test/resources
[INFO] Copying 3 resources
[INFO] 
[INFO] --- maven-compiler-plugin:3.8.0:testCompile (default-testCompile) @ apm-datacarrier ---
[INFO] Changes detected - recompiling the module!
[INFO] Compiling 13 source files to /home/srafi/after-cam-ready/compare_/compile_repair_output/work/c4b1d0cf4c70/apm-commons/apm-datacarrier/target/test-classes
[INFO] /home/srafi/after-cam-ready/compare_/compile_repair_output/work/c4b1d0cf4c70/apm-commons/apm-datacarrier/src/test/java/org/apache/skywalking/apm/commons/datacarrier/DataCarrierTest.java: /home/srafi/after-cam-ready/compare_/compile_repair_output/work/c4b1d0cf4c70/apm-commons/apm-datacarrier/src/test/java/org/apache/skywalking/apm/commons/datacarrier/DataCarrierTest.java uses unchecked or unsafe operations.
[INFO] /home/srafi/after-cam-ready/compare_/compile_repair_output/work/c4b1d0cf4c70/apm-commons/apm-datacarrier/src/test/java/org/apache/skywalking/apm/commons/datacarrier/DataCarrierTest.java: Recompile with -Xlint:unchecked for details.
[INFO] 
[INFO] --- maven-surefire-plugin:2.22.0:test (default-test) @ apm-datacarrier ---
[INFO] Tests are skipped.
[INFO] 
[INFO] --- maven-jar-plugin:3.1.0:jar (default-jar) @ apm-datacarrier ---
[INFO] Building jar: /home/srafi/after-cam-ready/compare_/compile_repair_output/work/c4b1d0cf4c70/apm-commons/apm-datacarrier/target/apm-datacarrier-8.3.0-SNAPSHOT.jar
[INFO] 
[INFO] --- maven-site-plugin:3.7.1:attach-descriptor (attach-descriptor) @ apm-datacarrier ---
[INFO] Skipping because packaging 'jar' is not pom.
[INFO] 
[INFO] --- apache-rat-plugin:0.12:check (default) @ apm-datacarrier ---
[INFO] RAT will not execute since it is configured to be skipped via system property 'rat.skip'.
[INFO] 
[INFO] --- maven-install-plugin:2.5.2:install (default-install) @ apm-datacarrier ---
[INFO] Installing /home/srafi/after-cam-ready/compare_/compile_repair_output/work/c4b1d0cf4c70/apm-commons/apm-datacarrier/target/apm-datacarrier-8.3.0-SNAPSHOT.jar to /home/srafi/.m2/repository/org/apache/skywalking/apm-datacarrier/8.3.0-SNAPSHOT/apm-datacarrier-8.3.0-SNAPSHOT.jar
[INFO] Installing /home/srafi/after-cam-ready/compare_/compile_repair_output/work/c4b1d0cf4c70/apm-commons/apm-datacarrier/pom.xml to /home/srafi/.m2/repository/org/apache/skywalking/apm-datacarrier/8.3.0-SNAPSHOT/apm-datacarrier-8.3.0-SNAPSHOT.pom
[INFO] ------------------------------------------------------------------------
[INFO] Reactor Summary for apm 8.3.0-SNAPSHOT:
[INFO] 
[INFO] apm ................................................ SUCCESS [  1.116 s]
[INFO] apm-commons ........................................ SUCCESS [  0.045 s]
[INFO] apm-datacarrier .................................... SUCCESS [  2.138 s]
[INFO] ------------------------------------------------------------------------
[INFO] BUILD SUCCESS
[INFO] ------------------------------------------------------------------------
[INFO] Total time:  4.932 s
[INFO] Finished at: 2026-08-15T16:05:43-04:00
[INFO] ------------------------------------------------------------------------
