JAVA_HOME=/usr/lib/jvm/java-8-openjdk-amd64
COMMAND=bash /home/srafi/after-cam-ready/compare_/compile_repair_output/work/41c9ec5f8f00/mvnw -B clean install -DskipTests -U -Ddependency-check.skip=true -Dgpg.skip=true -DfailIfNoTests=false -Dskip.installnodenpm=true -Dskip.npm=true -Dskip.yarn=true -Dlicense.skip=true -Dcheckstyle.skip=true -Drat.skip=true -Denforcer.skip=true -Danimal.sniffer.skip=true -Dmaven.javadoc.skip=true -Dfindbugs.skip=true -Dspotbugs.skip=true -Dwarbucks.skip=true -Dmodernizer.skip=true -Dimpsort.skip=true -Dmdep.analyze.skip=true -Dpgpverify.skip=true -Dxml.skip=true -Dcobertura.skip=true

[INFO] Scanning for projects...
[INFO] Inspecting build with total of 1 modules...
[INFO] Installing Nexus Staging features:
[INFO]   ... total of 1 executions of maven-deploy-plugin replaced with nexus-staging-maven-plugin
[INFO] 
[INFO] ------< com.fasterxml.jackson.dataformat:jackson-dataformat-xml >-------
[INFO] Building Jackson-dataformat-XML 2.14.0
[INFO] -------------------------------[ bundle ]-------------------------------
[INFO] Downloading from central: https://repo.maven.apache.org/maven2/com/fasterxml/jackson/module/jackson-module-jakarta-xmlbind-annotations/2.14.0/jackson-module-jakarta-xmlbind-annotations-2.14.0.pom
[INFO] Downloaded from central: https://repo.maven.apache.org/maven2/com/fasterxml/jackson/module/jackson-module-jakarta-xmlbind-annotations/2.14.0/jackson-module-jakarta-xmlbind-annotations-2.14.0.pom (3.6 kB at 18 kB/s)
[INFO] Downloading from central: https://repo.maven.apache.org/maven2/com/fasterxml/jackson/module/jackson-modules-base/2.14.0/jackson-modules-base-2.14.0.pom
[INFO] Downloaded from central: https://repo.maven.apache.org/maven2/com/fasterxml/jackson/module/jackson-modules-base/2.14.0/jackson-modules-base-2.14.0.pom (3.7 kB at 91 kB/s)
[INFO] Downloading from central: https://repo.maven.apache.org/maven2/jakarta/xml/bind/jakarta.xml.bind-api/3.0.1/jakarta.xml.bind-api-3.0.1.pom
[INFO] Downloaded from central: https://repo.maven.apache.org/maven2/jakarta/xml/bind/jakarta.xml.bind-api/3.0.1/jakarta.xml.bind-api-3.0.1.pom (13 kB at 378 kB/s)
[INFO] Downloading from central: https://repo.maven.apache.org/maven2/jakarta/xml/bind/jakarta.xml.bind-api-parent/3.0.1/jakarta.xml.bind-api-parent-3.0.1.pom
[INFO] Downloaded from central: https://repo.maven.apache.org/maven2/jakarta/xml/bind/jakarta.xml.bind-api-parent/3.0.1/jakarta.xml.bind-api-parent-3.0.1.pom (9.5 kB at 298 kB/s)
[INFO] Downloading from central: https://repo.maven.apache.org/maven2/com/sun/xml/stream/sjsxp/1.0.2/sjsxp-1.0.2.pom
[INFO] Downloaded from central: https://repo.maven.apache.org/maven2/com/sun/xml/stream/sjsxp/1.0.2/sjsxp-1.0.2.pom (1.1 kB at 31 kB/s)
[INFO] Downloading from central: https://repo.maven.apache.org/maven2/javax/xml/stream/stax-api/1.0/stax-api-1.0.pom
[INFO] Downloaded from central: https://repo.maven.apache.org/maven2/javax/xml/stream/stax-api/1.0/stax-api-1.0.pom (960 B at 27 kB/s)
[INFO] Downloading from central: https://repo.maven.apache.org/maven2/com/fasterxml/jackson/module/jackson-module-jakarta-xmlbind-annotations/2.14.0/jackson-module-jakarta-xmlbind-annotations-2.14.0.jar
[INFO] Downloading from central: https://repo.maven.apache.org/maven2/jakarta/xml/bind/jakarta.xml.bind-api/3.0.1/jakarta.xml.bind-api-3.0.1.jar
[INFO] Downloading from central: https://repo.maven.apache.org/maven2/com/sun/xml/stream/sjsxp/1.0.2/sjsxp-1.0.2.jar
[INFO] Downloading from central: https://repo.maven.apache.org/maven2/javax/xml/stream/stax-api/1.0/stax-api-1.0.jar
[INFO] Downloaded from central: https://repo.maven.apache.org/maven2/com/fasterxml/jackson/module/jackson-module-jakarta-xmlbind-annotations/2.14.0/jackson-module-jakarta-xmlbind-annotations-2.14.0.jar (32 kB at 1.0 MB/s)
[INFO] Downloaded from central: https://repo.maven.apache.org/maven2/jakarta/xml/bind/jakarta.xml.bind-api/3.0.1/jakarta.xml.bind-api-3.0.1.jar (129 kB at 2.1 MB/s)
[INFO] Downloaded from central: https://repo.maven.apache.org/maven2/javax/xml/stream/stax-api/1.0/stax-api-1.0.jar (26 kB at 431 kB/s)
[INFO] Downloaded from central: https://repo.maven.apache.org/maven2/com/sun/xml/stream/sjsxp/1.0.2/sjsxp-1.0.2.jar (337 kB at 2.4 MB/s)
[INFO] 
[INFO] --- maven-clean-plugin:3.2.0:clean (default-clean) @ jackson-dataformat-xml ---
[INFO] 
[INFO] --- maven-enforcer-plugin:3.0.0-M3:enforce (enforce-java) @ jackson-dataformat-xml ---
[INFO] Skipping Rule Enforcement.
[INFO] 
[INFO] --- jacoco-maven-plugin:0.8.7:prepare-agent (default) @ jackson-dataformat-xml ---
[INFO] argLine set to -javaagent:/home/srafi/.m2/repository/org/jacoco/org.jacoco.agent/0.8.7/org.jacoco.agent-0.8.7-runtime.jar=destfile=/home/srafi/after-cam-ready/compare_/compile_repair_output/work/41c9ec5f8f00/target/jacoco.exec
[INFO] 
[INFO] --- build-helper-maven-plugin:3.3.0:add-source (add-generated-sources) @ jackson-dataformat-xml ---
[INFO] Source directory: /home/srafi/after-cam-ready/compare_/compile_repair_output/work/41c9ec5f8f00/target/generated-sources added.
[INFO] 
[INFO] --- replacer:1.5.3:replace (process-packageVersion) @ jackson-dataformat-xml ---
[INFO] Replacement run on 1 file.
[INFO] 
[INFO] --- build-helper-maven-plugin:3.3.0:add-resource (add-resource) @ jackson-dataformat-xml ---
[INFO] 
[INFO] --- maven-resources-plugin:3.3.0:resources (default-resources) @ jackson-dataformat-xml ---
[INFO] Copying 4 resources
[INFO] Copying 1 resource to META-INF
[INFO] 
[INFO] --- maven-compiler-plugin:3.10.1:compile (default-compile) @ jackson-dataformat-xml ---
[INFO] Changes detected - recompiling the module!
[INFO] Compiling 40 source files to /home/srafi/after-cam-ready/compare_/compile_repair_output/work/41c9ec5f8f00/target/classes
[INFO] 
[INFO] --- maven-resources-plugin:3.3.0:testResources (default-testResources) @ jackson-dataformat-xml ---
[INFO] Copying 2 resources
[INFO] 
[INFO] --- maven-compiler-plugin:3.10.1:testCompile (default-testCompile) @ jackson-dataformat-xml ---
[INFO] Changes detected - recompiling the module!
[INFO] Compiling 126 source files to /home/srafi/after-cam-ready/compare_/compile_repair_output/work/41c9ec5f8f00/target/test-classes
[INFO] 
[INFO] --- maven-surefire-plugin:2.22.2:test (default-test) @ jackson-dataformat-xml ---
[INFO] Tests are skipped.
[INFO] 
[INFO] --- jacoco-maven-plugin:0.8.7:report (report) @ jackson-dataformat-xml ---
[INFO] Skipping JaCoCo execution due to missing execution data file.
[INFO] 
[INFO] --- maven-bundle-plugin:5.1.8:bundle (default-bundle) @ jackson-dataformat-xml ---
[INFO] Building bundle: /home/srafi/after-cam-ready/compare_/compile_repair_output/work/41c9ec5f8f00/target/jackson-dataformat-xml-2.14.0.jar
[INFO] Writing manifest: /home/srafi/after-cam-ready/compare_/compile_repair_output/work/41c9ec5f8f00/target/classes/META-INF/MANIFEST.MF
[INFO] 
[INFO] --- maven-site-plugin:3.12.1:attach-descriptor (attach-descriptor) @ jackson-dataformat-xml ---
[INFO] Skipping because packaging 'bundle' is not pom.
[INFO] 
[INFO] --- moditect-maven-plugin:1.0.0.RC2:add-module-info (add-module-infos) @ jackson-dataformat-xml ---
[INFO] 
[INFO] --- gradle-module-metadata-maven-plugin:0.2.0:gmm (default) @ jackson-dataformat-xml ---
[INFO] 
[INFO] --- maven-install-plugin:3.0.1:install (default-install) @ jackson-dataformat-xml ---
[INFO] Installing /home/srafi/after-cam-ready/compare_/compile_repair_output/work/41c9ec5f8f00/pom.xml to /home/srafi/.m2/repository/com/fasterxml/jackson/dataformat/jackson-dataformat-xml/2.14.0/jackson-dataformat-xml-2.14.0.pom
[INFO] Installing /home/srafi/after-cam-ready/compare_/compile_repair_output/work/41c9ec5f8f00/target/jackson-dataformat-xml-2.14.0.jar to /home/srafi/.m2/repository/com/fasterxml/jackson/dataformat/jackson-dataformat-xml/2.14.0/jackson-dataformat-xml-2.14.0.jar
[INFO] Installing /home/srafi/after-cam-ready/compare_/compile_repair_output/work/41c9ec5f8f00/target/publications/maven/module.json to /home/srafi/.m2/repository/com/fasterxml/jackson/dataformat/jackson-dataformat-xml/2.14.0/jackson-dataformat-xml-2.14.0.module
[INFO] 
[INFO] --- maven-bundle-plugin:5.1.8:install (default-install) @ jackson-dataformat-xml ---
[INFO] Installing com/fasterxml/jackson/dataformat/jackson-dataformat-xml/2.14.0/jackson-dataformat-xml-2.14.0.jar
[INFO] Writing OBR metadata
[INFO] ------------------------------------------------------------------------
[INFO] BUILD SUCCESS
[INFO] ------------------------------------------------------------------------
[INFO] Total time:  4.132 s
[INFO] Finished at: 2026-08-15T16:20:15-04:00
[INFO] ------------------------------------------------------------------------
