JAVA_HOME=/usr/lib/jvm/java-8-openjdk-amd64
COMMAND=mvn -B clean install -DskipTests -U -pl querydsl-apt -am -Ddependency-check.skip=true -Dgpg.skip=true -DfailIfNoTests=false -Dskip.installnodenpm=true -Dskip.npm=true -Dskip.yarn=true -Dlicense.skip=true -Dcheckstyle.skip=true -Drat.skip=true -Denforcer.skip=true -Danimal.sniffer.skip=true -Dmaven.javadoc.skip=true -Dfindbugs.skip=true -Dspotbugs.skip=true -Dwarbucks.skip=true -Dmodernizer.skip=true -Dimpsort.skip=true -Dmdep.analyze.skip=true -Dpgpverify.skip=true -Dxml.skip=true -Dcobertura.skip=true

[INFO] Scanning for projects...
Warning: KebabPizza disabling incompatible org.apache.maven.plugins:maven-enforcer-plugin from querydsl-root
Warning: KebabPizza disabling incompatible org.jacoco:jacoco-maven-plugin from querydsl-root
Warning: KebabPizza disabling incompatible org.apache.maven.plugins:maven-enforcer-plugin from querydsl-core
Warning: KebabPizza disabling incompatible org.jacoco:jacoco-maven-plugin from querydsl-core
Warning: KebabPizza disabling incompatible org.apache.maven.plugins:maven-enforcer-plugin from querydsl-codegen
Warning: KebabPizza disabling incompatible org.jacoco:jacoco-maven-plugin from querydsl-codegen
Warning: KebabPizza disabling incompatible org.apache.maven.plugins:maven-enforcer-plugin from querydsl-apt
Warning: KebabPizza disabling incompatible org.jacoco:jacoco-maven-plugin from querydsl-apt
[INFO] ------------------------------------------------------------------------
[INFO] Reactor Build Order:
[INFO] 
[INFO] Querydsl                                                           [pom]
[INFO] Querydsl - Core module                                             [jar]
[INFO] Querydsl - Codegen module                                          [jar]
[INFO] Querydsl - APT support                                             [jar]
[INFO] 
[INFO] ---------------------< com.querydsl:querydsl-root >---------------------
[INFO] Building Querydsl 4.2.1                                            [1/4]
[INFO] --------------------------------[ pom ]---------------------------------
[INFO] 
[INFO] --- maven-clean-plugin:2.5:clean (default-clean) @ querydsl-root ---
[INFO] 
[INFO] --- maven-checkstyle-plugin:2.15:check (checkstyle) @ querydsl-root ---
[INFO] 
[INFO] --- maven-checkstyle-plugin:2.15:check (checkstyle-main) @ querydsl-root ---
[INFO] 
[INFO] --- animal-sniffer-maven-plugin:1.14:check (ensure-java-1.6-class-library) @ querydsl-root ---
[INFO] Signature checking is skipped.
[INFO] 
[INFO] >>> maven-source-plugin:2.4:jar (default) > generate-sources @ querydsl-root >>>
[INFO] 
[INFO] --- maven-checkstyle-plugin:2.15:check (checkstyle) @ querydsl-root ---
[INFO] 
[INFO] --- maven-checkstyle-plugin:2.15:check (checkstyle-main) @ querydsl-root ---
[INFO] 
[INFO] <<< maven-source-plugin:2.4:jar (default) < generate-sources @ querydsl-root <<<
[INFO] 
[INFO] 
[INFO] --- maven-source-plugin:2.4:jar (default) @ querydsl-root ---
[INFO] 
[INFO] --- maven-javadoc-plugin:2.10.3:jar (default) @ querydsl-root ---
[INFO] Skipping javadoc generation
[INFO] 
[INFO] --- maven-gpg-plugin:1.6:sign (sign-artifacts) @ querydsl-root ---
[INFO] 
[INFO] --- maven-install-plugin:2.4:install (default-install) @ querydsl-root ---
[INFO] Installing /home/srafi/after-cam-ready/compare_/compile_repair_output/work/010d93fbe72b/pom.xml to /home/srafi/.m2/repository/com/querydsl/querydsl-root/4.2.1/querydsl-root-4.2.1.pom
[INFO] 
[INFO] ---------------------< com.querydsl:querydsl-core >---------------------
[INFO] Building Querydsl - Core module 4.2.1                              [2/4]
[INFO] --------------------------------[ jar ]---------------------------------
[INFO] Downloading from com.springsource.repository.bundles.external: https://repository.springsource.com/maven/bundles/external/org/apache/maven/plugins/maven-surefire-plugin/3.0.0-M8-SNAPSHOT/maven-metadata.xml
[INFO] Downloading from com.springsource.repository.bundles.release: https://repository.springsource.com/maven/bundles/release/org/apache/maven/plugins/maven-surefire-plugin/3.0.0-M8-SNAPSHOT/maven-metadata.xml
[WARNING] Could not transfer metadata org.apache.maven.plugins:maven-surefire-plugin:3.0.0-M8-SNAPSHOT/maven-metadata.xml from/to com.springsource.repository.bundles.release (https://repository.springsource.com/maven/bundles/release): Transfer failed for https://repository.springsource.com/maven/bundles/release/org/apache/maven/plugins/maven-surefire-plugin/3.0.0-M8-SNAPSHOT/maven-metadata.xml
[WARNING] Could not transfer metadata org.apache.maven.plugins:maven-surefire-plugin:3.0.0-M8-SNAPSHOT/maven-metadata.xml from/to com.springsource.repository.bundles.external (https://repository.springsource.com/maven/bundles/external): Transfer failed for https://repository.springsource.com/maven/bundles/external/org/apache/maven/plugins/maven-surefire-plugin/3.0.0-M8-SNAPSHOT/maven-metadata.xml
[WARNING] Failure to transfer org.apache.maven.plugins:maven-surefire-plugin:3.0.0-M8-SNAPSHOT/maven-metadata.xml from https://repository.springsource.com/maven/bundles/release was cached in the local repository, resolution will not be reattempted until the update interval of com.springsource.repository.bundles.release has elapsed or updates are forced. Original error: Could not transfer metadata org.apache.maven.plugins:maven-surefire-plugin:3.0.0-M8-SNAPSHOT/maven-metadata.xml from/to com.springsource.repository.bundles.release (https://repository.springsource.com/maven/bundles/release): Transfer failed for https://repository.springsource.com/maven/bundles/release/org/apache/maven/plugins/maven-surefire-plugin/3.0.0-M8-SNAPSHOT/maven-metadata.xml
[WARNING] Failure to transfer org.apache.maven.plugins:maven-surefire-plugin:3.0.0-M8-SNAPSHOT/maven-metadata.xml from https://repository.springsource.com/maven/bundles/external was cached in the local repository, resolution will not be reattempted until the update interval of com.springsource.repository.bundles.external has elapsed or updates are forced. Original error: Could not transfer metadata org.apache.maven.plugins:maven-surefire-plugin:3.0.0-M8-SNAPSHOT/maven-metadata.xml from/to com.springsource.repository.bundles.external (https://repository.springsource.com/maven/bundles/external): Transfer failed for https://repository.springsource.com/maven/bundles/external/org/apache/maven/plugins/maven-surefire-plugin/3.0.0-M8-SNAPSHOT/maven-metadata.xml
[INFO] Downloading from com.springsource.repository.bundles.release: https://repository.springsource.com/maven/bundles/release/org/apache/maven/surefire/surefire/3.0.0-M8-SNAPSHOT/maven-metadata.xml
[INFO] Downloading from com.springsource.repository.bundles.external: https://repository.springsource.com/maven/bundles/external/org/apache/maven/surefire/surefire/3.0.0-M8-SNAPSHOT/maven-metadata.xml
[WARNING] Could not transfer metadata org.apache.maven.surefire:surefire:3.0.0-M8-SNAPSHOT/maven-metadata.xml from/to com.springsource.repository.bundles.release (https://repository.springsource.com/maven/bundles/release): Transfer failed for https://repository.springsource.com/maven/bundles/release/org/apache/maven/surefire/surefire/3.0.0-M8-SNAPSHOT/maven-metadata.xml
[WARNING] Could not transfer metadata org.apache.maven.surefire:surefire:3.0.0-M8-SNAPSHOT/maven-metadata.xml from/to com.springsource.repository.bundles.external (https://repository.springsource.com/maven/bundles/external): Transfer failed for https://repository.springsource.com/maven/bundles/external/org/apache/maven/surefire/surefire/3.0.0-M8-SNAPSHOT/maven-metadata.xml
[INFO] 
[INFO] --- maven-clean-plugin:2.5:clean (default-clean) @ querydsl-core ---
[INFO] 
[INFO] --- maven-checkstyle-plugin:2.15:check (checkstyle) @ querydsl-core ---
[INFO] 
[INFO] --- maven-checkstyle-plugin:2.15:check (checkstyle-main) @ querydsl-core ---
[INFO] 
[INFO] --- maven-resources-plugin:2.6:resources (default-resources) @ querydsl-core ---
[INFO] Using 'UTF-8' encoding to copy filtered resources.
[INFO] skip non existing resourceDirectory /home/srafi/after-cam-ready/compare_/compile_repair_output/work/010d93fbe72b/querydsl-core/src/main/resources
[INFO] 
[INFO] --- maven-compiler-plugin:3.3:compile (default-compile) @ querydsl-core ---
[INFO] Changes detected - recompiling the module!
[INFO] Compiling 234 source files to /home/srafi/after-cam-ready/compare_/compile_repair_output/work/010d93fbe72b/querydsl-core/target/classes
[INFO] /home/srafi/after-cam-ready/compare_/compile_repair_output/work/010d93fbe72b/querydsl-core/src/main/java/com/querydsl/core/types/dsl/SimpleTemplate.java: Some input files use or override a deprecated API.
[INFO] /home/srafi/after-cam-ready/compare_/compile_repair_output/work/010d93fbe72b/querydsl-core/src/main/java/com/querydsl/core/types/dsl/SimpleTemplate.java: Recompile with -Xlint:deprecation for details.
[INFO] /home/srafi/after-cam-ready/compare_/compile_repair_output/work/010d93fbe72b/querydsl-core/src/main/java/com/querydsl/core/types/Template.java: Some input files use unchecked or unsafe operations.
[INFO] /home/srafi/after-cam-ready/compare_/compile_repair_output/work/010d93fbe72b/querydsl-core/src/main/java/com/querydsl/core/types/Template.java: Recompile with -Xlint:unchecked for details.
[INFO] 
[INFO] --- maven-bundle-plugin:2.4.0:manifest (bundle-manifest) @ querydsl-core ---
[INFO] 
[INFO] --- bridge-method-injector:1.13:process (default) @ querydsl-core ---
[INFO] 
[INFO] --- maven-resources-plugin:2.6:testResources (default-testResources) @ querydsl-core ---
[INFO] Using 'UTF-8' encoding to copy filtered resources.
[INFO] Copying 1 resource
[INFO] 
[INFO] --- maven-compiler-plugin:3.3:testCompile (default-testCompile) @ querydsl-core ---
[INFO] Changes detected - recompiling the module!
[INFO] Compiling 235 source files to /home/srafi/after-cam-ready/compare_/compile_repair_output/work/010d93fbe72b/querydsl-core/target/test-classes
[INFO] /home/srafi/after-cam-ready/compare_/compile_repair_output/work/010d93fbe72b/querydsl-core/src/test/java/com/querydsl/core/QueryExecution.java: /home/srafi/after-cam-ready/compare_/compile_repair_output/work/010d93fbe72b/querydsl-core/src/test/java/com/querydsl/core/QueryExecution.java uses unchecked or unsafe operations.
[INFO] /home/srafi/after-cam-ready/compare_/compile_repair_output/work/010d93fbe72b/querydsl-core/src/test/java/com/querydsl/core/QueryExecution.java: Recompile with -Xlint:unchecked for details.
[INFO] 
[INFO] --- maven-surefire-plugin:3.0.0-M8-SNAPSHOT:test (default-test) @ querydsl-core ---
[INFO] Downloading from com.springsource.repository.bundles.external: https://repository.springsource.com/maven/bundles/external/org/apache/maven/surefire/maven-surefire-common/3.0.0-M8-SNAPSHOT/maven-metadata.xml
[INFO] Downloading from com.springsource.repository.bundles.release: https://repository.springsource.com/maven/bundles/release/org/apache/maven/surefire/maven-surefire-common/3.0.0-M8-SNAPSHOT/maven-metadata.xml
[INFO] Downloading from apache.snapshots: https://repository.apache.org/snapshots/org/apache/maven/surefire/maven-surefire-common/3.0.0-M8-SNAPSHOT/maven-metadata.xml
[WARNING] Could not transfer metadata org.apache.maven.surefire:maven-surefire-common:3.0.0-M8-SNAPSHOT/maven-metadata.xml from/to com.springsource.repository.bundles.release (https://repository.springsource.com/maven/bundles/release): Transfer failed for https://repository.springsource.com/maven/bundles/release/org/apache/maven/surefire/maven-surefire-common/3.0.0-M8-SNAPSHOT/maven-metadata.xml
[WARNING] Could not transfer metadata org.apache.maven.surefire:maven-surefire-common:3.0.0-M8-SNAPSHOT/maven-metadata.xml from/to com.springsource.repository.bundles.external (https://repository.springsource.com/maven/bundles/external): Transfer failed for https://repository.springsource.com/maven/bundles/external/org/apache/maven/surefire/maven-surefire-common/3.0.0-M8-SNAPSHOT/maven-metadata.xml
[WARNING] Failure to transfer org.apache.maven.surefire:maven-surefire-common:3.0.0-M8-SNAPSHOT/maven-metadata.xml from https://repository.springsource.com/maven/bundles/release was cached in the local repository, resolution will not be reattempted until the update interval of com.springsource.repository.bundles.release has elapsed or updates are forced. Original error: Could not transfer metadata org.apache.maven.surefire:maven-surefire-common:3.0.0-M8-SNAPSHOT/maven-metadata.xml from/to com.springsource.repository.bundles.release (https://repository.springsource.com/maven/bundles/release): Transfer failed for https://repository.springsource.com/maven/bundles/release/org/apache/maven/surefire/maven-surefire-common/3.0.0-M8-SNAPSHOT/maven-metadata.xml
[WARNING] Failure to transfer org.apache.maven.surefire:maven-surefire-common:3.0.0-M8-SNAPSHOT/maven-metadata.xml from https://repository.springsource.com/maven/bundles/external was cached in the local repository, resolution will not be reattempted until the update interval of com.springsource.repository.bundles.external has elapsed or updates are forced. Original error: Could not transfer metadata org.apache.maven.surefire:maven-surefire-common:3.0.0-M8-SNAPSHOT/maven-metadata.xml from/to com.springsource.repository.bundles.external (https://repository.springsource.com/maven/bundles/external): Transfer failed for https://repository.springsource.com/maven/bundles/external/org/apache/maven/surefire/maven-surefire-common/3.0.0-M8-SNAPSHOT/maven-metadata.xml
[INFO] Downloading from com.springsource.repository.bundles.release: https://repository.springsource.com/maven/bundles/release/org/apache/maven/surefire/surefire-api/3.0.0-M8-SNAPSHOT/maven-metadata.xml
[INFO] Downloading from apache.snapshots: https://repository.apache.org/snapshots/org/apache/maven/surefire/surefire-api/3.0.0-M8-SNAPSHOT/maven-metadata.xml
[INFO] Downloading from com.springsource.repository.bundles.external: https://repository.springsource.com/maven/bundles/external/org/apache/maven/surefire/surefire-api/3.0.0-M8-SNAPSHOT/maven-metadata.xml
[WARNING] Could not transfer metadata org.apache.maven.surefire:surefire-api:3.0.0-M8-SNAPSHOT/maven-metadata.xml from/to com.springsource.repository.bundles.release (https://repository.springsource.com/maven/bundles/release): Transfer failed for https://repository.springsource.com/maven/bundles/release/org/apache/maven/surefire/surefire-api/3.0.0-M8-SNAPSHOT/maven-metadata.xml
[WARNING] Could not transfer metadata org.apache.maven.surefire:surefire-api:3.0.0-M8-SNAPSHOT/maven-metadata.xml from/to com.springsource.repository.bundles.external (https://repository.springsource.com/maven/bundles/external): Transfer failed for https://repository.springsource.com/maven/bundles/external/org/apache/maven/surefire/surefire-api/3.0.0-M8-SNAPSHOT/maven-metadata.xml
[WARNING] Failure to transfer org.apache.maven.surefire:surefire-api:3.0.0-M8-SNAPSHOT/maven-metadata.xml from https://repository.springsource.com/maven/bundles/release was cached in the local repository, resolution will not be reattempted until the update interval of com.springsource.repository.bundles.release has elapsed or updates are forced. Original error: Could not transfer metadata org.apache.maven.surefire:surefire-api:3.0.0-M8-SNAPSHOT/maven-metadata.xml from/to com.springsource.repository.bundles.release (https://repository.springsource.com/maven/bundles/release): Transfer failed for https://repository.springsource.com/maven/bundles/release/org/apache/maven/surefire/surefire-api/3.0.0-M8-SNAPSHOT/maven-metadata.xml
[WARNING] Failure to transfer org.apache.maven.surefire:surefire-api:3.0.0-M8-SNAPSHOT/maven-metadata.xml from https://repository.springsource.com/maven/bundles/external was cached in the local repository, resolution will not be reattempted until the update interval of com.springsource.repository.bundles.external has elapsed or updates are forced. Original error: Could not transfer metadata org.apache.maven.surefire:surefire-api:3.0.0-M8-SNAPSHOT/maven-metadata.xml from/to com.springsource.repository.bundles.external (https://repository.springsource.com/maven/bundles/external): Transfer failed for https://repository.springsource.com/maven/bundles/external/org/apache/maven/surefire/surefire-api/3.0.0-M8-SNAPSHOT/maven-metadata.xml
[INFO] Downloading from com.springsource.repository.bundles.release: https://repository.springsource.com/maven/bundles/release/org/apache/maven/surefire/surefire-logger-api/3.0.0-M8-SNAPSHOT/maven-metadata.xml
[INFO] Downloading from apache.snapshots: https://repository.apache.org/snapshots/org/apache/maven/surefire/surefire-logger-api/3.0.0-M8-SNAPSHOT/maven-metadata.xml
[INFO] Downloading from com.springsource.repository.bundles.external: https://repository.springsource.com/maven/bundles/external/org/apache/maven/surefire/surefire-logger-api/3.0.0-M8-SNAPSHOT/maven-metadata.xml
[WARNING] Could not transfer metadata org.apache.maven.surefire:surefire-logger-api:3.0.0-M8-SNAPSHOT/maven-metadata.xml from/to com.springsource.repository.bundles.release (https://repository.springsource.com/maven/bundles/release): Transfer failed for https://repository.springsource.com/maven/bundles/release/org/apache/maven/surefire/surefire-logger-api/3.0.0-M8-SNAPSHOT/maven-metadata.xml
[WARNING] Could not transfer metadata org.apache.maven.surefire:surefire-logger-api:3.0.0-M8-SNAPSHOT/maven-metadata.xml from/to com.springsource.repository.bundles.external (https://repository.springsource.com/maven/bundles/external): Transfer failed for https://repository.springsource.com/maven/bundles/external/org/apache/maven/surefire/surefire-logger-api/3.0.0-M8-SNAPSHOT/maven-metadata.xml
[WARNING] Failure to transfer org.apache.maven.surefire:surefire-logger-api:3.0.0-M8-SNAPSHOT/maven-metadata.xml from https://repository.springsource.com/maven/bundles/release was cached in the local repository, resolution will not be reattempted until the update interval of com.springsource.repository.bundles.release has elapsed or updates are forced. Original error: Could not transfer metadata org.apache.maven.surefire:surefire-logger-api:3.0.0-M8-SNAPSHOT/maven-metadata.xml from/to com.springsource.repository.bundles.release (https://repository.springsource.com/maven/bundles/release): Transfer failed for https://repository.springsource.com/maven/bundles/release/org/apache/maven/surefire/surefire-logger-api/3.0.0-M8-SNAPSHOT/maven-metadata.xml
[WARNING] Failure to transfer org.apache.maven.surefire:surefire-logger-api:3.0.0-M8-SNAPSHOT/maven-metadata.xml from https://repository.springsource.com/maven/bundles/external was cached in the local repository, resolution will not be reattempted until the update interval of com.springsource.repository.bundles.external has elapsed or updates are forced. Original error: Could not transfer metadata org.apache.maven.surefire:surefire-logger-api:3.0.0-M8-SNAPSHOT/maven-metadata.xml from/to com.springsource.repository.bundles.external (https://repository.springsource.com/maven/bundles/external): Transfer failed for https://repository.springsource.com/maven/bundles/external/org/apache/maven/surefire/surefire-logger-api/3.0.0-M8-SNAPSHOT/maven-metadata.xml
[INFO] Downloading from com.springsource.repository.bundles.external: https://repository.springsource.com/maven/bundles/external/org/apache/maven/surefire/surefire-shared-utils/3.0.0-M8-SNAPSHOT/maven-metadata.xml
[INFO] Downloading from com.springsource.repository.bundles.release: https://repository.springsource.com/maven/bundles/release/org/apache/maven/surefire/surefire-shared-utils/3.0.0-M8-SNAPSHOT/maven-metadata.xml
[INFO] Downloading from apache.snapshots: https://repository.apache.org/snapshots/org/apache/maven/surefire/surefire-shared-utils/3.0.0-M8-SNAPSHOT/maven-metadata.xml
[WARNING] Could not transfer metadata org.apache.maven.surefire:surefire-shared-utils:3.0.0-M8-SNAPSHOT/maven-metadata.xml from/to com.springsource.repository.bundles.release (https://repository.springsource.com/maven/bundles/release): Transfer failed for https://repository.springsource.com/maven/bundles/release/org/apache/maven/surefire/surefire-shared-utils/3.0.0-M8-SNAPSHOT/maven-metadata.xml
[WARNING] Could not transfer metadata org.apache.maven.surefire:surefire-shared-utils:3.0.0-M8-SNAPSHOT/maven-metadata.xml from/to com.springsource.repository.bundles.external (https://repository.springsource.com/maven/bundles/external): Transfer failed for https://repository.springsource.com/maven/bundles/external/org/apache/maven/surefire/surefire-shared-utils/3.0.0-M8-SNAPSHOT/maven-metadata.xml
[WARNING] Failure to transfer org.apache.maven.surefire:surefire-shared-utils:3.0.0-M8-SNAPSHOT/maven-metadata.xml from https://repository.springsource.com/maven/bundles/release was cached in the local repository, resolution will not be reattempted until the update interval of com.springsource.repository.bundles.release has elapsed or updates are forced. Original error: Could not transfer metadata org.apache.maven.surefire:surefire-shared-utils:3.0.0-M8-SNAPSHOT/maven-metadata.xml from/to com.springsource.repository.bundles.release (https://repository.springsource.com/maven/bundles/release): Transfer failed for https://repository.springsource.com/maven/bundles/release/org/apache/maven/surefire/surefire-shared-utils/3.0.0-M8-SNAPSHOT/maven-metadata.xml
[WARNING] Failure to transfer org.apache.maven.surefire:surefire-shared-utils:3.0.0-M8-SNAPSHOT/maven-metadata.xml from https://repository.springsource.com/maven/bundles/external was cached in the local repository, resolution will not be reattempted until the update interval of com.springsource.repository.bundles.external has elapsed or updates are forced. Original error: Could not transfer metadata org.apache.maven.surefire:surefire-shared-utils:3.0.0-M8-SNAPSHOT/maven-metadata.xml from/to com.springsource.repository.bundles.external (https://repository.springsource.com/maven/bundles/external): Transfer failed for https://repository.springsource.com/maven/bundles/external/org/apache/maven/surefire/surefire-shared-utils/3.0.0-M8-SNAPSHOT/maven-metadata.xml
[INFO] Downloading from com.springsource.repository.bundles.external: https://repository.springsource.com/maven/bundles/external/org/apache/maven/surefire/surefire-extensions-api/3.0.0-M8-SNAPSHOT/maven-metadata.xml
[INFO] Downloading from apache.snapshots: https://repository.apache.org/snapshots/org/apache/maven/surefire/surefire-extensions-api/3.0.0-M8-SNAPSHOT/maven-metadata.xml
[INFO] Downloading from com.springsource.repository.bundles.release: https://repository.springsource.com/maven/bundles/release/org/apache/maven/surefire/surefire-extensions-api/3.0.0-M8-SNAPSHOT/maven-metadata.xml
[WARNING] Could not transfer metadata org.apache.maven.surefire:surefire-extensions-api:3.0.0-M8-SNAPSHOT/maven-metadata.xml from/to com.springsource.repository.bundles.release (https://repository.springsource.com/maven/bundles/release): Transfer failed for https://repository.springsource.com/maven/bundles/release/org/apache/maven/surefire/surefire-extensions-api/3.0.0-M8-SNAPSHOT/maven-metadata.xml
[WARNING] Could not transfer metadata org.apache.maven.surefire:surefire-extensions-api:3.0.0-M8-SNAPSHOT/maven-metadata.xml from/to com.springsource.repository.bundles.external (https://repository.springsource.com/maven/bundles/external): Transfer failed for https://repository.springsource.com/maven/bundles/external/org/apache/maven/surefire/surefire-extensions-api/3.0.0-M8-SNAPSHOT/maven-metadata.xml
[WARNING] Failure to transfer org.apache.maven.surefire:surefire-extensions-api:3.0.0-M8-SNAPSHOT/maven-metadata.xml from https://repository.springsource.com/maven/bundles/release was cached in the local repository, resolution will not be reattempted until the update interval of com.springsource.repository.bundles.release has elapsed or updates are forced. Original error: Could not transfer metadata org.apache.maven.surefire:surefire-extensions-api:3.0.0-M8-SNAPSHOT/maven-metadata.xml from/to com.springsource.repository.bundles.release (https://repository.springsource.com/maven/bundles/release): Transfer failed for https://repository.springsource.com/maven/bundles/release/org/apache/maven/surefire/surefire-extensions-api/3.0.0-M8-SNAPSHOT/maven-metadata.xml
[WARNING] Failure to transfer org.apache.maven.surefire:surefire-extensions-api:3.0.0-M8-SNAPSHOT/maven-metadata.xml from https://repository.springsource.com/maven/bundles/external was cached in the local repository, resolution will not be reattempted until the update interval of com.springsource.repository.bundles.external has elapsed or updates are forced. Original error: Could not transfer metadata org.apache.maven.surefire:surefire-extensions-api:3.0.0-M8-SNAPSHOT/maven-metadata.xml from/to com.springsource.repository.bundles.external (https://repository.springsource.com/maven/bundles/external): Transfer failed for https://repository.springsource.com/maven/bundles/external/org/apache/maven/surefire/surefire-extensions-api/3.0.0-M8-SNAPSHOT/maven-metadata.xml
[INFO] Downloading from com.springsource.repository.bundles.release: https://repository.springsource.com/maven/bundles/release/org/apache/maven/surefire/surefire-booter/3.0.0-M8-SNAPSHOT/maven-metadata.xml
[INFO] Downloading from apache.snapshots: https://repository.apache.org/snapshots/org/apache/maven/surefire/surefire-booter/3.0.0-M8-SNAPSHOT/maven-metadata.xml
[INFO] Downloading from com.springsource.repository.bundles.external: https://repository.springsource.com/maven/bundles/external/org/apache/maven/surefire/surefire-booter/3.0.0-M8-SNAPSHOT/maven-metadata.xml
[WARNING] Could not transfer metadata org.apache.maven.surefire:surefire-booter:3.0.0-M8-SNAPSHOT/maven-metadata.xml from/to com.springsource.repository.bundles.release (https://repository.springsource.com/maven/bundles/release): Transfer failed for https://repository.springsource.com/maven/bundles/release/org/apache/maven/surefire/surefire-booter/3.0.0-M8-SNAPSHOT/maven-metadata.xml
[WARNING] Could not transfer metadata org.apache.maven.surefire:surefire-booter:3.0.0-M8-SNAPSHOT/maven-metadata.xml from/to com.springsource.repository.bundles.external (https://repository.springsource.com/maven/bundles/external): Transfer failed for https://repository.springsource.com/maven/bundles/external/org/apache/maven/surefire/surefire-booter/3.0.0-M8-SNAPSHOT/maven-metadata.xml
[WARNING] Failure to transfer org.apache.maven.surefire:surefire-booter:3.0.0-M8-SNAPSHOT/maven-metadata.xml from https://repository.springsource.com/maven/bundles/release was cached in the local repository, resolution will not be reattempted until the update interval of com.springsource.repository.bundles.release has elapsed or updates are forced. Original error: Could not transfer metadata org.apache.maven.surefire:surefire-booter:3.0.0-M8-SNAPSHOT/maven-metadata.xml from/to com.springsource.repository.bundles.release (https://repository.springsource.com/maven/bundles/release): Transfer failed for https://repository.springsource.com/maven/bundles/release/org/apache/maven/surefire/surefire-booter/3.0.0-M8-SNAPSHOT/maven-metadata.xml
[WARNING] Failure to transfer org.apache.maven.surefire:surefire-booter:3.0.0-M8-SNAPSHOT/maven-metadata.xml from https://repository.springsource.com/maven/bundles/external was cached in the local repository, resolution will not be reattempted until the update interval of com.springsource.repository.bundles.external has elapsed or updates are forced. Original error: Could not transfer metadata org.apache.maven.surefire:surefire-booter:3.0.0-M8-SNAPSHOT/maven-metadata.xml from/to com.springsource.repository.bundles.external (https://repository.springsource.com/maven/bundles/external): Transfer failed for https://repository.springsource.com/maven/bundles/external/org/apache/maven/surefire/surefire-booter/3.0.0-M8-SNAPSHOT/maven-metadata.xml
[INFO] Downloading from com.springsource.repository.bundles.release: https://repository.springsource.com/maven/bundles/release/org/apache/maven/surefire/surefire-extensions-spi/3.0.0-M8-SNAPSHOT/maven-metadata.xml
[INFO] Downloading from apache.snapshots: https://repository.apache.org/snapshots/org/apache/maven/surefire/surefire-extensions-spi/3.0.0-M8-SNAPSHOT/maven-metadata.xml
[INFO] Downloading from com.springsource.repository.bundles.external: https://repository.springsource.com/maven/bundles/external/org/apache/maven/surefire/surefire-extensions-spi/3.0.0-M8-SNAPSHOT/maven-metadata.xml
[WARNING] Could not transfer metadata org.apache.maven.surefire:surefire-extensions-spi:3.0.0-M8-SNAPSHOT/maven-metadata.xml from/to com.springsource.repository.bundles.release (https://repository.springsource.com/maven/bundles/release): Transfer failed for https://repository.springsource.com/maven/bundles/release/org/apache/maven/surefire/surefire-extensions-spi/3.0.0-M8-SNAPSHOT/maven-metadata.xml
[WARNING] Could not transfer metadata org.apache.maven.surefire:surefire-extensions-spi:3.0.0-M8-SNAPSHOT/maven-metadata.xml from/to com.springsource.repository.bundles.external (https://repository.springsource.com/maven/bundles/external): Transfer failed for https://repository.springsource.com/maven/bundles/external/org/apache/maven/surefire/surefire-extensions-spi/3.0.0-M8-SNAPSHOT/maven-metadata.xml
[WARNING] Failure to transfer org.apache.maven.surefire:surefire-extensions-spi:3.0.0-M8-SNAPSHOT/maven-metadata.xml from https://repository.springsource.com/maven/bundles/release was cached in the local repository, resolution will not be reattempted until the update interval of com.springsource.repository.bundles.release has elapsed or updates are forced. Original error: Could not transfer metadata org.apache.maven.surefire:surefire-extensions-spi:3.0.0-M8-SNAPSHOT/maven-metadata.xml from/to com.springsource.repository.bundles.release (https://repository.springsource.com/maven/bundles/release): Transfer failed for https://repository.springsource.com/maven/bundles/release/org/apache/maven/surefire/surefire-extensions-spi/3.0.0-M8-SNAPSHOT/maven-metadata.xml
[WARNING] Failure to transfer org.apache.maven.surefire:surefire-extensions-spi:3.0.0-M8-SNAPSHOT/maven-metadata.xml from https://repository.springsource.com/maven/bundles/external was cached in the local repository, resolution will not be reattempted until the update interval of com.springsource.repository.bundles.external has elapsed or updates are forced. Original error: Could not transfer metadata org.apache.maven.surefire:surefire-extensions-spi:3.0.0-M8-SNAPSHOT/maven-metadata.xml from/to com.springsource.repository.bundles.external (https://repository.springsource.com/maven/bundles/external): Transfer failed for https://repository.springsource.com/maven/bundles/external/org/apache/maven/surefire/surefire-extensions-spi/3.0.0-M8-SNAPSHOT/maven-metadata.xml
[INFO] Tests are skipped.
[INFO] 
[INFO] --- animal-sniffer-maven-plugin:1.14:check (ensure-java-1.6-class-library) @ querydsl-core ---
[INFO] Signature checking is skipped.
[INFO] 
[INFO] --- maven-jar-plugin:2.6:jar (default-jar) @ querydsl-core ---
[INFO] Adding existing MANIFEST to archive. Found under: /home/srafi/after-cam-ready/compare_/compile_repair_output/work/010d93fbe72b/querydsl-core/target/classes/META-INF/MANIFEST.MF
[INFO] Building jar: /home/srafi/after-cam-ready/compare_/compile_repair_output/work/010d93fbe72b/querydsl-core/target/querydsl-core-4.2.1.jar
[INFO] 
[INFO] >>> maven-source-plugin:2.4:test-jar (default) > generate-sources @ querydsl-core >>>
[INFO] 
[INFO] --- maven-checkstyle-plugin:2.15:check (checkstyle) @ querydsl-core ---
[INFO] 
[INFO] --- maven-checkstyle-plugin:2.15:check (checkstyle-main) @ querydsl-core ---
[INFO] 
[INFO] <<< maven-source-plugin:2.4:test-jar (default) < generate-sources @ querydsl-core <<<
[INFO] 
[INFO] 
[INFO] --- maven-source-plugin:2.4:test-jar (default) @ querydsl-core ---
[INFO] Building jar: /home/srafi/after-cam-ready/compare_/compile_repair_output/work/010d93fbe72b/querydsl-core/target/querydsl-core-4.2.1-test-sources.jar
[INFO] 
[INFO] >>> maven-source-plugin:2.4:jar (default) > generate-sources @ querydsl-core >>>
[INFO] 
[INFO] --- maven-checkstyle-plugin:2.15:check (checkstyle) @ querydsl-core ---
[INFO] 
[INFO] --- maven-checkstyle-plugin:2.15:check (checkstyle-main) @ querydsl-core ---
[INFO] 
[INFO] <<< maven-source-plugin:2.4:jar (default) < generate-sources @ querydsl-core <<<
[INFO] 
[INFO] 
[INFO] --- maven-source-plugin:2.4:jar (default) @ querydsl-core ---
[INFO] Building jar: /home/srafi/after-cam-ready/compare_/compile_repair_output/work/010d93fbe72b/querydsl-core/target/querydsl-core-4.2.1-sources.jar
[INFO] 
[INFO] --- maven-javadoc-plugin:2.10.3:jar (default) @ querydsl-core ---
[INFO] Skipping javadoc generation
[INFO] 
[INFO] --- maven-jar-plugin:2.6:test-jar (test-jar) @ querydsl-core ---
[INFO] Adding existing MANIFEST to archive. Found under: /home/srafi/after-cam-ready/compare_/compile_repair_output/work/010d93fbe72b/querydsl-core/target/classes/META-INF/MANIFEST.MF
[INFO] Building jar: /home/srafi/after-cam-ready/compare_/compile_repair_output/work/010d93fbe72b/querydsl-core/target/querydsl-core-4.2.1-tests.jar
[INFO] 
[INFO] --- maven-gpg-plugin:1.6:sign (sign-artifacts) @ querydsl-core ---
[INFO] 
[INFO] --- maven-install-plugin:2.4:install (default-install) @ querydsl-core ---
[INFO] Installing /home/srafi/after-cam-ready/compare_/compile_repair_output/work/010d93fbe72b/querydsl-core/target/querydsl-core-4.2.1.jar to /home/srafi/.m2/repository/com/querydsl/querydsl-core/4.2.1/querydsl-core-4.2.1.jar
[INFO] Installing /home/srafi/after-cam-ready/compare_/compile_repair_output/work/010d93fbe72b/querydsl-core/pom.xml to /home/srafi/.m2/repository/com/querydsl/querydsl-core/4.2.1/querydsl-core-4.2.1.pom
[INFO] Installing /home/srafi/after-cam-ready/compare_/compile_repair_output/work/010d93fbe72b/querydsl-core/target/querydsl-core-4.2.1-test-sources.jar to /home/srafi/.m2/repository/com/querydsl/querydsl-core/4.2.1/querydsl-core-4.2.1-test-sources.jar
[INFO] Installing /home/srafi/after-cam-ready/compare_/compile_repair_output/work/010d93fbe72b/querydsl-core/target/querydsl-core-4.2.1-sources.jar to /home/srafi/.m2/repository/com/querydsl/querydsl-core/4.2.1/querydsl-core-4.2.1-sources.jar
[INFO] Installing /home/srafi/after-cam-ready/compare_/compile_repair_output/work/010d93fbe72b/querydsl-core/target/querydsl-core-4.2.1-tests.jar to /home/srafi/.m2/repository/com/querydsl/querydsl-core/4.2.1/querydsl-core-4.2.1-tests.jar
[INFO] 
[INFO] -------------------< com.querydsl:querydsl-codegen >--------------------
[INFO] Building Querydsl - Codegen module 4.2.1                           [3/4]
[INFO] --------------------------------[ jar ]---------------------------------
[INFO] 
[INFO] --- maven-clean-plugin:2.5:clean (default-clean) @ querydsl-codegen ---
[INFO] 
[INFO] --- maven-checkstyle-plugin:2.15:check (checkstyle) @ querydsl-codegen ---
[INFO] 
[INFO] --- maven-checkstyle-plugin:2.15:check (checkstyle-main) @ querydsl-codegen ---
[INFO] 
[INFO] --- maven-resources-plugin:2.6:resources (default-resources) @ querydsl-codegen ---
[INFO] Using 'UTF-8' encoding to copy filtered resources.
[INFO] skip non existing resourceDirectory /home/srafi/after-cam-ready/compare_/compile_repair_output/work/010d93fbe72b/querydsl-codegen/src/main/resources
[INFO] 
[INFO] --- maven-compiler-plugin:3.3:compile (default-compile) @ querydsl-codegen ---
[INFO] Changes detected - recompiling the module!
[INFO] Compiling 30 source files to /home/srafi/after-cam-ready/compare_/compile_repair_output/work/010d93fbe72b/querydsl-codegen/target/classes
[INFO] 
[INFO] --- maven-bundle-plugin:2.4.0:manifest (bundle-manifest) @ querydsl-codegen ---
[INFO] 
[INFO] --- maven-resources-plugin:2.6:testResources (default-testResources) @ querydsl-codegen ---
[INFO] Using 'UTF-8' encoding to copy filtered resources.
[INFO] skip non existing resourceDirectory /home/srafi/after-cam-ready/compare_/compile_repair_output/work/010d93fbe72b/querydsl-codegen/src/test/resources
[INFO] 
[INFO] --- maven-compiler-plugin:3.3:testCompile (default-testCompile) @ querydsl-codegen ---
[INFO] Changes detected - recompiling the module!
[INFO] Compiling 46 source files to /home/srafi/after-cam-ready/compare_/compile_repair_output/work/010d93fbe72b/querydsl-codegen/target/test-classes
[INFO] /home/srafi/after-cam-ready/compare_/compile_repair_output/work/010d93fbe72b/querydsl-codegen/src/test/java/com/querydsl/codegen/GenericExporterTest.java: /home/srafi/after-cam-ready/compare_/compile_repair_output/work/010d93fbe72b/querydsl-codegen/src/test/java/com/querydsl/codegen/GenericExporterTest.java uses or overrides a deprecated API.
[INFO] /home/srafi/after-cam-ready/compare_/compile_repair_output/work/010d93fbe72b/querydsl-codegen/src/test/java/com/querydsl/codegen/GenericExporterTest.java: Recompile with -Xlint:deprecation for details.
[INFO] 
[INFO] --- maven-surefire-plugin:3.0.0-M8-SNAPSHOT:test (default-test) @ querydsl-codegen ---
[INFO] Tests are skipped.
[INFO] 
[INFO] --- animal-sniffer-maven-plugin:1.14:check (ensure-java-1.6-class-library) @ querydsl-codegen ---
[INFO] Signature checking is skipped.
[INFO] 
[INFO] --- maven-jar-plugin:2.6:jar (default-jar) @ querydsl-codegen ---
[INFO] Adding existing MANIFEST to archive. Found under: /home/srafi/after-cam-ready/compare_/compile_repair_output/work/010d93fbe72b/querydsl-codegen/target/classes/META-INF/MANIFEST.MF
[INFO] Building jar: /home/srafi/after-cam-ready/compare_/compile_repair_output/work/010d93fbe72b/querydsl-codegen/target/querydsl-codegen-4.2.1.jar
[INFO] 
[INFO] >>> maven-source-plugin:2.4:test-jar (default) > generate-sources @ querydsl-codegen >>>
[INFO] 
[INFO] --- maven-checkstyle-plugin:2.15:check (checkstyle) @ querydsl-codegen ---
[INFO] 
[INFO] --- maven-checkstyle-plugin:2.15:check (checkstyle-main) @ querydsl-codegen ---
[INFO] 
[INFO] <<< maven-source-plugin:2.4:test-jar (default) < generate-sources @ querydsl-codegen <<<
[INFO] 
[INFO] 
[INFO] --- maven-source-plugin:2.4:test-jar (default) @ querydsl-codegen ---
[INFO] Building jar: /home/srafi/after-cam-ready/compare_/compile_repair_output/work/010d93fbe72b/querydsl-codegen/target/querydsl-codegen-4.2.1-test-sources.jar
[INFO] 
[INFO] >>> maven-source-plugin:2.4:jar (default) > generate-sources @ querydsl-codegen >>>
[INFO] 
[INFO] --- maven-checkstyle-plugin:2.15:check (checkstyle) @ querydsl-codegen ---
[INFO] 
[INFO] --- maven-checkstyle-plugin:2.15:check (checkstyle-main) @ querydsl-codegen ---
[INFO] 
[INFO] <<< maven-source-plugin:2.4:jar (default) < generate-sources @ querydsl-codegen <<<
[INFO] 
[INFO] 
[INFO] --- maven-source-plugin:2.4:jar (default) @ querydsl-codegen ---
[INFO] Building jar: /home/srafi/after-cam-ready/compare_/compile_repair_output/work/010d93fbe72b/querydsl-codegen/target/querydsl-codegen-4.2.1-sources.jar
[INFO] 
[INFO] --- maven-javadoc-plugin:2.10.3:jar (default) @ querydsl-codegen ---
[INFO] Skipping javadoc generation
[INFO] 
[INFO] --- maven-jar-plugin:2.6:test-jar (test-jar) @ querydsl-codegen ---
[INFO] Adding existing MANIFEST to archive. Found under: /home/srafi/after-cam-ready/compare_/compile_repair_output/work/010d93fbe72b/querydsl-codegen/target/classes/META-INF/MANIFEST.MF
[INFO] Building jar: /home/srafi/after-cam-ready/compare_/compile_repair_output/work/010d93fbe72b/querydsl-codegen/target/querydsl-codegen-4.2.1-tests.jar
[INFO] 
[INFO] --- maven-gpg-plugin:1.6:sign (sign-artifacts) @ querydsl-codegen ---
[INFO] 
[INFO] --- maven-install-plugin:2.4:install (default-install) @ querydsl-codegen ---
[INFO] Installing /home/srafi/after-cam-ready/compare_/compile_repair_output/work/010d93fbe72b/querydsl-codegen/target/querydsl-codegen-4.2.1.jar to /home/srafi/.m2/repository/com/querydsl/querydsl-codegen/4.2.1/querydsl-codegen-4.2.1.jar
[INFO] Installing /home/srafi/after-cam-ready/compare_/compile_repair_output/work/010d93fbe72b/querydsl-codegen/pom.xml to /home/srafi/.m2/repository/com/querydsl/querydsl-codegen/4.2.1/querydsl-codegen-4.2.1.pom
[INFO] Installing /home/srafi/after-cam-ready/compare_/compile_repair_output/work/010d93fbe72b/querydsl-codegen/target/querydsl-codegen-4.2.1-test-sources.jar to /home/srafi/.m2/repository/com/querydsl/querydsl-codegen/4.2.1/querydsl-codegen-4.2.1-test-sources.jar
[INFO] Installing /home/srafi/after-cam-ready/compare_/compile_repair_output/work/010d93fbe72b/querydsl-codegen/target/querydsl-codegen-4.2.1-sources.jar to /home/srafi/.m2/repository/com/querydsl/querydsl-codegen/4.2.1/querydsl-codegen-4.2.1-sources.jar
[INFO] Installing /home/srafi/after-cam-ready/compare_/compile_repair_output/work/010d93fbe72b/querydsl-codegen/target/querydsl-codegen-4.2.1-tests.jar to /home/srafi/.m2/repository/com/querydsl/querydsl-codegen/4.2.1/querydsl-codegen-4.2.1-tests.jar
[INFO] 
[INFO] ---------------------< com.querydsl:querydsl-apt >----------------------
[INFO] Building Querydsl - APT support 4.2.1                              [4/4]
[INFO] --------------------------------[ jar ]---------------------------------
[INFO] Downloading from spring roo repository: https://spring-roo-repository.springsource.org/release/org/springframework/roo/org.springframework.roo.annotations/1.2.3.RELEASE/org.springframework.roo.annotations-1.2.3.RELEASE.pom
[INFO] Downloading from querydsl: https://www.querydsl.com/maven/org/springframework/roo/org.springframework.roo.annotations/1.2.3.RELEASE/org.springframework.roo.annotations-1.2.3.RELEASE.pom
[INFO] Downloading from central: https://repo.maven.apache.org/maven2/org/springframework/roo/org.springframework.roo.annotations/1.2.3.RELEASE/org.springframework.roo.annotations-1.2.3.RELEASE.pom
[INFO] ------------------------------------------------------------------------
[INFO] Reactor Summary for Querydsl 4.2.1:
[INFO] 
[INFO] Querydsl ........................................... SUCCESS [  0.738 s]
[INFO] Querydsl - Core module ............................. SUCCESS [  5.824 s]
[INFO] Querydsl - Codegen module .......................... SUCCESS [  0.327 s]
[INFO] Querydsl - APT support ............................. FAILURE [  0.100 s]
[INFO] ------------------------------------------------------------------------
[INFO] BUILD FAILURE
[INFO] ------------------------------------------------------------------------
[INFO] Total time:  7.132 s
[INFO] Finished at: 2026-08-15T16:43:30-04:00
[INFO] ------------------------------------------------------------------------
[ERROR] Failed to execute goal on project querydsl-apt: Could not resolve dependencies for project com.querydsl:querydsl-apt:jar:4.2.1: Failed to collect dependencies at org.springframework.roo:org.springframework.roo.annotations:jar:1.2.3.RELEASE: Failed to read artifact descriptor for org.springframework.roo:org.springframework.roo.annotations:jar:1.2.3.RELEASE: Could not transfer artifact org.springframework.roo:org.springframework.roo.annotations:pom:1.2.3.RELEASE from/to spring roo repository (https://spring-roo-repository.springsource.org/release): Transfer failed for https://spring-roo-repository.springsource.org/release/org/springframework/roo/org.springframework.roo.annotations/1.2.3.RELEASE/org.springframework.roo.annotations-1.2.3.RELEASE.pom: Unknown host spring-roo-repository.springsource.org: No address associated with hostname -> [Help 1]
[ERROR] 
[ERROR] To see the full stack trace of the errors, re-run Maven with the -e switch.
[ERROR] Re-run Maven using the -X switch to enable full debug logging.
[ERROR] 
[ERROR] For more information about the errors and possible solutions, please read the following articles:
[ERROR] [Help 1] http://cwiki.apache.org/confluence/display/MAVEN/DependencyResolutionException
[ERROR] 
[ERROR] After correcting the problems, you can resume the build with the command
[ERROR]   mvn <args> -rf :querydsl-apt
