JAVA_HOME=/usr/lib/jvm/java-17-openjdk-amd64
COMMAND=mvn -B clean install -DskipTests -U -pl querydsl-apt -am -Ddependency-check.skip=true -Dgpg.skip=true -DfailIfNoTests=false -Dskip.installnodenpm=true -Dskip.npm=true -Dskip.yarn=true -Dlicense.skip=true -Dcheckstyle.skip=true -Drat.skip=true -Denforcer.skip=true -Danimal.sniffer.skip=true -Dmaven.javadoc.skip=true -Dfindbugs.skip=true -Dspotbugs.skip=true -Dwarbucks.skip=true -Dmodernizer.skip=true -Dimpsort.skip=true -Dmdep.analyze.skip=true -Dpgpverify.skip=true -Dxml.skip=true -Dcobertura.skip=true

[INFO] Scanning for projects...
Warning: KebabPizza disabling incompatible org.apache.maven.plugins:maven-enforcer-plugin from querydsl-root
Warning: KebabPizza disabling incompatible org.jacoco:jacoco-maven-plugin from querydsl-root
Warning: KebabPizza disabling incompatible org.apache.maven.plugins:maven-enforcer-plugin from querydsl-core
Warning: KebabPizza disabling incompatible org.jacoco:jacoco-maven-plugin from querydsl-core
Warning: KebabPizza disabling incompatible org.apache.maven.plugins:maven-enforcer-plugin from querydsl-codegen
Warning: KebabPizza disabling incompatible org.jacoco:jacoco-maven-plugin from querydsl-codegen
Warning: KebabPizza disabling incompatible org.apache.maven.plugins:maven-enforcer-plugin from querydsl-apt
Warning: KebabPizza disabling incompatible org.jacoco:jacoco-maven-plugin from querydsl-apt
[INFO] ------------------------------------------------------------------------
[INFO] Reactor Build Order:
[INFO] 
[INFO] Querydsl                                                           [pom]
[INFO] Querydsl - Core module                                             [jar]
[INFO] Querydsl - Codegen module                                          [jar]
[INFO] Querydsl - APT support                                             [jar]
[INFO] 
[INFO] ---------------------< com.querydsl:querydsl-root >---------------------
[INFO] Building Querydsl 4.2.1                                            [1/4]
[INFO] --------------------------------[ pom ]---------------------------------
[INFO] 
[INFO] --- maven-clean-plugin:2.5:clean (default-clean) @ querydsl-root ---
[INFO] 
[INFO] --- maven-checkstyle-plugin:2.15:check (checkstyle) @ querydsl-root ---
[INFO] 
[INFO] --- maven-checkstyle-plugin:2.15:check (checkstyle-main) @ querydsl-root ---
[INFO] 
[INFO] --- animal-sniffer-maven-plugin:1.14:check (ensure-java-1.6-class-library) @ querydsl-root ---
[INFO] Signature checking is skipped.
[INFO] 
[INFO] >>> maven-source-plugin:2.4:jar (default) > generate-sources @ querydsl-root >>>
[INFO] 
[INFO] --- maven-checkstyle-plugin:2.15:check (checkstyle) @ querydsl-root ---
[INFO] 
[INFO] --- maven-checkstyle-plugin:2.15:check (checkstyle-main) @ querydsl-root ---
[INFO] 
[INFO] <<< maven-source-plugin:2.4:jar (default) < generate-sources @ querydsl-root <<<
[INFO] 
[INFO] 
[INFO] --- maven-source-plugin:2.4:jar (default) @ querydsl-root ---
[INFO] 
[INFO] --- maven-javadoc-plugin:2.10.3:jar (default) @ querydsl-root ---
[INFO] Skipping javadoc generation
[INFO] 
[INFO] --- maven-gpg-plugin:1.6:sign (sign-artifacts) @ querydsl-root ---
[INFO] 
[INFO] --- maven-install-plugin:2.4:install (default-install) @ querydsl-root ---
[INFO] Installing /home/srafi/after-cam-ready/compare_/compile_repair_output/work/010d93fbe72b/pom.xml to /home/srafi/.m2/repository/com/querydsl/querydsl-root/4.2.1/querydsl-root-4.2.1.pom
[INFO] 
[INFO] ---------------------< com.querydsl:querydsl-core >---------------------
[INFO] Building Querydsl - Core module 4.2.1                              [2/4]
[INFO] --------------------------------[ jar ]---------------------------------
[INFO] Downloading from com.springsource.repository.bundles.external: https://repository.springsource.com/maven/bundles/external/org/apache/maven/plugins/maven-surefire-plugin/3.0.0-M8-SNAPSHOT/maven-metadata.xml
[INFO] Downloading from com.springsource.repository.bundles.release: https://repository.springsource.com/maven/bundles/release/org/apache/maven/plugins/maven-surefire-plugin/3.0.0-M8-SNAPSHOT/maven-metadata.xml
[WARNING] Could not transfer metadata org.apache.maven.plugins:maven-surefire-plugin:3.0.0-M8-SNAPSHOT/maven-metadata.xml from/to com.springsource.repository.bundles.release (https://repository.springsource.com/maven/bundles/release): Transfer failed for https://repository.springsource.com/maven/bundles/release/org/apache/maven/plugins/maven-surefire-plugin/3.0.0-M8-SNAPSHOT/maven-metadata.xml
[WARNING] Could not transfer metadata org.apache.maven.plugins:maven-surefire-plugin:3.0.0-M8-SNAPSHOT/maven-metadata.xml from/to com.springsource.repository.bundles.external (https://repository.springsource.com/maven/bundles/external): Transfer failed for https://repository.springsource.com/maven/bundles/external/org/apache/maven/plugins/maven-surefire-plugin/3.0.0-M8-SNAPSHOT/maven-metadata.xml
[WARNING] Failure to transfer org.apache.maven.plugins:maven-surefire-plugin:3.0.0-M8-SNAPSHOT/maven-metadata.xml from https://repository.springsource.com/maven/bundles/release was cached in the local repository, resolution will not be reattempted until the update interval of com.springsource.repository.bundles.release has elapsed or updates are forced. Original error: Could not transfer metadata org.apache.maven.plugins:maven-surefire-plugin:3.0.0-M8-SNAPSHOT/maven-metadata.xml from/to com.springsource.repository.bundles.release (https://repository.springsource.com/maven/bundles/release): Transfer failed for https://repository.springsource.com/maven/bundles/release/org/apache/maven/plugins/maven-surefire-plugin/3.0.0-M8-SNAPSHOT/maven-metadata.xml
[WARNING] Failure to transfer org.apache.maven.plugins:maven-surefire-plugin:3.0.0-M8-SNAPSHOT/maven-metadata.xml from https://repository.springsource.com/maven/bundles/external was cached in the local repository, resolution will not be reattempted until the update interval of com.springsource.repository.bundles.external has elapsed or updates are forced. Original error: Could not transfer metadata org.apache.maven.plugins:maven-surefire-plugin:3.0.0-M8-SNAPSHOT/maven-metadata.xml from/to com.springsource.repository.bundles.external (https://repository.springsource.com/maven/bundles/external): Transfer failed for https://repository.springsource.com/maven/bundles/external/org/apache/maven/plugins/maven-surefire-plugin/3.0.0-M8-SNAPSHOT/maven-metadata.xml
[INFO] Downloading from com.springsource.repository.bundles.release: https://repository.springsource.com/maven/bundles/release/org/apache/maven/surefire/surefire/3.0.0-M8-SNAPSHOT/maven-metadata.xml
[INFO] Downloading from com.springsource.repository.bundles.external: https://repository.springsource.com/maven/bundles/external/org/apache/maven/surefire/surefire/3.0.0-M8-SNAPSHOT/maven-metadata.xml
[WARNING] Could not transfer metadata org.apache.maven.surefire:surefire:3.0.0-M8-SNAPSHOT/maven-metadata.xml from/to com.springsource.repository.bundles.release (https://repository.springsource.com/maven/bundles/release): Transfer failed for https://repository.springsource.com/maven/bundles/release/org/apache/maven/surefire/surefire/3.0.0-M8-SNAPSHOT/maven-metadata.xml
[WARNING] Could not transfer metadata org.apache.maven.surefire:surefire:3.0.0-M8-SNAPSHOT/maven-metadata.xml from/to com.springsource.repository.bundles.external (https://repository.springsource.com/maven/bundles/external): Transfer failed for https://repository.springsource.com/maven/bundles/external/org/apache/maven/surefire/surefire/3.0.0-M8-SNAPSHOT/maven-metadata.xml
[INFO] 
[INFO] --- maven-clean-plugin:2.5:clean (default-clean) @ querydsl-core ---
[INFO] 
[INFO] --- maven-checkstyle-plugin:2.15:check (checkstyle) @ querydsl-core ---
[INFO] 
[INFO] --- maven-checkstyle-plugin:2.15:check (checkstyle-main) @ querydsl-core ---
[INFO] 
[INFO] --- maven-resources-plugin:2.6:resources (default-resources) @ querydsl-core ---
[INFO] Using 'UTF-8' encoding to copy filtered resources.
[INFO] skip non existing resourceDirectory /home/srafi/after-cam-ready/compare_/compile_repair_output/work/010d93fbe72b/querydsl-core/src/main/resources
[INFO] 
[INFO] --- maven-compiler-plugin:3.3:compile (default-compile) @ querydsl-core ---
[INFO] Changes detected - recompiling the module!
[INFO] Compiling 234 source files to /home/srafi/after-cam-ready/compare_/compile_repair_output/work/010d93fbe72b/querydsl-core/target/classes
[INFO] -------------------------------------------------------------
[ERROR] COMPILATION ERROR : 
[INFO] -------------------------------------------------------------
[ERROR] Source option 6 is no longer supported. Use 7 or later.
[ERROR] Target option 6 is no longer supported. Use 7 or later.
[INFO] 2 errors 
[INFO] -------------------------------------------------------------
[INFO] ------------------------------------------------------------------------
[INFO] Reactor Summary for Querydsl 4.2.1:
[INFO] 
[INFO] Querydsl ........................................... SUCCESS [  0.732 s]
[INFO] Querydsl - Core module ............................. FAILURE [  0.511 s]
[INFO] Querydsl - Codegen module .......................... SKIPPED
[INFO] Querydsl - APT support ............................. SKIPPED
[INFO] ------------------------------------------------------------------------
[INFO] BUILD FAILURE
[INFO] ------------------------------------------------------------------------
[INFO] Total time:  1.377 s
[INFO] Finished at: 2026-08-15T16:43:37-04:00
[INFO] ------------------------------------------------------------------------
[ERROR] Failed to execute goal org.apache.maven.plugins:maven-compiler-plugin:3.3:compile (default-compile) on project querydsl-core: Compilation failure: Compilation failure: 
[ERROR] Source option 6 is no longer supported. Use 7 or later.
[ERROR] Target option 6 is no longer supported. Use 7 or later.
[ERROR] -> [Help 1]
[ERROR] 
[ERROR] To see the full stack trace of the errors, re-run Maven with the -e switch.
[ERROR] Re-run Maven using the -X switch to enable full debug logging.
[ERROR] 
[ERROR] For more information about the errors and possible solutions, please read the following articles:
[ERROR] [Help 1] http://cwiki.apache.org/confluence/display/MAVEN/MojoFailureException
[ERROR] 
[ERROR] After correcting the problems, you can resume the build with the command
[ERROR]   mvn <args> -rf :querydsl-core
