JAVA_HOME=/usr/lib/jvm/java-8-openjdk-amd64
COMMAND=mvn -B clean install -DskipTests -U -Ddependency-check.skip=true -Dgpg.skip=true -DfailIfNoTests=false -Dskip.installnodenpm=true -Dskip.npm=true -Dskip.yarn=true -Dlicense.skip=true -Dcheckstyle.skip=true -Drat.skip=true -Denforcer.skip=true -Danimal.sniffer.skip=true -Dmaven.javadoc.skip=true -Dfindbugs.skip=true -Dspotbugs.skip=true -Dwarbucks.skip=true -Dmodernizer.skip=true -Dimpsort.skip=true -Dmdep.analyze.skip=true -Dpgpverify.skip=true -Dxml.skip=true -Dcobertura.skip=true

[INFO] Scanning for projects...
Warning: KebabPizza disabling incompatible org.jacoco:jacoco-maven-plugin from classmate
Warning: KebabPizza disabling incompatible org.apache.maven.plugins:maven-enforcer-plugin from classmate
[INFO] Inspecting build with total of 1 modules...
[INFO] Installing Nexus Staging features:
[INFO]   ... total of 1 executions of maven-deploy-plugin replaced with nexus-staging-maven-plugin
[WARNING] The project com.fasterxml:classmate:bundle:1.5.2-SNAPSHOT uses prerequisites which is only intended for maven-plugin projects but not for non maven-plugin projects. For such purposes you should use the maven-enforcer-plugin. See https://maven.apache.org/enforcer/enforcer-rules/requireMavenVersion.html
[INFO] 
[INFO] ----------------------< com.fasterxml:classmate >-----------------------
[INFO] Building ClassMate 1.5.2-SNAPSHOT
[INFO] -------------------------------[ bundle ]-------------------------------
[INFO] Downloading from central: https://repo.maven.apache.org/maven2/org/moditect/moditect-maven-plugin/1.0.0.RC1/moditect-maven-plugin-1.0.0.RC1.pom
[INFO] Downloaded from central: https://repo.maven.apache.org/maven2/org/moditect/moditect-maven-plugin/1.0.0.RC1/moditect-maven-plugin-1.0.0.RC1.pom (4.2 kB at 20 kB/s)
[INFO] Downloading from central: https://repo.maven.apache.org/maven2/org/moditect/moditect-parent/1.0.0.RC1/moditect-parent-1.0.0.RC1.pom
[INFO] Downloaded from central: https://repo.maven.apache.org/maven2/org/moditect/moditect-parent/1.0.0.RC1/moditect-parent-1.0.0.RC1.pom (11 kB at 313 kB/s)
[INFO] Downloading from central: https://repo.maven.apache.org/maven2/org/moditect/moditect-maven-plugin/1.0.0.RC1/moditect-maven-plugin-1.0.0.RC1.jar
[INFO] Downloaded from central: https://repo.maven.apache.org/maven2/org/moditect/moditect-maven-plugin/1.0.0.RC1/moditect-maven-plugin-1.0.0.RC1.jar (43 kB at 706 kB/s)
[INFO] 
[INFO] --- maven-clean-plugin:3.1.0:clean (default-clean) @ classmate ---
[INFO] 
[INFO] --- build-helper-maven-plugin:1.7:add-source (add-generated-sources) @ classmate ---
[INFO] Source directory: /home/srafi/after-cam-ready/compare_/compile_repair_output/work/918a4f52a635/target/generated-sources added.
[INFO] 
[INFO] --- maven-resources-plugin:3.1.0:resources (default-resources) @ classmate ---
[INFO] Using 'UTF-8' encoding to copy filtered resources.
[INFO] Copying 2 resources
[INFO] 
[INFO] --- maven-compiler-plugin:3.8.1:compile (default-compile) @ classmate ---
[INFO] Changes detected - recompiling the module!
[INFO] Compiling 38 source files to /home/srafi/after-cam-ready/compare_/compile_repair_output/work/918a4f52a635/target/classes
[WARNING] bootstrap class path not set in conjunction with -source 1.6
[INFO] 
[INFO] --- maven-resources-plugin:3.1.0:testResources (default-testResources) @ classmate ---
[INFO] Using 'UTF-8' encoding to copy filtered resources.
[INFO] skip non existing resourceDirectory /home/srafi/after-cam-ready/compare_/compile_repair_output/work/918a4f52a635/src/test/resources
[INFO] 
[INFO] --- maven-compiler-plugin:3.8.1:testCompile (default-testCompile) @ classmate ---
[INFO] Changes detected - recompiling the module!
[INFO] Compiling 36 source files to /home/srafi/after-cam-ready/compare_/compile_repair_output/work/918a4f52a635/target/test-classes
[WARNING] bootstrap class path not set in conjunction with -source 1.6
[WARNING] /home/srafi/after-cam-ready/compare_/compile_repair_output/work/918a4f52a635/src/test/java/com/fasterxml/classmate/AnnotationsTest.java:[10,30] junit.framework.Assert in junit.framework has been deprecated
[WARNING] /home/srafi/after-cam-ready/compare_/compile_repair_output/work/918a4f52a635/src/test/java/com/fasterxml/classmate/types/ResolvedPrimitiveTypeTest.java:[5,30] junit.framework.Assert in junit.framework has been deprecated
[WARNING] /home/srafi/after-cam-ready/compare_/compile_repair_output/work/918a4f52a635/src/test/java/com/fasterxml/classmate/ResolvedTypeWithMembersTest.java:[14,30] junit.framework.Assert in junit.framework has been deprecated
[WARNING] /home/srafi/after-cam-ready/compare_/compile_repair_output/work/918a4f52a635/src/test/java/com/fasterxml/classmate/TypeBindingsTest.java:[10,30] junit.framework.Assert in junit.framework has been deprecated
[WARNING] /home/srafi/after-cam-ready/compare_/compile_repair_output/work/918a4f52a635/src/test/java/com/fasterxml/classmate/members/ResolvedFieldTest.java:[9,30] junit.framework.Assert in junit.framework has been deprecated
[WARNING] /home/srafi/after-cam-ready/compare_/compile_repair_output/work/918a4f52a635/src/test/java/com/fasterxml/classmate/members/ResolvedFieldTest.java:[10,30] junit.framework.Assert in junit.framework has been deprecated
[WARNING] /home/srafi/after-cam-ready/compare_/compile_repair_output/work/918a4f52a635/src/test/java/com/fasterxml/classmate/types/ResolvedRecursiveTypeTest.java:[5,30] junit.framework.Assert in junit.framework has been deprecated
[WARNING] /home/srafi/after-cam-ready/compare_/compile_repair_output/work/918a4f52a635/src/test/java/com/fasterxml/classmate/members/RawMethodTest.java:[10,30] junit.framework.Assert in junit.framework has been deprecated
[WARNING] /home/srafi/after-cam-ready/compare_/compile_repair_output/work/918a4f52a635/src/test/java/com/fasterxml/classmate/members/ResolvedMethodTest.java:[10,30] junit.framework.Assert in junit.framework has been deprecated
[WARNING] /home/srafi/after-cam-ready/compare_/compile_repair_output/work/918a4f52a635/src/test/java/com/fasterxml/classmate/StdConfigurationTest.java:[5,30] junit.framework.Assert in junit.framework has been deprecated
[WARNING] /home/srafi/after-cam-ready/compare_/compile_repair_output/work/918a4f52a635/src/test/java/com/fasterxml/classmate/StdConfigurationTest.java:[6,30] junit.framework.Assert in junit.framework has been deprecated
[WARNING] /home/srafi/after-cam-ready/compare_/compile_repair_output/work/918a4f52a635/src/test/java/com/fasterxml/classmate/types/TypePlaceHolderTest.java:[5,30] junit.framework.Assert in junit.framework has been deprecated
[WARNING] /home/srafi/after-cam-ready/compare_/compile_repair_output/work/918a4f52a635/src/test/java/com/fasterxml/classmate/members/HierarchicTypeTest.java:[7,30] junit.framework.Assert in junit.framework has been deprecated
[WARNING] /home/srafi/after-cam-ready/compare_/compile_repair_output/work/918a4f52a635/src/test/java/com/fasterxml/classmate/members/RawFieldTest.java:[9,30] junit.framework.Assert in junit.framework has been deprecated
[WARNING] /home/srafi/after-cam-ready/compare_/compile_repair_output/work/918a4f52a635/src/test/java/com/fasterxml/classmate/members/RawFieldTest.java:[10,30] junit.framework.Assert in junit.framework has been deprecated
[WARNING] /home/srafi/after-cam-ready/compare_/compile_repair_output/work/918a4f52a635/src/test/java/com/fasterxml/classmate/members/RawFieldTest.java:[11,30] junit.framework.Assert in junit.framework has been deprecated
[WARNING] /home/srafi/after-cam-ready/compare_/compile_repair_output/work/918a4f52a635/src/test/java/com/fasterxml/classmate/members/ResolvedMemberTest.java:[15,30] junit.framework.Assert in junit.framework has been deprecated
[WARNING] /home/srafi/after-cam-ready/compare_/compile_repair_output/work/918a4f52a635/src/test/java/com/fasterxml/classmate/types/ResolvedArrayTypeTest.java:[10,30] junit.framework.Assert in junit.framework has been deprecated
[INFO] 
[INFO] --- maven-surefire-plugin:3.0.0-M8-SNAPSHOT:test (default-test) @ classmate ---
[INFO] Downloading from apache.snapshots: https://repository.apache.org/snapshots/org/apache/maven/surefire/maven-surefire-common/3.0.0-M8-SNAPSHOT/maven-metadata.xml
[INFO] Downloading from apache.snapshots: https://repository.apache.org/snapshots/org/apache/maven/surefire/surefire-api/3.0.0-M8-SNAPSHOT/maven-metadata.xml
[INFO] Downloading from apache.snapshots: https://repository.apache.org/snapshots/org/apache/maven/surefire/surefire-logger-api/3.0.0-M8-SNAPSHOT/maven-metadata.xml
[INFO] Downloading from apache.snapshots: https://repository.apache.org/snapshots/org/apache/maven/surefire/surefire-shared-utils/3.0.0-M8-SNAPSHOT/maven-metadata.xml
[INFO] Downloading from apache.snapshots: https://repository.apache.org/snapshots/org/apache/maven/surefire/surefire-extensions-api/3.0.0-M8-SNAPSHOT/maven-metadata.xml
[INFO] Downloading from apache.snapshots: https://repository.apache.org/snapshots/org/apache/maven/surefire/surefire-booter/3.0.0-M8-SNAPSHOT/maven-metadata.xml
[INFO] Downloading from apache.snapshots: https://repository.apache.org/snapshots/org/apache/maven/surefire/surefire-extensions-spi/3.0.0-M8-SNAPSHOT/maven-metadata.xml
[INFO] Tests are skipped.
[INFO] 
[INFO] --- maven-bundle-plugin:5.1.1:bundle (default-bundle) @ classmate ---
[INFO] 
[INFO] --- maven-site-plugin:3.9.1:attach-descriptor (attach-descriptor) @ classmate ---
[INFO] Skipping because packaging 'bundle' is not pom.
[INFO] 
[INFO] >>> maven-source-plugin:3.2.1:jar (attach-sources) > generate-sources @ classmate >>>
[INFO] 
[INFO] --- build-helper-maven-plugin:1.7:add-source (add-generated-sources) @ classmate ---
[INFO] Source directory: /home/srafi/after-cam-ready/compare_/compile_repair_output/work/918a4f52a635/target/generated-sources added.
[INFO] 
[INFO] <<< maven-source-plugin:3.2.1:jar (attach-sources) < generate-sources @ classmate <<<
[INFO] 
[INFO] 
[INFO] --- maven-source-plugin:3.2.1:jar (attach-sources) @ classmate ---
[INFO] Building jar: /home/srafi/after-cam-ready/compare_/compile_repair_output/work/918a4f52a635/target/classmate-1.5.2-SNAPSHOT-sources.jar
[INFO] 
[INFO] --- moditect-maven-plugin:1.0.0.RC1:add-module-info (add-module-infos) @ classmate ---
[INFO] Downloading from central: https://repo.maven.apache.org/maven2/org/moditect/moditect/1.0.0.RC1/moditect-1.0.0.RC1.pom
[INFO] Downloaded from central: https://repo.maven.apache.org/maven2/org/moditect/moditect/1.0.0.RC1/moditect-1.0.0.RC1.pom (4.8 kB at 126 kB/s)
[INFO] Downloading from central: https://repo.maven.apache.org/maven2/org/moditect/moditect/1.0.0.RC1/moditect-1.0.0.RC1.jar
[INFO] Downloaded from central: https://repo.maven.apache.org/maven2/org/moditect/moditect/1.0.0.RC1/moditect-1.0.0.RC1.jar (1.4 MB at 21 MB/s)
[INFO] 
[INFO] --- maven-javadoc-plugin:3.2.0:jar (attach-javadocs) @ classmate ---
[INFO] Skipping javadoc generation
[INFO] 
[INFO] --- maven-install-plugin:3.0.0-M1:install (default-install) @ classmate ---
[INFO] Installing /home/srafi/after-cam-ready/compare_/compile_repair_output/work/918a4f52a635/target/classmate-1.5.2-SNAPSHOT.jar to /home/srafi/.m2/repository/com/fasterxml/classmate/1.5.2-SNAPSHOT/classmate-1.5.2-SNAPSHOT.jar
[INFO] Installing /home/srafi/after-cam-ready/compare_/compile_repair_output/work/918a4f52a635/pom.xml to /home/srafi/.m2/repository/com/fasterxml/classmate/1.5.2-SNAPSHOT/classmate-1.5.2-SNAPSHOT.pom
[INFO] Installing /home/srafi/after-cam-ready/compare_/compile_repair_output/work/918a4f52a635/target/classmate-1.5.2-SNAPSHOT-sources.jar to /home/srafi/.m2/repository/com/fasterxml/classmate/1.5.2-SNAPSHOT/classmate-1.5.2-SNAPSHOT-sources.jar
[INFO] 
[INFO] --- maven-bundle-plugin:5.1.1:install (default-install) @ classmate ---
[INFO] Installing com/fasterxml/classmate/1.5.2-SNAPSHOT/classmate-1.5.2-SNAPSHOT.jar
[INFO] Writing OBR metadata
[INFO] ------------------------------------------------------------------------
[INFO] BUILD SUCCESS
[INFO] ------------------------------------------------------------------------
[INFO] Total time:  6.242 s
[INFO] Finished at: 2026-08-15T16:22:51-04:00
[INFO] ------------------------------------------------------------------------
