JAVA_HOME=/usr/lib/jvm/java-11-openjdk-amd64
COMMAND=bash /home/srafi/after-cam-ready/compare_/compile_repair_output/work/5365897aa778/mvnw -B clean install -DskipTests -U -pl cucumber-core -am -Ddependency-check.skip=true -Dgpg.skip=true -DfailIfNoTests=false -Dskip.installnodenpm=true -Dskip.npm=true -Dskip.yarn=true -Dlicense.skip=true -Dcheckstyle.skip=true -Drat.skip=true -Denforcer.skip=true -Danimal.sniffer.skip=true -Dmaven.javadoc.skip=true -Dfindbugs.skip=true -Dspotbugs.skip=true -Dwarbucks.skip=true -Dmodernizer.skip=true -Dimpsort.skip=true -Dmdep.analyze.skip=true -Dpgpverify.skip=true -Dxml.skip=true -Dcobertura.skip=true

[INFO] Scanning for projects...
[INFO] Inspecting build with total of 7 modules...
[INFO] Installing Nexus Staging features:
[INFO]   ... total of 7 executions of maven-deploy-plugin replaced with nexus-staging-maven-plugin
[INFO] ------------------------------------------------------------------------
[INFO] Reactor Build Order:
[INFO] 
[INFO] Cucumber-JVM                                                       [pom]
[INFO] Cucumber-JVM: Plugin                                               [jar]
[INFO] Cucumber-JVM: Gherkin                                              [jar]
[INFO] Cucumber-JVM: Gherkin Messages                                     [jar]
[INFO] Cucumber-JVN: DataTable                                            [jar]
[INFO] Cucumber-JVM: Docstring                                            [jar]
[INFO] Cucumber-JVM: Core                                                 [jar]
[INFO] 
[INFO] ----------------------< io.cucumber:cucumber-jvm >----------------------
[INFO] Building Cucumber-JVM 7.14.2-SNAPSHOT                              [1/7]
[INFO]   from pom.xml
[INFO] --------------------------------[ pom ]---------------------------------
[INFO] 
[INFO] --- clean:3.2.0:clean (default-clean) @ cucumber-jvm ---
[INFO] 
[INFO] --- enforcer:3.1.0:enforce (enforce) @ cucumber-jvm ---
[INFO] Skipping Rule Enforcement.
[INFO] 
[INFO] --- enforcer:3.1.0:enforce (enforce-maven-3-6-3-plus) @ cucumber-jvm ---
[INFO] Skipping Rule Enforcement.
[INFO] 
[INFO] --- enforcer:3.1.0:enforce (enforce-java) @ cucumber-jvm ---
[INFO] Skipping Rule Enforcement.
[INFO] 
[INFO] --- directory:1.0:highest-basedir (directories) @ cucumber-jvm ---
[INFO] Highest basedir set to: /home/srafi/after-cam-ready/compare_/compile_repair_output/work/5365897aa778
[INFO] 
[INFO] --- compiler:3.10.1:compile (java9) @ cucumber-jvm ---
[WARNING]  Parameter 'compileSourceRoots' is read-only, must not be used in configuration
[INFO] No sources to compile
[INFO] 
[INFO] --- compiler:3.10.1:compile (java10) @ cucumber-jvm ---
[WARNING]  Parameter 'compileSourceRoots' is read-only, must not be used in configuration
[INFO] No sources to compile
[INFO] 
[INFO] --- compiler:3.10.1:compile (java11) @ cucumber-jvm ---
[WARNING]  Parameter 'compileSourceRoots' is read-only, must not be used in configuration
[INFO] No sources to compile
[INFO] 
[INFO] --- spotless:2.27.2:apply (spotless-apply) @ cucumber-jvm ---
[INFO] Downloading from sonatype.org: https://oss.sonatype.org/content/repositories/releases/com/diffplug/spotless/spotless-eclipse-jdt/4.8.1/spotless-eclipse-jdt-4.8.1.pom
[INFO] Downloaded from sonatype.org: https://oss.sonatype.org/content/repositories/releases/com/diffplug/spotless/spotless-eclipse-jdt/4.8.1/spotless-eclipse-jdt-4.8.1.pom (2.6 kB at 12 kB/s)
[INFO] Downloading from sonatype.org: https://oss.sonatype.org/content/repositories/releases/com/diffplug/spotless/spotless-eclipse-base/3.5.2/spotless-eclipse-base-3.5.2.pom
[INFO] Downloaded from sonatype.org: https://oss.sonatype.org/content/repositories/releases/com/diffplug/spotless/spotless-eclipse-base/3.5.2/spotless-eclipse-base-3.5.2.pom (2.3 kB at 59 kB/s)
[INFO] Downloading from sonatype.org: https://oss.sonatype.org/content/repositories/releases/org/eclipse/jdt/org.eclipse.jdt.core/3.27.0/org.eclipse.jdt.core-3.27.0.pom
[INFO] Downloaded from sonatype.org: https://oss.sonatype.org/content/repositories/releases/org/eclipse/jdt/org.eclipse.jdt.core/3.27.0/org.eclipse.jdt.core-3.27.0.pom (2.7 kB at 66 kB/s)
[INFO] Downloading from sonatype.org: https://oss.sonatype.org/content/repositories/releases/com/diffplug/spotless/spotless-eclipse-jdt/4.8.1/spotless-eclipse-jdt-4.8.1.jar
[INFO] Downloaded from sonatype.org: https://oss.sonatype.org/content/repositories/releases/com/diffplug/spotless/spotless-eclipse-jdt/4.8.1/spotless-eclipse-jdt-4.8.1.jar (3.7 kB at 101 kB/s)
[INFO] Downloading from sonatype.org: https://oss.sonatype.org/content/repositories/releases/com/diffplug/spotless/spotless-eclipse-base/3.5.2/spotless-eclipse-base-3.5.2.jar
[INFO] Downloading from sonatype.org: https://oss.sonatype.org/content/repositories/releases/org/eclipse/jdt/org.eclipse.jdt.core/3.27.0/org.eclipse.jdt.core-3.27.0.jar
[INFO] Downloading from sonatype.org: https://oss.sonatype.org/content/repositories/releases/org/eclipse/platform/org.eclipse.core.commands/3.10.100/org.eclipse.core.commands-3.10.100.jar
[INFO] Downloading from sonatype.org: https://oss.sonatype.org/content/repositories/releases/org/eclipse/platform/org.eclipse.core.contenttype/3.8.0/org.eclipse.core.contenttype-3.8.0.jar
[INFO] Downloading from sonatype.org: https://oss.sonatype.org/content/repositories/releases/org/eclipse/platform/org.eclipse.core.filesystem/1.9.100/org.eclipse.core.filesystem-1.9.100.jar
[INFO] Downloaded from sonatype.org: https://oss.sonatype.org/content/repositories/releases/org/eclipse/platform/org.eclipse.core.contenttype/3.8.0/org.eclipse.core.contenttype-3.8.0.jar (102 kB at 2.0 MB/s)
[INFO] Downloading from sonatype.org: https://oss.sonatype.org/content/repositories/releases/org/eclipse/platform/org.eclipse.core.jobs/3.12.0/org.eclipse.core.jobs-3.12.0.jar
[INFO] Downloaded from sonatype.org: https://oss.sonatype.org/content/repositories/releases/com/diffplug/spotless/spotless-eclipse-base/3.5.2/spotless-eclipse-base-3.5.2.jar (65 kB at 641 kB/s)
[INFO] Downloading from sonatype.org: https://oss.sonatype.org/content/repositories/releases/org/eclipse/platform/org.eclipse.core.resources/3.15.100/org.eclipse.core.resources-3.15.100.jar
[INFO] Downloaded from sonatype.org: https://oss.sonatype.org/content/repositories/releases/org/eclipse/platform/org.eclipse.core.filesystem/1.9.100/org.eclipse.core.filesystem-1.9.100.jar (70 kB at 708 kB/s)
[INFO] Downloading from sonatype.org: https://oss.sonatype.org/content/repositories/releases/org/eclipse/platform/org.eclipse.core.runtime/3.23.0/org.eclipse.core.runtime-3.23.0.jar
[INFO] Downloaded from sonatype.org: https://oss.sonatype.org/content/repositories/releases/org/eclipse/platform/org.eclipse.core.commands/3.10.100/org.eclipse.core.commands-3.10.100.jar (117 kB at 1.1 MB/s)
[INFO] Downloading from sonatype.org: https://oss.sonatype.org/content/repositories/releases/org/eclipse/platform/org.eclipse.equinox.app/1.6.0/org.eclipse.equinox.app-1.6.0.jar
[INFO] Downloaded from sonatype.org: https://oss.sonatype.org/content/repositories/releases/org/eclipse/platform/org.eclipse.core.jobs/3.12.0/org.eclipse.core.jobs-3.12.0.jar (111 kB at 1.1 MB/s)
[INFO] Downloading from sonatype.org: https://oss.sonatype.org/content/repositories/releases/org/eclipse/platform/org.eclipse.equinox.preferences/3.9.0/org.eclipse.equinox.preferences-3.9.0.jar
[INFO] Downloaded from sonatype.org: https://oss.sonatype.org/content/repositories/releases/org/eclipse/platform/org.eclipse.core.runtime/3.23.0/org.eclipse.core.runtime-3.23.0.jar (72 kB at 518 kB/s)
[INFO] Downloading from sonatype.org: https://oss.sonatype.org/content/repositories/releases/org/eclipse/platform/org.eclipse.equinox.registry/3.11.0/org.eclipse.equinox.registry-3.11.0.jar
[INFO] Downloaded from sonatype.org: https://oss.sonatype.org/content/repositories/releases/org/eclipse/platform/org.eclipse.equinox.app/1.6.0/org.eclipse.equinox.app-1.6.0.jar (91 kB at 581 kB/s)
[INFO] Downloading from sonatype.org: https://oss.sonatype.org/content/repositories/releases/org/eclipse/platform/org.eclipse.osgi/3.17.0/org.eclipse.osgi-3.17.0.jar
[INFO] Downloaded from sonatype.org: https://oss.sonatype.org/content/repositories/releases/org/eclipse/platform/org.eclipse.core.resources/3.15.100/org.eclipse.core.resources-3.15.100.jar (900 kB at 5.6 MB/s)
[INFO] Downloaded from sonatype.org: https://oss.sonatype.org/content/repositories/releases/org/eclipse/platform/org.eclipse.equinox.preferences/3.9.0/org.eclipse.equinox.preferences-3.9.0.jar (140 kB at 867 kB/s)
[INFO] Downloaded from sonatype.org: https://oss.sonatype.org/content/repositories/releases/org/eclipse/platform/org.eclipse.equinox.registry/3.11.0/org.eclipse.equinox.registry-3.11.0.jar (199 kB at 1.0 MB/s)
[INFO] Downloaded from sonatype.org: https://oss.sonatype.org/content/repositories/releases/org/eclipse/platform/org.eclipse.osgi/3.17.0/org.eclipse.osgi-3.17.0.jar (1.5 MB at 6.5 MB/s)
[INFO] Downloaded from sonatype.org: https://oss.sonatype.org/content/repositories/releases/org/eclipse/jdt/org.eclipse.jdt.core/3.27.0/org.eclipse.jdt.core-3.27.0.jar (6.9 MB at 27 MB/s)
[INFO] 
[INFO] --- checkstyle:3.2.0:check (validate) @ cucumber-jvm ---
[INFO] 
[INFO] --- install:3.0.1:install (default-install) @ cucumber-jvm ---
[INFO] Installing /home/srafi/after-cam-ready/compare_/compile_repair_output/work/5365897aa778/pom.xml to /home/srafi/.m2/repository/io/cucumber/cucumber-jvm/7.14.2-SNAPSHOT/cucumber-jvm-7.14.2-SNAPSHOT.pom
[INFO] 
[INFO] --------------------< io.cucumber:cucumber-plugin >---------------------
[INFO] Building Cucumber-JVM: Plugin 7.14.2-SNAPSHOT                      [2/7]
[INFO]   from cucumber-plugin/pom.xml
[INFO] --------------------------------[ jar ]---------------------------------
[INFO] 
[INFO] --- clean:3.2.0:clean (default-clean) @ cucumber-plugin ---
[INFO] 
[INFO] --- enforcer:3.1.0:enforce (enforce) @ cucumber-plugin ---
[INFO] Skipping Rule Enforcement.
[INFO] 
[INFO] --- enforcer:3.1.0:enforce (enforce-maven-3-6-3-plus) @ cucumber-plugin ---
[INFO] Skipping Rule Enforcement.
[INFO] 
[INFO] --- enforcer:3.1.0:enforce (enforce-java) @ cucumber-plugin ---
[INFO] Skipping Rule Enforcement.
[INFO] 
[INFO] --- directory:1.0:highest-basedir (directories) @ cucumber-plugin ---
[INFO] Highest basedir set to: /home/srafi/after-cam-ready/compare_/compile_repair_output/work/5365897aa778
[INFO] 
[INFO] --- resources:3.3.0:resources (default-resources) @ cucumber-plugin ---
[INFO] skip non existing resourceDirectory /home/srafi/after-cam-ready/compare_/compile_repair_output/work/5365897aa778/cucumber-plugin/src/main/resources
[INFO] 
[INFO] --- compiler:3.10.1:compile (default-compile) @ cucumber-plugin ---
[INFO] Changes detected - recompiling the module!
[INFO] Compiling 39 source files to /home/srafi/after-cam-ready/compare_/compile_repair_output/work/5365897aa778/cucumber-plugin/target/classes
[INFO] 
[INFO] --- compiler:3.10.1:compile (java9) @ cucumber-plugin ---
[WARNING]  Parameter 'compileSourceRoots' is read-only, must not be used in configuration
[INFO] No sources to compile
[INFO] 
[INFO] --- compiler:3.10.1:compile (java10) @ cucumber-plugin ---
[WARNING]  Parameter 'compileSourceRoots' is read-only, must not be used in configuration
[INFO] No sources to compile
[INFO] 
[INFO] --- compiler:3.10.1:compile (java11) @ cucumber-plugin ---
[WARNING]  Parameter 'compileSourceRoots' is read-only, must not be used in configuration
[INFO] No sources to compile
[INFO] 
[INFO] --- spotless:2.27.2:apply (spotless-apply) @ cucumber-plugin ---
[INFO] 
[INFO] --- resources:3.3.0:testResources (default-testResources) @ cucumber-plugin ---
[INFO] skip non existing resourceDirectory /home/srafi/after-cam-ready/compare_/compile_repair_output/work/5365897aa778/cucumber-plugin/src/test/resources
[INFO] 
[INFO] --- compiler:3.10.1:testCompile (default-testCompile) @ cucumber-plugin ---
[INFO] Changes detected - recompiling the module!
[INFO] Compiling 1 source file to /home/srafi/after-cam-ready/compare_/compile_repair_output/work/5365897aa778/cucumber-plugin/target/test-classes
[INFO] 
[INFO] --- surefire:3.0.0-M7:test (default-test) @ cucumber-plugin ---
[INFO] Tests are skipped.
[INFO] 
[INFO] --- jar:3.3.0:jar (default-jar) @ cucumber-plugin ---
[INFO] Building jar: /home/srafi/after-cam-ready/compare_/compile_repair_output/work/5365897aa778/cucumber-plugin/target/cucumber-plugin-7.14.2-SNAPSHOT.jar
[INFO] 
[INFO] --- checkstyle:3.2.0:check (validate) @ cucumber-plugin ---
[INFO] 
[INFO] --- install:3.0.1:install (default-install) @ cucumber-plugin ---
[INFO] Installing /home/srafi/after-cam-ready/compare_/compile_repair_output/work/5365897aa778/cucumber-plugin/pom.xml to /home/srafi/.m2/repository/io/cucumber/cucumber-plugin/7.14.2-SNAPSHOT/cucumber-plugin-7.14.2-SNAPSHOT.pom
[INFO] Installing /home/srafi/after-cam-ready/compare_/compile_repair_output/work/5365897aa778/cucumber-plugin/target/cucumber-plugin-7.14.2-SNAPSHOT.jar to /home/srafi/.m2/repository/io/cucumber/cucumber-plugin/7.14.2-SNAPSHOT/cucumber-plugin-7.14.2-SNAPSHOT.jar
[INFO] 
[INFO] --------------------< io.cucumber:cucumber-gherkin >--------------------
[INFO] Building Cucumber-JVM: Gherkin 7.14.2-SNAPSHOT                     [3/7]
[INFO]   from cucumber-gherkin/pom.xml
[INFO] --------------------------------[ jar ]---------------------------------
[INFO] 
[INFO] --- clean:3.2.0:clean (default-clean) @ cucumber-gherkin ---
[INFO] 
[INFO] --- enforcer:3.1.0:enforce (enforce) @ cucumber-gherkin ---
[INFO] Skipping Rule Enforcement.
[INFO] 
[INFO] --- enforcer:3.1.0:enforce (enforce-maven-3-6-3-plus) @ cucumber-gherkin ---
[INFO] Skipping Rule Enforcement.
[INFO] 
[INFO] --- enforcer:3.1.0:enforce (enforce-java) @ cucumber-gherkin ---
[INFO] Skipping Rule Enforcement.
[INFO] 
[INFO] --- directory:1.0:highest-basedir (directories) @ cucumber-gherkin ---
[INFO] Highest basedir set to: /home/srafi/after-cam-ready/compare_/compile_repair_output/work/5365897aa778
[INFO] 
[INFO] --- resources:3.3.0:resources (default-resources) @ cucumber-gherkin ---
[INFO] skip non existing resourceDirectory /home/srafi/after-cam-ready/compare_/compile_repair_output/work/5365897aa778/cucumber-gherkin/src/main/resources
[INFO] 
[INFO] --- compiler:3.10.1:compile (default-compile) @ cucumber-gherkin ---
[INFO] Changes detected - recompiling the module!
[INFO] Compiling 9 source files to /home/srafi/after-cam-ready/compare_/compile_repair_output/work/5365897aa778/cucumber-gherkin/target/classes
[INFO] /home/srafi/after-cam-ready/compare_/compile_repair_output/work/5365897aa778/cucumber-gherkin/src/main/java/io/cucumber/core/gherkin/DocStringArgument.java: /home/srafi/after-cam-ready/compare_/compile_repair_output/work/5365897aa778/cucumber-gherkin/src/main/java/io/cucumber/core/gherkin/DocStringArgument.java uses or overrides a deprecated API.
[INFO] /home/srafi/after-cam-ready/compare_/compile_repair_output/work/5365897aa778/cucumber-gherkin/src/main/java/io/cucumber/core/gherkin/DocStringArgument.java: Recompile with -Xlint:deprecation for details.
[INFO] 
[INFO] --- compiler:3.10.1:compile (java9) @ cucumber-gherkin ---
[WARNING]  Parameter 'compileSourceRoots' is read-only, must not be used in configuration
[INFO] No sources to compile
[INFO] 
[INFO] --- compiler:3.10.1:compile (java10) @ cucumber-gherkin ---
[WARNING]  Parameter 'compileSourceRoots' is read-only, must not be used in configuration
[INFO] No sources to compile
[INFO] 
[INFO] --- compiler:3.10.1:compile (java11) @ cucumber-gherkin ---
[WARNING]  Parameter 'compileSourceRoots' is read-only, must not be used in configuration
[INFO] No sources to compile
[INFO] 
[INFO] --- spotless:2.27.2:apply (spotless-apply) @ cucumber-gherkin ---
[INFO] 
[INFO] --- resources:3.3.0:testResources (default-testResources) @ cucumber-gherkin ---
[INFO] skip non existing resourceDirectory /home/srafi/after-cam-ready/compare_/compile_repair_output/work/5365897aa778/cucumber-gherkin/src/test/resources
[INFO] 
[INFO] --- compiler:3.10.1:testCompile (default-testCompile) @ cucumber-gherkin ---
[INFO] Changes detected - recompiling the module!
[INFO] Compiling 1 source file to /home/srafi/after-cam-ready/compare_/compile_repair_output/work/5365897aa778/cucumber-gherkin/target/test-classes
[INFO] /home/srafi/after-cam-ready/compare_/compile_repair_output/work/5365897aa778/cucumber-gherkin/src/test/java/io/cucumber/core/gherkin/FeatureParserTest.java: /home/srafi/after-cam-ready/compare_/compile_repair_output/work/5365897aa778/cucumber-gherkin/src/test/java/io/cucumber/core/gherkin/FeatureParserTest.java uses or overrides a deprecated API.
[INFO] /home/srafi/after-cam-ready/compare_/compile_repair_output/work/5365897aa778/cucumber-gherkin/src/test/java/io/cucumber/core/gherkin/FeatureParserTest.java: Recompile with -Xlint:deprecation for details.
[INFO] 
[INFO] --- surefire:3.0.0-M7:test (default-test) @ cucumber-gherkin ---
[INFO] Tests are skipped.
[INFO] 
[INFO] --- jar:3.3.0:jar (default-jar) @ cucumber-gherkin ---
[INFO] Building jar: /home/srafi/after-cam-ready/compare_/compile_repair_output/work/5365897aa778/cucumber-gherkin/target/cucumber-gherkin-7.14.2-SNAPSHOT.jar
[INFO] 
[INFO] --- checkstyle:3.2.0:check (validate) @ cucumber-gherkin ---
[INFO] 
[INFO] --- install:3.0.1:install (default-install) @ cucumber-gherkin ---
[INFO] Installing /home/srafi/after-cam-ready/compare_/compile_repair_output/work/5365897aa778/cucumber-gherkin/pom.xml to /home/srafi/.m2/repository/io/cucumber/cucumber-gherkin/7.14.2-SNAPSHOT/cucumber-gherkin-7.14.2-SNAPSHOT.pom
[INFO] Installing /home/srafi/after-cam-ready/compare_/compile_repair_output/work/5365897aa778/cucumber-gherkin/target/cucumber-gherkin-7.14.2-SNAPSHOT.jar to /home/srafi/.m2/repository/io/cucumber/cucumber-gherkin/7.14.2-SNAPSHOT/cucumber-gherkin-7.14.2-SNAPSHOT.jar
[INFO] 
[INFO] ---------------< io.cucumber:cucumber-gherkin-messages >----------------
[INFO] Building Cucumber-JVM: Gherkin Messages 7.14.2-SNAPSHOT            [4/7]
[INFO]   from cucumber-gherkin-messages/pom.xml
[INFO] --------------------------------[ jar ]---------------------------------
[INFO] Downloading from central: https://repo.maven.apache.org/maven2/io/cucumber/gherkin/26.2.0/gherkin-26.2.0.pom
[INFO] Downloaded from central: https://repo.maven.apache.org/maven2/io/cucumber/gherkin/26.2.0/gherkin-26.2.0.pom (4.3 kB at 91 kB/s)
[INFO] Downloading from central: https://repo.maven.apache.org/maven2/io/cucumber/gherkin/26.2.0/gherkin-26.2.0.jar
[INFO] Downloaded from central: https://repo.maven.apache.org/maven2/io/cucumber/gherkin/26.2.0/gherkin-26.2.0.jar (111 kB at 5.9 MB/s)
[INFO] 
[INFO] --- clean:3.2.0:clean (default-clean) @ cucumber-gherkin-messages ---
[INFO] 
[INFO] --- enforcer:3.1.0:enforce (enforce) @ cucumber-gherkin-messages ---
[INFO] Skipping Rule Enforcement.
[INFO] 
[INFO] --- enforcer:3.1.0:enforce (enforce-maven-3-6-3-plus) @ cucumber-gherkin-messages ---
[INFO] Skipping Rule Enforcement.
[INFO] 
[INFO] --- enforcer:3.1.0:enforce (enforce-java) @ cucumber-gherkin-messages ---
[INFO] Skipping Rule Enforcement.
[INFO] 
[INFO] --- directory:1.0:highest-basedir (directories) @ cucumber-gherkin-messages ---
[INFO] Highest basedir set to: /home/srafi/after-cam-ready/compare_/compile_repair_output/work/5365897aa778
[INFO] 
[INFO] --- resources:3.3.0:resources (default-resources) @ cucumber-gherkin-messages ---
[INFO] Copying 1 resource
[INFO] 
[INFO] --- compiler:3.10.1:compile (default-compile) @ cucumber-gherkin-messages ---
[INFO] Changes detected - recompiling the module!
[INFO] Compiling 13 source files to /home/srafi/after-cam-ready/compare_/compile_repair_output/work/5365897aa778/cucumber-gherkin-messages/target/classes
[INFO] /home/srafi/after-cam-ready/compare_/compile_repair_output/work/5365897aa778/cucumber-gherkin-messages/src/main/java/io/cucumber/core/gherkin/messages/GherkinMessagesDocStringArgument.java: /home/srafi/after-cam-ready/compare_/compile_repair_output/work/5365897aa778/cucumber-gherkin-messages/src/main/java/io/cucumber/core/gherkin/messages/GherkinMessagesDocStringArgument.java uses or overrides a deprecated API.
[INFO] /home/srafi/after-cam-ready/compare_/compile_repair_output/work/5365897aa778/cucumber-gherkin-messages/src/main/java/io/cucumber/core/gherkin/messages/GherkinMessagesDocStringArgument.java: Recompile with -Xlint:deprecation for details.
[INFO] 
[INFO] --- compiler:3.10.1:compile (java9) @ cucumber-gherkin-messages ---
[WARNING]  Parameter 'compileSourceRoots' is read-only, must not be used in configuration
[INFO] No sources to compile
[INFO] 
[INFO] --- compiler:3.10.1:compile (java10) @ cucumber-gherkin-messages ---
[WARNING]  Parameter 'compileSourceRoots' is read-only, must not be used in configuration
[INFO] No sources to compile
[INFO] 
[INFO] --- compiler:3.10.1:compile (java11) @ cucumber-gherkin-messages ---
[WARNING]  Parameter 'compileSourceRoots' is read-only, must not be used in configuration
[INFO] No sources to compile
[INFO] 
[INFO] --- spotless:2.27.2:apply (spotless-apply) @ cucumber-gherkin-messages ---
[INFO] 
[INFO] --- resources:3.3.0:testResources (default-testResources) @ cucumber-gherkin-messages ---
[INFO] Copying 8 resources
[INFO] 
[INFO] --- compiler:3.10.1:testCompile (default-testCompile) @ cucumber-gherkin-messages ---
[INFO] Changes detected - recompiling the module!
[INFO] Compiling 1 source file to /home/srafi/after-cam-ready/compare_/compile_repair_output/work/5365897aa778/cucumber-gherkin-messages/target/test-classes
[INFO] /home/srafi/after-cam-ready/compare_/compile_repair_output/work/5365897aa778/cucumber-gherkin-messages/src/test/java/io/cucumber/core/gherkin/messages/FeatureParserTest.java: /home/srafi/after-cam-ready/compare_/compile_repair_output/work/5365897aa778/cucumber-gherkin-messages/src/test/java/io/cucumber/core/gherkin/messages/FeatureParserTest.java uses or overrides a deprecated API.
[INFO] /home/srafi/after-cam-ready/compare_/compile_repair_output/work/5365897aa778/cucumber-gherkin-messages/src/test/java/io/cucumber/core/gherkin/messages/FeatureParserTest.java: Recompile with -Xlint:deprecation for details.
[INFO] 
[INFO] --- surefire:3.0.0-M7:test (default-test) @ cucumber-gherkin-messages ---
[INFO] Tests are skipped.
[INFO] 
[INFO] --- jar:3.3.0:jar (default-jar) @ cucumber-gherkin-messages ---
[INFO] Building jar: /home/srafi/after-cam-ready/compare_/compile_repair_output/work/5365897aa778/cucumber-gherkin-messages/target/cucumber-gherkin-messages-7.14.2-SNAPSHOT.jar
[INFO] 
[INFO] --- checkstyle:3.2.0:check (validate) @ cucumber-gherkin-messages ---
[INFO] 
[INFO] --- install:3.0.1:install (default-install) @ cucumber-gherkin-messages ---
[INFO] Installing /home/srafi/after-cam-ready/compare_/compile_repair_output/work/5365897aa778/cucumber-gherkin-messages/pom.xml to /home/srafi/.m2/repository/io/cucumber/cucumber-gherkin-messages/7.14.2-SNAPSHOT/cucumber-gherkin-messages-7.14.2-SNAPSHOT.pom
[INFO] Installing /home/srafi/after-cam-ready/compare_/compile_repair_output/work/5365897aa778/cucumber-gherkin-messages/target/cucumber-gherkin-messages-7.14.2-SNAPSHOT.jar to /home/srafi/.m2/repository/io/cucumber/cucumber-gherkin-messages/7.14.2-SNAPSHOT/cucumber-gherkin-messages-7.14.2-SNAPSHOT.jar
[INFO] 
[INFO] -----------------------< io.cucumber:datatable >------------------------
[INFO] Building Cucumber-JVN: DataTable 7.14.2-SNAPSHOT                   [5/7]
[INFO]   from datatable/pom.xml
[INFO] --------------------------------[ jar ]---------------------------------
[INFO] Downloading from central: https://repo.maven.apache.org/maven2/org/mockito/mockito-junit-jupiter/5.7.0/mockito-junit-jupiter-5.7.0.pom
[INFO] Downloaded from central: https://repo.maven.apache.org/maven2/org/mockito/mockito-junit-jupiter/5.7.0/mockito-junit-jupiter-5.7.0.pom (2.3 kB at 134 kB/s)
[INFO] Downloading from central: https://repo.maven.apache.org/maven2/org/mockito/mockito-core/5.7.0/mockito-core-5.7.0.pom
[INFO] Downloaded from central: https://repo.maven.apache.org/maven2/org/mockito/mockito-core/5.7.0/mockito-core-5.7.0.pom (2.5 kB at 154 kB/s)
[INFO] Downloading from central: https://repo.maven.apache.org/maven2/net/bytebuddy/byte-buddy-agent/1.14.9/byte-buddy-agent-1.14.9.pom
[INFO] Downloaded from central: https://repo.maven.apache.org/maven2/net/bytebuddy/byte-buddy-agent/1.14.9/byte-buddy-agent-1.14.9.pom (10 kB at 581 kB/s)
[INFO] Downloading from central: https://repo.maven.apache.org/maven2/org/mockito/mockito-junit-jupiter/5.7.0/mockito-junit-jupiter-5.7.0.jar
[INFO] Downloaded from central: https://repo.maven.apache.org/maven2/org/mockito/mockito-junit-jupiter/5.7.0/mockito-junit-jupiter-5.7.0.jar (8.8 kB at 589 kB/s)
[INFO] Downloading from central: https://repo.maven.apache.org/maven2/org/mockito/mockito-core/5.7.0/mockito-core-5.7.0.jar
[INFO] Downloading from central: https://repo.maven.apache.org/maven2/net/bytebuddy/byte-buddy-agent/1.14.9/byte-buddy-agent-1.14.9.jar
[INFO] Downloading from central: https://repo.maven.apache.org/maven2/com/google/guava/guava/32.1.3-jre/guava-32.1.3-jre.jar
[INFO] Downloaded from central: https://repo.maven.apache.org/maven2/org/mockito/mockito-core/5.7.0/mockito-core-5.7.0.jar (700 kB at 26 MB/s)
[INFO] Downloaded from central: https://repo.maven.apache.org/maven2/net/bytebuddy/byte-buddy-agent/1.14.9/byte-buddy-agent-1.14.9.jar (257 kB at 7.3 MB/s)
[INFO] Downloaded from central: https://repo.maven.apache.org/maven2/com/google/guava/guava/32.1.3-jre/guava-32.1.3-jre.jar (3.0 MB at 45 MB/s)
[INFO] 
[INFO] --- clean:3.2.0:clean (default-clean) @ datatable ---
[INFO] 
[INFO] --- enforcer:3.1.0:enforce (enforce) @ datatable ---
[INFO] Skipping Rule Enforcement.
[INFO] 
[INFO] --- enforcer:3.1.0:enforce (enforce-maven-3-6-3-plus) @ datatable ---
[INFO] Skipping Rule Enforcement.
[INFO] 
[INFO] --- enforcer:3.1.0:enforce (enforce-java) @ datatable ---
[INFO] Skipping Rule Enforcement.
[INFO] 
[INFO] --- directory:1.0:highest-basedir (directories) @ datatable ---
[INFO] Highest basedir set to: /home/srafi/after-cam-ready/compare_/compile_repair_output/work/5365897aa778
[INFO] 
[INFO] --- resources:3.3.0:resources (default-resources) @ datatable ---
[INFO] skip non existing resourceDirectory /home/srafi/after-cam-ready/compare_/compile_repair_output/work/5365897aa778/datatable/src/main/resources
[INFO] 
[INFO] --- compiler:3.10.1:compile (default-compile) @ datatable ---
[INFO] Changes detected - recompiling the module!
[INFO] Compiling 25 source files to /home/srafi/after-cam-ready/compare_/compile_repair_output/work/5365897aa778/datatable/target/classes
[INFO] 
[INFO] --- compiler:3.10.1:compile (java9) @ datatable ---
[WARNING]  Parameter 'compileSourceRoots' is read-only, must not be used in configuration
[INFO] No sources to compile
[INFO] 
[INFO] --- compiler:3.10.1:compile (java10) @ datatable ---
[WARNING]  Parameter 'compileSourceRoots' is read-only, must not be used in configuration
[INFO] No sources to compile
[INFO] 
[INFO] --- compiler:3.10.1:compile (java11) @ datatable ---
[WARNING]  Parameter 'compileSourceRoots' is read-only, must not be used in configuration
[INFO] No sources to compile
[INFO] 
[INFO] --- spotless:2.27.2:apply (spotless-apply) @ datatable ---
[INFO] 
[INFO] --- resources:3.3.0:testResources (default-testResources) @ datatable ---
[INFO] skip non existing resourceDirectory /home/srafi/after-cam-ready/compare_/compile_repair_output/work/5365897aa778/datatable/src/test/resources
[INFO] 
[INFO] --- compiler:3.10.1:testCompile (default-testCompile) @ datatable ---
[INFO] Changes detected - recompiling the module!
[INFO] Compiling 11 source files to /home/srafi/after-cam-ready/compare_/compile_repair_output/work/5365897aa778/datatable/target/test-classes
[INFO] /home/srafi/after-cam-ready/compare_/compile_repair_output/work/5365897aa778/datatable/src/test/java/io/cucumber/datatable/DataTableTest.java: /home/srafi/after-cam-ready/compare_/compile_repair_output/work/5365897aa778/datatable/src/test/java/io/cucumber/datatable/DataTableTest.java uses or overrides a deprecated API.
[INFO] /home/srafi/after-cam-ready/compare_/compile_repair_output/work/5365897aa778/datatable/src/test/java/io/cucumber/datatable/DataTableTest.java: Recompile with -Xlint:deprecation for details.
[INFO] /home/srafi/after-cam-ready/compare_/compile_repair_output/work/5365897aa778/datatable/src/test/java/io/cucumber/datatable/DataTableTypeTest.java: /home/srafi/after-cam-ready/compare_/compile_repair_output/work/5365897aa778/datatable/src/test/java/io/cucumber/datatable/DataTableTypeTest.java uses unchecked or unsafe operations.
[INFO] /home/srafi/after-cam-ready/compare_/compile_repair_output/work/5365897aa778/datatable/src/test/java/io/cucumber/datatable/DataTableTypeTest.java: Recompile with -Xlint:unchecked for details.
[INFO] 
[INFO] --- surefire:3.0.0-M7:test (default-test) @ datatable ---
[INFO] Tests are skipped.
[INFO] 
[INFO] --- jar:3.3.0:jar (default-jar) @ datatable ---
[INFO] Building jar: /home/srafi/after-cam-ready/compare_/compile_repair_output/work/5365897aa778/datatable/target/datatable-7.14.2-SNAPSHOT.jar
[INFO] 
[INFO] --- shade:3.4.1:shade (default) @ datatable ---
[INFO] Including com.googlecode.java-diff-utils:diffutils:jar:1.3.0 in the shaded jar.
[INFO] Excluding org.apiguardian:apiguardian-api:jar:1.1.2 from the shaded jar.
[INFO] Dependency-reduced POM written at: /home/srafi/after-cam-ready/compare_/compile_repair_output/work/5365897aa778/datatable/dependency-reduced-pom.xml
[INFO] Replacing original artifact with shaded artifact.
[INFO] Replacing /home/srafi/after-cam-ready/compare_/compile_repair_output/work/5365897aa778/datatable/target/datatable-7.14.2-SNAPSHOT.jar with /home/srafi/after-cam-ready/compare_/compile_repair_output/work/5365897aa778/datatable/target/datatable-7.14.2-SNAPSHOT-shaded.jar
[INFO] 
[INFO] --- checkstyle:3.2.0:check (validate) @ datatable ---
[INFO] 
[INFO] --- install:3.0.1:install (default-install) @ datatable ---
[INFO] Installing /home/srafi/after-cam-ready/compare_/compile_repair_output/work/5365897aa778/datatable/dependency-reduced-pom.xml to /home/srafi/.m2/repository/io/cucumber/datatable/7.14.2-SNAPSHOT/datatable-7.14.2-SNAPSHOT.pom
[INFO] Installing /home/srafi/after-cam-ready/compare_/compile_repair_output/work/5365897aa778/datatable/target/datatable-7.14.2-SNAPSHOT.jar to /home/srafi/.m2/repository/io/cucumber/datatable/7.14.2-SNAPSHOT/datatable-7.14.2-SNAPSHOT.jar
[INFO] 
[INFO] -----------------------< io.cucumber:docstring >------------------------
[INFO] Building Cucumber-JVM: Docstring 7.14.2-SNAPSHOT                   [6/7]
[INFO]   from docstring/pom.xml
[INFO] --------------------------------[ jar ]---------------------------------
[INFO] 
[INFO] --- clean:3.2.0:clean (default-clean) @ docstring ---
[INFO] 
[INFO] --- enforcer:3.1.0:enforce (enforce) @ docstring ---
[INFO] Skipping Rule Enforcement.
[INFO] 
[INFO] --- enforcer:3.1.0:enforce (enforce-maven-3-6-3-plus) @ docstring ---
[INFO] Skipping Rule Enforcement.
[INFO] 
[INFO] --- enforcer:3.1.0:enforce (enforce-java) @ docstring ---
[INFO] Skipping Rule Enforcement.
[INFO] 
[INFO] --- directory:1.0:highest-basedir (directories) @ docstring ---
[INFO] Highest basedir set to: /home/srafi/after-cam-ready/compare_/compile_repair_output/work/5365897aa778
[INFO] 
[INFO] --- resources:3.3.0:resources (default-resources) @ docstring ---
[INFO] skip non existing resourceDirectory /home/srafi/after-cam-ready/compare_/compile_repair_output/work/5365897aa778/docstring/src/main/resources
[INFO] 
[INFO] --- compiler:3.10.1:compile (default-compile) @ docstring ---
[INFO] Changes detected - recompiling the module!
[INFO] Compiling 6 source files to /home/srafi/after-cam-ready/compare_/compile_repair_output/work/5365897aa778/docstring/target/classes
[INFO] 
[INFO] --- compiler:3.10.1:compile (java9) @ docstring ---
[WARNING]  Parameter 'compileSourceRoots' is read-only, must not be used in configuration
[INFO] No sources to compile
[INFO] 
[INFO] --- compiler:3.10.1:compile (java10) @ docstring ---
[WARNING]  Parameter 'compileSourceRoots' is read-only, must not be used in configuration
[INFO] No sources to compile
[INFO] 
[INFO] --- compiler:3.10.1:compile (java11) @ docstring ---
[WARNING]  Parameter 'compileSourceRoots' is read-only, must not be used in configuration
[INFO] No sources to compile
[INFO] 
[INFO] --- spotless:2.27.2:apply (spotless-apply) @ docstring ---
[INFO] 
[INFO] --- resources:3.3.0:testResources (default-testResources) @ docstring ---
[INFO] skip non existing resourceDirectory /home/srafi/after-cam-ready/compare_/compile_repair_output/work/5365897aa778/docstring/src/test/resources
[INFO] 
[INFO] --- compiler:3.10.1:testCompile (default-testCompile) @ docstring ---
[INFO] Changes detected - recompiling the module!
[INFO] Compiling 3 source files to /home/srafi/after-cam-ready/compare_/compile_repair_output/work/5365897aa778/docstring/target/test-classes
[INFO] 
[INFO] --- surefire:3.0.0-M7:test (default-test) @ docstring ---
[INFO] Tests are skipped.
[INFO] 
[INFO] --- jar:3.3.0:jar (default-jar) @ docstring ---
[INFO] Building jar: /home/srafi/after-cam-ready/compare_/compile_repair_output/work/5365897aa778/docstring/target/docstring-7.14.2-SNAPSHOT.jar
[INFO] 
[INFO] --- checkstyle:3.2.0:check (validate) @ docstring ---
[INFO] 
[INFO] --- install:3.0.1:install (default-install) @ docstring ---
[INFO] Installing /home/srafi/after-cam-ready/compare_/compile_repair_output/work/5365897aa778/docstring/pom.xml to /home/srafi/.m2/repository/io/cucumber/docstring/7.14.2-SNAPSHOT/docstring-7.14.2-SNAPSHOT.pom
[INFO] Installing /home/srafi/after-cam-ready/compare_/compile_repair_output/work/5365897aa778/docstring/target/docstring-7.14.2-SNAPSHOT.jar to /home/srafi/.m2/repository/io/cucumber/docstring/7.14.2-SNAPSHOT/docstring-7.14.2-SNAPSHOT.jar
[INFO] 
[INFO] ---------------------< io.cucumber:cucumber-core >----------------------
[INFO] Building Cucumber-JVM: Core 7.14.2-SNAPSHOT                        [7/7]
[INFO]   from cucumber-core/pom.xml
[INFO] --------------------------------[ jar ]---------------------------------
[INFO] 
[INFO] --- clean:3.2.0:clean (default-clean) @ cucumber-core ---
[INFO] 
[INFO] --- enforcer:3.1.0:enforce (enforce) @ cucumber-core ---
[INFO] Skipping Rule Enforcement.
[INFO] 
[INFO] --- enforcer:3.1.0:enforce (enforce-maven-3-6-3-plus) @ cucumber-core ---
[INFO] Skipping Rule Enforcement.
[INFO] 
[INFO] --- enforcer:3.1.0:enforce (enforce-java) @ cucumber-core ---
[INFO] Skipping Rule Enforcement.
[INFO] 
[INFO] --- enforcer:3.1.0:enforce (enforce-dependency-convergence) @ cucumber-core ---
[INFO] Skipping Rule Enforcement.
[INFO] 
[INFO] --- directory:1.0:highest-basedir (directories) @ cucumber-core ---
[INFO] Highest basedir set to: /home/srafi/after-cam-ready/compare_/compile_repair_output/work/5365897aa778
[INFO] 
[INFO] --- resources:3.3.0:resources (default-resources) @ cucumber-core ---
[INFO] Copying 15 resources
[INFO] The encoding used to copy filtered properties files have not been set. This means that the same encoding will be used to copy filtered properties files as when copying other filtered resources. This might not be what you want! Run your build with --debug to see which files might be affected. Read more at https://maven.apache.org/plugins/maven-resources-plugin/examples/filtering-properties-files.html
[INFO] 
[INFO] --- compiler:3.10.1:compile (default-compile) @ cucumber-core ---
[INFO] Changes detected - recompiling the module!
[INFO] Compiling 189 source files to /home/srafi/after-cam-ready/compare_/compile_repair_output/work/5365897aa778/cucumber-core/target/classes
[INFO] /home/srafi/after-cam-ready/compare_/compile_repair_output/work/5365897aa778/cucumber-core/src/main/java/io/cucumber/core/options/PluginOption.java: Some input files use or override a deprecated API.
[INFO] /home/srafi/after-cam-ready/compare_/compile_repair_output/work/5365897aa778/cucumber-core/src/main/java/io/cucumber/core/options/PluginOption.java: Recompile with -Xlint:deprecation for details.
[INFO] /home/srafi/after-cam-ready/compare_/compile_repair_output/work/5365897aa778/cucumber-core/src/main/java/io/cucumber/core/eventbus/AbstractEventPublisher.java: Some input files use unchecked or unsafe operations.
[INFO] /home/srafi/after-cam-ready/compare_/compile_repair_output/work/5365897aa778/cucumber-core/src/main/java/io/cucumber/core/eventbus/AbstractEventPublisher.java: Recompile with -Xlint:unchecked for details.
[INFO] 
[INFO] --- compiler:3.10.1:compile (java9) @ cucumber-core ---
[WARNING]  Parameter 'compileSourceRoots' is read-only, must not be used in configuration
[INFO] No sources to compile
[INFO] 
[INFO] --- compiler:3.10.1:compile (java10) @ cucumber-core ---
[WARNING]  Parameter 'compileSourceRoots' is read-only, must not be used in configuration
[INFO] No sources to compile
[INFO] 
[INFO] --- compiler:3.10.1:compile (java11) @ cucumber-core ---
[WARNING]  Parameter 'compileSourceRoots' is read-only, must not be used in configuration
[INFO] No sources to compile
[INFO] 
[INFO] --- spotless:2.27.2:apply (spotless-apply) @ cucumber-core ---
[INFO] 
[INFO] --- resources:3.3.0:testResources (default-testResources) @ cucumber-core ---
[INFO] Copying 17 resources
[INFO] 
[INFO] --- compiler:3.10.1:testCompile (default-testCompile) @ cucumber-core ---
[INFO] Changes detected - recompiling the module!
[INFO] Compiling 118 source files to /home/srafi/after-cam-ready/compare_/compile_repair_output/work/5365897aa778/cucumber-core/target/test-classes
[INFO] /home/srafi/after-cam-ready/compare_/compile_repair_output/work/5365897aa778/cucumber-core/src/test/java/io/cucumber/core/plugin/PluginsTest.java: Some input files use or override a deprecated API.
[INFO] /home/srafi/after-cam-ready/compare_/compile_repair_output/work/5365897aa778/cucumber-core/src/test/java/io/cucumber/core/plugin/PluginsTest.java: Recompile with -Xlint:deprecation for details.
[INFO] /home/srafi/after-cam-ready/compare_/compile_repair_output/work/5365897aa778/cucumber-core/src/test/java/io/cucumber/core/runner/EventBusTest.java: Some input files use unchecked or unsafe operations.
[INFO] /home/srafi/after-cam-ready/compare_/compile_repair_output/work/5365897aa778/cucumber-core/src/test/java/io/cucumber/core/runner/EventBusTest.java: Recompile with -Xlint:unchecked for details.
[INFO] 
[INFO] --- surefire:3.0.0-M7:test (default-test) @ cucumber-core ---
[INFO] Tests are skipped.
[INFO] 
[INFO] --- jar:3.3.0:jar (default-jar) @ cucumber-core ---
[INFO] Building jar: /home/srafi/after-cam-ready/compare_/compile_repair_output/work/5365897aa778/cucumber-core/target/cucumber-core-7.14.2-SNAPSHOT.jar
[INFO] 
[INFO] --- shade:3.4.1:shade (default) @ cucumber-core ---
[INFO] Including com.fasterxml.jackson.core:jackson-databind:jar:2.16.0 in the shaded jar.
[INFO] Including com.fasterxml.jackson.core:jackson-annotations:jar:2.16.0 in the shaded jar.
[INFO] Including com.fasterxml.jackson.core:jackson-core:jar:2.16.0 in the shaded jar.
[INFO] Including com.fasterxml.jackson.datatype:jackson-datatype-jdk8:jar:2.16.0 in the shaded jar.
[INFO] Excluding io.cucumber:cucumber-gherkin:jar:7.14.2-SNAPSHOT from the shaded jar.
[INFO] Excluding io.cucumber:cucumber-gherkin-messages:jar:7.14.2-SNAPSHOT from the shaded jar.
[INFO] Excluding io.cucumber:gherkin:jar:26.2.0 from the shaded jar.
[INFO] Excluding io.cucumber:messages:jar:22.0.0 from the shaded jar.
[INFO] Excluding io.cucumber:tag-expressions:jar:6.0.0 from the shaded jar.
[INFO] Excluding io.cucumber:cucumber-expressions:jar:17.0.1 from the shaded jar.
[INFO] Excluding io.cucumber:datatable:jar:7.14.2-SNAPSHOT from the shaded jar.
[INFO] Excluding com.googlecode.java-diff-utils:diffutils:jar:1.3.0 from the shaded jar.
[INFO] Excluding io.cucumber:cucumber-plugin:jar:7.14.2-SNAPSHOT from the shaded jar.
[INFO] Excluding io.cucumber:docstring:jar:7.14.2-SNAPSHOT from the shaded jar.
[INFO] Excluding io.cucumber:html-formatter:jar:20.4.0 from the shaded jar.
[INFO] Excluding io.cucumber:junit-xml-formatter:jar:0.2.0 from the shaded jar.
[INFO] Excluding io.cucumber:ci-environment:jar:10.0.0 from the shaded jar.
[INFO] Excluding org.apiguardian:apiguardian-api:jar:1.1.2 from the shaded jar.
[INFO] Dependency-reduced POM written at: /home/srafi/after-cam-ready/compare_/compile_repair_output/work/5365897aa778/cucumber-core/dependency-reduced-pom.xml
[INFO] Replacing original artifact with shaded artifact.
[INFO] Replacing /home/srafi/after-cam-ready/compare_/compile_repair_output/work/5365897aa778/cucumber-core/target/cucumber-core-7.14.2-SNAPSHOT.jar with /home/srafi/after-cam-ready/compare_/compile_repair_output/work/5365897aa778/cucumber-core/target/cucumber-core-7.14.2-SNAPSHOT-shaded.jar
[INFO] 
[INFO] --- checkstyle:3.2.0:check (validate) @ cucumber-core ---
[INFO] 
[INFO] --- install:3.0.1:install (default-install) @ cucumber-core ---
[INFO] Installing /home/srafi/after-cam-ready/compare_/compile_repair_output/work/5365897aa778/cucumber-core/dependency-reduced-pom.xml to /home/srafi/.m2/repository/io/cucumber/cucumber-core/7.14.2-SNAPSHOT/cucumber-core-7.14.2-SNAPSHOT.pom
[INFO] Installing /home/srafi/after-cam-ready/compare_/compile_repair_output/work/5365897aa778/cucumber-core/target/cucumber-core-7.14.2-SNAPSHOT.jar to /home/srafi/.m2/repository/io/cucumber/cucumber-core/7.14.2-SNAPSHOT/cucumber-core-7.14.2-SNAPSHOT.jar
[INFO] ------------------------------------------------------------------------
[INFO] Reactor Summary for Cucumber-JVM 7.14.2-SNAPSHOT:
[INFO] 
[INFO] Cucumber-JVM ....................................... SUCCESS [  1.741 s]
[INFO] Cucumber-JVM: Plugin ............................... SUCCESS [  1.827 s]
[INFO] Cucumber-JVM: Gherkin .............................. SUCCESS [  0.141 s]
[INFO] Cucumber-JVM: Gherkin Messages ..................... SUCCESS [  0.445 s]
[INFO] Cucumber-JVN: DataTable ............................ SUCCESS [  1.573 s]
[INFO] Cucumber-JVM: Docstring ............................ SUCCESS [  0.214 s]
[INFO] Cucumber-JVM: Core ................................. SUCCESS [  4.034 s]
[INFO] ------------------------------------------------------------------------
[INFO] BUILD SUCCESS
[INFO] ------------------------------------------------------------------------
[INFO] Total time:  10.686 s
[INFO] Finished at: 2026-08-15T16:14:09-04:00
[INFO] ------------------------------------------------------------------------
