JAVA_HOME=/usr/lib/jvm/java-8-openjdk-amd64
COMMAND=mvn -B clean install -DskipTests -U -pl pinot-common -am -Ddependency-check.skip=true -Dgpg.skip=true -DfailIfNoTests=false -Dskip.installnodenpm=true -Dskip.npm=true -Dskip.yarn=true -Dlicense.skip=true -Dcheckstyle.skip=true -Drat.skip=true -Denforcer.skip=true -Danimal.sniffer.skip=true -Dmaven.javadoc.skip=true -Dfindbugs.skip=true -Dspotbugs.skip=true -Dwarbucks.skip=true -Dmodernizer.skip=true -Dimpsort.skip=true -Dmdep.analyze.skip=true -Dpgpverify.skip=true -Dxml.skip=true -Dcobertura.skip=true

[INFO] Downloading from central: https://repo.maven.apache.org/maven2/com/gradle/gradle-enterprise-maven-extension/1.19.2/gradle-enterprise-maven-extension-1.19.2.pom
[INFO] Downloaded from central: https://repo.maven.apache.org/maven2/com/gradle/gradle-enterprise-maven-extension/1.19.2/gradle-enterprise-maven-extension-1.19.2.pom (1.5 kB at 5.5 kB/s)
[INFO] Downloading from central: https://repo.maven.apache.org/maven2/com/gradle/gradle-enterprise-maven-extension/1.19.2/gradle-enterprise-maven-extension-1.19.2.jar
[INFO] Downloaded from central: https://repo.maven.apache.org/maven2/com/gradle/gradle-enterprise-maven-extension/1.19.2/gradle-enterprise-maven-extension-1.19.2.jar (14 MB at 36 MB/s)
[INFO] Downloading from central: https://repo.maven.apache.org/maven2/com/gradle/common-custom-user-data-maven-extension/1.12.4/common-custom-user-data-maven-extension-1.12.4.pom
[INFO] Downloaded from central: https://repo.maven.apache.org/maven2/com/gradle/common-custom-user-data-maven-extension/1.12.4/common-custom-user-data-maven-extension-1.12.4.pom (6.9 kB at 144 kB/s)
[INFO] Downloading from central: https://repo.maven.apache.org/maven2/com/gradle/common-custom-user-data-maven-extension/1.12.4/common-custom-user-data-maven-extension-1.12.4.jar
[INFO] Downloaded from central: https://repo.maven.apache.org/maven2/com/gradle/common-custom-user-data-maven-extension/1.12.4/common-custom-user-data-maven-extension-1.12.4.jar (9.6 MB at 62 MB/s)
[INFO] Scanning for projects...
[INFO] Downloading from central: https://repo.maven.apache.org/maven2/com/fasterxml/jackson/jackson-bom/2.12.7.20221012/jackson-bom-2.12.7.20221012.pom
[INFO] Downloaded from central: https://repo.maven.apache.org/maven2/com/fasterxml/jackson/jackson-bom/2.12.7.20221012/jackson-bom-2.12.7.20221012.pom (17 kB at 383 kB/s)
[INFO] Downloading from central: https://repo.maven.apache.org/maven2/software/amazon/awssdk/bom/2.20.137/bom-2.20.137.pom
[INFO] Downloaded from central: https://repo.maven.apache.org/maven2/software/amazon/awssdk/bom/2.20.137/bom-2.20.137.pom (86 kB at 1.5 MB/s)
[INFO] Downloading from central: https://repo.maven.apache.org/maven2/software/amazon/awssdk/aws-sdk-java-pom/2.20.137/aws-sdk-java-pom-2.20.137.pom
[INFO] Downloaded from central: https://repo.maven.apache.org/maven2/software/amazon/awssdk/aws-sdk-java-pom/2.20.137/aws-sdk-java-pom-2.20.137.pom (77 kB at 1.4 MB/s)
Warning: KebabPizza disabling incompatible org.jacoco:jacoco-maven-plugin from pinot
Warning: KebabPizza disabling incompatible com.mycila:license-maven-plugin from pinot
Warning: KebabPizza disabling incompatible org.apache.rat:apache-rat-plugin from pinot
Warning: KebabPizza disabling incompatible org.apache.maven.plugins:maven-enforcer-plugin from pinot
Warning: KebabPizza disabling incompatible org.jacoco:jacoco-maven-plugin from pinot-spi
Warning: KebabPizza disabling incompatible com.mycila:license-maven-plugin from pinot-spi
Warning: KebabPizza disabling incompatible org.apache.rat:apache-rat-plugin from pinot-spi
Warning: KebabPizza disabling incompatible org.apache.maven.plugins:maven-enforcer-plugin from pinot-spi
Warning: KebabPizza disabling incompatible org.jacoco:jacoco-maven-plugin from pinot-segment-spi
Warning: KebabPizza disabling incompatible com.mycila:license-maven-plugin from pinot-segment-spi
Warning: KebabPizza disabling incompatible org.apache.rat:apache-rat-plugin from pinot-segment-spi
Warning: KebabPizza disabling incompatible org.apache.maven.plugins:maven-enforcer-plugin from pinot-segment-spi
Warning: KebabPizza disabling incompatible org.jacoco:jacoco-maven-plugin from pinot-plugins
Warning: KebabPizza disabling incompatible com.mycila:license-maven-plugin from pinot-plugins
Warning: KebabPizza disabling incompatible org.apache.rat:apache-rat-plugin from pinot-plugins
Warning: KebabPizza disabling incompatible org.apache.maven.plugins:maven-enforcer-plugin from pinot-plugins
Warning: KebabPizza disabling incompatible org.jacoco:jacoco-maven-plugin from pinot-metrics
Warning: KebabPizza disabling incompatible com.mycila:license-maven-plugin from pinot-metrics
Warning: KebabPizza disabling incompatible org.apache.rat:apache-rat-plugin from pinot-metrics
Warning: KebabPizza disabling incompatible org.apache.maven.plugins:maven-enforcer-plugin from pinot-metrics
Warning: KebabPizza disabling incompatible org.jacoco:jacoco-maven-plugin from pinot-yammer
Warning: KebabPizza disabling incompatible com.mycila:license-maven-plugin from pinot-yammer
Warning: KebabPizza disabling incompatible org.apache.rat:apache-rat-plugin from pinot-yammer
Warning: KebabPizza disabling incompatible org.apache.maven.plugins:maven-enforcer-plugin from pinot-yammer
Warning: KebabPizza disabling incompatible org.jacoco:jacoco-maven-plugin from pinot-fmpp-maven-plugin
Warning: KebabPizza disabling incompatible com.mycila:license-maven-plugin from pinot-fmpp-maven-plugin
Warning: KebabPizza disabling incompatible org.apache.rat:apache-rat-plugin from pinot-fmpp-maven-plugin
Warning: KebabPizza disabling incompatible org.apache.maven.plugins:maven-enforcer-plugin from pinot-fmpp-maven-plugin
Warning: KebabPizza disabling incompatible org.jacoco:jacoco-maven-plugin from pinot-common
Warning: KebabPizza disabling incompatible com.mycila:license-maven-plugin from pinot-common
Warning: KebabPizza disabling incompatible org.apache.rat:apache-rat-plugin from pinot-common
Warning: KebabPizza disabling incompatible org.apache.maven.plugins:maven-enforcer-plugin from pinot-common
[INFO] ------------------------------------------------------------------------
[INFO] Detecting the operating system and CPU architecture
[INFO] ------------------------------------------------------------------------
[INFO] os.detected.name: linux
[INFO] os.detected.arch: x86_64
[INFO] os.detected.version: 6.8
[INFO] os.detected.version.major: 6
[INFO] os.detected.version.minor: 8
[INFO] os.detected.release: ubuntu
[INFO] os.detected.release.version: 22.04
[INFO] os.detected.release.like.ubuntu: true
[INFO] os.detected.release.like.debian: true
[INFO] os.detected.classifier: linux-x86_64
[WARNING] Unexpected error while contacting Gradle Enterprise server at https://ge.apache.org/
[INFO] ------------------------------------------------------------------------
[INFO] Reactor Build Order:
[INFO] 
[INFO] Pinot                                                              [pom]
[INFO] Pinot Service Provider Interface                                   [jar]
[INFO] Pinot Segment Service Provider Interface                           [jar]
[INFO] Pinot Plugins                                                      [pom]
[INFO] Pinot Metrics                                                      [pom]
[INFO] Pinot Yammer Metrics                                               [jar]
[INFO] Pinot FMPP plugin                                         [maven-plugin]
[INFO] Pinot Common                                                       [jar]
[INFO] 
[INFO] -----------------------< org.apache.pinot:pinot >-----------------------
[INFO] Building Pinot 1.1.0-SNAPSHOT                                      [1/8]
[INFO] --------------------------------[ pom ]---------------------------------
[INFO] 
[INFO] --- maven-clean-plugin:3.1.0:clean (default-clean) @ pinot ---
[INFO] 
[INFO] --- maven-checkstyle-plugin:3.1.2:check (checkstyle) @ pinot ---
[INFO] Skipped
[INFO] 
[INFO] --- buildnumber-maven-plugin:1.3:create (default) @ pinot ---
[INFO] Executing: /bin/sh -c cd /home/srafi/after-cam-ready/compare_/compile_repair_output/work/8be17d30ea63 && git rev-parse --verify HEAD
[INFO] Working directory: /home/srafi/after-cam-ready/compare_/compile_repair_output/work/8be17d30ea63
[INFO] Storing buildNumber: f79b618141e07c140663791959d96956ad91d811 at timestamp: 1786823897407
[WARNING] Cannot get the branch information from the git repository: 
Detecting the current branch failed: fatal: ref HEAD is not a symbolic ref

[INFO] Executing: /bin/sh -c cd /home/srafi/after-cam-ready/compare_/compile_repair_output/work/8be17d30ea63 && git rev-parse --verify HEAD
[INFO] Working directory: /home/srafi/after-cam-ready/compare_/compile_repair_output/work/8be17d30ea63
[INFO] Storing buildScmBranch: UNKNOWN
[INFO] 
[INFO] --- maven-remote-resources-plugin:1.6.0:process (process-resource-bundles) @ pinot ---
[INFO] Preparing remote bundle org.apache:apache-jar-resource-bundle:1.4
[INFO] Copying 3 resources from 1 bundle.
[INFO] 
[INFO] --- maven-remote-resources-plugin:1.6.0:process (default) @ pinot ---
[INFO] Preparing remote bundle org.apache:apache-jar-resource-bundle:1.4
[INFO] Copying 3 resources from 1 bundle.
[INFO] 
[INFO] --- maven-site-plugin:3.7.1:attach-descriptor (attach-descriptor) @ pinot ---
[INFO] No site descriptor found: nothing to attach.
[INFO] 
[INFO] --- maven-surefire-plugin:3.0.0-M8-SNAPSHOT:test (integration-tests) @ pinot ---
[INFO] Downloading from apache.snapshots: https://repository.apache.org/snapshots/org/apache/maven/surefire/maven-surefire-common/3.0.0-M8-SNAPSHOT/maven-metadata.xml
[INFO] Downloading from apache.snapshots: https://repository.apache.org/snapshots/org/apache/maven/surefire/surefire-api/3.0.0-M8-SNAPSHOT/maven-metadata.xml
[INFO] Downloading from apache.snapshots: https://repository.apache.org/snapshots/org/apache/maven/surefire/surefire-logger-api/3.0.0-M8-SNAPSHOT/maven-metadata.xml
[INFO] Downloading from apache.snapshots: https://repository.apache.org/snapshots/org/apache/maven/surefire/surefire-shared-utils/3.0.0-M8-SNAPSHOT/maven-metadata.xml
[INFO] Downloading from apache.snapshots: https://repository.apache.org/snapshots/org/apache/maven/surefire/surefire-extensions-api/3.0.0-M8-SNAPSHOT/maven-metadata.xml
[INFO] Downloading from apache.snapshots: https://repository.apache.org/snapshots/org/apache/maven/surefire/surefire-booter/3.0.0-M8-SNAPSHOT/maven-metadata.xml
[INFO] Downloading from apache.snapshots: https://repository.apache.org/snapshots/org/apache/maven/surefire/surefire-extensions-spi/3.0.0-M8-SNAPSHOT/maven-metadata.xml
[INFO] Tests are skipped.
[WARNING] Could not extract goal execution properties.
[INFO] Tests are skipped.
[INFO] 
[INFO] --- spotless-maven-plugin:2.28.0:check (default) @ pinot ---
[INFO] 
[INFO] --- maven-install-plugin:2.5.2:install (default-install) @ pinot ---
[INFO] Installing /home/srafi/after-cam-ready/compare_/compile_repair_output/work/8be17d30ea63/pom.xml to /home/srafi/.m2/repository/org/apache/pinot/pinot/1.1.0-SNAPSHOT/pinot-1.1.0-SNAPSHOT.pom
[INFO] 
[INFO] ---------------------< org.apache.pinot:pinot-spi >---------------------
[INFO] Building Pinot Service Provider Interface 1.1.0-SNAPSHOT           [2/8]
[INFO] --------------------------------[ jar ]---------------------------------
[INFO] Downloading from central: https://repo.maven.apache.org/maven2/org/codehaus/mojo/versions-maven-plugin/2.16.0/versions-maven-plugin-2.16.0.pom
[INFO] Downloading from central: https://repo.maven.apache.org/maven2/org/slf4j/jcl-over-slf4j/2.0.9/jcl-over-slf4j-2.0.9.pom
[INFO] Downloaded from central: https://repo.maven.apache.org/maven2/org/codehaus/mojo/versions-maven-plugin/2.16.0/versions-maven-plugin-2.16.0.pom (9.9 kB at 150 kB/s)
[INFO] Downloading from central: https://repo.maven.apache.org/maven2/org/codehaus/mojo/versions/versions/2.16.0/versions-2.16.0.pom
[INFO] Downloaded from central: https://repo.maven.apache.org/maven2/org/slf4j/jcl-over-slf4j/2.0.9/jcl-over-slf4j-2.0.9.pom (1.7 kB at 37 kB/s)
[INFO] Downloading from central: https://repo.maven.apache.org/maven2/org/slf4j/slf4j-parent/2.0.9/slf4j-parent-2.0.9.pom
[INFO] Downloaded from central: https://repo.maven.apache.org/maven2/org/slf4j/slf4j-parent/2.0.9/slf4j-parent-2.0.9.pom (16 kB at 456 kB/s)
[INFO] Downloading from central: https://repo.maven.apache.org/maven2/org/slf4j/slf4j-bom/2.0.9/slf4j-bom-2.0.9.pom
[INFO] Downloaded from central: https://repo.maven.apache.org/maven2/org/codehaus/mojo/versions/versions/2.16.0/versions-2.16.0.pom (13 kB at 254 kB/s)
[INFO] Downloading from central: https://repo.maven.apache.org/maven2/org/codehaus/mojo/mojo-parent/75/mojo-parent-75.pom
[INFO] Downloaded from central: https://repo.maven.apache.org/maven2/org/slf4j/slf4j-bom/2.0.9/slf4j-bom-2.0.9.pom (4.9 kB at 129 kB/s)
[INFO] Downloading from central: https://repo.maven.apache.org/maven2/org/slf4j/slf4j-api/2.0.9/slf4j-api-2.0.9.pom
[INFO] Downloaded from central: https://repo.maven.apache.org/maven2/org/codehaus/mojo/mojo-parent/75/mojo-parent-75.pom (36 kB at 607 kB/s)
[INFO] Downloading from central: https://repo.maven.apache.org/maven2/org/codehaus/mojo/versions-maven-plugin/2.16.0/versions-maven-plugin-2.16.0.jar
[INFO] Downloaded from central: https://repo.maven.apache.org/maven2/org/slf4j/slf4j-api/2.0.9/slf4j-api-2.0.9.pom (2.8 kB at 69 kB/s)
[INFO] Downloading from central: https://repo.maven.apache.org/maven2/org/apache/logging/log4j/log4j-1.2-api/2.20.0/log4j-1.2-api-2.20.0.pom
[INFO] Downloaded from central: https://repo.maven.apache.org/maven2/org/codehaus/mojo/versions-maven-plugin/2.16.0/versions-maven-plugin-2.16.0.jar (289 kB at 5.1 MB/s)
[INFO] Downloaded from central: https://repo.maven.apache.org/maven2/org/apache/logging/log4j/log4j-1.2-api/2.20.0/log4j-1.2-api-2.20.0.pom (5.0 kB at 130 kB/s)
[INFO] Downloading from central: https://repo.maven.apache.org/maven2/org/apache/avro/avro/1.10.2/avro-1.10.2.pom
[INFO] Downloading from central: https://repo.maven.apache.org/maven2/org/codehaus/mojo/sonar-maven-plugin/2.7.1/sonar-maven-plugin-2.7.1.pom
[INFO] Downloaded from central: https://repo.maven.apache.org/maven2/org/apache/avro/avro/1.10.2/avro-1.10.2.pom (9.5 kB at 250 kB/s)
[INFO] Downloading from central: https://repo.maven.apache.org/maven2/org/apache/avro/avro-parent/1.10.2/avro-parent-1.10.2.pom
[INFO] Downloaded from central: https://repo.maven.apache.org/maven2/org/codehaus/mojo/sonar-maven-plugin/2.7.1/sonar-maven-plugin-2.7.1.pom (8.9 kB at 150 kB/s)
[INFO] Downloading from central: https://repo.maven.apache.org/maven2/org/codehaus/mojo/sonar-maven-plugin/2.7.1/sonar-maven-plugin-2.7.1.jar
[INFO] Downloaded from central: https://repo.maven.apache.org/maven2/org/apache/avro/avro-parent/1.10.2/avro-parent-1.10.2.pom (23 kB at 528 kB/s)
[INFO] Downloading from central: https://repo.maven.apache.org/maven2/org/apache/avro/avro-toplevel/1.10.2/avro-toplevel-1.10.2.pom
[INFO] Downloaded from central: https://repo.maven.apache.org/maven2/org/apache/avro/avro-toplevel/1.10.2/avro-toplevel-1.10.2.pom (21 kB at 534 kB/s)
[INFO] Downloading from central: https://repo.maven.apache.org/maven2/org/testng/testng/7.8.0/testng-7.8.0.pom
[INFO] Downloaded from central: https://repo.maven.apache.org/maven2/org/codehaus/mojo/sonar-maven-plugin/2.7.1/sonar-maven-plugin-2.7.1.jar (46 kB at 821 kB/s)
[INFO] Downloaded from central: https://repo.maven.apache.org/maven2/org/testng/testng/7.8.0/testng-7.8.0.pom (2.9 kB at 62 kB/s)
[INFO] Downloading from central: https://repo.maven.apache.org/maven2/org/webjars/jquery/3.6.1/jquery-3.6.1.pom
[INFO] Downloaded from central: https://repo.maven.apache.org/maven2/org/webjars/jquery/3.6.1/jquery-3.6.1.pom (7.4 kB at 125 kB/s)
[INFO] Downloading from central: https://repo.maven.apache.org/maven2/org/slf4j/jcl-over-slf4j/2.0.9/jcl-over-slf4j-2.0.9.jar
[INFO] Downloading from central: https://repo.maven.apache.org/maven2/org/slf4j/slf4j-api/2.0.9/slf4j-api-2.0.9.jar
[INFO] Downloading from central: https://repo.maven.apache.org/maven2/org/apache/logging/log4j/log4j-1.2-api/2.20.0/log4j-1.2-api-2.20.0.jar
[INFO] Downloading from central: https://repo.maven.apache.org/maven2/joda-time/joda-time/2.12.5/joda-time-2.12.5.jar
[INFO] Downloading from central: https://repo.maven.apache.org/maven2/com/fasterxml/jackson/core/jackson-databind/2.12.7.1/jackson-databind-2.12.7.1.jar
[INFO] Downloaded from central: https://repo.maven.apache.org/maven2/joda-time/joda-time/2.12.5/joda-time-2.12.5.jar (0 B at 0 B/s)
[INFO] Downloading from central: https://repo.maven.apache.org/maven2/org/apache/avro/avro/1.10.2/avro-1.10.2.jar
[INFO] Downloaded from central: https://repo.maven.apache.org/maven2/org/slf4j/slf4j-api/2.0.9/slf4j-api-2.0.9.jar (65 kB at 1.3 MB/s)
[INFO] Downloading from central: https://repo.maven.apache.org/maven2/org/testng/testng/7.8.0/testng-7.8.0.jar
[INFO] Downloaded from central: https://repo.maven.apache.org/maven2/org/apache/logging/log4j/log4j-1.2-api/2.20.0/log4j-1.2-api-2.20.0.jar (344 kB at 6.6 MB/s)
[INFO] Downloading from central: https://repo.maven.apache.org/maven2/org/webjars/jquery/3.6.1/jquery-3.6.1.jar
[INFO] Downloaded from central: https://repo.maven.apache.org/maven2/org/slf4j/jcl-over-slf4j/2.0.9/jcl-over-slf4j-2.0.9.jar (18 kB at 323 kB/s)
[INFO] Downloaded from central: https://repo.maven.apache.org/maven2/com/fasterxml/jackson/core/jackson-databind/2.12.7.1/jackson-databind-2.12.7.1.jar (1.5 MB at 20 MB/s)
[INFO] Downloaded from central: https://repo.maven.apache.org/maven2/org/apache/avro/avro/1.10.2/avro-1.10.2.jar (591 kB at 6.4 MB/s)
[INFO] Downloaded from central: https://repo.maven.apache.org/maven2/org/webjars/jquery/3.6.1/jquery-3.6.1.jar (315 kB at 3.2 MB/s)
[INFO] Downloaded from central: https://repo.maven.apache.org/maven2/org/testng/testng/7.8.0/testng-7.8.0.jar (1.0 MB at 9.4 MB/s)
[INFO] 
[INFO] --- maven-clean-plugin:3.1.0:clean (default-clean) @ pinot-spi ---
[INFO] 
[INFO] --- maven-checkstyle-plugin:3.1.2:check (checkstyle) @ pinot-spi ---
[INFO] Skipped
[INFO] 
[INFO] --- buildnumber-maven-plugin:1.3:create (default) @ pinot-spi ---
[INFO] Executing: /bin/sh -c cd /home/srafi/after-cam-ready/compare_/compile_repair_output/work/8be17d30ea63/pinot-spi && git rev-parse --verify HEAD
[INFO] Working directory: /home/srafi/after-cam-ready/compare_/compile_repair_output/work/8be17d30ea63/pinot-spi
[INFO] Storing buildNumber: f79b618141e07c140663791959d96956ad91d811 at timestamp: 1786823902367
[WARNING] Cannot get the branch information from the git repository: 
Detecting the current branch failed: fatal: ref HEAD is not a symbolic ref

[INFO] Executing: /bin/sh -c cd /home/srafi/after-cam-ready/compare_/compile_repair_output/work/8be17d30ea63/pinot-spi && git rev-parse --verify HEAD
[INFO] Working directory: /home/srafi/after-cam-ready/compare_/compile_repair_output/work/8be17d30ea63/pinot-spi
[INFO] Storing buildScmBranch: UNKNOWN
[INFO] 
[INFO] --- maven-remote-resources-plugin:1.6.0:process (process-resource-bundles) @ pinot-spi ---
[INFO] Preparing remote bundle org.apache:apache-jar-resource-bundle:1.4
[INFO] Copying 3 resources from 1 bundle.
[INFO] 
[INFO] --- maven-remote-resources-plugin:1.6.0:process (default) @ pinot-spi ---
[INFO] Preparing remote bundle org.apache:apache-jar-resource-bundle:1.4
[INFO] Copying 3 resources from 1 bundle.
[INFO] 
[INFO] --- maven-resources-plugin:2.6:resources (default-resources) @ pinot-spi ---
[INFO] Using 'UTF-8' encoding to copy filtered resources.
[INFO] skip non existing resourceDirectory /home/srafi/after-cam-ready/compare_/compile_repair_output/work/8be17d30ea63/pinot-spi/src/main/resources
[INFO] Copying 3 resources
[INFO] Copying 3 resources
[INFO] 
[INFO] --- maven-compiler-plugin:3.8.0:compile (default-compile) @ pinot-spi ---
[INFO] Changes detected - recompiling the module!
[INFO] Compiling 248 source files to /home/srafi/after-cam-ready/compare_/compile_repair_output/work/8be17d30ea63/pinot-spi/target/classes
[INFO] -------------------------------------------------------------
[ERROR] COMPILATION ERROR : 
[INFO] -------------------------------------------------------------
[ERROR] javac: invalid flag: --release
Usage: javac <options> <source files>
use -help for a list of possible options

[INFO] 1 error
[INFO] -------------------------------------------------------------
[INFO] ------------------------------------------------------------------------
[INFO] Reactor Summary for Pinot 1.1.0-SNAPSHOT:
[INFO] 
[INFO] Pinot .............................................. SUCCESS [  5.103 s]
[INFO] Pinot Service Provider Interface ................... FAILURE [  2.167 s]
[INFO] Pinot Segment Service Provider Interface ........... SKIPPED
[INFO] Pinot Plugins ...................................... SKIPPED
[INFO] Pinot Metrics ...................................... SKIPPED
[INFO] Pinot Yammer Metrics ............................... SKIPPED
[INFO] Pinot FMPP plugin .................................. SKIPPED
[INFO] Pinot Common ....................................... SKIPPED
[INFO] ------------------------------------------------------------------------
[INFO] BUILD FAILURE
[INFO] ------------------------------------------------------------------------
[INFO] Total time:  8.535 s
[INFO] Finished at: 2026-08-15T15:58:23-04:00
[INFO] ------------------------------------------------------------------------
[INFO] 16 goals, 16 executed
[INFO] Cleaning up the local build cache...
[INFO] Deleted 13 unused files from the local build cache in 0.003s
[INFO] ------------------------------------------------------------------------
[WARNING] Unexpected error while contacting Gradle Enterprise server at https://ge.apache.org/
[WARNING] No build scan will be published: Gradle Enterprise features were not enabled due to an unexpected error while contacting Gradle Enterprise.
[ERROR] Failed to execute goal org.apache.maven.plugins:maven-compiler-plugin:3.8.0:compile (default-compile) on project pinot-spi: Compilation failure
[ERROR] javac: invalid flag: --release
[ERROR] Usage: javac <options> <source files>
[ERROR] use -help for a list of possible options
[ERROR] -> [Help 1]
[ERROR] 
[ERROR] To see the full stack trace of the errors, re-run Maven with the -e switch.
[ERROR] Re-run Maven using the -X switch to enable full debug logging.
[ERROR] 
[ERROR] For more information about the errors and possible solutions, please read the following articles:
[ERROR] [Help 1] http://cwiki.apache.org/confluence/display/MAVEN/MojoFailureException
[ERROR] 
[ERROR] After correcting the problems, you can resume the build with the command
[ERROR]   mvn <args> -rf :pinot-spi
