JAVA_HOME=/usr/lib/jvm/java-8-openjdk-amd64
COMMAND=mvn -B clean install -DskipTests -U -pl drools-beliefs -am -Ddependency-check.skip=true -Dgpg.skip=true -DfailIfNoTests=false -Dskip.installnodenpm=true -Dskip.npm=true -Dskip.yarn=true -Dlicense.skip=true -Dcheckstyle.skip=true -Drat.skip=true -Denforcer.skip=true -Danimal.sniffer.skip=true -Dmaven.javadoc.skip=true -Dfindbugs.skip=true -Dspotbugs.skip=true -Dwarbucks.skip=true -Dmodernizer.skip=true -Dimpsort.skip=true -Dmdep.analyze.skip=true -Dpgpverify.skip=true -Dxml.skip=true -Dcobertura.skip=true

[INFO] Scanning for projects...
[INFO] Downloading from central: https://repo.maven.apache.org/maven2/io/quarkus/quarkus-bom/3.8.6/quarkus-bom-3.8.6.pom
[INFO] Downloaded from central: https://repo.maven.apache.org/maven2/io/quarkus/quarkus-bom/3.8.6/quarkus-bom-3.8.6.pom (439 kB at 1.0 MB/s)
[INFO] Downloading from central: https://repo.maven.apache.org/maven2/org/infinispan/infinispan-bom/14.0.25.Final/infinispan-bom-14.0.25.Final.pom
[INFO] Downloaded from central: https://repo.maven.apache.org/maven2/org/infinispan/infinispan-bom/14.0.25.Final/infinispan-bom-14.0.25.Final.pom (24 kB at 668 kB/s)
[INFO] Downloading from central: https://repo.maven.apache.org/maven2/org/infinispan/infinispan-build-configuration-parent/14.0.25.Final/infinispan-build-configuration-parent-14.0.25.Final.pom
[INFO] Downloaded from central: https://repo.maven.apache.org/maven2/org/infinispan/infinispan-build-configuration-parent/14.0.25.Final/infinispan-build-configuration-parent-14.0.25.Final.pom (24 kB at 618 kB/s)
[WARNING] 
[WARNING] Some problems were encountered while building the effective model for org.kie:kie-dmn-validation:jar:999-SNAPSHOT
[WARNING] 'build.plugins.plugin.version' for org.codehaus.mojo:properties-maven-plugin is missing. @ line 235, column 15
[WARNING] 
[WARNING] It is highly recommended to fix these problems because they threaten the stability of your build.
[WARNING] 
[WARNING] For this reason, future Maven versions might no longer support building such malformed projects.
[WARNING] 
Warning: KebabPizza disabling incompatible org.apache.maven.plugins:maven-enforcer-plugin from drools-parent
Warning: KebabPizza disabling incompatible org.apache.maven.plugins:maven-enforcer-plugin from drools-build-parent
Warning: KebabPizza disabling incompatible org.apache.maven.plugins:maven-enforcer-plugin from kie-api
Warning: KebabPizza disabling incompatible org.apache.maven.plugins:maven-enforcer-plugin from kie-internal
Warning: KebabPizza disabling incompatible org.apache.maven.plugins:maven-enforcer-plugin from kie-util
Warning: KebabPizza disabling incompatible org.apache.maven.plugins:maven-enforcer-plugin from kie-util-maven-support
Warning: KebabPizza disabling incompatible org.apache.maven.plugins:maven-enforcer-plugin from kie-util-xml
Warning: KebabPizza disabling incompatible org.apache.maven.plugins:maven-enforcer-plugin from drools-util
Warning: KebabPizza disabling incompatible org.apache.maven.plugins:maven-enforcer-plugin from kie-memory-compiler
Warning: KebabPizza disabling incompatible org.apache.maven.plugins:maven-enforcer-plugin from drools-wiring
Warning: KebabPizza disabling incompatible org.apache.maven.plugins:maven-enforcer-plugin from drools-wiring-api
Warning: KebabPizza disabling incompatible org.apache.maven.plugins:maven-enforcer-plugin from drools-base
Warning: KebabPizza disabling incompatible org.apache.maven.plugins:maven-enforcer-plugin from drools-wiring-static
Warning: KebabPizza disabling incompatible org.apache.maven.plugins:maven-enforcer-plugin from drools-io
Warning: KebabPizza disabling incompatible org.apache.maven.plugins:maven-enforcer-plugin from drools-core
Warning: KebabPizza disabling incompatible org.apache.maven.plugins:maven-enforcer-plugin from drools-drl
Warning: KebabPizza disabling incompatible org.apache.maven.plugins:maven-enforcer-plugin from drools-drl-ast
Warning: KebabPizza disabling incompatible org.apache.maven.plugins:maven-enforcer-plugin from drools-drl-parser
Warning: KebabPizza disabling incompatible org.apache.maven.plugins:maven-enforcer-plugin from drools-drl-extensions
Warning: KebabPizza disabling incompatible org.apache.maven.plugins:maven-enforcer-plugin from drools-wiring-dynamic
Warning: KebabPizza disabling incompatible org.apache.maven.plugins:maven-enforcer-plugin from drools-kiesession
Warning: KebabPizza disabling incompatible org.apache.maven.plugins:maven-enforcer-plugin from drools-ecj
Warning: KebabPizza disabling incompatible org.apache.maven.plugins:maven-enforcer-plugin from kie-test-util
Warning: KebabPizza disabling incompatible org.apache.maven.plugins:maven-enforcer-plugin from drools-compiler
Warning: KebabPizza disabling incompatible org.apache.maven.plugins:maven-enforcer-plugin from drools-tms
Warning: KebabPizza disabling incompatible org.apache.maven.plugins:maven-enforcer-plugin from drools-mvel
Warning: KebabPizza disabling incompatible org.apache.maven.plugins:maven-enforcer-plugin from drools-beliefs
[INFO] ------------------------------------------------------------------------
[INFO] Reactor Build Order:
[INFO] 
[INFO] Drools :: Parent                                                   [pom]
[INFO] Drools :: Build Parent                                             [pom]
[INFO] KIE :: Public API                                                  [jar]
[INFO] KIE :: Internal                                                    [jar]
[INFO] KIE :: Util                                                        [pom]
[INFO] KIE :: Util :: Maven Support                                       [jar]
[INFO] KIE :: Util :: XML supposrt                                        [jar]
[INFO] Drools :: Util                                                     [jar]
[INFO] KIE :: Memory Compiler                                             [jar]
[INFO] Drools :: Wiring :: Parent                                         [pom]
[INFO] Drools :: Wiring :: API                                            [jar]
[INFO] Drools :: base                                                     [jar]
[INFO] Drools :: Wiring :: Static                                         [jar]
[INFO] Drools :: IO                                                       [jar]
[INFO] Drools :: Core                                                     [jar]
[INFO] Drools :: DRL :: Parent                                            [pom]
[INFO] Drools :: DRL AST                                                  [jar]
[INFO] Drools :: DRL :: Parser                                            [jar]
[INFO] Drools :: DRL :: Extensions                                        [jar]
[INFO] Drools :: Wiring :: Dynamic                                        [jar]
[INFO] Drools :: KieSession                                               [jar]
[INFO] Drools :: ECJ                                                      [jar]
[INFO] KIE :: Test Utility Classes                                        [jar]
[INFO] Drools :: Compiler                                                 [jar]
[INFO] Drools :: Truth Maintenance System                                 [jar]
[INFO] Drools :: MVEL                                                     [jar]
[INFO] Drools :: Beliefs                                                  [jar]
[INFO] 
[INFO] -----------------------< org.kie:drools-parent >------------------------
[INFO] Building Drools :: Parent 999-SNAPSHOT                            [1/27]
[INFO] --------------------------------[ pom ]---------------------------------
[INFO] Downloading from central: https://repo.maven.apache.org/maven2/org/apache/maven/plugins/maven-remote-resources-plugin/3.2.0/maven-remote-resources-plugin-3.2.0.pom
[INFO] Downloaded from central: https://repo.maven.apache.org/maven2/org/apache/maven/plugins/maven-remote-resources-plugin/3.2.0/maven-remote-resources-plugin-3.2.0.pom (33 kB at 856 kB/s)
[INFO] Downloading from central: https://repo.maven.apache.org/maven2/org/apache/maven/plugins/maven-remote-resources-plugin/3.2.0/maven-remote-resources-plugin-3.2.0.jar
[INFO] Downloaded from central: https://repo.maven.apache.org/maven2/org/apache/maven/plugins/maven-remote-resources-plugin/3.2.0/maven-remote-resources-plugin-3.2.0.jar (81 kB at 2.2 MB/s)
[INFO] 
[INFO] --- maven-clean-plugin:3.3.2:clean (default-clean) @ drools-parent ---
[INFO] 
[INFO] --- maven-remote-resources-plugin:3.2.0:process (process-resource-bundles) @ drools-parent ---
[INFO] Downloading from central: https://repo.maven.apache.org/maven2/org/apache/maven/shared/maven-filtering/3.3.2/maven-filtering-3.3.2.pom
[INFO] Downloaded from central: https://repo.maven.apache.org/maven2/org/apache/maven/shared/maven-filtering/3.3.2/maven-filtering-3.3.2.pom (31 kB at 913 kB/s)
[INFO] Downloading from central: https://repo.maven.apache.org/maven2/org/apache/maven/shared/maven-filtering/3.3.2/maven-filtering-3.3.2.jar
[INFO] Downloading from central: https://repo.maven.apache.org/maven2/commons-io/commons-io/2.15.1/commons-io-2.15.1.jar
[INFO] Downloaded from central: https://repo.maven.apache.org/maven2/org/apache/maven/shared/maven-filtering/3.3.2/maven-filtering-3.3.2.jar (56 kB at 1.9 MB/s)
[INFO] Downloaded from central: https://repo.maven.apache.org/maven2/commons-io/commons-io/2.15.1/commons-io-2.15.1.jar (501 kB at 8.1 MB/s)
[INFO] Preparing remote bundle org.apache.apache.resources:apache-jar-resource-bundle:1.5
[INFO] Copying 3 resources from 1 bundle.
[INFO] 
[INFO] --- maven-install-plugin:3.1.1:install (default-install) @ drools-parent ---
[INFO] Installing /home/srafi/after-cam-ready/compare_/compile_repair_output/work/2293113fddae/pom.xml to /home/srafi/.m2/repository/org/kie/drools-parent/999-SNAPSHOT/drools-parent-999-SNAPSHOT.pom
[INFO] 
[INFO] --------------------< org.kie:drools-build-parent >---------------------
[INFO] Building Drools :: Build Parent 999-SNAPSHOT                      [2/27]
[INFO] --------------------------------[ pom ]---------------------------------
[INFO] Downloading from central: https://repo.maven.apache.org/maven2/org/apache/maven/plugins/maven-jar-plugin/3.4.0/maven-jar-plugin-3.4.0.pom
[INFO] Downloaded from central: https://repo.maven.apache.org/maven2/org/apache/maven/plugins/maven-jar-plugin/3.4.0/maven-jar-plugin-3.4.0.pom (8.7 kB at 256 kB/s)
[INFO] Downloading from central: https://repo.maven.apache.org/maven2/org/apache/maven/plugins/maven-jar-plugin/3.4.0/maven-jar-plugin-3.4.0.jar
[INFO] Downloaded from central: https://repo.maven.apache.org/maven2/org/apache/maven/plugins/maven-jar-plugin/3.4.0/maven-jar-plugin-3.4.0.jar (34 kB at 892 kB/s)
[INFO] Downloading from apache.snapshots: https://repository.apache.org/snapshots/org/apache/maven/plugins/maven-failsafe-plugin/3.0.0-M8-SNAPSHOT/maven-metadata.xml
[INFO] Downloading from apache.snapshots: https://repository.apache.org/snapshots/org/apache/maven/surefire/surefire/3.0.0-M8-SNAPSHOT/maven-metadata.xml
[INFO] Downloading from central: https://repo.maven.apache.org/maven2/org/apache/maven/plugins/maven-checkstyle-plugin/3.3.0/maven-checkstyle-plugin-3.3.0.pom
[INFO] Downloaded from central: https://repo.maven.apache.org/maven2/org/apache/maven/plugins/maven-checkstyle-plugin/3.3.0/maven-checkstyle-plugin-3.3.0.pom (15 kB at 468 kB/s)
[INFO] Downloading from central: https://repo.maven.apache.org/maven2/org/apache/maven/plugins/maven-checkstyle-plugin/3.3.0/maven-checkstyle-plugin-3.3.0.jar
[INFO] Downloaded from central: https://repo.maven.apache.org/maven2/org/apache/maven/plugins/maven-checkstyle-plugin/3.3.0/maven-checkstyle-plugin-3.3.0.jar (98 kB at 2.3 MB/s)
[INFO] 
[INFO] --- maven-clean-plugin:3.3.2:clean (default-clean) @ drools-build-parent ---
[INFO] 
[INFO] --- maven-checkstyle-plugin:3.3.0:check (validate) @ drools-build-parent ---
[INFO] 
[INFO] --- build-helper-maven-plugin:3.4.0:add-source (default) @ drools-build-parent ---
[INFO] Source directory: /home/srafi/after-cam-ready/compare_/compile_repair_output/work/2293113fddae/build-parent/target/generated-sources/annotations added.
[INFO] 
[INFO] --- build-helper-maven-plugin:3.4.0:parse-version (default) @ drools-build-parent ---
[INFO] 
[INFO] --- maven-remote-resources-plugin:3.2.0:process (process-resource-bundles) @ drools-build-parent ---
[INFO] Preparing remote bundle org.apache.apache.resources:apache-jar-resource-bundle:1.5
[INFO] Copying 3 resources from 1 bundle.
[INFO] 
[INFO] --- maven-source-plugin:3.3.1:jar-no-fork (attach-sources) @ drools-build-parent ---
[INFO] 
[INFO] --- maven-source-plugin:3.3.1:test-jar-no-fork (attach-test-sources) @ drools-build-parent ---
[INFO] 
[INFO] --- maven-jar-plugin:3.4.0:test-jar (test-jar) @ drools-build-parent ---
[INFO] Skipping packaging of the test-jar
[INFO] 
[INFO] --- maven-failsafe-plugin:3.0.0-M8-SNAPSHOT:integration-test (default) @ drools-build-parent ---
[INFO] Downloading from apache.snapshots: https://repository.apache.org/snapshots/org/apache/maven/surefire/maven-surefire-common/3.0.0-M8-SNAPSHOT/maven-metadata.xml
[INFO] Downloading from apache.snapshots: https://repository.apache.org/snapshots/org/apache/maven/surefire/surefire-api/3.0.0-M8-SNAPSHOT/maven-metadata.xml
[INFO] Downloading from apache.snapshots: https://repository.apache.org/snapshots/org/apache/maven/surefire/surefire-logger-api/3.0.0-M8-SNAPSHOT/maven-metadata.xml
[INFO] Downloading from apache.snapshots: https://repository.apache.org/snapshots/org/apache/maven/surefire/surefire-shared-utils/3.0.0-M8-SNAPSHOT/maven-metadata.xml
[INFO] Downloading from apache.snapshots: https://repository.apache.org/snapshots/org/apache/maven/surefire/surefire-extensions-api/3.0.0-M8-SNAPSHOT/maven-metadata.xml
[INFO] Downloading from apache.snapshots: https://repository.apache.org/snapshots/org/apache/maven/surefire/surefire-booter/3.0.0-M8-SNAPSHOT/maven-metadata.xml
[INFO] Downloading from apache.snapshots: https://repository.apache.org/snapshots/org/apache/maven/surefire/surefire-extensions-spi/3.0.0-M8-SNAPSHOT/maven-metadata.xml
[INFO] Tests are skipped.
[INFO] 
[INFO] --- maven-failsafe-plugin:3.0.0-M8-SNAPSHOT:verify (default) @ drools-build-parent ---
[INFO] Tests are skipped.
[INFO] 
[INFO] --- maven-install-plugin:3.1.1:install (default-install) @ drools-build-parent ---
[INFO] Installing /home/srafi/after-cam-ready/compare_/compile_repair_output/work/2293113fddae/build-parent/pom.xml to /home/srafi/.m2/repository/org/kie/drools-build-parent/999-SNAPSHOT/drools-build-parent-999-SNAPSHOT.pom
[INFO] 
[INFO] --------------------------< org.kie:kie-api >---------------------------
[INFO] Building KIE :: Public API 999-SNAPSHOT                           [3/27]
[INFO] --------------------------------[ jar ]---------------------------------
[INFO] Downloading from apache.snapshots: https://repository.apache.org/snapshots/org/apache/maven/plugins/maven-surefire-plugin/3.0.0-M8-SNAPSHOT/maven-metadata.xml
[INFO] Downloading from central: https://repo.maven.apache.org/maven2/jakarta/xml/bind/jakarta.xml.bind-api/4.0.1/jakarta.xml.bind-api-4.0.1.pom
[INFO] Downloaded from central: https://repo.maven.apache.org/maven2/jakarta/xml/bind/jakarta.xml.bind-api/4.0.1/jakarta.xml.bind-api-4.0.1.pom (13 kB at 363 kB/s)
[INFO] Downloading from central: https://repo.maven.apache.org/maven2/jakarta/xml/bind/jakarta.xml.bind-api-parent/4.0.1/jakarta.xml.bind-api-parent-4.0.1.pom
[INFO] Downloaded from central: https://repo.maven.apache.org/maven2/jakarta/xml/bind/jakarta.xml.bind-api-parent/4.0.1/jakarta.xml.bind-api-parent-4.0.1.pom (9.2 kB at 286 kB/s)
[INFO] Downloading from central: https://repo.maven.apache.org/maven2/jakarta/activation/jakarta.activation-api/2.1.2/jakarta.activation-api-2.1.2.pom
[INFO] Downloaded from central: https://repo.maven.apache.org/maven2/jakarta/activation/jakarta.activation-api/2.1.2/jakarta.activation-api-2.1.2.pom (18 kB at 449 kB/s)
[INFO] Downloading from central: https://repo.maven.apache.org/maven2/com/thoughtworks/xstream/xstream/1.4.21/xstream-1.4.21.pom
[INFO] Downloaded from central: https://repo.maven.apache.org/maven2/com/thoughtworks/xstream/xstream/1.4.21/xstream-1.4.21.pom (24 kB at 790 kB/s)
[INFO] Downloading from central: https://repo.maven.apache.org/maven2/com/thoughtworks/xstream/xstream-parent/1.4.21/xstream-parent-1.4.21.pom
[INFO] Downloaded from central: https://repo.maven.apache.org/maven2/com/thoughtworks/xstream/xstream-parent/1.4.21/xstream-parent-1.4.21.pom (44 kB at 1.4 MB/s)
[INFO] Downloading from central: https://repo.maven.apache.org/maven2/jakarta/xml/bind/jakarta.xml.bind-api/4.0.1/jakarta.xml.bind-api-4.0.1.jar
[INFO] Downloading from central: https://repo.maven.apache.org/maven2/jakarta/activation/jakarta.activation-api/2.1.2/jakarta.activation-api-2.1.2.jar
[INFO] Downloading from central: https://repo.maven.apache.org/maven2/com/thoughtworks/xstream/xstream/1.4.21/xstream-1.4.21.jar
[INFO] Downloaded from central: https://repo.maven.apache.org/maven2/jakarta/activation/jakarta.activation-api/2.1.2/jakarta.activation-api-2.1.2.jar (66 kB at 2.1 MB/s)
[INFO] Downloaded from central: https://repo.maven.apache.org/maven2/jakarta/xml/bind/jakarta.xml.bind-api/4.0.1/jakarta.xml.bind-api-4.0.1.jar (130 kB at 2.9 MB/s)
[INFO] Downloaded from central: https://repo.maven.apache.org/maven2/com/thoughtworks/xstream/xstream/1.4.21/xstream-1.4.21.jar (647 kB at 13 MB/s)
[INFO] 
[INFO] --- maven-clean-plugin:3.3.2:clean (default-clean) @ kie-api ---
[INFO] 
[INFO] --- maven-checkstyle-plugin:3.3.0:check (validate) @ kie-api ---
[INFO] 
[INFO] --- build-helper-maven-plugin:3.4.0:add-source (default) @ kie-api ---
[INFO] Source directory: /home/srafi/after-cam-ready/compare_/compile_repair_output/work/2293113fddae/kie-api/target/generated-sources/annotations added.
[INFO] 
[INFO] --- build-helper-maven-plugin:3.4.0:parse-version (default) @ kie-api ---
[INFO] 
[INFO] --- maven-remote-resources-plugin:3.2.0:process (process-resource-bundles) @ kie-api ---
[INFO] Preparing remote bundle org.apache.apache.resources:apache-jar-resource-bundle:1.5
[INFO] Copying 3 resources from 1 bundle.
[INFO] 
[INFO] --- maven-resources-plugin:3.3.1:resources (default-resources) @ kie-api ---
[INFO] Copying 6 resources from src/main/resources to target/classes
[INFO] Copying 3 resources from target/maven-shared-archive-resources to target/classes
[INFO] 
[INFO] --- maven-compiler-plugin:3.8.1:compile (default-compile) @ kie-api ---
[INFO] Changes detected - recompiling the module!
[INFO] Compiling 296 source files to /home/srafi/after-cam-ready/compare_/compile_repair_output/work/2293113fddae/kie-api/target/classes
[INFO] ------------------------------------------------------------------------
[INFO] Reactor Summary for Drools :: Parent 999-SNAPSHOT:
[INFO] 
[INFO] Drools :: Parent ................................... SUCCESS [  0.524 s]
[INFO] Drools :: Build Parent ............................. SUCCESS [  3.896 s]
[INFO] KIE :: Public API .................................. FAILURE [  0.921 s]
[INFO] KIE :: Internal .................................... SKIPPED
[INFO] KIE :: Util ........................................ SKIPPED
[INFO] KIE :: Util :: Maven Support ....................... SKIPPED
[INFO] KIE :: Util :: XML supposrt ........................ SKIPPED
[INFO] Drools :: Util ..................................... SKIPPED
[INFO] KIE :: Memory Compiler ............................. SKIPPED
[INFO] Drools :: Wiring :: Parent ......................... SKIPPED
[INFO] Drools :: Wiring :: API ............................ SKIPPED
[INFO] Drools :: base ..................................... SKIPPED
[INFO] Drools :: Wiring :: Static ......................... SKIPPED
[INFO] Drools :: IO ....................................... SKIPPED
[INFO] Drools :: Core ..................................... SKIPPED
[INFO] Drools :: DRL :: Parent ............................ SKIPPED
[INFO] Drools :: DRL AST .................................. SKIPPED
[INFO] Drools :: DRL :: Parser ............................ SKIPPED
[INFO] Drools :: DRL :: Extensions ........................ SKIPPED
[INFO] Drools :: Wiring :: Dynamic ........................ SKIPPED
[INFO] Drools :: KieSession ............................... SKIPPED
[INFO] Drools :: ECJ ...................................... SKIPPED
[INFO] KIE :: Test Utility Classes ........................ SKIPPED
[INFO] Drools :: Compiler ................................. SKIPPED
[INFO] Drools :: Truth Maintenance System ................. SKIPPED
[INFO] Drools :: MVEL ..................................... SKIPPED
[INFO] Drools :: Beliefs .................................. SKIPPED
[INFO] ------------------------------------------------------------------------
[INFO] BUILD FAILURE
[INFO] ------------------------------------------------------------------------
[INFO] Total time:  6.735 s
[INFO] Finished at: 2026-08-15T15:19:11-04:00
[INFO] ------------------------------------------------------------------------
[ERROR] Failed to execute goal org.apache.maven.plugins:maven-compiler-plugin:3.8.1:compile (default-compile) on project kie-api: Fatal error compiling: invalid flag: --release -> [Help 1]
[ERROR] 
[ERROR] To see the full stack trace of the errors, re-run Maven with the -e switch.
[ERROR] Re-run Maven using the -X switch to enable full debug logging.
[ERROR] 
[ERROR] For more information about the errors and possible solutions, please read the following articles:
[ERROR] [Help 1] http://cwiki.apache.org/confluence/display/MAVEN/MojoExecutionException
[ERROR] 
[ERROR] After correcting the problems, you can resume the build with the command
[ERROR]   mvn <args> -rf :kie-api
