JAVA_HOME=/usr/lib/jvm/java-8-openjdk-amd64
COMMAND=mvn -B clean install -DskipTests -U -Ddependency-check.skip=true -Dgpg.skip=true -DfailIfNoTests=false -Dskip.installnodenpm=true -Dskip.npm=true -Dskip.yarn=true -Dlicense.skip=true -Dcheckstyle.skip=true -Drat.skip=true -Denforcer.skip=true -Danimal.sniffer.skip=true -Dmaven.javadoc.skip=true -Dfindbugs.skip=true -Dspotbugs.skip=true -Dwarbucks.skip=true -Dmodernizer.skip=true -Dimpsort.skip=true -Dmdep.analyze.skip=true -Dpgpverify.skip=true -Dxml.skip=true -Dcobertura.skip=true

[INFO] Scanning for projects...
[INFO] Downloading from central: https://repo.maven.apache.org/maven2/org/apache/maven/wagon/wagon-ssh/maven-metadata.xml
[INFO] Downloaded from central: https://repo.maven.apache.org/maven2/org/apache/maven/wagon/wagon-ssh/maven-metadata.xml (1.6 kB at 9.2 kB/s)
Warning: KebabPizza disabling incompatible org.jacoco:jacoco-maven-plugin from spoon-core
[INFO] Inspecting build with total of 1 modules...
[INFO] Installing Nexus Staging features:
[INFO]   ... total of 1 executions of maven-deploy-plugin replaced with nexus-staging-maven-plugin
[INFO] 
[INFO] ------------------< fr.inria.gforge.spoon:spoon-core >------------------
[INFO] Building Spoon Core 10.3.0-SNAPSHOT
[INFO] --------------------------------[ jar ]---------------------------------
[INFO] Downloading from central: https://repo.maven.apache.org/maven2/org/eclipse/jdt/org.eclipse.jdt.core/3.31.0/org.eclipse.jdt.core-3.31.0.pom
[INFO] Downloaded from central: https://repo.maven.apache.org/maven2/org/eclipse/jdt/org.eclipse.jdt.core/3.31.0/org.eclipse.jdt.core-3.31.0.pom (2.8 kB at 79 kB/s)
[INFO] Downloading from central: https://repo.maven.apache.org/maven2/org/apache/maven/maven-model/maven-metadata.xml
[INFO] Downloaded from central: https://repo.maven.apache.org/maven2/org/apache/maven/maven-model/maven-metadata.xml (3.8 kB at 112 kB/s)
[INFO] Downloading from central: https://repo.maven.apache.org/maven2/org/apache/maven/maven-model/3.9.11/maven-model-3.9.11.pom
[INFO] Downloaded from central: https://repo.maven.apache.org/maven2/org/apache/maven/maven-model/3.9.11/maven-model-3.9.11.pom (2.7 kB at 85 kB/s)
[INFO] Downloading from central: https://repo.maven.apache.org/maven2/org/apache/maven/maven/3.9.11/maven-3.9.11.pom
[INFO] Downloaded from central: https://repo.maven.apache.org/maven2/org/apache/maven/maven/3.9.11/maven-3.9.11.pom (29 kB at 839 kB/s)
[INFO] Downloading from central: https://repo.maven.apache.org/maven2/org/apache/maven/maven-model/3.9.12/maven-model-3.9.12.pom
[INFO] Downloaded from central: https://repo.maven.apache.org/maven2/org/apache/maven/maven-model/3.9.12/maven-model-3.9.12.pom (2.7 kB at 88 kB/s)
[INFO] Downloading from central: https://repo.maven.apache.org/maven2/org/apache/maven/maven/3.9.12/maven-3.9.12.pom
[INFO] Downloaded from central: https://repo.maven.apache.org/maven2/org/apache/maven/maven/3.9.12/maven-3.9.12.pom (29 kB at 1.0 MB/s)
[INFO] Downloading from central: https://repo.maven.apache.org/maven2/org/apache/maven/maven-model/3.9.13/maven-model-3.9.13.pom
[INFO] Downloaded from central: https://repo.maven.apache.org/maven2/org/apache/maven/maven-model/3.9.13/maven-model-3.9.13.pom (2.9 kB at 76 kB/s)
[INFO] Downloading from central: https://repo.maven.apache.org/maven2/org/apache/maven/maven/3.9.13/maven-3.9.13.pom
[INFO] Downloaded from central: https://repo.maven.apache.org/maven2/org/apache/maven/maven/3.9.13/maven-3.9.13.pom (27 kB at 778 kB/s)
[INFO] Downloading from central: https://repo.maven.apache.org/maven2/org/apache/maven/maven-model/3.9.14/maven-model-3.9.14.pom
[INFO] Downloaded from central: https://repo.maven.apache.org/maven2/org/apache/maven/maven-model/3.9.14/maven-model-3.9.14.pom (2.9 kB at 96 kB/s)
[INFO] Downloading from central: https://repo.maven.apache.org/maven2/org/apache/maven/maven/3.9.14/maven-3.9.14.pom
[INFO] Downloaded from central: https://repo.maven.apache.org/maven2/org/apache/maven/maven/3.9.14/maven-3.9.14.pom (27 kB at 806 kB/s)
[INFO] Downloading from central: https://repo.maven.apache.org/maven2/org/apache/maven/maven-model/3.9.15/maven-model-3.9.15.pom
[INFO] Downloaded from central: https://repo.maven.apache.org/maven2/org/apache/maven/maven-model/3.9.15/maven-model-3.9.15.pom (2.9 kB at 93 kB/s)
[INFO] Downloading from central: https://repo.maven.apache.org/maven2/org/apache/maven/maven/3.9.15/maven-3.9.15.pom
[INFO] Downloaded from central: https://repo.maven.apache.org/maven2/org/apache/maven/maven/3.9.15/maven-3.9.15.pom (27 kB at 945 kB/s)
[INFO] Downloading from central: https://repo.maven.apache.org/maven2/org/codehaus/plexus/plexus-utils/3.6.1/plexus-utils-3.6.1.pom
[INFO] Downloaded from central: https://repo.maven.apache.org/maven2/org/codehaus/plexus/plexus-utils/3.6.1/plexus-utils-3.6.1.pom (7.9 kB at 273 kB/s)
[INFO] Downloading from central: https://repo.maven.apache.org/maven2/org/apache/maven/maven-model/3.9.16/maven-model-3.9.16.pom
[INFO] Downloaded from central: https://repo.maven.apache.org/maven2/org/apache/maven/maven-model/3.9.16/maven-model-3.9.16.pom (2.9 kB at 87 kB/s)
[INFO] Downloading from central: https://repo.maven.apache.org/maven2/org/apache/maven/maven/3.9.16/maven-3.9.16.pom
[INFO] Downloaded from central: https://repo.maven.apache.org/maven2/org/apache/maven/maven/3.9.16/maven-3.9.16.pom (27 kB at 806 kB/s)
[INFO] Downloading from central: https://repo.maven.apache.org/maven2/org/apache/maven/maven-model/3.10.0-rc-1/maven-model-3.10.0-rc-1.pom
[INFO] Downloaded from central: https://repo.maven.apache.org/maven2/org/apache/maven/maven-model/3.10.0-rc-1/maven-model-3.10.0-rc-1.pom (2.9 kB at 91 kB/s)
[INFO] Downloading from central: https://repo.maven.apache.org/maven2/org/apache/maven/maven/3.10.0-rc-1/maven-3.10.0-rc-1.pom
[INFO] Downloaded from central: https://repo.maven.apache.org/maven2/org/apache/maven/maven/3.10.0-rc-1/maven-3.10.0-rc-1.pom (30 kB at 888 kB/s)
[INFO] Downloading from central: https://repo.maven.apache.org/maven2/org/apache/maven/maven-parent/49/maven-parent-49.pom
[INFO] Downloaded from central: https://repo.maven.apache.org/maven2/org/apache/maven/maven-parent/49/maven-parent-49.pom (51 kB at 1.6 MB/s)
[INFO] Downloading from central: https://repo.maven.apache.org/maven2/org/apache/apache/39/apache-39.pom
[INFO] Downloaded from central: https://repo.maven.apache.org/maven2/org/apache/apache/39/apache-39.pom (0 B at 0 B/s)
[INFO] Downloading from central: https://repo.maven.apache.org/maven2/org/apache/maven/maven-model/4.0.0-rc-5/maven-model-4.0.0-rc-5.pom
[INFO] Downloaded from central: https://repo.maven.apache.org/maven2/org/apache/maven/maven-model/4.0.0-rc-5/maven-model-4.0.0-rc-5.pom (7.4 kB at 238 kB/s)
[INFO] Downloading from central: https://repo.maven.apache.org/maven2/org/apache/maven/maven-compat-modules/4.0.0-rc-5/maven-compat-modules-4.0.0-rc-5.pom
[INFO] Downloaded from central: https://repo.maven.apache.org/maven2/org/apache/maven/maven-compat-modules/4.0.0-rc-5/maven-compat-modules-4.0.0-rc-5.pom (1.9 kB at 58 kB/s)
[INFO] Downloading from central: https://repo.maven.apache.org/maven2/org/apache/maven/maven/4.0.0-rc-5/maven-4.0.0-rc-5.pom
[INFO] Downloaded from central: https://repo.maven.apache.org/maven2/org/apache/maven/maven/4.0.0-rc-5/maven-4.0.0-rc-5.pom (48 kB at 1.5 MB/s)
[INFO] Downloading from central: https://repo.maven.apache.org/maven2/org/apache/maven/maven-api-model/4.0.0-rc-5/maven-api-model-4.0.0-rc-5.pom
[INFO] Downloaded from central: https://repo.maven.apache.org/maven2/org/apache/maven/maven-api-model/4.0.0-rc-5/maven-api-model-4.0.0-rc-5.pom (3.2 kB at 97 kB/s)
[INFO] Downloading from central: https://repo.maven.apache.org/maven2/org/apache/maven/maven-api/4.0.0-rc-5/maven-api-4.0.0-rc-5.pom
[INFO] Downloaded from central: https://repo.maven.apache.org/maven2/org/apache/maven/maven-api/4.0.0-rc-5/maven-api-4.0.0-rc-5.pom (3.2 kB at 101 kB/s)
[INFO] Downloading from central: https://repo.maven.apache.org/maven2/org/apache/maven/maven-api-annotations/4.0.0-rc-5/maven-api-annotations-4.0.0-rc-5.pom
[INFO] Downloaded from central: https://repo.maven.apache.org/maven2/org/apache/maven/maven-api-annotations/4.0.0-rc-5/maven-api-annotations-4.0.0-rc-5.pom (1.4 kB at 42 kB/s)
[INFO] Downloading from central: https://repo.maven.apache.org/maven2/org/apache/maven/maven-api-xml/4.0.0-rc-5/maven-api-xml-4.0.0-rc-5.pom
[INFO] Downloaded from central: https://repo.maven.apache.org/maven2/org/apache/maven/maven-api-xml/4.0.0-rc-5/maven-api-xml-4.0.0-rc-5.pom (1.5 kB at 49 kB/s)
[INFO] Downloading from central: https://repo.maven.apache.org/maven2/org/apache/maven/maven-support/4.0.0-rc-5/maven-support-4.0.0-rc-5.pom
[INFO] Downloaded from central: https://repo.maven.apache.org/maven2/org/apache/maven/maven-support/4.0.0-rc-5/maven-support-4.0.0-rc-5.pom (8.6 kB at 252 kB/s)
[INFO] Downloading from central: https://repo.maven.apache.org/maven2/org/apache/maven/maven-impl-modules/4.0.0-rc-5/maven-impl-modules-4.0.0-rc-5.pom
[INFO] Downloaded from central: https://repo.maven.apache.org/maven2/org/apache/maven/maven-impl-modules/4.0.0-rc-5/maven-impl-modules-4.0.0-rc-5.pom (1.7 kB at 51 kB/s)
[INFO] Downloading from central: https://repo.maven.apache.org/maven2/org/apache/maven/maven-api-settings/4.0.0-rc-5/maven-api-settings-4.0.0-rc-5.pom
[INFO] Downloaded from central: https://repo.maven.apache.org/maven2/org/apache/maven/maven-api-settings/4.0.0-rc-5/maven-api-settings-4.0.0-rc-5.pom (3.7 kB at 118 kB/s)
[INFO] Downloading from central: https://repo.maven.apache.org/maven2/org/apache/maven/maven-api-toolchain/4.0.0-rc-5/maven-api-toolchain-4.0.0-rc-5.pom
[INFO] Downloaded from central: https://repo.maven.apache.org/maven2/org/apache/maven/maven-api-toolchain/4.0.0-rc-5/maven-api-toolchain-4.0.0-rc-5.pom (3.5 kB at 113 kB/s)
[INFO] Downloading from central: https://repo.maven.apache.org/maven2/org/apache/maven/maven-api-metadata/4.0.0-rc-5/maven-api-metadata-4.0.0-rc-5.pom
[INFO] Downloaded from central: https://repo.maven.apache.org/maven2/org/apache/maven/maven-api-metadata/4.0.0-rc-5/maven-api-metadata-4.0.0-rc-5.pom (2.8 kB at 84 kB/s)
[INFO] Downloading from central: https://repo.maven.apache.org/maven2/org/apache/maven/maven-api-plugin/4.0.0-rc-5/maven-api-plugin-4.0.0-rc-5.pom
[INFO] Downloaded from central: https://repo.maven.apache.org/maven2/org/apache/maven/maven-api-plugin/4.0.0-rc-5/maven-api-plugin-4.0.0-rc-5.pom (3.9 kB at 117 kB/s)
[INFO] Downloading from central: https://repo.maven.apache.org/maven2/org/apache/maven/maven-xml/4.0.0-rc-5/maven-xml-4.0.0-rc-5.pom
[INFO] Downloaded from central: https://repo.maven.apache.org/maven2/org/apache/maven/maven-xml/4.0.0-rc-5/maven-xml-4.0.0-rc-5.pom (3.0 kB at 99 kB/s)
[INFO] Downloading from central: https://repo.maven.apache.org/maven2/org/apache/maven/maven-model/4.0.0-rc-6/maven-model-4.0.0-rc-6.pom
[INFO] Downloaded from central: https://repo.maven.apache.org/maven2/org/apache/maven/maven-model/4.0.0-rc-6/maven-model-4.0.0-rc-6.pom (7.4 kB at 246 kB/s)
[INFO] Downloading from central: https://repo.maven.apache.org/maven2/org/apache/maven/maven-compat-modules/4.0.0-rc-6/maven-compat-modules-4.0.0-rc-6.pom
[INFO] Downloaded from central: https://repo.maven.apache.org/maven2/org/apache/maven/maven-compat-modules/4.0.0-rc-6/maven-compat-modules-4.0.0-rc-6.pom (1.9 kB at 67 kB/s)
[INFO] Downloading from central: https://repo.maven.apache.org/maven2/org/apache/maven/maven/4.0.0-rc-6/maven-4.0.0-rc-6.pom
[INFO] Downloaded from central: https://repo.maven.apache.org/maven2/org/apache/maven/maven/4.0.0-rc-6/maven-4.0.0-rc-6.pom (49 kB at 1.4 MB/s)
[INFO] Downloading from central: https://repo.maven.apache.org/maven2/org/apache/maven/maven-api-model/4.0.0-rc-6/maven-api-model-4.0.0-rc-6.pom
[INFO] Downloaded from central: https://repo.maven.apache.org/maven2/org/apache/maven/maven-api-model/4.0.0-rc-6/maven-api-model-4.0.0-rc-6.pom (3.2 kB at 107 kB/s)
[INFO] Downloading from central: https://repo.maven.apache.org/maven2/org/apache/maven/maven-api/4.0.0-rc-6/maven-api-4.0.0-rc-6.pom
[INFO] Downloaded from central: https://repo.maven.apache.org/maven2/org/apache/maven/maven-api/4.0.0-rc-6/maven-api-4.0.0-rc-6.pom (3.2 kB at 98 kB/s)
[INFO] Downloading from central: https://repo.maven.apache.org/maven2/org/apache/maven/maven-api-annotations/4.0.0-rc-6/maven-api-annotations-4.0.0-rc-6.pom
[INFO] Downloaded from central: https://repo.maven.apache.org/maven2/org/apache/maven/maven-api-annotations/4.0.0-rc-6/maven-api-annotations-4.0.0-rc-6.pom (1.4 kB at 38 kB/s)
[INFO] Downloading from central: https://repo.maven.apache.org/maven2/org/apache/maven/maven-api-xml/4.0.0-rc-6/maven-api-xml-4.0.0-rc-6.pom
[INFO] Downloaded from central: https://repo.maven.apache.org/maven2/org/apache/maven/maven-api-xml/4.0.0-rc-6/maven-api-xml-4.0.0-rc-6.pom (1.5 kB at 51 kB/s)
[INFO] Downloading from central: https://repo.maven.apache.org/maven2/org/apache/maven/maven-support/4.0.0-rc-6/maven-support-4.0.0-rc-6.pom
[INFO] Downloaded from central: https://repo.maven.apache.org/maven2/org/apache/maven/maven-support/4.0.0-rc-6/maven-support-4.0.0-rc-6.pom (9.4 kB at 305 kB/s)
[INFO] Downloading from central: https://repo.maven.apache.org/maven2/org/apache/maven/maven-impl-modules/4.0.0-rc-6/maven-impl-modules-4.0.0-rc-6.pom
[INFO] Downloaded from central: https://repo.maven.apache.org/maven2/org/apache/maven/maven-impl-modules/4.0.0-rc-6/maven-impl-modules-4.0.0-rc-6.pom (1.7 kB at 54 kB/s)
[INFO] Downloading from central: https://repo.maven.apache.org/maven2/org/apache/maven/maven-api-settings/4.0.0-rc-6/maven-api-settings-4.0.0-rc-6.pom
[INFO] Downloaded from central: https://repo.maven.apache.org/maven2/org/apache/maven/maven-api-settings/4.0.0-rc-6/maven-api-settings-4.0.0-rc-6.pom (3.8 kB at 125 kB/s)
[INFO] Downloading from central: https://repo.maven.apache.org/maven2/org/apache/maven/maven-api-toolchain/4.0.0-rc-6/maven-api-toolchain-4.0.0-rc-6.pom
[INFO] Downloaded from central: https://repo.maven.apache.org/maven2/org/apache/maven/maven-api-toolchain/4.0.0-rc-6/maven-api-toolchain-4.0.0-rc-6.pom (3.5 kB at 117 kB/s)
[INFO] Downloading from central: https://repo.maven.apache.org/maven2/org/apache/maven/maven-api-metadata/4.0.0-rc-6/maven-api-metadata-4.0.0-rc-6.pom
[INFO] Downloaded from central: https://repo.maven.apache.org/maven2/org/apache/maven/maven-api-metadata/4.0.0-rc-6/maven-api-metadata-4.0.0-rc-6.pom (2.8 kB at 63 kB/s)
[INFO] Downloading from central: https://repo.maven.apache.org/maven2/org/apache/maven/maven-api-plugin/4.0.0-rc-6/maven-api-plugin-4.0.0-rc-6.pom
[INFO] Downloaded from central: https://repo.maven.apache.org/maven2/org/apache/maven/maven-api-plugin/4.0.0-rc-6/maven-api-plugin-4.0.0-rc-6.pom (3.9 kB at 125 kB/s)
[INFO] Downloading from central: https://repo.maven.apache.org/maven2/org/apache/maven/maven-xml/4.0.0-rc-6/maven-xml-4.0.0-rc-6.pom
[INFO] Downloaded from central: https://repo.maven.apache.org/maven2/org/apache/maven/maven-xml/4.0.0-rc-6/maven-xml-4.0.0-rc-6.pom (3.0 kB at 96 kB/s)
[INFO] Downloading from central: https://repo.maven.apache.org/maven2/com/fasterxml/woodstox/woodstox-core/7.2.1/woodstox-core-7.2.1.pom
[INFO] Downloaded from central: https://repo.maven.apache.org/maven2/com/fasterxml/woodstox/woodstox-core/7.2.1/woodstox-core-7.2.1.pom (10 kB at 291 kB/s)
[INFO] Downloading from central: https://repo.maven.apache.org/maven2/org/codehaus/woodstox/stax2-api/4.3.0/stax2-api-4.3.0.pom
[INFO] Downloaded from central: https://repo.maven.apache.org/maven2/org/codehaus/woodstox/stax2-api/4.3.0/stax2-api-4.3.0.pom (5.1 kB at 138 kB/s)
[INFO] Downloading from central: https://repo.maven.apache.org/maven2/org/codehaus/plexus/plexus-xml/4.1.1/plexus-xml-4.1.1.pom
[INFO] Downloaded from central: https://repo.maven.apache.org/maven2/org/codehaus/plexus/plexus-xml/4.1.1/plexus-xml-4.1.1.pom (4.3 kB at 93 kB/s)
[INFO] Downloading from central: https://repo.maven.apache.org/maven2/net/bytebuddy/byte-buddy/1.12.16/byte-buddy-1.12.16.pom
[INFO] Downloaded from central: https://repo.maven.apache.org/maven2/net/bytebuddy/byte-buddy/1.12.16/byte-buddy-1.12.16.pom (16 kB at 511 kB/s)
[INFO] Downloading from central: https://repo.maven.apache.org/maven2/net/bytebuddy/byte-buddy-parent/1.12.16/byte-buddy-parent-1.12.16.pom
[INFO] Downloaded from central: https://repo.maven.apache.org/maven2/net/bytebuddy/byte-buddy-parent/1.12.16/byte-buddy-parent-1.12.16.pom (57 kB at 1.4 MB/s)
[INFO] Downloading from central: https://repo.maven.apache.org/maven2/net/bytebuddy/byte-buddy-agent/1.12.16/byte-buddy-agent-1.12.16.pom
[INFO] Downloaded from central: https://repo.maven.apache.org/maven2/net/bytebuddy/byte-buddy-agent/1.12.16/byte-buddy-agent-1.12.16.pom (9.9 kB at 320 kB/s)
[INFO] Downloading from central: https://repo.maven.apache.org/maven2/org/mockito/mockito-junit-jupiter/4.9.0/mockito-junit-jupiter-4.9.0.pom
[INFO] Downloaded from central: https://repo.maven.apache.org/maven2/org/mockito/mockito-junit-jupiter/4.9.0/mockito-junit-jupiter-4.9.0.pom (2.3 kB at 77 kB/s)
[INFO] Downloading from central: https://repo.maven.apache.org/maven2/org/eclipse/jdt/org.eclipse.jdt.core/3.31.0/org.eclipse.jdt.core-3.31.0.jar
[INFO] Downloading from central: https://repo.maven.apache.org/maven2/org/apache/maven/maven-model/4.0.0-rc-6/maven-model-4.0.0-rc-6.jar
[INFO] Downloading from central: https://repo.maven.apache.org/maven2/org/apache/maven/maven-api-xml/4.0.0-rc-6/maven-api-xml-4.0.0-rc-6.jar
[INFO] Downloading from central: https://repo.maven.apache.org/maven2/org/apache/maven/maven-api-model/4.0.0-rc-6/maven-api-model-4.0.0-rc-6.jar
[INFO] Downloading from central: https://repo.maven.apache.org/maven2/org/apache/maven/maven-api-annotations/4.0.0-rc-6/maven-api-annotations-4.0.0-rc-6.jar
[INFO] Downloaded from central: https://repo.maven.apache.org/maven2/org/apache/maven/maven-api-xml/4.0.0-rc-6/maven-api-xml-4.0.0-rc-6.jar (37 kB at 630 kB/s)
[INFO] Downloading from central: https://repo.maven.apache.org/maven2/org/apache/maven/maven-support/4.0.0-rc-6/maven-support-4.0.0-rc-6.jar
[INFO] Downloaded from central: https://repo.maven.apache.org/maven2/org/apache/maven/maven-api-annotations/4.0.0-rc-6/maven-api-annotations-4.0.0-rc-6.jar (13 kB at 192 kB/s)
[INFO] Downloading from central: https://repo.maven.apache.org/maven2/org/apache/maven/maven-api-settings/4.0.0-rc-6/maven-api-settings-4.0.0-rc-6.jar
[INFO] Downloaded from central: https://repo.maven.apache.org/maven2/org/apache/maven/maven-model/4.0.0-rc-6/maven-model-4.0.0-rc-6.jar (218 kB at 3.1 MB/s)
[INFO] Downloading from central: https://repo.maven.apache.org/maven2/org/apache/maven/maven-api-toolchain/4.0.0-rc-6/maven-api-toolchain-4.0.0-rc-6.jar
[INFO] Downloaded from central: https://repo.maven.apache.org/maven2/org/apache/maven/maven-api-model/4.0.0-rc-6/maven-api-model-4.0.0-rc-6.jar (222 kB at 2.9 MB/s)
[INFO] Downloading from central: https://repo.maven.apache.org/maven2/org/apache/maven/maven-api-metadata/4.0.0-rc-6/maven-api-metadata-4.0.0-rc-6.jar
[INFO] Downloaded from central: https://repo.maven.apache.org/maven2/org/apache/maven/maven-support/4.0.0-rc-6/maven-support-4.0.0-rc-6.jar (306 kB at 3.2 MB/s)
[INFO] Downloading from central: https://repo.maven.apache.org/maven2/org/apache/maven/maven-api-plugin/4.0.0-rc-6/maven-api-plugin-4.0.0-rc-6.jar
[INFO] Downloaded from central: https://repo.maven.apache.org/maven2/org/apache/maven/maven-api-toolchain/4.0.0-rc-6/maven-api-toolchain-4.0.0-rc-6.jar (42 kB at 406 kB/s)
[INFO] Downloading from central: https://repo.maven.apache.org/maven2/org/apache/maven/maven-xml/4.0.0-rc-6/maven-xml-4.0.0-rc-6.jar
[INFO] Downloaded from central: https://repo.maven.apache.org/maven2/org/apache/maven/maven-api-settings/4.0.0-rc-6/maven-api-settings-4.0.0-rc-6.jar (85 kB at 814 kB/s)
[INFO] Downloading from central: https://repo.maven.apache.org/maven2/com/fasterxml/woodstox/woodstox-core/7.2.1/woodstox-core-7.2.1.jar
[INFO] Downloaded from central: https://repo.maven.apache.org/maven2/org/apache/maven/maven-api-metadata/4.0.0-rc-6/maven-api-metadata-4.0.0-rc-6.jar (42 kB at 391 kB/s)
[INFO] Downloading from central: https://repo.maven.apache.org/maven2/org/codehaus/woodstox/stax2-api/4.3.0/stax2-api-4.3.0.jar
[INFO] Downloaded from central: https://repo.maven.apache.org/maven2/org/apache/maven/maven-xml/4.0.0-rc-6/maven-xml-4.0.0-rc-6.jar (53 kB at 387 kB/s)
[INFO] Downloading from central: https://repo.maven.apache.org/maven2/org/codehaus/plexus/plexus-xml/4.1.1/plexus-xml-4.1.1.jar
[INFO] Downloaded from central: https://repo.maven.apache.org/maven2/org/apache/maven/maven-api-plugin/4.0.0-rc-6/maven-api-plugin-4.0.0-rc-6.jar (85 kB at 622 kB/s)
[INFO] Downloading from central: https://repo.maven.apache.org/maven2/net/bytebuddy/byte-buddy/1.12.16/byte-buddy-1.12.16.jar
[INFO] Downloaded from central: https://repo.maven.apache.org/maven2/org/codehaus/woodstox/stax2-api/4.3.0/stax2-api-4.3.0.jar (194 kB at 1.4 MB/s)
[INFO] Downloading from central: https://repo.maven.apache.org/maven2/net/bytebuddy/byte-buddy-agent/1.12.16/byte-buddy-agent-1.12.16.jar
[INFO] Downloaded from central: https://repo.maven.apache.org/maven2/com/fasterxml/woodstox/woodstox-core/7.2.1/woodstox-core-7.2.1.jar (1.6 MB at 9.2 MB/s)
[INFO] Downloading from central: https://repo.maven.apache.org/maven2/org/mockito/mockito-junit-jupiter/4.9.0/mockito-junit-jupiter-4.9.0.jar
[INFO] Downloaded from central: https://repo.maven.apache.org/maven2/org/codehaus/plexus/plexus-xml/4.1.1/plexus-xml-4.1.1.jar (91 kB at 502 kB/s)
[INFO] Downloaded from central: https://repo.maven.apache.org/maven2/org/eclipse/jdt/org.eclipse.jdt.core/3.31.0/org.eclipse.jdt.core-3.31.0.jar (7.0 MB at 38 MB/s)
[INFO] Downloaded from central: https://repo.maven.apache.org/maven2/net/bytebuddy/byte-buddy-agent/1.12.16/byte-buddy-agent-1.12.16.jar (256 kB at 1.4 MB/s)
[INFO] Downloaded from central: https://repo.maven.apache.org/maven2/org/mockito/mockito-junit-jupiter/4.9.0/mockito-junit-jupiter-4.9.0.jar (5.4 kB at 26 kB/s)
[INFO] Downloaded from central: https://repo.maven.apache.org/maven2/net/bytebuddy/byte-buddy/1.12.16/byte-buddy-1.12.16.jar (3.9 MB at 19 MB/s)
[INFO] 
[INFO] --- maven-clean-plugin:3.2.0:clean (default-clean) @ spoon-core ---
[INFO] 
[INFO] --- maven-resources-plugin:3.3.0:resources (default-resources) @ spoon-core ---
[INFO] Copying 3 resources
[INFO] 
[INFO] --- maven-compiler-plugin:3.10.1:compile (default-compile) @ spoon-core ---
[INFO] Compiling 705 source files to /home/srafi/after-cam-ready/compare_/compile_repair_output/work/989d6042e158/target/classes
[INFO] ------------------------------------------------------------------------
[INFO] BUILD FAILURE
[INFO] ------------------------------------------------------------------------
[INFO] Total time:  4.409 s
[INFO] Finished at: 2026-08-15T16:27:28-04:00
[INFO] ------------------------------------------------------------------------
[INFO] 3 goals, 3 executed
[ERROR] Failed to execute goal org.apache.maven.plugins:maven-compiler-plugin:3.10.1:compile (default-compile) on project spoon-core: Fatal error compiling: invalid flag: --release -> [Help 1]
[ERROR] 
[ERROR] To see the full stack trace of the errors, re-run Maven with the -e switch.
[ERROR] Re-run Maven using the -X switch to enable full debug logging.
[ERROR] 
[ERROR] For more information about the errors and possible solutions, please read the following articles:
[ERROR] [Help 1] http://cwiki.apache.org/confluence/display/MAVEN/MojoExecutionException
