JAVA_HOME=/usr/lib/jvm/java-11-openjdk-amd64
COMMAND=mvn -B clean install -DskipTests -U -Ddependency-check.skip=true -Dgpg.skip=true -DfailIfNoTests=false -Dskip.installnodenpm=true -Dskip.npm=true -Dskip.yarn=true -Dlicense.skip=true -Dcheckstyle.skip=true -Drat.skip=true -Denforcer.skip=true -Danimal.sniffer.skip=true -Dmaven.javadoc.skip=true -Dfindbugs.skip=true -Dspotbugs.skip=true -Dwarbucks.skip=true -Dmodernizer.skip=true -Dimpsort.skip=true -Dmdep.analyze.skip=true -Dpgpverify.skip=true -Dxml.skip=true -Dcobertura.skip=true

[INFO] Scanning for projects...
[INFO] Downloading from central: https://repo.maven.apache.org/maven2/org/apache/maven/wagon/wagon-ssh/maven-metadata.xml
[INFO] Downloaded from central: https://repo.maven.apache.org/maven2/org/apache/maven/wagon/wagon-ssh/maven-metadata.xml (1.6 kB at 9.9 kB/s)
Warning: KebabPizza disabling incompatible org.jacoco:jacoco-maven-plugin from spoon-core
[INFO] Inspecting build with total of 1 modules...
[INFO] Installing Nexus Staging features:
[INFO]   ... total of 1 executions of maven-deploy-plugin replaced with nexus-staging-maven-plugin
[INFO] 
[INFO] ------------------< fr.inria.gforge.spoon:spoon-core >------------------
[INFO] Building Spoon Core 10.3.0
[INFO] --------------------------------[ jar ]---------------------------------
[INFO] Downloading from central: https://repo.maven.apache.org/maven2/org/apache/maven/maven-model/maven-metadata.xml
[INFO] Downloaded from central: https://repo.maven.apache.org/maven2/org/apache/maven/maven-model/maven-metadata.xml (3.8 kB at 127 kB/s)
[INFO] 
[INFO] --- maven-clean-plugin:3.2.0:clean (default-clean) @ spoon-core ---
[INFO] 
[INFO] --- maven-resources-plugin:3.3.0:resources (default-resources) @ spoon-core ---
[INFO] Copying 3 resources
[INFO] 
[INFO] --- maven-compiler-plugin:3.10.1:compile (default-compile) @ spoon-core ---
[INFO] Compiling 705 source files to /home/srafi/after-cam-ready/compare_/compile_repair_output/work/989d6042e158/target/classes
[INFO] -------------------------------------------------------------
[ERROR] COMPILATION ERROR : 
[INFO] -------------------------------------------------------------
[ERROR] /home/srafi/after-cam-ready/compare_/compile_repair_output/work/989d6042e158/src/main/java/spoon/support/compiler/SpoonPom.java:[10,30] cannot access org.apache.maven.model.Build
  bad class file: /home/srafi/.m2/repository/org/apache/maven/maven-model/4.0.0-rc-6/maven-model-4.0.0-rc-6.jar(/org/apache/maven/model/Build.class)
    class file has wrong version 61.0, should be 55.0
    Please remove or make sure it appears in the correct subdirectory of the classpath.
[ERROR] /home/srafi/after-cam-ready/compare_/compile_repair_output/work/989d6042e158/src/main/java/spoon/support/compiler/SpoonPom.java:[11,30] cannot access org.apache.maven.model.BuildBase
  bad class file: /home/srafi/.m2/repository/org/apache/maven/maven-model/4.0.0-rc-6/maven-model-4.0.0-rc-6.jar(/org/apache/maven/model/BuildBase.class)
    class file has wrong version 61.0, should be 55.0
    Please remove or make sure it appears in the correct subdirectory of the classpath.
[ERROR] /home/srafi/after-cam-ready/compare_/compile_repair_output/work/989d6042e158/src/main/java/spoon/support/compiler/SpoonPom.java:[12,30] cannot access org.apache.maven.model.Model
  bad class file: /home/srafi/.m2/repository/org/apache/maven/maven-model/4.0.0-rc-6/maven-model-4.0.0-rc-6.jar(/org/apache/maven/model/Model.class)
    class file has wrong version 61.0, should be 55.0
    Please remove or make sure it appears in the correct subdirectory of the classpath.
[ERROR] /home/srafi/after-cam-ready/compare_/compile_repair_output/work/989d6042e158/src/main/java/spoon/support/compiler/SpoonPom.java:[13,30] cannot access org.apache.maven.model.Plugin
  bad class file: /home/srafi/.m2/repository/org/apache/maven/maven-model/4.0.0-rc-6/maven-model-4.0.0-rc-6.jar(/org/apache/maven/model/Plugin.class)
    class file has wrong version 61.0, should be 55.0
    Please remove or make sure it appears in the correct subdirectory of the classpath.
[ERROR] /home/srafi/after-cam-ready/compare_/compile_repair_output/work/989d6042e158/src/main/java/spoon/support/compiler/SpoonPom.java:[14,30] cannot access org.apache.maven.model.Profile
  bad class file: /home/srafi/.m2/repository/org/apache/maven/maven-model/4.0.0-rc-6/maven-model-4.0.0-rc-6.jar(/org/apache/maven/model/Profile.class)
    class file has wrong version 61.0, should be 55.0
    Please remove or make sure it appears in the correct subdirectory of the classpath.
[ERROR] /home/srafi/after-cam-ready/compare_/compile_repair_output/work/989d6042e158/src/main/java/spoon/support/compiler/SpoonPom.java:[15,38] cannot access org.apache.maven.model.io.xpp3.MavenXpp3Reader
  bad class file: /home/srafi/.m2/repository/org/apache/maven/maven-model/4.0.0-rc-6/maven-model-4.0.0-rc-6.jar(/org/apache/maven/model/io/xpp3/MavenXpp3Reader.class)
    class file has wrong version 61.0, should be 55.0
    Please remove or make sure it appears in the correct subdirectory of the classpath.
[ERROR] /home/srafi/after-cam-ready/compare_/compile_repair_output/work/989d6042e158/src/main/java/spoon/support/compiler/SpoonPom.java:[21,36] cannot access org.codehaus.plexus.util.xml.Xpp3Dom
  bad class file: /home/srafi/.m2/repository/org/codehaus/plexus/plexus-xml/4.1.1/plexus-xml-4.1.1.jar(/org/codehaus/plexus/util/xml/Xpp3Dom.class)
    class file has wrong version 61.0, should be 55.0
    Please remove or make sure it appears in the correct subdirectory of the classpath.
[ERROR] /home/srafi/after-cam-ready/compare_/compile_repair_output/work/989d6042e158/src/main/java/spoon/support/compiler/SpoonPom.java:[22,41] cannot access org.codehaus.plexus.util.xml.pull.XmlPullParserException
  bad class file: /home/srafi/.m2/repository/org/codehaus/plexus/plexus-xml/4.1.1/plexus-xml-4.1.1.jar(/org/codehaus/plexus/util/xml/pull/XmlPullParserException.class)
    class file has wrong version 61.0, should be 55.0
    Please remove or make sure it appears in the correct subdirectory of the classpath.
[ERROR] /home/srafi/after-cam-ready/compare_/compile_repair_output/work/989d6042e158/src/main/java/spoon/support/compiler/SpoonPom.java:[60,9] cannot find symbol
  symbol:   class Model
  location: class spoon.support.compiler.SpoonPom
[ERROR] /home/srafi/after-cam-ready/compare_/compile_repair_output/work/989d6042e158/src/main/java/spoon/support/compiler/SpoonPom.java:[73,121] cannot find symbol
  symbol:   class XmlPullParserException
  location: class spoon.support.compiler.SpoonPom
[ERROR] /home/srafi/after-cam-ready/compare_/compile_repair_output/work/989d6042e158/src/main/java/spoon/support/compiler/SpoonPom.java:[84,144] cannot find symbol
  symbol:   class XmlPullParserException
  location: class spoon.support.compiler.SpoonPom
[ERROR] /home/srafi/after-cam-ready/compare_/compile_repair_output/work/989d6042e158/src/main/java/spoon/support/compiler/SpoonPom.java:[95,138] cannot find symbol
  symbol:   class XmlPullParserException
  location: class spoon.support.compiler.SpoonPom
[ERROR] /home/srafi/after-cam-ready/compare_/compile_repair_output/work/989d6042e158/src/main/java/spoon/support/compiler/SpoonPom.java:[107,161] cannot find symbol
  symbol:   class XmlPullParserException
  location: class spoon.support.compiler.SpoonPom
[ERROR] /home/srafi/after-cam-ready/compare_/compile_repair_output/work/989d6042e158/src/main/java/spoon/support/compiler/SpoonPom.java:[166,16] cannot find symbol
  symbol:   class Model
  location: class spoon.support.compiler.SpoonPom
[ERROR] /home/srafi/after-cam-ready/compare_/compile_repair_output/work/989d6042e158/src/main/java/spoon/support/compiler/SpoonPom.java:[412,41] cannot find symbol
  symbol:   class BuildBase
  location: class spoon.support.compiler.SpoonPom
[ERROR] /home/srafi/after-cam-ready/compare_/compile_repair_output/work/989d6042e158/src/main/java/spoon/IncrementalLauncher.java:[32,32] cannot find symbol
  symbol:   class CollectionUtils
  location: package org.codehaus.plexus.util
[INFO] 16 errors 
[INFO] -------------------------------------------------------------
[INFO] ------------------------------------------------------------------------
[INFO] BUILD FAILURE
[INFO] ------------------------------------------------------------------------
[INFO] Total time:  3.749 s
[INFO] Finished at: 2026-08-15T16:28:12-04:00
[INFO] ------------------------------------------------------------------------
[INFO] 3 goals, 3 executed
[ERROR] Failed to execute goal org.apache.maven.plugins:maven-compiler-plugin:3.10.1:compile (default-compile) on project spoon-core: Compilation failure: Compilation failure: 
[ERROR] /home/srafi/after-cam-ready/compare_/compile_repair_output/work/989d6042e158/src/main/java/spoon/support/compiler/SpoonPom.java:[10,30] cannot access org.apache.maven.model.Build
[ERROR]   bad class file: /home/srafi/.m2/repository/org/apache/maven/maven-model/4.0.0-rc-6/maven-model-4.0.0-rc-6.jar(/org/apache/maven/model/Build.class)
[ERROR]     class file has wrong version 61.0, should be 55.0
[ERROR]     Please remove or make sure it appears in the correct subdirectory of the classpath.
[ERROR] /home/srafi/after-cam-ready/compare_/compile_repair_output/work/989d6042e158/src/main/java/spoon/support/compiler/SpoonPom.java:[11,30] cannot access org.apache.maven.model.BuildBase
[ERROR]   bad class file: /home/srafi/.m2/repository/org/apache/maven/maven-model/4.0.0-rc-6/maven-model-4.0.0-rc-6.jar(/org/apache/maven/model/BuildBase.class)
[ERROR]     class file has wrong version 61.0, should be 55.0
[ERROR]     Please remove or make sure it appears in the correct subdirectory of the classpath.
[ERROR] /home/srafi/after-cam-ready/compare_/compile_repair_output/work/989d6042e158/src/main/java/spoon/support/compiler/SpoonPom.java:[12,30] cannot access org.apache.maven.model.Model
[ERROR]   bad class file: /home/srafi/.m2/repository/org/apache/maven/maven-model/4.0.0-rc-6/maven-model-4.0.0-rc-6.jar(/org/apache/maven/model/Model.class)
[ERROR]     class file has wrong version 61.0, should be 55.0
[ERROR]     Please remove or make sure it appears in the correct subdirectory of the classpath.
[ERROR] /home/srafi/after-cam-ready/compare_/compile_repair_output/work/989d6042e158/src/main/java/spoon/support/compiler/SpoonPom.java:[13,30] cannot access org.apache.maven.model.Plugin
[ERROR]   bad class file: /home/srafi/.m2/repository/org/apache/maven/maven-model/4.0.0-rc-6/maven-model-4.0.0-rc-6.jar(/org/apache/maven/model/Plugin.class)
[ERROR]     class file has wrong version 61.0, should be 55.0
[ERROR]     Please remove or make sure it appears in the correct subdirectory of the classpath.
[ERROR] /home/srafi/after-cam-ready/compare_/compile_repair_output/work/989d6042e158/src/main/java/spoon/support/compiler/SpoonPom.java:[14,30] cannot access org.apache.maven.model.Profile
[ERROR]   bad class file: /home/srafi/.m2/repository/org/apache/maven/maven-model/4.0.0-rc-6/maven-model-4.0.0-rc-6.jar(/org/apache/maven/model/Profile.class)
[ERROR]     class file has wrong version 61.0, should be 55.0
[ERROR]     Please remove or make sure it appears in the correct subdirectory of the classpath.
[ERROR] /home/srafi/after-cam-ready/compare_/compile_repair_output/work/989d6042e158/src/main/java/spoon/support/compiler/SpoonPom.java:[15,38] cannot access org.apache.maven.model.io.xpp3.MavenXpp3Reader
[ERROR]   bad class file: /home/srafi/.m2/repository/org/apache/maven/maven-model/4.0.0-rc-6/maven-model-4.0.0-rc-6.jar(/org/apache/maven/model/io/xpp3/MavenXpp3Reader.class)
[ERROR]     class file has wrong version 61.0, should be 55.0
[ERROR]     Please remove or make sure it appears in the correct subdirectory of the classpath.
[ERROR] /home/srafi/after-cam-ready/compare_/compile_repair_output/work/989d6042e158/src/main/java/spoon/support/compiler/SpoonPom.java:[21,36] cannot access org.codehaus.plexus.util.xml.Xpp3Dom
[ERROR]   bad class file: /home/srafi/.m2/repository/org/codehaus/plexus/plexus-xml/4.1.1/plexus-xml-4.1.1.jar(/org/codehaus/plexus/util/xml/Xpp3Dom.class)
[ERROR]     class file has wrong version 61.0, should be 55.0
[ERROR]     Please remove or make sure it appears in the correct subdirectory of the classpath.
[ERROR] /home/srafi/after-cam-ready/compare_/compile_repair_output/work/989d6042e158/src/main/java/spoon/support/compiler/SpoonPom.java:[22,41] cannot access org.codehaus.plexus.util.xml.pull.XmlPullParserException
[ERROR]   bad class file: /home/srafi/.m2/repository/org/codehaus/plexus/plexus-xml/4.1.1/plexus-xml-4.1.1.jar(/org/codehaus/plexus/util/xml/pull/XmlPullParserException.class)
[ERROR]     class file has wrong version 61.0, should be 55.0
[ERROR]     Please remove or make sure it appears in the correct subdirectory of the classpath.
[ERROR] /home/srafi/after-cam-ready/compare_/compile_repair_output/work/989d6042e158/src/main/java/spoon/support/compiler/SpoonPom.java:[60,9] cannot find symbol
[ERROR]   symbol:   class Model
[ERROR]   location: class spoon.support.compiler.SpoonPom
[ERROR] /home/srafi/after-cam-ready/compare_/compile_repair_output/work/989d6042e158/src/main/java/spoon/support/compiler/SpoonPom.java:[73,121] cannot find symbol
[ERROR]   symbol:   class XmlPullParserException
[ERROR]   location: class spoon.support.compiler.SpoonPom
[ERROR] /home/srafi/after-cam-ready/compare_/compile_repair_output/work/989d6042e158/src/main/java/spoon/support/compiler/SpoonPom.java:[84,144] cannot find symbol
[ERROR]   symbol:   class XmlPullParserException
[ERROR]   location: class spoon.support.compiler.SpoonPom
[ERROR] /home/srafi/after-cam-ready/compare_/compile_repair_output/work/989d6042e158/src/main/java/spoon/support/compiler/SpoonPom.java:[95,138] cannot find symbol
[ERROR]   symbol:   class XmlPullParserException
[ERROR]   location: class spoon.support.compiler.SpoonPom
[ERROR] /home/srafi/after-cam-ready/compare_/compile_repair_output/work/989d6042e158/src/main/java/spoon/support/compiler/SpoonPom.java:[107,161] cannot find symbol
[ERROR]   symbol:   class XmlPullParserException
[ERROR]   location: class spoon.support.compiler.SpoonPom
[ERROR] /home/srafi/after-cam-ready/compare_/compile_repair_output/work/989d6042e158/src/main/java/spoon/support/compiler/SpoonPom.java:[166,16] cannot find symbol
[ERROR]   symbol:   class Model
[ERROR]   location: class spoon.support.compiler.SpoonPom
[ERROR] /home/srafi/after-cam-ready/compare_/compile_repair_output/work/989d6042e158/src/main/java/spoon/support/compiler/SpoonPom.java:[412,41] cannot find symbol
[ERROR]   symbol:   class BuildBase
[ERROR]   location: class spoon.support.compiler.SpoonPom
[ERROR] /home/srafi/after-cam-ready/compare_/compile_repair_output/work/989d6042e158/src/main/java/spoon/IncrementalLauncher.java:[32,32] cannot find symbol
[ERROR]   symbol:   class CollectionUtils
[ERROR]   location: package org.codehaus.plexus.util
[ERROR] -> [Help 1]
[ERROR] 
[ERROR] To see the full stack trace of the errors, re-run Maven with the -e switch.
[ERROR] Re-run Maven using the -X switch to enable full debug logging.
[ERROR] 
[ERROR] For more information about the errors and possible solutions, please read the following articles:
[ERROR] [Help 1] http://cwiki.apache.org/confluence/display/MAVEN/MojoFailureException
