JAVA_HOME=/usr/lib/jvm/java-8-openjdk-amd64
COMMAND=bash /home/srafi/after-cam-ready/compare_/compile_repair_output/work/a198382cc22b/mvnw -B clean install -DskipTests -U -pl base -am -Ddependency-check.skip=true -Dgpg.skip=true -DfailIfNoTests=false -Dskip.installnodenpm=true -Dskip.npm=true -Dskip.yarn=true -Dlicense.skip=true -Dcheckstyle.skip=true -Drat.skip=true -Denforcer.skip=true -Danimal.sniffer.skip=true -Dmaven.javadoc.skip=true -Dfindbugs.skip=true -Dspotbugs.skip=true -Dwarbucks.skip=true -Dmodernizer.skip=true -Dimpsort.skip=true -Dmdep.analyze.skip=true -Dpgpverify.skip=true -Dxml.skip=true -Dcobertura.skip=true

[INFO] Scanning for projects...
[INFO] Inspecting build with total of 2 modules...
[INFO] Installing Nexus Staging features:
[INFO]   ... total of 2 executions of maven-deploy-plugin replaced with nexus-staging-maven-plugin
[INFO] ------------------------------------------------------------------------
[INFO] Reactor Build Order:
[INFO] 
[INFO] Jackson modules: Jakarta-RS                                        [pom]
[INFO] Jackson Jakarta-RS: base                                        [bundle]
[INFO] 
[INFO] ---< com.fasterxml.jackson.jakarta.rs:jackson-jakarta-rs-providers >----
[INFO] Building Jackson modules: Jakarta-RS 2.14.0                        [1/2]
[INFO] --------------------------------[ pom ]---------------------------------
[INFO] Downloading from central: https://repo.maven.apache.org/maven2/jakarta/ws/rs/jakarta.ws.rs-api/3.0.0/jakarta.ws.rs-api-3.0.0.pom
[INFO] Downloaded from central: https://repo.maven.apache.org/maven2/jakarta/ws/rs/jakarta.ws.rs-api/3.0.0/jakarta.ws.rs-api-3.0.0.pom (25 kB at 113 kB/s)
[INFO] Downloading from central: https://repo.maven.apache.org/maven2/org/eclipse/jetty/jetty-server/11.0.5/jetty-server-11.0.5.pom
[INFO] Downloaded from central: https://repo.maven.apache.org/maven2/org/eclipse/jetty/jetty-server/11.0.5/jetty-server-11.0.5.pom (2.8 kB at 69 kB/s)
[INFO] Downloading from central: https://repo.maven.apache.org/maven2/org/eclipse/jetty/jetty-project/11.0.5/jetty-project-11.0.5.pom
[INFO] Downloaded from central: https://repo.maven.apache.org/maven2/org/eclipse/jetty/jetty-project/11.0.5/jetty-project-11.0.5.pom (69 kB at 1.8 MB/s)
[INFO] Downloading from central: https://repo.maven.apache.org/maven2/org/eclipse/jetty/toolchain/jetty-jakarta-servlet-api/5.0.2/jetty-jakarta-servlet-api-5.0.2.pom
[INFO] Downloaded from central: https://repo.maven.apache.org/maven2/org/eclipse/jetty/toolchain/jetty-jakarta-servlet-api/5.0.2/jetty-jakarta-servlet-api-5.0.2.pom (10 kB at 284 kB/s)
[INFO] Downloading from central: https://repo.maven.apache.org/maven2/org/eclipse/jetty/jetty-http/11.0.5/jetty-http-11.0.5.pom
[INFO] Downloaded from central: https://repo.maven.apache.org/maven2/org/eclipse/jetty/jetty-http/11.0.5/jetty-http-11.0.5.pom (3.8 kB at 109 kB/s)
[INFO] Downloading from central: https://repo.maven.apache.org/maven2/org/eclipse/jetty/jetty-util/11.0.5/jetty-util-11.0.5.pom
[INFO] Downloaded from central: https://repo.maven.apache.org/maven2/org/eclipse/jetty/jetty-util/11.0.5/jetty-util-11.0.5.pom (3.0 kB at 67 kB/s)
[INFO] Downloading from central: https://repo.maven.apache.org/maven2/org/eclipse/jetty/jetty-io/11.0.5/jetty-io-11.0.5.pom
[INFO] Downloaded from central: https://repo.maven.apache.org/maven2/org/eclipse/jetty/jetty-io/11.0.5/jetty-io-11.0.5.pom (1.5 kB at 40 kB/s)
[INFO] Downloading from central: https://repo.maven.apache.org/maven2/org/eclipse/jetty/jetty-servlet/11.0.5/jetty-servlet-11.0.5.pom
[INFO] Downloaded from central: https://repo.maven.apache.org/maven2/org/eclipse/jetty/jetty-servlet/11.0.5/jetty-servlet-11.0.5.pom (2.5 kB at 83 kB/s)
[INFO] Downloading from central: https://repo.maven.apache.org/maven2/org/eclipse/jetty/jetty-security/11.0.5/jetty-security-11.0.5.pom
[INFO] Downloaded from central: https://repo.maven.apache.org/maven2/org/eclipse/jetty/jetty-security/11.0.5/jetty-security-11.0.5.pom (2.3 kB at 38 kB/s)
[INFO] Downloading from central: https://repo.maven.apache.org/maven2/org/glassfish/jersey/core/jersey-server/3.0.2/jersey-server-3.0.2.pom
[INFO] Downloaded from central: https://repo.maven.apache.org/maven2/org/glassfish/jersey/core/jersey-server/3.0.2/jersey-server-3.0.2.pom (12 kB at 317 kB/s)
[INFO] Downloading from central: https://repo.maven.apache.org/maven2/org/glassfish/jersey/project/3.0.2/project-3.0.2.pom
[INFO] Downloaded from central: https://repo.maven.apache.org/maven2/org/glassfish/jersey/project/3.0.2/project-3.0.2.pom (97 kB at 2.6 MB/s)
[INFO] Downloading from central: https://repo.maven.apache.org/maven2/org/glassfish/jersey/core/jersey-common/3.0.2/jersey-common-3.0.2.pom
[INFO] Downloaded from central: https://repo.maven.apache.org/maven2/org/glassfish/jersey/core/jersey-common/3.0.2/jersey-common-3.0.2.pom (35 kB at 1.2 MB/s)
[INFO] Downloading from central: https://repo.maven.apache.org/maven2/org/glassfish/jersey/core/jersey-client/3.0.2/jersey-client-3.0.2.pom
[INFO] Downloaded from central: https://repo.maven.apache.org/maven2/org/glassfish/jersey/core/jersey-client/3.0.2/jersey-client-3.0.2.pom (6.5 kB at 159 kB/s)
[INFO] Downloading from central: https://repo.maven.apache.org/maven2/jakarta/validation/jakarta.validation-api/3.0.0/jakarta.validation-api-3.0.0.pom
[INFO] Downloaded from central: https://repo.maven.apache.org/maven2/jakarta/validation/jakarta.validation-api/3.0.0/jakarta.validation-api-3.0.0.pom (10.0 kB at 302 kB/s)
[INFO] Downloading from central: https://repo.maven.apache.org/maven2/org/glassfish/jersey/containers/jersey-container-servlet/3.0.2/jersey-container-servlet-3.0.2.pom
[INFO] Downloaded from central: https://repo.maven.apache.org/maven2/org/glassfish/jersey/containers/jersey-container-servlet/3.0.2/jersey-container-servlet-3.0.2.pom (3.4 kB at 79 kB/s)
[INFO] Downloading from central: https://repo.maven.apache.org/maven2/org/glassfish/jersey/containers/project/3.0.2/project-3.0.2.pom
[INFO] Downloaded from central: https://repo.maven.apache.org/maven2/org/glassfish/jersey/containers/project/3.0.2/project-3.0.2.pom (2.8 kB at 57 kB/s)
[INFO] Downloading from central: https://repo.maven.apache.org/maven2/org/glassfish/jersey/containers/jersey-container-servlet-core/3.0.2/jersey-container-servlet-core-3.0.2.pom
[INFO] Downloaded from central: https://repo.maven.apache.org/maven2/org/glassfish/jersey/containers/jersey-container-servlet-core/3.0.2/jersey-container-servlet-core-3.0.2.pom (3.4 kB at 55 kB/s)
[INFO] Downloading from central: https://repo.maven.apache.org/maven2/org/glassfish/jersey/inject/jersey-hk2/3.0.2/jersey-hk2-3.0.2.pom
[INFO] Downloaded from central: https://repo.maven.apache.org/maven2/org/glassfish/jersey/inject/jersey-hk2/3.0.2/jersey-hk2-3.0.2.pom (4.8 kB at 136 kB/s)
[INFO] Downloading from central: https://repo.maven.apache.org/maven2/org/glassfish/jersey/inject/project/3.0.2/project-3.0.2.pom
[INFO] Downloaded from central: https://repo.maven.apache.org/maven2/org/glassfish/jersey/inject/project/3.0.2/project-3.0.2.pom (1.5 kB at 38 kB/s)
[INFO] Downloading from central: https://repo.maven.apache.org/maven2/org/glassfish/hk2/hk2-locator/3.0.1/hk2-locator-3.0.1.pom
[INFO] Downloaded from central: https://repo.maven.apache.org/maven2/org/glassfish/hk2/hk2-locator/3.0.1/hk2-locator-3.0.1.pom (7.0 kB at 171 kB/s)
[INFO] Downloading from central: https://repo.maven.apache.org/maven2/org/glassfish/hk2/hk2-parent/3.0.1/hk2-parent-3.0.1.pom
[INFO] Downloaded from central: https://repo.maven.apache.org/maven2/org/glassfish/hk2/hk2-parent/3.0.1/hk2-parent-3.0.1.pom (42 kB at 1.0 MB/s)
[INFO] Downloading from central: https://repo.maven.apache.org/maven2/org/glassfish/hk2/external/aopalliance-repackaged/3.0.1/aopalliance-repackaged-3.0.1.pom
[INFO] Downloaded from central: https://repo.maven.apache.org/maven2/org/glassfish/hk2/external/aopalliance-repackaged/3.0.1/aopalliance-repackaged-3.0.1.pom (6.1 kB at 168 kB/s)
[INFO] Downloading from central: https://repo.maven.apache.org/maven2/org/glassfish/hk2/external/3.0.1/external-3.0.1.pom
[INFO] Downloaded from central: https://repo.maven.apache.org/maven2/org/glassfish/hk2/external/3.0.1/external-3.0.1.pom (1.4 kB at 44 kB/s)
[INFO] Downloading from central: https://repo.maven.apache.org/maven2/org/glassfish/hk2/hk2-api/3.0.1/hk2-api-3.0.1.pom
[INFO] Downloaded from central: https://repo.maven.apache.org/maven2/org/glassfish/hk2/hk2-api/3.0.1/hk2-api-3.0.1.pom (4.0 kB at 101 kB/s)
[INFO] Downloading from central: https://repo.maven.apache.org/maven2/org/glassfish/hk2/hk2-utils/3.0.1/hk2-utils-3.0.1.pom
[INFO] Downloaded from central: https://repo.maven.apache.org/maven2/org/glassfish/hk2/hk2-utils/3.0.1/hk2-utils-3.0.1.pom (4.8 kB at 120 kB/s)
[INFO] 
[INFO] --- maven-clean-plugin:3.2.0:clean (default-clean) @ jackson-jakarta-rs-providers ---
[INFO] 
[INFO] --- maven-enforcer-plugin:3.0.0-M3:enforce (enforce-java) @ jackson-jakarta-rs-providers ---
[INFO] Skipping Rule Enforcement.
[INFO] 
[INFO] --- build-helper-maven-plugin:3.3.0:add-source (add-generated-sources) @ jackson-jakarta-rs-providers ---
[INFO] Source directory: /home/srafi/after-cam-ready/compare_/compile_repair_output/work/a198382cc22b/target/generated-sources added.
[INFO] 
[INFO] --- build-helper-maven-plugin:3.3.0:add-resource (add-resource) @ jackson-jakarta-rs-providers ---
[INFO] 
[INFO] --- maven-site-plugin:3.12.1:attach-descriptor (attach-descriptor) @ jackson-jakarta-rs-providers ---
[INFO] No site descriptor found: nothing to attach.
[INFO] 
[INFO] --- gradle-module-metadata-maven-plugin:0.2.0:gmm (default) @ jackson-jakarta-rs-providers ---
[INFO] 
[INFO] --- maven-install-plugin:3.0.1:install (default-install) @ jackson-jakarta-rs-providers ---
[INFO] Installing /home/srafi/after-cam-ready/compare_/compile_repair_output/work/a198382cc22b/pom.xml to /home/srafi/.m2/repository/com/fasterxml/jackson/jakarta/rs/jackson-jakarta-rs-providers/2.14.0/jackson-jakarta-rs-providers-2.14.0.pom
[INFO] 
[INFO] ------< com.fasterxml.jackson.jakarta.rs:jackson-jakarta-rs-base >------
[INFO] Building Jackson Jakarta-RS: base 2.14.0                           [2/2]
[INFO] -------------------------------[ bundle ]-------------------------------
[INFO] Downloading from central: https://repo.maven.apache.org/maven2/jakarta/ws/rs/jakarta.ws.rs-api/3.0.0/jakarta.ws.rs-api-3.0.0.jar
[INFO] Downloading from central: https://repo.maven.apache.org/maven2/org/eclipse/jetty/jetty-server/11.0.5/jetty-server-11.0.5.jar
[INFO] Downloading from central: https://repo.maven.apache.org/maven2/org/eclipse/jetty/toolchain/jetty-jakarta-servlet-api/5.0.2/jetty-jakarta-servlet-api-5.0.2.jar
[INFO] Downloading from central: https://repo.maven.apache.org/maven2/org/eclipse/jetty/jetty-http/11.0.5/jetty-http-11.0.5.jar
[INFO] Downloading from central: https://repo.maven.apache.org/maven2/org/eclipse/jetty/jetty-util/11.0.5/jetty-util-11.0.5.jar
[INFO] Downloaded from central: https://repo.maven.apache.org/maven2/jakarta/ws/rs/jakarta.ws.rs-api/3.0.0/jakarta.ws.rs-api-3.0.0.jar (139 kB at 2.2 MB/s)
[INFO] Downloading from central: https://repo.maven.apache.org/maven2/org/eclipse/jetty/jetty-io/11.0.5/jetty-io-11.0.5.jar
[INFO] Downloaded from central: https://repo.maven.apache.org/maven2/org/eclipse/jetty/jetty-util/11.0.5/jetty-util-11.0.5.jar (541 kB at 11 MB/s)
[INFO] Downloading from central: https://repo.maven.apache.org/maven2/org/eclipse/jetty/jetty-servlet/11.0.5/jetty-servlet-11.0.5.jar
[INFO] Downloaded from central: https://repo.maven.apache.org/maven2/org/eclipse/jetty/jetty-http/11.0.5/jetty-http-11.0.5.jar (232 kB at 2.8 MB/s)
[INFO] Downloading from central: https://repo.maven.apache.org/maven2/org/eclipse/jetty/jetty-security/11.0.5/jetty-security-11.0.5.jar
[INFO] Downloaded from central: https://repo.maven.apache.org/maven2/org/eclipse/jetty/jetty-server/11.0.5/jetty-server-11.0.5.jar (751 kB at 7.6 MB/s)
[INFO] Downloading from central: https://repo.maven.apache.org/maven2/org/glassfish/jersey/core/jersey-server/3.0.2/jersey-server-3.0.2.jar
[INFO] Downloaded from central: https://repo.maven.apache.org/maven2/org/eclipse/jetty/jetty-servlet/11.0.5/jetty-servlet-11.0.5.jar (163 kB at 1.7 MB/s)
[INFO] Downloading from central: https://repo.maven.apache.org/maven2/org/glassfish/jersey/core/jersey-common/3.0.2/jersey-common-3.0.2.jar
[INFO] Downloaded from central: https://repo.maven.apache.org/maven2/org/eclipse/jetty/toolchain/jetty-jakarta-servlet-api/5.0.2/jetty-jakarta-servlet-api-5.0.2.jar (605 kB at 5.4 MB/s)
[INFO] Downloading from central: https://repo.maven.apache.org/maven2/org/glassfish/jersey/core/jersey-client/3.0.2/jersey-client-3.0.2.jar
[INFO] Downloaded from central: https://repo.maven.apache.org/maven2/org/eclipse/jetty/jetty-security/11.0.5/jetty-security-11.0.5.jar (118 kB at 1.2 MB/s)
[INFO] Downloading from central: https://repo.maven.apache.org/maven2/jakarta/validation/jakarta.validation-api/3.0.0/jakarta.validation-api-3.0.0.jar
[INFO] Downloaded from central: https://repo.maven.apache.org/maven2/org/glassfish/jersey/core/jersey-server/3.0.2/jersey-server-3.0.2.jar (948 kB at 6.8 MB/s)
[INFO] Downloading from central: https://repo.maven.apache.org/maven2/org/glassfish/jersey/containers/jersey-container-servlet/3.0.2/jersey-container-servlet-3.0.2.jar
[INFO] Downloaded from central: https://repo.maven.apache.org/maven2/jakarta/validation/jakarta.validation-api/3.0.0/jakarta.validation-api-3.0.0.jar (93 kB at 618 kB/s)
[INFO] Downloading from central: https://repo.maven.apache.org/maven2/org/glassfish/jersey/containers/jersey-container-servlet-core/3.0.2/jersey-container-servlet-core-3.0.2.jar
[INFO] Downloaded from central: https://repo.maven.apache.org/maven2/org/glassfish/jersey/core/jersey-common/3.0.2/jersey-common-3.0.2.jar (1.2 MB at 7.9 MB/s)
[INFO] Downloading from central: https://repo.maven.apache.org/maven2/org/glassfish/jersey/inject/jersey-hk2/3.0.2/jersey-hk2-3.0.2.jar
[INFO] Downloaded from central: https://repo.maven.apache.org/maven2/org/glassfish/jersey/core/jersey-client/3.0.2/jersey-client-3.0.2.jar (260 kB at 1.6 MB/s)
[INFO] Downloading from central: https://repo.maven.apache.org/maven2/org/glassfish/hk2/hk2-locator/3.0.1/hk2-locator-3.0.1.jar
[INFO] Downloaded from central: https://repo.maven.apache.org/maven2/org/eclipse/jetty/jetty-io/11.0.5/jetty-io-11.0.5.jar (184 kB at 1.1 MB/s)
[INFO] Downloading from central: https://repo.maven.apache.org/maven2/org/glassfish/hk2/external/aopalliance-repackaged/3.0.1/aopalliance-repackaged-3.0.1.jar
[INFO] Downloaded from central: https://repo.maven.apache.org/maven2/org/glassfish/jersey/inject/jersey-hk2/3.0.2/jersey-hk2-3.0.2.jar (77 kB at 420 kB/s)
[INFO] Downloading from central: https://repo.maven.apache.org/maven2/org/glassfish/hk2/hk2-api/3.0.1/hk2-api-3.0.1.jar
[INFO] Downloaded from central: https://repo.maven.apache.org/maven2/org/glassfish/hk2/external/aopalliance-repackaged/3.0.1/aopalliance-repackaged-3.0.1.jar (27 kB at 139 kB/s)
[INFO] Downloading from central: https://repo.maven.apache.org/maven2/org/glassfish/hk2/hk2-utils/3.0.1/hk2-utils-3.0.1.jar
[INFO] Downloaded from central: https://repo.maven.apache.org/maven2/org/glassfish/jersey/containers/jersey-container-servlet/3.0.2/jersey-container-servlet-3.0.2.jar (32 kB at 163 kB/s)
[INFO] Downloaded from central: https://repo.maven.apache.org/maven2/org/glassfish/hk2/hk2-locator/3.0.1/hk2-locator-3.0.1.jar (204 kB at 965 kB/s)
[INFO] Downloaded from central: https://repo.maven.apache.org/maven2/org/glassfish/hk2/hk2-api/3.0.1/hk2-api-3.0.1.jar (201 kB at 887 kB/s)
[INFO] Downloaded from central: https://repo.maven.apache.org/maven2/org/glassfish/hk2/hk2-utils/3.0.1/hk2-utils-3.0.1.jar (132 kB at 535 kB/s)
[INFO] Downloaded from central: https://repo.maven.apache.org/maven2/org/glassfish/jersey/containers/jersey-container-servlet-core/3.0.2/jersey-container-servlet-core-3.0.2.jar (73 kB at 277 kB/s)
[INFO] 
[INFO] --- maven-clean-plugin:3.2.0:clean (default-clean) @ jackson-jakarta-rs-base ---
[INFO] 
[INFO] --- maven-enforcer-plugin:3.0.0-M3:enforce (enforce-java) @ jackson-jakarta-rs-base ---
[INFO] Skipping Rule Enforcement.
[INFO] 
[INFO] --- build-helper-maven-plugin:3.3.0:add-source (add-generated-sources) @ jackson-jakarta-rs-base ---
[INFO] Source directory: /home/srafi/after-cam-ready/compare_/compile_repair_output/work/a198382cc22b/base/target/generated-sources added.
[INFO] 
[INFO] --- build-helper-maven-plugin:3.3.0:add-resource (add-resource) @ jackson-jakarta-rs-base ---
[INFO] 
[INFO] --- maven-resources-plugin:3.3.0:resources (default-resources) @ jackson-jakarta-rs-base ---
[INFO] skip non existing resourceDirectory /home/srafi/after-cam-ready/compare_/compile_repair_output/work/a198382cc22b/base/src/main/resources
[INFO] Copying 0 resource to META-INF
[INFO] 
[INFO] --- maven-compiler-plugin:3.10.1:compile (default-compile) @ jackson-jakarta-rs-base ---
[INFO] Changes detected - recompiling the module!
[INFO] Compiling 18 source files to /home/srafi/after-cam-ready/compare_/compile_repair_output/work/a198382cc22b/base/target/classes
[INFO] 
[INFO] --- maven-resources-plugin:3.3.0:testResources (default-testResources) @ jackson-jakarta-rs-base ---
[INFO] skip non existing resourceDirectory /home/srafi/after-cam-ready/compare_/compile_repair_output/work/a198382cc22b/base/src/test/resources
[INFO] 
[INFO] --- maven-compiler-plugin:3.10.1:testCompile (default-testCompile) @ jackson-jakarta-rs-base ---
[INFO] Changes detected - recompiling the module!
[INFO] Compiling 2 source files to /home/srafi/after-cam-ready/compare_/compile_repair_output/work/a198382cc22b/base/target/test-classes
[INFO] 
[INFO] --- maven-surefire-plugin:2.22.2:test (default-test) @ jackson-jakarta-rs-base ---
[INFO] Tests are skipped.
[INFO] 
[INFO] --- maven-bundle-plugin:5.1.8:bundle (default-bundle) @ jackson-jakarta-rs-base ---
[WARNING] Bundle com.fasterxml.jackson.jakarta.rs:jackson-jakarta-rs-base:bundle:2.14.0 : Unused Export-Package instructions: [com.fasterxml.jackson.jakarta.rs.util.*] 
[INFO] Building bundle: /home/srafi/after-cam-ready/compare_/compile_repair_output/work/a198382cc22b/base/target/jackson-jakarta-rs-base-2.14.0.jar
[INFO] Writing manifest: /home/srafi/after-cam-ready/compare_/compile_repair_output/work/a198382cc22b/base/target/classes/META-INF/MANIFEST.MF
[INFO] 
[INFO] --- maven-site-plugin:3.12.1:attach-descriptor (attach-descriptor) @ jackson-jakarta-rs-base ---
[INFO] Skipping because packaging 'bundle' is not pom.
[INFO] 
[INFO] --- gradle-module-metadata-maven-plugin:0.2.0:gmm (default) @ jackson-jakarta-rs-base ---
[INFO] 
[INFO] --- moditect-maven-plugin:1.0.0.RC2:add-module-info (add-module-infos) @ jackson-jakarta-rs-base ---
[INFO] 
[INFO] --- maven-install-plugin:3.0.1:install (default-install) @ jackson-jakarta-rs-base ---
[INFO] Installing /home/srafi/after-cam-ready/compare_/compile_repair_output/work/a198382cc22b/base/pom.xml to /home/srafi/.m2/repository/com/fasterxml/jackson/jakarta/rs/jackson-jakarta-rs-base/2.14.0/jackson-jakarta-rs-base-2.14.0.pom
[INFO] Installing /home/srafi/after-cam-ready/compare_/compile_repair_output/work/a198382cc22b/base/target/jackson-jakarta-rs-base-2.14.0.jar to /home/srafi/.m2/repository/com/fasterxml/jackson/jakarta/rs/jackson-jakarta-rs-base/2.14.0/jackson-jakarta-rs-base-2.14.0.jar
[INFO] Installing /home/srafi/after-cam-ready/compare_/compile_repair_output/work/a198382cc22b/base/target/publications/maven/module.json to /home/srafi/.m2/repository/com/fasterxml/jackson/jakarta/rs/jackson-jakarta-rs-base/2.14.0/jackson-jakarta-rs-base-2.14.0.module
[INFO] 
[INFO] --- maven-bundle-plugin:5.1.8:install (default-install) @ jackson-jakarta-rs-base ---
[INFO] Installing com/fasterxml/jackson/jakarta/rs/jackson-jakarta-rs-base/2.14.0/jackson-jakarta-rs-base-2.14.0.jar
[INFO] Writing OBR metadata
[INFO] ------------------------------------------------------------------------
[INFO] Reactor Summary for Jackson modules: Jakarta-RS 2.14.0:
[INFO] 
[INFO] Jackson modules: Jakarta-RS ........................ SUCCESS [  1.873 s]
[INFO] Jackson Jakarta-RS: base ........................... SUCCESS [  1.485 s]
[INFO] ------------------------------------------------------------------------
[INFO] BUILD SUCCESS
[INFO] ------------------------------------------------------------------------
[INFO] Total time:  4.113 s
[INFO] Finished at: 2026-08-15T16:21:38-04:00
[INFO] ------------------------------------------------------------------------
