JAVA_HOME=/usr/lib/jvm/java-17-openjdk-amd64
COMMAND=mvn -B clean install -DskipTests -U -Ddependency-check.skip=true -Dgpg.skip=true -DfailIfNoTests=false -Dskip.installnodenpm=true -Dskip.npm=true -Dskip.yarn=true -Dlicense.skip=true -Dcheckstyle.skip=true -Drat.skip=true -Denforcer.skip=true -Danimal.sniffer.skip=true -Dmaven.javadoc.skip=true -Dfindbugs.skip=true -Dspotbugs.skip=true -Dwarbucks.skip=true -Dmodernizer.skip=true -Dimpsort.skip=true -Dmdep.analyze.skip=true -Dpgpverify.skip=true -Dxml.skip=true -Dcobertura.skip=true

[INFO] Scanning for projects...
[INFO] Downloading from vertx-snapshots-repository: https://s01.oss.sonatype.org/content/repositories/snapshots/io/vertx/vertx-dependencies/5.0.0-SNAPSHOT/maven-metadata.xml
[INFO] Downloading from sonatype-nexus-snapshots: https://oss.sonatype.org/content/repositories/snapshots/io/vertx/vertx-dependencies/5.0.0-SNAPSHOT/maven-metadata.xml
[INFO] Downloading from vertx-snapshots-repository: https://s01.oss.sonatype.org/content/repositories/snapshots/io/vertx/vertx-dependencies/5.0.0-SNAPSHOT/vertx-dependencies-5.0.0-SNAPSHOT.pom
[INFO] Downloading from sonatype-nexus-snapshots: https://oss.sonatype.org/content/repositories/snapshots/io/vertx/vertx-dependencies/5.0.0-SNAPSHOT/vertx-dependencies-5.0.0-SNAPSHOT.pom
[ERROR] [ERROR] Some problems were encountered while processing the POMs:
[ERROR] Non-resolvable import POM: Could not find artifact io.vertx:vertx-dependencies:pom:5.0.0-SNAPSHOT in vertx-snapshots-repository (https://s01.oss.sonatype.org/content/repositories/snapshots/) @ line 61, column 19
[ERROR] 'dependencies.dependency.version' for io.netty:netty-common:jar is missing. @ line 74, column 17
[ERROR] 'dependencies.dependency.version' for io.netty:netty-buffer:jar is missing. @ line 78, column 17
[ERROR] 'dependencies.dependency.version' for io.netty:netty-transport:jar is missing. @ line 82, column 17
[ERROR] 'dependencies.dependency.version' for io.netty:netty-handler:jar is missing. @ line 86, column 17
[ERROR] 'dependencies.dependency.version' for io.netty:netty-handler-proxy:jar is missing. @ line 90, column 17
[ERROR] 'dependencies.dependency.version' for io.netty:netty-codec-http:jar is missing. @ line 94, column 17
[ERROR] 'dependencies.dependency.version' for io.netty:netty-codec-http2:jar is missing. @ line 98, column 17
[ERROR] 'dependencies.dependency.version' for io.netty:netty-resolver:jar is missing. @ line 102, column 17
[ERROR] 'dependencies.dependency.version' for io.netty:netty-resolver-dns:jar is missing. @ line 106, column 17
[ERROR] 'dependencies.dependency.version' for io.netty:netty-codec-haproxy:jar is missing. @ line 110, column 17
[ERROR] 'dependencies.dependency.version' for io.netty:netty-transport-native-epoll:jar is missing. @ line 115, column 17
[ERROR] 'dependencies.dependency.version' for io.netty:netty-transport-native-kqueue:jar is missing. @ line 120, column 17
[ERROR] 'dependencies.dependency.version' for com.fasterxml.jackson.core:jackson-core:jar is missing. @ line 127, column 17
[ERROR] 'dependencies.dependency.version' for com.fasterxml.jackson.core:jackson-databind:jar is missing. @ line 131, column 17
[ERROR] 'dependencies.dependency.version' for org.apache.logging.log4j:log4j-api:jar is missing. @ line 138, column 17
[ERROR] 'dependencies.dependency.version' for org.slf4j:slf4j-api:jar is missing. @ line 143, column 17
[ERROR] 'dependencies.dependency.version' for io.vertx:vertx-codegen:jar is missing. @ line 150, column 17
[ERROR] 'dependencies.dependency.version' for io.vertx:vertx-docgen:jar is missing. @ line 155, column 17
[ERROR] 'dependencies.dependency.version' for org.slf4j:slf4j-simple:jar is missing. @ line 180, column 17
[ERROR] 'dependencies.dependency.version' for org.apache.logging.log4j:log4j-core:jar is missing. @ line 185, column 17
[ERROR] 'dependencies.dependency.version' for io.netty:netty-tcnative-boringssl-static:jar is missing. @ line 190, column 17
[ERROR] 'dependencies.dependency.version' for io.netty:netty-transport-native-epoll:jar:linux-x86_64 is missing. @ line 847, column 21
 @ 
[ERROR] The build could not read 1 project -> [Help 1]
[ERROR]   
[ERROR]   The project io.vertx:vertx-core:5.0.0-SNAPSHOT (/home/srafi/after-cam-ready/compare_/compile_repair_output/work/24e417338ba0/pom.xml) has 23 errors
[ERROR]     Non-resolvable import POM: Could not find artifact io.vertx:vertx-dependencies:pom:5.0.0-SNAPSHOT in vertx-snapshots-repository (https://s01.oss.sonatype.org/content/repositories/snapshots/) @ line 61, column 19 -> [Help 2]
[ERROR]     'dependencies.dependency.version' for io.netty:netty-common:jar is missing. @ line 74, column 17
[ERROR]     'dependencies.dependency.version' for io.netty:netty-buffer:jar is missing. @ line 78, column 17
[ERROR]     'dependencies.dependency.version' for io.netty:netty-transport:jar is missing. @ line 82, column 17
[ERROR]     'dependencies.dependency.version' for io.netty:netty-handler:jar is missing. @ line 86, column 17
[ERROR]     'dependencies.dependency.version' for io.netty:netty-handler-proxy:jar is missing. @ line 90, column 17
[ERROR]     'dependencies.dependency.version' for io.netty:netty-codec-http:jar is missing. @ line 94, column 17
[ERROR]     'dependencies.dependency.version' for io.netty:netty-codec-http2:jar is missing. @ line 98, column 17
[ERROR]     'dependencies.dependency.version' for io.netty:netty-resolver:jar is missing. @ line 102, column 17
[ERROR]     'dependencies.dependency.version' for io.netty:netty-resolver-dns:jar is missing. @ line 106, column 17
[ERROR]     'dependencies.dependency.version' for io.netty:netty-codec-haproxy:jar is missing. @ line 110, column 17
[ERROR]     'dependencies.dependency.version' for io.netty:netty-transport-native-epoll:jar is missing. @ line 115, column 17
[ERROR]     'dependencies.dependency.version' for io.netty:netty-transport-native-kqueue:jar is missing. @ line 120, column 17
[ERROR]     'dependencies.dependency.version' for com.fasterxml.jackson.core:jackson-core:jar is missing. @ line 127, column 17
[ERROR]     'dependencies.dependency.version' for com.fasterxml.jackson.core:jackson-databind:jar is missing. @ line 131, column 17
[ERROR]     'dependencies.dependency.version' for org.apache.logging.log4j:log4j-api:jar is missing. @ line 138, column 17
[ERROR]     'dependencies.dependency.version' for org.slf4j:slf4j-api:jar is missing. @ line 143, column 17
[ERROR]     'dependencies.dependency.version' for io.vertx:vertx-codegen:jar is missing. @ line 150, column 17
[ERROR]     'dependencies.dependency.version' for io.vertx:vertx-docgen:jar is missing. @ line 155, column 17
[ERROR]     'dependencies.dependency.version' for org.slf4j:slf4j-simple:jar is missing. @ line 180, column 17
[ERROR]     'dependencies.dependency.version' for org.apache.logging.log4j:log4j-core:jar is missing. @ line 185, column 17
[ERROR]     'dependencies.dependency.version' for io.netty:netty-tcnative-boringssl-static:jar is missing. @ line 190, column 17
[ERROR]     'dependencies.dependency.version' for io.netty:netty-transport-native-epoll:jar:linux-x86_64 is missing. @ line 847, column 21
[ERROR] 
[ERROR] To see the full stack trace of the errors, re-run Maven with the -e switch.
[ERROR] Re-run Maven using the -X switch to enable full debug logging.
[ERROR] 
[ERROR] For more information about the errors and possible solutions, please read the following articles:
[ERROR] [Help 1] http://cwiki.apache.org/confluence/display/MAVEN/ProjectBuildingException
[ERROR] [Help 2] http://cwiki.apache.org/confluence/display/MAVEN/UnresolvableModelException
