JAVA_HOME=/usr/lib/jvm/java-8-openjdk-amd64
COMMAND=mvn -B clean install -DskipTests -U -Ddependency-check.skip=true -Dgpg.skip=true -DfailIfNoTests=false -Dskip.installnodenpm=true -Dskip.npm=true -Dskip.yarn=true -Dlicense.skip=true -Dcheckstyle.skip=true -Drat.skip=true -Denforcer.skip=true -Danimal.sniffer.skip=true -Dmaven.javadoc.skip=true -Dfindbugs.skip=true -Dspotbugs.skip=true -Dwarbucks.skip=true -Dmodernizer.skip=true -Dimpsort.skip=true -Dmdep.analyze.skip=true -Dpgpverify.skip=true -Dxml.skip=true -Dcobertura.skip=true

[INFO] Scanning for projects...
Warning: KebabPizza disabling incompatible org.apache.maven.plugins:maven-enforcer-plugin from openpojo
Warning: KebabPizza disabling incompatible org.jacoco:jacoco-maven-plugin from openpojo
[INFO] 
[INFO] -----------------------< com.openpojo:openpojo >------------------------
[INFO] Building openpojo 0.8.11
[INFO] --------------------------------[ jar ]---------------------------------
[INFO] 
[INFO] --- maven-clean-plugin:2.5:clean (default-clean) @ openpojo ---
[INFO] 
[INFO] --- maven-resources-plugin:2.6:resources (default-resources) @ openpojo ---
[INFO] Using 'UTF-8' encoding to copy filtered resources.
[INFO] skip non existing resourceDirectory /home/srafi/after-cam-ready/compare_/compile_repair_output/work/4163f7b9c566/src/main/resources
[INFO] 
[INFO] --- maven-compiler-plugin:3.1:compile (default-compile) @ openpojo ---
[INFO] Changes detected - recompiling the module!
[INFO] Compiling 269 source files to /home/srafi/after-cam-ready/compare_/compile_repair_output/work/4163f7b9c566/target/classes
[INFO] -------------------------------------------------------------
[WARNING] COMPILATION WARNING : 
[INFO] -------------------------------------------------------------
[WARNING] /home/srafi/after-cam-ready/compare_/compile_repair_output/work/4163f7b9c566/src/main/java/com/openpojo/random/generator/security/PrincipalNameRandomGenerator.java:[27,25] sun.security.krb5.PrincipalName is internal proprietary API and may be removed in a future release
[WARNING] /home/srafi/after-cam-ready/compare_/compile_repair_output/work/4163f7b9c566/src/main/java/com/openpojo/random/generator/security/CredentialsRandomGenerator.java:[26,25] sun.security.krb5.Credentials is internal proprietary API and may be removed in a future release
[WARNING] /home/srafi/after-cam-ready/compare_/compile_repair_output/work/4163f7b9c566/src/main/java/com/openpojo/random/generator/security/CredentialsRandomGenerator.java:[27,25] sun.security.krb5.EncryptionKey is internal proprietary API and may be removed in a future release
[WARNING] /home/srafi/after-cam-ready/compare_/compile_repair_output/work/4163f7b9c566/src/main/java/com/openpojo/random/generator/security/CredentialsRandomGenerator.java:[28,25] sun.security.krb5.PrincipalName is internal proprietary API and may be removed in a future release
[WARNING] /home/srafi/after-cam-ready/compare_/compile_repair_output/work/4163f7b9c566/src/main/java/com/openpojo/random/generator/security/CredentialsRandomGenerator.java:[29,34] sun.security.krb5.internal.HostAddresses is internal proprietary API and may be removed in a future release
[WARNING] /home/srafi/after-cam-ready/compare_/compile_repair_output/work/4163f7b9c566/src/main/java/com/openpojo/random/generator/security/CredentialsRandomGenerator.java:[30,34] sun.security.krb5.internal.KerberosTime is internal proprietary API and may be removed in a future release
[WARNING] /home/srafi/after-cam-ready/compare_/compile_repair_output/work/4163f7b9c566/src/main/java/com/openpojo/random/generator/security/CredentialsRandomGenerator.java:[31,34] sun.security.krb5.internal.Ticket is internal proprietary API and may be removed in a future release
[WARNING] /home/srafi/after-cam-ready/compare_/compile_repair_output/work/4163f7b9c566/src/main/java/com/openpojo/random/generator/security/CredentialsRandomGenerator.java:[32,34] sun.security.krb5.internal.TicketFlags is internal proprietary API and may be removed in a future release
[WARNING] /home/srafi/after-cam-ready/compare_/compile_repair_output/work/4163f7b9c566/src/main/java/com/openpojo/random/generator/security/EncryptionKeyRandomGenerator.java:[26,25] sun.security.krb5.EncryptionKey is internal proprietary API and may be removed in a future release
[WARNING] /home/srafi/after-cam-ready/compare_/compile_repair_output/work/4163f7b9c566/src/main/java/com/openpojo/random/generator/security/KerberosTimeRandomGenerator.java:[26,34] sun.security.krb5.internal.KerberosTime is internal proprietary API and may be removed in a future release
[WARNING] /home/srafi/after-cam-ready/compare_/compile_repair_output/work/4163f7b9c566/src/main/java/com/openpojo/random/generator/security/PrincipalNameRandomGenerator.java:[34,60] sun.security.krb5.PrincipalName is internal proprietary API and may be removed in a future release
[WARNING] /home/srafi/after-cam-ready/compare_/compile_repair_output/work/4163f7b9c566/src/main/java/com/openpojo/random/generator/security/PrincipalNameRandomGenerator.java:[51,18] sun.security.krb5.PrincipalName is internal proprietary API and may be removed in a future release
[WARNING] /home/srafi/after-cam-ready/compare_/compile_repair_output/work/4163f7b9c566/src/main/java/com/openpojo/random/generator/security/CredentialsRandomGenerator.java:[39,60] sun.security.krb5.Credentials is internal proprietary API and may be removed in a future release
[WARNING] /home/srafi/after-cam-ready/compare_/compile_repair_output/work/4163f7b9c566/src/main/java/com/openpojo/random/generator/security/CredentialsRandomGenerator.java:[54,5] sun.security.krb5.internal.Ticket is internal proprietary API and may be removed in a future release
[WARNING] /home/srafi/after-cam-ready/compare_/compile_repair_output/work/4163f7b9c566/src/main/java/com/openpojo/random/generator/security/CredentialsRandomGenerator.java:[54,48] sun.security.krb5.internal.Ticket is internal proprietary API and may be removed in a future release
[WARNING] /home/srafi/after-cam-ready/compare_/compile_repair_output/work/4163f7b9c566/src/main/java/com/openpojo/random/generator/security/CredentialsRandomGenerator.java:[56,5] sun.security.krb5.PrincipalName is internal proprietary API and may be removed in a future release
[WARNING] /home/srafi/after-cam-ready/compare_/compile_repair_output/work/4163f7b9c566/src/main/java/com/openpojo/random/generator/security/CredentialsRandomGenerator.java:[56,55] sun.security.krb5.PrincipalName is internal proprietary API and may be removed in a future release
[WARNING] /home/srafi/after-cam-ready/compare_/compile_repair_output/work/4163f7b9c566/src/main/java/com/openpojo/random/generator/security/CredentialsRandomGenerator.java:[57,5] sun.security.krb5.PrincipalName is internal proprietary API and may be removed in a future release
[WARNING] /home/srafi/after-cam-ready/compare_/compile_repair_output/work/4163f7b9c566/src/main/java/com/openpojo/random/generator/security/CredentialsRandomGenerator.java:[57,55] sun.security.krb5.PrincipalName is internal proprietary API and may be removed in a future release
[WARNING] /home/srafi/after-cam-ready/compare_/compile_repair_output/work/4163f7b9c566/src/main/java/com/openpojo/random/generator/security/CredentialsRandomGenerator.java:[59,5] sun.security.krb5.EncryptionKey is internal proprietary API and may be removed in a future release
[WARNING] /home/srafi/after-cam-ready/compare_/compile_repair_output/work/4163f7b9c566/src/main/java/com/openpojo/random/generator/security/CredentialsRandomGenerator.java:[59,55] sun.security.krb5.EncryptionKey is internal proprietary API and may be removed in a future release
[WARNING] /home/srafi/after-cam-ready/compare_/compile_repair_output/work/4163f7b9c566/src/main/java/com/openpojo/random/generator/security/CredentialsRandomGenerator.java:[61,5] sun.security.krb5.internal.TicketFlags is internal proprietary API and may be removed in a future release
[WARNING] /home/srafi/after-cam-ready/compare_/compile_repair_output/work/4163f7b9c566/src/main/java/com/openpojo/random/generator/security/CredentialsRandomGenerator.java:[61,53] sun.security.krb5.internal.TicketFlags is internal proprietary API and may be removed in a future release
[WARNING] /home/srafi/after-cam-ready/compare_/compile_repair_output/work/4163f7b9c566/src/main/java/com/openpojo/random/generator/security/CredentialsRandomGenerator.java:[63,5] sun.security.krb5.internal.KerberosTime is internal proprietary API and may be removed in a future release
[WARNING] /home/srafi/after-cam-ready/compare_/compile_repair_output/work/4163f7b9c566/src/main/java/com/openpojo/random/generator/security/CredentialsRandomGenerator.java:[63,54] sun.security.krb5.internal.KerberosTime is internal proprietary API and may be removed in a future release
[WARNING] /home/srafi/after-cam-ready/compare_/compile_repair_output/work/4163f7b9c566/src/main/java/com/openpojo/random/generator/security/CredentialsRandomGenerator.java:[64,5] sun.security.krb5.internal.KerberosTime is internal proprietary API and may be removed in a future release
[WARNING] /home/srafi/after-cam-ready/compare_/compile_repair_output/work/4163f7b9c566/src/main/java/com/openpojo/random/generator/security/CredentialsRandomGenerator.java:[64,54] sun.security.krb5.internal.KerberosTime is internal proprietary API and may be removed in a future release
[WARNING] /home/srafi/after-cam-ready/compare_/compile_repair_output/work/4163f7b9c566/src/main/java/com/openpojo/random/generator/security/CredentialsRandomGenerator.java:[65,5] sun.security.krb5.internal.KerberosTime is internal proprietary API and may be removed in a future release
[WARNING] /home/srafi/after-cam-ready/compare_/compile_repair_output/work/4163f7b9c566/src/main/java/com/openpojo/random/generator/security/CredentialsRandomGenerator.java:[65,54] sun.security.krb5.internal.KerberosTime is internal proprietary API and may be removed in a future release
[WARNING] /home/srafi/after-cam-ready/compare_/compile_repair_output/work/4163f7b9c566/src/main/java/com/openpojo/random/generator/security/CredentialsRandomGenerator.java:[66,5] sun.security.krb5.internal.KerberosTime is internal proprietary API and may be removed in a future release
[WARNING] /home/srafi/after-cam-ready/compare_/compile_repair_output/work/4163f7b9c566/src/main/java/com/openpojo/random/generator/security/CredentialsRandomGenerator.java:[66,54] sun.security.krb5.internal.KerberosTime is internal proprietary API and may be removed in a future release
[WARNING] /home/srafi/after-cam-ready/compare_/compile_repair_output/work/4163f7b9c566/src/main/java/com/openpojo/random/generator/security/CredentialsRandomGenerator.java:[68,5] sun.security.krb5.internal.HostAddresses is internal proprietary API and may be removed in a future release
[WARNING] /home/srafi/after-cam-ready/compare_/compile_repair_output/work/4163f7b9c566/src/main/java/com/openpojo/random/generator/security/CredentialsRandomGenerator.java:[68,56] sun.security.krb5.internal.HostAddresses is internal proprietary API and may be removed in a future release
[WARNING] /home/srafi/after-cam-ready/compare_/compile_repair_output/work/4163f7b9c566/src/main/java/com/openpojo/random/generator/security/CredentialsRandomGenerator.java:[70,16] sun.security.krb5.Credentials is internal proprietary API and may be removed in a future release
[WARNING] /home/srafi/after-cam-ready/compare_/compile_repair_output/work/4163f7b9c566/src/main/java/com/openpojo/random/generator/security/EncryptionKeyRandomGenerator.java:[32,60] sun.security.krb5.EncryptionKey is internal proprietary API and may be removed in a future release
[WARNING] /home/srafi/after-cam-ready/compare_/compile_repair_output/work/4163f7b9c566/src/main/java/com/openpojo/random/generator/security/EncryptionKeyRandomGenerator.java:[48,16] sun.security.krb5.EncryptionKey is internal proprietary API and may be removed in a future release
[WARNING] /home/srafi/after-cam-ready/compare_/compile_repair_output/work/4163f7b9c566/src/main/java/com/openpojo/random/generator/security/KerberosTimeRandomGenerator.java:[32,60] sun.security.krb5.internal.KerberosTime is internal proprietary API and may be removed in a future release
[WARNING] /home/srafi/after-cam-ready/compare_/compile_repair_output/work/4163f7b9c566/src/main/java/com/openpojo/random/generator/security/KerberosTimeRandomGenerator.java:[47,16] sun.security.krb5.internal.KerberosTime is internal proprietary API and may be removed in a future release
[WARNING] /home/srafi/after-cam-ready/compare_/compile_repair_output/work/4163f7b9c566/src/main/java/com/openpojo/random/collection/set/EnumSetRandomGenerator.java: Some input files use unchecked or unsafe operations.
[WARNING] /home/srafi/after-cam-ready/compare_/compile_repair_output/work/4163f7b9c566/src/main/java/com/openpojo/random/collection/set/EnumSetRandomGenerator.java: Recompile with -Xlint:unchecked for details.
[INFO] 40 warnings 
[INFO] -------------------------------------------------------------
[INFO] -------------------------------------------------------------
[ERROR] COMPILATION ERROR : 
[INFO] -------------------------------------------------------------
[ERROR] /home/srafi/after-cam-ready/compare_/compile_repair_output/work/4163f7b9c566/src/main/java/com/openpojo/random/generator/security/CredentialsRandomGenerator.java:[70,12] no suitable constructor found for Credentials(sun.security.krb5.internal.Ticket,sun.security.krb5.PrincipalName,sun.security.krb5.PrincipalName,sun.security.krb5.EncryptionKey,sun.security.krb5.internal.TicketFlags,sun.security.krb5.internal.KerberosTime,sun.security.krb5.internal.KerberosTime,sun.security.krb5.internal.KerberosTime,sun.security.krb5.internal.KerberosTime,sun.security.krb5.internal.HostAddresses)
    constructor sun.security.krb5.Credentials.Credentials(sun.security.krb5.internal.Ticket,sun.security.krb5.PrincipalName,sun.security.krb5.PrincipalName,sun.security.krb5.PrincipalName,sun.security.krb5.PrincipalName,sun.security.krb5.EncryptionKey,sun.security.krb5.internal.TicketFlags,sun.security.krb5.internal.KerberosTime,sun.security.krb5.internal.KerberosTime,sun.security.krb5.internal.KerberosTime,sun.security.krb5.internal.KerberosTime,sun.security.krb5.internal.HostAddresses,sun.security.krb5.internal.AuthorizationData) is not applicable
      (actual and formal argument lists differ in length)
    constructor sun.security.krb5.Credentials.Credentials(sun.security.krb5.internal.Ticket,sun.security.krb5.PrincipalName,sun.security.krb5.PrincipalName,sun.security.krb5.PrincipalName,sun.security.krb5.PrincipalName,sun.security.krb5.EncryptionKey,sun.security.krb5.internal.TicketFlags,sun.security.krb5.internal.KerberosTime,sun.security.krb5.internal.KerberosTime,sun.security.krb5.internal.KerberosTime,sun.security.krb5.internal.KerberosTime,sun.security.krb5.internal.HostAddresses) is not applicable
      (actual and formal argument lists differ in length)
    constructor sun.security.krb5.Credentials.Credentials(byte[],java.lang.String,java.lang.String,java.lang.String,java.lang.String,byte[],int,boolean[],java.util.Date,java.util.Date,java.util.Date,java.util.Date,java.net.InetAddress[]) is not applicable
      (actual and formal argument lists differ in length)
[INFO] 1 error
[INFO] -------------------------------------------------------------
[INFO] ------------------------------------------------------------------------
[INFO] BUILD FAILURE
[INFO] ------------------------------------------------------------------------
[INFO] Total time:  1.189 s
[INFO] Finished at: 2026-08-15T16:39:49-04:00
[INFO] ------------------------------------------------------------------------
[ERROR] Failed to execute goal org.apache.maven.plugins:maven-compiler-plugin:3.1:compile (default-compile) on project openpojo: Compilation failure
[ERROR] /home/srafi/after-cam-ready/compare_/compile_repair_output/work/4163f7b9c566/src/main/java/com/openpojo/random/generator/security/CredentialsRandomGenerator.java:[70,12] no suitable constructor found for Credentials(sun.security.krb5.internal.Ticket,sun.security.krb5.PrincipalName,sun.security.krb5.PrincipalName,sun.security.krb5.EncryptionKey,sun.security.krb5.internal.TicketFlags,sun.security.krb5.internal.KerberosTime,sun.security.krb5.internal.KerberosTime,sun.security.krb5.internal.KerberosTime,sun.security.krb5.internal.KerberosTime,sun.security.krb5.internal.HostAddresses)
[ERROR]     constructor sun.security.krb5.Credentials.Credentials(sun.security.krb5.internal.Ticket,sun.security.krb5.PrincipalName,sun.security.krb5.PrincipalName,sun.security.krb5.PrincipalName,sun.security.krb5.PrincipalName,sun.security.krb5.EncryptionKey,sun.security.krb5.internal.TicketFlags,sun.security.krb5.internal.KerberosTime,sun.security.krb5.internal.KerberosTime,sun.security.krb5.internal.KerberosTime,sun.security.krb5.internal.KerberosTime,sun.security.krb5.internal.HostAddresses,sun.security.krb5.internal.AuthorizationData) is not applicable
[ERROR]       (actual and formal argument lists differ in length)
[ERROR]     constructor sun.security.krb5.Credentials.Credentials(sun.security.krb5.internal.Ticket,sun.security.krb5.PrincipalName,sun.security.krb5.PrincipalName,sun.security.krb5.PrincipalName,sun.security.krb5.PrincipalName,sun.security.krb5.EncryptionKey,sun.security.krb5.internal.TicketFlags,sun.security.krb5.internal.KerberosTime,sun.security.krb5.internal.KerberosTime,sun.security.krb5.internal.KerberosTime,sun.security.krb5.internal.KerberosTime,sun.security.krb5.internal.HostAddresses) is not applicable
[ERROR]       (actual and formal argument lists differ in length)
[ERROR]     constructor sun.security.krb5.Credentials.Credentials(byte[],java.lang.String,java.lang.String,java.lang.String,java.lang.String,byte[],int,boolean[],java.util.Date,java.util.Date,java.util.Date,java.util.Date,java.net.InetAddress[]) is not applicable
[ERROR]       (actual and formal argument lists differ in length)
[ERROR] -> [Help 1]
[ERROR] 
[ERROR] To see the full stack trace of the errors, re-run Maven with the -e switch.
[ERROR] Re-run Maven using the -X switch to enable full debug logging.
[ERROR] 
[ERROR] For more information about the errors and possible solutions, please read the following articles:
[ERROR] [Help 1] http://cwiki.apache.org/confluence/display/MAVEN/MojoFailureException
