JAVA_HOME=/usr/lib/jvm/java-8-openjdk-amd64
COMMAND=mvn -B clean install -DskipTests -U -pl modules/cli -am -Ddependency-check.skip=true -Dgpg.skip=true -DfailIfNoTests=false -Dskip.installnodenpm=true -Dskip.npm=true -Dskip.yarn=true -Dlicense.skip=true -Dcheckstyle.skip=true -Drat.skip=true -Denforcer.skip=true -Danimal.sniffer.skip=true -Dmaven.javadoc.skip=true -Dfindbugs.skip=true -Dspotbugs.skip=true -Dwarbucks.skip=true -Dmodernizer.skip=true -Dimpsort.skip=true -Dmdep.analyze.skip=true -Dpgpverify.skip=true -Dxml.skip=true -Dcobertura.skip=true

[INFO] Scanning for projects...
[INFO] Downloading from central: https://repo.maven.apache.org/maven2/org/mockito/mockito-bom/4.3.1/mockito-bom-4.3.1.pom
[INFO] Downloaded from central: https://repo.maven.apache.org/maven2/org/mockito/mockito-bom/4.3.1/mockito-bom-4.3.1.pom (0 B at 0 B/s)
[INFO] Downloading from central: https://repo.maven.apache.org/maven2/io/micronaut/build/micronaut-maven-plugin/3.1.0/micronaut-maven-plugin-3.1.0.pom
[INFO] Downloaded from central: https://repo.maven.apache.org/maven2/io/micronaut/build/micronaut-maven-plugin/3.1.0/micronaut-maven-plugin-3.1.0.pom (22 kB at 77 kB/s)
[INFO] Downloading from central: https://repo.maven.apache.org/maven2/org/twdata/maven/mojo-executor/2.3.2/mojo-executor-2.3.2.pom
[INFO] Downloaded from central: https://repo.maven.apache.org/maven2/org/twdata/maven/mojo-executor/2.3.2/mojo-executor-2.3.2.pom (2.5 kB at 68 kB/s)
[INFO] Downloading from central: https://repo.maven.apache.org/maven2/org/twdata/maven/mojo-executor-parent/2.3.2/mojo-executor-parent-2.3.2.pom
[INFO] Downloaded from central: https://repo.maven.apache.org/maven2/org/twdata/maven/mojo-executor-parent/2.3.2/mojo-executor-parent-2.3.2.pom (10 kB at 295 kB/s)
[INFO] Downloading from central: https://repo.maven.apache.org/maven2/org/apache/maven/resolver/maven-resolver-util/1.7.2/maven-resolver-util-1.7.2.pom
[INFO] Downloaded from central: https://repo.maven.apache.org/maven2/org/apache/maven/resolver/maven-resolver-util/1.7.2/maven-resolver-util-1.7.2.pom (2.8 kB at 91 kB/s)
[INFO] Downloading from central: https://repo.maven.apache.org/maven2/org/apache/maven/resolver/maven-resolver/1.7.2/maven-resolver-1.7.2.pom
[INFO] Downloaded from central: https://repo.maven.apache.org/maven2/org/apache/maven/resolver/maven-resolver/1.7.2/maven-resolver-1.7.2.pom (21 kB at 708 kB/s)
[INFO] Downloading from central: https://repo.maven.apache.org/maven2/org/apache/maven/resolver/maven-resolver-api/1.7.2/maven-resolver-api-1.7.2.pom
[INFO] Downloaded from central: https://repo.maven.apache.org/maven2/org/apache/maven/resolver/maven-resolver-api/1.7.2/maven-resolver-api-1.7.2.pom (2.6 kB at 85 kB/s)
[INFO] Downloading from central: https://repo.maven.apache.org/maven2/io/methvin/directory-watcher/0.15.0/directory-watcher-0.15.0.pom
[INFO] Downloaded from central: https://repo.maven.apache.org/maven2/io/methvin/directory-watcher/0.15.0/directory-watcher-0.15.0.pom (3.2 kB at 90 kB/s)
[INFO] Downloading from central: https://repo.maven.apache.org/maven2/com/google/cloud/tools/jib-maven-plugin-extension-api/0.4.0/jib-maven-plugin-extension-api-0.4.0.pom
[INFO] Downloaded from central: https://repo.maven.apache.org/maven2/com/google/cloud/tools/jib-maven-plugin-extension-api/0.4.0/jib-maven-plugin-extension-api-0.4.0.pom (2.4 kB at 64 kB/s)
[INFO] Downloading from central: https://repo.maven.apache.org/maven2/com/google/cloud/tools/jib-build-plan/0.4.0/jib-build-plan-0.4.0.pom
[INFO] Downloaded from central: https://repo.maven.apache.org/maven2/com/google/cloud/tools/jib-build-plan/0.4.0/jib-build-plan-0.4.0.pom (1.7 kB at 44 kB/s)
[INFO] Downloading from central: https://repo.maven.apache.org/maven2/com/google/cloud/tools/jib-plugins-extension-common/0.2.0/jib-plugins-extension-common-0.2.0.pom
[INFO] Downloaded from central: https://repo.maven.apache.org/maven2/com/google/cloud/tools/jib-plugins-extension-common/0.2.0/jib-plugins-extension-common-0.2.0.pom (1.8 kB at 48 kB/s)
[INFO] Downloading from central: https://repo.maven.apache.org/maven2/org/apache/maven/maven-core/3.5.2/maven-core-3.5.2.pom
[INFO] Downloaded from central: https://repo.maven.apache.org/maven2/org/apache/maven/maven-core/3.5.2/maven-core-3.5.2.pom (8.8 kB at 231 kB/s)
[INFO] Downloading from central: https://repo.maven.apache.org/maven2/org/apache/maven/maven-settings/3.5.2/maven-settings-3.5.2.pom
[INFO] Downloaded from central: https://repo.maven.apache.org/maven2/org/apache/maven/maven-settings/3.5.2/maven-settings-3.5.2.pom (1.8 kB at 46 kB/s)
[INFO] Downloading from central: https://repo.maven.apache.org/maven2/org/apache/maven/maven-settings-builder/3.5.2/maven-settings-builder-3.5.2.pom
[INFO] Downloaded from central: https://repo.maven.apache.org/maven2/org/apache/maven/maven-settings-builder/3.5.2/maven-settings-builder-3.5.2.pom (2.6 kB at 75 kB/s)
[INFO] Downloading from central: https://repo.maven.apache.org/maven2/org/apache/maven/maven-builder-support/3.5.2/maven-builder-support-3.5.2.pom
[INFO] Downloaded from central: https://repo.maven.apache.org/maven2/org/apache/maven/maven-builder-support/3.5.2/maven-builder-support-3.5.2.pom (1.5 kB at 48 kB/s)
[INFO] Downloading from central: https://repo.maven.apache.org/maven2/org/apache/maven/maven-repository-metadata/3.5.2/maven-repository-metadata-3.5.2.pom
[INFO] Downloaded from central: https://repo.maven.apache.org/maven2/org/apache/maven/maven-repository-metadata/3.5.2/maven-repository-metadata-3.5.2.pom (1.9 kB at 59 kB/s)
[INFO] Downloading from central: https://repo.maven.apache.org/maven2/org/apache/maven/maven-model-builder/3.5.2/maven-model-builder-3.5.2.pom
[INFO] Downloaded from central: https://repo.maven.apache.org/maven2/org/apache/maven/maven-model-builder/3.5.2/maven-model-builder-3.5.2.pom (3.1 kB at 98 kB/s)
[INFO] Downloading from central: https://repo.maven.apache.org/maven2/org/apache/maven/maven-resolver-provider/3.5.2/maven-resolver-provider-3.5.2.pom
[INFO] Downloaded from central: https://repo.maven.apache.org/maven2/org/apache/maven/maven-resolver-provider/3.5.2/maven-resolver-provider-3.5.2.pom (4.2 kB at 140 kB/s)
[INFO] Downloading from central: https://repo.maven.apache.org/maven2/com/google/cloud/tools/jib-native-image-extension-maven/0.1.0/jib-native-image-extension-maven-0.1.0.pom
[INFO] Downloaded from central: https://repo.maven.apache.org/maven2/com/google/cloud/tools/jib-native-image-extension-maven/0.1.0/jib-native-image-extension-maven-0.1.0.pom (1.5 kB at 46 kB/s)
[INFO] Downloading from central: https://repo.maven.apache.org/maven2/com/google/cloud/tools/jib-core/0.20.0/jib-core-0.20.0.pom
[INFO] Downloaded from central: https://repo.maven.apache.org/maven2/com/google/cloud/tools/jib-core/0.20.0/jib-core-0.20.0.pom (3.8 kB at 33 kB/s)
[INFO] Downloading from central: https://repo.maven.apache.org/maven2/org/apache/httpcomponents/httpclient/4.5.10/httpclient-4.5.10.pom
[INFO] Downloaded from central: https://repo.maven.apache.org/maven2/org/apache/httpcomponents/httpclient/4.5.10/httpclient-4.5.10.pom (6.6 kB at 228 kB/s)
[INFO] Downloading from central: https://repo.maven.apache.org/maven2/org/apache/httpcomponents/httpcomponents-client/4.5.10/httpcomponents-client-4.5.10.pom
[INFO] Downloaded from central: https://repo.maven.apache.org/maven2/org/apache/httpcomponents/httpcomponents-client/4.5.10/httpcomponents-client-4.5.10.pom (16 kB at 585 kB/s)
[INFO] Downloading from central: https://repo.maven.apache.org/maven2/org/apache/httpcomponents/httpcore/4.4.12/httpcore-4.4.12.pom
[INFO] Downloaded from central: https://repo.maven.apache.org/maven2/org/apache/httpcomponents/httpcore/4.4.12/httpcore-4.4.12.pom (5.0 kB at 171 kB/s)
[INFO] Downloading from central: https://repo.maven.apache.org/maven2/com/google/http-client/google-http-client-apache-v2/1.34.0/google-http-client-apache-v2-1.34.0.pom
[INFO] Downloaded from central: https://repo.maven.apache.org/maven2/com/google/http-client/google-http-client-apache-v2/1.34.0/google-http-client-apache-v2-1.34.0.pom (3.6 kB at 121 kB/s)
[INFO] Downloading from central: https://repo.maven.apache.org/maven2/com/google/auth/google-auth-library-oauth2-http/0.18.0/google-auth-library-oauth2-http-0.18.0.pom
[INFO] Downloaded from central: https://repo.maven.apache.org/maven2/com/google/auth/google-auth-library-oauth2-http/0.18.0/google-auth-library-oauth2-http-0.18.0.pom (3.2 kB at 82 kB/s)
[INFO] Downloading from central: https://repo.maven.apache.org/maven2/com/google/auth/google-auth-library-parent/0.18.0/google-auth-library-parent-0.18.0.pom
[INFO] Downloaded from central: https://repo.maven.apache.org/maven2/com/google/auth/google-auth-library-parent/0.18.0/google-auth-library-parent-0.18.0.pom (13 kB at 407 kB/s)
[INFO] Downloading from central: https://repo.maven.apache.org/maven2/com/google/http-client/google-http-client-bom/1.32.1/google-http-client-bom-1.32.1.pom
[INFO] Downloaded from central: https://repo.maven.apache.org/maven2/com/google/http-client/google-http-client-bom/1.32.1/google-http-client-bom-1.32.1.pom (6.6 kB at 212 kB/s)
[INFO] Downloading from central: https://repo.maven.apache.org/maven2/com/google/auto/value/auto-value-annotations/1.6.6/auto-value-annotations-1.6.6.pom
[INFO] Downloaded from central: https://repo.maven.apache.org/maven2/com/google/auto/value/auto-value-annotations/1.6.6/auto-value-annotations-1.6.6.pom (2.6 kB at 82 kB/s)
[INFO] Downloading from central: https://repo.maven.apache.org/maven2/com/google/auto/value/auto-value-parent/1.6.6/auto-value-parent-1.6.6.pom
[INFO] Downloaded from central: https://repo.maven.apache.org/maven2/com/google/auto/value/auto-value-parent/1.6.6/auto-value-parent-1.6.6.pom (6.1 kB at 211 kB/s)
[INFO] Downloading from central: https://repo.maven.apache.org/maven2/com/google/auth/google-auth-library-credentials/0.18.0/google-auth-library-credentials-0.18.0.pom
[INFO] Downloaded from central: https://repo.maven.apache.org/maven2/com/google/auth/google-auth-library-credentials/0.18.0/google-auth-library-credentials-0.18.0.pom (2.0 kB at 63 kB/s)
[INFO] Downloading from central: https://repo.maven.apache.org/maven2/com/google/http-client/google-http-client/1.32.1/google-http-client-1.32.1.pom
[INFO] Downloaded from central: https://repo.maven.apache.org/maven2/com/google/http-client/google-http-client/1.32.1/google-http-client-1.32.1.pom (5.4 kB at 154 kB/s)
[INFO] Downloading from central: https://repo.maven.apache.org/maven2/com/google/http-client/google-http-client-parent/1.32.1/google-http-client-parent-1.32.1.pom
[INFO] Downloaded from central: https://repo.maven.apache.org/maven2/com/google/http-client/google-http-client-parent/1.32.1/google-http-client-parent-1.32.1.pom (24 kB at 624 kB/s)
[INFO] Downloading from central: https://repo.maven.apache.org/maven2/com/google/http-client/google-http-client-jackson2/1.32.1/google-http-client-jackson2-1.32.1.pom
[INFO] Downloaded from central: https://repo.maven.apache.org/maven2/com/google/http-client/google-http-client-jackson2/1.32.1/google-http-client-jackson2-1.32.1.pom (3.1 kB at 92 kB/s)
[INFO] Downloading from central: https://repo.maven.apache.org/maven2/com/github/docker-java/docker-java-core/3.2.12/docker-java-core-3.2.12.pom
[INFO] Downloaded from central: https://repo.maven.apache.org/maven2/com/github/docker-java/docker-java-core/3.2.12/docker-java-core-3.2.12.pom (2.8 kB at 74 kB/s)
[INFO] Downloading from central: https://repo.maven.apache.org/maven2/org/graalvm/buildtools/native-maven-plugin/0.9.7.1/native-maven-plugin-0.9.7.1.pom
[INFO] Downloaded from central: https://repo.maven.apache.org/maven2/org/graalvm/buildtools/native-maven-plugin/0.9.7.1/native-maven-plugin-0.9.7.1.pom (2.4 kB at 68 kB/s)
[INFO] Downloading from central: https://repo.maven.apache.org/maven2/org/graalvm/buildtools/junit-platform-native/0.9.7.1/junit-platform-native-0.9.7.1.pom
[INFO] Downloaded from central: https://repo.maven.apache.org/maven2/org/graalvm/buildtools/junit-platform-native/0.9.7.1/junit-platform-native-0.9.7.1.pom (2.5 kB at 77 kB/s)
[INFO] Downloading from central: https://repo.maven.apache.org/maven2/org/junit/platform/junit-platform-console/1.8.1/junit-platform-console-1.8.1.pom
[INFO] Downloaded from central: https://repo.maven.apache.org/maven2/org/junit/platform/junit-platform-console/1.8.1/junit-platform-console-1.8.1.pom (3.0 kB at 76 kB/s)
[INFO] Downloading from central: https://repo.maven.apache.org/maven2/org/junit/platform/junit-platform-reporting/1.8.1/junit-platform-reporting-1.8.1.pom
[INFO] Downloaded from central: https://repo.maven.apache.org/maven2/org/junit/platform/junit-platform-reporting/1.8.1/junit-platform-reporting-1.8.1.pom (3.0 kB at 78 kB/s)
[INFO] Downloading from central: https://repo.maven.apache.org/maven2/org/graalvm/buildtools/utils/0.9.7.1/utils-0.9.7.1.pom
[INFO] Downloaded from central: https://repo.maven.apache.org/maven2/org/graalvm/buildtools/utils/0.9.7.1/utils-0.9.7.1.pom (1.9 kB at 17 kB/s)
[INFO] Downloading from central: https://repo.maven.apache.org/maven2/io/micronaut/micronaut-inject/3.1.3/micronaut-inject-3.1.3.pom
[INFO] Downloaded from central: https://repo.maven.apache.org/maven2/io/micronaut/micronaut-inject/3.1.3/micronaut-inject-3.1.3.pom (2.3 kB at 61 kB/s)
[INFO] Downloading from central: https://repo.maven.apache.org/maven2/jakarta/inject/jakarta.inject-api/2.0.1/jakarta.inject-api-2.0.1.pom
[INFO] Downloaded from central: https://repo.maven.apache.org/maven2/jakarta/inject/jakarta.inject-api/2.0.1/jakarta.inject-api-2.0.1.pom (5.9 kB at 169 kB/s)
[INFO] Downloading from central: https://repo.maven.apache.org/maven2/jakarta/annotation/jakarta.annotation-api/2.0.0/jakarta.annotation-api-2.0.0.pom
[INFO] Downloaded from central: https://repo.maven.apache.org/maven2/jakarta/annotation/jakarta.annotation-api/2.0.0/jakarta.annotation-api-2.0.0.pom (16 kB at 412 kB/s)
[INFO] Downloading from central: https://repo.maven.apache.org/maven2/io/micronaut/micronaut-core/3.1.3/micronaut-core-3.1.3.pom
[INFO] Downloaded from central: https://repo.maven.apache.org/maven2/io/micronaut/micronaut-core/3.1.3/micronaut-core-3.1.3.pom (1.3 kB at 30 kB/s)
[INFO] Downloading from central: https://repo.maven.apache.org/maven2/io/micronaut/build/micronaut-maven-plugin/3.1.0/micronaut-maven-plugin-3.1.0.jar
[INFO] Downloading from central: https://repo.maven.apache.org/maven2/org/twdata/maven/mojo-executor/2.3.2/mojo-executor-2.3.2.jar
[INFO] Downloading from central: https://repo.maven.apache.org/maven2/org/apache/maven/resolver/maven-resolver-util/1.7.2/maven-resolver-util-1.7.2.jar
[INFO] Downloading from central: https://repo.maven.apache.org/maven2/io/methvin/directory-watcher/0.15.0/directory-watcher-0.15.0.jar
[INFO] Downloading from central: https://repo.maven.apache.org/maven2/org/apache/maven/resolver/maven-resolver-api/1.7.2/maven-resolver-api-1.7.2.jar
[INFO] Downloaded from central: https://repo.maven.apache.org/maven2/org/twdata/maven/mojo-executor/2.3.2/mojo-executor-2.3.2.jar (13 kB at 196 kB/s)
[INFO] Downloading from central: https://repo.maven.apache.org/maven2/com/google/cloud/tools/jib-maven-plugin-extension-api/0.4.0/jib-maven-plugin-extension-api-0.4.0.jar
[INFO] Downloaded from central: https://repo.maven.apache.org/maven2/org/apache/maven/resolver/maven-resolver-api/1.7.2/maven-resolver-api-1.7.2.jar (149 kB at 1.9 MB/s)
[INFO] Downloading from central: https://repo.maven.apache.org/maven2/com/google/cloud/tools/jib-build-plan/0.4.0/jib-build-plan-0.4.0.jar
[INFO] Downloaded from central: https://repo.maven.apache.org/maven2/io/methvin/directory-watcher/0.15.0/directory-watcher-0.15.0.jar (51 kB at 648 kB/s)
[INFO] Downloading from central: https://repo.maven.apache.org/maven2/com/google/cloud/tools/jib-plugins-extension-common/0.2.0/jib-plugins-extension-common-0.2.0.jar
[INFO] Downloaded from central: https://repo.maven.apache.org/maven2/com/google/cloud/tools/jib-maven-plugin-extension-api/0.4.0/jib-maven-plugin-extension-api-0.4.0.jar (2.4 kB at 25 kB/s)
[INFO] Downloading from central: https://repo.maven.apache.org/maven2/com/google/cloud/tools/jib-native-image-extension-maven/0.1.0/jib-native-image-extension-maven-0.1.0.jar
[INFO] Downloaded from central: https://repo.maven.apache.org/maven2/com/google/cloud/tools/jib-build-plan/0.4.0/jib-build-plan-0.4.0.jar (25 kB at 223 kB/s)
[INFO] Downloading from central: https://repo.maven.apache.org/maven2/com/google/cloud/tools/jib-core/0.20.0/jib-core-0.20.0.jar
[INFO] Downloaded from central: https://repo.maven.apache.org/maven2/org/apache/maven/resolver/maven-resolver-util/1.7.2/maven-resolver-util-1.7.2.jar (171 kB at 1.5 MB/s)
[INFO] Downloading from central: https://repo.maven.apache.org/maven2/org/apache/httpcomponents/httpclient/4.5.10/httpclient-4.5.10.jar
[INFO] Downloaded from central: https://repo.maven.apache.org/maven2/com/google/cloud/tools/jib-plugins-extension-common/0.2.0/jib-plugins-extension-common-0.2.0.jar (4.3 kB at 35 kB/s)
[INFO] Downloading from central: https://repo.maven.apache.org/maven2/org/apache/httpcomponents/httpcore/4.4.12/httpcore-4.4.12.jar
[INFO] Downloaded from central: https://repo.maven.apache.org/maven2/com/google/cloud/tools/jib-native-image-extension-maven/0.1.0/jib-native-image-extension-maven-0.1.0.jar (9.6 kB at 72 kB/s)
[INFO] Downloading from central: https://repo.maven.apache.org/maven2/io/grpc/grpc-context/1.22.1/grpc-context-1.22.1.jar
[INFO] Downloaded from central: https://repo.maven.apache.org/maven2/com/google/cloud/tools/jib-core/0.20.0/jib-core-0.20.0.jar (387 kB at 2.4 MB/s)
[INFO] Downloading from central: https://repo.maven.apache.org/maven2/com/google/http-client/google-http-client-apache-v2/1.34.0/google-http-client-apache-v2-1.34.0.jar
[INFO] Downloaded from central: https://repo.maven.apache.org/maven2/io/grpc/grpc-context/1.22.1/grpc-context-1.22.1.jar (29 kB at 175 kB/s)
[INFO] Downloading from central: https://repo.maven.apache.org/maven2/com/google/auth/google-auth-library-oauth2-http/0.18.0/google-auth-library-oauth2-http-0.18.0.jar
[INFO] Downloaded from central: https://repo.maven.apache.org/maven2/org/apache/httpcomponents/httpclient/4.5.10/httpclient-4.5.10.jar (775 kB at 4.2 MB/s)
[INFO] Downloading from central: https://repo.maven.apache.org/maven2/com/google/auto/value/auto-value-annotations/1.6.6/auto-value-annotations-1.6.6.jar
[INFO] Downloaded from central: https://repo.maven.apache.org/maven2/org/apache/httpcomponents/httpcore/4.4.12/httpcore-4.4.12.jar (328 kB at 1.8 MB/s)
[INFO] Downloading from central: https://repo.maven.apache.org/maven2/com/google/auth/google-auth-library-credentials/0.18.0/google-auth-library-credentials-0.18.0.jar
[INFO] Downloaded from central: https://repo.maven.apache.org/maven2/com/google/http-client/google-http-client-apache-v2/1.34.0/google-http-client-apache-v2-1.34.0.jar (10 kB at 53 kB/s)
[INFO] Downloading from central: https://repo.maven.apache.org/maven2/com/google/http-client/google-http-client-jackson2/1.32.1/google-http-client-jackson2-1.32.1.jar
[INFO] Downloaded from central: https://repo.maven.apache.org/maven2/com/google/auth/google-auth-library-oauth2-http/0.18.0/google-auth-library-oauth2-http-0.18.0.jar (103 kB at 512 kB/s)
[INFO] Downloading from central: https://repo.maven.apache.org/maven2/com/github/docker-java/docker-java-core/3.2.12/docker-java-core-3.2.12.jar
[INFO] Downloaded from central: https://repo.maven.apache.org/maven2/com/google/auto/value/auto-value-annotations/1.6.6/auto-value-annotations-1.6.6.jar (5.9 kB at 27 kB/s)
[INFO] Downloading from central: https://repo.maven.apache.org/maven2/com/github/docker-java/docker-java-api/3.2.12/docker-java-api-3.2.12.jar
[INFO] Downloaded from central: https://repo.maven.apache.org/maven2/com/google/auth/google-auth-library-credentials/0.18.0/google-auth-library-credentials-0.18.0.jar (5.7 kB at 25 kB/s)
[INFO] Downloading from central: https://repo.maven.apache.org/maven2/com/github/docker-java/docker-java-transport/3.2.12/docker-java-transport-3.2.12.jar
[INFO] Downloaded from central: https://repo.maven.apache.org/maven2/com/google/http-client/google-http-client-jackson2/1.32.1/google-http-client-jackson2-1.32.1.jar (8.5 kB at 35 kB/s)
[INFO] Downloading from central: https://repo.maven.apache.org/maven2/com/github/docker-java/docker-java-transport-zerodep/3.2.12/docker-java-transport-zerodep-3.2.12.jar
[INFO] Downloaded from central: https://repo.maven.apache.org/maven2/com/github/docker-java/docker-java-core/3.2.12/docker-java-core-3.2.12.jar (364 kB at 1.4 MB/s)
[INFO] Downloading from central: https://repo.maven.apache.org/maven2/org/testcontainers/testcontainers/1.16.2/testcontainers-1.16.2.jar
[INFO] Downloaded from central: https://repo.maven.apache.org/maven2/com/github/docker-java/docker-java-transport/3.2.12/docker-java-transport-3.2.12.jar (36 kB at 136 kB/s)
[INFO] Downloading from central: https://repo.maven.apache.org/maven2/org/graalvm/buildtools/native-maven-plugin/0.9.7.1/native-maven-plugin-0.9.7.1.jar
[INFO] Downloaded from central: https://repo.maven.apache.org/maven2/com/github/docker-java/docker-java-api/3.2.12/docker-java-api-3.2.12.jar (467 kB at 1.7 MB/s)
[INFO] Downloading from central: https://repo.maven.apache.org/maven2/org/graalvm/buildtools/junit-platform-native/0.9.7.1/junit-platform-native-0.9.7.1.jar
[INFO] Downloaded from central: https://repo.maven.apache.org/maven2/io/micronaut/build/micronaut-maven-plugin/3.1.0/micronaut-maven-plugin-3.1.0.jar (81 kB at 261 kB/s)
[INFO] Downloading from central: https://repo.maven.apache.org/maven2/org/junit/platform/junit-platform-console/1.8.1/junit-platform-console-1.8.1.jar
[INFO] Downloaded from central: https://repo.maven.apache.org/maven2/org/graalvm/buildtools/junit-platform-native/0.9.7.1/junit-platform-native-0.9.7.1.jar (24 kB at 77 kB/s)
[INFO] Downloading from central: https://repo.maven.apache.org/maven2/org/junit/platform/junit-platform-reporting/1.8.1/junit-platform-reporting-1.8.1.jar
[INFO] Downloaded from central: https://repo.maven.apache.org/maven2/com/github/docker-java/docker-java-transport-zerodep/3.2.12/docker-java-transport-zerodep-3.2.12.jar (2.0 MB at 5.9 MB/s)
[INFO] Downloading from central: https://repo.maven.apache.org/maven2/org/graalvm/buildtools/utils/0.9.7.1/utils-0.9.7.1.jar
[INFO] Downloaded from central: https://repo.maven.apache.org/maven2/org/junit/platform/junit-platform-console/1.8.1/junit-platform-console-1.8.1.jar (488 kB at 1.4 MB/s)
[INFO] Downloading from central: https://repo.maven.apache.org/maven2/io/micronaut/micronaut-inject/3.1.3/micronaut-inject-3.1.3.jar
[INFO] Downloaded from central: https://repo.maven.apache.org/maven2/org/junit/platform/junit-platform-reporting/1.8.1/junit-platform-reporting-1.8.1.jar (26 kB at 75 kB/s)
[INFO] Downloading from central: https://repo.maven.apache.org/maven2/jakarta/inject/jakarta.inject-api/2.0.1/jakarta.inject-api-2.0.1.jar
[INFO] Downloaded from central: https://repo.maven.apache.org/maven2/jakarta/inject/jakarta.inject-api/2.0.1/jakarta.inject-api-2.0.1.jar (11 kB at 27 kB/s)
[INFO] Downloading from central: https://repo.maven.apache.org/maven2/jakarta/annotation/jakarta.annotation-api/2.0.0/jakarta.annotation-api-2.0.0.jar
[INFO] Downloaded from central: https://repo.maven.apache.org/maven2/io/micronaut/micronaut-inject/3.1.3/micronaut-inject-3.1.3.jar (916 kB at 2.3 MB/s)
[INFO] Downloading from central: https://repo.maven.apache.org/maven2/io/micronaut/micronaut-core/3.1.3/micronaut-core-3.1.3.jar
[INFO] Downloaded from central: https://repo.maven.apache.org/maven2/org/graalvm/buildtools/utils/0.9.7.1/utils-0.9.7.1.jar (16 kB at 39 kB/s)
[INFO] Downloaded from central: https://repo.maven.apache.org/maven2/org/graalvm/buildtools/native-maven-plugin/0.9.7.1/native-maven-plugin-0.9.7.1.jar (35 kB at 81 kB/s)
[INFO] Downloaded from central: https://repo.maven.apache.org/maven2/jakarta/annotation/jakarta.annotation-api/2.0.0/jakarta.annotation-api-2.0.0.jar (25 kB at 58 kB/s)
[INFO] Downloaded from central: https://repo.maven.apache.org/maven2/io/micronaut/micronaut-core/3.1.3/micronaut-core-3.1.3.jar (1.6 MB at 3.6 MB/s)
[INFO] Downloaded from central: https://repo.maven.apache.org/maven2/org/testcontainers/testcontainers/1.16.2/testcontainers-1.16.2.jar (12 MB at 25 MB/s)
Warning: KebabPizza disabling incompatible org.apache.maven.plugins:maven-enforcer-plugin from ignite-bytecode
Warning: KebabPizza disabling incompatible org.apache.rat:apache-rat-plugin from ignite-bytecode
Warning: KebabPizza disabling incompatible org.apache.maven.plugins:maven-enforcer-plugin from ignite-core
Warning: KebabPizza disabling incompatible org.apache.rat:apache-rat-plugin from ignite-core
Warning: KebabPizza disabling incompatible org.apache.maven.plugins:maven-enforcer-plugin from ignite-configuration-api
Warning: KebabPizza disabling incompatible org.apache.rat:apache-rat-plugin from ignite-configuration-api
Warning: KebabPizza disabling incompatible org.apache.maven.plugins:maven-enforcer-plugin from ignite-configuration-annotation-processor
Warning: KebabPizza disabling incompatible org.apache.rat:apache-rat-plugin from ignite-configuration-annotation-processor
Warning: KebabPizza disabling incompatible org.apache.maven.plugins:maven-enforcer-plugin from ignite-api
Warning: KebabPizza disabling incompatible org.apache.rat:apache-rat-plugin from ignite-api
Warning: KebabPizza disabling incompatible org.apache.maven.plugins:maven-enforcer-plugin from ignite-rest-api
Warning: KebabPizza disabling incompatible org.apache.rat:apache-rat-plugin from ignite-rest-api
Warning: KebabPizza disabling incompatible org.apache.maven.plugins:maven-enforcer-plugin from ignite-configuration
Warning: KebabPizza disabling incompatible org.apache.rat:apache-rat-plugin from ignite-configuration
Warning: KebabPizza disabling incompatible org.apache.maven.plugins:maven-enforcer-plugin from ignite-network-api
Warning: KebabPizza disabling incompatible org.apache.rat:apache-rat-plugin from ignite-network-api
Warning: KebabPizza disabling incompatible org.apache.maven.plugins:maven-enforcer-plugin from ignite-network-annotation-processor
Warning: KebabPizza disabling incompatible org.apache.rat:apache-rat-plugin from ignite-network-annotation-processor
Warning: KebabPizza disabling incompatible org.apache.maven.plugins:maven-enforcer-plugin from ignite-raft-client
Warning: KebabPizza disabling incompatible org.apache.rat:apache-rat-plugin from ignite-raft-client
Warning: KebabPizza disabling incompatible org.apache.maven.plugins:maven-enforcer-plugin from ignite-network
Warning: KebabPizza disabling incompatible org.apache.rat:apache-rat-plugin from ignite-network
Warning: KebabPizza disabling incompatible org.apache.maven.plugins:maven-enforcer-plugin from ignite-raft
Warning: KebabPizza disabling incompatible org.apache.rat:apache-rat-plugin from ignite-raft
Warning: KebabPizza disabling incompatible org.apache.maven.plugins:maven-enforcer-plugin from ignite-rocksdb-common
Warning: KebabPizza disabling incompatible org.apache.rat:apache-rat-plugin from ignite-rocksdb-common
Warning: KebabPizza disabling incompatible org.apache.maven.plugins:maven-enforcer-plugin from ignite-vault
Warning: KebabPizza disabling incompatible org.apache.rat:apache-rat-plugin from ignite-vault
Warning: KebabPizza disabling incompatible org.apache.maven.plugins:maven-enforcer-plugin from ignite-cluster-management
Warning: KebabPizza disabling incompatible org.apache.rat:apache-rat-plugin from ignite-cluster-management
Warning: KebabPizza disabling incompatible org.apache.maven.plugins:maven-enforcer-plugin from ignite-rest
Warning: KebabPizza disabling incompatible org.apache.rat:apache-rat-plugin from ignite-rest
Warning: KebabPizza disabling incompatible org.apache.maven.plugins:maven-enforcer-plugin from ignite-metastorage-common
Warning: KebabPizza disabling incompatible org.apache.rat:apache-rat-plugin from ignite-metastorage-common
Warning: KebabPizza disabling incompatible org.apache.maven.plugins:maven-enforcer-plugin from ignite-metastorage-server
Warning: KebabPizza disabling incompatible org.apache.rat:apache-rat-plugin from ignite-metastorage-server
Warning: KebabPizza disabling incompatible org.apache.maven.plugins:maven-enforcer-plugin from ignite-metastorage-client
Warning: KebabPizza disabling incompatible org.apache.rat:apache-rat-plugin from ignite-metastorage-client
Warning: KebabPizza disabling incompatible org.apache.maven.plugins:maven-enforcer-plugin from ignite-metastorage
Warning: KebabPizza disabling incompatible org.apache.rat:apache-rat-plugin from ignite-metastorage
Warning: KebabPizza disabling incompatible org.apache.maven.plugins:maven-enforcer-plugin from ignite-baseline
Warning: KebabPizza disabling incompatible org.apache.rat:apache-rat-plugin from ignite-baseline
Warning: KebabPizza disabling incompatible org.apache.maven.plugins:maven-enforcer-plugin from ignite-affinity
Warning: KebabPizza disabling incompatible org.apache.rat:apache-rat-plugin from ignite-affinity
Warning: KebabPizza disabling incompatible org.apache.maven.plugins:maven-enforcer-plugin from ignite-extended-api
Warning: KebabPizza disabling incompatible org.apache.rat:apache-rat-plugin from ignite-extended-api
Warning: KebabPizza disabling incompatible org.apache.maven.plugins:maven-enforcer-plugin from ignite-schema
Warning: KebabPizza disabling incompatible org.apache.rat:apache-rat-plugin from ignite-schema
Warning: KebabPizza disabling incompatible org.apache.maven.plugins:maven-enforcer-plugin from ignite-transactions
Warning: KebabPizza disabling incompatible org.apache.rat:apache-rat-plugin from ignite-transactions
Warning: KebabPizza disabling incompatible org.apache.maven.plugins:maven-enforcer-plugin from ignite-storage-api
Warning: KebabPizza disabling incompatible org.apache.rat:apache-rat-plugin from ignite-storage-api
Warning: KebabPizza disabling incompatible org.apache.maven.plugins:maven-enforcer-plugin from ignite-file-io
Warning: KebabPizza disabling incompatible org.apache.rat:apache-rat-plugin from ignite-file-io
Warning: KebabPizza disabling incompatible org.apache.maven.plugins:maven-enforcer-plugin from ignite-page-memory
Warning: KebabPizza disabling incompatible org.apache.rat:apache-rat-plugin from ignite-page-memory
Warning: KebabPizza disabling incompatible org.apache.maven.plugins:maven-enforcer-plugin from ignite-storage-page-memory
Warning: KebabPizza disabling incompatible org.apache.rat:apache-rat-plugin from ignite-storage-page-memory
Warning: KebabPizza disabling incompatible org.apache.maven.plugins:maven-enforcer-plugin from ignite-table
Warning: KebabPizza disabling incompatible org.apache.rat:apache-rat-plugin from ignite-table
Warning: KebabPizza disabling incompatible org.apache.maven.plugins:maven-enforcer-plugin from ignite-storage-rocksdb
Warning: KebabPizza disabling incompatible org.apache.rat:apache-rat-plugin from ignite-storage-rocksdb
Warning: KebabPizza disabling incompatible org.apache.maven.plugins:maven-enforcer-plugin from ignite-sql-engine
Warning: KebabPizza disabling incompatible org.apache.rat:apache-rat-plugin from ignite-sql-engine
Warning: KebabPizza disabling incompatible org.apache.maven.plugins:maven-enforcer-plugin from ignite-client-common
Warning: KebabPizza disabling incompatible org.apache.rat:apache-rat-plugin from ignite-client-common
Warning: KebabPizza disabling incompatible org.apache.maven.plugins:maven-enforcer-plugin from ignite-client-handler
Warning: KebabPizza disabling incompatible org.apache.rat:apache-rat-plugin from ignite-client-handler
Warning: KebabPizza disabling incompatible org.apache.maven.plugins:maven-enforcer-plugin from ignite-compute
Warning: KebabPizza disabling incompatible org.apache.rat:apache-rat-plugin from ignite-compute
Warning: KebabPizza disabling incompatible org.apache.maven.plugins:maven-enforcer-plugin from ignite-marshaller-common
Warning: KebabPizza disabling incompatible org.apache.rat:apache-rat-plugin from ignite-marshaller-common
Warning: KebabPizza disabling incompatible org.apache.maven.plugins:maven-enforcer-plugin from ignite-client
Warning: KebabPizza disabling incompatible org.apache.rat:apache-rat-plugin from ignite-client
Warning: KebabPizza disabling incompatible org.apache.maven.plugins:maven-enforcer-plugin from ignite-runner
Warning: KebabPizza disabling incompatible org.apache.rat:apache-rat-plugin from ignite-runner
Warning: KebabPizza disabling incompatible org.apache.maven.plugins:maven-enforcer-plugin from ignite-cli-common
Warning: KebabPizza disabling incompatible org.apache.rat:apache-rat-plugin from ignite-cli-common
Warning: KebabPizza disabling incompatible org.apache.maven.plugins:maven-enforcer-plugin from ignite-cli
Warning: KebabPizza disabling incompatible org.apache.rat:apache-rat-plugin from ignite-cli
[INFO] ------------------------------------------------------------------------
[INFO] Reactor Build Order:
[INFO] 
[INFO] ignite-bytecode                                                    [jar]
[INFO] ignite-core                                                        [jar]
[INFO] ignite-configuration-api                                           [jar]
[INFO] ignite-configuration-annotation-processor                          [jar]
[INFO] ignite-api                                                         [jar]
[INFO] ignite-rest-api                                                    [jar]
[INFO] ignite-configuration                                               [jar]
[INFO] ignite-network-api                                                 [jar]
[INFO] ignite-network-annotation-processor                                [jar]
[INFO] ignite-raft-client                                                 [jar]
[INFO] ignite-network                                                     [jar]
[INFO] ignite-raft                                                        [jar]
[INFO] ignite-rocksdb-common                                              [jar]
[INFO] ignite-vault                                                       [jar]
[INFO] ignite-cluster-management                                          [jar]
[INFO] ignite-rest                                                        [jar]
[INFO] ignite-metastorage-common                                          [jar]
[INFO] ignite-metastorage-server                                          [jar]
[INFO] ignite-metastorage-client                                          [jar]
[INFO] ignite-metastorage                                                 [jar]
[INFO] ignite-baseline                                                    [jar]
[INFO] ignite-affinity                                                    [jar]
[INFO] ignite-extended-api                                                [jar]
[INFO] ignite-schema                                                      [jar]
[INFO] ignite-transactions                                                [jar]
[INFO] ignite-storage-api                                                 [jar]
[INFO] ignite-file-io                                                     [jar]
[INFO] ignite-page-memory                                                 [jar]
[INFO] ignite-storage-page-memory                                         [jar]
[INFO] ignite-table                                                       [jar]
[INFO] ignite-storage-rocksdb                                             [jar]
[INFO] ignite-sql-engine                                                  [jar]
[INFO] ignite-client-common                                               [jar]
[INFO] ignite-client-handler                                              [jar]
[INFO] ignite-compute                                                     [jar]
[INFO] ignite-marshaller-common                                           [jar]
[INFO] ignite-client                                                      [jar]
[INFO] ignite-runner                                                      [jar]
[INFO] ignite-cli-common                                                  [jar]
[INFO] ignite-cli                                                         [jar]
[INFO] 
[INFO] -----------------< org.apache.ignite:ignite-bytecode >------------------
[INFO] Building ignite-bytecode 3.0.0-SNAPSHOT                           [1/40]
[INFO] --------------------------------[ jar ]---------------------------------
[INFO] Downloading from central: https://repo.maven.apache.org/maven2/org/codehaus/mojo/flatten-maven-plugin/1.2.2/flatten-maven-plugin-1.2.2.pom
[INFO] Downloaded from central: https://repo.maven.apache.org/maven2/org/codehaus/mojo/flatten-maven-plugin/1.2.2/flatten-maven-plugin-1.2.2.pom (9.7 kB at 263 kB/s)
[INFO] Downloading from central: https://repo.maven.apache.org/maven2/org/codehaus/mojo/flatten-maven-plugin/1.2.2/flatten-maven-plugin-1.2.2.jar
[INFO] Downloaded from central: https://repo.maven.apache.org/maven2/org/codehaus/mojo/flatten-maven-plugin/1.2.2/flatten-maven-plugin-1.2.2.jar (110 kB at 3.0 MB/s)
[INFO] Downloading from central: https://repo.maven.apache.org/maven2/org/gaul/modernizer-maven-plugin/2.3.0/modernizer-maven-plugin-2.3.0.pom
[INFO] Downloaded from central: https://repo.maven.apache.org/maven2/org/gaul/modernizer-maven-plugin/2.3.0/modernizer-maven-plugin-2.3.0.pom (5.1 kB at 123 kB/s)
[INFO] Downloading from central: https://repo.maven.apache.org/maven2/org/gaul/modernizer-maven-parent/2.3.0/modernizer-maven-parent-2.3.0.pom
[INFO] Downloaded from central: https://repo.maven.apache.org/maven2/org/gaul/modernizer-maven-parent/2.3.0/modernizer-maven-parent-2.3.0.pom (8.3 kB at 244 kB/s)
[INFO] Downloading from central: https://repo.maven.apache.org/maven2/org/gaul/modernizer-maven-plugin/2.3.0/modernizer-maven-plugin-2.3.0.jar
[INFO] Downloaded from central: https://repo.maven.apache.org/maven2/org/gaul/modernizer-maven-plugin/2.3.0/modernizer-maven-plugin-2.3.0.jar (41 kB at 1.1 MB/s)
[INFO] Downloading from apache.snapshots: https://repository.apache.org/snapshots/org/apache/maven/plugins/maven-surefire-plugin/3.0.0-M8-SNAPSHOT/maven-metadata.xml
[INFO] Downloading from apache.snapshots: https://repository.apache.org/snapshots/org/apache/maven/surefire/surefire/3.0.0-M8-SNAPSHOT/maven-metadata.xml
[INFO] Downloading from apache.snapshots: https://repository.apache.org/snapshots/org/apache/maven/plugins/maven-failsafe-plugin/3.0.0-M8-SNAPSHOT/maven-metadata.xml
[INFO] Downloading from central: https://repo.maven.apache.org/maven2/org/jetbrains/annotations/20.1.0/annotations-20.1.0.pom
[INFO] Downloaded from central: https://repo.maven.apache.org/maven2/org/jetbrains/annotations/20.1.0/annotations-20.1.0.pom (1.4 kB at 47 kB/s)
[INFO] Downloading from central: https://repo.maven.apache.org/maven2/org/jetbrains/annotations/20.1.0/annotations-20.1.0.jar
[INFO] Downloaded from central: https://repo.maven.apache.org/maven2/org/jetbrains/annotations/20.1.0/annotations-20.1.0.jar (26 kB at 794 kB/s)
[INFO] 
[INFO] --- maven-clean-plugin:3.1.0:clean (default-clean) @ ignite-bytecode ---
[INFO] 
[INFO] --- flatten-maven-plugin:1.2.2:clean (flatten.clean.before) @ ignite-bytecode ---
[INFO] 
[INFO] --- build-helper-maven-plugin:3.2.0:add-test-source (add-test-source) @ ignite-bytecode ---
[INFO] Test Source directory: /home/srafi/after-cam-ready/compare_/compile_repair_output/work/a18505f443aa/modules/bytecode/src/integrationTest/java added.
[INFO] 
[INFO] --- build-helper-maven-plugin:3.2.0:add-test-resource (add-test-resource) @ ignite-bytecode ---
[INFO] 
[INFO] --- maven-remote-resources-plugin:1.7.0:process (process-resource-bundles) @ ignite-bytecode ---
[INFO] Preparing remote bundle org.apache:apache-jar-resource-bundle:1.4
[INFO] Copying 3 resources from 1 bundle.
[INFO] 
[INFO] --- maven-resources-plugin:3.2.0:resources (default-resources) @ ignite-bytecode ---
[INFO] Using 'UTF-8' encoding to copy filtered resources.
[INFO] Using 'UTF-8' encoding to copy filtered properties files.
[INFO] skip non existing resourceDirectory /home/srafi/after-cam-ready/compare_/compile_repair_output/work/a18505f443aa/modules/bytecode/src/main/resources
[INFO] Copying 3 resources
[INFO] 
[INFO] --- flatten-maven-plugin:1.2.2:flatten (flatten) @ ignite-bytecode ---
[INFO] Generating flattened POM of project org.apache.ignite:ignite-bytecode:jar:3.0.0-SNAPSHOT...
[INFO] 
[INFO] --- maven-compiler-plugin:3.8.1:compile (default-compile) @ ignite-bytecode ---
[INFO] Changes detected - recompiling the module!
[INFO] Compiling 68 source files to /home/srafi/after-cam-ready/compare_/compile_repair_output/work/a18505f443aa/modules/bytecode/target/classes
[INFO] ------------------------------------------------------------------------
[INFO] Reactor Summary for ignite-bytecode 3.0.0-SNAPSHOT:
[INFO] 
[INFO] ignite-bytecode .................................... FAILURE [  1.931 s]
[INFO] ignite-core ........................................ SKIPPED
[INFO] ignite-configuration-api ........................... SKIPPED
[INFO] ignite-configuration-annotation-processor .......... SKIPPED
[INFO] ignite-api ......................................... SKIPPED
[INFO] ignite-rest-api .................................... SKIPPED
[INFO] ignite-configuration ............................... SKIPPED
[INFO] ignite-network-api ................................. SKIPPED
[INFO] ignite-network-annotation-processor ................ SKIPPED
[INFO] ignite-raft-client ................................. SKIPPED
[INFO] ignite-network ..................................... SKIPPED
[INFO] ignite-raft ........................................ SKIPPED
[INFO] ignite-rocksdb-common .............................. SKIPPED
[INFO] ignite-vault ....................................... SKIPPED
[INFO] ignite-cluster-management .......................... SKIPPED
[INFO] ignite-rest ........................................ SKIPPED
[INFO] ignite-metastorage-common .......................... SKIPPED
[INFO] ignite-metastorage-server .......................... SKIPPED
[INFO] ignite-metastorage-client .......................... SKIPPED
[INFO] ignite-metastorage ................................. SKIPPED
[INFO] ignite-baseline .................................... SKIPPED
[INFO] ignite-affinity .................................... SKIPPED
[INFO] ignite-extended-api ................................ SKIPPED
[INFO] ignite-schema ...................................... SKIPPED
[INFO] ignite-transactions ................................ SKIPPED
[INFO] ignite-storage-api ................................. SKIPPED
[INFO] ignite-file-io ..................................... SKIPPED
[INFO] ignite-page-memory ................................. SKIPPED
[INFO] ignite-storage-page-memory ......................... SKIPPED
[INFO] ignite-table ....................................... SKIPPED
[INFO] ignite-storage-rocksdb ............................. SKIPPED
[INFO] ignite-sql-engine .................................. SKIPPED
[INFO] ignite-client-common ............................... SKIPPED
[INFO] ignite-client-handler .............................. SKIPPED
[INFO] ignite-compute ..................................... SKIPPED
[INFO] ignite-marshaller-common ........................... SKIPPED
[INFO] ignite-client ...................................... SKIPPED
[INFO] ignite-runner ...................................... SKIPPED
[INFO] ignite-cli-common .................................. SKIPPED
[INFO] ignite-cli ......................................... SKIPPED
[INFO] ------------------------------------------------------------------------
[INFO] BUILD FAILURE
[INFO] ------------------------------------------------------------------------
[INFO] Total time:  5.553 s
[INFO] Finished at: 2026-08-15T15:17:10-04:00
[INFO] ------------------------------------------------------------------------
[ERROR] Failed to execute goal org.apache.maven.plugins:maven-compiler-plugin:3.8.1:compile (default-compile) on project ignite-bytecode: Fatal error compiling: invalid target release: 11 -> [Help 1]
[ERROR] 
[ERROR] To see the full stack trace of the errors, re-run Maven with the -e switch.
[ERROR] Re-run Maven using the -X switch to enable full debug logging.
[ERROR] 
[ERROR] For more information about the errors and possible solutions, please read the following articles:
[ERROR] [Help 1] http://cwiki.apache.org/confluence/display/MAVEN/MojoExecutionException
