JAVA_HOME=/usr/lib/jvm/java-8-openjdk-amd64
COMMAND=mvn -B clean install -DskipTests -U -pl wdtk-dumpfiles -am -Ddependency-check.skip=true -Dgpg.skip=true -DfailIfNoTests=false -Dskip.installnodenpm=true -Dskip.npm=true -Dskip.yarn=true -Dlicense.skip=true -Dcheckstyle.skip=true -Drat.skip=true -Denforcer.skip=true -Danimal.sniffer.skip=true -Dmaven.javadoc.skip=true -Dfindbugs.skip=true -Dspotbugs.skip=true -Dwarbucks.skip=true -Dmodernizer.skip=true -Dimpsort.skip=true -Dmdep.analyze.skip=true -Dpgpverify.skip=true -Dxml.skip=true -Dcobertura.skip=true

[INFO] Scanning for projects...
Warning: KebabPizza disabling incompatible org.codehaus.mojo:license-maven-plugin from wdtk-parent
Warning: KebabPizza disabling incompatible org.codehaus.mojo:cobertura-maven-plugin from wdtk-parent
Warning: KebabPizza disabling incompatible org.codehaus.mojo:license-maven-plugin from wdtk-util
Warning: KebabPizza disabling incompatible org.codehaus.mojo:cobertura-maven-plugin from wdtk-util
Warning: KebabPizza disabling incompatible org.codehaus.mojo:license-maven-plugin from wdtk-testing
Warning: KebabPizza disabling incompatible org.codehaus.mojo:cobertura-maven-plugin from wdtk-testing
Warning: KebabPizza disabling incompatible org.codehaus.mojo:license-maven-plugin from wdtk-datamodel
Warning: KebabPizza disabling incompatible org.codehaus.mojo:cobertura-maven-plugin from wdtk-datamodel
Warning: KebabPizza disabling incompatible org.codehaus.mojo:license-maven-plugin from wdtk-storage
Warning: KebabPizza disabling incompatible org.codehaus.mojo:cobertura-maven-plugin from wdtk-storage
Warning: KebabPizza disabling incompatible org.codehaus.mojo:license-maven-plugin from wdtk-dumpfiles
Warning: KebabPizza disabling incompatible org.codehaus.mojo:cobertura-maven-plugin from wdtk-dumpfiles
[INFO] ------------------------------------------------------------------------
[INFO] Reactor Build Order:
[INFO] 
[INFO] Wikidata Toolkit                                                   [pom]
[INFO] Wikidata Toolkit Utilities                                         [jar]
[INFO] Wikidata Toolkit Testing Utilities                                 [jar]
[INFO] Wikidata Toolkit Data Model                                        [jar]
[INFO] Wikidata Toolkit Storage                                           [jar]
[INFO] Wikidata Toolkit Dump File Handling                                [jar]
[INFO] 
[INFO] -------------------< org.wikidata.wdtk:wdtk-parent >--------------------
[INFO] Building Wikidata Toolkit 0.9.0                                    [1/6]
[INFO] --------------------------------[ pom ]---------------------------------
[INFO] 
[INFO] --- maven-clean-plugin:2.5:clean (default-clean) @ wdtk-parent ---
[INFO] 
[INFO] --- maven-install-plugin:2.4:install (default-install) @ wdtk-parent ---
[INFO] Installing /home/srafi/after-cam-ready/compare_/compile_repair_output/work/8dd27fc76f20/pom.xml to /home/srafi/.m2/repository/org/wikidata/wdtk/wdtk-parent/0.9.0/wdtk-parent-0.9.0.pom
[INFO] 
[INFO] --------------------< org.wikidata.wdtk:wdtk-util >---------------------
[INFO] Building Wikidata Toolkit Utilities 0.9.0                          [2/6]
[INFO] --------------------------------[ jar ]---------------------------------
[INFO] 
[INFO] --- maven-clean-plugin:2.5:clean (default-clean) @ wdtk-util ---
[INFO] 
[INFO] --- maven-resources-plugin:2.6:resources (default-resources) @ wdtk-util ---
[INFO] Using 'UTF-8' encoding to copy filtered resources.
[INFO] skip non existing resourceDirectory /home/srafi/after-cam-ready/compare_/compile_repair_output/work/8dd27fc76f20/wdtk-util/src/main/resources
[INFO] 
[INFO] --- maven-compiler-plugin:3.1:compile (default-compile) @ wdtk-util ---
[INFO] Changes detected - recompiling the module!
[INFO] Compiling 9 source files to /home/srafi/after-cam-ready/compare_/compile_repair_output/work/8dd27fc76f20/wdtk-util/target/classes
[INFO] 
[INFO] --- maven-resources-plugin:2.6:testResources (default-testResources) @ wdtk-util ---
[INFO] Using 'UTF-8' encoding to copy filtered resources.
[INFO] skip non existing resourceDirectory /home/srafi/after-cam-ready/compare_/compile_repair_output/work/8dd27fc76f20/wdtk-util/src/test/resources
[INFO] 
[INFO] --- maven-compiler-plugin:3.1:testCompile (default-testCompile) @ wdtk-util ---
[INFO] Changes detected - recompiling the module!
[INFO] Compiling 5 source files to /home/srafi/after-cam-ready/compare_/compile_repair_output/work/8dd27fc76f20/wdtk-util/target/test-classes
[INFO] 
[INFO] --- maven-surefire-plugin:3.0.0-M8-SNAPSHOT:test (default-test) @ wdtk-util ---
[INFO] Downloading from apache.snapshots: https://repository.apache.org/snapshots/org/apache/maven/surefire/maven-surefire-common/3.0.0-M8-SNAPSHOT/maven-metadata.xml
[INFO] Downloading from apache.snapshots: https://repository.apache.org/snapshots/org/apache/maven/surefire/surefire-api/3.0.0-M8-SNAPSHOT/maven-metadata.xml
[INFO] Downloading from apache.snapshots: https://repository.apache.org/snapshots/org/apache/maven/surefire/surefire-logger-api/3.0.0-M8-SNAPSHOT/maven-metadata.xml
[INFO] Downloading from apache.snapshots: https://repository.apache.org/snapshots/org/apache/maven/surefire/surefire-shared-utils/3.0.0-M8-SNAPSHOT/maven-metadata.xml
[INFO] Downloading from apache.snapshots: https://repository.apache.org/snapshots/org/apache/maven/surefire/surefire-extensions-api/3.0.0-M8-SNAPSHOT/maven-metadata.xml
[INFO] Downloading from apache.snapshots: https://repository.apache.org/snapshots/org/apache/maven/surefire/surefire-booter/3.0.0-M8-SNAPSHOT/maven-metadata.xml
[INFO] Downloading from apache.snapshots: https://repository.apache.org/snapshots/org/apache/maven/surefire/surefire-extensions-spi/3.0.0-M8-SNAPSHOT/maven-metadata.xml
[INFO] Tests are skipped.
[INFO] 
[INFO] --- maven-jar-plugin:2.4:jar (default-jar) @ wdtk-util ---
[INFO] Building jar: /home/srafi/after-cam-ready/compare_/compile_repair_output/work/8dd27fc76f20/wdtk-util/target/wdtk-util-0.9.0.jar
[INFO] 
[INFO] --- maven-install-plugin:2.4:install (default-install) @ wdtk-util ---
[INFO] Installing /home/srafi/after-cam-ready/compare_/compile_repair_output/work/8dd27fc76f20/wdtk-util/target/wdtk-util-0.9.0.jar to /home/srafi/.m2/repository/org/wikidata/wdtk/wdtk-util/0.9.0/wdtk-util-0.9.0.jar
[INFO] Installing /home/srafi/after-cam-ready/compare_/compile_repair_output/work/8dd27fc76f20/wdtk-util/pom.xml to /home/srafi/.m2/repository/org/wikidata/wdtk/wdtk-util/0.9.0/wdtk-util-0.9.0.pom
[INFO] 
[INFO] -------------------< org.wikidata.wdtk:wdtk-testing >-------------------
[INFO] Building Wikidata Toolkit Testing Utilities 0.9.0                  [3/6]
[INFO] --------------------------------[ jar ]---------------------------------
[INFO] 
[INFO] --- maven-clean-plugin:2.5:clean (default-clean) @ wdtk-testing ---
[INFO] 
[INFO] --- maven-resources-plugin:2.6:resources (default-resources) @ wdtk-testing ---
[INFO] Using 'UTF-8' encoding to copy filtered resources.
[INFO] skip non existing resourceDirectory /home/srafi/after-cam-ready/compare_/compile_repair_output/work/8dd27fc76f20/wdtk-testing/src/main/resources
[INFO] 
[INFO] --- maven-compiler-plugin:3.1:compile (default-compile) @ wdtk-testing ---
[INFO] Changes detected - recompiling the module!
[INFO] Compiling 5 source files to /home/srafi/after-cam-ready/compare_/compile_repair_output/work/8dd27fc76f20/wdtk-testing/target/classes
[INFO] 
[INFO] --- maven-resources-plugin:2.6:testResources (default-testResources) @ wdtk-testing ---
[INFO] Using 'UTF-8' encoding to copy filtered resources.
[INFO] Copying 1 resource
[INFO] 
[INFO] --- maven-compiler-plugin:3.1:testCompile (default-testCompile) @ wdtk-testing ---
[INFO] Changes detected - recompiling the module!
[INFO] Compiling 2 source files to /home/srafi/after-cam-ready/compare_/compile_repair_output/work/8dd27fc76f20/wdtk-testing/target/test-classes
[INFO] 
[INFO] --- maven-surefire-plugin:3.0.0-M8-SNAPSHOT:test (default-test) @ wdtk-testing ---
[INFO] Tests are skipped.
[INFO] 
[INFO] --- maven-jar-plugin:2.4:jar (default-jar) @ wdtk-testing ---
[INFO] Building jar: /home/srafi/after-cam-ready/compare_/compile_repair_output/work/8dd27fc76f20/wdtk-testing/target/wdtk-testing-0.9.0.jar
[INFO] 
[INFO] --- maven-install-plugin:2.4:install (default-install) @ wdtk-testing ---
[INFO] Installing /home/srafi/after-cam-ready/compare_/compile_repair_output/work/8dd27fc76f20/wdtk-testing/target/wdtk-testing-0.9.0.jar to /home/srafi/.m2/repository/org/wikidata/wdtk/wdtk-testing/0.9.0/wdtk-testing-0.9.0.jar
[INFO] Installing /home/srafi/after-cam-ready/compare_/compile_repair_output/work/8dd27fc76f20/wdtk-testing/pom.xml to /home/srafi/.m2/repository/org/wikidata/wdtk/wdtk-testing/0.9.0/wdtk-testing-0.9.0.pom
[INFO] 
[INFO] ------------------< org.wikidata.wdtk:wdtk-datamodel >------------------
[INFO] Building Wikidata Toolkit Data Model 0.9.0                         [4/6]
[INFO] --------------------------------[ jar ]---------------------------------
[INFO] 
[INFO] --- maven-clean-plugin:2.5:clean (default-clean) @ wdtk-datamodel ---
[INFO] 
[INFO] --- maven-resources-plugin:2.6:resources (default-resources) @ wdtk-datamodel ---
[INFO] Using 'UTF-8' encoding to copy filtered resources.
[INFO] skip non existing resourceDirectory /home/srafi/after-cam-ready/compare_/compile_repair_output/work/8dd27fc76f20/wdtk-datamodel/src/main/resources
[INFO] 
[INFO] --- maven-compiler-plugin:3.1:compile (default-compile) @ wdtk-datamodel ---
[INFO] Changes detected - recompiling the module!
[INFO] Compiling 98 source files to /home/srafi/after-cam-ready/compare_/compile_repair_output/work/8dd27fc76f20/wdtk-datamodel/target/classes
[WARNING] /home/srafi/after-cam-ready/compare_/compile_repair_output/work/8dd27fc76f20/wdtk-datamodel/src/main/java/org/wikidata/wdtk/datamodel/interfaces/ValueSnak.java: Some input files use or override a deprecated API.
[WARNING] /home/srafi/after-cam-ready/compare_/compile_repair_output/work/8dd27fc76f20/wdtk-datamodel/src/main/java/org/wikidata/wdtk/datamodel/interfaces/ValueSnak.java: Recompile with -Xlint:deprecation for details.
[INFO] 
[INFO] --- maven-resources-plugin:2.6:testResources (default-testResources) @ wdtk-datamodel ---
[INFO] Using 'UTF-8' encoding to copy filtered resources.
[INFO] skip non existing resourceDirectory /home/srafi/after-cam-ready/compare_/compile_repair_output/work/8dd27fc76f20/wdtk-datamodel/src/test/resources
[INFO] 
[INFO] --- maven-compiler-plugin:3.1:testCompile (default-testCompile) @ wdtk-datamodel ---
[INFO] Changes detected - recompiling the module!
[INFO] Compiling 44 source files to /home/srafi/after-cam-ready/compare_/compile_repair_output/work/8dd27fc76f20/wdtk-datamodel/target/test-classes
[WARNING] /home/srafi/after-cam-ready/compare_/compile_repair_output/work/8dd27fc76f20/wdtk-datamodel/src/test/java/org/wikidata/wdtk/datamodel/implementation/SnakImplTest.java: Some input files use or override a deprecated API.
[WARNING] /home/srafi/after-cam-ready/compare_/compile_repair_output/work/8dd27fc76f20/wdtk-datamodel/src/test/java/org/wikidata/wdtk/datamodel/implementation/SnakImplTest.java: Recompile with -Xlint:deprecation for details.
[INFO] 
[INFO] --- maven-surefire-plugin:3.0.0-M8-SNAPSHOT:test (default-test) @ wdtk-datamodel ---
[INFO] Tests are skipped.
[INFO] 
[INFO] --- maven-jar-plugin:2.4:jar (default-jar) @ wdtk-datamodel ---
[INFO] Building jar: /home/srafi/after-cam-ready/compare_/compile_repair_output/work/8dd27fc76f20/wdtk-datamodel/target/wdtk-datamodel-0.9.0.jar
[INFO] 
[INFO] --- maven-install-plugin:2.4:install (default-install) @ wdtk-datamodel ---
[INFO] Installing /home/srafi/after-cam-ready/compare_/compile_repair_output/work/8dd27fc76f20/wdtk-datamodel/target/wdtk-datamodel-0.9.0.jar to /home/srafi/.m2/repository/org/wikidata/wdtk/wdtk-datamodel/0.9.0/wdtk-datamodel-0.9.0.jar
[INFO] Installing /home/srafi/after-cam-ready/compare_/compile_repair_output/work/8dd27fc76f20/wdtk-datamodel/pom.xml to /home/srafi/.m2/repository/org/wikidata/wdtk/wdtk-datamodel/0.9.0/wdtk-datamodel-0.9.0.pom
[INFO] 
[INFO] -------------------< org.wikidata.wdtk:wdtk-storage >-------------------
[INFO] Building Wikidata Toolkit Storage 0.9.0                            [5/6]
[INFO] --------------------------------[ jar ]---------------------------------
[INFO] 
[INFO] --- maven-clean-plugin:2.5:clean (default-clean) @ wdtk-storage ---
[INFO] 
[INFO] --- maven-resources-plugin:2.6:resources (default-resources) @ wdtk-storage ---
[INFO] Using 'UTF-8' encoding to copy filtered resources.
[INFO] skip non existing resourceDirectory /home/srafi/after-cam-ready/compare_/compile_repair_output/work/8dd27fc76f20/wdtk-storage/src/main/resources
[INFO] 
[INFO] --- maven-compiler-plugin:3.1:compile (default-compile) @ wdtk-storage ---
[INFO] Changes detected - recompiling the module!
[INFO] Compiling 8 source files to /home/srafi/after-cam-ready/compare_/compile_repair_output/work/8dd27fc76f20/wdtk-storage/target/classes
[INFO] 
[INFO] --- maven-resources-plugin:2.6:testResources (default-testResources) @ wdtk-storage ---
[INFO] Using 'UTF-8' encoding to copy filtered resources.
[INFO] skip non existing resourceDirectory /home/srafi/after-cam-ready/compare_/compile_repair_output/work/8dd27fc76f20/wdtk-storage/src/test/resources
[INFO] 
[INFO] --- maven-compiler-plugin:3.1:testCompile (default-testCompile) @ wdtk-storage ---
[INFO] Changes detected - recompiling the module!
[INFO] Compiling 4 source files to /home/srafi/after-cam-ready/compare_/compile_repair_output/work/8dd27fc76f20/wdtk-storage/target/test-classes
[INFO] 
[INFO] --- maven-surefire-plugin:3.0.0-M8-SNAPSHOT:test (default-test) @ wdtk-storage ---
[INFO] Tests are skipped.
[INFO] 
[INFO] --- maven-jar-plugin:2.4:jar (default-jar) @ wdtk-storage ---
[INFO] Building jar: /home/srafi/after-cam-ready/compare_/compile_repair_output/work/8dd27fc76f20/wdtk-storage/target/wdtk-storage-0.9.0.jar
[INFO] 
[INFO] --- maven-install-plugin:2.4:install (default-install) @ wdtk-storage ---
[INFO] Installing /home/srafi/after-cam-ready/compare_/compile_repair_output/work/8dd27fc76f20/wdtk-storage/target/wdtk-storage-0.9.0.jar to /home/srafi/.m2/repository/org/wikidata/wdtk/wdtk-storage/0.9.0/wdtk-storage-0.9.0.jar
[INFO] Installing /home/srafi/after-cam-ready/compare_/compile_repair_output/work/8dd27fc76f20/wdtk-storage/pom.xml to /home/srafi/.m2/repository/org/wikidata/wdtk/wdtk-storage/0.9.0/wdtk-storage-0.9.0.pom
[INFO] 
[INFO] ------------------< org.wikidata.wdtk:wdtk-dumpfiles >------------------
[INFO] Building Wikidata Toolkit Dump File Handling 0.9.0                 [6/6]
[INFO] --------------------------------[ jar ]---------------------------------
[INFO] 
[INFO] --- maven-clean-plugin:2.5:clean (default-clean) @ wdtk-dumpfiles ---
[INFO] 
[INFO] --- maven-resources-plugin:2.6:resources (default-resources) @ wdtk-dumpfiles ---
[INFO] Using 'UTF-8' encoding to copy filtered resources.
[INFO] skip non existing resourceDirectory /home/srafi/after-cam-ready/compare_/compile_repair_output/work/8dd27fc76f20/wdtk-dumpfiles/src/main/resources
[INFO] 
[INFO] --- maven-compiler-plugin:3.1:compile (default-compile) @ wdtk-dumpfiles ---
[INFO] Changes detected - recompiling the module!
[INFO] Compiling 24 source files to /home/srafi/after-cam-ready/compare_/compile_repair_output/work/8dd27fc76f20/wdtk-dumpfiles/target/classes
[INFO] 
[INFO] --- maven-resources-plugin:2.6:testResources (default-testResources) @ wdtk-dumpfiles ---
[INFO] Using 'UTF-8' encoding to copy filtered resources.
[INFO] Copying 17 resources
[INFO] 
[INFO] --- maven-compiler-plugin:3.1:testCompile (default-testCompile) @ wdtk-dumpfiles ---
[INFO] Changes detected - recompiling the module!
[INFO] Compiling 9 source files to /home/srafi/after-cam-ready/compare_/compile_repair_output/work/8dd27fc76f20/wdtk-dumpfiles/target/test-classes
[INFO] 
[INFO] --- maven-surefire-plugin:3.0.0-M8-SNAPSHOT:test (default-test) @ wdtk-dumpfiles ---
[INFO] Tests are skipped.
[INFO] 
[INFO] --- maven-jar-plugin:2.4:jar (default-jar) @ wdtk-dumpfiles ---
[INFO] Building jar: /home/srafi/after-cam-ready/compare_/compile_repair_output/work/8dd27fc76f20/wdtk-dumpfiles/target/wdtk-dumpfiles-0.9.0.jar
[INFO] 
[INFO] --- maven-install-plugin:2.4:install (default-install) @ wdtk-dumpfiles ---
[INFO] Installing /home/srafi/after-cam-ready/compare_/compile_repair_output/work/8dd27fc76f20/wdtk-dumpfiles/target/wdtk-dumpfiles-0.9.0.jar to /home/srafi/.m2/repository/org/wikidata/wdtk/wdtk-dumpfiles/0.9.0/wdtk-dumpfiles-0.9.0.jar
[INFO] Installing /home/srafi/after-cam-ready/compare_/compile_repair_output/work/8dd27fc76f20/wdtk-dumpfiles/pom.xml to /home/srafi/.m2/repository/org/wikidata/wdtk/wdtk-dumpfiles/0.9.0/wdtk-dumpfiles-0.9.0.pom
[INFO] ------------------------------------------------------------------------
[INFO] Reactor Summary for Wikidata Toolkit 0.9.0:
[INFO] 
[INFO] Wikidata Toolkit ................................... SUCCESS [  0.133 s]
[INFO] Wikidata Toolkit Utilities ......................... SUCCESS [  3.537 s]
[INFO] Wikidata Toolkit Testing Utilities ................. SUCCESS [  0.103 s]
[INFO] Wikidata Toolkit Data Model ........................ SUCCESS [  0.947 s]
[INFO] Wikidata Toolkit Storage ........................... SUCCESS [  0.083 s]
[INFO] Wikidata Toolkit Dump File Handling ................ SUCCESS [  0.159 s]
[INFO] ------------------------------------------------------------------------
[INFO] BUILD SUCCESS
[INFO] ------------------------------------------------------------------------
[INFO] Total time:  5.062 s
[INFO] Finished at: 2026-08-15T17:08:53-04:00
[INFO] ------------------------------------------------------------------------
