JAVA_HOME=/usr/lib/jvm/java-8-openjdk-amd64
COMMAND=mvn -B clean install -DskipTests -U -pl ratis-server -am -Ddependency-check.skip=true -Dgpg.skip=true -DfailIfNoTests=false -Dskip.installnodenpm=true -Dskip.npm=true -Dskip.yarn=true -Dlicense.skip=true -Dcheckstyle.skip=true -Drat.skip=true -Denforcer.skip=true -Danimal.sniffer.skip=true -Dmaven.javadoc.skip=true -Dfindbugs.skip=true -Dspotbugs.skip=true -Dwarbucks.skip=true -Dmodernizer.skip=true -Dimpsort.skip=true -Dmdep.analyze.skip=true -Dpgpverify.skip=true -Dxml.skip=true -Dcobertura.skip=true

[INFO] Scanning for projects...
Warning: KebabPizza disabling incompatible org.apache.maven.plugins:maven-enforcer-plugin from ratis
Warning: KebabPizza disabling incompatible org.apache.maven.plugins:maven-enforcer-plugin from ratis-proto
Warning: KebabPizza disabling incompatible org.apache.maven.plugins:maven-enforcer-plugin from ratis-common
Warning: KebabPizza disabling incompatible org.apache.maven.plugins:maven-enforcer-plugin from ratis-client
Warning: KebabPizza disabling incompatible org.apache.maven.plugins:maven-enforcer-plugin from ratis-metrics
Warning: KebabPizza disabling incompatible org.apache.maven.plugins:maven-enforcer-plugin from ratis-server
[INFO] ------------------------------------------------------------------------
[INFO] Detecting the operating system and CPU architecture
[INFO] ------------------------------------------------------------------------
[INFO] os.detected.name: linux
[INFO] os.detected.arch: x86_64
[INFO] os.detected.version: 6.8
[INFO] os.detected.version.major: 6
[INFO] os.detected.version.minor: 8
[INFO] os.detected.release: ubuntu
[INFO] os.detected.release.version: 22.04
[INFO] os.detected.release.like.ubuntu: true
[INFO] os.detected.release.like.debian: true
[INFO] os.detected.classifier: linux-x86_64
[INFO] ------------------------------------------------------------------------
[INFO] Reactor Build Order:
[INFO] 
[INFO] Apache Ratis                                                       [pom]
[INFO] Apache Ratis Protocols                                             [jar]
[INFO] Apache Ratis Common                                                [jar]
[INFO] Apache Ratis Client                                                [jar]
[INFO] Apache Ratis Metrics                                               [jar]
[INFO] Apache Ratis Server                                                [jar]
[INFO] 
[INFO] -----------------------< org.apache.ratis:ratis >-----------------------
[INFO] Building Apache Ratis 1.1.0-SNAPSHOT                               [1/6]
[INFO] --------------------------------[ pom ]---------------------------------
[INFO] 
[INFO] --- maven-clean-plugin:3.0.0:clean (default-clean) @ ratis ---
[INFO] 
[INFO] --- maven-remote-resources-plugin:1.6.0:process (process-resource-bundles) @ ratis ---
[INFO] Preparing remote bundle org.apache:apache-jar-resource-bundle:1.4
[INFO] Copying 3 resources from 1 bundle.
[INFO] 
[INFO] --- buildnumber-maven-plugin:1.4:create-metadata (default) @ ratis ---
[INFO] Executing: /bin/sh -c cd '/home/srafi/after-cam-ready/compare_/compile_repair_output/work/de6ead81295f' && 'git' 'rev-parse' '--verify' 'HEAD'
[INFO] Working directory: /home/srafi/after-cam-ready/compare_/compile_repair_output/work/de6ead81295f
[INFO] 
[INFO] --- maven-site-plugin:3.5:attach-descriptor (attach-descriptor) @ ratis ---
[INFO] 
[INFO] --- maven-install-plugin:3.0.0-M1:install (default-install) @ ratis ---
[INFO] Installing /home/srafi/after-cam-ready/compare_/compile_repair_output/work/de6ead81295f/pom.xml to /home/srafi/.m2/repository/org/apache/ratis/ratis/1.1.0-SNAPSHOT/ratis-1.1.0-SNAPSHOT.pom
[INFO] 
[INFO] --------------------< org.apache.ratis:ratis-proto >--------------------
[INFO] Building Apache Ratis Protocols 1.1.0-SNAPSHOT                     [2/6]
[INFO] --------------------------------[ jar ]---------------------------------
[INFO] Downloading from apache.snapshots: https://repository.apache.org/snapshots/org/apache/maven/plugins/maven-surefire-plugin/3.0.0-M8-SNAPSHOT/maven-metadata.xml
[INFO] Downloading from apache.snapshots: https://repository.apache.org/snapshots/org/apache/maven/surefire/surefire/3.0.0-M8-SNAPSHOT/maven-metadata.xml
[INFO] Downloading from apache.snapshots.https: https://repository.apache.org/content/repositories/snapshots/org/apache/ratis/ratis-thirdparty-misc/0.6.0-SNAPSHOT/maven-metadata.xml
[INFO] Downloading from apache.snapshots: https://repository.apache.org/snapshots/org/apache/ratis/ratis-thirdparty-misc/0.6.0-SNAPSHOT/maven-metadata.xml
[INFO] Downloading from apache.snapshots.https: https://repository.apache.org/content/repositories/snapshots/org/apache/ratis/ratis-thirdparty-misc/0.6.0-SNAPSHOT/ratis-thirdparty-misc-0.6.0-SNAPSHOT.pom
[INFO] Downloading from apache.snapshots: https://repository.apache.org/snapshots/org/apache/ratis/ratis-thirdparty-misc/0.6.0-SNAPSHOT/ratis-thirdparty-misc-0.6.0-SNAPSHOT.pom
[WARNING] The POM for org.apache.ratis:ratis-thirdparty-misc:jar:0.6.0-SNAPSHOT is missing, no dependency information available
[INFO] Downloading from apache.snapshots.https: https://repository.apache.org/content/repositories/snapshots/org/apache/ratis/ratis-thirdparty-misc/0.6.0-SNAPSHOT/ratis-thirdparty-misc-0.6.0-SNAPSHOT.jar
[INFO] Downloading from apache.snapshots: https://repository.apache.org/snapshots/org/apache/ratis/ratis-thirdparty-misc/0.6.0-SNAPSHOT/ratis-thirdparty-misc-0.6.0-SNAPSHOT.jar
[INFO] ------------------------------------------------------------------------
[INFO] Reactor Summary for Apache Ratis 1.1.0-SNAPSHOT:
[INFO] 
[INFO] Apache Ratis ....................................... SUCCESS [  0.700 s]
[INFO] Apache Ratis Protocols ............................. FAILURE [  2.791 s]
[INFO] Apache Ratis Common ................................ SKIPPED
[INFO] Apache Ratis Client ................................ SKIPPED
[INFO] Apache Ratis Metrics ............................... SKIPPED
[INFO] Apache Ratis Server ................................ SKIPPED
[INFO] ------------------------------------------------------------------------
[INFO] BUILD FAILURE
[INFO] ------------------------------------------------------------------------
[INFO] Total time:  3.938 s
[INFO] Finished at: 2026-08-15T15:19:51-04:00
[INFO] ------------------------------------------------------------------------
[ERROR] Failed to execute goal on project ratis-proto: Could not resolve dependencies for project org.apache.ratis:ratis-proto:jar:1.1.0-SNAPSHOT: Could not find artifact org.apache.ratis:ratis-thirdparty-misc:jar:0.6.0-SNAPSHOT in apache.snapshots.https (https://repository.apache.org/content/repositories/snapshots) -> [Help 1]
[ERROR] 
[ERROR] To see the full stack trace of the errors, re-run Maven with the -e switch.
[ERROR] Re-run Maven using the -X switch to enable full debug logging.
[ERROR] 
[ERROR] For more information about the errors and possible solutions, please read the following articles:
[ERROR] [Help 1] http://cwiki.apache.org/confluence/display/MAVEN/DependencyResolutionException
[ERROR] 
[ERROR] After correcting the problems, you can resume the build with the command
[ERROR]   mvn <args> -rf :ratis-proto
