JAVA_HOME=/usr/lib/jvm/java-8-openjdk-amd64
COMMAND=bash /home/srafi/after-cam-ready/compare_/compile_repair_output/work/17bb98b473db/mvnw -B clean install -DskipTests -U -pl modules/openapi-generator -am -Ddependency-check.skip=true -Dgpg.skip=true -DfailIfNoTests=false -Dskip.installnodenpm=true -Dskip.npm=true -Dskip.yarn=true -Dlicense.skip=true -Dcheckstyle.skip=true -Drat.skip=true -Denforcer.skip=true -Danimal.sniffer.skip=true -Dmaven.javadoc.skip=true -Dfindbugs.skip=true -Dspotbugs.skip=true -Dwarbucks.skip=true -Dmodernizer.skip=true -Dimpsort.skip=true -Dmdep.analyze.skip=true -Dpgpverify.skip=true -Dxml.skip=true -Dcobertura.skip=true

[INFO] Scanning for projects...
[INFO] Downloading from central: https://repo.maven.apache.org/maven2/org/jvnet/wagon-svn/wagon-svn/1.8/wagon-svn-1.8.pom
[INFO] Downloaded from central: https://repo.maven.apache.org/maven2/org/jvnet/wagon-svn/wagon-svn/1.8/wagon-svn-1.8.pom (2.5 kB at 11 kB/s)
[INFO] Downloading from central: https://repo.maven.apache.org/maven2/org/jvnet/wagon-svn/wagon-svn/1.8/wagon-svn-1.8.jar
[INFO] Downloaded from central: https://repo.maven.apache.org/maven2/org/jvnet/wagon-svn/wagon-svn/1.8/wagon-svn-1.8.jar (20 kB at 578 kB/s)
[INFO] Downloading from central: https://repo.maven.apache.org/maven2/org/apache/maven/wagon/wagon-ssh-external/1.0-alpha-6/wagon-ssh-external-1.0-alpha-6.pom
[INFO] Downloaded from central: https://repo.maven.apache.org/maven2/org/apache/maven/wagon/wagon-ssh-external/1.0-alpha-6/wagon-ssh-external-1.0-alpha-6.pom (961 B at 29 kB/s)
[INFO] Downloading from central: https://repo.maven.apache.org/maven2/org/apache/maven/wagon/wagon-providers/1.0-alpha-6/wagon-providers-1.0-alpha-6.pom
[INFO] Downloaded from central: https://repo.maven.apache.org/maven2/org/apache/maven/wagon/wagon-providers/1.0-alpha-6/wagon-providers-1.0-alpha-6.pom (1.2 kB at 40 kB/s)
[INFO] Downloading from central: https://repo.maven.apache.org/maven2/org/apache/maven/wagon/wagon-ssh-external/1.0-alpha-6/wagon-ssh-external-1.0-alpha-6.jar
[INFO] Downloaded from central: https://repo.maven.apache.org/maven2/org/apache/maven/wagon/wagon-ssh-external/1.0-alpha-6/wagon-ssh-external-1.0-alpha-6.jar (9.8 kB at 271 kB/s)
[INFO] Downloading from central: https://repo.maven.apache.org/maven2/org/apache/maven/wagon/wagon-webdav/1.0-beta-1/wagon-webdav-1.0-beta-1.pom
[INFO] Downloaded from central: https://repo.maven.apache.org/maven2/org/apache/maven/wagon/wagon-webdav/1.0-beta-1/wagon-webdav-1.0-beta-1.pom (1.3 kB at 34 kB/s)
[INFO] Downloading from central: https://repo.maven.apache.org/maven2/org/apache/maven/wagon/wagon-providers/1.0-beta-1/wagon-providers-1.0-beta-1.pom
[INFO] Downloaded from central: https://repo.maven.apache.org/maven2/org/apache/maven/wagon/wagon-providers/1.0-beta-1/wagon-providers-1.0-beta-1.pom (1.2 kB at 32 kB/s)
[INFO] Downloading from central: https://repo.maven.apache.org/maven2/org/apache/maven/wagon/wagon/1.0-beta-1/wagon-1.0-beta-1.pom
[INFO] Downloaded from central: https://repo.maven.apache.org/maven2/org/apache/maven/wagon/wagon/1.0-beta-1/wagon-1.0-beta-1.pom (4.1 kB at 104 kB/s)
[INFO] Downloading from central: https://repo.maven.apache.org/maven2/org/apache/maven/maven-parent/2/maven-parent-2.pom
[INFO] Downloaded from central: https://repo.maven.apache.org/maven2/org/apache/maven/maven-parent/2/maven-parent-2.pom (8.9 kB at 248 kB/s)
[INFO] Downloading from central: https://repo.maven.apache.org/maven2/org/apache/maven/wagon/wagon-provider-api/1.0-beta-1/wagon-provider-api-1.0-beta-1.pom
[INFO] Downloaded from central: https://repo.maven.apache.org/maven2/org/apache/maven/wagon/wagon-provider-api/1.0-beta-1/wagon-provider-api-1.0-beta-1.pom (680 B at 22 kB/s)
[INFO] Downloading from central: https://repo.maven.apache.org/maven2/org/apache/maven/wagon/wagon-webdav/1.0-beta-1/wagon-webdav-1.0-beta-1.jar
[INFO] Downloading from central: https://repo.maven.apache.org/maven2/org/apache/maven/wagon/wagon-provider-api/1.0-beta-1/wagon-provider-api-1.0-beta-1.jar
[INFO] Downloaded from central: https://repo.maven.apache.org/maven2/org/apache/maven/wagon/wagon-webdav/1.0-beta-1/wagon-webdav-1.0-beta-1.jar (12 kB at 372 kB/s)
[INFO] Downloaded from central: https://repo.maven.apache.org/maven2/org/apache/maven/wagon/wagon-provider-api/1.0-beta-1/wagon-provider-api-1.0-beta-1.jar (41 kB at 813 kB/s)
[INFO] Downloading from central: https://repo.maven.apache.org/maven2/org/jvnet/wagon-svn/wagon-svn/1.12/wagon-svn-1.12.pom
[INFO] Downloaded from central: https://repo.maven.apache.org/maven2/org/jvnet/wagon-svn/wagon-svn/1.12/wagon-svn-1.12.pom (2.6 kB at 80 kB/s)
[INFO] Downloading from central: https://repo.maven.apache.org/maven2/org/jvnet/wagon-svn/wagon-svn/1.12/wagon-svn-1.12.jar
[INFO] Downloaded from central: https://repo.maven.apache.org/maven2/org/jvnet/wagon-svn/wagon-svn/1.12/wagon-svn-1.12.jar (20 kB at 661 kB/s)
[INFO] Downloading from sonatype-snapshots: https://oss.sonatype.org/content/repositories/snapshots/org/springframework/boot/spring-boot-dependencies/2.2.9.RELEASE/spring-boot-dependencies-2.2.9.RELEASE.pom
[INFO] Downloading from central: https://repo.maven.apache.org/maven2/org/springframework/boot/spring-boot-dependencies/2.2.9.RELEASE/spring-boot-dependencies-2.2.9.RELEASE.pom
[INFO] Downloaded from central: https://repo.maven.apache.org/maven2/org/springframework/boot/spring-boot-dependencies/2.2.9.RELEASE/spring-boot-dependencies-2.2.9.RELEASE.pom (126 kB at 3.3 MB/s)
[INFO] Downloading from sonatype-snapshots: https://oss.sonatype.org/content/repositories/snapshots/io/micrometer/micrometer-bom/1.3.11/micrometer-bom-1.3.11.pom
[INFO] Downloading from central: https://repo.maven.apache.org/maven2/io/micrometer/micrometer-bom/1.3.11/micrometer-bom-1.3.11.pom
[INFO] Downloaded from central: https://repo.maven.apache.org/maven2/io/micrometer/micrometer-bom/1.3.11/micrometer-bom-1.3.11.pom (6.6 kB at 195 kB/s)
[INFO] Downloading from sonatype-snapshots: https://oss.sonatype.org/content/repositories/snapshots/org/springframework/data/spring-data-releasetrain/Moore-SR9/spring-data-releasetrain-Moore-SR9.pom
[INFO] Downloading from central: https://repo.maven.apache.org/maven2/org/springframework/data/spring-data-releasetrain/Moore-SR9/spring-data-releasetrain-Moore-SR9.pom
[INFO] Downloaded from central: https://repo.maven.apache.org/maven2/org/springframework/data/spring-data-releasetrain/Moore-SR9/spring-data-releasetrain-Moore-SR9.pom (4.8 kB at 117 kB/s)
[INFO] Downloading from sonatype-snapshots: https://oss.sonatype.org/content/repositories/snapshots/org/springframework/data/build/spring-data-build/2.2.9.RELEASE/spring-data-build-2.2.9.RELEASE.pom
[INFO] Downloading from central: https://repo.maven.apache.org/maven2/org/springframework/data/build/spring-data-build/2.2.9.RELEASE/spring-data-build-2.2.9.RELEASE.pom
[INFO] Downloaded from central: https://repo.maven.apache.org/maven2/org/springframework/data/build/spring-data-build/2.2.9.RELEASE/spring-data-build-2.2.9.RELEASE.pom (7.1 kB at 202 kB/s)
[INFO] Downloading from sonatype-snapshots: https://oss.sonatype.org/content/repositories/snapshots/org/springframework/integration/spring-integration-bom/5.2.8.RELEASE/spring-integration-bom-5.2.8.RELEASE.pom
[INFO] Downloading from central: https://repo.maven.apache.org/maven2/org/springframework/integration/spring-integration-bom/5.2.8.RELEASE/spring-integration-bom-5.2.8.RELEASE.pom
[INFO] Downloaded from central: https://repo.maven.apache.org/maven2/org/springframework/integration/spring-integration-bom/5.2.8.RELEASE/spring-integration-bom-5.2.8.RELEASE.pom (9.0 kB at 272 kB/s)
[INFO] Downloading from sonatype-snapshots: https://oss.sonatype.org/content/repositories/snapshots/org/springframework/security/spring-security-bom/5.2.5.RELEASE/spring-security-bom-5.2.5.RELEASE.pom
[INFO] Downloading from central: https://repo.maven.apache.org/maven2/org/springframework/security/spring-security-bom/5.2.5.RELEASE/spring-security-bom-5.2.5.RELEASE.pom
[INFO] Downloaded from central: https://repo.maven.apache.org/maven2/org/springframework/security/spring-security-bom/5.2.5.RELEASE/spring-security-bom-5.2.5.RELEASE.pom (5.4 kB at 164 kB/s)
[INFO] Downloading from sonatype-snapshots: https://oss.sonatype.org/content/repositories/snapshots/org/springframework/session/spring-session-bom/Corn-SR3/spring-session-bom-Corn-SR3.pom
[INFO] Downloading from central: https://repo.maven.apache.org/maven2/org/springframework/session/spring-session-bom/Corn-SR3/spring-session-bom-Corn-SR3.pom
[INFO] Downloaded from central: https://repo.maven.apache.org/maven2/org/springframework/session/spring-session-bom/Corn-SR3/spring-session-bom-Corn-SR3.pom (2.8 kB at 73 kB/s)
[INFO] ------------------------------------------------------------------------
[INFO] Reactor Build Order:
[INFO] 
[INFO] openapi-generator-project                                          [pom]
[INFO] openapi-generator-core                                             [jar]
[INFO] openapi-generator (core library)                                   [jar]
[INFO] 
[INFO] -------------< org.openapitools:openapi-generator-project >-------------
[INFO] Building openapi-generator-project 5.3.0-SNAPSHOT                  [1/3]
[INFO] --------------------------------[ pom ]---------------------------------
[INFO] Downloading from central: https://repo.maven.apache.org/maven2/de/thetaphi/forbiddenapis/2.6/forbiddenapis-2.6.pom
[INFO] Downloaded from central: https://repo.maven.apache.org/maven2/de/thetaphi/forbiddenapis/2.6/forbiddenapis-2.6.pom (2.9 kB at 92 kB/s)
[INFO] Downloading from central: https://repo.maven.apache.org/maven2/de/thetaphi/forbiddenapis/2.6/forbiddenapis-2.6.jar
[INFO] Downloaded from central: https://repo.maven.apache.org/maven2/de/thetaphi/forbiddenapis/2.6/forbiddenapis-2.6.jar (317 kB at 7.0 MB/s)
[INFO] 
[INFO] --- maven-clean-plugin:2.5:clean (default-clean) @ openapi-generator-project ---
[INFO] 
[INFO] --- maven-enforcer-plugin:3.0.0-M2:enforce (enforce-maven) @ openapi-generator-project ---
[INFO] Skipping Rule Enforcement.
[INFO] 
[INFO] --- maven-enforcer-plugin:3.0.0-M2:enforce (enforce-versions) @ openapi-generator-project ---
[INFO] Skipping Rule Enforcement.
[INFO] 
[INFO] --- jacoco-maven-plugin:0.8.5:prepare-agent (jacoco-initialize) @ openapi-generator-project ---
[INFO] argLine set to -javaagent:/home/srafi/.m2/repository/org/jacoco/org.jacoco.agent/0.8.5/org.jacoco.agent-0.8.5-runtime.jar=destfile=/home/srafi/after-cam-ready/compare_/compile_repair_output/work/17bb98b473db/target/jacoco.exec,excludes=**/gradle-wrapper.jar
[INFO] 
[INFO] --- jacoco-maven-plugin:0.8.5:report (jacoco-site) @ openapi-generator-project ---
[INFO] Skipping JaCoCo execution due to missing execution data file.
[INFO] 
[INFO] --- maven-dependency-plugin:2.8:copy-dependencies (default) @ openapi-generator-project ---
[INFO] 
[INFO] --- maven-checkstyle-plugin:3.1.0:check (checkstyle-check) @ openapi-generator-project ---
[INFO] 
[INFO] --- jacoco-maven-plugin:0.8.5:check (default-check) @ openapi-generator-project ---
[INFO] Skipping JaCoCo execution due to missing execution data file:/home/srafi/after-cam-ready/compare_/compile_repair_output/work/17bb98b473db/target/jacoco.exec
[INFO] 
[INFO] --- maven-javadoc-plugin:3.1.0:jar (attach-javadocs) @ openapi-generator-project ---
[INFO] Skipping javadoc generation
[INFO] 
[INFO] --- maven-source-plugin:3.0.1:jar-no-fork (attach-sources) @ openapi-generator-project ---
[INFO] 
[INFO] --- forbiddenapis:2.6:check (default) @ openapi-generator-project ---
[INFO] Skipping execution for packaging "pom"
[INFO] 
[INFO] --- forbiddenapis:2.6:testCheck (default) @ openapi-generator-project ---
[INFO] Skipping execution for packaging "pom"
[INFO] 
[INFO] --- maven-install-plugin:2.4:install (default-install) @ openapi-generator-project ---
[INFO] Installing /home/srafi/after-cam-ready/compare_/compile_repair_output/work/17bb98b473db/pom.xml to /home/srafi/.m2/repository/org/openapitools/openapi-generator-project/5.3.0-SNAPSHOT/openapi-generator-project-5.3.0-SNAPSHOT.pom
[INFO] 
[INFO] --------------< org.openapitools:openapi-generator-core >---------------
[INFO] Building openapi-generator-core 5.3.0-SNAPSHOT                     [2/3]
[INFO] --------------------------------[ jar ]---------------------------------
[INFO] Downloading from sonatype-snapshots: https://oss.sonatype.org/content/repositories/snapshots/org/testng/testng/7.1.0/testng-7.1.0.pom
[INFO] Downloading from central: https://repo.maven.apache.org/maven2/org/testng/testng/7.1.0/testng-7.1.0.pom
[INFO] Downloaded from central: https://repo.maven.apache.org/maven2/org/testng/testng/7.1.0/testng-7.1.0.pom (1.7 kB at 52 kB/s)
[INFO] Downloading from sonatype-snapshots: https://oss.sonatype.org/content/repositories/snapshots/org/testng/testng/7.1.0/testng-7.1.0.jar
[INFO] Downloading from sonatype-snapshots: https://oss.sonatype.org/content/repositories/snapshots/com/google/inject/guice/4.1.0/guice-4.1.0-no_aop.jar
[INFO] Downloading from central: https://repo.maven.apache.org/maven2/org/testng/testng/7.1.0/testng-7.1.0.jar
[INFO] Downloading from central: https://repo.maven.apache.org/maven2/com/google/inject/guice/4.1.0/guice-4.1.0-no_aop.jar
[INFO] Downloaded from central: https://repo.maven.apache.org/maven2/org/testng/testng/7.1.0/testng-7.1.0.jar (928 kB at 17 MB/s)
[INFO] Downloaded from central: https://repo.maven.apache.org/maven2/com/google/inject/guice/4.1.0/guice-4.1.0-no_aop.jar (429 kB at 5.4 MB/s)
[INFO] 
[INFO] --- maven-clean-plugin:2.5:clean (default-clean) @ openapi-generator-core ---
[INFO] 
[INFO] --- maven-enforcer-plugin:3.0.0-M2:enforce (enforce-maven) @ openapi-generator-core ---
[INFO] Skipping Rule Enforcement.
[INFO] 
[INFO] --- maven-enforcer-plugin:3.0.0-M2:enforce (enforce-versions) @ openapi-generator-core ---
[INFO] Skipping Rule Enforcement.
[INFO] 
[INFO] --- jacoco-maven-plugin:0.8.5:prepare-agent (jacoco-initialize) @ openapi-generator-core ---
[INFO] argLine set to -javaagent:/home/srafi/.m2/repository/org/jacoco/org.jacoco.agent/0.8.5/org.jacoco.agent-0.8.5-runtime.jar=destfile=/home/srafi/after-cam-ready/compare_/compile_repair_output/work/17bb98b473db/modules/openapi-generator-core/target/jacoco.exec,excludes=**/gradle-wrapper.jar
[INFO] 
[INFO] --- maven-resources-plugin:2.6:resources (default-resources) @ openapi-generator-core ---
[INFO] Using 'UTF-8' encoding to copy filtered resources.
[INFO] skip non existing resourceDirectory /home/srafi/after-cam-ready/compare_/compile_repair_output/work/17bb98b473db/modules/openapi-generator-core/src/main/resources
[INFO] 
[INFO] --- maven-compiler-plugin:3.8.1:compile (default-compile) @ openapi-generator-core ---
[INFO] Changes detected - recompiling the module!
[INFO] Compiling 34 source files to /home/srafi/after-cam-ready/compare_/compile_repair_output/work/17bb98b473db/modules/openapi-generator-core/target/classes
[INFO] 
[INFO] --- maven-resources-plugin:2.6:testResources (default-testResources) @ openapi-generator-core ---
[INFO] Using 'UTF-8' encoding to copy filtered resources.
[INFO] skip non existing resourceDirectory /home/srafi/after-cam-ready/compare_/compile_repair_output/work/17bb98b473db/modules/openapi-generator-core/src/test/resources
[INFO] 
[INFO] --- maven-compiler-plugin:3.8.1:testCompile (default-testCompile) @ openapi-generator-core ---
[INFO] Changes detected - recompiling the module!
[INFO] Compiling 5 source files to /home/srafi/after-cam-ready/compare_/compile_repair_output/work/17bb98b473db/modules/openapi-generator-core/target/test-classes
[INFO] 
[INFO] --- maven-surefire-plugin:3.0.0-M3:test (default-test) @ openapi-generator-core ---
[INFO] Tests are skipped.
[INFO] 
[INFO] --- jacoco-maven-plugin:0.8.5:report (jacoco-site) @ openapi-generator-core ---
[INFO] Skipping JaCoCo execution due to missing execution data file.
[INFO] 
[INFO] --- maven-jar-plugin:3.2.0:jar (default-jar) @ openapi-generator-core ---
[INFO] Building jar: /home/srafi/after-cam-ready/compare_/compile_repair_output/work/17bb98b473db/modules/openapi-generator-core/target/openapi-generator-core-5.3.0-SNAPSHOT.jar
[INFO] 
[INFO] --- maven-dependency-plugin:2.8:copy-dependencies (default) @ openapi-generator-core ---
[INFO] Copying guava-26.0-jre.jar to /home/srafi/after-cam-ready/compare_/compile_repair_output/work/17bb98b473db/modules/openapi-generator-core/target/lib/guava-26.0-jre.jar
[INFO] Copying jsr305-3.0.2.jar to /home/srafi/after-cam-ready/compare_/compile_repair_output/work/17bb98b473db/modules/openapi-generator-core/target/lib/jsr305-3.0.2.jar
[INFO] Copying javax.inject-1.jar to /home/srafi/after-cam-ready/compare_/compile_repair_output/work/17bb98b473db/modules/openapi-generator-core/target/lib/javax.inject-1.jar
[INFO] Copying aopalliance-1.0.jar to /home/srafi/after-cam-ready/compare_/compile_repair_output/work/17bb98b473db/modules/openapi-generator-core/target/lib/aopalliance-1.0.jar
[INFO] Copying testng-7.1.0.jar to /home/srafi/after-cam-ready/compare_/compile_repair_output/work/17bb98b473db/modules/openapi-generator-core/target/lib/testng-7.1.0.jar
[INFO] Copying guice-4.1.0-no_aop.jar to /home/srafi/after-cam-ready/compare_/compile_repair_output/work/17bb98b473db/modules/openapi-generator-core/target/lib/guice-4.1.0-no_aop.jar
[INFO] Copying j2objc-annotations-1.1.jar to /home/srafi/after-cam-ready/compare_/compile_repair_output/work/17bb98b473db/modules/openapi-generator-core/target/lib/j2objc-annotations-1.1.jar
[INFO] Copying slf4j-api-1.7.29.jar to /home/srafi/after-cam-ready/compare_/compile_repair_output/work/17bb98b473db/modules/openapi-generator-core/target/lib/slf4j-api-1.7.29.jar
[INFO] Copying animal-sniffer-annotations-1.14.jar to /home/srafi/after-cam-ready/compare_/compile_repair_output/work/17bb98b473db/modules/openapi-generator-core/target/lib/animal-sniffer-annotations-1.14.jar
[INFO] Copying jcommander-1.72.jar to /home/srafi/after-cam-ready/compare_/compile_repair_output/work/17bb98b473db/modules/openapi-generator-core/target/lib/jcommander-1.72.jar
[INFO] Copying checker-qual-2.5.2.jar to /home/srafi/after-cam-ready/compare_/compile_repair_output/work/17bb98b473db/modules/openapi-generator-core/target/lib/checker-qual-2.5.2.jar
[INFO] Copying snakeyaml-1.21.jar to /home/srafi/after-cam-ready/compare_/compile_repair_output/work/17bb98b473db/modules/openapi-generator-core/target/lib/snakeyaml-1.21.jar
[INFO] Copying error_prone_annotations-2.1.3.jar to /home/srafi/after-cam-ready/compare_/compile_repair_output/work/17bb98b473db/modules/openapi-generator-core/target/lib/error_prone_annotations-2.1.3.jar
[INFO] 
[INFO] --- maven-checkstyle-plugin:3.1.0:check (checkstyle-check) @ openapi-generator-core ---
[INFO] 
[INFO] --- jacoco-maven-plugin:0.8.5:check (default-check) @ openapi-generator-core ---
[INFO] Skipping JaCoCo execution due to missing execution data file:/home/srafi/after-cam-ready/compare_/compile_repair_output/work/17bb98b473db/modules/openapi-generator-core/target/jacoco.exec
[INFO] 
[INFO] --- maven-javadoc-plugin:3.1.0:jar (attach-javadocs) @ openapi-generator-core ---
[INFO] Skipping javadoc generation
[INFO] 
[INFO] --- maven-source-plugin:3.0.1:jar-no-fork (attach-sources) @ openapi-generator-core ---
[INFO] Building jar: /home/srafi/after-cam-ready/compare_/compile_repair_output/work/17bb98b473db/modules/openapi-generator-core/target/openapi-generator-core-5.3.0-SNAPSHOT-sources.jar
[INFO] 
[INFO] --- forbiddenapis:2.6:check (default) @ openapi-generator-core ---
[INFO] Scanning for classes to check...
[INFO] Reading bundled API signatures: jdk-unsafe-1.8
[INFO] Reading bundled API signatures: jdk-deprecated-1.8
[INFO] Reading bundled API signatures: jdk-internal-1.8
[INFO] Reading bundled API signatures: jdk-non-portable
[INFO] Reading bundled API signatures: jdk-reflection
[INFO] Loading classes to check...
[INFO] Scanning classes for violations...
[INFO] Scanned 47 class file(s) for forbidden API invocations (in 0.12s), 0 error(s).
[INFO] 
[INFO] --- forbiddenapis:2.6:testCheck (default) @ openapi-generator-core ---
[INFO] Scanning for classes to check...
[INFO] Reading bundled API signatures: jdk-unsafe-1.8
[INFO] Reading bundled API signatures: jdk-deprecated-1.8
[INFO] Reading bundled API signatures: jdk-internal-1.8
[INFO] Reading bundled API signatures: jdk-non-portable
[INFO] Reading bundled API signatures: jdk-reflection
[INFO] Loading classes to check...
[INFO] Scanning classes for violations...
[INFO] Scanned 12 class file(s) for forbidden API invocations (in 0.04s), 0 error(s).
[INFO] 
[INFO] --- maven-install-plugin:2.4:install (default-install) @ openapi-generator-core ---
[INFO] Installing /home/srafi/after-cam-ready/compare_/compile_repair_output/work/17bb98b473db/modules/openapi-generator-core/target/openapi-generator-core-5.3.0-SNAPSHOT.jar to /home/srafi/.m2/repository/org/openapitools/openapi-generator-core/5.3.0-SNAPSHOT/openapi-generator-core-5.3.0-SNAPSHOT.jar
[INFO] Installing /home/srafi/after-cam-ready/compare_/compile_repair_output/work/17bb98b473db/modules/openapi-generator-core/pom.xml to /home/srafi/.m2/repository/org/openapitools/openapi-generator-core/5.3.0-SNAPSHOT/openapi-generator-core-5.3.0-SNAPSHOT.pom
[INFO] Installing /home/srafi/after-cam-ready/compare_/compile_repair_output/work/17bb98b473db/modules/openapi-generator-core/target/openapi-generator-core-5.3.0-SNAPSHOT-sources.jar to /home/srafi/.m2/repository/org/openapitools/openapi-generator-core/5.3.0-SNAPSHOT/openapi-generator-core-5.3.0-SNAPSHOT-sources.jar
[INFO] 
[INFO] -----------------< org.openapitools:openapi-generator >-----------------
[INFO] Building openapi-generator (core library) 5.3.0-SNAPSHOT           [3/3]
[INFO] --------------------------------[ jar ]---------------------------------
[INFO] Downloading from central: https://repo.maven.apache.org/maven2/pl/project13/maven/git-commit-id-plugin/4.0.0/git-commit-id-plugin-4.0.0.pom
[INFO] Downloaded from central: https://repo.maven.apache.org/maven2/pl/project13/maven/git-commit-id-plugin/4.0.0/git-commit-id-plugin-4.0.0.pom (10 kB at 281 kB/s)
[INFO] Downloading from central: https://repo.maven.apache.org/maven2/pl/project13/maven/git-commit-id-plugin-parent/4.0.0/git-commit-id-plugin-parent-4.0.0.pom
[INFO] Downloaded from central: https://repo.maven.apache.org/maven2/pl/project13/maven/git-commit-id-plugin-parent/4.0.0/git-commit-id-plugin-parent-4.0.0.pom (12 kB at 339 kB/s)
[INFO] Downloading from central: https://repo.maven.apache.org/maven2/pl/project13/maven/git-commit-id-plugin/4.0.0/git-commit-id-plugin-4.0.0.jar
[INFO] Downloaded from central: https://repo.maven.apache.org/maven2/pl/project13/maven/git-commit-id-plugin/4.0.0/git-commit-id-plugin-4.0.0.jar (39 kB at 1.1 MB/s)
[INFO] Downloading from sonatype-snapshots: https://oss.sonatype.org/content/repositories/snapshots/com/github/jknack/handlebars/4.1.2/handlebars-4.1.2.pom
[INFO] Downloading from central: https://repo.maven.apache.org/maven2/com/github/jknack/handlebars/4.1.2/handlebars-4.1.2.pom
[INFO] Downloaded from central: https://repo.maven.apache.org/maven2/com/github/jknack/handlebars/4.1.2/handlebars-4.1.2.pom (10 kB at 241 kB/s)
[INFO] Downloading from sonatype-snapshots: https://oss.sonatype.org/content/repositories/snapshots/com/github/jknack/handlebars.java/4.1.2/handlebars.java-4.1.2.pom
[INFO] Downloading from central: https://repo.maven.apache.org/maven2/com/github/jknack/handlebars.java/4.1.2/handlebars.java-4.1.2.pom
[INFO] Downloaded from central: https://repo.maven.apache.org/maven2/com/github/jknack/handlebars.java/4.1.2/handlebars.java-4.1.2.pom (13 kB at 351 kB/s)
[INFO] Downloading from sonatype-snapshots: https://oss.sonatype.org/content/repositories/snapshots/com/github/jknack/handlebars-jackson2/4.1.2/handlebars-jackson2-4.1.2.pom
[INFO] Downloading from central: https://repo.maven.apache.org/maven2/com/github/jknack/handlebars-jackson2/4.1.2/handlebars-jackson2-4.1.2.pom
[INFO] Downloaded from central: https://repo.maven.apache.org/maven2/com/github/jknack/handlebars-jackson2/4.1.2/handlebars-jackson2-4.1.2.pom (1.8 kB at 58 kB/s)
[INFO] Downloading from sonatype-snapshots: https://oss.sonatype.org/content/repositories/snapshots/org/slf4j/slf4j-ext/1.7.29/slf4j-ext-1.7.29.pom
[INFO] Downloading from central: https://repo.maven.apache.org/maven2/org/slf4j/slf4j-ext/1.7.29/slf4j-ext-1.7.29.pom
[INFO] Downloaded from central: https://repo.maven.apache.org/maven2/org/slf4j/slf4j-ext/1.7.29/slf4j-ext-1.7.29.pom (2.8 kB at 82 kB/s)
[INFO] Downloading from sonatype-snapshots: https://oss.sonatype.org/content/repositories/snapshots/org/slf4j/slf4j-simple/1.7.29/slf4j-simple-1.7.29.pom
[INFO] Downloading from central: https://repo.maven.apache.org/maven2/org/slf4j/slf4j-simple/1.7.29/slf4j-simple-1.7.29.pom
[INFO] Downloaded from central: https://repo.maven.apache.org/maven2/org/slf4j/slf4j-simple/1.7.29/slf4j-simple-1.7.29.pom (1.0 kB at 28 kB/s)
[INFO] Downloading from sonatype-snapshots: https://oss.sonatype.org/content/repositories/snapshots/com/fasterxml/jackson/datatype/jackson-datatype-guava/2.10.1/jackson-datatype-guava-2.10.1.pom
[INFO] Downloading from central: https://repo.maven.apache.org/maven2/com/fasterxml/jackson/datatype/jackson-datatype-guava/2.10.1/jackson-datatype-guava-2.10.1.pom
[INFO] Downloaded from central: https://repo.maven.apache.org/maven2/com/fasterxml/jackson/datatype/jackson-datatype-guava/2.10.1/jackson-datatype-guava-2.10.1.pom (3.0 kB at 92 kB/s)
[INFO] Downloading from sonatype-snapshots: https://oss.sonatype.org/content/repositories/snapshots/com/fasterxml/jackson/datatype/jackson-datatypes-collections/2.10.1/jackson-datatypes-collections-2.10.1.pom
[INFO] Downloading from central: https://repo.maven.apache.org/maven2/com/fasterxml/jackson/datatype/jackson-datatypes-collections/2.10.1/jackson-datatypes-collections-2.10.1.pom
[INFO] Downloaded from central: https://repo.maven.apache.org/maven2/com/fasterxml/jackson/datatype/jackson-datatypes-collections/2.10.1/jackson-datatypes-collections-2.10.1.pom (2.1 kB at 72 kB/s)
[INFO] Downloading from sonatype-snapshots: https://oss.sonatype.org/content/repositories/snapshots/com/tngtech/archunit/archunit/0.20.1/archunit-0.20.1.pom
[INFO] Downloading from central: https://repo.maven.apache.org/maven2/com/tngtech/archunit/archunit/0.20.1/archunit-0.20.1.pom
[INFO] Downloaded from central: https://repo.maven.apache.org/maven2/com/tngtech/archunit/archunit/0.20.1/archunit-0.20.1.pom (2.0 kB at 61 kB/s)
[INFO] Downloading from sonatype-snapshots: https://oss.sonatype.org/content/repositories/snapshots/com/tngtech/archunit/archunit-junit4/0.20.1/archunit-junit4-0.20.1.pom
[INFO] Downloading from central: https://repo.maven.apache.org/maven2/com/tngtech/archunit/archunit-junit4/0.20.1/archunit-junit4-0.20.1.pom
[INFO] Downloaded from central: https://repo.maven.apache.org/maven2/com/tngtech/archunit/archunit-junit4/0.20.1/archunit-junit4-0.20.1.pom (2.0 kB at 18 kB/s)
[INFO] Downloading from sonatype-snapshots: https://oss.sonatype.org/content/repositories/snapshots/com/github/javaparser/javaparser-core/3.14.11/javaparser-core-3.14.11.pom
[INFO] Downloading from central: https://repo.maven.apache.org/maven2/com/github/javaparser/javaparser-core/3.14.11/javaparser-core-3.14.11.pom
[INFO] Downloaded from central: https://repo.maven.apache.org/maven2/com/github/javaparser/javaparser-core/3.14.11/javaparser-core-3.14.11.pom (4.9 kB at 80 kB/s)
[INFO] Downloading from sonatype-snapshots: https://oss.sonatype.org/content/repositories/snapshots/com/github/javaparser/javaparser-parent/3.14.11/javaparser-parent-3.14.11.pom
[INFO] Downloading from central: https://repo.maven.apache.org/maven2/com/github/javaparser/javaparser-parent/3.14.11/javaparser-parent-3.14.11.pom
[INFO] Downloaded from central: https://repo.maven.apache.org/maven2/com/github/javaparser/javaparser-parent/3.14.11/javaparser-parent-3.14.11.pom (14 kB at 253 kB/s)
[INFO] Downloading from sonatype-snapshots: https://oss.sonatype.org/content/repositories/snapshots/com/fasterxml/jackson/datatype/jackson-datatype-joda/2.10.1/jackson-datatype-joda-2.10.1.pom
[INFO] Downloading from central: https://repo.maven.apache.org/maven2/com/fasterxml/jackson/datatype/jackson-datatype-joda/2.10.1/jackson-datatype-joda-2.10.1.pom
[INFO] Downloaded from central: https://repo.maven.apache.org/maven2/com/fasterxml/jackson/datatype/jackson-datatype-joda/2.10.1/jackson-datatype-joda-2.10.1.pom (3.5 kB at 113 kB/s)
[INFO] Downloading from sonatype-snapshots: https://oss.sonatype.org/content/repositories/snapshots/org/jetbrains/kotlin/kotlin-stdlib-jdk8/1.3.60/kotlin-stdlib-jdk8-1.3.60.pom
[INFO] Downloading from central: https://repo.maven.apache.org/maven2/org/jetbrains/kotlin/kotlin-stdlib-jdk8/1.3.60/kotlin-stdlib-jdk8-1.3.60.pom
[INFO] Downloaded from central: https://repo.maven.apache.org/maven2/org/jetbrains/kotlin/kotlin-stdlib-jdk8/1.3.60/kotlin-stdlib-jdk8-1.3.60.pom (1.8 kB at 56 kB/s)
[INFO] Downloading from sonatype-snapshots: https://oss.sonatype.org/content/repositories/snapshots/org/jetbrains/kotlin/kotlin-stdlib/1.3.60/kotlin-stdlib-1.3.60.pom
[INFO] Downloading from central: https://repo.maven.apache.org/maven2/org/jetbrains/kotlin/kotlin-stdlib/1.3.60/kotlin-stdlib-1.3.60.pom
[INFO] Downloaded from central: https://repo.maven.apache.org/maven2/org/jetbrains/kotlin/kotlin-stdlib/1.3.60/kotlin-stdlib-1.3.60.pom (1.8 kB at 46 kB/s)
[INFO] Downloading from sonatype-snapshots: https://oss.sonatype.org/content/repositories/snapshots/org/jetbrains/kotlin/kotlin-stdlib-common/1.3.60/kotlin-stdlib-common-1.3.60.pom
[INFO] Downloading from central: https://repo.maven.apache.org/maven2/org/jetbrains/kotlin/kotlin-stdlib-common/1.3.60/kotlin-stdlib-common-1.3.60.pom
[INFO] Downloaded from central: https://repo.maven.apache.org/maven2/org/jetbrains/kotlin/kotlin-stdlib-common/1.3.60/kotlin-stdlib-common-1.3.60.pom (1.6 kB at 52 kB/s)
[INFO] Downloading from sonatype-snapshots: https://oss.sonatype.org/content/repositories/snapshots/org/jetbrains/kotlin/kotlin-stdlib-jdk7/1.3.60/kotlin-stdlib-jdk7-1.3.60.pom
[INFO] Downloading from central: https://repo.maven.apache.org/maven2/org/jetbrains/kotlin/kotlin-stdlib-jdk7/1.3.60/kotlin-stdlib-jdk7-1.3.60.pom
[INFO] Downloaded from central: https://repo.maven.apache.org/maven2/org/jetbrains/kotlin/kotlin-stdlib-jdk7/1.3.60/kotlin-stdlib-jdk7-1.3.60.pom (1.6 kB at 26 kB/s)
[INFO] Downloading from sonatype-snapshots: https://oss.sonatype.org/content/repositories/snapshots/org/jetbrains/kotlin/kotlin-compiler-embeddable/1.3.60/kotlin-compiler-embeddable-1.3.60.pom
[INFO] Downloading from central: https://repo.maven.apache.org/maven2/org/jetbrains/kotlin/kotlin-compiler-embeddable/1.3.60/kotlin-compiler-embeddable-1.3.60.pom
[INFO] Downloaded from central: https://repo.maven.apache.org/maven2/org/jetbrains/kotlin/kotlin-compiler-embeddable/1.3.60/kotlin-compiler-embeddable-1.3.60.pom (2.2 kB at 52 kB/s)
[INFO] Downloading from sonatype-snapshots: https://oss.sonatype.org/content/repositories/snapshots/org/jetbrains/kotlin/kotlin-script-runtime/1.3.60/kotlin-script-runtime-1.3.60.pom
[INFO] Downloading from central: https://repo.maven.apache.org/maven2/org/jetbrains/kotlin/kotlin-script-runtime/1.3.60/kotlin-script-runtime-1.3.60.pom
[INFO] Downloaded from central: https://repo.maven.apache.org/maven2/org/jetbrains/kotlin/kotlin-script-runtime/1.3.60/kotlin-script-runtime-1.3.60.pom (1.2 kB at 37 kB/s)
[INFO] Downloading from sonatype-snapshots: https://oss.sonatype.org/content/repositories/snapshots/org/jetbrains/kotlin/kotlin-reflect/1.3.60/kotlin-reflect-1.3.60.pom
[INFO] Downloading from central: https://repo.maven.apache.org/maven2/org/jetbrains/kotlin/kotlin-reflect/1.3.60/kotlin-reflect-1.3.60.pom
[INFO] Downloaded from central: https://repo.maven.apache.org/maven2/org/jetbrains/kotlin/kotlin-reflect/1.3.60/kotlin-reflect-1.3.60.pom (1.4 kB at 44 kB/s)
[INFO] Downloading from sonatype-snapshots: https://oss.sonatype.org/content/repositories/snapshots/org/jetbrains/kotlin/kotlin-daemon-embeddable/1.3.60/kotlin-daemon-embeddable-1.3.60.pom
[INFO] Downloading from central: https://repo.maven.apache.org/maven2/org/jetbrains/kotlin/kotlin-daemon-embeddable/1.3.60/kotlin-daemon-embeddable-1.3.60.pom
[INFO] Downloaded from central: https://repo.maven.apache.org/maven2/org/jetbrains/kotlin/kotlin-daemon-embeddable/1.3.60/kotlin-daemon-embeddable-1.3.60.pom (1.2 kB at 30 kB/s)
[INFO] Downloading from sonatype-snapshots: https://oss.sonatype.org/content/repositories/snapshots/org/jetbrains/kotlin/kotlin-script-util/1.3.60/kotlin-script-util-1.3.60.pom
[INFO] Downloading from central: https://repo.maven.apache.org/maven2/org/jetbrains/kotlin/kotlin-script-util/1.3.60/kotlin-script-util-1.3.60.pom
[INFO] Downloaded from central: https://repo.maven.apache.org/maven2/org/jetbrains/kotlin/kotlin-script-util/1.3.60/kotlin-script-util-1.3.60.pom (2.2 kB at 31 kB/s)
[INFO] Downloading from sonatype-snapshots: https://oss.sonatype.org/content/repositories/snapshots/org/jetbrains/kotlin/kotlin-scripting-jvm/1.3.60/kotlin-scripting-jvm-1.3.60.pom
[INFO] Downloading from central: https://repo.maven.apache.org/maven2/org/jetbrains/kotlin/kotlin-scripting-jvm/1.3.60/kotlin-scripting-jvm-1.3.60.pom
[INFO] Downloaded from central: https://repo.maven.apache.org/maven2/org/jetbrains/kotlin/kotlin-scripting-jvm/1.3.60/kotlin-scripting-jvm-1.3.60.pom (1.8 kB at 44 kB/s)
[INFO] Downloading from sonatype-snapshots: https://oss.sonatype.org/content/repositories/snapshots/org/jetbrains/kotlin/kotlin-scripting-common/1.3.60/kotlin-scripting-common-1.3.60.pom
[INFO] Downloading from central: https://repo.maven.apache.org/maven2/org/jetbrains/kotlin/kotlin-scripting-common/1.3.60/kotlin-scripting-common-1.3.60.pom
[INFO] Downloaded from central: https://repo.maven.apache.org/maven2/org/jetbrains/kotlin/kotlin-scripting-common/1.3.60/kotlin-scripting-common-1.3.60.pom (1.7 kB at 49 kB/s)
[INFO] Downloading from sonatype-snapshots: https://oss.sonatype.org/content/repositories/snapshots/org/jetbrains/kotlinx/kotlinx-coroutines-core/1.2.1/kotlinx-coroutines-core-1.2.1.pom
[INFO] Downloading from central: https://repo.maven.apache.org/maven2/org/jetbrains/kotlinx/kotlinx-coroutines-core/1.2.1/kotlinx-coroutines-core-1.2.1.pom
[INFO] Downloaded from central: https://repo.maven.apache.org/maven2/org/jetbrains/kotlinx/kotlinx-coroutines-core/1.2.1/kotlinx-coroutines-core-1.2.1.pom (1.5 kB at 46 kB/s)
[INFO] Downloading from sonatype-snapshots: https://oss.sonatype.org/content/repositories/snapshots/org/jetbrains/kotlin/kotlin-daemon-client/1.3.60/kotlin-daemon-client-1.3.60.pom
[INFO] Downloading from central: https://repo.maven.apache.org/maven2/org/jetbrains/kotlin/kotlin-daemon-client/1.3.60/kotlin-daemon-client-1.3.60.pom
[INFO] Downloaded from central: https://repo.maven.apache.org/maven2/org/jetbrains/kotlin/kotlin-daemon-client/1.3.60/kotlin-daemon-client-1.3.60.pom (1.7 kB at 15 kB/s)
[INFO] Downloading from sonatype-snapshots: https://oss.sonatype.org/content/repositories/snapshots/com/google/guava/guava-testlib/28.2-jre/guava-testlib-28.2-jre.pom
[INFO] Downloading from central: https://repo.maven.apache.org/maven2/com/google/guava/guava-testlib/28.2-jre/guava-testlib-28.2-jre.pom
[INFO] Downloaded from central: https://repo.maven.apache.org/maven2/com/google/guava/guava-testlib/28.2-jre/guava-testlib-28.2-jre.pom (2.8 kB at 69 kB/s)
[INFO] Downloading from sonatype-snapshots: https://oss.sonatype.org/content/repositories/snapshots/com/github/jknack/handlebars/4.1.2/handlebars-4.1.2.jar
[INFO] Downloading from sonatype-snapshots: https://oss.sonatype.org/content/repositories/snapshots/com/github/jknack/handlebars-jackson2/4.1.2/handlebars-jackson2-4.1.2.jar
[INFO] Downloading from sonatype-snapshots: https://oss.sonatype.org/content/repositories/snapshots/org/slf4j/slf4j-ext/1.7.29/slf4j-ext-1.7.29.jar
[INFO] Downloading from sonatype-snapshots: https://oss.sonatype.org/content/repositories/snapshots/com/fasterxml/jackson/datatype/jackson-datatype-guava/2.10.1/jackson-datatype-guava-2.10.1.jar
[INFO] Downloading from sonatype-snapshots: https://oss.sonatype.org/content/repositories/snapshots/org/slf4j/slf4j-simple/1.7.29/slf4j-simple-1.7.29.jar
[INFO] Downloading from sonatype-snapshots: https://oss.sonatype.org/content/repositories/snapshots/com/tngtech/archunit/archunit/0.20.1/archunit-0.20.1.jar
[INFO] Downloading from sonatype-snapshots: https://oss.sonatype.org/content/repositories/snapshots/com/tngtech/archunit/archunit-junit4/0.20.1/archunit-junit4-0.20.1.jar
[INFO] Downloading from sonatype-snapshots: https://oss.sonatype.org/content/repositories/snapshots/com/github/javaparser/javaparser-core/3.14.11/javaparser-core-3.14.11.jar
[INFO] Downloading from sonatype-snapshots: https://oss.sonatype.org/content/repositories/snapshots/com/fasterxml/jackson/datatype/jackson-datatype-joda/2.10.1/jackson-datatype-joda-2.10.1.jar
[INFO] Downloading from sonatype-snapshots: https://oss.sonatype.org/content/repositories/snapshots/org/jetbrains/kotlin/kotlin-stdlib-jdk8/1.3.60/kotlin-stdlib-jdk8-1.3.60.jar
[INFO] Downloading from sonatype-snapshots: https://oss.sonatype.org/content/repositories/snapshots/org/jetbrains/kotlin/kotlin-stdlib/1.3.60/kotlin-stdlib-1.3.60.jar
[INFO] Downloading from sonatype-snapshots: https://oss.sonatype.org/content/repositories/snapshots/org/jetbrains/kotlin/kotlin-stdlib-common/1.3.60/kotlin-stdlib-common-1.3.60.jar
[INFO] Downloading from sonatype-snapshots: https://oss.sonatype.org/content/repositories/snapshots/org/jetbrains/kotlin/kotlin-stdlib-jdk7/1.3.60/kotlin-stdlib-jdk7-1.3.60.jar
[INFO] Downloading from sonatype-snapshots: https://oss.sonatype.org/content/repositories/snapshots/org/jetbrains/kotlin/kotlin-compiler-embeddable/1.3.60/kotlin-compiler-embeddable-1.3.60.jar
[INFO] Downloading from sonatype-snapshots: https://oss.sonatype.org/content/repositories/snapshots/org/jetbrains/kotlin/kotlin-script-runtime/1.3.60/kotlin-script-runtime-1.3.60.jar
[INFO] Downloading from sonatype-snapshots: https://oss.sonatype.org/content/repositories/snapshots/org/jetbrains/kotlin/kotlin-reflect/1.3.60/kotlin-reflect-1.3.60.jar
[INFO] Downloading from sonatype-snapshots: https://oss.sonatype.org/content/repositories/snapshots/org/jetbrains/kotlin/kotlin-daemon-embeddable/1.3.60/kotlin-daemon-embeddable-1.3.60.jar
[INFO] Downloading from sonatype-snapshots: https://oss.sonatype.org/content/repositories/snapshots/org/jetbrains/kotlin/kotlin-script-util/1.3.60/kotlin-script-util-1.3.60.jar
[INFO] Downloading from sonatype-snapshots: https://oss.sonatype.org/content/repositories/snapshots/org/jetbrains/kotlin/kotlin-scripting-jvm/1.3.60/kotlin-scripting-jvm-1.3.60.jar
[INFO] Downloading from sonatype-snapshots: https://oss.sonatype.org/content/repositories/snapshots/org/jetbrains/kotlin/kotlin-scripting-common/1.3.60/kotlin-scripting-common-1.3.60.jar
[INFO] Downloading from sonatype-snapshots: https://oss.sonatype.org/content/repositories/snapshots/org/jetbrains/kotlin/kotlin-daemon-client/1.3.60/kotlin-daemon-client-1.3.60.jar
[INFO] Downloading from sonatype-snapshots: https://oss.sonatype.org/content/repositories/snapshots/org/jetbrains/kotlinx/kotlinx-coroutines-core/1.2.1/kotlinx-coroutines-core-1.2.1.jar
[INFO] Downloading from sonatype-snapshots: https://oss.sonatype.org/content/repositories/snapshots/com/google/guava/guava-testlib/28.2-jre/guava-testlib-28.2-jre.jar
[INFO] Downloading from central: https://repo.maven.apache.org/maven2/com/github/jknack/handlebars/4.1.2/handlebars-4.1.2.jar
[INFO] Downloading from central: https://repo.maven.apache.org/maven2/com/github/jknack/handlebars-jackson2/4.1.2/handlebars-jackson2-4.1.2.jar
[INFO] Downloading from central: https://repo.maven.apache.org/maven2/org/slf4j/slf4j-ext/1.7.29/slf4j-ext-1.7.29.jar
[INFO] Downloading from central: https://repo.maven.apache.org/maven2/com/fasterxml/jackson/datatype/jackson-datatype-guava/2.10.1/jackson-datatype-guava-2.10.1.jar
[INFO] Downloading from central: https://repo.maven.apache.org/maven2/org/slf4j/slf4j-simple/1.7.29/slf4j-simple-1.7.29.jar
[INFO] Downloaded from central: https://repo.maven.apache.org/maven2/org/slf4j/slf4j-ext/1.7.29/slf4j-ext-1.7.29.jar (38 kB at 1.0 MB/s)
[INFO] Downloading from central: https://repo.maven.apache.org/maven2/com/tngtech/archunit/archunit/0.20.1/archunit-0.20.1.jar
[INFO] Downloaded from central: https://repo.maven.apache.org/maven2/com/fasterxml/jackson/datatype/jackson-datatype-guava/2.10.1/jackson-datatype-guava-2.10.1.jar (84 kB at 1.7 MB/s)
[INFO] Downloading from central: https://repo.maven.apache.org/maven2/com/tngtech/archunit/archunit-junit4/0.20.1/archunit-junit4-0.20.1.jar
[INFO] Downloaded from central: https://repo.maven.apache.org/maven2/com/github/jknack/handlebars/4.1.2/handlebars-4.1.2.jar (926 kB at 18 MB/s)
[INFO] Downloading from central: https://repo.maven.apache.org/maven2/com/github/javaparser/javaparser-core/3.14.11/javaparser-core-3.14.11.jar
[INFO] Downloaded from central: https://repo.maven.apache.org/maven2/org/slf4j/slf4j-simple/1.7.29/slf4j-simple-1.7.29.jar (15 kB at 288 kB/s)
[INFO] Downloading from central: https://repo.maven.apache.org/maven2/com/fasterxml/jackson/datatype/jackson-datatype-joda/2.10.1/jackson-datatype-joda-2.10.1.jar
[INFO] Downloaded from central: https://repo.maven.apache.org/maven2/com/github/jknack/handlebars-jackson2/4.1.2/handlebars-jackson2-4.1.2.jar (9.4 kB at 106 kB/s)
[INFO] Downloading from central: https://repo.maven.apache.org/maven2/org/jetbrains/kotlin/kotlin-stdlib-jdk8/1.3.60/kotlin-stdlib-jdk8-1.3.60.jar
[INFO] Downloaded from central: https://repo.maven.apache.org/maven2/com/fasterxml/jackson/datatype/jackson-datatype-joda/2.10.1/jackson-datatype-joda-2.10.1.jar (72 kB at 774 kB/s)
[INFO] Downloading from central: https://repo.maven.apache.org/maven2/org/jetbrains/kotlin/kotlin-stdlib/1.3.60/kotlin-stdlib-1.3.60.jar
[INFO] Downloaded from central: https://repo.maven.apache.org/maven2/org/jetbrains/kotlin/kotlin-stdlib-jdk8/1.3.60/kotlin-stdlib-jdk8-1.3.60.jar (15 kB at 124 kB/s)
[INFO] Downloading from central: https://repo.maven.apache.org/maven2/org/jetbrains/kotlin/kotlin-stdlib-common/1.3.60/kotlin-stdlib-common-1.3.60.jar
[INFO] Downloaded from central: https://repo.maven.apache.org/maven2/org/jetbrains/kotlin/kotlin-stdlib/1.3.60/kotlin-stdlib-1.3.60.jar (1.3 MB at 9.2 MB/s)
[INFO] Downloading from central: https://repo.maven.apache.org/maven2/org/jetbrains/kotlin/kotlin-stdlib-jdk7/1.3.60/kotlin-stdlib-jdk7-1.3.60.jar
[INFO] Downloaded from central: https://repo.maven.apache.org/maven2/com/tngtech/archunit/archunit/0.20.1/archunit-0.20.1.jar (4.0 MB at 28 MB/s)
[INFO] Downloading from central: https://repo.maven.apache.org/maven2/org/jetbrains/kotlin/kotlin-compiler-embeddable/1.3.60/kotlin-compiler-embeddable-1.3.60.jar
[INFO] Downloaded from central: https://repo.maven.apache.org/maven2/org/jetbrains/kotlin/kotlin-stdlib-common/1.3.60/kotlin-stdlib-common-1.3.60.jar (171 kB at 994 kB/s)
[INFO] Downloading from central: https://repo.maven.apache.org/maven2/org/jetbrains/kotlin/kotlin-script-runtime/1.3.60/kotlin-script-runtime-1.3.60.jar
[INFO] Downloaded from central: https://repo.maven.apache.org/maven2/org/jetbrains/kotlin/kotlin-stdlib-jdk7/1.3.60/kotlin-stdlib-jdk7-1.3.60.jar (3.1 kB at 17 kB/s)
[INFO] Downloading from central: https://repo.maven.apache.org/maven2/org/jetbrains/kotlin/kotlin-reflect/1.3.60/kotlin-reflect-1.3.60.jar
[INFO] Downloaded from central: https://repo.maven.apache.org/maven2/org/jetbrains/kotlin/kotlin-script-runtime/1.3.60/kotlin-script-runtime-1.3.60.jar (42 kB at 189 kB/s)
[INFO] Downloading from central: https://repo.maven.apache.org/maven2/org/jetbrains/kotlin/kotlin-daemon-embeddable/1.3.60/kotlin-daemon-embeddable-1.3.60.jar
[INFO] Downloaded from central: https://repo.maven.apache.org/maven2/com/tngtech/archunit/archunit-junit4/0.20.1/archunit-junit4-0.20.1.jar (42 kB at 158 kB/s)
[INFO] Downloading from central: https://repo.maven.apache.org/maven2/org/jetbrains/kotlin/kotlin-script-util/1.3.60/kotlin-script-util-1.3.60.jar
[INFO] Downloaded from central: https://repo.maven.apache.org/maven2/org/jetbrains/kotlin/kotlin-reflect/1.3.60/kotlin-reflect-1.3.60.jar (2.9 MB at 11 MB/s)
[INFO] Downloading from central: https://repo.maven.apache.org/maven2/org/jetbrains/kotlin/kotlin-scripting-jvm/1.3.60/kotlin-scripting-jvm-1.3.60.jar
[INFO] Downloaded from central: https://repo.maven.apache.org/maven2/org/jetbrains/kotlin/kotlin-daemon-embeddable/1.3.60/kotlin-daemon-embeddable-1.3.60.jar (1.2 MB at 4.1 MB/s)
[INFO] Downloading from central: https://repo.maven.apache.org/maven2/org/jetbrains/kotlin/kotlin-scripting-common/1.3.60/kotlin-scripting-common-1.3.60.jar
[INFO] Downloaded from central: https://repo.maven.apache.org/maven2/com/github/javaparser/javaparser-core/3.14.11/javaparser-core-3.14.11.jar (1.2 MB at 3.9 MB/s)
[INFO] Downloading from central: https://repo.maven.apache.org/maven2/org/jetbrains/kotlin/kotlin-daemon-client/1.3.60/kotlin-daemon-client-1.3.60.jar
[INFO] Downloaded from central: https://repo.maven.apache.org/maven2/org/jetbrains/kotlin/kotlin-scripting-jvm/1.3.60/kotlin-scripting-jvm-1.3.60.jar (172 kB at 567 kB/s)
[INFO] Downloading from central: https://repo.maven.apache.org/maven2/org/jetbrains/kotlinx/kotlinx-coroutines-core/1.2.1/kotlinx-coroutines-core-1.2.1.jar
[INFO] Downloaded from central: https://repo.maven.apache.org/maven2/org/jetbrains/kotlin/kotlin-scripting-common/1.3.60/kotlin-scripting-common-1.3.60.jar (172 kB at 516 kB/s)
[INFO] Downloading from central: https://repo.maven.apache.org/maven2/com/google/guava/guava-testlib/28.2-jre/guava-testlib-28.2-jre.jar
[INFO] Downloaded from central: https://repo.maven.apache.org/maven2/org/jetbrains/kotlinx/kotlinx-coroutines-core/1.2.1/kotlinx-coroutines-core-1.2.1.jar (1.1 MB at 3.0 MB/s)
[INFO] Downloaded from central: https://repo.maven.apache.org/maven2/org/jetbrains/kotlin/kotlin-script-util/1.3.60/kotlin-script-util-1.3.60.jar (74 kB at 193 kB/s)
[INFO] Downloaded from central: https://repo.maven.apache.org/maven2/com/google/guava/guava-testlib/28.2-jre/guava-testlib-28.2-jre.jar (843 kB at 2.2 MB/s)
[INFO] Downloaded from central: https://repo.maven.apache.org/maven2/org/jetbrains/kotlin/kotlin-daemon-client/1.3.60/kotlin-daemon-client-1.3.60.jar (678 kB at 1.6 MB/s)
[INFO] Downloaded from central: https://repo.maven.apache.org/maven2/org/jetbrains/kotlin/kotlin-compiler-embeddable/1.3.60/kotlin-compiler-embeddable-1.3.60.jar (39 MB at 59 MB/s)
[INFO] 
[INFO] --- maven-clean-plugin:2.5:clean (default-clean) @ openapi-generator ---
[INFO] 
[INFO] --- maven-enforcer-plugin:3.0.0-M2:enforce (enforce-maven) @ openapi-generator ---
[INFO] Skipping Rule Enforcement.
[INFO] 
[INFO] --- maven-enforcer-plugin:3.0.0-M2:enforce (enforce-versions) @ openapi-generator ---
[INFO] Skipping Rule Enforcement.
[INFO] 
[INFO] --- git-commit-id-plugin:4.0.0:revision (get-the-git-infos) @ openapi-generator ---
[INFO] Downloading from central: https://repo.maven.apache.org/maven2/pl/project13/maven/git-commit-id-plugin-core/4.0.0/git-commit-id-plugin-core-4.0.0.pom
[INFO] Downloaded from central: https://repo.maven.apache.org/maven2/pl/project13/maven/git-commit-id-plugin-core/4.0.0/git-commit-id-plugin-core-4.0.0.pom (1.9 kB at 61 kB/s)
[INFO] Downloading from central: https://repo.maven.apache.org/maven2/org/eclipse/jgit/org.eclipse.jgit/5.2.2.201904231744-r/org.eclipse.jgit-5.2.2.201904231744-r.pom
[INFO] Downloaded from central: https://repo.maven.apache.org/maven2/org/eclipse/jgit/org.eclipse.jgit/5.2.2.201904231744-r/org.eclipse.jgit-5.2.2.201904231744-r.pom (9.3 kB at 267 kB/s)
[INFO] Downloading from central: https://repo.maven.apache.org/maven2/org/eclipse/jgit/org.eclipse.jgit-parent/5.2.2.201904231744-r/org.eclipse.jgit-parent-5.2.2.201904231744-r.pom
[INFO] Downloaded from central: https://repo.maven.apache.org/maven2/org/eclipse/jgit/org.eclipse.jgit-parent/5.2.2.201904231744-r/org.eclipse.jgit-parent-5.2.2.201904231744-r.pom (33 kB at 910 kB/s)
[INFO] Downloading from central: https://repo.maven.apache.org/maven2/pl/project13/maven/git-commit-id-plugin-core/4.0.0/git-commit-id-plugin-core-4.0.0.jar
[INFO] Downloading from central: https://repo.maven.apache.org/maven2/org/eclipse/jgit/org.eclipse.jgit/5.2.2.201904231744-r/org.eclipse.jgit-5.2.2.201904231744-r.jar
[INFO] Downloading from central: https://repo.maven.apache.org/maven2/com/fasterxml/jackson/core/jackson-databind/2.9.10.1/jackson-databind-2.9.10.1.jar
[INFO] Downloaded from central: https://repo.maven.apache.org/maven2/pl/project13/maven/git-commit-id-plugin-core/4.0.0/git-commit-id-plugin-core-4.0.0.jar (86 kB at 2.7 MB/s)
[INFO] Downloaded from central: https://repo.maven.apache.org/maven2/com/fasterxml/jackson/core/jackson-databind/2.9.10.1/jackson-databind-2.9.10.1.jar (1.3 MB at 29 MB/s)
[INFO] Downloaded from central: https://repo.maven.apache.org/maven2/org/eclipse/jgit/org.eclipse.jgit/5.2.2.201904231744-r/org.eclipse.jgit-5.2.2.201904231744-r.jar (2.7 MB at 40 MB/s)
[INFO] 
[INFO] --- jacoco-maven-plugin:0.8.5:prepare-agent (jacoco-initialize) @ openapi-generator ---
[INFO] argLine set to -javaagent:/home/srafi/.m2/repository/org/jacoco/org.jacoco.agent/0.8.5/org.jacoco.agent-0.8.5-runtime.jar=destfile=/home/srafi/after-cam-ready/compare_/compile_repair_output/work/17bb98b473db/modules/openapi-generator/target/jacoco.exec,excludes=**/gradle-wrapper.jar
[INFO] 
[INFO] --- maven-resources-plugin:2.6:resources (default-resources) @ openapi-generator ---
[INFO] Using 'UTF-8' encoding to copy filtered resources.
[INFO] Copying 3480 resources
[INFO] 
[INFO] --- maven-compiler-plugin:3.8.1:compile (default-compile) @ openapi-generator ---
[INFO] Changes detected - recompiling the module!
[INFO] Compiling 268 source files to /home/srafi/after-cam-ready/compare_/compile_repair_output/work/17bb98b473db/modules/openapi-generator/target/classes
[INFO] /home/srafi/after-cam-ready/compare_/compile_repair_output/work/17bb98b473db/modules/openapi-generator/src/main/java/org/openapitools/codegen/DefaultCodegen.java: Some input files use unchecked or unsafe operations.
[INFO] /home/srafi/after-cam-ready/compare_/compile_repair_output/work/17bb98b473db/modules/openapi-generator/src/main/java/org/openapitools/codegen/DefaultCodegen.java: Recompile with -Xlint:unchecked for details.
[INFO] 
[INFO] --- maven-resources-plugin:2.6:testResources (default-testResources) @ openapi-generator ---
[INFO] Using 'UTF-8' encoding to copy filtered resources.
[INFO] Copying 318 resources
[INFO] 
[INFO] --- maven-compiler-plugin:3.8.1:testCompile (default-testCompile) @ openapi-generator ---
[INFO] Changes detected - recompiling the module!
[INFO] Compiling 225 source files to /home/srafi/after-cam-ready/compare_/compile_repair_output/work/17bb98b473db/modules/openapi-generator/target/test-classes
[INFO] /home/srafi/after-cam-ready/compare_/compile_repair_output/work/17bb98b473db/modules/openapi-generator/src/test/java/org/openapitools/codegen/TestUtils.java: Some input files use or override a deprecated API.
[INFO] /home/srafi/after-cam-ready/compare_/compile_repair_output/work/17bb98b473db/modules/openapi-generator/src/test/java/org/openapitools/codegen/TestUtils.java: Recompile with -Xlint:deprecation for details.
[INFO] /home/srafi/after-cam-ready/compare_/compile_repair_output/work/17bb98b473db/modules/openapi-generator/src/test/java/org/openapitools/codegen/testutils/AssertFile.java: Some input files use unchecked or unsafe operations.
[INFO] /home/srafi/after-cam-ready/compare_/compile_repair_output/work/17bb98b473db/modules/openapi-generator/src/test/java/org/openapitools/codegen/testutils/AssertFile.java: Recompile with -Xlint:unchecked for details.
[INFO] 
[INFO] --- maven-surefire-plugin:3.0.0-M3:test (default-test) @ openapi-generator ---
[INFO] Tests are skipped.
[INFO] 
[INFO] --- jacoco-maven-plugin:0.8.5:report (jacoco-site) @ openapi-generator ---
[INFO] Skipping JaCoCo execution due to missing execution data file.
[INFO] 
[INFO] --- maven-jar-plugin:3.1.0:jar (default-jar) @ openapi-generator ---
[INFO] Building jar: /home/srafi/after-cam-ready/compare_/compile_repair_output/work/17bb98b473db/modules/openapi-generator/target/openapi-generator-5.3.0-SNAPSHOT.jar
[INFO] 
[INFO] --- maven-dependency-plugin:2.8:copy-dependencies (default) @ openapi-generator ---
[INFO] Copying commons-lang3-3.4.jar to /home/srafi/after-cam-ready/compare_/compile_repair_output/work/17bb98b473db/modules/openapi-generator/target/lib/commons-lang3-3.4.jar
[INFO] Copying junit-4.13.jar to /home/srafi/after-cam-ready/compare_/compile_repair_output/work/17bb98b473db/modules/openapi-generator/target/lib/junit-4.13.jar
[INFO] Copying aopalliance-1.0.jar to /home/srafi/after-cam-ready/compare_/compile_repair_output/work/17bb98b473db/modules/openapi-generator/target/lib/aopalliance-1.0.jar
[INFO] Copying guice-4.1.0-no_aop.jar to /home/srafi/after-cam-ready/compare_/compile_repair_output/work/17bb98b473db/modules/openapi-generator/target/lib/guice-4.1.0-no_aop.jar
[INFO] Copying archunit-0.20.1.jar to /home/srafi/after-cam-ready/compare_/compile_repair_output/work/17bb98b473db/modules/openapi-generator/target/lib/archunit-0.20.1.jar
[INFO] Copying kotlin-stdlib-jdk8-1.3.60.jar to /home/srafi/after-cam-ready/compare_/compile_repair_output/work/17bb98b473db/modules/openapi-generator/target/lib/kotlin-stdlib-jdk8-1.3.60.jar
[INFO] Copying guava-testlib-28.2-jre.jar to /home/srafi/after-cam-ready/compare_/compile_repair_output/work/17bb98b473db/modules/openapi-generator/target/lib/guava-testlib-28.2-jre.jar
[INFO] Copying uri-template-0.10.jar to /home/srafi/after-cam-ready/compare_/compile_repair_output/work/17bb98b473db/modules/openapi-generator/target/lib/uri-template-0.10.jar
[INFO] Copying json-patch-1.13.jar to /home/srafi/after-cam-ready/compare_/compile_repair_output/work/17bb98b473db/modules/openapi-generator/target/lib/json-patch-1.13.jar
[INFO] Copying kotlin-stdlib-1.3.60.jar to /home/srafi/after-cam-ready/compare_/compile_repair_output/work/17bb98b473db/modules/openapi-generator/target/lib/kotlin-stdlib-1.3.60.jar
[INFO] Copying swagger-models-1.6.2.jar to /home/srafi/after-cam-ready/compare_/compile_repair_output/work/17bb98b473db/modules/openapi-generator/target/lib/swagger-models-1.6.2.jar
[INFO] Copying commons-io-2.4.jar to /home/srafi/after-cam-ready/compare_/compile_repair_output/work/17bb98b473db/modules/openapi-generator/target/lib/commons-io-2.4.jar
[INFO] Copying msg-simple-1.2.jar to /home/srafi/after-cam-ready/compare_/compile_repair_output/work/17bb98b473db/modules/openapi-generator/target/lib/msg-simple-1.2.jar
[INFO] Copying commons-codec-1.9.jar to /home/srafi/after-cam-ready/compare_/compile_repair_output/work/17bb98b473db/modules/openapi-generator/target/lib/commons-codec-1.9.jar
[INFO] Copying testng-7.1.0.jar to /home/srafi/after-cam-ready/compare_/compile_repair_output/work/17bb98b473db/modules/openapi-generator/target/lib/testng-7.1.0.jar
[INFO] Copying rgxgen-1.3.jar to /home/srafi/after-cam-ready/compare_/compile_repair_output/work/17bb98b473db/modules/openapi-generator/target/lib/rgxgen-1.3.jar
[INFO] Copying jackson-datatype-threetenbp-2.10.0.jar to /home/srafi/after-cam-ready/compare_/compile_repair_output/work/17bb98b473db/modules/openapi-generator/target/lib/jackson-datatype-threetenbp-2.10.0.jar
[INFO] Copying commons-logging-1.2.jar to /home/srafi/after-cam-ready/compare_/compile_repair_output/work/17bb98b473db/modules/openapi-generator/target/lib/commons-logging-1.2.jar
[INFO] Copying jackson-core-2.10.1.jar to /home/srafi/after-cam-ready/compare_/compile_repair_output/work/17bb98b473db/modules/openapi-generator/target/lib/jackson-core-2.10.1.jar
[INFO] Copying javaparser-core-3.14.11.jar to /home/srafi/after-cam-ready/compare_/compile_repair_output/work/17bb98b473db/modules/openapi-generator/target/lib/javaparser-core-3.14.11.jar
[INFO] Copying checker-qual-2.5.2.jar to /home/srafi/after-cam-ready/compare_/compile_repair_output/work/17bb98b473db/modules/openapi-generator/target/lib/checker-qual-2.5.2.jar
[INFO] Copying objenesis-3.1.jar to /home/srafi/after-cam-ready/compare_/compile_repair_output/work/17bb98b473db/modules/openapi-generator/target/lib/objenesis-3.1.jar
[INFO] Copying kotlin-script-util-1.3.60.jar to /home/srafi/after-cam-ready/compare_/compile_repair_output/work/17bb98b473db/modules/openapi-generator/target/lib/kotlin-script-util-1.3.60.jar
[INFO] Copying kotlin-daemon-embeddable-1.3.60.jar to /home/srafi/after-cam-ready/compare_/compile_repair_output/work/17bb98b473db/modules/openapi-generator/target/lib/kotlin-daemon-embeddable-1.3.60.jar
[INFO] Copying kotlin-reflect-1.3.60.jar to /home/srafi/after-cam-ready/compare_/compile_repair_output/work/17bb98b473db/modules/openapi-generator/target/lib/kotlin-reflect-1.3.60.jar
[INFO] Copying validation-api-1.1.0.Final.jar to /home/srafi/after-cam-ready/compare_/compile_repair_output/work/17bb98b473db/modules/openapi-generator/target/lib/validation-api-1.1.0.Final.jar
[INFO] Copying btf-1.3.jar to /home/srafi/after-cam-ready/compare_/compile_repair_output/work/17bb98b473db/modules/openapi-generator/target/lib/btf-1.3.jar
[INFO] Copying generex-1.0.2.jar to /home/srafi/after-cam-ready/compare_/compile_repair_output/work/17bb98b473db/modules/openapi-generator/target/lib/generex-1.0.2.jar
[INFO] Copying snakeyaml-1.21.jar to /home/srafi/after-cam-ready/compare_/compile_repair_output/work/17bb98b473db/modules/openapi-generator/target/lib/snakeyaml-1.21.jar
[INFO] Copying guava-26.0-jre.jar to /home/srafi/after-cam-ready/compare_/compile_repair_output/work/17bb98b473db/modules/openapi-generator/target/lib/guava-26.0-jre.jar
[INFO] Copying kotlin-daemon-client-1.3.60.jar to /home/srafi/after-cam-ready/compare_/compile_repair_output/work/17bb98b473db/modules/openapi-generator/target/lib/kotlin-daemon-client-1.3.60.jar
[INFO] Copying swagger-parser-1.0.55.jar to /home/srafi/after-cam-ready/compare_/compile_repair_output/work/17bb98b473db/modules/openapi-generator/target/lib/swagger-parser-1.0.55.jar
[INFO] Copying jackson-databind-2.10.1.jar to /home/srafi/after-cam-ready/compare_/compile_repair_output/work/17bb98b473db/modules/openapi-generator/target/lib/jackson-databind-2.10.1.jar
[INFO] Copying kotlin-scripting-common-1.3.60.jar to /home/srafi/after-cam-ready/compare_/compile_repair_output/work/17bb98b473db/modules/openapi-generator/target/lib/kotlin-scripting-common-1.3.60.jar
[INFO] Copying reflections-0.9.10.jar to /home/srafi/after-cam-ready/compare_/compile_repair_output/work/17bb98b473db/modules/openapi-generator/target/lib/reflections-0.9.10.jar
[INFO] Copying kotlinx-coroutines-core-1.2.1.jar to /home/srafi/after-cam-ready/compare_/compile_repair_output/work/17bb98b473db/modules/openapi-generator/target/lib/kotlinx-coroutines-core-1.2.1.jar
[INFO] Copying jopt-simple-5.0.4.jar to /home/srafi/after-cam-ready/compare_/compile_repair_output/work/17bb98b473db/modules/openapi-generator/target/lib/jopt-simple-5.0.4.jar
[INFO] Copying commonmark-0.11.0.jar to /home/srafi/after-cam-ready/compare_/compile_repair_output/work/17bb98b473db/modules/openapi-generator/target/lib/commonmark-0.11.0.jar
[INFO] Copying jmustache-1.14.jar to /home/srafi/after-cam-ready/compare_/compile_repair_output/work/17bb98b473db/modules/openapi-generator/target/lib/jmustache-1.14.jar
[INFO] Copying joda-time-2.9.9.jar to /home/srafi/after-cam-ready/compare_/compile_repair_output/work/17bb98b473db/modules/openapi-generator/target/lib/joda-time-2.9.9.jar
[INFO] Copying javax.inject-1.jar to /home/srafi/after-cam-ready/compare_/compile_repair_output/work/17bb98b473db/modules/openapi-generator/target/lib/javax.inject-1.jar
[INFO] Copying kotlin-compiler-embeddable-1.3.60.jar to /home/srafi/after-cam-ready/compare_/compile_repair_output/work/17bb98b473db/modules/openapi-generator/target/lib/kotlin-compiler-embeddable-1.3.60.jar
[INFO] Copying swagger-core-1.6.2.jar to /home/srafi/after-cam-ready/compare_/compile_repair_output/work/17bb98b473db/modules/openapi-generator/target/lib/swagger-core-1.6.2.jar
[INFO] Copying jakarta.validation-api-2.0.2.jar to /home/srafi/after-cam-ready/compare_/compile_repair_output/work/17bb98b473db/modules/openapi-generator/target/lib/jakarta.validation-api-2.0.2.jar
[INFO] Copying kotlin-stdlib-jdk7-1.3.60.jar to /home/srafi/after-cam-ready/compare_/compile_repair_output/work/17bb98b473db/modules/openapi-generator/target/lib/kotlin-stdlib-jdk7-1.3.60.jar
[INFO] Copying json-schema-validator-2.2.14.jar to /home/srafi/after-cam-ready/compare_/compile_repair_output/work/17bb98b473db/modules/openapi-generator/target/lib/json-schema-validator-2.2.14.jar
[INFO] Copying jackson-annotations-2.10.1.jar to /home/srafi/after-cam-ready/compare_/compile_repair_output/work/17bb98b473db/modules/openapi-generator/target/lib/jackson-annotations-2.10.1.jar
[INFO] Copying handlebars-4.1.2.jar to /home/srafi/after-cam-ready/compare_/compile_repair_output/work/17bb98b473db/modules/openapi-generator/target/lib/handlebars-4.1.2.jar
[INFO] Copying jackson-datatype-jsr310-2.10.1.jar to /home/srafi/after-cam-ready/compare_/compile_repair_output/work/17bb98b473db/modules/openapi-generator/target/lib/jackson-datatype-jsr310-2.10.1.jar
[INFO] Copying threetenbp-1.4.0.jar to /home/srafi/after-cam-ready/compare_/compile_repair_output/work/17bb98b473db/modules/openapi-generator/target/lib/threetenbp-1.4.0.jar
[INFO] Copying swagger-annotations-2.1.2.jar to /home/srafi/after-cam-ready/compare_/compile_repair_output/work/17bb98b473db/modules/openapi-generator/target/lib/swagger-annotations-2.1.2.jar
[INFO] Copying annotations-13.0.jar to /home/srafi/after-cam-ready/compare_/compile_repair_output/work/17bb98b473db/modules/openapi-generator/target/lib/annotations-13.0.jar
[INFO] Copying javassist-3.19.0-GA.jar to /home/srafi/after-cam-ready/compare_/compile_repair_output/work/17bb98b473db/modules/openapi-generator/target/lib/javassist-3.19.0-GA.jar
[INFO] Copying annotations-2.0.1.jar to /home/srafi/after-cam-ready/compare_/compile_repair_output/work/17bb98b473db/modules/openapi-generator/target/lib/annotations-2.0.1.jar
[INFO] Copying jackson-coreutils-equivalence-1.0.jar to /home/srafi/after-cam-ready/compare_/compile_repair_output/work/17bb98b473db/modules/openapi-generator/target/lib/jackson-coreutils-equivalence-1.0.jar
[INFO] Copying kotlin-stdlib-common-1.3.60.jar to /home/srafi/after-cam-ready/compare_/compile_repair_output/work/17bb98b473db/modules/openapi-generator/target/lib/kotlin-stdlib-common-1.3.60.jar
[INFO] Copying jna-5.5.0.jar to /home/srafi/after-cam-ready/compare_/compile_repair_output/work/17bb98b473db/modules/openapi-generator/target/lib/jna-5.5.0.jar
[INFO] Copying swagger-compat-spec-parser-1.0.55.jar to /home/srafi/after-cam-ready/compare_/compile_repair_output/work/17bb98b473db/modules/openapi-generator/target/lib/swagger-compat-spec-parser-1.0.55.jar
[INFO] Copying slf4j-api-1.7.29.jar to /home/srafi/after-cam-ready/compare_/compile_repair_output/work/17bb98b473db/modules/openapi-generator/target/lib/slf4j-api-1.7.29.jar
[INFO] Copying animal-sniffer-annotations-1.14.jar to /home/srafi/after-cam-ready/compare_/compile_repair_output/work/17bb98b473db/modules/openapi-generator/target/lib/animal-sniffer-annotations-1.14.jar
[INFO] Copying mailapi-1.6.2.jar to /home/srafi/after-cam-ready/compare_/compile_repair_output/work/17bb98b473db/modules/openapi-generator/target/lib/mailapi-1.6.2.jar
[INFO] Copying jcommander-1.72.jar to /home/srafi/after-cam-ready/compare_/compile_repair_output/work/17bb98b473db/modules/openapi-generator/target/lib/jcommander-1.72.jar
[INFO] Copying jackson-datatype-joda-2.10.1.jar to /home/srafi/after-cam-ready/compare_/compile_repair_output/work/17bb98b473db/modules/openapi-generator/target/lib/jackson-datatype-joda-2.10.1.jar
[INFO] Copying swagger-models-2.1.2.jar to /home/srafi/after-cam-ready/compare_/compile_repair_output/work/17bb98b473db/modules/openapi-generator/target/lib/swagger-models-2.1.2.jar
[INFO] Copying swagger-annotations-1.6.2.jar to /home/srafi/after-cam-ready/compare_/compile_repair_output/work/17bb98b473db/modules/openapi-generator/target/lib/swagger-annotations-1.6.2.jar
[INFO] Copying httpclient-4.5.2.jar to /home/srafi/after-cam-ready/compare_/compile_repair_output/work/17bb98b473db/modules/openapi-generator/target/lib/httpclient-4.5.2.jar
[INFO] Copying slf4j-simple-1.7.29.jar to /home/srafi/after-cam-ready/compare_/compile_repair_output/work/17bb98b473db/modules/openapi-generator/target/lib/slf4j-simple-1.7.29.jar
[INFO] Copying jackson-dataformat-yaml-2.10.1.jar to /home/srafi/after-cam-ready/compare_/compile_repair_output/work/17bb98b473db/modules/openapi-generator/target/lib/jackson-dataformat-yaml-2.10.1.jar
[INFO] Copying hamcrest-core-1.3.jar to /home/srafi/after-cam-ready/compare_/compile_repair_output/work/17bb98b473db/modules/openapi-generator/target/lib/hamcrest-core-1.3.jar
[INFO] Copying rhino-1.7.7.2.jar to /home/srafi/after-cam-ready/compare_/compile_repair_output/work/17bb98b473db/modules/openapi-generator/target/lib/rhino-1.7.7.2.jar
[INFO] Copying jackson-coreutils-2.0.jar to /home/srafi/after-cam-ready/compare_/compile_repair_output/work/17bb98b473db/modules/openapi-generator/target/lib/jackson-coreutils-2.0.jar
[INFO] Copying jakarta.activation-api-1.2.1.jar to /home/srafi/after-cam-ready/compare_/compile_repair_output/work/17bb98b473db/modules/openapi-generator/target/lib/jakarta.activation-api-1.2.1.jar
[INFO] Copying byte-buddy-1.10.18.jar to /home/srafi/after-cam-ready/compare_/compile_repair_output/work/17bb98b473db/modules/openapi-generator/target/lib/byte-buddy-1.10.18.jar
[INFO] Copying jsr305-3.0.2.jar to /home/srafi/after-cam-ready/compare_/compile_repair_output/work/17bb98b473db/modules/openapi-generator/target/lib/jsr305-3.0.2.jar
[INFO] Copying json-schema-core-1.2.14.jar to /home/srafi/after-cam-ready/compare_/compile_repair_output/work/17bb98b473db/modules/openapi-generator/target/lib/json-schema-core-1.2.14.jar
[INFO] Copying archunit-junit4-0.20.1.jar to /home/srafi/after-cam-ready/compare_/compile_repair_output/work/17bb98b473db/modules/openapi-generator/target/lib/archunit-junit4-0.20.1.jar
[INFO] Copying kotlin-script-runtime-1.3.60.jar to /home/srafi/after-cam-ready/compare_/compile_repair_output/work/17bb98b473db/modules/openapi-generator/target/lib/kotlin-script-runtime-1.3.60.jar
[INFO] Copying j2objc-annotations-1.1.jar to /home/srafi/after-cam-ready/compare_/compile_repair_output/work/17bb98b473db/modules/openapi-generator/target/lib/j2objc-annotations-1.1.jar
[INFO] Copying swagger-core-2.1.2.jar to /home/srafi/after-cam-ready/compare_/compile_repair_output/work/17bb98b473db/modules/openapi-generator/target/lib/swagger-core-2.1.2.jar
[INFO] Copying caffeine-2.8.1.jar to /home/srafi/after-cam-ready/compare_/compile_repair_output/work/17bb98b473db/modules/openapi-generator/target/lib/caffeine-2.8.1.jar
[INFO] Copying automaton-1.11-8.jar to /home/srafi/after-cam-ready/compare_/compile_repair_output/work/17bb98b473db/modules/openapi-generator/target/lib/automaton-1.11-8.jar
[INFO] Copying mockito-core-3.6.28.jar to /home/srafi/after-cam-ready/compare_/compile_repair_output/work/17bb98b473db/modules/openapi-generator/target/lib/mockito-core-3.6.28.jar
[INFO] Copying openapi-generator-core-5.3.0-SNAPSHOT.jar to /home/srafi/after-cam-ready/compare_/compile_repair_output/work/17bb98b473db/modules/openapi-generator/target/lib/openapi-generator-core-5.3.0-SNAPSHOT.jar
[INFO] Copying byte-buddy-agent-1.10.18.jar to /home/srafi/after-cam-ready/compare_/compile_repair_output/work/17bb98b473db/modules/openapi-generator/target/lib/byte-buddy-agent-1.10.18.jar
[INFO] Copying jakarta.xml.bind-api-2.3.2.jar to /home/srafi/after-cam-ready/compare_/compile_repair_output/work/17bb98b473db/modules/openapi-generator/target/lib/jakarta.xml.bind-api-2.3.2.jar
[INFO] Copying swagger-parser-2.0.26.jar to /home/srafi/after-cam-ready/compare_/compile_repair_output/work/17bb98b473db/modules/openapi-generator/target/lib/swagger-parser-2.0.26.jar
[INFO] Copying commons-cli-1.2.jar to /home/srafi/after-cam-ready/compare_/compile_repair_output/work/17bb98b473db/modules/openapi-generator/target/lib/commons-cli-1.2.jar
[INFO] Copying kotlin-scripting-jvm-1.3.60.jar to /home/srafi/after-cam-ready/compare_/compile_repair_output/work/17bb98b473db/modules/openapi-generator/target/lib/kotlin-scripting-jvm-1.3.60.jar
[INFO] Copying error_prone_annotations-2.1.3.jar to /home/srafi/after-cam-ready/compare_/compile_repair_output/work/17bb98b473db/modules/openapi-generator/target/lib/error_prone_annotations-2.1.3.jar
[INFO] Copying libphonenumber-8.11.1.jar to /home/srafi/after-cam-ready/compare_/compile_repair_output/work/17bb98b473db/modules/openapi-generator/target/lib/libphonenumber-8.11.1.jar
[INFO] Copying diffutils-1.3.0.jar to /home/srafi/after-cam-ready/compare_/compile_repair_output/work/17bb98b473db/modules/openapi-generator/target/lib/diffutils-1.3.0.jar
[INFO] Copying swagger-parser-v3-2.0.26.jar to /home/srafi/after-cam-ready/compare_/compile_repair_output/work/17bb98b473db/modules/openapi-generator/target/lib/swagger-parser-v3-2.0.26.jar
[INFO] Copying handlebars-jackson2-4.1.2.jar to /home/srafi/after-cam-ready/compare_/compile_repair_output/work/17bb98b473db/modules/openapi-generator/target/lib/handlebars-jackson2-4.1.2.jar
[INFO] Copying jackson-datatype-guava-2.10.1.jar to /home/srafi/after-cam-ready/compare_/compile_repair_output/work/17bb98b473db/modules/openapi-generator/target/lib/jackson-datatype-guava-2.10.1.jar
[INFO] Copying slf4j-ext-1.7.29.jar to /home/srafi/after-cam-ready/compare_/compile_repair_output/work/17bb98b473db/modules/openapi-generator/target/lib/slf4j-ext-1.7.29.jar
[INFO] Copying trove4j-1.0.20181211.jar to /home/srafi/after-cam-ready/compare_/compile_repair_output/work/17bb98b473db/modules/openapi-generator/target/lib/trove4j-1.0.20181211.jar
[INFO] Copying swagger-parser-v2-converter-2.0.26.jar to /home/srafi/after-cam-ready/compare_/compile_repair_output/work/17bb98b473db/modules/openapi-generator/target/lib/swagger-parser-v2-converter-2.0.26.jar
[INFO] Copying swagger-parser-core-2.0.26.jar to /home/srafi/after-cam-ready/compare_/compile_repair_output/work/17bb98b473db/modules/openapi-generator/target/lib/swagger-parser-core-2.0.26.jar
[INFO] Copying httpcore-4.4.4.jar to /home/srafi/after-cam-ready/compare_/compile_repair_output/work/17bb98b473db/modules/openapi-generator/target/lib/httpcore-4.4.4.jar
[INFO] 
[INFO] --- maven-jar-plugin:3.1.0:test-jar (default) @ openapi-generator ---
[INFO] Building jar: /home/srafi/after-cam-ready/compare_/compile_repair_output/work/17bb98b473db/modules/openapi-generator/target/openapi-generator-5.3.0-SNAPSHOT-tests.jar
[INFO] 
[INFO] --- maven-checkstyle-plugin:3.1.0:check (checkstyle-check) @ openapi-generator ---
[INFO] 
[INFO] --- jacoco-maven-plugin:0.8.5:check (default-check) @ openapi-generator ---
[INFO] Skipping JaCoCo execution due to missing execution data file:/home/srafi/after-cam-ready/compare_/compile_repair_output/work/17bb98b473db/modules/openapi-generator/target/jacoco.exec
[INFO] 
[INFO] --- maven-javadoc-plugin:3.1.0:jar (attach-javadocs) @ openapi-generator ---
[INFO] Skipping javadoc generation
[INFO] 
[INFO] --- maven-source-plugin:3.0.1:jar-no-fork (attach-sources) @ openapi-generator ---
[INFO] Building jar: /home/srafi/after-cam-ready/compare_/compile_repair_output/work/17bb98b473db/modules/openapi-generator/target/openapi-generator-5.3.0-SNAPSHOT-sources.jar
[INFO] 
[INFO] --- forbiddenapis:2.6:check (default) @ openapi-generator ---
[INFO] Scanning for classes to check...
[INFO] Reading bundled API signatures: jdk-unsafe-1.8
[INFO] Reading bundled API signatures: jdk-deprecated-1.8
[INFO] Reading bundled API signatures: jdk-internal-1.8
[INFO] Reading bundled API signatures: jdk-non-portable
[INFO] Reading bundled API signatures: jdk-reflection
[INFO] Loading classes to check...
[INFO] Scanning classes for violations...
[INFO] Scanned 422 class file(s) for forbidden API invocations (in 1.47s), 0 error(s).
[INFO] 
[INFO] --- forbiddenapis:2.6:testCheck (default) @ openapi-generator ---
[INFO] Scanning for classes to check...
[INFO] Reading bundled API signatures: jdk-unsafe-1.8
[INFO] Reading bundled API signatures: jdk-deprecated-1.8
[INFO] Reading bundled API signatures: jdk-internal-1.8
[INFO] Reading bundled API signatures: jdk-non-portable
[INFO] Reading bundled API signatures: jdk-reflection
[INFO] Loading classes to check...
[INFO] Scanning classes for violations...
[INFO] Scanned 284 class file(s) for forbidden API invocations (in 0.39s), 0 error(s).
[INFO] 
[INFO] --- maven-install-plugin:2.4:install (default-install) @ openapi-generator ---
[INFO] Installing /home/srafi/after-cam-ready/compare_/compile_repair_output/work/17bb98b473db/modules/openapi-generator/target/openapi-generator-5.3.0-SNAPSHOT.jar to /home/srafi/.m2/repository/org/openapitools/openapi-generator/5.3.0-SNAPSHOT/openapi-generator-5.3.0-SNAPSHOT.jar
[INFO] Installing /home/srafi/after-cam-ready/compare_/compile_repair_output/work/17bb98b473db/modules/openapi-generator/pom.xml to /home/srafi/.m2/repository/org/openapitools/openapi-generator/5.3.0-SNAPSHOT/openapi-generator-5.3.0-SNAPSHOT.pom
[INFO] Installing /home/srafi/after-cam-ready/compare_/compile_repair_output/work/17bb98b473db/modules/openapi-generator/target/openapi-generator-5.3.0-SNAPSHOT-tests.jar to /home/srafi/.m2/repository/org/openapitools/openapi-generator/5.3.0-SNAPSHOT/openapi-generator-5.3.0-SNAPSHOT-tests.jar
[INFO] Installing /home/srafi/after-cam-ready/compare_/compile_repair_output/work/17bb98b473db/modules/openapi-generator/target/openapi-generator-5.3.0-SNAPSHOT-sources.jar to /home/srafi/.m2/repository/org/openapitools/openapi-generator/5.3.0-SNAPSHOT/openapi-generator-5.3.0-SNAPSHOT-sources.jar
[INFO] ------------------------------------------------------------------------
[INFO] Reactor Summary for openapi-generator-project 5.3.0-SNAPSHOT:
[INFO] 
[INFO] openapi-generator-project .......................... SUCCESS [  1.186 s]
[INFO] openapi-generator-core ............................. SUCCESS [  1.625 s]
[INFO] openapi-generator (core library) ................... SUCCESS [ 11.969 s]
[INFO] ------------------------------------------------------------------------
[INFO] BUILD SUCCESS
[INFO] ------------------------------------------------------------------------
[INFO] Total time:  16.466 s
[INFO] Finished at: 2026-08-15T16:37:48-04:00
[INFO] ------------------------------------------------------------------------
